2026-10-06T23:43:46Z INFO Logging to /tmp/logs/update_2026-10-06T23-43-46Z.log.
2026-10-06T23:43:46Z INFO Update valid-nwb-file-to-chunk-stats (base directory /tmp).
2026-10-06T23:43:47Z INFO Processing 500 items (82834 already recorded).
2026-10-06T23:43:48Z INFO [1/500] 4a824703-f7f9-4221-b8a4-53d3b95f94e9: 112 chunks; 1.1 s; peak memory 175 MiB.
2026-10-06T23:43:49Z INFO [2/500] 4a82dd03-5242-4230-9f8f-3f21b53ab883: 121 chunks; 0.9 s; peak memory 176 MiB.
2026-10-06T23:43:56Z INFO [3/500] 4a833462-f411-46d4-ad6b-cd67391170a3: 11497 chunks; 7.5 s; peak memory 212 MiB.
2026-10-06T23:43:57Z INFO [4/500] 4a835a33-5a23-4cf7-a151-5a9f1cb1e048: 59 chunks; 0.9 s; peak memory 212 MiB.
2026-10-06T23:43:58Z INFO [5/500] 4a8374d0-62c0-4d32-9453-2fe26a78e773: 117 chunks; 0.9 s; peak memory 212 MiB.
2026-10-06T23:43:59Z INFO [6/500] 4a83d840-be2e-4cc9-909c-24a25c94b32b: 46 chunks; 0.5 s; peak memory 212 MiB.
2026-10-06T23:44:00Z INFO [7/500] 4a83da77-b628-44fa-a57e-0984c51bcb9a: 64 chunks; 1.1 s; peak memory 213 MiB.
2026-10-06T23:44:01Z INFO [8/500] 4a85121c-5775-42fc-a4cf-d4cce4b535aa: 46 chunks; 0.8 s; peak memory 213 MiB.
2026-10-06T23:44:19Z INFO [9/500] 4a858e12-5fa3-4947-b336-459eb5f76bc2: 5623 chunks; 18.5 s; peak memory 213 MiB.
2026-10-06T23:44:20Z INFO [10/500] 4a862b0c-9270-4048-ac22-9f00e92fc721: 57 chunks; 0.8 s; peak memory 214 MiB.
2026-10-06T23:44:34Z INFO [11/500] 4a863cb7-e22c-4faa-825a-c894770d4fab: 7486 chunks; 13.8 s; peak memory 221 MiB.
2026-10-06T23:44:35Z INFO [12/500] 4a869a25-e5f7-4ddc-887b-d480ebfe017d: 48 chunks; 1.0 s; peak memory 221 MiB.
2026-10-06T23:44:36Z INFO [13/500] 4a86c8bf-0fed-459e-b848-f145b9a7366c: 110 chunks; 1.0 s; peak memory 221 MiB.
2026-10-06T23:44:37Z INFO [14/500] 4a871b72-e0ef-45c9-a7b4-adb490bfc7e9: 112 chunks; 0.9 s; peak memory 221 MiB.
2026-10-06T23:44:40Z INFO [15/500] 4a8772d1-341c-4244-b5fa-ab049670fbfb: 2923 chunks; 3.9 s; peak memory 221 MiB.
2026-10-06T23:44:41Z INFO [16/500] 4a87a881-9402-4978-b85e-7b229a50f5d3: 45 chunks; 0.6 s; peak memory 221 MiB.
2026-10-06T23:44:43Z INFO [17/500] 4a87e7e9-6fb4-4f58-8140-43203f746d1f: 3342 chunks; 2.3 s; peak memory 221 MiB.
2026-10-06T23:44:44Z INFO [18/500] 4a88068e-1cce-4383-b836-826bcec0e6e7: 48 chunks; 0.7 s; peak memory 221 MiB.
2026-10-06T23:44:45Z INFO [19/500] 4a8a3722-940a-4e46-a018-5734136515c1: 101 chunks; 1.3 s; peak memory 221 MiB.
2026-10-06T23:44:46Z INFO [20/500] 4a8ab8cd-6a9d-4f05-9cd7-504924693583: 112 chunks; 1.0 s; peak memory 221 MiB.
2026-10-06T23:44:47Z INFO [21/500] 4a8b28bd-2ef5-483a-8d00-320d2ddddaeb: 45 chunks; 0.6 s; peak memory 221 MiB.
2026-10-06T23:44:48Z INFO [22/500] 4a8bee3b-3e0c-46a1-b5dc-a05e24bb4d34: 110 chunks; 1.1 s; peak memory 221 MiB.
2026-10-06T23:44:53Z INFO [23/500] 4a8c20bf-a08f-4b28-bf2b-749fd92715e1: 235 chunks; 5.2 s; peak memory 221 MiB.
2026-10-06T23:44:54Z INFO [24/500] 4a8c29f4-61df-437b-bb8d-71932ae8e86b: 49 chunks; 0.8 s; peak memory 221 MiB.
2026-10-06T23:44:56Z INFO [25/500] 4a8c47fc-22b9-4650-9619-af0fc328912b: 1061 chunks; 1.9 s; peak memory 221 MiB.
2026-10-06T23:44:57Z INFO [26/500] 4a8d3bac-a074-4a38-9525-cc0c96034371: 117 chunks; 0.9 s; peak memory 221 MiB.
2026-10-06T23:44:58Z INFO [27/500] 4a8db21d-98ed-4987-a41b-b585e3b7f360: 76 chunks; 1.3 s; peak memory 221 MiB.
2026-10-06T23:45:03Z INFO [28/500] 4a8e1a2d-5f9b-4b89-abcf-33a72156b003: 5113 chunks; 5.3 s; peak memory 221 MiB.
2026-10-06T23:45:04Z INFO [29/500] 4a8e2629-538c-4558-9de4-1f2cf598add0: 48 chunks; 0.9 s; peak memory 221 MiB.
2026-10-06T23:45:05Z INFO [30/500] 4a8f6267-6e51-429d-a9c7-0f90d4731447: 110 chunks; 0.8 s; peak memory 221 MiB.
2026-10-06T23:45:09Z INFO [31/500] 4a900b8a-ba5c-473a-84e6-2bb104d077e4: 9381 chunks; 4.2 s; peak memory 221 MiB.
2026-10-06T23:47:22Z INFO [32/500] 4a9015f2-ddae-42ed-9763-6cf9840d2767: 42577 chunks; 132.6 s; peak memory 355 MiB.
2026-10-06T23:52:01Z INFO [33/500] 4a90420d-da4b-47b0-9cba-24e34a73eb20: 89065 chunks; 278.9 s; peak memory 519 MiB.
2026-10-06T23:52:02Z INFO [34/500] 4a9139b1-d8d8-4c86-85df-baaf20797990: 48 chunks; 0.8 s; peak memory 519 MiB.
2026-10-06T23:54:33Z INFO [35/500] 4a9187ed-67be-4901-a60f-23984cb4d119: 45810 chunks; 151.0 s; peak memory 519 MiB.
2026-10-06T23:54:34Z INFO [36/500] 4a919f1f-fea4-4973-8720-43628537f573: 48 chunks; 0.9 s; peak memory 519 MiB.
2026-10-06T23:54:45Z INFO [37/500] 4a936255-2ccc-41e4-ae0e-2d36818e4dff: 4154 chunks; 11.4 s; peak memory 519 MiB.
2026-10-06T23:54:46Z INFO [38/500] 4a93cbeb-d2ad-4660-b3ec-ba0afc0753a7: 48 chunks; 0.9 s; peak memory 519 MiB.
2026-10-06T23:54:48Z INFO [39/500] 4a948476-7da7-48d6-a1b1-412e765d4e82: 118 chunks; 1.7 s; peak memory 519 MiB.
2026-10-06T23:54:49Z INFO [40/500] 4a94a3d4-7340-422a-9480-e70a2a6aa6ac: 112 chunks; 1.0 s; peak memory 519 MiB.
2026-10-06T23:54:49Z INFO [41/500] 4a953b01-c369-4c9e-b225-2882916dec78: 46 chunks; 0.6 s; peak memory 519 MiB.
2026-10-06T23:54:50Z INFO [42/500] 4a957925-461c-4497-a78d-3654a35171a3: 46 chunks; 0.5 s; peak memory 519 MiB.
2026-10-06T23:54:51Z INFO [43/500] 4a96ea72-6b07-4af6-a5df-5fbfc3c2c62f: 48 chunks; 0.9 s; peak memory 519 MiB.
2026-10-06T23:54:52Z INFO [44/500] 4a970f71-5d9d-4306-911a-9ed144a20bf2: 72 chunks; 1.0 s; peak memory 519 MiB.
2026-10-06T23:54:53Z INFO [45/500] 4a9739f1-26ea-4975-8a8a-9cf6ff54064f: 117 chunks; 1.0 s; peak memory 519 MiB.
2026-10-06T23:54:58Z INFO [46/500] 4a97a96f-a112-4005-b20f-d0533663ef64: 2179 chunks; 5.3 s; peak memory 519 MiB.
2026-10-06T23:54:59Z INFO [47/500] 4a97b075-8785-4e21-b48f-cc4a605c32bf: 69 chunks; 0.7 s; peak memory 519 MiB.
2026-10-06T23:54:59Z INFO [48/500] 4a98384e-3481-4aba-80ba-da856333ee5e: 48 chunks; 0.8 s; peak memory 519 MiB.
2026-10-06T23:55:00Z INFO [49/500] 4a987e86-d51d-43a3-b14d-1ab699c044bd: 48 chunks; 0.9 s; peak memory 519 MiB.
2026-10-06T23:55:02Z INFO [50/500] 4a98b037-849e-4311-b452-50233b3411a3: 67 chunks; 1.8 s; peak memory 519 MiB.
2026-10-06T23:55:02Z INFO [50/500] 4a98b037-849e-4311-b452-50233b3411a3: checkpointed 82884 records.
2026-10-06T23:55:03Z INFO [51/500] 4a99595c-5d40-4a3d-9514-b5bb5f197f96: 117 chunks; 1.0 s; peak memory 519 MiB.
2026-10-06T23:55:04Z INFO [52/500] 4a9a25b7-35ee-4e59-ab59-082036529c57: 289 chunks; 1.0 s; peak memory 519 MiB.
2026-10-06T23:55:05Z INFO [53/500] 4a9a474e-e2f1-4242-9fee-4963bb515ffa: 42 chunks; 0.8 s; peak memory 519 MiB.
2026-10-06T23:55:06Z INFO [54/500] 4a9af207-1530-4d99-9fc8-6f99a9ba94b0: 117 chunks; 0.8 s; peak memory 519 MiB.
2026-10-06T23:55:06Z INFO [55/500] 4a9ca903-fe31-4d8c-b52a-7af454bcad1c: 121 chunks; 0.6 s; peak memory 519 MiB.
2026-10-06T23:55:07Z INFO [56/500] 4a9cd0bb-73da-4d87-bf31-83cd288520ce: 63 chunks; 0.7 s; peak memory 519 MiB.
2026-10-06T23:55:28Z INFO [57/500] 4a9d3c18-e893-44c8-8d21-49f3433d6b9c: 1228 chunks; 20.6 s; peak memory 519 MiB.
2026-10-06T23:55:29Z INFO [58/500] 4a9e0059-649d-4b8e-82a1-b5efa48185a2: 57 chunks; 1.6 s; peak memory 519 MiB.
2026-10-06T23:55:30Z INFO [59/500] 4a9e73dc-70d6-4fd6-86d3-1415c179f5a1: 51 chunks; 0.6 s; peak memory 519 MiB.
2026-10-06T23:55:32Z INFO [60/500] 4aa02b9a-601b-4648-8d20-45198614e248: 367 chunks; 1.6 s; peak memory 519 MiB.
2026-10-06T23:55:33Z INFO [61/500] 4aa058b6-4ddf-4996-8173-b6c75751e942: 118 chunks; 1.6 s; peak memory 519 MiB.
2026-10-06T23:55:34Z INFO [62/500] 4aa05ea3-d724-4897-8534-8ee7cbb8352b: 52 chunks; 0.7 s; peak memory 519 MiB.
2026-10-06T23:55:37Z INFO [63/500] 4aa0c4ea-b677-47c3-9a4f-182cb8877129: 2923 chunks; 3.4 s; peak memory 519 MiB.
2026-10-06T23:55:39Z INFO [64/500] 4aa0e587-0fbb-43e7-a5bf-75e23f8b09f3: 119 chunks; 1.5 s; peak memory 519 MiB.
2026-10-06T23:55:40Z INFO [65/500] 4aa11ca5-4143-47c1-94c8-eda0f47c22f0: 99 chunks; 0.7 s; peak memory 519 MiB.
2026-10-06T23:55:42Z INFO [66/500] 4aa18901-ac57-4b08-8aa4-bb749c6228d4: 264 chunks; 2.2 s; peak memory 519 MiB.
2026-10-06T23:55:43Z INFO [67/500] 4aa20bac-3f8c-48cf-8938-dd59f75ce193: 48 chunks; 0.7 s; peak memory 519 MiB.
2026-10-06T23:55:45Z INFO [68/500] 4aa2b4d8-ce2f-4607-98c4-7405430f62c8: 116 chunks; 2.0 s; peak memory 519 MiB.
2026-10-06T23:55:46Z INFO [69/500] 4aa2f801-5041-4671-8fe1-f7bed93a65ac: 62 chunks; 1.4 s; peak memory 519 MiB.
2026-10-06T23:55:47Z INFO [70/500] 4aa3675c-9d82-4c08-9783-e968d6af4dfa: 117 chunks; 0.9 s; peak memory 519 MiB.
2026-10-06T23:55:48Z INFO [71/500] 4aa3a134-8922-426c-8794-e76e8199c2bf: 138 chunks; 1.6 s; peak memory 519 MiB.
2026-10-06T23:55:49Z INFO [72/500] 4aa5291c-444f-4abb-b4e1-7ccfa5a8d403: 117 chunks; 0.8 s; peak memory 519 MiB.
2026-10-06T23:55:50Z INFO [73/500] 4aa578da-19c4-4dc8-91ca-71ed1397afa1: 48 chunks; 0.8 s; peak memory 519 MiB.
2026-10-06T23:55:51Z INFO [74/500] 4aa5ef9b-503a-4592-8387-815bb0823f3b: 48 chunks; 0.8 s; peak memory 519 MiB.
2026-10-06T23:55:51Z INFO [75/500] 4aa691be-a531-478f-88e4-76f30e706dea: 56 chunks; 0.5 s; peak memory 519 MiB.
2026-10-06T23:55:52Z INFO [76/500] 4aa7e3d6-5dd4-4f2b-a39a-dbf47c730e59: 53 chunks; 0.7 s; peak memory 519 MiB.
2026-10-06T23:55:53Z INFO [77/500] 4aa7e6f7-49f3-46ae-af4d-28d4e79aec6d: 550 chunks; 0.9 s; peak memory 519 MiB.
2026-10-06T23:57:58Z INFO [78/500] 4aa7f920-6427-478e-af67-939a320b36f0: 37927 chunks; 125.0 s; peak memory 519 MiB.
2026-10-06T23:58:03Z INFO [79/500] 4aa814c6-9b7d-448f-8214-bbca75015dbb: 707 chunks; 5.3 s; peak memory 519 MiB.
2026-10-06T23:58:04Z INFO [80/500] 4aa8620e-5424-4a31-8972-b237988055ca: 106 chunks; 1.1 s; peak memory 519 MiB.
2026-10-06T23:58:13Z INFO [81/500] 4aa86dee-8029-4a2c-b8d9-d7e7979d4fcc: 509 chunks; 8.8 s; peak memory 519 MiB.
2026-10-06T23:58:14Z INFO [82/500] 4aa904ef-85b8-44f0-8b4f-efb6da09e667: 46 chunks; 0.7 s; peak memory 519 MiB.
2026-10-06T23:58:15Z INFO [83/500] 4aab2810-1196-48fb-b62c-773c61ca6eab: 118 chunks; 1.0 s; peak memory 519 MiB.
2026-10-06T23:58:16Z INFO [84/500] 4aaca9be-339e-4bd5-ab34-73d1f3e7bbc9: 117 chunks; 0.8 s; peak memory 519 MiB.
2026-10-06T23:58:17Z INFO [85/500] 4aacb63a-6ed9-490c-8e9d-e7f822a11e46: 117 chunks; 1.0 s; peak memory 519 MiB.
2026-10-06T23:58:17Z INFO [86/500] 4aacd629-7eb6-45b9-ae75-c7fde966f27d: 46 chunks; 0.6 s; peak memory 519 MiB.
2026-10-06T23:58:18Z INFO [87/500] 4aae37de-59cd-48aa-a460-c9f3dece955c: 48 chunks; 0.8 s; peak memory 519 MiB.
2026-10-06T23:58:23Z INFO [88/500] 4aaf7b8a-9ec8-4fd0-b879-acd606ffeb58: 12660 chunks; 5.1 s; peak memory 519 MiB.
2026-10-06T23:58:29Z INFO [89/500] 4ab18c9a-9def-4a95-888b-e26a539c2f0f: 193 chunks; 5.3 s; peak memory 519 MiB.
2026-10-06T23:58:30Z INFO [90/500] 4ab1e3fd-6a17-4e78-a413-6c2c174b990a: 997 chunks; 1.7 s; peak memory 519 MiB.
2026-10-06T23:58:32Z INFO [91/500] 4ab35de5-d6db-4d57-9740-d28b8b6354d0: 66 chunks; 1.3 s; peak memory 519 MiB.
2026-10-06T23:58:32Z INFO [92/500] 4ab38fab-8e8b-4f5f-8968-6b693cdd9b77: 69 chunks; 0.7 s; peak memory 519 MiB.
2026-10-06T23:58:33Z INFO [93/500] 4ab3db3e-5c7f-48a9-ad71-8e087e0fc1ed: 118 chunks; 0.9 s; peak memory 519 MiB.
2026-10-06T23:58:34Z INFO [94/500] 4ab40a6e-b997-44d0-9670-d6987e45dc3a: 76 chunks; 0.9 s; peak memory 519 MiB.
2026-10-06T23:58:35Z INFO [95/500] 4ab41ec0-f767-4662-8f01-aed322f3544d: 118 chunks; 0.9 s; peak memory 519 MiB.
2026-10-06T23:58:39Z INFO [96/500] 4ab4451d-cbc6-49b7-b740-8f7c0f9031a0: 250 chunks; 4.3 s; peak memory 519 MiB.
2026-10-06T23:58:40Z INFO [97/500] 4ab46f92-c7df-45ac-a0c9-b4c005273016: 48 chunks; 0.8 s; peak memory 519 MiB.
2026-10-06T23:58:46Z INFO [98/500] 4ab48021-c9bd-457f-a16f-3fa110c28965: 19946 chunks; 5.7 s; peak memory 519 MiB.
2026-10-06T23:58:47Z INFO [99/500] 4ab4859e-4766-4c61-aed7-9ffe89e42485: 48 chunks; 0.8 s; peak memory 519 MiB.
2026-10-06T23:58:47Z INFO [100/500] 4ab4b126-a243-450d-9d9c-2d7c71931391: 48 chunks; 0.8 s; peak memory 519 MiB.
2026-10-06T23:58:48Z INFO [100/500] 4ab4b126-a243-450d-9d9c-2d7c71931391: checkpointed 82934 records.
2026-10-06T23:58:53Z INFO [101/500] 4ab4da17-3ffd-45de-85de-1edac6625ba9: 949 chunks; 5.5 s; peak memory 519 MiB.
2026-10-06T23:58:54Z INFO [102/500] 4ab5b3a2-c7f7-4c2a-9b6c-14532ba3c80f: 71 chunks; 1.2 s; peak memory 519 MiB.
2026-10-06T23:58:55Z INFO [103/500] 4ab680d2-448b-4964-bca9-2682bb24c079: 117 chunks; 0.7 s; peak memory 519 MiB.
2026-10-06T23:58:56Z INFO [104/500] 4ab71e7f-9296-4dc2-8a66-eabe55f1847f: 56 chunks; 0.7 s; peak memory 519 MiB.
2026-10-06T23:58:56Z INFO [105/500] 4ab73b94-6e99-41ce-ad18-b15fdbe27655: 46 chunks; 0.4 s; peak memory 519 MiB.
2026-10-06T23:58:58Z INFO [106/500] 4ab7505d-c0c1-4e02-b9c3-35ca7462d5ee: 78 chunks; 1.4 s; peak memory 519 MiB.
2026-10-06T23:58:58Z INFO [107/500] 4ab7608b-66bf-499f-be42-d855ba05238f: 48 chunks; 0.7 s; peak memory 519 MiB.
2026-10-06T23:58:59Z INFO [108/500] 4ab785c2-4017-418a-b638-083fe05d056b: 112 chunks; 0.9 s; peak memory 519 MiB.
2026-10-06T23:59:00Z INFO [109/500] 4ab789c0-2998-4efd-a75b-8dc84894d719: 48 chunks; 0.8 s; peak memory 519 MiB.
2026-10-06T23:59:02Z INFO [110/500] 4ab7e551-c957-4a3a-8320-74fa15359a6a: 90 chunks; 2.1 s; peak memory 519 MiB.
2026-10-06T23:59:04Z INFO [111/500] 4ab84225-8f39-470d-b364-c2377d5c6023: 123 chunks; 1.7 s; peak memory 519 MiB.
2026-10-06T23:59:05Z INFO [112/500] 4ab979e4-e12f-49e1-b10a-d6a29d440911: 110 chunks; 0.8 s; peak memory 519 MiB.
2026-10-06T23:59:06Z INFO [113/500] 4ab9d1dc-9bf2-44bf-a89c-b09368d039bf: 71 chunks; 1.1 s; peak memory 519 MiB.
2026-10-06T23:59:10Z INFO [114/500] 4ab9d6e7-0e56-4384-a0cc-f78ce0ba9c89: 18019 chunks; 4.5 s; peak memory 519 MiB.
2026-10-06T23:59:11Z INFO [115/500] 4ab9da0f-9404-48f1-8d01-3056e77ef89e: 48 chunks; 0.7 s; peak memory 519 MiB.
2026-10-06T23:59:24Z INFO [116/500] 4ab9e26a-236a-4318-ad68-e86fbecdf79f: 271 chunks; 12.8 s; peak memory 519 MiB.
2026-10-06T23:59:25Z INFO [117/500] 4aba6c80-a06a-46dc-ad09-76646ab6079d: 116 chunks; 0.8 s; peak memory 519 MiB.
2026-10-06T23:59:25Z INFO [118/500] 4abab73d-96ea-4b7d-b786-13b230d1e4e7: 48 chunks; 0.9 s; peak memory 519 MiB.
2026-10-06T23:59:27Z INFO [119/500] 4abafbc5-b446-45a3-9855-923232c452f3: 112 chunks; 1.1 s; peak memory 519 MiB.
2026-10-06T23:59:28Z INFO [120/500] 4abc2aca-446f-4ba2-a7e2-ef7e6b6ce11b: 119 chunks; 1.6 s; peak memory 519 MiB.
2026-10-06T23:59:29Z INFO [121/500] 4abd4f83-17d3-47fa-aebd-1b02cdb73a19: 69 chunks; 0.8 s; peak memory 519 MiB.
2026-10-06T23:59:30Z INFO [122/500] 4abe3f21-bb09-4beb-ad05-968d1c726a46: 71 chunks; 1.1 s; peak memory 519 MiB.
2026-10-06T23:59:45Z INFO [123/500] 4abe9dcf-eaf5-4b0d-97c4-8d190eb89db4: 428 chunks; 15.1 s; peak memory 519 MiB.
2026-10-06T23:59:49Z INFO [124/500] 4abee190-be4e-483c-b5e5-69703b45c6b5: 715 chunks; 3.8 s; peak memory 519 MiB.
2026-10-06T23:59:49Z INFO [125/500] 4ac05b69-e1e0-485f-ac61-da8dcc876b95: 46 chunks; 0.5 s; peak memory 519 MiB.
2026-10-06T23:59:50Z INFO [126/500] 4ac0aea5-ad1f-4df9-913e-12ff40123441: 52 chunks; 0.6 s; peak memory 519 MiB.
2026-10-06T23:59:51Z INFO [127/500] 4ac0e11b-0d41-4b1c-9220-5d2d1ea8c4f2: 35 chunks; 0.6 s; peak memory 519 MiB.
2026-10-06T23:59:52Z INFO [128/500] 4ac13f31-830f-47ea-a7fe-6d158ee674bb: 118 chunks; 0.9 s; peak memory 519 MiB.
2026-10-06T23:59:53Z INFO [129/500] 4ac31acc-fb46-42ca-bbab-c85f2f77a2b2: 71 chunks; 1.0 s; peak memory 519 MiB.
2026-10-06T23:59:53Z INFO [130/500] 4ac3d41d-097c-4849-a1ce-d46fdb95e859: 48 chunks; 0.7 s; peak memory 519 MiB.
2026-10-06T23:59:54Z INFO [131/500] 4ac4cc48-5d31-4280-8486-cee14bedfe07: 116 chunks; 0.7 s; peak memory 519 MiB.
2026-10-07T00:04:12Z INFO [132/500] 4ac503d4-a61c-4fc1-be38-88feb65c9b96: 75234 chunks; 257.7 s; peak memory 519 MiB.
2026-10-07T00:04:13Z INFO [133/500] 4ac54966-dd03-467e-9783-7dce8be3836e: 46 chunks; 0.7 s; peak memory 519 MiB.
2026-10-07T00:04:13Z INFO [134/500] 4ac5bf1a-0bad-442d-8c8a-5330b8ef1cce: 50 chunks; 0.6 s; peak memory 519 MiB.
2026-10-07T00:04:14Z INFO [135/500] 4ac64d2f-b95b-46fb-b026-724686d7ac91: 46 chunks; 0.5 s; peak memory 519 MiB.
2026-10-07T00:04:21Z INFO [136/500] 4ac6bb5f-0c12-4563-a821-a300d0c02a6d: 327 chunks; 7.6 s; peak memory 519 MiB.
2026-10-07T00:04:22Z INFO [137/500] 4ac6ea87-ac7e-4c49-a3c8-c3aaeff98c38: 117 chunks; 0.9 s; peak memory 519 MiB.
2026-10-07T00:04:23Z INFO [138/500] 4ac889d3-4567-4c3b-9b16-c6dde74baab5: 46 chunks; 0.6 s; peak memory 519 MiB.
2026-10-07T00:04:27Z INFO [139/500] 4ac90035-b8cd-4bc4-8cef-8fd7a44d1e37: 2491 chunks; 3.9 s; peak memory 519 MiB.
2026-10-07T00:04:28Z INFO [140/500] 4ac90bc4-d34b-4476-9528-9fe6c60b2890: 66 chunks; 1.0 s; peak memory 519 MiB.
2026-10-07T00:04:35Z INFO [141/500] 4aca9c39-e9bc-4cf3-9d97-34ca3167c371: 11115 chunks; 7.7 s; peak memory 519 MiB.
2026-10-07T00:04:36Z INFO [142/500] 4acad272-ff49-4f29-966d-9be6c8ea4a31: 112 chunks; 1.0 s; peak memory 519 MiB.
2026-10-07T00:04:44Z INFO [143/500] 4acb63cb-2123-4335-8f4b-45919288f66f: 10541 chunks; 7.2 s; peak memory 519 MiB.
2026-10-07T00:04:44Z INFO [144/500] 4acc76a5-9508-434d-b65e-ffa8158c6981: 111 chunks; 0.9 s; peak memory 519 MiB.
2026-10-07T00:04:45Z INFO [145/500] 4acd26eb-06ff-47cc-ad66-67a362f3ac4f: 63 chunks; 0.8 s; peak memory 519 MiB.
2026-10-07T00:04:46Z INFO [146/500] 4ace5518-98ad-4f9c-afed-c6dd3511bcdd: 52 chunks; 0.5 s; peak memory 519 MiB.
2026-10-07T00:04:47Z INFO [147/500] 4acea719-cd42-4935-9696-2bed83f34ea6: 933 chunks; 1.4 s; peak memory 519 MiB.
2026-10-07T00:05:13Z INFO [148/500] 4acececd-7afc-4340-a73c-61f4c3a048b8: 6125 chunks; 25.5 s; peak memory 519 MiB.
2026-10-07T00:05:14Z INFO [149/500] 4acf0949-37ad-4048-a777-86baab8aa356: 112 chunks; 1.1 s; peak memory 519 MiB.
2026-10-07T00:05:15Z INFO [150/500] 4acf394f-7b00-482d-8fe5-271859cb0229: 48 chunks; 1.0 s; peak memory 519 MiB.
2026-10-07T00:05:15Z INFO [150/500] 4acf394f-7b00-482d-8fe5-271859cb0229: checkpointed 82984 records.
2026-10-07T00:05:16Z INFO [151/500] 4acf594c-c84a-4032-be54-9769f0555e39: 69 chunks; 0.7 s; peak memory 519 MiB.
2026-10-07T00:05:18Z INFO [152/500] 4acf992d-4b6a-4a88-81c2-81461bd497d2: 118 chunks; 2.4 s; peak memory 519 MiB.
2026-10-07T00:05:19Z INFO [153/500] 4ad03463-a688-4ac4-9ebe-166a6b21cc2b: 57 chunks; 0.7 s; peak memory 519 MiB.
2026-10-07T00:05:20Z INFO [154/500] 4ad157b3-5f50-4902-b7bb-f203a2998d1f: 41 chunks; 1.0 s; peak memory 519 MiB.
2026-10-07T00:05:21Z INFO [155/500] 4ad1dba7-a187-4362-ad73-11d36d67c0a2: 112 chunks; 1.3 s; peak memory 519 MiB.
2026-10-07T00:05:22Z INFO [156/500] 4ad22a00-bc86-470a-a2a9-3de95b15af08: 48 chunks; 0.9 s; peak memory 519 MiB.
2026-10-07T00:05:23Z INFO [157/500] 4ad33261-b28d-43f9-83bc-a07122fb9c5e: 117 chunks; 0.8 s; peak memory 519 MiB.
2026-10-07T00:05:24Z INFO [158/500] 4ad46223-ac1f-41ae-8b37-dcf75bff5f07: 112 chunks; 1.0 s; peak memory 519 MiB.
2026-10-07T00:05:28Z INFO [159/500] 4ad4c559-9023-47b1-9fce-81fc50f53ba9: 5633 chunks; 4.7 s; peak memory 519 MiB.
2026-10-07T00:05:29Z INFO [160/500] 4ad58783-04cc-4d95-91be-efd64ac581fa: 117 chunks; 0.8 s; peak memory 519 MiB.
2026-10-07T00:05:30Z INFO [161/500] 4ad58f1f-ccb7-4555-8ab6-6b20231f7985: 110 chunks; 1.0 s; peak memory 519 MiB.
2026-10-07T00:05:31Z INFO [162/500] 4ad59d5a-d190-4439-b859-9ccd6ab655da: 48 chunks; 0.9 s; peak memory 519 MiB.
2026-10-07T00:05:32Z INFO [163/500] 4ad5cb26-23a4-4b6c-aad4-a8b5c3610043: 45 chunks; 0.6 s; peak memory 519 MiB.
2026-10-07T00:05:33Z INFO [164/500] 4ad5e72a-744e-4334-9ed6-e2c657b33b2b: 118 chunks; 0.8 s; peak memory 519 MiB.
2026-10-07T00:05:34Z INFO [165/500] 4ad5f068-7e1e-45d3-b9db-cb74da875506: 48 chunks; 1.0 s; peak memory 519 MiB.
2026-10-07T00:05:35Z INFO [166/500] 4ad617fe-8c49-435d-b7b0-57456a4d0449: 71 chunks; 1.9 s; peak memory 519 MiB.
2026-10-07T00:05:36Z INFO [167/500] 4ad69433-5f12-49b5-a4df-42c2b6673c33: 117 chunks; 0.8 s; peak memory 519 MiB.
2026-10-07T00:05:42Z INFO [168/500] 4ad7040c-aaf1-4e0c-891a-51986d06355d: 4151 chunks; 5.6 s; peak memory 519 MiB.
2026-10-07T00:05:43Z INFO [169/500] 4ad70d99-0680-48c7-89cf-be1381274795: 48 chunks; 0.8 s; peak memory 519 MiB.
2026-10-07T00:05:50Z INFO [170/500] 4ad76d57-ec2c-4129-8010-ff84af7b5547: 22905 chunks; 7.3 s; peak memory 519 MiB.
2026-10-07T00:05:51Z INFO [171/500] 4ad874ea-2f02-4d86-ae72-09a5170540b6: 116 chunks; 0.9 s; peak memory 519 MiB.
2026-10-07T00:05:52Z INFO [172/500] 4ad8b93d-a8cc-4061-b209-f20a279faee2: 71 chunks; 1.1 s; peak memory 519 MiB.
2026-10-07T00:05:53Z INFO [173/500] 4ad9142a-475a-40d1-83fe-3c4f1e22c4c9: 302 chunks; 1.1 s; peak memory 519 MiB.
2026-10-07T00:05:54Z INFO [174/500] 4ad969d3-8347-4cf5-854b-fc7b4c4a1d69: 112 chunks; 0.9 s; peak memory 519 MiB.
2026-10-07T00:06:17Z INFO [175/500] 4ada1122-0df2-4960-81d1-b9cc77f19af6: 6125 chunks; 22.6 s; peak memory 519 MiB.
2026-10-07T00:06:23Z INFO [176/500] 4ada7d3a-3fbc-443c-b4ce-6e507ceecf57: 312 chunks; 6.0 s; peak memory 519 MiB.
2026-10-07T00:06:24Z INFO [177/500] 4adac714-791a-45a1-82f3-9e22dacbe790: 66 chunks; 1.4 s; peak memory 519 MiB.
2026-10-07T00:06:27Z INFO [178/500] 4adb34fc-ff3b-45a0-8725-3e64b7b69145: 7692 chunks; 3.2 s; peak memory 519 MiB.
2026-10-07T00:06:28Z INFO [179/500] 4adc098a-ddba-42c2-ae90-a2d5d1d4136d: 54 chunks; 0.8 s; peak memory 519 MiB.
2026-10-07T00:06:29Z INFO [180/500] 4adc2467-f89a-4195-a7a6-433ee953c117: 48 chunks; 1.0 s; peak memory 519 MiB.
2026-10-07T00:06:31Z INFO [181/500] 4ade7e62-24f3-45f6-8361-4953f5ae82e7: 157 chunks; 1.9 s; peak memory 519 MiB.
2026-10-07T00:06:32Z INFO [182/500] 4adf72d5-4f83-4d2a-8174-141d82604617: 57 chunks; 0.7 s; peak memory 519 MiB.
2026-10-07T00:06:43Z INFO [183/500] 4ae007de-cc83-4878-8475-4c6437c52011: 5176 chunks; 11.4 s; peak memory 519 MiB.
2026-10-07T00:06:44Z INFO [184/500] 4ae0d085-8f6e-47e2-a227-c2f953cebcc0: 116 chunks; 1.2 s; peak memory 519 MiB.
2026-10-07T00:06:49Z INFO [185/500] 4ae1d366-fbfb-4570-af2c-1973f6fcce42: 238 chunks; 4.9 s; peak memory 519 MiB.
2026-10-07T00:06:50Z INFO [186/500] 4ae22551-8fca-4b31-87dc-b31d0cd8f7ba: 118 chunks; 1.2 s; peak memory 519 MiB.
2026-10-07T00:06:51Z INFO [187/500] 4ae23b17-f217-4892-a1cb-8425155b9aee: 56 chunks; 0.7 s; peak memory 519 MiB.
2026-10-07T00:06:52Z INFO [188/500] 4ae4030e-2b2d-430b-bd46-3e7d615f4f35: 48 chunks; 0.9 s; peak memory 519 MiB.
2026-10-07T00:06:53Z INFO [189/500] 4ae439de-379e-4263-99cc-b776ac3769ca: 112 chunks; 1.2 s; peak memory 519 MiB.
2026-10-07T00:06:54Z INFO [190/500] 4ae4c80a-1624-4b58-9291-1c583fe10c72: 110 chunks; 0.9 s; peak memory 519 MiB.
2026-10-07T00:06:55Z INFO [191/500] 4ae5876b-382c-46f0-afe7-cb24319d30cd: 48 chunks; 1.0 s; peak memory 519 MiB.
2026-10-07T00:07:01Z INFO [192/500] 4ae64fb3-0f6c-4825-af45-4357e07732c0: 336 chunks; 5.6 s; peak memory 519 MiB.
2026-10-07T00:07:11Z INFO [193/500] 4ae7252c-30a0-446f-ae6b-74693aa9f55b: 1437 chunks; 10.1 s; peak memory 519 MiB.
2026-10-07T00:07:12Z INFO [194/500] 4ae7a716-a3a6-4767-9ec1-4db859deb7bd: 71 chunks; 1.3 s; peak memory 519 MiB.
2026-10-07T00:07:13Z INFO [195/500] 4ae9104b-80d7-4288-82ff-f0ebff567284: 48 chunks; 1.0 s; peak memory 519 MiB.
2026-10-07T00:07:14Z INFO [196/500] 4ae9209a-5a57-4e23-a965-265172f1fb70: 66 chunks; 1.2 s; peak memory 519 MiB.
2026-10-07T00:07:16Z INFO [197/500] 4aea17d0-95d3-4030-a312-6ae61043e816: 138 chunks; 1.7 s; peak memory 519 MiB.
2026-10-07T00:08:37Z INFO [198/500] 4aea70a3-3fb3-45fc-a9ff-8a55c0682267: 21641 chunks; 81.4 s; peak memory 519 MiB.
2026-10-07T00:08:38Z INFO [199/500] 4aea7e04-2fca-4aac-bfe4-d8eac9878fee: 71 chunks; 1.1 s; peak memory 519 MiB.
2026-10-07T00:08:40Z INFO [200/500] 4aea86d4-5e6c-4011-a68e-2b7e329f77b0: 71 chunks; 2.1 s; peak memory 519 MiB.
2026-10-07T00:08:41Z INFO [200/500] 4aea86d4-5e6c-4011-a68e-2b7e329f77b0: checkpointed 83034 records.
2026-10-07T00:08:41Z INFO [201/500] 4aeac3ef-fb35-4d07-ba1e-f0d93cb7d6e6: 35 chunks; 0.6 s; peak memory 519 MiB.
2026-10-07T00:08:42Z INFO [202/500] 4aeb7f90-6e55-4562-a3d0-22d35efbeec4: 68 chunks; 0.9 s; peak memory 519 MiB.
2026-10-07T00:08:44Z INFO [203/500] 4aeb8054-242a-43e6-8451-4a8cdbe1677f: 71 chunks; 1.7 s; peak memory 519 MiB.
2026-10-07T00:09:10Z INFO [204/500] 4aeba912-6731-4b7c-b829-40eb0fc6d7fc: 940 chunks; 26.0 s; peak memory 519 MiB.
2026-10-07T00:09:11Z INFO [205/500] 4aec7fc0-3b38-4866-81ed-e9da302c1d75: 48 chunks; 0.8 s; peak memory 519 MiB.
2026-10-07T00:09:11Z INFO [206/500] 4aecf50a-e3cb-43e6-8e92-a7e1c3cd0ecd: 50 chunks; 0.6 s; peak memory 519 MiB.
2026-10-07T00:09:16Z INFO [207/500] 4aee12e0-1c72-4bc2-b606-1e3d5146011e: 2923 chunks; 4.3 s; peak memory 519 MiB.
2026-10-07T00:09:16Z INFO [208/500] 4aeea422-a7a4-40b4-922d-9129177791a7: 58 chunks; 0.8 s; peak memory 519 MiB.
2026-10-07T00:09:18Z INFO [209/500] 4aef879c-dcef-485e-9434-6786a100359d: 490 chunks; 1.4 s; peak memory 519 MiB.
2026-10-07T00:09:19Z INFO [210/500] 4aefaba3-7643-4b8a-8a99-22bb9cd6e297: 48 chunks; 0.9 s; peak memory 519 MiB.
2026-10-07T00:09:21Z INFO [211/500] 4af09797-4961-40a0-91f1-e59dcb37eb18: 157 chunks; 2.8 s; peak memory 519 MiB.
2026-10-07T00:09:23Z INFO [212/500] 4af1356f-c684-4add-9b9b-5a7f73acd903: 116 chunks; 2.0 s; peak memory 519 MiB.
2026-10-07T00:09:24Z INFO [213/500] 4af1d288-9dc8-48b2-adf8-a75f8802879a: 121 chunks; 0.7 s; peak memory 519 MiB.
2026-10-07T00:13:44Z INFO [214/500] 4af29a74-2515-4342-8492-e10ae0e43bd3: 75323 chunks; 260.0 s; peak memory 519 MiB.
2026-10-07T00:13:45Z INFO [215/500] 4af2edad-2de5-4cc0-a367-13a5f1fa2650: 48 chunks; 1.1 s; peak memory 519 MiB.
2026-10-07T00:13:46Z INFO [216/500] 4af31685-b59e-4e70-92e1-d339c8306f87: 48 chunks; 0.8 s; peak memory 519 MiB.
2026-10-07T00:13:52Z INFO [217/500] 4af34c61-575f-4c3d-86ae-cf2626c8cef9: 1101 chunks; 6.0 s; peak memory 519 MiB.
2026-10-07T00:13:53Z INFO [218/500] 4af354b4-498c-469a-9357-3ffe2d3deaf9: 71 chunks; 1.1 s; peak memory 519 MiB.
2026-10-07T00:13:55Z INFO [219/500] 4af43fe1-4ecb-4e10-9a63-957b8cb8fd5c: 64 chunks; 1.2 s; peak memory 519 MiB.
2026-10-07T00:13:55Z INFO [220/500] 4af53300-9a38-4037-8b58-b2d3280f58b9: 48 chunks; 0.8 s; peak memory 519 MiB.
2026-10-07T00:13:56Z INFO [221/500] 4af58acf-1ab0-4f91-8927-5ff2e60dcf9c: 48 chunks; 0.9 s; peak memory 519 MiB.
2026-10-07T00:13:58Z INFO [222/500] 4af634e7-7772-4b42-9c82-5fe30675ae9c: 66 chunks; 1.5 s; peak memory 519 MiB.
2026-10-07T00:13:58Z INFO [223/500] 4af783ed-68df-42fb-a759-ebe8529c8e19: 54 chunks; 0.7 s; peak memory 519 MiB.
2026-10-07T00:13:59Z INFO [224/500] 4af7e1dd-deca-4604-af48-b290bdf8f611: 116 chunks; 1.0 s; peak memory 519 MiB.
2026-10-07T00:14:00Z INFO [225/500] 4af7e7d9-3f42-48aa-a313-ed3a35b4aecd: 112 chunks; 1.0 s; peak memory 519 MiB.
2026-10-07T00:14:11Z INFO [226/500] 4af8629e-3eb5-4db5-a00e-997a9a16554d: 2313 chunks; 10.6 s; peak memory 519 MiB.
2026-10-07T00:14:14Z INFO [227/500] 4af991c9-05a7-4671-87f9-cd103433fc3e: 85 chunks; 3.0 s; peak memory 519 MiB.
2026-10-07T00:14:15Z INFO [228/500] 4af9cec4-4d4e-46c5-a46b-4bcf49f90e16: 112 chunks; 0.9 s; peak memory 519 MiB.
2026-10-07T00:14:16Z INFO [229/500] 4afa2025-be2c-4942-a2b6-19796467587a: 48 chunks; 1.0 s; peak memory 519 MiB.
2026-10-07T00:14:17Z INFO [230/500] 4afa572f-4829-42bd-8d76-b57e32b32721: 53 chunks; 0.8 s; peak memory 519 MiB.
2026-10-07T00:14:23Z INFO [231/500] 4afd00cb-da66-4a1f-a63d-59f1caa9af1b: 15212 chunks; 6.3 s; peak memory 519 MiB.
2026-10-07T00:14:24Z INFO [232/500] 4afeb4e6-9941-4ca8-81bd-74ff98cad8b0: 33 chunks; 1.0 s; peak memory 519 MiB.
2026-10-07T00:14:25Z INFO [233/500] 4aff88a0-2978-4ffa-a0a4-df7d75a13390: 78 chunks; 1.4 s; peak memory 519 MiB.
2026-10-07T00:14:27Z INFO [234/500] 4affdec2-eefe-486b-b4fb-ad42758b843c: 71 chunks; 1.4 s; peak memory 519 MiB.
2026-10-07T00:14:34Z INFO [235/500] 4b0031d9-1f99-47dc-ab14-4a3109b4e097: 15605 chunks; 7.0 s; peak memory 519 MiB.
2026-10-07T00:14:35Z INFO [236/500] 4b00670d-f93c-4d58-aee7-e5762dc9fa60: 66 chunks; 1.1 s; peak memory 519 MiB.
2026-10-07T00:14:36Z INFO [237/500] 4b00a2c7-dd74-49d0-9ab4-1e8eab3865a5: 69 chunks; 1.1 s; peak memory 519 MiB.
2026-10-07T00:14:37Z INFO [238/500] 4b0126df-9149-4b67-b7b0-5963c0e12f4e: 46 chunks; 0.7 s; peak memory 519 MiB.
2026-10-07T00:14:37Z INFO [239/500] 4b012fa9-a36f-4aec-bda7-ac46565ce6ad: 46 chunks; 0.7 s; peak memory 519 MiB.
2026-10-07T00:14:44Z INFO [240/500] 4b0130ee-d81c-4b33-b115-3e99a63ab00a: 20582 chunks; 7.2 s; peak memory 519 MiB.
2026-10-07T00:14:45Z INFO [241/500] 4b013ac5-376c-47fa-acd9-63b06cef55f2: 68 chunks; 0.9 s; peak memory 519 MiB.
2026-10-07T00:14:46Z INFO [242/500] 4b022c94-83a2-4437-b3c9-484adc908623: 48 chunks; 0.9 s; peak memory 519 MiB.
2026-10-07T00:14:47Z INFO [243/500] 4b0276a9-164f-472a-862d-3adc7f9efdd2: 117 chunks; 0.9 s; peak memory 519 MiB.
2026-10-07T00:14:50Z INFO [244/500] 4b038498-cec0-446f-8181-ebe31ee440a7: 156 chunks; 2.3 s; peak memory 519 MiB.
2026-10-07T00:14:51Z INFO [245/500] 4b03a8c8-d8b8-42bf-9649-c8577c18ea64: 112 chunks; 1.4 s; peak memory 519 MiB.
2026-10-07T00:14:52Z INFO [246/500] 4b03da64-0380-4655-a084-1e150543fb62: 48 chunks; 0.9 s; peak memory 519 MiB.
2026-10-07T00:14:54Z INFO [247/500] 4b04a78d-762c-46a6-b4c7-659ee39afbb7: 116 chunks; 2.1 s; peak memory 519 MiB.
2026-10-07T00:14:59Z INFO [248/500] 4b04c50d-a29a-4e39-9d4d-ef9ed154b0ed: 4151 chunks; 5.5 s; peak memory 519 MiB.
2026-10-07T00:15:01Z INFO [249/500] 4b06fc38-9c41-48bd-80ce-554fcc9b38f5: 112 chunks; 1.1 s; peak memory 519 MiB.
2026-10-07T00:15:02Z INFO [250/500] 4b074951-f79e-4ba1-a8ec-170cd3861b31: 69 chunks; 1.3 s; peak memory 519 MiB.
2026-10-07T00:15:02Z INFO [250/500] 4b074951-f79e-4ba1-a8ec-170cd3861b31: checkpointed 83084 records.
2026-10-07T00:15:10Z INFO [251/500] 4b086e53-1a39-4c37-8248-a58b42ae251d: 20582 chunks; 7.3 s; peak memory 519 MiB.
2026-10-07T00:15:13Z INFO [252/500] 4b0882f4-6c51-4ce9-8fc0-72a6ae548a57: 293 chunks; 3.3 s; peak memory 519 MiB.
2026-10-07T00:15:17Z INFO [253/500] 4b0922ad-cbc7-4c6c-80d3-8dfedcf72817: 14881 chunks; 4.2 s; peak memory 519 MiB.
2026-10-07T00:15:18Z INFO [254/500] 4b0aae0d-7cb1-4d23-b159-cb5280df8226: 117 chunks; 0.8 s; peak memory 519 MiB.
2026-10-07T00:15:19Z INFO [255/500] 4b0afb85-bd8b-4717-bf36-8a35c20d4f58: 72 chunks; 0.9 s; peak memory 519 MiB.
2026-10-07T00:15:20Z INFO [256/500] 4b0b66f8-302d-480d-9f68-f4cd527011fc: 70 chunks; 1.2 s; peak memory 519 MiB.
2026-10-07T00:15:21Z INFO [257/500] 4b0cb8e8-e7b3-4a08-865c-7128b16f3857: 71 chunks; 1.1 s; peak memory 519 MiB.
2026-10-07T00:15:22Z INFO [258/500] 4b0d1c22-38e5-47d7-9144-8d76af54a806: 71 chunks; 1.2 s; peak memory 519 MiB.
2026-10-07T00:15:29Z INFO [259/500] 4b0e6aa6-8541-4866-a7d4-769e0131ef47: 1277 chunks; 7.1 s; peak memory 519 MiB.
2026-10-07T00:15:30Z INFO [260/500] 4b0ec727-6947-4f9d-8cea-e75c56358804: 48 chunks; 1.0 s; peak memory 519 MiB.
2026-10-07T00:17:51Z INFO [261/500] 4b0ef2c2-e58b-4776-89a9-a0ea6797972e: 41164 chunks; 141.2 s; peak memory 519 MiB.
2026-10-07T00:17:53Z INFO [262/500] 4b0f9f87-d945-4636-9f11-fe34516f6b91: 66 chunks; 1.3 s; peak memory 519 MiB.
2026-10-07T00:17:54Z INFO [263/500] 4b103ddd-3bec-47dc-ab0c-488ccb56ccdb: 294 chunks; 0.8 s; peak memory 519 MiB.
2026-10-07T00:17:54Z INFO [264/500] 4b105f4c-d061-414d-ae33-cdc06e49644a: 48 chunks; 0.9 s; peak memory 519 MiB.
2026-10-07T00:17:55Z INFO [265/500] 4b110693-c912-4d16-bc6f-db70c4cdead4: 65 chunks; 0.8 s; peak memory 519 MiB.
2026-10-07T00:17:56Z INFO [266/500] 4b11efce-84bf-465f-8b06-ad8af4c4f699: 112 chunks; 0.8 s; peak memory 519 MiB.
2026-10-07T00:17:59Z INFO [267/500] 4b135794-6851-4794-9af8-916ef8c257b9: 1885 chunks; 2.6 s; peak memory 519 MiB.
2026-10-07T00:18:00Z INFO [268/500] 4b13afe3-c0e9-4668-b5f6-e902f00142d2: 45 chunks; 1.0 s; peak memory 519 MiB.
2026-10-07T00:18:01Z INFO [269/500] 4b1480e5-cd08-4840-bcc3-4ed98725d2ab: 112 chunks; 1.3 s; peak memory 519 MiB.
2026-10-07T00:18:02Z INFO [270/500] 4b14d596-cbd9-4433-b709-b50587a6416c: 46 chunks; 1.2 s; peak memory 519 MiB.
2026-10-07T00:18:03Z INFO [271/500] 4b161838-9371-43dc-8815-91b5fec571c0: 46 chunks; 0.7 s; peak memory 519 MiB.
2026-10-07T00:18:08Z INFO [272/500] 4b172dc7-d9b9-48a3-b67f-b957e05d6ad0: 193 chunks; 5.7 s; peak memory 519 MiB.
2026-10-07T00:18:09Z INFO [273/500] 4b17b0f6-660a-48f5-aa32-5a03ad98a5aa: 48 chunks; 0.9 s; peak memory 519 MiB.
2026-10-07T00:18:10Z INFO [274/500] 4b17fae6-32cf-491a-8a00-e73a35c48264: 63 chunks; 0.7 s; peak memory 519 MiB.
2026-10-07T00:18:11Z INFO [275/500] 4b1918da-cbac-4318-a81d-5efd75d0147c: 48 chunks; 0.9 s; peak memory 519 MiB.
2026-10-07T00:18:12Z INFO [276/500] 4b192d1e-a491-4738-a27c-97527b1265ec: 117 chunks; 0.8 s; peak memory 519 MiB.
2026-10-07T00:18:13Z INFO [277/500] 4b1934e9-9ff9-4ca7-9ea5-f495e348c349: 71 chunks; 1.2 s; peak memory 519 MiB.
2026-10-07T00:18:33Z INFO [278/500] 4b1969e2-aeb5-4e48-8384-f601fd34e725: 1155 chunks; 19.9 s; peak memory 519 MiB.
2026-10-07T00:18:37Z INFO [279/500] 4b1a3deb-cfdb-461e-8afd-1298ef745bf5: 452 chunks; 3.8 s; peak memory 519 MiB.
2026-10-07T00:18:37Z INFO [280/500] 4b1aceca-ec77-42a6-a485-c191ddaeb173: 46 chunks; 0.6 s; peak memory 519 MiB.
2026-10-07T00:18:38Z INFO [281/500] 4b1c3522-0a66-4cb5-a84e-90b79a9edaf7: 111 chunks; 0.8 s; peak memory 519 MiB.
2026-10-07T00:18:39Z INFO [282/500] 4b1c93bc-f355-4aa8-9c37-136f29a4d815: 118 chunks; 0.8 s; peak memory 519 MiB.
2026-10-07T00:19:02Z INFO [283/500] 4b1cf222-37e3-4b28-ac2a-54a79265ad25: 6577 chunks; 22.9 s; peak memory 519 MiB.
2026-10-07T00:19:03Z INFO [284/500] 4b1d7252-2b95-409b-8b8c-b1f36aba6372: 64 chunks; 1.2 s; peak memory 519 MiB.
2026-10-07T00:19:04Z INFO [285/500] 4b1de384-4d2d-4768-8e3c-07bcf8435d4f: 76 chunks; 1.0 s; peak memory 519 MiB.
2026-10-07T00:19:05Z INFO [286/500] 4b1e1ee5-9800-45db-8b2f-c325cde1912d: 48 chunks; 0.9 s; peak memory 519 MiB.
2026-10-07T00:19:06Z INFO [287/500] 4b1e4778-6d1c-40f5-b899-1664d1fdc981: 117 chunks; 1.1 s; peak memory 519 MiB.
2026-10-07T00:19:07Z INFO [288/500] 4b1e6961-6f05-494f-8071-66cc267cbb43: 48 chunks; 0.8 s; peak memory 519 MiB.
2026-10-07T00:19:08Z INFO [289/500] 4b1ee7a6-223b-4f8d-9cd0-60ff0196092f: 48 chunks; 1.1 s; peak memory 519 MiB.
2026-10-07T00:22:46Z INFO [290/500] 4b1f16e8-aef6-481d-8fdd-64807d40ba1a: 114741 chunks; 218.3 s; peak memory 614 MiB.
2026-10-07T00:22:47Z INFO [291/500] 4b1f5a7d-432a-4f55-b635-81923156c311: 117 chunks; 1.0 s; peak memory 614 MiB.
2026-10-07T00:22:49Z INFO [292/500] 4b1fa0b5-c608-49eb-83c0-d6d4f6818e1a: 116 chunks; 2.1 s; peak memory 614 MiB.
2026-10-07T00:22:51Z INFO [293/500] 4b1feed9-6a4d-4f1b-a05b-7501ac2dc9f2: 66 chunks; 1.3 s; peak memory 614 MiB.
2026-10-07T00:22:52Z INFO [294/500] 4b20cef0-bafe-452d-92ea-036e1dfebe63: 66 chunks; 1.1 s; peak memory 614 MiB.
2026-10-07T00:22:55Z INFO [295/500] 4b20d1bd-0777-414b-8bab-564e7835ff57: 553 chunks; 3.3 s; peak memory 614 MiB.
2026-10-07T00:22:56Z INFO [296/500] 4b216500-eb2a-4997-af49-73a59ccbb489: 118 chunks; 1.0 s; peak memory 614 MiB.
2026-10-07T00:23:00Z INFO [297/500] 4b218485-b269-431c-bd03-f309adeb667e: 1248 chunks; 4.2 s; peak memory 614 MiB.
2026-10-07T00:23:09Z INFO [298/500] 4b21a393-4c64-40fb-a026-4445c3f29c5b: 24269 chunks; 8.6 s; peak memory 614 MiB.
2026-10-07T00:23:11Z INFO [299/500] 4b21af02-2f2c-4f0a-9c28-1825b26e6ee4: 92 chunks; 1.7 s; peak memory 614 MiB.
2026-10-07T00:23:11Z INFO [300/500] 4b21d8c2-927a-497b-8436-9a3da8665190: 48 chunks; 0.8 s; peak memory 614 MiB.
2026-10-07T00:23:12Z INFO [300/500] 4b21d8c2-927a-497b-8436-9a3da8665190: checkpointed 83134 records.
2026-10-07T00:23:23Z INFO [301/500] 4b2252af-8cef-4ffb-a8d0-13e1a71bf69e: 8229 chunks; 11.7 s; peak memory 614 MiB.
2026-10-07T00:23:24Z INFO [302/500] 4b22e579-5495-4699-82d6-e0aaed697e8b: 49 chunks; 1.1 s; peak memory 614 MiB.
2026-10-07T00:23:31Z INFO [303/500] 4b254559-f7d7-4c41-a6ec-53bc495c721b: 12485 chunks; 7.1 s; peak memory 614 MiB.
2026-10-07T00:23:33Z INFO [304/500] 4b2557e7-3e9a-4b15-b35d-5fd4271f0b2b: 71 chunks; 1.5 s; peak memory 614 MiB.
2026-10-07T00:23:34Z INFO [305/500] 4b25a2f1-9700-4d62-b73b-7857b98742d2: 69 chunks; 0.9 s; peak memory 614 MiB.
2026-10-07T00:23:36Z INFO [306/500] 4b267608-043d-4fa6-990e-6fec6cb094df: 126 chunks; 1.6 s; peak memory 614 MiB.
2026-10-07T00:23:38Z INFO [307/500] 4b26b3b7-7519-4063-97ef-9670d9b8ed54: 119 chunks; 2.0 s; peak memory 614 MiB.
2026-10-07T00:23:38Z INFO [308/500] 4b275637-4650-44c9-bb3c-14b54a01ea54: 117 chunks; 0.7 s; peak memory 614 MiB.
2026-10-07T00:23:39Z INFO [309/500] 4b27584d-4bca-43b9-bf82-c8732fb9b032: 132 chunks; 0.7 s; peak memory 614 MiB.
2026-10-07T00:23:40Z INFO [310/500] 4b281f5f-51cb-4d0c-acf1-2b6c42d0c6c6: 71 chunks; 1.2 s; peak memory 614 MiB.
2026-10-07T00:23:41Z INFO [311/500] 4b282e3d-c911-48a8-92f6-c7b6824c0da0: 48 chunks; 0.9 s; peak memory 614 MiB.
2026-10-07T00:23:42Z INFO [312/500] 4b29026c-caf7-48c0-80c1-c01977a08a9e: 117 chunks; 0.8 s; peak memory 614 MiB.
2026-10-07T00:25:58Z INFO [313/500] 4b296d47-dd18-4dbb-9260-7c46b76821c4: 40620 chunks; 135.8 s; peak memory 614 MiB.
2026-10-07T00:26:02Z INFO [314/500] 4b29c7af-9092-48aa-ac58-0bb54450f229: 1188 chunks; 4.1 s; peak memory 614 MiB.
2026-10-07T00:26:04Z INFO [315/500] 4b29fecd-a3ca-464d-89ba-4fe46d6fa6a6: 115 chunks; 2.0 s; peak memory 614 MiB.
2026-10-07T00:26:05Z INFO [316/500] 4b2a1615-9c88-4e73-9e35-222d4bfe3739: 63 chunks; 0.8 s; peak memory 614 MiB.
2026-10-07T00:26:07Z INFO [317/500] 4b2aba0b-8484-4edd-b59c-0910673d7d76: 118 chunks; 2.0 s; peak memory 614 MiB.
2026-10-07T00:26:07Z INFO [318/500] 4b2d3bf4-c604-4c70-b1ed-91ba953a848f: 69 chunks; 0.7 s; peak memory 614 MiB.
2026-10-07T00:26:09Z INFO [319/500] 4b2e508e-60ff-4f0a-abaa-50b4dc062db8: 115 chunks; 1.9 s; peak memory 614 MiB.
2026-10-07T00:26:10Z INFO [320/500] 4b2f020d-0daf-4f19-91f2-237bb3283f1e: 64 chunks; 1.0 s; peak memory 614 MiB.
2026-10-07T00:26:11Z INFO [321/500] 4b2f9911-a7a8-4747-ad37-078a840fd7bb: 48 chunks; 0.9 s; peak memory 614 MiB.
2026-10-07T00:26:12Z INFO [322/500] 4b30cdd0-3575-4bf5-850b-a65fddf6e11a: 71 chunks; 1.0 s; peak memory 614 MiB.
2026-10-07T00:26:13Z INFO [323/500] 4b313ec8-6bcc-4aea-83b6-acf51a2ca273: 116 chunks; 0.9 s; peak memory 614 MiB.
2026-10-07T00:26:14Z INFO [324/500] 4b31c37a-cc26-4d3e-ab19-30c668768634: 59 chunks; 1.1 s; peak memory 614 MiB.
2026-10-07T00:26:15Z INFO [325/500] 4b320f54-7a1f-449d-b4ca-7551a19c669f: 41 chunks; 0.7 s; peak memory 614 MiB.
2026-10-07T00:26:16Z INFO [326/500] 4b326d5f-543a-41b8-8f65-87247e7d9848: 71 chunks; 1.2 s; peak memory 614 MiB.
2026-10-07T00:26:17Z INFO [327/500] 4b3291c4-fe94-40b5-a3a4-3e5859a73af9: 303 chunks; 1.1 s; peak memory 614 MiB.
2026-10-07T00:26:18Z INFO [328/500] 4b32a2e3-5a26-48bf-8571-39791d4a85b0: 110 chunks; 1.2 s; peak memory 614 MiB.
2026-10-07T00:26:27Z INFO [329/500] 4b32a46d-f4de-467e-8cc8-ab354bef17cf: 423 chunks; 9.2 s; peak memory 614 MiB.
2026-10-07T00:26:29Z INFO [330/500] 4b334b8d-e125-4c2a-aaed-257b86b1064f: 997 chunks; 1.7 s; peak memory 614 MiB.
2026-10-07T00:26:30Z INFO [331/500] 4b338466-5aae-4bb6-acbb-ef542c48f85d: 49 chunks; 1.0 s; peak memory 614 MiB.
2026-10-07T00:26:39Z INFO [332/500] 4b33ab07-4cf4-41e5-a0b9-133128b3eb49: 2448 chunks; 8.8 s; peak memory 614 MiB.
2026-10-07T00:26:44Z INFO [333/500] 4b33f415-3e37-4d8d-8752-c5df10d8bac0: 12499 chunks; 5.5 s; peak memory 614 MiB.
2026-10-07T00:26:48Z INFO [334/500] 4b3421d5-8d65-4a5e-bd87-11d1428547ec: 241 chunks; 3.3 s; peak memory 614 MiB.
2026-10-07T00:26:49Z INFO [335/500] 4b349610-482f-4ac7-966a-7637d50cf380: 71 chunks; 1.1 s; peak memory 614 MiB.
2026-10-07T00:26:50Z INFO [336/500] 4b35a234-e284-4c05-a532-0a0215d014d0: 48 chunks; 0.9 s; peak memory 614 MiB.
2026-10-07T00:26:51Z INFO [337/500] 4b3661c7-e36c-4d51-96d4-2fb050c0cdc2: 117 chunks; 0.9 s; peak memory 614 MiB.
2026-10-07T00:26:52Z INFO [338/500] 4b370ef6-cc6f-4c2c-a8ba-d0658275c8f3: 112 chunks; 1.0 s; peak memory 614 MiB.
2026-10-07T00:26:53Z INFO [339/500] 4b37d29a-6395-4d0f-8077-9beb50c2207b: 631 chunks; 1.9 s; peak memory 614 MiB.
2026-10-07T00:26:54Z INFO [340/500] 4b383419-6305-422d-88c5-b81836d70499: 84 chunks; 0.8 s; peak memory 614 MiB.
2026-10-07T00:26:55Z INFO [341/500] 4b3887b9-92da-4dcd-bd13-c96269235314: 46 chunks; 0.5 s; peak memory 614 MiB.
2026-10-07T00:26:56Z INFO [342/500] 4b38ecb4-ba3f-4d17-909c-82af56b7c156: 110 chunks; 1.0 s; peak memory 614 MiB.
2026-10-07T00:26:57Z INFO [343/500] 4b393ddd-482e-45ea-a62d-42d300ffec76: 997 chunks; 1.7 s; peak memory 614 MiB.
2026-10-07T00:26:58Z INFO [344/500] 4b3956c8-79c3-4954-a576-63fd8f06aa17: 56 chunks; 0.5 s; peak memory 614 MiB.
2026-10-07T00:26:59Z INFO [345/500] 4b3a92e4-f973-4a17-a865-0afb2f81e3e7: 118 chunks; 0.8 s; peak memory 614 MiB.
2026-10-07T00:27:00Z INFO [346/500] 4b3b3f38-cd0d-4a4c-aa63-0befd3c534b5: 153 chunks; 1.0 s; peak memory 614 MiB.
2026-10-07T00:27:04Z INFO [347/500] 4b3bd226-1f4d-4cf4-ae27-3d9352c88f47: 3923 chunks; 4.2 s; peak memory 614 MiB.
2026-10-07T00:27:05Z INFO [348/500] 4b3c2c79-2566-4f80-bf23-96d009c79342: 56 chunks; 0.6 s; peak memory 614 MiB.
2026-10-07T00:27:06Z INFO [349/500] 4b3c3ec5-fdd0-4714-b488-058745b6c6d3: 92 chunks; 1.1 s; peak memory 614 MiB.
2026-10-07T00:27:07Z INFO [350/500] 4b3d1550-4e83-4e5c-839b-728d2551e0e3: 117 chunks; 1.0 s; peak memory 614 MiB.
2026-10-07T00:27:07Z INFO [350/500] 4b3d1550-4e83-4e5c-839b-728d2551e0e3: checkpointed 83184 records.
2026-10-07T00:27:08Z INFO [351/500] 4b3d2d81-2e9d-43da-900a-9fb7aa3253f4: 48 chunks; 0.8 s; peak memory 614 MiB.
2026-10-07T00:27:08Z INFO [352/500] 4b3d523a-7438-4c6f-86d7-a0a0f09f7754: 43 chunks; 0.7 s; peak memory 614 MiB.
2026-10-07T00:27:10Z INFO [353/500] 4b3e1673-f519-4b38-b8d0-cdd792f226c7: 397 chunks; 1.5 s; peak memory 614 MiB.
2026-10-07T00:27:11Z INFO [354/500] 4b3eada8-0fe5-4f2e-9647-bacd8bc72d98: 69 chunks; 1.2 s; peak memory 614 MiB.
2026-10-07T00:27:12Z INFO [355/500] 4b3eee8c-bdc8-4eab-a208-a380128ec346: 48 chunks; 0.7 s; peak memory 614 MiB.
2026-10-07T00:27:13Z INFO [356/500] 4b3f0197-02ed-4eec-9d6f-8dad4324853d: 63 chunks; 0.6 s; peak memory 614 MiB.
2026-10-07T00:27:14Z INFO [357/500] 4b3f028d-9173-474d-97d3-4d24bd77e54d: 117 chunks; 1.0 s; peak memory 614 MiB.
2026-10-07T00:27:16Z INFO [358/500] 4b3f123a-7a9d-40aa-9a05-01e0df78d7d4: 114 chunks; 2.1 s; peak memory 614 MiB.
2026-10-07T00:27:17Z INFO [359/500] 4b3fe738-88fb-44c3-986c-a31a34f55d67: 48 chunks; 1.0 s; peak memory 614 MiB.
2026-10-07T00:27:17Z INFO [360/500] 4b40031d-0eff-426e-92c2-7ed3da535a2c: 48 chunks; 0.6 s; peak memory 614 MiB.
2026-10-07T00:27:21Z INFO [361/500] 4b40ff53-383f-400c-b607-69474f0ad017: 8898 chunks; 3.3 s; peak memory 614 MiB.
2026-10-07T00:27:22Z INFO [362/500] 4b414199-fba0-4729-ad53-02072b847dfe: 52 chunks; 0.9 s; peak memory 614 MiB.
2026-10-07T00:27:23Z INFO [363/500] 4b41aa1d-5a87-4bb1-b3d6-78338d58bfa0: 199 chunks; 1.8 s; peak memory 614 MiB.
2026-10-07T00:27:24Z INFO [364/500] 4b41ae09-0252-4813-91ac-1e335522189e: 48 chunks; 0.9 s; peak memory 614 MiB.
2026-10-07T00:27:46Z INFO [365/500] 4b41d934-bc3f-44e2-abcd-4029be96a198: 6055 chunks; 21.5 s; peak memory 614 MiB.
2026-10-07T00:27:47Z INFO [366/500] 4b424294-04b6-4710-86c3-ccb8a60aa1c4: 48 chunks; 0.8 s; peak memory 614 MiB.
2026-10-07T00:27:47Z INFO [367/500] 4b426472-2231-4859-aef1-51c2c8be2e52: 48 chunks; 0.9 s; peak memory 614 MiB.
2026-10-07T00:27:48Z INFO [368/500] 4b432c19-c3f0-476a-8a60-730c3e7b4776: 48 chunks; 0.7 s; peak memory 614 MiB.
2026-10-07T00:27:49Z INFO [369/500] 4b44a5b9-d747-40fc-a070-a8abf738d158: 47 chunks; 0.5 s; peak memory 614 MiB.
2026-10-07T00:27:50Z INFO [370/500] 4b454730-ad6d-4a6c-b5df-2a0e600d172d: 49 chunks; 1.4 s; peak memory 614 MiB.
2026-10-07T00:27:51Z INFO [371/500] 4b46141d-9f08-49df-b3d5-7ce03493b510: 117 chunks; 1.0 s; peak memory 614 MiB.
2026-10-07T00:27:59Z INFO [372/500] 4b481fe9-6b4e-4df3-8db1-0100797d6ec7: 11602 chunks; 7.6 s; peak memory 614 MiB.
2026-10-07T00:27:59Z INFO [373/500] 4b48b0d7-89a1-41e5-846c-8c4206a6d7e8: 116 chunks; 0.8 s; peak memory 614 MiB.
2026-10-07T00:28:00Z INFO [374/500] 4b48d907-dd7d-4b41-8154-d7ca866029b5: 112 chunks; 0.8 s; peak memory 614 MiB.
2026-10-07T00:28:01Z INFO [375/500] 4b48e93d-9c20-4a83-9371-32d225d3691c: 77 chunks; 0.7 s; peak memory 614 MiB.
2026-10-07T00:28:02Z INFO [376/500] 4b48fce3-12e8-4be9-9e4a-1dbf1c391031: 50 chunks; 0.6 s; peak memory 614 MiB.
2026-10-07T00:28:07Z INFO [377/500] 4b4908a2-ebf5-4283-a1c6-4c8b0be01712: 255 chunks; 5.7 s; peak memory 614 MiB.
2026-10-07T00:28:08Z INFO [378/500] 4b49a1de-d8e4-48aa-bb5c-a8ff91dffd8d: 170 chunks; 0.9 s; peak memory 614 MiB.
2026-10-07T00:28:09Z INFO [379/500] 4b49d887-5dff-4559-82cf-0dd57e16ba2f: 118 chunks; 0.8 s; peak memory 614 MiB.
2026-10-07T00:28:10Z INFO [380/500] 4b4a2233-9fb5-40be-9e2e-129156a22c38: 112 chunks; 0.9 s; peak memory 614 MiB.
2026-10-07T00:28:10Z INFO [381/500] 4b4a85d2-06cd-4a3f-be01-4a4dbf0c550f: 48 chunks; 0.7 s; peak memory 614 MiB.
2026-10-07T00:28:31Z INFO [382/500] 4b4c9140-c8c3-4ac0-98d9-8ef380d6cd48: 6054 chunks; 20.9 s; peak memory 614 MiB.
2026-10-07T00:28:32Z INFO [383/500] 4b4d75bf-3296-49fe-bf13-7cb03d668fee: 41 chunks; 0.7 s; peak memory 614 MiB.
2026-10-07T00:28:35Z INFO [384/500] 4b4d770d-5ab9-49c3-9363-42500c98ad1a: 3139 chunks; 3.0 s; peak memory 614 MiB.
2026-10-07T00:28:36Z INFO [385/500] 4b4dcb57-d839-44a2-aa81-ee7c32327bf3: 289 chunks; 1.1 s; peak memory 614 MiB.
2026-10-07T00:28:37Z INFO [386/500] 4b4e9016-3513-48a8-95de-789061011861: 48 chunks; 0.8 s; peak memory 614 MiB.
2026-10-07T00:28:38Z INFO [387/500] 4b4ed3fa-9435-4cb8-8a66-2de194862034: 52 chunks; 0.7 s; peak memory 614 MiB.
2026-10-07T00:28:39Z INFO [388/500] 4b509b73-6552-46cf-9495-7eb089234462: 69 chunks; 0.9 s; peak memory 614 MiB.
2026-10-07T00:28:39Z INFO [389/500] 4b51cfbd-54be-4436-b543-fbfd9b944484: 45 chunks; 0.7 s; peak memory 614 MiB.
2026-10-07T00:28:40Z INFO [390/500] 4b52398f-4f17-42ce-95fc-296008545715: 46 chunks; 0.5 s; peak memory 614 MiB.
2026-10-07T00:28:41Z INFO [391/500] 4b527c42-7a7a-4c85-8dec-cc917e9e4f0f: 66 chunks; 1.1 s; peak memory 614 MiB.
2026-10-07T00:28:42Z INFO [392/500] 4b528cf4-9f48-436f-b0b3-bbb7e2b443b3: 142 chunks; 0.7 s; peak memory 614 MiB.
2026-10-07T00:28:46Z INFO [393/500] 4b529a02-37b6-42c5-af1d-25ed7a22f45a: 13481 chunks; 4.8 s; peak memory 614 MiB.
2026-10-07T00:28:47Z INFO [394/500] 4b53efce-d1b6-4234-9b73-180db4ce8115: 118 chunks; 0.8 s; peak memory 614 MiB.
2026-10-07T00:28:48Z INFO [395/500] 4b54fa50-ae9b-47fc-8962-74a3c3de5b4c: 48 chunks; 0.8 s; peak memory 614 MiB.
2026-10-07T00:28:49Z INFO [396/500] 4b569eba-0178-4fd3-bfb7-ecf5c2af0ee5: 77 chunks; 0.9 s; peak memory 614 MiB.
2026-10-07T00:28:50Z INFO [397/500] 4b576e0b-98e9-4fa4-8800-52bfce5ab404: 52 chunks; 0.7 s; peak memory 614 MiB.
2026-10-07T00:28:50Z INFO [398/500] 4b57d4da-2d3a-4158-8443-af390d639824: 57 chunks; 0.6 s; peak memory 614 MiB.
2026-10-07T00:28:54Z INFO [399/500] 4b586d5f-8ec7-47ba-8d76-d1bb39aad1ae: 242 chunks; 4.1 s; peak memory 614 MiB.
2026-10-07T00:28:56Z INFO [400/500] 4b589d89-22de-419c-9866-0ddf97c456e0: 115 chunks; 2.1 s; peak memory 614 MiB.
2026-10-07T00:28:57Z INFO [400/500] 4b589d89-22de-419c-9866-0ddf97c456e0: checkpointed 83234 records.
2026-10-07T00:28:59Z INFO [401/500] 4b58da4b-f7f4-4f74-895a-42a4544f7d2a: 114 chunks; 2.2 s; peak memory 614 MiB.
2026-10-07T00:29:00Z INFO [402/500] 4b594a05-70e0-4944-ba7f-a179126a5fb3: 422 chunks; 1.2 s; peak memory 614 MiB.
2026-10-07T00:29:01Z INFO [403/500] 4b597432-ed31-400d-8516-603b343900cb: 48 chunks; 0.8 s; peak memory 614 MiB.
2026-10-07T00:29:02Z INFO [404/500] 4b59fa98-cd1d-4717-be1e-f75588cc6633: 105 chunks; 1.3 s; peak memory 614 MiB.
2026-10-07T00:29:03Z INFO [405/500] 4b5a4f6b-60cb-4dbc-99bf-fc811dd2ecbd: 204 chunks; 1.5 s; peak memory 614 MiB.
2026-10-07T00:29:04Z INFO [406/500] 4b5aaddc-68de-4c2b-afb4-fe05846048fa: 46 chunks; 0.6 s; peak memory 614 MiB.
2026-10-07T00:29:05Z INFO [407/500] 4b5ac0f8-519c-4131-a30b-bf35ec4dac0f: 112 chunks; 0.9 s; peak memory 614 MiB.
2026-10-07T00:29:06Z INFO [408/500] 4b5d7bb8-7a57-4701-87c8-15bc59605727: 48 chunks; 0.7 s; peak memory 614 MiB.
2026-10-07T00:29:06Z INFO [409/500] 4b5e77e8-b437-40f0-b193-c82aab8b8d6c: 48 chunks; 0.8 s; peak memory 614 MiB.
2026-10-07T00:29:12Z INFO [410/500] 4b5ed2e3-17a0-4cdb-9878-461f3a74e86b: 18660 chunks; 5.1 s; peak memory 614 MiB.
2026-10-07T00:29:13Z INFO [411/500] 4b5f1884-31fc-4cd1-a4fd-bed3754ac935: 94 chunks; 1.0 s; peak memory 614 MiB.
2026-10-07T00:29:13Z INFO [412/500] 4b5f5313-92b4-4468-bc44-5e98a44ec8f2: 50 chunks; 0.6 s; peak memory 614 MiB.
2026-10-07T00:29:14Z INFO [413/500] 4b5f8ae0-bec5-4f8e-a43e-0f38c5704c5d: 45 chunks; 0.6 s; peak memory 614 MiB.
2026-10-07T00:29:15Z INFO [414/500] 4b60c4ce-2928-4f03-8389-9e19eb881c08: 117 chunks; 0.8 s; peak memory 614 MiB.
2026-10-07T00:29:15Z INFO [415/500] 4b6129bd-e826-4df3-8992-e5bb0ba7fa3e: 48 chunks; 0.7 s; peak memory 614 MiB.
2026-10-07T00:29:17Z INFO [416/500] 4b62279d-9c16-441b-9168-d10448f2da97: 119 chunks; 1.5 s; peak memory 614 MiB.
2026-10-07T00:29:18Z INFO [417/500] 4b6267ed-06fd-4b90-ac72-17ba00adb745: 67 chunks; 1.2 s; peak memory 614 MiB.
2026-10-07T00:29:20Z INFO [418/500] 4b629cec-6f6f-44a2-ba40-1941f058f8fe: 137 chunks; 1.6 s; peak memory 614 MiB.
2026-10-07T00:29:21Z INFO [419/500] 4b62a943-a59b-4957-ab2e-64d25a31437b: 62 chunks; 1.3 s; peak memory 614 MiB.
2026-10-07T00:30:07Z INFO [420/500] 4b62e75f-b74f-4ab9-b418-baa88b2f2f65: 24885 chunks; 46.3 s; peak memory 614 MiB.
2026-10-07T00:31:34Z INFO [421/500] 4b631caa-d2ca-4399-9e0e-9e1c1c5c7985: 5606 chunks; 86.5 s; peak memory 614 MiB.
2026-10-07T00:31:35Z INFO [422/500] 4b632da2-86ee-4097-b29e-b33f941e41e2: 48 chunks; 1.0 s; peak memory 614 MiB.
2026-10-07T00:31:38Z INFO [423/500] 4b63623b-a3ab-4a50-99a1-cee3dd88be18: 7923 chunks; 3.2 s; peak memory 614 MiB.
2026-10-07T00:31:40Z INFO [424/500] 4b6376a3-10f7-494b-a529-0458426fd6d2: 71 chunks; 2.0 s; peak memory 614 MiB.
2026-10-07T00:31:41Z INFO [425/500] 4b63c409-da83-48ed-84b6-105952c2b5fc: 48 chunks; 0.9 s; peak memory 614 MiB.
2026-10-07T00:31:43Z INFO [426/500] 4b64b824-38a5-4287-bc43-f147ae707202: 114 chunks; 1.9 s; peak memory 614 MiB.
2026-10-07T00:31:44Z INFO [427/500] 4b652237-547d-448e-b4bb-c973c5c47f7a: 118 chunks; 0.9 s; peak memory 614 MiB.
2026-10-07T00:31:51Z INFO [428/500] 4b6523e7-df92-409b-8033-89cf973beaf5: 23669 chunks; 7.6 s; peak memory 614 MiB.
2026-10-07T00:31:52Z INFO [429/500] 4b65cb0e-6779-4573-acdb-28e63c8b33cc: 48 chunks; 1.0 s; peak memory 614 MiB.
2026-10-07T00:31:53Z INFO [430/500] 4b6613da-72aa-419f-9c43-a9e75eb0d287: 56 chunks; 0.7 s; peak memory 614 MiB.
2026-10-07T00:31:57Z INFO [431/500] 4b667c2d-4f2e-4987-878a-2ae4b4c1164f: 9381 chunks; 3.7 s; peak memory 614 MiB.
2026-10-07T00:31:58Z INFO [432/500] 4b66f83a-482b-43a2-bcaf-47b54c79f720: 118 chunks; 1.0 s; peak memory 614 MiB.
2026-10-07T00:31:59Z INFO [433/500] 4b673bc0-1ea5-4231-846d-d3b4e8c51a90: 110 chunks; 1.1 s; peak memory 614 MiB.
2026-10-07T00:32:00Z INFO [434/500] 4b674e92-a1ce-4313-bdaa-9959a20f9d84: 48 chunks; 0.9 s; peak memory 614 MiB.
2026-10-07T00:32:00Z INFO [435/500] 4b67e8ee-f91d-4a4c-9720-4dd92e56dec6: 35 chunks; 0.7 s; peak memory 614 MiB.
2026-10-07T00:32:04Z INFO [436/500] 4b685978-2521-4a9b-b9c0-507e6b562f67: 290 chunks; 3.3 s; peak memory 614 MiB.
2026-10-07T00:32:08Z INFO [437/500] 4b6942b8-390a-43d2-a588-fa69a014c8ee: 2883 chunks; 4.4 s; peak memory 614 MiB.
2026-10-07T00:32:09Z INFO [438/500] 4b69b9dd-7794-45f1-87cc-9e6213036ca2: 41 chunks; 0.6 s; peak memory 614 MiB.
2026-10-07T00:32:09Z INFO [439/500] 4b69d5cb-13f9-429c-9725-4cc9586ab346: 45 chunks; 0.9 s; peak memory 614 MiB.
2026-10-07T00:32:11Z INFO [440/500] 4b69eb8b-3094-4484-809e-ef654b10cfb7: 117 chunks; 1.1 s; peak memory 614 MiB.
2026-10-07T00:32:12Z INFO [441/500] 4b6b4680-957e-494c-91ad-919a9ea8be9a: 117 chunks; 1.0 s; peak memory 614 MiB.
2026-10-07T00:32:13Z INFO [442/500] 4b6bd01e-f173-4a4a-ad59-1e07a9dc4333: 46 chunks; 1.2 s; peak memory 614 MiB.
2026-10-07T00:32:13Z INFO [443/500] 4b6c80c4-945c-4541-b675-0060aca6d6b0: 84 chunks; 0.7 s; peak memory 614 MiB.
2026-10-07T00:32:14Z INFO [444/500] 4b6d4b8e-e5bc-4541-99dd-c08450947fb4: 118 chunks; 0.9 s; peak memory 614 MiB.
2026-10-07T00:32:15Z INFO [445/500] 4b6e6637-9275-4c32-a0a3-26a7193d0e55: 113 chunks; 0.9 s; peak memory 614 MiB.
2026-10-07T00:34:02Z INFO [446/500] 4b6f2ab9-d880-4907-a124-35c7d8b6518f: 11429 chunks; 107.1 s; peak memory 614 MiB.
2026-10-07T00:34:04Z INFO [447/500] 4b6f57a6-b124-4b47-b920-8c317de6155c: 112 chunks; 1.1 s; peak memory 614 MiB.
2026-10-07T00:34:05Z INFO [448/500] 4b6f801e-c187-4ddd-9f8a-f0554b20e438: 69 chunks; 1.3 s; peak memory 614 MiB.
2026-10-07T00:34:06Z INFO [449/500] 4b6fef40-e515-486a-9cd1-e2171f970185: 116 chunks; 0.9 s; peak memory 614 MiB.
2026-10-07T00:34:07Z INFO [450/500] 4b706a77-dc5c-450e-97a5-601aa4c6a724: 119 chunks; 1.7 s; peak memory 614 MiB.
2026-10-07T00:34:08Z INFO [450/500] 4b706a77-dc5c-450e-97a5-601aa4c6a724: checkpointed 83284 records.
2026-10-07T00:34:09Z INFO [451/500] 4b70edc2-8f6f-44fb-bbc0-f0ef0f06971f: 48 chunks; 0.9 s; peak memory 614 MiB.
2026-10-07T00:34:10Z INFO [452/500] 4b714b04-4e6a-4e3b-adf4-fd31ea5bb10d: 62 chunks; 1.0 s; peak memory 614 MiB.
2026-10-07T00:34:10Z INFO [453/500] 4b728d60-5e30-4fea-b12b-2f576eee308d: 116 chunks; 0.9 s; peak memory 614 MiB.
2026-10-07T00:34:11Z INFO [454/500] 4b72ff80-9d74-4669-83c9-bf6696bf474c: 48 chunks; 0.7 s; peak memory 614 MiB.
2026-10-07T00:34:12Z INFO [455/500] 4b7346d5-34e5-4795-a3f6-1937188080d5: 118 chunks; 0.7 s; peak memory 614 MiB.
2026-10-07T00:34:18Z INFO [456/500] 4b73bc2a-0b8c-4d5b-b728-b5b2794aaf7d: 336 chunks; 5.8 s; peak memory 614 MiB.
2026-10-07T00:34:25Z INFO [457/500] 4b74d91c-4db5-483d-946d-e816c1c856e8: 30970 chunks; 7.5 s; peak memory 614 MiB.
2026-10-07T00:34:26Z INFO [458/500] 4b74fe76-d56a-4bed-a2db-9b3a52211a34: 50 chunks; 0.8 s; peak memory 614 MiB.
2026-10-07T00:34:29Z INFO [459/500] 4b750279-4b3f-4de4-a2dc-bd126f41b0b6: 3041 chunks; 3.1 s; peak memory 614 MiB.
2026-10-07T00:34:41Z INFO [460/500] 4b7642f3-6b89-4ec3-bc75-53c48837c77e: 27310 chunks; 12.3 s; peak memory 614 MiB.
2026-10-07T00:34:42Z INFO [461/500] 4b774bd3-fa2a-4691-bbc7-511a9cca1f75: 45 chunks; 0.7 s; peak memory 614 MiB.
2026-10-07T00:34:43Z INFO [462/500] 4b784159-ce45-4256-ac9c-8a69e15e8e02: 69 chunks; 0.9 s; peak memory 614 MiB.
2026-10-07T00:34:44Z INFO [463/500] 4b797b5d-ff35-4bcc-9b55-263ad4388efe: 72 chunks; 0.9 s; peak memory 614 MiB.
2026-10-07T00:34:45Z INFO [464/500] 4b798800-2491-4774-8076-9fc5a2a27f5a: 66 chunks; 1.3 s; peak memory 614 MiB.
2026-10-07T00:34:46Z INFO [465/500] 4b7a1d31-a1d8-447b-8347-859d28fbc79a: 117 chunks; 0.9 s; peak memory 614 MiB.
2026-10-07T00:34:47Z INFO [466/500] 4b7a4675-f591-4f89-8c82-9c683dca118a: 117 chunks; 0.9 s; peak memory 614 MiB.
2026-10-07T00:34:48Z INFO [467/500] 4b7b6c5f-3c91-4076-ab58-c0c9c6b11797: 48 chunks; 0.7 s; peak memory 614 MiB.
2026-10-07T00:34:49Z INFO [468/500] 4b7ba62d-0aaa-4371-b73e-63dc66a59d20: 48 chunks; 0.8 s; peak memory 614 MiB.
2026-10-07T00:34:50Z INFO [469/500] 4b7be82d-3a02-4aa7-a604-a1968fecaebf: 43 chunks; 0.9 s; peak memory 614 MiB.
2026-10-07T00:34:50Z INFO [470/500] 4b7bf5cf-e7a5-4f7c-946a-c6586b1ce8d4: 50 chunks; 0.7 s; peak memory 614 MiB.
2026-10-07T00:34:51Z INFO [471/500] 4b7c11fd-6cdc-4f59-9300-ccdc161ed413: 52 chunks; 0.7 s; peak memory 614 MiB.
2026-10-07T00:34:52Z INFO [472/500] 4b7c9a7f-31a2-47e7-8246-148b8f60018e: 46 chunks; 0.7 s; peak memory 614 MiB.
2026-10-07T00:34:52Z INFO [473/500] 4b7d6061-96c6-4e10-a472-2ddb810b837f: 74 chunks; 0.8 s; peak memory 614 MiB.
2026-10-07T00:34:53Z INFO [474/500] 4b7d81c6-ee96-4ce7-b9af-4c747900fd62: 117 chunks; 0.9 s; peak memory 614 MiB.
2026-10-07T00:37:22Z INFO [475/500] 4b7d9a63-b698-4342-aa62-28e2a22e744b: 44584 chunks; 148.3 s; peak memory 614 MiB.
2026-10-07T00:37:23Z INFO [476/500] 4b7ec209-b3e5-499d-a5f9-57b4e8355fde: 48 chunks; 1.1 s; peak memory 614 MiB.
2026-10-07T00:37:25Z INFO [477/500] 4b7f82c3-3e65-44d9-8f62-22497c9c171a: 997 chunks; 2.2 s; peak memory 614 MiB.
2026-10-07T00:37:26Z INFO [478/500] 4b7f9f98-a48d-4b1f-b9a6-a9a6f5fe2efa: 48 chunks; 0.9 s; peak memory 614 MiB.
2026-10-07T00:37:27Z INFO [479/500] 4b7fffd3-3592-402b-af07-e4c4ce338d1f: 69 chunks; 0.8 s; peak memory 614 MiB.
2026-10-07T00:37:27Z INFO [480/500] 4b806242-9497-4b9e-a8bc-31200fff7768: 48 chunks; 0.8 s; peak memory 614 MiB.
2026-10-07T00:37:28Z INFO [481/500] 4b8095dd-d633-44dd-aba7-d53acb99abad: 48 chunks; 0.8 s; peak memory 614 MiB.
2026-10-07T00:37:44Z INFO [482/500] 4b80bffd-1951-4f19-af49-c73cbc35c0ac: 2645 chunks; 16.2 s; peak memory 614 MiB.
2026-10-07T00:37:52Z INFO [483/500] 4b8287bc-ee5b-49c6-8993-d1d48fe63ff3: 29132 chunks; 7.7 s; peak memory 614 MiB.
2026-10-07T00:37:53Z INFO [484/500] 4b832a02-c64b-4a5e-861f-686887dd1775: 48 chunks; 0.8 s; peak memory 614 MiB.
2026-10-07T00:37:55Z INFO [485/500] 4b83d6bb-aff0-43c4-9052-6cedde3cdb6d: 997 chunks; 1.7 s; peak memory 614 MiB.
2026-10-07T00:37:55Z INFO [486/500] 4b841537-0b46-4e76-afbf-83fd8cd15b63: 46 chunks; 0.5 s; peak memory 614 MiB.
2026-10-07T00:37:56Z INFO [487/500] 4b857ec0-fd90-41ab-830f-27b90c840966: 113 chunks; 1.0 s; peak memory 614 MiB.
2026-10-07T00:37:57Z INFO [488/500] 4b85a350-6e84-439c-853e-d63363c2a54a: 52 chunks; 0.9 s; peak memory 614 MiB.
2026-10-07T00:37:58Z INFO [489/500] 4b883ebf-bc4a-4161-a89f-2ff252761532: 48 chunks; 0.8 s; peak memory 614 MiB.
2026-10-07T00:37:59Z INFO [490/500] 4b88a68f-93df-4532-a97f-8d0ff3507371: 48 chunks; 0.9 s; peak memory 614 MiB.
2026-10-07T00:37:59Z INFO [491/500] 4b88e7ab-224b-439d-8e6d-822fe280c3bd: 37 chunks; 0.7 s; peak memory 614 MiB.
2026-10-07T00:38:01Z INFO [492/500] 4b8951f1-8733-45f8-a50f-7faa502f7868: 115 chunks; 1.5 s; peak memory 614 MiB.
2026-10-07T00:38:01Z INFO [493/500] 4b897749-ff7d-47ab-b61d-40975e1f35ee: 46 chunks; 0.6 s; peak memory 614 MiB.
2026-10-07T00:38:03Z INFO [494/500] 4b899874-354b-42ec-bd29-e4b550e2f79a: 115 chunks; 1.8 s; peak memory 614 MiB.
2026-10-07T00:38:04Z INFO [495/500] 4b89d0d1-9a23-4392-b22e-a19c9f98face: 84 chunks; 0.9 s; peak memory 614 MiB.
2026-10-07T00:38:39Z INFO [496/500] 4b8a7d1b-62a8-430d-9d6a-641f5f6aac81: 9944 chunks; 34.6 s; peak memory 614 MiB.
2026-10-07T00:38:41Z INFO [497/500] 4b8b5f52-09ff-4dd2-bc39-67c4eaa97d21: 85 chunks; 2.8 s; peak memory 614 MiB.
2026-10-07T00:38:51Z INFO [498/500] 4b8c497d-2ac8-41b2-ad5a-3553aba8d33e: 46038 chunks; 9.4 s; peak memory 614 MiB.
2026-10-07T00:38:52Z INFO [499/500] 4b8e161c-4e6c-49e8-bd58-2e8c7851ac93: 112 chunks; 1.0 s; peak memory 614 MiB.
2026-10-07T00:38:55Z INFO [500/500] 4b8e1c13-89a4-4213-af04-c6d1e267d5a2: 372 chunks; 3.6 s; peak memory 614 MiB.
2026-10-07T00:38:56Z INFO [500/500] 4b8e1c13-89a4-4213-af04-c6d1e267d5a2: checkpointed 83334 records.
2026-10-07T00:38:56Z INFO Wrote 83334 records to /tmp/derivatives/valid_nwb_file_to_chunk_stats.jsonl (500 new, 0 failed) in 55.1 min (peak memory 614 MiB).
