2026-09-17T17:52:14Z INFO Logging to /tmp/logs/update_2026-09-17T17-52-14Z.log.
2026-09-17T17:52:14Z INFO Update valid-nwb-file-to-chunk-stats (base directory /tmp).
2026-09-17T17:52:14Z INFO Processing 371 items (48413 already recorded).
2026-09-17T17:52:15Z INFO [1/371] 031ead3d-5b25-470a-9e4a-ce71a59cce1e: 63 chunks; 1.0 s; peak memory 137 MiB.
2026-09-17T17:52:16Z INFO [2/371] 031eaed9-8c5a-4641-8dbc-727617a5e071: 65 chunks; 0.9 s; peak memory 139 MiB.
2026-09-17T17:52:17Z INFO [3/371] 031ec13b-5ba0-41ad-8616-4e096672c2cf: 117 chunks; 0.8 s; peak memory 141 MiB.
2026-09-17T17:52:20Z INFO [4/371] 031f08bd-8b9d-420c-a50b-1de3cbd5d026: 6652 chunks; 3.0 s; peak memory 156 MiB.
2026-09-17T17:52:20Z INFO [5/371] 031f10e6-c448-4607-bf4d-105dac9357dd: 117 chunks; 0.8 s; peak memory 156 MiB.
2026-09-17T17:52:22Z INFO [6/371] 031f7146-a42c-4d6a-a31a-1e9f2c395779: 71 chunks; 1.0 s; peak memory 156 MiB.
2026-09-17T17:52:22Z INFO [7/371] 03206baf-a88c-4c20-b780-cb8a6e42624c: 112 chunks; 1.0 s; peak memory 157 MiB.
2026-09-17T17:52:23Z INFO [8/371] 03208b4c-3453-42ce-a4bc-66ba61308329: 50 chunks; 0.7 s; peak memory 157 MiB.
2026-09-17T17:52:24Z INFO [9/371] 0320bea0-3094-4c04-a8db-461b04e6eaf2: 48 chunks; 0.7 s; peak memory 157 MiB.
2026-09-17T17:52:25Z INFO [10/371] 032137d6-d4b1-467c-a85c-973ed7513df2: 117 chunks; 0.9 s; peak memory 157 MiB.
2026-09-17T17:52:25Z INFO [11/371] 03218b80-9caf-45af-bd7f-5956e243f5b8: 58 chunks; 0.6 s; peak memory 157 MiB.
2026-09-17T17:52:27Z INFO [12/371] 0322e3f9-64b5-4e78-865e-74f060889edf: 85 chunks; 2.1 s; peak memory 157 MiB.
2026-09-17T17:52:39Z INFO [13/371] 03238fef-42c2-4294-a6a1-5267a33c07d5: 28603 chunks; 11.7 s; peak memory 199 MiB.
2026-09-17T17:52:40Z INFO [14/371] 0323b62c-bc7f-4806-9ad9-1696d2b42bb9: 230 chunks; 0.8 s; peak memory 199 MiB.
2026-09-17T17:52:41Z INFO [15/371] 0323c827-3c2a-4b92-98db-a7cac2f647c2: 997 chunks; 1.5 s; peak memory 199 MiB.
2026-09-17T17:52:42Z INFO [16/371] 0323f0ad-1a89-45ef-aaeb-cdcc6ef765df: 101 chunks; 0.6 s; peak memory 199 MiB.
2026-09-17T17:52:45Z INFO [17/371] 03254648-f5e8-4a29-b720-2ac3356e5a2f: 2923 chunks; 3.2 s; peak memory 200 MiB.
2026-09-17T17:52:47Z INFO [18/371] 0326a20f-0453-4949-b951-637340e2a5aa: 200 chunks; 2.0 s; peak memory 200 MiB.
2026-09-17T17:52:48Z INFO [19/371] 03273dca-c55a-4ca9-868c-f1fbb2860e76: 48 chunks; 0.7 s; peak memory 200 MiB.
2026-09-17T17:52:49Z INFO [20/371] 0327aa4d-71e8-4f7d-8d9d-2e032fa568f5: 48 chunks; 0.8 s; peak memory 200 MiB.
2026-09-17T17:52:50Z INFO [21/371] 03286bbd-707b-4b66-925e-04609288a358: 72 chunks; 0.8 s; peak memory 200 MiB.
2026-09-17T17:52:51Z INFO [22/371] 032934d7-f9e2-43c8-be56-d6598ec75d69: 71 chunks; 1.2 s; peak memory 200 MiB.
2026-09-17T17:52:51Z INFO [23/371] 032952f0-410a-423c-be15-f17deb371265: 48 chunks; 0.8 s; peak memory 200 MiB.
2026-09-17T17:52:52Z INFO [24/371] 03297d06-7c90-42a4-b2ca-ca1c99cfc2b7: 117 chunks; 0.9 s; peak memory 200 MiB.
2026-09-17T17:52:53Z INFO [25/371] 032a5355-e71e-4389-b744-708ec235a859: 66 chunks; 1.0 s; peak memory 200 MiB.
2026-09-17T17:52:55Z INFO [26/371] 032a6458-d3de-48c2-8b3d-d2563f742a66: 71 chunks; 1.5 s; peak memory 200 MiB.
2026-09-17T17:52:56Z INFO [27/371] 032dcb2f-2af3-44c3-aa26-ad24f3b74f98: 48 chunks; 0.7 s; peak memory 200 MiB.
2026-09-17T17:52:56Z INFO [28/371] 032de5e9-9861-4d19-8fef-58f2781bf5ef: 116 chunks; 0.8 s; peak memory 200 MiB.
2026-09-17T17:52:58Z INFO [29/371] 032dffee-1ab3-4c02-ab04-7f37a305efa5: 123 chunks; 1.5 s; peak memory 200 MiB.
2026-09-17T17:52:59Z INFO [30/371] 032e2141-b01e-44e0-8143-9a2f093892fd: 117 chunks; 0.7 s; peak memory 200 MiB.
2026-09-17T17:53:01Z INFO [31/371] 032eb711-8a39-4b7f-a927-c9e5e94b9dae: 1585 chunks; 2.4 s; peak memory 200 MiB.
2026-09-17T17:53:02Z INFO [32/371] 032f3a47-0dd7-43d1-a1e8-8c345fbc44ae: 48 chunks; 0.7 s; peak memory 200 MiB.
2026-09-17T17:53:03Z INFO [33/371] 032f4cf8-2f93-4bf6-a7eb-71866f271201: 112 chunks; 0.8 s; peak memory 200 MiB.
2026-09-17T17:53:06Z INFO [34/371] 0330349a-dfff-4bbd-9827-03414adb4d22: 231 chunks; 3.3 s; peak memory 200 MiB.
2026-09-17T17:53:06Z INFO [35/371] 03303c4c-c2f6-45f0-b66d-8938a09c6c17: 56 chunks; 0.5 s; peak memory 200 MiB.
2026-09-17T17:53:07Z INFO [36/371] 0330932f-e846-402d-8ee9-fa6148b98621: 116 chunks; 0.8 s; peak memory 200 MiB.
2026-09-17T17:53:08Z INFO [37/371] 03311cff-d6f1-425b-baa7-f0430beb5d51: 118 chunks; 1.4 s; peak memory 200 MiB.
2026-09-17T17:53:09Z INFO [38/371] 03316fb0-7256-4277-963b-a94dbfacfcf7: 48 chunks; 0.6 s; peak memory 200 MiB.
2026-09-17T17:53:10Z INFO [39/371] 033222b9-3dd6-47f5-a7de-594dd246cdfc: 48 chunks; 0.6 s; peak memory 200 MiB.
2026-09-17T17:53:11Z INFO [40/371] 033235e1-fa7c-4d33-8f15-d4a3e8f5a43d: 117 chunks; 0.8 s; peak memory 200 MiB.
2026-09-17T17:55:01Z INFO [41/371] 033296a7-f35e-45a0-9a46-3099413de401: 45810 chunks; 110.7 s; peak memory 326 MiB.
2026-09-17T17:55:02Z INFO [42/371] 0332cbac-390d-42b3-ad6d-ac42d1bf1092: 56 chunks; 0.5 s; peak memory 326 MiB.
2026-09-17T17:55:03Z INFO [43/371] 03332538-34cc-44c5-b960-273bdfbdcd73: 48 chunks; 0.8 s; peak memory 326 MiB.
2026-09-17T17:55:04Z INFO [44/371] 03338fd2-c2b9-45ea-89d0-1854e6729102: 71 chunks; 1.0 s; peak memory 326 MiB.
2026-09-17T17:55:04Z INFO [45/371] 0333f1fc-6191-4b7e-9c50-6bffc8e226bf: 109 chunks; 0.9 s; peak memory 326 MiB.
2026-09-17T17:55:05Z INFO [46/371] 03343aa5-19af-40a3-908a-199aa7ac621b: 48 chunks; 0.7 s; peak memory 326 MiB.
2026-09-17T17:55:07Z INFO [47/371] 033462b2-6abb-46df-a2fe-85fc771a18f7: 115 chunks; 1.7 s; peak memory 326 MiB.
2026-09-17T17:55:08Z INFO [48/371] 03357166-3956-4de7-8501-4d5e8d69c6ce: 116 chunks; 0.9 s; peak memory 326 MiB.
2026-09-17T17:55:10Z INFO [49/371] 0335edb5-00c2-4b57-87a4-9ff9afb2aaec: 156 chunks; 1.9 s; peak memory 326 MiB.
2026-09-17T17:55:11Z INFO [50/371] 03376a6e-24e2-4dae-a823-c32b693ad95e: 109 chunks; 0.8 s; peak memory 326 MiB.
2026-09-17T17:55:11Z INFO [50/371] 03376a6e-24e2-4dae-a823-c32b693ad95e: checkpointed 48463 records.
2026-09-17T17:55:11Z INFO [51/371] 0337823f-ffab-4e5b-9816-b6efdcceade3: 48 chunks; 0.7 s; peak memory 326 MiB.
2026-09-17T17:55:12Z INFO [52/371] 0338279c-e3fa-4d30-9bec-8342785951fa: 114 chunks; 1.0 s; peak memory 326 MiB.
2026-09-17T17:55:13Z INFO [53/371] 03383de2-51cc-467a-9b50-99e5190964c0: 46 chunks; 0.6 s; peak memory 326 MiB.
2026-09-17T17:55:14Z INFO [54/371] 0338f7d1-7504-4746-ae6d-dc45564297b3: 117 chunks; 0.7 s; peak memory 326 MiB.
2026-09-17T17:55:14Z INFO [55/371] 033999bf-6d3d-4747-a29b-c298723ab87d: 48 chunks; 0.8 s; peak memory 326 MiB.
2026-09-17T17:55:28Z INFO [56/371] 0339f9c8-7306-44a4-8ded-a74556b40692: 73714 chunks; 14.1 s; peak memory 326 MiB.
2026-09-17T17:55:29Z INFO [57/371] 033a1f6a-80d2-4a49-b9a8-9e6d5ced0d93: 143 chunks; 0.8 s; peak memory 326 MiB.
2026-09-17T17:55:30Z INFO [58/371] 033afa80-ba97-4b5a-acb9-bbd1c098de14: 48 chunks; 0.7 s; peak memory 326 MiB.
2026-09-17T17:55:31Z INFO [59/371] 033b5034-77c7-4a7c-8b99-61355fc77c85: 48 chunks; 0.8 s; peak memory 326 MiB.
2026-09-17T17:55:33Z INFO [60/371] 033b80a3-9b9b-4727-888d-e0ab54a1d97f: 115 chunks; 1.8 s; peak memory 326 MiB.
2026-09-17T17:55:33Z INFO [61/371] 033d382a-2c62-4ffe-bb74-96206a90494f: 117 chunks; 0.8 s; peak memory 326 MiB.
2026-09-17T17:55:35Z INFO [62/371] 033d8d0b-cea4-46cc-bfb3-e61d0c0752fb: 119 chunks; 1.5 s; peak memory 326 MiB.
2026-09-17T17:55:36Z INFO [63/371] 033d9c38-e089-4acd-98d1-f9ddea1d2f1f: 117 chunks; 0.8 s; peak memory 326 MiB.
2026-09-17T17:55:36Z INFO [64/371] 033e4d1b-3d5a-47f9-9bd9-84f13d5b61b0: 48 chunks; 0.7 s; peak memory 326 MiB.
2026-09-17T17:57:12Z INFO [65/371] 033e5861-9814-4ea9-954f-274d18eb7bee: 37969 chunks; 95.8 s; peak memory 326 MiB.
2026-09-17T17:57:13Z INFO [66/371] 033ec5e9-54cd-42e6-89dc-8c322e840af7: 116 chunks; 0.7 s; peak memory 326 MiB.
2026-09-17T17:57:16Z INFO [67/371] 033ec793-815e-45de-8b0a-5a757a24088e: 484 chunks; 3.1 s; peak memory 326 MiB.
2026-09-17T17:57:17Z INFO [68/371] 033ecaf2-4476-4e89-b35f-62e574b72276: 48 chunks; 0.6 s; peak memory 326 MiB.
2026-09-17T17:57:21Z INFO [69/371] 033f1196-2003-4a85-9a8d-74c8be3f959c: 4131 chunks; 4.5 s; peak memory 326 MiB.
2026-09-17T17:57:26Z INFO [70/371] 033f30d2-fded-43cc-92bf-5072c7f2ea79: 4133 chunks; 5.1 s; peak memory 326 MiB.
2026-09-17T17:57:27Z INFO [71/371] 033ff4cc-fbf8-417e-ba0a-e80109ef5570: 131 chunks; 0.9 s; peak memory 326 MiB.
2026-09-17T17:57:28Z INFO [72/371] 0340759f-74fc-41fc-9fc9-605074496141: 46 chunks; 0.5 s; peak memory 326 MiB.
2026-09-17T17:57:28Z INFO [73/371] 0340dde7-e96d-4987-a010-3b1df685f62d: 71 chunks; 0.9 s; peak memory 326 MiB.
2026-09-17T17:57:29Z INFO [74/371] 0341d644-1a05-46c4-8ca1-0a92757b37e9: 48 chunks; 0.6 s; peak memory 326 MiB.
2026-09-17T17:57:30Z INFO [75/371] 03420196-33e6-459e-92e4-90fc641aa13b: 113 chunks; 1.0 s; peak memory 326 MiB.
2026-09-17T17:57:40Z INFO [76/371] 0342434a-7129-40e7-9047-553015a90051: 3602 chunks; 10.1 s; peak memory 326 MiB.
2026-09-17T17:57:41Z INFO [77/371] 034337ce-552e-4693-a83c-51edff94dfde: 48 chunks; 0.7 s; peak memory 326 MiB.
2026-09-17T17:57:42Z INFO [78/371] 03439f5b-5ab5-439c-84d4-76c216a1193e: 112 chunks; 0.8 s; peak memory 326 MiB.
2026-09-17T17:57:43Z INFO [79/371] 0343e283-6f6b-476b-a17d-cdd0aa50c35b: 115 chunks; 1.7 s; peak memory 326 MiB.
2026-09-17T17:57:44Z INFO [80/371] 03445840-960f-4596-bf0a-9a4b4bbb4f13: 48 chunks; 0.8 s; peak memory 326 MiB.
2026-09-17T17:57:46Z INFO [81/371] 03455b72-9749-4c19-87c7-170f51106c83: 78 chunks; 1.4 s; peak memory 326 MiB.
2026-09-17T17:57:46Z INFO [82/371] 03458a9e-f0ea-4e95-9c55-75721462acf5: 46 chunks; 0.7 s; peak memory 326 MiB.
2026-09-17T17:57:47Z INFO [83/371] 0345d8a3-a5cc-4dbd-a587-119fa099bb0b: 69 chunks; 0.6 s; peak memory 326 MiB.
2026-09-17T17:57:47Z INFO [84/371] 0345fb05-12ed-4af4-b459-128708850477: 162 chunks; 0.6 s; peak memory 326 MiB.
2026-09-17T17:57:49Z INFO [85/371] 03463604-5296-48a3-9169-c90c6e33cad7: 132 chunks; 1.2 s; peak memory 326 MiB.
2026-09-17T17:57:49Z INFO [86/371] 0346ae94-a3ce-4f8a-bc61-d57ef25bd925: 117 chunks; 0.8 s; peak memory 326 MiB.
2026-09-17T17:57:50Z INFO [87/371] 03476e20-8bd0-461e-8f65-dd198fdf4fc0: 48 chunks; 0.7 s; peak memory 326 MiB.
2026-09-17T17:57:52Z INFO [88/371] 0348611c-b226-4e37-9a7a-df0669cb1782: 71 chunks; 1.4 s; peak memory 326 MiB.
2026-09-17T17:57:52Z INFO [89/371] 0348beb6-a9ca-4c0c-b413-ad8397de3c7d: 112 chunks; 0.8 s; peak memory 326 MiB.
2026-09-17T17:57:53Z INFO [90/371] 0348cc8f-2c8e-4bee-910d-f297f822aab0: 117 chunks; 0.7 s; peak memory 326 MiB.
2026-09-17T17:57:58Z INFO [91/371] 034990bf-01fe-42f3-b6f1-a9374dcd0066: 16181 chunks; 5.0 s; peak memory 326 MiB.
2026-09-17T17:57:59Z INFO [92/371] 034a4374-232d-401c-9288-31e5ef206670: 48 chunks; 0.7 s; peak memory 326 MiB.
2026-09-17T17:58:00Z INFO [93/371] 034ad8f1-bf60-41dd-bacd-c9ee2d7c71d0: 112 chunks; 0.8 s; peak memory 326 MiB.
2026-09-17T17:58:00Z INFO [94/371] 034b24e2-b699-442d-9625-35dbee1395ef: 48 chunks; 0.8 s; peak memory 326 MiB.
2026-09-17T17:58:01Z INFO [95/371] 034b904a-2535-4ebb-b627-0d294caa08fe: 48 chunks; 0.6 s; peak memory 326 MiB.
2026-09-17T17:58:02Z INFO [96/371] 034d5b77-441e-43a2-a04d-6bedd64b3fc3: 121 chunks; 0.7 s; peak memory 326 MiB.
2026-09-17T17:58:02Z INFO [97/371] 034e23ca-affb-43b4-aebe-02162fde2e1f: 52 chunks; 0.7 s; peak memory 326 MiB.
2026-09-17T17:58:03Z INFO [98/371] 034e72c9-7891-4cec-aa2d-7579701e253f: 48 chunks; 0.8 s; peak memory 326 MiB.
2026-09-17T17:58:09Z INFO [99/371] 034eb273-1e8a-4410-949e-a6871b2c0e83: 14876 chunks; 6.1 s; peak memory 326 MiB.
2026-09-17T17:58:10Z INFO [100/371] 034ed842-a008-4d73-a069-caf9d4a462f9: 48 chunks; 0.7 s; peak memory 326 MiB.
2026-09-17T17:58:10Z INFO [100/371] 034ed842-a008-4d73-a069-caf9d4a462f9: checkpointed 48513 records.
2026-09-17T17:58:11Z INFO [101/371] 034f70b8-dde7-400e-bf1c-b38c8ea64315: 48 chunks; 0.6 s; peak memory 326 MiB.
2026-09-17T17:58:11Z INFO [102/371] 034f976b-103c-455a-adfd-b202c3142320: 41 chunks; 0.5 s; peak memory 326 MiB.
2026-09-17T17:58:12Z INFO [103/371] 035055d4-b113-430a-bd48-87ab6d55cef5: 69 chunks; 0.6 s; peak memory 326 MiB.
2026-09-17T17:58:13Z INFO [104/371] 0350bdf8-0463-49a4-9e14-223b6b99aa54: 66 chunks; 0.9 s; peak memory 326 MiB.
2026-09-17T17:58:13Z INFO [105/371] 0350cb7a-ae83-4a02-8bba-48f1d394070d: 48 chunks; 0.7 s; peak memory 326 MiB.
2026-09-17T17:58:14Z INFO [106/371] 03513beb-e6d7-4426-ad0b-8eb6c2d9a3e9: 52 chunks; 0.7 s; peak memory 326 MiB.
2026-09-17T17:58:15Z INFO [107/371] 03522f7c-36a3-47f8-80c3-05315333f89a: 48 chunks; 0.6 s; peak memory 326 MiB.
2026-09-17T17:58:15Z INFO [108/371] 03525e41-fd14-4324-bb75-1151a39a89d0: 78 chunks; 0.7 s; peak memory 326 MiB.
2026-09-17T17:58:23Z INFO [109/371] 0353b161-e5c3-4d09-a8f9-2002c88a197b: 19523 chunks; 7.6 s; peak memory 326 MiB.
2026-09-17T17:58:28Z INFO [110/371] 035407c0-01e5-4282-9881-2a82cb6e0ece: 3556 chunks; 4.7 s; peak memory 326 MiB.
2026-09-17T17:58:28Z INFO [111/371] 03541dbd-fdb1-4dc0-b4d5-3c93f12ca306: 116 chunks; 0.8 s; peak memory 326 MiB.
2026-09-17T17:58:29Z INFO [112/371] 03553748-7730-479c-99f0-944d400569a3: 48 chunks; 0.9 s; peak memory 326 MiB.
2026-09-17T17:58:30Z INFO [113/371] 0356024c-a95a-4d6c-9553-cef9c890bb6c: 46 chunks; 0.6 s; peak memory 326 MiB.
2026-09-17T17:58:30Z INFO [114/371] 0356e792-4015-459e-85b5-84883cd137c7: 48 chunks; 0.6 s; peak memory 326 MiB.
2026-09-17T17:58:31Z INFO [115/371] 0357d8f4-06f6-47a9-a340-cc12d5160c31: 48 chunks; 0.7 s; peak memory 326 MiB.
2026-09-17T17:58:32Z INFO [116/371] 03584060-6183-4d46-8aef-e03954523b2c: 131 chunks; 0.7 s; peak memory 326 MiB.
2026-09-17T17:58:33Z INFO [117/371] 035963d3-35e8-4a3e-ab35-e777ea8f180b: 49 chunks; 0.8 s; peak memory 326 MiB.
2026-09-17T18:10:44Z INFO [118/371] 0359ab7f-ead0-4d29-89a3-2d7b222ee960: 384095 chunks; 731.1 s; peak memory 1135 MiB.
2026-09-17T18:10:45Z INFO [119/371] 035d2ab2-b408-4024-9734-08f4001b6fef: 66 chunks; 1.2 s; peak memory 1135 MiB.
2026-09-17T18:11:00Z INFO [120/371] 035d7e09-4b1e-4e55-aba2-0108c0307bda: 24259 chunks; 14.7 s; peak memory 1135 MiB.
2026-09-17T18:11:00Z INFO [121/371] 035e4100-b31d-46ee-8cf3-cffd1b45bb9b: 69 chunks; 0.7 s; peak memory 1135 MiB.
2026-09-17T18:11:01Z INFO [122/371] 035e8698-2903-4745-96d1-cbf452b495a6: 112 chunks; 0.9 s; peak memory 1135 MiB.
2026-09-17T18:11:02Z INFO [123/371] 035ea321-9263-492e-bf39-ac90bbc1e076: 162 chunks; 0.8 s; peak memory 1135 MiB.
2026-09-17T18:11:03Z INFO [124/371] 035f8da8-c282-4763-acd1-e6e254f65d29: 71 chunks; 1.1 s; peak memory 1135 MiB.
2026-09-17T18:11:05Z INFO [125/371] 035fb1c0-567d-4f59-9140-f0d7cdd67882: 71 chunks; 1.3 s; peak memory 1135 MiB.
2026-09-17T18:11:05Z INFO [126/371] 035ff603-49ef-41ce-bf8f-38e39f6f0780: 48 chunks; 0.7 s; peak memory 1135 MiB.
2026-09-17T18:11:07Z INFO [127/371] 036089c0-5bef-4f09-97b1-bc7e5ddaa441: 115 chunks; 1.5 s; peak memory 1135 MiB.
2026-09-17T18:11:07Z INFO [128/371] 0360b7ac-16ea-4852-823d-6525164e418d: 48 chunks; 0.7 s; peak memory 1135 MiB.
2026-09-17T18:11:08Z INFO [129/371] 0360e12b-d6c4-4094-bc19-6a125f427d38: 48 chunks; 0.6 s; peak memory 1135 MiB.
2026-09-17T18:11:10Z INFO [130/371] 0361752b-de7f-4a93-b272-4e35b9987ed0: 80 chunks; 1.7 s; peak memory 1135 MiB.
2026-09-17T18:11:10Z INFO [131/371] 036212a9-0cc2-4b88-af0f-f2ac683244f0: 45 chunks; 0.7 s; peak memory 1135 MiB.
2026-09-17T18:11:11Z INFO [132/371] 036217bf-e4b1-433e-8ca7-f2193e63991a: 48 chunks; 0.7 s; peak memory 1135 MiB.
2026-09-17T18:11:12Z INFO [133/371] 0362a1f6-e2d0-4115-9d80-477aca7e9258: 52 chunks; 0.7 s; peak memory 1135 MiB.
2026-09-17T18:11:13Z INFO [134/371] 0362fbde-a28a-428a-a17c-bfee09afdb6c: 118 chunks; 0.9 s; peak memory 1135 MiB.
2026-09-17T18:11:14Z INFO [135/371] 0363223b-f442-47fe-ba10-461f0d59c477: 117 chunks; 0.8 s; peak memory 1135 MiB.
2026-09-17T18:11:17Z INFO [136/371] 0363be5b-35e7-48c3-99eb-2114cd2f852d: 4573 chunks; 3.9 s; peak memory 1135 MiB.
2026-09-17T18:11:18Z INFO [137/371] 03640b7e-7a8d-4421-99d8-3b7ab51d3ff5: 71 chunks; 1.0 s; peak memory 1135 MiB.
2026-09-17T18:13:01Z INFO [138/371] 036479ff-b638-4212-9329-6b5454fdc7a7: 40654 chunks; 102.7 s; peak memory 1135 MiB.
2026-09-17T18:13:05Z INFO [139/371] 03649a8b-8d4d-4ae8-93d3-a7de6d91de8e: 9500 chunks; 3.8 s; peak memory 1135 MiB.
2026-09-17T18:13:06Z INFO [140/371] 03663897-00d6-4966-8eed-80ffbf7b9ea5: 112 chunks; 0.7 s; peak memory 1135 MiB.
2026-09-17T18:13:06Z INFO [141/371] 0366e129-5f82-43db-8a33-33fea8391cb4: 45 chunks; 0.6 s; peak memory 1135 MiB.
2026-09-17T18:15:50Z INFO [142/371] 0366fa38-44be-4caa-8366-abf46045e308: 1916257 chunks; 164.3 s; peak memory 1268 MiB.
2026-09-17T18:15:51Z INFO [143/371] 036719e6-8d14-44a8-853b-8b7cd6c94ebd: 66 chunks; 1.0 s; peak memory 1268 MiB.
2026-09-17T18:15:52Z INFO [144/371] 036787b8-1205-4ca6-ae07-fa30d6d9ab41: 48 chunks; 0.7 s; peak memory 1268 MiB.
2026-09-17T18:15:53Z INFO [145/371] 0367d7ed-5bfe-4f60-b1eb-5fa6b7a33595: 69 chunks; 0.7 s; peak memory 1268 MiB.
2026-09-17T18:15:55Z INFO [146/371] 03686970-8ef3-4fe1-b01a-fd5336f55a48: 116 chunks; 1.8 s; peak memory 1268 MiB.
2026-09-17T18:15:58Z INFO [147/371] 036886da-2908-4b4d-acc4-4012b20eb69f: 7761 chunks; 3.2 s; peak memory 1268 MiB.
2026-09-17T18:15:59Z INFO [148/371] 036a6fbe-2be9-4f4b-abe5-22cd936dda6b: 112 chunks; 0.8 s; peak memory 1268 MiB.
2026-09-17T18:16:00Z INFO [149/371] 036b84a2-7fb0-4fe5-abe3-0b664f03ea46: 48 chunks; 0.7 s; peak memory 1268 MiB.
2026-09-17T18:16:02Z INFO [150/371] 036cb812-7e39-44ed-a7aa-46f6d17f3a92: 156 chunks; 2.0 s; peak memory 1268 MiB.
2026-09-17T18:16:02Z INFO [150/371] 036cb812-7e39-44ed-a7aa-46f6d17f3a92: checkpointed 48563 records.
2026-09-17T18:16:03Z INFO [151/371] 036d9166-d206-48d0-84e2-8d0e0e7bde9d: 48 chunks; 0.7 s; peak memory 1268 MiB.
2026-09-17T18:16:03Z INFO [152/371] 036ea15c-6a03-4daa-934e-4daf8ac79520: 45 chunks; 0.5 s; peak memory 1268 MiB.
2026-09-17T18:16:04Z INFO [153/371] 036eff90-215e-4412-8c74-6089062aa4f8: 48 chunks; 0.7 s; peak memory 1268 MiB.
2026-09-17T18:16:04Z INFO [154/371] 037021f4-bd1b-4183-a264-cd79e76aa68e: 48 chunks; 0.8 s; peak memory 1268 MiB.
2026-09-17T18:16:07Z INFO [155/371] 03707dbc-8304-479c-88a1-a5b36a8cedde: 788 chunks; 2.9 s; peak memory 1268 MiB.
2026-09-17T18:16:08Z INFO [156/371] 03709c6c-40e9-49bd-a214-1eb46261bec9: 116 chunks; 0.8 s; peak memory 1268 MiB.
2026-09-17T18:16:09Z INFO [157/371] 0370fc2d-5cb0-4049-bc05-f0f9fcd935e0: 50 chunks; 0.6 s; peak memory 1268 MiB.
2026-09-17T18:16:13Z INFO [158/371] 03713bf2-9ef7-4fe2-92e4-f2887fa4bfe5: 4151 chunks; 4.0 s; peak memory 1268 MiB.
2026-09-17T18:16:13Z INFO [159/371] 0371cdd7-3bf7-45a4-900a-2c90a2541dbd: 230 chunks; 0.8 s; peak memory 1268 MiB.
2026-09-17T18:16:14Z INFO [160/371] 0372dbd7-aab3-4eef-9313-41693dae00cb: 557 chunks; 0.8 s; peak memory 1268 MiB.
2026-09-17T18:16:15Z INFO [161/371] 0373060e-42f4-48b6-ad0c-5ce065996e9d: 62 chunks; 1.1 s; peak memory 1268 MiB.
2026-09-17T18:16:16Z INFO [162/371] 03738ca4-472d-4510-8fc5-d05f1f6c1891: 90 chunks; 0.8 s; peak memory 1268 MiB.
2026-09-17T18:16:17Z INFO [163/371] 0373e678-f683-488e-af98-8e4856874447: 48 chunks; 0.6 s; peak memory 1268 MiB.
2026-09-17T18:16:17Z INFO [164/371] 03742bde-edac-4f4e-98b2-8a356d10fd35: 48 chunks; 0.7 s; peak memory 1268 MiB.
2026-09-17T18:16:20Z INFO [165/371] 0375a406-f151-4e99-8ff4-3cb5ff79e2be: 7445 chunks; 2.8 s; peak memory 1268 MiB.
2026-09-17T18:16:22Z INFO [166/371] 037606f9-1415-4829-b7b9-84bf50525328: 1061 chunks; 1.5 s; peak memory 1268 MiB.
2026-09-17T18:16:23Z INFO [167/371] 03761aa2-e0ab-4711-bcf1-0df897c3b356: 118 chunks; 0.8 s; peak memory 1268 MiB.
2026-09-17T18:16:23Z INFO [168/371] 03763b46-a5d2-4443-b896-f8576bd92ee2: 117 chunks; 0.7 s; peak memory 1268 MiB.
2026-09-17T18:16:24Z INFO [169/371] 0376e06d-727c-4fef-8e83-262f298427ed: 46 chunks; 0.6 s; peak memory 1268 MiB.
2026-09-17T18:16:26Z INFO [170/371] 03774c71-940e-4149-8d0b-ba76e76e0236: 146 chunks; 1.7 s; peak memory 1268 MiB.
2026-09-17T18:16:29Z INFO [171/371] 03778925-295d-43ad-88cc-0a7f42ab901e: 3685 chunks; 3.8 s; peak memory 1268 MiB.
2026-09-17T18:16:30Z INFO [172/371] 0378476f-30d8-4389-9f55-b06da2f87969: 46 chunks; 0.5 s; peak memory 1268 MiB.
2026-09-17T18:16:35Z INFO [173/371] 0378a803-fd3f-4fa4-9923-caf25115bd4b: 6968 chunks; 5.5 s; peak memory 1268 MiB.
2026-09-17T18:16:36Z INFO [174/371] 0378ef84-ebd7-4071-9b98-2bca75bbbbfd: 48 chunks; 0.7 s; peak memory 1268 MiB.
2026-09-17T18:16:36Z INFO [175/371] 0379d168-f025-4d92-b771-370c4649d0c4: 52 chunks; 0.5 s; peak memory 1268 MiB.
2026-09-17T18:16:37Z INFO [176/371] 0379d6a0-79d9-4ad9-a764-b1b39654b486: 112 chunks; 0.9 s; peak memory 1268 MiB.
2026-09-17T18:16:39Z INFO [177/371] 037a2481-0021-4d3e-94a9-1d8e2433bc31: 119 chunks; 1.4 s; peak memory 1268 MiB.
2026-09-17T18:16:40Z INFO [178/371] 037cc826-b4af-4b24-96ae-c69590ebb7ad: 46 chunks; 0.8 s; peak memory 1268 MiB.
2026-09-17T18:16:40Z INFO [179/371] 037ccd47-6fbe-44dd-9ba1-56bf4fcead9f: 112 chunks; 0.6 s; peak memory 1268 MiB.
2026-09-17T18:16:42Z INFO [180/371] 037d8044-a686-420e-a16a-f9b7d6882569: 156 chunks; 1.9 s; peak memory 1268 MiB.
2026-09-17T18:16:49Z INFO [181/371] 037dc24e-bf2f-4947-b955-4697dd11e0cb: 16478 chunks; 7.1 s; peak memory 1268 MiB.
2026-09-17T18:16:50Z INFO [182/371] 037df688-fca5-4097-88b3-0413aab59c30: 117 chunks; 0.8 s; peak memory 1268 MiB.
2026-09-17T18:16:51Z INFO [183/371] 037ea6ad-f988-4a52-b30e-562c3cc2ff48: 46 chunks; 0.6 s; peak memory 1268 MiB.
2026-09-17T18:16:51Z INFO [184/371] 037f50e6-fae5-42ce-9dc4-11d02b4034b2: 117 chunks; 0.7 s; peak memory 1268 MiB.
2026-09-17T18:16:52Z INFO [185/371] 037fde98-30cd-4670-87be-56f204cfb77f: 52 chunks; 0.7 s; peak memory 1268 MiB.
2026-09-17T18:16:56Z INFO [186/371] 03803394-d5db-424f-9c60-17d991a73213: 2923 chunks; 3.7 s; peak memory 1268 MiB.
2026-09-17T18:17:06Z INFO [187/371] 03808049-e471-43e6-a4c4-075e3b3f3974: 4642 chunks; 9.8 s; peak memory 1268 MiB.
2026-09-17T18:17:06Z INFO [188/371] 0380e52a-2f7c-43af-b27b-f6fc0841e451: 44 chunks; 0.7 s; peak memory 1268 MiB.
2026-09-17T18:17:11Z INFO [189/371] 038134b3-bc1e-4334-94d0-ae8f198d6b1a: 168 chunks; 4.5 s; peak memory 1268 MiB.
2026-09-17T18:17:11Z INFO [190/371] 038183b2-a835-494d-940b-10a31c6cccc5: 48 chunks; 0.7 s; peak memory 1268 MiB.
2026-09-17T18:17:16Z INFO [191/371] 038194e0-373a-4790-adc4-0c6b11f55738: 4151 chunks; 4.2 s; peak memory 1268 MiB.
2026-09-17T18:17:19Z INFO [192/371] 0381be98-811c-4d5b-b081-b55bf974a24f: 2922 chunks; 3.3 s; peak memory 1268 MiB.
2026-09-17T18:17:20Z INFO [193/371] 0381de47-4144-482f-a992-96c3a17298eb: 66 chunks; 1.0 s; peak memory 1268 MiB.
2026-09-17T18:17:21Z INFO [194/371] 038234fb-22d2-4c07-928f-12d0c1b51ae4: 48 chunks; 0.8 s; peak memory 1268 MiB.
2026-09-17T18:17:21Z INFO [195/371] 0382536b-e6b3-454c-873a-5ed0dc1a43e8: 48 chunks; 0.7 s; peak memory 1268 MiB.
2026-09-17T18:17:22Z INFO [196/371] 03825f7f-c4a4-477e-a9a8-7d04f1c54d1e: 48 chunks; 0.7 s; peak memory 1268 MiB.
2026-09-17T18:17:23Z INFO [197/371] 038272e9-ecd2-42a0-9f42-9cab74b414aa: 71 chunks; 1.3 s; peak memory 1268 MiB.
2026-09-17T18:17:24Z INFO [198/371] 0384894a-ba22-4def-b826-358147c4a6ac: 118 chunks; 0.8 s; peak memory 1268 MiB.
2026-09-17T18:17:25Z INFO [199/371] 0384e90d-2a50-472b-a550-0453a40ad71d: 112 chunks; 1.1 s; peak memory 1268 MiB.
2026-09-17T18:17:29Z INFO [200/371] 0384f663-434d-4c13-be2c-4647b82f3df9: 8809 chunks; 3.7 s; peak memory 1268 MiB.
2026-09-17T18:17:29Z INFO [200/371] 0384f663-434d-4c13-be2c-4647b82f3df9: checkpointed 48613 records.
2026-09-17T18:17:30Z INFO [201/371] 03856ec4-c434-4210-9f5b-13ca6e24194b: 117 chunks; 0.8 s; peak memory 1268 MiB.
2026-09-17T18:17:31Z INFO [202/371] 0385905e-2a51-48fa-bf1a-9cf23edc22fb: 48 chunks; 0.6 s; peak memory 1268 MiB.
2026-09-17T18:17:31Z INFO [203/371] 0386a02a-eaff-4478-b1f4-a938a2160048: 112 chunks; 0.9 s; peak memory 1268 MiB.
2026-09-17T18:17:32Z INFO [204/371] 0386b5ca-8880-4c62-9131-9220e031e0c5: 86 chunks; 1.1 s; peak memory 1268 MiB.
2026-09-17T18:20:48Z INFO [205/371] 0387b816-4191-4a71-9ace-6e2db1b542e3: 75698 chunks; 195.1 s; peak memory 1268 MiB.
2026-09-17T18:20:48Z INFO [206/371] 0387d379-e527-4ccd-a19d-65f67cbc57e9: 54 chunks; 0.7 s; peak memory 1268 MiB.
2026-09-17T18:20:52Z INFO [207/371] 03881080-0cee-4919-98a4-c6935d8728f5: 1246 chunks; 3.8 s; peak memory 1268 MiB.
2026-09-17T18:21:05Z INFO [208/371] 038886df-d3d1-40a6-a2af-d7ca9b52f7a9: 428 chunks; 12.9 s; peak memory 1268 MiB.
2026-09-17T18:22:13Z INFO [209/371] 03889d5a-cb7b-4075-9e29-76998f7b4415: 22125 chunks; 68.1 s; peak memory 1268 MiB.
2026-09-17T18:22:14Z INFO [210/371] 038a042a-5490-4cf6-8378-9588f87dd5a1: 70 chunks; 1.1 s; peak memory 1268 MiB.
2026-09-17T18:22:15Z INFO [211/371] 038a4292-b217-470f-a391-05e1c74b98d4: 66 chunks; 1.1 s; peak memory 1268 MiB.
2026-09-17T18:22:24Z INFO [212/371] 038b3ef0-9086-42a9-9bad-3fa4363ad2d3: 13703 chunks; 9.0 s; peak memory 1268 MiB.
2026-09-17T18:22:25Z INFO [213/371] 038b8a2c-7110-4968-b26a-833665d3e660: 52 chunks; 0.7 s; peak memory 1268 MiB.
2026-09-17T18:22:26Z INFO [214/371] 038b916d-c662-41f5-b252-be5af7f16f1b: 48 chunks; 0.7 s; peak memory 1268 MiB.
2026-09-17T18:22:26Z INFO [215/371] 038bb7af-8f71-4efe-94de-42cd1a53645f: 48 chunks; 0.7 s; peak memory 1268 MiB.
2026-09-17T18:22:28Z INFO [216/371] 038bd1e2-e633-4df0-9339-f4f0f53892c0: 138 chunks; 1.5 s; peak memory 1268 MiB.
2026-09-17T18:22:28Z INFO [217/371] 038c0213-f647-4242-8202-9c2d8ac11f9a: 48 chunks; 0.7 s; peak memory 1268 MiB.
2026-09-17T18:22:29Z INFO [218/371] 038c0e2e-ce3f-4d9f-bc7f-39cb36d79973: 66 chunks; 0.9 s; peak memory 1268 MiB.
2026-09-17T18:22:30Z INFO [219/371] 038c8610-fc84-4f5e-bd30-a02b0cd2f71a: 112 chunks; 0.9 s; peak memory 1268 MiB.
2026-09-17T18:22:31Z INFO [220/371] 038d3a18-6555-4ffa-8e6a-4c729c1cae03: 48 chunks; 0.8 s; peak memory 1268 MiB.
2026-09-17T18:24:21Z INFO [221/371] 038e83e3-15c5-4c4b-b7f6-c963c08872a4: 40720 chunks; 109.6 s; peak memory 1268 MiB.
2026-09-17T19:31:56Z INFO [222/371] 038e862e-af4c-41e5-b854-df32655313a2: 1257708 chunks; 4054.8 s; peak memory 1268 MiB.
2026-09-17T19:31:57Z INFO [223/371] 038e9f92-1210-476e-ba7d-074d3556f11f: 69 chunks; 1.0 s; peak memory 1268 MiB.
2026-09-17T19:31:57Z INFO [224/371] 038fcdba-f7db-4d74-948d-a3ac9cfd5915: 70 chunks; 0.9 s; peak memory 1268 MiB.
2026-09-17T19:33:38Z INFO [225/371] 039207c0-4a31-4e05-ad1e-ae1fd5f680c9: 41165 chunks; 100.7 s; peak memory 1268 MiB.
2026-09-17T19:33:59Z INFO [226/371] 03922b26-2eef-463d-a371-53a5f646996a: 16419 chunks; 20.6 s; peak memory 1268 MiB.
2026-09-17T19:34:00Z INFO [227/371] 0392390a-1394-43ec-8f92-a41ff48a5330: 48 chunks; 0.8 s; peak memory 1268 MiB.
2026-09-17T19:34:00Z INFO [228/371] 039270cd-caf4-41aa-9915-2db759fa38f0: 48 chunks; 0.9 s; peak memory 1268 MiB.
2026-09-17T19:34:01Z INFO [229/371] 0392fa54-4a52-4f0e-9d53-7075f1c28b4c: 117 chunks; 0.8 s; peak memory 1268 MiB.
2026-09-17T19:34:02Z INFO [230/371] 03931d6a-9e56-4814-970e-f001e480b8ff: 937 chunks; 1.2 s; peak memory 1268 MiB.
2026-09-17T19:34:07Z INFO [231/371] 03931e1c-d46d-4a66-9463-89358dea1f67: 288 chunks; 4.1 s; peak memory 1268 MiB.
2026-09-17T19:34:08Z INFO [232/371] 03933ea7-7826-4186-ae73-3a8d682e4f91: 70 chunks; 1.0 s; peak memory 1268 MiB.
2026-09-17T19:34:11Z INFO [233/371] 03938cf8-73c2-43e3-b780-3e71ef11af85: 13989 chunks; 3.7 s; peak memory 1268 MiB.
2026-09-17T19:34:12Z INFO [234/371] 0393e4a6-ef56-4c93-b8ac-c57261604b59: 48 chunks; 0.9 s; peak memory 1268 MiB.
2026-09-17T19:34:13Z INFO [235/371] 03941e56-4e9e-4d62-9ad1-8e888d8334c2: 116 chunks; 0.8 s; peak memory 1268 MiB.
2026-09-17T19:34:18Z INFO [236/371] 039703c1-53c3-4e73-a60e-f10d7dbe6e94: 4133 chunks; 5.0 s; peak memory 1268 MiB.
2026-09-17T19:34:19Z INFO [237/371] 0397ef67-0ee3-4089-9ba2-a67dc785574e: 57 chunks; 0.5 s; peak memory 1268 MiB.
2026-09-17T19:34:19Z INFO [238/371] 03996b24-aa29-4a9f-9e7d-afc90dd192bc: 117 chunks; 0.8 s; peak memory 1268 MiB.
2026-09-17T19:34:20Z INFO [239/371] 0399c9f9-f6e5-4b05-bc4b-f0976b098de7: 52 chunks; 0.9 s; peak memory 1268 MiB.
2026-09-17T19:34:25Z INFO [240/371] 039a8e9f-03ab-42ce-ab23-f7f1917c8efc: 8433 chunks; 5.0 s; peak memory 1268 MiB.
2026-09-17T19:34:26Z INFO [241/371] 039aca19-51c5-417f-b025-f289b5a126e8: 48 chunks; 0.8 s; peak memory 1268 MiB.
2026-09-17T19:34:27Z INFO [242/371] 039d7c13-1b49-478e-b185-0da55623d5e4: 112 chunks; 0.9 s; peak memory 1268 MiB.
2026-09-17T19:34:27Z INFO [243/371] 039dfb93-755f-42dd-ba72-72eb816d1896: 48 chunks; 0.6 s; peak memory 1268 MiB.
2026-09-17T19:34:28Z INFO [244/371] 039e6a41-6d9e-4f0e-ae11-4eb371eeb343: 79 chunks; 0.7 s; peak memory 1268 MiB.
2026-09-17T19:34:29Z INFO [245/371] 039f006c-4037-4ce5-bef0-b242cda999cc: 48 chunks; 0.7 s; peak memory 1268 MiB.
2026-09-17T19:34:30Z INFO [246/371] 039f59ff-aba0-49e4-89d6-a1d348efaccb: 69 chunks; 0.8 s; peak memory 1268 MiB.
2026-09-17T19:34:31Z INFO [247/371] 03a17e83-a36b-4d24-b5b3-0d96f7605f30: 580 chunks; 1.1 s; peak memory 1268 MiB.
2026-09-17T19:34:32Z INFO [248/371] 03a1ce5e-d662-4fb7-8ed3-d30673b7fa91: 112 chunks; 0.9 s; peak memory 1268 MiB.
2026-09-17T19:34:33Z INFO [249/371] 03a26f08-21ed-4f08-be0e-faa65c3bcb32: 116 chunks; 0.8 s; peak memory 1268 MiB.
2026-09-17T19:34:34Z INFO [250/371] 03a2737c-b6ef-4224-aca3-7f33b8d06a4b: 71 chunks; 1.2 s; peak memory 1268 MiB.
2026-09-17T19:34:34Z INFO [250/371] 03a2737c-b6ef-4224-aca3-7f33b8d06a4b: checkpointed 48663 records.
2026-09-17T19:34:37Z INFO [251/371] 03a2f8b6-7b65-4b54-acc3-8cbf488ab5bf: 2311 chunks; 3.4 s; peak memory 1268 MiB.
2026-09-17T19:34:38Z INFO [252/371] 03a3b0b4-315d-4444-a022-99405b0c50a0: 58 chunks; 0.5 s; peak memory 1268 MiB.
2026-09-17T19:34:39Z INFO [253/371] 03a439fd-b93b-4820-92ab-8df48b85f4c8: 117 chunks; 0.9 s; peak memory 1268 MiB.
2026-09-17T19:34:39Z INFO [254/371] 03a49dc1-dfcb-4697-8e81-ef96a9c512bb: 48 chunks; 0.7 s; peak memory 1268 MiB.
2026-09-17T19:34:44Z INFO [255/371] 03a5817e-9949-455f-9c24-6da9777c5cb4: 2922 chunks; 4.3 s; peak memory 1268 MiB.
2026-09-17T19:34:45Z INFO [256/371] 03a5d4d1-7069-4cb7-821f-eead93b6e976: 174 chunks; 1.0 s; peak memory 1268 MiB.
2026-09-17T19:34:46Z INFO [257/371] 03a66085-f01b-4651-b51b-9fc9e3f9aaf6: 66 chunks; 0.9 s; peak memory 1268 MiB.
2026-09-17T19:34:48Z INFO [258/371] 03a6e32d-5e20-4bc7-990b-a5c5eb7a0f7d: 9722 chunks; 2.7 s; peak memory 1268 MiB.
2026-09-17T19:34:49Z INFO [259/371] 03a7eb27-bc12-4a72-ba0a-0b28599e37f8: 117 chunks; 1.0 s; peak memory 1268 MiB.
2026-09-17T19:34:50Z INFO [260/371] 03a80078-da03-4c6d-aef4-b00b87402bcb: 95 chunks; 1.1 s; peak memory 1268 MiB.
2026-09-17T19:34:52Z INFO [261/371] 03a8c3ec-dc5d-4de7-86d8-e6d5fa08c477: 71 chunks; 1.4 s; peak memory 1268 MiB.
2026-09-17T19:34:53Z INFO [262/371] 03a943f2-7463-46cc-a392-d82e0a864d6d: 997 chunks; 1.5 s; peak memory 1268 MiB.
2026-09-17T19:34:54Z INFO [263/371] 03a96456-38e0-445b-a831-879d39840db6: 45 chunks; 0.5 s; peak memory 1268 MiB.
2026-09-17T19:34:55Z INFO [264/371] 03a96c44-87eb-4f77-9638-8088f7bc77b2: 57 chunks; 1.3 s; peak memory 1268 MiB.
2026-09-17T19:34:56Z INFO [265/371] 03a99fed-ec35-4e20-bf74-cef5a8de0876: 48 chunks; 0.6 s; peak memory 1268 MiB.
2026-09-17T19:34:57Z INFO [266/371] 03aa8a88-246f-4e78-a21b-345697d61e0f: 112 chunks; 1.0 s; peak memory 1268 MiB.
2026-09-17T19:34:59Z INFO [267/371] 03abf0d0-58e8-40d8-81fc-45bad31188cb: 9876 chunks; 2.5 s; peak memory 1268 MiB.
2026-09-17T19:35:00Z INFO [268/371] 03ad9338-798c-4b6f-b1c6-81c3db7d7515: 116 chunks; 0.8 s; peak memory 1268 MiB.
2026-09-17T19:35:04Z INFO [269/371] 03adfaa8-453f-47b4-a749-83cbce65e1de: 1182 chunks; 3.7 s; peak memory 1268 MiB.
2026-09-17T19:35:16Z INFO [270/371] 03af6b84-ea4e-4b97-aeb8-fd8a24148e8b: 282 chunks; 12.3 s; peak memory 1268 MiB.
2026-09-17T19:35:17Z INFO [271/371] 03af7007-63c3-494b-a4ae-e0d0b152c576: 110 chunks; 1.0 s; peak memory 1268 MiB.
2026-09-17T19:35:23Z INFO [272/371] 03af8f6d-e3dd-4250-8291-ea6328be6966: 1120 chunks; 6.6 s; peak memory 1268 MiB.
2026-09-17T19:35:24Z INFO [273/371] 03b00359-ddd3-43c4-84f3-d85fa08623d0: 110 chunks; 0.8 s; peak memory 1268 MiB.
2026-09-17T19:35:25Z INFO [274/371] 03b0391e-7304-4649-8266-b3f9cc2b3371: 117 chunks; 1.0 s; peak memory 1268 MiB.
2026-09-17T19:35:26Z INFO [275/371] 03b2638f-dfdc-4050-a52f-f373ce725ea4: 48 chunks; 0.7 s; peak memory 1268 MiB.
2026-09-17T19:35:27Z INFO [276/371] 03b27246-cf92-4875-aa20-9806865f4638: 48 chunks; 0.8 s; peak memory 1268 MiB.
2026-09-17T19:35:28Z INFO [277/371] 03b35f10-4401-4f10-9032-c14efb73f401: 117 chunks; 0.8 s; peak memory 1268 MiB.
2026-09-17T19:35:28Z INFO [278/371] 03b39d0f-f7c6-4d67-899e-0deef00ecbc4: 48 chunks; 0.6 s; peak memory 1268 MiB.
2026-09-17T19:35:29Z INFO [279/371] 03b3c918-b0fe-4070-88ed-c1180b765d6a: 118 chunks; 0.8 s; peak memory 1268 MiB.
2026-09-17T19:35:35Z INFO [280/371] 03b49e97-c601-4867-8140-9f9f9a881446: 19389 chunks; 6.0 s; peak memory 1268 MiB.
2026-09-17T19:35:36Z INFO [281/371] 03b508ab-20c0-4e88-929e-9b4345f4c262: 57 chunks; 0.6 s; peak memory 1268 MiB.
2026-09-17T19:35:44Z INFO [282/371] 03b5a503-be05-46c9-926a-776e632eae61: 2171 chunks; 8.3 s; peak memory 1268 MiB.
2026-09-17T19:35:45Z INFO [283/371] 03b5b3e0-5c49-4b4b-8c8e-8f7ae6f869f4: 140 chunks; 1.5 s; peak memory 1268 MiB.
2026-09-17T19:35:59Z INFO [284/371] 03b5fa08-4dd1-49d6-8b38-539f4c6eea6e: 5446 chunks; 13.5 s; peak memory 1268 MiB.
2026-09-17T19:36:00Z INFO [285/371] 03b5fd74-4578-4bb5-84fb-18d1e6f92c81: 153 chunks; 1.6 s; peak memory 1268 MiB.
2026-09-17T19:37:35Z INFO [286/371] 03b6d20b-8942-455b-8885-3f4efc436ace: 41401 chunks; 94.7 s; peak memory 1268 MiB.
2026-09-17T19:37:36Z INFO [287/371] 03b6ef09-af93-42b0-8093-c751cb9d7d05: 112 chunks; 1.0 s; peak memory 1268 MiB.
2026-09-17T19:37:38Z INFO [288/371] 03b70f23-043a-4a93-b695-78fa65057de7: 115 chunks; 1.5 s; peak memory 1268 MiB.
2026-09-17T19:37:38Z INFO [289/371] 03b84871-2dfb-430f-93d5-876a5947376a: 117 chunks; 0.8 s; peak memory 1268 MiB.
2026-09-17T19:37:39Z INFO [290/371] 03b8a104-a365-412c-95c8-b3277fca4008: 46 chunks; 0.5 s; peak memory 1268 MiB.
2026-09-17T19:37:40Z INFO [291/371] 03b934ea-1d1b-4f62-861d-2a0108287964: 69 chunks; 0.8 s; peak memory 1268 MiB.
2026-09-17T19:37:40Z INFO [292/371] 03b9518f-4d72-4693-a07f-95d1ecb76873: 117 chunks; 0.8 s; peak memory 1268 MiB.
2026-09-17T19:37:41Z INFO [293/371] 03ba0c91-25d7-4243-aa81-04e239526f1d: 35 chunks; 0.5 s; peak memory 1268 MiB.
2026-09-17T19:37:42Z INFO [294/371] 03baecf3-0b14-4149-a7a7-6f47fa69e251: 116 chunks; 0.8 s; peak memory 1268 MiB.
2026-09-17T19:37:42Z INFO [295/371] 03bb4414-0ef0-46ea-a313-a785d7e1f0d6: 48 chunks; 0.7 s; peak memory 1268 MiB.
2026-09-17T19:37:43Z INFO [296/371] 03bb5284-35df-48b2-9c30-5c38f948d9d1: 48 chunks; 0.7 s; peak memory 1268 MiB.
2026-09-17T19:37:44Z INFO [297/371] 03bb6b02-bf0b-4e29-a6a1-f2fd67292c0f: 289 chunks; 1.0 s; peak memory 1268 MiB.
2026-09-17T19:37:45Z INFO [298/371] 03bbc9f4-e57e-44d0-b958-ed4ef8bf68ad: 52 chunks; 0.6 s; peak memory 1268 MiB.
2026-09-17T19:37:45Z INFO [299/371] 03bc7027-065b-4595-b8cf-d3b4c40a410d: 46 chunks; 0.4 s; peak memory 1268 MiB.
2026-09-17T20:02:33Z INFO [300/371] 03bdf982-6d4b-4f31-901c-ea3828450718: 1264739 chunks; 1487.5 s; peak memory 1268 MiB.
2026-09-17T20:02:33Z INFO [300/371] 03bdf982-6d4b-4f31-901c-ea3828450718: checkpointed 48713 records.
2026-09-17T20:02:34Z INFO [301/371] 03be1195-3611-40c9-8506-6bdfee89b09f: 67 chunks; 1.3 s; peak memory 1268 MiB.
2026-09-17T20:02:36Z INFO [302/371] 03be98df-ae6c-47e0-8a17-9d1b0bc3804e: 119 chunks; 1.7 s; peak memory 1268 MiB.
2026-09-17T20:02:37Z INFO [303/371] 03becee8-5e6d-45c8-8719-2d26c85017db: 112 chunks; 1.1 s; peak memory 1268 MiB.
2026-09-17T20:02:38Z INFO [304/371] 03bf086e-0d40-4c23-a20f-c0448d6789ea: 118 chunks; 1.0 s; peak memory 1268 MiB.
2026-09-17T20:02:39Z INFO [305/371] 03bf6b6a-3e24-4beb-828a-684c37ae4e23: 112 chunks; 1.0 s; peak memory 1268 MiB.
2026-09-17T20:02:40Z INFO [306/371] 03bfb8a3-deb2-49a4-bf41-0a4089431d57: 63 chunks; 0.8 s; peak memory 1268 MiB.
2026-09-17T20:02:42Z INFO [307/371] 03c0c9a6-0fb6-4ffb-b7eb-9d4ad30c5be8: 156 chunks; 1.9 s; peak memory 1268 MiB.
2026-09-17T20:02:42Z INFO [308/371] 03c16da4-e708-4e3e-9d52-bc2a675881eb: 48 chunks; 0.7 s; peak memory 1268 MiB.
2026-09-17T20:02:43Z INFO [309/371] 03c19c14-8b10-4af9-86e2-30653c64c4b1: 66 chunks; 1.2 s; peak memory 1268 MiB.
2026-09-17T20:02:49Z INFO [310/371] 03c34f85-48fd-4e87-b43f-f670dabd1a86: 2844 chunks; 5.1 s; peak memory 1268 MiB.
2026-09-17T20:02:50Z INFO [311/371] 03c39874-db50-43c4-9d8f-e43f08a9cf3c: 66 chunks; 1.1 s; peak memory 1268 MiB.
2026-09-17T20:02:50Z INFO [312/371] 03c43af3-a5b1-4e72-85db-ba12e3748656: 48 chunks; 0.7 s; peak memory 1268 MiB.
2026-09-17T20:02:51Z INFO [313/371] 03c521af-1033-456f-a758-accaedaff4f3: 48 chunks; 0.6 s; peak memory 1268 MiB.
2026-09-17T20:02:52Z INFO [314/371] 03c65b1c-0849-4035-850b-5da6ded7f989: 117 chunks; 0.8 s; peak memory 1268 MiB.
2026-09-17T20:02:52Z INFO [315/371] 03c68a5d-629d-4cd1-a269-6d8f26c0389d: 48 chunks; 0.6 s; peak memory 1268 MiB.
2026-09-17T20:02:53Z INFO [316/371] 03c70e32-eed3-4aa3-a9e9-34eb94bf6366: 59 chunks; 1.0 s; peak memory 1268 MiB.
2026-09-17T20:02:54Z INFO [317/371] 03c783ac-89a0-4004-b758-2ee5c894d633: 48 chunks; 0.6 s; peak memory 1268 MiB.
2026-09-17T20:02:55Z INFO [318/371] 03c7bf13-2ca7-45d0-a1ef-ec6730d9c14f: 66 chunks; 1.1 s; peak memory 1268 MiB.
2026-09-17T20:02:56Z INFO [319/371] 03c822e8-1c6b-49bf-a782-08f32ad4bae0: 112 chunks; 1.0 s; peak memory 1268 MiB.
2026-09-17T20:02:57Z INFO [320/371] 03c9b621-be88-4792-b475-d94a09fd183e: 46 chunks; 0.5 s; peak memory 1268 MiB.
2026-09-17T20:03:00Z INFO [321/371] 03caf4d3-2d41-4870-94a3-c6440d69de25: 602 chunks; 3.3 s; peak memory 1268 MiB.
2026-09-17T20:03:01Z INFO [322/371] 03cb6af4-899a-412d-a60d-e99a6401cf68: 112 chunks; 0.8 s; peak memory 1268 MiB.
2026-09-17T20:03:06Z INFO [323/371] 03cb7096-f086-431d-afb2-69d4d4382f73: 391 chunks; 5.3 s; peak memory 1268 MiB.
2026-09-17T20:03:08Z INFO [324/371] 03cdc9b3-30d6-4cde-a777-8820b8ae67ab: 114 chunks; 1.6 s; peak memory 1268 MiB.
2026-09-17T20:03:09Z INFO [325/371] 03ce16b8-c6fd-404d-b976-4e46859c83f4: 71 chunks; 1.6 s; peak memory 1268 MiB.
2026-09-17T20:03:14Z INFO [326/371] 03ced12b-f056-4906-9e0a-ba72103efb8d: 4151 chunks; 4.6 s; peak memory 1268 MiB.
2026-09-17T20:03:15Z INFO [327/371] 03cfdf88-0534-4f8d-b8e6-977a69fe76d5: 69 chunks; 0.9 s; peak memory 1268 MiB.
2026-09-17T20:03:16Z INFO [328/371] 03d0040b-8397-4d53-956b-e0c93e792bbd: 48 chunks; 0.9 s; peak memory 1268 MiB.
2026-09-17T20:03:16Z INFO [329/371] 03d07605-258a-4676-a97b-4e088c19aedd: 116 chunks; 0.8 s; peak memory 1268 MiB.
2026-09-17T20:03:18Z INFO [330/371] 03d08bd5-0910-4d5b-b6fa-63186462c868: 116 chunks; 1.8 s; peak memory 1268 MiB.
2026-09-17T20:03:19Z INFO [331/371] 03d11f44-9f9a-4f45-8b92-a02f7ea880f7: 119 chunks; 0.6 s; peak memory 1268 MiB.
2026-09-17T20:03:27Z INFO [332/371] 03d1381e-d6aa-40de-b763-59fa49a8ae0b: 3705 chunks; 8.1 s; peak memory 1268 MiB.
2026-09-17T20:03:28Z INFO [333/371] 03d14de2-11cb-494a-8bbc-d70546313137: 112 chunks; 0.9 s; peak memory 1268 MiB.
2026-09-17T20:03:29Z INFO [334/371] 03d1b835-91dd-468b-97af-963cae29d521: 65 chunks; 0.8 s; peak memory 1268 MiB.
2026-09-17T20:03:29Z INFO [335/371] 03d20e1e-c30a-4b6a-98ac-1d5f01db1930: 117 chunks; 0.8 s; peak memory 1268 MiB.
2026-09-17T20:03:30Z INFO [336/371] 03d329e6-a1ad-4217-916a-b76adbd089f3: 117 chunks; 0.7 s; peak memory 1268 MiB.
2026-09-17T20:03:31Z INFO [337/371] 03d32e21-7f60-408c-9723-0acbcb22160d: 48 chunks; 0.6 s; peak memory 1268 MiB.
2026-09-17T20:03:32Z INFO [338/371] 03d371e1-05dd-4eae-91c3-d4ded3e8fdc1: 112 chunks; 1.0 s; peak memory 1268 MiB.
2026-09-17T20:03:32Z INFO [339/371] 03d4d97b-3b1e-4e00-9dce-2251fb9f5c10: 21 chunks; 0.6 s; peak memory 1268 MiB.
2026-09-17T20:03:33Z INFO [340/371] 03d5ed0b-744e-46e1-ab8b-37d7408cbaca: 41 chunks; 0.6 s; peak memory 1268 MiB.
2026-09-17T20:03:34Z INFO [341/371] 03d794a1-4767-4870-8cfe-fa177048a5b9: 48 chunks; 0.7 s; peak memory 1268 MiB.
2026-09-17T20:03:35Z INFO [342/371] 03d7f67e-714f-4e00-a364-90e347101b87: 201 chunks; 1.7 s; peak memory 1268 MiB.
2026-09-17T20:03:40Z INFO [343/371] 03d94654-76d5-4918-9cce-9f7f91d7de9e: 1053 chunks; 5.0 s; peak memory 1268 MiB.
2026-09-17T20:03:41Z INFO [344/371] 03dbac81-de7f-438a-bf55-62b6d688ad8a: 37 chunks; 0.4 s; peak memory 1268 MiB.
2026-09-17T20:05:04Z INFO [345/371] 03dd367b-c8a5-4103-8168-2c376f573d0e: 27094 chunks; 83.6 s; peak memory 1268 MiB.
2026-09-17T20:05:07Z INFO [346/371] 03de4b32-beca-4329-9259-9744145a8d62: 3919 chunks; 3.0 s; peak memory 1268 MiB.
2026-09-17T20:05:08Z INFO [347/371] 03df35a8-2fc8-42b4-87d5-b138b4481ac8: 48 chunks; 0.7 s; peak memory 1268 MiB.
2026-09-17T20:05:09Z INFO [348/371] 03df852b-6e9a-4c2c-9353-16514524c45b: 112 chunks; 0.8 s; peak memory 1268 MiB.
2026-09-17T20:05:10Z INFO [349/371] 03e1134b-77fd-48b3-81d6-bab61553b6a7: 48 chunks; 0.7 s; peak memory 1268 MiB.
2026-09-17T20:05:10Z INFO [350/371] 03e1d695-0111-4856-bea2-eda67da0f3fc: 116 chunks; 0.7 s; peak memory 1268 MiB.
2026-09-17T20:05:11Z INFO [350/371] 03e1d695-0111-4856-bea2-eda67da0f3fc: checkpointed 48763 records.
2026-09-17T20:05:12Z INFO [351/371] 03e2d6ba-7a8c-4eb7-8015-c741f4f42704: 51 chunks; 1.0 s; peak memory 1268 MiB.
2026-09-17T20:05:12Z INFO [352/371] 03e33b55-5ae4-4361-b275-22db1e778545: 48 chunks; 0.7 s; peak memory 1268 MiB.
2026-09-17T20:05:13Z INFO [353/371] 03e3ce8a-c548-4567-a700-b72ec6b654db: 52 chunks; 0.9 s; peak memory 1268 MiB.
2026-09-17T20:05:14Z INFO [354/371] 03e3eb31-e31a-4994-9d8a-66c73ec842f8: 62 chunks; 1.0 s; peak memory 1268 MiB.
2026-09-17T20:06:53Z INFO [355/371] 03e4e22c-3828-4b9e-81ae-fc232f95b7b7: 37783 chunks; 98.6 s; peak memory 1268 MiB.
2026-09-17T20:07:14Z INFO [356/371] 03e5b037-451e-4282-9289-c7acdfc3d9e7: 6591 chunks; 21.2 s; peak memory 1268 MiB.
2026-09-17T20:07:41Z INFO [357/371] 03e5f51d-60df-46c6-beb9-6613388170fd: 16419 chunks; 26.9 s; peak memory 1268 MiB.
2026-09-17T20:07:42Z INFO [358/371] 03e6aadc-eaba-4a6e-a0e2-247c6a49ec10: 48 chunks; 0.8 s; peak memory 1268 MiB.
2026-09-17T20:07:43Z INFO [359/371] 03e78578-c95b-4139-9fda-66f774028dfa: 112 chunks; 1.0 s; peak memory 1268 MiB.
2026-09-17T20:08:09Z INFO [360/371] 03e7de10-be8c-44ba-8c26-454bb392ae81: 5098 chunks; 26.2 s; peak memory 1268 MiB.
2026-09-17T20:08:10Z INFO [361/371] 03e8193f-79ad-4c50-aaf3-8dc2effa26b1: 59 chunks; 1.0 s; peak memory 1268 MiB.
2026-09-17T20:08:11Z INFO [362/371] 03e82f2d-84a8-4de7-a091-915cb50e8483: 33 chunks; 0.8 s; peak memory 1268 MiB.
2026-09-17T20:08:12Z INFO [363/371] 03e86e6a-e980-44eb-821d-89c8ba233ad5: 71 chunks; 1.4 s; peak memory 1268 MiB.
2026-09-17T20:08:13Z INFO [364/371] 03e8ca1d-9e8c-456f-b38e-59dfa29e8f40: 117 chunks; 0.9 s; peak memory 1268 MiB.
2026-09-17T20:08:14Z INFO [365/371] 03e9a542-6e32-4e55-b5b7-98f9a625795d: 168 chunks; 1.4 s; peak memory 1268 MiB.
2026-09-17T20:08:16Z INFO [366/371] 03e9b575-7c10-4266-8c8e-1a543458f42a: 158 chunks; 1.2 s; peak memory 1268 MiB.
2026-09-17T20:08:16Z INFO [367/371] 03ea0039-025f-4fce-94de-6e0a64d607d7: 117 chunks; 0.8 s; peak memory 1268 MiB.
2026-09-17T20:39:44Z INFO [368/371] 03ea64d7-28d9-401e-ac61-aa251cbffa71: 1076407 chunks; 1888.0 s; peak memory 1268 MiB.
2026-09-17T20:39:45Z INFO [369/371] 03eb974e-41e4-4675-9c2a-d9549c006da5: 77 chunks; 0.8 s; peak memory 1268 MiB.
2026-09-17T20:39:47Z INFO [370/371] 03ec0b0d-8399-4b63-8a42-4cba1609cb4f: 71 chunks; 1.2 s; peak memory 1268 MiB.
2026-09-17T20:39:47Z INFO [371/371] 03ec1c40-d2be-4b16-a13c-4bdfb5070db7: 110 chunks; 0.9 s; peak memory 1268 MiB.
2026-09-17T20:39:48Z INFO Wrote 48784 records to /tmp/derivatives/valid_nwb_file_to_chunk_stats.jsonl (371 new, 0 failed) in 167.6 min (peak memory 1268 MiB).
