2026-10-04T17:26:43Z INFO Logging to /tmp/logs/update_2026-10-04T17-26-43Z.log.
2026-10-04T17:26:43Z INFO Update valid-nwb-file-to-chunk-stats (base directory /tmp).
2026-10-04T17:26:43Z INFO Processing 500 items (68834 already recorded).
2026-10-04T17:26:44Z INFO [1/500] 2d5b78aa-3036-4aef-998d-fd6be941363d: 55 chunks; 0.9 s; peak memory 161 MiB.
2026-10-04T17:26:45Z INFO [2/500] 2d5bbb15-a728-46f5-9166-b38d9a872c88: 69 chunks; 1.1 s; peak memory 163 MiB.
2026-10-04T17:26:49Z INFO [3/500] 2d5be0db-6482-4c3f-9107-49d7d4e41fe1: 319 chunks; 4.3 s; peak memory 170 MiB.
2026-10-04T17:26:50Z INFO [4/500] 2d5be3c5-5dd4-4336-87e2-ecca3b245f70: 48 chunks; 0.9 s; peak memory 170 MiB.
2026-10-04T17:26:51Z INFO [5/500] 2d5bec55-d5cb-4cb7-bf93-ecbc5cb0b079: 62 chunks; 1.2 s; peak memory 170 MiB.
2026-10-04T17:26:52Z INFO [6/500] 2d5c9474-7b18-484d-a2d2-eba4bc7fe9a2: 52 chunks; 0.8 s; peak memory 170 MiB.
2026-10-04T17:26:53Z INFO [7/500] 2d5cbf19-f41c-4bb5-a1f7-7d78e5a821a2: 117 chunks; 0.9 s; peak memory 171 MiB.
2026-10-04T17:26:54Z INFO [8/500] 2d5d05ad-223c-4d62-a40e-28920f3ef800: 56 chunks; 0.5 s; peak memory 171 MiB.
2026-10-04T17:26:55Z INFO [9/500] 2d5d70b2-4068-423e-a260-ded338b73f5f: 66 chunks; 1.3 s; peak memory 171 MiB.
2026-10-04T17:26:56Z INFO [10/500] 2d5d7a3d-48d7-4671-bf72-a4f4895ca92d: 69 chunks; 0.9 s; peak memory 171 MiB.
2026-10-04T17:26:57Z INFO [11/500] 2d5dc2e7-fc72-49da-9e09-51541d389c4f: 85 chunks; 0.9 s; peak memory 171 MiB.
2026-10-04T17:26:58Z INFO [12/500] 2d5dea5c-d9ce-4f10-990b-8b5b6bec5b46: 156 chunks; 1.8 s; peak memory 171 MiB.
2026-10-04T17:26:59Z INFO [13/500] 2d5e248c-bdf0-40e8-9a19-143e7bd89c0b: 116 chunks; 0.8 s; peak memory 171 MiB.
2026-10-04T17:27:00Z INFO [14/500] 2d5ef1f9-66fd-4ba4-a8de-b7dec514b45f: 44 chunks; 0.6 s; peak memory 171 MiB.
2026-10-04T17:27:01Z INFO [15/500] 2d5f6044-fa38-4800-b1ca-c49b1a81b5b6: 48 chunks; 0.8 s; peak memory 171 MiB.
2026-10-04T17:27:02Z INFO [16/500] 2d5fa894-8b00-4607-9623-60e05ed0980a: 116 chunks; 1.8 s; peak memory 171 MiB.
2026-10-04T17:27:10Z INFO [17/500] 2d5fec56-acf7-42b2-b6c6-76e3c196791f: 14740 chunks; 7.3 s; peak memory 206 MiB.
2026-10-04T17:27:11Z INFO [18/500] 2d5ffddf-6596-4111-ae47-2b3d6fb5c61e: 112 chunks; 1.0 s; peak memory 206 MiB.
2026-10-04T17:27:11Z INFO [19/500] 2d601214-d5ca-4f7e-8c31-aca0288c6d98: 117 chunks; 0.8 s; peak memory 206 MiB.
2026-10-04T17:27:12Z INFO [20/500] 2d609599-6cfa-4dd1-b323-443aa14a65bd: 117 chunks; 0.7 s; peak memory 206 MiB.
2026-10-04T17:27:13Z INFO [21/500] 2d63beee-689c-4528-8b4c-4ca7a7db6bf4: 110 chunks; 0.7 s; peak memory 207 MiB.
2026-10-04T17:27:19Z INFO [22/500] 2d64531b-b6fb-46c5-973f-f371468a5c87: 24324 chunks; 5.9 s; peak memory 210 MiB.
2026-10-04T17:27:19Z INFO [23/500] 2d645d00-0cd3-4161-be9c-ea20e66c4858: 68 chunks; 0.7 s; peak memory 210 MiB.
2026-10-04T17:27:21Z INFO [24/500] 2d659dae-e8bf-4175-adba-d2367da0727f: 123 chunks; 1.6 s; peak memory 210 MiB.
2026-10-04T17:27:26Z INFO [25/500] 2d65f764-7601-4655-94e0-171fde0cc244: 800 chunks; 5.0 s; peak memory 211 MiB.
2026-10-04T17:27:27Z INFO [26/500] 2d664dce-daa5-4f44-98ff-a2b096796e1d: 72 chunks; 1.1 s; peak memory 211 MiB.
2026-10-04T17:27:28Z INFO [27/500] 2d66d572-258c-4d16-8572-c200975a6dda: 112 chunks; 1.0 s; peak memory 211 MiB.
2026-10-04T17:27:30Z INFO [28/500] 2d66ece4-424a-4979-af62-6e595e19b2a0: 9882 chunks; 2.5 s; peak memory 211 MiB.
2026-10-04T17:27:34Z INFO [29/500] 2d6766ab-bcec-4bdd-8e09-106c07d4b3cd: 1123 chunks; 4.1 s; peak memory 211 MiB.
2026-10-04T17:27:35Z INFO [30/500] 2d68059c-a30f-4b9c-9cd9-13e079517430: 289 chunks; 0.9 s; peak memory 211 MiB.
2026-10-04T17:27:36Z INFO [31/500] 2d6839cf-d00f-497a-9663-b695a50ab524: 64 chunks; 1.0 s; peak memory 211 MiB.
2026-10-04T17:27:37Z INFO [32/500] 2d688875-e51d-49cb-bfb1-106247700df8: 48 chunks; 0.7 s; peak memory 211 MiB.
2026-10-04T17:27:38Z INFO [33/500] 2d688e7f-e930-4b85-a31e-b978c1843193: 48 chunks; 0.7 s; peak memory 211 MiB.
2026-10-04T17:27:39Z INFO [34/500] 2d6940ef-a4a3-473d-9ca7-b12a2a8e24bc: 933 chunks; 1.2 s; peak memory 211 MiB.
2026-10-04T17:27:40Z INFO [35/500] 2d69a65d-2d3d-4d6c-85f6-5dcf18a9f4e1: 116 chunks; 0.7 s; peak memory 211 MiB.
2026-10-04T17:27:40Z INFO [36/500] 2d69ee7e-ecca-41b9-a49c-691c5a4bbcde: 72 chunks; 0.8 s; peak memory 211 MiB.
2026-10-04T17:27:41Z INFO [37/500] 2d6a37be-b386-4d5f-86c3-5c79223d9a30: 50 chunks; 0.5 s; peak memory 211 MiB.
2026-10-04T17:27:42Z INFO [38/500] 2d6ac79d-9f28-480b-a316-fe2a95c6110b: 48 chunks; 0.7 s; peak memory 211 MiB.
2026-10-04T17:27:45Z INFO [39/500] 2d6b384a-ecaa-4fd6-addd-300a10b2e471: 2923 chunks; 3.6 s; peak memory 211 MiB.
2026-10-04T17:27:46Z INFO [40/500] 2d6b8b17-1c51-4fc9-80b5-8ce8d18347e0: 48 chunks; 0.7 s; peak memory 211 MiB.
2026-10-04T17:27:47Z INFO [41/500] 2d6bb749-355f-4db1-99fa-30dfc641aede: 117 chunks; 0.7 s; peak memory 211 MiB.
2026-10-04T17:27:47Z INFO [42/500] 2d6c4d52-d602-4164-a0e5-b435b19d2739: 48 chunks; 0.8 s; peak memory 211 MiB.
2026-10-04T17:27:48Z INFO [43/500] 2d6d3e0b-0de1-4195-8ce3-6c69714cfe07: 66 chunks; 1.0 s; peak memory 211 MiB.
2026-10-04T17:27:49Z INFO [44/500] 2d6d8ea7-016f-41cb-9705-794db91a8628: 48 chunks; 0.7 s; peak memory 211 MiB.
2026-10-04T17:27:50Z INFO [45/500] 2d6edabf-27b2-4dbe-99c8-8a41ab6398ca: 48 chunks; 0.6 s; peak memory 212 MiB.
2026-10-04T17:27:50Z INFO [46/500] 2d6edf30-f66a-4676-aa6e-ef0dc2c6491d: 69 chunks; 0.6 s; peak memory 212 MiB.
2026-10-04T17:27:51Z INFO [47/500] 2d6f8934-1a02-4025-8d6c-b8168b6ff4b4: 59 chunks; 0.6 s; peak memory 212 MiB.
2026-10-04T17:27:52Z INFO [48/500] 2d703e03-0290-4f0c-b280-c1f9a7e0a5b8: 48 chunks; 0.7 s; peak memory 212 MiB.
2026-10-04T17:27:52Z INFO [49/500] 2d70ddd1-d328-4057-a0c7-e8ab7560003c: 48 chunks; 0.8 s; peak memory 212 MiB.
2026-10-04T17:27:53Z INFO [50/500] 2d71126a-07bb-4201-9a9a-8cb5e0c743a3: 48 chunks; 0.7 s; peak memory 212 MiB.
2026-10-04T17:27:53Z INFO [50/500] 2d71126a-07bb-4201-9a9a-8cb5e0c743a3: checkpointed 68884 records.
2026-10-04T17:27:54Z INFO [51/500] 2d711d79-eed1-404b-8399-073a2e997404: 84 chunks; 0.8 s; peak memory 212 MiB.
2026-10-04T17:27:55Z INFO [52/500] 2d71f9e1-3476-4947-895a-851fb8b75555: 46 chunks; 0.5 s; peak memory 212 MiB.
2026-10-04T17:27:55Z INFO [53/500] 2d720e80-f091-463b-afd8-7c68e5bc7d16: 48 chunks; 0.7 s; peak memory 212 MiB.
2026-10-04T17:27:58Z INFO [54/500] 2d7219cc-5dcc-4e0b-9b2a-ae370e377816: 208 chunks; 3.2 s; peak memory 212 MiB.
2026-10-04T17:27:59Z INFO [55/500] 2d72712d-9150-4c88-9824-3dcca387961b: 48 chunks; 0.6 s; peak memory 212 MiB.
2026-10-04T17:28:01Z INFO [56/500] 2d72cdd8-9759-49da-9784-c832ce4aec03: 997 chunks; 1.4 s; peak memory 212 MiB.
2026-10-04T17:28:01Z INFO [57/500] 2d73cdb0-b963-4e08-b9f6-006f06e5fde1: 46 chunks; 0.6 s; peak memory 212 MiB.
2026-10-04T17:28:02Z INFO [58/500] 2d73ecc1-ff7a-4dd7-b3f8-47575d33fe0d: 63 chunks; 0.7 s; peak memory 212 MiB.
2026-10-04T17:28:03Z INFO [59/500] 2d745019-235a-41b7-a8f4-bedc9054a0ff: 71 chunks; 1.3 s; peak memory 212 MiB.
2026-10-04T17:28:04Z INFO [60/500] 2d7656b8-247f-4baf-83f3-8bffa14b2be8: 69 chunks; 1.0 s; peak memory 212 MiB.
2026-10-04T17:28:05Z INFO [61/500] 2d76c9ca-8940-4c3d-986f-fa6e783525c6: 116 chunks; 0.8 s; peak memory 212 MiB.
2026-10-04T17:28:06Z INFO [62/500] 2d77211d-d936-4b93-8273-7ba6d9f6fe65: 48 chunks; 0.7 s; peak memory 212 MiB.
2026-10-04T17:28:06Z INFO [63/500] 2d7761d1-430c-4676-92cc-7b696330f26b: 48 chunks; 0.7 s; peak memory 212 MiB.
2026-10-04T17:28:07Z INFO [64/500] 2d776de4-e068-4a98-a209-5a8dfcfb3c5a: 48 chunks; 0.6 s; peak memory 212 MiB.
2026-10-04T17:28:08Z INFO [65/500] 2d77b3a7-7183-4b1e-a7ba-6c8d24c6ffcd: 123 chunks; 1.4 s; peak memory 212 MiB.
2026-10-04T17:28:12Z INFO [66/500] 2d786e57-d959-4ffd-8a9f-504302092a23: 1246 chunks; 3.2 s; peak memory 212 MiB.
2026-10-04T17:28:12Z INFO [67/500] 2d787bbb-6a7d-4c43-97b4-047bf501c732: 48 chunks; 0.8 s; peak memory 212 MiB.
2026-10-04T17:28:13Z INFO [68/500] 2d79f9e7-a060-4da0-80f2-950b5673f974: 59 chunks; 0.8 s; peak memory 212 MiB.
2026-10-04T17:28:14Z INFO [69/500] 2d7b1450-8795-437d-9f52-350b308d0c5d: 45 chunks; 0.6 s; peak memory 212 MiB.
2026-10-04T17:28:15Z INFO [70/500] 2d7b7dd4-7cc1-4dc0-8840-49ffc2bd5dc6: 118 chunks; 0.9 s; peak memory 212 MiB.
2026-10-04T17:28:15Z INFO [71/500] 2d7cdf59-7b1c-4164-b929-a2543338dc29: 48 chunks; 0.7 s; peak memory 212 MiB.
2026-10-04T17:28:16Z INFO [72/500] 2d7d76e8-6a3e-4dc6-9626-8b3bc6b87784: 48 chunks; 0.7 s; peak memory 212 MiB.
2026-10-04T17:28:17Z INFO [73/500] 2d7d9eb2-cd84-4830-956e-790edfca9149: 48 chunks; 0.6 s; peak memory 212 MiB.
2026-10-04T17:28:18Z INFO [74/500] 2d7e5001-8040-47a7-b3ef-f781a5e87987: 71 chunks; 0.8 s; peak memory 212 MiB.
2026-10-04T17:28:19Z INFO [75/500] 2d7ead8c-a47a-4e9b-b5d7-fe251b13249f: 429 chunks; 1.9 s; peak memory 212 MiB.
2026-10-04T17:28:21Z INFO [76/500] 2d7f7d48-cf9c-43a8-ad4c-9b871d4966c1: 156 chunks; 2.0 s; peak memory 212 MiB.
2026-10-04T17:28:22Z INFO [77/500] 2d7fcf45-6b8e-4af5-823a-2e43a962795c: 46 chunks; 0.5 s; peak memory 212 MiB.
2026-10-04T17:28:23Z INFO [78/500] 2d801315-5bca-4af2-9c61-b879b9de34d4: 117 chunks; 0.8 s; peak memory 212 MiB.
2026-10-04T17:28:24Z INFO [79/500] 2d801bd6-dd45-4928-be1c-014238afaef7: 62 chunks; 1.0 s; peak memory 212 MiB.
2026-10-04T17:28:24Z INFO [80/500] 2d803bfc-2308-43f6-a2f2-28551e27b75b: 116 chunks; 0.7 s; peak memory 212 MiB.
2026-10-04T17:28:25Z INFO [81/500] 2d812477-4ed6-4927-b4a8-bacf4bd2da27: 110 chunks; 0.9 s; peak memory 212 MiB.
2026-10-04T17:28:26Z INFO [82/500] 2d8124c7-9b4a-458c-8d1e-4077fffea7a3: 53 chunks; 0.5 s; peak memory 212 MiB.
2026-10-04T17:28:26Z INFO [83/500] 2d81289d-9fe5-4f10-bfa3-872e1733cdae: 336 chunks; 0.8 s; peak memory 212 MiB.
2026-10-04T17:28:27Z INFO [84/500] 2d81296d-6ca2-4148-be87-de9d5853db22: 48 chunks; 0.7 s; peak memory 212 MiB.
2026-10-04T17:28:28Z INFO [85/500] 2d819acd-eb0f-447b-826b-6715d1238a15: 112 chunks; 0.9 s; peak memory 212 MiB.
2026-10-04T17:28:29Z INFO [86/500] 2d821d2e-38b7-405a-af54-d880013b6278: 52 chunks; 0.7 s; peak memory 212 MiB.
2026-10-04T17:28:30Z INFO [87/500] 2d821f46-b9ad-4bad-a4d2-bc6946518651: 118 chunks; 0.9 s; peak memory 212 MiB.
2026-10-04T17:28:30Z INFO [88/500] 2d82398d-33c6-442b-a93b-c09d1f106a42: 116 chunks; 0.7 s; peak memory 212 MiB.
2026-10-04T17:28:31Z INFO [89/500] 2d825e43-b4c3-43a9-9cdb-8eb877170ef6: 48 chunks; 0.5 s; peak memory 212 MiB.
2026-10-04T17:28:32Z INFO [90/500] 2d8307dc-40ea-46cf-8bf6-5d1294cf9db5: 112 chunks; 1.1 s; peak memory 212 MiB.
2026-10-04T17:28:32Z INFO [91/500] 2d835ddd-52a9-4f9c-ac18-f85452fff2e0: 46 chunks; 0.4 s; peak memory 212 MiB.
2026-10-04T17:28:33Z INFO [92/500] 2d83629c-2713-4687-9eed-eff4a719b876: 118 chunks; 0.8 s; peak memory 212 MiB.
2026-10-04T17:28:35Z INFO [93/500] 2d84c2f9-d6ef-4041-9367-57fc18d3b2f6: 138 chunks; 1.5 s; peak memory 212 MiB.
2026-10-04T17:28:35Z INFO [94/500] 2d851eae-fe05-42b0-a0f0-459e8988b07d: 66 chunks; 0.8 s; peak memory 212 MiB.
2026-10-04T17:28:36Z INFO [95/500] 2d858195-78de-4fb4-9a8b-b6eaacf87220: 48 chunks; 0.7 s; peak memory 212 MiB.
2026-10-04T17:28:37Z INFO [96/500] 2d86138b-4da6-40b1-921a-cc9e5f95470a: 71 chunks; 0.5 s; peak memory 212 MiB.
2026-10-04T17:28:37Z INFO [97/500] 2d862663-9b68-4d4c-97f7-25944e363fbf: 112 chunks; 0.7 s; peak memory 212 MiB.
2026-10-04T17:28:38Z INFO [98/500] 2d864cde-05c5-4417-92b7-5b8d611aa174: 112 chunks; 0.8 s; peak memory 212 MiB.
2026-10-04T17:28:39Z INFO [99/500] 2d866c1d-6905-4214-ab82-81cda409a79d: 52 chunks; 0.6 s; peak memory 212 MiB.
2026-10-04T17:28:42Z INFO [100/500] 2d86c2d0-48d5-4cb9-9f6e-2eb4260bd450: 19511 chunks; 3.8 s; peak memory 212 MiB.
2026-10-04T17:28:43Z INFO [100/500] 2d86c2d0-48d5-4cb9-9f6e-2eb4260bd450: checkpointed 68934 records.
2026-10-04T17:28:49Z INFO [101/500] 2d86e08b-d81f-432d-9b0e-67e5e0452d3f: 21780 chunks; 6.0 s; peak memory 212 MiB.
2026-10-04T17:28:50Z INFO [102/500] 2d880099-a3db-41a6-9795-2b1f1e33799e: 69 chunks; 0.8 s; peak memory 212 MiB.
2026-10-04T17:28:59Z INFO [103/500] 2d8868d9-9412-430f-819a-cd0ba513aa5b: 8229 chunks; 9.5 s; peak memory 212 MiB.
2026-10-04T17:29:14Z INFO [104/500] 2d89720b-f51a-4b42-a19e-686596ed4d4c: 43762 chunks; 14.9 s; peak memory 247 MiB.
2026-10-04T17:29:15Z INFO [105/500] 2d899c3d-20c8-4972-84be-e4d62ea3ab57: 117 chunks; 0.7 s; peak memory 247 MiB.
2026-10-04T17:29:19Z INFO [106/500] 2d8b0de0-d977-4c47-9e78-d98ac012a05e: 12750 chunks; 4.1 s; peak memory 247 MiB.
2026-10-04T17:29:20Z INFO [107/500] 2d8b33d1-beff-4c91-9bca-ab02a3e3747d: 117 chunks; 0.9 s; peak memory 247 MiB.
2026-10-04T17:29:20Z INFO [108/500] 2d8be6f0-996f-431a-83f2-bdd22267803d: 50 chunks; 0.7 s; peak memory 247 MiB.
2026-10-04T17:29:25Z INFO [109/500] 2d8c3fbe-9158-4e64-b2e4-6c2c3c5e8271: 28422 chunks; 4.5 s; peak memory 247 MiB.
2026-10-04T17:29:26Z INFO [110/500] 2d8cb2e6-ec89-483b-bf8e-92a3003f8e66: 367 chunks; 1.4 s; peak memory 247 MiB.
2026-10-04T17:29:27Z INFO [111/500] 2d8ccc0c-8ae8-45b0-bec7-7606f97c04dc: 48 chunks; 0.7 s; peak memory 247 MiB.
2026-10-04T17:29:27Z INFO [112/500] 2d8d6cec-b7b7-4efc-ac1c-124b7222e511: 48 chunks; 0.6 s; peak memory 247 MiB.
2026-10-04T17:29:28Z INFO [113/500] 2d8dda09-bc2d-4be7-b544-84796128b4f7: 48 chunks; 0.7 s; peak memory 247 MiB.
2026-10-04T17:29:29Z INFO [114/500] 2d8e8445-6728-4773-9611-c3c495deeb00: 48 chunks; 0.8 s; peak memory 247 MiB.
2026-10-04T17:29:30Z INFO [115/500] 2d8ed670-a809-4aa4-a231-acc2ed11226b: 59 chunks; 0.9 s; peak memory 247 MiB.
2026-10-04T17:29:31Z INFO [116/500] 2d8f43ba-c5f0-4ec8-8cb9-2e8efe04d03a: 90 chunks; 1.6 s; peak memory 247 MiB.
2026-10-04T17:29:36Z INFO [117/500] 2d8fab9b-e5ac-460a-bc4b-ea69f8ec7394: 713 chunks; 5.0 s; peak memory 247 MiB.
2026-10-04T17:29:37Z INFO [118/500] 2d900eed-733d-49a2-850f-e0d865f903d9: 117 chunks; 0.7 s; peak memory 247 MiB.
2026-10-04T17:29:40Z INFO [119/500] 2d903ebf-062f-45c0-81d8-a28b493262e6: 7314 chunks; 3.1 s; peak memory 247 MiB.
2026-10-04T17:29:41Z INFO [120/500] 2d904e3b-773c-4f4e-bce7-b6ba7cc87a06: 112 chunks; 0.9 s; peak memory 247 MiB.
2026-10-04T17:29:42Z INFO [121/500] 2d90706c-8723-41b5-b094-2a65b3d653ba: 48 chunks; 0.7 s; peak memory 247 MiB.
2026-10-04T17:29:42Z INFO [122/500] 2d907e7a-a52d-499a-8342-df134b5570bd: 48 chunks; 0.7 s; peak memory 247 MiB.
2026-10-04T17:29:43Z INFO [123/500] 2d908c8c-2ddf-4216-be1d-0d73ce2d4de2: 112 chunks; 0.8 s; peak memory 247 MiB.
2026-10-04T17:29:44Z INFO [124/500] 2d90f423-41a0-4e8d-8bf9-56056fbe97bf: 117 chunks; 0.7 s; peak memory 247 MiB.
2026-10-04T17:29:45Z INFO [125/500] 2d92257c-80f8-45fc-96ac-798d79f5e530: 112 chunks; 0.9 s; peak memory 247 MiB.
2026-10-04T17:29:46Z INFO [126/500] 2d94ae97-5b9b-437a-a5fa-5ae18e69bad9: 116 chunks; 1.7 s; peak memory 247 MiB.
2026-10-04T17:29:47Z INFO [127/500] 2d95c506-14a1-4c27-a046-66d87fe1ecca: 117 chunks; 0.6 s; peak memory 247 MiB.
2026-10-04T17:29:48Z INFO [128/500] 2d95e45f-4bd7-4d34-9634-a2c8c393bbf3: 66 chunks; 0.8 s; peak memory 247 MiB.
2026-10-04T17:29:49Z INFO [129/500] 2d966913-dbd0-49b4-aa22-b781cd055974: 114 chunks; 1.6 s; peak memory 247 MiB.
2026-10-04T17:29:53Z INFO [130/500] 2d968ac8-477d-4e9d-9a56-f539304553b2: 4326 chunks; 3.6 s; peak memory 247 MiB.
2026-10-04T17:29:54Z INFO [131/500] 2d97b37b-ed3c-4284-ae2a-9f47f09f3778: 54 chunks; 0.5 s; peak memory 247 MiB.
2026-10-04T17:29:54Z INFO [132/500] 2d99636d-6d7d-4d5a-a5ab-099cc1af4896: 117 chunks; 0.8 s; peak memory 247 MiB.
2026-10-04T17:29:55Z INFO [133/500] 2d998d06-8809-4a40-9561-e63bc3153a5e: 117 chunks; 0.7 s; peak memory 247 MiB.
2026-10-04T17:29:56Z INFO [134/500] 2d99f1f6-cf9c-49a1-ae05-14ae8d90cd54: 48 chunks; 0.8 s; peak memory 247 MiB.
2026-10-04T17:29:58Z INFO [135/500] 2d9a71eb-88b2-40f7-a749-0979cc516d22: 156 chunks; 1.8 s; peak memory 247 MiB.
2026-10-04T17:29:59Z INFO [136/500] 2d9ab11a-7360-4ebe-8867-2a83fc79785a: 66 chunks; 0.9 s; peak memory 247 MiB.
2026-10-04T17:30:00Z INFO [137/500] 2d9b20f7-5b0e-44f4-b039-be7a8dc5ace7: 115 chunks; 1.7 s; peak memory 247 MiB.
2026-10-04T17:30:01Z INFO [138/500] 2d9b43a0-4724-40ef-aa93-e2e361db4820: 63 chunks; 0.6 s; peak memory 247 MiB.
2026-10-04T17:30:02Z INFO [139/500] 2d9c516b-f7f2-4c9c-94fa-c7be388198d6: 48 chunks; 0.7 s; peak memory 247 MiB.
2026-10-04T17:30:02Z INFO [140/500] 2d9d1e07-e36e-42ac-9e33-7d79b144f90f: 116 chunks; 0.7 s; peak memory 247 MiB.
2026-10-04T17:30:17Z INFO [141/500] 2d9f7585-247d-449f-9098-f58526b68bd3: 6126 chunks; 15.2 s; peak memory 247 MiB.
2026-10-04T17:30:18Z INFO [142/500] 2d9fe19d-438f-4faf-aa96-99d7593568fc: 112 chunks; 0.8 s; peak memory 247 MiB.
2026-10-04T17:30:19Z INFO [143/500] 2da0a687-008e-44ae-8038-bd9ed81b8556: 48 chunks; 0.7 s; peak memory 247 MiB.
2026-10-04T17:31:01Z INFO [144/500] 2da0c6f5-ab27-413a-ab14-20f5fbe7a014: 14509 chunks; 41.5 s; peak memory 381 MiB.
2026-10-04T17:31:05Z INFO [145/500] 2da0e9ac-845b-44f0-bc4b-b4a51669586f: 736 chunks; 4.1 s; peak memory 381 MiB.
2026-10-04T17:31:05Z INFO [146/500] 2da200df-a879-4220-9a64-b95c2164d4b0: 69 chunks; 0.8 s; peak memory 381 MiB.
2026-10-04T17:31:46Z INFO [147/500] 2da22a9c-f6b1-430c-a4d4-bfa7d3c643a6: 26677 chunks; 40.1 s; peak memory 381 MiB.
2026-10-04T17:31:46Z INFO [148/500] 2da28bcf-aad8-47a9-ad91-547d6f590a5d: 48 chunks; 0.6 s; peak memory 381 MiB.
2026-10-04T17:55:43Z INFO [149/500] 2da2bc28-f73f-4eb9-bf9b-b8ddcf7b41af: 828528 chunks; 1436.6 s; peak memory 1213 MiB.
2026-10-04T17:55:44Z INFO [150/500] 2da31023-c60a-49af-bd79-90d56a26aa00: 77 chunks; 0.7 s; peak memory 1213 MiB.
2026-10-04T17:55:44Z INFO [150/500] 2da31023-c60a-49af-bd79-90d56a26aa00: checkpointed 68984 records.
2026-10-04T17:55:44Z INFO [151/500] 2da364cd-e4fb-4065-acd5-dd5a5a876209: 48 chunks; 0.8 s; peak memory 1213 MiB.
2026-10-04T17:55:45Z INFO [152/500] 2da3c07f-5fe5-4814-ad98-6ca00f99ad44: 116 chunks; 0.9 s; peak memory 1213 MiB.
2026-10-04T17:55:47Z INFO [153/500] 2da3c3f2-a095-4d2e-ad83-69313ddca13f: 138 chunks; 1.4 s; peak memory 1213 MiB.
2026-10-04T17:55:49Z INFO [154/500] 2da3ca71-7099-4725-a20d-47ba3155d39a: 85 chunks; 2.0 s; peak memory 1213 MiB.
2026-10-04T17:55:50Z INFO [155/500] 2da3e092-52d5-40f3-83d2-5d3891e86b9e: 112 chunks; 1.0 s; peak memory 1213 MiB.
2026-10-04T17:55:50Z INFO [156/500] 2da435f6-9399-41de-ab58-482808dd4bc7: 79 chunks; 0.7 s; peak memory 1213 MiB.
2026-10-04T17:56:16Z INFO [157/500] 2da4b342-e815-4ab5-94de-2301714cf0c9: 2906 chunks; 25.2 s; peak memory 1213 MiB.
2026-10-04T17:56:26Z INFO [158/500] 2da55030-711c-4951-8081-fab3a79d8288: 27425 chunks; 10.3 s; peak memory 1213 MiB.
2026-10-04T17:56:44Z INFO [159/500] 2da6d3f9-4a66-42c3-91a8-f4f0a739b554: 6576 chunks; 17.9 s; peak memory 1213 MiB.
2026-10-04T17:56:44Z INFO [160/500] 2da79ec7-5559-403a-86c8-ab395ca7f755: 57 chunks; 0.6 s; peak memory 1213 MiB.
2026-10-04T17:56:45Z INFO [161/500] 2da7bfbd-8d9d-4be9-be88-280b1411cd59: 42 chunks; 0.5 s; peak memory 1213 MiB.
2026-10-04T17:56:46Z INFO [162/500] 2daa620c-49b0-4431-a722-060b829ada1c: 57 chunks; 0.6 s; peak memory 1213 MiB.
2026-10-04T17:56:46Z INFO [163/500] 2daaf56d-023b-41a6-8ae2-c7e8bdc7734a: 52 chunks; 0.8 s; peak memory 1213 MiB.
2026-10-04T17:56:47Z INFO [164/500] 2dab033a-32e5-492f-b66d-32e2c8c61756: 69 chunks; 0.7 s; peak memory 1213 MiB.
2026-10-04T17:56:48Z INFO [165/500] 2dab515d-c42e-4208-b622-13d2ff73e277: 48 chunks; 0.6 s; peak memory 1213 MiB.
2026-10-04T17:56:48Z INFO [166/500] 2dab8829-9af9-457e-84c2-c76c288420f6: 48 chunks; 0.6 s; peak memory 1213 MiB.
2026-10-04T17:56:59Z INFO [167/500] 2dabbc3e-fbf3-4bc3-a858-b9447c698cbf: 432 chunks; 10.7 s; peak memory 1213 MiB.
2026-10-04T17:57:06Z INFO [168/500] 2dac1615-eed1-4847-a69a-c6bb7b38985c: 16478 chunks; 6.8 s; peak memory 1213 MiB.
2026-10-04T17:57:07Z INFO [169/500] 2dac4c4e-5791-4eb4-b6a9-372541e892e6: 65 chunks; 0.8 s; peak memory 1213 MiB.
2026-10-04T17:57:07Z INFO [170/500] 2dacc3b2-7dd4-4693-be96-b21a9ad61491: 48 chunks; 0.7 s; peak memory 1213 MiB.
2026-10-04T17:57:08Z INFO [171/500] 2dace050-ccc2-4e2e-bc18-c57feead7a4f: 48 chunks; 0.8 s; peak memory 1213 MiB.
2026-10-04T17:57:09Z INFO [172/500] 2dade966-133f-47b0-949a-835bac239578: 48 chunks; 0.7 s; peak memory 1213 MiB.
2026-10-04T17:57:19Z INFO [173/500] 2dadf05a-6499-4aef-948f-88f265619071: 39082 chunks; 10.0 s; peak memory 1213 MiB.
2026-10-04T17:57:19Z INFO [174/500] 2dae577c-f938-4641-a644-fb0b085fa674: 59 chunks; 0.6 s; peak memory 1213 MiB.
2026-10-04T17:57:20Z INFO [175/500] 2daf0627-a174-4222-99ff-22b4f7473572: 112 chunks; 1.0 s; peak memory 1213 MiB.
2026-10-04T17:57:32Z INFO [176/500] 2daf16aa-bdc9-4f7a-8fed-d0825029e37b: 27363 chunks; 11.1 s; peak memory 1213 MiB.
2026-10-04T17:57:34Z INFO [177/500] 2db043c7-64fb-47ca-8c6f-f4c18eaf9b3a: 283 chunks; 2.1 s; peak memory 1213 MiB.
2026-10-04T17:57:35Z INFO [178/500] 2db0f509-24eb-408f-9104-28df2cec67ff: 66 chunks; 0.9 s; peak memory 1213 MiB.
2026-10-04T17:57:45Z INFO [179/500] 2db15ad2-9dd3-4a53-b5b5-adedebbbc860: 5681 chunks; 10.5 s; peak memory 1213 MiB.
2026-10-04T17:57:46Z INFO [180/500] 2db1ecb6-6c22-43a3-989a-464f34c310c5: 50 chunks; 0.5 s; peak memory 1213 MiB.
2026-10-04T17:57:47Z INFO [181/500] 2db2f006-a622-44a4-9043-2921e146ef48: 75 chunks; 1.2 s; peak memory 1213 MiB.
2026-10-04T17:57:48Z INFO [182/500] 2db3a2c0-59f0-491c-9ab2-5a2a8ca5b96c: 48 chunks; 0.8 s; peak memory 1213 MiB.
2026-10-04T17:57:48Z INFO [183/500] 2db3a733-fbba-4787-91a0-85d7b7962d22: 48 chunks; 0.7 s; peak memory 1213 MiB.
2026-10-04T17:57:52Z INFO [184/500] 2db45377-3231-4f5d-818c-3b29f8956db3: 9479 chunks; 3.8 s; peak memory 1213 MiB.
2026-10-04T17:57:55Z INFO [185/500] 2db45da6-0d3f-4784-810b-afd56bbaf2c6: 4683 chunks; 2.9 s; peak memory 1213 MiB.
2026-10-04T17:57:56Z INFO [186/500] 2db46a65-157d-4bc7-9179-9b3bf8d7a5c6: 74 chunks; 0.6 s; peak memory 1213 MiB.
2026-10-04T17:57:57Z INFO [187/500] 2db51501-9606-4e3b-a975-ebecc5bf992d: 49 chunks; 1.0 s; peak memory 1213 MiB.
2026-10-04T17:57:57Z INFO [188/500] 2db54bbe-457d-4e8c-ba21-6cb9ca73ef30: 46 chunks; 0.5 s; peak memory 1213 MiB.
2026-10-04T17:57:58Z INFO [189/500] 2db5bfc0-2865-400b-abca-6280178c3d38: 275 chunks; 1.0 s; peak memory 1213 MiB.
2026-10-04T17:58:00Z INFO [190/500] 2db5c0f0-32e8-4284-acc4-f9c0614f813f: 156 chunks; 1.9 s; peak memory 1213 MiB.
2026-10-04T17:58:01Z INFO [191/500] 2db6cccf-d3d4-41e8-8372-b777ddcbf318: 48 chunks; 0.6 s; peak memory 1213 MiB.
2026-10-04T17:58:02Z INFO [192/500] 2db6eef4-62f5-43d9-98bd-a92ca88877c3: 113 chunks; 1.0 s; peak memory 1213 MiB.
2026-10-04T17:58:02Z INFO [193/500] 2db74fa3-01c5-466a-ad7e-5c5308282c45: 37 chunks; 0.5 s; peak memory 1213 MiB.
2026-10-04T17:58:03Z INFO [194/500] 2db7d399-77fb-4760-bfb7-9c763aee2be6: 112 chunks; 0.8 s; peak memory 1213 MiB.
2026-10-04T17:58:04Z INFO [195/500] 2db8ac0e-050e-4e64-9a65-5d1a0d8a66b6: 48 chunks; 0.7 s; peak memory 1213 MiB.
2026-10-04T17:58:05Z INFO [196/500] 2db9d0af-8972-48a3-ae85-6dc6cf6e7424: 70 chunks; 0.9 s; peak memory 1213 MiB.
2026-10-04T17:58:06Z INFO [197/500] 2dba1be1-efea-41c6-86c7-171b898bccba: 110 chunks; 1.1 s; peak memory 1213 MiB.
2026-10-04T17:58:06Z INFO [198/500] 2dbbc577-3a04-4448-b911-14221d45bc33: 48 chunks; 0.7 s; peak memory 1213 MiB.
2026-10-04T17:58:07Z INFO [199/500] 2dbbec5a-41bb-4bb6-8b2a-33f9cafabb0c: 247 chunks; 0.9 s; peak memory 1213 MiB.
2026-10-04T17:58:08Z INFO [200/500] 2dbbfd55-f58d-4fef-8cab-ccdbcafaec3b: 112 chunks; 0.8 s; peak memory 1213 MiB.
2026-10-04T17:58:08Z INFO [200/500] 2dbbfd55-f58d-4fef-8cab-ccdbcafaec3b: checkpointed 69034 records.
2026-10-04T17:58:10Z INFO [201/500] 2dbc4a42-f0ca-42e1-8bdf-162025e665df: 90 chunks; 1.8 s; peak memory 1213 MiB.
2026-10-04T17:58:11Z INFO [202/500] 2dbe0d10-1b1f-467f-a623-ac41f74d945d: 46 chunks; 0.8 s; peak memory 1213 MiB.
2026-10-04T17:58:14Z INFO [203/500] 2dbe17dc-33e0-4e5c-a801-4393b4c95bee: 1120 chunks; 3.5 s; peak memory 1213 MiB.
2026-10-04T17:58:15Z INFO [204/500] 2dbeddc8-9b09-4767-b273-a2719b881d19: 48 chunks; 0.8 s; peak memory 1213 MiB.
2026-10-04T17:58:16Z INFO [205/500] 2dbf26cb-446d-48c5-b0e6-fa7f9b113785: 48 chunks; 0.8 s; peak memory 1213 MiB.
2026-10-04T17:58:17Z INFO [206/500] 2dc01ab7-1cf8-4f9a-923d-671742050c2d: 117 chunks; 0.8 s; peak memory 1213 MiB.
2026-10-04T17:58:18Z INFO [207/500] 2dc02af9-29e3-4876-b3cb-6a8db10dac63: 48 chunks; 0.8 s; peak memory 1213 MiB.
2026-10-04T17:58:18Z INFO [208/500] 2dc0c194-e613-4387-8982-04c86eb97364: 48 chunks; 0.8 s; peak memory 1213 MiB.
2026-10-04T17:58:19Z INFO [209/500] 2dc0fa3d-0aae-440a-8cc7-c562d71329ad: 42 chunks; 0.7 s; peak memory 1213 MiB.
2026-10-04T17:58:20Z INFO [210/500] 2dc131c4-5f14-48e1-ad4f-40a038d29726: 112 chunks; 1.0 s; peak memory 1213 MiB.
2026-10-04T17:58:21Z INFO [211/500] 2dc15ad2-1761-4289-b493-94f271a78e68: 118 chunks; 0.8 s; peak memory 1213 MiB.
2026-10-04T17:58:22Z INFO [212/500] 2dc15cb8-df55-4edb-9042-e7669d12aceb: 118 chunks; 0.9 s; peak memory 1213 MiB.
2026-10-04T17:58:22Z INFO [213/500] 2dc18fcf-8814-4661-8c3a-3d47d328711d: 46 chunks; 0.6 s; peak memory 1213 MiB.
2026-10-04T17:58:23Z INFO [214/500] 2dc314ba-00ca-4a5f-a394-2e7551576a16: 69 chunks; 0.7 s; peak memory 1213 MiB.
2026-10-04T17:58:23Z INFO [215/500] 2dc35968-890e-4a83-98b2-18e67dcbb411: 46 chunks; 0.5 s; peak memory 1213 MiB.
2026-10-04T17:58:24Z INFO [216/500] 2dc3b51d-108a-402f-86cb-f59c785f18a9: 48 chunks; 0.7 s; peak memory 1213 MiB.
2026-10-04T17:58:36Z INFO [217/500] 2dc569b4-9756-44b9-a333-1cdc3c7a17bd: 467 chunks; 12.0 s; peak memory 1213 MiB.
2026-10-04T17:58:37Z INFO [218/500] 2dc5713a-947c-49bf-aa04-149d28e60430: 117 chunks; 0.8 s; peak memory 1213 MiB.
2026-10-04T17:58:38Z INFO [219/500] 2dc57ca5-cfe2-4217-a752-ba36e789807d: 123 chunks; 1.3 s; peak memory 1213 MiB.
2026-10-04T17:58:39Z INFO [220/500] 2dc6031e-83d8-410e-a020-fc74bd86a895: 71 chunks; 0.9 s; peak memory 1213 MiB.
2026-10-04T17:58:45Z INFO [221/500] 2dc60966-af06-4755-8ab9-654fe9f85097: 11567 chunks; 6.2 s; peak memory 1213 MiB.
2026-10-04T17:58:46Z INFO [222/500] 2dc62090-9f71-493b-9ad2-bcb4e545ceb6: 117 chunks; 0.7 s; peak memory 1213 MiB.
2026-10-04T17:58:47Z INFO [223/500] 2dc6ca58-2936-4043-91e7-c4a15f58f20a: 52 chunks; 0.8 s; peak memory 1213 MiB.
2026-10-04T17:58:48Z INFO [224/500] 2dc7a10a-bd80-4c83-b1c8-a4dc59fae5cd: 48 chunks; 0.6 s; peak memory 1213 MiB.
2026-10-04T17:58:48Z INFO [225/500] 2dc96e97-1d9a-499e-9496-d313ae175779: 48 chunks; 0.7 s; peak memory 1213 MiB.
2026-10-04T17:58:49Z INFO [226/500] 2dca0a1a-f2a4-4fc7-836b-130884a9260c: 110 chunks; 0.9 s; peak memory 1213 MiB.
2026-10-04T17:58:50Z INFO [227/500] 2dca44d6-b5d9-4af3-9be3-fe3c71b75db4: 48 chunks; 0.8 s; peak memory 1213 MiB.
2026-10-04T17:58:51Z INFO [228/500] 2dca53fd-81a1-49a3-9978-2148cfb3c207: 117 chunks; 1.0 s; peak memory 1213 MiB.
2026-10-04T17:58:51Z INFO [229/500] 2dcb57a4-cbbf-4773-8285-74600cbd45ef: 48 chunks; 0.5 s; peak memory 1213 MiB.
2026-10-04T17:58:52Z INFO [230/500] 2dcc18ff-6b69-4022-8368-f0a20d58fa75: 69 chunks; 0.7 s; peak memory 1213 MiB.
2026-10-04T17:58:53Z INFO [231/500] 2dcc7097-130d-4079-a98d-5be344e56f37: 117 chunks; 0.7 s; peak memory 1213 MiB.
2026-10-04T17:58:53Z INFO [232/500] 2dcd4fcc-1a05-476d-8565-f98ef230a5b1: 48 chunks; 0.7 s; peak memory 1213 MiB.
2026-10-04T17:58:54Z INFO [233/500] 2dce38a5-d072-474b-bb99-263b3fb53321: 118 chunks; 0.6 s; peak memory 1213 MiB.
2026-10-04T17:58:55Z INFO [234/500] 2dcfaa32-204a-43da-b1a7-b13b959592c0: 46 chunks; 0.6 s; peak memory 1213 MiB.
2026-10-04T17:58:55Z INFO [235/500] 2dd06c9e-2523-4e0a-92b6-a3c37ca8671e: 47 chunks; 0.5 s; peak memory 1213 MiB.
2026-10-04T17:59:08Z INFO [236/500] 2dd0c971-1dac-4992-959c-2eb681240b21: 14454 chunks; 12.5 s; peak memory 1213 MiB.
2026-10-04T17:59:09Z INFO [237/500] 2dd38b35-bd2b-4494-a1af-0176710ad914: 71 chunks; 0.9 s; peak memory 1213 MiB.
2026-10-04T17:59:11Z INFO [238/500] 2dd3f198-bf3a-4aad-9c30-e5b9c3369380: 2923 chunks; 2.8 s; peak memory 1213 MiB.
2026-10-04T17:59:13Z INFO [239/500] 2dd58899-a670-4068-b594-584be94f8e82: 141 chunks; 1.3 s; peak memory 1213 MiB.
2026-10-04T17:59:14Z INFO [240/500] 2dd5a227-2679-4b7b-bb8b-7b6e95485285: 48 chunks; 0.8 s; peak memory 1213 MiB.
2026-10-04T17:59:15Z INFO [241/500] 2dd611a3-cf79-4325-b289-2b159de42982: 66 chunks; 1.3 s; peak memory 1213 MiB.
2026-10-04T17:59:23Z INFO [242/500] 2dd6c625-7d38-44a8-b254-74b029f05019: 22164 chunks; 7.6 s; peak memory 1213 MiB.
2026-10-04T17:59:38Z INFO [243/500] 2dd6e229-9621-4203-b759-150a237725b0: 6054 chunks; 15.8 s; peak memory 1213 MiB.
2026-10-04T17:59:39Z INFO [244/500] 2dd6f83f-62f4-4bc2-bc1d-f3968f5354e4: 48 chunks; 0.7 s; peak memory 1213 MiB.
2026-10-04T17:59:40Z INFO [245/500] 2dd7249f-89b5-455c-be11-6c777d91cf29: 121 chunks; 1.4 s; peak memory 1213 MiB.
2026-10-04T17:59:48Z INFO [246/500] 2dd75f9a-d0b1-4aa0-a50e-2417d3cca23b: 13586 chunks; 7.6 s; peak memory 1213 MiB.
2026-10-04T17:59:49Z INFO [247/500] 2dd76583-8867-4a0c-a806-8dc251cc7061: 46 chunks; 0.5 s; peak memory 1213 MiB.
2026-10-04T17:59:50Z INFO [248/500] 2dd76c3c-47f9-4080-bfbc-d30904bd310b: 997 chunks; 1.2 s; peak memory 1213 MiB.
2026-10-04T17:59:51Z INFO [249/500] 2dd77ca6-d78c-4407-8236-337f12f1b5ad: 66 chunks; 1.1 s; peak memory 1213 MiB.
2026-10-04T17:59:52Z INFO [250/500] 2dd7e595-2b1f-4b58-a84e-fdab596049b5: 997 chunks; 1.3 s; peak memory 1213 MiB.
2026-10-04T17:59:52Z INFO [250/500] 2dd7e595-2b1f-4b58-a84e-fdab596049b5: checkpointed 69084 records.
2026-10-04T17:59:53Z INFO [251/500] 2dd9441f-f834-4b77-8458-d289f8af3389: 118 chunks; 0.8 s; peak memory 1213 MiB.
2026-10-04T17:59:54Z INFO [252/500] 2dd9e92a-cdcb-485f-91df-027319a55779: 48 chunks; 0.7 s; peak memory 1213 MiB.
2026-10-04T17:59:55Z INFO [253/500] 2dda5590-0f49-4e2b-9305-9c451ca711da: 275 chunks; 1.0 s; peak memory 1213 MiB.
2026-10-04T18:00:01Z INFO [254/500] 2ddac752-807c-4fa0-8953-fa958b7e48aa: 23128 chunks; 5.7 s; peak memory 1213 MiB.
2026-10-04T18:00:05Z INFO [255/500] 2ddacbc4-4578-4618-b0b2-42dc24f10f43: 1551 chunks; 4.1 s; peak memory 1213 MiB.
2026-10-04T18:00:06Z INFO [256/500] 2ddb3cc7-6c4a-4fa3-93fe-babbb52c3f77: 247 chunks; 0.9 s; peak memory 1213 MiB.
2026-10-04T18:00:06Z INFO [257/500] 2ddc46cb-2172-4408-beb8-79e4d3680c19: 116 chunks; 0.7 s; peak memory 1213 MiB.
2026-10-04T18:00:07Z INFO [258/500] 2ddd19df-7f5d-4fcd-bc2a-cbb4c06e2621: 118 chunks; 0.9 s; peak memory 1213 MiB.
2026-10-04T18:00:08Z INFO [259/500] 2dddfe3c-5b46-46b6-af60-4c006100bef1: 62 chunks; 1.1 s; peak memory 1213 MiB.
2026-10-04T18:00:09Z INFO [260/500] 2dde18e7-513c-4427-add2-2a63de7d6502: 112 chunks; 0.9 s; peak memory 1213 MiB.
2026-10-04T18:00:10Z INFO [261/500] 2dde5526-e2c8-4374-a51a-ac263297bdd6: 116 chunks; 0.8 s; peak memory 1213 MiB.
2026-10-04T18:00:12Z INFO [262/500] 2dde6aa3-c5ac-47bc-b2ac-b0744bb8030f: 1641 chunks; 2.1 s; peak memory 1213 MiB.
2026-10-04T18:00:13Z INFO [263/500] 2ddf1982-b5a9-409f-931d-e55ad555c5d3: 69 chunks; 0.8 s; peak memory 1213 MiB.
2026-10-04T18:00:14Z INFO [264/500] 2ddf9bbf-0cf2-4c71-8411-61877428b882: 105 chunks; 1.4 s; peak memory 1213 MiB.
2026-10-04T18:00:15Z INFO [265/500] 2ddffdf7-7c46-4e2f-a997-b46a5def081f: 50 chunks; 0.6 s; peak memory 1213 MiB.
2026-10-04T18:00:16Z INFO [266/500] 2de0b125-3c6c-42d6-b090-af70e1d235f5: 112 chunks; 1.0 s; peak memory 1213 MiB.
2026-10-04T18:00:17Z INFO [267/500] 2de0e6d5-4059-44d8-8ff7-fd43ac6995e9: 112 chunks; 1.0 s; peak memory 1213 MiB.
2026-10-04T18:00:18Z INFO [268/500] 2de1ebcb-0b0f-4a40-ac38-4b23d4d2a399: 66 chunks; 0.9 s; peak memory 1213 MiB.
2026-10-04T18:00:19Z INFO [269/500] 2de1ef31-c03a-4f5c-b575-275851e421bd: 112 chunks; 0.9 s; peak memory 1213 MiB.
2026-10-04T18:00:19Z INFO [270/500] 2de3f7a6-708e-4c56-b1a9-d48b0f97feb2: 48 chunks; 0.7 s; peak memory 1213 MiB.
2026-10-04T18:00:54Z INFO [271/500] 2de44f77-8855-434a-b5a3-8d1ed04edf85: 25653 chunks; 35.0 s; peak memory 1213 MiB.
2026-10-04T18:00:55Z INFO [272/500] 2de45a94-d306-48da-a7e4-892461a52227: 47 chunks; 0.6 s; peak memory 1213 MiB.
2026-10-04T18:00:57Z INFO [273/500] 2de47296-7bdd-4cd6-83c7-dedd1e9a0002: 115 chunks; 1.6 s; peak memory 1213 MiB.
2026-10-04T18:01:01Z INFO [274/500] 2de4f212-8538-4040-b68d-245e8d3bb784: 291 chunks; 4.6 s; peak memory 1213 MiB.
2026-10-04T18:01:02Z INFO [275/500] 2de5acaa-dfa4-4262-b352-a3a89677ad15: 64 chunks; 0.9 s; peak memory 1213 MiB.
2026-10-04T18:01:07Z INFO [276/500] 2de5ba74-7611-4c2b-9835-aca6d0280baa: 319 chunks; 4.5 s; peak memory 1213 MiB.
2026-10-04T18:01:09Z INFO [277/500] 2de600c5-4cad-4802-8220-153920c6a5c9: 1397 chunks; 2.0 s; peak memory 1213 MiB.
2026-10-04T18:01:09Z INFO [278/500] 2de6269e-7769-48b0-a0a6-e989fb7d2073: 92 chunks; 0.7 s; peak memory 1213 MiB.
2026-10-04T18:01:10Z INFO [279/500] 2de805bb-f412-4708-bba4-7aa7c1643ae7: 69 chunks; 0.7 s; peak memory 1213 MiB.
2026-10-04T18:01:11Z INFO [280/500] 2de89c01-15f7-4697-ba9c-87f9bf4adf78: 167 chunks; 1.2 s; peak memory 1213 MiB.
2026-10-04T18:01:12Z INFO [281/500] 2de95263-383b-4518-bc4c-41d187af84b0: 112 chunks; 1.0 s; peak memory 1213 MiB.
2026-10-04T18:01:13Z INFO [282/500] 2de955e7-e6ca-45bb-924a-e6de0a813830: 41 chunks; 0.6 s; peak memory 1213 MiB.
2026-10-04T18:01:19Z INFO [283/500] 2de9aacf-58c4-456e-84f1-94c8dc3ca810: 39136 chunks; 5.6 s; peak memory 1213 MiB.
2026-10-04T18:01:19Z INFO [284/500] 2de9d421-619e-47d3-8296-12679febcd97: 118 chunks; 0.8 s; peak memory 1213 MiB.
2026-10-04T18:01:22Z INFO [285/500] 2dea3cba-d973-4005-a374-867988b35768: 287 chunks; 2.7 s; peak memory 1213 MiB.
2026-10-04T18:01:29Z INFO [286/500] 2dea6670-dc25-4125-9133-7a00e4cb82ff: 18891 chunks; 7.1 s; peak memory 1213 MiB.
2026-10-04T18:01:30Z INFO [287/500] 2debc9f0-fddc-4361-8245-4c6fae917b00: 48 chunks; 0.9 s; peak memory 1213 MiB.
2026-10-04T18:01:31Z INFO [288/500] 2dee6c46-06a4-4872-b620-ef5edf4d7e93: 46 chunks; 0.8 s; peak memory 1213 MiB.
2026-10-04T18:01:32Z INFO [289/500] 2dee8bec-d7e6-4f63-9039-4faf4d2d01da: 48 chunks; 1.0 s; peak memory 1213 MiB.
2026-10-04T18:01:33Z INFO [290/500] 2deed165-0066-4c7d-8d63-b43429774eff: 66 chunks; 1.0 s; peak memory 1213 MiB.
2026-10-04T18:01:36Z INFO [291/500] 2deedea2-45b8-493a-afca-858e03659c32: 2922 chunks; 3.6 s; peak memory 1213 MiB.
2026-10-04T18:01:37Z INFO [292/500] 2def788d-b835-4015-a346-1508ea438a0d: 52 chunks; 0.8 s; peak memory 1213 MiB.
2026-10-04T18:01:38Z INFO [293/500] 2defb8ce-0561-4a83-a4d6-0f39a489b275: 48 chunks; 0.7 s; peak memory 1213 MiB.
2026-10-04T18:01:39Z INFO [294/500] 2defc912-dde2-4f93-8d14-25c127e58701: 117 chunks; 0.9 s; peak memory 1213 MiB.
2026-10-04T18:01:40Z INFO [295/500] 2df0c517-e3ee-400e-a077-260e90eb8438: 66 chunks; 1.3 s; peak memory 1213 MiB.
2026-10-04T18:01:41Z INFO [296/500] 2df10db4-75c9-46ab-aa52-3783f98ecb42: 69 chunks; 1.1 s; peak memory 1213 MiB.
2026-10-04T18:01:43Z INFO [297/500] 2df25fa8-e3fb-49c0-a0a2-912e37108310: 125 chunks; 1.6 s; peak memory 1213 MiB.
2026-10-04T18:01:44Z INFO [298/500] 2df29dd5-854a-469b-b636-3782c5b44287: 289 chunks; 1.1 s; peak memory 1213 MiB.
2026-10-04T18:01:46Z INFO [299/500] 2df39f87-f9b8-40e5-8de8-0fe2b8a3c2b1: 99 chunks; 2.2 s; peak memory 1213 MiB.
2026-10-04T18:01:47Z INFO [300/500] 2df45f18-cda0-48f9-a118-7b05c30f8249: 117 chunks; 0.9 s; peak memory 1213 MiB.
2026-10-04T18:01:47Z INFO [300/500] 2df45f18-cda0-48f9-a118-7b05c30f8249: checkpointed 69134 records.
2026-10-04T18:01:48Z INFO [301/500] 2df4682c-0719-4bc2-913b-aeed15b21e18: 116 chunks; 0.8 s; peak memory 1213 MiB.
2026-10-04T18:01:55Z INFO [302/500] 2df47082-e673-46fc-88d1-e5ae8d674270: 23765 chunks; 6.7 s; peak memory 1213 MiB.
2026-10-04T18:01:59Z INFO [303/500] 2df48652-6c04-4972-8f39-c945708cf671: 1187 chunks; 4.0 s; peak memory 1213 MiB.
2026-10-04T18:01:59Z INFO [304/500] 2df4ceb0-48ae-49a6-8edf-5e33c9b7a9ea: 110 chunks; 0.7 s; peak memory 1213 MiB.
2026-10-04T18:02:00Z INFO [305/500] 2df74844-10f8-4537-b224-947b9751ed32: 48 chunks; 0.7 s; peak memory 1213 MiB.
2026-10-04T18:02:01Z INFO [306/500] 2df85cc8-a4d2-43a8-9f29-d9364b214d89: 67 chunks; 1.1 s; peak memory 1213 MiB.
2026-10-04T18:02:06Z INFO [307/500] 2df910df-929a-4bb3-8982-03d3bedf05e5: 611 chunks; 4.4 s; peak memory 1213 MiB.
2026-10-04T18:02:12Z INFO [308/500] 2df92f84-b78f-4448-bbcf-530219eb8f9a: 1042 chunks; 6.9 s; peak memory 1213 MiB.
2026-10-04T18:02:13Z INFO [309/500] 2df93e94-0d72-4eb9-8e3e-f271a018b0e7: 48 chunks; 0.9 s; peak memory 1213 MiB.
2026-10-04T18:02:14Z INFO [310/500] 2df9774a-944d-4212-821b-95c5d428abca: 48 chunks; 0.8 s; peak memory 1213 MiB.
2026-10-04T18:02:15Z INFO [311/500] 2df9972c-b16b-41e1-9a14-89c994072cf7: 62 chunks; 1.1 s; peak memory 1213 MiB.
2026-10-04T18:02:18Z INFO [312/500] 2dfa1607-d19d-4b76-8635-285e4329a015: 315 chunks; 2.7 s; peak memory 1213 MiB.
2026-10-04T18:02:19Z INFO [313/500] 2dfbca23-e524-40c7-8fec-094cb7deb8a7: 69 chunks; 1.0 s; peak memory 1213 MiB.
2026-10-04T18:02:20Z INFO [314/500] 2dfbe920-e96a-4521-b66f-9b91a0128f19: 112 chunks; 0.8 s; peak memory 1213 MiB.
2026-10-04T18:02:34Z INFO [315/500] 2dfbeeea-e910-408e-b36e-5c67c3d630fa: 4787 chunks; 14.3 s; peak memory 1213 MiB.
2026-10-04T18:02:35Z INFO [316/500] 2dfc2e18-1f9d-4c0f-9b30-ae202a8d0c52: 48 chunks; 1.2 s; peak memory 1213 MiB.
2026-10-04T18:02:36Z INFO [317/500] 2dfce66a-27b8-4162-81b4-4d7670d7baf2: 98 chunks; 0.8 s; peak memory 1213 MiB.
2026-10-04T18:02:40Z INFO [318/500] 2dfd0550-792d-4766-9b50-cf878ed37a37: 238 chunks; 4.1 s; peak memory 1213 MiB.
2026-10-04T18:02:41Z INFO [319/500] 2dfd16e2-3dcb-4134-a6ea-53412e0da955: 112 chunks; 0.9 s; peak memory 1213 MiB.
2026-10-04T18:02:44Z INFO [320/500] 2dfd849c-88aa-46eb-9d11-61f97701d41a: 484 chunks; 3.3 s; peak memory 1213 MiB.
2026-10-04T18:02:48Z INFO [321/500] 2dfd86c7-744b-4a6e-8ad6-b8442fa01862: 10014 chunks; 3.8 s; peak memory 1213 MiB.
2026-10-04T18:02:49Z INFO [322/500] 2dfe2812-2b24-4cd7-91da-42ac5d2a9b9b: 59 chunks; 0.5 s; peak memory 1213 MiB.
2026-10-04T18:02:50Z INFO [323/500] 2dfec1ce-aa6a-4b6b-8ba9-e4b6219f2fba: 95 chunks; 0.9 s; peak memory 1213 MiB.
2026-10-04T18:02:53Z INFO [324/500] 2dfec93e-afc1-49f0-b936-2c42122dfbd2: 367 chunks; 3.6 s; peak memory 1213 MiB.
2026-10-04T18:02:54Z INFO [325/500] 2dff0d13-2e8f-4ab8-81c2-28ac743acb6a: 46 chunks; 0.5 s; peak memory 1213 MiB.
2026-10-04T18:02:54Z INFO [326/500] 2dff6802-4f7d-4dc5-9c81-82e44ff8e0f0: 46 chunks; 0.6 s; peak memory 1213 MiB.
2026-10-04T18:03:03Z INFO [327/500] 2e0078c8-8e3b-4ea2-a43b-65c5a39093e4: 432 chunks; 8.3 s; peak memory 1213 MiB.
2026-10-04T18:03:03Z INFO [328/500] 2e01cb21-1d6a-4a9c-90c0-95aec3252b4d: 48 chunks; 0.7 s; peak memory 1213 MiB.
2026-10-04T18:03:04Z INFO [329/500] 2e02333d-ba65-4b97-b0bd-1965601eacc8: 48 chunks; 0.7 s; peak memory 1213 MiB.
2026-10-04T18:03:05Z INFO [330/500] 2e02e7e3-6a32-461f-b89d-0af83b6dd2b5: 48 chunks; 0.6 s; peak memory 1213 MiB.
2026-10-04T18:03:05Z INFO [331/500] 2e030e3f-dfd0-4558-bc15-651c25cee431: 48 chunks; 0.6 s; peak memory 1213 MiB.
2026-10-04T18:03:10Z INFO [332/500] 2e03f6dd-eb6f-4792-987f-7ef51b2616f3: 16689 chunks; 4.7 s; peak memory 1213 MiB.
2026-10-04T18:03:46Z INFO [333/500] 2e040bac-baa9-4604-a844-fd44361be07a: 25653 chunks; 36.2 s; peak memory 1213 MiB.
2026-10-04T18:03:47Z INFO [334/500] 2e04cdf5-63c8-405b-a57e-4907b588b632: 116 chunks; 0.7 s; peak memory 1213 MiB.
2026-10-04T18:03:48Z INFO [335/500] 2e054d31-56cb-4f7b-9972-22f877521c3c: 43 chunks; 0.6 s; peak memory 1213 MiB.
2026-10-04T18:03:49Z INFO [336/500] 2e059246-0d9a-499f-8bca-1e68ed789ad2: 112 chunks; 1.1 s; peak memory 1213 MiB.
2026-10-04T18:03:54Z INFO [337/500] 2e05da34-46d8-461f-9226-1406dd9fad5c: 17338 chunks; 5.1 s; peak memory 1213 MiB.
2026-10-04T18:04:02Z INFO [338/500] 2e06bcfb-04e6-4383-bd70-8ae534f1419c: 1533 chunks; 7.9 s; peak memory 1213 MiB.
2026-10-04T18:04:06Z INFO [339/500] 2e06db81-29a2-43ab-91e8-eeb32309d183: 15249 chunks; 4.3 s; peak memory 1213 MiB.
2026-10-04T18:04:07Z INFO [340/500] 2e070306-fa0a-402a-bcfc-88b0fcab7a8a: 71 chunks; 1.0 s; peak memory 1213 MiB.
2026-10-04T18:04:08Z INFO [341/500] 2e072f21-68de-40af-a8da-0cc30d4eadc9: 112 chunks; 0.9 s; peak memory 1213 MiB.
2026-10-04T18:04:09Z INFO [342/500] 2e076ed6-15db-4ca1-9c12-ea3a448a5e1e: 117 chunks; 0.7 s; peak memory 1213 MiB.
2026-10-04T18:04:09Z INFO [343/500] 2e07b5fc-3973-49ba-a5f0-992922405d63: 69 chunks; 0.5 s; peak memory 1213 MiB.
2026-10-04T18:07:02Z INFO [344/500] 2e07bb2e-683b-46f9-99ea-8d9fd7d42baf: 205148 chunks; 173.3 s; peak memory 1213 MiB.
2026-10-04T18:07:06Z INFO [345/500] 2e07ed4b-5f94-4f6e-9266-209ab153bd82: 9625 chunks; 3.3 s; peak memory 1213 MiB.
2026-10-04T18:07:12Z INFO [346/500] 2e0866c9-e7ca-4e3b-8a9b-2a6cfca9065a: 6386 chunks; 6.0 s; peak memory 1213 MiB.
2026-10-04T18:07:12Z INFO [347/500] 2e08d15a-bab4-40eb-86b7-a5cfa16c2e70: 121 chunks; 0.6 s; peak memory 1213 MiB.
2026-10-04T18:07:13Z INFO [348/500] 2e0908be-dc65-46ad-9037-54621c06ee81: 48 chunks; 0.8 s; peak memory 1213 MiB.
2026-10-04T18:07:14Z INFO [349/500] 2e09258f-0ce8-43b9-b997-b0d20abf04db: 66 chunks; 1.0 s; peak memory 1213 MiB.
2026-10-04T18:09:32Z INFO [350/500] 2e09805a-b16e-4b0a-8e64-1297d5dee006: 87111 chunks; 138.1 s; peak memory 1213 MiB.
2026-10-04T18:09:33Z INFO [350/500] 2e09805a-b16e-4b0a-8e64-1297d5dee006: checkpointed 69184 records.
2026-10-04T18:09:34Z INFO [351/500] 2e099510-d818-4645-9809-f1e2ca0aab4d: 66 chunks; 1.0 s; peak memory 1213 MiB.
2026-10-04T18:09:34Z INFO [352/500] 2e0a3b62-9ad4-4893-91f6-4c4525e6dca2: 48 chunks; 0.6 s; peak memory 1213 MiB.
2026-10-04T18:09:35Z INFO [353/500] 2e0a6bf1-f90c-40eb-8222-6320f58ffb72: 46 chunks; 0.6 s; peak memory 1213 MiB.
2026-10-04T18:09:42Z INFO [354/500] 2e0aca9e-c502-4763-a1ac-cff33903e476: 2544 chunks; 7.7 s; peak memory 1213 MiB.
2026-10-04T18:09:43Z INFO [355/500] 2e0c4369-c5dd-4977-bada-dfa2b1528563: 77 chunks; 0.9 s; peak memory 1213 MiB.
2026-10-04T18:09:44Z INFO [356/500] 2e0c5b6a-d670-4e15-b491-cff7bfb939c1: 48 chunks; 0.7 s; peak memory 1213 MiB.
2026-10-04T18:09:45Z INFO [357/500] 2e0c8eaa-f081-4489-84d7-15cd07263e09: 170 chunks; 0.8 s; peak memory 1213 MiB.
2026-10-04T18:09:47Z INFO [358/500] 2e0d546b-494d-47c4-87dc-b6fdb8adc566: 156 chunks; 1.9 s; peak memory 1213 MiB.
2026-10-04T18:09:48Z INFO [359/500] 2e0d8047-d8a8-4cbd-8686-2130aa03e991: 997 chunks; 1.4 s; peak memory 1213 MiB.
2026-10-04T18:11:57Z INFO [360/500] 2e0d95e9-4325-4779-b087-88bde72e6799: 65593 chunks; 129.1 s; peak memory 1213 MiB.
2026-10-04T18:12:02Z INFO [361/500] 2e0ec76c-5c76-406b-bd34-6cd307b0629f: 4151 chunks; 4.5 s; peak memory 1213 MiB.
2026-10-04T18:12:03Z INFO [362/500] 2e0fab25-6b4d-4755-adcd-451c2f3d87b7: 118 chunks; 0.8 s; peak memory 1213 MiB.
2026-10-04T18:12:03Z INFO [363/500] 2e0fc50e-40de-4f69-8171-022d801faf66: 99 chunks; 0.6 s; peak memory 1213 MiB.
2026-10-04T18:12:04Z INFO [364/500] 2e0fcf64-a65c-4510-b514-e4b40e2729da: 116 chunks; 0.8 s; peak memory 1213 MiB.
2026-10-04T18:12:05Z INFO [365/500] 2e0fdac4-0b99-4b67-8370-b22e8b1f8fd4: 117 chunks; 0.8 s; peak memory 1213 MiB.
2026-10-04T18:12:06Z INFO [366/500] 2e100b05-ffd3-4609-ba10-d1cd03280ce1: 557 chunks; 0.8 s; peak memory 1213 MiB.
2026-10-04T18:12:07Z INFO [367/500] 2e10349e-018b-47a6-85db-31498586d0cf: 117 chunks; 0.9 s; peak memory 1213 MiB.
2026-10-04T18:12:15Z INFO [368/500] 2e104c09-1f62-4af1-993e-71797a4803ba: 14183 chunks; 8.7 s; peak memory 1213 MiB.
2026-10-04T18:12:16Z INFO [369/500] 2e111f45-7523-4b90-9849-cde45b78ae9a: 112 chunks; 0.9 s; peak memory 1213 MiB.
2026-10-04T18:12:17Z INFO [370/500] 2e115bb5-9f15-40cd-8580-de1509d29034: 48 chunks; 0.7 s; peak memory 1213 MiB.
2026-10-04T18:12:17Z INFO [371/500] 2e11d926-7ea3-4331-9f02-d5b6378d769a: 37 chunks; 0.5 s; peak memory 1213 MiB.
2026-10-04T18:12:18Z INFO [372/500] 2e1369c9-250c-4d68-b46f-7728e08a3ba3: 48 chunks; 0.7 s; peak memory 1213 MiB.
2026-10-04T18:12:19Z INFO [373/500] 2e1387e8-b8b4-4da7-9bbf-27ec098bc136: 36 chunks; 0.7 s; peak memory 1213 MiB.
2026-10-04T18:12:20Z INFO [374/500] 2e13991c-0bab-473e-91eb-eaf52679d784: 48 chunks; 0.8 s; peak memory 1213 MiB.
2026-10-04T18:12:20Z INFO [375/500] 2e13a06e-5441-4bd8-b63e-afcf9f9bc90f: 110 chunks; 0.9 s; peak memory 1213 MiB.
2026-10-04T18:12:21Z INFO [376/500] 2e1455c2-f456-416f-a4ed-65f3414170cf: 54 chunks; 0.5 s; peak memory 1213 MiB.
2026-10-04T18:12:22Z INFO [377/500] 2e1497b7-4113-4813-afde-efa4c8dd8a87: 112 chunks; 0.9 s; peak memory 1213 MiB.
2026-10-04T18:12:23Z INFO [378/500] 2e14faaa-ac89-460c-95e8-26d9ea67c780: 48 chunks; 0.8 s; peak memory 1213 MiB.
2026-10-04T18:12:24Z INFO [379/500] 2e156863-e1c1-4fe9-9268-cef50213649d: 112 chunks; 0.8 s; peak memory 1213 MiB.
2026-10-04T18:12:24Z INFO [380/500] 2e16a2ef-46e8-4a1d-b7b3-83b53a3799bb: 71 chunks; 0.9 s; peak memory 1213 MiB.
2026-10-04T18:12:25Z INFO [381/500] 2e1729ad-b013-4138-bf34-c69e10e7cdad: 63 chunks; 0.6 s; peak memory 1213 MiB.
2026-10-04T18:12:27Z INFO [382/500] 2e178b05-a1ed-4bdb-9de5-a83054e7453f: 464 chunks; 1.7 s; peak memory 1213 MiB.
2026-10-04T18:12:28Z INFO [383/500] 2e17ab7b-489c-44d4-bbfc-2ae594b72b0e: 117 chunks; 0.9 s; peak memory 1213 MiB.
2026-10-04T18:12:28Z INFO [384/500] 2e17c051-3edf-44cd-aaf0-d59e08abe11f: 48 chunks; 0.8 s; peak memory 1213 MiB.
2026-10-04T18:12:30Z INFO [385/500] 2e18344b-bdb6-472c-ad2f-842e57fb9e12: 152 chunks; 2.0 s; peak memory 1213 MiB.
2026-10-04T18:12:31Z INFO [386/500] 2e18f026-7612-458d-a4b3-1761dcd59f93: 110 chunks; 0.9 s; peak memory 1213 MiB.
2026-10-04T18:12:32Z INFO [387/500] 2e1a80d2-63c0-49d3-84f7-76afd6f70b44: 51 chunks; 0.7 s; peak memory 1213 MiB.
2026-10-04T18:12:32Z INFO [388/500] 2e1a8359-fc5a-4826-b757-2a29f4c78221: 112 chunks; 0.6 s; peak memory 1213 MiB.
2026-10-04T18:12:34Z INFO [389/500] 2e1ac357-7656-4229-a525-80f7fb5e9bf2: 168 chunks; 1.3 s; peak memory 1213 MiB.
2026-10-04T18:12:35Z INFO [390/500] 2e1b3a37-3654-454d-9430-8d0eb0c302cd: 52 chunks; 0.7 s; peak memory 1213 MiB.
2026-10-04T18:12:35Z INFO [391/500] 2e1bfb78-a104-4836-8abe-3a9372555c67: 48 chunks; 0.6 s; peak memory 1213 MiB.
2026-10-04T18:12:42Z INFO [392/500] 2e1c4617-8850-434b-a92d-58bf7fbe7159: 11232 chunks; 6.5 s; peak memory 1213 MiB.
2026-10-04T18:12:42Z INFO [393/500] 2e1ca66f-475b-47ee-bcdc-a20e69208a9f: 48 chunks; 0.7 s; peak memory 1213 MiB.
2026-10-04T18:12:43Z INFO [394/500] 2e1cca30-0abe-4afd-90b7-4f53daaa5088: 48 chunks; 0.6 s; peak memory 1213 MiB.
2026-10-04T18:12:44Z INFO [395/500] 2e1d5451-cfe6-4f13-b1f0-29c1e8fcebb9: 118 chunks; 0.9 s; peak memory 1213 MiB.
2026-10-04T18:12:45Z INFO [396/500] 2e1d9734-75f0-4540-8d03-69471dc44c9e: 112 chunks; 0.8 s; peak memory 1213 MiB.
2026-10-04T18:12:50Z INFO [397/500] 2e1dc6e6-f2e2-4676-b207-1aad85c28d76: 6230 chunks; 5.3 s; peak memory 1213 MiB.
2026-10-04T18:12:53Z INFO [398/500] 2e1e36bd-b570-42e1-b907-fbe047e84da7: 208 chunks; 2.7 s; peak memory 1213 MiB.
2026-10-04T18:12:53Z INFO [399/500] 2e1e95e0-f41e-4361-8ac9-9f5a866ac53e: 118 chunks; 0.8 s; peak memory 1213 MiB.
2026-10-04T18:12:54Z INFO [400/500] 2e231d70-c8f5-47f3-968c-43ec5a02fe07: 41 chunks; 0.7 s; peak memory 1213 MiB.
2026-10-04T18:12:54Z INFO [400/500] 2e231d70-c8f5-47f3-968c-43ec5a02fe07: checkpointed 69234 records.
2026-10-04T18:12:55Z INFO [401/500] 2e232431-5298-4220-b8f4-ab62b928aab7: 117 chunks; 0.8 s; peak memory 1213 MiB.
2026-10-04T18:12:56Z INFO [402/500] 2e23c9f6-077c-4af6-a6f2-991cc7cefcbc: 117 chunks; 0.7 s; peak memory 1213 MiB.
2026-10-04T18:12:57Z INFO [403/500] 2e240147-1e30-415d-bb02-cbbefc8eb012: 52 chunks; 0.9 s; peak memory 1213 MiB.
2026-10-04T18:12:58Z INFO [404/500] 2e24fb4b-e38c-4516-abff-7d7ab995e1eb: 112 chunks; 1.0 s; peak memory 1213 MiB.
2026-10-04T18:12:58Z INFO [405/500] 2e26188e-bc02-4df3-bf98-4e0039e9da35: 48 chunks; 0.6 s; peak memory 1213 MiB.
2026-10-04T18:12:59Z INFO [406/500] 2e2753ed-5006-4aeb-a3b5-2b0424a62b7e: 69 chunks; 0.8 s; peak memory 1213 MiB.
2026-10-04T18:13:03Z INFO [407/500] 2e275ff7-db88-474b-9d76-57984d7144f1: 11929 chunks; 4.4 s; peak memory 1213 MiB.
2026-10-04T18:13:04Z INFO [408/500] 2e27d8b0-4ac4-4d55-b1ef-f90235de7bf0: 56 chunks; 0.5 s; peak memory 1213 MiB.
2026-10-04T18:13:05Z INFO [409/500] 2e299633-9047-4453-a5f8-bb2fe8442af9: 69 chunks; 0.6 s; peak memory 1213 MiB.
2026-10-04T18:13:05Z INFO [410/500] 2e2a71ac-d80f-42b6-8438-b37e0e70acb8: 118 chunks; 0.8 s; peak memory 1213 MiB.
2026-10-04T18:13:06Z INFO [411/500] 2e2a7365-463d-40e8-a96e-ca6425615c58: 52 chunks; 0.7 s; peak memory 1213 MiB.
2026-10-04T18:13:07Z INFO [412/500] 2e2ad275-c90c-4d55-96b8-10558e5e126d: 48 chunks; 0.8 s; peak memory 1213 MiB.
2026-10-04T18:13:09Z INFO [413/500] 2e2b0b74-c71f-4cff-b78b-5adf5c0d761d: 254 chunks; 2.3 s; peak memory 1213 MiB.
2026-10-04T18:13:10Z INFO [414/500] 2e2b2948-dbf4-4925-85b5-40e3e53b9783: 112 chunks; 0.8 s; peak memory 1213 MiB.
2026-10-04T18:13:12Z INFO [415/500] 2e2bc681-c1ee-4280-a063-1495d14c0ead: 156 chunks; 1.9 s; peak memory 1213 MiB.
2026-10-04T18:13:13Z INFO [416/500] 2e2bc987-2f57-4568-820a-e2ffd00c6d35: 66 chunks; 0.9 s; peak memory 1213 MiB.
2026-10-04T18:13:14Z INFO [417/500] 2e2c0579-2836-4b9c-a64d-d5a6656b59a9: 117 chunks; 0.8 s; peak memory 1213 MiB.
2026-10-04T18:13:16Z INFO [418/500] 2e2cd824-39a4-4c4b-858a-79cbbd60c17c: 156 chunks; 2.0 s; peak memory 1213 MiB.
2026-10-04T18:13:16Z INFO [419/500] 2e2d1e7c-e5e3-45a7-95c1-7abbba010664: 45 chunks; 0.6 s; peak memory 1213 MiB.
2026-10-04T18:13:17Z INFO [420/500] 2e2e0357-44ce-46c8-aee3-c2d3301fef55: 113 chunks; 0.9 s; peak memory 1213 MiB.
2026-10-04T18:14:55Z INFO [421/500] 2e2e2b2e-a960-4931-bc83-5aeaaaa9f980: 41146 chunks; 97.6 s; peak memory 1213 MiB.
2026-10-04T18:14:56Z INFO [422/500] 2e2e3e49-c503-46c4-ae21-10cebe98509d: 48 chunks; 0.9 s; peak memory 1213 MiB.
2026-10-04T18:14:56Z INFO [423/500] 2e2edc26-c9e0-46ff-89b3-cfda43dc15c8: 33 chunks; 0.6 s; peak memory 1213 MiB.
2026-10-04T18:14:57Z INFO [424/500] 2e2ee20f-6cab-421c-a202-e5949c4d97e4: 77 chunks; 0.8 s; peak memory 1213 MiB.
2026-10-04T18:15:01Z INFO [425/500] 2e2f3690-7590-470d-847e-fb3296441755: 2923 chunks; 3.7 s; peak memory 1213 MiB.
2026-10-04T18:15:08Z INFO [426/500] 2e2fb8e5-d9c4-4173-a43a-92d321003af0: 15870 chunks; 7.7 s; peak memory 1213 MiB.
2026-10-04T18:15:09Z INFO [427/500] 2e3043aa-68d7-4d6c-9f92-7c4bd26681c3: 53 chunks; 0.9 s; peak memory 1213 MiB.
2026-10-04T18:15:10Z INFO [428/500] 2e3159f4-ed05-4dd1-8ee3-0bb6673aa8d7: 74 chunks; 1.0 s; peak memory 1213 MiB.
2026-10-04T18:15:11Z INFO [429/500] 2e3214a8-810c-4351-a960-128d2c5cd3e5: 66 chunks; 1.3 s; peak memory 1213 MiB.
2026-10-04T18:15:13Z INFO [430/500] 2e326e40-7b40-47d1-ada5-8c4d03360065: 157 chunks; 1.8 s; peak memory 1213 MiB.
2026-10-04T18:15:14Z INFO [431/500] 2e3286bb-f18d-4c71-a5c1-4724393730d5: 72 chunks; 0.5 s; peak memory 1213 MiB.
2026-10-04T18:15:14Z INFO [432/500] 2e328caa-a0c2-4878-84cb-a069c5e7642d: 46 chunks; 0.4 s; peak memory 1213 MiB.
2026-10-04T18:15:15Z INFO [433/500] 2e32e3bc-138c-4ec8-badb-ca3ee2d7247b: 79 chunks; 0.8 s; peak memory 1213 MiB.
2026-10-04T18:15:17Z INFO [434/500] 2e3331ce-8b5d-4bd9-a4aa-d33e56ded4d4: 1641 chunks; 1.8 s; peak memory 1213 MiB.
2026-10-04T18:15:18Z INFO [435/500] 2e336128-2672-45e1-93d8-19e4928d9d78: 116 chunks; 0.9 s; peak memory 1213 MiB.
2026-10-04T18:15:20Z INFO [436/500] 2e33d6be-78cc-4cc0-ac46-083d5174bc5e: 161 chunks; 2.1 s; peak memory 1213 MiB.
2026-10-04T18:15:24Z INFO [437/500] 2e351c9f-6237-425e-aed8-ed8899c474eb: 19554 chunks; 4.3 s; peak memory 1213 MiB.
2026-10-04T18:15:25Z INFO [438/500] 2e356abc-f0fb-4dc0-b361-f2a4ce4dd3e5: 117 chunks; 0.7 s; peak memory 1213 MiB.
2026-10-04T18:15:26Z INFO [439/500] 2e35cf74-cd0a-455a-b5df-8290d7353ad6: 48 chunks; 0.7 s; peak memory 1213 MiB.
2026-10-04T18:15:28Z INFO [440/500] 2e367311-f735-429b-bdb5-7c464b789305: 888 chunks; 2.7 s; peak memory 1213 MiB.
2026-10-04T18:15:29Z INFO [441/500] 2e368520-8ef4-4136-a303-083caea21e0c: 120 chunks; 1.0 s; peak memory 1213 MiB.
2026-10-04T18:15:30Z INFO [442/500] 2e36d41f-4f8e-49dc-888d-019e9fc31b12: 52 chunks; 0.7 s; peak memory 1213 MiB.
2026-10-04T18:15:31Z INFO [443/500] 2e3786eb-9adb-4e93-a687-0f7f1ada0cbb: 72 chunks; 0.7 s; peak memory 1213 MiB.
2026-10-04T18:15:33Z INFO [444/500] 2e379e03-8677-4165-b4bd-a2267e719171: 719 chunks; 2.5 s; peak memory 1213 MiB.
2026-10-04T18:15:34Z INFO [445/500] 2e37edaa-d7a4-404d-bdad-b6a6e5015ecb: 46 chunks; 0.6 s; peak memory 1213 MiB.
2026-10-04T18:15:38Z INFO [446/500] 2e389f8b-6b54-4ebb-9b8b-f65a2bb88143: 27953 chunks; 4.6 s; peak memory 1213 MiB.
2026-10-04T18:15:39Z INFO [447/500] 2e38a2a4-52d1-4436-b046-32b23286090c: 112 chunks; 1.0 s; peak memory 1213 MiB.
2026-10-04T18:15:42Z INFO [448/500] 2e38af32-2720-4791-8cd6-224ff9137a2a: 282 chunks; 2.3 s; peak memory 1213 MiB.
2026-10-04T18:15:43Z INFO [449/500] 2e39478d-9c18-4b84-b30f-a81054f3a5dd: 153 chunks; 1.6 s; peak memory 1213 MiB.
2026-10-04T18:15:44Z INFO [450/500] 2e39b510-4669-4cbf-b42b-7d563edd30e1: 66 chunks; 1.0 s; peak memory 1213 MiB.
2026-10-04T18:15:45Z INFO [450/500] 2e39b510-4669-4cbf-b42b-7d563edd30e1: checkpointed 69284 records.
2026-10-04T18:15:45Z INFO [451/500] 2e3a036e-e1ea-41b2-aedb-624979809367: 118 chunks; 0.8 s; peak memory 1213 MiB.
2026-10-04T18:15:50Z INFO [452/500] 2e3a8283-aa85-4caf-8e58-846f0bc209e3: 4284 chunks; 4.1 s; peak memory 1213 MiB.
2026-10-04T18:15:51Z INFO [453/500] 2e3acb2a-4996-4a81-8bae-4ec7fdca29f7: 304 chunks; 1.8 s; peak memory 1213 MiB.
2026-10-04T18:15:53Z INFO [454/500] 2e3afd14-9b1f-42d3-b7e0-257daabd3689: 603 chunks; 1.8 s; peak memory 1213 MiB.
2026-10-04T18:15:55Z INFO [455/500] 2e3b3d34-93a9-47fd-bef0-b6fb3647561e: 118 chunks; 1.5 s; peak memory 1213 MiB.
2026-10-04T18:15:55Z INFO [456/500] 2e3b7adc-a532-4c69-a24c-9cd9ad933fbb: 49 chunks; 0.6 s; peak memory 1213 MiB.
2026-10-04T18:15:56Z INFO [457/500] 2e3ba004-c720-484b-87f6-15721fb370c3: 71 chunks; 1.1 s; peak memory 1213 MiB.
2026-10-04T18:16:02Z INFO [458/500] 2e3bffae-b214-4dde-acb8-d95a3ead1b8b: 1008 chunks; 5.8 s; peak memory 1213 MiB.
2026-10-04T18:16:07Z INFO [459/500] 2e3caa19-1c9a-4075-95b1-872edc65eb21: 9040 chunks; 4.9 s; peak memory 1213 MiB.
2026-10-04T18:16:08Z INFO [460/500] 2e3d222b-af53-4234-a682-0d8981a1b109: 106 chunks; 0.6 s; peak memory 1213 MiB.
2026-10-04T18:16:09Z INFO [461/500] 2e3d6ce8-bafc-4b9a-85f6-05bbd92ac0ed: 72 chunks; 0.9 s; peak memory 1213 MiB.
2026-10-04T18:16:35Z INFO [462/500] 2e3dd82f-46d6-4b3c-b4b3-b3b70dfea1ad: 1510 chunks; 25.9 s; peak memory 1213 MiB.
2026-10-04T18:16:35Z INFO [463/500] 2e3dde68-f0ea-4bba-b4f3-efd3ab7a497c: 46 chunks; 0.5 s; peak memory 1213 MiB.
2026-10-04T18:16:44Z INFO [464/500] 2e3e1d01-3b7e-44a2-8026-5d3fe1a01694: 41309 chunks; 9.1 s; peak memory 1213 MiB.
2026-10-04T18:16:50Z INFO [465/500] 2e3e3f41-ca58-458e-a4ae-7fbd5a51864c: 4133 chunks; 5.4 s; peak memory 1213 MiB.
2026-10-04T18:16:52Z INFO [466/500] 2e40b448-5712-46ba-b94d-5e8a17441083: 159 chunks; 2.2 s; peak memory 1213 MiB.
2026-10-04T18:16:53Z INFO [467/500] 2e41c5b2-1ab9-452e-9961-3053f059670f: 112 chunks; 1.0 s; peak memory 1213 MiB.
2026-10-04T18:17:11Z INFO [468/500] 2e42bcdd-22ff-4014-8247-d9dd60d76952: 4936 chunks; 17.9 s; peak memory 1213 MiB.
2026-10-04T18:17:11Z INFO [469/500] 2e42fea1-c4be-418a-9c44-53416419ed49: 63 chunks; 0.7 s; peak memory 1213 MiB.
2026-10-04T18:17:12Z INFO [470/500] 2e430666-fedc-413e-9f86-6abf3240d48a: 117 chunks; 0.7 s; peak memory 1213 MiB.
2026-10-04T18:17:13Z INFO [471/500] 2e4361dc-ca2d-42e9-9b89-dd90c2c49a0d: 48 chunks; 0.8 s; peak memory 1213 MiB.
2026-10-04T18:17:13Z INFO [472/500] 2e4368b4-2481-455f-8777-d34268cac1b1: 41 chunks; 0.5 s; peak memory 1213 MiB.
2026-10-04T18:17:14Z INFO [473/500] 2e4425b3-518b-460a-a049-b09321321da7: 52 chunks; 0.4 s; peak memory 1213 MiB.
2026-10-04T18:17:15Z INFO [474/500] 2e44dbbb-5f9c-40ac-87e9-a9c1da073c7b: 115 chunks; 1.6 s; peak memory 1213 MiB.
2026-10-04T18:17:16Z INFO [475/500] 2e452d66-f7ee-4320-855a-16f3f1b1d8b9: 71 chunks; 1.0 s; peak memory 1213 MiB.
2026-10-04T18:17:17Z INFO [476/500] 2e45840d-87e6-4df2-a1c9-3adfc6c6b83b: 48 chunks; 0.6 s; peak memory 1213 MiB.
2026-10-04T18:17:18Z INFO [477/500] 2e46065c-a321-404e-aa2a-378501fca630: 35 chunks; 0.5 s; peak memory 1213 MiB.
2026-10-04T18:17:19Z INFO [478/500] 2e462b8f-5e7d-441b-be44-da6bc91299d5: 71 chunks; 1.4 s; peak memory 1213 MiB.
2026-10-04T18:17:20Z INFO [479/500] 2e472577-d60e-4e6b-990f-48febb160d93: 116 chunks; 0.8 s; peak memory 1213 MiB.
2026-10-04T18:17:26Z INFO [480/500] 2e4749b0-1f1f-4229-bda5-834a337a3438: 19312 chunks; 6.0 s; peak memory 1213 MiB.
2026-10-04T18:17:26Z INFO [481/500] 2e4813aa-5ddd-4aa0-9a44-6320212bc182: 48 chunks; 0.6 s; peak memory 1213 MiB.
2026-10-04T18:17:36Z INFO [482/500] 2e485b43-8907-4577-be66-e1a0bc5ca06e: 23802 chunks; 9.4 s; peak memory 1213 MiB.
2026-10-04T18:17:36Z INFO [483/500] 2e486f35-e657-42e8-8f3c-2d4265cff6e5: 46 chunks; 0.6 s; peak memory 1213 MiB.
2026-10-04T18:17:37Z INFO [484/500] 2e48f0e5-eed4-4a02-a2c1-67afb63e6ac9: 49 chunks; 0.8 s; peak memory 1213 MiB.
2026-10-04T18:17:39Z INFO [485/500] 2e49bb31-6a24-4898-b933-7dabcf444ea3: 85 chunks; 1.8 s; peak memory 1213 MiB.
2026-10-04T18:17:40Z INFO [486/500] 2e4a8b3d-c80c-45f2-9367-41d82777d4f1: 48 chunks; 0.7 s; peak memory 1213 MiB.
2026-10-04T18:17:41Z INFO [487/500] 2e4b3afa-5e04-488f-93a1-336561dc5b04: 110 chunks; 1.1 s; peak memory 1213 MiB.
2026-10-04T18:17:43Z INFO [488/500] 2e4c2cae-76a7-4052-8d97-a53f695d5a7d: 115 chunks; 1.9 s; peak memory 1213 MiB.
2026-10-04T18:17:43Z INFO [489/500] 2e4c30bb-7113-4b3c-a385-1b3428f457a0: 66 chunks; 0.7 s; peak memory 1213 MiB.
2026-10-04T18:17:45Z INFO [490/500] 2e4d49b7-37f4-4769-bb4f-43b5f0a850ac: 112 chunks; 1.1 s; peak memory 1213 MiB.
2026-10-04T18:17:45Z INFO [491/500] 2e4d5052-3512-4584-8fe5-981c8679af6a: 117 chunks; 0.9 s; peak memory 1213 MiB.
2026-10-04T18:17:48Z INFO [492/500] 2e4d56a7-3d33-4666-90ac-6006780e3f7c: 8526 chunks; 2.9 s; peak memory 1213 MiB.
2026-10-04T18:17:50Z INFO [493/500] 2e4dbde3-efb4-45ba-a95f-a42f9827236b: 71 chunks; 1.3 s; peak memory 1213 MiB.
2026-10-04T18:17:51Z INFO [494/500] 2e4e4b63-1668-457c-baaf-2e8e0877e7b2: 69 chunks; 1.0 s; peak memory 1213 MiB.
2026-10-04T18:17:51Z INFO [495/500] 2e4e630f-a4b8-42d5-8bf0-74c9a5522f14: 112 chunks; 0.9 s; peak memory 1213 MiB.
2026-10-04T18:17:57Z INFO [496/500] 2e4ecb7b-1285-4ed5-8ba3-d63614443383: 14923 chunks; 5.6 s; peak memory 1213 MiB.
2026-10-04T18:18:05Z INFO [497/500] 2e4ef71f-7ee0-496f-aebd-9d0349f25773: 28205 chunks; 8.2 s; peak memory 1213 MiB.
2026-10-04T18:18:07Z INFO [498/500] 2e4f3e2b-b8cd-47b8-8a01-2ab9be4a82b4: 586 chunks; 2.1 s; peak memory 1213 MiB.
2026-10-04T18:18:08Z INFO [499/500] 2e4fd5de-052e-4915-b848-b247828e5235: 48 chunks; 0.7 s; peak memory 1213 MiB.
2026-10-04T18:18:09Z INFO [500/500] 2e5125a2-68f7-45a7-b726-1ce4e9820125: 48 chunks; 0.8 s; peak memory 1213 MiB.
2026-10-04T18:18:09Z INFO [500/500] 2e5125a2-68f7-45a7-b726-1ce4e9820125: checkpointed 69334 records.
2026-10-04T18:18:09Z INFO Wrote 69334 records to /tmp/derivatives/valid_nwb_file_to_chunk_stats.jsonl (500 new, 0 failed) in 51.4 min (peak memory 1213 MiB).
