2026-10-05T13:05:05Z INFO Logging to /tmp/logs/update_2026-10-05T13-05-05Z.log.
2026-10-05T13:05:05Z INFO Update valid-nwb-file-to-chunk-stats (base directory /tmp).
2026-10-05T13:05:05Z INFO Processing 500 items (74334 already recorded).
2026-10-05T13:05:17Z INFO [1/500] 38c1e2bc-6ffc-46dc-9ede-9aa936b2ce3e: 428 chunks; 12.1 s; peak memory 188 MiB.
2026-10-05T13:05:18Z INFO [2/500] 38c29fea-20f3-4091-b19b-20910dbe8ce4: 46 chunks; 0.7 s; peak memory 189 MiB.
2026-10-05T13:05:19Z INFO [3/500] 38c2adb1-c38f-4a39-bf30-b053d64cfd1d: 117 chunks; 1.0 s; peak memory 189 MiB.
2026-10-05T13:05:20Z INFO [4/500] 38c2cf97-63e3-45b9-99f4-6b26dba99bf9: 45 chunks; 0.7 s; peak memory 189 MiB.
2026-10-05T13:05:26Z INFO [5/500] 38c2ec94-e1d7-4449-9a57-6ab0ae714736: 1219 chunks; 6.6 s; peak memory 190 MiB.
2026-10-05T13:05:36Z INFO [6/500] 38c300c6-9da0-4a02-9b62-a7d02cf5958e: 8669 chunks; 9.4 s; peak memory 200 MiB.
2026-10-05T13:05:37Z INFO [7/500] 38c321ae-afde-4d88-9d14-16e3940ddcbf: 48 chunks; 0.8 s; peak memory 200 MiB.
2026-10-05T13:05:38Z INFO [8/500] 38c33e63-ad57-49a7-8284-da7a99cae6e9: 117 chunks; 1.1 s; peak memory 200 MiB.
2026-10-05T13:05:44Z INFO [9/500] 38c341c6-3f3a-4424-ad5a-30709000b582: 2372 chunks; 5.9 s; peak memory 201 MiB.
2026-10-05T13:05:45Z INFO [10/500] 38c4b263-a4d9-4e6e-87e5-3b5f0af401b0: 117 chunks; 1.6 s; peak memory 201 MiB.
2026-10-05T13:05:46Z INFO [11/500] 38c51428-8e56-4abc-a50b-60e33ac69922: 46 chunks; 0.9 s; peak memory 201 MiB.
2026-10-05T13:05:46Z INFO [12/500] 38c56c02-6c4b-4067-a12a-89347fd7707e: 46 chunks; 0.5 s; peak memory 201 MiB.
2026-10-05T13:06:01Z INFO [13/500] 38c5e553-9202-4d71-b215-b6263e9468bd: 718 chunks; 14.3 s; peak memory 213 MiB.
2026-10-05T13:06:02Z INFO [14/500] 38c5fe1a-fc2c-47eb-825b-e21b8706efa1: 112 chunks; 1.2 s; peak memory 213 MiB.
2026-10-05T13:06:05Z INFO [15/500] 38c61632-e532-4581-bdd9-294616d64a90: 156 chunks; 2.7 s; peak memory 213 MiB.
2026-10-05T13:06:06Z INFO [16/500] 38c6a91d-f3cd-4715-830e-759312d3d888: 275 chunks; 0.9 s; peak memory 213 MiB.
2026-10-05T13:06:08Z INFO [17/500] 38c6c719-37da-4de0-8009-b6b59ffd2a98: 186 chunks; 2.5 s; peak memory 213 MiB.
2026-10-05T13:06:09Z INFO [18/500] 38c73fcf-dea5-4f84-abc7-d522300bf292: 48 chunks; 1.0 s; peak memory 213 MiB.
2026-10-05T13:06:23Z INFO [19/500] 38c778d6-7a92-4862-8ab6-8d1151d00590: 8229 chunks; 13.6 s; peak memory 213 MiB.
2026-10-05T13:06:24Z INFO [20/500] 38c779f3-6bce-4928-b3f1-c0e04acb0809: 192 chunks; 1.1 s; peak memory 213 MiB.
2026-10-05T13:06:25Z INFO [21/500] 38c7c05b-abe5-4cb6-bba2-29576fb41ce1: 52 chunks; 1.2 s; peak memory 213 MiB.
2026-10-05T13:06:26Z INFO [22/500] 38c8eda7-ac40-4810-b054-3c558f2deceb: 48 chunks; 0.8 s; peak memory 213 MiB.
2026-10-05T13:06:27Z INFO [23/500] 38cb3069-b61b-409c-b893-8bfac0b47dcf: 116 chunks; 1.0 s; peak memory 213 MiB.
2026-10-05T13:07:13Z INFO [24/500] 38cc1633-b212-4c6b-8900-73c969c79797: 23346 chunks; 46.5 s; peak memory 264 MiB.
2026-10-05T13:07:15Z INFO [25/500] 38cd3836-9da7-4d46-9a13-5aa8f03f79a7: 66 chunks; 1.6 s; peak memory 264 MiB.
2026-10-05T13:07:16Z INFO [26/500] 38cd44ed-310f-46a3-a75c-708dbc98dfe3: 78 chunks; 1.1 s; peak memory 264 MiB.
2026-10-05T13:07:17Z INFO [27/500] 38cd6666-2063-403c-b3c7-d81cb6d55634: 110 chunks; 1.0 s; peak memory 264 MiB.
2026-10-05T13:07:18Z INFO [28/500] 38cd6f7f-f2e6-4494-87f5-1e8a42275e38: 48 chunks; 0.9 s; peak memory 264 MiB.
2026-10-05T13:07:19Z INFO [29/500] 38cdaa27-88e3-4327-b005-898f19100e5d: 118 chunks; 1.1 s; peak memory 264 MiB.
2026-10-05T13:07:27Z INFO [30/500] 38ce06d5-d44c-4d9a-a2cc-8d8d5c501ac7: 1174 chunks; 8.4 s; peak memory 264 MiB.
2026-10-05T13:07:28Z INFO [31/500] 38cf6618-9eae-4b06-a4ea-bdbe71fe0dd6: 117 chunks; 0.9 s; peak memory 264 MiB.
2026-10-05T13:07:29Z INFO [32/500] 38cfeb34-03e3-431c-a711-6a8a76044a8a: 112 chunks; 1.1 s; peak memory 264 MiB.
2026-10-05T13:07:36Z INFO [33/500] 38d08476-28fd-4141-a37a-41a3d70705c4: 4095 chunks; 6.8 s; peak memory 264 MiB.
2026-10-05T13:07:37Z INFO [34/500] 38d15445-a88a-4f39-8ad6-800271c47b41: 117 chunks; 1.0 s; peak memory 264 MiB.
2026-10-05T13:07:38Z INFO [35/500] 38d18229-6847-49f7-813d-71fb2c70784c: 48 chunks; 1.0 s; peak memory 264 MiB.
2026-10-05T13:07:59Z INFO [36/500] 38d248fe-0916-4b79-be36-bc0e48ca1be9: 6040 chunks; 20.8 s; peak memory 264 MiB.
2026-10-05T13:08:01Z INFO [37/500] 38d34bb8-f121-4532-b0f6-b719f795f1d1: 156 chunks; 2.4 s; peak memory 264 MiB.
2026-10-05T13:08:05Z INFO [38/500] 38d421eb-2720-4443-babe-641909d43149: 2923 chunks; 3.5 s; peak memory 264 MiB.
2026-10-05T13:08:06Z INFO [39/500] 38d44fc7-2cad-41a5-b692-cb40c203d733: 113 chunks; 1.5 s; peak memory 264 MiB.
2026-10-05T13:08:08Z INFO [40/500] 38d4840c-ca70-497a-9cec-cb167c9ecfcd: 66 chunks; 1.1 s; peak memory 264 MiB.
2026-10-05T13:08:09Z INFO [41/500] 38d51fca-4184-4eb8-a8a4-d16dd65bbe20: 117 chunks; 1.1 s; peak memory 264 MiB.
2026-10-05T13:08:09Z INFO [42/500] 38d69237-b057-4889-b629-38257de501c6: 69 chunks; 0.8 s; peak memory 264 MiB.
2026-10-05T13:08:15Z INFO [43/500] 38d6b675-84ad-4ce0-b8ec-590233c930ac: 2923 chunks; 5.1 s; peak memory 264 MiB.
2026-10-05T13:08:16Z INFO [44/500] 38d71c88-c3c3-410a-aa33-ca95f71b5e4c: 79 chunks; 1.1 s; peak memory 264 MiB.
2026-10-05T13:08:16Z INFO [45/500] 38d76017-35ac-4587-ae9d-69921884c11e: 56 chunks; 0.8 s; peak memory 264 MiB.
2026-10-05T13:08:17Z INFO [46/500] 38d793f3-444d-42fa-927e-d7421f654c5d: 112 chunks; 1.1 s; peak memory 264 MiB.
2026-10-05T13:08:35Z INFO [47/500] 38d9be43-5947-40d7-a82a-2eb265cf76d7: 1030 chunks; 17.2 s; peak memory 264 MiB.
2026-10-05T13:08:36Z INFO [48/500] 38da2a0c-cd18-4084-8360-47b2cf3327ab: 112 chunks; 1.1 s; peak memory 264 MiB.
2026-10-05T13:08:49Z INFO [49/500] 38dcf45c-76c7-466f-ab55-2a7e2d895375: 331 chunks; 13.3 s; peak memory 264 MiB.
2026-10-05T13:08:55Z INFO [50/500] 38de4e3c-d305-4c64-8d3c-985a4578ed37: 17663 chunks; 6.3 s; peak memory 264 MiB.
2026-10-05T13:08:56Z INFO [50/500] 38de4e3c-d305-4c64-8d3c-985a4578ed37: checkpointed 74384 records.
2026-10-05T13:08:56Z INFO [51/500] 38de8155-2754-4e2a-8cb3-0e1944c23ab4: 65 chunks; 0.9 s; peak memory 264 MiB.
2026-10-05T13:08:57Z INFO [52/500] 38df1513-2247-4307-b974-312e8058840e: 52 chunks; 0.8 s; peak memory 264 MiB.
2026-10-05T13:08:58Z INFO [53/500] 38df488b-19d0-4404-b30d-ecd63ca9f6a8: 50 chunks; 0.7 s; peak memory 264 MiB.
2026-10-05T13:08:59Z INFO [54/500] 38df58b5-e280-4cc8-be11-fe22273426f2: 101 chunks; 0.7 s; peak memory 264 MiB.
2026-10-05T13:08:59Z INFO [55/500] 38e08c6b-1a23-40c6-a63f-94edafdb416f: 68 chunks; 0.8 s; peak memory 264 MiB.
2026-10-05T13:09:00Z INFO [56/500] 38e0bf34-cc04-4c54-a067-1639ecacd32d: 52 chunks; 0.8 s; peak memory 264 MiB.
2026-10-05T13:09:01Z INFO [57/500] 38e1296a-6049-4d1d-a9fe-36bd50bfcd76: 48 chunks; 0.8 s; peak memory 264 MiB.
2026-10-05T13:09:04Z INFO [58/500] 38e14cd6-5525-45d9-bc11-70a1b15f8d63: 156 chunks; 2.8 s; peak memory 264 MiB.
2026-10-05T13:09:05Z INFO [59/500] 38e1e721-035a-4aec-afbf-b02e4de89248: 78 chunks; 1.5 s; peak memory 264 MiB.
2026-10-05T13:09:06Z INFO [60/500] 38e1f540-ab33-4a0e-8b1a-337a579fa398: 48 chunks; 0.9 s; peak memory 264 MiB.
2026-10-05T13:09:07Z INFO [61/500] 38e271f3-477b-4c60-92da-9fa581632d04: 57 chunks; 0.5 s; peak memory 264 MiB.
2026-10-05T13:09:07Z INFO [62/500] 38e2b49f-2b91-4310-82c6-35594531bd11: 46 chunks; 0.7 s; peak memory 264 MiB.
2026-10-05T13:48:19Z INFO [63/500] 38e3d800-5d80-4695-9583-7c1fb3028b43: 1011677 chunks; 2351.4 s; peak memory 1209 MiB.
2026-10-05T13:48:22Z INFO [64/500] 38e40a24-2c56-44c9-90d3-b6eeac75fccc: 7279 chunks; 3.2 s; peak memory 1209 MiB.
2026-10-05T13:48:23Z INFO [65/500] 38e42b76-fd37-4754-a322-43305dc4fd5f: 48 chunks; 0.8 s; peak memory 1209 MiB.
2026-10-05T13:48:24Z INFO [66/500] 38e57f51-56f3-4b33-9af4-174e4756fc42: 549 chunks; 1.5 s; peak memory 1209 MiB.
2026-10-05T13:48:41Z INFO [67/500] 38e610a7-1c73-4a70-a5ab-a1a9d883e716: 4904 chunks; 16.8 s; peak memory 1209 MiB.
2026-10-05T13:50:46Z INFO [68/500] 38e62e48-ccb2-4c42-a33c-e5b1339b1fb7: 40432 chunks; 124.9 s; peak memory 1209 MiB.
2026-10-05T13:50:47Z INFO [69/500] 38e67bbe-8916-4968-9713-5f912bae1440: 48 chunks; 0.9 s; peak memory 1209 MiB.
2026-10-05T13:50:48Z INFO [70/500] 38e7228b-8c22-4eed-8034-434d4c171122: 821 chunks; 1.4 s; peak memory 1209 MiB.
2026-10-05T13:50:49Z INFO [71/500] 38e77f6a-edc1-4db1-ad3e-2cbe3186af22: 48 chunks; 0.9 s; peak memory 1209 MiB.
2026-10-05T13:50:50Z INFO [72/500] 38e7ae4f-ffe8-4544-bac0-bbf13bb81ae2: 21 chunks; 0.8 s; peak memory 1209 MiB.
2026-10-05T13:50:51Z INFO [73/500] 38e89ded-a134-49f5-b4ec-8f868f63c47d: 48 chunks; 1.2 s; peak memory 1209 MiB.
2026-10-05T13:50:52Z INFO [74/500] 38e8a0e4-484a-4b99-908a-76e7fc5c1be5: 117 chunks; 1.1 s; peak memory 1209 MiB.
2026-10-05T13:50:56Z INFO [75/500] 38e90e48-1a5e-45a0-af0d-a629c2093b0e: 2977 chunks; 3.9 s; peak memory 1209 MiB.
2026-10-05T13:50:57Z INFO [76/500] 38e91130-2f04-4951-9761-c60ce91f39f4: 112 chunks; 1.3 s; peak memory 1209 MiB.
2026-10-05T13:50:58Z INFO [77/500] 38eaafaa-b83a-46d8-b56a-12d7ea9b3771: 48 chunks; 1.0 s; peak memory 1209 MiB.
2026-10-05T13:50:59Z INFO [78/500] 38ead157-f29d-4cd1-bd2f-0f2f8170d5af: 52 chunks; 0.8 s; peak memory 1209 MiB.
2026-10-05T13:51:00Z INFO [79/500] 38ec382f-4286-47c7-914b-62607ef82b92: 48 chunks; 0.9 s; peak memory 1209 MiB.
2026-10-05T13:51:01Z INFO [80/500] 38ec6e30-d7ea-4a30-8993-7c15a8560102: 48 chunks; 1.1 s; peak memory 1209 MiB.
2026-10-05T13:51:03Z INFO [81/500] 38ecb0ab-f4c4-443a-a4b8-9e439e12913a: 66 chunks; 1.4 s; peak memory 1209 MiB.
2026-10-05T13:51:04Z INFO [82/500] 38eceefb-3379-4db7-a564-a93c56fe1a66: 118 chunks; 0.8 s; peak memory 1209 MiB.
2026-10-05T13:51:12Z INFO [83/500] 38ee79cd-c0d1-48d0-b09e-f0472d109e5c: 16015 chunks; 8.0 s; peak memory 1209 MiB.
2026-10-05T13:51:13Z INFO [84/500] 38eee3a3-9950-4c5f-90e1-ac748b3c3ed2: 333 chunks; 1.8 s; peak memory 1209 MiB.
2026-10-05T13:51:15Z INFO [85/500] 38ef0bf5-7e2e-4f31-9507-bf4b6a99e935: 112 chunks; 1.6 s; peak memory 1209 MiB.
2026-10-05T13:51:26Z INFO [86/500] 38ef234b-89f0-435c-95ea-ae62ce7bc8d4: 2199 chunks; 10.6 s; peak memory 1209 MiB.
2026-10-05T13:51:29Z INFO [87/500] 38efc3d2-ed82-4b08-b733-fc0ce613b348: 7662 chunks; 3.8 s; peak memory 1209 MiB.
2026-10-05T13:51:30Z INFO [88/500] 38f022e6-2d95-4bf1-84a0-1c97fad72d49: 69 chunks; 0.7 s; peak memory 1209 MiB.
2026-10-05T13:51:32Z INFO [89/500] 38f0ef45-7305-47bf-8c03-a893520a1891: 62 chunks; 1.4 s; peak memory 1209 MiB.
2026-10-05T13:51:33Z INFO [90/500] 38f173b2-c155-4316-acc8-cbec2cb9b082: 117 chunks; 1.0 s; peak memory 1209 MiB.
2026-10-05T13:51:34Z INFO [91/500] 38f471d0-a772-4099-aa13-b57c21d5985b: 117 chunks; 1.2 s; peak memory 1209 MiB.
2026-10-05T13:51:35Z INFO [92/500] 38f4b2fb-9e87-420d-b007-f246bb2d2a06: 68 chunks; 1.3 s; peak memory 1209 MiB.
2026-10-05T13:51:36Z INFO [93/500] 38f5782e-f7d4-4ece-b835-620d9cdf27fd: 48 chunks; 1.0 s; peak memory 1209 MiB.
2026-10-05T13:51:37Z INFO [94/500] 38f61bd9-0592-4158-b430-b5c0d270ab77: 70 chunks; 0.9 s; peak memory 1209 MiB.
2026-10-05T13:51:38Z INFO [95/500] 38f6f3d4-70b1-45e9-9b5b-7a790af557a3: 84 chunks; 1.2 s; peak memory 1209 MiB.
2026-10-05T13:51:39Z INFO [96/500] 38f6f520-eed1-4e97-90e9-fc26d8ad92c4: 48 chunks; 1.1 s; peak memory 1209 MiB.
2026-10-05T13:51:41Z INFO [97/500] 38f78630-19b9-4e39-8964-51e634965586: 88 chunks; 1.5 s; peak memory 1209 MiB.
2026-10-05T13:51:42Z INFO [98/500] 38f80d59-2339-487f-93e0-e63ba113b413: 84 chunks; 0.9 s; peak memory 1209 MiB.
2026-10-05T13:51:43Z INFO [99/500] 38f8e1ce-4c2d-49b3-b5ca-b663c6b19601: 112 chunks; 1.5 s; peak memory 1209 MiB.
2026-10-05T13:51:44Z INFO [100/500] 38f955c2-8296-4aec-ad30-b824aa3a0c50: 113 chunks; 1.2 s; peak memory 1209 MiB.
2026-10-05T13:51:44Z INFO [100/500] 38f955c2-8296-4aec-ad30-b824aa3a0c50: checkpointed 74434 records.
2026-10-05T13:51:45Z INFO [101/500] 38fbae93-67c1-49cd-8ded-5a9c58c09509: 58 chunks; 0.9 s; peak memory 1209 MiB.
2026-10-05T13:51:46Z INFO [102/500] 38fbc0c9-5bb2-4b7f-a696-79c2f5ebbb6b: 48 chunks; 1.1 s; peak memory 1209 MiB.
2026-10-05T13:51:48Z INFO [103/500] 38fbe7f6-5e8e-41c1-a7bd-fa501b3157c2: 76 chunks; 1.2 s; peak memory 1209 MiB.
2026-10-05T13:51:49Z INFO [104/500] 38fcaa6c-611e-463c-885b-1bba76baad07: 117 chunks; 1.0 s; peak memory 1209 MiB.
2026-10-05T13:51:57Z INFO [105/500] 38fcff6a-6e83-4228-a44c-7ce2e1faa2a7: 20260 chunks; 8.0 s; peak memory 1209 MiB.
2026-10-05T13:51:58Z INFO [106/500] 38fd8b37-1817-4701-8237-bc186c994f1c: 204 chunks; 1.4 s; peak memory 1209 MiB.
2026-10-05T13:51:59Z INFO [107/500] 38fe7a66-ce3e-4887-a0e7-70e046a20526: 118 chunks; 0.9 s; peak memory 1209 MiB.
2026-10-05T13:52:04Z INFO [108/500] 38fe8ca4-521f-4dc7-af38-1f78cf713568: 484 chunks; 4.8 s; peak memory 1209 MiB.
2026-10-05T13:52:04Z INFO [109/500] 38fea26b-f56b-40e6-a467-76f4dbc44b7d: 52 chunks; 0.8 s; peak memory 1209 MiB.
2026-10-05T13:52:05Z INFO [110/500] 38fea27f-b3c3-44a1-9c83-ae761d2de362: 44 chunks; 0.9 s; peak memory 1209 MiB.
2026-10-05T13:52:10Z INFO [111/500] 38ff0424-79dc-46ce-b875-0fbdbacd7c22: 11017 chunks; 4.5 s; peak memory 1209 MiB.
2026-10-05T13:52:11Z INFO [112/500] 38ffc397-4353-450d-b048-59dc57c7eb38: 112 chunks; 1.6 s; peak memory 1209 MiB.
2026-10-05T13:52:12Z INFO [113/500] 38ffc6c2-4ffc-4ce0-8ebe-de944e2320ab: 48 chunks; 1.1 s; peak memory 1209 MiB.
2026-10-05T13:52:13Z INFO [114/500] 39004da2-b2c5-4ef9-a365-e1a055c7f4fd: 78 chunks; 0.9 s; peak memory 1209 MiB.
2026-10-05T13:52:14Z INFO [115/500] 39005386-2b6b-4738-bc5e-a56d1e8ded5c: 275 chunks; 1.0 s; peak memory 1209 MiB.
2026-10-05T13:52:15Z INFO [116/500] 39018620-6db4-42d3-b28a-17620566436f: 113 chunks; 0.9 s; peak memory 1209 MiB.
2026-10-05T13:52:16Z INFO [117/500] 39019929-5d96-4710-9354-9c3aebaac043: 48 chunks; 0.9 s; peak memory 1209 MiB.
2026-10-05T13:52:17Z INFO [118/500] 3901f7d7-9ae6-4c60-a5aa-9a8b6d0cf05a: 110 chunks; 0.9 s; peak memory 1209 MiB.
2026-10-05T13:52:18Z INFO [119/500] 39020995-981d-45db-840e-227bee7dd788: 48 chunks; 1.0 s; peak memory 1209 MiB.
2026-10-05T13:52:19Z INFO [120/500] 39033451-929b-48e5-acfb-84a83264ed5f: 275 chunks; 1.0 s; peak memory 1209 MiB.
2026-10-05T13:52:20Z INFO [121/500] 3903872c-142a-468a-be2b-6636a7f49b57: 48 chunks; 1.0 s; peak memory 1209 MiB.
2026-10-05T13:52:21Z INFO [122/500] 3906464e-7cd5-4d9e-96e7-67d344aad6ac: 52 chunks; 0.9 s; peak memory 1209 MiB.
2026-10-05T13:52:29Z INFO [123/500] 3906585a-4c83-43e5-bd6e-e17bbfa662cc: 343 chunks; 7.7 s; peak memory 1209 MiB.
2026-10-05T13:52:30Z INFO [124/500] 39066800-8afd-4532-ad18-15b979d603ec: 71 chunks; 1.6 s; peak memory 1209 MiB.
2026-10-05T13:52:31Z INFO [125/500] 3906d995-0e62-4b95-a20d-ea4905c2f9de: 48 chunks; 1.0 s; peak memory 1209 MiB.
2026-10-05T13:52:33Z INFO [126/500] 390728ba-19f1-4a3f-adfa-a3f73b22889f: 66 chunks; 1.3 s; peak memory 1209 MiB.
2026-10-05T13:52:34Z INFO [127/500] 3907981a-f4c9-4af1-bc0f-e6593fac3b11: 64 chunks; 0.9 s; peak memory 1209 MiB.
2026-10-05T13:52:34Z INFO [128/500] 39079882-8c57-44be-9a5c-71447b39c80f: 46 chunks; 0.8 s; peak memory 1209 MiB.
2026-10-05T13:52:35Z INFO [129/500] 3907b0c8-2b48-4ea0-87a0-2dd4cd917d9a: 47 chunks; 0.8 s; peak memory 1209 MiB.
2026-10-05T13:52:36Z INFO [130/500] 39086aca-b517-479d-a6cf-99010e0bd767: 69 chunks; 0.8 s; peak memory 1209 MiB.
2026-10-05T13:52:38Z INFO [131/500] 39090c0c-7ecc-4fc7-8e22-6eca5160d91f: 118 chunks; 1.7 s; peak memory 1209 MiB.
2026-10-05T13:52:39Z INFO [132/500] 390983c2-81d8-46a3-8e14-b06ac9d1c4b7: 66 chunks; 1.4 s; peak memory 1209 MiB.
2026-10-05T13:52:40Z INFO [133/500] 3909ce5d-ac3b-4d34-bf3e-6ed29c0d7757: 118 chunks; 0.9 s; peak memory 1209 MiB.
2026-10-05T13:52:42Z INFO [134/500] 390a1bb3-f297-469b-b193-d9981a2fec93: 119 chunks; 1.9 s; peak memory 1209 MiB.
2026-10-05T13:52:42Z INFO [135/500] 390a7d23-a09c-4488-9dde-eb73c1055192: 46 chunks; 0.6 s; peak memory 1209 MiB.
2026-10-05T13:52:46Z INFO [136/500] 390aa3fd-8809-4306-917d-dfde0f63e75a: 4100 chunks; 3.8 s; peak memory 1209 MiB.
2026-10-05T13:52:48Z INFO [137/500] 390b36a2-375e-4df0-8419-ab53aeeffa79: 66 chunks; 1.4 s; peak memory 1209 MiB.
2026-10-05T13:52:49Z INFO [138/500] 390c52bd-06dd-4b76-80ce-6bfa4df44395: 52 chunks; 1.0 s; peak memory 1209 MiB.
2026-10-05T13:52:50Z INFO [139/500] 390c72d5-32a8-4e77-9940-de678c8b0c22: 118 chunks; 1.0 s; peak memory 1209 MiB.
2026-10-05T13:52:54Z INFO [140/500] 390de404-97ec-4614-a2d3-30ca07d5bbb8: 16488 chunks; 4.6 s; peak memory 1209 MiB.
2026-10-05T13:52:55Z INFO [141/500] 390e5db9-e00b-4614-953a-0d465a3b7757: 117 chunks; 1.1 s; peak memory 1209 MiB.
2026-10-05T13:52:57Z INFO [142/500] 390e9c03-6aa7-4a16-8a72-f1d5ad2afb24: 117 chunks; 1.1 s; peak memory 1209 MiB.
2026-10-05T13:53:12Z INFO [143/500] 390f3257-02cd-40ee-97aa-71936f54ebfb: 8232 chunks; 15.2 s; peak memory 1209 MiB.
2026-10-05T13:53:14Z INFO [144/500] 390f54a4-6e3b-4ca3-8d56-5881fffa5eff: 126 chunks; 2.0 s; peak memory 1209 MiB.
2026-10-05T13:53:18Z INFO [145/500] 390f7515-0cd8-4bdf-a308-2b3c28c1b40b: 339 chunks; 4.7 s; peak memory 1209 MiB.
2026-10-05T13:53:20Z INFO [146/500] 390fb041-3f50-497c-83e8-3ab174dd3a77: 71 chunks; 1.3 s; peak memory 1209 MiB.
2026-10-05T13:53:25Z INFO [147/500] 390fb7b5-4f20-4438-abef-c478f863e6a3: 8919 chunks; 5.1 s; peak memory 1209 MiB.
2026-10-05T13:53:26Z INFO [148/500] 390fd477-643c-4d22-8cb3-6b45aeb39742: 48 chunks; 0.9 s; peak memory 1209 MiB.
2026-10-05T13:53:26Z INFO [149/500] 390fddb6-a533-4695-8d45-a6ef5aaa6a7c: 116 chunks; 0.7 s; peak memory 1209 MiB.
2026-10-05T13:53:28Z INFO [150/500] 39105e48-5cb7-4e3e-88fb-6e48fc635f44: 112 chunks; 1.2 s; peak memory 1209 MiB.
2026-10-05T13:53:28Z INFO [150/500] 39105e48-5cb7-4e3e-88fb-6e48fc635f44: checkpointed 74484 records.
2026-10-05T13:53:29Z INFO [151/500] 3910d5a3-b7fc-4a60-b518-0b7f612cf83b: 110 chunks; 1.1 s; peak memory 1209 MiB.
2026-10-05T13:53:30Z INFO [152/500] 3911dc07-8e1b-4b76-a267-6eab84795d7a: 68 chunks; 1.0 s; peak memory 1209 MiB.
2026-10-05T13:53:30Z INFO [153/500] 39137872-f5e6-47e3-8b21-b9111f694c2c: 21 chunks; 0.7 s; peak memory 1209 MiB.
2026-10-05T13:53:33Z INFO [154/500] 3914ac9c-64c2-49ff-9d2a-0187e898a3b1: 2128 chunks; 2.1 s; peak memory 1209 MiB.
2026-10-05T13:53:33Z INFO [155/500] 3914f06b-3eb2-4944-a59a-e9f9928783c5: 92 chunks; 0.9 s; peak memory 1209 MiB.
2026-10-05T13:53:35Z INFO [156/500] 39155dad-d87c-4c2f-aadf-5b372c67fa4e: 112 chunks; 1.3 s; peak memory 1209 MiB.
2026-10-05T13:53:36Z INFO [157/500] 3915e675-3b53-4b6b-9f27-71975a1b9765: 112 chunks; 0.8 s; peak memory 1209 MiB.
2026-10-05T13:53:37Z INFO [158/500] 39168ee6-1cd2-4c55-8652-d270a5a6a9a4: 172 chunks; 1.5 s; peak memory 1209 MiB.
2026-10-05T13:53:39Z INFO [159/500] 391705a6-03bd-4732-9f75-a968dbdf4569: 80 chunks; 1.9 s; peak memory 1209 MiB.
2026-10-05T13:53:40Z INFO [160/500] 39179c84-a63b-472f-9491-17dde657a0ce: 70 chunks; 1.4 s; peak memory 1209 MiB.
2026-10-05T13:53:41Z INFO [161/500] 39184ecb-c66b-478d-9b6d-842178a7aa1b: 48 chunks; 0.7 s; peak memory 1209 MiB.
2026-10-05T13:53:42Z INFO [162/500] 39189640-b872-4235-8b40-b648d04dff72: 48 chunks; 0.9 s; peak memory 1209 MiB.
2026-10-05T13:53:43Z INFO [163/500] 3918cfcb-19ba-43b1-a148-838c958da91a: 118 chunks; 0.9 s; peak memory 1209 MiB.
2026-10-05T13:53:44Z INFO [164/500] 3918f388-cfb2-40bf-89f6-7cc8eb78583c: 69 chunks; 0.8 s; peak memory 1209 MiB.
2026-10-05T13:53:45Z INFO [165/500] 3919bcf1-2458-4f15-b1f6-ad03dfff2367: 116 chunks; 1.0 s; peak memory 1209 MiB.
2026-10-05T13:53:47Z INFO [166/500] 391a38e0-9442-436d-8d38-6aefd49a4f31: 1641 chunks; 2.5 s; peak memory 1209 MiB.
2026-10-05T13:53:48Z INFO [167/500] 391a61f5-a938-46c2-9ae6-f75808ae54f0: 54 chunks; 0.7 s; peak memory 1209 MiB.
2026-10-05T13:53:50Z INFO [168/500] 391aed02-98d1-4c27-ab6d-845ae114f680: 114 chunks; 2.2 s; peak memory 1209 MiB.
2026-10-05T13:53:52Z INFO [169/500] 391b31eb-acba-47dd-9f32-dc4206bbeb92: 66 chunks; 1.6 s; peak memory 1209 MiB.
2026-10-05T13:54:14Z INFO [170/500] 391b5216-c014-4aa5-947a-1c4482d53300: 6054 chunks; 22.2 s; peak memory 1209 MiB.
2026-10-05T13:54:14Z INFO [171/500] 391b697e-c159-4f33-b5e6-90076ef13f17: 112 chunks; 0.6 s; peak memory 1209 MiB.
2026-10-05T13:54:16Z INFO [172/500] 391c02cb-4f2e-465f-880f-7bd86a8bb86f: 112 chunks; 1.2 s; peak memory 1209 MiB.
2026-10-05T13:54:17Z INFO [173/500] 391caa08-6674-4dd3-bbe5-87fe092352c4: 69 chunks; 1.3 s; peak memory 1209 MiB.
2026-10-05T13:54:18Z INFO [174/500] 391d156e-76ef-490b-b3dc-ec027d766c84: 117 chunks; 1.0 s; peak memory 1209 MiB.
2026-10-05T13:54:23Z INFO [175/500] 391d4959-8221-4538-8db6-16d01af26b7c: 174 chunks; 5.0 s; peak memory 1209 MiB.
2026-10-05T13:54:24Z INFO [176/500] 391d4aa6-f3e4-49cd-be8d-922340ef3619: 48 chunks; 1.0 s; peak memory 1209 MiB.
2026-10-05T13:54:25Z INFO [177/500] 391d98be-8422-4a07-91ee-90bd7d320206: 48 chunks; 0.9 s; peak memory 1209 MiB.
2026-10-05T13:54:25Z INFO [178/500] 391e583b-696d-4b34-9e08-3bcc5716ebfc: 57 chunks; 0.6 s; peak memory 1209 MiB.
2026-10-05T13:54:26Z INFO [179/500] 391ea239-1041-4953-b99b-015bebc6a312: 52 chunks; 0.6 s; peak memory 1209 MiB.
2026-10-05T13:54:28Z INFO [180/500] 391fdcc7-a0a0-44b8-951e-ea6f7e985176: 168 chunks; 2.1 s; peak memory 1209 MiB.
2026-10-05T14:16:25Z INFO [181/500] 3920f47a-e8a0-491e-a5d4-933752ccf189: 543940 chunks; 1316.7 s; peak memory 1209 MiB.
2026-10-05T14:16:26Z INFO [182/500] 3921558c-8827-477a-afaf-3a90a21575ad: 433 chunks; 1.4 s; peak memory 1209 MiB.
2026-10-05T14:16:27Z INFO [183/500] 392186ac-13c4-41a6-bb1f-8b8725a479cc: 152 chunks; 1.1 s; peak memory 1209 MiB.
2026-10-05T14:16:31Z INFO [184/500] 3922ce69-0184-4bb2-9d6f-240bade7a6d8: 8723 chunks; 4.0 s; peak memory 1209 MiB.
2026-10-05T14:16:32Z INFO [185/500] 39232d8a-47c7-45ec-936b-df4025424f1f: 74 chunks; 1.1 s; peak memory 1209 MiB.
2026-10-05T14:16:33Z INFO [186/500] 39236d9d-4d90-4035-a7f5-c98d2ebd96d7: 48 chunks; 1.0 s; peak memory 1209 MiB.
2026-10-05T14:16:35Z INFO [187/500] 3923960e-2d0e-46ec-b06d-49e1d94aafd8: 71 chunks; 1.9 s; peak memory 1209 MiB.
2026-10-05T14:16:37Z INFO [188/500] 392549e4-7c2e-4032-a647-fdbfd3264556: 66 chunks; 1.7 s; peak memory 1209 MiB.
2026-10-05T14:16:38Z INFO [189/500] 3925bc30-cd68-4b30-80d0-5feef531ca73: 112 chunks; 1.2 s; peak memory 1209 MiB.
2026-10-05T14:16:39Z INFO [190/500] 3926c559-04d2-430d-beee-93a5ec8a72e1: 118 chunks; 1.2 s; peak memory 1209 MiB.
2026-10-05T14:16:47Z INFO [191/500] 3926fcd7-858d-4412-96b2-10c9be29b33f: 18935 chunks; 8.1 s; peak memory 1209 MiB.
2026-10-05T14:16:49Z INFO [192/500] 3927cde6-b6fb-4ba2-ac67-19105518f95a: 62 chunks; 1.3 s; peak memory 1209 MiB.
2026-10-05T14:16:50Z INFO [193/500] 392924de-c821-4043-8c24-9dfaae4b2411: 62 chunks; 1.5 s; peak memory 1209 MiB.
2026-10-05T14:16:51Z INFO [194/500] 392968c6-7a6b-4b09-836a-c0f5b8b4e82b: 48 chunks; 0.8 s; peak memory 1209 MiB.
2026-10-05T14:17:01Z INFO [195/500] 392a4e1b-87b5-4424-99e8-d36aa2836a97: 11413 chunks; 9.5 s; peak memory 1209 MiB.
2026-10-05T14:17:01Z INFO [196/500] 392af7e7-96b8-4529-a67e-4a39f025de5e: 117 chunks; 0.8 s; peak memory 1209 MiB.
2026-10-05T14:17:02Z INFO [197/500] 392b131b-7ca4-4074-97ed-40dfe7dc3f48: 70 chunks; 1.0 s; peak memory 1209 MiB.
2026-10-05T14:17:16Z INFO [198/500] 392b28b6-c280-40e6-84f3-a3c271e54227: 502 chunks; 13.2 s; peak memory 1209 MiB.
2026-10-05T14:17:16Z INFO [199/500] 392b5674-29ba-404a-a060-04c429f36651: 56 chunks; 0.6 s; peak memory 1209 MiB.
2026-10-05T14:17:17Z INFO [200/500] 392ba418-1fc6-4134-89f3-5738ecd7c44b: 50 chunks; 0.7 s; peak memory 1209 MiB.
2026-10-05T14:17:17Z INFO [200/500] 392ba418-1fc6-4134-89f3-5738ecd7c44b: checkpointed 74534 records.
2026-10-05T14:17:18Z INFO [201/500] 392bd07f-f4b9-4430-8238-dc8ef8f8d5fb: 66 chunks; 1.2 s; peak memory 1209 MiB.
2026-10-05T14:17:19Z INFO [202/500] 392cd5f5-410e-4d10-ad42-84332daefc6e: 72 chunks; 1.1 s; peak memory 1209 MiB.
2026-10-05T14:17:21Z INFO [203/500] 392d012e-ef96-4aab-94c7-f804864fd88d: 48 chunks; 1.2 s; peak memory 1209 MiB.
2026-10-05T14:17:22Z INFO [204/500] 392d8638-ec04-4d50-a8dd-0daea450a256: 116 chunks; 1.1 s; peak memory 1209 MiB.
2026-10-05T14:17:26Z INFO [205/500] 392f1562-2426-4e60-97e2-6b14437d8dcf: 4703 chunks; 4.5 s; peak memory 1209 MiB.
2026-10-05T14:17:27Z INFO [206/500] 392f22f2-72da-4815-b58a-af55d3ed7868: 68 chunks; 0.8 s; peak memory 1209 MiB.
2026-10-05T14:17:28Z INFO [207/500] 392f2a4a-42f9-4eda-9673-62ad85181a59: 52 chunks; 1.0 s; peak memory 1209 MiB.
2026-10-05T14:17:29Z INFO [208/500] 3931f63e-8e18-4561-a4c7-ae76ffc7aa46: 79 chunks; 1.2 s; peak memory 1209 MiB.
2026-10-05T14:17:30Z INFO [209/500] 3932947a-4504-42ad-ac90-4bcf7cd24c22: 48 chunks; 1.0 s; peak memory 1209 MiB.
2026-10-05T14:17:33Z INFO [210/500] 3932e96a-b3b2-458b-86e3-e0317791e416: 94 chunks; 2.3 s; peak memory 1209 MiB.
2026-10-05T14:17:34Z INFO [211/500] 3933adb4-71f4-4596-861b-daa63b141eeb: 90 chunks; 1.0 s; peak memory 1209 MiB.
2026-10-05T14:17:37Z INFO [212/500] 39344cac-831b-4faf-83d9-d211f0b0491f: 282 chunks; 3.3 s; peak memory 1209 MiB.
2026-10-05T14:17:40Z INFO [213/500] 3934d4e1-b621-4e8c-b937-28e5586b0c40: 213 chunks; 3.0 s; peak memory 1209 MiB.
2026-10-05T14:17:47Z INFO [214/500] 3935e6ae-adaf-4a7c-aef7-bc80584ba711: 11570 chunks; 7.1 s; peak memory 1209 MiB.
2026-10-05T14:17:50Z INFO [215/500] 39361027-e6ef-483a-bbf2-995c357acf3c: 133 chunks; 3.1 s; peak memory 1209 MiB.
2026-10-05T14:17:51Z INFO [216/500] 39367e5c-5a96-4f82-9f25-8a747df521ae: 62 chunks; 1.2 s; peak memory 1209 MiB.
2026-10-05T14:17:52Z INFO [217/500] 39378413-08ed-441f-a21d-34358abbe95e: 71 chunks; 1.2 s; peak memory 1209 MiB.
2026-10-05T14:17:53Z INFO [218/500] 3937b535-fca3-4d18-9aae-3ccb4670f9b3: 121 chunks; 0.9 s; peak memory 1209 MiB.
2026-10-05T14:17:54Z INFO [219/500] 39384ea7-49f8-45a4-836c-6044d926e6a0: 46 chunks; 0.8 s; peak memory 1209 MiB.
2026-10-05T14:17:56Z INFO [220/500] 39388a0b-acf3-4e9c-a975-ad3687d39a5f: 112 chunks; 1.6 s; peak memory 1209 MiB.
2026-10-05T14:17:57Z INFO [221/500] 393906bd-bde6-4ead-8ff4-02cd767478cf: 74 chunks; 1.0 s; peak memory 1209 MiB.
2026-10-05T14:18:02Z INFO [222/500] 39390fa3-9cb9-40c5-b793-55fa6dd6ea48: 4652 chunks; 5.3 s; peak memory 1209 MiB.
2026-10-05T14:18:32Z INFO [223/500] 39393c67-007d-45f9-87c7-8cdffc6fffc9: 5521 chunks; 29.9 s; peak memory 1209 MiB.
2026-10-05T14:18:44Z INFO [224/500] 3939e554-f2aa-4371-88ee-4b9fa6a29c57: 3725 chunks; 12.4 s; peak memory 1209 MiB.
2026-10-05T14:18:45Z INFO [225/500] 393b649f-4404-45b1-b33d-e45463913b46: 110 chunks; 1.1 s; peak memory 1209 MiB.
2026-10-05T14:18:51Z INFO [226/500] 393b66f2-5225-4032-9ed2-3af8287f420b: 193 chunks; 6.1 s; peak memory 1209 MiB.
2026-10-05T14:18:53Z INFO [227/500] 393e0d43-dd68-4411-a74d-59da8121e748: 117 chunks; 1.1 s; peak memory 1209 MiB.
2026-10-05T14:18:54Z INFO [228/500] 393f4e1f-9ed5-4e9c-aa06-38af1488357e: 76 chunks; 1.0 s; peak memory 1209 MiB.
2026-10-05T14:18:55Z INFO [229/500] 393fc712-6d70-4ee9-96c1-63fabfd31b95: 48 chunks; 1.0 s; peak memory 1209 MiB.
2026-10-05T14:18:56Z INFO [230/500] 3940510a-0ea6-4d6e-a5c1-5690494aa6c2: 48 chunks; 1.0 s; peak memory 1209 MiB.
2026-10-05T14:18:56Z INFO [231/500] 3940b986-3404-446c-8a80-b65c866462ee: 48 chunks; 0.8 s; peak memory 1209 MiB.
2026-10-05T14:18:58Z INFO [232/500] 3941cbf2-c2cf-428d-9a90-3d6b39c4e587: 46 chunks; 1.2 s; peak memory 1209 MiB.
2026-10-05T14:18:59Z INFO [233/500] 394236e9-7b03-432c-8cdc-8b4acee0e29d: 116 chunks; 1.0 s; peak memory 1209 MiB.
2026-10-05T14:19:00Z INFO [234/500] 3942544a-78c1-4d45-85d3-0804a9b7fd55: 110 chunks; 1.4 s; peak memory 1209 MiB.
2026-10-05T14:19:01Z INFO [235/500] 39437e6a-46f2-43cd-9297-a0c6c0bde95b: 74 chunks; 1.4 s; peak memory 1209 MiB.
2026-10-05T14:19:02Z INFO [236/500] 39442d6f-8220-4991-8422-255ce5b9324f: 46 chunks; 0.6 s; peak memory 1209 MiB.
2026-10-05T14:19:03Z INFO [237/500] 3944b80c-5f1e-4ed1-aeb2-a6fcc66336fc: 116 chunks; 1.2 s; peak memory 1209 MiB.
2026-10-05T14:19:13Z INFO [238/500] 39459343-22c4-4b02-87ac-fdfff730d181: 22930 chunks; 10.1 s; peak memory 1209 MiB.
2026-10-05T14:19:14Z INFO [239/500] 39461cf6-8187-46b8-81b6-c5c205e3f437: 131 chunks; 1.1 s; peak memory 1209 MiB.
2026-10-05T14:19:34Z INFO [240/500] 394631ce-411f-47a8-84e6-3d5a1a3e578e: 1155 chunks; 19.6 s; peak memory 1209 MiB.
2026-10-05T14:19:35Z INFO [241/500] 3946965b-3507-4f48-a4d0-61a6467083e3: 121 chunks; 0.9 s; peak memory 1209 MiB.
2026-10-05T14:19:42Z INFO [242/500] 3946dc79-da3a-4041-9f41-ea585f91c708: 17307 chunks; 7.0 s; peak memory 1209 MiB.
2026-10-05T14:19:43Z INFO [243/500] 3946e619-494f-4d1c-b394-6a9ee4772501: 48 chunks; 1.1 s; peak memory 1209 MiB.
2026-10-05T14:19:44Z INFO [244/500] 3947d40e-61fb-4c70-8f0b-af8bd6eb53a1: 48 chunks; 1.0 s; peak memory 1209 MiB.
2026-10-05T14:19:45Z INFO [245/500] 394852c3-68d8-4c57-a7a9-c0272b4a97bd: 48 chunks; 0.8 s; peak memory 1209 MiB.
2026-10-05T14:19:46Z INFO [246/500] 394856aa-ee8e-4958-9745-772357b5b051: 48 chunks; 1.1 s; peak memory 1209 MiB.
2026-10-05T14:19:47Z INFO [247/500] 3948755f-378e-4b33-be7d-cb4e2f6b8780: 101 chunks; 0.9 s; peak memory 1209 MiB.
2026-10-05T14:19:47Z INFO [248/500] 39489df0-9d16-4e01-9edb-2f219e228ac8: 48 chunks; 0.7 s; peak memory 1209 MiB.
2026-10-05T14:19:48Z INFO [249/500] 39489fee-c27b-42ad-b727-e49b9fd6fe40: 118 chunks; 1.1 s; peak memory 1209 MiB.
2026-10-05T14:19:49Z INFO [250/500] 3948b0e1-3252-48f3-af14-dd201055b613: 118 chunks; 1.0 s; peak memory 1209 MiB.
2026-10-05T14:19:50Z INFO [250/500] 3948b0e1-3252-48f3-af14-dd201055b613: checkpointed 74584 records.
2026-10-05T14:19:51Z INFO [251/500] 3948d00c-8c02-4e15-8133-25b2128d25d1: 52 chunks; 1.0 s; peak memory 1209 MiB.
2026-10-05T14:19:52Z INFO [252/500] 39493bcb-584a-4101-a334-6d95ec3a3db7: 79 chunks; 1.0 s; peak memory 1209 MiB.
2026-10-05T14:19:53Z INFO [253/500] 394980a9-d37a-4df5-9d93-f05067001bd2: 1104 chunks; 1.8 s; peak memory 1209 MiB.
2026-10-05T14:19:55Z INFO [254/500] 3949bff2-5769-4e33-9382-803142bf07a9: 69 chunks; 1.1 s; peak memory 1209 MiB.
2026-10-05T14:19:56Z INFO [255/500] 394a3938-7678-482c-b20e-7c2b746810a4: 117 chunks; 1.1 s; peak memory 1209 MiB.
2026-10-05T14:19:57Z INFO [256/500] 394a5d7e-7ee2-4ac6-b047-22f53818f9ac: 117 chunks; 1.0 s; peak memory 1209 MiB.
2026-10-05T14:19:59Z INFO [257/500] 394a6158-64c6-4181-82f7-a1e237dde55d: 80 chunks; 2.4 s; peak memory 1209 MiB.
2026-10-05T14:20:00Z INFO [258/500] 394ae246-95e7-4790-8a87-f8dc2b1031c4: 112 chunks; 1.0 s; peak memory 1209 MiB.
2026-10-05T14:20:01Z INFO [259/500] 394b0cd9-9a1d-4711-868b-1a0d54047598: 116 chunks; 1.2 s; peak memory 1209 MiB.
2026-10-05T14:20:02Z INFO [260/500] 394b14f6-29af-4426-896b-8641a3f1a170: 48 chunks; 1.0 s; peak memory 1209 MiB.
2026-10-05T14:20:03Z INFO [261/500] 394b1f7e-e4ac-4f40-90ae-7c9cc1fca35d: 48 chunks; 0.8 s; peak memory 1209 MiB.
2026-10-05T14:20:08Z INFO [262/500] 394bace0-81c3-46d1-9126-0763e4e924c5: 2919 chunks; 5.1 s; peak memory 1209 MiB.
2026-10-05T14:20:10Z INFO [263/500] 394c5fe7-9d83-45a9-a821-3ead264d1350: 101 chunks; 2.3 s; peak memory 1209 MiB.
2026-10-05T14:20:11Z INFO [264/500] 394e64ae-e2de-42ff-990e-cb25f56f4ebc: 48 chunks; 0.9 s; peak memory 1209 MiB.
2026-10-05T14:20:12Z INFO [265/500] 394e8272-cac9-4bc2-8519-6d5315734f19: 116 chunks; 1.0 s; peak memory 1209 MiB.
2026-10-05T14:20:13Z INFO [266/500] 394e8c76-5c30-4d18-ac33-e9ef2f43153d: 112 chunks; 1.0 s; peak memory 1209 MiB.
2026-10-05T14:20:14Z INFO [267/500] 394faf8d-717d-431d-a78d-dd62a0860e6c: 116 chunks; 1.0 s; peak memory 1209 MiB.
2026-10-05T14:20:15Z INFO [268/500] 395157f0-a5df-4888-8fae-43cf198f1701: 62 chunks; 1.2 s; peak memory 1209 MiB.
2026-10-05T14:20:16Z INFO [269/500] 39521c4e-d249-42c1-b589-e2dcb74b312b: 57 chunks; 0.9 s; peak memory 1209 MiB.
2026-10-05T14:20:17Z INFO [270/500] 395289ec-5aed-405c-953e-07e57a146087: 48 chunks; 0.9 s; peak memory 1209 MiB.
2026-10-05T14:20:19Z INFO [271/500] 39534fc4-7bca-4c23-b591-75ab84513b3d: 204 chunks; 1.3 s; peak memory 1209 MiB.
2026-10-05T14:20:20Z INFO [272/500] 3953e578-457f-49c2-88df-54b94483b045: 48 chunks; 1.1 s; peak memory 1209 MiB.
2026-10-05T14:20:21Z INFO [273/500] 3954292e-c177-4771-baee-c74e3e50eebe: 52 chunks; 0.9 s; peak memory 1209 MiB.
2026-10-05T14:20:21Z INFO [274/500] 395455df-078e-4273-90d4-ea7cf142650a: 48 chunks; 0.9 s; peak memory 1209 MiB.
2026-10-05T14:20:24Z INFO [275/500] 395479d4-c377-4a0e-9935-fe109a82da56: 115 chunks; 2.4 s; peak memory 1209 MiB.
2026-10-05T14:20:24Z INFO [276/500] 39557497-4b66-4085-b352-c7a5c5e562df: 46 chunks; 0.7 s; peak memory 1209 MiB.
2026-10-05T14:20:27Z INFO [277/500] 395751b2-0b03-40ce-ad7c-ea92ad27af87: 115 chunks; 2.4 s; peak memory 1209 MiB.
2026-10-05T14:20:28Z INFO [278/500] 3957e2f1-2990-4717-ae38-6a4ef5721130: 99 chunks; 0.8 s; peak memory 1209 MiB.
2026-10-05T14:20:29Z INFO [279/500] 39580272-23ee-43ac-bfcc-7892367b86e0: 64 chunks; 1.2 s; peak memory 1209 MiB.
2026-10-05T14:20:30Z INFO [280/500] 3958b1c1-40cb-46f3-9b3a-10744a3caadd: 52 chunks; 1.0 s; peak memory 1209 MiB.
2026-10-05T14:20:31Z INFO [281/500] 3958bf26-2133-49b0-b347-8a618fca0fed: 114 chunks; 0.9 s; peak memory 1209 MiB.
2026-10-05T14:20:32Z INFO [282/500] 3959223e-4a6d-424f-8aad-b879bd8f0988: 66 chunks; 1.0 s; peak memory 1209 MiB.
2026-10-05T14:20:33Z INFO [283/500] 3959277e-9aa2-42b7-a211-dfa946c02308: 62 chunks; 1.4 s; peak memory 1209 MiB.
2026-10-05T14:20:34Z INFO [284/500] 39592be2-1a49-4f5c-8897-9cce48d90c10: 114 chunks; 1.3 s; peak memory 1209 MiB.
2026-10-05T14:20:36Z INFO [285/500] 39594fc6-f307-46d7-8921-398496eb2d4d: 112 chunks; 1.2 s; peak memory 1209 MiB.
2026-10-05T14:20:37Z INFO [286/500] 3959a003-4cb0-45a6-bd0b-05d85dfcd1a9: 112 chunks; 1.0 s; peak memory 1209 MiB.
2026-10-05T14:20:38Z INFO [287/500] 3959cb0b-8fa5-4853-a760-c6d131416442: 48 chunks; 0.9 s; peak memory 1209 MiB.
2026-10-05T14:20:39Z INFO [288/500] 3959f93b-f173-4f21-b266-e623505b826f: 71 chunks; 1.5 s; peak memory 1209 MiB.
2026-10-05T14:20:40Z INFO [289/500] 395a4282-5d14-43ca-a67d-03311b25412c: 121 chunks; 1.0 s; peak memory 1209 MiB.
2026-10-05T14:20:42Z INFO [290/500] 395ac3a6-53f4-41fa-aa42-c2cf419e389b: 112 chunks; 1.5 s; peak memory 1209 MiB.
2026-10-05T14:20:42Z INFO [291/500] 395cb414-44c8-40aa-a19f-5d914ca3703b: 54 chunks; 0.6 s; peak memory 1209 MiB.
2026-10-05T14:20:43Z INFO [292/500] 395cd089-541a-4267-ae3c-ac7fa65a2cb6: 48 chunks; 0.9 s; peak memory 1209 MiB.
2026-10-05T14:20:44Z INFO [293/500] 395d5a1c-3fc2-447d-b054-8f3562c9c340: 117 chunks; 1.0 s; peak memory 1209 MiB.
2026-10-05T14:20:45Z INFO [294/500] 395dcd07-fa2e-40f0-8f72-349ee7e3cff7: 56 chunks; 0.7 s; peak memory 1209 MiB.
2026-10-05T14:20:46Z INFO [295/500] 395dde58-d50c-4372-b594-fd92c76c47a3: 48 chunks; 0.7 s; peak memory 1209 MiB.
2026-10-05T14:20:52Z INFO [296/500] 395df427-43a5-4516-87a1-8b276b56a71b: 1101 chunks; 6.8 s; peak memory 1209 MiB.
2026-10-05T14:20:53Z INFO [297/500] 395e0784-9f7d-46a5-973c-4130e1da21c6: 38 chunks; 1.0 s; peak memory 1209 MiB.
2026-10-05T14:20:54Z INFO [298/500] 395e5582-9394-49c1-83b6-19e1899df92d: 117 chunks; 1.1 s; peak memory 1209 MiB.
2026-10-05T14:20:55Z INFO [299/500] 395e7624-ddad-4770-9e4e-c854732cd3d0: 116 chunks; 0.9 s; peak memory 1209 MiB.
2026-10-05T14:26:33Z INFO [300/500] 395f193c-cd06-4a69-b2e1-89a71218178a: 261180 chunks; 337.7 s; peak memory 1209 MiB.
2026-10-05T14:26:33Z INFO [300/500] 395f193c-cd06-4a69-b2e1-89a71218178a: checkpointed 74634 records.
2026-10-05T14:26:34Z INFO [301/500] 395f97ae-d57c-4a9c-b115-b897a8c40077: 48 chunks; 0.8 s; peak memory 1209 MiB.
2026-10-05T14:26:35Z INFO [302/500] 39602ed3-f45e-4280-8708-8f69f615d5b5: 48 chunks; 1.0 s; peak memory 1209 MiB.
2026-10-05T14:26:39Z INFO [303/500] 39603a61-3c08-46c7-8b83-ba3df04e40a8: 208 chunks; 3.6 s; peak memory 1209 MiB.
2026-10-05T14:26:39Z INFO [304/500] 39615d8e-bd90-481b-86ff-116fa3ff1963: 52 chunks; 0.6 s; peak memory 1209 MiB.
2026-10-05T14:26:40Z INFO [305/500] 3962a991-5d0f-47bd-ad44-8b991bf9336c: 52 chunks; 1.1 s; peak memory 1209 MiB.
2026-10-05T14:28:22Z INFO [306/500] 3964acc5-2ccf-4bed-9a0f-f9e5961a9d87: 30914 chunks; 101.6 s; peak memory 1209 MiB.
2026-10-05T14:28:23Z INFO [307/500] 3965152d-d953-46f6-814b-30eb23cdfd17: 48 chunks; 1.0 s; peak memory 1209 MiB.
2026-10-05T14:28:24Z INFO [308/500] 39657e8c-2a35-4482-a516-5c4b62205105: 48 chunks; 1.1 s; peak memory 1209 MiB.
2026-10-05T14:28:25Z INFO [309/500] 39686699-d133-4dd5-b75a-0e177dafa198: 117 chunks; 1.2 s; peak memory 1209 MiB.
2026-10-05T14:28:27Z INFO [310/500] 3968811a-ad9c-4ffa-ba8a-8b4887a9573c: 103 chunks; 1.6 s; peak memory 1209 MiB.
2026-10-05T14:28:28Z INFO [311/500] 39690ee2-7014-48e1-8968-e87384dfc5e5: 66 chunks; 1.5 s; peak memory 1209 MiB.
2026-10-05T14:28:29Z INFO [312/500] 3969b542-4cc7-4352-95e8-c354aa206acf: 46 chunks; 0.8 s; peak memory 1209 MiB.
2026-10-05T14:28:30Z INFO [313/500] 3969db24-a10b-484d-a6c6-f8acc25221ce: 48 chunks; 1.1 s; peak memory 1209 MiB.
2026-10-05T14:28:31Z INFO [314/500] 396be27f-ae1f-4009-8510-e54eb827f8df: 48 chunks; 0.8 s; peak memory 1209 MiB.
2026-10-05T14:28:40Z INFO [315/500] 396c68d8-8c03-47f4-8341-ef84cdf3b604: 16477 chunks; 8.6 s; peak memory 1209 MiB.
2026-10-05T14:28:42Z INFO [316/500] 396ce608-85ed-4fb1-9f30-eb2aec83ab2f: 1762 chunks; 2.7 s; peak memory 1209 MiB.
2026-10-05T14:31:03Z INFO [317/500] 396e3c1e-e805-42ae-a2d0-7dbcedf9a86e: 41038 chunks; 141.3 s; peak memory 1209 MiB.
2026-10-05T14:31:05Z INFO [318/500] 396e5ca1-6e8c-4514-88bb-d0094a7b1f5c: 66 chunks; 1.5 s; peak memory 1209 MiB.
2026-10-05T14:31:07Z INFO [319/500] 396f2a3b-f84d-4d08-b693-43d19042b015: 119 chunks; 1.7 s; peak memory 1209 MiB.
2026-10-05T14:31:08Z INFO [320/500] 39705f32-f142-44da-89bf-6d424bc575f2: 46 chunks; 1.0 s; peak memory 1209 MiB.
2026-10-05T14:31:11Z INFO [321/500] 39707e6a-18af-4e40-81d8-7ca8b6fd90d5: 15037 chunks; 3.4 s; peak memory 1209 MiB.
2026-10-05T14:31:13Z INFO [322/500] 3970e4cd-6065-4e17-89b8-76fd3e91fcc2: 161 chunks; 2.2 s; peak memory 1209 MiB.
2026-10-05T14:31:14Z INFO [323/500] 397114c2-3b63-4863-88e5-1753834914c8: 69 chunks; 0.9 s; peak memory 1209 MiB.
2026-10-05T14:31:15Z INFO [324/500] 39712691-848c-4c56-9cd0-5272501e3ff6: 117 chunks; 1.0 s; peak memory 1209 MiB.
2026-10-05T14:31:16Z INFO [325/500] 39723d73-3a74-4e00-bf95-8ab351dea136: 42 chunks; 0.7 s; peak memory 1209 MiB.
2026-10-05T14:31:18Z INFO [326/500] 39729078-684a-425b-b147-1422fde041c7: 67 chunks; 1.9 s; peak memory 1209 MiB.
2026-10-05T14:31:19Z INFO [327/500] 39730bed-3e09-4e86-8590-c9b7ff3ccd57: 112 chunks; 0.9 s; peak memory 1209 MiB.
2026-10-05T14:31:19Z INFO [328/500] 39736288-c2b5-46d1-a9af-3d2049e37528: 46 chunks; 0.6 s; peak memory 1209 MiB.
2026-10-05T14:31:20Z INFO [329/500] 39738cbf-1358-4991-971f-ef378a87cd90: 117 chunks; 0.9 s; peak memory 1209 MiB.
2026-10-05T14:31:21Z INFO [330/500] 3973b881-44a7-4435-9fe6-d11de7ef50ac: 118 chunks; 1.0 s; peak memory 1209 MiB.
2026-10-05T14:31:22Z INFO [331/500] 39741d90-8358-46e9-8f35-e7e563fac08c: 52 chunks; 1.1 s; peak memory 1209 MiB.
2026-10-05T14:31:24Z INFO [332/500] 397437f9-df34-40a2-9d23-af56c484e6ee: 66 chunks; 1.3 s; peak memory 1209 MiB.
2026-10-05T14:31:25Z INFO [333/500] 39756734-baee-45cc-b400-6e72d12211be: 101 chunks; 1.0 s; peak memory 1209 MiB.
2026-10-05T14:31:26Z INFO [334/500] 39761596-765b-4540-a96e-1d04c0dd466b: 84 chunks; 1.1 s; peak memory 1209 MiB.
2026-10-05T14:31:27Z INFO [335/500] 3976395e-a6d1-4746-96f0-3632fb4e83db: 48 chunks; 1.0 s; peak memory 1209 MiB.
2026-10-05T14:31:30Z INFO [336/500] 39769041-b254-45c3-be4a-9c38fdd9dfbf: 1641 chunks; 3.0 s; peak memory 1209 MiB.
2026-10-05T14:31:31Z INFO [337/500] 3977630d-c764-4a27-8bf8-f9f0a54cab2b: 131 chunks; 1.7 s; peak memory 1209 MiB.
2026-10-05T14:31:32Z INFO [338/500] 3977678c-8741-4a56-a71f-99ecc9c454b8: 117 chunks; 1.1 s; peak memory 1209 MiB.
2026-10-05T14:31:33Z INFO [339/500] 397991b8-125f-4f28-adc4-c8f2b92976dc: 117 chunks; 0.9 s; peak memory 1209 MiB.
2026-10-05T14:31:35Z INFO [340/500] 3979d5fe-1df2-465b-b276-e29aab6ac102: 69 chunks; 1.1 s; peak memory 1209 MiB.
2026-10-05T14:31:36Z INFO [341/500] 3979d7c5-3e07-4558-bf8e-280ca131439b: 125 chunks; 2.0 s; peak memory 1209 MiB.
2026-10-05T14:31:37Z INFO [342/500] 397a37dd-54ac-4b92-8807-fb94a39a9aa7: 117 chunks; 0.9 s; peak memory 1209 MiB.
2026-10-05T14:31:39Z INFO [343/500] 397a6a4c-06a4-473e-871b-a1f223948a91: 53 chunks; 1.1 s; peak memory 1209 MiB.
2026-10-05T14:31:39Z INFO [344/500] 397a7ea3-462d-46a1-84ba-87aa4be80495: 71 chunks; 0.9 s; peak memory 1209 MiB.
2026-10-05T14:32:56Z INFO [345/500] 397a80c9-0419-4ade-ba7d-97d5c81bcaa2: 10888 chunks; 76.7 s; peak memory 1209 MiB.
2026-10-05T14:32:57Z INFO [346/500] 397aa01d-2511-4e2f-9971-322a8a6ef2c0: 112 chunks; 1.3 s; peak memory 1209 MiB.
2026-10-05T14:32:58Z INFO [347/500] 397aa117-6cf5-4baf-8923-a33e2441993f: 112 chunks; 1.0 s; peak memory 1209 MiB.
2026-10-05T14:32:59Z INFO [348/500] 397c4666-f2ba-4938-9cd1-a37ab9c24514: 117 chunks; 1.0 s; peak memory 1209 MiB.
2026-10-05T14:33:00Z INFO [349/500] 397dad4a-7219-4bc8-a9c1-e0ca2ef60c41: 52 chunks; 1.0 s; peak memory 1209 MiB.
2026-10-05T14:33:02Z INFO [350/500] 397daf9b-860b-49d2-82a2-78ddb0ddeff7: 71 chunks; 1.7 s; peak memory 1209 MiB.
2026-10-05T14:33:02Z INFO [350/500] 397daf9b-860b-49d2-82a2-78ddb0ddeff7: checkpointed 74684 records.
2026-10-05T14:33:03Z INFO [351/500] 397e8552-cf34-426f-a650-99e8b0960ade: 74 chunks; 0.9 s; peak memory 1209 MiB.
2026-10-05T14:33:04Z INFO [352/500] 397ea4f1-c593-4331-9cfb-55a8e0bddc3d: 117 chunks; 1.1 s; peak memory 1209 MiB.
2026-10-05T14:33:08Z INFO [353/500] 397ea53e-c13b-44d3-8c2e-cf4835fd8243: 13300 chunks; 4.0 s; peak memory 1209 MiB.
2026-10-05T14:33:10Z INFO [354/500] 397eac7a-305d-4d2e-b055-a6381418c6dd: 71 chunks; 1.6 s; peak memory 1209 MiB.
2026-10-05T14:33:11Z INFO [355/500] 397f90d5-ac64-4ea3-a31d-35732a30796e: 117 chunks; 1.0 s; peak memory 1209 MiB.
2026-10-05T14:33:13Z INFO [356/500] 39808ab2-bdef-4350-89b1-b07a5e230d72: 254 chunks; 2.4 s; peak memory 1209 MiB.
2026-10-05T14:33:23Z INFO [357/500] 3981149a-25b2-4ccf-82af-6e487b68e758: 13258 chunks; 9.6 s; peak memory 1209 MiB.
2026-10-05T14:33:30Z INFO [358/500] 39819af3-ef80-44f0-903e-8768e7186147: 4095 chunks; 7.2 s; peak memory 1209 MiB.
2026-10-05T14:33:31Z INFO [359/500] 3981e4c2-3e16-46fd-b466-3fa00cd77b53: 117 chunks; 0.9 s; peak memory 1209 MiB.
2026-10-05T14:33:32Z INFO [360/500] 3981eb6c-ff2f-4143-9923-286661c03bb7: 118 chunks; 1.1 s; peak memory 1209 MiB.
2026-10-05T14:33:33Z INFO [361/500] 398369a5-6472-4829-aa2b-fa8c35ea91d7: 63 chunks; 0.8 s; peak memory 1209 MiB.
2026-10-05T14:33:34Z INFO [362/500] 3983ac0a-84e3-4d8a-ae47-c973e30993b9: 112 chunks; 1.0 s; peak memory 1209 MiB.
2026-10-05T14:33:35Z INFO [363/500] 3983cbe8-be23-4e81-bc84-6b22b9d0b749: 41 chunks; 0.8 s; peak memory 1209 MiB.
2026-10-05T14:33:37Z INFO [364/500] 3983f417-9d9e-43a6-9f2f-e450ed72eafa: 116 chunks; 2.4 s; peak memory 1209 MiB.
2026-10-05T14:33:38Z INFO [365/500] 398489db-9608-4616-98dd-35ac798f99f1: 112 chunks; 1.2 s; peak memory 1209 MiB.
2026-10-05T14:33:39Z INFO [366/500] 398518a5-7ef4-4464-91b2-f1b4ec300909: 112 chunks; 1.1 s; peak memory 1209 MiB.
2026-10-05T14:33:40Z INFO [367/500] 3985d3a1-8af7-4932-a30d-714671759d14: 45 chunks; 0.7 s; peak memory 1209 MiB.
2026-10-05T14:33:42Z INFO [368/500] 39861130-e802-4b37-9768-a96dc2508555: 71 chunks; 2.0 s; peak memory 1209 MiB.
2026-10-05T14:33:43Z INFO [369/500] 398649f3-92ee-475e-8c61-603f4b8ed645: 48 chunks; 0.7 s; peak memory 1209 MiB.
2026-10-05T14:33:44Z INFO [370/500] 398a6557-731c-4377-836d-eca6f5915800: 48 chunks; 0.9 s; peak memory 1209 MiB.
2026-10-05T14:33:44Z INFO [371/500] 398cc561-6868-4c7f-bb2f-37d8c904d0e2: 48 chunks; 1.0 s; peak memory 1209 MiB.
2026-10-05T14:33:46Z INFO [372/500] 398cf8f5-9c9d-4403-9402-47c083f88da5: 116 chunks; 1.1 s; peak memory 1209 MiB.
2026-10-05T14:33:46Z INFO [373/500] 398db007-6877-4b17-93ce-6a4856ee9b8f: 48 chunks; 0.9 s; peak memory 1209 MiB.
2026-10-05T14:33:48Z INFO [374/500] 398dbc96-44e2-423b-a8ce-a5d0f946b4f6: 112 chunks; 1.3 s; peak memory 1209 MiB.
2026-10-05T14:33:48Z INFO [375/500] 398dca3c-7d54-47cc-88d3-86483c75aaad: 56 chunks; 0.6 s; peak memory 1209 MiB.
2026-10-05T14:33:49Z INFO [376/500] 398dd606-f865-469d-a55c-db5e366eaac7: 48 chunks; 0.8 s; peak memory 1209 MiB.
2026-10-05T14:33:50Z INFO [377/500] 398df8ce-2a31-453b-a316-cbc0a8bc7e47: 48 chunks; 0.9 s; peak memory 1209 MiB.
2026-10-05T14:33:51Z INFO [378/500] 398fe196-7e51-412b-ab61-092507f82968: 275 chunks; 1.3 s; peak memory 1209 MiB.
2026-10-05T14:33:52Z INFO [379/500] 3990b870-e7d3-4427-acd3-a9287e5d11c0: 69 chunks; 0.7 s; peak memory 1209 MiB.
2026-10-05T14:33:53Z INFO [380/500] 3991f6d6-17ea-4344-83e1-aac9306b3c66: 132 chunks; 1.1 s; peak memory 1209 MiB.
2026-10-05T14:33:54Z INFO [381/500] 39923c6b-0e4c-4c4b-9bcb-077975a35876: 48 chunks; 1.0 s; peak memory 1209 MiB.
2026-10-05T14:33:55Z INFO [382/500] 39925d4e-596b-4539-906b-da77d14486bb: 111 chunks; 1.2 s; peak memory 1209 MiB.
2026-10-05T14:34:13Z INFO [383/500] 39939765-70cf-419c-a7de-1d3d7975a00d: 4366 chunks; 17.4 s; peak memory 1209 MiB.
2026-10-05T14:34:14Z INFO [384/500] 3993fae3-1729-49fb-a1ab-895e3f39c2f2: 118 chunks; 1.0 s; peak memory 1209 MiB.
2026-10-05T14:34:15Z INFO [385/500] 399423f8-2cb2-463f-a5dd-4d1d5d7a9772: 69 chunks; 1.3 s; peak memory 1209 MiB.
2026-10-05T14:34:17Z INFO [386/500] 399424c6-aab2-4309-8414-1900424cbb21: 201 chunks; 2.2 s; peak memory 1209 MiB.
2026-10-05T14:34:18Z INFO [387/500] 39943ae7-796c-4b5b-9f96-36dd68cc2bc3: 117 chunks; 1.2 s; peak memory 1209 MiB.
2026-10-05T14:34:19Z INFO [388/500] 39953643-2218-4a2f-a2dd-c73bbc78cd11: 69 chunks; 1.2 s; peak memory 1209 MiB.
2026-10-05T14:34:26Z INFO [389/500] 399626c8-6fd8-4ade-97fa-a8d4f62dcf1a: 1492 chunks; 6.2 s; peak memory 1209 MiB.
2026-10-05T14:34:27Z INFO [390/500] 3996639d-30ea-4a60-9738-7d19ea9696ec: 45 chunks; 1.2 s; peak memory 1209 MiB.
2026-10-05T14:34:28Z INFO [391/500] 399698f5-fccc-44ef-a721-914e8b89438b: 48 chunks; 0.8 s; peak memory 1209 MiB.
2026-10-05T14:34:29Z INFO [392/500] 3996e2d4-095a-4572-aa41-c74243a17219: 52 chunks; 0.9 s; peak memory 1209 MiB.
2026-10-05T14:34:29Z INFO [393/500] 39978057-1534-4398-9aaf-cb9b2aea19c7: 48 chunks; 0.8 s; peak memory 1209 MiB.
2026-10-05T14:34:33Z INFO [394/500] 3998b3a7-983c-4be9-b0eb-b12438aca311: 2272 chunks; 3.3 s; peak memory 1209 MiB.
2026-10-05T14:34:34Z INFO [395/500] 3998babd-c164-41c0-9fa3-b317d72f4c5d: 48 chunks; 0.9 s; peak memory 1209 MiB.
2026-10-05T14:34:35Z INFO [396/500] 39991310-3d5f-46ac-bda9-e39da6d7d447: 48 chunks; 1.0 s; peak memory 1209 MiB.
2026-10-05T14:34:36Z INFO [397/500] 399945ca-0497-47b2-9cc4-4dfc87a7056b: 112 chunks; 1.5 s; peak memory 1209 MiB.
2026-10-05T14:34:36Z INFO [398/500] 39994fa6-6e99-4e6a-ac73-68ac25b6aa5d: 46 chunks; 0.5 s; peak memory 1209 MiB.
2026-10-05T14:34:37Z INFO [399/500] 39998659-d999-4883-9b03-e6715fda9674: 48 chunks; 0.8 s; peak memory 1209 MiB.
2026-10-05T14:34:38Z INFO [400/500] 3999fee9-5de0-495e-bc06-6f0a9851313a: 52 chunks; 1.0 s; peak memory 1209 MiB.
2026-10-05T14:34:38Z INFO [400/500] 3999fee9-5de0-495e-bc06-6f0a9851313a: checkpointed 74734 records.
2026-10-05T14:34:39Z INFO [401/500] 399a9cd7-e66f-4b0e-8f2f-b824527f9d4c: 116 chunks; 1.0 s; peak memory 1209 MiB.
2026-10-05T14:34:41Z INFO [402/500] 399c0daa-7f2c-472c-964e-641bc58329c8: 71 chunks; 1.1 s; peak memory 1209 MiB.
2026-10-05T14:34:42Z INFO [403/500] 399d4d38-658e-44f6-95b5-bb1d1d9e89ec: 69 chunks; 1.0 s; peak memory 1209 MiB.
2026-10-05T14:34:43Z INFO [404/500] 399d9883-040c-407d-bce0-5e3393fa88fa: 112 chunks; 1.1 s; peak memory 1209 MiB.
2026-10-05T14:34:44Z INFO [405/500] 399da092-281d-4848-8052-cb9156845f03: 117 chunks; 0.9 s; peak memory 1209 MiB.
2026-10-05T14:36:55Z INFO [406/500] 399ddcd3-0b0d-4e15-bada-bb5fdf33e5d5: 42690 chunks; 131.3 s; peak memory 1209 MiB.
2026-10-05T14:36:57Z INFO [407/500] 399e30be-f9aa-4329-85cb-6bee922be085: 114 chunks; 2.0 s; peak memory 1209 MiB.
2026-10-05T14:37:00Z INFO [408/500] 399f3b2c-192d-4db0-9c58-2bdd7801bb26: 2923 chunks; 3.0 s; peak memory 1209 MiB.
2026-10-05T14:37:01Z INFO [409/500] 39a0878f-97cd-449f-b48a-d5f3d71e87c4: 66 chunks; 1.3 s; peak memory 1209 MiB.
2026-10-05T14:37:03Z INFO [410/500] 39a092c9-d6d0-4d26-8ebd-4e7ff04a6c7a: 118 chunks; 1.8 s; peak memory 1209 MiB.
2026-10-05T14:37:06Z INFO [411/500] 39a16e19-6c03-4e58-a8aa-9b5341a9314e: 85 chunks; 2.7 s; peak memory 1209 MiB.
2026-10-05T14:37:07Z INFO [412/500] 39a23659-4aa6-46f1-a773-7225a560ceb6: 69 chunks; 0.9 s; peak memory 1209 MiB.
2026-10-05T14:37:07Z INFO [413/500] 39a3f633-cdc6-42b9-bd9e-b83401fbfef3: 112 chunks; 0.9 s; peak memory 1209 MiB.
2026-10-05T14:37:09Z INFO [414/500] 39a48e9f-2883-4392-9c9d-af4bf8326bba: 59 chunks; 1.0 s; peak memory 1209 MiB.
2026-10-05T14:37:10Z INFO [415/500] 39a6d994-e2ac-4f0d-b6f9-a3bda5039540: 41 chunks; 1.1 s; peak memory 1209 MiB.
2026-10-05T14:37:10Z INFO [416/500] 39a6da4b-f6dc-4471-971d-76a0084d33e6: 69 chunks; 0.8 s; peak memory 1209 MiB.
2026-10-05T14:37:13Z INFO [417/500] 39a6db2d-2dda-4cf9-809f-c7e2d2963660: 218 chunks; 2.8 s; peak memory 1209 MiB.
2026-10-05T14:37:18Z INFO [418/500] 39a7149d-a799-454f-a32b-c7fc726856aa: 266 chunks; 4.8 s; peak memory 1209 MiB.
2026-10-05T14:37:19Z INFO [419/500] 39a7c6c2-1dad-4e84-aae8-c1b4c468095e: 46 chunks; 0.8 s; peak memory 1209 MiB.
2026-10-05T14:37:26Z INFO [420/500] 39a80c6d-b0d0-45f9-9bbb-56e6a2452359: 1740 chunks; 7.3 s; peak memory 1209 MiB.
2026-10-05T14:37:27Z INFO [421/500] 39a9a1a3-4b70-45d0-a6e6-7a261f391b0c: 116 chunks; 0.9 s; peak memory 1209 MiB.
2026-10-05T14:37:28Z INFO [422/500] 39a9d121-0171-40c1-9172-6092ca18045f: 46 chunks; 0.9 s; peak memory 1209 MiB.
2026-10-05T14:37:29Z INFO [423/500] 39a9e021-0f96-495d-82de-d7483b6117cc: 117 chunks; 0.9 s; peak memory 1209 MiB.
2026-10-05T14:37:29Z INFO [424/500] 39aa2918-7368-4981-a79f-71bdd1206cff: 46 chunks; 0.6 s; peak memory 1209 MiB.
2026-10-05T14:37:30Z INFO [425/500] 39aa6a42-0802-49bc-85de-e330f384210d: 46 chunks; 0.7 s; peak memory 1209 MiB.
2026-10-05T14:37:31Z INFO [426/500] 39abb2d9-16cd-44cc-be62-394798cef077: 54 chunks; 0.8 s; peak memory 1209 MiB.
2026-10-05T14:37:32Z INFO [427/500] 39ac8fc0-272b-44f2-b822-7ea2f32ce50f: 116 chunks; 1.0 s; peak memory 1209 MiB.
2026-10-05T14:37:33Z INFO [428/500] 39accbc4-232c-4357-ad88-fec7dcea755c: 66 chunks; 1.5 s; peak memory 1209 MiB.
2026-10-05T14:37:35Z INFO [429/500] 39ad2b79-115a-4458-a926-526b3cc6dfa6: 71 chunks; 1.2 s; peak memory 1209 MiB.
2026-10-05T14:37:38Z INFO [430/500] 39aeb7ee-c38f-4e15-9b93-669fb8e917c3: 8703 chunks; 3.9 s; peak memory 1209 MiB.
2026-10-05T14:37:40Z INFO [431/500] 39af74a6-951d-46ce-ae68-3cd108c42555: 112 chunks; 1.4 s; peak memory 1209 MiB.
2026-10-05T14:37:41Z INFO [432/500] 39afbe7c-e25a-4565-ab26-fe20ad39c5aa: 113 chunks; 1.2 s; peak memory 1209 MiB.
2026-10-05T14:37:42Z INFO [433/500] 39b04a3e-aecd-4fa7-8524-63d51d0a4334: 69 chunks; 1.2 s; peak memory 1209 MiB.
2026-10-05T14:37:43Z INFO [434/500] 39b0a0aa-45d1-4c17-8d13-b3a16314545d: 48 chunks; 0.8 s; peak memory 1209 MiB.
2026-10-05T14:37:44Z INFO [435/500] 39b0bb33-8034-4edd-b2a3-bbe45a68124e: 112 chunks; 1.0 s; peak memory 1209 MiB.
2026-10-05T14:37:45Z INFO [436/500] 39b16d57-a6aa-4cb4-9666-bbbdcfd3e939: 48 chunks; 0.9 s; peak memory 1209 MiB.
2026-10-05T14:37:47Z INFO [437/500] 39b23892-cf73-46b2-a8da-14e25efc60ed: 175 chunks; 1.9 s; peak memory 1209 MiB.
2026-10-05T14:37:48Z INFO [438/500] 39b2bf3d-b9ae-4c5f-b240-edce7e1e942f: 48 chunks; 1.0 s; peak memory 1209 MiB.
2026-10-05T14:37:49Z INFO [439/500] 39b4dfb1-7085-40df-a46d-3c8eb7767fe9: 117 chunks; 1.0 s; peak memory 1209 MiB.
2026-10-05T14:37:54Z INFO [440/500] 39b54c54-3a66-4de5-a862-cce4ebd9fb2b: 388 chunks; 4.9 s; peak memory 1209 MiB.
2026-10-05T14:37:55Z INFO [441/500] 39b6320f-dbc8-4537-9738-f10afe794413: 112 chunks; 1.4 s; peak memory 1209 MiB.
2026-10-05T14:37:56Z INFO [442/500] 39b66277-266d-40e7-a25b-f70857d59b01: 117 chunks; 1.0 s; peak memory 1209 MiB.
2026-10-05T14:37:57Z INFO [443/500] 39b676d9-3200-4bed-9606-8547ab6134c7: 48 chunks; 1.0 s; peak memory 1209 MiB.
2026-10-05T14:37:58Z INFO [444/500] 39b6eeab-2d2e-4416-a5c0-ee9fd5840bad: 118 chunks; 1.0 s; peak memory 1209 MiB.
2026-10-05T14:37:59Z INFO [445/500] 39b7b704-6e3b-4c52-86fb-0658e8c71a17: 121 chunks; 0.6 s; peak memory 1209 MiB.
2026-10-05T14:38:00Z INFO [446/500] 39b81fc6-419e-4561-ae14-385a630b6469: 117 chunks; 0.9 s; peak memory 1209 MiB.
2026-10-05T14:38:01Z INFO [447/500] 39b8d078-6e5b-458f-85a6-49571b0c4238: 48 chunks; 1.0 s; peak memory 1209 MiB.
2026-10-05T14:38:06Z INFO [448/500] 39b8f437-2e68-4a89-99c8-568815e19aba: 12567 chunks; 5.7 s; peak memory 1209 MiB.
2026-10-05T14:38:48Z INFO [449/500] 39b92412-6315-4c56-b67a-ea4890332353: 29288 chunks; 42.2 s; peak memory 1209 MiB.
2026-10-05T14:38:50Z INFO [450/500] 39ba5750-39e2-45c7-81dd-3b6e2f9e9d16: 68 chunks; 1.0 s; peak memory 1209 MiB.
2026-10-05T14:38:50Z INFO [450/500] 39ba5750-39e2-45c7-81dd-3b6e2f9e9d16: checkpointed 74784 records.
2026-10-05T14:38:51Z INFO [451/500] 39bb78bd-a968-4ec1-a919-99e34663ff5f: 84 chunks; 0.8 s; peak memory 1209 MiB.
2026-10-05T14:38:51Z INFO [452/500] 39bc56d9-ffe1-4010-b94f-2454383bf759: 48 chunks; 0.9 s; peak memory 1209 MiB.
2026-10-05T14:38:52Z INFO [453/500] 39bc87b9-74d8-47d2-bb17-b294ac443ebb: 31 chunks; 1.0 s; peak memory 1209 MiB.
2026-10-05T14:38:54Z INFO [454/500] 39bddaed-dd97-4044-9e9c-299f03c84b5c: 115 chunks; 1.7 s; peak memory 1209 MiB.
2026-10-05T14:38:55Z INFO [455/500] 39be0e48-a75c-4af5-a541-b69f5681950d: 112 chunks; 1.0 s; peak memory 1209 MiB.
2026-10-05T14:38:56Z INFO [456/500] 39be3535-7ac1-4bac-be3b-bcc0cfe6311f: 66 chunks; 1.2 s; peak memory 1209 MiB.
2026-10-05T14:38:57Z INFO [457/500] 39be3f70-5ee7-4f4f-8d49-828ddc841882: 48 chunks; 0.7 s; peak memory 1209 MiB.
2026-10-05T14:38:58Z INFO [458/500] 39be5b7b-6462-4eda-ba7c-1a4fb6b6a82d: 118 chunks; 1.0 s; peak memory 1209 MiB.
2026-10-05T14:38:59Z INFO [459/500] 39bef8d1-044d-4d96-828a-d7daa1235ab7: 48 chunks; 0.8 s; peak memory 1209 MiB.
2026-10-05T14:39:00Z INFO [460/500] 39bf1cc9-46dd-43d3-b916-cecfc34a5152: 116 chunks; 0.8 s; peak memory 1209 MiB.
2026-10-05T14:39:00Z INFO [461/500] 39bf9edd-86d6-46c5-ae59-d9e731111df7: 55 chunks; 0.6 s; peak memory 1209 MiB.
2026-10-05T14:39:12Z INFO [462/500] 39c00114-f7c4-4dea-a6d5-468750ddab9f: 10461 chunks; 11.9 s; peak memory 1209 MiB.
2026-10-05T14:39:13Z INFO [463/500] 39c0a5c3-8389-4cd1-b45f-03ceccc5493e: 48 chunks; 1.0 s; peak memory 1209 MiB.
2026-10-05T14:39:14Z INFO [464/500] 39c1432f-76f9-4fa5-b07f-ec90024eb6a9: 74 chunks; 1.1 s; peak memory 1209 MiB.
2026-10-05T14:39:15Z INFO [465/500] 39c1734b-6da7-4fa9-ba4c-4ff43dae9b53: 52 chunks; 1.1 s; peak memory 1209 MiB.
2026-10-05T14:39:22Z INFO [466/500] 39c25a7f-a82c-4692-bf75-e33d994f2437: 4600 chunks; 7.2 s; peak memory 1209 MiB.
2026-10-05T14:39:24Z INFO [467/500] 39c27ea2-ab42-4631-afa1-7c35798c31d1: 118 chunks; 1.1 s; peak memory 1209 MiB.
2026-10-05T14:39:24Z INFO [468/500] 39c34484-0a2a-4e42-82c0-5ddcd8e503f8: 46 chunks; 0.7 s; peak memory 1209 MiB.
2026-10-05T14:39:25Z INFO [469/500] 39c415db-3ae1-4f58-886f-49408cdb3b51: 45 chunks; 0.9 s; peak memory 1209 MiB.
2026-10-05T14:39:26Z INFO [470/500] 39c4173e-74ba-43a3-8ff6-1c335b8e26a6: 116 chunks; 0.9 s; peak memory 1209 MiB.
2026-10-05T14:39:36Z INFO [471/500] 39c7fc9f-44f2-4327-a92f-9de6b030dbc5: 2110 chunks; 9.6 s; peak memory 1209 MiB.
2026-10-05T14:39:39Z INFO [472/500] 39c90698-8b4e-4df4-85c9-a65eba5bb74b: 4767 chunks; 3.8 s; peak memory 1209 MiB.
2026-10-05T14:39:40Z INFO [473/500] 39c934d3-0774-4b17-9c2e-8befe6cd9289: 69 chunks; 0.8 s; peak memory 1209 MiB.
2026-10-05T14:39:41Z INFO [474/500] 39c9f3aa-c0c6-4a94-a7ba-73fd14b4dd3f: 48 chunks; 1.0 s; peak memory 1209 MiB.
2026-10-05T14:39:42Z INFO [475/500] 39ca1d78-0dfe-41b8-8739-328d3b7b856d: 42 chunks; 0.9 s; peak memory 1209 MiB.
2026-10-05T14:39:45Z INFO [476/500] 39ca2a8e-e31b-41a6-80c0-31ef332ba3bd: 156 chunks; 2.6 s; peak memory 1209 MiB.
2026-10-05T14:39:54Z INFO [477/500] 39cabe95-a1ee-4300-a1c4-329bc4a39775: 396 chunks; 9.0 s; peak memory 1209 MiB.
2026-10-05T14:39:55Z INFO [478/500] 39cb6454-fcfc-4814-90ae-a7f35612ea05: 112 chunks; 1.1 s; peak memory 1209 MiB.
2026-10-05T14:39:56Z INFO [479/500] 39cc6327-4a7a-429b-965d-fa0dd82f37d7: 118 chunks; 0.9 s; peak memory 1209 MiB.
2026-10-05T14:39:58Z INFO [480/500] 39cc7c35-67dc-4262-83ca-779c81f890f2: 115 chunks; 2.0 s; peak memory 1209 MiB.
2026-10-05T14:39:59Z INFO [481/500] 39cd4f25-4187-48a1-861b-442da6e1523c: 116 chunks; 1.0 s; peak memory 1209 MiB.
2026-10-05T14:39:59Z INFO [482/500] 39cde3b8-0c48-4547-8d3c-9a295d994de3: 33 chunks; 0.7 s; peak memory 1209 MiB.
2026-10-05T14:40:04Z INFO [483/500] 39ced6c7-4d63-44c9-a943-c07d71314ca3: 1124 chunks; 4.3 s; peak memory 1209 MiB.
2026-10-05T14:40:05Z INFO [484/500] 39cef1d7-21f0-4cb4-be37-3cff651655a0: 48 chunks; 0.9 s; peak memory 1209 MiB.
2026-10-05T14:40:15Z INFO [485/500] 39cf47c3-0168-4d98-b876-a64969ab94b9: 3389 chunks; 10.9 s; peak memory 1209 MiB.
2026-10-05T14:47:47Z INFO [486/500] 39cfe224-551d-4283-8b28-65a7d4fdde42: 83377 chunks; 451.6 s; peak memory 1209 MiB.
2026-10-05T14:47:48Z INFO [487/500] 39d0ad69-6d3e-49dd-bc19-1e28d605c1c6: 116 chunks; 1.1 s; peak memory 1209 MiB.
2026-10-05T14:47:50Z INFO [488/500] 39d0ede0-e732-44b5-9bc1-4d5c299e68f1: 64 chunks; 1.7 s; peak memory 1209 MiB.
2026-10-05T14:47:51Z INFO [489/500] 39d16655-7b1d-4c93-abe4-508ac9553dae: 37 chunks; 0.9 s; peak memory 1209 MiB.
2026-10-05T14:47:53Z INFO [490/500] 39d173e2-70cb-4757-9d6b-bb742012e7a1: 156 chunks; 2.4 s; peak memory 1209 MiB.
2026-10-05T14:47:54Z INFO [491/500] 39d1841b-89e8-47c3-ab77-24caaf2af2d0: 76 chunks; 1.3 s; peak memory 1209 MiB.
2026-10-05T14:47:55Z INFO [492/500] 39d1bae0-66f2-4ea1-aae0-23c983cadd6b: 118 chunks; 0.9 s; peak memory 1209 MiB.
2026-10-05T14:47:56Z INFO [493/500] 39d1f830-b883-40ff-aebd-52b7ea0033ff: 37 chunks; 0.7 s; peak memory 1209 MiB.
2026-10-05T14:47:57Z INFO [494/500] 39d3a4cf-7df2-4fad-8965-ee5d40b1d102: 118 chunks; 1.3 s; peak memory 1209 MiB.
2026-10-05T14:47:59Z INFO [495/500] 39d4488c-a870-4b42-89b0-b05f440ee39b: 57 chunks; 1.8 s; peak memory 1209 MiB.
2026-10-05T14:48:10Z INFO [496/500] 39d4c3f4-8ddd-49c3-9826-57f024e1906d: 4470 chunks; 10.9 s; peak memory 1209 MiB.
2026-10-05T14:48:11Z INFO [497/500] 39d4fcc7-9c00-4cad-99dd-6f0cd68d7c87: 48 chunks; 0.9 s; peak memory 1209 MiB.
2026-10-05T14:48:14Z INFO [498/500] 39d5e554-2425-47a7-b8d8-830f833995ec: 213 chunks; 2.6 s; peak memory 1209 MiB.
2026-10-05T14:48:15Z INFO [499/500] 39d5f89d-5048-4320-9722-4c6317456099: 116 chunks; 1.0 s; peak memory 1209 MiB.
2026-10-05T14:48:17Z INFO [500/500] 39d66d65-f17c-4e4e-9ba2-7fe9e2a6386d: 71 chunks; 2.3 s; peak memory 1209 MiB.
2026-10-05T14:48:17Z INFO [500/500] 39d66d65-f17c-4e4e-9ba2-7fe9e2a6386d: checkpointed 74834 records.
2026-10-05T14:48:17Z INFO Wrote 74834 records to /tmp/derivatives/valid_nwb_file_to_chunk_stats.jsonl (500 new, 0 failed) in 103.2 min (peak memory 1209 MiB).
