2026-10-09T01:31:27Z INFO Logging to /tmp/logs/update_2026-10-09T01-31-27Z.log.
2026-10-09T01:31:27Z INFO Update valid-nwb-file-to-chunk-stats (base directory /tmp).
2026-10-09T01:31:27Z INFO Processing 500 items (94334 already recorded).
2026-10-09T01:31:29Z INFO [1/500] 6243d184-7ee1-4a71-b034-eec7ba2978d8: 117 chunks; 1.4 s; peak memory 196 MiB.
2026-10-09T01:31:30Z INFO [2/500] 6244b092-e68e-4052-8f6b-b5efac419c6c: 52 chunks; 0.9 s; peak memory 196 MiB.
2026-10-09T01:31:31Z INFO [3/500] 6245efe1-1812-45f1-bad7-4c3dfc0ab6ae: 112 chunks; 1.3 s; peak memory 197 MiB.
2026-10-09T01:31:32Z INFO [4/500] 62460465-4d67-434b-9903-ac743ec6ba30: 112 chunks; 1.2 s; peak memory 197 MiB.
2026-10-09T01:31:33Z INFO [5/500] 6247396d-249b-419f-87d8-f880aa872da7: 69 chunks; 0.9 s; peak memory 198 MiB.
2026-10-09T01:31:34Z INFO [6/500] 62480bda-112b-45e0-b127-51deda30a965: 48 chunks; 0.8 s; peak memory 198 MiB.
2026-10-09T01:31:39Z INFO [7/500] 6248115f-4293-44e3-b0fb-d3c35ed44c89: 2923 chunks; 4.7 s; peak memory 210 MiB.
2026-10-09T01:31:40Z INFO [8/500] 62481c66-5a57-4a2d-96c9-d4548dae78d8: 117 chunks; 1.0 s; peak memory 210 MiB.
2026-10-09T01:31:41Z INFO [9/500] 62489a50-2896-40ee-990e-ebac66c428c6: 132 chunks; 0.9 s; peak memory 211 MiB.
2026-10-09T01:31:42Z INFO [10/500] 624af4a0-1a81-4f6a-98ea-c25c88933602: 48 chunks; 1.0 s; peak memory 211 MiB.
2026-10-09T01:31:42Z INFO [11/500] 624b5698-f08b-4b13-a6fb-5b92c8243d7c: 48 chunks; 0.8 s; peak memory 211 MiB.
2026-10-09T01:31:43Z INFO [12/500] 624b72a0-5e9e-4c65-b3fe-0aaec8a594cf: 116 chunks; 0.7 s; peak memory 211 MiB.
2026-10-09T01:31:45Z INFO [13/500] 624b8a18-7fa7-46fc-9571-bffa64fc5f70: 444 chunks; 2.2 s; peak memory 211 MiB.
2026-10-09T01:31:46Z INFO [14/500] 624cf7ba-c100-4b0f-b5f4-0d1bc15f7b46: 46 chunks; 0.8 s; peak memory 211 MiB.
2026-10-09T01:31:47Z INFO [15/500] 624dae2a-2d17-49b6-a301-652f117d9e5d: 70 chunks; 1.3 s; peak memory 211 MiB.
2026-10-09T01:31:49Z INFO [16/500] 624ed9c3-5172-492a-9e17-4fe5c8897f08: 122 chunks; 1.4 s; peak memory 211 MiB.
2026-10-09T01:31:54Z INFO [17/500] 624f45de-b924-4ba5-a748-08232e3c1fec: 16310 chunks; 5.2 s; peak memory 234 MiB.
2026-10-09T01:31:56Z INFO [18/500] 624f8d1d-62b4-40f3-873b-ceea080c4294: 115 chunks; 2.4 s; peak memory 234 MiB.
2026-10-09T01:31:57Z INFO [19/500] 624fb085-b25e-4250-960d-120f19d08fdf: 70 chunks; 0.9 s; peak memory 235 MiB.
2026-10-09T01:31:58Z INFO [20/500] 62500e9f-db58-4273-af56-d5a006597cd3: 46 chunks; 1.0 s; peak memory 235 MiB.
2026-10-09T01:31:59Z INFO [21/500] 62501d12-00ce-4295-b817-7bf5d3c5ec1b: 48 chunks; 0.8 s; peak memory 235 MiB.
2026-10-09T01:32:00Z INFO [22/500] 62503a45-8efe-47cd-9809-625c11128d49: 121 chunks; 0.8 s; peak memory 235 MiB.
2026-10-09T01:32:01Z INFO [23/500] 625089e5-3d7f-4988-bc94-d86b556181a8: 114 chunks; 0.9 s; peak memory 235 MiB.
2026-10-09T01:32:02Z INFO [24/500] 62512280-971a-408a-bc98-1d7a21945e99: 48 chunks; 1.0 s; peak memory 235 MiB.
2026-10-09T01:32:03Z INFO [25/500] 62527da1-e9c5-455d-b40f-a279f38f7b3f: 118 chunks; 1.0 s; peak memory 235 MiB.
2026-10-09T01:32:04Z INFO [26/500] 6253cf6e-1879-46b8-bf41-18eb3f831eea: 117 chunks; 1.0 s; peak memory 235 MiB.
2026-10-09T01:32:05Z INFO [27/500] 6254af16-d990-4a66-b6f4-9d96aa1aaa41: 48 chunks; 0.8 s; peak memory 235 MiB.
2026-10-09T01:32:05Z INFO [28/500] 62562eee-875e-4232-8361-fb7f123fb64c: 50 chunks; 0.7 s; peak memory 235 MiB.
2026-10-09T01:32:07Z INFO [29/500] 62563777-5a12-4ba3-93c3-05b786a3f248: 69 chunks; 1.2 s; peak memory 235 MiB.
2026-10-09T01:32:08Z INFO [30/500] 62563d9c-94b8-4847-92cc-8d67c305dc7c: 112 chunks; 1.1 s; peak memory 235 MiB.
2026-10-09T01:32:15Z INFO [31/500] 625643e8-0681-404b-8bc0-820198438740: 16400 chunks; 6.9 s; peak memory 236 MiB.
2026-10-09T01:32:18Z INFO [32/500] 62564447-450f-45bd-b576-5cdce36936e9: 6233 chunks; 3.6 s; peak memory 236 MiB.
2026-10-09T01:32:19Z INFO [33/500] 6256bf00-affa-4fdc-a349-494ca12cce00: 49 chunks; 0.9 s; peak memory 236 MiB.
2026-10-09T01:32:23Z INFO [34/500] 6256ceb6-2616-4a2c-90c8-673a6ee1b062: 2923 chunks; 3.6 s; peak memory 236 MiB.
2026-10-09T01:32:24Z INFO [35/500] 62570c34-92c7-44ec-b478-e37d3fc42e15: 66 chunks; 1.2 s; peak memory 236 MiB.
2026-10-09T01:32:49Z INFO [36/500] 62574ce3-ceff-4434-aa4c-c0cd4648a5f1: 6126 chunks; 25.2 s; peak memory 236 MiB.
2026-10-09T01:32:50Z INFO [37/500] 6257be82-aada-4bf4-b67a-b27175f4dc79: 35 chunks; 0.7 s; peak memory 236 MiB.
2026-10-09T01:32:51Z INFO [38/500] 6257d726-50c5-47a6-bb4e-d04cd5f9d591: 48 chunks; 0.8 s; peak memory 236 MiB.
2026-10-09T01:32:51Z INFO [39/500] 62588afa-0a8f-453d-9fc8-de97692b0523: 112 chunks; 0.9 s; peak memory 236 MiB.
2026-10-09T01:32:52Z INFO [40/500] 625a3e9d-4c91-416f-9d9d-5808266d1027: 121 chunks; 0.7 s; peak memory 236 MiB.
2026-10-09T01:32:54Z INFO [41/500] 625b2e7c-e07d-4b86-b0e3-a7aa4481e922: 118 chunks; 1.8 s; peak memory 236 MiB.
2026-10-09T01:32:55Z INFO [42/500] 625c5358-7358-42a8-aea1-cdaee6ce48c6: 48 chunks; 1.0 s; peak memory 236 MiB.
2026-10-09T01:32:56Z INFO [43/500] 625c9fa4-869e-467d-948d-0e36c7d5814d: 117 chunks; 1.1 s; peak memory 236 MiB.
2026-10-09T01:32:57Z INFO [44/500] 625dfc07-3dde-4b63-bd4f-2c0f8d8a7c4c: 52 chunks; 0.9 s; peak memory 236 MiB.
2026-10-09T01:32:58Z INFO [45/500] 625e1431-7200-4211-9320-3ad19e2d4e07: 36 chunks; 0.7 s; peak memory 236 MiB.
2026-10-09T01:32:58Z INFO [46/500] 6260e458-190c-4c9c-bc25-d6ac644c1b71: 46 chunks; 0.6 s; peak memory 236 MiB.
2026-10-09T01:32:59Z INFO [47/500] 62613b6d-3a07-487c-afb4-376bc4d1f9ba: 46 chunks; 0.5 s; peak memory 236 MiB.
2026-10-09T01:33:00Z INFO [48/500] 6261d168-6642-49b1-a92a-445aae919f38: 48 chunks; 0.8 s; peak memory 236 MiB.
2026-10-09T01:33:00Z INFO [49/500] 6261dd17-7603-461b-8e7c-8c73fcaf21d0: 48 chunks; 0.8 s; peak memory 236 MiB.
2026-10-09T01:33:01Z INFO [50/500] 62632f2f-0aa7-468c-8b93-89d61427ca36: 117 chunks; 1.0 s; peak memory 236 MiB.
2026-10-09T01:33:02Z INFO [50/500] 62632f2f-0aa7-468c-8b93-89d61427ca36: checkpointed 94384 new records.
2026-10-09T01:33:03Z INFO [51/500] 6263362c-b5a7-431d-8f66-1fedfba4abb3: 48 chunks; 0.9 s; peak memory 236 MiB.
2026-10-09T01:33:04Z INFO [52/500] 6263e129-5e8a-4110-8087-1b0cad6d9777: 48 chunks; 1.0 s; peak memory 236 MiB.
2026-10-09T01:33:09Z INFO [53/500] 62649c37-0200-4e16-b470-0498b25a408b: 666 chunks; 5.8 s; peak memory 236 MiB.
2026-10-09T01:33:10Z INFO [54/500] 6264a00b-4113-4650-a95a-8270fd0b82e5: 48 chunks; 1.0 s; peak memory 236 MiB.
2026-10-09T01:33:11Z INFO [55/500] 6264cc42-946f-4739-9480-11ed809db9c7: 46 chunks; 0.9 s; peak memory 236 MiB.
2026-10-09T01:33:12Z INFO [56/500] 62655c80-07e3-42f9-a038-36544d8577c6: 48 chunks; 1.0 s; peak memory 236 MiB.
2026-10-09T01:33:14Z INFO [57/500] 6265c46e-2edb-47b0-ab88-d92853d303e7: 119 chunks; 1.6 s; peak memory 236 MiB.
2026-10-09T01:33:15Z INFO [58/500] 6266098d-83a8-4d4f-8cd5-986dfc7cedfa: 118 chunks; 1.2 s; peak memory 236 MiB.
2026-10-09T01:33:16Z INFO [59/500] 6266b25a-f47d-4d16-a362-67cfbaa578aa: 131 chunks; 1.3 s; peak memory 236 MiB.
2026-10-09T01:33:17Z INFO [60/500] 6268215c-5b67-4e75-ae21-9d84629cf019: 56 chunks; 0.8 s; peak memory 236 MiB.
2026-10-09T01:33:17Z INFO [61/500] 6268c2be-7d06-4746-b1f4-97acb9f1a4f7: 46 chunks; 0.5 s; peak memory 236 MiB.
2026-10-09T01:33:18Z INFO [62/500] 6268ca00-c9cb-4aa9-8dc6-d8a19321ef10: 117 chunks; 1.0 s; peak memory 236 MiB.
2026-10-09T01:33:20Z INFO [63/500] 6268de06-7890-4057-9b60-07d517ec63d1: 117 chunks; 1.1 s; peak memory 236 MiB.
2026-10-09T01:33:20Z INFO [64/500] 626918b4-c349-4514-8142-efc11ee4996e: 48 chunks; 0.8 s; peak memory 236 MiB.
2026-10-09T01:33:33Z INFO [65/500] 626a1979-59e3-450c-a6cf-d44e2cb7b9d3: 2199 chunks; 13.0 s; peak memory 236 MiB.
2026-10-09T01:33:41Z INFO [66/500] 626ac373-714d-4c34-93e7-5c2faa4136a3: 1932 chunks; 8.1 s; peak memory 236 MiB.
2026-10-09T01:33:51Z INFO [67/500] 626b4167-7779-4df0-9ef2-da7b896b6262: 21101 chunks; 9.1 s; peak memory 253 MiB.
2026-10-09T01:33:55Z INFO [68/500] 626b75ba-abb2-4f9f-8034-113063594c6e: 10667 chunks; 4.6 s; peak memory 253 MiB.
2026-10-09T01:33:56Z INFO [69/500] 626b8016-f17a-40ae-9d0c-29b9fdfdf379: 46 chunks; 0.6 s; peak memory 253 MiB.
2026-10-09T01:33:56Z INFO [70/500] 626c181b-958d-4caa-9007-d450949a8b3f: 48 chunks; 0.8 s; peak memory 253 MiB.
2026-10-09T01:33:57Z INFO [71/500] 626c2438-aea1-4bdf-9c7a-a3819f61678f: 117 chunks; 0.8 s; peak memory 253 MiB.
2026-10-09T01:33:58Z INFO [72/500] 626ca453-9820-4f58-8c05-cc6f1044c028: 61 chunks; 0.8 s; peak memory 253 MiB.
2026-10-09T01:33:59Z INFO [73/500] 626d3855-1f15-404a-aaca-239fa0747287: 48 chunks; 0.8 s; peak memory 253 MiB.
2026-10-09T01:34:00Z INFO [74/500] 626ddd9d-e6ac-4d4f-9162-3d9278f2b6ea: 116 chunks; 1.0 s; peak memory 253 MiB.
2026-10-09T01:34:01Z INFO [75/500] 626ef593-1e6b-46dd-bd6a-bc81e8e8d186: 36 chunks; 0.7 s; peak memory 253 MiB.
2026-10-09T01:34:02Z INFO [76/500] 626fc8cd-f16e-4ef6-83e3-fe47e2b1e846: 118 chunks; 1.0 s; peak memory 253 MiB.
2026-10-09T01:34:03Z INFO [77/500] 626fc9a7-c1f4-45bd-bcdd-9ef7826f75c2: 116 chunks; 0.9 s; peak memory 253 MiB.
2026-10-09T01:34:03Z INFO [78/500] 626fd07c-2ea1-450a-9fa2-fde722adab7c: 46 chunks; 0.7 s; peak memory 253 MiB.
2026-10-09T01:34:10Z INFO [79/500] 627026ee-a51a-4e5c-ae2c-81506d39ee8c: 20832 chunks; 6.7 s; peak memory 253 MiB.
2026-10-09T01:34:11Z INFO [80/500] 62705856-27bf-4452-84e5-e9e0295f724c: 48 chunks; 1.0 s; peak memory 253 MiB.
2026-10-09T01:34:12Z INFO [81/500] 6271816c-100b-4cca-87e9-d476c0a61a37: 48 chunks; 0.9 s; peak memory 253 MiB.
2026-10-09T01:34:13Z INFO [82/500] 627186df-e94a-4168-935f-5dd6b3969135: 58 chunks; 0.7 s; peak memory 253 MiB.
2026-10-09T01:34:16Z INFO [83/500] 6271b0b7-96d6-4892-b6fa-97caafb27c3a: 10085 chunks; 3.2 s; peak memory 253 MiB.
2026-10-09T01:34:17Z INFO [84/500] 6271c9b0-83a2-425c-b428-ae5ccba3ee58: 72 chunks; 0.8 s; peak memory 253 MiB.
2026-10-09T01:34:18Z INFO [85/500] 6272765d-c663-451d-9f5d-c00af84459f0: 33 chunks; 1.2 s; peak memory 253 MiB.
2026-10-09T01:34:19Z INFO [86/500] 6273520e-af0e-431d-b61f-4985e2d9c4c9: 66 chunks; 1.2 s; peak memory 253 MiB.
2026-10-09T01:34:20Z INFO [87/500] 62740d3c-fbd5-46f7-a437-89109466a950: 57 chunks; 0.7 s; peak memory 253 MiB.
2026-10-09T01:34:21Z INFO [88/500] 6274475d-66d2-4dd9-a9f8-fb74c4632569: 48 chunks; 0.8 s; peak memory 254 MiB.
2026-10-09T01:34:21Z INFO [89/500] 627465d1-9fe7-4cb0-a64c-e161186283d0: 48 chunks; 0.9 s; peak memory 254 MiB.
2026-10-09T01:34:22Z INFO [90/500] 62746b02-bf54-4fef-ae5d-e741750e6d7b: 79 chunks; 1.0 s; peak memory 254 MiB.
2026-10-09T01:34:23Z INFO [91/500] 62758e83-4537-4405-9673-5a1652c5b3e4: 100 chunks; 0.8 s; peak memory 254 MiB.
2026-10-09T01:34:24Z INFO [92/500] 6275dff6-9660-45b2-8154-6b001546c12d: 66 chunks; 1.0 s; peak memory 254 MiB.
2026-10-09T01:34:25Z INFO [93/500] 62763d94-6808-447e-9d9f-adc56134daac: 110 chunks; 1.2 s; peak memory 254 MiB.
2026-10-09T01:34:26Z INFO [94/500] 6276e1ad-cc93-4ab4-95ff-a5bb907681e6: 48 chunks; 0.9 s; peak memory 254 MiB.
2026-10-09T01:34:27Z INFO [95/500] 6276f292-f01e-4fc1-b214-cac4e3350382: 52 chunks; 0.6 s; peak memory 254 MiB.
2026-10-09T01:34:28Z INFO [96/500] 62770e94-4182-4496-a647-49df4516f57e: 112 chunks; 1.0 s; peak memory 254 MiB.
2026-10-09T01:34:29Z INFO [97/500] 62774143-9c2d-41f1-899a-6c4310dbdd85: 121 chunks; 1.0 s; peak memory 254 MiB.
2026-10-09T01:34:30Z INFO [98/500] 62779077-883d-4ffb-8ce9-da0dca7a2c0d: 71 chunks; 1.4 s; peak memory 254 MiB.
2026-10-09T01:34:31Z INFO [99/500] 62795ca8-a892-4e93-91b6-4467445ff7b0: 52 chunks; 0.6 s; peak memory 254 MiB.
2026-10-09T01:34:32Z INFO [100/500] 6279bd3d-72ec-4d2f-b1c2-b04266f6e311: 112 chunks; 1.0 s; peak memory 254 MiB.
2026-10-09T01:34:32Z INFO [100/500] 6279bd3d-72ec-4d2f-b1c2-b04266f6e311: checkpointed 94434 new records.
2026-10-09T01:34:34Z INFO [101/500] 627a04be-9688-4fcc-bc20-4b50026603b8: 90 chunks; 1.9 s; peak memory 254 MiB.
2026-10-09T01:34:35Z INFO [102/500] 627a2248-ea79-4a44-a951-c11a4ea7ee96: 116 chunks; 1.0 s; peak memory 254 MiB.
2026-10-09T01:34:36Z INFO [103/500] 627b3398-de7d-405f-ab44-658d8b63e13d: 38 chunks; 0.9 s; peak memory 254 MiB.
2026-10-09T01:34:37Z INFO [104/500] 627c870b-d335-4197-894e-5cfcd08fc476: 106 chunks; 0.9 s; peak memory 254 MiB.
2026-10-09T01:34:40Z INFO [105/500] 627d98b8-b969-4e33-b5d2-ef822ea43c5b: 156 chunks; 2.8 s; peak memory 254 MiB.
2026-10-09T01:34:40Z INFO [106/500] 627e4564-fcb0-4726-90ae-b21daa014c54: 48 chunks; 0.7 s; peak memory 254 MiB.
2026-10-09T01:34:42Z INFO [107/500] 627ea346-68a0-484d-82a9-a0fa873a35bd: 71 chunks; 1.3 s; peak memory 254 MiB.
2026-10-09T01:34:49Z INFO [108/500] 627ecf6d-a32d-4b8d-a346-34f7a4436aea: 24176 chunks; 7.5 s; peak memory 254 MiB.
2026-10-09T01:34:50Z INFO [109/500] 627ed593-5c56-442b-916c-47014edb00a0: 48 chunks; 0.7 s; peak memory 254 MiB.
2026-10-09T01:34:51Z INFO [110/500] 627ed9a1-b6a5-4881-9a86-97349d04f0f6: 117 chunks; 0.9 s; peak memory 254 MiB.
2026-10-09T01:34:52Z INFO [111/500] 627ede65-f9c6-4e02-a4de-546c989e9665: 56 chunks; 0.6 s; peak memory 254 MiB.
2026-10-09T01:34:52Z INFO [112/500] 627f1324-d552-4c44-85d7-d72264c39412: 50 chunks; 0.9 s; peak memory 254 MiB.
2026-10-09T01:35:14Z INFO [113/500] 627f77eb-9472-47a5-b743-a9a63419a1e3: 6139 chunks; 21.5 s; peak memory 254 MiB.
2026-10-09T01:35:16Z INFO [114/500] 62800591-701d-43c3-81e3-877180215750: 71 chunks; 2.0 s; peak memory 254 MiB.
2026-10-09T01:35:17Z INFO [115/500] 62825a08-a72b-48c6-8808-02fd1625b2d8: 48 chunks; 0.9 s; peak memory 254 MiB.
2026-10-09T01:35:18Z INFO [116/500] 6283685f-231d-450c-84d6-af27f5fa37fa: 112 chunks; 1.1 s; peak memory 254 MiB.
2026-10-09T01:35:19Z INFO [117/500] 628388a8-865b-487a-9841-cbc331b8108d: 48 chunks; 0.8 s; peak memory 254 MiB.
2026-10-09T02:03:59Z INFO [118/500] 6284ab5d-cc15-4032-952e-ac5714d2bcdf: 782636 chunks; 1720.7 s; peak memory 1193 MiB.
2026-10-09T02:04:01Z INFO [119/500] 6284e00d-7262-404b-983d-998eff5f5aed: 59 chunks; 1.6 s; peak memory 1193 MiB.
2026-10-09T02:04:12Z INFO [120/500] 62850a39-abae-4dd4-9729-889b33a729f7: 344 chunks; 10.7 s; peak memory 1193 MiB.
2026-10-09T02:04:13Z INFO [121/500] 62854854-5238-444c-b22c-e20d7f576e79: 117 chunks; 0.8 s; peak memory 1193 MiB.
2026-10-09T02:04:14Z INFO [122/500] 6285caba-9ca7-4703-a43e-8221782826b3: 66 chunks; 1.2 s; peak memory 1193 MiB.
2026-10-09T02:04:31Z INFO [123/500] 62860bb1-d00b-4b25-8ea6-5724168102ef: 30422 chunks; 17.0 s; peak memory 1193 MiB.
2026-10-09T02:04:32Z INFO [124/500] 62861b12-e772-4ce0-aa82-28bb7478f597: 72 chunks; 0.9 s; peak memory 1193 MiB.
2026-10-09T02:04:32Z INFO [125/500] 6286ac5d-69e1-4347-80d3-959a7d5283d6: 112 chunks; 0.9 s; peak memory 1193 MiB.
2026-10-09T02:04:34Z INFO [126/500] 62872d15-80fb-411a-81c8-537915de3b3c: 92 chunks; 1.1 s; peak memory 1193 MiB.
2026-10-09T02:04:34Z INFO [127/500] 6287f1e9-d50d-4661-990a-3c8442fe4fde: 117 chunks; 0.9 s; peak memory 1193 MiB.
2026-10-09T02:04:36Z INFO [128/500] 62884f48-dfd5-426d-8496-d039a178b99d: 997 chunks; 1.9 s; peak memory 1193 MiB.
2026-10-09T02:04:37Z INFO [129/500] 62890b02-66d9-4429-965f-c109dfcab67b: 66 chunks; 1.0 s; peak memory 1193 MiB.
2026-10-09T02:04:52Z INFO [130/500] 628997cd-3682-488b-b90f-d296c780296d: 3583 chunks; 14.9 s; peak memory 1193 MiB.
2026-10-09T02:04:53Z INFO [131/500] 6289a4c8-6aed-4c7f-8ed1-8c98a6bc7a6d: 410 chunks; 1.2 s; peak memory 1193 MiB.
2026-10-09T02:04:54Z INFO [132/500] 628a0b77-bc2b-4715-b99c-9969d25ce2e9: 46 chunks; 0.6 s; peak memory 1193 MiB.
2026-10-09T02:05:18Z INFO [133/500] 628a3a01-3f5e-47c1-bc2f-72c9d8514809: 6039 chunks; 23.7 s; peak memory 1193 MiB.
2026-10-09T02:05:19Z INFO [134/500] 628a5f8d-0e6c-4828-91fb-1da90db8a0e2: 109 chunks; 1.1 s; peak memory 1193 MiB.
2026-10-09T02:05:20Z INFO [135/500] 628a7c32-c508-48e3-a958-e3a2eaccc00a: 48 chunks; 1.1 s; peak memory 1193 MiB.
2026-10-09T02:05:21Z INFO [136/500] 628afc41-ed04-4b0b-ab8b-873a5fceb44c: 59 chunks; 1.3 s; peak memory 1193 MiB.
2026-10-09T02:05:27Z INFO [137/500] 628b8f9f-4e64-4ca0-969a-20212af1588d: 2212 chunks; 5.4 s; peak memory 1193 MiB.
2026-10-09T02:05:27Z INFO [138/500] 628ba7d7-f685-4db5-890b-ef84ba9780fa: 48 chunks; 0.8 s; peak memory 1193 MiB.
2026-10-09T02:05:28Z INFO [139/500] 628c8698-0bc1-4bb6-bf62-6fef43386e27: 112 chunks; 1.1 s; peak memory 1193 MiB.
2026-10-09T02:05:32Z INFO [140/500] 628c9f24-dd29-4973-b72b-13ac565aeec8: 7173 chunks; 3.8 s; peak memory 1193 MiB.
2026-10-09T02:05:33Z INFO [141/500] 628d90fd-f266-44a8-bc79-bf181a25188b: 85 chunks; 1.0 s; peak memory 1193 MiB.
2026-10-09T02:05:36Z INFO [142/500] 628ea4ad-620a-47f6-91a0-095e888ca076: 115 chunks; 2.7 s; peak memory 1193 MiB.
2026-10-09T02:05:37Z INFO [143/500] 628ef079-ad6c-4dbf-aced-3cbdf8b24a6b: 75 chunks; 1.2 s; peak memory 1193 MiB.
2026-10-09T02:05:38Z INFO [144/500] 628fb250-1773-4364-bd38-011566563b34: 50 chunks; 0.6 s; peak memory 1193 MiB.
2026-10-09T02:05:45Z INFO [145/500] 628fc7ec-f8a5-4af1-819c-f33c4de9c500: 42204 chunks; 6.7 s; peak memory 1193 MiB.
2026-10-09T02:05:46Z INFO [146/500] 62901739-e54c-483c-97e6-319ab8fb5410: 275 chunks; 1.2 s; peak memory 1193 MiB.
2026-10-09T02:05:47Z INFO [147/500] 62901f60-6f67-4573-a129-46b906b7b512: 110 chunks; 1.0 s; peak memory 1193 MiB.
2026-10-09T02:06:00Z INFO [148/500] 629067f9-1f95-4f0b-a7c4-62a441218497: 8229 chunks; 13.1 s; peak memory 1193 MiB.
2026-10-09T02:06:01Z INFO [149/500] 6290e918-087b-4ff7-ae02-f01d375b9897: 65 chunks; 1.0 s; peak memory 1193 MiB.
2026-10-09T02:06:02Z INFO [150/500] 62911d1a-4093-4ec3-b44f-0123c281d1b9: 115 chunks; 1.1 s; peak memory 1193 MiB.
2026-10-09T02:06:02Z INFO [150/500] 62911d1a-4093-4ec3-b44f-0123c281d1b9: checkpointed 94484 new records.
2026-10-09T02:06:03Z INFO [151/500] 6291984b-84ef-457d-9505-1ff399ae27e1: 104 chunks; 1.1 s; peak memory 1193 MiB.
2026-10-09T02:06:05Z INFO [152/500] 6291d483-4b33-4525-9871-b8ca414fde54: 997 chunks; 1.8 s; peak memory 1193 MiB.
2026-10-09T02:06:06Z INFO [153/500] 6292fc03-c359-422c-9a1a-fe5e7f0eabb5: 230 chunks; 1.0 s; peak memory 1193 MiB.
2026-10-09T02:06:07Z INFO [154/500] 629340da-bf65-4e56-ae8a-0e4dae7d8bf2: 117 chunks; 1.2 s; peak memory 1193 MiB.
2026-10-09T02:06:13Z INFO [155/500] 629439b7-0aeb-42b8-93d8-21acb391f462: 1828 chunks; 5.2 s; peak memory 1193 MiB.
2026-10-09T02:08:27Z INFO [156/500] 629449a7-1faf-4b22-8d48-72174cecae60: 38014 chunks; 134.2 s; peak memory 1193 MiB.
2026-10-09T02:08:28Z INFO [157/500] 6294bbcb-61f4-4505-91d7-005d266c9822: 78 chunks; 0.9 s; peak memory 1193 MiB.
2026-10-09T02:08:28Z INFO [158/500] 6294d178-b38b-4920-a9e6-21738aa72b45: 140 chunks; 0.7 s; peak memory 1193 MiB.
2026-10-09T02:08:34Z INFO [159/500] 6294f20e-6b79-4819-bc45-d21a734c2f59: 12813 chunks; 5.7 s; peak memory 1193 MiB.
2026-10-09T02:08:35Z INFO [160/500] 62963704-2bf3-4fe7-8980-035f802df985: 116 chunks; 1.2 s; peak memory 1193 MiB.
2026-10-09T02:08:36Z INFO [161/500] 62977c8f-7219-4b01-8a80-aa40f867e441: 117 chunks; 0.8 s; peak memory 1193 MiB.
2026-10-09T02:08:38Z INFO [162/500] 629831d0-c094-4d14-b954-5301142a78aa: 80 chunks; 2.0 s; peak memory 1193 MiB.
2026-10-09T02:08:40Z INFO [163/500] 6298aec5-e337-447c-8402-60e6b863f2b1: 112 chunks; 1.5 s; peak memory 1193 MiB.
2026-10-09T02:08:40Z INFO [164/500] 6298dcd2-5f1a-46c4-bddd-b414ba6ea23e: 46 chunks; 0.5 s; peak memory 1193 MiB.
2026-10-09T02:08:55Z INFO [165/500] 6298f802-55b1-4468-b016-841695722017: 25724 chunks; 14.7 s; peak memory 1193 MiB.
2026-10-09T02:08:59Z INFO [166/500] 6299584e-2903-4f94-817c-a16fd775b23e: 10791 chunks; 3.6 s; peak memory 1193 MiB.
2026-10-09T02:08:59Z INFO [167/500] 6299a174-37e5-4e14-b168-3acf60fc7c6e: 46 chunks; 0.7 s; peak memory 1193 MiB.
2026-10-09T02:09:04Z INFO [168/500] 629a2fae-b3be-4a91-af8e-c42864e9e489: 4151 chunks; 5.1 s; peak memory 1193 MiB.
2026-10-09T02:09:10Z INFO [169/500] 629a6e82-d069-4524-8e0f-ec1885c72bb9: 370 chunks; 5.8 s; peak memory 1193 MiB.
2026-10-09T02:09:12Z INFO [170/500] 629b2011-4508-45ab-8f7b-13fa28e6c00e: 69 chunks; 1.5 s; peak memory 1193 MiB.
2026-10-09T02:09:13Z INFO [171/500] 629b3a72-9312-4676-904d-59179f528f05: 71 chunks; 1.6 s; peak memory 1193 MiB.
2026-10-09T02:09:15Z INFO [172/500] 629b7b46-7638-43ea-b04c-1e1b31c9fb9a: 289 chunks; 1.4 s; peak memory 1193 MiB.
2026-10-09T02:09:17Z INFO [173/500] 629bdcd9-ffdd-4415-a42a-d1a8250b6b5c: 109 chunks; 2.1 s; peak memory 1193 MiB.
2026-10-09T02:09:18Z INFO [174/500] 629c4b1a-7aac-4569-8173-15a25e906517: 66 chunks; 1.3 s; peak memory 1193 MiB.
2026-10-09T02:09:19Z INFO [175/500] 629d19d6-3cc5-4a48-a4fd-5280ccc443bf: 68 chunks; 1.0 s; peak memory 1193 MiB.
2026-10-09T02:09:20Z INFO [176/500] 629d1b31-60ee-4c3e-94ec-ecd64e307f0e: 85 chunks; 1.1 s; peak memory 1193 MiB.
2026-10-09T02:09:23Z INFO [177/500] 629d32f2-21f3-4362-9572-11bc9a653459: 277 chunks; 2.9 s; peak memory 1193 MiB.
2026-10-09T02:09:31Z INFO [178/500] 629da8a7-674b-4946-9104-99675a38b43e: 11562 chunks; 8.3 s; peak memory 1193 MiB.
2026-10-09T02:09:32Z INFO [179/500] 629ddb50-6360-4efc-83ff-b47a06ccd3b9: 76 chunks; 0.9 s; peak memory 1193 MiB.
2026-10-09T02:09:33Z INFO [180/500] 629e6401-6336-49cc-8998-8ffdb94835e7: 69 chunks; 0.8 s; peak memory 1193 MiB.
2026-10-09T02:09:36Z INFO [181/500] 629e93f4-d939-49b9-8425-f14ddfcd9b08: 156 chunks; 2.6 s; peak memory 1193 MiB.
2026-10-09T02:09:38Z INFO [182/500] 629efa23-1e1c-4431-8c8f-43a0ab30eae0: 123 chunks; 2.5 s; peak memory 1193 MiB.
2026-10-09T02:09:42Z INFO [183/500] 629fa505-2958-4705-a166-44fa925071f3: 356 chunks; 3.9 s; peak memory 1193 MiB.
2026-10-09T02:09:43Z INFO [184/500] 629fbf9f-e8a1-4b1c-aaa6-07ea263a7497: 112 chunks; 1.4 s; peak memory 1193 MiB.
2026-10-09T02:09:45Z INFO [185/500] 62a00870-366d-4ed0-b755-c8ef9300ba1e: 66 chunks; 1.3 s; peak memory 1193 MiB.
2026-10-09T02:09:46Z INFO [186/500] 62a0b72f-7956-4f02-b606-d2d7d1d63eb1: 112 chunks; 0.9 s; peak memory 1193 MiB.
2026-10-09T02:10:07Z INFO [187/500] 62a15fd7-1646-4050-b5ea-88dd78c04afb: 13106 chunks; 21.0 s; peak memory 1193 MiB.
2026-10-09T02:10:07Z INFO [188/500] 62a2b9e5-c17e-458e-9cb5-bd737decd022: 46 chunks; 0.6 s; peak memory 1193 MiB.
2026-10-09T02:10:08Z INFO [189/500] 62a2d6d3-3990-4e06-ac1f-d7f62a4f9f04: 118 chunks; 0.9 s; peak memory 1193 MiB.
2026-10-09T02:10:09Z INFO [190/500] 62a32858-299a-4f0a-aa9f-2c5177490a99: 51 chunks; 1.1 s; peak memory 1193 MiB.
2026-10-09T02:10:11Z INFO [191/500] 62a38825-a3bb-4ae3-a20b-4d491e71582d: 71 chunks; 1.4 s; peak memory 1193 MiB.
2026-10-09T02:10:12Z INFO [192/500] 62a3b921-ba26-4fc8-81d4-690e3e027658: 116 chunks; 1.1 s; peak memory 1193 MiB.
2026-10-09T02:10:13Z INFO [193/500] 62a3f883-aafe-410c-a81e-61c2904de4fd: 48 chunks; 1.0 s; peak memory 1193 MiB.
2026-10-09T02:10:14Z INFO [194/500] 62a45c2f-ca32-4abc-b0b9-763787884167: 48 chunks; 0.9 s; peak memory 1193 MiB.
2026-10-09T02:10:15Z INFO [195/500] 62a62db1-071e-4300-92f9-1be4df9492f7: 112 chunks; 1.0 s; peak memory 1193 MiB.
2026-10-09T02:10:19Z INFO [196/500] 62a6a54d-48f2-4b17-b3bb-330c0f3eaabb: 452 chunks; 4.3 s; peak memory 1193 MiB.
2026-10-09T02:10:20Z INFO [197/500] 62a6c3d9-34f6-42f9-bc2f-40ab2a34639e: 63 chunks; 0.8 s; peak memory 1193 MiB.
2026-10-09T02:10:21Z INFO [198/500] 62a6ed71-f790-456e-b794-ba6310fbdd07: 112 chunks; 1.1 s; peak memory 1193 MiB.
2026-10-09T02:10:22Z INFO [199/500] 62a9955a-b34d-468f-beae-3c066a8eb69d: 48 chunks; 0.9 s; peak memory 1193 MiB.
2026-10-09T02:10:23Z INFO [200/500] 62aa32ad-e2b5-4209-a74d-b010bd6033e6: 1061 chunks; 1.8 s; peak memory 1193 MiB.
2026-10-09T02:10:24Z INFO [200/500] 62aa32ad-e2b5-4209-a74d-b010bd6033e6: checkpointed 94534 new records.
2026-10-09T02:10:25Z INFO [201/500] 62aa462a-5362-4057-b3c7-c5dd0ab84969: 66 chunks; 1.4 s; peak memory 1193 MiB.
2026-10-09T02:10:28Z INFO [202/500] 62aa7a54-8bea-46a1-b1c9-9698ca4cb24a: 19754 chunks; 3.3 s; peak memory 1193 MiB.
2026-10-09T02:10:29Z INFO [203/500] 62aae2e9-ba02-4f48-a470-b6dbb7322363: 112 chunks; 1.0 s; peak memory 1193 MiB.
2026-10-09T02:10:30Z INFO [204/500] 62aae75b-e537-4cba-a261-a5083d85ccc9: 48 chunks; 0.7 s; peak memory 1193 MiB.
2026-10-09T02:10:31Z INFO [205/500] 62aafba2-e7bf-4a67-af21-c524ea6c5d9f: 112 chunks; 1.1 s; peak memory 1193 MiB.
2026-10-09T02:10:32Z INFO [206/500] 62ab0120-641b-4217-8520-c85b1079fdbc: 118 chunks; 1.0 s; peak memory 1193 MiB.
2026-10-09T02:10:56Z INFO [207/500] 62ab5424-09c7-4463-8969-b4f5d2abd8bd: 16419 chunks; 24.1 s; peak memory 1193 MiB.
2026-10-09T02:10:58Z INFO [208/500] 62abb565-d7cc-489c-9e35-d5d4fe3e76b1: 71 chunks; 1.9 s; peak memory 1193 MiB.
2026-10-09T02:10:59Z INFO [209/500] 62abb818-14cb-418c-a3d9-f423ee072704: 46 chunks; 0.7 s; peak memory 1193 MiB.
2026-10-09T02:11:00Z INFO [210/500] 62abc4f3-19cd-45fb-a645-86acbcd13bcb: 62 chunks; 1.2 s; peak memory 1193 MiB.
2026-10-09T02:11:01Z INFO [211/500] 62ac145c-acde-4bff-80c6-c356f5451ae1: 110 chunks; 1.1 s; peak memory 1193 MiB.
2026-10-09T02:11:02Z INFO [212/500] 62ad7752-1793-4483-a993-8e5cf69e90d8: 48 chunks; 0.8 s; peak memory 1193 MiB.
2026-10-09T02:11:05Z INFO [213/500] 62ae136e-b13a-4673-b226-4677d008897e: 264 chunks; 2.7 s; peak memory 1193 MiB.
2026-10-09T02:11:11Z INFO [214/500] 62aebc57-c7c4-4871-bd5c-84e53909060d: 509 chunks; 6.2 s; peak memory 1193 MiB.
2026-10-09T02:11:12Z INFO [215/500] 62af5086-90ae-4e55-90cc-e2e21348873d: 48 chunks; 0.8 s; peak memory 1193 MiB.
2026-10-09T02:11:13Z INFO [216/500] 62af6647-71cd-4c96-b512-12fd999c70ef: 70 chunks; 1.1 s; peak memory 1193 MiB.
2026-10-09T02:11:13Z INFO [217/500] 62b0a1aa-59c7-45b4-ac9c-a46fbc48deb1: 46 chunks; 0.6 s; peak memory 1193 MiB.
2026-10-09T02:11:14Z INFO [218/500] 62b0a3ce-7734-4062-98a0-e907cf2a0f6f: 48 chunks; 0.7 s; peak memory 1193 MiB.
2026-10-09T02:11:16Z INFO [219/500] 62b0bb7c-66b5-48f8-b5d3-8c89e22422d3: 66 chunks; 1.4 s; peak memory 1193 MiB.
2026-10-09T02:11:16Z INFO [220/500] 62b1f541-e42e-40b5-be7c-cd5d6037fbdd: 48 chunks; 1.0 s; peak memory 1193 MiB.
2026-10-09T02:11:17Z INFO [221/500] 62b2339a-af48-4e98-b8e3-f6386534022c: 52 chunks; 0.8 s; peak memory 1193 MiB.
2026-10-09T02:11:18Z INFO [222/500] 62b26862-6e64-4981-bfd8-5a6617f1f88f: 48 chunks; 0.9 s; peak memory 1193 MiB.
2026-10-09T02:11:20Z INFO [223/500] 62b2b26a-7363-4e42-8205-de67591a8fb3: 115 chunks; 2.0 s; peak memory 1193 MiB.
2026-10-09T02:11:21Z INFO [224/500] 62b2ded3-06a5-4276-ade6-7efb007d3d65: 41 chunks; 0.6 s; peak memory 1193 MiB.
2026-10-09T02:11:22Z INFO [225/500] 62b30ffa-ec42-4449-b964-55c40e9ef28a: 48 chunks; 0.8 s; peak memory 1193 MiB.
2026-10-09T02:11:27Z INFO [226/500] 62b39a15-07c4-4786-9ff3-ad18a46ec66d: 255 chunks; 5.2 s; peak memory 1193 MiB.
2026-10-09T02:11:28Z INFO [227/500] 62b39c53-b606-4a40-9c1b-acf888fbca54: 68 chunks; 1.0 s; peak memory 1193 MiB.
2026-10-09T02:11:39Z INFO [228/500] 62b3c895-b8c0-478b-8638-0ecc47afc680: 12691 chunks; 10.7 s; peak memory 1193 MiB.
2026-10-09T02:11:39Z INFO [229/500] 62b5daf7-e200-45a7-8480-539413460ec4: 69 chunks; 1.0 s; peak memory 1193 MiB.
2026-10-09T02:11:40Z INFO [230/500] 62b6d4f0-733b-447c-b86b-c5f23b3a9d1a: 48 chunks; 0.9 s; peak memory 1193 MiB.
2026-10-09T02:11:41Z INFO [231/500] 62baf000-e84a-4a2e-b9f3-7ef85897c4ef: 112 chunks; 0.9 s; peak memory 1193 MiB.
2026-10-09T02:11:42Z INFO [232/500] 62baf4d9-ef38-4f22-aee4-d776d6f6a78e: 118 chunks; 1.0 s; peak memory 1193 MiB.
2026-10-09T02:11:43Z INFO [233/500] 62bbb89c-c50a-47d2-86ea-967927f218bd: 46 chunks; 0.6 s; peak memory 1193 MiB.
2026-10-09T02:11:43Z INFO [234/500] 62bbde60-fd94-4bbf-803b-74e6b86a016d: 46 chunks; 0.5 s; peak memory 1193 MiB.
2026-10-09T02:11:44Z INFO [235/500] 62bc1a5c-2d03-4f21-8baf-82a1d44277e4: 42 chunks; 1.0 s; peak memory 1193 MiB.
2026-10-09T02:11:45Z INFO [236/500] 62bc48de-7556-4c80-9290-812861a27e5b: 48 chunks; 1.0 s; peak memory 1193 MiB.
2026-10-09T02:11:47Z INFO [237/500] 62be5ff5-bfc6-4ad4-b430-45961310d54d: 117 chunks; 1.2 s; peak memory 1193 MiB.
2026-10-09T02:12:11Z INFO [238/500] 62be6d0f-983b-450d-9284-27cba21b877d: 25678 chunks; 24.8 s; peak memory 1193 MiB.
2026-10-09T02:12:12Z INFO [239/500] 62bf1641-9867-436e-8629-b06b37698c15: 118 chunks; 1.0 s; peak memory 1193 MiB.
2026-10-09T02:12:13Z INFO [240/500] 62bf4633-b04f-4056-bc63-8540815748c3: 33 chunks; 0.5 s; peak memory 1193 MiB.
2026-10-09T02:12:14Z INFO [241/500] 62bfc333-e4b0-4229-9874-8840c81641ac: 48 chunks; 0.9 s; peak memory 1193 MiB.
2026-10-09T02:12:15Z INFO [242/500] 62c03e5f-4313-4e74-a125-14dbef08a62c: 57 chunks; 1.4 s; peak memory 1193 MiB.
2026-10-09T02:12:16Z INFO [243/500] 62c0aedb-dae9-49dc-acff-9007b9006e42: 112 chunks; 1.0 s; peak memory 1193 MiB.
2026-10-09T02:12:17Z INFO [244/500] 62c1f137-addb-4237-b2dd-c5ef3b8c7e68: 46 chunks; 0.5 s; peak memory 1193 MiB.
2026-10-09T02:12:22Z INFO [245/500] 62c22a2e-3e71-4d9a-b164-f88572e45df5: 671 chunks; 5.8 s; peak memory 1193 MiB.
2026-10-09T02:12:23Z INFO [246/500] 62c2aad3-b798-42da-ac84-f5edb371f3c3: 46 chunks; 0.5 s; peak memory 1193 MiB.
2026-10-09T02:12:25Z INFO [247/500] 62c3a12e-4dab-4879-a282-30c74e2db6ec: 115 chunks; 1.6 s; peak memory 1193 MiB.
2026-10-09T02:12:25Z INFO [248/500] 62c3dfe7-f86b-41e2-a459-f1ec3ef98eca: 58 chunks; 0.6 s; peak memory 1193 MiB.
2026-10-09T02:12:26Z INFO [249/500] 62c3eeaa-2c35-4844-b418-e2b3eecbff5f: 52 chunks; 0.9 s; peak memory 1193 MiB.
2026-10-09T02:12:27Z INFO [250/500] 62c4d78f-18c4-4e25-9a6e-a1736fd8c752: 48 chunks; 0.9 s; peak memory 1193 MiB.
2026-10-09T02:12:27Z INFO [250/500] 62c4d78f-18c4-4e25-9a6e-a1736fd8c752: checkpointed 94584 new records.
2026-10-09T02:12:28Z INFO [251/500] 62c599e6-6650-492c-b595-5db2aa2d0af4: 119 chunks; 0.8 s; peak memory 1193 MiB.
2026-10-09T02:12:29Z INFO [252/500] 62c60148-38b3-4ab1-b81f-6df569950a92: 117 chunks; 0.9 s; peak memory 1193 MiB.
2026-10-09T02:12:30Z INFO [253/500] 62c65b20-ccb1-4df4-9a80-cac16965e5fd: 52 chunks; 0.9 s; peak memory 1193 MiB.
2026-10-09T02:12:32Z INFO [254/500] 62c705a4-45d5-48ab-8fa5-c7a6eb960f38: 71 chunks; 1.8 s; peak memory 1193 MiB.
2026-10-09T02:12:32Z INFO [255/500] 62c88ce2-e578-49a8-ba19-c7e79d58ef26: 69 chunks; 0.7 s; peak memory 1193 MiB.
2026-10-09T02:12:33Z INFO [256/500] 62c948ff-7840-4b04-ac5f-1bcd589916db: 56 chunks; 0.6 s; peak memory 1193 MiB.
2026-10-09T02:12:35Z INFO [257/500] 62c97fd4-6df1-4f36-89e9-6a33242f532c: 997 chunks; 1.6 s; peak memory 1193 MiB.
2026-10-09T02:12:35Z INFO [258/500] 62c986ee-f544-44b6-86b6-4490f6e48fdb: 117 chunks; 0.7 s; peak memory 1193 MiB.
2026-10-09T02:12:43Z INFO [259/500] 62cac4f4-4406-4968-b390-237e8b9b2dc5: 19977 chunks; 8.1 s; peak memory 1193 MiB.
2026-10-09T02:12:49Z INFO [260/500] 62caec41-89f5-4197-84bb-759932031380: 194 chunks; 5.5 s; peak memory 1193 MiB.
2026-10-09T02:12:53Z INFO [261/500] 62cb0639-f1ae-4b87-b42f-b495d76f5c66: 238 chunks; 3.8 s; peak memory 1193 MiB.
2026-10-09T02:12:54Z INFO [262/500] 62cb13d1-56c2-45db-8458-232fcd0e695d: 303 chunks; 1.1 s; peak memory 1193 MiB.
2026-10-09T02:12:55Z INFO [263/500] 62cb7be8-9377-43de-831d-2c2e86919992: 112 chunks; 0.9 s; peak memory 1193 MiB.
2026-10-09T02:12:56Z INFO [264/500] 62cc29ba-5e02-42f0-99d1-9705585f3b15: 117 chunks; 1.0 s; peak memory 1193 MiB.
2026-10-09T02:12:57Z INFO [265/500] 62cc38da-03f0-41b6-ae59-8d1986a54f73: 48 chunks; 1.0 s; peak memory 1193 MiB.
2026-10-09T02:12:58Z INFO [266/500] 62cc5f83-4544-470f-8016-aae51af4df6a: 48 chunks; 0.8 s; peak memory 1193 MiB.
2026-10-09T02:12:58Z INFO [267/500] 62cca76e-ff59-4303-9604-9d2d4e3b9418: 48 chunks; 0.8 s; peak memory 1193 MiB.
2026-10-09T02:12:59Z INFO [268/500] 62cd20fe-c9f7-4014-8ffb-cd271f32a32f: 48 chunks; 0.9 s; peak memory 1193 MiB.
2026-10-09T02:13:00Z INFO [269/500] 62cd29f3-4249-421a-bd72-ff4814000e15: 112 chunks; 0.8 s; peak memory 1193 MiB.
2026-10-09T02:13:02Z INFO [270/500] 62ce42d9-0d40-4c0d-b437-cfc51ae62bcb: 66 chunks; 1.3 s; peak memory 1193 MiB.
2026-10-09T02:13:02Z INFO [271/500] 62ced1ea-c408-4623-9162-e2546182ef0a: 117 chunks; 1.0 s; peak memory 1193 MiB.
2026-10-09T02:13:03Z INFO [272/500] 62ceebe8-44fa-4cfc-9038-31c157c218a7: 48 chunks; 0.8 s; peak memory 1193 MiB.
2026-10-09T02:13:04Z INFO [273/500] 62cef0ab-a0dd-4a84-9d16-6b694f4f6669: 46 chunks; 0.6 s; peak memory 1193 MiB.
2026-10-09T02:13:05Z INFO [274/500] 62cfe006-0668-46b6-9547-27ebd1cb480f: 52 chunks; 0.8 s; peak memory 1193 MiB.
2026-10-09T02:13:08Z INFO [275/500] 62d07621-5e96-4be3-8f0a-de2edd3913e0: 673 chunks; 3.4 s; peak memory 1193 MiB.
2026-10-09T02:13:21Z INFO [276/500] 62d2d12d-0aea-4bf6-bf86-fe13e040e1f5: 432 chunks; 12.7 s; peak memory 1193 MiB.
2026-10-09T02:13:22Z INFO [277/500] 62d34258-0410-4dab-b83c-f7f5b664a856: 112 chunks; 0.8 s; peak memory 1193 MiB.
2026-10-09T02:13:24Z INFO [278/500] 62d37220-d42c-479a-9eb4-c57275d1eab2: 71 chunks; 2.0 s; peak memory 1193 MiB.
2026-10-09T02:13:24Z INFO [279/500] 62d4e6af-5a5c-457c-b7af-823043a8ec48: 52 chunks; 0.8 s; peak memory 1193 MiB.
2026-10-09T02:13:25Z INFO [280/500] 62d52e56-6d1e-4ee2-a445-9a6ac46001be: 48 chunks; 0.8 s; peak memory 1193 MiB.
2026-10-09T02:13:38Z INFO [281/500] 62d59b22-608d-4266-9952-9ee2d158c7f8: 9033 chunks; 12.9 s; peak memory 1193 MiB.
2026-10-09T02:13:39Z INFO [282/500] 62d5fa3a-99bb-4373-89af-b0773a160a89: 69 chunks; 1.1 s; peak memory 1193 MiB.
2026-10-09T02:13:40Z INFO [283/500] 62d6d34d-3f3f-43a2-933d-e2056e367d88: 55 chunks; 0.7 s; peak memory 1193 MiB.
2026-10-09T02:13:41Z INFO [284/500] 62d74353-5d37-4745-bb4d-5c6bdc20d95f: 118 chunks; 0.8 s; peak memory 1193 MiB.
2026-10-09T02:13:41Z INFO [285/500] 62d77b21-8f27-4ec4-912a-4bfbe1c41ab3: 48 chunks; 0.8 s; peak memory 1193 MiB.
2026-10-09T02:13:42Z INFO [286/500] 62d7d298-e94c-4822-9dc6-c4bfb5a455de: 110 chunks; 1.0 s; peak memory 1193 MiB.
2026-10-09T02:13:43Z INFO [287/500] 62d934dc-9617-4054-bb2d-91060613dff7: 69 chunks; 1.0 s; peak memory 1193 MiB.
2026-10-09T02:13:44Z INFO [288/500] 62d96d49-dd96-456b-9eec-de8891b82a57: 48 chunks; 1.1 s; peak memory 1193 MiB.
2026-10-09T02:13:49Z INFO [289/500] 62da80d4-681e-49aa-b269-57179445687f: 3416 chunks; 4.1 s; peak memory 1193 MiB.
2026-10-09T02:13:50Z INFO [290/500] 62dab4cd-5ea0-46e2-a948-771bd876e8e2: 117 chunks; 1.1 s; peak memory 1193 MiB.
2026-10-09T02:13:55Z INFO [291/500] 62dab4e4-d63e-431b-8a77-60d73b55bde1: 16120 chunks; 5.7 s; peak memory 1193 MiB.
2026-10-09T02:13:57Z INFO [292/500] 62dabc3e-9ea6-4206-b63e-9df5b6f799d5: 74 chunks; 1.2 s; peak memory 1193 MiB.
2026-10-09T02:13:58Z INFO [293/500] 62daec72-2e68-4f8c-8260-3c05aaeddcb1: 289 chunks; 1.2 s; peak memory 1193 MiB.
2026-10-09T02:14:00Z INFO [294/500] 62db8a94-db49-470c-a59c-43c8ffad9bf2: 116 chunks; 2.6 s; peak memory 1193 MiB.
2026-10-09T02:14:01Z INFO [295/500] 62de0be2-dcbd-4cdc-a00d-411763395ef4: 65 chunks; 1.0 s; peak memory 1193 MiB.
2026-10-09T02:14:03Z INFO [296/500] 62de76b7-ae0c-4e6b-94eb-0d1ac478df57: 112 chunks; 1.2 s; peak memory 1193 MiB.
2026-10-09T02:14:04Z INFO [297/500] 62dea948-2243-4dcd-989d-bda76f3de0a7: 117 chunks; 1.1 s; peak memory 1193 MiB.
2026-10-09T02:14:05Z INFO [298/500] 62decce0-cd1d-4fa2-b830-99bea5e15567: 48 chunks; 0.9 s; peak memory 1193 MiB.
2026-10-09T02:14:07Z INFO [299/500] 62df47fe-5b6a-4bb1-8664-7daa7f545a02: 41 chunks; 2.1 s; peak memory 1193 MiB.
2026-10-09T02:14:08Z INFO [300/500] 62df9dcc-bba4-47bf-8b98-9a9e1ea755a2: 117 chunks; 0.9 s; peak memory 1193 MiB.
2026-10-09T02:14:08Z INFO [300/500] 62df9dcc-bba4-47bf-8b98-9a9e1ea755a2: checkpointed 94634 new records.
2026-10-09T02:14:09Z INFO [301/500] 62e03298-0d58-496c-9929-5d75e4e23670: 230 chunks; 1.0 s; peak memory 1193 MiB.
2026-10-09T02:14:10Z INFO [302/500] 62e1279f-f378-4d4d-9877-d500df69b855: 112 chunks; 1.0 s; peak memory 1193 MiB.
2026-10-09T02:14:14Z INFO [303/500] 62e1d0fa-2b6f-4fb6-9bac-cbef68f0e12f: 644 chunks; 4.3 s; peak memory 1193 MiB.
2026-10-09T02:14:15Z INFO [304/500] 62e269f9-f357-4840-a2e1-76f33dd6933b: 112 chunks; 1.0 s; peak memory 1193 MiB.
2026-10-09T02:14:18Z INFO [305/500] 62e2bc74-1804-4227-a546-2b4752dabcef: 7094 chunks; 2.8 s; peak memory 1193 MiB.
2026-10-09T02:14:19Z INFO [306/500] 62e2ceb6-8a59-49f3-9336-6069ab46e82b: 48 chunks; 0.6 s; peak memory 1193 MiB.
2026-10-09T02:14:19Z INFO [307/500] 62e31daa-e696-45e5-a9be-9cc5ca7b6f8b: 48 chunks; 0.7 s; peak memory 1193 MiB.
2026-10-09T02:14:21Z INFO [308/500] 62e332fd-34b3-40f6-8592-d68e6c2ed254: 204 chunks; 1.6 s; peak memory 1193 MiB.
2026-10-09T02:14:22Z INFO [309/500] 62e396dc-1015-474f-988c-468de8685475: 118 chunks; 1.0 s; peak memory 1193 MiB.
2026-10-09T02:14:23Z INFO [310/500] 62e4c51d-b749-40e0-8885-0cc3277eec67: 66 chunks; 1.2 s; peak memory 1193 MiB.
2026-10-09T02:14:34Z INFO [311/500] 62e4dfff-a3c2-4b64-b53e-eb3f967bbf0e: 8229 chunks; 10.8 s; peak memory 1193 MiB.
2026-10-09T02:14:35Z INFO [312/500] 62e4f213-308f-4978-89bf-8860412d50cd: 48 chunks; 1.0 s; peak memory 1193 MiB.
2026-10-09T02:14:36Z INFO [313/500] 62e58de6-084f-44ae-b87c-53399bc83e15: 118 chunks; 1.2 s; peak memory 1193 MiB.
2026-10-09T02:14:38Z INFO [314/500] 62e5f8ed-4c5b-476e-91fb-0e2b6042cfa2: 115 chunks; 1.8 s; peak memory 1193 MiB.
2026-10-09T02:14:39Z INFO [315/500] 62e61e24-b2c3-4d7b-acf0-bf9eba61b64c: 62 chunks; 1.4 s; peak memory 1193 MiB.
2026-10-09T02:14:45Z INFO [316/500] 62e67341-aa3c-4252-a039-a3ab200b8085: 24720 chunks; 5.7 s; peak memory 1193 MiB.
2026-10-09T02:14:46Z INFO [317/500] 62e69634-53c1-4deb-b825-a84e1b6fb65c: 62 chunks; 1.4 s; peak memory 1193 MiB.
2026-10-09T02:14:47Z INFO [318/500] 62e699ec-c90d-4ff6-a7da-3ab741eb948a: 62 chunks; 0.7 s; peak memory 1193 MiB.
2026-10-09T02:14:48Z INFO [319/500] 62e69d9c-f860-46a9-abd4-36aa34bdebf2: 46 chunks; 0.6 s; peak memory 1193 MiB.
2026-10-09T02:14:49Z INFO [320/500] 62e6ef55-9ff1-420f-bb08-5e2092a0e8d2: 52 chunks; 1.0 s; peak memory 1193 MiB.
2026-10-09T02:14:50Z INFO [321/500] 62e7d8cf-3740-4366-bf72-a7521c9a0333: 118 chunks; 0.8 s; peak memory 1193 MiB.
2026-10-09T02:14:51Z INFO [322/500] 62e7f091-b4d1-4a51-8ed0-32588235d8d9: 112 chunks; 1.1 s; peak memory 1193 MiB.
2026-10-09T02:14:51Z INFO [323/500] 62e839aa-33ba-4a73-a558-f86af9bf54aa: 116 chunks; 0.8 s; peak memory 1193 MiB.
2026-10-09T02:14:52Z INFO [324/500] 62e89d42-3cda-4db6-8cd5-a25d950cb0a6: 52 chunks; 1.0 s; peak memory 1193 MiB.
2026-10-09T02:14:53Z INFO [325/500] 62e96e2e-dbc4-4f92-86b1-4cebd57f3e75: 48 chunks; 0.7 s; peak memory 1193 MiB.
2026-10-09T02:14:54Z INFO [326/500] 62e98ff9-d1ba-43d0-9fb9-d81f0bff90ec: 48 chunks; 0.8 s; peak memory 1193 MiB.
2026-10-09T02:15:00Z INFO [327/500] 62e9a316-b5d9-44f8-b4e6-bcb002576ece: 6704 chunks; 5.8 s; peak memory 1193 MiB.
2026-10-09T02:15:01Z INFO [328/500] 62eab320-a08c-4082-90c3-5bb76aececaa: 48 chunks; 0.7 s; peak memory 1193 MiB.
2026-10-09T02:15:01Z INFO [329/500] 62eb0f92-5414-4d0d-ba19-7c65b63f1c0a: 117 chunks; 0.9 s; peak memory 1193 MiB.
2026-10-09T02:15:02Z INFO [330/500] 62ec0491-4d02-4542-817a-1e3f3c8be3ef: 46 chunks; 0.7 s; peak memory 1193 MiB.
2026-10-09T02:15:03Z INFO [331/500] 62ec57ab-18f2-4f8b-8d23-312c697615ab: 66 chunks; 1.4 s; peak memory 1193 MiB.
2026-10-09T02:15:05Z INFO [332/500] 62ed6cca-434f-48bf-86ee-0bd9b8accdd0: 62 chunks; 1.4 s; peak memory 1193 MiB.
2026-10-09T02:15:06Z INFO [333/500] 62edc224-0a90-4ea5-a521-0ecf79370ade: 48 chunks; 1.0 s; peak memory 1193 MiB.
2026-10-09T02:15:07Z INFO [334/500] 62edd109-3794-4f3d-8e1e-779fa86bb64f: 46 chunks; 0.8 s; peak memory 1193 MiB.
2026-10-09T02:15:07Z INFO [335/500] 62eec640-bf04-4800-b40e-0509bf9a1803: 46 chunks; 0.5 s; peak memory 1193 MiB.
2026-10-09T02:15:09Z INFO [336/500] 62efa0b9-7896-4cfb-b534-c915d7f2f32f: 119 chunks; 1.8 s; peak memory 1193 MiB.
2026-10-09T02:15:10Z INFO [337/500] 62efae71-e18d-412e-8fad-19bb07ea89ac: 117 chunks; 1.2 s; peak memory 1193 MiB.
2026-10-09T02:15:12Z INFO [338/500] 62f0a6a7-a7ff-41bd-9053-5c2b2b487814: 71 chunks; 1.6 s; peak memory 1193 MiB.
2026-10-09T02:15:12Z INFO [339/500] 62f0cbf6-2dc5-4cdb-bf14-ef209277b1e3: 45 chunks; 0.6 s; peak memory 1193 MiB.
2026-10-09T02:15:13Z INFO [340/500] 62f0e9d6-0f9f-4a74-85c3-4dc5f550f812: 48 chunks; 0.9 s; peak memory 1193 MiB.
2026-10-09T02:15:14Z INFO [341/500] 62f1539b-f88a-4e55-b7c7-eb0568e0ba49: 48 chunks; 1.0 s; peak memory 1193 MiB.
2026-10-09T02:15:15Z INFO [342/500] 62f32a6d-ad02-49a6-9a99-804e322bc1b6: 117 chunks; 0.9 s; peak memory 1193 MiB.
2026-10-09T02:15:16Z INFO [343/500] 62f41c76-4f3e-4760-ae2b-d6507a13346d: 118 chunks; 1.1 s; peak memory 1193 MiB.
2026-10-09T02:17:43Z INFO [344/500] 62f43316-3b81-4f7c-96f0-9faf8f308fa4: 44535 chunks; 147.2 s; peak memory 1193 MiB.
2026-10-09T02:17:44Z INFO [345/500] 62f4f312-cd59-487d-9c31-c7f2aa662bb0: 117 chunks; 1.1 s; peak memory 1193 MiB.
2026-10-09T02:17:46Z INFO [346/500] 62f50376-6d9e-46cf-afbf-b2bcc4d049d6: 112 chunks; 1.4 s; peak memory 1193 MiB.
2026-10-09T02:17:47Z INFO [347/500] 62f50dd1-1abe-45f5-8c4c-f2ab3966db4f: 117 chunks; 1.0 s; peak memory 1193 MiB.
2026-10-09T02:17:48Z INFO [348/500] 62f68ec1-b48b-48a0-a094-c7b7e18d38f3: 50 chunks; 0.7 s; peak memory 1193 MiB.
2026-10-09T02:17:48Z INFO [349/500] 62f86178-d3ee-41d5-8986-dc316303796d: 46 chunks; 0.6 s; peak memory 1193 MiB.
2026-10-09T02:17:49Z INFO [350/500] 62f89426-c4db-4812-b626-7b49cc1695cd: 74 chunks; 1.0 s; peak memory 1193 MiB.
2026-10-09T02:17:49Z INFO [350/500] 62f89426-c4db-4812-b626-7b49cc1695cd: checkpointed 94684 new records.
2026-10-09T02:18:05Z INFO [351/500] 62f90bfc-e258-4f4e-98bf-d4d11f50a861: 30804 chunks; 15.4 s; peak memory 1193 MiB.
2026-10-09T02:18:07Z INFO [352/500] 62fa2dd4-ec80-419b-ae3b-d73c49d2f875: 80 chunks; 2.0 s; peak memory 1193 MiB.
2026-10-09T02:18:08Z INFO [353/500] 62fc05ef-79d7-4824-b77e-a014e0863df4: 48 chunks; 0.7 s; peak memory 1193 MiB.
2026-10-09T02:18:09Z INFO [354/500] 62fc5a35-fbc7-468f-9418-581383f43308: 112 chunks; 1.0 s; peak memory 1193 MiB.
2026-10-09T02:18:11Z INFO [355/500] 62fc61df-79e6-44bb-9060-8fc55cfdf6c1: 85 chunks; 2.8 s; peak memory 1193 MiB.
2026-10-09T02:18:12Z INFO [356/500] 62fc7a46-ddc8-4933-92c2-e99bb948181c: 48 chunks; 1.0 s; peak memory 1193 MiB.
2026-10-09T02:18:13Z INFO [357/500] 62fc7e98-7732-4569-83f7-755d484400e3: 48 chunks; 1.0 s; peak memory 1193 MiB.
2026-10-09T02:18:22Z INFO [358/500] 62fd22c9-56eb-479a-bb34-7d2fab2fa01e: 14678 chunks; 8.3 s; peak memory 1193 MiB.
2026-10-09T02:18:24Z INFO [359/500] 62fe23d0-5c02-439d-a974-fdcf696127c6: 201 chunks; 2.0 s; peak memory 1193 MiB.
2026-10-09T02:18:25Z INFO [360/500] 62ff2341-276f-4d9d-b459-ec185a525c79: 62 chunks; 1.4 s; peak memory 1193 MiB.
2026-10-09T02:18:26Z INFO [361/500] 62ffeb0e-5ef8-4ce9-b3b9-cda41e76a9d8: 41 chunks; 0.7 s; peak memory 1193 MiB.
2026-10-09T02:18:41Z INFO [362/500] 630015c2-d5f4-410c-baf5-d497f1fb14e1: 24579 chunks; 14.8 s; peak memory 1193 MiB.
2026-10-09T02:18:41Z INFO [363/500] 63001da6-befb-46fd-b307-965988a81441: 46 chunks; 0.6 s; peak memory 1193 MiB.
2026-10-09T02:18:43Z INFO [364/500] 630042c2-eb94-446a-8b64-d146c88bbed8: 69 chunks; 1.4 s; peak memory 1193 MiB.
2026-10-09T02:18:45Z INFO [365/500] 63026b02-c169-4cf1-9564-684a687fa5ef: 114 chunks; 2.0 s; peak memory 1193 MiB.
2026-10-09T02:18:46Z INFO [366/500] 63038e06-8232-4acf-b3df-8b7db8d0a126: 69 chunks; 1.1 s; peak memory 1193 MiB.
2026-10-09T02:18:47Z INFO [367/500] 6303a1fb-2644-4ea8-be68-96fd5432027b: 117 chunks; 1.0 s; peak memory 1193 MiB.
2026-10-09T02:18:48Z INFO [368/500] 6303a48f-7ed5-432d-a6bc-52c0900d295b: 118 chunks; 1.1 s; peak memory 1193 MiB.
2026-10-09T02:18:49Z INFO [369/500] 630415ac-f8a2-42ff-ac14-7eb61daf1684: 170 chunks; 0.8 s; peak memory 1193 MiB.
2026-10-09T02:18:49Z INFO [370/500] 63049d97-6a51-4377-ae62-59de8ccfc75a: 50 chunks; 0.8 s; peak memory 1193 MiB.
2026-10-09T02:20:50Z INFO [371/500] 6304ab7c-946f-4841-a5c7-4c064d1dafc8: 38260 chunks; 120.4 s; peak memory 1193 MiB.
2026-10-09T02:20:51Z INFO [372/500] 6305db95-c805-435e-a063-b1f9c7385552: 275 chunks; 1.1 s; peak memory 1193 MiB.
2026-10-09T02:20:52Z INFO [373/500] 6305f04d-1a1c-46d1-8ec4-edba6c393a69: 62 chunks; 0.6 s; peak memory 1193 MiB.
2026-10-09T02:20:52Z INFO [374/500] 63063cde-1d2e-44cd-9d3f-1f3f92b2e23e: 90 chunks; 0.9 s; peak memory 1193 MiB.
2026-10-09T02:20:53Z INFO [375/500] 6308235d-3207-4578-adc3-ebbaa93fadae: 118 chunks; 0.9 s; peak memory 1193 MiB.
2026-10-09T02:20:55Z INFO [376/500] 63087404-a878-4140-9787-f772b111f3d8: 110 chunks; 1.1 s; peak memory 1193 MiB.
2026-10-09T02:20:55Z INFO [377/500] 6309e8fe-0609-47a0-a9d9-1719dce6c51a: 117 chunks; 0.9 s; peak memory 1193 MiB.
2026-10-09T02:20:57Z INFO [378/500] 630a2b7f-b1b5-4093-a6df-1af40a7c07b7: 115 chunks; 1.9 s; peak memory 1193 MiB.
2026-10-09T02:20:58Z INFO [379/500] 630a39cc-f1f1-4b22-8e26-282f78653f92: 48 chunks; 0.8 s; peak memory 1193 MiB.
2026-10-09T02:21:06Z INFO [380/500] 630a5f4b-8cdf-43d2-9db3-26bb7be226c3: 4136 chunks; 8.2 s; peak memory 1193 MiB.
2026-10-09T02:21:21Z INFO [381/500] 630c6ef9-121a-4c61-a685-de48cd2cb975: 30639 chunks; 14.9 s; peak memory 1193 MiB.
2026-10-09T02:21:22Z INFO [382/500] 630d12d3-d1db-4747-9047-8c8d5cfd0ee9: 56 chunks; 0.6 s; peak memory 1193 MiB.
2026-10-09T02:21:27Z INFO [383/500] 630d5922-1e97-4fc3-817d-f5692381e615: 1193 chunks; 5.2 s; peak memory 1193 MiB.
2026-10-09T02:21:28Z INFO [384/500] 630d7aca-74bf-4758-a823-39efb0e7a852: 48 chunks; 0.8 s; peak memory 1193 MiB.
2026-10-09T02:21:29Z INFO [385/500] 630e3c85-1d66-4ede-877f-0cdc4e2ee19c: 35 chunks; 0.7 s; peak memory 1193 MiB.
2026-10-09T02:21:33Z INFO [386/500] 630e3f1e-3a77-4f0a-8739-a5f893b7ac23: 377 chunks; 4.9 s; peak memory 1193 MiB.
2026-10-09T02:21:34Z INFO [387/500] 630f5d1f-02a1-48db-9de6-68a2df86fc13: 48 chunks; 0.8 s; peak memory 1193 MiB.
2026-10-09T02:21:35Z INFO [388/500] 63107b17-2e9e-4acb-b1e3-235b4bf7f516: 76 chunks; 1.2 s; peak memory 1193 MiB.
2026-10-09T02:21:37Z INFO [389/500] 63109529-6c48-470a-8643-7bdb85815519: 123 chunks; 1.7 s; peak memory 1193 MiB.
2026-10-09T02:21:59Z INFO [390/500] 6310dc00-c5f5-4a4c-b073-063cf6504ab2: 6056 chunks; 22.2 s; peak memory 1193 MiB.
2026-10-09T02:22:01Z INFO [391/500] 6310f53e-4ada-4038-93df-e8f46767ef52: 937 chunks; 1.8 s; peak memory 1193 MiB.
2026-10-09T02:22:03Z INFO [392/500] 631132e2-c1fc-433f-b7cf-f7fb65c4d000: 156 chunks; 2.2 s; peak memory 1193 MiB.
2026-10-09T02:22:06Z INFO [393/500] 63122b40-e167-4fa5-91dc-c882d6be0802: 116 chunks; 2.1 s; peak memory 1193 MiB.
2026-10-09T02:22:06Z INFO [394/500] 631231cb-1890-46fb-85b2-7dcf24e99bbf: 48 chunks; 0.8 s; peak memory 1193 MiB.
2026-10-09T02:22:08Z INFO [395/500] 63123804-aebc-44a8-9fae-d11e2518ec49: 112 chunks; 1.1 s; peak memory 1193 MiB.
2026-10-09T02:22:09Z INFO [396/500] 6312814f-39dd-4b57-993f-88bfc4a4ea5d: 66 chunks; 1.4 s; peak memory 1193 MiB.
2026-10-09T02:22:11Z INFO [397/500] 6313aee7-e912-4cf6-a959-1e09daa02867: 115 chunks; 1.8 s; peak memory 1193 MiB.
2026-10-09T02:22:11Z INFO [398/500] 6313b21c-e2e6-4744-990d-5ac7769b4122: 35 chunks; 0.6 s; peak memory 1193 MiB.
2026-10-09T02:22:12Z INFO [399/500] 63151442-71fc-4bf9-ba4f-b2e88ef20883: 48 chunks; 0.8 s; peak memory 1193 MiB.
2026-10-09T02:22:13Z INFO [400/500] 63155723-aacd-4cc8-9492-1eccb629f93e: 48 chunks; 0.8 s; peak memory 1193 MiB.
2026-10-09T02:22:13Z INFO [400/500] 63155723-aacd-4cc8-9492-1eccb629f93e: checkpointed 94734 new records.
2026-10-09T02:22:14Z INFO [401/500] 6316211a-aebb-4119-a077-7fa4368fc3b9: 48 chunks; 0.6 s; peak memory 1193 MiB.
2026-10-09T02:22:25Z INFO [402/500] 63165492-f6cb-497c-825f-97565d0e9309: 2199 chunks; 11.4 s; peak memory 1193 MiB.
2026-10-09T02:22:26Z INFO [403/500] 6317ab96-da9d-4795-b90b-f10116ef212d: 56 chunks; 0.7 s; peak memory 1193 MiB.
2026-10-09T02:22:27Z INFO [404/500] 6317ccb9-74fe-4310-974c-d4b2b9fd5621: 117 chunks; 1.1 s; peak memory 1193 MiB.
2026-10-09T02:22:29Z INFO [405/500] 6317e956-369e-4633-b4a1-fe254e68742d: 156 chunks; 2.2 s; peak memory 1193 MiB.
2026-10-09T02:22:31Z INFO [406/500] 6317f4fe-0b25-47f4-8c87-02f78296b296: 261 chunks; 1.4 s; peak memory 1193 MiB.
2026-10-09T02:22:32Z INFO [407/500] 63185af4-2dbc-40cb-84c3-a515765f1f04: 48 chunks; 1.0 s; peak memory 1193 MiB.
2026-10-09T02:22:40Z INFO [408/500] 6318e492-f84a-48b5-9149-4fab1048e31b: 396 chunks; 8.4 s; peak memory 1193 MiB.
2026-10-09T02:22:41Z INFO [409/500] 63199ff9-aa32-4bc3-ba89-4717e0387212: 48 chunks; 0.8 s; peak memory 1193 MiB.
2026-10-09T02:22:41Z INFO [410/500] 631a4344-ee5f-45ef-922c-0a2e77f7cd14: 48 chunks; 0.7 s; peak memory 1193 MiB.
2026-10-09T02:22:42Z INFO [411/500] 631ae537-e72a-4202-b746-5e5528112830: 110 chunks; 0.7 s; peak memory 1193 MiB.
2026-10-09T02:22:43Z INFO [412/500] 631b2373-397e-4cf7-bf7d-8077799e59e7: 48 chunks; 0.8 s; peak memory 1193 MiB.
2026-10-09T02:22:44Z INFO [413/500] 631c27e1-6875-4ea8-835f-0dd225eec365: 48 chunks; 0.9 s; peak memory 1193 MiB.
2026-10-09T02:22:45Z INFO [414/500] 631c9970-5259-44f1-9271-b69944c50e54: 66 chunks; 1.3 s; peak memory 1193 MiB.
2026-10-09T02:22:46Z INFO [415/500] 631cb862-9882-4b8a-bf83-4a594a1cf2ad: 48 chunks; 0.7 s; peak memory 1193 MiB.
2026-10-09T02:22:47Z INFO [416/500] 631d3063-ac8d-41a4-a73e-f9f83f484b57: 118 chunks; 0.9 s; peak memory 1193 MiB.
2026-10-09T02:22:48Z INFO [417/500] 631d7e95-c8d1-4866-9221-9100b035111c: 550 chunks; 1.2 s; peak memory 1193 MiB.
2026-10-09T02:22:49Z INFO [418/500] 631e4e6a-e137-4824-9b7d-8767b2e722d2: 115 chunks; 1.1 s; peak memory 1193 MiB.
2026-10-09T02:22:52Z INFO [419/500] 631e7384-aac6-4d3d-aec3-55b7f57866ef: 269 chunks; 3.1 s; peak memory 1193 MiB.
2026-10-09T02:22:53Z INFO [420/500] 631fbdd2-93d7-4c52-9af7-1ac08c778c84: 46 chunks; 0.6 s; peak memory 1193 MiB.
2026-10-09T02:22:54Z INFO [421/500] 631fe9c6-2b3e-41b6-8771-b684188cfa2e: 60 chunks; 0.9 s; peak memory 1193 MiB.
2026-10-09T02:22:55Z INFO [422/500] 632011f3-2a7b-4f60-825a-dd863896772f: 71 chunks; 1.1 s; peak memory 1193 MiB.
2026-10-09T02:22:56Z INFO [423/500] 63206a4c-0c5d-443f-9f9d-6ab679bb922d: 69 chunks; 0.8 s; peak memory 1193 MiB.
2026-10-09T02:23:07Z INFO [424/500] 6320f8ba-f498-49ca-a34a-9b95e86fa38b: 8229 chunks; 11.2 s; peak memory 1193 MiB.
2026-10-09T02:23:08Z INFO [425/500] 6321840e-f248-40c8-83a6-a6f1e0db2a8b: 46 chunks; 0.6 s; peak memory 1193 MiB.
2026-10-09T02:23:09Z INFO [426/500] 6321a61e-2789-4778-91d2-2f08073adf28: 80 chunks; 1.8 s; peak memory 1193 MiB.
2026-10-09T02:23:10Z INFO [427/500] 6321f1d2-9810-46d0-b191-936b41ce254c: 117 chunks; 1.1 s; peak memory 1193 MiB.
2026-10-09T02:23:12Z INFO [428/500] 63221ce8-9945-4a39-bb25-70782ebdb9a7: 182 chunks; 1.1 s; peak memory 1193 MiB.
2026-10-09T02:23:13Z INFO [429/500] 632273d8-3b74-45a7-923d-5aa6f30df4e1: 71 chunks; 1.9 s; peak memory 1193 MiB.
2026-10-09T02:23:21Z INFO [430/500] 63241a24-c4a3-4553-8bd7-ab3dcd82c738: 384 chunks; 7.8 s; peak memory 1193 MiB.
2026-10-09T02:23:22Z INFO [431/500] 6324339c-f038-4354-bf37-b81b036614b1: 46 chunks; 0.5 s; peak memory 1193 MiB.
2026-10-09T02:23:24Z INFO [432/500] 632463ce-fe9b-4a64-9737-1e6b1c39b359: 156 chunks; 2.5 s; peak memory 1193 MiB.
2026-10-09T02:23:25Z INFO [433/500] 63247689-ae5f-4edd-9123-9755e96d001e: 114 chunks; 0.9 s; peak memory 1193 MiB.
2026-10-09T02:23:26Z INFO [434/500] 6324b714-7a15-474b-ab99-d92eea390f85: 294 chunks; 0.6 s; peak memory 1193 MiB.
2026-10-09T02:23:26Z INFO [435/500] 63255c79-030d-4dd6-81fb-1933caa0f7d3: 130 chunks; 0.6 s; peak memory 1193 MiB.
2026-10-09T02:23:27Z INFO [436/500] 6325a503-1950-44dd-a044-cf828db67bd2: 48 chunks; 0.8 s; peak memory 1193 MiB.
2026-10-09T02:23:32Z INFO [437/500] 6325f301-d453-455a-877a-b5340e3e9a02: 440 chunks; 5.1 s; peak memory 1193 MiB.
2026-10-09T02:23:36Z INFO [438/500] 63269a52-85ad-4f3c-b13b-16766e3f65c1: 584 chunks; 3.5 s; peak memory 1193 MiB.
2026-10-09T02:23:37Z INFO [439/500] 6326d6c9-70ba-483e-95b8-a26635e94d6f: 52 chunks; 1.0 s; peak memory 1193 MiB.
2026-10-09T02:23:38Z INFO [440/500] 63282104-62a6-4103-aa21-ca6420dc7a38: 48 chunks; 0.8 s; peak memory 1193 MiB.
2026-10-09T02:23:40Z INFO [441/500] 6329b435-8ee3-4d18-b022-969d216432e8: 118 chunks; 2.1 s; peak memory 1193 MiB.
2026-10-09T02:23:41Z INFO [442/500] 6329d479-4f2a-469a-8fbc-ea7351687fac: 65 chunks; 0.9 s; peak memory 1193 MiB.
2026-10-09T02:23:41Z INFO [443/500] 632b5250-42f7-4b28-9a73-ce288153c24d: 63 chunks; 0.8 s; peak memory 1193 MiB.
2026-10-09T02:23:48Z INFO [444/500] 632bd0c0-488b-4d9f-9379-dcf3500c1b11: 11550 chunks; 6.9 s; peak memory 1193 MiB.
2026-10-09T02:23:51Z INFO [445/500] 632c56b5-4762-4919-b871-618d325bb975: 99 chunks; 3.1 s; peak memory 1193 MiB.
2026-10-09T02:23:56Z INFO [446/500] 632cd99f-6006-495a-9e1c-36a174043636: 2923 chunks; 5.0 s; peak memory 1193 MiB.
2026-10-09T02:23:57Z INFO [447/500] 632cfe5d-d9b1-42dd-82e9-9345f0039f0d: 48 chunks; 0.9 s; peak memory 1193 MiB.
2026-10-09T02:24:09Z INFO [448/500] 632ec968-0769-4cb6-92ae-7246fe5cebc5: 4573 chunks; 11.3 s; peak memory 1193 MiB.
2026-10-09T02:24:09Z INFO [449/500] 632fb769-13f3-4def-a3de-21ee686cb23e: 48 chunks; 0.8 s; peak memory 1193 MiB.
2026-10-09T02:24:16Z INFO [450/500] 63300e3d-010a-4f0f-95bb-5afc84fecf1a: 336 chunks; 7.0 s; peak memory 1193 MiB.
2026-10-09T02:24:17Z INFO [450/500] 63300e3d-010a-4f0f-95bb-5afc84fecf1a: checkpointed 94784 new records.
2026-10-09T02:24:17Z INFO [451/500] 63316bd3-2912-4c7b-9168-e59f993c01c2: 48 chunks; 0.8 s; peak memory 1193 MiB.
2026-10-09T02:24:18Z INFO [452/500] 6331b9f9-a1a7-4b4e-a7ed-d1ba0d55e168: 46 chunks; 0.9 s; peak memory 1193 MiB.
2026-10-09T02:24:19Z INFO [453/500] 63324ed0-d942-43e8-bacc-05eb05b04d26: 66 chunks; 1.1 s; peak memory 1193 MiB.
2026-10-09T02:24:20Z INFO [454/500] 6333aa37-cc87-45ad-95ec-b5a4c9407879: 117 chunks; 0.9 s; peak memory 1193 MiB.
2026-10-09T02:24:23Z INFO [455/500] 6333b87e-f1a2-4fd2-9abf-cd5070afc44a: 115 chunks; 2.3 s; peak memory 1193 MiB.
2026-10-09T02:24:24Z INFO [456/500] 6334ae3e-365b-4ead-bb1b-6f5abf16e46c: 51 chunks; 1.7 s; peak memory 1193 MiB.
2026-10-09T02:24:26Z INFO [457/500] 63363939-6e23-4e7b-bdf5-7fb3695251ae: 71 chunks; 1.3 s; peak memory 1193 MiB.
2026-10-09T02:24:26Z INFO [458/500] 63369eaf-d742-425d-a333-306cda250eda: 48 chunks; 0.7 s; peak memory 1193 MiB.
2026-10-09T02:24:27Z INFO [459/500] 6336b989-6694-45ee-a022-b1978f846ce2: 48 chunks; 0.8 s; peak memory 1193 MiB.
2026-10-09T02:24:28Z INFO [460/500] 63373e06-a669-4b47-926b-4cd4f5ac546c: 117 chunks; 1.0 s; peak memory 1193 MiB.
2026-10-09T02:24:29Z INFO [461/500] 6337b8ea-5959-42d5-846d-e48d4b44d324: 114 chunks; 1.1 s; peak memory 1193 MiB.
2026-10-09T02:24:30Z INFO [462/500] 633889c0-f420-4bb7-9006-0081e281196b: 48 chunks; 0.8 s; peak memory 1193 MiB.
2026-10-09T02:24:31Z INFO [463/500] 633af64d-9368-468f-aeb2-7885e60de938: 64 chunks; 1.4 s; peak memory 1193 MiB.
2026-10-09T02:24:37Z INFO [464/500] 633bcdcf-8582-40d5-9699-3356431311cc: 707 chunks; 5.2 s; peak memory 1193 MiB.
2026-10-09T02:24:37Z INFO [465/500] 633d2662-182d-488d-acde-b248693347f6: 62 chunks; 0.6 s; peak memory 1193 MiB.
2026-10-09T02:24:38Z INFO [466/500] 633d4484-52f4-4ad8-88b4-0769651b5bf1: 48 chunks; 0.7 s; peak memory 1193 MiB.
2026-10-09T02:24:39Z INFO [467/500] 633daf5b-5637-47eb-8857-62a6c824a36f: 116 chunks; 0.9 s; peak memory 1193 MiB.
2026-10-09T02:24:39Z INFO [468/500] 633de663-1048-449f-9a69-0d073e121b96: 51 chunks; 0.5 s; peak memory 1193 MiB.
2026-10-09T02:24:44Z INFO [469/500] 633dee78-4fdd-4e78-8cba-49321b35c5b2: 2923 chunks; 4.5 s; peak memory 1193 MiB.
2026-10-09T02:24:45Z INFO [470/500] 633e0965-a8c9-4195-8890-1421f753c287: 48 chunks; 0.8 s; peak memory 1193 MiB.
2026-10-09T02:24:56Z INFO [471/500] 633f48f1-5410-4b0c-9f91-02a77dc6b9b8: 8232 chunks; 11.4 s; peak memory 1193 MiB.
2026-10-09T02:24:57Z INFO [472/500] 633fa485-bbfc-40f6-96fa-243d6f1aba0f: 70 chunks; 1.0 s; peak memory 1193 MiB.
2026-10-09T02:24:58Z INFO [473/500] 634018c6-2616-44be-af04-4c9f51bbb006: 112 chunks; 0.9 s; peak memory 1193 MiB.
2026-10-09T02:25:00Z INFO [474/500] 6340caa1-f4bf-4222-8d78-2eb2884fd49f: 1061 chunks; 1.9 s; peak memory 1193 MiB.
2026-10-09T02:25:01Z INFO [475/500] 6340f6d5-b894-4e5a-8331-05f97442c5e0: 110 chunks; 1.2 s; peak memory 1193 MiB.
2026-10-09T02:25:02Z INFO [476/500] 6341f9f8-eee2-4c73-be4d-cbaeafc24091: 48 chunks; 0.8 s; peak memory 1193 MiB.
2026-10-09T02:25:03Z INFO [477/500] 634239cb-eda5-4fc4-91f8-b53ee627173b: 117 chunks; 1.0 s; peak memory 1193 MiB.
2026-10-09T02:25:04Z INFO [478/500] 63438bdf-ddb4-43c3-a22d-c2eee310f5a5: 117 chunks; 0.9 s; peak memory 1193 MiB.
2026-10-09T02:25:05Z INFO [479/500] 63439d22-2a66-42e8-95cb-b3f1e2c3f1b0: 48 chunks; 0.8 s; peak memory 1193 MiB.
2026-10-09T02:25:06Z INFO [480/500] 634407b4-0646-48df-a5b4-40bcd278e89b: 110 chunks; 1.2 s; peak memory 1193 MiB.
2026-10-09T02:25:07Z INFO [481/500] 63444f4c-16af-46f3-a2f9-59897ecaff2d: 57 chunks; 0.5 s; peak memory 1193 MiB.
2026-10-09T02:25:07Z INFO [482/500] 6344c72e-cde0-4f1c-814f-2c256de09519: 52 chunks; 0.8 s; peak memory 1193 MiB.
2026-10-09T02:25:09Z INFO [483/500] 6344fc62-786d-4725-ac02-fb80da239e12: 204 chunks; 1.5 s; peak memory 1193 MiB.
2026-10-09T02:25:10Z INFO [484/500] 6345627f-d7f0-4950-b8de-9fab2107ed19: 528 chunks; 1.7 s; peak memory 1193 MiB.
2026-10-09T02:25:13Z INFO [485/500] 63456816-fa3d-42b3-a680-5cff4d246d1b: 188 chunks; 2.1 s; peak memory 1193 MiB.
2026-10-09T02:25:13Z INFO [486/500] 63471d5b-23d3-4773-af87-64333cdaa1da: 48 chunks; 0.9 s; peak memory 1193 MiB.
2026-10-09T02:25:14Z INFO [487/500] 6347350c-cb60-424c-a367-ad6fa2ca455a: 46 chunks; 0.8 s; peak memory 1193 MiB.
2026-10-09T02:25:15Z INFO [488/500] 634776be-8cf1-4d02-b955-34088fda7761: 117 chunks; 0.7 s; peak memory 1193 MiB.
2026-10-09T02:25:49Z INFO [489/500] 6347c527-6f56-4683-8b37-54f449505788: 4611 chunks; 34.3 s; peak memory 1193 MiB.
2026-10-09T02:25:50Z INFO [490/500] 6348b805-1d8a-4e1d-8268-552bcc32bad2: 116 chunks; 0.9 s; peak memory 1193 MiB.
2026-10-09T02:25:52Z INFO [491/500] 6349546c-315f-4369-8fbd-1e4cb029e45f: 116 chunks; 1.8 s; peak memory 1193 MiB.
2026-10-09T02:25:53Z INFO [492/500] 634afc75-e98e-4d54-b753-32cf2673b1d3: 48 chunks; 1.0 s; peak memory 1193 MiB.
2026-10-09T02:25:54Z INFO [493/500] 634b5154-7ab0-42b5-a71f-33bd2bb7bdb6: 117 chunks; 1.1 s; peak memory 1193 MiB.
2026-10-09T02:25:55Z INFO [494/500] 634d76e7-bfe5-4b1d-95ff-1c270a07e143: 112 chunks; 1.2 s; peak memory 1193 MiB.
2026-10-09T02:25:56Z INFO [495/500] 634dc8d2-aabb-47a6-b8d5-0a04fe0a942d: 48 chunks; 0.9 s; peak memory 1193 MiB.
2026-10-09T02:25:57Z INFO [496/500] 634e016f-8ad3-4fd0-9f5b-197cc4e8201d: 83 chunks; 0.9 s; peak memory 1193 MiB.
2026-10-09T02:25:58Z INFO [497/500] 634e88a8-7de1-43ed-9df0-a469062ac761: 48 chunks; 0.8 s; peak memory 1193 MiB.
2026-10-09T02:25:59Z INFO [498/500] 634f5c68-8db7-4485-9d54-72468531c93e: 48 chunks; 0.9 s; peak memory 1193 MiB.
2026-10-09T02:26:00Z INFO [499/500] 634f8960-749c-4813-a7f0-1c5a52c4dbf2: 71 chunks; 1.2 s; peak memory 1193 MiB.
2026-10-09T02:26:07Z INFO [500/500] 634fa1c6-d7aa-48f1-b058-4fd8755c263c: 17595 chunks; 6.8 s; peak memory 1193 MiB.
2026-10-09T02:26:07Z INFO [500/500] 634fa1c6-d7aa-48f1-b058-4fd8755c263c: checkpointed 94834 new records.
2026-10-09T02:26:08Z INFO Wrote 94834 records to /tmp/derivatives/valid_nwb_file_to_chunk_stats.jsonl (500 new, 0 failed) in 54.7 min (peak memory 1193 MiB).
