2026-10-06T01:26:44Z INFO Logging to /tmp/logs/update_2026-10-06T01-26-44Z.log.
2026-10-06T01:26:44Z INFO Update valid-nwb-file-to-chunk-stats (base directory /tmp).
2026-10-06T01:26:44Z INFO Processing 500 items (77334 already recorded).
2026-10-06T01:26:46Z INFO [1/500] 3eff57c7-707b-4e80-aa15-66831f337a0a: 48 chunks; 1.5 s; peak memory 169 MiB.
2026-10-06T01:26:48Z INFO [2/500] 3effa91f-a00c-4ec8-b6bc-4d000b8c0154: 112 chunks; 2.0 s; peak memory 172 MiB.
2026-10-06T01:26:51Z INFO [3/500] 3f005f4a-793e-417f-ad8f-72af676c6346: 116 chunks; 3.0 s; peak memory 174 MiB.
2026-10-06T01:26:52Z INFO [4/500] 3f00dbfb-25b9-4464-aaaa-e3becc4f1aa8: 118 chunks; 1.6 s; peak memory 174 MiB.
2026-10-06T01:26:54Z INFO [5/500] 3f010e2a-77c1-403a-b870-6915adad9406: 48 chunks; 1.4 s; peak memory 174 MiB.
2026-10-06T01:26:55Z INFO [6/500] 3f0166a8-1dac-44d6-8125-5b15eefc2587: 48 chunks; 1.3 s; peak memory 174 MiB.
2026-10-06T01:26:58Z INFO [7/500] 3f017c00-27be-40b2-928b-5796dcb389cc: 155 chunks; 2.9 s; peak memory 175 MiB.
2026-10-06T01:26:59Z INFO [8/500] 3f019937-5458-4248-b715-8ff3a6b6ec9f: 58 chunks; 1.1 s; peak memory 175 MiB.
2026-10-06T01:27:01Z INFO [9/500] 3f01dd87-41e2-4431-a781-b6eba69b7dbe: 62 chunks; 1.8 s; peak memory 175 MiB.
2026-10-06T01:27:04Z INFO [10/500] 3f037a81-83ad-4e36-ac43-204f21f67b44: 1061 chunks; 3.1 s; peak memory 178 MiB.
2026-10-06T01:27:05Z INFO [11/500] 3f045c2e-d9da-4778-9ed0-b4267017ff6c: 46 chunks; 1.0 s; peak memory 178 MiB.
2026-10-06T01:27:06Z INFO [12/500] 3f04cd67-2805-486d-ab48-ddb9722a7a2e: 48 chunks; 1.5 s; peak memory 178 MiB.
2026-10-06T01:27:08Z INFO [13/500] 3f05759c-18de-4e88-bfc9-cebf1f0f0e32: 48 chunks; 1.3 s; peak memory 178 MiB.
2026-10-06T01:27:09Z INFO [14/500] 3f064586-2103-4c31-abb9-ec48662eb667: 118 chunks; 1.6 s; peak memory 179 MiB.
2026-10-06T01:27:27Z INFO [15/500] 3f065ae0-6839-4574-be9f-ab1a4fe4c1dc: 8269 chunks; 17.7 s; peak memory 206 MiB.
2026-10-06T01:27:29Z INFO [16/500] 3f06b7d0-f46c-42a5-afac-61d960306b51: 112 chunks; 1.9 s; peak memory 206 MiB.
2026-10-06T01:27:30Z INFO [17/500] 3f06c56f-4e82-4bee-875c-e454f074e0bf: 116 chunks; 1.5 s; peak memory 206 MiB.
2026-10-06T01:27:32Z INFO [18/500] 3f070dc0-d865-4e0e-ac68-4fd128641286: 48 chunks; 1.4 s; peak memory 206 MiB.
2026-10-06T01:27:33Z INFO [19/500] 3f074c09-fae9-42b4-ac45-7e78107c27d8: 46 chunks; 1.0 s; peak memory 206 MiB.
2026-10-06T01:27:35Z INFO [20/500] 3f07917a-060e-483e-9886-a22a4b57502d: 51 chunks; 1.8 s; peak memory 206 MiB.
2026-10-06T01:27:36Z INFO [21/500] 3f086cc1-62f0-4dd5-bb92-918a3785118a: 45 chunks; 1.2 s; peak memory 206 MiB.
2026-10-06T01:27:37Z INFO [22/500] 3f098368-dc3b-448e-8d02-8754f7e5fdb5: 45 chunks; 1.5 s; peak memory 206 MiB.
2026-10-06T01:27:41Z INFO [23/500] 3f09f5c5-43c5-4831-ad65-54bbdb21e859: 170 chunks; 3.8 s; peak memory 206 MiB.
2026-10-06T01:27:48Z INFO [24/500] 3f0abe23-9ebf-43d5-95a0-158677a12e1d: 611 chunks; 7.3 s; peak memory 206 MiB.
2026-10-06T01:27:50Z INFO [25/500] 3f0bf930-322b-4e3e-9922-aa6faab60712: 116 chunks; 1.5 s; peak memory 206 MiB.
2026-10-06T01:28:01Z INFO [26/500] 3f0bfcc8-71ee-4c38-ab8d-e4634db52ed3: 6402 chunks; 11.2 s; peak memory 206 MiB.
2026-10-06T01:28:03Z INFO [27/500] 3f0c2c7d-a35b-4a16-a944-7b1d7f5de81e: 118 chunks; 1.9 s; peak memory 206 MiB.
2026-10-06T01:28:04Z INFO [28/500] 3f0cfa5c-0942-48f3-8365-42c0712ebc37: 56 chunks; 1.0 s; peak memory 206 MiB.
2026-10-06T01:28:06Z INFO [29/500] 3f0d28b3-da53-4d38-91ed-c3905021c536: 69 chunks; 2.1 s; peak memory 206 MiB.
2026-10-06T01:30:50Z INFO [30/500] 3f0d3495-3d64-4fbe-bc84-77a7b77839ce: 45466 chunks; 164.0 s; peak memory 354 MiB.
2026-10-06T01:30:55Z INFO [31/500] 3f0d761d-5bb7-4a3e-aa3f-39942fdf1f3d: 6482 chunks; 5.1 s; peak memory 354 MiB.
2026-10-06T01:30:58Z INFO [32/500] 3f0d7621-52a0-435a-aa93-65be6454a290: 168 chunks; 3.1 s; peak memory 354 MiB.
2026-10-06T01:31:21Z INFO [33/500] 3f0e7bca-4ab5-4def-a270-f12d931c0c41: 6055 chunks; 23.0 s; peak memory 354 MiB.
2026-10-06T01:31:22Z INFO [34/500] 3f0e8b3a-d911-4405-93ed-72e3cdf60c05: 33 chunks; 1.1 s; peak memory 354 MiB.
2026-10-06T01:31:24Z INFO [35/500] 3f0efe5d-7b09-4a98-ab2a-91740d7dcdb4: 48 chunks; 1.3 s; peak memory 354 MiB.
2026-10-06T01:31:26Z INFO [36/500] 3f0fcb73-edb5-47e7-b872-a4a59600c537: 112 chunks; 2.1 s; peak memory 354 MiB.
2026-10-06T01:31:28Z INFO [37/500] 3f10bb30-2843-4cca-83b6-969297c7ae4f: 71 chunks; 2.5 s; peak memory 354 MiB.
2026-10-06T01:31:38Z INFO [38/500] 3f117c66-f953-4c71-939d-b5305334746b: 11550 chunks; 9.3 s; peak memory 354 MiB.
2026-10-06T01:31:52Z INFO [39/500] 3f1306ca-3bfd-4ec9-8d55-8ad2e9b0269e: 7747 chunks; 14.3 s; peak memory 354 MiB.
2026-10-06T01:31:54Z INFO [40/500] 3f13f7b1-a51a-48b9-885e-d2a3b8902dd1: 117 chunks; 1.7 s; peak memory 354 MiB.
2026-10-06T01:31:56Z INFO [41/500] 3f140ec8-f9db-409f-a647-5985c92e62f6: 110 chunks; 2.3 s; peak memory 354 MiB.
2026-10-06T01:32:03Z INFO [42/500] 3f14d603-209a-4ca5-bb4d-9d92ec6d5030: 291 chunks; 7.7 s; peak memory 354 MiB.
2026-10-06T01:32:05Z INFO [43/500] 3f14f9af-4624-4493-8d46-ba20ed83efc2: 48 chunks; 1.4 s; peak memory 354 MiB.
2026-10-06T01:32:06Z INFO [44/500] 3f161649-7a47-48d3-aab5-99d2cf954fab: 84 chunks; 1.4 s; peak memory 354 MiB.
2026-10-06T01:32:09Z INFO [45/500] 3f162d7c-1a2f-4f47-a926-36e30821eeea: 112 chunks; 2.3 s; peak memory 354 MiB.
2026-10-06T01:32:15Z INFO [46/500] 3f163cd7-3a1e-46dd-990b-21bcdc26567f: 2484 chunks; 6.5 s; peak memory 354 MiB.
2026-10-06T01:33:07Z INFO [47/500] 3f16e637-1225-42e6-9f59-fc1bbf9aaacd: 29515 chunks; 51.7 s; peak memory 354 MiB.
2026-10-06T01:33:08Z INFO [48/500] 3f17f6f5-cb4b-4e12-a395-2063fa08357f: 46 chunks; 1.2 s; peak memory 354 MiB.
2026-10-06T01:33:15Z INFO [49/500] 3f185d01-0c1a-455c-87e1-ca97b570df1b: 14265 chunks; 6.9 s; peak memory 354 MiB.
2026-10-06T01:33:17Z INFO [50/500] 3f18b2bc-ee53-491f-a384-b0b487f82ede: 112 chunks; 2.1 s; peak memory 354 MiB.
2026-10-06T01:33:17Z INFO [50/500] 3f18b2bc-ee53-491f-a384-b0b487f82ede: checkpointed 77384 records.
2026-10-06T01:33:27Z INFO [51/500] 3f18e33f-1bcb-48d3-9b78-8519e50c1a25: 2433 chunks; 10.0 s; peak memory 354 MiB.
2026-10-06T01:33:34Z INFO [52/500] 3f18ec4c-6dbb-435c-80d0-ee2a8cd6521c: 707 chunks; 6.8 s; peak memory 354 MiB.
2026-10-06T01:33:36Z INFO [53/500] 3f191405-9bea-48d0-9ebb-1bd3211d24a1: 92 chunks; 1.8 s; peak memory 354 MiB.
2026-10-06T01:33:51Z INFO [54/500] 3f19b2b2-dde4-4f0b-bf3a-f9fee007c367: 15562 chunks; 15.0 s; peak memory 354 MiB.
2026-10-06T01:34:05Z INFO [55/500] 3f19bca0-3a9b-4a0f-b927-3445e16828f3: 25932 chunks; 14.6 s; peak memory 354 MiB.
2026-10-06T01:34:08Z INFO [56/500] 3f1af0bd-62a2-4406-8ce3-9c6465e885fc: 67 chunks; 2.0 s; peak memory 354 MiB.
2026-10-06T01:34:21Z INFO [57/500] 3f1b3653-b84d-4730-8cd4-afd683037636: 14020 chunks; 13.6 s; peak memory 354 MiB.
2026-10-06T01:34:22Z INFO [58/500] 3f1b9e70-9afc-4d82-b378-d39e67c2ed7e: 48 chunks; 1.4 s; peak memory 354 MiB.
2026-10-06T01:34:24Z INFO [59/500] 3f1bbe92-5cb0-4ac0-8989-6938b49f6041: 46 chunks; 1.3 s; peak memory 354 MiB.
2026-10-06T01:34:27Z INFO [60/500] 3f1cb9ac-9022-4ee6-9067-a0ec57645856: 90 chunks; 3.3 s; peak memory 354 MiB.
2026-10-06T01:34:29Z INFO [61/500] 3f1cdc44-6058-4128-ade5-0af61ae09408: 117 chunks; 1.7 s; peak memory 354 MiB.
2026-10-06T01:34:31Z INFO [62/500] 3f1ce467-18bf-4445-8598-709f74045979: 66 chunks; 2.0 s; peak memory 354 MiB.
2026-10-06T01:34:39Z INFO [63/500] 3f1dbb45-bc17-408d-9dc3-be9446d89a95: 2923 chunks; 8.6 s; peak memory 354 MiB.
2026-10-06T01:34:42Z INFO [64/500] 3f1e0c05-3b74-4dff-a999-f48aae27c056: 90 chunks; 3.1 s; peak memory 354 MiB.
2026-10-06T01:34:45Z INFO [65/500] 3f1e60b0-0d58-4291-9a58-47f0b36a7e71: 455 chunks; 2.9 s; peak memory 354 MiB.
2026-10-06T01:34:47Z INFO [66/500] 3f1e7bd7-d73d-404e-b3d0-aebbd216532d: 294 chunks; 1.3 s; peak memory 354 MiB.
2026-10-06T01:34:49Z INFO [67/500] 3f1e7db3-81b0-4968-b7c7-4924e22adacc: 71 chunks; 2.2 s; peak memory 354 MiB.
2026-10-06T01:34:50Z INFO [68/500] 3f208125-fabe-47ff-9e6e-cc44c7cc63cf: 62 chunks; 1.1 s; peak memory 354 MiB.
2026-10-06T01:34:51Z INFO [69/500] 3f209a48-9cd8-4424-baa9-5f37c598f003: 49 chunks; 1.5 s; peak memory 354 MiB.
2026-10-06T01:34:58Z INFO [70/500] 3f20f655-a981-4809-9e0f-6760348ff7cd: 516 chunks; 6.1 s; peak memory 354 MiB.
2026-10-06T01:34:59Z INFO [71/500] 3f210137-c40f-4803-8122-644e2e2005f2: 48 chunks; 1.3 s; peak memory 354 MiB.
2026-10-06T01:35:00Z INFO [72/500] 3f212d96-9173-405c-8bb1-2b363e82715d: 109 chunks; 1.6 s; peak memory 354 MiB.
2026-10-06T01:39:40Z INFO [73/500] 3f2134ec-ab8c-4d79-95d2-445b55e0eb6a: 75961 chunks; 279.1 s; peak memory 487 MiB.
2026-10-06T01:39:41Z INFO [74/500] 3f221fe5-4284-42ab-9e8b-7d1e70ea2d27: 116 chunks; 1.8 s; peak memory 487 MiB.
2026-10-06T01:39:43Z INFO [75/500] 3f2232f9-5095-476f-a210-87ef56aa17bb: 48 chunks; 1.4 s; peak memory 487 MiB.
2026-10-06T01:39:47Z INFO [76/500] 3f228e96-1b5f-4d8c-ad2f-db9757a44c7f: 156 chunks; 4.0 s; peak memory 487 MiB.
2026-10-06T01:39:48Z INFO [77/500] 3f233c3c-48db-4254-b1fa-3f3c2f830c04: 48 chunks; 1.3 s; peak memory 487 MiB.
2026-10-06T01:39:57Z INFO [78/500] 3f247f5d-a674-4a78-8577-59f4dced44de: 5930 chunks; 9.1 s; peak memory 487 MiB.
2026-10-06T01:40:01Z INFO [79/500] 3f258e38-7a5d-4e91-9dbc-8d92d081d4ea: 485 chunks; 4.0 s; peak memory 487 MiB.
2026-10-06T01:40:17Z INFO [80/500] 3f26bc60-70a8-4433-b660-8aad89a46269: 13270 chunks; 16.1 s; peak memory 487 MiB.
2026-10-06T01:40:19Z INFO [81/500] 3f2798e4-d887-4ee9-bd99-65043156cb3d: 105 chunks; 2.2 s; peak memory 487 MiB.
2026-10-06T01:40:21Z INFO [82/500] 3f27adfb-38be-4adc-b84c-878b4413f659: 48 chunks; 1.4 s; peak memory 487 MiB.
2026-10-06T01:40:29Z INFO [83/500] 3f2883f5-dde5-45b4-831c-af0876a4429f: 2919 chunks; 8.1 s; peak memory 487 MiB.
2026-10-06T01:40:55Z INFO [84/500] 3f295d3e-9b8b-4915-8a4f-e91fdcf6a081: 6055 chunks; 26.3 s; peak memory 487 MiB.
2026-10-06T01:41:02Z INFO [85/500] 3f2b522d-8023-4a15-8624-4af94cee84a6: 174 chunks; 6.5 s; peak memory 487 MiB.
2026-10-06T01:41:03Z INFO [86/500] 3f2b55b4-4521-4a53-bfbb-05531d040589: 48 chunks; 1.3 s; peak memory 487 MiB.
2026-10-06T01:41:05Z INFO [87/500] 3f2e7008-507b-49c2-beda-9a81c8068438: 66 chunks; 1.9 s; peak memory 487 MiB.
2026-10-06T01:41:07Z INFO [88/500] 3f2fa5a2-501e-4ab7-84b2-826636545109: 110 chunks; 1.8 s; peak memory 487 MiB.
2026-10-06T01:41:10Z INFO [89/500] 3f2fcbbc-ebf5-4d62-80e0-510b17088994: 138 chunks; 3.4 s; peak memory 487 MiB.
2026-10-06T01:41:12Z INFO [90/500] 3f2fd7d9-98a1-4db5-a7da-6a4412a61660: 62 chunks; 1.8 s; peak memory 487 MiB.
2026-10-06T01:41:14Z INFO [91/500] 3f306d0f-1a83-4e8e-9bb7-15e640beb886: 64 chunks; 1.9 s; peak memory 487 MiB.
2026-10-06T01:41:17Z INFO [92/500] 3f32058e-0b57-47cd-aee3-fb43c86f6749: 997 chunks; 2.8 s; peak memory 487 MiB.
2026-10-06T01:41:18Z INFO [93/500] 3f32058f-cfd9-40af-9bb5-25c1f0ea0f21: 66 chunks; 2.0 s; peak memory 487 MiB.
2026-10-06T01:41:20Z INFO [94/500] 3f329f85-8e86-4694-abe2-6a9a87cdba31: 46 chunks; 1.2 s; peak memory 487 MiB.
2026-10-06T01:41:35Z INFO [95/500] 3f32f2f5-3f8d-43ba-a725-3f2f5203221b: 25923 chunks; 15.2 s; peak memory 487 MiB.
2026-10-06T01:41:46Z INFO [96/500] 3f330a5c-aa80-467e-9581-e2e1b46807cb: 626 chunks; 10.9 s; peak memory 487 MiB.
2026-10-06T01:41:47Z INFO [97/500] 3f331b76-d20b-4e80-b223-c18d14709872: 56 chunks; 1.1 s; peak memory 487 MiB.
2026-10-06T01:41:48Z INFO [98/500] 3f336034-bf77-4b22-babd-d38823767ea6: 48 chunks; 1.4 s; peak memory 487 MiB.
2026-10-06T01:41:59Z INFO [99/500] 3f34b32d-b179-4800-89e7-88208644e69a: 391 chunks; 10.5 s; peak memory 487 MiB.
2026-10-06T01:42:00Z INFO [100/500] 3f356b2b-bfc6-4619-86de-405165bd804d: 48 chunks; 1.3 s; peak memory 487 MiB.
2026-10-06T01:42:00Z INFO [100/500] 3f356b2b-bfc6-4619-86de-405165bd804d: checkpointed 77434 records.
2026-10-06T01:42:02Z INFO [101/500] 3f35a6f3-a12f-4c13-9253-e064c189059a: 112 chunks; 1.9 s; peak memory 487 MiB.
2026-10-06T01:42:04Z INFO [102/500] 3f35ced4-d80a-4fff-841e-3357fc34a66b: 117 chunks; 1.5 s; peak memory 487 MiB.
2026-10-06T01:42:06Z INFO [103/500] 3f364b1b-20e2-4966-8162-efcc359080e8: 933 chunks; 2.7 s; peak memory 487 MiB.
2026-10-06T01:42:08Z INFO [104/500] 3f371ba1-8727-49f8-be24-f041e2079119: 50 chunks; 1.2 s; peak memory 487 MiB.
2026-10-06T01:42:09Z INFO [105/500] 3f376046-ac96-43d3-b78f-bb55b8d1b9af: 117 chunks; 1.6 s; peak memory 487 MiB.
2026-10-06T01:42:11Z INFO [106/500] 3f377635-486e-4b06-bbbf-e2e6ff91eb35: 69 chunks; 2.0 s; peak memory 487 MiB.
2026-10-06T01:42:13Z INFO [107/500] 3f38ce75-7bd5-4c2e-a8ff-0996a7300a65: 48 chunks; 1.4 s; peak memory 487 MiB.
2026-10-06T01:42:14Z INFO [108/500] 3f39a558-fa72-4bf2-9b83-683c6b3dc842: 66 chunks; 1.1 s; peak memory 487 MiB.
2026-10-06T01:42:24Z INFO [109/500] 3f39f678-b380-4cad-a767-2db597c7a0d3: 5819 chunks; 9.8 s; peak memory 487 MiB.
2026-10-06T01:42:25Z INFO [110/500] 3f3ad28c-a994-410c-b1d4-70bfe0fcc53f: 117 chunks; 1.6 s; peak memory 487 MiB.
2026-10-06T01:42:27Z INFO [111/500] 3f3b09ce-7c88-4ff5-807e-b70cfbd50e9b: 71 chunks; 1.9 s; peak memory 487 MiB.
2026-10-06T01:42:33Z INFO [112/500] 3f3b3217-6b4e-4dfe-9c3c-51ca448a0bc7: 8658 chunks; 5.7 s; peak memory 487 MiB.
2026-10-06T01:42:34Z INFO [113/500] 3f3c0a40-78a3-4c1e-90c3-4f825563f3fb: 110 chunks; 1.7 s; peak memory 487 MiB.
2026-10-06T01:42:48Z INFO [114/500] 3f3c545f-fe1b-4dc3-ad2e-935d2df157ce: 8949 chunks; 14.0 s; peak memory 487 MiB.
2026-10-06T01:42:50Z INFO [115/500] 3f3e07d6-597f-4d2a-8674-424fae7b192e: 69 chunks; 1.8 s; peak memory 487 MiB.
2026-10-06T01:42:51Z INFO [116/500] 3f3e4b48-35f9-4023-a76b-b0047938d110: 48 chunks; 1.3 s; peak memory 487 MiB.
2026-10-06T01:42:53Z INFO [117/500] 3f3eee3b-eb0f-4ce0-996e-6ed78c527d22: 112 chunks; 1.5 s; peak memory 487 MiB.
2026-10-06T01:42:54Z INFO [118/500] 3f40466f-ecaf-41e0-bf9b-74e5559df851: 48 chunks; 1.3 s; peak memory 487 MiB.
2026-10-06T01:42:56Z INFO [119/500] 3f415689-1764-4473-9080-160cd5f36951: 48 chunks; 1.4 s; peak memory 487 MiB.
2026-10-06T01:44:29Z INFO [120/500] 3f417e86-49cf-413e-acee-56fb19db95f6: 32825 chunks; 93.0 s; peak memory 487 MiB.
2026-10-06T01:44:30Z INFO [121/500] 3f41a40c-7c5d-48a0-afe3-40758b2df207: 124 chunks; 1.8 s; peak memory 487 MiB.
2026-10-06T01:44:33Z INFO [122/500] 3f41c661-dad4-4c97-bd17-a4748adfcac6: 933 chunks; 2.8 s; peak memory 487 MiB.
2026-10-06T01:44:35Z INFO [123/500] 3f423e4b-cecc-45d8-a1b5-3361121f1660: 112 chunks; 1.7 s; peak memory 487 MiB.
2026-10-06T01:44:37Z INFO [124/500] 3f42b9be-4e8e-4aea-8f19-1b6bb78fd61d: 69 chunks; 2.4 s; peak memory 487 MiB.
2026-10-06T01:44:39Z INFO [125/500] 3f42d282-bd78-4e36-82a2-6dcc6894933b: 84 chunks; 1.9 s; peak memory 487 MiB.
2026-10-06T01:44:40Z INFO [126/500] 3f4364fc-c932-4d9d-95e3-70870386eead: 46 chunks; 1.1 s; peak memory 487 MiB.
2026-10-06T01:44:42Z INFO [127/500] 3f439e0d-1879-440b-a4c2-020d1d4865ff: 117 chunks; 1.5 s; peak memory 487 MiB.
2026-10-06T01:44:43Z INFO [128/500] 3f43cf16-c9db-4073-95fb-9cc7e662d713: 41 chunks; 1.2 s; peak memory 487 MiB.
2026-10-06T01:44:45Z INFO [129/500] 3f442ac6-7d18-4f16-a8ab-49ddef28b4f9: 69 chunks; 1.9 s; peak memory 487 MiB.
2026-10-06T01:44:46Z INFO [130/500] 3f44a803-7c3a-4f74-9243-3c6a7d49f9e7: 48 chunks; 1.4 s; peak memory 487 MiB.
2026-10-06T01:44:48Z INFO [131/500] 3f44b6f5-b056-451a-a7ef-25ae2909c237: 52 chunks; 1.6 s; peak memory 487 MiB.
2026-10-06T01:44:50Z INFO [132/500] 3f44f55c-4907-4fc5-a6b8-a10481bffd62: 289 chunks; 1.9 s; peak memory 487 MiB.
2026-10-06T01:44:51Z INFO [133/500] 3f450e69-bc38-4da0-80cf-7af61dbc4872: 46 chunks; 1.0 s; peak memory 487 MiB.
2026-10-06T01:44:53Z INFO [134/500] 3f455be3-ea4f-4c5e-8826-0f867c522adb: 112 chunks; 2.0 s; peak memory 487 MiB.
2026-10-06T01:45:12Z INFO [135/500] 3f45db4b-83b6-4416-826a-ef1030c86e2b: 429 chunks; 18.9 s; peak memory 487 MiB.
2026-10-06T01:45:17Z INFO [136/500] 3f47227d-4739-493a-a7dd-91ede85fffbb: 155 chunks; 5.5 s; peak memory 487 MiB.
2026-10-06T01:45:19Z INFO [137/500] 3f4734b1-14fb-4e1a-896f-888771d41318: 119 chunks; 1.2 s; peak memory 487 MiB.
2026-10-06T01:45:20Z INFO [138/500] 3f479699-6379-44df-9ee0-3479bdcff993: 117 chunks; 1.6 s; peak memory 487 MiB.
2026-10-06T01:45:22Z INFO [139/500] 3f47a697-7ed4-491a-8cda-37225e86936c: 52 chunks; 1.5 s; peak memory 487 MiB.
2026-10-06T01:45:23Z INFO [140/500] 3f47b4a5-502d-4bf5-8618-a3450d338901: 48 chunks; 1.3 s; peak memory 487 MiB.
2026-10-06T01:45:25Z INFO [141/500] 3f48bd88-7ca6-4d79-b383-c64ed159e06d: 112 chunks; 1.7 s; peak memory 487 MiB.
2026-10-06T01:45:39Z INFO [142/500] 3f48c20e-c746-4748-8a71-704316f44bc7: 21254 chunks; 13.9 s; peak memory 487 MiB.
2026-10-06T01:45:40Z INFO [143/500] 3f491dd6-7a0c-4552-b718-a24ddc5bc29c: 112 chunks; 1.6 s; peak memory 487 MiB.
2026-10-06T01:45:48Z INFO [144/500] 3f49266c-d2d4-4033-8b99-4cf4f0fb646f: 1187 chunks; 7.7 s; peak memory 487 MiB.
2026-10-06T01:45:50Z INFO [145/500] 3f49554a-a5bb-4ae2-80b4-c33299ba6a7b: 49 chunks; 1.8 s; peak memory 487 MiB.
2026-10-06T01:45:51Z INFO [146/500] 3f49adf3-a657-4323-a938-713cb50e99fa: 52 chunks; 1.6 s; peak memory 487 MiB.
2026-10-06T01:45:53Z INFO [147/500] 3f49d1ed-fa20-472b-9d1a-ff9b26995944: 41 chunks; 1.2 s; peak memory 487 MiB.
2026-10-06T01:45:55Z INFO [148/500] 3f49d660-7642-414d-b363-153849110115: 118 chunks; 2.7 s; peak memory 487 MiB.
2026-10-06T01:45:57Z INFO [149/500] 3f4aaf1e-22a2-4b4c-a01b-a8e4e6cfac3e: 48 chunks; 1.4 s; peak memory 487 MiB.
2026-10-06T01:45:58Z INFO [150/500] 3f4ac16f-837c-4f70-8efa-b028273bed64: 48 chunks; 1.3 s; peak memory 487 MiB.
2026-10-06T01:45:58Z INFO [150/500] 3f4ac16f-837c-4f70-8efa-b028273bed64: checkpointed 77484 records.
2026-10-06T01:45:59Z INFO [151/500] 3f4c8ad9-6cd1-401d-a949-dea0811608e4: 51 chunks; 1.1 s; peak memory 487 MiB.
2026-10-06T01:46:01Z INFO [152/500] 3f4cd382-aa38-4bf0-89c8-68af4eed5216: 48 chunks; 1.4 s; peak memory 487 MiB.
2026-10-06T01:46:07Z INFO [153/500] 3f4d3053-c3df-45c0-85f1-816054997643: 8880 chunks; 5.9 s; peak memory 487 MiB.
2026-10-06T01:46:08Z INFO [154/500] 3f4d3795-e48b-429e-951f-91f3f3ba077f: 48 chunks; 1.4 s; peak memory 487 MiB.
2026-10-06T01:47:27Z INFO [155/500] 3f4e2819-6359-4610-be64-106d8d20948d: 45659 chunks; 78.6 s; peak memory 487 MiB.
2026-10-06T01:47:28Z INFO [156/500] 3f4e8807-3783-4075-a933-0dcab78c18f0: 48 chunks; 1.4 s; peak memory 487 MiB.
2026-10-06T01:47:32Z INFO [157/500] 3f4f63e5-0b75-4134-bd62-a68ae032f4b0: 1641 chunks; 4.1 s; peak memory 487 MiB.
2026-10-06T01:47:33Z INFO [158/500] 3f506a48-496b-43c3-b42c-a4b5534f3927: 48 chunks; 1.3 s; peak memory 487 MiB.
2026-10-06T01:47:35Z INFO [159/500] 3f513e0d-3d65-40f9-9d7d-e648c5ad829f: 51 chunks; 1.8 s; peak memory 487 MiB.
2026-10-06T01:47:37Z INFO [160/500] 3f520ad7-b81a-4182-8005-a38723c28115: 117 chunks; 1.7 s; peak memory 487 MiB.
2026-10-06T01:47:46Z INFO [161/500] 3f52f157-b2b8-4f8d-a3a1-5dc9199dd420: 704 chunks; 9.1 s; peak memory 487 MiB.
2026-10-06T01:47:48Z INFO [162/500] 3f53c31b-0126-4aaf-b3a8-d3fcb264de77: 117 chunks; 1.6 s; peak memory 487 MiB.
2026-10-06T01:47:49Z INFO [163/500] 3f54200f-23cd-4cf6-afa6-42a92db5d466: 112 chunks; 1.7 s; peak memory 487 MiB.
2026-10-06T01:47:51Z INFO [164/500] 3f5425ce-fbfe-4b1e-9e7a-54efcd71fc6c: 112 chunks; 1.3 s; peak memory 487 MiB.
2026-10-06T01:47:53Z INFO [165/500] 3f559418-fe13-4603-891a-7bc24c5a6b22: 66 chunks; 2.0 s; peak memory 487 MiB.
2026-10-06T01:47:54Z INFO [166/500] 3f55bf06-7eb1-4550-98ae-cd91796a3949: 112 chunks; 1.9 s; peak memory 487 MiB.
2026-10-06T01:53:09Z INFO [167/500] 3f567df9-b6b8-4157-9187-6655c682e9df: 89516 chunks; 314.5 s; peak memory 533 MiB.
2026-10-06T01:53:10Z INFO [168/500] 3f575c0a-ab64-47a3-aa4c-dd6d85aa9b40: 48 chunks; 1.3 s; peak memory 533 MiB.
2026-10-06T01:53:11Z INFO [169/500] 3f57fe55-24a4-447f-a816-b000120c57e6: 52 chunks; 1.1 s; peak memory 533 MiB.
2026-10-06T01:53:13Z INFO [170/500] 3f58c6b7-585e-45d1-aa3f-509a90a4aab6: 117 chunks; 1.6 s; peak memory 533 MiB.
2026-10-06T01:53:19Z INFO [171/500] 3f592f28-c986-42bb-b084-41df88c2a8ae: 516 chunks; 6.2 s; peak memory 533 MiB.
2026-10-06T01:53:22Z INFO [172/500] 3f59413d-e187-4e63-bfad-77bbbad29b7f: 71 chunks; 2.7 s; peak memory 533 MiB.
2026-10-06T01:53:24Z INFO [173/500] 3f594924-42f8-4391-8bde-a20911e99d4e: 62 chunks; 2.0 s; peak memory 533 MiB.
2026-10-06T01:53:25Z INFO [174/500] 3f59bdce-55dd-4c9d-803b-47e6d41d68dd: 48 chunks; 1.2 s; peak memory 533 MiB.
2026-10-06T01:53:34Z INFO [175/500] 3f59ebc4-ff16-40f3-a7b2-775781d0472e: 18341 chunks; 8.9 s; peak memory 533 MiB.
2026-10-06T01:53:36Z INFO [176/500] 3f5bfced-311f-46b6-8dcc-7785a0c8753e: 152 chunks; 2.2 s; peak memory 533 MiB.
2026-10-06T01:53:38Z INFO [177/500] 3f5c274a-1df5-4734-8340-c5ea261b0b78: 117 chunks; 1.6 s; peak memory 533 MiB.
2026-10-06T01:53:39Z INFO [178/500] 3f5cb855-450d-4ad4-aa23-d8e3b8bca755: 57 chunks; 1.2 s; peak memory 533 MiB.
2026-10-06T01:55:17Z INFO [179/500] 3f5d0394-2465-4586-a6e4-632f4985b7f6: 32825 chunks; 97.7 s; peak memory 533 MiB.
2026-10-06T01:55:18Z INFO [180/500] 3f5de459-8033-4f61-893d-4866e49c5d51: 48 chunks; 1.3 s; peak memory 533 MiB.
2026-10-06T01:55:20Z INFO [181/500] 3f5e521d-8018-4858-b9e3-c779db2beb05: 33 chunks; 1.6 s; peak memory 533 MiB.
2026-10-06T01:55:21Z INFO [182/500] 3f5e67be-692c-43f1-84dd-1f5029514c4b: 69 chunks; 1.5 s; peak memory 533 MiB.
2026-10-06T01:55:23Z INFO [183/500] 3f5e713e-e6da-4efd-a7a0-e53fda29e3c3: 118 chunks; 1.9 s; peak memory 533 MiB.
2026-10-06T01:55:25Z INFO [184/500] 3f5eb7c2-621e-4c15-b705-a8f45556e8a1: 71 chunks; 2.1 s; peak memory 533 MiB.
2026-10-06T01:55:27Z INFO [185/500] 3f602bef-7689-4f56-b1d1-eb6e6c89f6f1: 46 chunks; 1.4 s; peak memory 533 MiB.
2026-10-06T01:55:37Z INFO [186/500] 3f60be41-8a24-42cf-9a4c-6aa10fcda5db: 16324 chunks; 9.8 s; peak memory 533 MiB.
2026-10-06T01:55:41Z INFO [187/500] 3f610823-ed76-4fbd-8cc9-46a5bcc7ebbb: 2485 chunks; 4.9 s; peak memory 533 MiB.
2026-10-06T01:55:43Z INFO [188/500] 3f6290b5-6344-4b68-b1df-f6b1b0136315: 48 chunks; 1.4 s; peak memory 533 MiB.
2026-10-06T01:55:45Z INFO [189/500] 3f629867-a13f-4a1d-b4e7-8c00cb9ebd3d: 71 chunks; 2.1 s; peak memory 533 MiB.
2026-10-06T01:55:46Z INFO [190/500] 3f631026-ada6-4397-bf69-7cfa40a89728: 118 chunks; 1.5 s; peak memory 533 MiB.
2026-10-06T01:55:48Z INFO [191/500] 3f63d2d8-d973-4179-a55e-22be47ff3d17: 58 chunks; 1.1 s; peak memory 533 MiB.
2026-10-06T01:55:49Z INFO [192/500] 3f657ef0-ab58-4d71-b367-d73103fee35e: 48 chunks; 1.5 s; peak memory 533 MiB.
2026-10-06T01:56:03Z INFO [193/500] 3f66006c-2baf-4b42-aa40-b4a2eb77ac2c: 23171 chunks; 14.1 s; peak memory 533 MiB.
2026-10-06T01:58:44Z INFO [194/500] 3f6621ac-364d-43aa-b456-d786a229f802: 42578 chunks; 160.4 s; peak memory 533 MiB.
2026-10-06T01:58:46Z INFO [195/500] 3f6635c6-083f-49ef-95f6-d195d643b1d7: 101 chunks; 3.0 s; peak memory 533 MiB.
2026-10-06T01:58:48Z INFO [196/500] 3f668912-e114-4511-9892-0ea57c061e0d: 230 chunks; 1.9 s; peak memory 533 MiB.
2026-10-06T01:58:51Z INFO [197/500] 3f66fc61-183f-48b3-a1be-f91a8724a97d: 90 chunks; 3.1 s; peak memory 533 MiB.
2026-10-06T01:58:53Z INFO [198/500] 3f673a97-1ac3-47cc-a4af-d21528c67613: 70 chunks; 1.8 s; peak memory 533 MiB.
2026-10-06T01:59:06Z INFO [199/500] 3f6833e5-f5f1-40ab-943b-37c336be0808: 2199 chunks; 13.2 s; peak memory 533 MiB.
2026-10-06T01:59:09Z INFO [200/500] 3f68b95b-899a-4a81-b4ab-caea7eb2a43e: 71 chunks; 2.8 s; peak memory 533 MiB.
2026-10-06T01:59:09Z INFO [200/500] 3f68b95b-899a-4a81-b4ab-caea7eb2a43e: checkpointed 77534 records.
2026-10-06T01:59:12Z INFO [201/500] 3f68d150-d78a-471d-ac7a-350a1b21021a: 112 chunks; 2.2 s; peak memory 533 MiB.
2026-10-06T01:59:22Z INFO [202/500] 3f6a103f-6cc6-49b8-b171-bcecbb7d900d: 1053 chunks; 10.0 s; peak memory 533 MiB.
2026-10-06T01:59:24Z INFO [203/500] 3f6a5dcb-f6e5-47d8-869e-d170ccba27b6: 71 chunks; 2.1 s; peak memory 533 MiB.
2026-10-06T01:59:27Z INFO [204/500] 3f6a9f17-28a3-4aa9-9a52-f4cf7c9848dc: 114 chunks; 3.1 s; peak memory 533 MiB.
2026-10-06T01:59:29Z INFO [205/500] 3f6b2e4a-d3ef-4915-b601-9c461e8e2897: 116 chunks; 1.6 s; peak memory 533 MiB.
2026-10-06T01:59:36Z INFO [206/500] 3f6b7a4c-d905-456d-b08d-9bce0f4d80b3: 18247 chunks; 7.2 s; peak memory 533 MiB.
2026-10-06T01:59:55Z INFO [207/500] 3f6bb7c7-9964-469d-a2f6-813808e42330: 5681 chunks; 19.0 s; peak memory 533 MiB.
2026-10-06T01:59:56Z INFO [208/500] 3f6d55f3-0869-468b-8372-4bff06177928: 117 chunks; 1.7 s; peak memory 533 MiB.
2026-10-06T01:59:58Z INFO [209/500] 3f6d7012-6f4c-419b-9139-5a518b24bec0: 65 chunks; 1.7 s; peak memory 533 MiB.
2026-10-06T02:00:04Z INFO [210/500] 3f6d7a44-038f-468f-b6a4-eb929a7f986b: 2992 chunks; 5.5 s; peak memory 533 MiB.
2026-10-06T02:00:05Z INFO [211/500] 3f6e543b-600e-42c0-9d35-9105731c8c0c: 118 chunks; 1.5 s; peak memory 533 MiB.
2026-10-06T02:00:10Z INFO [212/500] 3f6e615d-2dee-4553-a185-902a99c40f7c: 184 chunks; 4.7 s; peak memory 533 MiB.
2026-10-06T02:00:11Z INFO [213/500] 3f6f0a27-e651-4037-8de2-97d17c1cbb7e: 169 chunks; 1.4 s; peak memory 533 MiB.
2026-10-06T02:00:12Z INFO [214/500] 3f6fff33-d883-43f0-a7d6-a997209abaa2: 46 chunks; 1.2 s; peak memory 533 MiB.
2026-10-06T02:00:14Z INFO [215/500] 3f70685c-a967-4af8-81cb-24df56c03db5: 112 chunks; 2.0 s; peak memory 533 MiB.
2026-10-06T02:00:17Z INFO [216/500] 3f70a38e-1929-4a8e-92e5-8e2aaa416c77: 150 chunks; 2.2 s; peak memory 533 MiB.
2026-10-06T02:00:18Z INFO [217/500] 3f71480d-0ade-4f41-8c86-85855ed311cf: 117 chunks; 1.6 s; peak memory 533 MiB.
2026-10-06T02:00:20Z INFO [218/500] 3f7180cc-7340-4296-8adc-2edbd91945a2: 118 chunks; 1.6 s; peak memory 533 MiB.
2026-10-06T02:00:21Z INFO [219/500] 3f71a0b3-68f8-47dd-afe8-8973eb24269e: 114 chunks; 1.2 s; peak memory 533 MiB.
2026-10-06T02:00:25Z INFO [220/500] 3f732027-ba50-4b1f-992e-e1a925f1e8a0: 186 chunks; 3.5 s; peak memory 533 MiB.
2026-10-06T02:00:39Z INFO [221/500] 3f736eb1-2049-41a5-959e-be04c459a4ed: 8473 chunks; 14.8 s; peak memory 533 MiB.
2026-10-06T02:00:41Z INFO [222/500] 3f741e63-c815-451d-9f4a-8a8a0b48c564: 48 chunks; 1.3 s; peak memory 533 MiB.
2026-10-06T02:00:42Z INFO [223/500] 3f743426-65ae-4474-b56a-8cc26f77861a: 117 chunks; 1.4 s; peak memory 533 MiB.
2026-10-06T02:00:44Z INFO [224/500] 3f766342-203e-4fbc-a559-5f104a930c1d: 69 chunks; 2.0 s; peak memory 533 MiB.
2026-10-06T02:00:46Z INFO [225/500] 3f767ae5-1824-42b7-8060-a2ada5330753: 78 chunks; 1.7 s; peak memory 533 MiB.
2026-10-06T02:00:51Z INFO [226/500] 3f76a9bf-06ce-4450-b662-653cf134ff40: 1448 chunks; 5.1 s; peak memory 533 MiB.
2026-10-06T02:00:58Z INFO [227/500] 3f7712f6-d06e-40c8-a69c-165b5061e29f: 670 chunks; 7.0 s; peak memory 533 MiB.
2026-10-06T02:00:59Z INFO [228/500] 3f776c6d-6d0d-459b-a26c-12a1b9ac6f7a: 48 chunks; 1.5 s; peak memory 533 MiB.
2026-10-06T02:01:01Z INFO [229/500] 3f78070c-c65f-4f5f-a014-a1225df6c535: 62 chunks; 2.1 s; peak memory 533 MiB.
2026-10-06T02:01:03Z INFO [230/500] 3f78b50d-2f44-4028-ac7a-ef00a8b19fba: 124 chunks; 2.0 s; peak memory 533 MiB.
2026-10-06T02:01:14Z INFO [231/500] 3f78e88e-02d1-4ba8-ac54-17da3004f98a: 4223 chunks; 10.9 s; peak memory 533 MiB.
2026-10-06T02:01:27Z INFO [232/500] 3f7988b3-84e9-4ba6-91fa-6382179e381c: 20677 chunks; 13.2 s; peak memory 533 MiB.
2026-10-06T02:01:29Z INFO [233/500] 3f7aa65c-4352-4411-8d1e-69563af331fc: 48 chunks; 1.3 s; peak memory 533 MiB.
2026-10-06T02:01:30Z INFO [234/500] 3f7aedcc-2b54-4517-b43a-0b719818ff9c: 48 chunks; 1.5 s; peak memory 533 MiB.
2026-10-06T02:01:32Z INFO [235/500] 3f7b88c1-90c5-41d1-b322-49b7b8195a70: 118 chunks; 1.5 s; peak memory 533 MiB.
2026-10-06T02:01:33Z INFO [236/500] 3f7bc427-8cd6-4d18-85d9-4af6f0fdeb3a: 117 chunks; 1.6 s; peak memory 533 MiB.
2026-10-06T02:01:35Z INFO [237/500] 3f7bf0c9-0975-41d2-8cc1-70309fc3cfb7: 55 chunks; 1.1 s; peak memory 533 MiB.
2026-10-06T02:01:37Z INFO [238/500] 3f7bf29a-0e4f-49b8-a4f8-ac58a5f848ab: 127 chunks; 2.0 s; peak memory 533 MiB.
2026-10-06T02:01:38Z INFO [239/500] 3f7c1000-2d24-43ee-bd0d-4532ea08ed7e: 112 chunks; 1.9 s; peak memory 533 MiB.
2026-10-06T02:02:56Z INFO [240/500] 3f7d77e0-17ef-441b-8bec-182c11478de3: 2878 chunks; 77.8 s; peak memory 533 MiB.
2026-10-06T02:07:55Z INFO [241/500] 3f7da8e9-8284-4983-86f5-5c82e93d1640: 76283 chunks; 299.2 s; peak memory 533 MiB.
2026-10-06T02:08:01Z INFO [242/500] 3f7db5c9-e069-4cf9-8f9a-61815a8df850: 2370 chunks; 5.3 s; peak memory 533 MiB.
2026-10-06T02:08:02Z INFO [243/500] 3f7eda3f-bd48-4484-903d-9f2d9d914d60: 117 chunks; 1.4 s; peak memory 533 MiB.
2026-10-06T02:08:04Z INFO [244/500] 3f7eecde-32ce-4fcb-8229-922c7a20e041: 289 chunks; 1.9 s; peak memory 533 MiB.
2026-10-06T02:08:06Z INFO [245/500] 3f7f0874-8466-48aa-bead-eb753ff6e3c6: 52 chunks; 1.5 s; peak memory 533 MiB.
2026-10-06T02:08:12Z INFO [246/500] 3f7fb5a7-1e5d-4a3c-bb4a-389e03a4ee92: 817 chunks; 6.3 s; peak memory 533 MiB.
2026-10-06T02:08:13Z INFO [247/500] 3f7ff3c5-7f25-4254-a11b-f3f4cb4490c0: 52 chunks; 1.5 s; peak memory 533 MiB.
2026-10-06T02:08:17Z INFO [248/500] 3f806e20-46a4-4415-9ab9-e82f1d1389c6: 138 chunks; 3.4 s; peak memory 533 MiB.
2026-10-06T02:08:19Z INFO [249/500] 3f80c32c-5230-4d49-b285-9c4167cd6e73: 62 chunks; 2.1 s; peak memory 533 MiB.
2026-10-06T02:08:25Z INFO [250/500] 3f80fd0e-d05f-4191-b961-414a771cedf2: 7796 chunks; 6.2 s; peak memory 533 MiB.
2026-10-06T02:08:25Z INFO [250/500] 3f80fd0e-d05f-4191-b961-414a771cedf2: checkpointed 77584 records.
2026-10-06T02:08:28Z INFO [251/500] 3f816952-f066-4a2a-af76-30657f620c67: 997 chunks; 3.1 s; peak memory 533 MiB.
2026-10-06T02:08:30Z INFO [252/500] 3f82519b-5cc9-4aca-b589-1fd7ce6943bb: 109 chunks; 1.8 s; peak memory 533 MiB.
2026-10-06T02:08:32Z INFO [253/500] 3f8383b8-8028-4c1f-bd67-a977d6295373: 71 chunks; 2.4 s; peak memory 533 MiB.
2026-10-06T02:08:34Z INFO [254/500] 3f868e51-cb5e-4a7f-a29f-b218be494371: 46 chunks; 1.4 s; peak memory 533 MiB.
2026-10-06T02:08:35Z INFO [255/500] 3f868ffe-77ea-4db6-8610-f843cd4cc631: 117 chunks; 1.5 s; peak memory 533 MiB.
2026-10-06T02:08:37Z INFO [256/500] 3f86b236-438a-42f5-89f4-687a3d342018: 109 chunks; 1.8 s; peak memory 533 MiB.
2026-10-06T02:08:39Z INFO [257/500] 3f872a56-880e-4895-be4b-515e638c9c8b: 52 chunks; 1.5 s; peak memory 533 MiB.
2026-10-06T02:11:11Z INFO [258/500] 3f874bc6-613d-4e33-853d-b24e2a8b11fd: 37973 chunks; 152.2 s; peak memory 533 MiB.
2026-10-06T02:11:14Z INFO [259/500] 3f881859-4941-4fe3-9ddb-ab439ba425e4: 119 chunks; 3.1 s; peak memory 533 MiB.
2026-10-06T02:11:30Z INFO [260/500] 3f8996b0-bcb3-40c1-9bdc-9f55d2c94a66: 22409 chunks; 16.2 s; peak memory 533 MiB.
2026-10-06T02:11:32Z INFO [261/500] 3f89c118-e426-4aaf-94fc-83a062bddeeb: 112 chunks; 2.1 s; peak memory 533 MiB.
2026-10-06T02:11:34Z INFO [262/500] 3f89ef6b-c106-4c8b-812d-97f6bbecb602: 116 chunks; 1.8 s; peak memory 533 MiB.
2026-10-06T02:11:35Z INFO [263/500] 3f8a9aa5-2ad7-4cc7-bed2-4aae93a3f5f4: 84 chunks; 1.5 s; peak memory 533 MiB.
2026-10-06T02:11:37Z INFO [264/500] 3f8b51b5-4d4a-476c-a37e-474064623098: 48 chunks; 1.3 s; peak memory 533 MiB.
2026-10-06T02:11:38Z INFO [265/500] 3f8bbf33-7f8e-482a-8219-c39fd3711630: 54 chunks; 1.2 s; peak memory 533 MiB.
2026-10-06T02:11:39Z INFO [266/500] 3f8c1a28-723b-4b7a-8edd-b6e2f46d6702: 48 chunks; 1.4 s; peak memory 533 MiB.
2026-10-06T02:11:41Z INFO [267/500] 3f8cdcf9-ea2c-4112-86f2-616faec9d46a: 71 chunks; 1.9 s; peak memory 533 MiB.
2026-10-06T02:11:43Z INFO [268/500] 3f8d097b-7404-4665-88a1-d05c153bb435: 117 chunks; 1.5 s; peak memory 533 MiB.
2026-10-06T02:11:44Z INFO [269/500] 3f8ed64e-76d4-4800-9806-7bc591e373d6: 48 chunks; 1.4 s; peak memory 533 MiB.
2026-10-06T02:11:53Z INFO [270/500] 3f8f2460-d20b-474a-b3e1-c96a4ab94608: 4171 chunks; 8.8 s; peak memory 533 MiB.
2026-10-06T02:11:54Z INFO [271/500] 3f8f24f0-771b-439e-b04a-0fb4dafbe325: 48 chunks; 1.4 s; peak memory 533 MiB.
2026-10-06T02:11:58Z INFO [272/500] 3f8fb487-76ca-469f-89f3-a3af1ea5ad5f: 116 chunks; 3.2 s; peak memory 533 MiB.
2026-10-06T02:11:59Z INFO [273/500] 3f8fe793-7d19-4296-af76-7ae96970cca6: 48 chunks; 1.5 s; peak memory 533 MiB.
2026-10-06T02:12:02Z INFO [274/500] 3f900fa2-f050-46d8-8a2a-03d6eecdac5c: 119 chunks; 2.7 s; peak memory 533 MiB.
2026-10-06T02:12:03Z INFO [275/500] 3f90b8af-1ee7-4055-bd08-793d5f43df85: 48 chunks; 1.5 s; peak memory 533 MiB.
2026-10-06T02:12:06Z INFO [276/500] 3f90de78-7170-4a5c-8808-8c236cda1706: 137 chunks; 2.4 s; peak memory 533 MiB.
2026-10-06T02:12:07Z INFO [277/500] 3f910f90-b691-4574-808b-7745d2e065c0: 45 chunks; 1.5 s; peak memory 533 MiB.
2026-10-06T02:12:09Z INFO [278/500] 3f913c3d-70c2-4f0b-8cb8-42f748764574: 52 chunks; 1.5 s; peak memory 533 MiB.
2026-10-06T02:12:10Z INFO [279/500] 3f916e21-24eb-4819-9126-6cd44b72113f: 48 chunks; 1.3 s; peak memory 533 MiB.
2026-10-06T02:12:12Z INFO [280/500] 3f91af8c-5ff9-4814-bebb-8ea047576709: 48 chunks; 1.6 s; peak memory 533 MiB.
2026-10-06T02:12:13Z INFO [281/500] 3f91d0f3-4482-40d1-a46f-2f6cecb2cee6: 116 chunks; 1.8 s; peak memory 533 MiB.
2026-10-06T02:12:17Z INFO [282/500] 3f91e8f6-561b-4ad3-a2b3-cab7a0918d2d: 368 chunks; 3.7 s; peak memory 533 MiB.
2026-10-06T02:17:11Z INFO [283/500] 3f924fa1-fcd1-4056-a3ad-21050f9921f0: 75385 chunks; 294.1 s; peak memory 533 MiB.
2026-10-06T02:17:13Z INFO [284/500] 3f934b84-8beb-4a22-a0ca-272f53b13b26: 131 chunks; 2.1 s; peak memory 533 MiB.
2026-10-06T02:17:15Z INFO [285/500] 3f94341c-ac53-461e-9544-5d75d14f9faa: 112 chunks; 2.1 s; peak memory 533 MiB.
2026-10-06T02:17:18Z INFO [286/500] 3f946446-b769-44d9-ac99-f4e0c2ec397f: 76 chunks; 2.4 s; peak memory 533 MiB.
2026-10-06T02:17:26Z INFO [287/500] 3f956d0c-5dce-46a7-b39c-d0eb29beecdf: 290 chunks; 8.7 s; peak memory 533 MiB.
2026-10-06T02:17:28Z INFO [288/500] 3f957f23-7917-4d57-b027-b49a14bdbde0: 84 chunks; 1.6 s; peak memory 533 MiB.
2026-10-06T02:17:30Z INFO [289/500] 3f96101d-188d-4ac7-9795-c2ee403882ed: 68 chunks; 1.5 s; peak memory 533 MiB.
2026-10-06T02:17:31Z INFO [290/500] 3f965f30-b029-42a4-939c-30ecbf8dc6d4: 37 chunks; 1.1 s; peak memory 533 MiB.
2026-10-06T02:17:44Z INFO [291/500] 3f96672a-d57e-4bb1-842d-19c31cbdc3a4: 20583 chunks; 13.4 s; peak memory 533 MiB.
2026-10-06T02:17:46Z INFO [292/500] 3f966849-34c5-4aa0-a093-cab489dae16c: 117 chunks; 1.5 s; peak memory 533 MiB.
2026-10-06T02:17:47Z INFO [293/500] 3f96766a-305d-4e40-a23b-198ee7d74e9b: 66 chunks; 1.8 s; peak memory 533 MiB.
2026-10-06T02:17:51Z INFO [294/500] 3f971502-9f3a-4f4e-876c-a0efdc229481: 115 chunks; 3.5 s; peak memory 533 MiB.
2026-10-06T02:17:53Z INFO [295/500] 3f976c9e-68cc-4a99-9a0f-11c5084c99e3: 117 chunks; 1.8 s; peak memory 533 MiB.
2026-10-06T02:17:54Z INFO [296/500] 3f984f39-0d4e-4cbd-a9df-18657a28934e: 72 chunks; 1.4 s; peak memory 533 MiB.
2026-10-06T02:17:56Z INFO [297/500] 3f988838-9f77-4c42-a7a1-528b8d9af011: 52 chunks; 1.4 s; peak memory 533 MiB.
2026-10-06T02:17:56Z INFO [298/500] 3f988918-9e59-4d86-bf24-9102bf9a6d08: 46 chunks; 0.9 s; peak memory 533 MiB.
2026-10-06T02:17:58Z INFO [299/500] 3f997f9d-98c9-431d-b33c-1dec20a1ce6a: 69 chunks; 1.8 s; peak memory 533 MiB.
2026-10-06T02:18:00Z INFO [300/500] 3f99e756-3bdf-4c0b-9ad7-f747ccfde75b: 170 chunks; 1.8 s; peak memory 533 MiB.
2026-10-06T02:18:00Z INFO [300/500] 3f99e756-3bdf-4c0b-9ad7-f747ccfde75b: checkpointed 77634 records.
2026-10-06T02:21:49Z INFO [301/500] 3f9a10a5-f32b-488e-85cc-8c239abb734a: 12141 chunks; 228.6 s; peak memory 560 MiB.
2026-10-06T02:21:50Z INFO [302/500] 3f9a3e6c-ceea-4d97-a01d-4d77814a9e34: 57 chunks; 1.1 s; peak memory 560 MiB.
2026-10-06T02:21:56Z INFO [303/500] 3f9b2b16-1007-477f-9e3e-5b865d24d400: 4458 chunks; 6.4 s; peak memory 560 MiB.
2026-10-06T02:22:08Z INFO [304/500] 3f9b7cf3-6775-4657-9473-57e7fa4d752c: 11575 chunks; 11.5 s; peak memory 560 MiB.
2026-10-06T02:22:09Z INFO [305/500] 3f9b7ec1-d3cd-4d13-ba37-0289d007bef2: 84 chunks; 1.4 s; peak memory 560 MiB.
2026-10-06T02:22:11Z INFO [306/500] 3f9b9a7f-87ad-406b-88f0-0b9a3ce68f36: 131 chunks; 1.7 s; peak memory 560 MiB.
2026-10-06T02:22:12Z INFO [307/500] 3f9bd4f0-b2e8-4177-b820-789bbbf589ef: 117 chunks; 1.4 s; peak memory 560 MiB.
2026-10-06T02:22:14Z INFO [308/500] 3f9c1bfd-b25e-4d68-b306-e8c58314441f: 48 chunks; 1.4 s; peak memory 560 MiB.
2026-10-06T02:22:15Z INFO [309/500] 3f9c2873-4c7e-4766-8ce3-066ec594f7f3: 48 chunks; 1.3 s; peak memory 560 MiB.
2026-10-06T02:22:17Z INFO [310/500] 3f9c3d2c-6e3b-406e-9f6a-6b34955e837b: 110 chunks; 1.7 s; peak memory 560 MiB.
2026-10-06T02:22:18Z INFO [311/500] 3f9ddeaf-190d-4349-ad0b-ba343000a027: 51 chunks; 1.1 s; peak memory 560 MiB.
2026-10-06T02:22:26Z INFO [312/500] 3f9e6eca-1b7a-4878-a541-278f2a964c12: 16205 chunks; 7.9 s; peak memory 560 MiB.
2026-10-06T02:22:32Z INFO [313/500] 3f9e9757-5e50-43d2-9889-4e6d7a59ed15: 1908 chunks; 6.1 s; peak memory 560 MiB.
2026-10-06T02:22:34Z INFO [314/500] 3f9eb5e2-2adb-4dc9-9e6a-36553512fb13: 62 chunks; 1.7 s; peak memory 560 MiB.
2026-10-06T02:22:38Z INFO [315/500] 3f9f0884-6c57-449d-a4fc-032c6b4f4253: 839 chunks; 4.3 s; peak memory 560 MiB.
2026-10-06T02:22:40Z INFO [316/500] 3fa041c5-06f3-443e-982b-33ea4bb529c6: 112 chunks; 1.7 s; peak memory 560 MiB.
2026-10-06T02:22:41Z INFO [317/500] 3fa08e2e-30e7-4393-a873-04db9c40585d: 52 chunks; 1.6 s; peak memory 560 MiB.
2026-10-06T02:22:43Z INFO [318/500] 3fa0f1f0-5698-476d-80c5-9fa6ff8353db: 48 chunks; 1.3 s; peak memory 560 MiB.
2026-10-06T02:22:44Z INFO [319/500] 3fa17446-194e-484f-86b0-aeeb595ec29d: 117 chunks; 1.6 s; peak memory 560 MiB.
2026-10-06T02:22:46Z INFO [320/500] 3fa21d77-4dee-401d-b401-8120689bfd55: 51 chunks; 1.9 s; peak memory 560 MiB.
2026-10-06T02:22:50Z INFO [321/500] 3fa3b681-84ca-48ba-a043-0a06ba872305: 168 chunks; 3.3 s; peak memory 560 MiB.
2026-10-06T02:22:51Z INFO [322/500] 3fa4f2d2-87f2-4de8-be39-1ee084420755: 48 chunks; 1.4 s; peak memory 560 MiB.
2026-10-06T02:22:53Z INFO [323/500] 3fa502ca-40b8-4e2f-92c9-2040809b02cb: 51 chunks; 1.5 s; peak memory 560 MiB.
2026-10-06T02:23:07Z INFO [324/500] 3fa513eb-6f53-45ef-b860-06cfd9291b3d: 12925 chunks; 14.2 s; peak memory 560 MiB.
2026-10-06T02:23:10Z INFO [325/500] 3fa5236f-3add-4dea-bb91-594736b6bc6a: 115 chunks; 3.5 s; peak memory 560 MiB.
2026-10-06T02:23:12Z INFO [326/500] 3fa54eeb-dce1-493c-b58b-c0b402ab7168: 116 chunks; 1.6 s; peak memory 560 MiB.
2026-10-06T02:23:17Z INFO [327/500] 3fa59997-b2b9-4763-827d-0b2701348e58: 8194 chunks; 5.3 s; peak memory 560 MiB.
2026-10-06T02:23:19Z INFO [328/500] 3fa6d657-aa61-4295-8910-b2ffe12416ea: 110 chunks; 1.6 s; peak memory 560 MiB.
2026-10-06T02:23:27Z INFO [329/500] 3fa78563-a8f1-41f9-ad66-6fce3dfdf38f: 8926 chunks; 8.2 s; peak memory 560 MiB.
2026-10-06T02:23:30Z INFO [330/500] 3fa88c8d-65bb-44db-b588-2bb97906fa70: 71 chunks; 2.7 s; peak memory 560 MiB.
2026-10-06T02:23:31Z INFO [331/500] 3fa8f938-a0ea-4e3a-93ae-c4f65a856836: 48 chunks; 1.5 s; peak memory 560 MiB.
2026-10-06T02:23:33Z INFO [332/500] 3fa931e2-6edc-4452-83c7-e63843b3c67e: 48 chunks; 1.4 s; peak memory 560 MiB.
2026-10-06T02:23:50Z INFO [333/500] 3fa93a50-38bc-4e33-abf0-3bb7c3e7f469: 22196 chunks; 17.3 s; peak memory 560 MiB.
2026-10-06T02:23:51Z INFO [334/500] 3fa969db-6efa-4a97-9296-4403778bde31: 50 chunks; 1.3 s; peak memory 560 MiB.
2026-10-06T02:23:53Z INFO [335/500] 3faa9c9b-21ce-4850-80ca-995def6b1322: 112 chunks; 2.2 s; peak memory 560 MiB.
2026-10-06T02:23:55Z INFO [336/500] 3faad357-6cfe-4811-ac1a-12d2e9d7e9c8: 51 chunks; 1.7 s; peak memory 560 MiB.
2026-10-06T02:23:57Z INFO [337/500] 3fab0999-edab-4735-9903-507a29f10e27: 48 chunks; 1.4 s; peak memory 560 MiB.
2026-10-06T02:24:25Z INFO [338/500] 3fab0f5c-065b-416b-b2b8-a2f565019edf: 29528 chunks; 28.2 s; peak memory 560 MiB.
2026-10-06T02:24:27Z INFO [339/500] 3fab38e7-400d-4c39-a7f5-baae9e5cc36c: 112 chunks; 2.5 s; peak memory 560 MiB.
2026-10-06T02:24:29Z INFO [340/500] 3fabc49c-4d98-4040-ab8a-7e9f444b94f8: 52 chunks; 1.6 s; peak memory 560 MiB.
2026-10-06T02:24:30Z INFO [341/500] 3fac4b08-67c3-44c3-9126-6219e31d752b: 48 chunks; 1.3 s; peak memory 560 MiB.
2026-10-06T02:24:32Z INFO [342/500] 3fac831e-eefe-409a-98fc-184d1b0ab2b5: 112 chunks; 2.0 s; peak memory 560 MiB.
2026-10-06T02:24:34Z INFO [343/500] 3fad09d5-9844-4649-b318-b534713b409e: 117 chunks; 1.5 s; peak memory 560 MiB.
2026-10-06T02:24:35Z INFO [344/500] 3fad6dce-a6f3-4719-ad3a-4d6bc2445df0: 49 chunks; 1.3 s; peak memory 560 MiB.
2026-10-06T02:24:37Z INFO [345/500] 3fad7665-6f7a-4311-ac14-feb92a69d142: 71 chunks; 2.0 s; peak memory 560 MiB.
2026-10-06T02:24:40Z INFO [346/500] 3fae92ed-8a15-4e79-9c8a-366d4ad838d5: 123 chunks; 3.4 s; peak memory 560 MiB.
2026-10-06T02:24:42Z INFO [347/500] 3faf1b15-dd76-457e-81f1-f71e871db8ed: 48 chunks; 1.3 s; peak memory 560 MiB.
2026-10-06T02:24:43Z INFO [348/500] 3faf607a-c7bb-4a1e-9e8e-0d0cf3664874: 48 chunks; 1.4 s; peak memory 560 MiB.
2026-10-06T02:24:44Z INFO [349/500] 3faf7ec7-69d0-48b3-9b3a-619a49b4794d: 52 chunks; 1.4 s; peak memory 560 MiB.
2026-10-06T02:24:46Z INFO [350/500] 3fb081a4-d762-4fa1-8bf1-5d58de3c951f: 118 chunks; 1.8 s; peak memory 560 MiB.
2026-10-06T02:24:46Z INFO [350/500] 3fb081a4-d762-4fa1-8bf1-5d58de3c951f: checkpointed 77684 records.
2026-10-06T02:24:53Z INFO [351/500] 3fb09bf0-3e45-4d9a-899a-d1d141206f59: 208 chunks; 6.5 s; peak memory 560 MiB.
2026-10-06T02:24:55Z INFO [352/500] 3fb0caea-d6cf-45c5-8f31-8caffbb3a346: 176 chunks; 1.6 s; peak memory 560 MiB.
2026-10-06T02:24:56Z INFO [353/500] 3fb11b44-4920-4e10-a654-713203709115: 48 chunks; 1.4 s; peak memory 560 MiB.
2026-10-06T02:24:58Z INFO [354/500] 3fb135c4-cab8-4cf3-89a5-b010a533e525: 112 chunks; 1.8 s; peak memory 560 MiB.
2026-10-06T02:25:09Z INFO [355/500] 3fb17183-6944-4c97-b45f-cb8f2b360f40: 1053 chunks; 11.1 s; peak memory 560 MiB.
2026-10-06T02:25:10Z INFO [356/500] 3fb18030-2807-48ef-ba98-ad3e17e1d907: 46 chunks; 1.3 s; peak memory 560 MiB.
2026-10-06T02:25:12Z INFO [357/500] 3fb1a635-ab98-4d4b-9689-bfe92ef89150: 48 chunks; 1.5 s; peak memory 560 MiB.
2026-10-06T02:25:13Z INFO [358/500] 3fb1a8ef-5c7b-4d09-85a2-2718646dfe69: 56 chunks; 1.1 s; peak memory 560 MiB.
2026-10-06T02:25:14Z INFO [359/500] 3fb27f44-285c-43b3-ac29-5b5d8a439281: 48 chunks; 1.3 s; peak memory 560 MiB.
2026-10-06T02:25:16Z INFO [360/500] 3fb2c85c-faac-4163-8906-cb89530e7008: 48 chunks; 1.4 s; peak memory 560 MiB.
2026-10-06T02:25:17Z INFO [361/500] 3fb2c8b9-26db-47c0-86c2-9594678a8263: 50 chunks; 1.3 s; peak memory 560 MiB.
2026-10-06T02:25:21Z INFO [362/500] 3fb4f9a6-01ef-4ce2-95fb-d8771390ec35: 90 chunks; 4.0 s; peak memory 560 MiB.
2026-10-06T02:25:24Z INFO [363/500] 3fb5fdf9-f4ff-4b0d-ae92-bb234ab1b34a: 66 chunks; 2.8 s; peak memory 560 MiB.
2026-10-06T02:25:26Z INFO [364/500] 3fb6bf2a-275f-4a32-92c4-3670cea94192: 119 chunks; 2.8 s; peak memory 560 MiB.
2026-10-06T02:25:30Z INFO [365/500] 3fb70e17-d901-4e06-90e7-786c5251944a: 154 chunks; 3.6 s; peak memory 560 MiB.
2026-10-06T02:25:31Z INFO [366/500] 3fb795a3-6054-42ca-9690-a156025b64ec: 46 chunks; 1.1 s; peak memory 560 MiB.
2026-10-06T02:25:33Z INFO [367/500] 3fb86556-3743-48d5-9d9d-46e9ae473248: 117 chunks; 1.5 s; peak memory 560 MiB.
2026-10-06T02:25:34Z INFO [368/500] 3fb97555-129a-4ddc-a40c-426c38b54cae: 59 chunks; 1.9 s; peak memory 560 MiB.
2026-10-06T02:25:36Z INFO [369/500] 3fb9dfc9-a88f-46e5-8973-326fa6613928: 118 chunks; 1.7 s; peak memory 560 MiB.
2026-10-06T02:25:38Z INFO [370/500] 3fb9fee9-f2ec-4bc3-b448-c526e87f74ed: 48 chunks; 1.5 s; peak memory 560 MiB.
2026-10-06T02:25:46Z INFO [371/500] 3fbaed63-d4ca-4130-967f-66262c940b3b: 2918 chunks; 8.5 s; peak memory 560 MiB.
2026-10-06T02:25:48Z INFO [372/500] 3fbb6ec0-e979-44e8-9efe-1c277c5e8a55: 78 chunks; 1.6 s; peak memory 560 MiB.
2026-10-06T02:25:50Z INFO [373/500] 3fbbb386-4842-4293-b88c-8b75470c6eae: 66 chunks; 2.0 s; peak memory 560 MiB.
2026-10-06T02:25:51Z INFO [374/500] 3fbc65f7-0e6b-4a2f-9ae3-805aa1405024: 50 chunks; 1.3 s; peak memory 560 MiB.
2026-10-06T02:25:52Z INFO [375/500] 3fbc9f89-3a4f-4753-8e9f-d4ab79581dea: 48 chunks; 1.4 s; peak memory 560 MiB.
2026-10-06T02:25:54Z INFO [376/500] 3fbe0b90-aa22-4b65-9229-e8cb1f64cff5: 48 chunks; 1.4 s; peak memory 560 MiB.
2026-10-06T02:26:02Z INFO [377/500] 3fbe449c-cdf4-45f6-aa54-a93a659652d0: 255 chunks; 7.7 s; peak memory 560 MiB.
2026-10-06T02:26:03Z INFO [378/500] 3fbef588-4bc0-4b3c-8b04-0bca8c167779: 48 chunks; 1.3 s; peak memory 560 MiB.
2026-10-06T02:26:05Z INFO [379/500] 3fbf1c30-735a-45d9-b505-2cf58ed2f32e: 118 chunks; 1.9 s; peak memory 560 MiB.
2026-10-06T02:26:06Z INFO [380/500] 3fbf5e2e-d99c-4d21-9611-4ab712d979a1: 48 chunks; 1.3 s; peak memory 560 MiB.
2026-10-06T02:26:10Z INFO [381/500] 3fc04348-1d09-4501-8b69-13f9c9647a57: 153 chunks; 3.7 s; peak memory 560 MiB.
2026-10-06T02:26:14Z INFO [382/500] 3fc155d7-3ad5-4044-bc8f-7589aa846f80: 2420 chunks; 4.8 s; peak memory 560 MiB.
2026-10-06T02:26:16Z INFO [383/500] 3fc27fec-8512-4806-ac91-03c897c0a567: 112 chunks; 1.9 s; peak memory 560 MiB.
2026-10-06T02:26:18Z INFO [384/500] 3fc47649-b9d5-4a8f-a96b-e694eea921c5: 66 chunks; 2.0 s; peak memory 560 MiB.
2026-10-06T02:26:20Z INFO [385/500] 3fc500ae-272e-4a98-af5d-3ff2f7c00001: 48 chunks; 1.3 s; peak memory 560 MiB.
2026-10-06T02:26:21Z INFO [386/500] 3fc525d0-7482-42f9-b0ed-1fd1ead8a7d9: 61 chunks; 1.4 s; peak memory 560 MiB.
2026-10-06T02:26:23Z INFO [387/500] 3fc7c813-151b-443f-95ae-8990078ebe3f: 52 chunks; 1.6 s; peak memory 560 MiB.
2026-10-06T02:26:26Z INFO [388/500] 3fc7fd3a-c507-479d-a45a-6aad85a50abb: 115 chunks; 3.0 s; peak memory 560 MiB.
2026-10-06T02:26:31Z INFO [389/500] 3fc84a0a-fa48-4209-91a4-57d550901b61: 168 chunks; 5.8 s; peak memory 560 MiB.
2026-10-06T02:26:33Z INFO [390/500] 3fc84dcf-d912-486f-a548-b4b2dbb55878: 118 chunks; 1.6 s; peak memory 560 MiB.
2026-10-06T02:26:35Z INFO [391/500] 3fc86c8d-86d8-406e-adda-9cf0dbd98624: 112 chunks; 2.1 s; peak memory 560 MiB.
2026-10-06T02:26:37Z INFO [392/500] 3fc9a3b3-c894-4104-92d4-c25a2546c5aa: 71 chunks; 2.3 s; peak memory 560 MiB.
2026-10-06T02:26:39Z INFO [393/500] 3fc9af1f-609f-41aa-a7bc-64b99ef3fc54: 72 chunks; 1.8 s; peak memory 560 MiB.
2026-10-06T02:26:41Z INFO [394/500] 3fca3cab-e27e-4b94-a786-e68c059f3dfc: 118 chunks; 1.6 s; peak memory 560 MiB.
2026-10-06T02:26:43Z INFO [395/500] 3fca412f-f2f1-4d6d-8568-bdee6b334a82: 112 chunks; 1.7 s; peak memory 560 MiB.
2026-10-06T02:26:44Z INFO [396/500] 3fcaffaa-649f-4bf7-9069-fe2b32c5126f: 68 chunks; 1.6 s; peak memory 560 MiB.
2026-10-06T02:26:45Z INFO [397/500] 3fcb4e81-9732-4dee-bf42-d0afe43c0b2e: 46 chunks; 1.0 s; peak memory 560 MiB.
2026-10-06T02:26:47Z INFO [398/500] 3fcba058-e4d8-47ff-92b5-f7e02ecad1fe: 48 chunks; 1.4 s; peak memory 560 MiB.
2026-10-06T02:26:48Z INFO [399/500] 3fccc2b3-bb3e-4c74-b318-b542e281ffea: 48 chunks; 1.4 s; peak memory 560 MiB.
2026-10-06T02:26:49Z INFO [400/500] 3fcdc62c-d73d-4d59-b0aa-1ba662b7a92e: 46 chunks; 1.0 s; peak memory 560 MiB.
2026-10-06T02:26:49Z INFO [400/500] 3fcdc62c-d73d-4d59-b0aa-1ba662b7a92e: checkpointed 77734 records.
2026-10-06T02:26:53Z INFO [401/500] 3fceace7-baeb-436f-9fbe-254021529b16: 85 chunks; 3.8 s; peak memory 560 MiB.
2026-10-06T02:26:55Z INFO [402/500] 3fd029de-33f7-422d-9cf1-567c8f6dc528: 48 chunks; 1.5 s; peak memory 560 MiB.
2026-10-06T02:26:58Z INFO [403/500] 3fd1407b-e8ed-4a76-b79f-37535d37f766: 1061 chunks; 3.0 s; peak memory 560 MiB.
2026-10-06T02:26:59Z INFO [404/500] 3fd2de1a-8e3d-44e4-889e-fe55bcfdfa0d: 117 chunks; 1.8 s; peak memory 560 MiB.
2026-10-06T02:27:14Z INFO [405/500] 3fd32270-9528-4156-8c70-9b3ce3338729: 9649 chunks; 14.3 s; peak memory 560 MiB.
2026-10-06T02:27:15Z INFO [406/500] 3fd33216-7d4f-4a42-a8bc-db1a0185e773: 48 chunks; 1.3 s; peak memory 560 MiB.
2026-10-06T02:27:16Z INFO [407/500] 3fd44515-0111-4b1b-b20e-8e63d410aa53: 48 chunks; 1.4 s; peak memory 560 MiB.
2026-10-06T02:27:18Z INFO [408/500] 3fd4fc7e-b6ce-4c31-accf-e285c421834f: 48 chunks; 1.4 s; peak memory 560 MiB.
2026-10-06T02:27:19Z INFO [409/500] 3fd53502-17b0-4ad4-a6d3-2c17d91be282: 48 chunks; 1.3 s; peak memory 560 MiB.
2026-10-06T02:27:21Z INFO [410/500] 3fd664e8-4aea-4a09-a3e3-28b00d58fb46: 112 chunks; 1.8 s; peak memory 560 MiB.
2026-10-06T02:27:31Z INFO [411/500] 3fd6a25f-f6ad-4f9e-ac0a-e6703203e37c: 19702 chunks; 10.6 s; peak memory 560 MiB.
2026-10-06T02:27:41Z INFO [412/500] 3fd73471-3e81-4129-b521-1f196517e28e: 8976 chunks; 9.7 s; peak memory 560 MiB.
2026-10-06T02:27:43Z INFO [413/500] 3fd7988e-2abe-479e-9517-1eed358d2816: 71 chunks; 2.1 s; peak memory 560 MiB.
2026-10-06T02:36:44Z INFO [414/500] 3fd80335-9dfd-4d81-9aa2-c536b8a91d88: 158265 chunks; 540.7 s; peak memory 744 MiB.
2026-10-06T02:36:46Z INFO [415/500] 3fd8458d-f0c3-40cf-80e1-79b7945c767a: 117 chunks; 1.8 s; peak memory 744 MiB.
2026-10-06T02:36:47Z INFO [416/500] 3fd87f9a-342c-42da-950e-f8056e186f2e: 48 chunks; 1.4 s; peak memory 744 MiB.
2026-10-06T02:36:49Z INFO [417/500] 3fd88081-70a6-4309-9fc9-9b1002160efd: 106 chunks; 2.2 s; peak memory 744 MiB.
2026-10-06T02:36:51Z INFO [418/500] 3fd8c2c5-390e-41c6-a6ef-d94cfeb9439f: 76 chunks; 2.1 s; peak memory 744 MiB.
2026-10-06T02:36:53Z INFO [419/500] 3fd8ce16-752a-43be-a871-c96f0a23d10d: 66 chunks; 1.7 s; peak memory 744 MiB.
2026-10-06T02:36:57Z INFO [420/500] 3fd8fc82-a87c-428a-9a48-79b7c97f99d6: 1662 chunks; 4.2 s; peak memory 744 MiB.
2026-10-06T02:36:59Z INFO [421/500] 3fd974d5-262c-4416-98d6-dc5f8e3554b3: 117 chunks; 1.7 s; peak memory 744 MiB.
2026-10-06T02:37:00Z INFO [422/500] 3fd9b983-3c9e-4b0a-96db-2fd0c4cb4205: 48 chunks; 1.4 s; peak memory 744 MiB.
2026-10-06T02:37:02Z INFO [423/500] 3fd9f784-bb8d-4017-86d7-8b955410c438: 48 chunks; 1.4 s; peak memory 744 MiB.
2026-10-06T02:37:03Z INFO [424/500] 3fda2d08-0761-48bd-805c-e3fb99d185ba: 117 chunks; 1.7 s; peak memory 744 MiB.
2026-10-06T02:37:09Z INFO [425/500] 3fdad805-d3a3-4253-8616-9be64318e6c6: 340 chunks; 6.1 s; peak memory 744 MiB.
2026-10-06T02:37:11Z INFO [426/500] 3fdaf7a0-f651-4347-bc7d-9ad7fc34ac3e: 48 chunks; 1.4 s; peak memory 744 MiB.
2026-10-06T02:37:12Z INFO [427/500] 3fdbe90b-49bc-48ca-a506-c72a57b244f3: 48 chunks; 1.3 s; peak memory 744 MiB.
2026-10-06T02:37:27Z INFO [428/500] 3fdc1576-0d46-4430-9a2b-d1701d905977: 10028 chunks; 14.4 s; peak memory 744 MiB.
2026-10-06T02:37:28Z INFO [429/500] 3fdc331f-67df-4fac-9385-6f333e1befa7: 71 chunks; 2.0 s; peak memory 744 MiB.
2026-10-06T02:37:30Z INFO [430/500] 3fddaf55-6ed5-44c8-b6a7-c79909f09b44: 48 chunks; 1.3 s; peak memory 744 MiB.
2026-10-06T02:37:43Z INFO [431/500] 3fdf30aa-9a6c-45c2-af61-fd0376bf5513: 11188 chunks; 13.1 s; peak memory 744 MiB.
2026-10-06T02:37:46Z INFO [432/500] 3fdfabf9-a985-471f-b8ce-74df8a58931a: 997 chunks; 2.9 s; peak memory 744 MiB.
2026-10-06T02:37:47Z INFO [433/500] 3fe1a18b-cd12-4d34-bd60-a99fa4cc37b6: 48 chunks; 1.4 s; peak memory 744 MiB.
2026-10-06T02:40:07Z INFO [434/500] 3fe275d3-6034-424b-9424-c88ecb29fb23: 38186 chunks; 140.3 s; peak memory 744 MiB.
2026-10-06T02:40:09Z INFO [435/500] 3fe386ee-421c-4145-a2c7-9e5cee180c65: 45 chunks; 1.1 s; peak memory 744 MiB.
2026-10-06T02:40:10Z INFO [436/500] 3fe394af-9dad-45cb-88cb-d17425c82d2c: 48 chunks; 1.4 s; peak memory 744 MiB.
2026-10-06T02:40:12Z INFO [437/500] 3fe3dfe6-3710-4dad-b078-b9e0eddc60fe: 70 chunks; 1.8 s; peak memory 744 MiB.
2026-10-06T02:40:14Z INFO [438/500] 3fe3e19b-004f-4446-b839-7046bebb57b0: 116 chunks; 1.8 s; peak memory 744 MiB.
2026-10-06T02:40:15Z INFO [439/500] 3fe48db7-bf78-4f01-a31d-4c1bc890931a: 46 chunks; 1.2 s; peak memory 744 MiB.
2026-10-06T02:40:16Z INFO [440/500] 3fe49d8f-a24d-4119-b101-d8c39c4d7c65: 118 chunks; 1.6 s; peak memory 744 MiB.
2026-10-06T02:40:18Z INFO [441/500] 3fe4dbe4-42c8-4972-b06b-663ee43e84a8: 118 chunks; 1.7 s; peak memory 744 MiB.
2026-10-06T02:40:20Z INFO [442/500] 3fe4e20d-7e63-43ff-8624-c6c34bbf35d9: 66 chunks; 1.9 s; peak memory 744 MiB.
2026-10-06T02:40:22Z INFO [443/500] 3fe54995-5bc7-44ff-95ac-2f4b0dbf4b4a: 47 chunks; 2.0 s; peak memory 744 MiB.
2026-10-06T02:40:24Z INFO [444/500] 3fe55d2f-12aa-4cf9-9381-887f0c794cd3: 112 chunks; 1.8 s; peak memory 744 MiB.
2026-10-06T02:40:25Z INFO [445/500] 3fe60296-ab26-49d0-9a83-8f901e56d8d4: 48 chunks; 1.5 s; peak memory 744 MiB.
2026-10-06T02:40:27Z INFO [446/500] 3fe69766-4f47-42f4-8c17-9f7990768fe8: 118 chunks; 1.5 s; peak memory 744 MiB.
2026-10-06T02:40:29Z INFO [447/500] 3fe6e55b-1800-4460-85d6-acf18fdfb14d: 112 chunks; 1.9 s; peak memory 744 MiB.
2026-10-06T02:40:30Z INFO [448/500] 3fe6fdbd-cf8f-4435-b2a3-44dc047c14b1: 64 chunks; 1.8 s; peak memory 744 MiB.
2026-10-06T02:40:32Z INFO [449/500] 3fe82143-8326-4d71-8a9f-c69973bc2194: 48 chunks; 1.2 s; peak memory 744 MiB.
2026-10-06T02:40:35Z INFO [450/500] 3fe93cb6-74bd-47cd-9908-8f61a003c24a: 115 chunks; 3.3 s; peak memory 744 MiB.
2026-10-06T02:40:35Z INFO [450/500] 3fe93cb6-74bd-47cd-9908-8f61a003c24a: checkpointed 77784 records.
2026-10-06T02:43:05Z INFO [451/500] 3fe97371-07f7-44c4-8391-2da33f80152d: 42064 chunks; 149.7 s; peak memory 744 MiB.
2026-10-06T02:43:06Z INFO [452/500] 3fea4122-7e4f-49bb-8fd6-e1c78bea38a1: 48 chunks; 1.2 s; peak memory 744 MiB.
2026-10-06T02:43:10Z INFO [453/500] 3feab76b-eaa8-4b64-92d2-2a54738638ce: 156 chunks; 3.8 s; peak memory 744 MiB.
2026-10-06T02:43:11Z INFO [454/500] 3feb547b-8b4e-4cb6-8028-5424c3f879b1: 550 chunks; 1.5 s; peak memory 744 MiB.
2026-10-06T02:43:13Z INFO [455/500] 3febb360-5a92-4055-b34e-b9fdecdee965: 109 chunks; 1.7 s; peak memory 744 MiB.
2026-10-06T02:43:23Z INFO [456/500] 3febbcfb-025f-440d-bf58-91d3e23703d0: 2061 chunks; 9.5 s; peak memory 744 MiB.
2026-10-06T02:43:25Z INFO [457/500] 3fec4414-1513-44df-8abe-22187dc1fda3: 71 chunks; 2.8 s; peak memory 744 MiB.
2026-10-06T02:43:27Z INFO [458/500] 3feca540-29bf-4653-b7e7-1b1b3c99907f: 117 chunks; 1.7 s; peak memory 744 MiB.
2026-10-06T02:43:29Z INFO [459/500] 3fed6a90-e490-41cd-b8e8-e59863a44482: 66 chunks; 1.8 s; peak memory 744 MiB.
2026-10-06T02:43:31Z INFO [460/500] 3fedfc07-4943-4937-86fb-48952ce61af9: 117 chunks; 1.6 s; peak memory 744 MiB.
2026-10-06T02:43:32Z INFO [461/500] 3fee2b0d-1efa-4092-b53f-fd2ee0932bd5: 116 chunks; 1.5 s; peak memory 744 MiB.
2026-10-06T02:43:34Z INFO [462/500] 3fee3468-ec90-408f-824f-01bd4248abca: 110 chunks; 2.1 s; peak memory 744 MiB.
2026-10-06T02:43:36Z INFO [463/500] 3feea4c2-3d49-4438-9185-eee313baaae4: 118 chunks; 1.7 s; peak memory 744 MiB.
2026-10-06T02:43:37Z INFO [464/500] 3ff0a210-9d9f-4758-83cb-8fe284da5011: 45 chunks; 1.1 s; peak memory 744 MiB.
2026-10-06T02:43:39Z INFO [465/500] 3ff0f818-2f55-4c97-b4fb-a3ca03c2b877: 52 chunks; 1.6 s; peak memory 744 MiB.
2026-10-06T02:43:41Z INFO [466/500] 3ff18b5c-071a-426d-96b5-7c3aaa9a5e5d: 71 chunks; 2.6 s; peak memory 744 MiB.
2026-10-06T02:43:42Z INFO [467/500] 3ff1f088-212a-4616-8958-1d1ccac02991: 46 chunks; 1.0 s; peak memory 744 MiB.
2026-10-06T02:43:44Z INFO [468/500] 3ff2816e-2745-4b3b-a77b-1aa78f72afd9: 66 chunks; 2.0 s; peak memory 744 MiB.
2026-10-06T02:43:46Z INFO [469/500] 3ff3dd71-7a3f-4809-93eb-d6e245dca976: 68 chunks; 1.4 s; peak memory 744 MiB.
2026-10-06T02:43:47Z INFO [470/500] 3ff4e491-4962-4e4f-aef3-71ee394af4ad: 48 chunks; 1.2 s; peak memory 744 MiB.
2026-10-06T02:43:49Z INFO [471/500] 3ff5288e-2fb8-45a2-8591-62d0414d95ab: 112 chunks; 1.7 s; peak memory 744 MiB.
2026-10-06T02:43:56Z INFO [472/500] 3ff63bd8-b19b-4ce8-ac67-deccc44fcde2: 14499 chunks; 7.7 s; peak memory 744 MiB.
2026-10-06T02:43:58Z INFO [473/500] 3ff652a9-a977-4971-947c-d1c7a23d24fc: 117 chunks; 1.6 s; peak memory 744 MiB.
2026-10-06T02:44:01Z INFO [474/500] 3ff689ce-9003-4339-8d07-e9c089fd0ba6: 115 chunks; 3.0 s; peak memory 744 MiB.
2026-10-06T02:44:03Z INFO [475/500] 3ff6b1a1-35c3-4678-bb67-2321d2244b62: 112 chunks; 1.9 s; peak memory 744 MiB.
2026-10-06T02:44:06Z INFO [476/500] 3ff76cd3-ca46-4233-b78f-694f9bf6fce2: 71 chunks; 3.0 s; peak memory 744 MiB.
2026-10-06T02:44:09Z INFO [477/500] 3ff79cf5-cddb-476c-96de-10a4d7a78bbb: 80 chunks; 3.2 s; peak memory 744 MiB.
2026-10-06T02:44:10Z INFO [478/500] 3ff9a3b8-5061-4314-b518-906c3168327e: 112 chunks; 1.4 s; peak memory 744 MiB.
2026-10-06T02:44:12Z INFO [479/500] 3ffa20c0-17d4-4184-a6a2-061b39b61d39: 48 chunks; 1.2 s; peak memory 744 MiB.
2026-10-06T02:44:13Z INFO [480/500] 3ffaab0e-71af-4334-9d13-2ef98d6fc91d: 117 chunks; 1.7 s; peak memory 744 MiB.
2026-10-06T02:44:28Z INFO [481/500] 3ffacba6-4a2b-4fbf-9398-8466a8f376a4: 3055 chunks; 14.4 s; peak memory 744 MiB.
2026-10-06T02:44:29Z INFO [482/500] 3ffcc0ec-310c-47b4-82dc-c4141432a865: 48 chunks; 1.3 s; peak memory 744 MiB.
2026-10-06T02:44:31Z INFO [483/500] 3ffdbc97-8cf4-4e4f-b2f4-dae74270103f: 48 chunks; 1.4 s; peak memory 744 MiB.
2026-10-06T02:44:32Z INFO [484/500] 3ffe476b-452f-4da6-910a-db2f10b65789: 118 chunks; 1.7 s; peak memory 744 MiB.
2026-10-06T02:44:34Z INFO [485/500] 3ffef993-9347-42c9-aaab-a001a0912abc: 48 chunks; 1.3 s; peak memory 744 MiB.
2026-10-06T02:44:35Z INFO [486/500] 3fff8547-b45c-4ae8-966d-74a9348ae020: 48 chunks; 1.4 s; peak memory 744 MiB.
2026-10-06T02:44:36Z INFO [487/500] 400008b2-65b1-4a4f-aca5-45f718d2a09a: 48 chunks; 1.3 s; peak memory 744 MiB.
2026-10-06T02:44:44Z INFO [488/500] 40008f2f-f595-418c-98c6-24da91dfd378: 21209 chunks; 8.2 s; peak memory 744 MiB.
2026-10-06T02:44:46Z INFO [489/500] 4001a6fd-41b7-42af-9164-2dc50d707929: 118 chunks; 1.6 s; peak memory 744 MiB.
2026-10-06T02:44:49Z INFO [490/500] 4001ba18-9b10-49bc-acfb-c3f34bf3369b: 101 chunks; 3.3 s; peak memory 744 MiB.
2026-10-06T02:44:51Z INFO [491/500] 4001dbf9-b2e7-4949-9d32-8807f6b9f5ff: 46 chunks; 1.5 s; peak memory 744 MiB.
2026-10-06T02:44:52Z INFO [492/500] 40028ec4-87ef-4662-9748-87469c92565f: 48 chunks; 1.3 s; peak memory 744 MiB.
2026-10-06T02:44:53Z INFO [493/500] 4003145c-2041-400c-aa3f-95e214bc26c4: 48 chunks; 1.4 s; peak memory 744 MiB.
2026-10-06T02:44:56Z INFO [494/500] 40034c5b-8b74-4528-a84f-0e732e852130: 112 chunks; 2.0 s; peak memory 744 MiB.
2026-10-06T02:44:57Z INFO [495/500] 40037d0a-06c5-44f8-a028-b908679f3a79: 70 chunks; 1.8 s; peak memory 744 MiB.
2026-10-06T02:44:59Z INFO [496/500] 40047214-77ee-4e27-be71-46793f73be65: 52 chunks; 1.4 s; peak memory 744 MiB.
2026-10-06T02:45:00Z INFO [497/500] 4004e41f-22e8-4a10-b305-aecb0571d0da: 54 chunks; 1.1 s; peak memory 744 MiB.
2026-10-06T02:45:01Z INFO [498/500] 4005a9fe-34c6-4eb5-a1db-b78e67909632: 51 chunks; 1.6 s; peak memory 744 MiB.
2026-10-06T02:45:03Z INFO [499/500] 4006582c-3c87-4036-a0b0-523008e650fc: 116 chunks; 1.6 s; peak memory 744 MiB.
2026-10-06T02:45:04Z INFO [500/500] 4006eacd-fd3e-42bc-a9dd-60b0d1258c37: 56 chunks; 1.2 s; peak memory 744 MiB.
2026-10-06T02:45:05Z INFO [500/500] 4006eacd-fd3e-42bc-a9dd-60b0d1258c37: checkpointed 77834 records.
2026-10-06T02:45:05Z INFO Wrote 77834 records to /tmp/derivatives/valid_nwb_file_to_chunk_stats.jsonl (500 new, 0 failed) in 78.3 min (peak memory 744 MiB).
