2026-10-05T08:11:54Z INFO Logging to /tmp/logs/update_2026-10-05T08-11-54Z.log.
2026-10-05T08:11:54Z INFO Update valid-nwb-file-to-chunk-stats (base directory /tmp).
2026-10-05T08:11:55Z INFO Processing 500 items (73334 already recorded).
2026-10-05T08:11:57Z INFO [1/500] 368b9c34-8f58-44a6-bcfa-2991cfa89014: 289 chunks; 2.2 s; peak memory 169 MiB.
2026-10-05T08:11:58Z INFO [2/500] 368ca250-3714-4b39-a21c-0b432b0e289f: 58 chunks; 1.1 s; peak memory 169 MiB.
2026-10-05T08:11:59Z INFO [3/500] 368cc443-1b38-4e8c-8cc4-eb2c263da205: 48 chunks; 1.4 s; peak memory 169 MiB.
2026-10-05T08:12:03Z INFO [4/500] 368cfdfe-97c0-4bf7-b6c9-74eab5c1b5b6: 115 chunks; 3.4 s; peak memory 171 MiB.
2026-10-05T08:12:04Z INFO [5/500] 368f1e56-3cd7-4d30-8149-ec7c692f3735: 118 chunks; 1.5 s; peak memory 172 MiB.
2026-10-05T08:37:36Z INFO [6/500] 368fa71e-4c93-4f7e-af15-06776ca07f34: 511377 chunks; 1532.0 s; peak memory 1145 MiB.
2026-10-05T08:37:38Z INFO [7/500] 369144bb-a3fc-403b-b64d-b03244ccd713: 88 chunks; 1.3 s; peak memory 1145 MiB.
2026-10-05T08:37:39Z INFO [8/500] 3691547d-f01d-4961-8f7b-1984ac09337e: 69 chunks; 1.8 s; peak memory 1145 MiB.
2026-10-05T08:37:41Z INFO [9/500] 3692697a-1f1e-4487-8bec-d9734480b15e: 48 chunks; 1.3 s; peak memory 1145 MiB.
2026-10-05T08:37:42Z INFO [10/500] 369275af-861e-4ac9-9235-50bb049a28b5: 48 chunks; 1.3 s; peak memory 1145 MiB.
2026-10-05T08:37:43Z INFO [11/500] 3692cc85-c893-4ac4-a759-46e36782b3ed: 48 chunks; 1.3 s; peak memory 1145 MiB.
2026-10-05T08:37:45Z INFO [12/500] 369322b1-66be-46d7-94b7-5f1dee396a29: 51 chunks; 1.6 s; peak memory 1145 MiB.
2026-10-05T08:37:47Z INFO [13/500] 36945380-09dc-42ee-a19f-ccad483822d9: 110 chunks; 1.6 s; peak memory 1145 MiB.
2026-10-05T08:37:48Z INFO [14/500] 369457cd-353d-4a89-a9dc-0a83c2bd52a6: 58 chunks; 1.0 s; peak memory 1145 MiB.
2026-10-05T08:37:49Z INFO [15/500] 36946d79-ba35-460e-82d8-e6a887e0ad91: 48 chunks; 1.3 s; peak memory 1145 MiB.
2026-10-05T08:37:54Z INFO [16/500] 3694a249-f192-4bb1-93d1-ae649f681752: 372 chunks; 5.6 s; peak memory 1145 MiB.
2026-10-05T08:37:57Z INFO [17/500] 369568ea-662e-47be-b167-c27b43759dfe: 73 chunks; 2.4 s; peak memory 1145 MiB.
2026-10-05T08:38:05Z INFO [18/500] 3695b195-2a15-458e-8bb2-5bd275f9ced4: 2923 chunks; 8.2 s; peak memory 1145 MiB.
2026-10-05T08:38:06Z INFO [19/500] 3696c249-5147-4483-88e8-346259a5a7af: 48 chunks; 1.3 s; peak memory 1145 MiB.
2026-10-05T08:38:23Z INFO [20/500] 3696cfc0-30bc-47ff-b583-19c34f81bffc: 12325 chunks; 16.2 s; peak memory 1145 MiB.
2026-10-05T08:38:24Z INFO [21/500] 3696d18d-5f6b-4c76-a789-0997c876dbe4: 56 chunks; 1.4 s; peak memory 1145 MiB.
2026-10-05T08:38:25Z INFO [22/500] 36973d7d-8761-4956-aacd-212f8dee8a95: 48 chunks; 1.3 s; peak memory 1145 MiB.
2026-10-05T08:38:27Z INFO [23/500] 36974763-c185-4634-bd95-8dbefb5efed9: 48 chunks; 1.4 s; peak memory 1145 MiB.
2026-10-05T08:38:30Z INFO [24/500] 369762bb-7c8f-4458-af6d-f5918e21acd6: 115 chunks; 3.1 s; peak memory 1145 MiB.
2026-10-05T08:38:44Z INFO [25/500] 36976dcc-5a89-4aa0-9f4b-205e163a808a: 11565 chunks; 14.3 s; peak memory 1145 MiB.
2026-10-05T08:38:46Z INFO [26/500] 36977167-1d2c-40bf-b0a7-f883415520dd: 117 chunks; 1.5 s; peak memory 1145 MiB.
2026-10-05T08:38:47Z INFO [27/500] 369794f1-51e0-4302-88eb-ec8678e3e9d9: 63 chunks; 1.2 s; peak memory 1145 MiB.
2026-10-05T08:38:49Z INFO [28/500] 3697e2be-cd43-4887-a67a-593f712dc24f: 117 chunks; 1.7 s; peak memory 1145 MiB.
2026-10-05T08:38:50Z INFO [29/500] 369830f9-6bf2-457c-8c0e-6c65cc4e2126: 62 chunks; 1.8 s; peak memory 1145 MiB.
2026-10-05T08:39:03Z INFO [30/500] 3698469e-e2d0-427f-8ac6-cfe67c0862f8: 331 chunks; 12.6 s; peak memory 1145 MiB.
2026-10-05T08:39:04Z INFO [31/500] 369955e7-cd89-4c50-abd3-2849734db0a3: 46 chunks; 1.2 s; peak memory 1145 MiB.
2026-10-05T08:39:06Z INFO [32/500] 36995765-1674-41f1-9c5c-80afaeaa2b2b: 106 chunks; 2.0 s; peak memory 1145 MiB.
2026-10-05T08:39:08Z INFO [33/500] 3699b6ce-d06b-47c0-8457-d7e94b90ed39: 117 chunks; 1.8 s; peak memory 1145 MiB.
2026-10-05T08:39:22Z INFO [34/500] 369a0d34-5025-42df-848d-54b770976b21: 20253 chunks; 13.8 s; peak memory 1145 MiB.
2026-10-05T08:39:23Z INFO [35/500] 369b4153-a8b3-40f9-989e-3a80717e04a4: 117 chunks; 1.4 s; peak memory 1145 MiB.
2026-10-05T08:39:24Z INFO [36/500] 369b9d5b-524e-40a3-9025-b88cdecb5353: 57 chunks; 1.0 s; peak memory 1145 MiB.
2026-10-05T08:39:25Z INFO [37/500] 369bc949-23aa-419d-801f-2c62156953ab: 46 chunks; 1.1 s; peak memory 1145 MiB.
2026-10-05T08:39:27Z INFO [38/500] 369bf9b6-2363-4e0d-bbe3-af448ecb4a42: 118 chunks; 1.6 s; peak memory 1145 MiB.
2026-10-05T08:39:28Z INFO [39/500] 369d28ea-8f88-458b-bd60-b50733961edb: 46 chunks; 1.2 s; peak memory 1145 MiB.
2026-10-05T08:39:30Z INFO [40/500] 369d6ea3-99cd-4d4a-a57c-c820c61d9f77: 52 chunks; 1.3 s; peak memory 1145 MiB.
2026-10-05T08:39:31Z INFO [41/500] 369d93a4-a25d-4fd4-8f81-be382c746b34: 118 chunks; 1.5 s; peak memory 1145 MiB.
2026-10-05T08:39:33Z INFO [42/500] 369d9eaf-5520-4129-9066-fcfa2228f3db: 78 chunks; 1.9 s; peak memory 1145 MiB.
2026-10-05T08:39:34Z INFO [43/500] 369e69d9-e414-4446-bc41-fa8cf4492c0c: 48 chunks; 1.3 s; peak memory 1145 MiB.
2026-10-05T08:39:36Z INFO [44/500] 369f3194-7152-410d-9b1b-ec1e8e49068b: 112 chunks; 1.8 s; peak memory 1145 MiB.
2026-10-05T08:39:38Z INFO [45/500] 36a13ee6-e9b2-4418-ae44-2efd612d085e: 51 chunks; 1.6 s; peak memory 1145 MiB.
2026-10-05T08:39:39Z INFO [46/500] 36a32559-f28e-4254-a302-c16d23ddd35a: 117 chunks; 1.6 s; peak memory 1145 MiB.
2026-10-05T08:39:42Z INFO [47/500] 36a34f74-5a7a-45b7-bd83-56108cc6c2ac: 125 chunks; 2.6 s; peak memory 1145 MiB.
2026-10-05T08:39:43Z INFO [48/500] 36a37439-7e8e-4be4-accd-d22c8d0a08f3: 45 chunks; 1.1 s; peak memory 1145 MiB.
2026-10-05T08:39:45Z INFO [49/500] 36a39c6d-5ed8-4872-9541-6c3aec8a45b7: 112 chunks; 1.7 s; peak memory 1145 MiB.
2026-10-05T08:39:47Z INFO [50/500] 36a442a6-87bc-45e9-8ab9-69f0b9688cd2: 71 chunks; 2.2 s; peak memory 1145 MiB.
2026-10-05T08:39:47Z INFO [50/500] 36a442a6-87bc-45e9-8ab9-69f0b9688cd2: checkpointed 73384 records.
2026-10-05T08:40:11Z INFO [51/500] 36a5556b-162c-4ef2-a1da-500ef46bb997: 27922 chunks; 24.3 s; peak memory 1145 MiB.
2026-10-05T08:40:13Z INFO [52/500] 36a5b787-4b1a-46ff-98db-0cfa03ee9e71: 46 chunks; 1.3 s; peak memory 1145 MiB.
2026-10-05T08:40:14Z INFO [53/500] 36a6e110-c794-426c-a1d7-020755c9e250: 48 chunks; 1.7 s; peak memory 1145 MiB.
2026-10-05T08:40:16Z INFO [54/500] 36a767b4-6f8f-44c0-8e91-83d3a57cf177: 48 chunks; 1.5 s; peak memory 1145 MiB.
2026-10-05T08:40:18Z INFO [55/500] 36a77b87-7afe-408f-bf67-3efe267d9093: 112 chunks; 1.8 s; peak memory 1145 MiB.
2026-10-05T08:40:19Z INFO [56/500] 36a7a5d1-e885-4678-bf58-3799f70139d0: 117 chunks; 1.5 s; peak memory 1145 MiB.
2026-10-05T08:40:20Z INFO [57/500] 36a80dc3-6012-488d-81c3-9f7025e4a4bb: 48 chunks; 1.4 s; peak memory 1145 MiB.
2026-10-05T08:40:22Z INFO [58/500] 36a95d55-5792-4dfc-abcf-c8f218ab8d70: 116 chunks; 1.4 s; peak memory 1145 MiB.
2026-10-05T08:40:24Z INFO [59/500] 36a989e1-8dfc-4db4-9feb-7e30f11a5e6f: 117 chunks; 1.6 s; peak memory 1145 MiB.
2026-10-05T08:40:25Z INFO [60/500] 36a9b7fd-52ae-46f8-b65f-2a22493d59d3: 51 chunks; 1.6 s; peak memory 1145 MiB.
2026-10-05T08:42:27Z INFO [61/500] 36aaab7d-f00e-4bc8-9b06-b0be22fc057d: 38159 chunks; 121.7 s; peak memory 1145 MiB.
2026-10-05T08:42:28Z INFO [62/500] 36ab538d-4d27-47d4-93d9-60a0322ad232: 46 chunks; 1.0 s; peak memory 1145 MiB.
2026-10-05T08:42:29Z INFO [63/500] 36abdd78-196e-4458-82b0-fb4f3c575657: 117 chunks; 1.6 s; peak memory 1145 MiB.
2026-10-05T08:42:32Z INFO [64/500] 36ac257e-1059-456a-9fd6-75005eec8535: 152 chunks; 2.5 s; peak memory 1145 MiB.
2026-10-05T08:42:36Z INFO [65/500] 36ad1d40-0ec6-4003-9a14-75d069fd9777: 85 chunks; 3.7 s; peak memory 1145 MiB.
2026-10-05T08:42:37Z INFO [66/500] 36adf9b5-629d-4120-bf82-05a864421fc7: 69 chunks; 1.9 s; peak memory 1145 MiB.
2026-10-05T08:42:42Z INFO [67/500] 36adff74-61a8-4bb8-b9e5-7fcdcf31ae01: 159 chunks; 5.1 s; peak memory 1145 MiB.
2026-10-05T08:42:44Z INFO [68/500] 36ae0b57-ea3e-4108-a7a5-ed8f0df63192: 35 chunks; 1.1 s; peak memory 1145 MiB.
2026-10-05T08:42:45Z INFO [69/500] 36ae5c24-b72a-4b2e-a8d3-31864f6c12e2: 118 chunks; 1.7 s; peak memory 1145 MiB.
2026-10-05T08:42:49Z INFO [70/500] 36aee5f5-715b-4f9a-96d2-d905c1a87415: 156 chunks; 3.6 s; peak memory 1145 MiB.
2026-10-05T08:42:50Z INFO [71/500] 36af50f9-d990-44f8-8c80-fc319653931d: 63 chunks; 1.2 s; peak memory 1145 MiB.
2026-10-05T08:42:51Z INFO [72/500] 36afbf66-2bee-4a1f-a321-5f322f305585: 69 chunks; 1.4 s; peak memory 1145 MiB.
2026-10-05T08:42:53Z INFO [73/500] 36afc77c-8d3f-4bd2-b084-2adf487544ac: 117 chunks; 1.5 s; peak memory 1145 MiB.
2026-10-05T08:42:58Z INFO [74/500] 36afe8f9-b59c-40e1-96be-d1e7d6768827: 7636 chunks; 5.6 s; peak memory 1145 MiB.
2026-10-05T08:43:02Z INFO [75/500] 36b013d1-367b-4185-8936-7c230960bfd5: 116 chunks; 3.1 s; peak memory 1145 MiB.
2026-10-05T08:43:04Z INFO [76/500] 36b08bb0-5b8d-4cd7-a89e-9681f371a215: 71 chunks; 2.4 s; peak memory 1145 MiB.
2026-10-05T08:43:05Z INFO [77/500] 36b0ad31-0773-4c08-9b9b-4f92262b064c: 48 chunks; 1.2 s; peak memory 1145 MiB.
2026-10-05T08:43:09Z INFO [78/500] 36b20c64-a4ec-4c4a-99c4-99621f731d58: 157 chunks; 3.6 s; peak memory 1145 MiB.
2026-10-05T08:43:10Z INFO [79/500] 36b55f3c-d01b-4405-b946-bc5f2171fc64: 48 chunks; 1.3 s; peak memory 1145 MiB.
2026-10-05T08:43:12Z INFO [80/500] 36b5ca1e-bf2c-4bf3-bffb-521e8890154d: 117 chunks; 1.6 s; peak memory 1145 MiB.
2026-10-05T08:43:14Z INFO [81/500] 36b5d552-80a6-4222-9f2a-ff3786b9053e: 112 chunks; 2.0 s; peak memory 1145 MiB.
2026-10-05T08:46:10Z INFO [82/500] 36b642db-4ffc-4efa-8e88-5c8d3a39b22f: 583831 chunks; 176.2 s; peak memory 1186 MiB.
2026-10-05T08:46:11Z INFO [83/500] 36b65752-219a-4319-8280-2fc87ab3485e: 116 chunks; 1.6 s; peak memory 1186 MiB.
2026-10-05T08:46:13Z INFO [84/500] 36b720b8-58d7-4356-9c43-e1d085b91137: 68 chunks; 1.4 s; peak memory 1186 MiB.
2026-10-05T08:46:15Z INFO [85/500] 36b7f3a1-7205-45bf-88ca-dd91700027ca: 66 chunks; 2.1 s; peak memory 1186 MiB.
2026-10-05T08:46:21Z INFO [86/500] 36b8bd28-fbdf-4562-a4cb-9d0f66942eba: 1150 chunks; 6.2 s; peak memory 1186 MiB.
2026-10-05T08:46:23Z INFO [87/500] 36b99573-3d26-4179-8310-dae94a61f7d1: 112 chunks; 1.9 s; peak memory 1186 MiB.
2026-10-05T08:46:30Z INFO [88/500] 36b9a817-f7ea-4e30-8502-337330b319f3: 2923 chunks; 7.3 s; peak memory 1186 MiB.
2026-10-05T08:46:32Z INFO [89/500] 36b9f6f0-2ed3-4a80-a13d-782d3095bc05: 117 chunks; 1.4 s; peak memory 1186 MiB.
2026-10-05T08:46:35Z INFO [90/500] 36ba2b45-900a-4756-9a47-d61a1299a95b: 997 chunks; 3.0 s; peak memory 1186 MiB.
2026-10-05T08:46:36Z INFO [91/500] 36ba96a4-948c-4a6d-9ccf-d8af35dabd32: 48 chunks; 1.3 s; peak memory 1186 MiB.
2026-10-05T08:46:54Z INFO [92/500] 36bbcfd3-a88a-4459-a5d9-8827490b52b3: 5683 chunks; 18.2 s; peak memory 1186 MiB.
2026-10-05T08:46:55Z INFO [93/500] 36bcaf12-8f3b-4e45-9950-4c12b84f966a: 56 chunks; 1.0 s; peak memory 1186 MiB.
2026-10-05T08:46:57Z INFO [94/500] 36bd78c5-b1de-4f4c-b80b-9ceaf317ca2c: 48 chunks; 1.3 s; peak memory 1186 MiB.
2026-10-05T08:46:59Z INFO [95/500] 36bdb82b-7e98-45d6-a46c-29b285400297: 110 chunks; 2.1 s; peak memory 1186 MiB.
2026-10-05T08:47:00Z INFO [96/500] 36be4aa2-29a3-4510-85c0-23d04faeb255: 52 chunks; 1.3 s; peak memory 1186 MiB.
2026-10-05T08:47:02Z INFO [97/500] 36be6007-138a-48f5-ba72-08129358f1dd: 119 chunks; 2.5 s; peak memory 1186 MiB.
2026-10-05T08:47:05Z INFO [98/500] 36be73fe-0cb8-47ce-8e1f-78b50ed54b54: 704 chunks; 2.6 s; peak memory 1186 MiB.
2026-10-05T08:47:06Z INFO [99/500] 36c03e5a-84fe-40d2-957f-b5066cc1cc32: 48 chunks; 1.2 s; peak memory 1186 MiB.
2026-10-05T08:47:08Z INFO [100/500] 36c13fb9-e924-4a4d-b900-14dd4c10054d: 71 chunks; 1.8 s; peak memory 1186 MiB.
2026-10-05T08:47:08Z INFO [100/500] 36c13fb9-e924-4a4d-b900-14dd4c10054d: checkpointed 73434 records.
2026-10-05T08:47:10Z INFO [101/500] 36c1ae7d-7018-4d92-a1d9-661b70692954: 116 chunks; 1.4 s; peak memory 1186 MiB.
2026-10-05T08:47:17Z INFO [102/500] 36c2a5b1-ec48-425d-88a4-46ab1b609efd: 1277 chunks; 6.7 s; peak memory 1186 MiB.
2026-10-05T08:47:37Z INFO [103/500] 36c2d7f5-5b32-4cdf-bc89-d726e5bce367: 6054 chunks; 20.5 s; peak memory 1186 MiB.
2026-10-05T08:47:38Z INFO [104/500] 36c3fd63-672d-4595-9c2c-5e6dc387863c: 37 chunks; 1.0 s; peak memory 1186 MiB.
2026-10-05T08:47:40Z INFO [105/500] 36c40c60-be7d-464c-b0b1-b141dd69685e: 71 chunks; 2.3 s; peak memory 1186 MiB.
2026-10-05T08:47:42Z INFO [106/500] 36c48215-5cc4-49f0-85c9-d4b9f31b3960: 68 chunks; 1.6 s; peak memory 1186 MiB.
2026-10-05T08:47:45Z INFO [107/500] 36c54c68-aade-4a99-a502-7be8b09cc545: 115 chunks; 3.0 s; peak memory 1186 MiB.
2026-10-05T08:47:47Z INFO [108/500] 36c56307-fa3d-4fdf-9cbd-76b7f92e2adf: 118 chunks; 1.6 s; peak memory 1186 MiB.
2026-10-05T08:52:01Z INFO [109/500] 36c566a3-3d10-4cc8-9afb-e2dc511663b9: 75417 chunks; 254.8 s; peak memory 1186 MiB.
2026-10-05T08:52:03Z INFO [110/500] 36c56eb2-7c30-401f-885e-02ea557714da: 48 chunks; 1.3 s; peak memory 1186 MiB.
2026-10-05T08:52:04Z INFO [111/500] 36c63b1b-645f-4c51-9c3c-f3153dfb5e39: 55 chunks; 1.4 s; peak memory 1186 MiB.
2026-10-05T08:52:05Z INFO [112/500] 36c6efe3-9d19-40f9-b5e3-ef461fb18f48: 48 chunks; 1.2 s; peak memory 1186 MiB.
2026-10-05T08:52:08Z INFO [113/500] 36c7c703-1b93-43d2-a34d-25f56a53f5a0: 152 chunks; 2.5 s; peak memory 1186 MiB.
2026-10-05T08:52:30Z INFO [114/500] 36caa021-e27c-46d9-b385-8448297ac3a7: 17138 chunks; 21.8 s; peak memory 1186 MiB.
2026-10-05T08:52:30Z INFO [115/500] 36cab895-254f-48d7-979f-197347bd2805: 55 chunks; 1.0 s; peak memory 1186 MiB.
2026-10-05T08:52:32Z INFO [116/500] 36cb6a7e-2131-4cc7-a254-7094bfd879d8: 48 chunks; 1.3 s; peak memory 1186 MiB.
2026-10-05T08:53:57Z INFO [117/500] 36ccc6d4-04c5-4dda-9796-4f801b92f46b: 34673 chunks; 84.9 s; peak memory 1186 MiB.
2026-10-05T08:53:58Z INFO [118/500] 36cd4303-13c3-4c3b-a117-c5ee16035323: 117 chunks; 1.6 s; peak memory 1186 MiB.
2026-10-05T08:54:00Z INFO [119/500] 36cdd6e5-1ef0-452a-b302-bd8291ae6667: 48 chunks; 1.2 s; peak memory 1186 MiB.
2026-10-05T08:54:01Z INFO [120/500] 36ce29c3-9e7b-4abc-bc36-dd50f44e2c73: 48 chunks; 1.3 s; peak memory 1186 MiB.
2026-10-05T08:54:02Z INFO [121/500] 36cf7c18-ef6e-4d6e-934e-b9e2ddebb461: 118 chunks; 1.5 s; peak memory 1186 MiB.
2026-10-05T08:54:23Z INFO [122/500] 36cf86c9-83f8-42c2-9431-8fb52e82d4ca: 6053 chunks; 20.4 s; peak memory 1186 MiB.
2026-10-05T08:54:44Z INFO [123/500] 36cf9333-1b07-4c98-9d04-c688e838cb6d: 6054 chunks; 21.4 s; peak memory 1186 MiB.
2026-10-05T08:54:46Z INFO [124/500] 36d0187d-3111-4231-a80c-a56f16b2fd70: 117 chunks; 1.5 s; peak memory 1186 MiB.
2026-10-05T08:54:47Z INFO [125/500] 36d067a4-4330-4907-ad33-ea5b9461d1f0: 48 chunks; 1.4 s; peak memory 1186 MiB.
2026-10-05T08:54:49Z INFO [126/500] 36d07768-a5c6-42bf-8dc9-7f57200c9728: 112 chunks; 1.7 s; peak memory 1186 MiB.
2026-10-05T08:54:50Z INFO [127/500] 36d08e68-6846-4a09-a2a6-ea97bad1a365: 118 chunks; 1.7 s; peak memory 1186 MiB.
2026-10-05T08:54:53Z INFO [128/500] 36d12ee4-6467-44f8-8cbe-c37d86087b73: 71 chunks; 2.2 s; peak memory 1186 MiB.
2026-10-05T08:54:54Z INFO [129/500] 36d1a153-66db-42d8-bc11-54df943cae2a: 117 chunks; 1.4 s; peak memory 1186 MiB.
2026-10-05T08:54:56Z INFO [130/500] 36d484a8-e648-4d13-83ff-ba1f4e09ea09: 112 chunks; 2.2 s; peak memory 1186 MiB.
2026-10-05T08:54:58Z INFO [131/500] 36d6032b-71ee-494a-9239-6a8a0a79ae3e: 116 chunks; 1.5 s; peak memory 1186 MiB.
2026-10-05T08:54:59Z INFO [132/500] 36d7b54e-03b8-4686-a592-d40a20782bab: 117 chunks; 1.5 s; peak memory 1186 MiB.
2026-10-05T08:55:01Z INFO [133/500] 36d8396c-28ab-4b03-845a-6111ab7a9147: 557 chunks; 1.6 s; peak memory 1186 MiB.
2026-10-05T08:55:03Z INFO [134/500] 36d84b2b-0c0e-4ae8-b21b-c413b73e3e0f: 66 chunks; 2.1 s; peak memory 1186 MiB.
2026-10-05T08:55:04Z INFO [135/500] 36d8d7fb-3d95-4086-a69a-0afb859bd0a9: 48 chunks; 1.2 s; peak memory 1186 MiB.
2026-10-05T08:55:05Z INFO [136/500] 36d9d51a-126e-487c-88a9-4b146639b797: 48 chunks; 1.3 s; peak memory 1186 MiB.
2026-10-05T08:55:07Z INFO [137/500] 36d9ecfa-22ab-43c2-8993-78cd3bf141ce: 48 chunks; 1.3 s; peak memory 1186 MiB.
2026-10-05T08:55:10Z INFO [138/500] 36daaa9c-6aef-4af9-b31f-44720cc2d9b5: 115 chunks; 3.2 s; peak memory 1186 MiB.
2026-10-05T08:55:12Z INFO [139/500] 36db9592-2f46-4ef7-9c12-2b77a998a286: 116 chunks; 1.8 s; peak memory 1186 MiB.
2026-10-05T08:55:18Z INFO [140/500] 36dc70df-0a68-4902-9114-6df724b3025b: 548 chunks; 6.1 s; peak memory 1186 MiB.
2026-10-05T08:56:10Z INFO [141/500] 36dea588-dae5-402b-b249-12685e049db0: 23858 chunks; 52.2 s; peak memory 1186 MiB.
2026-10-05T08:56:19Z INFO [142/500] 36decca7-606d-4cf6-ad8d-93d12a3aa6cd: 28083 chunks; 9.1 s; peak memory 1186 MiB.
2026-10-05T08:56:21Z INFO [143/500] 36e04490-9c53-42cc-82f7-37ee947eb775: 68 chunks; 1.5 s; peak memory 1186 MiB.
2026-10-05T08:56:27Z INFO [144/500] 36e0f0a3-2b22-474b-aaa8-dfb5716fb844: 208 chunks; 6.2 s; peak memory 1186 MiB.
2026-10-05T08:56:28Z INFO [145/500] 36e17785-90db-4dcb-a806-ad40391e3b37: 48 chunks; 1.2 s; peak memory 1186 MiB.
2026-10-05T08:56:29Z INFO [146/500] 36e17cde-04e0-4f67-87ba-307cc7f5ca25: 48 chunks; 1.2 s; peak memory 1186 MiB.
2026-10-05T08:56:31Z INFO [147/500] 36e4891d-16e8-4f5f-9c80-0b5305b00872: 70 chunks; 1.5 s; peak memory 1186 MiB.
2026-10-05T08:56:32Z INFO [148/500] 36e5727b-d3d4-48e6-adc4-081eaaafbbab: 48 chunks; 1.3 s; peak memory 1186 MiB.
2026-10-05T08:56:33Z INFO [149/500] 36e5e598-7d36-4e6a-a60d-b75678601f51: 57 chunks; 1.1 s; peak memory 1186 MiB.
2026-10-05T08:56:35Z INFO [150/500] 36e5ee1c-023c-4e67-87e8-e147a48c343b: 62 chunks; 1.7 s; peak memory 1186 MiB.
2026-10-05T08:56:35Z INFO [150/500] 36e5ee1c-023c-4e67-87e8-e147a48c343b: checkpointed 73484 records.
2026-10-05T08:56:37Z INFO [151/500] 36e66cea-9130-44bb-b368-62334bc1efc1: 112 chunks; 1.8 s; peak memory 1186 MiB.
2026-10-05T08:56:38Z INFO [152/500] 36e779e6-d73c-4255-8ba6-8cc603af6a07: 37 chunks; 1.0 s; peak memory 1186 MiB.
2026-10-05T08:56:39Z INFO [153/500] 36e9774a-864b-40fa-8106-e1382f75b99c: 48 chunks; 1.3 s; peak memory 1186 MiB.
2026-10-05T08:56:41Z INFO [154/500] 36ea87b5-cd00-456e-a7ad-62240ebb8ef6: 33 chunks; 1.4 s; peak memory 1186 MiB.
2026-10-05T08:56:42Z INFO [155/500] 36eb1e8d-9b82-42a6-9a5c-b8faaa56ae7f: 48 chunks; 1.2 s; peak memory 1186 MiB.
2026-10-05T08:56:44Z INFO [156/500] 36eb42e1-9475-460c-a7a4-8bcb2d51e894: 69 chunks; 1.9 s; peak memory 1186 MiB.
2026-10-05T08:56:45Z INFO [157/500] 36eb5df4-461a-4d5f-a861-1bca29c59017: 84 chunks; 1.3 s; peak memory 1186 MiB.
2026-10-05T08:57:04Z INFO [158/500] 36ebfbed-d96e-4ec8-9d59-737b6e19c774: 17633 chunks; 18.6 s; peak memory 1186 MiB.
2026-10-05T08:57:05Z INFO [159/500] 36ec2ae3-2a69-48e4-b015-29fc03359bbc: 51 chunks; 1.5 s; peak memory 1186 MiB.
2026-10-05T08:57:06Z INFO [160/500] 36eccf50-e5a1-46c1-9f0c-af2f98d56162: 57 chunks; 1.0 s; peak memory 1186 MiB.
2026-10-05T08:57:08Z INFO [161/500] 36eddbe7-4e13-4058-aa73-a0c1153169a9: 69 chunks; 1.8 s; peak memory 1186 MiB.
2026-10-05T08:57:15Z INFO [162/500] 36ee098d-12ff-42c2-a852-c3c655a9e62b: 332 chunks; 6.8 s; peak memory 1186 MiB.
2026-10-05T08:57:16Z INFO [163/500] 36ee1c6a-ab4a-4824-b807-ec90739ccaeb: 109 chunks; 1.5 s; peak memory 1186 MiB.
2026-10-05T08:57:17Z INFO [164/500] 36ef7779-1060-4c48-b46b-d7a43347054a: 46 chunks; 0.9 s; peak memory 1186 MiB.
2026-10-05T08:57:18Z INFO [165/500] 36ef9848-32f0-4891-931d-f078848b244b: 48 chunks; 1.3 s; peak memory 1186 MiB.
2026-10-05T08:57:20Z INFO [166/500] 36efa571-c3cf-490b-9b40-bbad804cae1d: 48 chunks; 1.2 s; peak memory 1186 MiB.
2026-10-05T08:57:21Z INFO [167/500] 36f00a13-4fcb-41ab-b9ef-4a30fa6336fc: 57 chunks; 1.0 s; peak memory 1186 MiB.
2026-10-05T08:57:22Z INFO [168/500] 36f017e7-f2c6-4424-8cf2-2a95708ebf9c: 117 chunks; 1.6 s; peak memory 1186 MiB.
2026-10-05T08:57:24Z INFO [169/500] 36f09382-0ee9-4142-82a6-fb0025ad7656: 52 chunks; 1.4 s; peak memory 1186 MiB.
2026-10-05T08:57:25Z INFO [170/500] 36f0f681-d38f-4952-9fb1-15bfaa989a83: 59 chunks; 1.8 s; peak memory 1186 MiB.
2026-10-05T08:57:27Z INFO [171/500] 36f16b05-2ed0-46d9-9196-8bf257eed62f: 118 chunks; 1.5 s; peak memory 1186 MiB.
2026-10-05T08:57:30Z INFO [172/500] 36f1c783-acd1-44c4-b996-982c929d16f2: 152 chunks; 2.7 s; peak memory 1186 MiB.
2026-10-05T08:57:31Z INFO [173/500] 36f247a0-3c95-4442-a763-1ded7f19205b: 114 chunks; 1.6 s; peak memory 1186 MiB.
2026-10-05T08:57:33Z INFO [174/500] 36f25e15-3479-4994-a84c-78a57afeece8: 117 chunks; 1.5 s; peak memory 1186 MiB.
2026-10-05T08:57:34Z INFO [175/500] 36f26d01-7959-4983-af6c-8d87d69685bd: 46 chunks; 1.1 s; peak memory 1186 MiB.
2026-10-05T08:57:35Z INFO [176/500] 36f2af84-da59-4d7f-b291-6872cc69d084: 48 chunks; 1.3 s; peak memory 1186 MiB.
2026-10-05T08:57:40Z INFO [177/500] 36f30859-1a66-403a-882e-472876aa279f: 2370 chunks; 4.5 s; peak memory 1186 MiB.
2026-10-05T08:57:42Z INFO [178/500] 36f36f77-0eb0-4624-8e44-505815ca6419: 66 chunks; 2.2 s; peak memory 1186 MiB.
2026-10-05T08:57:52Z INFO [179/500] 36f40867-6d7d-4d8f-95d9-07e5002502cd: 12571 chunks; 9.9 s; peak memory 1186 MiB.
2026-10-05T08:57:53Z INFO [180/500] 36f418bd-93df-42b6-8e2e-bea219e90f06: 132 chunks; 1.3 s; peak memory 1186 MiB.
2026-10-05T08:57:54Z INFO [181/500] 36f4f972-4e39-4551-8f04-1f5e58a86793: 48 chunks; 1.4 s; peak memory 1186 MiB.
2026-10-05T08:58:07Z INFO [182/500] 36f58542-5371-4d85-b0c4-59ba75e9ea93: 10703 chunks; 12.1 s; peak memory 1186 MiB.
2026-10-05T08:58:10Z INFO [183/500] 36f6641c-93b3-448f-8e05-f762ba781052: 172 chunks; 3.8 s; peak memory 1186 MiB.
2026-10-05T08:58:12Z INFO [184/500] 36f76924-f0fa-444c-9367-aaf758cd8da4: 117 chunks; 1.5 s; peak memory 1186 MiB.
2026-10-05T08:58:13Z INFO [185/500] 36f76f64-6f0b-431a-883f-29913f6bc65c: 50 chunks; 1.1 s; peak memory 1186 MiB.
2026-10-05T08:58:16Z INFO [186/500] 36f7d2f4-3a8b-499e-a64b-d134a01e01b5: 997 chunks; 2.8 s; peak memory 1186 MiB.
2026-10-05T08:58:18Z INFO [187/500] 36f80c08-358d-4fc4-9c92-262f96243a70: 69 chunks; 1.8 s; peak memory 1186 MiB.
2026-10-05T08:58:20Z INFO [188/500] 36f89621-9ea1-42b1-9efa-9337608a3e72: 150 chunks; 2.8 s; peak memory 1186 MiB.
2026-10-05T08:58:22Z INFO [189/500] 36f9371a-753e-4434-af66-55b7366c0227: 112 chunks; 1.6 s; peak memory 1186 MiB.
2026-10-05T08:58:27Z INFO [190/500] 36fa34f6-1e40-402b-9daa-7a1fd459e219: 1239 chunks; 5.0 s; peak memory 1186 MiB.
2026-10-05T08:58:28Z INFO [191/500] 36fa5f60-eacf-4049-a35e-946198068f03: 117 chunks; 1.4 s; peak memory 1186 MiB.
2026-10-05T08:58:31Z INFO [192/500] 36faeccf-2893-4959-a5c4-d59dcbba7ac0: 997 chunks; 2.8 s; peak memory 1186 MiB.
2026-10-05T08:58:33Z INFO [193/500] 36fb781b-a47b-4b2a-ac8c-cc5c3ff603e6: 118 chunks; 1.4 s; peak memory 1186 MiB.
2026-10-05T08:58:34Z INFO [194/500] 36fb7c49-f40a-4a39-9e0b-c17381f285fa: 48 chunks; 1.2 s; peak memory 1186 MiB.
2026-10-05T08:58:36Z INFO [195/500] 36fc4d9a-44bc-4784-8772-45ab3d831246: 117 chunks; 1.6 s; peak memory 1186 MiB.
2026-10-05T08:58:49Z INFO [196/500] 36fecc12-198d-43e7-9e94-aafd8dd527c0: 52840 chunks; 13.6 s; peak memory 1186 MiB.
2026-10-05T08:58:51Z INFO [197/500] 36ff0918-b2ab-491d-a43a-4ed1a648dc6e: 48 chunks; 1.4 s; peak memory 1186 MiB.
2026-10-05T08:58:53Z INFO [198/500] 36ff5f87-ef1f-4573-948a-2e45dfd5cbb3: 115 chunks; 2.8 s; peak memory 1186 MiB.
2026-10-05T08:59:04Z INFO [199/500] 36ffd355-b5ad-49b2-926c-6aa6776d8f49: 391 chunks; 10.5 s; peak memory 1186 MiB.
2026-10-05T08:59:05Z INFO [200/500] 36ffd75b-4f9b-4a0f-b829-5d29343dbef4: 46 chunks; 0.9 s; peak memory 1186 MiB.
2026-10-05T08:59:05Z INFO [200/500] 36ffd75b-4f9b-4a0f-b829-5d29343dbef4: checkpointed 73534 records.
2026-10-05T09:01:15Z INFO [201/500] 370108d9-e1e8-46c2-8d40-1169b48c7ed7: 40599 chunks; 129.7 s; peak memory 1186 MiB.
2026-10-05T09:01:16Z INFO [202/500] 37021bae-5269-4592-b5d3-ef351918e1b2: 118 chunks; 1.5 s; peak memory 1186 MiB.
2026-10-05T09:01:18Z INFO [203/500] 370260ef-f804-423f-b7df-1cd3a048db5d: 66 chunks; 1.8 s; peak memory 1186 MiB.
2026-10-05T09:01:22Z INFO [204/500] 3702c42c-c98a-4727-a911-def39122f921: 226 chunks; 3.9 s; peak memory 1186 MiB.
2026-10-05T09:01:23Z INFO [205/500] 37030020-8609-4358-8e7c-c1173c60b496: 48 chunks; 1.3 s; peak memory 1186 MiB.
2026-10-05T09:01:25Z INFO [206/500] 37032deb-3e29-4fd5-ac4b-9ca842f63115: 117 chunks; 1.6 s; peak memory 1186 MiB.
2026-10-05T09:01:26Z INFO [207/500] 3703a996-5f62-49d4-8188-91b5eec8b838: 48 chunks; 1.4 s; peak memory 1186 MiB.
2026-10-05T09:01:28Z INFO [208/500] 3703ddb4-a09e-4e7e-85d0-e565969a124d: 48 chunks; 1.4 s; peak memory 1186 MiB.
2026-10-05T09:01:29Z INFO [209/500] 3704499f-d567-4376-9974-9d45b06d4002: 48 chunks; 1.3 s; peak memory 1186 MiB.
2026-10-05T09:01:31Z INFO [210/500] 37045df2-0777-412c-8290-01a251765048: 117 chunks; 1.5 s; peak memory 1186 MiB.
2026-10-05T09:01:33Z INFO [211/500] 3704704d-908e-4445-ba09-b3c009636083: 103 chunks; 2.0 s; peak memory 1186 MiB.
2026-10-05T09:01:34Z INFO [212/500] 37050c0b-0934-44b8-b7d6-9432c854c93b: 72 chunks; 1.2 s; peak memory 1186 MiB.
2026-10-05T09:01:39Z INFO [213/500] 370606d1-f9e7-4c23-994a-fa7f1a8b7738: 4394 chunks; 5.6 s; peak memory 1186 MiB.
2026-10-05T09:01:41Z INFO [214/500] 3707d224-f0e5-4d72-a2f2-2f22a266c7ca: 66 chunks; 2.0 s; peak memory 1186 MiB.
2026-10-05T09:01:44Z INFO [215/500] 3708bb95-b90e-4344-aa16-abb806d10765: 64 chunks; 2.4 s; peak memory 1186 MiB.
2026-10-05T09:01:46Z INFO [216/500] 37091946-8610-43fe-818d-09c01dba6fc8: 71 chunks; 2.2 s; peak memory 1186 MiB.
2026-10-05T09:02:00Z INFO [217/500] 370a7e0f-883b-4cd3-a2c6-257c166d7c08: 16477 chunks; 13.7 s; peak memory 1186 MiB.
2026-10-05T09:02:02Z INFO [218/500] 370ae26b-1651-47e9-ba57-4e7715bfc407: 112 chunks; 1.9 s; peak memory 1186 MiB.
2026-10-05T09:04:38Z INFO [219/500] 370af33c-95df-4aaa-88be-e74bea4cde1f: 42730 chunks; 156.8 s; peak memory 1186 MiB.
2026-10-05T09:04:40Z INFO [220/500] 370c0838-5915-4136-91ff-5e07d21ae524: 42 chunks; 1.3 s; peak memory 1186 MiB.
2026-10-05T09:04:41Z INFO [221/500] 370d9e36-d7c5-411c-afbd-18dbe726d750: 48 chunks; 1.2 s; peak memory 1186 MiB.
2026-10-05T09:04:44Z INFO [222/500] 370e4f50-f172-45ba-96c7-ada0e681b856: 184 chunks; 2.9 s; peak memory 1186 MiB.
2026-10-05T09:04:45Z INFO [223/500] 370e7f34-a224-4fae-8c78-37a8ea7b77b2: 48 chunks; 1.3 s; peak memory 1186 MiB.
2026-10-05T09:04:57Z INFO [224/500] 370f599b-5d14-4a7c-a2ba-916305cb971d: 20274 chunks; 11.5 s; peak memory 1186 MiB.
2026-10-05T09:04:59Z INFO [225/500] 370f99fb-220d-4a19-96fa-8c91b6edad1b: 69 chunks; 2.0 s; peak memory 1186 MiB.
2026-10-05T09:05:00Z INFO [226/500] 3710292d-aed3-4a89-ab27-59e8b2d767e2: 118 chunks; 1.8 s; peak memory 1186 MiB.
2026-10-05T09:05:03Z INFO [227/500] 3711af47-3b22-4318-97c5-e977dfbeeac7: 142 chunks; 2.4 s; peak memory 1186 MiB.
2026-10-05T09:05:04Z INFO [228/500] 3711e065-8e9e-4cbe-ab70-7f7fe7374bed: 46 chunks; 1.3 s; peak memory 1186 MiB.
2026-10-05T09:05:05Z INFO [229/500] 371209c5-c76b-46c2-80fd-df3302865f05: 48 chunks; 1.3 s; peak memory 1186 MiB.
2026-10-05T09:05:07Z INFO [230/500] 371335d9-01d6-454c-a159-e64e0017583c: 48 chunks; 1.3 s; peak memory 1186 MiB.
2026-10-05T09:05:15Z INFO [231/500] 37148d1e-1e42-4b70-8a1a-09cc7c155866: 672 chunks; 8.0 s; peak memory 1186 MiB.
2026-10-05T09:05:16Z INFO [232/500] 37151ddb-0290-45e4-bca4-75ee4b189c61: 46 chunks; 1.1 s; peak memory 1186 MiB.
2026-10-05T09:05:18Z INFO [233/500] 37153c53-0112-40a9-8985-141c470c2008: 152 chunks; 2.5 s; peak memory 1186 MiB.
2026-10-05T09:05:20Z INFO [234/500] 37158770-5785-40cb-87ac-fa147ca529fb: 48 chunks; 1.3 s; peak memory 1186 MiB.
2026-10-05T09:05:21Z INFO [235/500] 37166990-353d-4301-aaa3-3fb4f5173cec: 47 chunks; 1.1 s; peak memory 1186 MiB.
2026-10-05T09:05:22Z INFO [236/500] 37169a44-7700-4eeb-8a5a-6bcea0237d67: 67 chunks; 1.6 s; peak memory 1186 MiB.
2026-10-05T09:05:24Z INFO [237/500] 3716eb9b-0adc-459e-92c0-b62371808462: 133 chunks; 1.5 s; peak memory 1186 MiB.
2026-10-05T09:05:26Z INFO [238/500] 37171f80-f562-4396-9b83-1c75c2e488f1: 69 chunks; 1.9 s; peak memory 1186 MiB.
2026-10-05T09:05:32Z INFO [239/500] 37172c63-f9f0-4512-87fb-150912f3a48c: 932 chunks; 6.4 s; peak memory 1186 MiB.
2026-10-05T09:05:37Z INFO [240/500] 3717a2d3-aea4-45d6-ac09-e3a27b4b5d66: 2085 chunks; 4.9 s; peak memory 1186 MiB.
2026-10-05T09:05:38Z INFO [241/500] 37183ad4-bc51-448f-969e-4f24f51ee700: 63 chunks; 1.2 s; peak memory 1186 MiB.
2026-10-05T09:05:39Z INFO [242/500] 3719585e-9d2a-4c6c-b8bb-e6115a2a36e7: 48 chunks; 1.3 s; peak memory 1186 MiB.
2026-10-05T09:05:41Z INFO [243/500] 37196bf2-07a0-4b2c-bfa7-f0555aad9113: 118 chunks; 1.6 s; peak memory 1186 MiB.
2026-10-05T09:05:43Z INFO [244/500] 371a34cb-b1d2-45f4-adbf-b353037859cb: 112 chunks; 2.0 s; peak memory 1186 MiB.
2026-10-05T09:05:44Z INFO [245/500] 371c89ae-cd35-4c9b-acfe-154a9df8734a: 48 chunks; 1.4 s; peak memory 1186 MiB.
2026-10-05T09:05:50Z INFO [246/500] 371cf9fb-f48b-4001-84f9-d53ade821b59: 2923 chunks; 6.1 s; peak memory 1186 MiB.
2026-10-05T09:05:52Z INFO [247/500] 371d5868-ee38-43c9-8e93-e052383b0e13: 101 chunks; 1.3 s; peak memory 1186 MiB.
2026-10-05T09:06:00Z INFO [248/500] 371da92c-7e2c-4952-84e8-ca0dba46e1c7: 643 chunks; 7.8 s; peak memory 1186 MiB.
2026-10-05T09:06:01Z INFO [249/500] 371dd9e6-22aa-41bd-a493-34b8e39acbdf: 117 chunks; 1.7 s; peak memory 1186 MiB.
2026-10-05T09:06:04Z INFO [250/500] 371ddf73-8525-4693-997e-ae9d0b8e10c4: 937 chunks; 2.5 s; peak memory 1186 MiB.
2026-10-05T09:06:04Z INFO [250/500] 371ddf73-8525-4693-997e-ae9d0b8e10c4: checkpointed 73584 records.
2026-10-05T09:06:05Z INFO [251/500] 371de09b-c679-4935-943f-28d77c213f02: 48 chunks; 1.3 s; peak memory 1186 MiB.
2026-10-05T09:06:08Z INFO [252/500] 371defa9-4c84-4a8e-b0eb-226b0736c9c1: 78 chunks; 2.4 s; peak memory 1186 MiB.
2026-10-05T09:06:09Z INFO [253/500] 371e3c46-0a1d-4a39-bae1-3ab6e971b50c: 48 chunks; 1.3 s; peak memory 1186 MiB.
2026-10-05T09:06:10Z INFO [254/500] 371e9b75-0dcc-4b5a-9614-5668b699593f: 46 chunks; 1.2 s; peak memory 1186 MiB.
2026-10-05T09:06:12Z INFO [255/500] 371f6656-3e66-4d64-9311-06c8b90f2887: 48 chunks; 1.3 s; peak memory 1186 MiB.
2026-10-05T09:06:13Z INFO [256/500] 371f7d7c-90b1-4b41-9bc4-6e64939c1a00: 48 chunks; 1.3 s; peak memory 1186 MiB.
2026-10-05T09:06:14Z INFO [257/500] 371fd902-1a70-4e23-a3eb-35d80c61e01d: 48 chunks; 1.5 s; peak memory 1186 MiB.
2026-10-05T09:06:22Z INFO [258/500] 371fecc5-742c-4fa2-9a96-628ad890c984: 704 chunks; 8.0 s; peak memory 1186 MiB.
2026-10-05T09:06:25Z INFO [259/500] 3722b876-e6dd-4785-a4b0-fba3fc2ad417: 69 chunks; 2.3 s; peak memory 1186 MiB.
2026-10-05T09:06:34Z INFO [260/500] 37231788-03b8-4c2e-8c91-1c865e43f517: 27170 chunks; 9.1 s; peak memory 1186 MiB.
2026-10-05T09:06:35Z INFO [261/500] 37242d5c-5ba2-484d-974c-5d8d454b2cf8: 66 chunks; 1.7 s; peak memory 1186 MiB.
2026-10-05T09:06:38Z INFO [262/500] 372590c9-581d-4a5e-935c-6ec25814e8e5: 112 chunks; 2.1 s; peak memory 1186 MiB.
2026-10-05T09:06:39Z INFO [263/500] 3725a7f9-c9c7-4c64-879f-e3caf28446b7: 46 chunks; 1.0 s; peak memory 1186 MiB.
2026-10-05T09:06:42Z INFO [264/500] 3725c494-4acd-462e-8efd-ddb2661806b9: 163 chunks; 3.5 s; peak memory 1186 MiB.
2026-10-05T09:06:43Z INFO [265/500] 37260b0e-caaa-4b57-8bcd-9b5eb3141963: 117 chunks; 1.4 s; peak memory 1186 MiB.
2026-10-05T09:07:01Z INFO [266/500] 3726465b-f28b-4b63-8b11-b410d67aee6f: 53044 chunks; 17.6 s; peak memory 1186 MiB.
2026-10-05T09:07:02Z INFO [267/500] 3726e015-6ef3-4a96-a3d8-97399aef539c: 48 chunks; 1.4 s; peak memory 1186 MiB.
2026-10-05T09:07:04Z INFO [268/500] 37278dce-36f3-4527-ac56-56bfd4614e85: 48 chunks; 1.4 s; peak memory 1186 MiB.
2026-10-05T09:07:05Z INFO [269/500] 372841a1-a340-43e5-8663-b26f77d50d41: 46 chunks; 1.0 s; peak memory 1186 MiB.
2026-10-05T09:07:06Z INFO [270/500] 372936d5-40e1-4f00-8d2f-2143bcb0bc60: 48 chunks; 1.4 s; peak memory 1186 MiB.
2026-10-05T09:07:10Z INFO [271/500] 37293f49-82d0-4969-9d33-b2ee6c97891d: 152 chunks; 4.0 s; peak memory 1186 MiB.
2026-10-05T09:07:11Z INFO [272/500] 372a2c47-f665-420d-8b47-8dc640d65771: 48 chunks; 1.3 s; peak memory 1186 MiB.
2026-10-05T09:07:12Z INFO [273/500] 372a73ff-c4a7-4b59-87ed-bdd9351a0ba2: 46 chunks; 1.0 s; peak memory 1186 MiB.
2026-10-05T09:07:14Z INFO [274/500] 372beefa-0008-4077-8a0a-ce9fbeed8884: 48 chunks; 1.3 s; peak memory 1186 MiB.
2026-10-05T09:07:15Z INFO [275/500] 372cbb84-7326-4725-adb6-c170b406a276: 41 chunks; 1.3 s; peak memory 1186 MiB.
2026-10-05T09:07:21Z INFO [276/500] 372d148f-ce2c-4742-8b38-30031765df58: 8684 chunks; 5.5 s; peak memory 1186 MiB.
2026-10-05T09:07:23Z INFO [277/500] 372d40d0-1e83-437f-b0c4-56f3cf0b65fa: 90 chunks; 2.9 s; peak memory 1186 MiB.
2026-10-05T09:07:26Z INFO [278/500] 372da745-7680-434e-9d9f-6e9b0e10c0e3: 115 chunks; 3.0 s; peak memory 1186 MiB.
2026-10-05T09:07:28Z INFO [279/500] 372db982-2663-453d-94ea-264088a93b5e: 48 chunks; 1.3 s; peak memory 1186 MiB.
2026-10-05T09:07:41Z INFO [280/500] 372dcddf-dbe5-464f-93c8-a933632a84d5: 27118 chunks; 13.0 s; peak memory 1186 MiB.
2026-10-05T09:07:50Z INFO [281/500] 372e47c2-8461-427b-9572-642d0c715243: 6917 chunks; 9.1 s; peak memory 1186 MiB.
2026-10-05T09:07:53Z INFO [282/500] 372fdf0e-3b40-4a62-a052-aa62fa8932a5: 138 chunks; 3.2 s; peak memory 1186 MiB.
2026-10-05T09:07:55Z INFO [283/500] 3730ed1d-cdea-4aad-a9ac-7804fb95b132: 113 chunks; 2.3 s; peak memory 1186 MiB.
2026-10-05T09:07:56Z INFO [284/500] 3730fbff-02f6-4aaa-8e6a-a06c41565a41: 35 chunks; 0.9 s; peak memory 1186 MiB.
2026-10-05T09:07:58Z INFO [285/500] 373135f6-b0ab-4e95-91d2-38c2066bdeed: 48 chunks; 1.4 s; peak memory 1186 MiB.
2026-10-05T09:07:59Z INFO [286/500] 37319832-9da7-40bb-ab7e-8662f199a343: 50 chunks; 1.2 s; peak memory 1186 MiB.
2026-10-05T09:08:03Z INFO [287/500] 3732f685-d2c5-4899-bfb8-733ccb1e91e9: 156 chunks; 3.8 s; peak memory 1186 MiB.
2026-10-05T09:08:05Z INFO [288/500] 37334fc8-80ff-47ca-9dc3-f945b67f313b: 997 chunks; 2.8 s; peak memory 1186 MiB.
2026-10-05T09:08:12Z INFO [289/500] 3733660a-7b36-4707-9c88-b91a4aa65dcd: 1248 chunks; 6.1 s; peak memory 1186 MiB.
2026-10-05T09:08:15Z INFO [290/500] 37344a41-5e39-40ca-8a15-45a16bebcc11: 510 chunks; 3.6 s; peak memory 1186 MiB.
2026-10-05T09:08:17Z INFO [291/500] 37345150-7f67-4572-8ba1-5a0ece1b699e: 118 chunks; 1.7 s; peak memory 1186 MiB.
2026-10-05T09:08:18Z INFO [292/500] 373468d4-3ea6-42ce-8436-4d3dce537c09: 50 chunks; 1.1 s; peak memory 1186 MiB.
2026-10-05T09:08:20Z INFO [293/500] 3735311c-7f16-4877-a4db-f22bf5a9ba4b: 116 chunks; 1.6 s; peak memory 1186 MiB.
2026-10-05T09:08:21Z INFO [294/500] 373656d4-e6dc-448a-a0f7-f23cc0fabbeb: 48 chunks; 1.6 s; peak memory 1186 MiB.
2026-10-05T09:08:28Z INFO [295/500] 3736a5e7-5656-4181-ac2c-294607116559: 19416 chunks; 6.7 s; peak memory 1186 MiB.
2026-10-05T09:08:31Z INFO [296/500] 37372821-e1d2-4f08-974e-d877bbdbcee2: 116 chunks; 3.5 s; peak memory 1186 MiB.
2026-10-05T09:08:33Z INFO [297/500] 37385a91-b86f-4ae7-8a81-2a478cf09946: 46 chunks; 1.2 s; peak memory 1186 MiB.
2026-10-05T09:08:34Z INFO [298/500] 3738f712-bfd3-4c32-bef8-88a1f7b887fc: 48 chunks; 1.3 s; peak memory 1186 MiB.
2026-10-05T09:08:36Z INFO [299/500] 373946c3-f3a2-4d18-9d2f-d0848c328afd: 112 chunks; 1.9 s; peak memory 1186 MiB.
2026-10-05T09:08:37Z INFO [300/500] 37396f49-7890-4bbd-bef1-8e3648141cb1: 48 chunks; 1.4 s; peak memory 1186 MiB.
2026-10-05T09:08:37Z INFO [300/500] 37396f49-7890-4bbd-bef1-8e3648141cb1: checkpointed 73634 records.
2026-10-05T09:08:39Z INFO [301/500] 3739859c-083b-4990-826e-12e04e8b30bb: 117 chunks; 1.5 s; peak memory 1186 MiB.
2026-10-05T09:08:40Z INFO [302/500] 373a973a-b172-46ff-98bc-ff791c53ee64: 117 chunks; 1.5 s; peak memory 1186 MiB.
2026-10-05T09:08:42Z INFO [303/500] 373ab017-646a-4f38-8dd2-a61c843fed00: 69 chunks; 1.7 s; peak memory 1186 MiB.
2026-10-05T09:08:45Z INFO [304/500] 373bae87-11f7-4236-b794-6b3e3ac1e1ac: 116 chunks; 3.1 s; peak memory 1186 MiB.
2026-10-05T09:08:47Z INFO [305/500] 373d30f8-0064-4fb6-98fc-e61c842aab36: 112 chunks; 1.9 s; peak memory 1186 MiB.
2026-10-05T09:08:49Z INFO [306/500] 373d4d28-ce12-4feb-ab7c-d39fede9162b: 117 chunks; 1.6 s; peak memory 1186 MiB.
2026-10-05T09:08:50Z INFO [307/500] 373de781-3c51-4547-b453-29490a7d016b: 62 chunks; 1.7 s; peak memory 1186 MiB.
2026-10-05T09:08:52Z INFO [308/500] 373e1a0e-548c-4711-92ba-955fb969d5f6: 48 chunks; 1.2 s; peak memory 1186 MiB.
2026-10-05T09:08:58Z INFO [309/500] 373e7262-ea58-4f77-8bd6-9b700828b5b8: 168 chunks; 6.0 s; peak memory 1186 MiB.
2026-10-05T09:09:00Z INFO [310/500] 373f28f8-810b-4f21-895d-58c8c0c0e129: 64 chunks; 2.0 s; peak memory 1186 MiB.
2026-10-05T09:09:01Z INFO [311/500] 373fb492-5ed9-474d-a8f2-f058922f1e43: 54 chunks; 1.0 s; peak memory 1186 MiB.
2026-10-05T09:09:03Z INFO [312/500] 37402ce9-42d5-47ee-9ce6-15c4c01ca05c: 46 chunks; 1.7 s; peak memory 1186 MiB.
2026-10-05T09:09:04Z INFO [313/500] 3740953f-70ad-4645-b0c8-91cb9b13b558: 48 chunks; 1.4 s; peak memory 1186 MiB.
2026-10-05T09:09:06Z INFO [314/500] 3740c34d-765b-4491-9d57-f9a64e6ea1a2: 118 chunks; 2.5 s; peak memory 1186 MiB.
2026-10-05T09:09:08Z INFO [315/500] 3740c3d1-2975-4b7c-a6d1-c6099b8296fa: 117 chunks; 1.4 s; peak memory 1186 MiB.
2026-10-05T09:12:27Z INFO [316/500] 3741dc86-218c-49a9-b5c6-83fea85a282d: 595540 chunks; 198.8 s; peak memory 1212 MiB.
2026-10-05T09:12:29Z INFO [317/500] 3741fd50-2ed6-4673-ad17-fe4e2c8563b8: 71 chunks; 2.1 s; peak memory 1212 MiB.
2026-10-05T09:12:30Z INFO [318/500] 37431747-a1c9-4314-b423-1d449923a532: 48 chunks; 1.3 s; peak memory 1212 MiB.
2026-10-05T09:12:32Z INFO [319/500] 37432b33-7588-4994-bc52-ea770add3142: 116 chunks; 1.5 s; peak memory 1212 MiB.
2026-10-05T09:12:33Z INFO [320/500] 37433f79-bbcd-4289-89dc-5be8bb2f8bd1: 48 chunks; 1.3 s; peak memory 1212 MiB.
2026-10-05T09:12:35Z INFO [321/500] 374355b0-4d80-4b65-8bef-2393a311a282: 84 chunks; 1.9 s; peak memory 1212 MiB.
2026-10-05T09:12:37Z INFO [322/500] 3745076b-c003-434a-aa87-faa4abf8e87a: 59 chunks; 1.6 s; peak memory 1212 MiB.
2026-10-05T09:12:38Z INFO [323/500] 374511ce-7dc7-4ff8-a7a3-c6a6aed1eaae: 112 chunks; 1.8 s; peak memory 1212 MiB.
2026-10-05T09:12:44Z INFO [324/500] 3746d2f3-8549-4f65-8b0e-0927c9e71e05: 6600 chunks; 6.1 s; peak memory 1212 MiB.
2026-10-05T09:12:46Z INFO [325/500] 37470051-91a4-474c-91a3-244afb74c24e: 48 chunks; 1.3 s; peak memory 1212 MiB.
2026-10-05T09:12:50Z INFO [326/500] 37470519-d946-41f2-95aa-d6df26290aca: 159 chunks; 3.8 s; peak memory 1212 MiB.
2026-10-05T09:12:51Z INFO [327/500] 37475db8-114e-479a-9585-33c9c7e6fa9e: 116 chunks; 1.8 s; peak memory 1212 MiB.
2026-10-05T09:12:53Z INFO [328/500] 374801b0-e318-43f2-bf1a-1d1b3a26721e: 116 chunks; 1.6 s; peak memory 1212 MiB.
2026-10-05T09:12:54Z INFO [329/500] 37482c45-683b-41bf-8285-90d9b46f3504: 117 chunks; 1.4 s; peak memory 1212 MiB.
2026-10-05T09:12:56Z INFO [330/500] 3748e015-4611-4394-ba58-f655e55f2295: 51 chunks; 1.2 s; peak memory 1212 MiB.
2026-10-05T09:17:57Z INFO [331/500] 3749361c-d0a6-47cf-8a99-c903f5ed4357: 89112 chunks; 301.0 s; peak memory 1212 MiB.
2026-10-05T09:17:58Z INFO [332/500] 3749e64f-eaa2-4af4-a400-a0ab4a8407d8: 48 chunks; 1.3 s; peak memory 1212 MiB.
2026-10-05T09:18:00Z INFO [333/500] 374af464-e613-4065-a9f3-53346265150c: 152 chunks; 2.2 s; peak memory 1212 MiB.
2026-10-05T09:18:01Z INFO [334/500] 374b053f-cfc9-431a-a4c1-9fdbccad0829: 35 chunks; 1.0 s; peak memory 1212 MiB.
2026-10-05T09:18:02Z INFO [335/500] 374b9f9e-c351-4732-8360-f8305c1a8417: 48 chunks; 1.4 s; peak memory 1212 MiB.
2026-10-05T09:18:04Z INFO [336/500] 374bd2d8-4425-425b-98c6-0a9d639f4ef7: 116 chunks; 1.4 s; peak memory 1212 MiB.
2026-10-05T09:18:06Z INFO [337/500] 374d76ce-0e54-4839-9e20-963649ace2fc: 112 chunks; 2.2 s; peak memory 1212 MiB.
2026-10-05T09:18:07Z INFO [338/500] 374ddfff-89f8-423a-bfde-aa508d7c6354: 47 chunks; 1.1 s; peak memory 1212 MiB.
2026-10-05T09:18:09Z INFO [339/500] 374e0396-95eb-4f78-a0c1-b55a49529bdc: 47 chunks; 1.5 s; peak memory 1212 MiB.
2026-10-05T09:18:11Z INFO [340/500] 374e2875-dd7a-4f11-b5b6-c09a6f498ee4: 71 chunks; 1.8 s; peak memory 1212 MiB.
2026-10-05T09:18:12Z INFO [341/500] 374e7332-64a3-4f8c-b2ea-70f8e380a459: 48 chunks; 1.3 s; peak memory 1212 MiB.
2026-10-05T09:18:14Z INFO [342/500] 374e80e7-b697-4619-8d5c-10862c6c075d: 69 chunks; 1.7 s; peak memory 1212 MiB.
2026-10-05T09:18:15Z INFO [343/500] 374e8de2-f359-4c89-b132-29ea1539faa5: 66 chunks; 1.9 s; peak memory 1212 MiB.
2026-10-05T09:18:18Z INFO [344/500] 374fd034-1756-423a-9056-f3fefc1fd533: 66 chunks; 2.5 s; peak memory 1212 MiB.
2026-10-05T09:18:19Z INFO [345/500] 375024ee-8129-4b9c-bcb3-7008ee112ec9: 46 chunks; 1.1 s; peak memory 1212 MiB.
2026-10-05T09:18:21Z INFO [346/500] 3750a804-4893-4a0a-9c1c-3a85e515dceb: 112 chunks; 2.0 s; peak memory 1212 MiB.
2026-10-05T09:18:22Z INFO [347/500] 3751882c-9221-4940-911b-3d0652192947: 48 chunks; 1.2 s; peak memory 1212 MiB.
2026-10-05T09:18:24Z INFO [348/500] 3751d1c3-36ca-4230-b1b5-ef0b31f29c7a: 118 chunks; 1.7 s; peak memory 1212 MiB.
2026-10-05T09:18:29Z INFO [349/500] 3752d038-0d5b-4723-b454-9dc18edcc28d: 1126 chunks; 4.7 s; peak memory 1212 MiB.
2026-10-05T09:18:30Z INFO [350/500] 37536c8e-026d-46cf-aa0f-9896cdf85cb8: 48 chunks; 1.3 s; peak memory 1212 MiB.
2026-10-05T09:18:30Z INFO [350/500] 37536c8e-026d-46cf-aa0f-9896cdf85cb8: checkpointed 73684 records.
2026-10-05T09:18:31Z INFO [351/500] 3753c355-0d20-4b28-96bd-447c132dc4a5: 48 chunks; 1.3 s; peak memory 1212 MiB.
2026-10-05T09:18:33Z INFO [352/500] 3755025f-0ef9-49b2-a068-dd38cc473ffd: 48 chunks; 1.4 s; peak memory 1212 MiB.
2026-10-05T09:18:34Z INFO [353/500] 37556d5a-e154-40fb-9d03-59128461a6a9: 118 chunks; 1.4 s; peak memory 1212 MiB.
2026-10-05T09:18:36Z INFO [354/500] 37565442-3ce0-47e9-9ef2-95bea9a43507: 117 chunks; 1.5 s; peak memory 1212 MiB.
2026-10-05T09:18:37Z INFO [355/500] 375684da-f07c-4e54-b10a-b4810a8fb2bd: 116 chunks; 1.4 s; peak memory 1212 MiB.
2026-10-05T09:18:39Z INFO [356/500] 3756ed0e-b525-458c-8aee-589f9a0a4dfa: 118 chunks; 1.5 s; peak memory 1212 MiB.
2026-10-05T09:18:40Z INFO [357/500] 37572849-0ae1-43dc-9cdd-adac1d833136: 48 chunks; 1.3 s; peak memory 1212 MiB.
2026-10-05T09:18:41Z INFO [358/500] 375807bd-14d3-454b-af15-83e6a40dbefe: 132 chunks; 1.3 s; peak memory 1212 MiB.
2026-10-05T09:18:43Z INFO [359/500] 37586d0c-a8f0-446b-bf31-4ea8330c6bc9: 118 chunks; 1.5 s; peak memory 1212 MiB.
2026-10-05T09:18:46Z INFO [360/500] 37586f1b-38c4-461f-96a9-8ed3e901b975: 90 chunks; 3.0 s; peak memory 1212 MiB.
2026-10-05T09:18:56Z INFO [361/500] 3758d05f-7968-49cf-a658-e04eec847a6f: 4950 chunks; 9.9 s; peak memory 1212 MiB.
2026-10-05T09:18:57Z INFO [362/500] 3759d7bb-7897-4358-9829-385f023d91e3: 48 chunks; 1.5 s; peak memory 1212 MiB.
2026-10-05T09:18:59Z INFO [363/500] 3759f00e-b1f3-41d4-b35f-9af674163d24: 112 chunks; 1.9 s; peak memory 1212 MiB.
2026-10-05T09:19:01Z INFO [364/500] 375a63d9-f875-4bcc-8654-744f1b75d486: 201 chunks; 1.7 s; peak memory 1212 MiB.
2026-10-05T09:19:03Z INFO [365/500] 375aed07-a903-4696-8aa9-3cf8c5001cda: 71 chunks; 1.9 s; peak memory 1212 MiB.
2026-10-05T09:19:05Z INFO [366/500] 375afd92-f492-4646-8ad9-469c17bc4d84: 59 chunks; 1.8 s; peak memory 1212 MiB.
2026-10-05T09:19:15Z INFO [367/500] 375b10f2-c501-4385-8aee-e76d0e6c2acc: 496 chunks; 10.2 s; peak memory 1212 MiB.
2026-10-05T09:19:21Z INFO [368/500] 375c015c-6960-4968-82f1-da2a58186056: 8589 chunks; 6.7 s; peak memory 1212 MiB.
2026-10-05T09:19:25Z INFO [369/500] 375cacc1-9eb8-4ac4-ab5f-b1b20cc983f2: 213 chunks; 3.3 s; peak memory 1212 MiB.
2026-10-05T09:19:26Z INFO [370/500] 375ce5e5-4cdb-4da2-9ab2-352d013222e6: 46 chunks; 0.9 s; peak memory 1212 MiB.
2026-10-05T09:19:39Z INFO [371/500] 375dc90d-2d8f-4c99-a4f1-4712cd94bff4: 5767 chunks; 13.6 s; peak memory 1212 MiB.
2026-10-05T09:19:41Z INFO [372/500] 375e5b61-189a-4fe6-af03-8123d0292894: 117 chunks; 1.8 s; peak memory 1212 MiB.
2026-10-05T09:19:43Z INFO [373/500] 375f619f-9fe6-434a-a1ac-150782b41398: 115 chunks; 1.5 s; peak memory 1212 MiB.
2026-10-05T09:20:07Z INFO [374/500] 3760afbd-6050-4d03-9683-2462135a312b: 37114 chunks; 24.6 s; peak memory 1212 MiB.
2026-10-05T09:20:08Z INFO [375/500] 37614df2-2713-4cdd-a4cf-eae76812ebb9: 48 chunks; 1.3 s; peak memory 1212 MiB.
2026-10-05T09:20:10Z INFO [376/500] 3762bb1a-09c5-4a14-8519-2632cea3a3ba: 48 chunks; 1.3 s; peak memory 1212 MiB.
2026-10-05T09:20:11Z INFO [377/500] 3762d658-3164-4255-b4eb-6fd6cc7d281f: 117 chunks; 1.6 s; peak memory 1212 MiB.
2026-10-05T09:20:14Z INFO [378/500] 3763018d-1204-4170-8bb7-cfd1251ca1b0: 82 chunks; 2.5 s; peak memory 1212 MiB.
2026-10-05T09:20:15Z INFO [379/500] 37639aac-3121-4133-87fe-7afd2caa9b9d: 48 chunks; 1.3 s; peak memory 1212 MiB.
2026-10-05T09:20:16Z INFO [380/500] 3763b5ef-b5f6-4302-94ca-1092a92a8fed: 48 chunks; 1.3 s; peak memory 1212 MiB.
2026-10-05T09:20:24Z INFO [381/500] 3763b818-335b-4ce6-9734-ca3e9d8a3376: 1728 chunks; 8.0 s; peak memory 1212 MiB.
2026-10-05T09:20:38Z INFO [382/500] 3764bf1e-c5ab-47fb-a282-d6e6d946adad: 17138 chunks; 13.6 s; peak memory 1212 MiB.
2026-10-05T09:20:39Z INFO [383/500] 3764f591-9b42-4091-bf70-6f079006023f: 48 chunks; 1.3 s; peak memory 1212 MiB.
2026-10-05T09:20:41Z INFO [384/500] 37655638-d956-474d-b068-b2b73b2dea77: 48 chunks; 1.4 s; peak memory 1212 MiB.
2026-10-05T09:20:43Z INFO [385/500] 37656d04-8328-4a1d-bcfa-90e1129ccd0e: 110 chunks; 2.2 s; peak memory 1212 MiB.
2026-10-05T09:20:45Z INFO [386/500] 37660f26-e1d9-48fa-8d9d-71cca7f31872: 62 chunks; 1.7 s; peak memory 1212 MiB.
2026-10-05T09:20:46Z INFO [387/500] 376667f5-102d-47ee-a2f1-35fe4c18728c: 51 chunks; 1.5 s; peak memory 1212 MiB.
2026-10-05T09:20:48Z INFO [388/500] 3767ce12-de54-4894-a65e-a85be7d0ed3b: 117 chunks; 1.7 s; peak memory 1212 MiB.
2026-10-05T09:21:13Z INFO [389/500] 3768d716-3c3b-4ca1-93eb-fc3a5af288fa: 32244 chunks; 24.8 s; peak memory 1212 MiB.
2026-10-05T09:21:15Z INFO [390/500] 3769de8d-591d-4795-b97a-dab20bfcfc02: 112 chunks; 1.8 s; peak memory 1212 MiB.
2026-10-05T09:21:17Z INFO [391/500] 376a0397-3839-468a-bb88-6be76ab66770: 997 chunks; 2.7 s; peak memory 1212 MiB.
2026-10-05T09:21:19Z INFO [392/500] 376c84a7-7fc5-4d1e-a66b-e59cf0463e83: 112 chunks; 1.7 s; peak memory 1212 MiB.
2026-10-05T09:21:21Z INFO [393/500] 376c98e5-78e3-4b96-a476-3d539d85aeac: 112 chunks; 1.6 s; peak memory 1212 MiB.
2026-10-05T09:21:24Z INFO [394/500] 376da41d-4b3f-43f5-badb-3d0a39d29146: 90 chunks; 3.0 s; peak memory 1212 MiB.
2026-10-05T09:21:25Z INFO [395/500] 376da7cd-b77d-4241-8f62-5f3a91b848e1: 48 chunks; 1.3 s; peak memory 1212 MiB.
2026-10-05T09:21:26Z INFO [396/500] 376db233-0e47-4326-896f-aa5ea0b0c826: 48 chunks; 1.2 s; peak memory 1212 MiB.
2026-10-05T09:21:28Z INFO [397/500] 376e2c49-ca12-41f3-999a-903bca4ca1b1: 204 chunks; 1.7 s; peak memory 1212 MiB.
2026-10-05T09:21:29Z INFO [398/500] 376e4e8d-bf09-49dd-929a-83c3dc114c89: 52 chunks; 1.5 s; peak memory 1212 MiB.
2026-10-05T09:21:41Z INFO [399/500] 376ee06f-8aba-409e-a7ae-b5328cc9ac99: 21507 chunks; 12.0 s; peak memory 1212 MiB.
2026-10-05T09:21:43Z INFO [400/500] 376ee2fd-4d09-4d90-a7a7-e39e273939dd: 52 chunks; 1.5 s; peak memory 1212 MiB.
2026-10-05T09:21:43Z INFO [400/500] 376ee2fd-4d09-4d90-a7a7-e39e273939dd: checkpointed 73734 records.
2026-10-05T09:21:44Z INFO [401/500] 376ef1c0-498f-4863-9932-2a415003476b: 66 chunks; 1.4 s; peak memory 1212 MiB.
2026-10-05T09:21:47Z INFO [402/500] 377197f8-5f77-48e4-9d42-7af338c896b2: 119 chunks; 2.5 s; peak memory 1212 MiB.
2026-10-05T09:21:48Z INFO [403/500] 3771f699-41df-4406-8af9-fc53e5d91e28: 48 chunks; 1.2 s; peak memory 1212 MiB.
2026-10-05T09:21:49Z INFO [404/500] 377363d7-69a7-4750-953e-040fddac7ec0: 48 chunks; 1.2 s; peak memory 1212 MiB.
2026-10-05T09:21:51Z INFO [405/500] 3773b743-91c6-4826-8b73-dd38b6c23433: 48 chunks; 1.2 s; peak memory 1212 MiB.
2026-10-05T09:21:52Z INFO [406/500] 37744369-5ab9-4644-a3bc-8b0f83c4e338: 48 chunks; 1.5 s; peak memory 1212 MiB.
2026-10-05T09:21:54Z INFO [407/500] 3774c67f-65ca-441a-a4e7-6a115c39bda2: 48 chunks; 1.4 s; peak memory 1212 MiB.
2026-10-05T09:21:56Z INFO [408/500] 3774fa4a-59c0-4f83-89b5-cb6ecd85ef83: 112 chunks; 2.2 s; peak memory 1212 MiB.
2026-10-05T09:21:57Z INFO [409/500] 37750428-a74d-4d8d-b925-505e7d1df338: 117 chunks; 1.6 s; peak memory 1212 MiB.
2026-10-05T09:21:59Z INFO [410/500] 3775187c-c2fb-4254-9c0e-be76ea82c8d1: 74 chunks; 1.7 s; peak memory 1212 MiB.
2026-10-05T09:22:01Z INFO [411/500] 3775acc4-c0d7-4dca-ad7f-ba8e204581e2: 66 chunks; 1.8 s; peak memory 1212 MiB.
2026-10-05T09:22:02Z INFO [412/500] 3776823d-223b-416e-ac0a-641bd6d0af07: 48 chunks; 1.3 s; peak memory 1212 MiB.
2026-10-05T09:22:04Z INFO [413/500] 37769c89-b91b-4b7e-962c-2709765ac49e: 66 chunks; 1.8 s; peak memory 1212 MiB.
2026-10-05T09:22:06Z INFO [414/500] 37770012-922a-4801-831c-aed686d2f29a: 72 chunks; 1.8 s; peak memory 1212 MiB.
2026-10-05T09:22:07Z INFO [415/500] 37771222-5758-4824-bf17-f4e4f5d7ab09: 117 chunks; 1.5 s; peak memory 1212 MiB.
2026-10-05T09:22:10Z INFO [416/500] 3777c764-46e2-4ea9-8209-0e93d8a95c0b: 343 chunks; 2.4 s; peak memory 1212 MiB.
2026-10-05T09:22:12Z INFO [417/500] 37783cb5-5713-4181-bf9f-8b4acbc094b8: 112 chunks; 1.9 s; peak memory 1212 MiB.
2026-10-05T09:22:13Z INFO [418/500] 3778656d-2287-4cd9-90c1-32ce44961538: 52 chunks; 1.1 s; peak memory 1212 MiB.
2026-10-05T09:22:14Z INFO [419/500] 3778d9b4-7119-4327-a211-bd998caf5d80: 69 chunks; 1.7 s; peak memory 1212 MiB.
2026-10-05T09:22:21Z INFO [420/500] 37793b13-5da5-4025-a9a3-7790baac274c: 704 chunks; 6.1 s; peak memory 1212 MiB.
2026-10-05T09:22:37Z INFO [421/500] 37797f1b-0745-4afd-91aa-49b34b013a54: 8229 chunks; 16.7 s; peak memory 1212 MiB.
2026-10-05T09:22:39Z INFO [422/500] 377986f8-4f62-490e-96bd-24b9c946b793: 112 chunks; 1.7 s; peak memory 1212 MiB.
2026-10-05T09:22:40Z INFO [423/500] 3779d89c-e649-45f6-bf67-404ad1ab9689: 48 chunks; 1.3 s; peak memory 1212 MiB.
2026-10-05T09:22:42Z INFO [424/500] 377a1105-f3ef-4938-b23a-dd0c9ca54f19: 48 chunks; 1.4 s; peak memory 1212 MiB.
2026-10-05T09:22:54Z INFO [425/500] 377a2a9d-233d-44d3-b770-3f3fb73ba65f: 20582 chunks; 12.1 s; peak memory 1212 MiB.
2026-10-05T09:22:56Z INFO [426/500] 377b36b6-03f7-4ef6-8cec-031a0dec01f6: 112 chunks; 1.9 s; peak memory 1212 MiB.
2026-10-05T09:22:59Z INFO [427/500] 377b89a0-ff12-4136-9caa-24de9911edb9: 71 chunks; 2.8 s; peak memory 1212 MiB.
2026-10-05T09:23:00Z INFO [428/500] 377b9e91-6dc2-4f87-ac05-9250ae4e33f2: 59 chunks; 1.9 s; peak memory 1212 MiB.
2026-10-05T09:23:21Z INFO [429/500] 377ba12b-6e28-4e87-858c-2d9899a83430: 5625 chunks; 20.4 s; peak memory 1212 MiB.
2026-10-05T09:23:23Z INFO [430/500] 377ba3f9-f877-404c-a886-22447a1416d2: 111 chunks; 2.0 s; peak memory 1212 MiB.
2026-10-05T09:23:24Z INFO [431/500] 377bad0e-38d9-469f-b917-4eeeb0f3e2e9: 41 chunks; 1.1 s; peak memory 1212 MiB.
2026-10-05T09:23:25Z INFO [432/500] 377c25d8-4840-4b83-ba9c-af9d808b04b7: 48 chunks; 1.2 s; peak memory 1212 MiB.
2026-10-05T09:23:27Z INFO [433/500] 377c2e3c-5e63-4729-9e9e-f1d640678c2b: 116 chunks; 1.5 s; peak memory 1212 MiB.
2026-10-05T09:23:29Z INFO [434/500] 377e0f86-0189-4818-807c-cfddb393fcfb: 112 chunks; 2.4 s; peak memory 1212 MiB.
2026-10-05T09:23:30Z INFO [435/500] 377e12ef-809d-42e7-a206-63614fc4e65d: 57 chunks; 1.0 s; peak memory 1212 MiB.
2026-10-05T09:23:31Z INFO [436/500] 377e2d1b-0978-419d-9cc0-8550e62d940f: 48 chunks; 1.2 s; peak memory 1212 MiB.
2026-10-05T09:23:33Z INFO [437/500] 3780b5b6-e211-41c5-a51c-764627bbf4cf: 59 chunks; 1.7 s; peak memory 1212 MiB.
2026-10-05T09:23:35Z INFO [438/500] 3780f6da-f8e2-4f0c-8b10-210d4be1c75a: 84 chunks; 1.7 s; peak memory 1212 MiB.
2026-10-05T09:23:36Z INFO [439/500] 3781181a-98f3-46f0-b958-58b14ddfea3b: 42 chunks; 1.5 s; peak memory 1212 MiB.
2026-10-05T09:23:37Z INFO [440/500] 3781f85e-b701-4c1d-b8ab-a03ab67e408c: 46 chunks; 1.0 s; peak memory 1212 MiB.
2026-10-05T09:23:39Z INFO [441/500] 37829e56-da17-4f53-9a72-a4178ec29626: 48 chunks; 1.3 s; peak memory 1212 MiB.
2026-10-05T09:23:42Z INFO [442/500] 3782da7d-f116-4ce0-ad54-5d437a8cf5f2: 90 chunks; 3.3 s; peak memory 1212 MiB.
2026-10-05T09:24:26Z INFO [443/500] 3782e64e-cea1-412b-bfc9-6a55ab159295: 2906 chunks; 44.5 s; peak memory 1212 MiB.
2026-10-05T09:24:30Z INFO [444/500] 3782ef99-631e-4ed3-b2cf-508957248f5f: 156 chunks; 3.9 s; peak memory 1212 MiB.
2026-10-05T09:24:49Z INFO [445/500] 37838c59-0c57-46a0-a059-988ad397add6: 432 chunks; 18.3 s; peak memory 1212 MiB.
2026-10-05T09:24:50Z INFO [446/500] 3783f4df-6ee3-471f-8b59-73fba404f142: 114 chunks; 1.5 s; peak memory 1212 MiB.
2026-10-05T09:24:52Z INFO [447/500] 378441f0-a956-40bb-bc26-e7288fad5c44: 48 chunks; 1.3 s; peak memory 1212 MiB.
2026-10-05T09:24:53Z INFO [448/500] 378464b8-3bce-44c8-a855-526d952748ef: 46 chunks; 1.1 s; peak memory 1212 MiB.
2026-10-05T09:24:54Z INFO [449/500] 3784ed55-6ee8-4e22-8f2e-269bb0bbb36d: 48 chunks; 1.4 s; peak memory 1212 MiB.
2026-10-05T09:24:55Z INFO [450/500] 37854024-e567-43aa-b0ba-f3f02347228c: 52 chunks; 1.4 s; peak memory 1212 MiB.
2026-10-05T09:24:56Z INFO [450/500] 37854024-e567-43aa-b0ba-f3f02347228c: checkpointed 73784 records.
2026-10-05T09:24:58Z INFO [451/500] 3786a17e-f3f5-4f75-ae28-ffb5ad1f148b: 303 chunks; 2.0 s; peak memory 1212 MiB.
2026-10-05T09:24:59Z INFO [452/500] 3786e4b4-478b-454d-a226-8a123a46d83b: 41 chunks; 1.2 s; peak memory 1212 MiB.
2026-10-05T09:25:01Z INFO [453/500] 3787e63b-20e7-4e7d-ad30-a6dff6eac17a: 71 chunks; 2.3 s; peak memory 1212 MiB.
2026-10-05T09:25:03Z INFO [454/500] 3788334c-00a0-4b2b-ae47-e6fb18744a61: 117 chunks; 1.6 s; peak memory 1212 MiB.
2026-10-05T09:25:05Z INFO [455/500] 37899908-3f35-490f-b602-66e8c7daf441: 112 chunks; 2.0 s; peak memory 1212 MiB.
2026-10-05T09:25:06Z INFO [456/500] 3789b1d4-455e-492a-9677-27b18a8de916: 117 chunks; 1.6 s; peak memory 1212 MiB.
2026-10-05T09:25:08Z INFO [457/500] 378a5528-3ce0-45ea-8376-bc2c01ad9f6b: 48 chunks; 1.2 s; peak memory 1212 MiB.
2026-10-05T09:25:10Z INFO [458/500] 378ac5e2-3b9d-450b-bca0-7f936fe14445: 157 chunks; 2.9 s; peak memory 1212 MiB.
2026-10-05T09:25:21Z INFO [459/500] 378bc0e8-ef7e-42fa-a9ab-afd4ae4ff971: 336 chunks; 10.8 s; peak memory 1212 MiB.
2026-10-05T09:25:23Z INFO [460/500] 378c064f-01cb-4a61-bd07-2f21c78e6352: 48 chunks; 1.3 s; peak memory 1212 MiB.
2026-10-05T09:26:43Z INFO [461/500] 378c14ca-bdd3-4ac3-aa43-46cbde500c32: 39234 chunks; 79.9 s; peak memory 1212 MiB.
2026-10-05T09:26:59Z INFO [462/500] 378ca183-e065-451f-81cf-07fa7316bc5a: 26882 chunks; 16.6 s; peak memory 1212 MiB.
2026-10-05T09:27:01Z INFO [463/500] 378ca3c2-9a19-4aa7-a0ea-d57af229a17e: 112 chunks; 1.4 s; peak memory 1212 MiB.
2026-10-05T09:27:02Z INFO [464/500] 378d5e2f-2c18-487f-8aea-40839461e8d0: 109 chunks; 1.6 s; peak memory 1212 MiB.
2026-10-05T09:27:04Z INFO [465/500] 378e3806-1abc-4570-99c2-54e85de8354f: 112 chunks; 2.0 s; peak memory 1212 MiB.
2026-10-05T09:27:07Z INFO [466/500] 378e982e-fbbf-484c-8778-2ac20aef87ca: 157 chunks; 3.2 s; peak memory 1212 MiB.
2026-10-05T09:27:09Z INFO [467/500] 378ec52d-9334-4f95-a345-2a9af77e72ea: 260 chunks; 1.7 s; peak memory 1212 MiB.
2026-10-05T09:27:13Z INFO [468/500] 378ef1ee-618f-42e3-94cf-38da55814bd8: 135 chunks; 4.3 s; peak memory 1212 MiB.
2026-10-05T09:27:20Z INFO [469/500] 378f3743-0826-433b-854d-baf49800ce88: 2212 chunks; 6.2 s; peak memory 1212 MiB.
2026-10-05T09:27:23Z INFO [470/500] 378f76af-f3f0-471b-93b8-5da80942b125: 997 chunks; 3.0 s; peak memory 1212 MiB.
2026-10-05T09:27:25Z INFO [471/500] 378f944c-e45e-4f59-87ae-733f2a30ff42: 112 chunks; 2.0 s; peak memory 1212 MiB.
2026-10-05T09:27:26Z INFO [472/500] 378fa878-f864-40be-ad8b-51fca857c352: 110 chunks; 1.7 s; peak memory 1212 MiB.
2026-10-05T09:27:28Z INFO [473/500] 378fe48c-0bed-4957-9430-90f2af4e7d18: 48 chunks; 1.2 s; peak memory 1212 MiB.
2026-10-05T09:27:29Z INFO [474/500] 378fe5a5-8b72-4e05-a76a-4aff9ec4667d: 48 chunks; 1.2 s; peak memory 1212 MiB.
2026-10-05T09:27:39Z INFO [475/500] 37901c9d-30f0-4de2-812e-d2d5eefc4127: 2205 chunks; 10.0 s; peak memory 1212 MiB.
2026-10-05T09:27:42Z INFO [476/500] 3790cb9d-42c6-49d3-9cfd-e620bd7c2b67: 99 chunks; 3.4 s; peak memory 1212 MiB.
2026-10-05T09:27:43Z INFO [477/500] 37919ecb-21ee-43e1-96ae-3916e322fd10: 46 chunks; 1.3 s; peak memory 1212 MiB.
2026-10-05T09:27:44Z INFO [478/500] 37920ea3-cbe3-4e54-bf2f-2f1ae4ac4469: 56 chunks; 1.0 s; peak memory 1212 MiB.
2026-10-05T09:27:47Z INFO [479/500] 37936f00-d38a-4d40-96a6-00a3c156283d: 71 chunks; 2.1 s; peak memory 1212 MiB.
2026-10-05T09:27:48Z INFO [480/500] 3793baca-1d9a-4414-a8e3-10f5d5466b3c: 204 chunks; 1.7 s; peak memory 1212 MiB.
2026-10-05T09:27:50Z INFO [481/500] 37949cff-1cba-4c2c-ae75-f829873c3393: 48 chunks; 1.3 s; peak memory 1212 MiB.
2026-10-05T09:27:51Z INFO [482/500] 3794aaaf-f41c-40f5-ab02-8db8b4fe21b3: 116 chunks; 1.6 s; peak memory 1212 MiB.
2026-10-05T09:27:53Z INFO [483/500] 3794f5d2-8cda-4e49-a92a-8fec4d853b6a: 52 chunks; 1.4 s; peak memory 1212 MiB.
2026-10-05T09:27:56Z INFO [484/500] 379554d6-1105-40ca-89fc-d172ba58f5f9: 116 chunks; 3.1 s; peak memory 1212 MiB.
2026-10-05T09:27:57Z INFO [485/500] 37957844-4f93-4045-ada0-8c7513ea4b65: 48 chunks; 1.2 s; peak memory 1212 MiB.
2026-10-05T09:28:03Z INFO [486/500] 37957b0b-c37f-44b6-84b8-06ffccef8d34: 6535 chunks; 6.4 s; peak memory 1212 MiB.
2026-10-05T09:28:24Z INFO [487/500] 3796324b-201b-4b89-a04f-f97aee56a7d6: 6139 chunks; 20.4 s; peak memory 1212 MiB.
2026-10-05T09:28:26Z INFO [488/500] 379686f2-b4a1-4b8d-8764-16f6b1323475: 117 chunks; 1.8 s; peak memory 1212 MiB.
2026-10-05T09:28:27Z INFO [489/500] 3797b0a7-15b4-4119-98b1-d1ae4b7e768a: 48 chunks; 1.3 s; peak memory 1212 MiB.
2026-10-05T09:28:28Z INFO [490/500] 3798259a-d934-48da-9581-8c1626ad4274: 48 chunks; 1.3 s; peak memory 1212 MiB.
2026-10-05T09:28:35Z INFO [491/500] 379976a3-65b5-4a39-a2fe-bea2ab814cb2: 2923 chunks; 7.2 s; peak memory 1212 MiB.
2026-10-05T09:28:36Z INFO [492/500] 379a27c0-8661-48f9-a8c5-2c87af41c327: 48 chunks; 1.2 s; peak memory 1212 MiB.
2026-10-05T09:28:49Z INFO [493/500] 379a56ea-f577-4a3d-aacb-00beed5efdf3: 19482 chunks; 12.2 s; peak memory 1212 MiB.
2026-10-05T09:28:50Z INFO [494/500] 379a5966-beb4-492d-9702-55b80ab80835: 54 chunks; 1.0 s; peak memory 1212 MiB.
2026-10-05T09:28:53Z INFO [495/500] 379adf4f-070f-494d-959b-86e6e0973fbb: 114 chunks; 3.2 s; peak memory 1212 MiB.
2026-10-05T09:28:54Z INFO [496/500] 379c8e80-5e25-4f83-a8a1-cf5f69bbdd15: 48 chunks; 1.2 s; peak memory 1212 MiB.
2026-10-05T09:28:55Z INFO [497/500] 379cd2bc-db29-41ed-b813-7cab79a0aa26: 47 chunks; 1.3 s; peak memory 1212 MiB.
2026-10-05T09:28:57Z INFO [498/500] 379d7391-8400-4381-b97c-95d398da34b9: 92 chunks; 1.4 s; peak memory 1212 MiB.
2026-10-05T09:28:58Z INFO [499/500] 379e99a3-b05b-4228-b1dc-8f7d917b32f2: 48 chunks; 1.3 s; peak memory 1212 MiB.
2026-10-05T09:28:59Z INFO [500/500] 379eae87-9b8e-4e49-a77a-f91c05ada780: 48 chunks; 1.3 s; peak memory 1212 MiB.
2026-10-05T09:29:00Z INFO [500/500] 379eae87-9b8e-4e49-a77a-f91c05ada780: checkpointed 73834 records.
2026-10-05T09:29:00Z INFO Wrote 73834 records to /tmp/derivatives/valid_nwb_file_to_chunk_stats.jsonl (500 new, 0 failed) in 77.1 min (peak memory 1212 MiB).
