2026-10-08T07:40:40Z INFO Logging to /tmp/logs/update_2026-10-08T07-40-40Z.log.
2026-10-08T07:40:40Z INFO Update valid-nwb-file-to-chunk-stats (base directory /tmp).
2026-10-08T07:40:41Z INFO Processing 500 items (89834 already recorded).
2026-10-08T07:40:42Z INFO [1/500] 58ba4f3e-ca21-47a9-a1eb-c5b89abbc06e: 62 chunks; 1.3 s; peak memory 187 MiB.
2026-10-08T07:40:43Z INFO [2/500] 58bae31f-6661-44fc-9aba-3cc74db71cf0: 65 chunks; 1.2 s; peak memory 187 MiB.
2026-10-08T07:40:45Z INFO [3/500] 58bb2172-e79a-487a-b5c0-001b366728ba: 48 chunks; 1.0 s; peak memory 188 MiB.
2026-10-08T07:40:46Z INFO [4/500] 58bb2bb3-dcf7-4b01-aaa6-1768a7d01b1d: 117 chunks; 1.2 s; peak memory 189 MiB.
2026-10-08T07:40:49Z INFO [5/500] 58bb589e-8539-4f77-8aa7-4c46d298e1fc: 2519 chunks; 3.7 s; peak memory 198 MiB.
2026-10-08T07:40:51Z INFO [6/500] 58bca27f-2b69-4bbc-8de1-1ffa469f046b: 84 chunks; 1.5 s; peak memory 198 MiB.
2026-10-08T07:40:53Z INFO [7/500] 58bd3f6e-5b53-4e13-af14-aa91be8ff463: 71 chunks; 2.0 s; peak memory 199 MiB.
2026-10-08T07:40:59Z INFO [8/500] 58bd4633-deda-476f-a5ba-b931f2730481: 1027 chunks; 6.2 s; peak memory 205 MiB.
2026-10-08T07:41:00Z INFO [9/500] 58bf6dfc-3719-4648-8114-a2dbf1039b11: 48 chunks; 1.1 s; peak memory 205 MiB.
2026-10-08T07:45:20Z INFO [10/500] 58bfde6b-72d0-4dd7-8fa8-5ff152cd3615: 75407 chunks; 260.2 s; peak memory 473 MiB.
2026-10-08T07:45:29Z INFO [11/500] 58c1d57d-a6a8-4d1d-8227-690fc98b085e: 6987 chunks; 8.7 s; peak memory 473 MiB.
2026-10-08T07:45:30Z INFO [12/500] 58c25a68-d525-4ba3-ae91-2b224ef36936: 64 chunks; 1.4 s; peak memory 473 MiB.
2026-10-08T07:47:47Z INFO [13/500] 58c30fa6-4ddc-40d1-9f9c-5774cc500ad7: 37837 chunks; 137.0 s; peak memory 473 MiB.
2026-10-08T07:47:50Z INFO [14/500] 58c3d99f-3558-4a1c-a996-44a06cdf102c: 71 chunks; 2.1 s; peak memory 473 MiB.
2026-10-08T07:47:51Z INFO [15/500] 58c4fb3e-c284-4922-b382-d1aad006cccb: 48 chunks; 1.1 s; peak memory 473 MiB.
2026-10-08T07:47:51Z INFO [16/500] 58c5038b-86ce-43c6-b635-c868f8b15f5c: 37 chunks; 0.9 s; peak memory 473 MiB.
2026-10-08T07:48:27Z INFO [17/500] 58c56aea-929c-454e-b10e-3e13f02a8e65: 5867 chunks; 35.8 s; peak memory 473 MiB.
2026-10-08T07:48:34Z INFO [18/500] 58c5d6ca-8d25-4dbf-9244-885c30acb8c2: 1877 chunks; 6.8 s; peak memory 473 MiB.
2026-10-08T07:48:37Z INFO [19/500] 58c66b2d-c9a0-4c76-8e8f-45b3a568ca60: 2549 chunks; 3.3 s; peak memory 473 MiB.
2026-10-08T07:48:42Z INFO [20/500] 58c6c9c7-2796-4525-803b-cbb3e5776893: 198 chunks; 4.7 s; peak memory 473 MiB.
2026-10-08T07:48:44Z INFO [21/500] 58c6e549-419a-4a10-88e7-c894cc48536d: 62 chunks; 1.4 s; peak memory 473 MiB.
2026-10-08T07:48:45Z INFO [22/500] 58c7230d-6168-475a-be9e-a63c749c6499: 71 chunks; 1.6 s; peak memory 473 MiB.
2026-10-08T07:48:46Z INFO [23/500] 58c7a8f7-fe39-49b3-b67b-86d7d656fe7b: 47 chunks; 0.9 s; peak memory 473 MiB.
2026-10-08T07:48:47Z INFO [24/500] 58c8ef1d-4b64-4f3f-a358-632a60fcb43a: 48 chunks; 1.0 s; peak memory 473 MiB.
2026-10-08T07:48:48Z INFO [25/500] 58c9093e-6215-4ab1-82bf-63e26b5b3de6: 117 chunks; 1.2 s; peak memory 473 MiB.
2026-10-08T07:48:49Z INFO [26/500] 58c9fc09-09a4-430a-91f6-a7fbc0e62d41: 117 chunks; 1.2 s; peak memory 473 MiB.
2026-10-08T07:48:51Z INFO [27/500] 58c9fcfd-05eb-4659-b5ad-7b2abed16cbf: 118 chunks; 1.3 s; peak memory 473 MiB.
2026-10-08T07:48:54Z INFO [28/500] 58ca56dc-0ee8-4422-aa3d-294aebd44e44: 1641 chunks; 3.2 s; peak memory 473 MiB.
2026-10-08T07:48:56Z INFO [29/500] 58cad647-98fb-4e0b-bed6-4d444055e8a1: 71 chunks; 2.1 s; peak memory 473 MiB.
2026-10-08T07:48:58Z INFO [30/500] 58cc0173-b822-4d35-9e2a-434faee1e57b: 49 chunks; 1.6 s; peak memory 473 MiB.
2026-10-08T07:49:03Z INFO [31/500] 58cd1af6-2729-43f6-9fa5-56b341dcbc11: 2923 chunks; 5.8 s; peak memory 473 MiB.
2026-10-08T07:49:05Z INFO [32/500] 58cd3667-5088-423a-bc49-9269a846bb34: 48 chunks; 1.1 s; peak memory 473 MiB.
2026-10-08T07:49:05Z INFO [33/500] 58cd4989-99ea-4dab-9ce5-75debf44b35a: 46 chunks; 0.8 s; peak memory 473 MiB.
2026-10-08T07:49:08Z INFO [34/500] 58cd5806-6356-4aba-bfdc-84dd072d6cf2: 156 chunks; 2.9 s; peak memory 473 MiB.
2026-10-08T07:49:10Z INFO [35/500] 58cd5937-3153-43ca-8def-500cef1dbc48: 57 chunks; 1.4 s; peak memory 473 MiB.
2026-10-08T07:49:11Z INFO [36/500] 58cdbdfc-3d24-46cd-bc82-9c3cc74fe742: 66 chunks; 1.5 s; peak memory 473 MiB.
2026-10-08T07:49:13Z INFO [37/500] 58cf7590-5951-4da3-a95a-8052dfc1f869: 112 chunks; 1.3 s; peak memory 473 MiB.
2026-10-08T07:49:14Z INFO [38/500] 58cfaa8f-8ba7-41f9-8146-6ac3fe5af284: 117 chunks; 1.3 s; peak memory 473 MiB.
2026-10-08T07:49:18Z INFO [39/500] 58cfd2a5-d4ce-49b0-b9d5-2bb87641ae34: 1585 chunks; 4.0 s; peak memory 473 MiB.
2026-10-08T07:49:19Z INFO [40/500] 58d05039-071d-414d-8dd6-b82259375ca7: 112 chunks; 1.3 s; peak memory 473 MiB.
2026-10-08T07:49:20Z INFO [41/500] 58d0f4e5-4bbb-4ee0-b2c8-cd0ff50122ff: 46 chunks; 0.9 s; peak memory 473 MiB.
2026-10-08T07:49:21Z INFO [42/500] 58d114a8-5bb3-4c9a-a46c-b1c41af5c889: 37 chunks; 0.8 s; peak memory 473 MiB.
2026-10-08T07:49:23Z INFO [43/500] 58d1746d-aafb-4d48-a621-5c324be29711: 67 chunks; 1.8 s; peak memory 473 MiB.
2026-10-08T07:49:32Z INFO [44/500] 58d1e368-3d22-46b6-a490-6b51ddb36982: 1843 chunks; 9.0 s; peak memory 473 MiB.
2026-10-08T07:49:33Z INFO [45/500] 58d2c881-d18b-42af-ad74-dded0a669439: 112 chunks; 1.7 s; peak memory 473 MiB.
2026-10-08T07:49:34Z INFO [46/500] 58d2e7c9-fac8-43a6-8356-9f35bf19ba00: 48 chunks; 1.1 s; peak memory 473 MiB.
2026-10-08T07:49:39Z INFO [47/500] 58d30142-43d5-48f1-87d1-da61f7291f2e: 372 chunks; 4.6 s; peak memory 473 MiB.
2026-10-08T07:49:40Z INFO [48/500] 58d30223-3f07-498d-88a7-652e2c5ad06e: 59 chunks; 1.4 s; peak memory 473 MiB.
2026-10-08T07:49:48Z INFO [49/500] 58d36f2d-f95d-47e8-b82a-1f26f138dccf: 16990 chunks; 7.4 s; peak memory 473 MiB.
2026-10-08T07:49:49Z INFO [50/500] 58d3ac46-09f4-40f7-84ba-1e396223b6c4: 51 chunks; 1.5 s; peak memory 473 MiB.
2026-10-08T07:49:49Z INFO [50/500] 58d3ac46-09f4-40f7-84ba-1e396223b6c4: checkpointed 89884 records.
2026-10-08T07:49:51Z INFO [51/500] 58d3bda2-2ba1-4f91-969a-720f9e175808: 78 chunks; 1.8 s; peak memory 473 MiB.
2026-10-08T07:49:53Z INFO [52/500] 58d45a75-eae3-4071-af38-2ea1200f290f: 110 chunks; 1.6 s; peak memory 473 MiB.
2026-10-08T07:49:54Z INFO [53/500] 58d5a0bb-ed49-4014-8df7-779997254677: 46 chunks; 0.9 s; peak memory 473 MiB.
2026-10-08T07:49:55Z INFO [54/500] 58d63afe-c0aa-40d9-897d-2b10e7c17d32: 48 chunks; 1.0 s; peak memory 473 MiB.
2026-10-08T07:49:56Z INFO [55/500] 58d7811f-94f9-4de6-bba0-49cf4fc7bedb: 48 chunks; 1.1 s; peak memory 473 MiB.
2026-10-08T07:49:57Z INFO [56/500] 58d8eb24-03b8-4626-bcdd-f5404b89c388: 66 chunks; 1.4 s; peak memory 473 MiB.
2026-10-08T07:53:45Z INFO [57/500] 58d9163d-6f87-4dd6-8d34-cb3482c3a07e: 37805 chunks; 228.0 s; peak memory 473 MiB.
2026-10-08T07:53:47Z INFO [58/500] 58d91bbd-ad7d-4101-a841-75c9de0efc22: 61 chunks; 1.4 s; peak memory 473 MiB.
2026-10-08T07:53:48Z INFO [59/500] 58da05dd-8ba0-4db4-a68f-fcad44be4ee9: 117 chunks; 1.3 s; peak memory 473 MiB.
2026-10-08T07:53:56Z INFO [60/500] 58da7c3c-7404-4d2d-aa05-8109b75ab7a5: 3643 chunks; 7.6 s; peak memory 473 MiB.
2026-10-08T07:53:57Z INFO [61/500] 58db8f0a-e637-4be7-8ec0-cf2016d98005: 146 chunks; 1.2 s; peak memory 473 MiB.
2026-10-08T07:54:03Z INFO [62/500] 58dba327-68fd-43a3-bd1c-0ea625128814: 1843 chunks; 6.1 s; peak memory 473 MiB.
2026-10-08T07:54:05Z INFO [63/500] 58dbae46-f4c8-42ac-bfca-de7ae9890a52: 964 chunks; 2.5 s; peak memory 473 MiB.
2026-10-08T07:54:07Z INFO [64/500] 58dc441c-d6d0-4eb0-9554-9752384a18cb: 48 chunks; 1.1 s; peak memory 473 MiB.
2026-10-08T07:54:07Z INFO [65/500] 58dc616f-1cfb-4578-96e7-1bed0e33a5e5: 46 chunks; 0.8 s; peak memory 473 MiB.
2026-10-08T07:54:08Z INFO [66/500] 58dc620c-4512-4b01-a6a6-1b670939a93c: 48 chunks; 1.0 s; peak memory 473 MiB.
2026-10-08T07:54:10Z INFO [67/500] 58dcd63b-f235-460e-a4e5-93d3e1558b8c: 118 chunks; 1.2 s; peak memory 473 MiB.
2026-10-08T07:58:24Z INFO [68/500] 58dd87eb-0250-49c6-abbb-f92843d79eb9: 75503 chunks; 254.5 s; peak memory 488 MiB.
2026-10-08T07:58:26Z INFO [69/500] 58ddc929-7eae-409f-8b92-2825eff2c582: 110 chunks; 1.6 s; peak memory 488 MiB.
2026-10-08T07:58:27Z INFO [70/500] 58de6215-08bf-48d4-84f7-369251867535: 121 chunks; 1.0 s; peak memory 488 MiB.
2026-10-08T07:58:35Z INFO [71/500] 58de7137-a5a0-408c-a34f-114b95df3242: 1053 chunks; 8.1 s; peak memory 488 MiB.
2026-10-08T07:58:36Z INFO [72/500] 58de9799-3617-4b4f-8042-dbc0e9f23d08: 118 chunks; 1.3 s; peak memory 488 MiB.
2026-10-08T07:58:42Z INFO [73/500] 58dec385-0310-4e22-907b-ac17a3dd08c9: 13635 chunks; 5.5 s; peak memory 488 MiB.
2026-10-08T07:58:43Z INFO [74/500] 58df5b80-66de-4d74-a8cd-09c378fbd3cb: 41 chunks; 0.9 s; peak memory 488 MiB.
2026-10-08T07:58:44Z INFO [75/500] 58e1da10-5db3-4651-a7bf-f535fa89ed82: 48 chunks; 1.1 s; peak memory 488 MiB.
2026-10-08T07:58:52Z INFO [76/500] 58e24576-6f44-43ce-abb7-197770d665c7: 336 chunks; 8.3 s; peak memory 488 MiB.
2026-10-08T07:58:53Z INFO [77/500] 58e2f1dc-e850-4b3a-afd9-4ad3449562d1: 74 chunks; 1.4 s; peak memory 488 MiB.
2026-10-08T07:58:55Z INFO [78/500] 58e34458-51d5-4dd2-8c2f-6c555fc50d11: 66 chunks; 1.6 s; peak memory 488 MiB.
2026-10-08T07:59:07Z INFO [79/500] 58e356dd-be51-40ef-ac8b-a48ce0684633: 23311 chunks; 12.4 s; peak memory 488 MiB.
2026-10-08T07:59:08Z INFO [80/500] 58e7a80c-2ed0-4621-8655-6a5a59d49fe5: 48 chunks; 1.0 s; peak memory 488 MiB.
2026-10-08T07:59:09Z INFO [81/500] 58e7ee18-6f1b-43f6-98ba-3c5e6b760a81: 189 chunks; 1.0 s; peak memory 488 MiB.
2026-10-08T07:59:12Z INFO [82/500] 58e7f18c-dffa-49cc-877e-26eb836b7549: 66 chunks; 2.3 s; peak memory 488 MiB.
2026-10-08T07:59:13Z INFO [83/500] 58e84d93-5ed9-4c38-be4d-1ab39f7694c4: 66 chunks; 1.5 s; peak memory 488 MiB.
2026-10-08T07:59:14Z INFO [84/500] 58e85710-f0cd-4e86-9307-72303de0eb03: 57 chunks; 0.8 s; peak memory 488 MiB.
2026-10-08T07:59:15Z INFO [85/500] 58e908bd-d038-4fe8-ab8d-9bd7b80bb710: 51 chunks; 1.3 s; peak memory 488 MiB.
2026-10-08T07:59:17Z INFO [86/500] 58e96dfe-6518-47b0-bd89-c331b0e71962: 204 chunks; 1.7 s; peak memory 488 MiB.
2026-10-08T07:59:22Z INFO [87/500] 58e96f3e-8eb9-47b2-8e0f-f6d4601cc976: 168 chunks; 4.9 s; peak memory 488 MiB.
2026-10-08T07:59:23Z INFO [88/500] 58e9d12d-d088-4452-98e3-2d1e028367ce: 84 chunks; 1.3 s; peak memory 488 MiB.
2026-10-08T07:59:29Z INFO [89/500] 58ea0fed-d52c-4cb0-b589-254c54638661: 16710 chunks; 6.0 s; peak memory 488 MiB.
2026-10-08T07:59:30Z INFO [90/500] 58ea6ec4-c31f-48bc-82f7-66e46b95d678: 46 chunks; 0.8 s; peak memory 488 MiB.
2026-10-08T07:59:31Z INFO [91/500] 58eacc51-e350-46a4-8921-ef13170884d6: 48 chunks; 1.2 s; peak memory 488 MiB.
2026-10-08T07:59:32Z INFO [92/500] 58eae8ce-9130-47a1-90e2-e1fd7d1d9217: 118 chunks; 1.2 s; peak memory 488 MiB.
2026-10-08T07:59:34Z INFO [93/500] 58ec3281-ff8a-45dc-b263-94db9fe9b9cf: 117 chunks; 1.3 s; peak memory 488 MiB.
2026-10-08T07:59:35Z INFO [94/500] 58ec6b9d-9363-4cb9-8086-368ea2808719: 48 chunks; 1.1 s; peak memory 488 MiB.
2026-10-08T07:59:37Z INFO [95/500] 58eca775-47c8-4db8-8c88-209c23daab74: 152 chunks; 2.8 s; peak memory 488 MiB.
2026-10-08T07:59:43Z INFO [96/500] 58eceea3-4e2b-4cb0-bf2b-2be850ff242d: 9363 chunks; 5.9 s; peak memory 488 MiB.
2026-10-08T07:59:45Z INFO [97/500] 58ed021b-31b9-4a43-914f-8e6746a31da5: 71 chunks; 1.7 s; peak memory 488 MiB.
2026-10-08T08:00:01Z INFO [98/500] 58ee2285-dfbd-49a5-bff6-32a544ca315a: 428 chunks; 15.7 s; peak memory 488 MiB.
2026-10-08T08:00:02Z INFO [99/500] 58ef173b-20b5-4348-8170-48de71480c9d: 66 chunks; 1.5 s; peak memory 488 MiB.
2026-10-08T08:00:12Z INFO [100/500] 58f06a69-f5ce-4235-a53f-1623b8320885: 17307 chunks; 10.0 s; peak memory 488 MiB.
2026-10-08T08:00:13Z INFO [100/500] 58f06a69-f5ce-4235-a53f-1623b8320885: checkpointed 89934 records.
2026-10-08T08:00:14Z INFO [101/500] 58f08a0e-b400-4a06-93a9-66ea9304c6b7: 69 chunks; 1.2 s; peak memory 488 MiB.
2026-10-08T08:00:19Z INFO [102/500] 58f0b311-ad61-4688-b3c0-5743e3a18030: 208 chunks; 4.8 s; peak memory 488 MiB.
2026-10-08T08:00:20Z INFO [103/500] 58f0f87c-6e1e-4c9e-81bb-a4e7350014cf: 116 chunks; 1.2 s; peak memory 488 MiB.
2026-10-08T08:00:21Z INFO [104/500] 58f22fab-54a2-49c6-ad33-5e489e46c6f3: 47 chunks; 0.9 s; peak memory 488 MiB.
2026-10-08T08:00:22Z INFO [105/500] 58f31083-94c8-4756-abe7-87d330c63491: 116 chunks; 1.2 s; peak memory 488 MiB.
2026-10-08T08:00:32Z INFO [106/500] 58f32c87-7bf1-4d82-8297-b2c8e4b6f902: 20582 chunks; 9.9 s; peak memory 488 MiB.
2026-10-08T08:00:39Z INFO [107/500] 58f38402-45d4-42e2-a995-bfa7afdbffad: 4151 chunks; 7.3 s; peak memory 488 MiB.
2026-10-08T08:00:41Z INFO [108/500] 58f3a6c2-d7cd-48ec-8d58-2b6cba6f3cd2: 73 chunks; 2.1 s; peak memory 488 MiB.
2026-10-08T08:00:42Z INFO [109/500] 58f3db19-1d06-4d90-b6f5-c800b568e91d: 115 chunks; 1.4 s; peak memory 488 MiB.
2026-10-08T08:00:44Z INFO [110/500] 58f40c0e-5722-46d0-a38c-d6c1b8b72a7a: 76 chunks; 1.4 s; peak memory 488 MiB.
2026-10-08T08:00:45Z INFO [111/500] 58f4189f-685e-412d-91e4-d5b649fac01d: 117 chunks; 1.1 s; peak memory 488 MiB.
2026-10-08T08:00:46Z INFO [112/500] 58f4405b-8a75-4fcb-a250-6078d2532dfe: 45 chunks; 0.8 s; peak memory 488 MiB.
2026-10-08T08:00:47Z INFO [113/500] 58f4b9a3-4f15-4de3-9e28-fe747380741c: 56 chunks; 0.8 s; peak memory 488 MiB.
2026-10-08T08:00:48Z INFO [114/500] 58f52dfa-e1d9-4b29-a9d4-99bb5920e785: 52 chunks; 1.1 s; peak memory 488 MiB.
2026-10-08T08:00:49Z INFO [115/500] 58f5c49b-f045-4c1b-8643-5f73c0758163: 48 chunks; 1.2 s; peak memory 488 MiB.
2026-10-08T08:00:50Z INFO [116/500] 58f5d1ae-bc89-45f4-8acd-93a86a445afb: 204 chunks; 1.7 s; peak memory 488 MiB.
2026-10-08T08:00:52Z INFO [117/500] 58f6d320-39c3-4687-9d7d-4697e4e516fa: 49 chunks; 1.1 s; peak memory 488 MiB.
2026-10-08T08:00:52Z INFO [118/500] 58f79e47-6258-4689-94e6-d42ab43d58ae: 37 chunks; 0.9 s; peak memory 488 MiB.
2026-10-08T08:00:54Z INFO [119/500] 58fa4e57-ce7a-4045-84dd-561236f4237f: 69 chunks; 1.8 s; peak memory 488 MiB.
2026-10-08T08:01:01Z INFO [120/500] 58fa4fc6-4ae5-4c5d-b162-4ac51d98c481: 2249 chunks; 7.0 s; peak memory 488 MiB.
2026-10-08T08:25:48Z INFO [121/500] 58fa5deb-ece3-4873-a900-41e49f3989fb: 543940 chunks; 1487.0 s; peak memory 1206 MiB.
2026-10-08T08:25:51Z INFO [122/500] 58fa97a5-a05f-473a-9509-acceece5b8be: 115 chunks; 3.0 s; peak memory 1206 MiB.
2026-10-08T08:25:52Z INFO [123/500] 58fb81d6-573d-46a1-83cd-d0471fd931aa: 46 chunks; 0.9 s; peak memory 1206 MiB.
2026-10-08T08:25:53Z INFO [124/500] 58fbcc40-3b85-4d0f-93c3-518a90cb6326: 48 chunks; 1.1 s; peak memory 1206 MiB.
2026-10-08T08:25:55Z INFO [125/500] 58fc2226-b72d-451b-a0ab-88a24742b664: 119 chunks; 2.2 s; peak memory 1206 MiB.
2026-10-08T08:25:57Z INFO [126/500] 58fd637d-50f7-42a3-9b93-fba4b2f4f7c7: 48 chunks; 1.1 s; peak memory 1206 MiB.
2026-10-08T08:26:00Z INFO [127/500] 58fead70-c9aa-45a5-9516-9017f0489f58: 156 chunks; 3.0 s; peak memory 1206 MiB.
2026-10-08T08:26:01Z INFO [128/500] 59005672-8808-49d4-aed2-b8310ea97ab5: 116 chunks; 1.2 s; peak memory 1206 MiB.
2026-10-08T08:26:02Z INFO [129/500] 590206c3-2466-4cda-b89c-ab9ce864c0fb: 51 chunks; 1.3 s; peak memory 1206 MiB.
2026-10-08T08:26:03Z INFO [130/500] 59021a64-a043-4109-bdb6-02e42ebaf64f: 117 chunks; 1.2 s; peak memory 1206 MiB.
2026-10-08T08:30:52Z INFO [131/500] 590283c1-4a3a-439b-b4ba-c7df2504cede: 75423 chunks; 288.4 s; peak memory 1206 MiB.
2026-10-08T08:30:54Z INFO [132/500] 5902f479-3d12-47ec-b7ac-5614f8df8cc3: 76 chunks; 2.3 s; peak memory 1206 MiB.
2026-10-08T08:30:55Z INFO [133/500] 5902f498-ef70-4ac2-b1e6-d047b07bc123: 50 chunks; 1.0 s; peak memory 1206 MiB.
2026-10-08T08:30:56Z INFO [134/500] 59033610-b49f-47b7-9bc1-f3caa874663a: 48 chunks; 1.1 s; peak memory 1206 MiB.
2026-10-08T08:30:57Z INFO [135/500] 5903c8ba-736a-4878-b70a-adc6be66e15f: 48 chunks; 1.1 s; peak memory 1206 MiB.
2026-10-08T08:30:59Z INFO [136/500] 5904235a-fe82-40cd-b11e-4f5e7d928826: 112 chunks; 1.5 s; peak memory 1206 MiB.
2026-10-08T08:31:00Z INFO [137/500] 5904cd79-4332-46b0-9b43-bc65445ac2fb: 46 chunks; 1.1 s; peak memory 1206 MiB.
2026-10-08T08:31:01Z INFO [138/500] 5904e078-e46c-4c7c-9cb3-b7bc893fc982: 48 chunks; 1.2 s; peak memory 1206 MiB.
2026-10-08T08:31:02Z INFO [139/500] 5904ebf1-1d0a-49e5-82ed-af1963f61323: 112 chunks; 1.5 s; peak memory 1206 MiB.
2026-10-08T08:31:14Z INFO [140/500] 590505d8-d9d4-4dbc-afe0-38beda668e18: 398 chunks; 11.8 s; peak memory 1206 MiB.
2026-10-08T08:31:16Z INFO [141/500] 5905287d-c239-4871-832a-699ae4502900: 114 chunks; 1.4 s; peak memory 1206 MiB.
2026-10-08T08:31:34Z INFO [142/500] 59067985-882d-4ecc-8ab4-d2763e7ca73b: 27206 chunks; 18.6 s; peak memory 1206 MiB.
2026-10-08T08:31:37Z INFO [143/500] 5906c199-17b2-4c4e-8a89-41a2395032f9: 123 chunks; 2.6 s; peak memory 1206 MiB.
2026-10-08T08:31:38Z INFO [144/500] 59074481-d0b6-444f-aecb-4877770a6f93: 116 chunks; 1.3 s; peak memory 1206 MiB.
2026-10-08T08:31:40Z INFO [145/500] 5907cabd-5a5d-4b99-a203-63d66cbdc239: 67 chunks; 1.4 s; peak memory 1206 MiB.
2026-10-08T08:31:41Z INFO [146/500] 590952b0-13bf-4b18-8218-de3fef9abdcb: 46 chunks; 1.3 s; peak memory 1206 MiB.
2026-10-08T08:31:42Z INFO [147/500] 5909b099-9123-4c3a-bd77-91176b03fe06: 66 chunks; 1.5 s; peak memory 1206 MiB.
2026-10-08T08:31:43Z INFO [148/500] 590a6cd7-d066-4484-b690-210501e57464: 46 chunks; 1.0 s; peak memory 1206 MiB.
2026-10-08T08:31:52Z INFO [149/500] 590ab0e5-3019-4c7d-ab8e-52d325e2c5dd: 396 chunks; 8.9 s; peak memory 1206 MiB.
2026-10-08T08:31:54Z INFO [150/500] 590c1a63-6638-43f0-9100-fec97ce4b5a3: 66 chunks; 1.6 s; peak memory 1206 MiB.
2026-10-08T08:31:54Z INFO [150/500] 590c1a63-6638-43f0-9100-fec97ce4b5a3: checkpointed 89984 records.
2026-10-08T08:31:55Z INFO [151/500] 590ca468-1604-46dc-87c8-29713162b991: 48 chunks; 1.3 s; peak memory 1206 MiB.
2026-10-08T08:31:57Z INFO [152/500] 590cb20b-0ed6-4547-9c68-70f554f2ab7b: 119 chunks; 1.9 s; peak memory 1206 MiB.
2026-10-08T08:32:08Z INFO [153/500] 590d18ea-5948-4129-8b93-d187ba155eb9: 16055 chunks; 10.4 s; peak memory 1206 MiB.
2026-10-08T08:32:09Z INFO [154/500] 590d5f10-9bca-4e9f-9cbe-ea28e435451a: 66 chunks; 1.0 s; peak memory 1206 MiB.
2026-10-08T08:32:10Z INFO [155/500] 590eb5ba-87f2-43be-a082-5902b9b8cfac: 48 chunks; 1.0 s; peak memory 1206 MiB.
2026-10-08T08:53:44Z INFO [156/500] 590ec528-9a9a-4de3-9844-6dc36bf3c44b: 540933 chunks; 1294.3 s; peak memory 1206 MiB.
2026-10-08T08:53:45Z INFO [157/500] 590f0e1a-4225-481d-a98b-c9b438ca52f1: 48 chunks; 1.2 s; peak memory 1206 MiB.
2026-10-08T08:53:47Z INFO [158/500] 590f9a9b-9b6d-47a2-854d-fddd336607be: 66 chunks; 1.6 s; peak memory 1206 MiB.
2026-10-08T08:53:48Z INFO [159/500] 5910326c-43f3-4950-a467-b3b03056a745: 132 chunks; 1.2 s; peak memory 1206 MiB.
2026-10-08T08:53:51Z INFO [160/500] 5910729f-4a00-486b-a326-c6cbbf298a9b: 115 chunks; 2.6 s; peak memory 1206 MiB.
2026-10-08T08:53:53Z INFO [161/500] 59109cde-a5cd-4f29-bdc5-2cb1e8d898d0: 41 chunks; 2.3 s; peak memory 1206 MiB.
2026-10-08T08:53:54Z INFO [162/500] 59112a70-b7b7-41ff-98e1-e3183dec4d14: 56 chunks; 0.9 s; peak memory 1206 MiB.
2026-10-08T08:53:57Z INFO [163/500] 59114d1e-bb32-4130-9983-a9299f8f9910: 156 chunks; 2.9 s; peak memory 1206 MiB.
2026-10-08T08:53:58Z INFO [164/500] 5913bb7e-1cee-4d46-b71c-fe71c5eee969: 48 chunks; 1.1 s; peak memory 1206 MiB.
2026-10-08T08:53:59Z INFO [165/500] 5913d9ae-249c-4c5e-87bd-36136bf75d2a: 46 chunks; 1.0 s; peak memory 1206 MiB.
2026-10-08T08:54:00Z INFO [166/500] 5914de55-011f-478a-b0bd-b60c114f7c5d: 72 chunks; 1.4 s; peak memory 1206 MiB.
2026-10-08T08:54:02Z INFO [167/500] 5914f8b6-024b-4cd3-9272-fa737770c2df: 51 chunks; 1.3 s; peak memory 1206 MiB.
2026-10-08T08:54:03Z INFO [168/500] 59165320-f731-4a6e-a04c-92b80471a224: 43 chunks; 1.0 s; peak memory 1206 MiB.
2026-10-08T08:54:10Z INFO [169/500] 59166358-c437-4eb4-ad01-2a700209129e: 338 chunks; 7.3 s; peak memory 1206 MiB.
2026-10-08T08:54:12Z INFO [170/500] 591771cc-a85b-4f65-a1c0-f5f85f46384e: 66 chunks; 1.8 s; peak memory 1206 MiB.
2026-10-08T08:54:13Z INFO [171/500] 5917b15e-f80f-47f0-a356-31b6eadd1b11: 112 chunks; 1.7 s; peak memory 1206 MiB.
2026-10-08T08:54:14Z INFO [172/500] 5917e20d-c929-4dc6-a68e-a4b9ea22a5f1: 48 chunks; 1.1 s; peak memory 1206 MiB.
2026-10-08T08:54:16Z INFO [173/500] 59191837-74b2-4c38-84f8-e5e3e56bb66c: 48 chunks; 1.0 s; peak memory 1206 MiB.
2026-10-08T08:54:17Z INFO [174/500] 5919b326-4e03-41ab-acb6-e4e5b0954f46: 69 chunks; 1.9 s; peak memory 1206 MiB.
2026-10-08T08:54:29Z INFO [175/500] 5919bd7f-2b86-4328-a6a6-dbc376402f34: 12377 chunks; 11.8 s; peak memory 1206 MiB.
2026-10-08T08:54:30Z INFO [176/500] 5919e3c4-6d69-4579-aadc-122cbc2edda6: 117 chunks; 1.1 s; peak memory 1206 MiB.
2026-10-08T08:54:32Z INFO [177/500] 591a6db0-8298-4ab5-8433-e1eeaa3e5738: 112 chunks; 1.6 s; peak memory 1206 MiB.
2026-10-08T08:54:33Z INFO [178/500] 591aa00f-a8e8-4b80-9594-98df8dedcd18: 96 chunks; 1.5 s; peak memory 1206 MiB.
2026-10-08T08:54:38Z INFO [179/500] 591ad761-9959-430d-ac06-7a236bc0c4c5: 7488 chunks; 4.9 s; peak memory 1206 MiB.
2026-10-08T08:54:40Z INFO [180/500] 591b1a31-0184-461c-b550-b3e59790c4bd: 71 chunks; 1.5 s; peak memory 1206 MiB.
2026-10-08T08:54:41Z INFO [181/500] 591c2665-3102-429f-ae10-75943170cff7: 69 chunks; 1.5 s; peak memory 1206 MiB.
2026-10-08T08:54:42Z INFO [182/500] 591ceef3-b523-45ba-9f21-f8e8fda9c2af: 48 chunks; 1.0 s; peak memory 1206 MiB.
2026-10-08T08:54:44Z INFO [183/500] 591e27f2-05b2-4206-9881-811823c1136b: 118 chunks; 1.2 s; peak memory 1206 MiB.
2026-10-08T08:55:02Z INFO [184/500] 591e990a-b29d-4d5c-84c1-284578b84411: 6328 chunks; 18.6 s; peak memory 1206 MiB.
2026-10-08T08:55:03Z INFO [185/500] 591ebbad-ce91-423d-81a9-cb5b029d91a6: 116 chunks; 1.2 s; peak memory 1206 MiB.
2026-10-08T08:55:04Z INFO [186/500] 591f76b5-8de8-40f2-b0ae-09776d6cf4bb: 84 chunks; 1.1 s; peak memory 1206 MiB.
2026-10-08T08:55:05Z INFO [187/500] 59215f99-6f16-4b42-afde-beee139bbdeb: 48 chunks; 1.0 s; peak memory 1206 MiB.
2026-10-08T08:55:24Z INFO [188/500] 5921acf7-88a9-4d7a-bf1a-52928d4b4766: 3939 chunks; 18.2 s; peak memory 1206 MiB.
2026-10-08T08:55:25Z INFO [189/500] 59223156-b337-4e8e-84f7-75a44e9b26cc: 112 chunks; 1.6 s; peak memory 1206 MiB.
2026-10-08T08:55:28Z INFO [190/500] 5922e133-ae48-4711-a284-eb8c155e55d4: 80 chunks; 2.4 s; peak memory 1206 MiB.
2026-10-08T08:55:29Z INFO [191/500] 5923acbd-2444-42e9-99ff-85eec6064772: 48 chunks; 1.0 s; peak memory 1206 MiB.
2026-10-08T08:55:32Z INFO [192/500] 59240252-3013-4c1c-a491-b214486afa0d: 156 chunks; 3.2 s; peak memory 1206 MiB.
2026-10-08T08:55:33Z INFO [193/500] 59245413-3a45-4581-a180-e0bdea6d81e1: 60 chunks; 1.0 s; peak memory 1206 MiB.
2026-10-08T08:55:34Z INFO [194/500] 592482e0-9c83-4acc-9270-40dc76511fc5: 66 chunks; 1.4 s; peak memory 1206 MiB.
2026-10-08T08:55:37Z INFO [195/500] 592535bb-2659-4c66-8770-336c3b6948f2: 138 chunks; 2.4 s; peak memory 1206 MiB.
2026-10-08T08:55:38Z INFO [196/500] 5925ac6a-185c-4ec9-abe9-e85cb5a830fe: 48 chunks; 1.0 s; peak memory 1206 MiB.
2026-10-08T08:55:39Z INFO [197/500] 592664d7-9535-4588-b82b-002b2ece2abb: 48 chunks; 1.1 s; peak memory 1206 MiB.
2026-10-08T08:55:42Z INFO [198/500] 59275657-1c0e-4bd8-a65c-c07c1d1174d2: 85 chunks; 3.2 s; peak memory 1206 MiB.
2026-10-08T08:55:43Z INFO [199/500] 5927a55a-cfce-4a60-a4d6-9acc0dcbc9c6: 64 chunks; 1.5 s; peak memory 1206 MiB.
2026-10-08T08:55:44Z INFO [200/500] 59297939-e744-4ead-af93-e5ecfcfbe0e4: 48 chunks; 1.0 s; peak memory 1206 MiB.
2026-10-08T08:55:45Z INFO [200/500] 59297939-e744-4ead-af93-e5ecfcfbe0e4: checkpointed 90034 records.
2026-10-08T08:55:46Z INFO [201/500] 592a31be-1e2e-44f4-aff4-79d19b091676: 118 chunks; 1.2 s; peak memory 1206 MiB.
2026-10-08T08:55:47Z INFO [202/500] 592a8ee0-d249-41d5-b459-75a662e38fa3: 117 chunks; 1.2 s; peak memory 1206 MiB.
2026-10-08T08:55:48Z INFO [203/500] 592a90da-d6d5-4610-b7ca-3a8db4954f9f: 118 chunks; 1.2 s; peak memory 1206 MiB.
2026-10-08T08:57:59Z INFO [204/500] 592c6416-f949-4970-ad0e-6d5f610e91d0: 37756 chunks; 130.9 s; peak memory 1206 MiB.
2026-10-08T08:58:11Z INFO [205/500] 592d190a-1b45-4f59-8eeb-f7ed80481f9c: 19770 chunks; 12.0 s; peak memory 1206 MiB.
2026-10-08T08:58:13Z INFO [206/500] 592dea03-e839-484e-b0c7-b173b2f046ec: 117 chunks; 1.3 s; peak memory 1206 MiB.
2026-10-08T08:58:14Z INFO [207/500] 592e0c9e-9e72-4e66-8a7d-27563def9e67: 112 chunks; 1.9 s; peak memory 1206 MiB.
2026-10-08T09:00:25Z INFO [208/500] 592e8ccb-bf58-4f40-9e97-e2ad4a6e16b2: 38024 chunks; 131.0 s; peak memory 1206 MiB.
2026-10-08T09:00:30Z INFO [209/500] 592f2fec-eed5-4515-baff-1cad7a364860: 421 chunks; 4.6 s; peak memory 1206 MiB.
2026-10-08T09:00:31Z INFO [210/500] 5930153b-4605-48f5-a78f-e4568f55b78b: 48 chunks; 1.2 s; peak memory 1206 MiB.
2026-10-08T09:00:32Z INFO [211/500] 59308eb8-496e-438b-8414-75ca9b73c189: 48 chunks; 1.1 s; peak memory 1206 MiB.
2026-10-08T09:00:34Z INFO [212/500] 5930e6e1-4ac0-4c33-94db-4a24ec9b9788: 58 chunks; 1.7 s; peak memory 1206 MiB.
2026-10-08T09:00:35Z INFO [213/500] 59324f7a-8568-4af9-92a5-ee332e7c85c1: 48 chunks; 1.1 s; peak memory 1206 MiB.
2026-10-08T09:00:36Z INFO [214/500] 59325ca3-748a-490d-a407-15f8edc349ba: 117 chunks; 1.2 s; peak memory 1206 MiB.
2026-10-08T09:00:37Z INFO [215/500] 5932751c-c139-4f4f-bd3b-d5f2274b5c9a: 78 chunks; 1.1 s; peak memory 1206 MiB.
2026-10-08T09:00:38Z INFO [216/500] 59336c38-7cf3-4614-a534-dac75dd9ad5c: 48 chunks; 1.1 s; peak memory 1206 MiB.
2026-10-08T09:00:41Z INFO [217/500] 5934a5f9-2ff9-4289-8213-85524149bb83: 152 chunks; 2.6 s; peak memory 1206 MiB.
2026-10-08T09:00:42Z INFO [218/500] 59355c76-71d9-4cff-bfff-c666b6545b4b: 63 chunks; 1.1 s; peak memory 1206 MiB.
2026-10-08T09:00:45Z INFO [219/500] 5935ced3-021c-43e8-a73c-b13982b57e2b: 115 chunks; 2.4 s; peak memory 1206 MiB.
2026-10-08T09:00:46Z INFO [220/500] 5936ea33-c51c-4f1e-9e8e-5122ded565b1: 59 chunks; 1.5 s; peak memory 1206 MiB.
2026-10-08T09:00:47Z INFO [221/500] 5936eb51-2382-4688-abcb-af4cf5b9dccc: 117 chunks; 1.2 s; peak memory 1206 MiB.
2026-10-08T09:00:56Z INFO [222/500] 59370f06-592c-4213-86f8-98673654b398: 4095 chunks; 8.8 s; peak memory 1206 MiB.
2026-10-08T09:01:08Z INFO [223/500] 5937f17f-e688-4545-a727-c67e6429d725: 15145 chunks; 11.6 s; peak memory 1206 MiB.
2026-10-08T09:01:09Z INFO [224/500] 59388309-02e8-4a73-94e4-09e88ee36d10: 117 chunks; 1.3 s; peak memory 1206 MiB.
2026-10-08T09:01:12Z INFO [225/500] 5938a881-00b4-4240-a299-1a493a3bab47: 156 chunks; 3.2 s; peak memory 1206 MiB.
2026-10-08T09:01:13Z INFO [226/500] 5938c99d-dfcf-4c33-96da-843e697e68d7: 109 chunks; 1.0 s; peak memory 1206 MiB.
2026-10-08T09:01:15Z INFO [227/500] 5939a5f8-7799-4bb0-8aca-3ef5a1e70e26: 116 chunks; 1.3 s; peak memory 1206 MiB.
2026-10-08T09:01:16Z INFO [228/500] 593a61e6-f0e2-4903-94c0-b0f951ed4826: 92 chunks; 1.0 s; peak memory 1206 MiB.
2026-10-08T09:01:17Z INFO [229/500] 593a6b4f-8481-4b4a-8246-80583451ccfe: 117 chunks; 1.4 s; peak memory 1206 MiB.
2026-10-08T09:01:18Z INFO [230/500] 593ab2ff-1aee-48ef-b627-c1811d985214: 122 chunks; 1.3 s; peak memory 1206 MiB.
2026-10-08T09:01:21Z INFO [231/500] 593ab79a-b09e-484a-86c0-71c0d1c79505: 119 chunks; 2.6 s; peak memory 1206 MiB.
2026-10-08T09:01:22Z INFO [232/500] 593af9d6-a383-4307-b088-ce6a71ab8af7: 114 chunks; 0.9 s; peak memory 1206 MiB.
2026-10-08T09:01:23Z INFO [233/500] 593b56e7-67ea-48da-8aee-209953ecc8f9: 112 chunks; 1.4 s; peak memory 1206 MiB.
2026-10-08T09:01:25Z INFO [234/500] 593bb7a4-3401-48a2-88a1-9236a14c3836: 117 chunks; 1.3 s; peak memory 1206 MiB.
2026-10-08T09:01:26Z INFO [235/500] 593c4ff5-6900-4c7b-99fc-cbc2c2f8b513: 117 chunks; 1.4 s; peak memory 1206 MiB.
2026-10-08T09:01:27Z INFO [236/500] 593cb866-fc3e-44ce-b195-1cb4a1309ed4: 46 chunks; 0.8 s; peak memory 1206 MiB.
2026-10-08T09:01:29Z INFO [237/500] 593ceac1-8ca2-4bce-97b6-b39288d52db3: 937 chunks; 2.1 s; peak memory 1206 MiB.
2026-10-08T09:01:30Z INFO [238/500] 593d4cec-f613-4681-b73d-44c531b2a857: 51 chunks; 0.9 s; peak memory 1206 MiB.
2026-10-08T09:01:31Z INFO [239/500] 593d66fe-5ae3-47f2-9ab2-c79342ba69d6: 121 chunks; 0.9 s; peak memory 1206 MiB.
2026-10-08T09:01:32Z INFO [240/500] 593dc70e-4b2b-4633-b967-6ca65471597e: 117 chunks; 1.2 s; peak memory 1206 MiB.
2026-10-08T09:01:33Z INFO [241/500] 593e130a-c7a7-4e8c-9176-c4e7f6394705: 117 chunks; 1.3 s; peak memory 1206 MiB.
2026-10-08T09:01:38Z INFO [242/500] 593f3022-fd08-42eb-a962-72488ac8ac41: 168 chunks; 4.7 s; peak memory 1206 MiB.
2026-10-08T09:01:39Z INFO [243/500] 593f3c56-dfe2-40ac-bb31-e43da70c430b: 112 chunks; 1.3 s; peak memory 1206 MiB.
2026-10-08T09:01:41Z INFO [244/500] 593fa457-0c72-444c-87db-9b87a28f5607: 112 chunks; 1.4 s; peak memory 1206 MiB.
2026-10-08T09:01:42Z INFO [245/500] 593ff9c9-80a7-461b-aa89-e73a03f3ac9f: 48 chunks; 1.1 s; peak memory 1206 MiB.
2026-10-08T09:01:43Z INFO [246/500] 5940031e-e803-46f5-974e-e53231e49e94: 48 chunks; 1.0 s; peak memory 1206 MiB.
2026-10-08T09:01:48Z INFO [247/500] 59402754-c035-4a32-9b10-104f0aa29754: 2671 chunks; 4.9 s; peak memory 1206 MiB.
2026-10-08T09:02:03Z INFO [248/500] 59404a73-1c38-4bbc-909c-69e32e85a528: 2199 chunks; 15.8 s; peak memory 1206 MiB.
2026-10-08T09:02:05Z INFO [249/500] 59405009-9b76-4e25-b127-2b01afab6a0a: 112 chunks; 1.8 s; peak memory 1206 MiB.
2026-10-08T09:02:07Z INFO [250/500] 5940fbb6-4c13-4841-8c66-0bf873a95326: 112 chunks; 1.3 s; peak memory 1206 MiB.
2026-10-08T09:02:07Z INFO [250/500] 5940fbb6-4c13-4841-8c66-0bf873a95326: checkpointed 90084 records.
2026-10-08T09:02:08Z INFO [251/500] 594110be-0c1c-4e7f-8d5b-82180db93478: 46 chunks; 1.0 s; peak memory 1206 MiB.
2026-10-08T09:02:10Z INFO [252/500] 59414816-d93b-41d7-81f5-dd696601add8: 71 chunks; 1.6 s; peak memory 1206 MiB.
2026-10-08T09:02:12Z INFO [253/500] 59417aa2-5f89-40d0-831b-017c6ffa06c7: 115 chunks; 2.6 s; peak memory 1206 MiB.
2026-10-08T09:02:14Z INFO [254/500] 59430cdb-a559-4be6-a459-028e39111062: 121 chunks; 2.1 s; peak memory 1206 MiB.
2026-10-08T09:02:17Z INFO [255/500] 5943bd62-3ff4-4457-9fd6-6c969f25c498: 114 chunks; 2.7 s; peak memory 1206 MiB.
2026-10-08T09:02:21Z INFO [256/500] 59467635-7809-41c3-aadc-4518e94b339b: 400 chunks; 4.1 s; peak memory 1206 MiB.
2026-10-08T09:02:22Z INFO [257/500] 5947423b-54dc-45e3-a2f5-531a122dd332: 48 chunks; 1.2 s; peak memory 1206 MiB.
2026-10-08T09:02:23Z INFO [258/500] 5947b8ff-aa26-467a-9cf4-36c36cafbc83: 48 chunks; 1.0 s; peak memory 1206 MiB.
2026-10-08T09:02:26Z INFO [259/500] 5948455c-2412-4d26-aed4-1a6fbbf95beb: 115 chunks; 2.4 s; peak memory 1206 MiB.
2026-10-08T09:02:29Z INFO [260/500] 5948ca6d-f6d0-4fb9-a9dc-51244ccdc7d4: 3024 chunks; 3.5 s; peak memory 1206 MiB.
2026-10-08T09:07:02Z INFO [261/500] 59493cac-9ff3-4af7-ab6e-bbb9016f04e7: 86585 chunks; 272.5 s; peak memory 1206 MiB.
2026-10-08T09:07:03Z INFO [262/500] 594abc82-4133-4867-baef-dcfbff83a066: 62 chunks; 1.5 s; peak memory 1206 MiB.
2026-10-08T09:07:04Z INFO [263/500] 594aee4c-ad5a-4579-8a87-c08c68c69125: 69 chunks; 1.3 s; peak memory 1206 MiB.
2026-10-08T09:07:06Z INFO [264/500] 594cbf13-19aa-4ef6-883a-46ec21438041: 64 chunks; 1.4 s; peak memory 1206 MiB.
2026-10-08T09:07:07Z INFO [265/500] 594cd4f9-91c4-426f-be68-f9025122f3ca: 116 chunks; 1.2 s; peak memory 1206 MiB.
2026-10-08T09:07:09Z INFO [266/500] 594ce141-8357-4d27-b85e-acf433778b9a: 69 chunks; 1.8 s; peak memory 1206 MiB.
2026-10-08T09:07:11Z INFO [267/500] 594d50cc-71f2-41de-98ed-dd554a0cc01e: 112 chunks; 1.8 s; peak memory 1206 MiB.
2026-10-08T09:07:12Z INFO [268/500] 594f76ab-4667-493a-95d3-6b88cc3a3030: 48 chunks; 1.1 s; peak memory 1206 MiB.
2026-10-08T09:07:14Z INFO [269/500] 594f9491-2486-490d-b30d-e729ebe7d8fd: 77 chunks; 1.9 s; peak memory 1206 MiB.
2026-10-08T09:07:15Z INFO [270/500] 594fa054-dbe6-4cef-b48d-683b5179246f: 84 chunks; 1.4 s; peak memory 1206 MiB.
2026-10-08T09:07:21Z INFO [271/500] 594fb87b-b996-46cc-b473-9dada1857412: 2923 chunks; 6.4 s; peak memory 1206 MiB.
2026-10-08T09:07:27Z INFO [272/500] 59503b8e-6d25-43b6-bc50-26eb4dbc6aad: 2923 chunks; 5.4 s; peak memory 1206 MiB.
2026-10-08T09:07:28Z INFO [273/500] 595062ea-1b71-42d4-b63d-af1d1f9aacd6: 117 chunks; 1.3 s; peak memory 1206 MiB.
2026-10-08T09:07:29Z INFO [274/500] 59510c33-e85e-4b7d-aa74-6a08a756d65e: 112 chunks; 1.1 s; peak memory 1206 MiB.
2026-10-08T09:07:36Z INFO [275/500] 5952cda8-0602-4d09-883b-6ca0855ade7d: 12706 chunks; 6.8 s; peak memory 1206 MiB.
2026-10-08T09:07:37Z INFO [276/500] 59534a47-ad68-4b61-bbf6-c7d0dd90520d: 46 chunks; 0.8 s; peak memory 1206 MiB.
2026-10-08T09:07:38Z INFO [277/500] 5953fee6-0dc3-4508-ad3c-9ff9ef87a3e6: 121 chunks; 1.1 s; peak memory 1206 MiB.
2026-10-08T09:07:39Z INFO [278/500] 59552b42-5576-4f84-8864-c10fca875dbe: 116 chunks; 1.2 s; peak memory 1206 MiB.
2026-10-08T09:07:51Z INFO [279/500] 5955350d-1832-431b-8e0e-e0519e7238cc: 7824 chunks; 11.7 s; peak memory 1206 MiB.
2026-10-08T09:07:52Z INFO [280/500] 595760bf-347c-4d72-9065-aafffa4a21d2: 557 chunks; 1.5 s; peak memory 1206 MiB.
2026-10-08T09:07:53Z INFO [281/500] 59585b2e-d5a3-4eb0-b11c-024fb7fb1d34: 66 chunks; 1.3 s; peak memory 1206 MiB.
2026-10-08T09:07:55Z INFO [282/500] 5958794c-7a59-4307-b6d0-6316faecfb7b: 71 chunks; 1.8 s; peak memory 1206 MiB.
2026-10-08T09:07:56Z INFO [283/500] 59594c91-97f7-4f2d-b9a0-af5eb8575164: 48 chunks; 1.1 s; peak memory 1206 MiB.
2026-10-08T09:07:58Z INFO [284/500] 5959819a-c3ea-487d-b3c6-d3256262a697: 118 chunks; 1.3 s; peak memory 1206 MiB.
2026-10-08T09:07:59Z INFO [285/500] 595aba05-eda1-4cdf-95e2-4657d4934d7f: 49 chunks; 1.3 s; peak memory 1206 MiB.
2026-10-08T09:08:04Z INFO [286/500] 595b02f4-0cd4-457b-b46d-51e8da640c5c: 404 chunks; 4.8 s; peak memory 1206 MiB.
2026-10-08T09:08:05Z INFO [287/500] 595b7fd4-d82d-4259-a2ac-edde9fafa23c: 69 chunks; 1.3 s; peak memory 1206 MiB.
2026-10-08T09:08:10Z INFO [288/500] 595c0bc0-0c34-40ff-afd5-c0f16d2918f2: 2923 chunks; 4.6 s; peak memory 1206 MiB.
2026-10-08T09:08:11Z INFO [289/500] 595c6baa-6ed1-4c24-84b9-4abb181fa774: 56 chunks; 0.9 s; peak memory 1206 MiB.
2026-10-08T09:08:13Z INFO [290/500] 595d2a83-24d6-4aa1-bb1f-6d9554ca5fdf: 87 chunks; 2.6 s; peak memory 1206 MiB.
2026-10-08T09:08:14Z INFO [291/500] 595da6a0-9220-4588-b816-79f514dbfbee: 118 chunks; 1.2 s; peak memory 1206 MiB.
2026-10-08T09:08:16Z INFO [292/500] 595de5a4-5ae3-4e70-a6ce-944dab9b83d1: 112 chunks; 1.3 s; peak memory 1206 MiB.
2026-10-08T09:08:18Z INFO [293/500] 595e54bd-d2a7-46d0-a775-43f62fd06a32: 71 chunks; 2.2 s; peak memory 1206 MiB.
2026-10-08T09:08:19Z INFO [294/500] 595e8f8f-6659-4fc6-bc30-4b1695f97286: 116 chunks; 1.3 s; peak memory 1206 MiB.
2026-10-08T09:08:41Z INFO [295/500] 595eef2a-9a35-437a-a367-899158b1f566: 29110 chunks; 21.8 s; peak memory 1206 MiB.
2026-10-08T09:08:47Z INFO [296/500] 595f3b55-9f7d-46bc-8bd1-7129431d797e: 14379 chunks; 6.4 s; peak memory 1206 MiB.
2026-10-08T09:08:50Z INFO [297/500] 59600c27-a703-4d4e-884a-23fe52f83716: 90 chunks; 2.7 s; peak memory 1206 MiB.
2026-10-08T09:08:51Z INFO [298/500] 59604bf9-e4df-45e7-a50b-7b65cab7db45: 45 chunks; 0.8 s; peak memory 1206 MiB.
2026-10-08T09:08:52Z INFO [299/500] 59609d16-2b7b-4d2f-a1e0-5ed07e03d443: 112 chunks; 1.4 s; peak memory 1206 MiB.
2026-10-08T09:08:55Z INFO [300/500] 59611267-37aa-4d5f-b497-ec5f3748ebac: 121 chunks; 2.1 s; peak memory 1206 MiB.
2026-10-08T09:08:55Z INFO [300/500] 59611267-37aa-4d5f-b497-ec5f3748ebac: checkpointed 90134 records.
2026-10-08T09:08:56Z INFO [301/500] 59616f8d-5a4c-47ce-863d-63efee42b2a4: 112 chunks; 1.6 s; peak memory 1206 MiB.
2026-10-08T09:08:58Z INFO [302/500] 5961d024-242b-4f0d-8aad-a405eb86be8d: 105 chunks; 1.6 s; peak memory 1206 MiB.
2026-10-08T09:09:09Z INFO [303/500] 5962f70b-c189-4615-b0ab-576b38cf7c1f: 14991 chunks; 10.9 s; peak memory 1206 MiB.
2026-10-08T09:09:10Z INFO [304/500] 5963155d-108a-41c2-a898-c03d3f1955cb: 112 chunks; 1.3 s; peak memory 1206 MiB.
2026-10-08T09:09:11Z INFO [305/500] 5963b760-d12c-4503-90ca-cd3a5429517c: 54 chunks; 0.9 s; peak memory 1206 MiB.
2026-10-08T09:09:13Z INFO [306/500] 59646985-c6ac-42bc-a3f0-28c612a0ae54: 112 chunks; 1.5 s; peak memory 1206 MiB.
2026-10-08T09:09:14Z INFO [307/500] 5964ab19-af3f-40d0-b637-18cc70eb0ee1: 178 chunks; 1.1 s; peak memory 1206 MiB.
2026-10-08T09:09:15Z INFO [308/500] 59651aa8-fb30-475f-a038-6701231e7f93: 82 chunks; 1.3 s; peak memory 1206 MiB.
2026-10-08T09:09:19Z INFO [309/500] 59663ccc-efb3-4c01-ae04-b77a278b3f26: 282 chunks; 3.4 s; peak memory 1206 MiB.
2026-10-08T09:09:25Z INFO [310/500] 5966709c-95ab-4a8a-8c2d-931c2098ff88: 5928 chunks; 6.5 s; peak memory 1206 MiB.
2026-10-08T09:09:26Z INFO [311/500] 5966a193-3c8f-4de2-94d4-2d9123186215: 61 chunks; 1.3 s; peak memory 1206 MiB.
2026-10-08T09:09:28Z INFO [312/500] 5966d403-a6cb-49d5-a30d-30379a9a9270: 117 chunks; 1.6 s; peak memory 1206 MiB.
2026-10-08T09:09:29Z INFO [313/500] 59671630-8c17-4d9c-bc19-5b2d2471a522: 56 chunks; 0.9 s; peak memory 1206 MiB.
2026-10-08T09:09:30Z INFO [314/500] 59673420-7ef8-4bd5-9e0a-6a7e67eef7a1: 48 chunks; 1.1 s; peak memory 1206 MiB.
2026-10-08T09:09:31Z INFO [315/500] 59673de8-130b-4bbf-8f70-eead828d85e2: 70 chunks; 1.2 s; peak memory 1206 MiB.
2026-10-08T09:09:32Z INFO [316/500] 596773ad-c5c3-4bdf-b727-1532831709d8: 117 chunks; 1.1 s; peak memory 1206 MiB.
2026-10-08T09:09:39Z INFO [317/500] 5967b794-7ada-42c2-9b0e-5ac167bb7087: 12505 chunks; 6.5 s; peak memory 1206 MiB.
2026-10-08T09:09:40Z INFO [318/500] 59684552-39fb-474f-af65-95ae5c8f9a89: 48 chunks; 1.1 s; peak memory 1206 MiB.
2026-10-08T09:09:41Z INFO [319/500] 59684a51-d688-4175-a28d-3d12faab6c63: 116 chunks; 1.1 s; peak memory 1206 MiB.
2026-10-08T09:09:46Z INFO [320/500] 5968ac83-58cc-4c37-a84e-ac033ba139a6: 9033 chunks; 5.1 s; peak memory 1206 MiB.
2026-10-08T09:09:47Z INFO [321/500] 59694f4c-eb8f-4821-8b98-e641394f7d20: 117 chunks; 1.2 s; peak memory 1206 MiB.
2026-10-08T09:09:49Z INFO [322/500] 5969b5d5-85ac-444a-9b48-02d3f5906c62: 117 chunks; 1.3 s; peak memory 1206 MiB.
2026-10-08T09:09:50Z INFO [323/500] 596a766b-a42e-4855-bd25-09412b4b0c41: 117 chunks; 1.2 s; peak memory 1206 MiB.
2026-10-08T09:09:57Z INFO [324/500] 596b27c5-963e-46dd-89dc-b0e0a1b9634e: 19330 chunks; 6.9 s; peak memory 1206 MiB.
2026-10-08T09:09:58Z INFO [325/500] 596ba06d-8ea8-43f3-8cb9-12937a7433be: 117 chunks; 1.2 s; peak memory 1206 MiB.
2026-10-08T09:09:59Z INFO [326/500] 596bc753-bae9-4f57-8edb-596411ea322e: 48 chunks; 1.1 s; peak memory 1206 MiB.
2026-10-08T09:10:00Z INFO [327/500] 596bcd74-0da7-4e37-9f22-e636a37826d1: 69 chunks; 1.4 s; peak memory 1206 MiB.
2026-10-08T09:10:07Z INFO [328/500] 596cb717-bc42-43da-ae98-1f00d289c83a: 16826 chunks; 6.5 s; peak memory 1206 MiB.
2026-10-08T09:10:08Z INFO [329/500] 596cb9d6-3cdf-487b-80c7-b2bf770584b2: 72 chunks; 1.2 s; peak memory 1206 MiB.
2026-10-08T09:10:24Z INFO [330/500] 596cfcb9-afa3-43f7-bc4d-843b5bb3eadc: 22561 chunks; 16.3 s; peak memory 1206 MiB.
2026-10-08T09:10:26Z INFO [331/500] 596db43a-8510-4c86-9d0a-b84b354954f6: 48 chunks; 1.1 s; peak memory 1206 MiB.
2026-10-08T09:10:33Z INFO [332/500] 596e1659-7a13-44e8-affa-df64ca6317ed: 1087 chunks; 7.1 s; peak memory 1206 MiB.
2026-10-08T09:10:36Z INFO [333/500] 596e39d9-83b7-4922-99e2-2d5dee65417e: 156 chunks; 2.8 s; peak memory 1206 MiB.
2026-10-08T09:12:59Z INFO [334/500] 596e3a02-ec3f-4f31-8141-fe13e18fe0ed: 42126 chunks; 143.5 s; peak memory 1206 MiB.
2026-10-08T09:13:00Z INFO [335/500] 596e3f90-e231-4c8f-bd65-d00fc908a4b4: 48 chunks; 1.1 s; peak memory 1206 MiB.
2026-10-08T09:13:05Z INFO [336/500] 596e47f2-c4e0-4bca-8430-31eb19bf258f: 1034 chunks; 4.6 s; peak memory 1206 MiB.
2026-10-08T09:13:06Z INFO [337/500] 596f3618-4183-4c40-8945-2ee289a6a822: 48 chunks; 1.1 s; peak memory 1206 MiB.
2026-10-08T09:13:07Z INFO [338/500] 59707586-1bee-4316-86ab-47f39c2bfbd9: 59 chunks; 1.4 s; peak memory 1206 MiB.
2026-10-08T09:13:09Z INFO [339/500] 5970eb0c-e9c3-485c-8d90-63b38a66152f: 66 chunks; 1.9 s; peak memory 1206 MiB.
2026-10-08T09:13:15Z INFO [340/500] 59718d92-4780-4e29-8ab8-93a8a83058c6: 9299 chunks; 5.6 s; peak memory 1206 MiB.
2026-10-08T09:13:16Z INFO [341/500] 597248a4-b7d6-4607-b668-1d54edd5a561: 59 chunks; 1.1 s; peak memory 1206 MiB.
2026-10-08T09:13:17Z INFO [342/500] 5972f997-4156-4b1d-b4c1-10f5cb94996b: 131 chunks; 1.6 s; peak memory 1206 MiB.
2026-10-08T09:13:25Z INFO [343/500] 59740a5f-917d-43b7-baba-facbf432a95c: 2098 chunks; 7.3 s; peak memory 1206 MiB.
2026-10-08T09:13:26Z INFO [344/500] 59746ae2-b56a-4803-b60b-aa1af605f8eb: 48 chunks; 1.0 s; peak memory 1206 MiB.
2026-10-08T09:13:27Z INFO [345/500] 59747ea9-5015-40d4-ac74-e92a6236afe6: 48 chunks; 1.2 s; peak memory 1206 MiB.
2026-10-08T09:13:28Z INFO [346/500] 5974ed27-870e-45a3-97fc-ff5a843b253f: 48 chunks; 1.1 s; peak memory 1206 MiB.
2026-10-08T09:13:29Z INFO [347/500] 59767415-b078-4ce7-9018-f22d6a6f80f6: 33 chunks; 0.9 s; peak memory 1206 MiB.
2026-10-08T09:13:30Z INFO [348/500] 59769d03-aeee-40ab-ab87-3e58340a10d3: 48 chunks; 1.0 s; peak memory 1206 MiB.
2026-10-08T09:13:31Z INFO [349/500] 5976fbd2-cd6e-40d4-b951-817a2999d08c: 112 chunks; 1.6 s; peak memory 1206 MiB.
2026-10-08T09:13:32Z INFO [350/500] 5977bb63-53cd-4ea1-97f8-c6c3abd9a782: 46 chunks; 1.0 s; peak memory 1206 MiB.
2026-10-08T09:13:33Z INFO [350/500] 5977bb63-53cd-4ea1-97f8-c6c3abd9a782: checkpointed 90184 records.
2026-10-08T09:13:34Z INFO [351/500] 5977dad5-d49c-494d-8ea2-cd5142dc6b16: 52 chunks; 1.1 s; peak memory 1206 MiB.
2026-10-08T09:13:35Z INFO [352/500] 5977ddb6-4fbc-4565-9273-a93054bd3412: 48 chunks; 1.1 s; peak memory 1206 MiB.
2026-10-08T09:13:44Z INFO [353/500] 5977f903-5aa5-4199-b18c-cc1aaeaf659d: 21190 chunks; 8.8 s; peak memory 1206 MiB.
2026-10-08T09:13:51Z INFO [354/500] 59782173-c444-4324-8e09-0009e0244b3c: 15698 chunks; 7.6 s; peak memory 1206 MiB.
2026-10-08T09:14:01Z INFO [355/500] 59783c8d-5aff-4ba3-9147-243dabcb13f9: 21906 chunks; 10.0 s; peak memory 1206 MiB.
2026-10-08T09:14:03Z INFO [356/500] 59783e5d-6543-4681-aa9e-9d2a6afcf85d: 84 chunks; 1.2 s; peak memory 1206 MiB.
2026-10-08T09:14:03Z INFO [357/500] 59792a99-0fc3-40ea-8bd5-b896ee38e35d: 112 chunks; 0.9 s; peak memory 1206 MiB.
2026-10-08T09:14:23Z INFO [358/500] 597b24ee-8250-4103-9212-7c132ed5b18a: 1155 chunks; 19.3 s; peak memory 1206 MiB.
2026-10-08T09:14:24Z INFO [359/500] 597b4405-2b35-4624-ac37-54c60acbb53b: 48 chunks; 1.1 s; peak memory 1206 MiB.
2026-10-08T09:14:33Z INFO [360/500] 597c3639-c4a6-4de4-89ef-c5cac86cc6a2: 880 chunks; 9.4 s; peak memory 1206 MiB.
2026-10-08T09:14:35Z INFO [361/500] 597c7a3d-7b85-426f-8c2e-eae8f51a991e: 106 chunks; 2.0 s; peak memory 1206 MiB.
2026-10-08T09:14:36Z INFO [362/500] 597c9d48-19e9-424b-8720-e71a8c9a1ce7: 48 chunks; 1.2 s; peak memory 1206 MiB.
2026-10-08T09:14:39Z INFO [363/500] 597cfc04-00a2-40d3-bf50-7484c3e9ebce: 71 chunks; 2.5 s; peak memory 1206 MiB.
2026-10-08T09:14:43Z INFO [364/500] 597d6abe-f455-4b57-891f-fcfe24cdf5cb: 106 chunks; 3.9 s; peak memory 1206 MiB.
2026-10-08T09:14:45Z INFO [365/500] 597e701b-c462-4f71-baf0-5edf40c24d49: 71 chunks; 2.1 s; peak memory 1206 MiB.
2026-10-08T09:14:46Z INFO [366/500] 597e7eda-0ff7-4df1-aa4d-575098b0bfc1: 117 chunks; 1.3 s; peak memory 1206 MiB.
2026-10-08T09:14:48Z INFO [367/500] 597f8a9a-9cc0-4413-ae0a-8fabec6df3ec: 117 chunks; 1.3 s; peak memory 1206 MiB.
2026-10-08T09:15:05Z INFO [368/500] 597fb719-c2bd-491d-affa-b0222ebd917e: 35655 chunks; 16.9 s; peak memory 1206 MiB.
2026-10-08T09:15:06Z INFO [369/500] 597fd04e-d9d9-49b3-a20f-de3c048a4217: 48 chunks; 1.1 s; peak memory 1206 MiB.
2026-10-08T09:15:07Z INFO [370/500] 5980e086-a606-406d-b34e-99d92b7b1009: 116 chunks; 1.2 s; peak memory 1206 MiB.
2026-10-08T09:15:08Z INFO [371/500] 59810d0f-f71b-4b03-a11a-d9da76422531: 117 chunks; 1.2 s; peak memory 1206 MiB.
2026-10-08T09:15:11Z INFO [372/500] 59817d03-4d3d-43f2-9e20-500eb3571a46: 115 chunks; 2.5 s; peak memory 1206 MiB.
2026-10-08T09:15:11Z INFO [373/500] 5981bf35-4eac-4e4f-b423-7df1dc130fd6: 56 chunks; 0.8 s; peak memory 1206 MiB.
2026-10-08T09:15:13Z INFO [374/500] 598270ea-e356-49a6-abbe-a82287b29b4f: 48 chunks; 1.2 s; peak memory 1206 MiB.
2026-10-08T09:15:14Z INFO [375/500] 59829fa6-d03a-4229-af79-90bb93bc00ff: 112 chunks; 1.7 s; peak memory 1206 MiB.
2026-10-08T09:15:16Z INFO [376/500] 5982fac8-6394-4cde-b226-84520f1c38f0: 118 chunks; 1.3 s; peak memory 1206 MiB.
2026-10-08T09:15:17Z INFO [377/500] 59838ca7-b75f-41d1-864a-caa629e50ef3: 72 chunks; 1.2 s; peak memory 1206 MiB.
2026-10-08T09:15:19Z INFO [378/500] 59838e26-ce20-4def-ac10-58b17d8b3e6f: 71 chunks; 2.2 s; peak memory 1206 MiB.
2026-10-08T09:15:22Z INFO [379/500] 598439e4-22e1-4424-bb85-ce2b6656669b: 114 chunks; 2.8 s; peak memory 1206 MiB.
2026-10-08T09:15:23Z INFO [380/500] 5984d5b1-a064-4c0b-ab2c-6b0710f0411b: 549 chunks; 1.6 s; peak memory 1206 MiB.
2026-10-08T09:15:25Z INFO [381/500] 5984ed11-3a64-44c5-ac09-4d2dcb550fbc: 55 chunks; 1.1 s; peak memory 1206 MiB.
2026-10-08T09:15:26Z INFO [382/500] 59854c3c-d7e7-4023-851c-62dfdc39e0ce: 51 chunks; 0.9 s; peak memory 1206 MiB.
2026-10-08T09:15:27Z INFO [383/500] 59867cfe-b955-442e-bdeb-847ebe8955d9: 79 chunks; 1.3 s; peak memory 1206 MiB.
2026-10-08T09:15:28Z INFO [384/500] 59874a02-ac65-4131-9320-0a115d60a86a: 118 chunks; 1.3 s; peak memory 1206 MiB.
2026-10-08T09:15:29Z INFO [385/500] 59877bc5-97b3-42c3-aefb-c58baf1d763a: 48 chunks; 1.1 s; peak memory 1206 MiB.
2026-10-08T09:15:30Z INFO [386/500] 598843ea-49ad-4f31-863a-4e4e69ad25d7: 112 chunks; 1.3 s; peak memory 1206 MiB.
2026-10-08T09:15:32Z INFO [387/500] 5989dcb4-093e-4c24-ac7e-7d331959292c: 112 chunks; 1.2 s; peak memory 1206 MiB.
2026-10-08T09:15:34Z INFO [388/500] 598a3e2c-d62f-4b7f-88ff-5a62f7d08945: 603 chunks; 2.7 s; peak memory 1206 MiB.
2026-10-08T09:15:36Z INFO [389/500] 598af552-8c8f-4a0c-bd83-5da7841be4a3: 119 chunks; 2.0 s; peak memory 1206 MiB.
2026-10-08T09:15:39Z INFO [390/500] 598b95ac-dc92-4102-8ca6-6feb581a8865: 150 chunks; 2.7 s; peak memory 1206 MiB.
2026-10-08T09:15:42Z INFO [391/500] 598bc71a-015b-4759-afb5-8bc9706a4d79: 115 chunks; 2.6 s; peak memory 1206 MiB.
2026-10-08T09:15:42Z INFO [392/500] 598c2347-e8a9-46ca-81dd-84226762fcb2: 55 chunks; 0.8 s; peak memory 1206 MiB.
2026-10-08T09:15:43Z INFO [393/500] 598f00b2-8a49-4ccd-97dd-ef8beaddcde0: 83 chunks; 0.9 s; peak memory 1206 MiB.
2026-10-08T09:15:44Z INFO [394/500] 598f27e9-6e53-4f8a-8992-9356dccb866e: 48 chunks; 1.1 s; peak memory 1206 MiB.
2026-10-08T09:15:45Z INFO [395/500] 598fe618-6fc4-4bab-94ed-2b45493d66b6: 46 chunks; 0.8 s; peak memory 1206 MiB.
2026-10-08T09:15:46Z INFO [396/500] 598ffdc3-edf3-4de2-9425-419b076491e4: 84 chunks; 1.0 s; peak memory 1206 MiB.
2026-10-08T09:15:48Z INFO [397/500] 5990386f-ec29-4034-adbe-9e694b2e2def: 71 chunks; 1.4 s; peak memory 1206 MiB.
2026-10-08T09:15:48Z INFO [398/500] 599085c8-a271-442b-bc6d-c059daa62224: 33 chunks; 0.8 s; peak memory 1206 MiB.
2026-10-08T09:15:50Z INFO [399/500] 5991460c-444e-4d0b-a894-5661bbc137af: 110 chunks; 1.6 s; peak memory 1206 MiB.
2026-10-08T09:15:52Z INFO [400/500] 59916408-c8d8-4d10-8bbc-764c20c842c3: 95 chunks; 1.5 s; peak memory 1206 MiB.
2026-10-08T09:15:52Z INFO [400/500] 59916408-c8d8-4d10-8bbc-764c20c842c3: checkpointed 90234 records.
2026-10-08T09:15:54Z INFO [401/500] 5991d875-2d86-44f0-a96b-6901a3517b69: 477 chunks; 2.5 s; peak memory 1206 MiB.
2026-10-08T09:15:56Z INFO [402/500] 5991dcef-0fb1-4d94-b4a0-b5fd736b3900: 65 chunks; 1.3 s; peak memory 1206 MiB.
2026-10-08T09:15:57Z INFO [403/500] 59922702-5ea5-4f2d-8969-ec98244c1f9f: 134 chunks; 1.1 s; peak memory 1206 MiB.
2026-10-08T09:15:58Z INFO [404/500] 5992298d-8b36-4f90-b690-06feb0b5e5a1: 55 chunks; 0.9 s; peak memory 1206 MiB.
2026-10-08T09:15:58Z INFO [405/500] 59929fee-1c49-4fe4-a420-ac58f7eb1839: 46 chunks; 0.8 s; peak memory 1206 MiB.
2026-10-08T09:16:06Z INFO [406/500] 5993fa63-5422-4a51-9e66-5a3251071f26: 1277 chunks; 7.9 s; peak memory 1206 MiB.
2026-10-08T09:16:08Z INFO [407/500] 59944fe3-bd5d-4f9a-8407-979c69558759: 110 chunks; 1.6 s; peak memory 1206 MiB.
2026-10-08T09:16:09Z INFO [408/500] 59947a91-4b05-42ac-8c4f-7c698e0b1684: 48 chunks; 1.0 s; peak memory 1206 MiB.
2026-10-08T09:16:10Z INFO [409/500] 59952f54-97aa-4ee2-8228-6544894a7c18: 48 chunks; 1.0 s; peak memory 1206 MiB.
2026-10-08T09:16:16Z INFO [410/500] 5995adaf-08d4-449e-a6aa-a7c7e6d122df: 4133 chunks; 6.6 s; peak memory 1206 MiB.
2026-10-08T09:16:18Z INFO [411/500] 5996005e-86d6-487b-90d5-ab1846f6d6f6: 112 chunks; 1.2 s; peak memory 1206 MiB.
2026-10-08T09:16:28Z INFO [412/500] 59963eae-59d4-4b7a-847a-951102c9965b: 18216 chunks; 9.9 s; peak memory 1206 MiB.
2026-10-08T09:16:34Z INFO [413/500] 59973850-b66e-48dd-a01d-b23e01091add: 3742 chunks; 6.0 s; peak memory 1206 MiB.
2026-10-08T09:16:35Z INFO [414/500] 59983fa8-84eb-4a50-a6cc-dcb3c58198f0: 115 chunks; 1.3 s; peak memory 1206 MiB.
2026-10-08T09:16:36Z INFO [415/500] 59986a38-ca92-4fb8-a5d1-160ccfc7ec21: 48 chunks; 1.1 s; peak memory 1206 MiB.
2026-10-08T09:16:38Z INFO [416/500] 59988495-e884-4db3-81aa-0bad68122cb1: 69 chunks; 1.6 s; peak memory 1206 MiB.
2026-10-08T09:16:39Z INFO [417/500] 5998aad0-b7f2-47cd-a652-3c156396c910: 48 chunks; 1.0 s; peak memory 1206 MiB.
2026-10-08T09:16:41Z INFO [418/500] 599a0c34-bb9f-49ec-963b-829cc70e7b0c: 80 chunks; 2.6 s; peak memory 1206 MiB.
2026-10-08T09:16:43Z INFO [419/500] 599a8a93-0d75-4c32-abc3-97399b05a3f6: 71 chunks; 2.1 s; peak memory 1206 MiB.
2026-10-08T09:16:45Z INFO [420/500] 599acba2-e605-4c46-8ad7-b3f2e11c24f4: 118 chunks; 1.3 s; peak memory 1206 MiB.
2026-10-08T09:16:46Z INFO [421/500] 599b7209-f747-43a7-bca4-b80e520aa5d3: 66 chunks; 1.4 s; peak memory 1206 MiB.
2026-10-08T09:16:48Z INFO [422/500] 599b8726-d614-41ba-97c9-066f4744e313: 123 chunks; 2.4 s; peak memory 1206 MiB.
2026-10-08T09:16:49Z INFO [423/500] 599c477a-0c0a-472b-a00d-cfe0ee2f96ce: 45 chunks; 0.8 s; peak memory 1206 MiB.
2026-10-08T09:16:58Z INFO [424/500] 599ccc0a-2015-42ff-b526-f0afece960fc: 196 chunks; 8.6 s; peak memory 1206 MiB.
2026-10-08T09:16:59Z INFO [425/500] 599cd459-8fbf-4592-b546-637fb022efa5: 84 chunks; 1.3 s; peak memory 1206 MiB.
2026-10-08T09:17:00Z INFO [426/500] 599cda40-1772-4632-98a7-2888e27a83b3: 46 chunks; 1.1 s; peak memory 1206 MiB.
2026-10-08T09:17:48Z INFO [427/500] 599d152f-c0ae-4711-bb1d-6e5af94c0191: 25138 chunks; 47.7 s; peak memory 1206 MiB.
2026-10-08T09:18:12Z INFO [428/500] 599e1d31-ffe4-4ec9-8c7c-7dbc07c38e7b: 6125 chunks; 23.8 s; peak memory 1206 MiB.
2026-10-08T09:18:13Z INFO [429/500] 599ecdb6-31e6-4610-95b2-368a4bf4e024: 117 chunks; 1.1 s; peak memory 1206 MiB.
2026-10-08T09:18:14Z INFO [430/500] 599f0c89-8fed-4ee8-8dab-ca8c73e2addc: 118 chunks; 1.2 s; peak memory 1206 MiB.
2026-10-08T09:18:15Z INFO [431/500] 59a0aa2f-61dd-475d-97e4-3ed185d6c5ad: 59 chunks; 1.3 s; peak memory 1206 MiB.
2026-10-08T09:18:20Z INFO [432/500] 59a0b6b1-08ae-4742-8c99-6434c9769a8b: 2923 chunks; 4.7 s; peak memory 1206 MiB.
2026-10-08T09:18:21Z INFO [433/500] 59a2d50b-6205-4038-9930-74d3e11b04d2: 48 chunks; 1.0 s; peak memory 1206 MiB.
2026-10-08T09:18:22Z INFO [434/500] 59a2db34-f846-4513-a2cc-08e4e944579b: 112 chunks; 1.2 s; peak memory 1206 MiB.
2026-10-08T09:18:23Z INFO [435/500] 59a2f1a2-1e3e-4a05-962e-c0ec7bdffbdc: 62 chunks; 1.3 s; peak memory 1206 MiB.
2026-10-08T09:18:24Z INFO [436/500] 59a2fabb-d149-4a9e-95ab-bdc6f5ab51c8: 52 chunks; 1.1 s; peak memory 1206 MiB.
2026-10-08T09:18:29Z INFO [437/500] 59a3a7cf-4f40-4a06-92cc-a7a0ceeff430: 15099 chunks; 5.0 s; peak memory 1206 MiB.
2026-10-08T09:18:33Z INFO [438/500] 59a3ed29-8c1f-4b98-848d-16cafa4b8b1b: 7117 chunks; 4.1 s; peak memory 1206 MiB.
2026-10-08T09:20:25Z INFO [439/500] 59a40893-068d-410c-a988-c089bcbd4d5e: 46133 chunks; 111.5 s; peak memory 1206 MiB.
2026-10-08T09:20:26Z INFO [440/500] 59a50562-f2bd-4f2e-8ea5-eeadaea17fb6: 46 chunks; 0.9 s; peak memory 1206 MiB.
2026-10-08T09:20:27Z INFO [441/500] 59a54c4c-8f35-4c33-9780-a77f33ca37de: 46 chunks; 0.9 s; peak memory 1206 MiB.
2026-10-08T09:20:28Z INFO [442/500] 59a59432-6f76-419b-964d-9be954a19c5c: 48 chunks; 1.0 s; peak memory 1206 MiB.
2026-10-08T09:20:29Z INFO [443/500] 59a6b5ba-581a-40d3-abe5-ce124751daf8: 48 chunks; 1.1 s; peak memory 1206 MiB.
2026-10-08T09:20:30Z INFO [444/500] 59a6bb9e-2700-4930-9dff-c5215d582c20: 52 chunks; 1.2 s; peak memory 1206 MiB.
2026-10-08T09:20:31Z INFO [445/500] 59a7679a-1df5-4141-a698-6b3cabbda797: 48 chunks; 1.1 s; peak memory 1206 MiB.
2026-10-08T09:20:49Z INFO [446/500] 59a7d9a0-5fcd-44b9-a3e7-f927895d0241: 8232 chunks; 18.1 s; peak memory 1206 MiB.
2026-10-08T09:20:50Z INFO [447/500] 59a80452-0e37-4bfa-b756-d32d188fa8d1: 48 chunks; 1.1 s; peak memory 1206 MiB.
2026-10-08T09:20:52Z INFO [448/500] 59a8d955-46c8-4678-84dd-d39cccd93cb2: 48 chunks; 1.1 s; peak memory 1206 MiB.
2026-10-08T09:20:53Z INFO [449/500] 59a923e0-353f-4d9c-b7e5-0de8afa20138: 51 chunks; 1.2 s; peak memory 1206 MiB.
2026-10-08T09:20:54Z INFO [450/500] 59a92401-ed59-438c-b59c-566a13de2c89: 64 chunks; 1.5 s; peak memory 1206 MiB.
2026-10-08T09:20:54Z INFO [450/500] 59a92401-ed59-438c-b59c-566a13de2c89: checkpointed 90284 records.
2026-10-08T09:21:03Z INFO [451/500] 59a9fdee-2533-4569-8243-ddb7c9c2b661: 11631 chunks; 8.2 s; peak memory 1206 MiB.
2026-10-08T09:21:04Z INFO [452/500] 59aa5b24-c7e3-46a5-8700-0dce4535f53b: 112 chunks; 1.1 s; peak memory 1206 MiB.
2026-10-08T09:21:06Z INFO [453/500] 59ab2535-10da-44cc-b7d6-f8844df56623: 71 chunks; 1.7 s; peak memory 1206 MiB.
2026-10-08T09:21:07Z INFO [454/500] 59ab983a-8de1-4722-8172-c17058ec8924: 68 chunks; 1.3 s; peak memory 1206 MiB.
2026-10-08T09:21:08Z INFO [455/500] 59ac7ee0-b140-4d6a-848a-da9aa8441027: 47 chunks; 1.0 s; peak memory 1206 MiB.
2026-10-08T09:21:09Z INFO [456/500] 59aedace-a9c2-489d-bf60-e82786e1a5e5: 45 chunks; 0.9 s; peak memory 1206 MiB.
2026-10-08T09:21:11Z INFO [457/500] 59aeece8-f42c-46fa-9b73-fae5a16dbe44: 118 chunks; 1.9 s; peak memory 1206 MiB.
2026-10-08T09:21:12Z INFO [458/500] 59af443b-abcc-49b4-8813-aab331ff24f0: 204 chunks; 1.5 s; peak memory 1206 MiB.
2026-10-08T09:21:13Z INFO [459/500] 59b073c6-1593-4ad2-b611-d62b3682d0f0: 48 chunks; 1.0 s; peak memory 1206 MiB.
2026-10-08T09:21:23Z INFO [460/500] 59b0c3b0-0cc3-4c08-97a6-0d65facd0b54: 921 chunks; 9.5 s; peak memory 1206 MiB.
2026-10-08T09:21:24Z INFO [461/500] 59b132f0-2938-4193-bce3-b849f6cd890d: 117 chunks; 1.1 s; peak memory 1206 MiB.
2026-10-08T09:21:25Z INFO [462/500] 59b17c5b-282d-4abb-a978-e7b5a4425fb4: 155 chunks; 1.0 s; peak memory 1206 MiB.
2026-10-08T09:21:25Z INFO [463/500] 59b1c1bc-c1e6-4c82-8340-9e9612792ef3: 46 chunks; 0.8 s; peak memory 1206 MiB.
2026-10-08T09:21:27Z INFO [464/500] 59b1fc97-f54d-42e7-9654-b918c83bc382: 116 chunks; 1.4 s; peak memory 1206 MiB.
2026-10-08T09:21:28Z INFO [465/500] 59b284c9-98ee-485a-8ca6-2e8c7cb67b49: 65 chunks; 1.2 s; peak memory 1206 MiB.
2026-10-08T09:21:31Z INFO [466/500] 59b2b966-090e-40c5-bb81-4a7aa5602605: 123 chunks; 2.6 s; peak memory 1206 MiB.
2026-10-08T09:21:32Z INFO [467/500] 59b2e603-050c-45c2-8a32-6a1a24fbe11b: 48 chunks; 1.0 s; peak memory 1206 MiB.
2026-10-08T09:24:32Z INFO [468/500] 59b39d69-2477-4e45-89ec-ec81410381e6: 129121 chunks; 180.2 s; peak memory 1206 MiB.
2026-10-08T09:24:33Z INFO [469/500] 59b47625-b00c-4814-ab2b-3503d4eb4063: 48 chunks; 1.1 s; peak memory 1206 MiB.
2026-10-08T09:24:34Z INFO [470/500] 59b4ad18-1ff1-4df5-8934-e5eaad3d62a3: 117 chunks; 1.4 s; peak memory 1206 MiB.
2026-10-08T09:24:40Z INFO [471/500] 59b4f6b9-6665-4666-8599-40f6da0bfe1d: 359 chunks; 5.6 s; peak memory 1206 MiB.
2026-10-08T09:24:41Z INFO [472/500] 59b589fa-2173-4420-bfeb-43c9f49f69a6: 117 chunks; 1.3 s; peak memory 1206 MiB.
2026-10-08T09:26:43Z INFO [473/500] 59b79daf-45c7-4155-af07-92422440f0f4: 13060 chunks; 121.9 s; peak memory 1206 MiB.
2026-10-08T09:26:44Z INFO [474/500] 59b7dd8c-49fc-4de6-ab07-09c73b50be1e: 117 chunks; 1.4 s; peak memory 1206 MiB.
2026-10-08T09:26:54Z INFO [475/500] 59b89153-0226-4512-8086-4b98c1586108: 20582 chunks; 9.5 s; peak memory 1206 MiB.
2026-10-08T09:26:55Z INFO [476/500] 59b8a858-13b6-4d1d-9027-1e36b154a644: 48 chunks; 1.0 s; peak memory 1206 MiB.
2026-10-08T09:26:56Z INFO [477/500] 59b9e48b-0b0a-4ddf-8af1-53aaedc2be5b: 69 chunks; 1.4 s; peak memory 1206 MiB.
2026-10-08T09:27:08Z INFO [478/500] 59baa33e-b101-47fd-8cba-b9e0755f0ad7: 19906 chunks; 11.3 s; peak memory 1206 MiB.
2026-10-08T09:27:09Z INFO [479/500] 59bac65d-fbd1-42b8-aafd-2df1e1115059: 48 chunks; 1.3 s; peak memory 1206 MiB.
2026-10-08T09:27:10Z INFO [480/500] 59bb60a3-4d7f-4f3f-b97c-183e486c8097: 78 chunks; 1.3 s; peak memory 1206 MiB.
2026-10-08T09:27:12Z INFO [481/500] 59bd5d21-d2c9-42ae-8b74-e95941e41572: 109 chunks; 1.3 s; peak memory 1206 MiB.
2026-10-08T09:27:16Z INFO [482/500] 59bdc9d1-7800-4330-b915-234cbff4df43: 320 chunks; 4.4 s; peak memory 1206 MiB.
2026-10-08T09:27:31Z INFO [483/500] 59be38c1-f1d5-4944-9b2e-1682c4594a53: 363 chunks; 15.3 s; peak memory 1206 MiB.
2026-10-08T09:27:32Z INFO [484/500] 59be5f5f-2edb-4638-bf67-7ace928ed006: 46 chunks; 0.8 s; peak memory 1206 MiB.
2026-10-08T09:27:34Z INFO [485/500] 59be6166-4c93-4efc-8ec1-5a42544e7f29: 69 chunks; 1.8 s; peak memory 1206 MiB.
2026-10-08T09:27:36Z INFO [486/500] 59bf4d91-b398-4678-8138-22aa5951afdc: 118 chunks; 2.3 s; peak memory 1206 MiB.
2026-10-08T09:28:04Z INFO [487/500] 59c00717-ffc7-4ca7-ab70-4e1c8572be39: 16419 chunks; 27.8 s; peak memory 1206 MiB.
2026-10-08T09:28:05Z INFO [488/500] 59c0293c-2e4d-491f-aed2-c67ce9706c78: 48 chunks; 1.0 s; peak memory 1206 MiB.
2026-10-08T09:28:06Z INFO [489/500] 59c0412b-bf62-4e6b-aad4-460e62ead209: 116 chunks; 1.1 s; peak memory 1206 MiB.
2026-10-08T09:28:07Z INFO [490/500] 59c0b092-eba2-440f-8f42-c22bbe22888f: 48 chunks; 1.1 s; peak memory 1206 MiB.
2026-10-08T09:28:08Z INFO [491/500] 59c218e7-f87a-4ff6-8603-38fe1f82121f: 59 chunks; 1.2 s; peak memory 1206 MiB.
2026-10-08T09:28:09Z INFO [492/500] 59c2554d-37bb-4e93-82c7-893453717447: 33 chunks; 0.8 s; peak memory 1206 MiB.
2026-10-08T09:28:10Z INFO [493/500] 59c26a00-1a54-449c-9d94-0b6e6fa97a97: 48 chunks; 1.1 s; peak memory 1206 MiB.
2026-10-08T09:28:11Z INFO [494/500] 59c2a1bf-5a83-4134-9540-b53f80f32145: 57 chunks; 1.0 s; peak memory 1206 MiB.
2026-10-08T09:28:25Z INFO [495/500] 59c2aeae-da18-49ab-9b47-190d588b0e47: 25571 chunks; 14.0 s; peak memory 1206 MiB.
2026-10-08T09:28:27Z INFO [496/500] 59c2f9a1-e8c6-4b4f-a7b9-2254aaefbe99: 71 chunks; 1.9 s; peak memory 1206 MiB.
2026-10-08T09:28:28Z INFO [497/500] 59c37283-d4b3-4c04-bea4-cd9403c48d00: 140 chunks; 1.2 s; peak memory 1206 MiB.
2026-10-08T09:28:30Z INFO [498/500] 59c40621-a0f7-4c0d-acd6-f6ad7a0c36b1: 48 chunks; 1.1 s; peak memory 1206 MiB.
2026-10-08T09:28:31Z INFO [499/500] 59c492e0-e95e-4aeb-a911-fea6e54911da: 48 chunks; 1.1 s; peak memory 1206 MiB.
2026-10-08T09:28:33Z INFO [500/500] 59c5b045-3def-468c-a175-2498e301d5ab: 115 chunks; 2.4 s; peak memory 1206 MiB.
2026-10-08T09:28:33Z INFO [500/500] 59c5b045-3def-468c-a175-2498e301d5ab: checkpointed 90334 records.
2026-10-08T09:28:34Z INFO Wrote 90334 records to /tmp/derivatives/valid_nwb_file_to_chunk_stats.jsonl (500 new, 0 failed) in 107.9 min (peak memory 1206 MiB).
