2026-10-07T23:53:53Z INFO Logging to /tmp/logs/update_2026-10-07T23-53-53Z.log.
2026-10-07T23:53:53Z INFO Update valid-nwb-file-to-chunk-stats (base directory /tmp).
2026-10-07T23:53:53Z INFO Processing 500 items (87334 already recorded).
2026-10-07T23:53:54Z INFO [1/500] 536d9d6f-2641-45d2-9d94-6de8b017960f: 303 chunks; 1.2 s; peak memory 183 MiB.
2026-10-07T23:53:55Z INFO [2/500] 536dd353-fa0d-4792-8932-47776c3f1b71: 72 chunks; 0.9 s; peak memory 183 MiB.
2026-10-07T23:53:56Z INFO [3/500] 536ee0cd-2c79-4574-80b3-c30ea722e9a0: 118 chunks; 1.4 s; peak memory 184 MiB.
2026-10-07T23:53:58Z INFO [4/500] 536f765d-c600-4ab6-a93e-67f12c828476: 156 chunks; 2.1 s; peak memory 186 MiB.
2026-10-07T23:53:59Z INFO [5/500] 53704f30-98c4-449b-92a1-1915e9b031e3: 48 chunks; 0.9 s; peak memory 186 MiB.
2026-10-07T23:54:01Z INFO [6/500] 53706a5f-2b8c-4033-97dc-77fa1ad14e5d: 71 chunks; 1.7 s; peak memory 186 MiB.
2026-10-07T23:54:02Z INFO [7/500] 53708389-4e00-4aea-8041-c6dfbf4f810c: 48 chunks; 0.8 s; peak memory 186 MiB.
2026-10-07T23:54:03Z INFO [8/500] 5370f236-bdd9-4f04-970d-f61a5ab9f5f2: 112 chunks; 0.9 s; peak memory 187 MiB.
2026-10-07T23:54:04Z INFO [9/500] 5371d9d2-f286-424e-9bd6-14da0428ff15: 146 chunks; 0.8 s; peak memory 187 MiB.
2026-10-07T23:54:04Z INFO [10/500] 537277b9-1208-4cf2-9fe2-b4b9667aa75a: 46 chunks; 0.6 s; peak memory 187 MiB.
2026-10-07T23:54:05Z INFO [11/500] 5372e097-be1d-40ac-96c8-d045508aceca: 48 chunks; 0.8 s; peak memory 187 MiB.
2026-10-07T23:54:06Z INFO [12/500] 53731ecd-a4de-49b5-9bd8-c6d0039290ca: 46 chunks; 0.5 s; peak memory 188 MiB.
2026-10-07T23:54:06Z INFO [13/500] 5373bdd6-ee90-4f81-bfb8-145e9b5fbd92: 50 chunks; 0.5 s; peak memory 188 MiB.
2026-10-07T23:54:07Z INFO [14/500] 537431a9-578e-49a4-b6f6-ab131edccbca: 117 chunks; 1.0 s; peak memory 188 MiB.
2026-10-07T23:54:13Z INFO [15/500] 537462f9-45ca-4b8d-9c6e-a90c2f2ba815: 15343 chunks; 6.0 s; peak memory 219 MiB.
2026-10-07T23:54:14Z INFO [16/500] 537489e4-d927-404c-8c48-cd1b60ab6d55: 33 chunks; 0.5 s; peak memory 219 MiB.
2026-10-07T23:54:14Z INFO [17/500] 5375ee81-1573-443c-9736-5ffd3917b2eb: 46 chunks; 0.6 s; peak memory 219 MiB.
2026-10-07T23:56:19Z INFO [18/500] 5376793f-9b7b-45f7-b999-81b71f20998d: 41071 chunks; 125.0 s; peak memory 352 MiB.
2026-10-07T23:56:23Z INFO [19/500] 53768c85-1f50-4be3-82bb-987f5d7c62bb: 314 chunks; 4.0 s; peak memory 352 MiB.
2026-10-07T23:56:24Z INFO [20/500] 53772faa-9a2e-4031-9045-c4854901fbf7: 116 chunks; 0.8 s; peak memory 352 MiB.
2026-10-07T23:56:28Z INFO [21/500] 537784ef-9a0b-4385-ace6-fe4d31c9d1cc: 2923 chunks; 3.6 s; peak memory 352 MiB.
2026-10-07T23:56:28Z INFO [22/500] 5377aa28-2231-4e2b-9833-a5b6fcf7cd80: 33 chunks; 0.6 s; peak memory 352 MiB.
2026-10-07T23:56:29Z INFO [23/500] 537804e8-5bb3-45ab-95c0-70deef0d145b: 48 chunks; 0.7 s; peak memory 352 MiB.
2026-10-07T23:56:33Z INFO [24/500] 53785dcb-5b11-4ff9-bda1-ea62658f5587: 8160 chunks; 3.7 s; peak memory 352 MiB.
2026-10-07T23:56:34Z INFO [25/500] 53786af8-cf2c-441e-94a9-9723b509ed74: 117 chunks; 1.0 s; peak memory 352 MiB.
2026-10-07T23:56:35Z INFO [26/500] 53788b70-cab4-4d8b-90bc-6544c28cee41: 76 chunks; 1.2 s; peak memory 352 MiB.
2026-10-07T23:56:38Z INFO [27/500] 537990fc-aeed-49c6-a0b8-e2a5d09edd91: 624 chunks; 3.6 s; peak memory 352 MiB.
2026-10-07T23:56:41Z INFO [28/500] 5379c6e4-1f51-4caf-b114-d12e6bd011c1: 90 chunks; 2.3 s; peak memory 352 MiB.
2026-10-07T23:56:41Z INFO [29/500] 5379c792-40cd-4e4e-9a9b-768ec73f032e: 112 chunks; 0.8 s; peak memory 352 MiB.
2026-10-07T23:56:44Z INFO [30/500] 5379e345-12b9-4123-b574-e5fab697bbb6: 111 chunks; 2.6 s; peak memory 352 MiB.
2026-10-07T23:57:06Z INFO [31/500] 537a708a-ca77-4363-958a-5abdf2877201: 6139 chunks; 22.2 s; peak memory 352 MiB.
2026-10-07T23:57:07Z INFO [32/500] 537a86b6-ebda-4e32-9832-59cacaa08804: 117 chunks; 0.9 s; peak memory 352 MiB.
2026-10-07T23:57:08Z INFO [33/500] 537ae86c-5a4f-4fa5-967a-fb4af5028383: 52 chunks; 0.7 s; peak memory 352 MiB.
2026-10-07T23:57:10Z INFO [34/500] 537b8c4c-dcac-4f32-8ac9-ac43a5876654: 156 chunks; 2.4 s; peak memory 352 MiB.
2026-10-07T23:57:11Z INFO [35/500] 537b91f3-9179-429a-be00-78be98ce42e3: 41 chunks; 0.7 s; peak memory 352 MiB.
2026-10-07T23:57:16Z INFO [36/500] 537bcbbd-d4e9-4f6c-ba6b-1dd13d92f493: 451 chunks; 5.2 s; peak memory 352 MiB.
2026-10-07T23:57:17Z INFO [37/500] 537ca6b7-f237-44be-9d75-94bd2e40b8e5: 71 chunks; 1.1 s; peak memory 352 MiB.
2026-10-07T23:57:18Z INFO [38/500] 537d572e-b853-4854-9580-0464ec3ccd68: 48 chunks; 0.8 s; peak memory 352 MiB.
2026-10-07T23:57:19Z INFO [39/500] 537df40a-a7d9-459e-b07b-15fb7789df1a: 72 chunks; 0.8 s; peak memory 352 MiB.
2026-10-07T23:57:20Z INFO [40/500] 537e5bd2-09ea-4db8-aca8-898cc51446f3: 112 chunks; 0.9 s; peak memory 352 MiB.
2026-10-07T23:57:20Z INFO [41/500] 537eb3cd-c993-4a7d-89de-dc7ef2f009a4: 44 chunks; 0.6 s; peak memory 352 MiB.
2026-10-07T23:57:21Z INFO [42/500] 537ef8a2-309a-476e-89e9-5073c0890d1a: 116 chunks; 0.8 s; peak memory 352 MiB.
2026-10-07T23:57:28Z INFO [43/500] 537f158f-1d3c-4e4d-9d2b-6da083c76088: 9709 chunks; 6.8 s; peak memory 352 MiB.
2026-10-07T23:57:29Z INFO [44/500] 537f1e37-cc72-4a97-9317-2c96a7e47296: 112 chunks; 1.0 s; peak memory 352 MiB.
2026-10-07T23:57:30Z INFO [45/500] 537feb74-d4d3-4dc4-b998-da9c47fe9502: 109 chunks; 1.0 s; peak memory 352 MiB.
2026-10-07T23:57:31Z INFO [46/500] 537fefff-72b8-4276-ac48-b998b3a2828b: 117 chunks; 0.8 s; peak memory 352 MiB.
2026-10-07T23:57:32Z INFO [47/500] 53805fe6-bb12-4b0e-a5c6-0deca0a5d1d3: 121 chunks; 0.7 s; peak memory 352 MiB.
2026-10-07T23:57:33Z INFO [48/500] 53809af7-f3a9-4290-a383-848f0f258b10: 112 chunks; 1.1 s; peak memory 352 MiB.
2026-10-07T23:57:33Z INFO [49/500] 53820567-1ebd-4c0d-8ff9-cb4f67bf4524: 69 chunks; 0.6 s; peak memory 352 MiB.
2026-10-07T23:57:34Z INFO [50/500] 5382858c-401a-4d3e-9d25-80aeecb915e1: 95 chunks; 1.0 s; peak memory 352 MiB.
2026-10-07T23:57:34Z INFO [50/500] 5382858c-401a-4d3e-9d25-80aeecb915e1: checkpointed 87384 records.
2026-10-07T23:57:35Z INFO [51/500] 5382c217-44b6-4ee1-b427-101f31075cf0: 84 chunks; 0.9 s; peak memory 352 MiB.
2026-10-07T23:57:36Z INFO [52/500] 5382d20b-a989-4819-8e76-a482d296709d: 116 chunks; 0.9 s; peak memory 352 MiB.
2026-10-07T23:57:40Z INFO [53/500] 53839240-eb97-4b47-af84-1c6fec8446b9: 2923 chunks; 3.6 s; peak memory 352 MiB.
2026-10-07T23:57:42Z INFO [54/500] 5384743e-1ae8-4084-91fb-8d5c70e4ae22: 289 chunks; 2.1 s; peak memory 352 MiB.
2026-10-07T23:57:45Z INFO [55/500] 53848112-a421-46ec-96d8-195bd8a8166b: 208 chunks; 3.5 s; peak memory 352 MiB.
2026-10-07T23:57:53Z INFO [56/500] 5384e32f-fcfe-4d4d-a288-56a8ddc68123: 4039 chunks; 7.4 s; peak memory 352 MiB.
2026-10-07T23:57:56Z INFO [57/500] 538536ea-b5eb-4eb4-8ed0-fd0ec72f1173: 6863 chunks; 3.5 s; peak memory 352 MiB.
2026-10-07T23:57:57Z INFO [58/500] 53863b2d-6799-4938-871a-08e8d7966dda: 48 chunks; 0.8 s; peak memory 352 MiB.
2026-10-07T23:57:59Z INFO [59/500] 5387ff2b-4da0-49cd-ab34-590f8d0d315e: 71 chunks; 2.1 s; peak memory 352 MiB.
2026-10-07T23:58:01Z INFO [60/500] 53883dbe-830b-4701-81b1-f2c5b1e7cba7: 168 chunks; 1.5 s; peak memory 352 MiB.
2026-10-07T23:58:03Z INFO [61/500] 5388e2af-f58c-4b2e-8045-a1558b2fef2a: 114 chunks; 2.1 s; peak memory 352 MiB.
2026-10-07T23:58:04Z INFO [62/500] 538ab86a-65bd-4fa6-bc0d-e9ede6a0b939: 117 chunks; 1.1 s; peak memory 352 MiB.
2026-10-07T23:58:05Z INFO [63/500] 538abc4b-9ce7-4e31-acf3-d896f5334e93: 48 chunks; 0.9 s; peak memory 352 MiB.
2026-10-07T23:58:06Z INFO [64/500] 538b312d-2816-44ab-9896-1063c535a8d8: 52 chunks; 0.8 s; peak memory 352 MiB.
2026-10-07T23:58:11Z INFO [65/500] 538bb403-dba9-4972-8c93-a89a03c4e878: 11309 chunks; 4.8 s; peak memory 352 MiB.
2026-10-07T23:58:11Z INFO [66/500] 538c5ed4-857a-4fd0-9de8-d17efd905e26: 118 chunks; 0.9 s; peak memory 352 MiB.
2026-10-07T23:58:12Z INFO [67/500] 538ca1f5-6773-4508-98e6-fc1cbf328289: 112 chunks; 1.0 s; peak memory 352 MiB.
2026-10-07T23:58:13Z INFO [68/500] 538cc9dd-181a-4fc9-825f-7771dea340c3: 117 chunks; 0.8 s; peak memory 352 MiB.
2026-10-07T23:58:14Z INFO [69/500] 538cd945-9fa0-4456-b513-2f2485d3339d: 114 chunks; 0.7 s; peak memory 352 MiB.
2026-10-07T23:58:15Z INFO [70/500] 538cda57-bf6a-44f0-b03b-1f80b922cb9a: 62 chunks; 0.7 s; peak memory 352 MiB.
2026-10-07T23:58:15Z INFO [71/500] 538ebbd9-f11f-446b-846e-0b2a3dd1c688: 48 chunks; 0.8 s; peak memory 352 MiB.
2026-10-07T23:58:23Z INFO [72/500] 538f0d72-4f96-4598-a909-a6c3ec2bb8b0: 20370 chunks; 7.4 s; peak memory 352 MiB.
2026-10-07T23:58:24Z INFO [73/500] 538f7793-faed-4f81-91bb-306d473c9713: 48 chunks; 0.8 s; peak memory 352 MiB.
2026-10-07T23:58:25Z INFO [74/500] 538fa5b4-1b27-4025-aaad-285bf458fe44: 307 chunks; 1.9 s; peak memory 352 MiB.
2026-10-07T23:58:26Z INFO [75/500] 5390b75e-409a-44fa-adc9-b601cc070c76: 116 chunks; 0.8 s; peak memory 352 MiB.
2026-10-07T23:58:27Z INFO [76/500] 539121ef-c9a5-44fe-bde2-3089a071b5a9: 46 chunks; 0.4 s; peak memory 352 MiB.
2026-10-07T23:58:27Z INFO [77/500] 53941ea8-cb88-4b39-8731-278f3e30164c: 50 chunks; 0.6 s; peak memory 352 MiB.
2026-10-07T23:58:28Z INFO [78/500] 539463cc-7136-4446-a899-febe15dd582b: 117 chunks; 0.7 s; peak memory 352 MiB.
2026-10-07T23:58:29Z INFO [79/500] 5394e3b0-e5c4-4dd9-b1b1-35714fc79ec3: 48 chunks; 0.8 s; peak memory 352 MiB.
2026-10-07T23:58:31Z INFO [80/500] 539686e0-7ef2-4b3a-ad70-31a4d1cef237: 118 chunks; 2.0 s; peak memory 352 MiB.
2026-10-07T23:58:32Z INFO [81/500] 5397d9b2-8af5-4a41-a134-e3b878c33f70: 51 chunks; 0.8 s; peak memory 352 MiB.
2026-10-07T23:58:32Z INFO [82/500] 5398c9d5-9fe3-4c81-af11-143112ab6c97: 48 chunks; 0.8 s; peak memory 352 MiB.
2026-10-07T23:58:37Z INFO [83/500] 5398cb9a-b889-485b-90c3-8f736d61ab66: 28141 chunks; 4.4 s; peak memory 352 MiB.
2026-10-07T23:58:44Z INFO [84/500] 53999984-d1a9-4dcc-a30c-bf525c2d2c30: 1726 chunks; 7.5 s; peak memory 352 MiB.
2026-10-07T23:58:49Z INFO [85/500] 539a4a85-9d2a-4af1-8118-93652dcafda8: 10900 chunks; 4.3 s; peak memory 352 MiB.
2026-10-07T23:58:50Z INFO [86/500] 539b5e83-bb52-44e8-b111-69f82680e7e7: 71 chunks; 1.1 s; peak memory 352 MiB.
2026-10-07T23:58:51Z INFO [87/500] 539c06bd-6b49-40c3-b48e-69b8f0a94e6f: 119 chunks; 1.8 s; peak memory 352 MiB.
2026-10-07T23:58:53Z INFO [88/500] 539c3238-4654-4976-adf7-4d09b9e18de5: 119 chunks; 1.4 s; peak memory 352 MiB.
2026-10-07T23:58:53Z INFO [89/500] 539d5d11-2e3b-478d-a7f1-83a1c5dc8b41: 48 chunks; 0.7 s; peak memory 352 MiB.
2026-10-07T23:58:54Z INFO [90/500] 539df370-91e8-40c9-8c07-69e0cc12a3a9: 48 chunks; 0.7 s; peak memory 352 MiB.
2026-10-07T23:58:55Z INFO [91/500] 539df88e-2c25-46ed-a499-5e79d3beccf9: 62 chunks; 0.9 s; peak memory 352 MiB.
2026-10-07T23:58:56Z INFO [92/500] 539e0f7f-66d1-4f7f-928e-ab70d550af2b: 48 chunks; 0.8 s; peak memory 352 MiB.
2026-10-07T23:58:57Z INFO [93/500] 539e349e-7579-438d-a70a-a056cfe7cea5: 230 chunks; 1.0 s; peak memory 352 MiB.
2026-10-07T23:58:58Z INFO [94/500] 539ed10b-a5cc-4f28-80d3-673c1a5a565f: 62 chunks; 1.0 s; peak memory 352 MiB.
2026-10-07T23:58:58Z INFO [95/500] 539ee4f9-9146-4249-b0ee-078312c8ca83: 46 chunks; 0.4 s; peak memory 352 MiB.
2026-10-07T23:58:59Z INFO [96/500] 539f6855-3fe4-41f8-aa52-64f347af015e: 117 chunks; 1.0 s; peak memory 352 MiB.
2026-10-07T23:59:00Z INFO [97/500] 539f6ebd-dccf-4fbd-8826-00d36dd55746: 41 chunks; 0.7 s; peak memory 352 MiB.
2026-10-07T23:59:01Z INFO [98/500] 539ff916-7eba-42f6-ac12-58ec11f7e30e: 48 chunks; 0.6 s; peak memory 352 MiB.
2026-10-07T23:59:01Z INFO [99/500] 53a02256-1dbc-4da8-bb4e-288e0778dd6b: 69 chunks; 0.6 s; peak memory 352 MiB.
2026-10-07T23:59:02Z INFO [100/500] 53a19cd4-583e-4e76-9c96-829d759d55c3: 112 chunks; 1.1 s; peak memory 352 MiB.
2026-10-07T23:59:03Z INFO [100/500] 53a19cd4-583e-4e76-9c96-829d759d55c3: checkpointed 87434 records.
2026-10-07T23:59:06Z INFO [101/500] 53a1a33b-8567-4a8c-831b-4c992b3c726e: 7675 chunks; 3.8 s; peak memory 352 MiB.
2026-10-07T23:59:07Z INFO [102/500] 53a1efcc-e302-475e-a844-160bc9ae1cf3: 84 chunks; 0.8 s; peak memory 352 MiB.
2026-10-07T23:59:08Z INFO [103/500] 53a1f692-a33c-4d3d-8dce-c93230d1a130: 52 chunks; 0.7 s; peak memory 352 MiB.
2026-10-07T23:59:09Z INFO [104/500] 53a2837b-44a9-412d-9335-255abc9f8815: 115 chunks; 0.7 s; peak memory 352 MiB.
2026-10-07T23:59:10Z INFO [105/500] 53a2acc4-43ab-493c-b938-bbb702e8c27c: 112 chunks; 1.2 s; peak memory 352 MiB.
2026-10-07T23:59:10Z INFO [106/500] 53a2ed0e-e3f9-401c-8950-3684203f2469: 54 chunks; 0.6 s; peak memory 352 MiB.
2026-10-07T23:59:11Z INFO [107/500] 53a31c3c-46af-49df-8d70-f0b9dd76002b: 117 chunks; 1.0 s; peak memory 352 MiB.
2026-10-07T23:59:12Z INFO [108/500] 53a39443-0089-4a31-a03a-4a56f7f01877: 106 chunks; 0.9 s; peak memory 352 MiB.
2026-10-07T23:59:13Z INFO [109/500] 53a3c9db-c35c-4423-9507-1e593de7ca5c: 48 chunks; 0.6 s; peak memory 352 MiB.
2026-10-07T23:59:19Z INFO [110/500] 53a401ef-f3bb-4c7d-9b21-10d41f2a2157: 13304 chunks; 5.9 s; peak memory 352 MiB.
2026-10-07T23:59:24Z INFO [111/500] 53a49c54-7e0f-4480-a03a-407c9b37c36f: 1295 chunks; 4.9 s; peak memory 352 MiB.
2026-10-07T23:59:26Z INFO [112/500] 53a6058f-63b5-4a5c-a918-19cd338c4041: 152 chunks; 1.9 s; peak memory 352 MiB.
2026-10-07T23:59:26Z INFO [113/500] 53a62ee0-b766-4908-8ddb-ad5c60b051e5: 101 chunks; 0.5 s; peak memory 352 MiB.
2026-10-07T23:59:27Z INFO [114/500] 53a7120b-0543-4205-a1a1-8a09ed4a594e: 117 chunks; 0.7 s; peak memory 352 MiB.
2026-10-07T23:59:28Z INFO [115/500] 53a9b2d4-6354-4af0-9498-5928cd0da24b: 48 chunks; 0.7 s; peak memory 352 MiB.
2026-10-07T23:59:29Z INFO [116/500] 53ab539b-e1bb-47b7-bb7f-9d757947bcb7: 118 chunks; 1.3 s; peak memory 352 MiB.
2026-10-07T23:59:30Z INFO [117/500] 53ab66c3-4c71-49cf-bb5d-d0281b9aa2b0: 68 chunks; 0.9 s; peak memory 352 MiB.
2026-10-07T23:59:31Z INFO [118/500] 53abc67e-3ba3-48b1-ade0-53877c7401e3: 48 chunks; 0.9 s; peak memory 352 MiB.
2026-10-07T23:59:41Z INFO [119/500] 53abeab9-1d6a-485c-83d8-639cdebbcc2b: 8229 chunks; 10.6 s; peak memory 352 MiB.
2026-10-07T23:59:42Z INFO [120/500] 53acd168-139c-433f-9d3e-58a6d0dce796: 66 chunks; 0.8 s; peak memory 352 MiB.
2026-10-07T23:59:43Z INFO [121/500] 53ad6745-e796-46b8-88df-962deaad7379: 51 chunks; 1.1 s; peak memory 352 MiB.
2026-10-07T23:59:44Z INFO [122/500] 53ae0b47-72ab-4638-8eb6-f2041cb9c99d: 48 chunks; 0.8 s; peak memory 352 MiB.
2026-10-07T23:59:45Z INFO [123/500] 53ae6013-8d9f-479a-9093-f4ae100f04a6: 117 chunks; 0.7 s; peak memory 352 MiB.
2026-10-07T23:59:49Z INFO [124/500] 53aeec86-f8dd-4dd3-bdc2-6e7bd34e8063: 15208 chunks; 3.9 s; peak memory 352 MiB.
2026-10-07T23:59:57Z INFO [125/500] 53af0b11-e06c-4051-9bfb-2614727ae1c6: 21647 chunks; 8.6 s; peak memory 352 MiB.
2026-10-07T23:59:58Z INFO [126/500] 53af27c5-d552-4a59-832f-36fbfeffd97c: 48 chunks; 0.8 s; peak memory 352 MiB.
2026-10-08T00:00:20Z INFO [127/500] 53afd463-8453-44cd-be4a-13eb11447938: 5805 chunks; 21.9 s; peak memory 352 MiB.
2026-10-08T00:00:21Z INFO [128/500] 53b03211-cb18-4c88-a341-a30fa639eef6: 112 chunks; 0.9 s; peak memory 352 MiB.
2026-10-08T00:00:23Z INFO [129/500] 53b141da-0637-480b-aa38-bb254cc1598d: 118 chunks; 1.9 s; peak memory 352 MiB.
2026-10-08T00:00:24Z INFO [130/500] 53b167b5-0498-412a-a896-df50d5337799: 118 chunks; 0.9 s; peak memory 352 MiB.
2026-10-08T00:00:31Z INFO [131/500] 53b17e59-b57d-4ba1-bc6b-f5655026936a: 22978 chunks; 7.2 s; peak memory 352 MiB.
2026-10-08T00:00:43Z INFO [132/500] 53b1bd08-3477-4d54-99f3-eadfca799842: 3169 chunks; 12.3 s; peak memory 352 MiB.
2026-10-08T00:00:44Z INFO [133/500] 53b289d9-b25c-4034-83f8-f1b0ce794c75: 103 chunks; 1.1 s; peak memory 352 MiB.
2026-10-08T00:00:45Z INFO [134/500] 53b29b1c-5025-4556-9ece-a1db77159b90: 112 chunks; 1.1 s; peak memory 352 MiB.
2026-10-08T00:00:47Z INFO [135/500] 53b2e95b-2ea3-4079-ae56-37e347f2779c: 71 chunks; 1.2 s; peak memory 352 MiB.
2026-10-08T00:00:48Z INFO [136/500] 53b3e233-dd45-401b-bacc-db956353b907: 66 chunks; 1.3 s; peak memory 352 MiB.
2026-10-08T00:00:49Z INFO [137/500] 53b3e4a9-54f3-43e8-8acb-1a836e9fc189: 112 chunks; 1.0 s; peak memory 352 MiB.
2026-10-08T00:00:49Z INFO [138/500] 53b41796-ed6e-437a-9545-913debbab721: 48 chunks; 0.7 s; peak memory 352 MiB.
2026-10-08T00:00:50Z INFO [139/500] 53b4373a-1629-4e73-9983-29649dc339dd: 289 chunks; 0.9 s; peak memory 352 MiB.
2026-10-08T00:00:56Z INFO [140/500] 53b4a14f-2a05-4e16-a5e2-544e5abfc88f: 391 chunks; 5.5 s; peak memory 352 MiB.
2026-10-08T00:00:57Z INFO [141/500] 53b4fac9-d9c3-44b0-8a52-929cd12507b3: 117 chunks; 0.7 s; peak memory 352 MiB.
2026-10-08T00:00:59Z INFO [142/500] 53b5c573-8ff2-4cd7-a7bc-7a672376b3c9: 85 chunks; 2.4 s; peak memory 352 MiB.
2026-10-08T00:01:00Z INFO [143/500] 53b722a9-20b5-4293-82b4-eff77bc2cb93: 56 chunks; 0.6 s; peak memory 352 MiB.
2026-10-08T00:01:01Z INFO [144/500] 53b7ab0f-b996-4962-97e1-bfeaa771c77c: 112 chunks; 1.0 s; peak memory 352 MiB.
2026-10-08T00:01:03Z INFO [145/500] 53b9ddee-b71f-4574-9600-db1d4e254bc5: 156 chunks; 2.3 s; peak memory 352 MiB.
2026-10-08T00:01:04Z INFO [146/500] 53ba0504-b64c-4e6e-b784-678ed0bdf7aa: 71 chunks; 1.2 s; peak memory 352 MiB.
2026-10-08T00:01:12Z INFO [147/500] 53ba0f71-0451-4f74-9663-63803576a340: 49762 chunks; 8.0 s; peak memory 352 MiB.
2026-10-08T00:01:13Z INFO [148/500] 53ba0f76-6b07-4cfe-a38b-010419fc6dc1: 48 chunks; 0.7 s; peak memory 352 MiB.
2026-10-08T00:01:14Z INFO [149/500] 53baa3f1-79e2-48ee-bb9b-aa3ef283c814: 110 chunks; 0.9 s; peak memory 352 MiB.
2026-10-08T00:01:18Z INFO [150/500] 53bacade-1f17-4935-b852-916612fc0a62: 1184 chunks; 3.9 s; peak memory 352 MiB.
2026-10-08T00:01:18Z INFO [150/500] 53bacade-1f17-4935-b852-916612fc0a62: checkpointed 87484 records.
2026-10-08T00:01:19Z INFO [151/500] 53bb9c6c-4e20-4e8a-bbd3-d4dd537a0ea2: 48 chunks; 0.8 s; peak memory 352 MiB.
2026-10-08T00:01:23Z INFO [152/500] 53bbd463-deda-44e9-9925-e8b515c0621d: 10017 chunks; 4.0 s; peak memory 352 MiB.
2026-10-08T00:01:24Z INFO [153/500] 53bbfa8d-c7b9-4fd8-9265-2d7f2623d049: 117 chunks; 0.9 s; peak memory 352 MiB.
2026-10-08T00:01:25Z INFO [154/500] 53bc0e4c-a06d-4f5e-8732-6a924d7bd31a: 92 chunks; 1.4 s; peak memory 352 MiB.
2026-10-08T00:01:26Z INFO [155/500] 53bc23db-66cb-4ee0-932c-91fe8dbbc844: 110 chunks; 0.8 s; peak memory 352 MiB.
2026-10-08T00:01:27Z INFO [156/500] 53bd1073-be7b-4f04-a356-09ff606f31e7: 119 chunks; 0.6 s; peak memory 352 MiB.
2026-10-08T00:01:36Z INFO [157/500] 53bdfc40-21b5-48f6-a000-1c64ae02fdb6: 13093 chunks; 9.6 s; peak memory 352 MiB.
2026-10-08T00:01:37Z INFO [158/500] 53be32bf-83e3-4163-af9b-fde1a5024227: 48 chunks; 0.7 s; peak memory 352 MiB.
2026-10-08T00:01:37Z INFO [159/500] 53bf234f-aa8e-46a5-8c93-41f7572bc98d: 100 chunks; 0.7 s; peak memory 352 MiB.
2026-10-08T00:01:38Z INFO [160/500] 53c0022a-7a60-4d8c-bed1-39f745118a4e: 52 chunks; 0.6 s; peak memory 352 MiB.
2026-10-08T00:01:39Z INFO [161/500] 53c157df-1f21-4389-a86e-a5c7605da848: 117 chunks; 0.8 s; peak memory 352 MiB.
2026-10-08T00:01:41Z INFO [162/500] 53c2d8bd-cf86-48d0-85b4-ca0d2d1ab9fa: 115 chunks; 1.8 s; peak memory 352 MiB.
2026-10-08T00:01:42Z INFO [163/500] 53c36a4f-8435-44e2-ae0e-c9399c356021: 71 chunks; 1.5 s; peak memory 352 MiB.
2026-10-08T00:01:43Z INFO [164/500] 53c46cc6-f56e-445a-8a51-2d39e7a31a62: 21 chunks; 0.6 s; peak memory 352 MiB.
2026-10-08T00:01:44Z INFO [165/500] 53c6242f-71bd-429c-ac78-ab5a78b8eb65: 46 chunks; 0.8 s; peak memory 352 MiB.
2026-10-08T00:01:44Z INFO [166/500] 53c69106-1106-449a-b737-67b8743ff98e: 48 chunks; 0.7 s; peak memory 352 MiB.
2026-10-08T00:01:46Z INFO [167/500] 53c70479-438f-4933-bd2a-def94f26faf7: 115 chunks; 2.0 s; peak memory 352 MiB.
2026-10-08T00:01:53Z INFO [168/500] 53c7083d-f812-4d28-b0b4-2876668677cc: 17005 chunks; 6.5 s; peak memory 352 MiB.
2026-10-08T00:01:54Z INFO [169/500] 53ca1e4e-2ddf-41c0-b265-9e4c0613261a: 78 chunks; 1.4 s; peak memory 352 MiB.
2026-10-08T00:01:55Z INFO [170/500] 53cac459-9632-4c0c-b4ef-0224971ef7e2: 48 chunks; 1.1 s; peak memory 352 MiB.
2026-10-08T00:01:56Z INFO [171/500] 53cb0d0f-d4c5-4137-ad89-a843ceea65d2: 48 chunks; 0.8 s; peak memory 352 MiB.
2026-10-08T00:01:57Z INFO [172/500] 53cb49bf-8ff2-40ab-a830-f18f188c680c: 46 chunks; 0.6 s; peak memory 352 MiB.
2026-10-08T00:01:58Z INFO [173/500] 53cb4efa-153a-4770-a02e-7ad6046e2bbc: 68 chunks; 1.0 s; peak memory 352 MiB.
2026-10-08T00:02:06Z INFO [174/500] 53cbeb44-ae48-4735-ab25-6f759f4ab0db: 16477 chunks; 8.0 s; peak memory 352 MiB.
2026-10-08T00:02:06Z INFO [175/500] 53cd6305-084d-4da6-aea0-f3d8c684e0bf: 50 chunks; 0.7 s; peak memory 352 MiB.
2026-10-08T00:02:10Z INFO [176/500] 53cd907d-5464-4ccd-bb88-a6c3ff152cf3: 10292 chunks; 4.1 s; peak memory 352 MiB.
2026-10-08T00:02:11Z INFO [177/500] 53ce6497-7660-4bf4-9353-9bfd7fe8c000: 48 chunks; 0.9 s; peak memory 352 MiB.
2026-10-08T00:02:12Z INFO [178/500] 53cf352f-0162-4cf0-8d9e-bcbf2511268e: 112 chunks; 1.0 s; peak memory 352 MiB.
2026-10-08T00:02:13Z INFO [179/500] 53d063e3-fea0-4f78-9acc-78209136e9b4: 84 chunks; 1.0 s; peak memory 352 MiB.
2026-10-08T00:02:15Z INFO [180/500] 53d0f5bb-fc43-4b99-b1e2-0e38ec0e6f7e: 71 chunks; 1.5 s; peak memory 352 MiB.
2026-10-08T00:02:18Z INFO [181/500] 53d0f5ee-8ef7-4fe8-8813-ecf64a7646aa: 90 chunks; 2.7 s; peak memory 352 MiB.
2026-10-08T00:02:18Z INFO [182/500] 53d18791-b52b-4e6f-8489-201f9b8a7b44: 52 chunks; 0.6 s; peak memory 352 MiB.
2026-10-08T00:02:19Z INFO [183/500] 53d20065-f53f-4ebb-bd45-31368e811df3: 52 chunks; 0.8 s; peak memory 352 MiB.
2026-10-08T00:02:20Z INFO [184/500] 53d298cf-fc27-49ff-8b75-8550f27d79c4: 48 chunks; 0.8 s; peak memory 352 MiB.
2026-10-08T00:02:21Z INFO [185/500] 53d2f926-0cf0-4221-85ac-0983afd365f6: 66 chunks; 1.2 s; peak memory 352 MiB.
2026-10-08T00:02:38Z INFO [186/500] 53d3425d-d53f-4ad1-9e4d-fbbbb068f297: 2010 chunks; 17.2 s; peak memory 352 MiB.
2026-10-08T00:02:39Z INFO [187/500] 53d358b6-9af2-4a20-bafe-7b1a069f8102: 41 chunks; 0.6 s; peak memory 352 MiB.
2026-10-08T00:02:39Z INFO [188/500] 53d3a1d9-b3e2-4a7e-969c-2d9f9e29ace1: 116 chunks; 0.7 s; peak memory 352 MiB.
2026-10-08T00:02:40Z INFO [189/500] 53d515e1-eb93-43b3-a7cd-e6f4653a9bf2: 48 chunks; 0.9 s; peak memory 352 MiB.
2026-10-08T00:02:46Z INFO [190/500] 53d5742f-26e4-40b3-8d7e-86c088eef89b: 14853 chunks; 5.2 s; peak memory 352 MiB.
2026-10-08T00:02:46Z INFO [191/500] 53d5c4b9-2f4d-44de-b032-4b401593051d: 118 chunks; 0.9 s; peak memory 352 MiB.
2026-10-08T00:02:47Z INFO [192/500] 53d6a990-04c4-4df6-babb-ef51f705e230: 21 chunks; 0.5 s; peak memory 352 MiB.
2026-10-08T00:02:52Z INFO [193/500] 53d7c390-4d0e-4d49-94fc-d9d35a083f20: 16490 chunks; 5.1 s; peak memory 352 MiB.
2026-10-08T00:02:53Z INFO [194/500] 53d8295f-7ebc-43da-a691-b6a42f237b43: 48 chunks; 1.0 s; peak memory 352 MiB.
2026-10-08T00:02:54Z INFO [195/500] 53d9495a-60b0-4b56-9c92-187cc7cb2dac: 117 chunks; 1.0 s; peak memory 352 MiB.
2026-10-08T00:02:55Z INFO [196/500] 53d97daa-cbd9-45db-8a81-7bf879535410: 117 chunks; 0.9 s; peak memory 352 MiB.
2026-10-08T00:02:57Z INFO [197/500] 53d9d85a-d49b-4cbe-96cc-c5e5b78feb20: 156 chunks; 2.3 s; peak memory 352 MiB.
2026-10-08T00:02:57Z INFO [198/500] 53db37c1-a242-40fa-b10c-dad82e9b8b89: 46 chunks; 0.4 s; peak memory 352 MiB.
2026-10-08T00:02:58Z INFO [199/500] 53db9034-f122-43b7-9b96-7b16567366f2: 48 chunks; 0.8 s; peak memory 352 MiB.
2026-10-08T00:03:01Z INFO [200/500] 53dbf0c4-6725-4042-a1a8-51a4f22105c8: 156 chunks; 2.4 s; peak memory 352 MiB.
2026-10-08T00:03:01Z INFO [200/500] 53dbf0c4-6725-4042-a1a8-51a4f22105c8: checkpointed 87534 records.
2026-10-08T00:03:02Z INFO [201/500] 53dc53ec-e7ff-4d7a-9a9d-bfe0a874e1a4: 46 chunks; 0.7 s; peak memory 352 MiB.
2026-10-08T00:03:02Z INFO [202/500] 53dd60d8-b27f-445c-8af9-57a36162b2a5: 117 chunks; 0.7 s; peak memory 352 MiB.
2026-10-08T00:03:05Z INFO [203/500] 53ddc806-29c8-480d-87ea-789c1f9240f5: 206 chunks; 2.5 s; peak memory 352 MiB.
2026-10-08T00:03:16Z INFO [204/500] 53de9879-f737-4e90-ad00-b5c99f73b452: 3158 chunks; 11.3 s; peak memory 352 MiB.
2026-10-08T00:03:17Z INFO [205/500] 53df1d8f-3444-4b4d-b5a4-50e8d2281df3: 48 chunks; 0.8 s; peak memory 352 MiB.
2026-10-08T00:03:48Z INFO [206/500] 53df954e-60aa-4d5a-acdc-a9de75bc0d0e: 16419 chunks; 31.6 s; peak memory 352 MiB.
2026-10-08T00:03:49Z INFO [207/500] 53e01965-a5e1-448d-a913-8d0e468ef3c1: 386 chunks; 0.9 s; peak memory 352 MiB.
2026-10-08T00:03:52Z INFO [208/500] 53e0267b-f34c-4b49-9844-6446858de2d9: 3027 chunks; 2.9 s; peak memory 352 MiB.
2026-10-08T00:03:53Z INFO [209/500] 53e113eb-285e-497d-927f-a34ba5b1574a: 117 chunks; 0.8 s; peak memory 352 MiB.
2026-10-08T00:03:54Z INFO [210/500] 53e132e6-05cb-4ca0-a0ca-42b168621850: 289 chunks; 0.9 s; peak memory 352 MiB.
2026-10-08T00:03:56Z INFO [211/500] 53e1f805-2044-487b-96bf-86973237466d: 101 chunks; 2.4 s; peak memory 352 MiB.
2026-10-08T00:03:58Z INFO [212/500] 53e2f89d-a87a-4900-bc0f-291fce4b5c8d: 162 chunks; 2.1 s; peak memory 352 MiB.
2026-10-08T00:03:59Z INFO [213/500] 53e3a4ab-bb45-46f0-9d36-1298eb0efd84: 48 chunks; 0.8 s; peak memory 352 MiB.
2026-10-08T00:04:00Z INFO [214/500] 53e3cab1-701a-4026-a75a-d38f6ac7a958: 66 chunks; 1.3 s; peak memory 352 MiB.
2026-10-08T00:04:01Z INFO [215/500] 53e44bff-1e82-461b-af88-9624ba5dbf58: 63 chunks; 0.7 s; peak memory 352 MiB.
2026-10-08T00:04:02Z INFO [216/500] 53e5cf78-1374-43d7-a2fe-76f728f058bc: 51 chunks; 0.6 s; peak memory 352 MiB.
2026-10-08T00:04:03Z INFO [217/500] 53e629a6-f22d-42dd-ae94-5ee0f1967ea5: 112 chunks; 1.1 s; peak memory 352 MiB.
2026-10-08T00:04:04Z INFO [218/500] 53e63002-4aaa-4f22-9183-b6f44297ac17: 48 chunks; 0.8 s; peak memory 352 MiB.
2026-10-08T00:04:04Z INFO [219/500] 53e6b36b-9a42-45b8-9c37-629f29b8975f: 48 chunks; 0.7 s; peak memory 352 MiB.
2026-10-08T00:04:05Z INFO [220/500] 53e6b8dd-b725-43ee-a841-4c2903dbd50d: 68 chunks; 1.0 s; peak memory 352 MiB.
2026-10-08T00:04:08Z INFO [221/500] 53e82e7a-7204-4b2b-ac5e-c3301ee08c0b: 116 chunks; 2.1 s; peak memory 352 MiB.
2026-10-08T00:04:09Z INFO [222/500] 53e92c46-26e2-4c40-9f8b-674cc20184fa: 112 chunks; 1.1 s; peak memory 352 MiB.
2026-10-08T00:04:11Z INFO [223/500] 53e94fe3-1cca-49ea-8fe4-1dc0384c67f6: 156 chunks; 1.9 s; peak memory 352 MiB.
2026-10-08T00:04:16Z INFO [224/500] 53e9cefe-9cf5-49c7-91ca-f90ea4d64cc5: 297 chunks; 5.6 s; peak memory 352 MiB.
2026-10-08T00:04:17Z INFO [225/500] 53e9f1df-e148-47ec-b44c-8b937eb25ce2: 112 chunks; 0.9 s; peak memory 352 MiB.
2026-10-08T00:04:18Z INFO [226/500] 53ea5f48-41a2-458a-84a6-652c121767f5: 230 chunks; 0.8 s; peak memory 352 MiB.
2026-10-08T00:06:39Z INFO [227/500] 53ea8077-7176-49d8-9936-d54efe238ca2: 42690 chunks; 141.0 s; peak memory 384 MiB.
2026-10-08T00:06:40Z INFO [228/500] 53eac2d2-dc24-402a-91e8-97e36d59fcd3: 46 chunks; 0.7 s; peak memory 384 MiB.
2026-10-08T00:06:41Z INFO [229/500] 53ead2b0-f920-48e6-ab9b-79e7d46546a8: 112 chunks; 1.0 s; peak memory 384 MiB.
2026-10-08T00:06:42Z INFO [230/500] 53eae5bf-3688-4f78-9ff6-85dc2e33b98a: 48 chunks; 0.8 s; peak memory 384 MiB.
2026-10-08T00:06:43Z INFO [231/500] 53eaff88-abec-4259-9273-43590d00a448: 112 chunks; 1.1 s; peak memory 384 MiB.
2026-10-08T00:06:44Z INFO [232/500] 53eb6e6d-22ee-47c0-b1e0-9fc6cb732662: 115 chunks; 1.7 s; peak memory 384 MiB.
2026-10-08T00:06:45Z INFO [233/500] 53ec8e6f-ff57-4e9c-9b59-121b67005582: 48 chunks; 0.9 s; peak memory 384 MiB.
2026-10-08T00:06:46Z INFO [234/500] 53ed04eb-3930-4c9f-90e0-938b5e8500ec: 56 chunks; 0.8 s; peak memory 384 MiB.
2026-10-08T00:06:49Z INFO [235/500] 53ed23d8-f905-4c14-9208-e5aecf7c09c0: 3280 chunks; 2.7 s; peak memory 384 MiB.
2026-10-08T00:06:50Z INFO [236/500] 53edaed0-eb33-4767-af54-4cbc086d7384: 117 chunks; 0.9 s; peak memory 384 MiB.
2026-10-08T00:06:50Z INFO [237/500] 53ef5645-8e6c-4120-b78c-abce5d846325: 48 chunks; 0.9 s; peak memory 384 MiB.
2026-10-08T00:06:51Z INFO [238/500] 53ef9c97-25dc-4454-aeef-1f112920c644: 63 chunks; 0.6 s; peak memory 384 MiB.
2026-10-08T00:06:57Z INFO [239/500] 53f17ec9-68b9-44c3-9d54-f767ab1c7c1f: 259 chunks; 5.7 s; peak memory 384 MiB.
2026-10-08T00:07:01Z INFO [240/500] 53f1b0df-c32d-4b25-ac65-7fc529327eed: 12982 chunks; 4.2 s; peak memory 384 MiB.
2026-10-08T00:07:02Z INFO [241/500] 53f256f7-fa0a-4ef1-bd67-4cc6a16e8290: 46 chunks; 0.6 s; peak memory 384 MiB.
2026-10-08T00:07:02Z INFO [242/500] 53f2b88e-5ca9-41a0-b7a8-7cf49ad4c1a3: 66 chunks; 0.9 s; peak memory 384 MiB.
2026-10-08T00:07:04Z INFO [243/500] 53f2eb06-5397-4e3f-b0bf-0e3dca626402: 46 chunks; 1.1 s; peak memory 384 MiB.
2026-10-08T00:07:05Z INFO [244/500] 53f347ed-3475-4870-b40b-f302a70fb088: 117 chunks; 1.0 s; peak memory 384 MiB.
2026-10-08T00:07:05Z INFO [245/500] 53f3e233-c2aa-4a9c-8f85-5a9ae741afc5: 119 chunks; 0.8 s; peak memory 384 MiB.
2026-10-08T00:07:06Z INFO [246/500] 53f44b19-db9f-42cc-ac45-44d58ab51f46: 48 chunks; 0.8 s; peak memory 384 MiB.
2026-10-08T00:07:07Z INFO [247/500] 53f52616-7fd2-4bb2-a7ce-abef6b78e2e2: 84 chunks; 0.8 s; peak memory 384 MiB.
2026-10-08T00:07:07Z INFO [248/500] 53f53e1c-8833-417a-92e3-846b8e224641: 46 chunks; 0.6 s; peak memory 384 MiB.
2026-10-08T00:07:08Z INFO [249/500] 53f5a14f-bdc2-47eb-9bbc-5375298d7817: 48 chunks; 0.9 s; peak memory 384 MiB.
2026-10-08T00:07:12Z INFO [250/500] 53f7b68a-6805-4440-a602-03028ae6d7fb: 10134 chunks; 4.0 s; peak memory 384 MiB.
2026-10-08T00:07:13Z INFO [250/500] 53f7b68a-6805-4440-a602-03028ae6d7fb: checkpointed 87584 records.
2026-10-08T00:07:14Z INFO [251/500] 53f7b7e7-16ef-417e-afa6-865479013cfb: 118 chunks; 1.0 s; peak memory 384 MiB.
2026-10-08T00:07:18Z INFO [252/500] 53f83673-622b-4822-a4f7-3a35f6eb462f: 17327 chunks; 4.6 s; peak memory 384 MiB.
2026-10-08T00:07:25Z INFO [253/500] 53f83edd-35da-4b4a-ad2e-278a46911043: 384 chunks; 6.6 s; peak memory 384 MiB.
2026-10-08T00:09:36Z INFO [254/500] 53f86eb0-3cf1-4760-8e32-0bac6d372a49: 37860 chunks; 130.9 s; peak memory 384 MiB.
2026-10-08T00:09:36Z INFO [255/500] 53f9b125-03c6-4d7a-9379-b931ee2fbff3: 31 chunks; 0.5 s; peak memory 384 MiB.
2026-10-08T00:09:38Z INFO [256/500] 53f9bdd1-4a31-4742-a6f4-0dc693ba6de9: 156 chunks; 2.0 s; peak memory 384 MiB.
2026-10-08T00:09:39Z INFO [257/500] 53fb30b4-5b95-4f32-a147-8a2089c44d2c: 118 chunks; 0.8 s; peak memory 384 MiB.
2026-10-08T00:09:40Z INFO [258/500] 53fc03f1-ad4e-421b-ba30-5f3837c34415: 52 chunks; 0.7 s; peak memory 384 MiB.
2026-10-08T00:09:41Z INFO [259/500] 53fd6450-cdd3-4f31-85d1-e34c08fc12d5: 52 chunks; 0.9 s; peak memory 384 MiB.
2026-10-08T00:09:42Z INFO [260/500] 53fe55d6-3eaf-4e72-b250-bfa8ad7ed461: 66 chunks; 1.1 s; peak memory 384 MiB.
2026-10-08T00:09:43Z INFO [261/500] 53ff35d8-e035-4a48-8832-c0b7acc7df11: 66 chunks; 1.4 s; peak memory 384 MiB.
2026-10-08T00:09:45Z INFO [262/500] 53ffbf59-5369-4953-ade1-779b4c77ab37: 158 chunks; 2.0 s; peak memory 384 MiB.
2026-10-08T00:09:46Z INFO [263/500] 53ffe718-0b1e-4bf6-a111-63567d77f33e: 117 chunks; 0.9 s; peak memory 384 MiB.
2026-10-08T00:09:48Z INFO [264/500] 5400d084-bbaf-4a3a-81c0-b76c3be19743: 114 chunks; 1.8 s; peak memory 384 MiB.
2026-10-08T00:09:49Z INFO [265/500] 54012ba9-a2f5-4664-b52d-cf5931379bf5: 112 chunks; 1.1 s; peak memory 384 MiB.
2026-10-08T00:09:50Z INFO [266/500] 54015e63-f280-40e0-b8ef-3454297242b1: 168 chunks; 1.5 s; peak memory 384 MiB.
2026-10-08T00:09:51Z INFO [267/500] 5402c36f-7491-42bc-8ae6-19d4c90f50f0: 56 chunks; 0.6 s; peak memory 384 MiB.
2026-10-08T00:09:52Z INFO [268/500] 5402cf67-e88b-447d-bd01-56605a9b20ae: 48 chunks; 0.8 s; peak memory 384 MiB.
2026-10-08T00:09:56Z INFO [269/500] 54031645-247a-4eb8-8751-d43a46b66ffb: 2923 chunks; 4.6 s; peak memory 384 MiB.
2026-10-08T00:09:57Z INFO [270/500] 5403326a-bc46-489b-8fc6-15dac48f1ae8: 116 chunks; 1.1 s; peak memory 384 MiB.
2026-10-08T00:09:58Z INFO [271/500] 54033e89-85f5-4fb8-971e-498e3b06f247: 71 chunks; 0.9 s; peak memory 384 MiB.
2026-10-08T00:09:59Z INFO [272/500] 5403497d-4e9a-4cfe-be56-1634b058d1f1: 118 chunks; 0.9 s; peak memory 384 MiB.
2026-10-08T00:10:00Z INFO [273/500] 54036754-41e5-4b37-9877-e6d1d481059f: 112 chunks; 1.3 s; peak memory 384 MiB.
2026-10-08T00:10:01Z INFO [274/500] 5403b6c8-105d-4717-82b4-b59a54de0f2d: 49 chunks; 0.9 s; peak memory 384 MiB.
2026-10-08T00:10:02Z INFO [275/500] 54051148-4bb8-42ad-815a-08a3ff3d4a50: 48 chunks; 0.7 s; peak memory 384 MiB.
2026-10-08T00:10:04Z INFO [276/500] 5406afed-fcbe-411f-9056-3253dee0534f: 156 chunks; 2.0 s; peak memory 384 MiB.
2026-10-08T00:10:05Z INFO [277/500] 540712bb-02b2-4253-9ab8-50e7936375bf: 48 chunks; 0.7 s; peak memory 384 MiB.
2026-10-08T00:10:06Z INFO [278/500] 5407572d-cb87-4295-a72f-cab9fa50933e: 48 chunks; 0.7 s; peak memory 384 MiB.
2026-10-08T00:10:06Z INFO [279/500] 54099c89-e758-49c2-968e-4b497fbb9371: 112 chunks; 0.8 s; peak memory 384 MiB.
2026-10-08T00:10:07Z INFO [280/500] 540a3c6d-36f5-4037-8482-4e43f9eb3848: 48 chunks; 0.9 s; peak memory 384 MiB.
2026-10-08T00:10:08Z INFO [281/500] 540a424e-e74b-49e3-97d9-99958a2b37b4: 48 chunks; 0.9 s; peak memory 384 MiB.
2026-10-08T00:10:09Z INFO [282/500] 540a8ef6-6e53-4c09-91ee-ddc0ad5253be: 117 chunks; 0.9 s; peak memory 384 MiB.
2026-10-08T00:10:13Z INFO [283/500] 540aa71b-e303-4638-b987-9ce3da1cfc3e: 2923 chunks; 3.7 s; peak memory 384 MiB.
2026-10-08T00:10:14Z INFO [284/500] 540b9110-0e49-4825-8c0a-6dc7a73c426d: 46 chunks; 0.8 s; peak memory 384 MiB.
2026-10-08T00:10:15Z INFO [285/500] 540ca773-a5d3-4286-a9f2-e15e08caf92e: 62 chunks; 1.3 s; peak memory 384 MiB.
2026-10-08T00:10:16Z INFO [286/500] 540e1f7e-e658-4379-9d26-5451bab8ff0f: 112 chunks; 1.1 s; peak memory 384 MiB.
2026-10-08T00:10:19Z INFO [287/500] 540e528f-a030-451c-8a88-ca8c82d73498: 13624 chunks; 3.3 s; peak memory 384 MiB.
2026-10-08T00:10:20Z INFO [288/500] 540f17bf-5020-4451-b64e-3bbe11a635c8: 48 chunks; 0.8 s; peak memory 384 MiB.
2026-10-08T00:10:21Z INFO [289/500] 540f5b32-4e17-4878-b15e-fc525a177a5a: 117 chunks; 1.0 s; peak memory 384 MiB.
2026-10-08T00:10:22Z INFO [290/500] 540f5e4f-ab3e-4f13-a822-835328753a61: 117 chunks; 0.8 s; peak memory 384 MiB.
2026-10-08T00:10:22Z INFO [291/500] 54100f9f-a707-4571-9a69-784f4e9a27c4: 48 chunks; 0.7 s; peak memory 384 MiB.
2026-10-08T00:10:28Z INFO [292/500] 54117536-f687-4d9b-8346-aa8f7a1f9029: 384 chunks; 5.9 s; peak memory 384 MiB.
2026-10-08T00:10:29Z INFO [293/500] 54118281-50ce-4ffd-9123-195d8d4b4ee2: 48 chunks; 0.7 s; peak memory 384 MiB.
2026-10-08T00:10:35Z INFO [294/500] 54118a74-48b0-498c-a73a-e04af7fcb2bc: 12883 chunks; 6.4 s; peak memory 384 MiB.
2026-10-08T00:10:36Z INFO [295/500] 5411cb13-a73d-4232-82f7-fc0942685aa0: 118 chunks; 0.7 s; peak memory 384 MiB.
2026-10-08T00:10:37Z INFO [296/500] 5412dadc-6ccf-4011-9299-58818bba49e5: 57 chunks; 0.6 s; peak memory 384 MiB.
2026-10-08T00:10:38Z INFO [297/500] 5412e944-7d1a-4ac4-869e-afb3ec8dc800: 117 chunks; 0.9 s; peak memory 384 MiB.
2026-10-08T00:10:38Z INFO [298/500] 541317e2-9227-412d-b89c-6585bdfcb7e4: 42 chunks; 0.8 s; peak memory 384 MiB.
2026-10-08T00:10:40Z INFO [299/500] 541331bd-be26-4602-b00c-dce6a1afb813: 138 chunks; 1.9 s; peak memory 384 MiB.
2026-10-08T00:10:41Z INFO [300/500] 54139b30-9f19-4b77-91e5-0a88035fb7b4: 69 chunks; 0.8 s; peak memory 384 MiB.
2026-10-08T00:10:41Z INFO [300/500] 54139b30-9f19-4b77-91e5-0a88035fb7b4: checkpointed 87634 records.
2026-10-08T00:10:43Z INFO [301/500] 5414459a-1b5b-495e-8070-b6f058d83034: 131 chunks; 1.5 s; peak memory 384 MiB.
2026-10-08T00:10:44Z INFO [302/500] 5415474b-1ffd-4a4a-a389-1fd1acf46ffb: 117 chunks; 1.1 s; peak memory 384 MiB.
2026-10-08T00:10:45Z INFO [303/500] 5415591a-fc96-4b89-bc90-d77ec4343363: 52 chunks; 0.9 s; peak memory 384 MiB.
2026-10-08T00:10:46Z INFO [304/500] 54155b13-8b23-4f17-915d-ed3333effa27: 106 chunks; 1.2 s; peak memory 384 MiB.
2026-10-08T00:10:51Z INFO [305/500] 54159440-b34f-4aad-a250-388a6d768726: 10047 chunks; 5.0 s; peak memory 384 MiB.
2026-10-08T00:10:52Z INFO [306/500] 5415e7a2-cf02-476a-b4de-f6b2db09ad45: 46 chunks; 0.6 s; peak memory 384 MiB.
2026-10-08T00:10:53Z INFO [307/500] 5417868e-969f-4737-ade6-14ce008bdc82: 142 chunks; 0.9 s; peak memory 384 MiB.
2026-10-08T00:10:53Z INFO [308/500] 5417df22-b378-426b-8bda-c45f93cce7a3: 56 chunks; 0.6 s; peak memory 384 MiB.
2026-10-08T00:10:54Z INFO [309/500] 541b82aa-4dd8-418e-8bbd-713d5c253905: 48 chunks; 0.8 s; peak memory 384 MiB.
2026-10-08T00:11:04Z INFO [310/500] 541bb9cb-3b37-4752-a5f2-8f3bfff0e723: 18922 chunks; 9.7 s; peak memory 384 MiB.
2026-10-08T00:11:05Z INFO [311/500] 541cac13-130e-4290-9847-9cbbeba37c5b: 76 chunks; 1.1 s; peak memory 384 MiB.
2026-10-08T00:11:05Z INFO [312/500] 541d2ea1-3a46-466e-9244-776e5f18afe2: 56 chunks; 0.7 s; peak memory 384 MiB.
2026-10-08T00:11:06Z INFO [313/500] 541d60c8-75bc-42fc-bb15-793afd82618a: 46 chunks; 0.6 s; peak memory 384 MiB.
2026-10-08T00:11:10Z INFO [314/500] 541f9ddf-986f-48e6-8fe9-b959fd981e96: 168 chunks; 3.4 s; peak memory 384 MiB.
2026-10-08T00:11:11Z INFO [315/500] 54205e7b-6970-4951-8414-93201410dc6a: 112 chunks; 1.2 s; peak memory 384 MiB.
2026-10-08T00:11:12Z INFO [316/500] 5420710f-f05e-418f-b507-3756acce824b: 62 chunks; 1.2 s; peak memory 384 MiB.
2026-10-08T00:11:13Z INFO [317/500] 5420b399-88db-4e18-800d-17071e33feda: 112 chunks; 0.9 s; peak memory 384 MiB.
2026-10-08T00:11:14Z INFO [318/500] 54211428-8071-4f4c-a48a-dc7606d1c07e: 45 chunks; 0.8 s; peak memory 384 MiB.
2026-10-08T00:11:15Z INFO [319/500] 5421bbce-f477-448b-bdd2-890fedd5117b: 79 chunks; 0.8 s; peak memory 384 MiB.
2026-10-08T00:11:15Z INFO [320/500] 54233967-788d-409a-8709-ceda1aef4c81: 52 chunks; 0.8 s; peak memory 384 MiB.
2026-10-08T00:11:16Z INFO [321/500] 54234e1d-f4c9-4674-ba4b-a6b876808077: 112 chunks; 1.0 s; peak memory 384 MiB.
2026-10-08T00:11:17Z INFO [322/500] 54238f1b-1ead-4a11-917c-c1e4ba6e80d7: 48 chunks; 0.8 s; peak memory 384 MiB.
2026-10-08T00:11:18Z INFO [323/500] 5423979d-03a6-42f1-80d6-67da5eae214b: 60 chunks; 0.8 s; peak memory 384 MiB.
2026-10-08T00:11:19Z INFO [324/500] 5423ce41-85ce-4653-ab9e-07f191481c39: 116 chunks; 0.8 s; peak memory 384 MiB.
2026-10-08T00:11:20Z INFO [325/500] 542431f9-97d1-4bcb-914c-1cff27472f29: 48 chunks; 0.9 s; peak memory 384 MiB.
2026-10-08T00:13:00Z INFO [326/500] 54248c1c-a3a8-4cc1-a015-f4e43b4545d5: 44597 chunks; 100.3 s; peak memory 384 MiB.
2026-10-08T00:13:01Z INFO [327/500] 542493a2-1f86-48bd-a7ad-988c70253141: 997 chunks; 1.5 s; peak memory 384 MiB.
2026-10-08T00:13:03Z INFO [328/500] 54255aa7-f213-4c37-9288-b2a2277e032b: 367 chunks; 1.4 s; peak memory 384 MiB.
2026-10-08T00:13:04Z INFO [329/500] 542569a4-8e42-4aac-9cc6-5d667bce5325: 41 chunks; 0.7 s; peak memory 384 MiB.
2026-10-08T00:13:05Z INFO [330/500] 5425af5e-5be6-4ede-95c8-40ff5f20a7cd: 224 chunks; 1.4 s; peak memory 384 MiB.
2026-10-08T00:13:06Z INFO [331/500] 54263aed-ec86-4db5-bfca-f93bcfff27e5: 71 chunks; 0.9 s; peak memory 384 MiB.
2026-10-08T00:13:08Z INFO [332/500] 5426a6c1-5571-4fda-a421-f870aff3ea5e: 118 chunks; 2.1 s; peak memory 384 MiB.
2026-10-08T00:13:12Z INFO [333/500] 5426a9c0-56f4-47a1-a874-828d2ec0d902: 8231 chunks; 4.1 s; peak memory 384 MiB.
2026-10-08T00:13:13Z INFO [334/500] 54282629-3dcf-4b20-9b79-fb22ab744a9f: 116 chunks; 0.8 s; peak memory 384 MiB.
2026-10-08T00:13:13Z INFO [335/500] 5428e735-c3d2-4ee8-a019-65d91e35dc73: 48 chunks; 0.7 s; peak memory 384 MiB.
2026-10-08T00:15:28Z INFO [336/500] 5429fa88-270f-4e05-9752-55da15594dd5: 41006 chunks; 135.0 s; peak memory 384 MiB.
2026-10-08T00:15:30Z INFO [337/500] 542a1dd7-2b62-4120-a87d-d3d1644b4c0c: 48 chunks; 1.1 s; peak memory 384 MiB.
2026-10-08T00:15:30Z INFO [338/500] 542a732b-5937-46fb-a84c-6eca9540a711: 118 chunks; 0.8 s; peak memory 384 MiB.
2026-10-08T00:16:07Z INFO [339/500] 542a94b4-fc7e-413a-bfd2-8cf545588449: 37257 chunks; 36.5 s; peak memory 384 MiB.
2026-10-08T00:16:08Z INFO [340/500] 542a9fd1-cae3-4e60-af3c-f4da16830d33: 49 chunks; 1.1 s; peak memory 384 MiB.
2026-10-08T00:16:09Z INFO [341/500] 542b179e-f122-45d1-bbf2-1c5c310ba4b2: 71 chunks; 1.2 s; peak memory 384 MiB.
2026-10-08T00:16:10Z INFO [342/500] 542b3a84-b27a-4ced-ae69-49fb04b68025: 48 chunks; 0.9 s; peak memory 384 MiB.
2026-10-08T00:16:14Z INFO [343/500] 542bce79-302a-48f7-b54e-4a798ef5e4a4: 8653 chunks; 4.3 s; peak memory 384 MiB.
2026-10-08T00:16:15Z INFO [344/500] 542d88d5-0af3-4c3c-8043-958d2dd595de: 51 chunks; 0.9 s; peak memory 384 MiB.
2026-10-08T00:16:42Z INFO [345/500] 542dde8a-2c37-4f47-acd1-26c1d5347be9: 6039 chunks; 26.8 s; peak memory 384 MiB.
2026-10-08T00:16:43Z INFO [346/500] 542e09ed-b928-453b-83fd-e8d8fd80e834: 117 chunks; 0.9 s; peak memory 384 MiB.
2026-10-08T00:16:44Z INFO [347/500] 542eb38a-64d6-4d87-a70f-19310410677a: 48 chunks; 0.8 s; peak memory 384 MiB.
2026-10-08T00:16:45Z INFO [348/500] 542edb0a-bf87-413f-b340-b5a61223a64a: 65 chunks; 1.2 s; peak memory 384 MiB.
2026-10-08T00:16:46Z INFO [349/500] 542f8efa-96c0-404b-856d-a4d6f3bfb5d8: 117 chunks; 0.9 s; peak memory 384 MiB.
2026-10-08T00:16:47Z INFO [350/500] 542f9cf0-9403-454a-86c7-9909fe78c4e0: 48 chunks; 0.9 s; peak memory 384 MiB.
2026-10-08T00:16:47Z INFO [350/500] 542f9cf0-9403-454a-86c7-9909fe78c4e0: checkpointed 87684 records.
2026-10-08T00:16:48Z INFO [351/500] 542fa953-b854-4e1d-99bc-5702af227459: 116 chunks; 0.9 s; peak memory 384 MiB.
2026-10-08T00:16:49Z INFO [352/500] 5430c23c-56ae-42ac-aa2b-f84f22a84b1b: 71 chunks; 1.4 s; peak memory 384 MiB.
2026-10-08T00:16:50Z INFO [353/500] 543130b9-1d6d-4440-9c5b-5650d208d251: 219 chunks; 0.9 s; peak memory 384 MiB.
2026-10-08T00:16:51Z INFO [354/500] 543239fd-5541-4f01-b84f-e9b40d7bd009: 48 chunks; 0.8 s; peak memory 384 MiB.
2026-10-08T00:16:59Z INFO [355/500] 5433875d-66f5-4bb2-b896-d36a6098e503: 16398 chunks; 7.6 s; peak memory 384 MiB.
2026-10-08T00:17:01Z INFO [356/500] 54338a8e-62bd-4960-83d9-aa524b5f1e9d: 186 chunks; 1.8 s; peak memory 384 MiB.
2026-10-08T00:17:02Z INFO [357/500] 5433ae1c-ea53-4bcd-8f3b-56a4faf29b13: 144 chunks; 1.4 s; peak memory 384 MiB.
2026-10-08T00:17:03Z INFO [358/500] 5433f1e4-beee-4f01-8776-b0c226aa4d41: 131 chunks; 1.0 s; peak memory 384 MiB.
2026-10-08T00:17:04Z INFO [359/500] 543402d6-e6f6-4834-ae47-5ff4fde33ac6: 112 chunks; 1.0 s; peak memory 384 MiB.
2026-10-08T00:17:05Z INFO [360/500] 54340d07-1b14-411b-92e4-30060d9a21b1: 121 chunks; 0.9 s; peak memory 384 MiB.
2026-10-08T00:17:06Z INFO [361/500] 54349eb1-67b0-455c-98ae-6a3fb425c360: 117 chunks; 0.8 s; peak memory 384 MiB.
2026-10-08T00:17:06Z INFO [362/500] 5435e639-49d1-4715-96fd-3282852494e6: 53 chunks; 0.5 s; peak memory 384 MiB.
2026-10-08T00:17:07Z INFO [363/500] 5437728b-922a-49e1-baf2-77ea20c9843a: 48 chunks; 0.8 s; peak memory 384 MiB.
2026-10-08T00:17:09Z INFO [364/500] 5438121c-aa55-48aa-ac9e-cb8f588858fc: 259 chunks; 2.0 s; peak memory 384 MiB.
2026-10-08T00:17:10Z INFO [365/500] 5438242d-eb7b-434d-b79f-408eb1569e29: 101 chunks; 1.4 s; peak memory 384 MiB.
2026-10-08T00:17:11Z INFO [366/500] 5439c193-2500-4110-84c4-911552e08262: 64 chunks; 1.1 s; peak memory 384 MiB.
2026-10-08T00:17:13Z INFO [367/500] 543a10bb-ec21-46f8-bacd-72a1655431d4: 152 chunks; 1.8 s; peak memory 384 MiB.
2026-10-08T00:17:14Z INFO [368/500] 543a5010-cfe7-4090-a187-c1d7959d1f10: 48 chunks; 0.8 s; peak memory 384 MiB.
2026-10-08T00:17:15Z INFO [369/500] 543a6679-817f-4842-aa18-0d97d718d955: 117 chunks; 0.8 s; peak memory 384 MiB.
2026-10-08T00:17:16Z INFO [370/500] 543ae12b-5d0e-4594-8d30-f10bfb45793e: 117 chunks; 0.9 s; peak memory 384 MiB.
2026-10-08T00:17:16Z INFO [371/500] 543b1eb3-211c-432c-9b9a-d425354bd9c1: 48 chunks; 0.7 s; peak memory 384 MiB.
2026-10-08T00:17:17Z INFO [372/500] 543b8c8b-ef59-465d-a87c-cb85cdf5dfab: 56 chunks; 0.5 s; peak memory 384 MiB.
2026-10-08T00:17:18Z INFO [373/500] 543c7834-b3f4-45e1-b802-e1e4ec09cbf3: 118 chunks; 0.7 s; peak memory 384 MiB.
2026-10-08T00:17:19Z INFO [374/500] 543db71a-d296-4e5b-a193-b26864d02b0f: 289 chunks; 1.0 s; peak memory 384 MiB.
2026-10-08T00:17:19Z INFO [375/500] 543de9b7-a4f8-49d3-b4af-4c7549279313: 114 chunks; 0.7 s; peak memory 384 MiB.
2026-10-08T00:17:22Z INFO [376/500] 543e43b4-1749-42ae-bb15-9529ce367f3e: 368 chunks; 2.7 s; peak memory 384 MiB.
2026-10-08T00:17:23Z INFO [377/500] 543fc598-9de7-42bd-91bc-3b064815bebb: 275 chunks; 0.9 s; peak memory 384 MiB.
2026-10-08T00:17:27Z INFO [378/500] 5440210f-ce58-4e24-8781-f39dbf159ff7: 2923 chunks; 3.9 s; peak memory 384 MiB.
2026-10-08T00:17:29Z INFO [379/500] 5440eab9-07c6-46a8-ab1b-57650026aca6: 57 chunks; 1.8 s; peak memory 384 MiB.
2026-10-08T00:17:29Z INFO [380/500] 5441378d-2966-409f-acd4-3ee3022d682e: 52 chunks; 0.8 s; peak memory 384 MiB.
2026-10-08T00:17:30Z INFO [381/500] 5441b454-2310-4e9f-96e5-0667339f1b25: 55 chunks; 0.8 s; peak memory 384 MiB.
2026-10-08T00:17:31Z INFO [382/500] 54423dbc-bd18-41ef-84f7-6edb1ca9f0b4: 117 chunks; 0.8 s; peak memory 384 MiB.
2026-10-08T00:17:32Z INFO [383/500] 54427efa-4fc3-40d8-b1e8-c3812a420967: 52 chunks; 1.0 s; peak memory 384 MiB.
2026-10-08T00:18:07Z INFO [384/500] 5443515c-8977-4848-97f3-d4f75f0b5f16: 16419 chunks; 34.4 s; peak memory 384 MiB.
2026-10-08T00:18:08Z INFO [385/500] 54439d77-e0a1-468e-beff-fe09b7290691: 138 chunks; 1.8 s; peak memory 384 MiB.
2026-10-08T00:18:09Z INFO [386/500] 5443d36f-2df3-4064-aa66-e30f19500d1a: 48 chunks; 0.8 s; peak memory 384 MiB.
2026-10-08T00:18:10Z INFO [387/500] 5444aad9-6dc3-4887-8cbe-f651ba6cc1b4: 70 chunks; 1.3 s; peak memory 384 MiB.
2026-10-08T00:18:11Z INFO [388/500] 5444cfe4-521b-41b0-9568-c56d180f86fe: 48 chunks; 0.9 s; peak memory 384 MiB.
2026-10-08T00:18:19Z INFO [389/500] 5444e180-0675-47cc-a902-f795aa65ad32: 16372 chunks; 7.7 s; peak memory 384 MiB.
2026-10-08T00:18:21Z INFO [390/500] 5445efa0-d8a8-4cbc-9b53-b70c669a9fbe: 156 chunks; 2.0 s; peak memory 384 MiB.
2026-10-08T00:18:22Z INFO [391/500] 5446063a-a06a-4ea6-a5f8-519560242214: 289 chunks; 1.0 s; peak memory 384 MiB.
2026-10-08T00:18:23Z INFO [392/500] 544683af-b135-43f5-945d-2668b942a29f: 33 chunks; 0.6 s; peak memory 384 MiB.
2026-10-08T00:18:24Z INFO [393/500] 54470778-2ef9-43c4-806d-7abd78d33660: 70 chunks; 1.3 s; peak memory 384 MiB.
2026-10-08T00:24:32Z INFO [394/500] 5447455e-49ec-4ce0-9a64-4cad767bef7b: 163414 chunks; 367.7 s; peak memory 790 MiB.
2026-10-08T00:24:32Z INFO [395/500] 5447a108-21b6-4503-930b-b7ab62a31fa3: 50 chunks; 0.7 s; peak memory 790 MiB.
2026-10-08T00:24:34Z INFO [396/500] 5447db1a-61a4-4fa7-bb38-64bd8220fb21: 66 chunks; 1.2 s; peak memory 790 MiB.
2026-10-08T00:24:34Z INFO [397/500] 5447f8c7-3b2c-4ef1-93f2-dacd08c3b4d5: 48 chunks; 0.8 s; peak memory 790 MiB.
2026-10-08T00:24:35Z INFO [398/500] 5448a13a-6458-4136-b431-474dd55b9233: 110 chunks; 1.0 s; peak memory 790 MiB.
2026-10-08T00:24:38Z INFO [399/500] 5449c43b-5a53-4eaa-8c6c-27651639aca4: 3076 chunks; 2.9 s; peak memory 790 MiB.
2026-10-08T00:24:39Z INFO [400/500] 544a042b-c05b-411a-98de-8757a3e33e20: 114 chunks; 0.8 s; peak memory 790 MiB.
2026-10-08T00:24:39Z INFO [400/500] 544a042b-c05b-411a-98de-8757a3e33e20: checkpointed 87734 records.
2026-10-08T00:24:40Z INFO [401/500] 544a59c2-f231-4986-b0ba-3d5e73b1a089: 37 chunks; 0.6 s; peak memory 790 MiB.
2026-10-08T00:24:41Z INFO [402/500] 544c22b7-1631-49bf-a008-0b050ca810b0: 71 chunks; 1.5 s; peak memory 790 MiB.
2026-10-08T00:24:42Z INFO [403/500] 544c8894-bc52-4ee6-810b-9ca77d128020: 117 chunks; 0.8 s; peak memory 790 MiB.
2026-10-08T00:24:43Z INFO [404/500] 544cb570-19f3-43b2-a1c9-8684f0b0738c: 110 chunks; 0.8 s; peak memory 790 MiB.
2026-10-08T00:24:44Z INFO [405/500] 544d3262-7f4a-4f82-9c0d-fe2d0cc9279e: 112 chunks; 0.9 s; peak memory 790 MiB.
2026-10-08T00:24:45Z INFO [406/500] 544e5a36-3019-4cba-99c1-d80c3d2b39f2: 62 chunks; 1.0 s; peak memory 790 MiB.
2026-10-08T00:24:46Z INFO [407/500] 544e7ac0-ec3b-48c4-ba33-113fecf92f04: 275 chunks; 1.0 s; peak memory 790 MiB.
2026-10-08T00:24:47Z INFO [408/500] 544e9044-d698-4b33-be50-49e41ed14f04: 48 chunks; 0.8 s; peak memory 790 MiB.
2026-10-08T00:24:47Z INFO [409/500] 544eba2f-1874-48f2-b701-0725140acbdd: 48 chunks; 0.8 s; peak memory 790 MiB.
2026-10-08T00:25:16Z INFO [410/500] 544feeea-4053-4d8e-8f11-60f6531f53bd: 16432 chunks; 28.4 s; peak memory 790 MiB.
2026-10-08T00:25:22Z INFO [411/500] 544ff3d6-43ac-46f9-95a8-ee5c0bdcc26c: 4151 chunks; 5.7 s; peak memory 790 MiB.
2026-10-08T00:25:27Z INFO [412/500] 54513849-4a4c-4914-818c-696f5d0c9798: 9192 chunks; 5.8 s; peak memory 790 MiB.
2026-10-08T00:25:28Z INFO [413/500] 5451ca49-248d-455b-ae9d-520706c449a8: 51 chunks; 0.7 s; peak memory 790 MiB.
2026-10-08T00:25:29Z INFO [414/500] 545228e0-374f-4efd-b635-8c8b1b547bb4: 112 chunks; 1.0 s; peak memory 790 MiB.
2026-10-08T00:25:31Z INFO [415/500] 5452c38a-1a34-42aa-a62e-b32e4d77f746: 71 chunks; 1.5 s; peak memory 790 MiB.
2026-10-08T00:25:32Z INFO [416/500] 545338ee-7f0c-4ff5-b758-efa5aac51348: 117 chunks; 0.9 s; peak memory 790 MiB.
2026-10-08T00:25:32Z INFO [417/500] 5453837c-78ad-49d5-b2de-3efc8d22a2ca: 57 chunks; 0.6 s; peak memory 790 MiB.
2026-10-08T00:25:33Z INFO [418/500] 5453985c-9617-4d0a-95e9-564736b3f477: 45 chunks; 0.6 s; peak memory 790 MiB.
2026-10-08T00:25:34Z INFO [419/500] 545465a7-2cd1-4e54-93eb-5790893f8ae7: 48 chunks; 0.9 s; peak memory 790 MiB.
2026-10-08T00:25:35Z INFO [420/500] 54556614-5d06-4835-9dcf-79ab56b740e1: 165 chunks; 1.5 s; peak memory 790 MiB.
2026-10-08T00:25:59Z INFO [421/500] 54557d62-c05f-46dd-af8c-6abdc211092f: 6053 chunks; 23.5 s; peak memory 790 MiB.
2026-10-08T00:26:00Z INFO [422/500] 54567028-98e7-4054-ac94-b86a83c7509e: 70 chunks; 0.9 s; peak memory 790 MiB.
2026-10-08T00:26:00Z INFO [423/500] 54578071-256f-4b6e-85c6-117d2af50d79: 118 chunks; 0.9 s; peak memory 790 MiB.
2026-10-08T00:26:04Z INFO [424/500] 545842f0-9458-4d58-8c58-70932e3db984: 3867 chunks; 3.1 s; peak memory 790 MiB.
2026-10-08T00:26:04Z INFO [425/500] 5458a8dd-2249-4d86-84f5-1baf5db9e91f: 117 chunks; 0.8 s; peak memory 790 MiB.
2026-10-08T00:26:05Z INFO [426/500] 5459554e-89d1-482f-8438-7bd04d727a4a: 117 chunks; 0.7 s; peak memory 790 MiB.
2026-10-08T00:26:07Z INFO [427/500] 545989e3-9d0f-4ec4-872d-2a0e52333af4: 197 chunks; 2.2 s; peak memory 790 MiB.
2026-10-08T00:26:08Z INFO [428/500] 545996be-5e51-4224-ae4c-d4c2d9ecda6c: 115 chunks; 0.9 s; peak memory 790 MiB.
2026-10-08T00:29:27Z INFO [429/500] 545a1ff9-f272-46f9-a078-e0ef4b81f6ab: 1916257 chunks; 198.4 s; peak memory 1379 MiB.
2026-10-08T00:29:28Z INFO [430/500] 545a80ef-1ff3-4783-9041-2a7bada49b68: 230 chunks; 1.0 s; peak memory 1379 MiB.
2026-10-08T00:29:53Z INFO [431/500] 545acb27-dd50-47b7-8603-1dd794a05eb1: 3892 chunks; 25.2 s; peak memory 1379 MiB.
2026-10-08T00:29:54Z INFO [432/500] 545b8dc8-7bc1-4aa1-9d19-d36c878d93a1: 114 chunks; 0.9 s; peak memory 1379 MiB.
2026-10-08T00:29:55Z INFO [433/500] 545dd57c-287a-4d9b-a58e-dc552c950da4: 61 chunks; 1.0 s; peak memory 1379 MiB.
2026-10-08T00:29:56Z INFO [434/500] 545e73f2-bf9f-4b09-885d-57cd18768629: 997 chunks; 1.5 s; peak memory 1379 MiB.
2026-10-08T00:29:57Z INFO [435/500] 545f7a6a-eecc-44c5-bc5e-baa2653d4d4b: 48 chunks; 0.7 s; peak memory 1379 MiB.
2026-10-08T00:29:58Z INFO [436/500] 545f93d7-5c34-40fe-abd0-edfda4dab372: 71 chunks; 1.1 s; peak memory 1379 MiB.
2026-10-08T00:29:59Z INFO [437/500] 546046f3-7b6d-41cb-92fe-ebe9be1ec396: 48 chunks; 0.8 s; peak memory 1379 MiB.
2026-10-08T00:29:59Z INFO [438/500] 5460ae4b-c4f2-4f42-be63-90f9665d97b4: 46 chunks; 0.5 s; peak memory 1379 MiB.
2026-10-08T00:30:00Z INFO [439/500] 5460d65b-9c83-4294-bb58-43af75d521a7: 117 chunks; 0.8 s; peak memory 1379 MiB.
2026-10-08T00:30:01Z INFO [440/500] 5460e591-167c-4c11-9f17-3d5f2aaaa517: 48 chunks; 0.7 s; peak memory 1379 MiB.
2026-10-08T00:30:02Z INFO [441/500] 546163a9-501b-42e2-b9f5-a2ff971c1d3c: 118 chunks; 0.8 s; peak memory 1379 MiB.
2026-10-08T00:30:06Z INFO [442/500] 5461d549-c696-42e1-9c5c-bcb2c32435e3: 14811 chunks; 4.2 s; peak memory 1379 MiB.
2026-10-08T00:30:06Z INFO [443/500] 54620b60-4c9d-415c-a07a-d205ac4fde50: 46 chunks; 0.6 s; peak memory 1379 MiB.
2026-10-08T00:30:08Z INFO [444/500] 54620ed3-03d0-49a6-9020-79d3b6cd2864: 997 chunks; 1.5 s; peak memory 1379 MiB.
2026-10-08T00:30:09Z INFO [445/500] 5462234a-0043-47fa-9bc6-6ee3a8b22251: 71 chunks; 1.5 s; peak memory 1379 MiB.
2026-10-08T00:30:10Z INFO [446/500] 546236bd-1f28-4986-9a08-afb522988ec5: 46 chunks; 0.7 s; peak memory 1379 MiB.
2026-10-08T00:30:11Z INFO [447/500] 5462ccf6-23a8-41f4-b9b9-bec80f7f6533: 71 chunks; 1.0 s; peak memory 1379 MiB.
2026-10-08T00:30:12Z INFO [448/500] 54631f46-6033-46ce-a621-c55a07ee19aa: 69 chunks; 0.6 s; peak memory 1379 MiB.
2026-10-08T00:30:12Z INFO [449/500] 546344bb-cef9-425c-8009-ec67f1552a9b: 48 chunks; 0.6 s; peak memory 1379 MiB.
2026-10-08T00:30:13Z INFO [450/500] 5465638f-2965-495d-8d09-2b45f5f26d67: 117 chunks; 1.0 s; peak memory 1379 MiB.
2026-10-08T00:30:14Z INFO [450/500] 5465638f-2965-495d-8d09-2b45f5f26d67: checkpointed 87784 records.
2026-10-08T00:30:14Z INFO [451/500] 5465f39c-2a39-45c5-a794-e0337deed235: 52 chunks; 0.7 s; peak memory 1379 MiB.
2026-10-08T00:30:16Z INFO [452/500] 546671a3-f25d-4a70-899e-b2c2f7198a2e: 115 chunks; 2.0 s; peak memory 1379 MiB.
2026-10-08T00:30:17Z INFO [453/500] 5466a4c4-ebf8-484e-9b3a-36087d474e77: 48 chunks; 0.8 s; peak memory 1379 MiB.
2026-10-08T00:30:18Z INFO [454/500] 54673253-f06f-4413-b1b2-b945145c4e24: 112 chunks; 0.8 s; peak memory 1379 MiB.
2026-10-08T00:30:19Z INFO [455/500] 54678e9c-9373-4aa4-973d-ef68bcedded3: 48 chunks; 1.0 s; peak memory 1379 MiB.
2026-10-08T00:30:20Z INFO [456/500] 5467a32b-cad9-43d6-ae2e-fa34fefbc1d0: 112 chunks; 1.0 s; peak memory 1379 MiB.
2026-10-08T00:30:26Z INFO [457/500] 546a0634-150c-41f3-82f5-7a131be856f7: 707 chunks; 6.0 s; peak memory 1379 MiB.
2026-10-08T00:30:27Z INFO [458/500] 546a2389-4f5f-4dbb-a4b3-ccab5abd836f: 118 chunks; 1.0 s; peak memory 1379 MiB.
2026-10-08T00:30:28Z INFO [459/500] 546a3894-2f94-4db6-bc12-59e2817898ce: 48 chunks; 0.8 s; peak memory 1379 MiB.
2026-10-08T00:30:29Z INFO [460/500] 546a9f23-da9c-4f08-aa7c-d6fe8420272a: 69 chunks; 1.1 s; peak memory 1379 MiB.
2026-10-08T00:30:30Z INFO [461/500] 546aa0a1-8660-4cf4-87c3-be96c80fffa4: 82 chunks; 1.1 s; peak memory 1379 MiB.
2026-10-08T00:30:31Z INFO [462/500] 546ba3c6-69c2-458c-b05b-07d911c257f9: 48 chunks; 0.7 s; peak memory 1379 MiB.
2026-10-08T00:30:32Z INFO [463/500] 546c3b3b-8bc7-449e-9dd8-956c669a7db3: 66 chunks; 1.7 s; peak memory 1379 MiB.
2026-10-08T00:30:34Z INFO [464/500] 546c5511-61b2-45a1-b5d8-8e7232064f4c: 114 chunks; 1.9 s; peak memory 1379 MiB.
2026-10-08T00:30:35Z INFO [465/500] 546c9a81-f978-42c9-ac12-01ce29594571: 116 chunks; 1.0 s; peak memory 1379 MiB.
2026-10-08T00:30:39Z INFO [466/500] 546d28da-39d0-463b-84f2-3fb600ffd331: 2923 chunks; 3.8 s; peak memory 1379 MiB.
2026-10-08T00:30:40Z INFO [467/500] 546d7f9e-74fa-438e-97d0-1fca684a5498: 112 chunks; 0.7 s; peak memory 1379 MiB.
2026-10-08T00:30:41Z INFO [468/500] 546dcca2-6372-4848-95e1-2bcc0593cbcb: 48 chunks; 0.9 s; peak memory 1379 MiB.
2026-10-08T00:30:42Z INFO [469/500] 546de580-a4c1-4ac7-8a72-928761663cb5: 71 chunks; 1.2 s; peak memory 1379 MiB.
2026-10-08T00:30:43Z INFO [470/500] 546e3dbf-adb7-4431-9baf-e64de27a7e87: 117 chunks; 0.9 s; peak memory 1379 MiB.
2026-10-08T00:30:44Z INFO [471/500] 546eeb4c-175d-46df-87a1-8f33feec9674: 109 chunks; 1.1 s; peak memory 1379 MiB.
2026-10-08T00:30:45Z INFO [472/500] 547029ae-8e93-4bde-819e-eee8c0cb9d52: 46 chunks; 0.7 s; peak memory 1379 MiB.
2026-10-08T00:30:46Z INFO [473/500] 54719635-884d-496d-bf02-1b69f624cbbd: 115 chunks; 1.7 s; peak memory 1379 MiB.
2026-10-08T00:30:47Z INFO [474/500] 5472d7df-c261-4dd1-8247-2b3364833972: 116 chunks; 0.8 s; peak memory 1379 MiB.
2026-10-08T00:30:48Z INFO [475/500] 547353e0-19cf-4e1c-8531-4b19daccea43: 48 chunks; 0.7 s; peak memory 1379 MiB.
2026-10-08T00:30:49Z INFO [476/500] 5474e5c6-9cae-4750-b508-ea28d5e7fe6c: 117 chunks; 0.8 s; peak memory 1379 MiB.
2026-10-08T00:30:52Z INFO [477/500] 5475d0e3-f06c-4781-81a7-faf2f89da235: 13035 chunks; 3.5 s; peak memory 1379 MiB.
2026-10-08T00:30:53Z INFO [478/500] 5476c3d1-c0d4-48be-907d-2b4fbe343c99: 48 chunks; 0.7 s; peak memory 1379 MiB.
2026-10-08T00:30:57Z INFO [479/500] 5476ccaa-16e1-4ff1-9bd2-3ea6313961cd: 580 chunks; 4.3 s; peak memory 1379 MiB.
2026-10-08T00:30:58Z INFO [480/500] 5477071f-6b1d-404e-af9e-71038e79cd61: 48 chunks; 1.0 s; peak memory 1379 MiB.
2026-10-08T00:30:59Z INFO [481/500] 54771871-b7c3-4c16-bd19-6ede0b7e9b29: 112 chunks; 1.0 s; peak memory 1379 MiB.
2026-10-08T00:31:00Z INFO [482/500] 54773c95-6cac-4fe4-8c8e-a4c0476e513d: 118 chunks; 0.8 s; peak memory 1379 MiB.
2026-10-08T00:31:01Z INFO [483/500] 54777d71-5a01-4af3-8a43-61bd30f04cee: 90 chunks; 0.9 s; peak memory 1379 MiB.
2026-10-08T00:31:04Z INFO [484/500] 5477db2b-4ce7-426e-98c0-c3bd7494befe: 932 chunks; 3.9 s; peak memory 1379 MiB.
2026-10-08T00:31:05Z INFO [485/500] 54788868-9421-4c6e-8ea8-40ec3da33870: 52 chunks; 0.6 s; peak memory 1379 MiB.
2026-10-08T00:31:06Z INFO [486/500] 5479dc6d-9f4f-4f9b-a946-a66b2a30db2e: 48 chunks; 0.8 s; peak memory 1379 MiB.
2026-10-08T00:31:29Z INFO [487/500] 547a515d-80a1-475b-a79f-ff0ae409a78e: 6041 chunks; 22.8 s; peak memory 1379 MiB.
2026-10-08T00:31:35Z INFO [488/500] 547b5fb1-d11b-4b7f-9e6e-10be3e656684: 9241 chunks; 5.9 s; peak memory 1379 MiB.
2026-10-08T00:31:35Z INFO [489/500] 547c65b1-c144-4157-a63d-c1eb7afa2d16: 110 chunks; 0.9 s; peak memory 1379 MiB.
2026-10-08T00:31:36Z INFO [490/500] 547ceca5-5477-4252-ab45-8bfb8aa78cf6: 275 chunks; 0.9 s; peak memory 1379 MiB.
2026-10-08T00:31:37Z INFO [491/500] 547e8872-155e-4587-8d6f-77cb6019348d: 66 chunks; 0.9 s; peak memory 1379 MiB.
2026-10-08T00:31:38Z INFO [492/500] 547f7f41-f6ac-4324-86c7-0751f95cd91c: 117 chunks; 0.9 s; peak memory 1379 MiB.
2026-10-08T00:31:39Z INFO [493/500] 548028d4-353a-480f-bcd2-904b0af77e0c: 71 chunks; 1.2 s; peak memory 1379 MiB.
2026-10-08T00:31:41Z INFO [494/500] 5480390e-a4da-4150-9625-90325129b456: 71 chunks; 1.3 s; peak memory 1379 MiB.
2026-10-08T00:31:42Z INFO [495/500] 5480f357-2356-4a67-89fb-fe50bf1431b2: 112 chunks; 0.9 s; peak memory 1379 MiB.
2026-10-08T00:31:42Z INFO [496/500] 5480f77d-4c8d-490c-adfc-416633e933db: 48 chunks; 0.7 s; peak memory 1379 MiB.
2026-10-08T00:31:43Z INFO [497/500] 5481789c-3b55-4b4f-ac76-7e3f26ea634a: 48 chunks; 0.7 s; peak memory 1379 MiB.
2026-10-08T00:31:44Z INFO [498/500] 54819711-59f7-4026-97c1-a7451a78cbe3: 48 chunks; 0.8 s; peak memory 1379 MiB.
2026-10-08T00:31:45Z INFO [499/500] 5482899f-c7f0-4e8a-be2a-f69af796d785: 119 chunks; 0.7 s; peak memory 1379 MiB.
2026-10-08T00:31:46Z INFO [500/500] 54839d05-ac2b-44ec-9236-446ab93df7ed: 52 chunks; 0.9 s; peak memory 1379 MiB.
2026-10-08T00:31:46Z INFO [500/500] 54839d05-ac2b-44ec-9236-446ab93df7ed: checkpointed 87834 records.
2026-10-08T00:31:46Z INFO Wrote 87834 records to /tmp/derivatives/valid_nwb_file_to_chunk_stats.jsonl (500 new, 0 failed) in 37.9 min (peak memory 1379 MiB).
