2026-10-05T23:43:57Z INFO Logging to /tmp/logs/update_2026-10-05T23-43-57Z.log.
2026-10-05T23:43:57Z INFO Update valid-nwb-file-to-chunk-stats (base directory /tmp).
2026-10-05T23:43:58Z INFO Processing 500 items (76834 already recorded).
2026-10-05T23:44:01Z INFO [1/500] 3de7014f-de51-400d-aca9-9841fbc05dbb: 111 chunks; 3.9 s; peak memory 172 MiB.
2026-10-05T23:44:03Z INFO [2/500] 3de90aae-176e-47b2-b5be-e840ad9a02e6: 132 chunks; 1.2 s; peak memory 172 MiB.
2026-10-05T23:44:04Z INFO [3/500] 3de92147-c01b-422f-8a56-8fcb4003c06f: 48 chunks; 1.0 s; peak memory 172 MiB.
2026-10-05T23:44:05Z INFO [4/500] 3de97799-3185-4d6d-8614-61f4ae1c40a9: 48 chunks; 1.1 s; peak memory 173 MiB.
2026-10-05T23:44:06Z INFO [5/500] 3de9dd0e-f284-487d-b57b-43a0d6c9d3dc: 118 chunks; 1.2 s; peak memory 173 MiB.
2026-10-05T23:44:07Z INFO [6/500] 3de9e8c4-8c0f-47d4-964d-4589ba0a56b7: 116 chunks; 1.2 s; peak memory 173 MiB.
2026-10-05T23:44:08Z INFO [7/500] 3de9f0ba-7b0c-4023-a980-a8d9cb9d796b: 37 chunks; 0.8 s; peak memory 173 MiB.
2026-10-05T23:44:09Z INFO [8/500] 3dea60fc-db73-42a1-acd3-746f30c33fb8: 42 chunks; 1.0 s; peak memory 174 MiB.
2026-10-05T23:44:10Z INFO [9/500] 3deb9e26-5dfd-4f31-a1c0-60df3854ee12: 117 chunks; 1.2 s; peak memory 174 MiB.
2026-10-05T23:44:11Z INFO [10/500] 3debc8e3-7a18-46f5-aa42-67690a9b2594: 48 chunks; 0.9 s; peak memory 174 MiB.
2026-10-05T23:44:14Z INFO [11/500] 3debf5da-502b-4b29-a1d8-4fcd6b77438a: 156 chunks; 2.7 s; peak memory 176 MiB.
2026-10-05T23:44:16Z INFO [12/500] 3dec1e5e-7a4c-4aaa-95eb-7a953aa18d59: 188 chunks; 2.6 s; peak memory 178 MiB.
2026-10-05T23:44:18Z INFO [13/500] 3ded477f-812e-40b7-ae58-4d5b828775d7: 117 chunks; 1.3 s; peak memory 178 MiB.
2026-10-05T23:44:20Z INFO [14/500] 3dee5964-e391-4308-a896-62613b6bc88f: 115 chunks; 2.6 s; peak memory 179 MiB.
2026-10-05T23:44:23Z INFO [15/500] 3df0b899-83ce-4531-8285-70903c333495: 71 chunks; 2.3 s; peak memory 179 MiB.
2026-10-05T23:44:24Z INFO [16/500] 3df0c1a2-c654-4c23-8041-22e6c73b2041: 112 chunks; 1.2 s; peak memory 179 MiB.
2026-10-05T23:44:29Z INFO [17/500] 3df1100b-8874-4189-88d3-988548ca4845: 2923 chunks; 5.6 s; peak memory 188 MiB.
2026-10-05T23:44:30Z INFO [18/500] 3df11c5b-54e4-4149-aa57-e93c233399f7: 48 chunks; 1.0 s; peak memory 189 MiB.
2026-10-05T23:44:31Z INFO [19/500] 3df182f0-d589-48f4-9f20-852bf4a14a62: 48 chunks; 1.0 s; peak memory 189 MiB.
2026-10-05T23:44:33Z INFO [20/500] 3df192d7-c4dc-4ab6-8276-73ae30f093a3: 116 chunks; 1.1 s; peak memory 189 MiB.
2026-10-05T23:44:33Z INFO [21/500] 3df1b717-1aac-43b1-b690-5ff51f8ef391: 62 chunks; 0.8 s; peak memory 189 MiB.
2026-10-05T23:44:35Z INFO [22/500] 3df1f40f-e85e-4279-a553-003e77d6e2cf: 69 chunks; 1.3 s; peak memory 189 MiB.
2026-10-05T23:44:46Z INFO [23/500] 3df2bcf0-8ab4-4fac-9834-ae4569e85224: 588 chunks; 11.8 s; peak memory 208 MiB.
2026-10-05T23:44:52Z INFO [24/500] 3df3f514-4b87-4765-b40d-98fc9c6d7673: 2923 chunks; 5.4 s; peak memory 208 MiB.
2026-10-05T23:46:24Z INFO [25/500] 3df46705-d58a-49e9-8c1a-7d8fe59e5ce8: 28450 chunks; 91.8 s; peak memory 276 MiB.
2026-10-05T23:46:25Z INFO [26/500] 3df4736d-2606-41af-9078-8e8e5a4ca454: 118 chunks; 1.2 s; peak memory 276 MiB.
2026-10-05T23:46:26Z INFO [27/500] 3df541ff-f7f5-42cb-bae3-a75a93223ca5: 110 chunks; 1.4 s; peak memory 276 MiB.
2026-10-05T23:46:27Z INFO [28/500] 3df5a04c-dee7-4ac9-94a8-685005a15e20: 117 chunks; 1.1 s; peak memory 276 MiB.
2026-10-05T23:46:29Z INFO [29/500] 3df5bfd5-0c2c-4050-afaf-9ba7bd8ea878: 122 chunks; 1.5 s; peak memory 276 MiB.
2026-10-05T23:46:30Z INFO [30/500] 3df6cf93-42d7-4ddf-a1fe-7357a0e34711: 46 chunks; 1.0 s; peak memory 276 MiB.
2026-10-05T23:46:31Z INFO [31/500] 3df70bc3-b09b-4328-bfdc-369a5f03041f: 41 chunks; 0.8 s; peak memory 276 MiB.
2026-10-05T23:46:32Z INFO [32/500] 3df7a877-05a9-4494-bdf9-17fc83df5e59: 66 chunks; 1.1 s; peak memory 276 MiB.
2026-10-05T23:46:38Z INFO [33/500] 3df95a3a-8a99-4681-aa0b-73b74a5e3432: 23601 chunks; 6.1 s; peak memory 276 MiB.
2026-10-05T23:46:39Z INFO [34/500] 3df989a9-3842-453a-8426-20a10d91d942: 48 chunks; 0.9 s; peak memory 276 MiB.
2026-10-05T23:46:40Z INFO [35/500] 3dfacdf1-98f9-4a3c-bda6-7473079a543b: 48 chunks; 1.0 s; peak memory 276 MiB.
2026-10-05T23:46:41Z INFO [36/500] 3dfaf95d-4bcb-44f4-bf93-dd2e6a18ceb1: 48 chunks; 0.9 s; peak memory 276 MiB.
2026-10-05T23:46:50Z INFO [37/500] 3dfc3272-8b6a-41ef-aca2-4f5f49d52201: 1138 chunks; 9.6 s; peak memory 276 MiB.
2026-10-05T23:47:41Z INFO [38/500] 3dfc47f9-2178-42a3-b73b-5da54762c838: 13395 chunks; 50.4 s; peak memory 276 MiB.
2026-10-05T23:47:42Z INFO [39/500] 3dfcc53e-67d7-4863-b00d-75ea21db043e: 48 chunks; 1.1 s; peak memory 276 MiB.
2026-10-05T23:47:43Z INFO [40/500] 3e004aca-171f-4e50-9876-fab4f549d745: 66 chunks; 1.5 s; peak memory 276 MiB.
2026-10-05T23:47:45Z INFO [41/500] 3e01abf5-ac30-423a-8b5c-465d183d5af0: 62 chunks; 1.4 s; peak memory 276 MiB.
2026-10-05T23:47:46Z INFO [42/500] 3e01e4cd-d07d-41d4-bf9b-cc240b76d02e: 46 chunks; 0.9 s; peak memory 276 MiB.
2026-10-05T23:47:47Z INFO [43/500] 3e02616a-6384-4e36-a957-6c7a1416edf8: 48 chunks; 1.0 s; peak memory 276 MiB.
2026-10-05T23:47:48Z INFO [44/500] 3e02861d-f51c-45a5-be3d-b7646088c930: 79 chunks; 1.2 s; peak memory 276 MiB.
2026-10-05T23:47:49Z INFO [45/500] 3e02b479-17d2-4104-9a16-e36f10c1ccf2: 46 chunks; 0.8 s; peak memory 276 MiB.
2026-10-05T23:47:50Z INFO [46/500] 3e030676-5a87-4c22-8a5e-e8b43f17fdb7: 60 chunks; 1.3 s; peak memory 276 MiB.
2026-10-05T23:48:06Z INFO [47/500] 3e030ebf-3f28-4a7c-87e4-e32fe58e66c7: 745 chunks; 16.1 s; peak memory 276 MiB.
2026-10-05T23:48:07Z INFO [48/500] 3e033976-3579-4a6c-b638-f4e4f46cec1b: 48 chunks; 0.9 s; peak memory 276 MiB.
2026-10-05T23:48:08Z INFO [49/500] 3e044813-685c-4231-ad16-ba4b3fcee108: 117 chunks; 1.2 s; peak memory 276 MiB.
2026-10-05T23:48:09Z INFO [50/500] 3e047fda-b2fa-4a34-b4c9-969e38a9341e: 116 chunks; 1.2 s; peak memory 276 MiB.
2026-10-05T23:48:10Z INFO [50/500] 3e047fda-b2fa-4a34-b4c9-969e38a9341e: checkpointed 76884 records.
2026-10-05T23:48:11Z INFO [51/500] 3e051770-f7a8-4c5e-a9e6-7f1e6ba72a02: 117 chunks; 1.1 s; peak memory 276 MiB.
2026-10-05T23:48:13Z INFO [52/500] 3e0773d5-ea84-48a5-8bcb-faaab4640844: 114 chunks; 2.5 s; peak memory 276 MiB.
2026-10-05T23:48:14Z INFO [53/500] 3e07a218-8726-4e5a-8090-b8c1dcc28438: 37 chunks; 0.7 s; peak memory 276 MiB.
2026-10-05T23:48:15Z INFO [54/500] 3e07b4b9-f440-4400-a513-a5d6ac358f8e: 48 chunks; 1.0 s; peak memory 276 MiB.
2026-10-05T23:48:16Z INFO [55/500] 3e07f0b6-2139-4287-8e31-3aa0251c3177: 112 chunks; 1.0 s; peak memory 276 MiB.
2026-10-05T23:48:17Z INFO [56/500] 3e080834-18da-4b12-99d1-6b424924879f: 112 chunks; 1.2 s; peak memory 276 MiB.
2026-10-05T23:48:19Z INFO [57/500] 3e0835f8-d423-49f5-a857-4d8f52c72432: 114 chunks; 2.0 s; peak memory 276 MiB.
2026-10-05T23:48:20Z INFO [58/500] 3e0981f7-173d-47f0-94db-ef6a12faabad: 301 chunks; 1.1 s; peak memory 276 MiB.
2026-10-05T23:48:22Z INFO [59/500] 3e09dfe0-cdbf-4f92-bc14-48c985bff82d: 115 chunks; 2.2 s; peak memory 276 MiB.
2026-10-05T23:48:24Z INFO [60/500] 3e0ac1ee-98fc-4de9-9825-a87dd6af67ed: 71 chunks; 1.7 s; peak memory 276 MiB.
2026-10-05T23:48:27Z INFO [61/500] 3e0b4208-3820-4b4f-9f03-c9333d89baa1: 255 chunks; 3.5 s; peak memory 276 MiB.
2026-10-05T23:48:37Z INFO [62/500] 3e0b8760-86ce-41ae-84d6-1b750df0da81: 1138 chunks; 9.5 s; peak memory 276 MiB.
2026-10-05T23:48:38Z INFO [63/500] 3e0c78c0-b19a-4e80-b098-5dde7e441cd9: 52 chunks; 1.0 s; peak memory 276 MiB.
2026-10-05T23:48:39Z INFO [64/500] 3e0cac55-3602-4b66-811f-e0743228c435: 69 chunks; 0.8 s; peak memory 276 MiB.
2026-10-05T23:48:40Z INFO [65/500] 3e0e0fa4-0fe2-44ee-9446-4ed89844f344: 48 chunks; 0.9 s; peak memory 276 MiB.
2026-10-05T23:48:41Z INFO [66/500] 3e0f407d-3aac-42a8-a617-476178a950c5: 116 chunks; 1.1 s; peak memory 276 MiB.
2026-10-05T23:48:42Z INFO [67/500] 3e0f6dbf-084a-488a-8d8d-7c2a2d644837: 48 chunks; 0.9 s; peak memory 276 MiB.
2026-10-05T23:48:43Z INFO [68/500] 3e0fc76a-f085-40cf-babc-164c2bb02218: 84 chunks; 1.3 s; peak memory 276 MiB.
2026-10-05T23:48:44Z INFO [69/500] 3e0fe0e8-0cd7-45c3-9800-d6dfe74e3e76: 63 chunks; 1.0 s; peak memory 276 MiB.
2026-10-05T23:48:46Z INFO [70/500] 3e0fe285-53ac-4283-a514-be69eee0bd85: 71 chunks; 1.5 s; peak memory 276 MiB.
2026-10-05T23:48:47Z INFO [71/500] 3e105d44-c851-4934-963a-ff5cd18d95d6: 48 chunks; 1.0 s; peak memory 276 MiB.
2026-10-05T23:48:48Z INFO [72/500] 3e10ccdc-fd73-40b7-8a72-ab066a14692c: 112 chunks; 1.4 s; peak memory 276 MiB.
2026-10-05T23:48:49Z INFO [73/500] 3e10e496-047c-46b2-a509-21506c5f4e0d: 48 chunks; 1.0 s; peak memory 276 MiB.
2026-10-05T23:48:50Z INFO [74/500] 3e115338-4360-4f40-841c-2b22f147d436: 45 chunks; 0.7 s; peak memory 276 MiB.
2026-10-05T23:49:35Z INFO [75/500] 3e117a6f-79f3-4d27-931f-e0184999a7a8: 24885 chunks; 45.3 s; peak memory 276 MiB.
2026-10-05T23:49:36Z INFO [76/500] 3e11ab4e-7fd9-4680-a6dc-1617e66b6cc5: 48 chunks; 1.0 s; peak memory 276 MiB.
2026-10-05T23:49:37Z INFO [77/500] 3e11f0fe-202d-40b6-8e19-0923f240226e: 52 chunks; 1.0 s; peak memory 276 MiB.
2026-10-05T23:49:38Z INFO [78/500] 3e123d07-4f79-46d9-9791-a2874900ccb5: 50 chunks; 0.8 s; peak memory 276 MiB.
2026-10-06T00:07:07Z INFO [79/500] 3e13289d-f28a-4e8b-8905-6838bc4a771f: 1916257 chunks; 1049.4 s; peak memory 1228 MiB.
2026-10-06T00:07:08Z INFO [80/500] 3e1353c1-129f-4b96-9c40-9f89f57648c9: 45 chunks; 0.9 s; peak memory 1228 MiB.
2026-10-06T00:07:10Z INFO [81/500] 3e136e27-51b9-4fcd-a882-4dfddd35783b: 112 chunks; 1.5 s; peak memory 1228 MiB.
2026-10-06T00:07:11Z INFO [82/500] 3e13b6c1-0257-43fb-8ba2-d07339632042: 42 chunks; 1.4 s; peak memory 1228 MiB.
2026-10-06T00:07:13Z INFO [83/500] 3e140e62-e646-44c0-b527-b2d289a63308: 71 chunks; 1.8 s; peak memory 1228 MiB.
2026-10-06T00:07:14Z INFO [84/500] 3e141024-5b20-4c42-be81-10ddbfed311b: 112 chunks; 1.6 s; peak memory 1228 MiB.
2026-10-06T00:07:16Z INFO [85/500] 3e144f01-35a9-4e6e-ab8d-16a8432a29b2: 52 chunks; 1.1 s; peak memory 1228 MiB.
2026-10-06T00:07:16Z INFO [86/500] 3e145813-ff3d-4d97-b175-e544c5fa8e6b: 45 chunks; 0.8 s; peak memory 1228 MiB.
2026-10-06T00:07:17Z INFO [87/500] 3e156652-2e0a-4ff3-8ade-3d54e2a4d34f: 210 chunks; 1.1 s; peak memory 1228 MiB.
2026-10-06T00:07:39Z INFO [88/500] 3e1657a6-21bb-4cd1-95cc-f3b27fc30387: 1155 chunks; 22.1 s; peak memory 1228 MiB.
2026-10-06T00:07:43Z INFO [89/500] 3e17efb2-9619-41ac-8af3-5d316312aed3: 373 chunks; 3.9 s; peak memory 1228 MiB.
2026-10-06T00:07:44Z INFO [90/500] 3e18ab6e-c9cd-4e80-b1ee-39c37765709c: 35 chunks; 0.9 s; peak memory 1228 MiB.
2026-10-06T00:07:46Z INFO [91/500] 3e18b2e1-aeb7-4f35-8e84-a3ecd8d2ed70: 1088 chunks; 2.3 s; peak memory 1228 MiB.
2026-10-06T00:07:50Z INFO [92/500] 3e19b073-584a-4ef2-92c2-0d011b6e30d0: 1917 chunks; 3.4 s; peak memory 1228 MiB.
2026-10-06T00:07:52Z INFO [93/500] 3e1a207e-2312-487c-88e8-4c456991bca7: 156 chunks; 2.7 s; peak memory 1228 MiB.
2026-10-06T00:07:54Z INFO [94/500] 3e1a255e-f41e-4902-bb71-055ae9f8be46: 110 chunks; 1.0 s; peak memory 1228 MiB.
2026-10-06T00:07:55Z INFO [95/500] 3e1a8810-31fc-47d8-bb71-51d20d8bc63e: 112 chunks; 1.2 s; peak memory 1228 MiB.
2026-10-06T00:08:06Z INFO [96/500] 3e1aaacc-0730-45fb-8a3e-4114c70117e7: 490 chunks; 11.1 s; peak memory 1228 MiB.
2026-10-06T00:08:07Z INFO [97/500] 3e1af031-5355-4b80-a05f-ca3a52b2ce13: 46 chunks; 0.8 s; peak memory 1228 MiB.
2026-10-06T00:08:08Z INFO [98/500] 3e1b9ce6-1f51-436b-8055-a75c42538df1: 48 chunks; 1.0 s; peak memory 1228 MiB.
2026-10-06T00:08:23Z INFO [99/500] 3e1bf3bc-6e0b-48c1-8fe0-7b0f391237da: 8232 chunks; 15.4 s; peak memory 1228 MiB.
2026-10-06T00:08:24Z INFO [100/500] 3e1bf9d8-4614-426c-afd2-6b25d6472842: 48 chunks; 1.0 s; peak memory 1228 MiB.
2026-10-06T00:08:24Z INFO [100/500] 3e1bf9d8-4614-426c-afd2-6b25d6472842: checkpointed 76934 records.
2026-10-06T00:08:26Z INFO [101/500] 3e1d4402-37c5-497e-85a6-43a83f40b7d8: 117 chunks; 1.3 s; peak memory 1228 MiB.
2026-10-06T00:08:27Z INFO [102/500] 3e1d99b3-e63e-492a-951d-1363e75ccd84: 33 chunks; 1.1 s; peak memory 1228 MiB.
2026-10-06T00:08:27Z INFO [103/500] 3e1dc127-1030-4146-90b8-a9d1bc9caaec: 45 chunks; 0.8 s; peak memory 1228 MiB.
2026-10-06T00:08:30Z INFO [104/500] 3e1e325d-7ee3-4b3c-af06-57660955c4c6: 156 chunks; 2.8 s; peak memory 1228 MiB.
2026-10-06T00:08:51Z INFO [105/500] 3e1e790e-a63c-4785-9eee-c824cfd33115: 6125 chunks; 20.9 s; peak memory 1228 MiB.
2026-10-06T00:08:53Z INFO [106/500] 3e1f0df6-be41-4f73-835f-94cb4528881c: 110 chunks; 1.5 s; peak memory 1228 MiB.
2026-10-06T00:08:54Z INFO [107/500] 3e1f67ad-7583-4d30-a2d4-65663626f530: 48 chunks; 0.9 s; peak memory 1228 MiB.
2026-10-06T00:08:55Z INFO [108/500] 3e21e8ec-8f70-4fdf-950a-66c1bc5cf896: 48 chunks; 1.0 s; peak memory 1228 MiB.
2026-10-06T00:09:01Z INFO [109/500] 3e222f33-a701-46e7-8b06-bd91d13958bf: 14359 chunks; 6.2 s; peak memory 1228 MiB.
2026-10-06T00:09:03Z INFO [110/500] 3e22986e-d7b1-443f-8ae6-d871f8a39035: 115 chunks; 2.3 s; peak memory 1228 MiB.
2026-10-06T00:09:04Z INFO [111/500] 3e23af2b-66d8-4cae-8bdc-29e55abebc17: 44 chunks; 0.7 s; peak memory 1228 MiB.
2026-10-06T00:09:05Z INFO [112/500] 3e244c0a-9887-4ecc-be20-326c2d01b9a0: 117 chunks; 1.3 s; peak memory 1228 MiB.
2026-10-06T00:09:06Z INFO [113/500] 3e2517ba-9219-4a54-baed-4db156b5515a: 112 chunks; 1.2 s; peak memory 1228 MiB.
2026-10-06T00:09:10Z INFO [114/500] 3e258cb3-05fc-4287-8681-159bceeb8a46: 153 chunks; 3.6 s; peak memory 1228 MiB.
2026-10-06T00:09:12Z INFO [115/500] 3e262fe5-1bc6-4a13-9864-6b20c598396a: 689 chunks; 2.5 s; peak memory 1228 MiB.
2026-10-06T00:09:13Z INFO [116/500] 3e266c44-54f6-4e32-b94c-a1c341cc3f0a: 48 chunks; 1.0 s; peak memory 1228 MiB.
2026-10-06T00:09:16Z INFO [117/500] 3e278af3-bb6d-42bf-8969-993d40c59aeb: 123 chunks; 2.4 s; peak memory 1228 MiB.
2026-10-06T00:09:16Z INFO [118/500] 3e28039e-edc3-47db-a420-ba5879f06162: 46 chunks; 0.7 s; peak memory 1228 MiB.
2026-10-06T00:09:18Z INFO [119/500] 3e280d20-95c5-4c9d-81ce-521934785793: 116 chunks; 1.2 s; peak memory 1228 MiB.
2026-10-06T00:09:18Z INFO [120/500] 3e2961f9-de12-469e-ad1c-6c7525800a08: 45 chunks; 0.8 s; peak memory 1228 MiB.
2026-10-06T00:09:19Z INFO [121/500] 3e29c320-a3de-424c-925c-21dd1660e305: 69 chunks; 0.9 s; peak memory 1228 MiB.
2026-10-06T00:09:20Z INFO [122/500] 3e2cc46b-c428-4c66-93ad-efc3ed4f9953: 121 chunks; 1.0 s; peak memory 1228 MiB.
2026-10-06T00:09:22Z INFO [123/500] 3e2d0028-07ba-4c77-9236-585e1affb17e: 126 chunks; 1.9 s; peak memory 1228 MiB.
2026-10-06T00:09:23Z INFO [124/500] 3e2d2d88-b381-43a8-9d95-e5448df4b160: 106 chunks; 1.0 s; peak memory 1228 MiB.
2026-10-06T00:09:24Z INFO [125/500] 3e2d47b0-0994-4c40-bd5d-bafebc5292c5: 48 chunks; 1.1 s; peak memory 1228 MiB.
2026-10-06T00:09:27Z INFO [126/500] 3e2d7b85-6f2d-42a7-bc93-a5f4aca6f1fe: 150 chunks; 2.2 s; peak memory 1228 MiB.
2026-10-06T00:09:28Z INFO [127/500] 3e2e503d-437c-4cae-8476-f42959656e42: 48 chunks; 1.0 s; peak memory 1228 MiB.
2026-10-06T00:09:28Z INFO [128/500] 3e2e5a33-b879-4b78-8cdd-b6fd22f51e0c: 33 chunks; 0.7 s; peak memory 1228 MiB.
2026-10-06T00:09:29Z INFO [129/500] 3e2f9590-4b32-4bfa-9824-bf700e566b09: 48 chunks; 0.9 s; peak memory 1228 MiB.
2026-10-06T00:09:30Z INFO [130/500] 3e318e2a-18dd-477a-97ba-af096253af13: 48 chunks; 1.0 s; peak memory 1228 MiB.
2026-10-06T00:09:31Z INFO [131/500] 3e31a9bc-db33-4a45-8917-624c5b2c6853: 48 chunks; 1.0 s; peak memory 1228 MiB.
2026-10-06T00:09:32Z INFO [132/500] 3e31c409-ce96-4416-8cc9-b4f349adb983: 45 chunks; 0.8 s; peak memory 1228 MiB.
2026-10-06T00:09:33Z INFO [133/500] 3e325316-9273-4ecd-a6ed-95cfa7f1e4d7: 48 chunks; 1.1 s; peak memory 1228 MiB.
2026-10-06T00:09:34Z INFO [134/500] 3e33c425-c24e-49b5-b66f-7d3a2dc50857: 52 chunks; 1.0 s; peak memory 1228 MiB.
2026-10-06T00:09:36Z INFO [135/500] 3e33d2b9-6bfb-4057-a023-fcfa3e7e84fe: 71 chunks; 2.1 s; peak memory 1228 MiB.
2026-10-06T00:09:38Z INFO [136/500] 3e342c59-8bd8-4597-9dbf-15e3a82c8f38: 76 chunks; 1.8 s; peak memory 1228 MiB.
2026-10-06T00:09:39Z INFO [137/500] 3e34c14f-65d2-432c-8136-3b2812e88fa0: 52 chunks; 0.8 s; peak memory 1228 MiB.
2026-10-06T00:09:49Z INFO [138/500] 3e34d0da-efca-4236-88de-025540f69800: 18446 chunks; 10.3 s; peak memory 1228 MiB.
2026-10-06T00:09:50Z INFO [139/500] 3e351378-f122-4d83-a43a-acc3a1195d42: 110 chunks; 1.4 s; peak memory 1228 MiB.
2026-10-06T00:09:52Z INFO [140/500] 3e35b3e6-3dc3-4ffc-8ce1-d4303c591540: 112 chunks; 1.3 s; peak memory 1228 MiB.
2026-10-06T00:09:53Z INFO [141/500] 3e35e40c-1a91-43de-bf0d-cedfed382519: 112 chunks; 1.5 s; peak memory 1228 MiB.
2026-10-06T00:09:54Z INFO [142/500] 3e3628c3-cea1-417b-a483-f34a89cbf7bf: 48 chunks; 1.0 s; peak memory 1228 MiB.
2026-10-06T00:10:01Z INFO [143/500] 3e363ea9-75c2-4064-962d-7a5b5661d3d1: 5142 chunks; 6.6 s; peak memory 1228 MiB.
2026-10-06T00:10:02Z INFO [144/500] 3e383ca1-4971-4977-aae9-4a14fddfb874: 71 chunks; 1.6 s; peak memory 1228 MiB.
2026-10-06T00:10:05Z INFO [145/500] 3e385d6b-449e-439b-8a15-9a54ee2664b4: 138 chunks; 2.3 s; peak memory 1228 MiB.
2026-10-06T00:10:06Z INFO [146/500] 3e38bd66-e540-44ce-b39e-52cd09d754a1: 52 chunks; 1.0 s; peak memory 1228 MiB.
2026-10-06T00:10:07Z INFO [147/500] 3e39cafb-f849-442e-a2af-6ca333bd01fd: 48 chunks; 1.0 s; peak memory 1228 MiB.
2026-10-06T00:10:09Z INFO [148/500] 3e3a56af-89cc-4941-94b5-ae35d3b78500: 115 chunks; 2.5 s; peak memory 1228 MiB.
2026-10-06T00:10:18Z INFO [149/500] 3e3ae82b-5804-42fb-8135-61544f6afa3a: 2241 chunks; 9.2 s; peak memory 1228 MiB.
2026-10-06T00:11:04Z INFO [150/500] 3e3be963-3fae-4c9c-bc72-0c2e9770b096: 22325 chunks; 45.4 s; peak memory 1228 MiB.
2026-10-06T00:11:04Z INFO [150/500] 3e3be963-3fae-4c9c-bc72-0c2e9770b096: checkpointed 76984 records.
2026-10-06T00:11:06Z INFO [151/500] 3e3c79d5-7693-40f8-92c8-1b204db66f37: 119 chunks; 1.9 s; peak memory 1228 MiB.
2026-10-06T00:11:08Z INFO [152/500] 3e3cd070-7e4a-442f-b158-c1b7b27b397d: 124 chunks; 1.7 s; peak memory 1228 MiB.
2026-10-06T00:11:19Z INFO [153/500] 3e3cee61-45bf-407f-a58b-3433bd9ac0ca: 2504 chunks; 11.2 s; peak memory 1228 MiB.
2026-10-06T00:11:20Z INFO [154/500] 3e3e6aec-b18a-4f3a-81e9-0aa3afcd6112: 112 chunks; 1.5 s; peak memory 1228 MiB.
2026-10-06T00:11:25Z INFO [155/500] 3e3eef8a-f7c2-4b36-a69e-c939bc59e692: 580 chunks; 4.9 s; peak memory 1228 MiB.
2026-10-06T00:11:26Z INFO [156/500] 3e3ef22c-f106-4888-ab41-24416cbe37bd: 48 chunks; 1.0 s; peak memory 1228 MiB.
2026-10-06T00:11:31Z INFO [157/500] 3e3f6148-eb9b-499d-ae8e-b6c1af4e99e8: 170 chunks; 5.0 s; peak memory 1228 MiB.
2026-10-06T00:11:32Z INFO [158/500] 3e4073ee-e73f-48c0-8612-fb58f89849fe: 117 chunks; 1.2 s; peak memory 1228 MiB.
2026-10-06T00:20:58Z INFO [159/500] 3e40c0dd-aba6-4442-bd40-145b8cf761af: 722949 chunks; 566.0 s; peak memory 1228 MiB.
2026-10-06T00:21:11Z INFO [160/500] 3e40e0fa-c256-4295-9097-bea8c4837616: 4825 chunks; 12.7 s; peak memory 1228 MiB.
2026-10-06T00:21:18Z INFO [161/500] 3e4162fe-b1d4-4683-92e1-d9c98be6048b: 10353 chunks; 6.9 s; peak memory 1228 MiB.
2026-10-06T00:21:19Z INFO [162/500] 3e4212b1-5617-4b26-8338-378d57c0f118: 48 chunks; 1.2 s; peak memory 1228 MiB.
2026-10-06T00:21:20Z INFO [163/500] 3e4236b1-e818-49df-844e-031c5b2ba52a: 66 chunks; 1.4 s; peak memory 1228 MiB.
2026-10-06T00:21:22Z INFO [164/500] 3e425f89-fcd7-4ced-a633-b5585a203d6b: 48 chunks; 1.0 s; peak memory 1228 MiB.
2026-10-06T00:21:23Z INFO [165/500] 3e4289f8-9228-4c22-9af0-d231964dfe73: 49 chunks; 1.2 s; peak memory 1228 MiB.
2026-10-06T00:21:25Z INFO [166/500] 3e42a033-67db-4c75-8068-5dac6aaaee35: 71 chunks; 1.9 s; peak memory 1228 MiB.
2026-10-06T00:21:26Z INFO [167/500] 3e42c60e-b40b-4d05-8a97-c38f812f174c: 66 chunks; 1.4 s; peak memory 1228 MiB.
2026-10-06T00:21:27Z INFO [168/500] 3e43fd7e-af8e-4b85-bf23-00a57aa72853: 112 chunks; 1.2 s; peak memory 1228 MiB.
2026-10-06T00:21:28Z INFO [169/500] 3e44f6bf-7b0b-4a41-ad1e-8b9794df2e38: 117 chunks; 1.0 s; peak memory 1228 MiB.
2026-10-06T00:21:30Z INFO [170/500] 3e450b1a-6ad5-41ad-8eb5-8ddc25829b4d: 50 chunks; 1.4 s; peak memory 1228 MiB.
2026-10-06T00:21:37Z INFO [171/500] 3e45bd10-4f76-4120-a9b0-4ae6f929fc74: 16457 chunks; 6.9 s; peak memory 1228 MiB.
2026-10-06T00:21:37Z INFO [172/500] 3e45e169-54c7-4895-9f4d-430ccf4d425d: 46 chunks; 0.9 s; peak memory 1228 MiB.
2026-10-06T00:21:45Z INFO [173/500] 3e46f4ee-3ce6-412d-b8c0-83f186463e86: 5894 chunks; 7.5 s; peak memory 1228 MiB.
2026-10-06T00:21:46Z INFO [174/500] 3e486584-09e3-45ab-95ba-d733b0f4a29e: 104 chunks; 1.5 s; peak memory 1228 MiB.
2026-10-06T00:21:56Z INFO [175/500] 3e48ada3-882b-4457-84ae-bb04adab9927: 49767 chunks; 9.6 s; peak memory 1228 MiB.
2026-10-06T00:21:57Z INFO [176/500] 3e48e2f8-005f-4475-814c-f849ee9a2f53: 48 chunks; 1.0 s; peak memory 1228 MiB.
2026-10-06T00:21:58Z INFO [177/500] 3e49783f-2438-476a-a44e-ecaa653f04c9: 48 chunks; 1.0 s; peak memory 1228 MiB.
2026-10-06T00:22:02Z INFO [178/500] 3e4a6fde-943f-4b08-af44-4ebdbc0ee8c3: 6483 chunks; 3.6 s; peak memory 1228 MiB.
2026-10-06T00:22:03Z INFO [179/500] 3e4a74cd-323a-438e-9407-bd1f21827fb8: 117 chunks; 1.3 s; peak memory 1228 MiB.
2026-10-06T00:22:05Z INFO [180/500] 3e4a7ec1-980f-4cf7-a3e9-d8aa6f821b04: 115 chunks; 2.4 s; peak memory 1228 MiB.
2026-10-06T00:22:06Z INFO [181/500] 3e4a8552-0954-4521-bd36-af012f494a62: 117 chunks; 1.2 s; peak memory 1228 MiB.
2026-10-06T00:24:00Z INFO [182/500] 3e4ae3ba-2902-40e0-9351-a454ab590058: 44597 chunks; 113.3 s; peak memory 1228 MiB.
2026-10-06T00:24:01Z INFO [183/500] 3e4af666-fe63-4925-a0e5-3596e994fd5f: 118 chunks; 1.2 s; peak memory 1228 MiB.
2026-10-06T00:24:02Z INFO [184/500] 3e4b37f8-4d0c-48ff-8a86-63ab744c64a5: 557 chunks; 1.2 s; peak memory 1228 MiB.
2026-10-06T00:24:03Z INFO [185/500] 3e4b392e-d33b-4d4f-beb6-e4989261d027: 117 chunks; 1.1 s; peak memory 1228 MiB.
2026-10-06T00:24:05Z INFO [186/500] 3e4c0299-0aa3-4b0a-ae98-9676a46b754f: 116 chunks; 1.3 s; peak memory 1228 MiB.
2026-10-06T00:24:06Z INFO [187/500] 3e4c7be5-c568-430c-ac4c-34a264d63371: 117 chunks; 1.2 s; peak memory 1228 MiB.
2026-10-06T00:24:08Z INFO [188/500] 3e4e8af3-0684-4441-9683-8ef331929883: 152 chunks; 2.7 s; peak memory 1228 MiB.
2026-10-06T00:24:10Z INFO [189/500] 3e4ea3a9-a484-419c-b8dd-bfef75e9eb90: 112 chunks; 1.3 s; peak memory 1228 MiB.
2026-10-06T00:24:11Z INFO [190/500] 3e50e1f0-d4a4-4279-adc5-6c6c0218fd68: 118 chunks; 1.1 s; peak memory 1228 MiB.
2026-10-06T00:24:12Z INFO [191/500] 3e531763-d389-4881-a2b0-9014b637650c: 46 chunks; 0.8 s; peak memory 1228 MiB.
2026-10-06T00:45:06Z INFO [192/500] 3e5332ed-a345-463b-84b5-82cb6ad05efd: 479603 chunks; 1254.3 s; peak memory 1228 MiB.
2026-10-06T00:45:09Z INFO [193/500] 3e546afd-9ffe-4140-acee-7e39131173b7: 151 chunks; 2.5 s; peak memory 1228 MiB.
2026-10-06T00:45:30Z INFO [194/500] 3e54cc1a-aaca-46d8-af23-bdcbe8134b56: 6040 chunks; 21.3 s; peak memory 1228 MiB.
2026-10-06T00:45:31Z INFO [195/500] 3e54d85e-c7dc-4578-a2a5-dade7a83e18d: 70 chunks; 1.4 s; peak memory 1228 MiB.
2026-10-06T00:45:33Z INFO [196/500] 3e553503-02c7-4cf1-99b8-cf0a1420efbe: 112 chunks; 1.5 s; peak memory 1228 MiB.
2026-10-06T00:45:34Z INFO [197/500] 3e562bce-7f57-42db-9124-744bd7f48f46: 117 chunks; 1.2 s; peak memory 1228 MiB.
2026-10-06T00:45:36Z INFO [198/500] 3e56ac57-faad-47eb-90f8-5e743d80d27f: 112 chunks; 1.7 s; peak memory 1228 MiB.
2026-10-06T00:45:40Z INFO [199/500] 3e56b8db-94df-4f6c-a8af-70f2695c5a87: 8811 chunks; 4.6 s; peak memory 1228 MiB.
2026-10-06T00:45:42Z INFO [200/500] 3e56db62-6ffc-499d-8791-36bce218b608: 117 chunks; 1.3 s; peak memory 1228 MiB.
2026-10-06T00:45:42Z INFO [200/500] 3e56db62-6ffc-499d-8791-36bce218b608: checkpointed 77034 records.
2026-10-06T00:45:43Z INFO [201/500] 3e56e1e0-6b6e-499d-92c4-0a8725e0bf84: 118 chunks; 1.2 s; peak memory 1228 MiB.
2026-10-06T00:45:45Z INFO [202/500] 3e57aee0-b66a-408b-aa8d-88fe230c7653: 69 chunks; 1.6 s; peak memory 1228 MiB.
2026-10-06T00:45:46Z INFO [203/500] 3e57b94b-6b12-4c5b-b794-428d86ef6f7f: 48 chunks; 1.0 s; peak memory 1228 MiB.
2026-10-06T00:45:46Z INFO [204/500] 3e581597-319d-4935-b197-043694916165: 46 chunks; 0.8 s; peak memory 1228 MiB.
2026-10-06T00:45:47Z INFO [205/500] 3e58552c-2335-4d3e-95f2-f452a26cffa4: 46 chunks; 0.9 s; peak memory 1228 MiB.
2026-10-06T00:45:49Z INFO [206/500] 3e58586a-73c9-4cd4-b146-6da737ec7aba: 77 chunks; 1.2 s; peak memory 1228 MiB.
2026-10-06T00:45:49Z INFO [207/500] 3e5952c3-71a9-4762-8e4a-9771b6b0b20a: 46 chunks; 0.8 s; peak memory 1228 MiB.
2026-10-06T00:45:51Z INFO [208/500] 3e599e65-f329-4032-b8fa-cb0b13977391: 112 chunks; 1.5 s; peak memory 1228 MiB.
2026-10-06T00:46:21Z INFO [209/500] 3e5ae6d1-fb05-4f5f-ae8a-d784df99d7b4: 1519 chunks; 30.0 s; peak memory 1228 MiB.
2026-10-06T00:46:22Z INFO [210/500] 3e5b12e3-066b-4ce2-a4a0-b22be7828152: 52 chunks; 1.1 s; peak memory 1228 MiB.
2026-10-06T00:46:23Z INFO [211/500] 3e5b7b21-a983-43fc-a8e6-0a41c6e09b76: 66 chunks; 1.5 s; peak memory 1228 MiB.
2026-10-06T00:46:26Z INFO [212/500] 3e5b84bf-c83c-4417-8cc2-6364ba99ccf0: 156 chunks; 2.8 s; peak memory 1228 MiB.
2026-10-06T00:46:27Z INFO [213/500] 3e5bc6e1-511d-4452-b577-4c588d6a8c56: 117 chunks; 1.2 s; peak memory 1228 MiB.
2026-10-06T00:46:34Z INFO [214/500] 3e5d3311-a282-4a29-9f01-09659e1ee47e: 4151 chunks; 6.8 s; peak memory 1228 MiB.
2026-10-06T00:46:36Z INFO [215/500] 3e5d4f33-32c5-4249-a04e-3e8b54976cea: 71 chunks; 1.5 s; peak memory 1228 MiB.
2026-10-06T00:46:36Z INFO [216/500] 3e5d9392-f7c9-463c-a0ab-69fae9eac70c: 33 chunks; 0.7 s; peak memory 1228 MiB.
2026-10-06T00:46:37Z INFO [217/500] 3e5def33-5dea-419c-bb72-b85df3ce7e08: 48 chunks; 1.0 s; peak memory 1228 MiB.
2026-10-06T00:46:43Z INFO [218/500] 3e5f81dd-ac82-42d6-9bd4-a1212c8c2454: 2923 chunks; 5.6 s; peak memory 1228 MiB.
2026-10-06T00:46:44Z INFO [219/500] 3e60273f-7466-4c35-bec4-48250372fbc2: 117 chunks; 1.1 s; peak memory 1228 MiB.
2026-10-06T00:46:52Z INFO [220/500] 3e60a02c-c0c1-48ce-81f4-34bd82285d16: 13532 chunks; 7.8 s; peak memory 1228 MiB.
2026-10-06T00:46:53Z INFO [221/500] 3e626907-afd3-4a7e-ba15-6ba5ba023ab1: 112 chunks; 1.5 s; peak memory 1228 MiB.
2026-10-06T00:46:55Z INFO [222/500] 3e64b2b2-a70e-499b-80f8-03411c048dc4: 112 chunks; 1.3 s; peak memory 1228 MiB.
2026-10-06T00:46:56Z INFO [223/500] 3e64bfd9-9c01-4edd-8c24-8fa00347f5ae: 66 chunks; 1.4 s; peak memory 1228 MiB.
2026-10-06T00:46:57Z INFO [224/500] 3e65f7ee-0fa1-4c50-b003-344900c747da: 50 chunks; 1.1 s; peak memory 1228 MiB.
2026-10-06T00:46:58Z INFO [225/500] 3e665088-881c-4862-a911-db0c0ae79e5d: 63 chunks; 1.0 s; peak memory 1228 MiB.
2026-10-06T00:47:12Z INFO [226/500] 3e66dba7-0ead-46cd-ab17-63b413b91814: 13189 chunks; 14.1 s; peak memory 1228 MiB.
2026-10-06T00:47:14Z INFO [227/500] 3e66fbc8-8287-4da7-a180-7d85eb10ef99: 118 chunks; 1.2 s; peak memory 1228 MiB.
2026-10-06T00:47:15Z INFO [228/500] 3e677c19-e683-495e-81c5-525efbca5a1f: 112 chunks; 1.2 s; peak memory 1228 MiB.
2026-10-06T00:47:16Z INFO [229/500] 3e679893-f6f2-4493-8b9e-8f1a130c0dec: 70 chunks; 1.6 s; peak memory 1228 MiB.
2026-10-06T00:47:19Z INFO [230/500] 3e681382-28cd-4a55-951e-6a01973a2fb5: 71 chunks; 2.3 s; peak memory 1228 MiB.
2026-10-06T00:47:20Z INFO [231/500] 3e68254f-2054-49ab-9646-9068274f64b6: 69 chunks; 1.3 s; peak memory 1228 MiB.
2026-10-06T00:47:21Z INFO [232/500] 3e6b3b86-f261-4820-99d0-9dac5458a35e: 51 chunks; 1.4 s; peak memory 1228 MiB.
2026-10-06T00:47:22Z INFO [233/500] 3e6c2764-fa82-46fb-98a6-7486fe4418d5: 51 chunks; 0.8 s; peak memory 1228 MiB.
2026-10-06T00:47:24Z INFO [234/500] 3e6c8863-381e-4cfb-913c-c9d090a836bb: 124 chunks; 1.9 s; peak memory 1228 MiB.
2026-10-06T00:47:26Z INFO [235/500] 3e6cf5b5-c5af-48da-bc2e-9ec1e2131513: 70 chunks; 1.4 s; peak memory 1228 MiB.
2026-10-06T00:47:27Z INFO [236/500] 3e6d65de-aed2-4aef-90ac-4ee0cf5ab6d8: 84 chunks; 1.3 s; peak memory 1228 MiB.
2026-10-06T00:47:28Z INFO [237/500] 3e6dc48b-ca25-43d3-9134-9ca7907aab72: 69 chunks; 1.3 s; peak memory 1228 MiB.
2026-10-06T00:47:29Z INFO [238/500] 3e6dc611-87ee-4f1b-8f12-26527ab4ec6a: 41 chunks; 0.9 s; peak memory 1228 MiB.
2026-10-06T00:47:30Z INFO [239/500] 3e6dda88-5e51-4bf2-90bd-d88b19566b2b: 58 chunks; 0.8 s; peak memory 1228 MiB.
2026-10-06T00:47:31Z INFO [240/500] 3e6e504c-f270-4538-8707-54d3e3c0bfca: 112 chunks; 1.2 s; peak memory 1228 MiB.
2026-10-06T00:47:36Z INFO [241/500] 3e6ebf47-2f52-46d8-9a30-60d1127492ae: 208 chunks; 4.5 s; peak memory 1228 MiB.
2026-10-06T00:47:37Z INFO [242/500] 3e6ed4cb-74ac-48ce-815a-727d3d1cf6aa: 48 chunks; 1.0 s; peak memory 1228 MiB.
2026-10-06T00:47:38Z INFO [243/500] 3e6ef2f0-fbc9-4c51-a678-43199e95a881: 46 chunks; 1.5 s; peak memory 1228 MiB.
2026-10-06T00:47:39Z INFO [244/500] 3e71055a-af67-4af3-ad61-f75243b6a88f: 74 chunks; 1.2 s; peak memory 1228 MiB.
2026-10-06T00:47:41Z INFO [245/500] 3e714a6f-d897-4127-876f-4402f61ad476: 112 chunks; 1.5 s; peak memory 1228 MiB.
2026-10-06T00:47:42Z INFO [246/500] 3e71949b-cb97-44b6-8de1-5a97713f7db3: 52 chunks; 1.1 s; peak memory 1228 MiB.
2026-10-06T00:53:14Z INFO [247/500] 3e7459a2-5db0-43d1-a5a9-4bb4a2d3caed: 266768 chunks; 331.7 s; peak memory 1228 MiB.
2026-10-06T00:53:15Z INFO [248/500] 3e74d9b0-6b7d-4041-adf0-60b02be9bbb2: 112 chunks; 1.3 s; peak memory 1228 MiB.
2026-10-06T00:53:16Z INFO [249/500] 3e74f093-9e5a-4941-8aa2-265586e3c1eb: 66 chunks; 1.4 s; peak memory 1228 MiB.
2026-10-06T00:53:18Z INFO [250/500] 3e76e851-e90b-401d-8c27-bc9aa3956de9: 112 chunks; 1.3 s; peak memory 1228 MiB.
2026-10-06T00:53:18Z INFO [250/500] 3e76e851-e90b-401d-8c27-bc9aa3956de9: checkpointed 77084 records.
2026-10-06T00:53:19Z INFO [251/500] 3e77759c-9516-490d-ad6b-76f552ee1fd7: 66 chunks; 1.3 s; peak memory 1228 MiB.
2026-10-06T00:53:20Z INFO [252/500] 3e777c54-6da0-4dda-9c62-bce6adb5bc9d: 48 chunks; 1.2 s; peak memory 1228 MiB.
2026-10-06T00:53:22Z INFO [253/500] 3e77f9af-ee6e-477e-97ef-03e83a259d4f: 112 chunks; 1.2 s; peak memory 1228 MiB.
2026-10-06T00:53:22Z INFO [254/500] 3e784913-568c-445a-a2d6-cfb591d63703: 31 chunks; 0.8 s; peak memory 1228 MiB.
2026-10-06T00:53:23Z INFO [255/500] 3e789c9d-ac5a-4bed-8d46-db7732b6042a: 48 chunks; 1.0 s; peak memory 1228 MiB.
2026-10-06T00:53:31Z INFO [256/500] 3e78b10f-710e-4420-acee-8e4bcff63e4f: 339 chunks; 7.7 s; peak memory 1228 MiB.
2026-10-06T00:55:43Z INFO [257/500] 3e78d0af-6bb9-4dbd-8698-bc254adf819f: 40424 chunks; 132.1 s; peak memory 1228 MiB.
2026-10-06T00:55:44Z INFO [258/500] 3e7a17d2-0859-4f85-81c9-7e51ede8bdf4: 48 chunks; 1.3 s; peak memory 1228 MiB.
2026-10-06T00:55:46Z INFO [259/500] 3e7a2156-baa0-4e28-ad57-dbf3e442ea2a: 117 chunks; 1.2 s; peak memory 1228 MiB.
2026-10-06T00:55:47Z INFO [260/500] 3e7a826f-7fc4-4c79-8fbb-d753bf51fde3: 48 chunks; 1.0 s; peak memory 1228 MiB.
2026-10-06T00:56:08Z INFO [261/500] 3e7af3cf-c7f1-4bd5-867c-e4f5145d178d: 32685 chunks; 21.8 s; peak memory 1228 MiB.
2026-10-06T00:56:10Z INFO [262/500] 3e7b7e96-8817-4210-a679-d65292a07934: 51 chunks; 1.3 s; peak memory 1228 MiB.
2026-10-06T00:56:11Z INFO [263/500] 3e7bdc90-4f80-4fa1-a4e5-7f2a5814b159: 117 chunks; 1.2 s; peak memory 1228 MiB.
2026-10-06T00:56:12Z INFO [264/500] 3e7c9f4f-f7c2-44ba-9139-a714da8467cf: 42 chunks; 1.1 s; peak memory 1228 MiB.
2026-10-06T00:56:14Z INFO [265/500] 3e7e0af9-4c66-42ed-9979-4ff9ee3b889c: 71 chunks; 1.9 s; peak memory 1228 MiB.
2026-10-06T00:56:16Z INFO [266/500] 3e7e84e4-81d8-4515-8675-c181879cd9f0: 116 chunks; 2.4 s; peak memory 1228 MiB.
2026-10-06T00:56:18Z INFO [267/500] 3e7e9a74-7244-45db-bda8-779cce76ace7: 51 chunks; 1.2 s; peak memory 1228 MiB.
2026-10-06T00:56:22Z INFO [268/500] 3e7ee7e8-271a-4516-a248-89747367e7f5: 4914 chunks; 4.3 s; peak memory 1228 MiB.
2026-10-06T00:56:23Z INFO [269/500] 3e7f3367-a4df-4484-a4b2-869608019c76: 117 chunks; 1.2 s; peak memory 1228 MiB.
2026-10-06T00:56:24Z INFO [270/500] 3e7f3572-5dba-4596-99e3-cccd62e2edac: 168 chunks; 1.1 s; peak memory 1228 MiB.
2026-10-06T00:56:25Z INFO [271/500] 3e7fa25e-edb0-4718-944c-0168bbe849ab: 48 chunks; 1.0 s; peak memory 1228 MiB.
2026-10-06T00:56:26Z INFO [272/500] 3e7fb9a5-d388-48b8-8245-c441a09ac7a7: 117 chunks; 1.2 s; peak memory 1228 MiB.
2026-10-06T00:56:28Z INFO [273/500] 3e7fea47-53b3-4618-bbf2-8b124a1cb4a4: 117 chunks; 1.2 s; peak memory 1228 MiB.
2026-10-06T00:56:29Z INFO [274/500] 3e80d74f-d151-478c-99f6-ee4fa8fa50ee: 112 chunks; 1.3 s; peak memory 1228 MiB.
2026-10-06T00:56:30Z INFO [275/500] 3e8263bb-f24c-42a9-b49b-9c2e55d5712c: 117 chunks; 1.2 s; peak memory 1228 MiB.
2026-10-06T00:56:31Z INFO [276/500] 3e82ce5c-2f42-49bd-b1b2-7940699405e9: 112 chunks; 1.1 s; peak memory 1228 MiB.
2026-10-06T00:56:32Z INFO [277/500] 3e836f43-36b5-4525-9e5e-4c6287e5e098: 48 chunks; 1.0 s; peak memory 1228 MiB.
2026-10-06T00:56:33Z INFO [278/500] 3e8384e6-0898-454d-8bb1-651be9eff993: 48 chunks; 1.1 s; peak memory 1228 MiB.
2026-10-06T00:56:35Z INFO [279/500] 3e83e6e5-67a0-4411-9879-09927ecb4253: 105 chunks; 1.7 s; peak memory 1228 MiB.
2026-10-06T00:56:36Z INFO [280/500] 3e845922-e08d-4753-8e40-be2a74dd994f: 48 chunks; 1.0 s; peak memory 1228 MiB.
2026-10-06T00:56:37Z INFO [281/500] 3e84a7de-06c2-406a-976e-ee3b29aa69a0: 46 chunks; 0.7 s; peak memory 1228 MiB.
2026-10-06T00:56:38Z INFO [282/500] 3e851d09-2582-4029-9618-bc4138984f23: 117 chunks; 1.1 s; peak memory 1228 MiB.
2026-10-06T00:56:39Z INFO [283/500] 3e856b53-19b1-4da0-9d8b-d29525b21316: 118 chunks; 1.1 s; peak memory 1228 MiB.
2026-10-06T00:56:40Z INFO [284/500] 3e85b6f6-8208-45cb-bbb8-0f8d32b19971: 48 chunks; 1.0 s; peak memory 1228 MiB.
2026-10-06T00:56:42Z INFO [285/500] 3e877550-cd55-4197-8632-8b2b7bb887a5: 71 chunks; 1.5 s; peak memory 1228 MiB.
2026-10-06T00:56:43Z INFO [286/500] 3e87e0d4-027f-4e8f-86cc-fb36e7cb3692: 117 chunks; 1.2 s; peak memory 1228 MiB.
2026-10-06T00:56:47Z INFO [287/500] 3e889112-3ce2-4483-b59e-0ea16bfa77ff: 340 chunks; 4.4 s; peak memory 1228 MiB.
2026-10-06T00:57:48Z INFO [288/500] 3e88accb-991b-44d6-aead-f699ea31be28: 25457 chunks; 60.5 s; peak memory 1228 MiB.
2026-10-06T00:57:49Z INFO [289/500] 3e88d607-95cd-43a4-be7d-a72ce836ab0c: 53 chunks; 0.9 s; peak memory 1228 MiB.
2026-10-06T00:57:49Z INFO [290/500] 3e8a1308-c509-4a27-9fb3-dc142c648ba5: 52 chunks; 0.8 s; peak memory 1228 MiB.
2026-10-06T00:57:50Z INFO [291/500] 3e8a1e17-ba7a-4ac4-bd14-4212a23fb9a0: 48 chunks; 1.0 s; peak memory 1228 MiB.
2026-10-06T00:57:51Z INFO [292/500] 3e8aaf21-5412-4d50-85f3-bf773bb1ddee: 112 chunks; 1.1 s; peak memory 1228 MiB.
2026-10-06T00:57:53Z INFO [293/500] 3e8b0df6-ffe4-4a91-9ffa-16a502d95001: 289 chunks; 1.4 s; peak memory 1228 MiB.
2026-10-06T00:57:54Z INFO [294/500] 3e8b13e9-80ab-4d99-ac14-e6aae1c2adf0: 52 chunks; 1.3 s; peak memory 1228 MiB.
2026-10-06T00:57:55Z INFO [295/500] 3e8b7e68-23b9-4a4f-bc92-c5a4095f409f: 48 chunks; 1.0 s; peak memory 1228 MiB.
2026-10-06T00:57:56Z INFO [296/500] 3e8c0042-3f6a-47ed-8f64-21ab34b81c93: 48 chunks; 1.1 s; peak memory 1228 MiB.
2026-10-06T00:57:57Z INFO [297/500] 3e8cd581-c8fe-4389-86b1-abf2f163369c: 58 chunks; 0.9 s; peak memory 1228 MiB.
2026-10-06T00:58:01Z INFO [298/500] 3e8cf3f7-81c0-4c66-b1ee-caf085e67996: 2840 chunks; 3.6 s; peak memory 1228 MiB.
2026-10-06T00:58:08Z INFO [299/500] 3e8d14a8-d092-4243-9b5d-427d52073949: 16260 chunks; 7.2 s; peak memory 1228 MiB.
2026-10-06T01:00:41Z INFO [300/500] 3e8d3d26-d8e2-4614-b618-eeaf8b992dad: 47377 chunks; 152.6 s; peak memory 1228 MiB.
2026-10-06T01:00:41Z INFO [300/500] 3e8d3d26-d8e2-4614-b618-eeaf8b992dad: checkpointed 77134 records.
2026-10-06T01:00:42Z INFO [301/500] 3e8d5cc4-08ba-42b9-b442-44be0607e722: 117 chunks; 1.1 s; peak memory 1228 MiB.
2026-10-06T01:01:04Z INFO [302/500] 3e8e2d07-bac1-42bb-af2a-dd12d8bbe2d3: 6125 chunks; 21.9 s; peak memory 1228 MiB.
2026-10-06T01:01:15Z INFO [303/500] 3e8eb418-7373-4896-95d5-814d7764d364: 33621 chunks; 11.4 s; peak memory 1228 MiB.
2026-10-06T01:01:17Z INFO [304/500] 3e8f197b-b684-4af0-9d69-88529b6ce95e: 66 chunks; 1.6 s; peak memory 1228 MiB.
2026-10-06T01:01:18Z INFO [305/500] 3e8fc6fa-8829-411f-be5c-7c654487ed47: 84 chunks; 1.2 s; peak memory 1228 MiB.
2026-10-06T01:01:19Z INFO [306/500] 3e9096e7-ac47-4d83-89e1-e5730ace9478: 117 chunks; 1.2 s; peak memory 1228 MiB.
2026-10-06T01:01:20Z INFO [307/500] 3e909a5a-cf6d-4259-9fdb-34b2d18cedcf: 117 chunks; 1.1 s; peak memory 1228 MiB.
2026-10-06T01:01:21Z INFO [308/500] 3e91c9c9-ead6-4e1b-adc2-e99537b59136: 48 chunks; 0.9 s; peak memory 1228 MiB.
2026-10-06T01:01:23Z INFO [309/500] 3e92b031-c118-4c45-a775-67d07d41dd26: 110 chunks; 1.5 s; peak memory 1228 MiB.
2026-10-06T01:01:24Z INFO [310/500] 3e932ee3-f6ca-4345-827b-b71fa93c0fa1: 117 chunks; 1.2 s; peak memory 1228 MiB.
2026-10-06T01:01:25Z INFO [311/500] 3e9348db-c55b-41a9-8d6b-88e03eacc776: 46 chunks; 0.7 s; peak memory 1228 MiB.
2026-10-06T01:01:26Z INFO [312/500] 3e93dcd7-4ef1-4a66-a55f-ca9dceadd04f: 117 chunks; 1.2 s; peak memory 1228 MiB.
2026-10-06T01:01:27Z INFO [313/500] 3e93e16c-f0b9-4c9a-a0bc-b765c9ceed76: 112 chunks; 1.5 s; peak memory 1228 MiB.
2026-10-06T01:01:28Z INFO [314/500] 3e93f409-1cd9-4b9e-9e27-f70c8faea131: 21 chunks; 0.7 s; peak memory 1228 MiB.
2026-10-06T01:01:29Z INFO [315/500] 3e95b595-353e-41a2-a81a-5733f3eff0a9: 48 chunks; 0.9 s; peak memory 1228 MiB.
2026-10-06T01:01:30Z INFO [316/500] 3e970526-e9a5-4318-bfcf-e33224c94dd0: 48 chunks; 1.0 s; peak memory 1228 MiB.
2026-10-06T01:01:36Z INFO [317/500] 3e974302-1868-4fc4-aecd-12f796718e7a: 2922 chunks; 5.5 s; peak memory 1228 MiB.
2026-10-06T01:01:37Z INFO [318/500] 3e97ed9c-64a7-4333-a564-e0e1b9351e4d: 65 chunks; 1.3 s; peak memory 1228 MiB.
2026-10-06T01:01:38Z INFO [319/500] 3e97f2a6-8d84-46c5-bf11-49adbadc4fa9: 114 chunks; 0.9 s; peak memory 1228 MiB.
2026-10-06T01:01:41Z INFO [320/500] 3e97f90d-6a59-4495-a495-3644513a40d4: 2107 chunks; 3.4 s; peak memory 1228 MiB.
2026-10-06T01:01:42Z INFO [321/500] 3e984ed4-4947-412f-9fa7-539487edd6b1: 48 chunks; 1.0 s; peak memory 1228 MiB.
2026-10-06T01:01:44Z INFO [322/500] 3e9904cf-50cc-4fca-b93b-04edda91d21a: 112 chunks; 1.4 s; peak memory 1228 MiB.
2026-10-06T01:01:45Z INFO [323/500] 3e9940ef-5ea2-4360-a686-bb8471b2e878: 48 chunks; 1.0 s; peak memory 1228 MiB.
2026-10-06T01:01:46Z INFO [324/500] 3e9953c7-414a-4bda-9f5a-7e50e05e287a: 48 chunks; 0.9 s; peak memory 1228 MiB.
2026-10-06T01:01:48Z INFO [325/500] 3e9965b6-c8cb-46ad-8dcc-52209fb08aeb: 156 chunks; 2.9 s; peak memory 1228 MiB.
2026-10-06T01:01:49Z INFO [326/500] 3e9a0e05-3003-440c-b787-6f91b3876b08: 117 chunks; 1.1 s; peak memory 1228 MiB.
2026-10-06T01:01:50Z INFO [327/500] 3e9a62e6-1d8b-4c53-aa31-00e2001594a1: 57 chunks; 0.8 s; peak memory 1228 MiB.
2026-10-06T01:01:55Z INFO [328/500] 3e9af483-8aa8-4e0d-beb1-98ca05aa92fd: 2923 chunks; 5.2 s; peak memory 1228 MiB.
2026-10-06T01:02:06Z INFO [329/500] 3e9c0ade-d3a2-4579-be04-9c71c690fbee: 21145 chunks; 10.1 s; peak memory 1228 MiB.
2026-10-06T01:02:06Z INFO [330/500] 3e9cb2b9-2922-4eea-b3c5-34d267100c3f: 99 chunks; 0.9 s; peak memory 1228 MiB.
2026-10-06T01:02:08Z INFO [331/500] 3e9d19f6-dcc6-41b8-8c40-6e1c83730bf9: 66 chunks; 1.7 s; peak memory 1228 MiB.
2026-10-06T01:02:13Z INFO [332/500] 3e9db21b-6346-44df-b4b3-13504ca2c3a0: 16801 chunks; 5.2 s; peak memory 1228 MiB.
2026-10-06T01:02:14Z INFO [333/500] 3e9ebbf7-bf87-44e9-8ce4-893d8a2f3ca7: 36 chunks; 0.9 s; peak memory 1228 MiB.
2026-10-06T01:02:15Z INFO [334/500] 3e9ef173-e24d-45b3-ac72-38e9d8ffc17c: 92 chunks; 1.0 s; peak memory 1228 MiB.
2026-10-06T01:02:16Z INFO [335/500] 3e9f6249-8fee-4c7d-8ade-c4f8f10cb589: 112 chunks; 1.1 s; peak memory 1228 MiB.
2026-10-06T01:02:17Z INFO [336/500] 3e9ff216-2637-4f1b-8d48-0368e4bf0016: 52 chunks; 1.1 s; peak memory 1228 MiB.
2026-10-06T01:02:19Z INFO [337/500] 3ea01e31-a1f6-4999-bca6-1442909167da: 112 chunks; 1.4 s; peak memory 1228 MiB.
2026-10-06T01:02:20Z INFO [338/500] 3ea0211e-0d20-4f0c-b9a6-84ae3391e7fb: 110 chunks; 0.9 s; peak memory 1228 MiB.
2026-10-06T01:02:21Z INFO [339/500] 3ea04ab4-f823-4f01-aa66-332243d98da9: 69 chunks; 1.3 s; peak memory 1228 MiB.
2026-10-06T01:02:22Z INFO [340/500] 3ea05884-d287-4d80-aad0-d10aa2e6f39b: 48 chunks; 0.9 s; peak memory 1228 MiB.
2026-10-06T01:02:23Z INFO [341/500] 3ea061fa-bca8-4d05-9c70-1dc81980af8e: 112 chunks; 1.2 s; peak memory 1228 MiB.
2026-10-06T01:03:35Z INFO [342/500] 3ea090ce-ae2e-4e67-8f14-d95a50129975: 32894 chunks; 71.8 s; peak memory 1228 MiB.
2026-10-06T01:03:36Z INFO [343/500] 3ea09afb-ff56-4662-844f-355b9c83be67: 48 chunks; 1.0 s; peak memory 1228 MiB.
2026-10-06T01:03:51Z INFO [344/500] 3ea0a270-b261-4542-a3c6-0c4ad9695734: 8229 chunks; 15.3 s; peak memory 1228 MiB.
2026-10-06T01:05:03Z INFO [345/500] 3ea12af5-5b21-48f9-8920-228592cce6f1: 32896 chunks; 71.8 s; peak memory 1228 MiB.
2026-10-06T01:05:26Z INFO [346/500] 3ea1a348-e7c5-45fc-96fa-212221d83ec6: 6577 chunks; 23.1 s; peak memory 1228 MiB.
2026-10-06T01:05:28Z INFO [347/500] 3ea299a4-5dfb-4586-8432-4e09b415c25c: 117 chunks; 1.5 s; peak memory 1228 MiB.
2026-10-06T01:05:29Z INFO [348/500] 3ea3127c-58b6-4c11-bc78-796d1736da43: 52 chunks; 1.2 s; peak memory 1228 MiB.
2026-10-06T01:05:30Z INFO [349/500] 3ea514bc-7c78-487b-95bb-0a3818452a78: 56 chunks; 0.9 s; peak memory 1228 MiB.
2026-10-06T01:05:31Z INFO [350/500] 3ea54d58-a291-4420-83b3-b689469621c9: 204 chunks; 1.5 s; peak memory 1228 MiB.
2026-10-06T01:05:32Z INFO [350/500] 3ea54d58-a291-4420-83b3-b689469621c9: checkpointed 77184 records.
2026-10-06T01:05:34Z INFO [351/500] 3ea5b9d7-402a-4f15-b9d9-27fa81d8350e: 115 chunks; 2.4 s; peak memory 1228 MiB.
2026-10-06T01:05:35Z INFO [352/500] 3ea625bc-73f1-4d16-a3f4-b367dd187134: 275 chunks; 1.4 s; peak memory 1228 MiB.
2026-10-06T01:05:36Z INFO [353/500] 3ea62cbd-4d28-4799-b86b-2329a0ece0aa: 46 chunks; 1.1 s; peak memory 1228 MiB.
2026-10-06T01:05:38Z INFO [354/500] 3ea62f47-278a-402c-91a4-830d2647d1df: 112 chunks; 1.7 s; peak memory 1228 MiB.
2026-10-06T01:05:39Z INFO [355/500] 3ea63182-21a3-4417-9535-8de5600aeada: 66 chunks; 1.3 s; peak memory 1228 MiB.
2026-10-06T01:05:48Z INFO [356/500] 3ea7bfd0-95e2-47a1-9efe-a7fed6c51d94: 21626 chunks; 8.7 s; peak memory 1228 MiB.
2026-10-06T01:05:49Z INFO [357/500] 3ea8030c-ffcb-46d3-ae19-089b9bd43b61: 117 chunks; 1.1 s; peak memory 1228 MiB.
2026-10-06T01:05:51Z INFO [358/500] 3ea81edc-882e-4ad9-ae20-a2523be29df7: 67 chunks; 1.6 s; peak memory 1228 MiB.
2026-10-06T01:05:53Z INFO [359/500] 3ea882c9-61b4-4bd8-8d4e-66cf7ddeacc3: 71 chunks; 1.9 s; peak memory 1228 MiB.
2026-10-06T01:05:55Z INFO [360/500] 3ea887a7-2246-44a0-a5d2-dc25e244639b: 138 chunks; 2.0 s; peak memory 1228 MiB.
2026-10-06T01:05:56Z INFO [361/500] 3ea9673b-8cdc-4637-9a6b-18787db3cb3b: 48 chunks; 1.1 s; peak memory 1228 MiB.
2026-10-06T01:05:57Z INFO [362/500] 3ea99805-5485-43bb-9232-182392d0e7d7: 112 chunks; 1.2 s; peak memory 1228 MiB.
2026-10-06T01:05:58Z INFO [363/500] 3ea9e5c0-7ee9-4863-ae90-53202f2ca6da: 48 chunks; 1.0 s; peak memory 1228 MiB.
2026-10-06T01:05:59Z INFO [364/500] 3eaa0549-3abb-4563-969e-75aa3fa9f863: 50 chunks; 0.9 s; peak memory 1228 MiB.
2026-10-06T01:06:00Z INFO [365/500] 3eaa15c9-b931-4b9c-ae52-ce72706af2f8: 112 chunks; 1.4 s; peak memory 1228 MiB.
2026-10-06T01:06:03Z INFO [366/500] 3eaaf23e-75ad-45f9-9fbe-0a39be320e55: 143 chunks; 2.3 s; peak memory 1228 MiB.
2026-10-06T01:06:04Z INFO [367/500] 3eac086a-21cf-461e-a131-6c2c5d24eb18: 52 chunks; 1.2 s; peak memory 1228 MiB.
2026-10-06T01:06:05Z INFO [368/500] 3eac14f8-ab44-47d4-8267-fe2c91fecc09: 118 chunks; 1.1 s; peak memory 1228 MiB.
2026-10-06T01:06:06Z INFO [369/500] 3eac82eb-d887-40de-8da1-2c6dac40d8d8: 69 chunks; 0.9 s; peak memory 1228 MiB.
2026-10-06T01:06:07Z INFO [370/500] 3eaddd2d-43df-419a-954a-d52a558d4a0c: 112 chunks; 1.4 s; peak memory 1228 MiB.
2026-10-06T01:06:08Z INFO [371/500] 3eae0975-cc16-4273-ac83-a2550b7824a9: 46 chunks; 1.0 s; peak memory 1228 MiB.
2026-10-06T01:06:10Z INFO [372/500] 3eaea0a0-edc0-4d06-9546-66741a7ca6e3: 106 chunks; 1.5 s; peak memory 1228 MiB.
2026-10-06T01:06:17Z INFO [373/500] 3eaf2c0c-8f1d-4c0c-9a64-bd772b057830: 24411 chunks; 7.7 s; peak memory 1228 MiB.
2026-10-06T01:06:19Z INFO [374/500] 3eafeb02-5810-4681-ba80-5165037886a8: 33 chunks; 1.1 s; peak memory 1228 MiB.
2026-10-06T01:06:21Z INFO [375/500] 3eb075ce-75c7-4f32-94f4-6747ff07724f: 820 chunks; 2.8 s; peak memory 1228 MiB.
2026-10-06T01:06:24Z INFO [376/500] 3eb22ed8-b61f-42be-b69d-6b91c2e4a940: 114 chunks; 2.4 s; peak memory 1228 MiB.
2026-10-06T01:08:41Z INFO [377/500] 3eb2879d-9c2f-4c86-a252-534554293ae2: 9295 chunks; 137.8 s; peak memory 1228 MiB.
2026-10-06T01:08:42Z INFO [378/500] 3eb2c7cc-47f5-49a6-9f2b-19a2767bd8c8: 52 chunks; 0.9 s; peak memory 1228 MiB.
2026-10-06T01:08:44Z INFO [379/500] 3eb4d054-20fd-4f69-a51d-97e1cc0d9f1a: 69 chunks; 1.2 s; peak memory 1228 MiB.
2026-10-06T01:08:45Z INFO [380/500] 3eb60195-9830-4996-a2ac-b0aba634bbbd: 152 chunks; 1.9 s; peak memory 1228 MiB.
2026-10-06T01:08:46Z INFO [381/500] 3eb6293a-07f3-4db4-b0af-4ef0c61b1997: 53 chunks; 0.8 s; peak memory 1228 MiB.
2026-10-06T01:08:51Z INFO [382/500] 3eb6bb35-1f7a-4c1b-8653-3e3cf2d21910: 340 chunks; 4.8 s; peak memory 1228 MiB.
2026-10-06T01:08:53Z INFO [383/500] 3eb7904a-3368-4180-8bba-9d5ef05ec593: 66 chunks; 1.8 s; peak memory 1228 MiB.
2026-10-06T01:08:58Z INFO [384/500] 3eb80f89-e82d-4b46-9431-ad8aa8f04503: 12561 chunks; 4.9 s; peak memory 1228 MiB.
2026-10-06T01:09:41Z INFO [385/500] 3eb8ca74-c07c-44fe-b34a-32bd75abd967: 32328 chunks; 43.0 s; peak memory 1228 MiB.
2026-10-06T01:09:42Z INFO [386/500] 3eb95cf9-4a5a-43c7-a4c3-73c4036579e1: 48 chunks; 1.0 s; peak memory 1228 MiB.
2026-10-06T01:09:43Z INFO [387/500] 3eba357e-224e-4898-ac48-327442d1730c: 118 chunks; 1.2 s; peak memory 1228 MiB.
2026-10-06T01:09:45Z INFO [388/500] 3eba70a2-7524-408a-af0c-0b14e8ada20e: 41 chunks; 2.4 s; peak memory 1228 MiB.
2026-10-06T01:09:48Z INFO [389/500] 3eba886e-f48f-4959-9009-f87529d63f0e: 114 chunks; 2.6 s; peak memory 1228 MiB.
2026-10-06T01:09:50Z INFO [390/500] 3ebad475-b37b-4bb0-a0aa-262dd284daa3: 1061 chunks; 2.3 s; peak memory 1228 MiB.
2026-10-06T01:09:51Z INFO [391/500] 3ebc07d9-0d3a-43d6-8cfd-301d5fd5d945: 45 chunks; 0.8 s; peak memory 1228 MiB.
2026-10-06T01:09:52Z INFO [392/500] 3ebc9a5c-9e07-4666-9b94-20dbb0442410: 64 chunks; 1.3 s; peak memory 1228 MiB.
2026-10-06T01:09:54Z INFO [393/500] 3ebcee95-3c86-44e0-ab67-ad9d5c9dafa0: 69 chunks; 1.7 s; peak memory 1228 MiB.
2026-10-06T01:09:55Z INFO [394/500] 3ebd239c-8c93-4839-a15a-47c9f8fd2033: 48 chunks; 1.0 s; peak memory 1228 MiB.
2026-10-06T01:09:56Z INFO [395/500] 3ebd7123-cbf7-4978-ab85-58a5c12e0d38: 116 chunks; 1.2 s; peak memory 1228 MiB.
2026-10-06T01:09:59Z INFO [396/500] 3ebd849b-3d2d-49cd-b005-44d287e24f0b: 1781 chunks; 3.0 s; peak memory 1228 MiB.
2026-10-06T01:10:01Z INFO [397/500] 3ebd8d1f-8ae0-49a3-a8dd-084730ec5b0e: 62 chunks; 1.6 s; peak memory 1228 MiB.
2026-10-06T01:10:03Z INFO [398/500] 3ebe15ac-8d63-4380-9fae-5ac22ae5fa1c: 57 chunks; 2.0 s; peak memory 1228 MiB.
2026-10-06T01:10:04Z INFO [399/500] 3ebf45da-c6e9-4006-9a42-ebb5d58b7479: 126 chunks; 1.1 s; peak memory 1228 MiB.
2026-10-06T01:10:06Z INFO [400/500] 3ebfba44-3ca1-48fc-9326-010d9007e129: 66 chunks; 1.6 s; peak memory 1228 MiB.
2026-10-06T01:10:06Z INFO [400/500] 3ebfba44-3ca1-48fc-9326-010d9007e129: checkpointed 77234 records.
2026-10-06T01:10:07Z INFO [401/500] 3ec07d2c-2506-43a5-b2ef-3108b2c124c4: 52 chunks; 1.1 s; peak memory 1228 MiB.
2026-10-06T01:10:08Z INFO [402/500] 3ec0948b-73ea-4df7-b88e-8ae0f72c9ee1: 117 chunks; 1.2 s; peak memory 1228 MiB.
2026-10-06T01:10:10Z INFO [403/500] 3ec0dfb3-db24-4ccb-a5dd-d5f11f540201: 112 chunks; 1.4 s; peak memory 1228 MiB.
2026-10-06T01:10:11Z INFO [404/500] 3ec0f0fc-0ef9-4ec9-99d1-4475b7d9a91e: 110 chunks; 1.2 s; peak memory 1228 MiB.
2026-10-06T01:10:14Z INFO [405/500] 3ec14728-6bcb-4468-bea0-c400a36800f3: 156 chunks; 3.0 s; peak memory 1228 MiB.
2026-10-06T01:10:16Z INFO [406/500] 3ec1b1e5-5891-4662-8641-3d2774be834a: 115 chunks; 2.3 s; peak memory 1228 MiB.
2026-10-06T01:10:17Z INFO [407/500] 3ec209a4-43c5-4c92-b3fc-7bd91db92a0f: 55 chunks; 0.7 s; peak memory 1228 MiB.
2026-10-06T01:10:18Z INFO [408/500] 3ec2d773-c1e5-4cdb-826d-fc471acdcc6b: 106 chunks; 1.6 s; peak memory 1228 MiB.
2026-10-06T01:10:26Z INFO [409/500] 3ec458cb-9f33-4a84-9e3e-2a170e4a5b7e: 384 chunks; 8.0 s; peak memory 1228 MiB.
2026-10-06T01:10:28Z INFO [410/500] 3ec458d1-5795-4642-8544-41b9a6355580: 62 chunks; 1.5 s; peak memory 1228 MiB.
2026-10-06T01:10:29Z INFO [411/500] 3ec4dc9c-7236-4afb-8609-7f055083bae9: 49 chunks; 1.3 s; peak memory 1228 MiB.
2026-10-06T01:10:30Z INFO [412/500] 3ec54ddc-32b1-49c0-ba03-1055acb14cab: 48 chunks; 1.0 s; peak memory 1228 MiB.
2026-10-06T01:10:32Z INFO [413/500] 3ec6d954-3ea5-4cd7-81e1-1d1825d1cf1f: 67 chunks; 1.3 s; peak memory 1228 MiB.
2026-10-06T01:10:33Z INFO [414/500] 3ec82e4b-9839-49c8-907c-464b469b289f: 117 chunks; 1.3 s; peak memory 1228 MiB.
2026-10-06T01:10:37Z INFO [415/500] 3ec87cd4-557d-439f-96e1-af10d74e4216: 8621 chunks; 4.2 s; peak memory 1228 MiB.
2026-10-06T01:10:43Z INFO [416/500] 3ec95871-d2c0-4303-a016-48df463841cc: 18670 chunks; 5.5 s; peak memory 1228 MiB.
2026-10-06T01:10:44Z INFO [417/500] 3eca490c-2463-4c89-8ac8-65a574278747: 118 chunks; 1.2 s; peak memory 1228 MiB.
2026-10-06T01:10:49Z INFO [418/500] 3eca7396-937b-420e-863a-3275ccd77e2a: 8023 chunks; 4.8 s; peak memory 1228 MiB.
2026-10-06T01:10:50Z INFO [419/500] 3eca8e1e-18f6-4738-9ee3-96c02337eefe: 53 chunks; 0.9 s; peak memory 1228 MiB.
2026-10-06T01:10:52Z INFO [420/500] 3eca9c85-24cd-4346-9671-c764380f0873: 138 chunks; 2.5 s; peak memory 1228 MiB.
2026-10-06T01:10:53Z INFO [421/500] 3ecaf277-17a6-4a29-a3ab-5172a0eeeadb: 35 chunks; 0.7 s; peak memory 1228 MiB.
2026-10-06T01:10:55Z INFO [422/500] 3ecb1953-a79f-4166-b5fc-51a151dbf0ec: 119 chunks; 1.9 s; peak memory 1228 MiB.
2026-10-06T01:13:01Z INFO [423/500] 3ecc0777-188d-456f-9937-8d29ffbcf7d7: 38379 chunks; 126.6 s; peak memory 1228 MiB.
2026-10-06T01:13:03Z INFO [424/500] 3ecc96fb-0ceb-4975-988a-f5af568deec9: 33 chunks; 1.3 s; peak memory 1228 MiB.
2026-10-06T01:13:04Z INFO [425/500] 3ecca1b3-0ecd-4faa-a502-3faa714c7a0b: 118 chunks; 1.3 s; peak memory 1228 MiB.
2026-10-06T01:13:05Z INFO [426/500] 3ecd2af7-0e51-4c6d-adcd-c26f4135bcc1: 48 chunks; 1.0 s; peak memory 1228 MiB.
2026-10-06T01:13:06Z INFO [427/500] 3ecdb92b-8817-4b53-8ac6-878237068a25: 48 chunks; 1.1 s; peak memory 1228 MiB.
2026-10-06T01:13:25Z INFO [428/500] 3ece77e2-015f-4327-8380-3a4e1172fb78: 28997 chunks; 18.6 s; peak memory 1228 MiB.
2026-10-06T01:13:26Z INFO [429/500] 3eceda2a-a7b3-43ba-94b4-87599f7b776d: 430 chunks; 1.6 s; peak memory 1228 MiB.
2026-10-06T01:13:28Z INFO [430/500] 3ed009d6-6d4a-4f41-ac44-18717fb08911: 71 chunks; 2.1 s; peak memory 1228 MiB.
2026-10-06T01:13:29Z INFO [431/500] 3ed041ca-2b06-4764-92cd-4bc53855e7ed: 48 chunks; 1.1 s; peak memory 1228 MiB.
2026-10-06T01:13:30Z INFO [432/500] 3ed09cf0-34e1-4053-9d0f-023bf4722a5e: 48 chunks; 1.0 s; peak memory 1228 MiB.
2026-10-06T01:13:36Z INFO [433/500] 3ed127ff-601c-4114-b0ab-f46151a4fcea: 2923 chunks; 5.6 s; peak memory 1228 MiB.
2026-10-06T01:15:46Z INFO [434/500] 3ed14291-3cc8-4498-822d-7a828a843904: 37869 chunks; 130.0 s; peak memory 1228 MiB.
2026-10-06T01:15:48Z INFO [435/500] 3ed17d1f-8777-4982-9fea-7716d8555319: 71 chunks; 1.8 s; peak memory 1228 MiB.
2026-10-06T01:15:49Z INFO [436/500] 3ed2ad39-8f02-4dba-af95-cb25ce62cd54: 48 chunks; 1.2 s; peak memory 1228 MiB.
2026-10-06T01:15:53Z INFO [437/500] 3ed2ca98-6545-4626-b4a2-3d2e1ec18856: 1585 chunks; 3.9 s; peak memory 1228 MiB.
2026-10-06T01:15:54Z INFO [438/500] 3ed321b3-307f-458e-9591-4d1ea0165e8d: 48 chunks; 1.0 s; peak memory 1228 MiB.
2026-10-06T01:15:55Z INFO [439/500] 3ed34ea3-22f0-499a-b0c1-d01162c4f862: 48 chunks; 1.1 s; peak memory 1228 MiB.
2026-10-06T01:15:56Z INFO [440/500] 3ed512e2-ab18-42fc-b23c-d043cff75591: 72 chunks; 1.0 s; peak memory 1228 MiB.
2026-10-06T01:15:57Z INFO [441/500] 3ed51d89-095e-4daa-84c7-fb6f12998357: 48 chunks; 1.1 s; peak memory 1228 MiB.
2026-10-06T01:16:04Z INFO [442/500] 3ed6da26-7462-47b4-8f63-81244f4502e3: 4151 chunks; 7.1 s; peak memory 1228 MiB.
2026-10-06T01:16:06Z INFO [443/500] 3ed6f14f-0758-4213-b992-da48eff73e90: 112 chunks; 1.4 s; peak memory 1228 MiB.
2026-10-06T01:16:08Z INFO [444/500] 3ed737a8-9790-4be9-9779-9a99402fa020: 118 chunks; 2.4 s; peak memory 1228 MiB.
2026-10-06T01:16:13Z INFO [445/500] 3ed7d26e-adae-40af-8105-f9f0c3491bcd: 2923 chunks; 5.4 s; peak memory 1228 MiB.
2026-10-06T01:16:14Z INFO [446/500] 3ed7fd6f-5cfc-4860-bf16-633e3202789f: 48 chunks; 1.1 s; peak memory 1228 MiB.
2026-10-06T01:16:15Z INFO [447/500] 3ed85468-c020-4c48-821d-5794c990f06c: 44 chunks; 0.9 s; peak memory 1228 MiB.
2026-10-06T01:16:16Z INFO [448/500] 3ed8d05e-98fc-4c39-9567-e2f38c4f6932: 49 chunks; 1.2 s; peak memory 1228 MiB.
2026-10-06T01:17:39Z INFO [449/500] 3ed97390-5795-41df-8ee7-e76d5a174569: 32332 chunks; 82.2 s; peak memory 1228 MiB.
2026-10-06T01:17:40Z INFO [450/500] 3edb0e9b-5f8c-411e-86ab-cf6d6763d70c: 509 chunks; 1.4 s; peak memory 1228 MiB.
2026-10-06T01:17:40Z INFO [450/500] 3edb0e9b-5f8c-411e-86ab-cf6d6763d70c: checkpointed 77284 records.
2026-10-06T01:17:41Z INFO [451/500] 3edba4e5-51b5-48df-bed0-242287ed002c: 57 chunks; 0.9 s; peak memory 1228 MiB.
2026-10-06T01:17:42Z INFO [452/500] 3edda483-24ba-4c66-84a4-57da5d6fe442: 46 chunks; 0.8 s; peak memory 1228 MiB.
2026-10-06T01:17:45Z INFO [453/500] 3edde9bc-1d0e-4c8a-8b43-3908f73da11d: 115 chunks; 2.7 s; peak memory 1228 MiB.
2026-10-06T01:17:52Z INFO [454/500] 3ede5ce6-eb0f-401f-8207-765fab6d01a5: 4151 chunks; 7.1 s; peak memory 1228 MiB.
2026-10-06T01:17:53Z INFO [455/500] 3edebd4f-18d3-4a40-8680-87ca38844cec: 46 chunks; 0.9 s; peak memory 1228 MiB.
2026-10-06T01:17:54Z INFO [456/500] 3edfa6a2-b90b-4e2e-ad3d-2db674dd2ecb: 48 chunks; 1.2 s; peak memory 1228 MiB.
2026-10-06T01:17:55Z INFO [457/500] 3ee1c0ff-196e-472d-bbca-08da1ce57666: 112 chunks; 1.4 s; peak memory 1228 MiB.
2026-10-06T01:17:56Z INFO [458/500] 3ee1e2c3-1c35-4301-acfb-9349792cb8e9: 69 chunks; 1.2 s; peak memory 1228 MiB.
2026-10-06T01:17:58Z INFO [459/500] 3ee1f190-c9cf-48f2-aa1b-c243258902d8: 117 chunks; 1.1 s; peak memory 1228 MiB.
2026-10-06T01:17:59Z INFO [460/500] 3ee235a4-7554-4cff-b9d8-2aaf3fec4b1e: 48 chunks; 1.0 s; peak memory 1228 MiB.
2026-10-06T01:18:20Z INFO [461/500] 3ee2e4d0-d3ab-4c71-87a9-7f3be48cf7c1: 280 chunks; 21.2 s; peak memory 1228 MiB.
2026-10-06T01:18:21Z INFO [462/500] 3ee31228-fda0-4d58-9322-7c38b720fa11: 48 chunks; 1.1 s; peak memory 1228 MiB.
2026-10-06T01:18:24Z INFO [463/500] 3ee372cd-5d0c-4c7c-8d7f-4db3fb208e0a: 114 chunks; 2.8 s; peak memory 1228 MiB.
2026-10-06T01:18:25Z INFO [464/500] 3ee3ef56-dc04-4ec1-959f-fa46257cd607: 52 chunks; 1.1 s; peak memory 1228 MiB.
2026-10-06T01:18:28Z INFO [465/500] 3ee42317-767d-4135-844a-96a8ec7ad56b: 133 chunks; 3.1 s; peak memory 1228 MiB.
2026-10-06T01:18:29Z INFO [466/500] 3ee435c5-4c98-4631-8ecb-ad09cf01fba4: 51 chunks; 0.9 s; peak memory 1228 MiB.
2026-10-06T01:18:30Z INFO [467/500] 3ee443cf-f41c-4fb0-a5c4-875f937dcecb: 110 chunks; 1.4 s; peak memory 1228 MiB.
2026-10-06T01:18:38Z INFO [468/500] 3ee5119b-ca06-49c9-9bd6-3461a43ec130: 1053 chunks; 7.7 s; peak memory 1228 MiB.
2026-10-06T01:18:39Z INFO [469/500] 3ee65e1c-4927-47ee-8a84-ae11f8704491: 79 chunks; 1.3 s; peak memory 1228 MiB.
2026-10-06T01:18:41Z INFO [470/500] 3ee6d13e-63d9-4aca-8dd8-6105110ad0c3: 275 chunks; 1.4 s; peak memory 1228 MiB.
2026-10-06T01:18:42Z INFO [471/500] 3ee79f93-7ae3-437f-aa23-0c77ae6f7631: 121 chunks; 1.4 s; peak memory 1228 MiB.
2026-10-06T01:18:44Z INFO [472/500] 3ee809c4-e620-43f3-9032-553499afec23: 69 chunks; 1.5 s; peak memory 1228 MiB.
2026-10-06T01:18:50Z INFO [473/500] 3ee854b0-fc29-4582-8109-e15b94e8420e: 4151 chunks; 6.7 s; peak memory 1228 MiB.
2026-10-06T01:18:52Z INFO [474/500] 3ee87796-2094-4d9e-b70e-5d49c9e81e21: 110 chunks; 1.4 s; peak memory 1228 MiB.
2026-10-06T01:18:56Z INFO [475/500] 3ee9c6e9-8053-42eb-b9b9-d39648103c0a: 11484 chunks; 4.7 s; peak memory 1228 MiB.
2026-10-06T01:18:57Z INFO [476/500] 3eea83df-56a4-49a0-9d0d-6df717545716: 121 chunks; 0.9 s; peak memory 1228 MiB.
2026-10-06T01:18:59Z INFO [477/500] 3eeabd5c-face-4eaf-8968-f6dbbf321e88: 112 chunks; 1.5 s; peak memory 1228 MiB.
2026-10-06T01:19:00Z INFO [478/500] 3eeae5c0-9b63-42db-a96b-b59b0b2c5c02: 112 chunks; 1.3 s; peak memory 1228 MiB.
2026-10-06T01:19:01Z INFO [479/500] 3eeaf84f-5312-4b37-b8fa-5a44808bc67f: 117 chunks; 1.3 s; peak memory 1228 MiB.
2026-10-06T01:19:02Z INFO [480/500] 3eeb1b36-30a4-4d09-8398-bb9ba11772a4: 117 chunks; 1.2 s; peak memory 1228 MiB.
2026-10-06T01:19:09Z INFO [481/500] 3eeb3025-62bc-4d5e-9be9-29e3d3e4e57c: 193 chunks; 6.6 s; peak memory 1228 MiB.
2026-10-06T01:19:10Z INFO [482/500] 3eeb4087-03e0-4628-bf25-2a9ebb802e14: 110 chunks; 1.5 s; peak memory 1228 MiB.
2026-10-06T01:19:11Z INFO [483/500] 3eec5b40-1299-4b31-bb79-9295a147f6d4: 69 chunks; 0.8 s; peak memory 1228 MiB.
2026-10-06T01:19:12Z INFO [484/500] 3eecbcb9-2559-4468-bcdb-13221509108b: 117 chunks; 1.1 s; peak memory 1228 MiB.
2026-10-06T01:19:22Z INFO [485/500] 3eef37a7-de37-482e-a914-158ad5e11e7f: 10845 chunks; 9.4 s; peak memory 1228 MiB.
2026-10-06T01:19:23Z INFO [486/500] 3eef9a84-db15-4826-965f-65d2a9bdc7d5: 62 chunks; 1.6 s; peak memory 1228 MiB.
2026-10-06T01:19:24Z INFO [487/500] 3eefddf6-4237-4e94-83d9-fc27ee0c5048: 33 chunks; 0.8 s; peak memory 1228 MiB.
2026-10-06T01:19:25Z INFO [488/500] 3ef03c9e-7c7e-4850-970f-125e0c914785: 46 chunks; 0.8 s; peak memory 1228 MiB.
2026-10-06T01:19:26Z INFO [489/500] 3ef11c01-cc44-4700-8c2e-2b4af8c2b7c8: 48 chunks; 1.0 s; peak memory 1228 MiB.
2026-10-06T01:19:27Z INFO [490/500] 3ef1bae1-d239-488f-b1ad-dff2cf1778d0: 56 chunks; 0.7 s; peak memory 1228 MiB.
2026-10-06T01:19:28Z INFO [491/500] 3ef1caea-1a45-4d73-b8e0-e992130c0024: 275 chunks; 1.4 s; peak memory 1228 MiB.
2026-10-06T01:24:57Z INFO [492/500] 3ef24920-df4d-44cd-b230-742dae52c754: 1916257 chunks; 329.1 s; peak memory 1375 MiB.
2026-10-06T01:24:59Z INFO [493/500] 3ef29715-cdb9-4a09-b798-30a51ea09ea7: 71 chunks; 1.7 s; peak memory 1375 MiB.
2026-10-06T01:25:00Z INFO [494/500] 3ef346df-ad98-4344-bc58-f572972f1610: 95 chunks; 1.6 s; peak memory 1375 MiB.
2026-10-06T01:25:01Z INFO [495/500] 3ef860bd-bb59-4caf-bffc-c34965034b8d: 97 chunks; 0.9 s; peak memory 1375 MiB.
2026-10-06T01:25:02Z INFO [496/500] 3ef8f09c-c9db-45ba-918c-b832f877426e: 121 chunks; 1.0 s; peak memory 1375 MiB.
2026-10-06T01:25:04Z INFO [497/500] 3ef9dff2-90a1-45b7-85aa-a4b5f0cf060a: 112 chunks; 1.5 s; peak memory 1375 MiB.
2026-10-06T01:25:06Z INFO [498/500] 3efd1f4f-3ca9-4d70-bcf6-c810353a0d9a: 158 chunks; 1.7 s; peak memory 1375 MiB.
2026-10-06T01:25:07Z INFO [499/500] 3efd7ea4-9e9b-478f-bd5c-5594d369f505: 103 chunks; 1.5 s; peak memory 1375 MiB.
2026-10-06T01:25:08Z INFO [500/500] 3efef937-5e8a-43f9-9e84-4754397da976: 56 chunks; 0.7 s; peak memory 1375 MiB.
2026-10-06T01:25:08Z INFO [500/500] 3efef937-5e8a-43f9-9e84-4754397da976: checkpointed 77334 records.
2026-10-06T01:25:08Z INFO Wrote 77334 records to /tmp/derivatives/valid_nwb_file_to_chunk_stats.jsonl (500 new, 0 failed) in 101.2 min (peak memory 1375 MiB).
