2026-10-09T07:54:58Z INFO Logging to /tmp/logs/update_2026-10-09T07-54-58Z.log.
2026-10-09T07:54:58Z INFO Update valid-nwb-file-to-chunk-stats (base directory /tmp).
2026-10-09T07:54:58Z INFO Processing 500 items (96834 already recorded).
2026-10-09T07:55:30Z INFO [1/500] 678ff0a9-3b04-4739-a209-55860d8b2691: 6576 chunks; 32.0 s; peak memory 219 MiB.
2026-10-09T07:56:36Z INFO [2/500] 67908cab-4445-4f3e-8aa4-4c4aa2ae17ec: 5542 chunks; 65.6 s; peak memory 310 MiB.
2026-10-09T07:56:38Z INFO [3/500] 6790c628-3ecc-4393-98b0-6b18902c10f4: 117 chunks; 1.8 s; peak memory 310 MiB.
2026-10-09T07:56:40Z INFO [4/500] 67911847-e40c-4768-a1ad-c44d271239d3: 110 chunks; 2.2 s; peak memory 310 MiB.
2026-10-09T07:56:41Z INFO [5/500] 67912f37-cbd7-4bbf-991a-085466947552: 48 chunks; 1.3 s; peak memory 310 MiB.
2026-10-09T07:56:43Z INFO [6/500] 6791e29e-e0f1-42d2-a6e9-11c69833f766: 112 chunks; 2.2 s; peak memory 310 MiB.
2026-10-09T07:56:47Z INFO [7/500] 6791f51c-3752-4b49-87be-c75d951598d8: 116 chunks; 3.4 s; peak memory 310 MiB.
2026-10-09T07:56:48Z INFO [8/500] 6791f788-7a4f-499a-812b-2cc8bbb28615: 69 chunks; 1.2 s; peak memory 310 MiB.
2026-10-09T07:59:39Z INFO [9/500] 679220a5-aaa9-44b0-bf77-aaa28c67fbb0: 41004 chunks; 171.0 s; peak memory 377 MiB.
2026-10-09T07:59:40Z INFO [10/500] 67924935-9d49-4593-a03f-6b3e2aa6a7db: 48 chunks; 1.5 s; peak memory 377 MiB.
2026-10-09T07:59:43Z INFO [11/500] 6793730c-a8ef-45cc-b209-800f46cfda9e: 112 chunks; 2.2 s; peak memory 377 MiB.
2026-10-09T07:59:44Z INFO [12/500] 67964106-62aa-45e4-9a49-f202cd3b1c1c: 121 chunks; 1.7 s; peak memory 377 MiB.
2026-10-09T07:59:46Z INFO [13/500] 679791c4-69e3-44bf-bf5b-12875889f9e2: 52 chunks; 1.8 s; peak memory 377 MiB.
2026-10-09T07:59:48Z INFO [14/500] 679794a6-e75c-4f4d-817b-d26931e23e21: 116 chunks; 1.6 s; peak memory 377 MiB.
2026-10-09T07:59:49Z INFO [15/500] 6798ceab-e49e-4cbc-8a53-547a1df99f3f: 48 chunks; 1.5 s; peak memory 377 MiB.
2026-10-09T07:59:51Z INFO [16/500] 67992cda-1c46-4a84-b6a5-232fe345a334: 48 chunks; 1.5 s; peak memory 377 MiB.
2026-10-09T07:59:53Z INFO [17/500] 67992ddf-9a02-457b-997a-356c4abb631a: 64 chunks; 1.9 s; peak memory 377 MiB.
2026-10-09T07:59:56Z INFO [18/500] 679960b0-90ab-48a5-9dc4-6323b743030c: 119 chunks; 3.2 s; peak memory 377 MiB.
2026-10-09T08:00:00Z INFO [19/500] 679976cf-8c90-45d8-a099-44bea8da90e4: 85 chunks; 4.2 s; peak memory 377 MiB.
2026-10-09T08:00:01Z INFO [20/500] 6799b2d4-3647-4123-bcfc-41d597df0338: 52 chunks; 1.2 s; peak memory 377 MiB.
2026-10-09T08:00:04Z INFO [21/500] 679a9777-fc28-43cc-b5f3-0d131cdd154e: 66 chunks; 2.6 s; peak memory 377 MiB.
2026-10-09T08:00:05Z INFO [22/500] 679b8002-dd33-4218-8326-656cda020b85: 36 chunks; 1.5 s; peak memory 377 MiB.
2026-10-09T08:00:10Z INFO [23/500] 679b8ec0-625a-4afa-aa45-8d6aa1c0ef34: 1641 chunks; 4.2 s; peak memory 377 MiB.
2026-10-09T08:00:11Z INFO [24/500] 679c2351-1fb5-4c9b-bba1-eceec9ef11c6: 117 chunks; 1.7 s; peak memory 377 MiB.
2026-10-09T08:00:13Z INFO [25/500] 679c6dfe-32c6-44d9-a1c5-e1a7d934dd51: 64 chunks; 2.2 s; peak memory 377 MiB.
2026-10-09T08:00:15Z INFO [26/500] 679ddee9-f936-4234-8946-7da53bcd9059: 46 chunks; 1.1 s; peak memory 377 MiB.
2026-10-09T08:00:16Z INFO [27/500] 679e94a3-f421-4462-8c5e-37c00eb90b48: 49 chunks; 1.2 s; peak memory 377 MiB.
2026-10-09T08:00:17Z INFO [28/500] 679fa272-740d-473d-8dda-6fc660f5d35d: 45 chunks; 1.2 s; peak memory 377 MiB.
2026-10-09T08:00:19Z INFO [29/500] 67a06a2c-9d51-4aea-b988-0d9a785c1198: 45 chunks; 1.8 s; peak memory 377 MiB.
2026-10-09T08:00:35Z INFO [30/500] 67a0fd17-7294-4773-87b6-005cf9977b43: 25134 chunks; 15.9 s; peak memory 377 MiB.
2026-10-09T08:00:37Z INFO [31/500] 67a131b5-8dd3-42f4-b306-2b4e0a550414: 66 chunks; 2.2 s; peak memory 377 MiB.
2026-10-09T08:00:42Z INFO [32/500] 67a19efd-8f99-49ac-b2f3-f855f23812ff: 572 chunks; 4.7 s; peak memory 377 MiB.
2026-10-09T08:00:43Z INFO [33/500] 67a2a3cf-b5f2-4c1d-bee9-43b08eebe6ea: 33 chunks; 1.2 s; peak memory 377 MiB.
2026-10-09T08:00:55Z INFO [34/500] 67a3fa80-f9b7-4669-9ac7-61230750b168: 11565 chunks; 11.8 s; peak memory 377 MiB.
2026-10-09T08:00:56Z INFO [35/500] 67a4378f-7627-4ccf-b327-0bd248c1055d: 48 chunks; 1.6 s; peak memory 377 MiB.
2026-10-09T08:00:58Z INFO [36/500] 67a47840-6720-40fa-9fce-76be3ae1c8b5: 48 chunks; 1.4 s; peak memory 377 MiB.
2026-10-09T08:00:59Z INFO [37/500] 67a48606-c5f4-4953-9cad-fac66c9159c0: 33 chunks; 1.0 s; peak memory 377 MiB.
2026-10-09T08:01:00Z INFO [38/500] 67a4a4dc-4fbf-4844-a47c-e8b118575d25: 69 chunks; 1.9 s; peak memory 377 MiB.
2026-10-09T08:01:02Z INFO [39/500] 67a578ae-885b-49ba-bc7a-6472d38ee8a0: 48 chunks; 1.3 s; peak memory 377 MiB.
2026-10-09T08:01:03Z INFO [40/500] 67a65b9b-a822-4334-a43b-4a69175e04f5: 117 chunks; 1.6 s; peak memory 377 MiB.
2026-10-09T08:01:05Z INFO [41/500] 67a6d5b9-ca58-40e8-b716-a95c3612e69b: 48 chunks; 1.4 s; peak memory 377 MiB.
2026-10-09T08:01:07Z INFO [42/500] 67a6f009-538b-4cb9-b567-1dcacc8e5901: 74 chunks; 1.8 s; peak memory 377 MiB.
2026-10-09T08:01:08Z INFO [43/500] 67a76cef-35a1-4056-ae29-8db379ee6c9a: 52 chunks; 1.5 s; peak memory 377 MiB.
2026-10-09T08:01:10Z INFO [44/500] 67a8131b-03e5-4d82-8095-53d93ccfe41c: 48 chunks; 1.4 s; peak memory 377 MiB.
2026-10-09T08:01:18Z INFO [45/500] 67a9a538-d08f-4535-9de8-9a89ea58feb9: 194 chunks; 8.8 s; peak memory 377 MiB.
2026-10-09T08:01:21Z INFO [46/500] 67a9d21f-3fd1-42ff-adc7-5a8aa46cb39d: 112 chunks; 2.3 s; peak memory 377 MiB.
2026-10-09T08:04:39Z INFO [47/500] 67aac044-e5b0-460c-916a-832d225d269c: 44422 chunks; 198.4 s; peak memory 393 MiB.
2026-10-09T08:14:55Z INFO [48/500] 67aae245-5ccf-460b-a54b-f1c9b2f9aabb: 80542 chunks; 616.1 s; peak memory 631 MiB.
2026-10-09T08:14:57Z INFO [49/500] 67ab2d98-fdfa-491f-b5b1-58ca9ed7ac59: 54 chunks; 1.3 s; peak memory 631 MiB.
2026-10-09T08:15:08Z INFO [50/500] 67ab59aa-3fd5-47d4-9538-ecead9da886a: 5693 chunks; 11.6 s; peak memory 631 MiB.
2026-10-09T08:15:08Z INFO [50/500] 67ab59aa-3fd5-47d4-9538-ecead9da886a: checkpointed 96884 new records.
2026-10-09T08:15:10Z INFO [51/500] 67ab7a5b-58b2-419b-8f48-d8c833f4c6ec: 48 chunks; 1.5 s; peak memory 631 MiB.
2026-10-09T08:15:12Z INFO [52/500] 67abd37d-e7fb-400c-a6cc-3c497d59b052: 112 chunks; 2.0 s; peak memory 631 MiB.
2026-10-09T08:15:13Z INFO [53/500] 67abe8ca-3b08-4819-8104-ee62b5607bcd: 46 chunks; 1.1 s; peak memory 631 MiB.
2026-10-09T08:15:14Z INFO [54/500] 67acdfe3-38ce-4718-ac86-a351de47e770: 121 chunks; 1.4 s; peak memory 631 MiB.
2026-10-09T08:15:16Z INFO [55/500] 67ad0047-938e-4549-a1f7-cf7379163017: 118 chunks; 1.8 s; peak memory 631 MiB.
2026-10-09T08:17:59Z INFO [56/500] 67ad07c1-af70-4ef6-97f4-0eca18327493: 39768 chunks; 162.7 s; peak memory 631 MiB.
2026-10-09T08:18:00Z INFO [57/500] 67ad4054-1c6b-4868-a684-0408cfea07cc: 48 chunks; 1.6 s; peak memory 631 MiB.
2026-10-09T08:18:02Z INFO [58/500] 67ad4672-fa46-4772-8142-80fe0e8a8390: 48 chunks; 1.5 s; peak memory 631 MiB.
2026-10-09T08:18:04Z INFO [59/500] 67adb00c-4e6a-4e7f-ab03-f150ddd32e2c: 118 chunks; 1.7 s; peak memory 631 MiB.
2026-10-09T08:18:05Z INFO [60/500] 67ae15bd-80ca-42d6-b264-b9b4aedfeea2: 48 chunks; 1.4 s; peak memory 631 MiB.
2026-10-09T08:18:18Z INFO [61/500] 67ae661e-af1c-4b9a-abe6-7676784097bc: 12112 chunks; 12.9 s; peak memory 631 MiB.
2026-10-09T08:18:20Z INFO [62/500] 67ae8110-2654-4419-a464-7a70a914314e: 114 chunks; 1.9 s; peak memory 631 MiB.
2026-10-09T08:18:21Z INFO [63/500] 67aed1f5-d02d-40f9-8936-33440648cb0b: 48 chunks; 1.4 s; peak memory 631 MiB.
2026-10-09T08:18:23Z INFO [64/500] 67af999d-bfd8-4c67-9346-80dea126bd1a: 118 chunks; 1.7 s; peak memory 631 MiB.
2026-10-09T08:18:26Z INFO [65/500] 67b10039-6747-4090-a135-4f41e3ba7c18: 331 chunks; 2.8 s; peak memory 631 MiB.
2026-10-09T08:18:30Z INFO [66/500] 67b18f9e-90ac-4b73-abe3-636e12a5e0c4: 156 chunks; 4.2 s; peak memory 631 MiB.
2026-10-09T08:18:32Z INFO [67/500] 67b19f38-6f18-44f5-b024-bfd4dd5daf6f: 117 chunks; 1.6 s; peak memory 631 MiB.
2026-10-09T08:18:34Z INFO [68/500] 67b23940-a055-4eb2-91cc-9f7c6916ffb2: 110 chunks; 2.3 s; peak memory 631 MiB.
2026-10-09T08:18:35Z INFO [69/500] 67b26d51-ac1e-4fd1-917a-eecdb4ce9035: 48 chunks; 1.6 s; peak memory 631 MiB.
2026-10-09T08:18:44Z INFO [70/500] 67b2af7d-6bd8-4979-a02d-080f2c8dc67f: 12357 chunks; 8.2 s; peak memory 631 MiB.
2026-10-09T08:18:54Z INFO [71/500] 67b30276-49e0-444a-8e37-23e29f291dbf: 3009 chunks; 10.5 s; peak memory 631 MiB.
2026-10-09T08:18:56Z INFO [72/500] 67b38016-12ce-4e99-940c-d9506a65493e: 48 chunks; 1.5 s; peak memory 631 MiB.
2026-10-09T08:18:57Z INFO [73/500] 67b46dc7-9656-4f5c-b491-564062883895: 48 chunks; 1.4 s; peak memory 631 MiB.
2026-10-09T08:18:59Z INFO [74/500] 67b4fbac-2707-4199-8dbf-76e93cf26670: 112 chunks; 2.1 s; peak memory 631 MiB.
2026-10-09T08:19:29Z INFO [75/500] 67b518d2-0d3a-430f-a09e-accc09a52c94: 6038 chunks; 29.9 s; peak memory 631 MiB.
2026-10-09T08:19:31Z INFO [76/500] 67b5b680-5246-435a-a92e-1547b950369f: 117 chunks; 1.7 s; peak memory 631 MiB.
2026-10-09T08:19:32Z INFO [77/500] 67b6653f-17ed-43ac-ad70-583314fb494a: 50 chunks; 1.2 s; peak memory 631 MiB.
2026-10-09T08:19:34Z INFO [78/500] 67b69b41-b50c-4aa1-92ec-05341852847a: 112 chunks; 1.9 s; peak memory 631 MiB.
2026-10-09T08:19:36Z INFO [79/500] 67b8823c-f2bd-4b65-92ae-5f69fc2e93d3: 52 chunks; 1.5 s; peak memory 631 MiB.
2026-10-09T08:19:37Z INFO [80/500] 67b975d4-eb7a-41ad-a407-def7bbf5f8df: 117 chunks; 1.7 s; peak memory 631 MiB.
2026-10-09T08:20:10Z INFO [81/500] 67b9994d-ca14-4e8a-b1c3-defc39f8f149: 6578 chunks; 32.6 s; peak memory 631 MiB.
2026-10-09T08:20:11Z INFO [82/500] 67bbd311-f22e-45f3-9cb4-e965557cf6e8: 118 chunks; 1.6 s; peak memory 631 MiB.
2026-10-09T08:20:13Z INFO [83/500] 67bc586c-7995-471c-9ddd-7c104cb53a50: 51 chunks; 2.1 s; peak memory 631 MiB.
2026-10-09T08:20:15Z INFO [84/500] 67bcb6e3-fc9e-4a3c-8a49-72ec98445ec4: 52 chunks; 1.7 s; peak memory 631 MiB.
2026-10-09T08:20:17Z INFO [85/500] 67bcbf8c-ccb1-43eb-ac3f-234b57d7ab32: 65 chunks; 1.8 s; peak memory 631 MiB.
2026-10-09T08:20:19Z INFO [86/500] 67bceae1-a8a1-40e4-b61c-ed87fef2eff9: 117 chunks; 1.8 s; peak memory 631 MiB.
2026-10-09T08:20:21Z INFO [87/500] 67bd9e6d-aca4-4964-8209-f8b98c269acb: 112 chunks; 2.0 s; peak memory 631 MiB.
2026-10-09T08:20:22Z INFO [88/500] 67bdd390-87a8-471e-a681-8a032161d933: 51 chunks; 1.7 s; peak memory 631 MiB.
2026-10-09T08:20:29Z INFO [89/500] 67be19ce-3dbf-4256-8358-7ade8b2ef325: 308 chunks; 6.3 s; peak memory 631 MiB.
2026-10-09T08:20:31Z INFO [90/500] 67bf213a-5e0a-4b75-9ccf-b5be206b4ab8: 110 chunks; 2.0 s; peak memory 631 MiB.
2026-10-09T08:20:41Z INFO [91/500] 67bf8ca5-e89c-493b-b754-ccfd38a4bd59: 4955 chunks; 10.2 s; peak memory 631 MiB.
2026-10-09T08:20:43Z INFO [92/500] 67c068a3-d62f-4a5e-9dce-af539cb29290: 112 chunks; 1.9 s; peak memory 631 MiB.
2026-10-09T08:23:31Z INFO [93/500] 67c0b1a8-7373-497c-85ed-cb77df920314: 38095 chunks; 168.0 s; peak memory 631 MiB.
2026-10-09T08:23:34Z INFO [94/500] 67c156b9-1a32-4d76-ad0f-d2df9b910cea: 115 chunks; 3.4 s; peak memory 631 MiB.
2026-10-09T08:23:36Z INFO [95/500] 67c15c9f-1acc-42ca-afb7-4ab11b61903e: 52 chunks; 1.6 s; peak memory 631 MiB.
2026-10-09T08:23:38Z INFO [96/500] 67c2126f-fcd5-4195-bc09-494830235a4a: 118 chunks; 1.7 s; peak memory 631 MiB.
2026-10-09T08:23:51Z INFO [97/500] 67c216fc-3277-40b7-9375-6f1c84d73549: 18822 chunks; 13.3 s; peak memory 631 MiB.
2026-10-09T08:23:52Z INFO [98/500] 67c25268-d08d-402c-9a81-6d76243be409: 118 chunks; 1.7 s; peak memory 631 MiB.
2026-10-09T08:23:54Z INFO [99/500] 67c31445-2d44-4412-aabc-597fa1c1a602: 48 chunks; 1.6 s; peak memory 631 MiB.
2026-10-09T08:24:01Z INFO [100/500] 67c476c5-c74d-4d7d-87ae-a7a9b400456b: 800 chunks; 6.7 s; peak memory 631 MiB.
2026-10-09T08:24:01Z INFO [100/500] 67c476c5-c74d-4d7d-87ae-a7a9b400456b: checkpointed 96934 new records.
2026-10-09T08:24:03Z INFO [101/500] 67c4f1c8-2a22-4177-b7e0-4d89f3dc5d7b: 117 chunks; 1.8 s; peak memory 631 MiB.
2026-10-09T08:24:05Z INFO [102/500] 67c4f33e-79a6-4cb5-a438-7dddc31527f8: 69 chunks; 2.2 s; peak memory 631 MiB.
2026-10-09T08:24:53Z INFO [103/500] 67c5a765-01b6-428f-a17f-4b4b55543742: 11137 chunks; 47.6 s; peak memory 631 MiB.
2026-10-09T08:24:54Z INFO [104/500] 67c6fbc3-f23c-4e29-bcd6-5c12fffd6a05: 117 chunks; 1.7 s; peak memory 631 MiB.
2026-10-09T08:24:56Z INFO [105/500] 67c740f7-905a-40d2-91a8-2fa3b18e5323: 62 chunks; 1.6 s; peak memory 631 MiB.
2026-10-09T08:24:59Z INFO [106/500] 67c7d2cc-fffc-414f-9aab-e7754bdf31ea: 314 chunks; 3.1 s; peak memory 631 MiB.
2026-10-09T08:25:01Z INFO [107/500] 67c7fc33-881f-4d27-b8b3-d2ad8a003cf1: 62 chunks; 2.1 s; peak memory 631 MiB.
2026-10-09T08:25:04Z INFO [108/500] 67c84be5-58c3-46e3-b7b0-394e537d2c17: 101 chunks; 3.2 s; peak memory 631 MiB.
2026-10-09T08:25:06Z INFO [109/500] 67ca888f-1db1-4c16-a3cd-c829b3e0a9ee: 41 chunks; 1.3 s; peak memory 631 MiB.
2026-10-09T08:25:08Z INFO [110/500] 67cbba4b-1b49-46a3-98e6-e50beb3bd377: 126 chunks; 2.7 s; peak memory 631 MiB.
2026-10-09T08:25:10Z INFO [111/500] 67cbec63-4f91-4e2b-b3d3-08d2d8bd7533: 48 chunks; 1.5 s; peak memory 631 MiB.
2026-10-09T08:25:11Z INFO [112/500] 67cc86ef-eacf-45d9-aade-9bce58d9859d: 48 chunks; 1.3 s; peak memory 631 MiB.
2026-10-09T08:25:13Z INFO [113/500] 67cd1fda-e9fa-4c77-a6e6-17cbf1e121bf: 48 chunks; 1.4 s; peak memory 631 MiB.
2026-10-09T08:25:15Z INFO [114/500] 67cd37d4-b323-42d2-8a9b-09ed1afa13cb: 113 chunks; 2.0 s; peak memory 631 MiB.
2026-10-09T08:25:29Z INFO [115/500] 67ce1a00-4217-47d3-92c2-3bd6588dab9d: 7669 chunks; 14.0 s; peak memory 631 MiB.
2026-10-09T08:25:30Z INFO [116/500] 67ce6a90-f764-4687-8fbf-5be5d3d1a7a2: 48 chunks; 1.5 s; peak memory 631 MiB.
2026-10-09T08:25:33Z INFO [117/500] 67cf6faf-134f-42bd-95ba-d9c40bb8cc85: 933 chunks; 3.0 s; peak memory 631 MiB.
2026-10-09T08:25:35Z INFO [118/500] 67cfb3ff-504a-4cfa-a812-119637690881: 64 chunks; 2.1 s; peak memory 631 MiB.
2026-10-09T08:25:37Z INFO [119/500] 67d02865-1d23-421d-85ce-3026cefeb1d0: 112 chunks; 1.6 s; peak memory 631 MiB.
2026-10-09T08:25:39Z INFO [120/500] 67d1b1c5-4cbf-40e6-b4e7-29e22f658b04: 106 chunks; 2.2 s; peak memory 631 MiB.
2026-10-09T08:25:41Z INFO [121/500] 67d1b33d-3527-462a-8834-d5a37c301e5d: 118 chunks; 1.9 s; peak memory 631 MiB.
2026-10-09T08:25:42Z INFO [122/500] 67d39935-a000-4b61-a260-7cb43c2fe46a: 48 chunks; 1.5 s; peak memory 631 MiB.
2026-10-09T08:25:44Z INFO [123/500] 67d47883-2a77-40b8-b086-a0105dd589b7: 230 chunks; 1.8 s; peak memory 631 MiB.
2026-10-09T08:25:47Z INFO [124/500] 67d479d5-63d7-4bea-91f6-b888eca49416: 71 chunks; 2.4 s; peak memory 631 MiB.
2026-10-09T08:25:50Z INFO [125/500] 67d47c1a-2eff-4548-801c-efeaeab7470b: 997 chunks; 3.1 s; peak memory 631 MiB.
2026-10-09T08:25:54Z INFO [126/500] 67d53b44-bef6-43a9-afe4-5a30251f59fc: 1076 chunks; 4.2 s; peak memory 631 MiB.
2026-10-09T08:25:56Z INFO [127/500] 67d574f7-7983-45c9-a898-adbea0beec49: 112 chunks; 1.9 s; peak memory 631 MiB.
2026-10-09T08:25:57Z INFO [128/500] 67d69746-7402-4b60-82dc-6cf094ff28a4: 52 chunks; 1.7 s; peak memory 631 MiB.
2026-10-09T08:26:01Z INFO [129/500] 67d6cf9c-6052-4309-86b0-69cd03bdcce7: 71 chunks; 3.0 s; peak memory 631 MiB.
2026-10-09T08:26:03Z INFO [130/500] 67d8c2f7-552d-4363-99b4-bd0937d733db: 103 chunks; 2.3 s; peak memory 631 MiB.
2026-10-09T08:26:04Z INFO [131/500] 67d934cc-dff1-4cc9-a1b0-de3b97fb063b: 57 chunks; 1.4 s; peak memory 631 MiB.
2026-10-09T08:26:26Z INFO [132/500] 67d9d937-6c37-4c07-b6a6-bd71c7b57b39: 8229 chunks; 21.6 s; peak memory 631 MiB.
2026-10-09T08:26:27Z INFO [133/500] 67da05d5-a068-40bb-85a9-ecf64532411c: 46 chunks; 1.1 s; peak memory 631 MiB.
2026-10-09T08:26:37Z INFO [134/500] 67db8d0b-54ce-4b5a-ae56-6c928cb81662: 11307 chunks; 10.1 s; peak memory 631 MiB.
2026-10-09T08:26:47Z INFO [135/500] 67dc01f3-1cd3-482d-aa9e-c989e130c6b2: 8387 chunks; 9.5 s; peak memory 631 MiB.
2026-10-09T08:26:49Z INFO [136/500] 67dc2d6a-e458-4906-ae6a-40f5bd3c9ecd: 110 chunks; 2.2 s; peak memory 631 MiB.
2026-10-09T08:26:55Z INFO [137/500] 67dcb6df-c109-4983-8d43-970383a3f081: 3518 chunks; 6.1 s; peak memory 631 MiB.
2026-10-09T08:28:36Z INFO [138/500] 67dec5ec-603b-47ef-9c09-7219fb1e6bab: 32825 chunks; 101.0 s; peak memory 631 MiB.
2026-10-09T08:28:38Z INFO [139/500] 67deec94-647a-41c5-b872-369c2d753826: 116 chunks; 1.7 s; peak memory 631 MiB.
2026-10-09T08:28:39Z INFO [140/500] 67df6b04-1dbe-4f7e-86f9-fee96c79f0bb: 45 chunks; 1.1 s; peak memory 631 MiB.
2026-10-09T08:28:40Z INFO [141/500] 67e16ee7-1c06-4b2c-8464-8d29c4ae1604: 45 chunks; 1.7 s; peak memory 631 MiB.
2026-10-09T08:28:42Z INFO [142/500] 67e24c1e-5b16-466c-bb4c-26caf438aacf: 117 chunks; 1.8 s; peak memory 631 MiB.
2026-10-09T08:28:56Z INFO [143/500] 67e25c23-607c-4da6-9cd6-865d10303008: 20583 chunks; 13.9 s; peak memory 631 MiB.
2026-10-09T08:28:58Z INFO [144/500] 67e29621-65c8-462e-95b6-d6d063b7b74a: 48 chunks; 1.6 s; peak memory 631 MiB.
2026-10-09T08:28:59Z INFO [145/500] 67e2a6da-3097-40ad-a0f9-8e9d4ab6cdfd: 116 chunks; 1.7 s; peak memory 631 MiB.
2026-10-09T08:29:01Z INFO [146/500] 67e2fd0e-b694-4f0a-bfb1-15d4e6601245: 112 chunks; 1.7 s; peak memory 631 MiB.
2026-10-09T08:29:08Z INFO [147/500] 67e3ce6d-ceac-4e13-830c-db85159f27fc: 464 chunks; 6.6 s; peak memory 631 MiB.
2026-10-09T08:29:09Z INFO [148/500] 67e40f3c-5e1d-4dc5-b94a-f3fd257d8ae5: 63 chunks; 1.4 s; peak memory 631 MiB.
2026-10-09T08:29:10Z INFO [149/500] 67e56d6b-e78a-4b25-826e-cb42bf65e720: 48 chunks; 1.5 s; peak memory 631 MiB.
2026-10-09T08:34:25Z INFO [150/500] 67e5dc39-3f4e-478f-8abd-64bc037918f5: 75577 chunks; 314.6 s; peak memory 631 MiB.
2026-10-09T08:34:25Z INFO [150/500] 67e5dc39-3f4e-478f-8abd-64bc037918f5: checkpointed 96984 new records.
2026-10-09T08:34:28Z INFO [151/500] 67e6014e-f6b1-46fe-adae-7cc39aeea517: 71 chunks; 2.4 s; peak memory 631 MiB.
2026-10-09T08:34:29Z INFO [152/500] 67e60771-7c53-40b1-bd43-954e9b705ff7: 69 chunks; 1.3 s; peak memory 631 MiB.
2026-10-09T08:34:31Z INFO [153/500] 67e73cfa-6539-481d-b1f2-3dff062434c0: 86 chunks; 1.4 s; peak memory 631 MiB.
2026-10-09T08:34:32Z INFO [154/500] 67e7683d-6790-4f98-a6b1-d3a5aeaa74c0: 52 chunks; 1.8 s; peak memory 631 MiB.
2026-10-09T08:34:34Z INFO [155/500] 67e76cb0-d7e6-46e7-8fc3-9757f10d1cb8: 51 chunks; 1.3 s; peak memory 631 MiB.
2026-10-09T08:34:35Z INFO [156/500] 67e7b305-1a09-422e-bf4e-790bf0f8444f: 117 chunks; 1.6 s; peak memory 631 MiB.
2026-10-09T08:34:37Z INFO [157/500] 67e7bd67-2411-49b5-b777-a26ab6689b2c: 131 chunks; 2.2 s; peak memory 631 MiB.
2026-10-09T08:34:40Z INFO [158/500] 67e7cc0e-85c3-4452-add6-e4152431fd7b: 99 chunks; 2.0 s; peak memory 631 MiB.
2026-10-09T08:34:48Z INFO [159/500] 67e884db-31ef-417c-85b3-ebecc04bb338: 2919 chunks; 8.2 s; peak memory 631 MiB.
2026-10-09T08:34:55Z INFO [160/500] 67e8c5c9-40f5-444f-bec5-2f2d44e68910: 6675 chunks; 7.0 s; peak memory 631 MiB.
2026-10-09T08:34:57Z INFO [161/500] 67e8cc88-53e0-45f3-9d49-5cdc1604d5fc: 84 chunks; 1.8 s; peak memory 631 MiB.
2026-10-09T08:35:01Z INFO [162/500] 67e9016e-5731-49ed-9301-88907cd84c85: 156 chunks; 4.3 s; peak memory 631 MiB.
2026-10-09T08:35:03Z INFO [163/500] 67e9047b-3818-4d58-8080-1fd3484eb04e: 66 chunks; 2.0 s; peak memory 631 MiB.
2026-10-09T08:35:06Z INFO [164/500] 67e94ab3-66d8-47c2-827a-cb5131986e8d: 105 chunks; 3.3 s; peak memory 631 MiB.
2026-10-09T08:35:26Z INFO [165/500] 67eb5f34-2d98-445c-83ea-58d46f28d39b: 4713 chunks; 20.3 s; peak memory 631 MiB.
2026-10-09T08:35:56Z INFO [166/500] 67eb8143-ddf6-453d-82a1-0ba0b0bc12c6: 6125 chunks; 29.6 s; peak memory 631 MiB.
2026-10-09T08:35:58Z INFO [167/500] 67ec65dc-6735-4536-a469-365ec4b3a583: 112 chunks; 2.2 s; peak memory 631 MiB.
2026-10-09T08:36:02Z INFO [168/500] 67ec8bea-4544-496a-b406-e8c823b2f000: 116 chunks; 3.5 s; peak memory 631 MiB.
2026-10-09T08:36:07Z INFO [169/500] 67ecb2f6-dbef-4079-9457-3a87f206b426: 2551 chunks; 5.4 s; peak memory 631 MiB.
2026-10-09T08:36:09Z INFO [170/500] 67ecc2f6-5c94-420d-b453-e5cc5e17a56e: 77 chunks; 1.5 s; peak memory 631 MiB.
2026-10-09T08:36:10Z INFO [171/500] 67ed14ec-a1bc-4aef-bcf1-438f086b9f68: 60 chunks; 1.5 s; peak memory 631 MiB.
2026-10-09T08:36:12Z INFO [172/500] 67ed26ee-a7a8-45b8-a7c5-258081378cb8: 84 chunks; 2.2 s; peak memory 631 MiB.
2026-10-09T08:36:16Z INFO [173/500] 67edcbf5-e27a-4f63-975a-97bed817a9ed: 1061 chunks; 3.5 s; peak memory 631 MiB.
2026-10-09T08:36:17Z INFO [174/500] 67ee3f73-01dd-4b01-8514-a51ef3854cca: 118 chunks; 1.7 s; peak memory 631 MiB.
2026-10-09T08:36:20Z INFO [175/500] 67ee40b6-9e05-4c75-9c6f-eb4521fd496a: 204 chunks; 2.1 s; peak memory 631 MiB.
2026-10-09T08:36:21Z INFO [176/500] 67ee5bf3-68f5-400d-a45a-40960d448df1: 58 chunks; 1.3 s; peak memory 631 MiB.
2026-10-09T08:36:22Z INFO [177/500] 67eed19a-9a49-45e2-925f-1b4193244a44: 118 chunks; 1.7 s; peak memory 631 MiB.
2026-10-09T08:36:25Z INFO [178/500] 67eeedda-de37-4e52-8c5c-7ed5641c0623: 71 chunks; 2.3 s; peak memory 631 MiB.
2026-10-09T08:36:26Z INFO [179/500] 67ef00a1-e6db-431e-b142-145bdbd5d83e: 48 chunks; 1.3 s; peak memory 631 MiB.
2026-10-09T08:36:28Z INFO [180/500] 67efc4a3-daad-411c-8552-316572fca35b: 42 chunks; 1.5 s; peak memory 631 MiB.
2026-10-09T08:36:30Z INFO [181/500] 67f0697d-dee8-43cb-8a19-ba9ddad6a65e: 112 chunks; 2.0 s; peak memory 631 MiB.
2026-10-09T08:36:33Z INFO [182/500] 67f0b0d9-26ce-4e05-baee-837b03c7e870: 80 chunks; 3.3 s; peak memory 631 MiB.
2026-10-09T08:36:34Z INFO [183/500] 67f2046d-ce3a-407d-87b1-cd5c078aaedf: 46 chunks; 1.4 s; peak memory 631 MiB.
2026-10-09T08:36:36Z INFO [184/500] 67f22a61-a3f1-4638-b363-4ed22913e33d: 48 chunks; 1.5 s; peak memory 631 MiB.
2026-10-09T08:36:42Z INFO [185/500] 67f26356-8a13-4b76-91e5-da605615e5a4: 2549 chunks; 6.3 s; peak memory 631 MiB.
2026-10-09T08:36:44Z INFO [186/500] 67f28145-0aa4-48e7-909f-855972ba7e17: 118 chunks; 1.7 s; peak memory 631 MiB.
2026-10-09T08:37:14Z INFO [187/500] 67f2e49e-e280-4431-956e-1d3e6e748b4f: 6576 chunks; 30.5 s; peak memory 631 MiB.
2026-10-09T08:37:16Z INFO [188/500] 67f34d95-1b98-4353-9cb8-569c2cc4403e: 47 chunks; 1.5 s; peak memory 631 MiB.
2026-10-09T08:37:19Z INFO [189/500] 67f46f4e-66d6-414c-913d-0002a94a6201: 146 chunks; 3.0 s; peak memory 631 MiB.
2026-10-09T08:37:37Z INFO [190/500] 67f54acd-3dc9-4605-92ec-266eaa8c85eb: 8229 chunks; 18.0 s; peak memory 631 MiB.
2026-10-09T08:37:38Z INFO [191/500] 67f9045f-3fc8-4343-aca3-e7abd599f481: 48 chunks; 1.5 s; peak memory 631 MiB.
2026-10-09T08:37:41Z INFO [192/500] 67fa9fe7-9a8d-4313-a29d-83635a0c155c: 71 chunks; 2.3 s; peak memory 631 MiB.
2026-10-09T08:37:42Z INFO [193/500] 67faa820-d666-4de6-be21-f75a985d703c: 51 chunks; 1.1 s; peak memory 631 MiB.
2026-10-09T08:37:44Z INFO [194/500] 67fabfa4-4f87-4aa8-a56b-36bc7257e4c4: 112 chunks; 2.0 s; peak memory 631 MiB.
2026-10-09T08:37:51Z INFO [195/500] 67fac176-e05d-4547-ae24-da73b11ab95d: 4037 chunks; 7.3 s; peak memory 631 MiB.
2026-10-09T08:37:53Z INFO [196/500] 67facf12-1d2a-4242-9133-67d0701dac0d: 116 chunks; 1.7 s; peak memory 631 MiB.
2026-10-09T08:37:54Z INFO [197/500] 67fb2818-2e04-4940-b0c2-54850ef3d401: 48 chunks; 1.4 s; peak memory 631 MiB.
2026-10-09T08:37:57Z INFO [198/500] 67fb4808-88b5-47c7-8dc1-a4c6a9389747: 168 chunks; 3.3 s; peak memory 631 MiB.
2026-10-09T08:38:04Z INFO [199/500] 67fbd766-7127-4c6f-b54d-8c14ff820c2e: 10565 chunks; 6.6 s; peak memory 631 MiB.
2026-10-09T08:38:06Z INFO [200/500] 67fbf1fc-02e2-41ea-a05c-840e8ed21688: 112 chunks; 1.9 s; peak memory 631 MiB.
2026-10-09T08:38:06Z INFO [200/500] 67fbf1fc-02e2-41ea-a05c-840e8ed21688: checkpointed 97034 new records.
2026-10-09T08:38:07Z INFO [201/500] 67fc18dc-f263-463c-b1d0-8de0791f5d6b: 46 chunks; 1.2 s; peak memory 631 MiB.
2026-10-09T08:38:09Z INFO [202/500] 67fcfa52-16bc-4c23-aba9-9c7d7d93a36b: 109 chunks; 1.7 s; peak memory 631 MiB.
2026-10-09T08:38:10Z INFO [203/500] 67fd4d06-d9e0-49ad-a171-9195c2a183d2: 48 chunks; 1.4 s; peak memory 631 MiB.
2026-10-09T08:45:32Z INFO [204/500] 67fdb6cb-9097-476f-8f73-3240c89f51b0: 1916257 chunks; 441.7 s; peak memory 1446 MiB.
2026-10-09T08:45:34Z INFO [205/500] 67fe657f-8809-4574-ae86-694278726c7c: 48 chunks; 1.5 s; peak memory 1446 MiB.
2026-10-09T08:45:35Z INFO [206/500] 67feeaad-480d-41c4-b256-0333f73d6005: 48 chunks; 1.6 s; peak memory 1446 MiB.
2026-10-09T08:46:05Z INFO [207/500] 67ff0c5f-af89-471d-bc73-aa37a6e54569: 6040 chunks; 29.3 s; peak memory 1446 MiB.
2026-10-09T08:46:06Z INFO [208/500] 67ff90fa-3d36-4e91-8cc1-6655e72775d8: 117 chunks; 1.5 s; peak memory 1446 MiB.
2026-10-09T08:46:08Z INFO [209/500] 67fff43f-2d1f-445c-aa0b-480783c0e0bc: 52 chunks; 1.6 s; peak memory 1446 MiB.
2026-10-09T08:46:09Z INFO [210/500] 68002324-b902-418e-a542-b24accb262c6: 46 chunks; 1.3 s; peak memory 1446 MiB.
2026-10-09T08:46:12Z INFO [211/500] 68003c86-59cf-4df0-a46b-2e669f418a1c: 116 chunks; 3.3 s; peak memory 1446 MiB.
2026-10-09T08:46:14Z INFO [212/500] 6800c839-c240-4d07-917e-85f5cb04676d: 52 chunks; 1.5 s; peak memory 1446 MiB.
2026-10-09T08:46:15Z INFO [213/500] 6800eb4e-56d2-4def-b6da-fc83b1568939: 48 chunks; 1.5 s; peak memory 1446 MiB.
2026-10-09T08:46:16Z INFO [214/500] 6800fcda-f94a-4b41-b687-3317b85b595c: 33 chunks; 1.0 s; peak memory 1446 MiB.
2026-10-09T08:46:18Z INFO [215/500] 6801ef95-de53-47d1-a3cf-e7744e4a13b3: 48 chunks; 1.3 s; peak memory 1446 MiB.
2026-10-09T08:46:20Z INFO [216/500] 68025105-f159-49ed-a6fa-0b73f1d3b492: 131 chunks; 2.0 s; peak memory 1446 MiB.
2026-10-09T08:46:22Z INFO [217/500] 6802758e-4dbc-4771-a396-44b765fb8449: 106 chunks; 2.3 s; peak memory 1446 MiB.
2026-10-09T08:46:23Z INFO [218/500] 6802a3bb-ef0f-4dd1-985b-3459930fa83c: 112 chunks; 1.5 s; peak memory 1446 MiB.
2026-10-09T08:46:35Z INFO [219/500] 68032022-9c62-4105-9ef4-b72daa7404d9: 391 chunks; 11.5 s; peak memory 1446 MiB.
2026-10-09T08:46:37Z INFO [220/500] 680342de-3ef4-4b0a-97b2-696d6dd0d4e9: 69 chunks; 1.7 s; peak memory 1446 MiB.
2026-10-09T08:46:39Z INFO [221/500] 68035c49-ad1a-4a4d-a521-4ebf21e60f51: 112 chunks; 2.3 s; peak memory 1446 MiB.
2026-10-09T08:46:45Z INFO [222/500] 68037385-8d68-480c-944f-f209ffb3abe9: 923 chunks; 6.4 s; peak memory 1446 MiB.
2026-10-09T08:46:47Z INFO [223/500] 6803f94e-b770-4b9a-bc44-3a24c42ad527: 45 chunks; 1.2 s; peak memory 1446 MiB.
2026-10-09T08:46:56Z INFO [224/500] 6804d62a-beef-444e-bf5e-a6ec5325b7bb: 18468 chunks; 9.6 s; peak memory 1446 MiB.
2026-10-09T08:46:59Z INFO [225/500] 68050203-391d-417e-aca6-026d2d13d04e: 106 chunks; 2.8 s; peak memory 1446 MiB.
2026-10-09T08:47:01Z INFO [226/500] 6805f0f6-9a85-4d12-a8db-0bcba0fc261a: 52 chunks; 1.5 s; peak memory 1446 MiB.
2026-10-09T08:47:03Z INFO [227/500] 6806594f-ebb1-4b72-84b1-f1c11d0886d9: 71 chunks; 2.2 s; peak memory 1446 MiB.
2026-10-09T08:47:04Z INFO [228/500] 680785a7-38fa-40ac-b5cf-4b89dd210a03: 46 chunks; 1.5 s; peak memory 1446 MiB.
2026-10-09T08:47:06Z INFO [229/500] 6808181c-5ca0-42e8-b3bd-74ad8d237513: 51 chunks; 1.3 s; peak memory 1446 MiB.
2026-10-09T08:47:08Z INFO [230/500] 6809e71b-a3f1-4fa1-b7c3-082c0fdd8817: 110 chunks; 2.8 s; peak memory 1446 MiB.
2026-10-09T08:47:11Z INFO [231/500] 680d2749-01de-4f4d-8973-0dc3df4dd76f: 112 chunks; 2.3 s; peak memory 1446 MiB.
2026-10-09T08:47:13Z INFO [232/500] 680d6375-741b-45e4-9e0a-69b54e8ddb03: 118 chunks; 1.9 s; peak memory 1446 MiB.
2026-10-09T08:47:14Z INFO [233/500] 680d669b-2f63-418d-8d33-48ee6bb3545a: 52 chunks; 1.5 s; peak memory 1446 MiB.
2026-10-09T08:47:16Z INFO [234/500] 680da5d2-1034-4ad6-988b-3cf2c32781e6: 66 chunks; 2.2 s; peak memory 1446 MiB.
2026-10-09T08:47:17Z INFO [235/500] 680de791-c6bf-4079-a247-443d7fec9453: 56 chunks; 1.1 s; peak memory 1446 MiB.
2026-10-09T08:47:19Z INFO [236/500] 680ea79e-8c07-49f6-8a1d-1fe533d173ef: 301 chunks; 1.6 s; peak memory 1446 MiB.
2026-10-09T08:47:21Z INFO [237/500] 680ebd2b-b53b-4898-8f45-ae19531801ef: 69 chunks; 2.3 s; peak memory 1446 MiB.
2026-10-09T08:47:24Z INFO [238/500] 680fc2af-19e6-4538-9502-eeff2ed9f0d1: 168 chunks; 3.2 s; peak memory 1446 MiB.
2026-10-09T08:47:26Z INFO [239/500] 681033fc-246a-436f-8e59-1b80f79fff5b: 106 chunks; 1.7 s; peak memory 1446 MiB.
2026-10-09T08:47:28Z INFO [240/500] 68108637-0943-4ec8-8a70-8369d5e517e6: 48 chunks; 1.5 s; peak memory 1446 MiB.
2026-10-09T08:47:30Z INFO [241/500] 68116143-02b5-4432-b639-2afbee034276: 110 chunks; 2.2 s; peak memory 1446 MiB.
2026-10-09T08:47:45Z INFO [242/500] 6811ae7b-3945-40d9-9c3b-c623f7734ae3: 13053 chunks; 15.1 s; peak memory 1446 MiB.
2026-10-09T08:48:14Z INFO [243/500] 6811c7c7-e7f9-497b-b5da-bef82d723dd6: 6054 chunks; 28.7 s; peak memory 1446 MiB.
2026-10-09T08:48:26Z INFO [244/500] 68124c4f-ed6b-4e58-a071-bb9a621fb9ee: 12702 chunks; 12.6 s; peak memory 1446 MiB.
2026-10-09T08:48:28Z INFO [245/500] 68125304-35ef-4413-a03d-ce22c482962d: 112 chunks; 2.0 s; peak memory 1446 MiB.
2026-10-09T08:48:33Z INFO [246/500] 6813b09d-571d-46eb-9877-cfc7f4e68cc8: 1585 chunks; 4.5 s; peak memory 1446 MiB.
2026-10-09T08:48:36Z INFO [247/500] 68144da9-5a14-42ee-93bc-706de243dad1: 116 chunks; 2.9 s; peak memory 1446 MiB.
2026-10-09T08:48:37Z INFO [248/500] 6814a6d6-381a-4fa5-8017-1745d6d9a02a: 117 chunks; 1.7 s; peak memory 1446 MiB.
2026-10-09T08:48:39Z INFO [249/500] 6814be96-8bc6-4590-95a2-c5bbab3ef047: 67 chunks; 2.0 s; peak memory 1446 MiB.
2026-10-09T08:48:42Z INFO [250/500] 6814e805-79c8-46dd-bd6f-4b49689dc9f4: 937 chunks; 2.7 s; peak memory 1446 MiB.
2026-10-09T08:48:42Z INFO [250/500] 6814e805-79c8-46dd-bd6f-4b49689dc9f4: checkpointed 97084 new records.
2026-10-09T08:48:45Z INFO [251/500] 6815b046-0389-4a55-9b55-417817a4bad6: 71 chunks; 3.0 s; peak memory 1446 MiB.
2026-10-09T08:48:47Z INFO [252/500] 6815c332-69cd-4f6e-aae5-b6b38b9eefb4: 117 chunks; 1.7 s; peak memory 1446 MiB.
2026-10-09T08:48:49Z INFO [253/500] 68162705-5377-4d7e-a109-a15aa23441c1: 48 chunks; 1.5 s; peak memory 1446 MiB.
2026-10-09T08:48:52Z INFO [254/500] 681655cc-11b1-4ca3-b7c1-1238fbc83d1d: 124 chunks; 3.3 s; peak memory 1446 MiB.
2026-10-09T08:48:53Z INFO [255/500] 68166d9e-b346-4759-aef5-4e90f37f85c9: 117 chunks; 1.6 s; peak memory 1446 MiB.
2026-10-09T08:48:56Z INFO [256/500] 68167631-2cd4-432d-96d4-09abf7f6451f: 112 chunks; 2.3 s; peak memory 1446 MiB.
2026-10-09T08:48:57Z INFO [257/500] 68178c02-88fa-4982-b677-32b96142b3e8: 50 chunks; 1.2 s; peak memory 1446 MiB.
2026-10-09T08:49:13Z INFO [258/500] 68180eab-36a9-4c20-8012-94fc6e45827e: 17109 chunks; 15.6 s; peak memory 1446 MiB.
2026-10-09T08:49:14Z INFO [259/500] 6818b9af-6185-4f83-a70f-e47bee26f888: 56 chunks; 1.2 s; peak memory 1446 MiB.
2026-10-09T08:49:22Z INFO [260/500] 6818d810-67a8-4b35-8767-fc3347a72f39: 15098 chunks; 8.5 s; peak memory 1446 MiB.
2026-10-09T08:49:24Z INFO [261/500] 68196d62-a951-453a-9e30-9da940fc6ef0: 48 chunks; 1.5 s; peak memory 1446 MiB.
2026-10-09T08:49:26Z INFO [262/500] 681991ba-b9ba-4659-a89e-ba585c11eeb2: 59 chunks; 1.8 s; peak memory 1446 MiB.
2026-10-09T08:49:34Z INFO [263/500] 681adf59-9a5d-42e5-9435-de5d2d6734ff: 2923 chunks; 8.2 s; peak memory 1446 MiB.
2026-10-09T08:49:35Z INFO [264/500] 681aec05-b657-4110-aeb2-a505c7041ef8: 116 chunks; 1.7 s; peak memory 1446 MiB.
2026-10-09T08:49:37Z INFO [265/500] 681b16b5-eba3-4ae2-94a6-4cf533988af4: 48 chunks; 1.4 s; peak memory 1446 MiB.
2026-10-09T08:49:40Z INFO [266/500] 681b7113-fc88-4589-aadb-dc16b5719077: 115 chunks; 3.3 s; peak memory 1446 MiB.
2026-10-09T08:49:42Z INFO [267/500] 681bc014-1efa-4ca6-afde-c1ad64196e14: 112 chunks; 2.3 s; peak memory 1446 MiB.
2026-10-09T08:49:44Z INFO [268/500] 681c0e29-274d-41e4-a850-0afd9a53d925: 117 chunks; 1.6 s; peak memory 1446 MiB.
2026-10-09T08:49:46Z INFO [269/500] 681c9bb7-77ac-4232-a7f4-ac1e1ac75545: 48 chunks; 1.4 s; peak memory 1446 MiB.
2026-10-09T08:49:47Z INFO [270/500] 681d26ea-8d70-4f71-b897-a527732dea53: 66 chunks; 1.9 s; peak memory 1446 MiB.
2026-10-09T08:49:52Z INFO [271/500] 681d461d-1e1e-45c9-be2e-2a364614f8fd: 133 chunks; 4.5 s; peak memory 1446 MiB.
2026-10-09T08:49:53Z INFO [272/500] 681d4651-f1e1-4e48-95b5-7c3561e46553: 48 chunks; 1.5 s; peak memory 1446 MiB.
2026-10-09T08:49:55Z INFO [273/500] 681ec5a5-6d10-4253-89ce-ce54c92b6d5e: 68 chunks; 1.1 s; peak memory 1446 MiB.
2026-10-09T08:49:56Z INFO [274/500] 681f8b28-e84e-45d4-9310-03d8b1e42cf1: 48 chunks; 1.5 s; peak memory 1446 MiB.
2026-10-09T08:50:00Z INFO [275/500] 681fb3cb-b5b8-489e-a535-916a5c14a959: 115 chunks; 3.5 s; peak memory 1446 MiB.
2026-10-09T08:50:01Z INFO [276/500] 68203e5f-9d9c-4d1f-a9ad-90fb0c5c3339: 48 chunks; 1.6 s; peak memory 1446 MiB.
2026-10-09T08:50:03Z INFO [277/500] 68213dda-b3ff-418d-b5f7-75a75762149c: 48 chunks; 1.4 s; peak memory 1446 MiB.
2026-10-09T08:50:04Z INFO [278/500] 68214200-be3d-4063-af26-afe2aa00d928: 118 chunks; 1.7 s; peak memory 1446 MiB.
2026-10-09T09:31:59Z INFO [279/500] 6821594c-b7b8-4fc4-8c20-5b0406dd0dc8: 900586 chunks; 2514.2 s; peak memory 1446 MiB.
2026-10-09T09:32:02Z INFO [280/500] 682178cc-66d5-4366-b934-94b64731b0e5: 90 chunks; 3.3 s; peak memory 1446 MiB.
2026-10-09T09:32:03Z INFO [281/500] 6821e33f-70a5-4ec7-a0e2-01697e0bb063: 37 chunks; 1.3 s; peak memory 1446 MiB.
2026-10-09T09:32:04Z INFO [282/500] 6821eb3e-1cb3-4e92-a489-256aee2a8987: 48 chunks; 1.3 s; peak memory 1446 MiB.
2026-10-09T09:32:07Z INFO [283/500] 6822e2e0-ae5d-41e8-83ce-341ced919f4c: 112 chunks; 2.1 s; peak memory 1446 MiB.
2026-10-09T09:32:08Z INFO [284/500] 68233f89-2b27-4987-ba56-42761ba46883: 48 chunks; 1.6 s; peak memory 1446 MiB.
2026-10-09T09:32:11Z INFO [285/500] 6823884c-393e-4473-88cf-1931a5b72cf6: 997 chunks; 3.2 s; peak memory 1446 MiB.
2026-10-09T09:32:13Z INFO [286/500] 68238fc6-764d-46b9-a1e2-cdb08172cb8b: 117 chunks; 1.6 s; peak memory 1446 MiB.
2026-10-09T09:32:15Z INFO [287/500] 6823c051-7455-4fa3-b1a8-d7d051b50e5b: 117 chunks; 1.8 s; peak memory 1446 MiB.
2026-10-09T09:32:17Z INFO [288/500] 6823ed1d-4995-42bf-ba9a-82cba8a80d8b: 71 chunks; 2.6 s; peak memory 1446 MiB.
2026-10-09T09:32:25Z INFO [289/500] 68249f4a-b486-45bc-8b2b-a01b8c1e97ad: 13506 chunks; 7.7 s; peak memory 1446 MiB.
2026-10-09T09:32:26Z INFO [290/500] 6824ba04-aabb-46ef-91d0-0cf108d5db52: 70 chunks; 1.4 s; peak memory 1446 MiB.
2026-10-09T09:38:22Z INFO [291/500] 6824ea4b-ac03-400e-8e0f-3a2d68b328ee: 1916257 chunks; 356.0 s; peak memory 1446 MiB.
2026-10-09T09:38:26Z INFO [292/500] 68251643-39c6-473c-b2ca-cc7192c22d72: 115 chunks; 3.4 s; peak memory 1446 MiB.
2026-10-09T09:38:27Z INFO [293/500] 68259f49-070d-4fbd-b308-4c29cc7486f4: 48 chunks; 1.4 s; peak memory 1446 MiB.
2026-10-09T09:38:28Z INFO [294/500] 682616d3-ee7b-410c-92ae-87885ddf1344: 54 chunks; 1.2 s; peak memory 1446 MiB.
2026-10-09T09:38:35Z INFO [295/500] 68269995-8216-4078-b7ea-fa3a09a19bd3: 8473 chunks; 7.1 s; peak memory 1446 MiB.
2026-10-09T10:27:21Z INFO [296/500] 6826f1e2-6cf5-4654-9e40-360040014530: 480115 chunks; 2926.0 s; peak memory 1446 MiB.
2026-10-09T10:27:36Z INFO [297/500] 6826f2ce-d954-49b2-8cd6-88ddfa7dbbca: 11417 chunks; 14.5 s; peak memory 1446 MiB.
2026-10-09T10:27:46Z INFO [298/500] 68275ef9-9a36-4c37-b3d3-4f2f92282c53: 41971 chunks; 10.1 s; peak memory 1446 MiB.
2026-10-09T10:27:48Z INFO [299/500] 6827c7a7-8646-45d6-baa9-7f3f02935dbd: 111 chunks; 2.3 s; peak memory 1446 MiB.
2026-10-09T10:27:50Z INFO [300/500] 6827e976-a7ab-450f-bccd-b779c46fd88b: 48 chunks; 1.5 s; peak memory 1446 MiB.
2026-10-09T10:27:50Z INFO [300/500] 6827e976-a7ab-450f-bccd-b779c46fd88b: checkpointed 97134 new records.
2026-10-09T10:27:58Z INFO [301/500] 68282e57-7801-472c-9f4d-214a8e200700: 323 chunks; 7.5 s; peak memory 1446 MiB.
2026-10-09T10:28:02Z INFO [302/500] 68283f91-534f-428c-815c-5af82db285a0: 213 chunks; 4.1 s; peak memory 1446 MiB.
2026-10-09T10:28:05Z INFO [303/500] 6828efb5-83ea-4706-8c7d-051219968afe: 125 chunks; 3.0 s; peak memory 1446 MiB.
2026-10-09T10:28:06Z INFO [304/500] 6828f6a5-7fbd-437d-b994-a75c73119f3a: 119 chunks; 1.5 s; peak memory 1446 MiB.
2026-10-09T10:30:44Z INFO [305/500] 682a7218-5b98-402b-8a8f-5b5b8a4d32c9: 40440 chunks; 157.5 s; peak memory 1446 MiB.
2026-10-09T10:30:45Z INFO [306/500] 682a9f90-1dfb-464a-812e-42b8a9c849fc: 48 chunks; 1.6 s; peak memory 1446 MiB.
2026-10-09T10:30:48Z INFO [307/500] 682b0ba9-0580-4463-a6fb-da6bdf4283f2: 74 chunks; 2.4 s; peak memory 1446 MiB.
2026-10-09T10:31:08Z INFO [308/500] 682dcf2a-1970-42fb-92f3-380530e92582: 8232 chunks; 20.7 s; peak memory 1446 MiB.
2026-10-09T10:31:10Z INFO [309/500] 682e944e-0e18-4d36-97f4-95b55385b683: 48 chunks; 1.6 s; peak memory 1446 MiB.
2026-10-09T10:31:18Z INFO [310/500] 682edd53-65a5-470a-a50f-0637e3cf6c3e: 15054 chunks; 8.2 s; peak memory 1446 MiB.
2026-10-09T10:31:30Z INFO [311/500] 682fc94b-31fd-465b-9d7a-bb2276da2554: 5930 chunks; 11.7 s; peak memory 1446 MiB.
2026-10-09T10:31:32Z INFO [312/500] 683021b3-86c1-4ad9-9e80-2049c52e61de: 48 chunks; 1.5 s; peak memory 1446 MiB.
2026-10-09T10:31:50Z INFO [313/500] 6830f3aa-ea0f-4c1b-96e7-131fe73ffcee: 31438 chunks; 18.3 s; peak memory 1446 MiB.
2026-10-09T10:31:53Z INFO [314/500] 68310c18-e6b1-4e0c-ab3d-e35b727eae28: 115 chunks; 3.6 s; peak memory 1446 MiB.
2026-10-09T10:31:55Z INFO [315/500] 68311a6a-43b8-4bb0-acbf-a1c40352436f: 48 chunks; 1.6 s; peak memory 1446 MiB.
2026-10-09T10:33:03Z INFO [316/500] 6831706c-8dba-4380-b3ad-18bc75e205de: 36602 chunks; 68.0 s; peak memory 1446 MiB.
2026-10-09T10:33:05Z INFO [317/500] 6831b5b2-c221-4cd0-898d-306c69debcae: 48 chunks; 1.5 s; peak memory 1446 MiB.
2026-10-09T10:33:06Z INFO [318/500] 6831fbfa-f34c-4ded-a9ad-97f14aea4ca2: 48 chunks; 1.5 s; peak memory 1446 MiB.
2026-10-09T10:33:08Z INFO [319/500] 68320b4c-69f9-4952-baae-e151529f8287: 117 chunks; 1.7 s; peak memory 1446 MiB.
2026-10-09T10:33:10Z INFO [320/500] 68333823-05ed-4b62-9b1c-a1db7f83cf72: 64 chunks; 1.9 s; peak memory 1446 MiB.
2026-10-09T10:33:12Z INFO [321/500] 68342edf-b6ae-4bbe-9cd5-c09119c1f40e: 121 chunks; 2.7 s; peak memory 1446 MiB.
2026-10-09T10:33:14Z INFO [322/500] 68346a31-4b7d-44db-8f05-08ce869b3971: 112 chunks; 1.4 s; peak memory 1446 MiB.
2026-10-09T10:33:15Z INFO [323/500] 6834db1b-e282-4bb4-918d-234f67727158: 48 chunks; 1.5 s; peak memory 1446 MiB.
2026-10-09T10:33:17Z INFO [324/500] 6835a17e-9dd3-43f3-a8d4-8f1214f83598: 117 chunks; 1.7 s; peak memory 1446 MiB.
2026-10-09T10:33:23Z INFO [325/500] 6835d390-e731-477a-bd0a-ba31d69e6beb: 4823 chunks; 6.3 s; peak memory 1446 MiB.
2026-10-09T10:33:54Z INFO [326/500] 6835dce9-97b8-4011-92f7-7d7c289d5945: 12636 chunks; 30.3 s; peak memory 1446 MiB.
2026-10-09T10:33:55Z INFO [327/500] 6835e1b9-e0cb-457b-949e-6d8db0c87bc9: 48 chunks; 1.5 s; peak memory 1446 MiB.
2026-10-09T10:33:56Z INFO [328/500] 6836888c-4bc6-4029-95b5-2b6589109935: 46 chunks; 1.1 s; peak memory 1446 MiB.
2026-10-09T10:34:03Z INFO [329/500] 6836e29b-0b28-40c0-a85a-6e078c367262: 12085 chunks; 6.5 s; peak memory 1446 MiB.
2026-10-09T10:34:04Z INFO [330/500] 683949a7-3404-425b-a80a-45b74f534614: 44 chunks; 1.2 s; peak memory 1446 MiB.
2026-10-09T10:40:03Z INFO [331/500] 683c138a-185d-46d1-9db0-1b13a9b387d0: 1916257 chunks; 359.5 s; peak memory 1446 MiB.
2026-10-09T10:40:05Z INFO [332/500] 683c49c1-825d-499a-a15d-9c67d3b37a0c: 117 chunks; 1.7 s; peak memory 1446 MiB.
2026-10-09T10:40:07Z INFO [333/500] 683c4ad3-f71b-4864-bcfb-10a97b1418f2: 48 chunks; 1.5 s; peak memory 1446 MiB.
2026-10-09T10:40:09Z INFO [334/500] 683c7cd5-ad69-439f-a283-01c8431a51cf: 117 chunks; 1.9 s; peak memory 1446 MiB.
2026-10-09T10:40:10Z INFO [335/500] 683c8afb-3f59-4ca7-a4dc-546b5b48784c: 117 chunks; 1.7 s; peak memory 1446 MiB.
2026-10-09T10:40:12Z INFO [336/500] 683d68e2-0ae0-4597-811e-9d02dad41cde: 118 chunks; 1.6 s; peak memory 1446 MiB.
2026-10-09T10:40:14Z INFO [337/500] 683e4291-9136-4510-b859-f8b52d3891c0: 289 chunks; 2.0 s; peak memory 1446 MiB.
2026-10-09T10:40:17Z INFO [338/500] 683e8125-f2ea-4359-b16c-e6da9d414ba6: 186 chunks; 3.5 s; peak memory 1446 MiB.
2026-10-09T10:40:19Z INFO [339/500] 683e97d1-75a7-4ece-8ff5-23569d7cb499: 117 chunks; 1.7 s; peak memory 1446 MiB.
2026-10-09T10:40:20Z INFO [340/500] 683ef6a0-4a01-4ced-9376-7c3c0b66cb7f: 76 chunks; 1.3 s; peak memory 1446 MiB.
2026-10-09T10:40:22Z INFO [341/500] 683f2d59-38b6-4eaf-a98d-f21b2110a6ac: 48 chunks; 1.5 s; peak memory 1446 MiB.
2026-10-09T10:40:23Z INFO [342/500] 68402275-0379-4018-912b-4fca44de96ff: 46 chunks; 1.1 s; peak memory 1446 MiB.
2026-10-09T10:40:24Z INFO [343/500] 6841522e-351e-4491-ae03-c379d3e29b26: 110 chunks; 1.2 s; peak memory 1446 MiB.
2026-10-09T10:40:26Z INFO [344/500] 6841dcbc-9901-4551-aa6d-dee49a220052: 84 chunks; 1.8 s; peak memory 1446 MiB.
2026-10-09T10:40:28Z INFO [345/500] 6841f0e1-f767-45f6-bcfb-29c2fc357a7f: 76 chunks; 2.0 s; peak memory 1446 MiB.
2026-10-09T10:40:54Z INFO [346/500] 6841f314-c0e4-4e7e-b62d-787fbbc46b72: 1155 chunks; 26.0 s; peak memory 1446 MiB.
2026-10-09T10:40:56Z INFO [347/500] 684223b1-f446-41d2-be0f-ccd3e88b7d35: 51 chunks; 2.3 s; peak memory 1446 MiB.
2026-10-09T10:40:58Z INFO [348/500] 684398f4-37e9-4619-b080-e627cac015af: 46 chunks; 1.5 s; peak memory 1446 MiB.
2026-10-09T10:41:01Z INFO [349/500] 6843d3d6-261d-43e1-a4c8-987cf72966fd: 997 chunks; 2.9 s; peak memory 1446 MiB.
2026-10-09T10:41:03Z INFO [350/500] 6843f943-012c-4302-95e2-93cbe974c45e: 112 chunks; 1.9 s; peak memory 1446 MiB.
2026-10-09T10:41:03Z INFO [350/500] 6843f943-012c-4302-95e2-93cbe974c45e: checkpointed 97184 new records.
2026-10-09T10:41:06Z INFO [351/500] 6843fd30-8483-4f5f-ba9f-d2f82d91e470: 1104 chunks; 3.1 s; peak memory 1446 MiB.
2026-10-09T10:41:08Z INFO [352/500] 6844a14a-995e-4ec9-92da-81eb5f21dfe3: 117 chunks; 1.6 s; peak memory 1446 MiB.
2026-10-09T10:41:15Z INFO [353/500] 68463be9-9a9d-4d59-a688-9b13d1369cdd: 238 chunks; 7.3 s; peak memory 1446 MiB.
2026-10-09T10:41:17Z INFO [354/500] 68468c32-3be3-47b7-8b3e-ba2d2a4c389c: 83 chunks; 1.7 s; peak memory 1446 MiB.
2026-10-09T10:41:19Z INFO [355/500] 68469eab-21fe-4bb9-98db-9368735c3ce8: 66 chunks; 2.7 s; peak memory 1446 MiB.
2026-10-09T10:41:22Z INFO [356/500] 6846d407-85bf-45cf-b3d0-14a7bfc03630: 71 chunks; 2.6 s; peak memory 1446 MiB.
2026-10-09T10:41:25Z INFO [357/500] 6847335d-f6c0-490e-8ed7-df34723a01e3: 66 chunks; 2.7 s; peak memory 1446 MiB.
2026-10-09T10:41:26Z INFO [358/500] 68486a54-9c56-4256-9d07-6a60258b3dec: 74 chunks; 1.8 s; peak memory 1446 MiB.
2026-10-09T10:41:28Z INFO [359/500] 68494ae0-2fde-4f3d-8761-8f97af7756d0: 116 chunks; 1.7 s; peak memory 1446 MiB.
2026-10-09T10:41:34Z INFO [360/500] 68499e15-ce8b-4741-b7eb-4e03dfc50bde: 3884 chunks; 6.0 s; peak memory 1446 MiB.
2026-10-09T10:41:36Z INFO [361/500] 6849b3ee-c53c-48f8-94a2-319d37b721a8: 117 chunks; 1.7 s; peak memory 1446 MiB.
2026-10-09T10:41:38Z INFO [362/500] 684a4aa9-fbea-4b93-bf93-b03d38dc7138: 112 chunks; 2.0 s; peak memory 1446 MiB.
2026-10-09T10:41:39Z INFO [363/500] 684a8b61-dab3-4477-ba57-602e40e848f4: 56 chunks; 1.2 s; peak memory 1446 MiB.
2026-10-09T10:41:41Z INFO [364/500] 684af05b-931c-401b-9400-cf2345d3156d: 48 chunks; 1.4 s; peak memory 1446 MiB.
2026-10-09T10:41:49Z INFO [365/500] 684b5142-7a6b-444a-aea8-9970dd4e8dbb: 2923 chunks; 8.6 s; peak memory 1446 MiB.
2026-10-09T10:41:51Z INFO [366/500] 684b6f1a-cb7d-455c-a2f6-7b94e6b3ee26: 66 chunks; 2.1 s; peak memory 1446 MiB.
2026-10-09T10:41:53Z INFO [367/500] 684c4878-6865-4e57-9503-56a8a343e782: 48 chunks; 1.5 s; peak memory 1446 MiB.
2026-10-09T10:41:56Z INFO [368/500] 684c944f-84c5-470b-8db5-39581e3749af: 115 chunks; 3.2 s; peak memory 1446 MiB.
2026-10-09T10:41:58Z INFO [369/500] 684d7f1d-ed5d-4c18-9706-5bfd348695af: 275 chunks; 2.2 s; peak memory 1446 MiB.
2026-10-09T10:42:00Z INFO [370/500] 684dda03-940a-4aef-87dc-0fe74bff7569: 117 chunks; 1.7 s; peak memory 1446 MiB.
2026-10-09T10:42:10Z INFO [371/500] 684e1dc8-914c-4fe6-9d22-b4d6f0ebdc22: 5812 chunks; 10.3 s; peak memory 1446 MiB.
2026-10-09T10:42:13Z INFO [372/500] 684e3d28-e680-4d5d-a3e8-0e7920dbb4c1: 112 chunks; 2.3 s; peak memory 1446 MiB.
2026-10-09T10:42:14Z INFO [373/500] 684e70c6-aaca-4af8-a0b5-7ca6f7a1765f: 112 chunks; 1.9 s; peak memory 1446 MiB.
2026-10-09T10:42:21Z INFO [374/500] 684e9880-fa28-4e5a-8869-ebcc328639d5: 168 chunks; 6.6 s; peak memory 1446 MiB.
2026-10-09T10:42:24Z INFO [375/500] 684eaed4-ef87-4d68-a7ee-fea1a755d805: 937 chunks; 2.7 s; peak memory 1446 MiB.
2026-10-09T10:42:25Z INFO [376/500] 684ecfa0-632b-4d8c-9fda-b5a1256ffa52: 116 chunks; 1.7 s; peak memory 1446 MiB.
2026-10-09T10:42:27Z INFO [377/500] 684faa6d-6334-4c97-86e7-cb6470c22aa5: 48 chunks; 1.5 s; peak memory 1446 MiB.
2026-10-09T10:45:00Z INFO [378/500] 6850782b-5147-44cf-803f-6c44a2792504: 37872 chunks; 153.0 s; peak memory 1446 MiB.
2026-10-09T10:45:02Z INFO [379/500] 6850900f-f624-471f-8f7b-a9ea98494c05: 117 chunks; 1.9 s; peak memory 1446 MiB.
2026-10-09T10:45:03Z INFO [380/500] 6851dc4f-7ca9-4548-8a09-ec8e7f11b8bb: 48 chunks; 1.4 s; peak memory 1446 MiB.
2026-10-09T10:45:05Z INFO [381/500] 6852ac8b-553c-4075-ab80-373070573664: 48 chunks; 1.4 s; peak memory 1446 MiB.
2026-10-09T10:45:08Z INFO [382/500] 6853df75-b1a2-4aec-a191-f822d3947e1e: 115 chunks; 3.4 s; peak memory 1446 MiB.
2026-10-09T10:45:18Z INFO [383/500] 68543b1f-82c0-45ea-9d63-584949c570cb: 11547 chunks; 10.1 s; peak memory 1446 MiB.
2026-10-09T10:45:19Z INFO [384/500] 68544399-2c3f-4453-a850-ad859a6c6faf: 41 chunks; 1.4 s; peak memory 1446 MiB.
2026-10-09T10:45:21Z INFO [385/500] 68545bf9-589f-40ce-98d1-68eddff485ac: 48 chunks; 1.3 s; peak memory 1446 MiB.
2026-10-09T10:45:22Z INFO [386/500] 68549b5c-6afe-4acf-a2ab-ffa539aa3306: 48 chunks; 1.4 s; peak memory 1446 MiB.
2026-10-09T10:45:24Z INFO [387/500] 6854d040-1e54-418c-88d9-63dd9c98059f: 117 chunks; 1.8 s; peak memory 1446 MiB.
2026-10-09T10:45:25Z INFO [388/500] 6855926d-22bb-43aa-a6ef-c8785f2815f4: 47 chunks; 1.3 s; peak memory 1446 MiB.
2026-10-09T10:45:29Z INFO [389/500] 6855b277-0af9-48fb-9888-f103d6ede703: 603 chunks; 3.6 s; peak memory 1446 MiB.
2026-10-09T10:45:30Z INFO [390/500] 6855e366-acb4-4a8a-b200-2a4cfdcd223c: 45 chunks; 1.2 s; peak memory 1446 MiB.
2026-10-09T10:45:31Z INFO [391/500] 68562d70-9a63-44cf-ade9-dfc13cc80fa0: 46 chunks; 1.3 s; peak memory 1446 MiB.
2026-10-09T10:45:33Z INFO [392/500] 68565abe-cc28-4be6-8d4a-81df6dfdaae1: 113 chunks; 2.0 s; peak memory 1446 MiB.
2026-10-09T10:45:36Z INFO [393/500] 6856825a-5c43-4dfe-bfff-c5eb19880762: 119 chunks; 2.8 s; peak memory 1446 MiB.
2026-10-09T10:45:54Z INFO [394/500] 6857883d-66a0-4671-9fd8-6c699b348c2e: 23964 chunks; 18.1 s; peak memory 1446 MiB.
2026-10-09T10:45:56Z INFO [395/500] 68587ea0-0467-43a0-8a61-51811b9b2a54: 48 chunks; 1.5 s; peak memory 1446 MiB.
2026-10-09T10:52:00Z INFO [396/500] 685976d1-cf77-4686-a574-3ee7e0deff48: 193121 chunks; 363.9 s; peak memory 1446 MiB.
2026-10-09T10:54:33Z INFO [397/500] 68598521-aa0b-4679-bd8e-a50686d08db5: 40971 chunks; 153.5 s; peak memory 1446 MiB.
2026-10-09T10:54:35Z INFO [398/500] 685a0a60-c2b5-4248-9753-134461a28b2f: 51 chunks; 1.2 s; peak memory 1446 MiB.
2026-10-09T10:54:36Z INFO [399/500] 685a0fc3-5638-476a-98d6-2d1c831f15b7: 48 chunks; 1.6 s; peak memory 1446 MiB.
2026-10-09T10:54:38Z INFO [400/500] 685a856d-cd4b-4471-818e-bc763fa4c191: 294 chunks; 1.7 s; peak memory 1446 MiB.
2026-10-09T10:54:38Z INFO [400/500] 685a856d-cd4b-4471-818e-bc763fa4c191: checkpointed 97234 new records.
2026-10-09T10:54:40Z INFO [401/500] 685aae08-88a4-483f-bccb-d4d2c7fa6dee: 48 chunks; 1.4 s; peak memory 1446 MiB.
2026-10-09T10:54:47Z INFO [402/500] 685ae7b8-735d-424f-a000-2a642c264be4: 208 chunks; 7.3 s; peak memory 1446 MiB.
2026-10-09T10:54:49Z INFO [403/500] 685ba171-3e02-4db0-bf7f-b55ab19db92c: 71 chunks; 2.6 s; peak memory 1446 MiB.
2026-10-09T10:55:02Z INFO [404/500] 685bcdcd-8c63-4450-a69b-eb92d9043ddf: 18927 chunks; 12.3 s; peak memory 1446 MiB.
2026-10-09T10:55:03Z INFO [405/500] 685be4a5-fff2-490c-95b0-469b83445ebf: 69 chunks; 1.4 s; peak memory 1446 MiB.
2026-10-09T10:55:06Z INFO [406/500] 685bfb7c-eece-43c8-bf92-baccf81c44c4: 71 chunks; 2.3 s; peak memory 1446 MiB.
2026-10-09T10:55:33Z INFO [407/500] 685cb188-7c09-47a0-9e8d-4e56dec2493c: 36546 chunks; 27.3 s; peak memory 1446 MiB.
2026-10-09T10:55:35Z INFO [408/500] 685cc281-1f70-4963-8afa-d5435e63a60a: 110 chunks; 2.1 s; peak memory 1446 MiB.
2026-10-09T10:55:37Z INFO [409/500] 685d8c16-77e4-46ee-80ce-afdbe80e1e31: 112 chunks; 2.1 s; peak memory 1446 MiB.
2026-10-09T10:55:38Z INFO [410/500] 685de0c9-4dff-496a-a9d2-e267fe21c75e: 46 chunks; 1.3 s; peak memory 1446 MiB.
2026-10-09T10:55:40Z INFO [411/500] 685dfbf6-92fb-4bd7-ab4c-9c2fdebde5f2: 48 chunks; 1.4 s; peak memory 1446 MiB.
2026-10-09T10:55:41Z INFO [412/500] 685e7c86-39eb-41f6-9b2b-98c2f75dc6e5: 116 chunks; 1.5 s; peak memory 1446 MiB.
2026-10-09T10:55:45Z INFO [413/500] 685e959b-0078-4fb7-8dbc-5ce2a32861af: 156 chunks; 3.9 s; peak memory 1446 MiB.
2026-10-09T10:55:46Z INFO [414/500] 685f102b-86cb-4551-b81e-1e43f4ed0dac: 52 chunks; 1.3 s; peak memory 1446 MiB.
2026-10-09T10:55:49Z INFO [415/500] 685f7b7d-1e7e-425c-85f3-6c4b76f28919: 112 chunks; 2.2 s; peak memory 1446 MiB.
2026-10-09T10:55:50Z INFO [416/500] 6860be00-2965-4035-8b94-110ef1c33d03: 48 chunks; 1.6 s; peak memory 1446 MiB.
2026-10-09T10:55:52Z INFO [417/500] 6860d868-2c0e-4a6b-b530-6fa240b6d335: 48 chunks; 1.4 s; peak memory 1446 MiB.
2026-10-09T10:55:54Z INFO [418/500] 6862555c-0b0e-4167-9a79-391bbdbaccc2: 48 chunks; 2.0 s; peak memory 1446 MiB.
2026-10-09T10:55:55Z INFO [419/500] 6862a25a-5716-4dc2-8dde-a75635353e74: 48 chunks; 1.5 s; peak memory 1446 MiB.
2026-10-09T10:55:58Z INFO [420/500] 686370d1-8406-485a-9752-ff42c655b36c: 71 chunks; 2.9 s; peak memory 1446 MiB.
2026-10-09T10:56:01Z INFO [421/500] 6863744a-256a-448e-a1a6-46313c09ed6e: 1061 chunks; 3.4 s; peak memory 1446 MiB.
2026-10-09T10:56:03Z INFO [422/500] 68648527-ac93-449b-b756-db0af3e0a1a8: 48 chunks; 1.5 s; peak memory 1446 MiB.
2026-10-09T10:58:33Z INFO [423/500] 6864e408-12c2-4693-bf69-3361cf1ee58a: 40656 chunks; 150.3 s; peak memory 1446 MiB.
2026-10-09T10:59:00Z INFO [424/500] 686503bf-a412-44be-be20-4cab5a7e538e: 6140 chunks; 26.9 s; peak memory 1446 MiB.
2026-10-09T10:59:02Z INFO [425/500] 6867746a-456d-4b94-861d-d3d852cbcb1b: 112 chunks; 1.9 s; peak memory 1446 MiB.
2026-10-09T10:59:04Z INFO [426/500] 6867a006-e325-45fd-b55b-69d2c6292706: 48 chunks; 1.5 s; peak memory 1446 MiB.
2026-10-09T10:59:10Z INFO [427/500] 6867dd36-f91a-4aa8-9d97-140530ae1190: 3102 chunks; 6.0 s; peak memory 1446 MiB.
2026-10-09T10:59:11Z INFO [428/500] 68693853-de12-4366-a0ea-8da661dc24aa: 117 chunks; 1.7 s; peak memory 1446 MiB.
2026-10-09T10:59:30Z INFO [429/500] 6869963b-35a7-4ece-99ea-74b9e13a952d: 4684 chunks; 18.9 s; peak memory 1446 MiB.
2026-10-09T10:59:32Z INFO [430/500] 6869e64e-83fb-435b-8aab-0925ac1288da: 110 chunks; 2.1 s; peak memory 1446 MiB.
2026-10-09T10:59:34Z INFO [431/500] 686a537e-e2c5-40f0-af03-1c465913fcd8: 46 chunks; 1.6 s; peak memory 1446 MiB.
2026-10-09T10:59:41Z INFO [432/500] 686ac29d-4ffc-48ab-9bd2-765d5438a37a: 332 chunks; 7.7 s; peak memory 1446 MiB.
2026-10-09T10:59:43Z INFO [433/500] 686afa9d-eac3-40f0-b4cf-98e6628b90de: 317 chunks; 1.9 s; peak memory 1446 MiB.
2026-10-09T10:59:55Z INFO [434/500] 686bc91e-374d-4a8d-8f68-2307af12bdba: 336 chunks; 11.7 s; peak memory 1446 MiB.
2026-10-09T10:59:57Z INFO [435/500] 686c5d4c-2376-4a4e-ae45-e87b4b293a58: 230 chunks; 1.8 s; peak memory 1446 MiB.
2026-10-09T10:59:58Z INFO [436/500] 686cac9b-8a0a-4e66-af1d-cecf364804ee: 48 chunks; 1.3 s; peak memory 1446 MiB.
2026-10-09T11:00:13Z INFO [437/500] 686d4086-8f18-4a75-8975-adec739226e5: 12889 chunks; 14.9 s; peak memory 1446 MiB.
2026-10-09T11:00:15Z INFO [438/500] 686d8818-3b02-4255-bc11-72bcee26f7ca: 70 chunks; 2.3 s; peak memory 1446 MiB.
2026-10-09T11:00:17Z INFO [439/500] 686dccda-5b92-4940-8d73-a610536b0149: 66 chunks; 1.9 s; peak memory 1446 MiB.
2026-10-09T11:00:20Z INFO [440/500] 686eb43e-7bd2-4bde-adcd-0de5a76b7702: 75 chunks; 2.2 s; peak memory 1446 MiB.
2026-10-09T11:00:21Z INFO [441/500] 686f5e3c-4b2c-48c8-9ab4-a3d080c0b022: 117 chunks; 1.8 s; peak memory 1446 MiB.
2026-10-09T11:00:23Z INFO [442/500] 686fdcbf-316e-4126-bd82-d57bc43f6b02: 110 chunks; 1.9 s; peak memory 1446 MiB.
2026-10-09T11:00:26Z INFO [443/500] 686fe278-79c9-408c-9c41-eeb63e2cf81e: 71 chunks; 2.3 s; peak memory 1446 MiB.
2026-10-09T11:00:27Z INFO [444/500] 68706efb-8cdb-48e4-9474-77087567fada: 59 chunks; 1.2 s; peak memory 1446 MiB.
2026-10-09T11:00:29Z INFO [445/500] 6871bae0-9430-4b1f-ac43-d6e16503fd08: 112 chunks; 2.0 s; peak memory 1446 MiB.
2026-10-09T11:00:38Z INFO [446/500] 68723c7b-e0ea-4e79-ba33-2e984bfb2c7c: 11360 chunks; 9.4 s; peak memory 1446 MiB.
2026-10-09T11:00:40Z INFO [447/500] 6873c224-739e-493c-90b4-43f1153f8972: 48 chunks; 1.5 s; peak memory 1446 MiB.
2026-10-09T11:00:41Z INFO [448/500] 68742170-5470-46cf-b79e-35bfeba515a0: 59 chunks; 1.5 s; peak memory 1446 MiB.
2026-10-09T11:00:43Z INFO [449/500] 687444de-f588-42f5-b788-ecfcdb749318: 59 chunks; 2.1 s; peak memory 1446 MiB.
2026-10-09T11:00:45Z INFO [450/500] 68748b26-b12d-4f0b-8361-52d1c2c00c46: 112 chunks; 2.1 s; peak memory 1446 MiB.
2026-10-09T11:00:46Z INFO [450/500] 68748b26-b12d-4f0b-8361-52d1c2c00c46: checkpointed 97284 new records.
2026-10-09T11:00:47Z INFO [451/500] 68764508-61e8-4f57-9d56-26fd06e525b6: 48 chunks; 1.4 s; peak memory 1446 MiB.
2026-10-09T11:00:49Z INFO [452/500] 6876747d-432a-4cd3-bec9-14ae38a1845e: 112 chunks; 1.7 s; peak memory 1446 MiB.
2026-10-09T11:00:51Z INFO [453/500] 687686a3-472c-47e4-af8e-d8d054ed1169: 112 chunks; 1.8 s; peak memory 1446 MiB.
2026-10-09T11:00:57Z INFO [454/500] 6878b49b-3e30-4463-b470-9a77550d9e76: 2923 chunks; 6.3 s; peak memory 1446 MiB.
2026-10-09T11:00:59Z INFO [455/500] 6879622f-25a4-45be-ab90-d589d42109fd: 116 chunks; 1.8 s; peak memory 1446 MiB.
2026-10-09T11:01:00Z INFO [456/500] 6879705f-67c5-4949-be4b-a103c6073f6b: 114 chunks; 1.8 s; peak memory 1446 MiB.
2026-10-09T11:01:02Z INFO [457/500] 687a10fb-3e8a-451c-9657-a5af75318c9e: 72 chunks; 1.7 s; peak memory 1446 MiB.
2026-10-09T11:01:04Z INFO [458/500] 687a4f9b-d91e-4fc6-bbb8-fd9a3a909436: 48 chunks; 1.4 s; peak memory 1446 MiB.
2026-10-09T11:01:10Z INFO [459/500] 687a5e0f-47c7-487e-bf18-dc0ab030f84c: 12335 chunks; 6.5 s; peak memory 1446 MiB.
2026-10-09T11:01:18Z INFO [460/500] 687bc1ac-1306-4999-aa18-4e8d1088bd05: 2923 chunks; 8.4 s; peak memory 1446 MiB.
2026-10-09T11:01:28Z INFO [461/500] 687bcdf3-bfe3-46e1-91df-d15050987d4d: 4133 chunks; 9.5 s; peak memory 1446 MiB.
2026-10-09T11:01:41Z INFO [462/500] 687bd4d9-5348-4859-a3f7-bdcbe7994e70: 11602 chunks; 12.6 s; peak memory 1446 MiB.
2026-10-09T11:01:42Z INFO [463/500] 687cd894-e7f5-45b8-9344-86ac1b140d2b: 92 chunks; 1.5 s; peak memory 1446 MiB.
2026-10-09T11:01:55Z INFO [464/500] 687de5a1-9024-436c-8b95-0f41660d72b6: 10195 chunks; 13.1 s; peak memory 1446 MiB.
2026-10-09T11:01:57Z INFO [465/500] 687f4275-7eef-43dd-a47c-545a4b333694: 117 chunks; 2.0 s; peak memory 1446 MiB.
2026-10-09T11:01:59Z INFO [466/500] 687f81d8-f464-475c-bc0c-f3014e607ec1: 46 chunks; 1.3 s; peak memory 1446 MiB.
2026-10-09T11:02:00Z INFO [467/500] 687fa1ec-2e87-492a-9571-6b1f01c7a413: 48 chunks; 1.6 s; peak memory 1446 MiB.
2026-10-09T11:02:29Z INFO [468/500] 687fcc3e-c24c-4e2b-83b8-1e012d408ce6: 6052 chunks; 29.1 s; peak memory 1446 MiB.
2026-10-09T11:02:40Z INFO [469/500] 68804c39-0dab-49db-91b4-988ca8a7c704: 300 chunks; 10.4 s; peak memory 1446 MiB.
2026-10-09T11:02:50Z INFO [470/500] 6880c9f3-a266-496e-bea9-c955936f40d0: 11556 chunks; 10.5 s; peak memory 1446 MiB.
2026-10-09T11:02:52Z INFO [471/500] 68813d08-1d49-4fe7-88fa-c8ba7c7a0f82: 62 chunks; 2.0 s; peak memory 1446 MiB.
2026-10-09T11:02:54Z INFO [472/500] 688163fb-8e17-44d9-8124-2a1519ef65f1: 69 chunks; 2.1 s; peak memory 1446 MiB.
2026-10-09T11:02:56Z INFO [473/500] 68819719-290d-42be-a158-024bdbe78653: 261 chunks; 1.9 s; peak memory 1446 MiB.
2026-10-09T11:02:58Z INFO [474/500] 6881d78d-31a4-4fb0-b1b0-4ee8f4e1228b: 46 chunks; 1.4 s; peak memory 1446 MiB.
2026-10-09T11:02:59Z INFO [475/500] 6881e2df-8bea-42b1-8126-2abd2cae6673: 46 chunks; 1.1 s; peak memory 1446 MiB.
2026-10-09T11:03:01Z INFO [476/500] 688258ac-e1bf-4252-a0ae-f90a26b59669: 117 chunks; 1.9 s; peak memory 1446 MiB.
2026-10-09T11:03:04Z INFO [477/500] 68825c92-3b27-42d0-abca-d14cecdee46b: 528 chunks; 2.9 s; peak memory 1446 MiB.
2026-10-09T11:03:06Z INFO [478/500] 688360ce-2a5c-45b8-8c32-575d502967a4: 66 chunks; 2.0 s; peak memory 1446 MiB.
2026-10-09T11:03:07Z INFO [479/500] 6883bef4-cfe0-4444-ac57-03ef8683e281: 48 chunks; 1.5 s; peak memory 1446 MiB.
2026-10-09T11:03:09Z INFO [480/500] 6883d0fa-99cc-4060-abde-5b627214b5dd: 112 chunks; 1.5 s; peak memory 1446 MiB.
2026-10-09T11:03:11Z INFO [481/500] 6884545c-05a2-4c1d-af21-1a9d1524ebfe: 117 chunks; 1.9 s; peak memory 1446 MiB.
2026-10-09T11:03:12Z INFO [482/500] 6884651f-1bb0-4f66-bcbd-7d82177c76d6: 48 chunks; 1.4 s; peak memory 1446 MiB.
2026-10-09T11:03:14Z INFO [483/500] 6884e6b8-6375-4289-af2c-6d55f5f31ef6: 72 chunks; 1.9 s; peak memory 1446 MiB.
2026-10-09T11:03:32Z INFO [484/500] 6886ffb1-1621-4144-881c-028ac5683ff4: 8229 chunks; 17.8 s; peak memory 1446 MiB.
2026-10-09T11:03:33Z INFO [485/500] 68872770-c8c5-4256-8601-70f7cf4e0821: 117 chunks; 1.8 s; peak memory 1446 MiB.
2026-10-09T11:03:36Z INFO [486/500] 68881127-76db-496f-837b-d1fb2b000719: 71 chunks; 2.6 s; peak memory 1446 MiB.
2026-10-09T11:03:38Z INFO [487/500] 68883e28-7746-45cd-a9b6-c5fe1b5f2a19: 48 chunks; 1.5 s; peak memory 1446 MiB.
2026-10-09T11:03:39Z INFO [488/500] 68895070-bd6b-4d96-8223-43079365e520: 117 chunks; 1.7 s; peak memory 1446 MiB.
2026-10-09T11:03:41Z INFO [489/500] 688a4c5f-a109-49fc-a31b-585041c7c737: 48 chunks; 1.4 s; peak memory 1446 MiB.
2026-10-09T11:03:43Z INFO [490/500] 688a71d2-a91e-4c99-b03a-e6414c9fa47b: 118 chunks; 1.8 s; peak memory 1446 MiB.
2026-10-09T11:03:45Z INFO [491/500] 688af00a-3736-4c4f-bbe2-2f144d6d1ca2: 112 chunks; 2.0 s; peak memory 1446 MiB.
2026-10-09T11:03:46Z INFO [492/500] 688b394b-bcd9-463c-8111-d394039e1ecc: 93 chunks; 1.9 s; peak memory 1446 MiB.
2026-10-09T11:03:48Z INFO [493/500] 688ba3d3-f39d-4e36-90c2-e83d5a2a6909: 48 chunks; 1.4 s; peak memory 1446 MiB.
2026-10-09T11:03:57Z INFO [494/500] 688bfe45-6361-43a2-b24d-938f3f978e9f: 15704 chunks; 9.0 s; peak memory 1446 MiB.
2026-10-09T11:03:59Z INFO [495/500] 688d20f2-f9b6-4ade-9568-a75d29bbb3b1: 112 chunks; 2.0 s; peak memory 1446 MiB.
2026-10-09T11:04:01Z INFO [496/500] 688d6732-394d-41d2-b834-fadb25c8fda9: 66 chunks; 2.1 s; peak memory 1446 MiB.
2026-10-09T11:04:03Z INFO [497/500] 688dac01-afd2-4340-8f92-4a79575cccb3: 112 chunks; 1.9 s; peak memory 1446 MiB.
2026-10-09T11:04:04Z INFO [498/500] 688e102e-477d-4ddc-86b9-f870f0109989: 48 chunks; 1.5 s; peak memory 1446 MiB.
2026-10-09T11:04:05Z INFO [499/500] 688e4851-480e-4b2d-b0ca-5be827b3348a: 58 chunks; 1.1 s; peak memory 1446 MiB.
2026-10-09T11:04:09Z INFO [500/500] 688e9df2-2792-407e-a91c-b0d3f0908bec: 364 chunks; 3.7 s; peak memory 1446 MiB.
2026-10-09T11:04:09Z INFO [500/500] 688e9df2-2792-407e-a91c-b0d3f0908bec: checkpointed 97334 new records.
2026-10-09T11:04:10Z INFO Wrote 97334 records to /tmp/derivatives/valid_nwb_file_to_chunk_stats.jsonl (500 new, 0 failed) in 189.2 min (peak memory 1446 MiB).
