2026-10-05T14:50:04Z INFO Logging to /tmp/logs/update_2026-10-05T14-50-04Z.log.
2026-10-05T14:50:04Z INFO Update valid-nwb-file-to-chunk-stats (base directory /tmp).
2026-10-05T14:50:05Z INFO Processing 500 items (74834 already recorded).
2026-10-05T14:50:07Z INFO [1/500] 39d6dcc4-7378-4910-a7ca-8855c117b9ac: 71 chunks; 2.5 s; peak memory 170 MiB.
2026-10-05T14:50:09Z INFO [2/500] 39d72eb9-3ea4-42b7-93cf-88adbf913feb: 48 chunks; 1.4 s; peak memory 170 MiB.
2026-10-05T14:50:20Z INFO [3/500] 39d7ca31-1a0b-4ab0-a87f-92001ae442dc: 391 chunks; 10.9 s; peak memory 187 MiB.
2026-10-05T14:50:22Z INFO [4/500] 39d8503e-1411-4510-8b02-a748e808ede3: 71 chunks; 2.0 s; peak memory 187 MiB.
2026-10-05T14:50:24Z INFO [5/500] 39d96bff-b156-44be-9e1c-45e1033673ca: 486 chunks; 2.2 s; peak memory 188 MiB.
2026-10-05T14:50:25Z INFO [6/500] 39d988f4-1bbf-4a52-bb3b-d869bfc9292e: 48 chunks; 1.3 s; peak memory 188 MiB.
2026-10-05T14:50:27Z INFO [7/500] 39d98d04-15e9-4e0c-ae6a-ceda501a63c2: 48 chunks; 1.4 s; peak memory 188 MiB.
2026-10-05T14:50:30Z INFO [8/500] 39da0210-306e-497b-9a03-70bcca365b2d: 433 chunks; 3.9 s; peak memory 188 MiB.
2026-10-05T14:50:32Z INFO [9/500] 39da1c96-624a-4cee-ace2-090fd294a774: 142 chunks; 1.3 s; peak memory 188 MiB.
2026-10-05T14:50:33Z INFO [10/500] 39da629f-0416-4a03-9b89-aa9bfeaaddeb: 46 chunks; 1.2 s; peak memory 188 MiB.
2026-10-05T14:50:35Z INFO [11/500] 39da66d7-1d18-4e97-b0b8-be893d3455b4: 529 chunks; 2.2 s; peak memory 188 MiB.
2026-10-05T14:50:37Z INFO [12/500] 39db1d7e-8e07-461a-9d4f-98ec4272591f: 117 chunks; 1.6 s; peak memory 188 MiB.
2026-10-05T14:50:38Z INFO [13/500] 39db72e6-71cd-42e5-9ed5-b22bf5894133: 41 chunks; 1.2 s; peak memory 189 MiB.
2026-10-05T14:50:40Z INFO [14/500] 39db9403-7562-4975-9b5e-1756c7bb75eb: 112 chunks; 1.7 s; peak memory 189 MiB.
2026-10-05T14:50:52Z INFO [15/500] 39dbe708-6363-4165-a1a2-207b03523403: 339 chunks; 12.1 s; peak memory 189 MiB.
2026-10-05T14:50:53Z INFO [16/500] 39dc23f6-89da-4bc1-a1e5-ebc8a49bdc3d: 48 chunks; 1.3 s; peak memory 189 MiB.
2026-10-05T14:50:57Z INFO [17/500] 39dd3981-2427-44ce-8a6f-fe7e69bd03b7: 156 chunks; 4.0 s; peak memory 190 MiB.
2026-10-05T14:51:05Z INFO [18/500] 39de661e-c15c-48c6-a17c-095fad621037: 152 chunks; 7.5 s; peak memory 190 MiB.
2026-10-05T14:51:06Z INFO [19/500] 39deb56f-a785-4bf7-8b94-2722d5e7c2ed: 48 chunks; 1.4 s; peak memory 190 MiB.
2026-10-05T14:51:07Z INFO [20/500] 39dee0f5-ea83-44b5-8b4a-28e943bf9160: 48 chunks; 1.3 s; peak memory 190 MiB.
2026-10-05T14:51:10Z INFO [21/500] 39df9bf3-82a0-4ff4-bc63-83c0bdfd946d: 507 chunks; 3.2 s; peak memory 190 MiB.
2026-10-05T14:51:17Z INFO [22/500] 39e0c483-fe7d-494c-aa7d-20907aa7d9db: 7566 chunks; 6.3 s; peak memory 191 MiB.
2026-10-05T14:51:19Z INFO [23/500] 39e342f4-6b29-4032-9d17-43da1d8bfbf1: 110 chunks; 1.9 s; peak memory 191 MiB.
2026-10-05T14:51:20Z INFO [24/500] 39e40deb-0c81-4cc8-a78f-e916a1a80a64: 48 chunks; 1.2 s; peak memory 191 MiB.
2026-10-05T14:51:22Z INFO [25/500] 39e4319c-171c-44fc-8e6e-ec20b53afd7e: 68 chunks; 1.8 s; peak memory 191 MiB.
2026-10-05T14:51:25Z INFO [26/500] 39e59bb2-740b-4a15-9f77-a644d8a1bca8: 163 chunks; 3.5 s; peak memory 191 MiB.
2026-10-05T14:51:36Z INFO [27/500] 39e60385-4d57-4b02-9be2-9f45f9632e86: 11957 chunks; 10.5 s; peak memory 202 MiB.
2026-10-05T14:51:37Z INFO [28/500] 39e650c5-54e3-4789-be03-0aec2820c0ba: 118 chunks; 1.7 s; peak memory 202 MiB.
2026-10-05T14:51:42Z INFO [29/500] 39e6b165-188e-4392-bb57-7514abc4f988: 2370 chunks; 4.8 s; peak memory 202 MiB.
2026-10-05T14:51:43Z INFO [30/500] 39e78ea0-f186-4abe-8e81-4ceab4963435: 46 chunks; 1.0 s; peak memory 202 MiB.
2026-10-05T14:51:44Z INFO [31/500] 39e7c253-5a7b-49aa-b0b0-2cc5a53c82b5: 48 chunks; 1.2 s; peak memory 203 MiB.
2026-10-05T14:51:46Z INFO [32/500] 39e8009d-4668-4a6e-a16b-5c8a49cb6a8b: 99 chunks; 1.9 s; peak memory 203 MiB.
2026-10-05T14:51:48Z INFO [33/500] 39e8ab7d-9c20-419a-a050-21b0e866c8ab: 132 chunks; 1.6 s; peak memory 203 MiB.
2026-10-05T14:51:49Z INFO [34/500] 39e8b7a0-6288-4983-affe-e69513964496: 41 chunks; 1.2 s; peak memory 203 MiB.
2026-10-05T14:51:51Z INFO [35/500] 39e951fe-433f-4972-8b2b-f68b4910f34f: 117 chunks; 1.7 s; peak memory 203 MiB.
2026-10-05T14:51:52Z INFO [36/500] 39ea3979-914e-449c-88bf-6da63f3b626d: 117 chunks; 1.6 s; peak memory 203 MiB.
2026-10-05T14:51:59Z INFO [37/500] 39ea533b-f9c6-4f09-918c-7b96bc019001: 2919 chunks; 7.1 s; peak memory 203 MiB.
2026-10-05T14:52:01Z INFO [38/500] 39ea6068-e2ab-4e0e-b3ab-5b87cee5024b: 117 chunks; 1.6 s; peak memory 203 MiB.
2026-10-05T14:52:03Z INFO [39/500] 39eb3ad2-b11c-479b-bc44-335e61822bf6: 90 chunks; 1.6 s; peak memory 203 MiB.
2026-10-05T14:52:05Z INFO [40/500] 39ecbe4e-1fea-4cf4-91cb-342477456f9c: 71 chunks; 1.9 s; peak memory 203 MiB.
2026-10-05T14:52:15Z INFO [41/500] 39ed55d4-1b6f-44de-9f68-339ec2a0e8bd: 17093 chunks; 10.8 s; peak memory 211 MiB.
2026-10-05T14:52:20Z INFO [42/500] 39ed8c09-38bc-4203-9e66-a3ae08134603: 2665 chunks; 5.1 s; peak memory 211 MiB.
2026-10-05T14:52:22Z INFO [43/500] 39edb4f2-7da4-45d5-99b4-f3e599bfc5f0: 52 chunks; 1.5 s; peak memory 211 MiB.
2026-10-05T14:52:25Z INFO [44/500] 39edd7af-aa5d-4d61-a47a-28919f0a02e3: 80 chunks; 3.5 s; peak memory 211 MiB.
2026-10-05T14:52:27Z INFO [45/500] 39ef5318-2bb1-4af7-931b-f61979cc046d: 117 chunks; 1.4 s; peak memory 211 MiB.
2026-10-05T14:52:28Z INFO [46/500] 39ef8d95-1236-41fb-b3b2-95b308aa746f: 48 chunks; 1.3 s; peak memory 211 MiB.
2026-10-05T14:52:30Z INFO [47/500] 39efbe74-d265-4212-b8ae-bfae026aeece: 52 chunks; 1.6 s; peak memory 211 MiB.
2026-10-05T14:52:36Z INFO [48/500] 39f04d02-e921-47b2-a7af-0337aaf7d98f: 356 chunks; 6.5 s; peak memory 211 MiB.
2026-10-05T15:32:29Z INFO [49/500] 39f14fa7-0509-4e68-9467-c1235dc9188a: 543940 chunks; 2393.0 s; peak memory 1166 MiB.
2026-10-05T15:32:31Z INFO [50/500] 39f1d221-6837-473b-8c35-7d6b0dc1432b: 118 chunks; 1.7 s; peak memory 1166 MiB.
2026-10-05T15:32:31Z INFO [50/500] 39f1d221-6837-473b-8c35-7d6b0dc1432b: checkpointed 74884 records.
2026-10-05T15:32:45Z INFO [51/500] 39f22acb-f4cc-410b-9204-e07991fef8a1: 10214 chunks; 13.8 s; peak memory 1166 MiB.
2026-10-05T15:32:46Z INFO [52/500] 39f338f9-4a1f-4b1f-a24d-cae41b14aede: 117 chunks; 1.6 s; peak memory 1166 MiB.
2026-10-05T15:32:48Z INFO [53/500] 39f3655b-e146-48bf-bb47-d6ec881cec57: 66 chunks; 1.8 s; peak memory 1166 MiB.
2026-10-05T15:32:50Z INFO [54/500] 39f3bd7e-84b5-4d05-bf25-40aba5bc2697: 110 chunks; 1.7 s; peak memory 1166 MiB.
2026-10-05T15:32:51Z INFO [55/500] 39f3e291-d048-45e3-940b-63051bc8d1c9: 48 chunks; 1.3 s; peak memory 1166 MiB.
2026-10-05T15:32:53Z INFO [56/500] 39f4320b-acdf-4cf5-a699-da698b168803: 49 chunks; 2.0 s; peak memory 1166 MiB.
2026-10-05T15:32:55Z INFO [57/500] 39f5a793-1cba-481b-a9ed-f642614d9641: 117 chunks; 1.6 s; peak memory 1166 MiB.
2026-10-05T15:32:56Z INFO [58/500] 39f638be-bb27-4e29-af57-cfcef6077c44: 48 chunks; 1.3 s; peak memory 1166 MiB.
2026-10-05T15:32:59Z INFO [59/500] 39f81207-ae58-4061-a5a9-c5fdd8c8de4b: 115 chunks; 3.3 s; peak memory 1166 MiB.
2026-10-05T15:33:01Z INFO [60/500] 39f9a720-7e0f-4a61-b16d-688163889d04: 71 chunks; 1.6 s; peak memory 1166 MiB.
2026-10-05T15:33:03Z INFO [61/500] 39f9c078-bffc-483a-a01b-1d2a0f77c6b6: 117 chunks; 1.4 s; peak memory 1166 MiB.
2026-10-05T15:33:04Z INFO [62/500] 39f9e7c7-38d5-47c5-8ea4-8ad6287e0467: 48 chunks; 1.4 s; peak memory 1166 MiB.
2026-10-05T15:33:05Z INFO [63/500] 39fa842f-4f2d-4d58-b330-e7254911cfbe: 130 chunks; 1.3 s; peak memory 1166 MiB.
2026-10-05T15:33:07Z INFO [64/500] 39fb9000-bf03-4e91-9314-53991a1b3706: 290 chunks; 2.1 s; peak memory 1166 MiB.
2026-10-05T15:33:14Z INFO [65/500] 39fc2917-72f6-4b92-babf-116608e8c048: 1092 chunks; 6.6 s; peak memory 1166 MiB.
2026-10-05T15:33:21Z INFO [66/500] 39fc5cbc-cd7a-4ae1-a1e9-dfe660a89474: 194 chunks; 7.5 s; peak memory 1166 MiB.
2026-10-05T15:33:23Z INFO [67/500] 39fc9690-34aa-450f-b1b4-aa4b745297c0: 48 chunks; 1.3 s; peak memory 1166 MiB.
2026-10-05T15:33:26Z INFO [68/500] 39fcb12b-1648-4d62-9da7-3faff23fdecc: 168 chunks; 2.9 s; peak memory 1166 MiB.
2026-10-05T15:33:27Z INFO [69/500] 39fcf0e8-d9f0-41ee-9319-e7efd41e3494: 117 chunks; 1.4 s; peak memory 1166 MiB.
2026-10-05T15:33:28Z INFO [70/500] 39fcf93f-7f03-4e95-83c5-a139d3301fba: 48 chunks; 1.3 s; peak memory 1166 MiB.
2026-10-05T15:33:32Z INFO [71/500] 39fd6f76-1ff4-409a-bee6-4e3209a887a9: 115 chunks; 3.3 s; peak memory 1166 MiB.
2026-10-05T15:33:35Z INFO [72/500] 39fe880f-62bd-4a68-bcc9-1b2e5363af58: 156 chunks; 3.5 s; peak memory 1166 MiB.
2026-10-05T15:33:37Z INFO [73/500] 39fea95d-accf-445d-a67a-ec44be14b942: 71 chunks; 2.1 s; peak memory 1166 MiB.
2026-10-05T15:33:39Z INFO [74/500] 39fed117-10d9-4824-9d12-8b222fabe599: 48 chunks; 1.4 s; peak memory 1166 MiB.
2026-10-05T15:33:40Z INFO [75/500] 39ff666e-17ca-4ae3-b26e-2ec739400b4e: 116 chunks; 1.5 s; peak memory 1166 MiB.
2026-10-05T15:33:42Z INFO [76/500] 39ffa9bf-afde-41e6-a9fc-1a5a7ebc8b2b: 76 chunks; 1.8 s; peak memory 1166 MiB.
2026-10-05T15:33:43Z INFO [77/500] 3a016550-8276-479d-ada6-feec5b014207: 48 chunks; 1.2 s; peak memory 1166 MiB.
2026-10-05T15:33:45Z INFO [78/500] 3a01acae-fdf8-4182-b29b-d3d307609dc0: 550 chunks; 1.7 s; peak memory 1166 MiB.
2026-10-05T15:33:46Z INFO [79/500] 3a020379-65b5-477b-8107-de149b7a256d: 48 chunks; 1.4 s; peak memory 1166 MiB.
2026-10-05T15:33:48Z INFO [80/500] 3a0451a0-108c-4588-9332-fe899b374b3a: 106 chunks; 2.1 s; peak memory 1166 MiB.
2026-10-05T15:33:54Z INFO [81/500] 3a07d259-9f8f-42e9-a86b-a92e2e6bb8ff: 324 chunks; 5.9 s; peak memory 1166 MiB.
2026-10-05T15:33:56Z INFO [82/500] 3a07ecbb-8091-4ac4-b923-161d1c772245: 77 chunks; 1.5 s; peak memory 1166 MiB.
2026-10-05T15:36:17Z INFO [83/500] 3a086f60-bba0-4578-b727-527ff5946225: 37805 chunks; 141.7 s; peak memory 1166 MiB.
2026-10-05T15:36:19Z INFO [84/500] 3a0942b3-87f8-4aa7-8300-2d7b5c4c7954: 48 chunks; 1.4 s; peak memory 1166 MiB.
2026-10-05T15:36:20Z INFO [85/500] 3a0a825d-5612-44ce-a649-063fb656b76b: 52 chunks; 1.7 s; peak memory 1166 MiB.
2026-10-05T15:36:24Z INFO [86/500] 3a0afc62-39eb-49cd-9859-cb07ce0a7b5f: 156 chunks; 3.9 s; peak memory 1166 MiB.
2026-10-05T15:36:26Z INFO [87/500] 3a0b7251-5c47-4316-a6a9-c28ccb770760: 112 chunks; 1.9 s; peak memory 1166 MiB.
2026-10-05T15:36:32Z INFO [88/500] 3a0b8124-eed9-45ff-bccb-71ee96cec69e: 484 chunks; 6.0 s; peak memory 1166 MiB.
2026-10-05T15:36:34Z INFO [89/500] 3a0c42dd-5f04-41b0-bc72-1c8eafaf8701: 48 chunks; 1.3 s; peak memory 1166 MiB.
2026-10-05T15:36:35Z INFO [90/500] 3a0c55e0-4916-412b-8d74-8c50f90f1469: 69 chunks; 1.2 s; peak memory 1166 MiB.
2026-10-05T15:36:37Z INFO [91/500] 3a0d517e-3436-41e3-b63e-73ca7312e9a9: 62 chunks; 2.1 s; peak memory 1166 MiB.
2026-10-05T15:36:46Z INFO [92/500] 3a0de01f-b827-41de-b160-abbd7a348700: 11547 chunks; 9.2 s; peak memory 1166 MiB.
2026-10-05T15:36:47Z INFO [93/500] 3a0df6a6-cadd-405e-9019-4cf7c5a73f58: 33 chunks; 1.1 s; peak memory 1166 MiB.
2026-10-05T15:36:48Z INFO [94/500] 3a0e9a7e-2f48-454c-a5ae-dd6889e73799: 69 chunks; 1.2 s; peak memory 1166 MiB.
2026-10-05T15:36:50Z INFO [95/500] 3a0fe6b4-f5c7-4f0c-b720-189c9ef9ffbc: 77 chunks; 1.5 s; peak memory 1166 MiB.
2026-10-05T15:36:51Z INFO [96/500] 3a103851-22e1-4d7f-b952-a0355ea40171: 48 chunks; 1.4 s; peak memory 1166 MiB.
2026-10-05T15:37:50Z INFO [97/500] 3a10767b-f22e-41c8-9a85-25e0db16c66f: 23349 chunks; 58.4 s; peak memory 1166 MiB.
2026-10-05T15:37:51Z INFO [98/500] 3a111e42-eebc-42af-84ce-d95874be82b6: 48 chunks; 1.3 s; peak memory 1166 MiB.
2026-10-05T15:37:56Z INFO [99/500] 3a1149dd-f90e-48e0-a5db-5a3b85212604: 182 chunks; 4.6 s; peak memory 1166 MiB.
2026-10-05T15:37:57Z INFO [100/500] 3a1153f2-f898-45aa-85bb-ff459d106739: 48 chunks; 1.5 s; peak memory 1166 MiB.
2026-10-05T15:37:57Z INFO [100/500] 3a1153f2-f898-45aa-85bb-ff459d106739: checkpointed 74934 records.
2026-10-05T15:37:59Z INFO [101/500] 3a11cf8e-cb30-43c7-a935-91108c792db8: 48 chunks; 1.3 s; peak memory 1166 MiB.
2026-10-05T15:38:00Z INFO [102/500] 3a12ba3b-572d-4cec-a612-cf74cfa98e21: 37 chunks; 1.2 s; peak memory 1166 MiB.
2026-10-05T15:38:02Z INFO [103/500] 3a12df99-d477-47a6-a344-1d9c2f1706eb: 112 chunks; 1.6 s; peak memory 1166 MiB.
2026-10-05T15:38:03Z INFO [104/500] 3a13b59f-f9fc-4a6d-9bf9-fb065f051a14: 116 chunks; 1.7 s; peak memory 1166 MiB.
2026-10-05T15:38:05Z INFO [105/500] 3a13d050-a96a-4ef0-b6ca-932018872620: 70 chunks; 1.6 s; peak memory 1166 MiB.
2026-10-05T15:38:23Z INFO [106/500] 3a14297f-217e-444f-83e3-da3d28881ffe: 39053 chunks; 17.8 s; peak memory 1166 MiB.
2026-10-05T15:38:33Z INFO [107/500] 3a148d6f-7caa-401c-b459-0992ea43bfe7: 1664 chunks; 10.1 s; peak memory 1166 MiB.
2026-10-05T15:38:35Z INFO [108/500] 3a153a97-7f66-4938-b5dc-a59a190efbc1: 112 chunks; 1.9 s; peak memory 1166 MiB.
2026-10-05T15:38:36Z INFO [109/500] 3a156814-7ea9-4421-928b-22bfd06c8a7f: 48 chunks; 1.4 s; peak memory 1166 MiB.
2026-10-05T15:38:37Z INFO [110/500] 3a158381-85cf-4394-ab90-ce9121267b59: 50 chunks; 1.3 s; peak memory 1166 MiB.
2026-10-05T15:39:32Z INFO [111/500] 3a15e5fa-f2db-4f3e-a362-9f46d709229f: 22322 chunks; 55.2 s; peak memory 1166 MiB.
2026-10-05T15:39:34Z INFO [112/500] 3a160cd0-40d8-4883-b338-1269f2d6276c: 63 chunks; 1.2 s; peak memory 1166 MiB.
2026-10-05T15:39:36Z INFO [113/500] 3a165c6b-c5ad-48c0-a54d-b9f337542317: 367 chunks; 2.3 s; peak memory 1166 MiB.
2026-10-05T15:39:37Z INFO [114/500] 3a1705d0-4eb0-4ec2-8261-aa3e82992ae0: 45 chunks; 1.1 s; peak memory 1166 MiB.
2026-10-05T15:39:39Z INFO [115/500] 3a17ad11-aeda-4dcd-86fa-a3080715cb6c: 51 chunks; 1.9 s; peak memory 1166 MiB.
2026-10-05T15:39:40Z INFO [116/500] 3a183baf-83b3-465e-89b6-a2a672a4a8de: 72 chunks; 1.3 s; peak memory 1166 MiB.
2026-10-05T15:40:37Z INFO [117/500] 3a1a3137-c075-45e1-a04d-aeb025d8aa36: 33217 chunks; 56.5 s; peak memory 1166 MiB.
2026-10-05T15:40:38Z INFO [118/500] 3a1a877d-6e09-4ab0-bf6e-c531de87692e: 75 chunks; 1.3 s; peak memory 1166 MiB.
2026-10-05T15:40:44Z INFO [119/500] 3a1a9fea-e56e-4f97-944f-93d384d0a1c2: 2518 chunks; 5.6 s; peak memory 1166 MiB.
2026-10-05T15:41:02Z INFO [120/500] 3a1b08e7-1908-4aa5-a4ac-b727f2a37f9f: 8232 chunks; 18.8 s; peak memory 1166 MiB.
2026-10-05T15:41:04Z INFO [121/500] 3a1b3bdc-71ad-4715-9fcb-120a8a9f7029: 77 chunks; 1.4 s; peak memory 1166 MiB.
2026-10-05T15:41:06Z INFO [122/500] 3a1b92d3-8bdf-49d3-bfd2-57fffd625d7d: 112 chunks; 1.7 s; peak memory 1166 MiB.
2026-10-05T15:41:07Z INFO [123/500] 3a1b9319-4cd5-40a0-b80f-5c660d4a510c: 46 chunks; 1.0 s; peak memory 1166 MiB.
2026-10-05T15:41:24Z INFO [124/500] 3a1bb120-e5e6-4d11-92e6-4b666ec3bb6d: 25731 chunks; 17.5 s; peak memory 1166 MiB.
2026-10-05T15:41:26Z INFO [125/500] 3a1bb56c-861a-4e78-a45e-ebe824bada48: 71 chunks; 2.0 s; peak memory 1166 MiB.
2026-10-05T15:41:28Z INFO [126/500] 3a1bd1a6-ed35-4e44-a34e-2c5350ed8f9d: 69 chunks; 1.8 s; peak memory 1166 MiB.
2026-10-05T15:41:32Z INFO [127/500] 3a1be18d-7638-4af6-8e1a-7787e26dde37: 156 chunks; 3.6 s; peak memory 1166 MiB.
2026-10-05T15:41:33Z INFO [128/500] 3a1c17a2-062b-4732-86e7-25f5609ce3dd: 112 chunks; 1.7 s; peak memory 1166 MiB.
2026-10-05T15:41:43Z INFO [129/500] 3a1c4452-8671-44de-901e-ad02682127ab: 11567 chunks; 9.9 s; peak memory 1166 MiB.
2026-10-05T15:41:45Z INFO [130/500] 3a1c590f-f11c-4b4f-855d-a206418c7c7a: 117 chunks; 1.5 s; peak memory 1166 MiB.
2026-10-05T15:41:46Z INFO [131/500] 3a1c8900-c943-4cd5-b887-2ab43a1538ef: 117 chunks; 1.6 s; peak memory 1166 MiB.
2026-10-05T15:41:48Z INFO [132/500] 3a1d822b-54f7-4b55-a060-49c55e7a1a37: 118 chunks; 1.5 s; peak memory 1166 MiB.
2026-10-05T15:41:51Z INFO [133/500] 3a1db012-ebe5-441b-aa3b-f1fbd1c3db38: 71 chunks; 2.8 s; peak memory 1166 MiB.
2026-10-05T15:41:52Z INFO [134/500] 3a1e41ae-c902-4c24-b42c-559f22a3c7dc: 112 chunks; 1.9 s; peak memory 1166 MiB.
2026-10-05T15:41:54Z INFO [135/500] 3a1e8bbc-a0fd-40db-b2ac-6e635184fcc5: 69 chunks; 1.2 s; peak memory 1166 MiB.
2026-10-05T15:41:59Z INFO [136/500] 3a1ea327-6e71-4222-8cf7-87df2579af0a: 368 chunks; 5.4 s; peak memory 1166 MiB.
2026-10-05T15:42:00Z INFO [137/500] 3a206449-42de-40b3-8ef1-e47dbabd5a06: 116 chunks; 1.5 s; peak memory 1166 MiB.
2026-10-05T15:42:02Z INFO [138/500] 3a211d88-f322-4e61-832a-95229422adc8: 48 chunks; 1.3 s; peak memory 1166 MiB.
2026-10-05T15:42:03Z INFO [139/500] 3a212bbf-2730-4542-a67b-6b5d58cdf967: 48 chunks; 1.2 s; peak memory 1166 MiB.
2026-10-05T15:42:04Z INFO [140/500] 3a218f82-4903-4641-8cdf-d0e0f5d24427: 48 chunks; 1.3 s; peak memory 1166 MiB.
2026-10-05T15:42:06Z INFO [141/500] 3a22b48a-1cc3-4fc9-be15-0a51d6969977: 48 chunks; 1.3 s; peak memory 1166 MiB.
2026-10-05T15:42:07Z INFO [142/500] 3a243f39-6898-43a4-ac34-df583a62af6e: 46 chunks; 1.7 s; peak memory 1166 MiB.
2026-10-05T15:42:08Z INFO [143/500] 3a244960-c265-4ea9-abbf-12ab22c1c125: 48 chunks; 1.2 s; peak memory 1166 MiB.
2026-10-05T15:42:10Z INFO [144/500] 3a2458c4-dd12-487a-a46e-9031c7b0d915: 204 chunks; 1.9 s; peak memory 1166 MiB.
2026-10-05T15:42:12Z INFO [145/500] 3a249705-6114-4ce3-b510-6f2387e4c0dc: 62 chunks; 1.8 s; peak memory 1166 MiB.
2026-10-05T15:42:14Z INFO [146/500] 3a24d75f-4c46-4323-8db4-e9aee48dfedf: 76 chunks; 1.9 s; peak memory 1166 MiB.
2026-10-05T15:42:17Z INFO [147/500] 3a251df4-077f-442e-bd66-16088bcd3a0b: 997 chunks; 2.7 s; peak memory 1166 MiB.
2026-10-05T15:42:19Z INFO [148/500] 3a25ad3a-9a24-4355-9b7d-ead278dbba51: 112 chunks; 2.0 s; peak memory 1166 MiB.
2026-10-05T15:42:21Z INFO [149/500] 3a25c0e9-ef67-4690-9e86-3967efefb143: 112 chunks; 2.1 s; peak memory 1166 MiB.
2026-10-05T15:42:22Z INFO [150/500] 3a25df85-45d3-4755-8087-87b2bb4aabaa: 49 chunks; 1.1 s; peak memory 1166 MiB.
2026-10-05T15:42:22Z INFO [150/500] 3a25df85-45d3-4755-8087-87b2bb4aabaa: checkpointed 74984 records.
2026-10-05T15:42:23Z INFO [151/500] 3a26465e-edee-4fdc-89a2-3a3d6b6d1fdc: 46 chunks; 1.1 s; peak memory 1166 MiB.
2026-10-05T15:43:24Z INFO [152/500] 3a26f2b7-59cd-4b19-86c0-0970b93e0b04: 35694 chunks; 61.2 s; peak memory 1166 MiB.
2026-10-05T15:43:26Z INFO [153/500] 3a2706c2-d498-424e-a0ac-a74cfb818642: 62 chunks; 1.6 s; peak memory 1166 MiB.
2026-10-05T15:43:32Z INFO [154/500] 3a27417b-3a48-40a9-a108-c404e099d01f: 2265 chunks; 5.8 s; peak memory 1166 MiB.
2026-10-05T15:43:39Z INFO [155/500] 3a2824bc-18d1-44a8-8afa-487c915239aa: 238 chunks; 6.6 s; peak memory 1166 MiB.
2026-10-05T15:43:40Z INFO [156/500] 3a284b45-4404-4cc8-b423-57552497a88c: 48 chunks; 1.3 s; peak memory 1166 MiB.
2026-10-05T15:43:41Z INFO [157/500] 3a2901dd-39af-4efc-bde6-97ea04c0ed3c: 46 chunks; 1.4 s; peak memory 1166 MiB.
2026-10-05T15:43:43Z INFO [158/500] 3a2a8124-eff9-4bdf-909a-4325bf525879: 117 chunks; 1.6 s; peak memory 1166 MiB.
2026-10-05T15:43:55Z INFO [159/500] 3a2bff12-682d-4e74-89d5-961825c3fec0: 14506 chunks; 11.8 s; peak memory 1166 MiB.
2026-10-05T15:43:57Z INFO [160/500] 3a2c8eb0-3c2c-42b3-8310-182078cce62e: 152 chunks; 2.4 s; peak memory 1166 MiB.
2026-10-05T15:44:00Z INFO [161/500] 3a2ccdb6-d68a-4311-bd31-bccfd62b64c9: 125 chunks; 2.7 s; peak memory 1166 MiB.
2026-10-05T15:44:01Z INFO [162/500] 3a2d1d6e-5a08-4b2e-bd9e-d44a607fbe7b: 110 chunks; 1.7 s; peak memory 1166 MiB.
2026-10-05T15:44:03Z INFO [163/500] 3a2e39f3-240d-4680-b28c-5ef0a3b55b32: 118 chunks; 1.6 s; peak memory 1166 MiB.
2026-10-05T15:44:05Z INFO [164/500] 3a2e9993-6b3d-427f-ac68-4ed65869f2c9: 117 chunks; 1.7 s; peak memory 1166 MiB.
2026-10-05T15:44:19Z INFO [165/500] 3a2edcb3-61ef-4eea-9af3-6ccb6a93101d: 12089 chunks; 14.2 s; peak memory 1166 MiB.
2026-10-05T15:44:20Z INFO [166/500] 3a3164b1-9c0f-451f-bfb0-180404903eb1: 48 chunks; 1.4 s; peak memory 1166 MiB.
2026-10-05T15:44:22Z INFO [167/500] 3a31a3d1-84b5-4dfc-9810-43c5bfc7af72: 117 chunks; 1.6 s; peak memory 1166 MiB.
2026-10-05T15:44:24Z INFO [168/500] 3a31a7dd-241e-4ac5-a79c-8abedb00c170: 69 chunks; 1.7 s; peak memory 1166 MiB.
2026-10-05T15:44:34Z INFO [169/500] 3a332600-b81e-40a6-b06d-dcb751f9735f: 384 chunks; 10.3 s; peak memory 1166 MiB.
2026-10-05T15:44:37Z INFO [170/500] 3a336632-275e-4ba0-807f-8f2b8b7cf0ec: 71 chunks; 2.8 s; peak memory 1166 MiB.
2026-10-05T15:44:38Z INFO [171/500] 3a338ec9-d528-4a02-9051-5f61bc136885: 48 chunks; 1.4 s; peak memory 1166 MiB.
2026-10-05T15:44:40Z INFO [172/500] 3a33fba8-04c7-47e5-81b8-136e041890e0: 112 chunks; 2.0 s; peak memory 1166 MiB.
2026-10-05T15:44:43Z INFO [173/500] 3a360fee-9fc8-4127-a528-483dd9a91cff: 138 chunks; 3.1 s; peak memory 1166 MiB.
2026-10-05T15:44:45Z INFO [174/500] 3a3610e9-590d-4e00-aa3e-a7e12b305e88: 52 chunks; 1.4 s; peak memory 1166 MiB.
2026-10-05T15:44:46Z INFO [175/500] 3a361f4f-4807-4484-9f6a-a03e23db1446: 48 chunks; 1.2 s; peak memory 1166 MiB.
2026-10-05T15:44:47Z INFO [176/500] 3a38b791-dd68-4cda-92aa-44f0ce681f12: 117 chunks; 1.4 s; peak memory 1166 MiB.
2026-10-05T15:44:49Z INFO [177/500] 3a3927fc-33a5-43a1-853d-45192c71fd8a: 52 chunks; 1.5 s; peak memory 1166 MiB.
2026-10-05T15:45:03Z INFO [178/500] 3a3975f9-8d59-49a5-9748-8543b40660a9: 11889 chunks; 14.2 s; peak memory 1166 MiB.
2026-10-05T15:45:05Z INFO [179/500] 3a3a0a15-0794-4d47-91c4-3eba07fc8dbc: 170 chunks; 1.7 s; peak memory 1166 MiB.
2026-10-05T15:45:06Z INFO [180/500] 3a3b1d48-fa1d-44f6-9466-bb19b3e64bf4: 56 chunks; 1.1 s; peak memory 1166 MiB.
2026-10-05T15:45:09Z INFO [181/500] 3a3b7301-f647-4d90-8b3a-3624a2433b23: 114 chunks; 3.2 s; peak memory 1166 MiB.
2026-10-05T15:45:12Z INFO [182/500] 3a3bdb20-0479-4502-b9c6-8bcc47961676: 115 chunks; 3.1 s; peak memory 1166 MiB.
2026-10-05T15:45:13Z INFO [183/500] 3a3c17c2-58d3-4929-a7eb-bf49e0120f40: 117 chunks; 1.4 s; peak memory 1166 MiB.
2026-10-05T15:45:15Z INFO [184/500] 3a3c7783-ca5b-41cd-a64a-464d22565ee6: 112 chunks; 1.6 s; peak memory 1166 MiB.
2026-10-05T15:45:16Z INFO [185/500] 3a3ceead-93cc-48bf-b18a-f11781f89eb4: 69 chunks; 1.2 s; peak memory 1166 MiB.
2026-10-05T15:45:21Z INFO [186/500] 3a3d1681-9fc3-4986-922a-a3a0c2bb17c0: 10564 chunks; 5.1 s; peak memory 1166 MiB.
2026-10-05T15:45:23Z INFO [187/500] 3a3d4e16-c8cf-4473-8446-c9f3dedc62ee: 112 chunks; 1.6 s; peak memory 1166 MiB.
2026-10-05T15:45:24Z INFO [188/500] 3a3d6b27-86d7-44cf-91d6-92d8f7bbf229: 46 chunks; 1.1 s; peak memory 1166 MiB.
2026-10-05T15:45:26Z INFO [189/500] 3a3e6705-1f9b-45fc-a796-24e921f3bbd7: 118 chunks; 2.4 s; peak memory 1166 MiB.
2026-10-05T15:45:28Z INFO [190/500] 3a3f3386-78be-429d-ae1e-a751ea6c78ed: 48 chunks; 1.3 s; peak memory 1166 MiB.
2026-10-05T15:45:30Z INFO [191/500] 3a3ff43e-5964-4726-80dc-6c5db099c9ac: 90 chunks; 2.8 s; peak memory 1166 MiB.
2026-10-05T15:45:32Z INFO [192/500] 3a40b63d-b350-41ff-85fb-10d75a5f57b4: 51 chunks; 1.6 s; peak memory 1166 MiB.
2026-10-05T15:45:37Z INFO [193/500] 3a4160f7-a736-4227-8663-cbc0bd19d7f8: 3132 chunks; 4.8 s; peak memory 1166 MiB.
2026-10-05T15:45:39Z INFO [194/500] 3a437bc2-2d7d-4df0-bd91-e3b14e44d744: 119 chunks; 2.6 s; peak memory 1166 MiB.
2026-10-05T15:45:41Z INFO [195/500] 3a44069b-34d4-4787-a414-eced1a4e3158: 48 chunks; 1.4 s; peak memory 1166 MiB.
2026-10-05T15:45:44Z INFO [196/500] 3a4494b1-84f7-4fc7-8fe7-5a007b715981: 168 chunks; 2.9 s; peak memory 1166 MiB.
2026-10-05T15:45:45Z INFO [197/500] 3a44f63d-7c21-4a89-b5d6-1efb6dd3a508: 48 chunks; 1.3 s; peak memory 1166 MiB.
2026-10-05T15:45:57Z INFO [198/500] 3a451aea-558b-41f3-ad55-320e2bf7bb8a: 2401 chunks; 12.4 s; peak memory 1166 MiB.
2026-10-05T15:46:03Z INFO [199/500] 3a45f9b3-277d-4bb0-8a26-b325de1e4f19: 548 chunks; 5.5 s; peak memory 1166 MiB.
2026-10-05T15:46:04Z INFO [200/500] 3a463022-e2f9-4fc0-a725-00be5e6858b3: 55 chunks; 1.0 s; peak memory 1166 MiB.
2026-10-05T15:46:04Z INFO [200/500] 3a463022-e2f9-4fc0-a725-00be5e6858b3: checkpointed 75034 records.
2026-10-05T15:46:05Z INFO [201/500] 3a469460-0798-41f6-9bde-45cdca7a1fd0: 47 chunks; 1.2 s; peak memory 1166 MiB.
2026-10-05T15:46:07Z INFO [202/500] 3a46df22-d66d-4f28-a6d7-075132f52341: 57 chunks; 1.1 s; peak memory 1166 MiB.
2026-10-05T15:46:10Z INFO [203/500] 3a4829e0-a948-4796-ade2-099c43d0690c: 143 chunks; 3.4 s; peak memory 1166 MiB.
2026-10-05T15:46:12Z INFO [204/500] 3a484147-9c3c-47b8-b686-a949458bbb84: 112 chunks; 2.2 s; peak memory 1166 MiB.
2026-10-05T15:46:14Z INFO [205/500] 3a48d09f-17fd-4519-a5db-ec44f2b7b980: 66 chunks; 1.7 s; peak memory 1166 MiB.
2026-10-05T15:46:16Z INFO [206/500] 3a48ff91-bc10-4898-b4ac-3a1bee0c2b80: 261 chunks; 1.8 s; peak memory 1166 MiB.
2026-10-05T15:46:17Z INFO [207/500] 3a49141f-36aa-4d6e-81c9-3535f97d80ba: 45 chunks; 1.7 s; peak memory 1166 MiB.
2026-10-05T15:46:19Z INFO [208/500] 3a49b6f5-1b0e-4781-a0fa-b0eb4eeac672: 110 chunks; 1.6 s; peak memory 1166 MiB.
2026-10-05T15:46:24Z INFO [209/500] 3a4ab52b-e193-465e-9225-c04321741696: 8021 chunks; 5.4 s; peak memory 1166 MiB.
2026-10-05T15:46:47Z INFO [210/500] 3a4c1ac1-7733-45d3-b203-738ad09346a9: 5613 chunks; 22.7 s; peak memory 1166 MiB.
2026-10-05T15:46:49Z INFO [211/500] 3a4c2937-d3c3-4cb2-8580-2b50f29d8060: 112 chunks; 1.9 s; peak memory 1166 MiB.
2026-10-05T15:46:50Z INFO [212/500] 3a4c96c6-cb89-4bf8-ac64-a84c6c91329b: 47 chunks; 1.2 s; peak memory 1166 MiB.
2026-10-05T15:46:52Z INFO [213/500] 3a4c9c13-0582-49d9-bab4-e00578f5db99: 170 chunks; 1.4 s; peak memory 1166 MiB.
2026-10-05T15:46:53Z INFO [214/500] 3a4cb037-a9c6-4ac5-b2c4-27097b264fd7: 48 chunks; 1.4 s; peak memory 1166 MiB.
2026-10-05T15:46:56Z INFO [215/500] 3a4d0ad2-5aab-447b-b89b-b1821a26ae6a: 131 chunks; 2.7 s; peak memory 1166 MiB.
2026-10-05T15:46:58Z INFO [216/500] 3a4d51db-6146-4a26-b7a0-23a00d2fca85: 71 chunks; 2.5 s; peak memory 1166 MiB.
2026-10-05T15:47:00Z INFO [217/500] 3a4d7255-5967-4c79-81aa-079f0675c0d3: 48 chunks; 1.4 s; peak memory 1166 MiB.
2026-10-05T15:47:01Z INFO [218/500] 3a4dd055-b9e8-4aff-b89b-f44e4553488b: 118 chunks; 1.5 s; peak memory 1166 MiB.
2026-10-05T15:47:03Z INFO [219/500] 3a4e28bf-b70c-4c87-b41d-f2bfb261a89a: 117 chunks; 1.6 s; peak memory 1166 MiB.
2026-10-05T15:47:04Z INFO [220/500] 3a4e6143-c84a-4314-9369-e67c96c4f07c: 33 chunks; 1.0 s; peak memory 1166 MiB.
2026-10-05T15:47:05Z INFO [221/500] 3a4e8950-9026-4fd7-8331-061820d3a257: 65 chunks; 1.4 s; peak memory 1166 MiB.
2026-10-05T15:47:07Z INFO [222/500] 3a4f4099-707f-449f-bb4f-344d223f392f: 110 chunks; 2.2 s; peak memory 1166 MiB.
2026-10-05T15:47:10Z INFO [223/500] 3a4f822c-cb4a-4dd4-9f92-0c43590518f0: 119 chunks; 2.3 s; peak memory 1166 MiB.
2026-10-05T15:47:18Z INFO [224/500] 3a509140-9ca4-4786-8663-363d41e2a04e: 263 chunks; 8.3 s; peak memory 1166 MiB.
2026-10-05T15:47:19Z INFO [225/500] 3a50a688-3009-499a-8781-8d2fe07ea9af: 48 chunks; 1.4 s; peak memory 1166 MiB.
2026-10-05T15:47:23Z INFO [226/500] 3a5147ed-a5fe-4e71-8c26-fca595e0484d: 101 chunks; 3.3 s; peak memory 1166 MiB.
2026-10-05T15:47:24Z INFO [227/500] 3a52d548-67e2-44f3-b218-c1b35ffe276c: 112 chunks; 1.9 s; peak memory 1166 MiB.
2026-10-05T15:47:27Z INFO [228/500] 3a537cc6-92a8-4a41-88f3-1b197f7dd919: 430 chunks; 2.3 s; peak memory 1166 MiB.
2026-10-05T15:47:28Z INFO [229/500] 3a53b0e3-83ec-4f3b-8f2e-d0374179fcbe: 112 chunks; 1.7 s; peak memory 1166 MiB.
2026-10-05T15:47:31Z INFO [230/500] 3a53f110-acb8-45a9-9a54-bf4775418104: 62 chunks; 2.2 s; peak memory 1166 MiB.
2026-10-05T15:47:33Z INFO [231/500] 3a5487ff-1bb9-4661-953b-a9375a733eca: 105 chunks; 2.2 s; peak memory 1166 MiB.
2026-10-05T15:47:34Z INFO [232/500] 3a54ec2f-7a1e-4304-8c99-67a15ac05bdc: 118 chunks; 1.4 s; peak memory 1166 MiB.
2026-10-05T15:47:40Z INFO [233/500] 3a554ea5-edac-4e59-ac40-680da0a2c479: 340 chunks; 6.0 s; peak memory 1166 MiB.
2026-10-05T15:47:42Z INFO [234/500] 3a565ac8-8280-4da5-81b1-cac330fc2eb3: 131 chunks; 2.2 s; peak memory 1166 MiB.
2026-10-05T15:47:43Z INFO [235/500] 3a569726-9fe7-4b58-9f3d-6ccc8a52b71e: 54 chunks; 1.0 s; peak memory 1166 MiB.
2026-10-05T15:47:52Z INFO [236/500] 3a579db3-6ccc-44d0-8f3e-45b71ffac268: 1242 chunks; 8.4 s; peak memory 1166 MiB.
2026-10-05T15:47:53Z INFO [237/500] 3a57ee3f-e799-413f-8897-591767c73ac0: 111 chunks; 1.4 s; peak memory 1166 MiB.
2026-10-05T15:47:55Z INFO [238/500] 3a5859c9-8f86-42fe-8b85-bc23aa2138ee: 36 chunks; 1.2 s; peak memory 1166 MiB.
2026-10-05T15:47:56Z INFO [239/500] 3a58ca1d-7f6c-41b4-82a9-093322e9649d: 118 chunks; 1.7 s; peak memory 1166 MiB.
2026-10-05T15:47:59Z INFO [240/500] 3a58f970-4c0a-4eb8-bcba-748f64fb0837: 438 chunks; 2.5 s; peak memory 1166 MiB.
2026-10-05T15:48:07Z INFO [241/500] 3a594b6b-d76c-48ac-8f92-9e9de043c282: 777 chunks; 8.7 s; peak memory 1166 MiB.
2026-10-05T15:48:18Z INFO [242/500] 3a59fe5f-d963-47b2-9022-008cd2fd82f7: 10906 chunks; 10.7 s; peak memory 1166 MiB.
2026-10-05T15:48:19Z INFO [243/500] 3a5a0cda-82ad-4fc0-97d6-89fcff63a30f: 48 chunks; 1.3 s; peak memory 1166 MiB.
2026-10-05T15:48:21Z INFO [244/500] 3a5a5867-c048-4851-ae66-0c21149fb268: 48 chunks; 1.2 s; peak memory 1166 MiB.
2026-10-05T15:48:22Z INFO [245/500] 3a5b41cf-3257-4fae-930b-3d7a1d0c26f8: 68 chunks; 1.4 s; peak memory 1166 MiB.
2026-10-05T15:48:24Z INFO [246/500] 3a5c49d3-f5a3-471d-9201-34de6d36367d: 71 chunks; 1.9 s; peak memory 1166 MiB.
2026-10-05T15:48:30Z INFO [247/500] 3a5d1c34-28d4-42c8-b20f-ecf90c4a9808: 512 chunks; 6.2 s; peak memory 1166 MiB.
2026-10-05T15:48:33Z INFO [248/500] 3a5e00c3-e62b-4095-b923-0d17af7c2d7d: 153 chunks; 3.3 s; peak memory 1166 MiB.
2026-10-05T15:48:35Z INFO [249/500] 3a5e4dcc-4cdd-40ad-8184-54156e75ec62: 50 chunks; 1.1 s; peak memory 1166 MiB.
2026-10-05T15:48:37Z INFO [250/500] 3a5e895d-b4f6-4d9f-8411-cb31c7818337: 112 chunks; 2.0 s; peak memory 1166 MiB.
2026-10-05T15:48:37Z INFO [250/500] 3a5e895d-b4f6-4d9f-8411-cb31c7818337: checkpointed 75084 records.
2026-10-05T15:48:38Z INFO [251/500] 3a5ea13f-806a-49be-9b00-a048bef93ef8: 48 chunks; 1.3 s; peak memory 1166 MiB.
2026-10-05T15:48:40Z INFO [252/500] 3a5f08e5-dcac-485e-8982-198a6380757d: 66 chunks; 1.8 s; peak memory 1166 MiB.
2026-10-05T15:48:42Z INFO [253/500] 3a61ea5d-6b3b-42f8-994a-4ec50b9ac5d1: 69 chunks; 1.8 s; peak memory 1166 MiB.
2026-10-05T15:48:43Z INFO [254/500] 3a628184-bc2d-4aab-b382-dae6591e72c2: 112 chunks; 1.7 s; peak memory 1166 MiB.
2026-10-05T15:48:46Z INFO [255/500] 3a63d111-f8ff-4fd8-ab27-329345aced51: 71 chunks; 2.5 s; peak memory 1166 MiB.
2026-10-05T15:48:47Z INFO [256/500] 3a63dfdb-46f0-45d8-b686-380dac623760: 48 chunks; 1.4 s; peak memory 1166 MiB.
2026-10-05T15:48:49Z INFO [257/500] 3a647908-83fe-4358-9893-14c506a16303: 112 chunks; 2.0 s; peak memory 1166 MiB.
2026-10-05T15:48:51Z INFO [258/500] 3a648364-d804-49e2-92de-c1cd42123cab: 48 chunks; 1.3 s; peak memory 1166 MiB.
2026-10-05T15:48:52Z INFO [259/500] 3a652625-1c9f-4045-9db0-7749a391d102: 48 chunks; 1.2 s; peak memory 1166 MiB.
2026-10-05T15:48:53Z INFO [260/500] 3a65a890-f69e-449b-8494-7193876c4350: 48 chunks; 1.4 s; peak memory 1166 MiB.
2026-10-05T15:48:54Z INFO [261/500] 3a661122-6fba-4ab3-8f03-69294c4b50a6: 46 chunks; 1.0 s; peak memory 1166 MiB.
2026-10-05T15:48:55Z INFO [262/500] 3a665e2f-2575-4896-9866-c59716f7827b: 48 chunks; 1.3 s; peak memory 1166 MiB.
2026-10-05T15:48:57Z INFO [263/500] 3a66c169-f7f5-4b57-b992-0eaf3eb53baa: 48 chunks; 1.4 s; peak memory 1166 MiB.
2026-10-05T15:48:59Z INFO [264/500] 3a6806ff-927a-4729-821f-815e0098c62c: 69 chunks; 2.2 s; peak memory 1166 MiB.
2026-10-05T15:49:01Z INFO [265/500] 3a682497-dfa1-4aad-8870-955ab9aa8c67: 64 chunks; 1.9 s; peak memory 1166 MiB.
2026-10-05T15:49:03Z INFO [266/500] 3a68c7f8-b1c9-4fe7-b0ab-8b5ac7d9a0fc: 112 chunks; 2.0 s; peak memory 1166 MiB.
2026-10-05T15:49:04Z INFO [267/500] 3a68e651-f05b-4caa-9369-a4c972443409: 117 chunks; 1.4 s; peak memory 1166 MiB.
2026-10-05T15:49:06Z INFO [268/500] 3a6a4ebe-8def-481d-b7e7-ccad338e707c: 119 chunks; 1.2 s; peak memory 1166 MiB.
2026-10-05T15:49:08Z INFO [269/500] 3a6afe54-c284-49cd-8148-f22542e69c9a: 121 chunks; 2.6 s; peak memory 1166 MiB.
2026-10-05T15:49:10Z INFO [270/500] 3a6bbab8-9cd0-4d54-9ffb-005f2448675d: 115 chunks; 1.5 s; peak memory 1166 MiB.
2026-10-05T15:49:13Z INFO [271/500] 3a6c03ea-d842-4e78-9e25-eb5d45af29a5: 115 chunks; 3.0 s; peak memory 1166 MiB.
2026-10-05T15:49:14Z INFO [272/500] 3a6c2240-3369-4281-b49b-909531f965fd: 46 chunks; 1.0 s; peak memory 1166 MiB.
2026-10-05T15:49:15Z INFO [273/500] 3a6db7a8-a767-44c6-b3b9-867e15f959ee: 50 chunks; 1.1 s; peak memory 1166 MiB.
2026-10-05T15:49:22Z INFO [274/500] 3a6dba18-c2cc-4783-989b-90294801bb45: 368 chunks; 7.8 s; peak memory 1166 MiB.
2026-10-05T15:49:24Z INFO [275/500] 3a6e3804-40d2-493a-812d-63bef2203bf0: 48 chunks; 1.4 s; peak memory 1166 MiB.
2026-10-05T15:49:40Z INFO [276/500] 3a6ee184-1b67-4eb7-8942-1b98516e4d50: 6118 chunks; 15.8 s; peak memory 1166 MiB.
2026-10-05T15:49:45Z INFO [277/500] 3a6eec0b-b14b-469e-88ed-3f2c9096f4a7: 388 chunks; 5.5 s; peak memory 1166 MiB.
2026-10-05T15:49:52Z INFO [278/500] 3a6f72e8-133e-4da6-aff0-e17462567988: 2923 chunks; 7.0 s; peak memory 1166 MiB.
2026-10-05T15:50:02Z INFO [279/500] 3a714c48-8b82-42d1-9fdc-bd46a5f30fd5: 18674 chunks; 9.4 s; peak memory 1166 MiB.
2026-10-05T15:50:03Z INFO [280/500] 3a7190b6-7119-40a2-8851-6168a13fef8e: 48 chunks; 1.4 s; peak memory 1166 MiB.
2026-10-05T15:50:05Z INFO [281/500] 3a722114-9d98-4bf6-b12b-904fe7ac0935: 117 chunks; 1.6 s; peak memory 1166 MiB.
2026-10-05T15:50:06Z INFO [282/500] 3a72732c-07c2-499a-aaa3-9c5f044adc60: 117 chunks; 1.6 s; peak memory 1166 MiB.
2026-10-05T15:50:08Z INFO [283/500] 3a72bbeb-4ad1-4496-bfb1-9807e0e255a8: 64 chunks; 1.8 s; peak memory 1166 MiB.
2026-10-05T15:50:10Z INFO [284/500] 3a7422e0-c658-42cb-bec3-a2daa92e9e79: 66 chunks; 1.9 s; peak memory 1166 MiB.
2026-10-05T15:50:15Z INFO [285/500] 3a75ab97-6ffd-47a7-a5a3-8729f5c2161d: 6562 chunks; 4.9 s; peak memory 1166 MiB.
2026-10-05T15:50:16Z INFO [286/500] 3a773bde-3011-458c-8434-f896e9fa7009: 41 chunks; 1.2 s; peak memory 1166 MiB.
2026-10-05T15:50:17Z INFO [287/500] 3a77f4b0-b98b-4fb2-833f-28baf5b696d2: 48 chunks; 1.3 s; peak memory 1166 MiB.
2026-10-05T15:50:21Z INFO [288/500] 3a786b12-a62c-4525-b459-a3dcd9c52ba2: 359 chunks; 3.3 s; peak memory 1166 MiB.
2026-10-05T15:50:22Z INFO [289/500] 3a787177-4d02-4b82-8f5f-b2c7ffc2bba8: 37 chunks; 1.0 s; peak memory 1166 MiB.
2026-10-05T15:50:23Z INFO [290/500] 3a789473-078a-4c15-912f-0756a76d8505: 117 chunks; 1.7 s; peak memory 1166 MiB.
2026-10-05T15:50:27Z INFO [291/500] 3a798f09-76b1-44af-8e7b-ca339ae8be40: 156 chunks; 3.7 s; peak memory 1166 MiB.
2026-10-05T15:50:29Z INFO [292/500] 3a799800-e9d4-4ba6-b124-83cb1dc4f31b: 112 chunks; 1.7 s; peak memory 1166 MiB.
2026-10-05T15:50:31Z INFO [293/500] 3a79b76d-eb6c-48cd-b712-5691005be372: 110 chunks; 1.8 s; peak memory 1166 MiB.
2026-10-05T15:50:32Z INFO [294/500] 3a7a2461-77ab-485d-a8ee-7178f6b42933: 48 chunks; 1.2 s; peak memory 1166 MiB.
2026-10-05T15:55:05Z INFO [295/500] 3a7ac883-7343-4b97-b3b3-30cf5d32d6e1: 75232 chunks; 273.6 s; peak memory 1166 MiB.
2026-10-05T15:55:07Z INFO [296/500] 3a7aed86-09f5-48c8-844d-dfca74e94ec8: 117 chunks; 1.5 s; peak memory 1166 MiB.
2026-10-05T15:55:08Z INFO [297/500] 3a7b489e-92fa-4765-a47e-11922eee8538: 48 chunks; 1.3 s; peak memory 1166 MiB.
2026-10-05T15:55:09Z INFO [298/500] 3a7bc97d-ebf8-4436-8f1e-35f5b00466bc: 56 chunks; 1.0 s; peak memory 1166 MiB.
2026-10-05T15:55:12Z INFO [299/500] 3a7dd24f-00ba-4ed4-8304-8f2b2759c447: 116 chunks; 3.2 s; peak memory 1166 MiB.
2026-10-05T15:55:14Z INFO [300/500] 3a7dd3ff-a5c1-42aa-bce7-44af77ead061: 74 chunks; 1.5 s; peak memory 1166 MiB.
2026-10-05T15:55:14Z INFO [300/500] 3a7dd3ff-a5c1-42aa-bce7-44af77ead061: checkpointed 75134 records.
2026-10-05T15:55:25Z INFO [301/500] 3a7fd131-763d-4b1d-825a-2fb134253cee: 8596 chunks; 10.6 s; peak memory 1166 MiB.
2026-10-05T15:55:28Z INFO [302/500] 3a80e0b4-94b5-4a4d-95d7-fe48177dd480: 116 chunks; 3.1 s; peak memory 1166 MiB.
2026-10-05T15:55:30Z INFO [303/500] 3a829dec-6e5a-46fd-a918-fae6dc586f93: 112 chunks; 1.8 s; peak memory 1166 MiB.
2026-10-05T15:56:03Z INFO [304/500] 3a82a919-68b4-4584-95c0-a06520b4664a: 3618 chunks; 33.5 s; peak memory 1166 MiB.
2026-10-05T15:56:05Z INFO [305/500] 3a82c49d-0b15-45cb-ba3e-5a5cebb20d38: 48 chunks; 1.4 s; peak memory 1166 MiB.
2026-10-05T15:56:27Z INFO [306/500] 3a8307b6-5b2b-4cde-8222-613d21976271: 1155 chunks; 22.9 s; peak memory 1166 MiB.
2026-10-05T15:58:47Z INFO [307/500] 3a83145d-3858-43ff-a5b7-07728024d17c: 38295 chunks; 139.5 s; peak memory 1166 MiB.
2026-10-05T15:58:55Z INFO [308/500] 3a831d4c-9154-406b-a3dc-061fc2b2797a: 279 chunks; 8.1 s; peak memory 1166 MiB.
2026-10-05T15:58:56Z INFO [309/500] 3a8343a3-dfcf-490d-97c7-d2caff66ed57: 46 chunks; 1.1 s; peak memory 1166 MiB.
2026-10-05T15:58:57Z INFO [310/500] 3a835bf3-ddc9-4abf-bb86-df21b93eea98: 52 chunks; 1.4 s; peak memory 1166 MiB.
2026-10-05T15:58:59Z INFO [311/500] 3a864c8c-35f4-4118-b7b1-ea2ac3da81df: 117 chunks; 1.5 s; peak memory 1166 MiB.
2026-10-05T15:59:00Z INFO [312/500] 3a86631b-eaf8-41e7-a219-7e360b063316: 56 chunks; 1.1 s; peak memory 1166 MiB.
2026-10-05T15:59:02Z INFO [313/500] 3a867055-993b-44d6-9128-7977deaad8b7: 71 chunks; 1.8 s; peak memory 1166 MiB.
2026-10-05T15:59:03Z INFO [314/500] 3a86a541-6a6b-4b03-bfd3-868ac5a02b49: 48 chunks; 1.3 s; peak memory 1166 MiB.
2026-10-05T15:59:05Z INFO [315/500] 3a8701e6-4c55-48e0-be8d-e88dbf824659: 118 chunks; 1.6 s; peak memory 1166 MiB.
2026-10-05T15:59:06Z INFO [316/500] 3a882d69-4e2b-4e90-a154-fb8f59f2ee68: 48 chunks; 1.3 s; peak memory 1166 MiB.
2026-10-05T15:59:13Z INFO [317/500] 3a883a9b-a341-4b86-b306-ed8cbe6aa95d: 2922 chunks; 7.1 s; peak memory 1166 MiB.
2026-10-05T15:59:14Z INFO [318/500] 3a8880ed-bec2-4e59-9181-735a0c1344e4: 46 chunks; 1.1 s; peak memory 1166 MiB.
2026-10-05T15:59:18Z INFO [319/500] 3a88d825-8cc0-483d-97df-a8747495edc7: 116 chunks; 3.5 s; peak memory 1166 MiB.
2026-10-05T15:59:19Z INFO [320/500] 3a88ff1b-ec42-4e8f-9824-64c13400f50f: 52 chunks; 1.3 s; peak memory 1166 MiB.
2026-10-05T15:59:20Z INFO [321/500] 3a89e09e-e1a8-41a9-931a-9c3bf76b81fc: 64 chunks; 1.3 s; peak memory 1166 MiB.
2026-10-05T15:59:22Z INFO [322/500] 3a8a1c25-55cd-4305-90d9-46cef0b19893: 117 chunks; 1.6 s; peak memory 1166 MiB.
2026-10-05T15:59:23Z INFO [323/500] 3a8a2434-c6bb-43fb-8ac2-19094722b9d2: 116 chunks; 1.5 s; peak memory 1166 MiB.
2026-10-05T15:59:25Z INFO [324/500] 3a8a89c8-46ef-4ec0-ba8e-bcf5cf81fd1d: 65 chunks; 1.3 s; peak memory 1166 MiB.
2026-10-05T15:59:27Z INFO [325/500] 3a8ac81d-931f-4290-9da1-92e41095ac0d: 118 chunks; 2.3 s; peak memory 1166 MiB.
2026-10-05T15:59:29Z INFO [326/500] 3a8acc8b-e31e-4627-84e4-fc10a7f3015a: 66 chunks; 2.2 s; peak memory 1166 MiB.
2026-10-05T15:59:31Z INFO [327/500] 3a8ba7c2-4032-4d24-a8e9-26a85525eef7: 112 chunks; 1.8 s; peak memory 1166 MiB.
2026-10-05T15:59:33Z INFO [328/500] 3a8bd1fe-7689-42f0-9fce-bc23f94ee44f: 117 chunks; 1.5 s; peak memory 1166 MiB.
2026-10-05T15:59:57Z INFO [329/500] 3a8c1664-96c0-46d6-99f0-3ef047c74a76: 6576 chunks; 24.1 s; peak memory 1166 MiB.
2026-10-05T15:59:58Z INFO [330/500] 3a8cc3ba-f9a1-45d9-b330-5e74256826be: 69 chunks; 1.2 s; peak memory 1166 MiB.
2026-10-05T15:59:59Z INFO [331/500] 3a8cdf71-6797-4086-96ad-6e6b97a22d21: 117 chunks; 1.5 s; peak memory 1166 MiB.
2026-10-05T16:00:03Z INFO [332/500] 3a8d053b-4c2d-42f9-b486-9b244739690e: 156 chunks; 3.5 s; peak memory 1166 MiB.
2026-10-05T16:00:04Z INFO [333/500] 3a8d7e12-5e03-4d80-9994-3fd77fce2b07: 48 chunks; 1.3 s; peak memory 1166 MiB.
2026-10-05T16:00:12Z INFO [334/500] 3a8df72f-cdf5-4de1-826f-19f8f3fdd4f3: 8555 chunks; 7.6 s; peak memory 1166 MiB.
2026-10-05T16:00:20Z INFO [335/500] 3a8e1084-1c9a-449b-a753-6098d26bdcd5: 10245 chunks; 8.4 s; peak memory 1166 MiB.
2026-10-05T16:00:34Z INFO [336/500] 3a8e1cb3-c280-405d-a5f8-39d7812cc899: 3725 chunks; 13.9 s; peak memory 1166 MiB.
2026-10-05T16:00:36Z INFO [337/500] 3a8e644b-568b-4d31-a54a-e29031112f0f: 69 chunks; 1.6 s; peak memory 1166 MiB.
2026-10-05T16:00:37Z INFO [338/500] 3a8eb518-0756-4c63-b3e6-31e6a79365e4: 112 chunks; 1.7 s; peak memory 1166 MiB.
2026-10-05T16:00:40Z INFO [339/500] 3a8fd076-8453-44d3-a7b8-d1c4eb0035a7: 103 chunks; 2.3 s; peak memory 1166 MiB.
2026-10-05T16:00:41Z INFO [340/500] 3a901bc5-a142-4817-8cc1-bd5a3f17f22e: 48 chunks; 1.3 s; peak memory 1166 MiB.
2026-10-05T16:00:42Z INFO [341/500] 3a903b09-4e9f-419e-8860-c084b8a16f49: 58 chunks; 1.1 s; peak memory 1166 MiB.
2026-10-05T16:00:54Z INFO [342/500] 3a905188-85c9-4701-a199-ec8719fe6474: 23538 chunks; 11.8 s; peak memory 1166 MiB.
2026-10-05T16:01:04Z INFO [343/500] 3a90bbec-bfe0-40a9-af5e-962a78ed62cd: 19910 chunks; 9.9 s; peak memory 1166 MiB.
2026-10-05T16:01:05Z INFO [344/500] 3a90f75e-6c0d-40a4-8e75-393ba3e5fa86: 112 chunks; 1.8 s; peak memory 1166 MiB.
2026-10-05T16:01:07Z INFO [345/500] 3a912fca-9f24-4f96-a59f-bd67beaa91c5: 48 chunks; 1.3 s; peak memory 1166 MiB.
2026-10-05T16:01:08Z INFO [346/500] 3a917938-8d8d-495a-a7b3-17a2bc93347c: 117 chunks; 1.6 s; peak memory 1166 MiB.
2026-10-05T16:01:10Z INFO [347/500] 3a9454f6-eee3-492c-87ef-e0db3789b3c3: 131 chunks; 1.8 s; peak memory 1166 MiB.
2026-10-05T16:01:12Z INFO [348/500] 3a9568e5-c75f-40b9-8b3a-887e6e0a3cb7: 64 chunks; 2.0 s; peak memory 1166 MiB.
2026-10-05T16:01:14Z INFO [349/500] 3a957273-d2d5-4912-a8ef-ab178edbecc8: 112 chunks; 1.4 s; peak memory 1166 MiB.
2026-10-05T16:06:29Z INFO [350/500] 3a95bbe9-455c-4861-a955-0c50588dce12: 88856 chunks; 315.4 s; peak memory 1166 MiB.
2026-10-05T16:06:29Z INFO [350/500] 3a95bbe9-455c-4861-a955-0c50588dce12: checkpointed 75184 records.
2026-10-05T16:06:31Z INFO [351/500] 3a963862-51b0-4e43-abac-218a871738f5: 48 chunks; 1.3 s; peak memory 1166 MiB.
2026-10-05T16:07:04Z INFO [352/500] 3a964c99-4498-48ee-b3d6-9f6f886ace4a: 12335 chunks; 33.6 s; peak memory 1166 MiB.
2026-10-05T16:07:06Z INFO [353/500] 3a96b1e2-89de-4462-81e0-5831b640cd30: 47 chunks; 2.1 s; peak memory 1166 MiB.
2026-10-05T16:07:08Z INFO [354/500] 3a96ddaa-f7e9-485d-a587-0179b2079c4c: 52 chunks; 1.3 s; peak memory 1166 MiB.
2026-10-05T16:07:10Z INFO [355/500] 3a978dcc-4c92-4f84-b57e-90c5921f78ec: 112 chunks; 1.9 s; peak memory 1166 MiB.
2026-10-05T16:07:11Z INFO [356/500] 3a97f7bf-c391-48d9-b1f5-c77fc4c53a0e: 112 chunks; 1.2 s; peak memory 1166 MiB.
2026-10-05T16:07:12Z INFO [357/500] 3a983095-a46f-4e07-b6b6-c5da9a9a72c9: 48 chunks; 1.3 s; peak memory 1166 MiB.
2026-10-05T16:07:14Z INFO [358/500] 3a991eb0-181f-49e1-8507-2218e96da70f: 275 chunks; 2.0 s; peak memory 1166 MiB.
2026-10-05T16:07:16Z INFO [359/500] 3a9962d3-078d-4051-a5ff-655a10012486: 112 chunks; 2.0 s; peak memory 1166 MiB.
2026-10-05T16:07:19Z INFO [360/500] 3a99dd98-94af-4589-8254-13f9c28dcdcc: 101 chunks; 3.2 s; peak memory 1166 MiB.
2026-10-05T16:07:21Z INFO [361/500] 3a9a76f5-ce2d-4ec3-b063-5633b025049b: 93 chunks; 1.8 s; peak memory 1166 MiB.
2026-10-05T16:07:24Z INFO [362/500] 3a9b9b52-59fd-452d-829c-7a9f115ae237: 71 chunks; 3.0 s; peak memory 1166 MiB.
2026-10-05T16:07:32Z INFO [363/500] 3a9bdc61-7902-4869-8fe7-d71fab7c9bd2: 4953 chunks; 8.2 s; peak memory 1166 MiB.
2026-10-05T16:07:34Z INFO [364/500] 3a9bfb14-df2b-41e1-a881-0e0b903177b3: 276 chunks; 2.1 s; peak memory 1166 MiB.
2026-10-05T16:07:36Z INFO [365/500] 3a9c115f-a584-4a53-872d-9872ab3d1601: 78 chunks; 1.6 s; peak memory 1166 MiB.
2026-10-05T16:07:54Z INFO [366/500] 3a9fc253-465c-40e1-833c-b4bd60de28b6: 5681 chunks; 17.8 s; peak memory 1166 MiB.
2026-10-05T16:07:55Z INFO [367/500] 3a9fd95b-4020-4491-bde4-e9fbb61b41e2: 117 chunks; 1.5 s; peak memory 1166 MiB.
2026-10-05T16:07:56Z INFO [368/500] 3aa0fe9e-b14f-4f89-83e8-b90daa0a718e: 46 chunks; 1.0 s; peak memory 1166 MiB.
2026-10-05T16:07:58Z INFO [369/500] 3aa16375-118c-45db-985d-c838b0ce18e7: 48 chunks; 1.4 s; peak memory 1166 MiB.
2026-10-05T16:07:59Z INFO [370/500] 3aa1af97-3fdf-4a8a-b5c0-cb39fb9e0037: 170 chunks; 1.6 s; peak memory 1166 MiB.
2026-10-05T16:08:01Z INFO [371/500] 3aa26cc8-130e-404c-84a0-26905a014657: 72 chunks; 1.5 s; peak memory 1166 MiB.
2026-10-05T16:08:02Z INFO [372/500] 3aa2946d-3623-462c-ad66-31fad34bbfa4: 66 chunks; 1.8 s; peak memory 1166 MiB.
2026-10-05T16:08:04Z INFO [373/500] 3aa2eaea-f640-44c7-a31c-926dbe601f36: 37 chunks; 1.2 s; peak memory 1166 MiB.
2026-10-05T16:08:05Z INFO [374/500] 3aa35148-225e-47c3-aa62-cb3c1e8408a3: 48 chunks; 1.5 s; peak memory 1166 MiB.
2026-10-05T16:08:11Z INFO [375/500] 3aa36c0c-d432-436d-971e-67d4cbbc335a: 4027 chunks; 6.1 s; peak memory 1166 MiB.
2026-10-05T16:08:13Z INFO [376/500] 3aa50c39-7919-430d-9d75-4e3e3b69d113: 48 chunks; 1.3 s; peak memory 1166 MiB.
2026-10-05T16:08:23Z INFO [377/500] 3aa68cae-93dd-41b6-bdd4-ea159eb49c5c: 1053 chunks; 10.7 s; peak memory 1166 MiB.
2026-10-05T16:08:34Z INFO [378/500] 3aa710a5-5673-47d0-8c2e-b61c37870fe7: 391 chunks; 10.3 s; peak memory 1166 MiB.
2026-10-05T16:08:35Z INFO [379/500] 3aa7b38d-ebf7-4c35-b39c-0f6e0482a1f3: 50 chunks; 1.3 s; peak memory 1166 MiB.
2026-10-05T16:08:58Z INFO [380/500] 3aa80911-64ea-436c-b13c-6595e15c41ea: 13848 chunks; 22.8 s; peak memory 1166 MiB.
2026-10-05T16:09:01Z INFO [381/500] 3aa85e4b-6b97-4a50-82a4-84dad9276641: 153 chunks; 3.5 s; peak memory 1166 MiB.
2026-10-05T16:09:02Z INFO [382/500] 3aa8eeac-b253-4754-a814-3318d6a5c353: 48 chunks; 1.2 s; peak memory 1166 MiB.
2026-10-05T16:09:04Z INFO [383/500] 3aa99965-e6a0-4fb4-939b-49d1dfe0223c: 48 chunks; 1.4 s; peak memory 1166 MiB.
2026-10-05T16:09:05Z INFO [384/500] 3aa9d566-aea6-4427-8cfc-db708717adfc: 116 chunks; 1.7 s; peak memory 1166 MiB.
2026-10-05T16:09:07Z INFO [385/500] 3aa9e0d4-4e81-4989-aee9-7359f4b67a71: 118 chunks; 1.5 s; peak memory 1166 MiB.
2026-10-05T16:09:08Z INFO [386/500] 3aaa234b-096d-4800-a531-d2aa98c9f994: 48 chunks; 1.3 s; peak memory 1166 MiB.
2026-10-05T16:09:10Z INFO [387/500] 3aaa4fe7-612a-4660-97c0-883c7dffc8c7: 48 chunks; 1.3 s; peak memory 1166 MiB.
2026-10-05T16:09:11Z INFO [388/500] 3aaa50f8-caf6-489a-9d25-bbf95bcbe24b: 289 chunks; 1.8 s; peak memory 1166 MiB.
2026-10-05T16:09:13Z INFO [389/500] 3aab1920-f13d-4823-a4d2-8230a32d3907: 46 chunks; 1.1 s; peak memory 1166 MiB.
2026-10-05T16:09:14Z INFO [390/500] 3aab2559-1cc0-47bb-8032-53f2785c1dfe: 119 chunks; 1.4 s; peak memory 1166 MiB.
2026-10-05T16:09:16Z INFO [391/500] 3aac8be8-51f5-41fb-ac6c-18360aa67e5d: 112 chunks; 1.8 s; peak memory 1166 MiB.
2026-10-05T16:09:17Z INFO [392/500] 3aacfc35-b60d-4563-ba9f-5ab9d2811626: 69 chunks; 1.5 s; peak memory 1166 MiB.
2026-10-05T16:09:25Z INFO [393/500] 3aad324c-2085-4beb-b428-b35cefec5b30: 4969 chunks; 7.8 s; peak memory 1166 MiB.
2026-10-05T16:09:27Z INFO [394/500] 3aad500d-ffd2-4009-bd9c-e31f75aa8928: 118 chunks; 1.6 s; peak memory 1166 MiB.
2026-10-05T16:09:28Z INFO [395/500] 3aadb316-d5c4-4c23-a585-b202186567db: 112 chunks; 1.7 s; peak memory 1166 MiB.
2026-10-05T16:09:30Z INFO [396/500] 3aae94ba-23c3-4f4d-832e-186d8f900aaa: 230 chunks; 1.6 s; peak memory 1166 MiB.
2026-10-05T16:09:31Z INFO [397/500] 3aaeaee9-b707-4f71-a785-0230a6c99123: 48 chunks; 1.3 s; peak memory 1166 MiB.
2026-10-05T16:09:33Z INFO [398/500] 3aaf198a-373d-4700-ac57-f09e59df1533: 118 chunks; 1.4 s; peak memory 1166 MiB.
2026-10-05T16:09:35Z INFO [399/500] 3aaf2d38-3a5c-4d71-abf4-2d8f1177febf: 103 chunks; 2.5 s; peak memory 1166 MiB.
2026-10-05T16:09:37Z INFO [400/500] 3aaf4c2c-c414-43f9-a80e-fb70865be807: 63 chunks; 1.3 s; peak memory 1166 MiB.
2026-10-05T16:09:37Z INFO [400/500] 3aaf4c2c-c414-43f9-a80e-fb70865be807: checkpointed 75234 records.
2026-10-05T16:09:46Z INFO [401/500] 3aafb4ba-e1e8-4536-9a28-116b3fca2bc5: 20775 chunks; 9.2 s; peak memory 1166 MiB.
2026-10-05T16:09:47Z INFO [402/500] 3ab08115-d368-4e2d-b98c-66b3a4dbe3c9: 63 chunks; 1.2 s; peak memory 1166 MiB.
2026-10-05T16:09:55Z INFO [403/500] 3ab18705-bd73-4636-bae1-19e2b825ad6a: 11377 chunks; 8.1 s; peak memory 1166 MiB.
2026-10-05T16:09:57Z INFO [404/500] 3ab1b16c-4f1b-46f2-bd2b-6bab8fe21b75: 112 chunks; 2.2 s; peak memory 1166 MiB.
2026-10-05T16:09:59Z INFO [405/500] 3ab1e338-bfb3-42d5-98a2-39ad2a20c7c0: 71 chunks; 2.1 s; peak memory 1166 MiB.
2026-10-05T16:10:01Z INFO [406/500] 3ab26a95-1e0b-464e-a6d7-a34ccfcb75d6: 45 chunks; 1.1 s; peak memory 1166 MiB.
2026-10-05T16:10:04Z INFO [407/500] 3ab2f23e-872c-4e9c-8e9b-027018b7e35b: 156 chunks; 3.3 s; peak memory 1166 MiB.
2026-10-05T16:10:05Z INFO [408/500] 3ab45635-a0bb-4b20-a12e-c0e5143b46cf: 46 chunks; 1.1 s; peak memory 1166 MiB.
2026-10-05T16:10:07Z INFO [409/500] 3ab64024-891e-4876-8293-f9364f15d903: 118 chunks; 1.5 s; peak memory 1166 MiB.
2026-10-05T16:10:08Z INFO [410/500] 3ab737a0-1b6a-4a54-ad7f-b3178bcd5e9b: 48 chunks; 1.3 s; peak memory 1166 MiB.
2026-10-05T16:10:12Z INFO [411/500] 3ab79e79-3b18-494b-888c-6103d283c6ea: 2408 chunks; 4.6 s; peak memory 1166 MiB.
2026-10-05T16:10:15Z INFO [412/500] 3ab82ede-c936-4fa9-adb8-b7eb9b399098: 66 chunks; 2.4 s; peak memory 1166 MiB.
2026-10-05T16:10:16Z INFO [413/500] 3ab85554-c4ca-4862-a1d4-179a9dbf9fb9: 120 chunks; 1.3 s; peak memory 1166 MiB.
2026-10-05T16:10:18Z INFO [414/500] 3ab86cac-e888-4013-8b52-2e1fe21abe50: 69 chunks; 2.1 s; peak memory 1166 MiB.
2026-10-05T16:10:20Z INFO [415/500] 3ab89af3-a6c1-4645-92b2-afd86b790194: 48 chunks; 1.3 s; peak memory 1166 MiB.
2026-10-05T16:10:23Z INFO [416/500] 3ab8b259-53f1-4275-b348-3728d972f236: 435 chunks; 3.3 s; peak memory 1166 MiB.
2026-10-05T16:10:25Z INFO [417/500] 3ab8dbb2-0227-4ab4-85fd-20b03b6c8799: 51 chunks; 1.8 s; peak memory 1166 MiB.
2026-10-05T16:10:34Z INFO [418/500] 3ab8f73d-7a81-4459-a77b-2d970a3c0823: 8383 chunks; 9.1 s; peak memory 1166 MiB.
2026-10-05T16:10:35Z INFO [419/500] 3ab944f6-b466-4819-b7a3-ee49c0708ccd: 48 chunks; 1.4 s; peak memory 1166 MiB.
2026-10-05T16:10:37Z INFO [420/500] 3ab98a3c-a90a-46c3-b9ea-1e8526dc0637: 112 chunks; 1.9 s; peak memory 1166 MiB.
2026-10-05T16:10:38Z INFO [421/500] 3aba84e9-b2fc-4b27-8b80-5ccd693aa650: 48 chunks; 1.3 s; peak memory 1166 MiB.
2026-10-05T16:10:43Z INFO [422/500] 3abccbee-b618-4d3e-a582-4c6114d3c3fc: 8440 chunks; 4.7 s; peak memory 1166 MiB.
2026-10-05T16:11:43Z INFO [423/500] 3abd4bfe-49be-45fa-991a-57d9b705e847: 8891 chunks; 59.9 s; peak memory 1166 MiB.
2026-10-05T16:11:45Z INFO [424/500] 3abd4ea6-da9d-44c8-9e6c-cf9952feb9eb: 64 chunks; 1.8 s; peak memory 1166 MiB.
2026-10-05T16:11:46Z INFO [425/500] 3abd9611-cc1c-4e92-8a8b-ff39af840f20: 102 chunks; 1.3 s; peak memory 1166 MiB.
2026-10-05T16:11:48Z INFO [426/500] 3abdc5d1-a506-44ae-9282-30a628bd06c6: 112 chunks; 2.1 s; peak memory 1166 MiB.
2026-10-05T16:11:50Z INFO [427/500] 3abe5380-458f-42ed-833e-156c00087082: 118 chunks; 1.4 s; peak memory 1166 MiB.
2026-10-05T16:11:51Z INFO [428/500] 3abede41-28aa-47e7-9edf-59d0ebbe4eeb: 117 chunks; 1.8 s; peak memory 1166 MiB.
2026-10-05T16:11:53Z INFO [429/500] 3ac01e91-068a-4df6-a98d-af848afb1fbe: 116 chunks; 1.6 s; peak memory 1166 MiB.
2026-10-05T16:11:55Z INFO [430/500] 3ac04e8d-b427-4e79-aaf1-6ad59e934846: 71 chunks; 2.0 s; peak memory 1166 MiB.
2026-10-05T16:12:00Z INFO [431/500] 3ac0cb0f-bfe1-4094-ac8c-2c945394d244: 233 chunks; 5.0 s; peak memory 1166 MiB.
2026-10-05T16:12:03Z INFO [432/500] 3ac0ee92-035c-4ce6-9ead-36f68d83750e: 206 chunks; 3.3 s; peak memory 1166 MiB.
2026-10-05T16:12:05Z INFO [433/500] 3ac0f22d-bed0-412b-8e25-0d2b185bdf25: 117 chunks; 1.6 s; peak memory 1166 MiB.
2026-10-05T16:12:12Z INFO [434/500] 3ac11fbb-1560-4c8e-97b5-886235fa46f4: 17136 chunks; 7.3 s; peak memory 1166 MiB.
2026-10-05T16:12:14Z INFO [435/500] 3ac240e2-7eb0-43c2-8315-4c5e8d7b1874: 48 chunks; 1.3 s; peak memory 1166 MiB.
2026-10-05T16:12:25Z INFO [436/500] 3ac29964-9148-4ecb-8262-b46989a77818: 18799 chunks; 11.8 s; peak memory 1166 MiB.
2026-10-05T16:12:27Z INFO [437/500] 3ac31dbb-ac60-4b63-ae98-d8a95abebdc5: 70 chunks; 1.3 s; peak memory 1166 MiB.
2026-10-05T16:12:28Z INFO [438/500] 3ac54b99-f902-4920-a008-8953b76a2a24: 48 chunks; 1.2 s; peak memory 1166 MiB.
2026-10-05T16:12:30Z INFO [439/500] 3ac569bd-2637-4bbf-81c8-de83bc665a6b: 112 chunks; 1.7 s; peak memory 1166 MiB.
2026-10-05T16:12:31Z INFO [440/500] 3ac5c818-a074-40e9-9f8f-c8b7c1811eec: 50 chunks; 1.2 s; peak memory 1166 MiB.
2026-10-05T16:12:32Z INFO [441/500] 3ac6744b-9d41-41d6-99cd-77e9b26edfe7: 117 chunks; 1.5 s; peak memory 1166 MiB.
2026-10-05T16:12:34Z INFO [442/500] 3ac6a1b9-db08-4949-a923-aeeaf631c10c: 48 chunks; 1.3 s; peak memory 1166 MiB.
2026-10-05T16:12:45Z INFO [443/500] 3ac6a9db-52d9-413f-81db-0b9de7e729af: 2057 chunks; 11.5 s; peak memory 1166 MiB.
2026-10-05T16:12:48Z INFO [444/500] 3ac6cb66-d636-492a-8459-fa26a8e2c937: 138 chunks; 3.1 s; peak memory 1166 MiB.
2026-10-05T16:12:50Z INFO [445/500] 3ac6d28b-2a88-411d-b90a-8394d04a6026: 117 chunks; 1.7 s; peak memory 1166 MiB.
2026-10-05T16:12:52Z INFO [446/500] 3ac74548-fdd2-49bd-abef-1ff65772c824: 112 chunks; 1.9 s; peak memory 1166 MiB.
2026-10-05T16:12:55Z INFO [447/500] 3ac750da-3b64-4f90-97d2-2b4b9c339612: 114 chunks; 3.3 s; peak memory 1166 MiB.
2026-10-05T16:13:09Z INFO [448/500] 3ac8df5b-4b59-43be-a377-e642a824a12c: 628 chunks; 13.4 s; peak memory 1166 MiB.
2026-10-05T16:14:03Z INFO [449/500] 3ac98a57-bb9c-42f3-8625-5d68a3d0f818: 24117 chunks; 54.8 s; peak memory 1166 MiB.
2026-10-05T16:14:05Z INFO [450/500] 3ac9b8a7-6f41-4794-aafd-09443378d412: 77 chunks; 1.3 s; peak memory 1166 MiB.
2026-10-05T16:14:05Z INFO [450/500] 3ac9b8a7-6f41-4794-aafd-09443378d412: checkpointed 75284 records.
2026-10-05T16:14:07Z INFO [451/500] 3acb76c0-9548-4353-afc1-56cceee7758b: 74 chunks; 1.8 s; peak memory 1166 MiB.
2026-10-05T16:14:09Z INFO [452/500] 3acc0cf7-a82a-4ea5-b1e3-3be8fd2672b4: 99 chunks; 2.1 s; peak memory 1166 MiB.
2026-10-05T16:14:11Z INFO [453/500] 3acdbf5a-5133-4579-ae59-ed373087d8a8: 71 chunks; 1.8 s; peak memory 1166 MiB.
2026-10-05T16:14:12Z INFO [454/500] 3acdc5bf-4049-4996-8c57-78043f8bd906: 48 chunks; 1.2 s; peak memory 1166 MiB.
2026-10-05T16:14:13Z INFO [455/500] 3acdca6e-2a50-49ce-b109-5de49e5b0482: 48 chunks; 1.3 s; peak memory 1166 MiB.
2026-10-05T16:14:20Z INFO [456/500] 3acf838b-ee16-4499-a207-76148c2f7c69: 2923 chunks; 7.3 s; peak memory 1166 MiB.
2026-10-05T16:14:22Z INFO [457/500] 3ad063b0-c016-4831-a48f-da636156bca1: 56 chunks; 1.2 s; peak memory 1166 MiB.
2026-10-05T16:14:24Z INFO [458/500] 3ad0e921-5d19-4076-a16b-94f801a28bd5: 69 chunks; 2.0 s; peak memory 1166 MiB.
2026-10-05T16:14:30Z INFO [459/500] 3ad10fce-4e9a-4899-ae93-eb81ff30e751: 1188 chunks; 6.1 s; peak memory 1166 MiB.
2026-10-05T16:14:32Z INFO [460/500] 3ad138d3-0e08-4170-9748-d6891722e571: 71 chunks; 2.3 s; peak memory 1166 MiB.
2026-10-05T16:14:33Z INFO [461/500] 3ad18cc0-7955-4f89-b19b-3cb123c10e6d: 63 chunks; 1.2 s; peak memory 1166 MiB.
2026-10-05T16:14:35Z INFO [462/500] 3ad21297-857f-43bf-ae57-627227a79eb7: 117 chunks; 1.6 s; peak memory 1166 MiB.
2026-10-05T16:14:48Z INFO [463/500] 3ad22142-fa21-44b0-8c92-f4be63ed50cd: 2199 chunks; 13.6 s; peak memory 1166 MiB.
2026-10-05T16:14:57Z INFO [464/500] 3ad2d4f1-4aaa-4730-bdac-e3e4932944cd: 19522 chunks; 8.2 s; peak memory 1166 MiB.
2026-10-05T16:14:58Z INFO [465/500] 3ad3f62d-797c-4954-84fc-e5982cf47e90: 46 chunks; 1.0 s; peak memory 1166 MiB.
2026-10-05T16:14:59Z INFO [466/500] 3ad401e6-7609-45b6-8254-c81432d30efb: 52 chunks; 1.6 s; peak memory 1166 MiB.
2026-10-05T16:15:01Z INFO [467/500] 3ad4738a-a895-43c6-aeac-e0216a4651e2: 116 chunks; 1.6 s; peak memory 1166 MiB.
2026-10-05T16:15:02Z INFO [468/500] 3ad47514-88aa-4eca-a2ef-5277755c4635: 48 chunks; 1.4 s; peak memory 1166 MiB.
2026-10-05T16:15:09Z INFO [469/500] 3ad52080-b5f9-498b-8cbe-18ac7c0e1de1: 10291 chunks; 6.6 s; peak memory 1166 MiB.
2026-10-05T16:15:10Z INFO [470/500] 3ad5d716-9a75-456a-b203-ac423c220322: 48 chunks; 1.5 s; peak memory 1166 MiB.
2026-10-05T16:15:20Z INFO [471/500] 3ad6d6a8-ed73-4480-a60c-95c0dd0e48f7: 20140 chunks; 9.8 s; peak memory 1166 MiB.
2026-10-05T16:15:21Z INFO [472/500] 3ad78e81-c7c6-4385-b232-c4cdb854d816: 48 chunks; 1.4 s; peak memory 1166 MiB.
2026-10-05T16:15:23Z INFO [473/500] 3ad7f7ed-afa9-4b35-9ab6-d84d00c32aad: 41 chunks; 1.4 s; peak memory 1166 MiB.
2026-10-05T16:15:26Z INFO [474/500] 3ad8850f-95f6-4385-959d-f2124a666550: 116 chunks; 3.2 s; peak memory 1166 MiB.
2026-10-05T16:15:47Z INFO [475/500] 3ad88986-0001-4af4-ac99-9be4551c7966: 28905 chunks; 20.5 s; peak memory 1166 MiB.
2026-10-05T16:15:49Z INFO [476/500] 3ad90d4d-4c39-4392-ae88-940bd21f9608: 71 chunks; 2.0 s; peak memory 1166 MiB.
2026-10-05T16:15:53Z INFO [477/500] 3adc10f5-0b08-402d-8f4d-11b2000719d4: 277 chunks; 4.2 s; peak memory 1166 MiB.
2026-10-05T16:15:54Z INFO [478/500] 3adc216f-2518-4463-9a76-e5a5d5adfb8e: 48 chunks; 1.3 s; peak memory 1166 MiB.
2026-10-05T16:15:57Z INFO [479/500] 3adc908b-e435-49bf-bd4c-5a270dab3853: 71 chunks; 2.8 s; peak memory 1166 MiB.
2026-10-05T16:15:58Z INFO [480/500] 3adf9c15-3c0e-4c6d-a680-5329e178ea58: 48 chunks; 1.4 s; peak memory 1166 MiB.
2026-10-05T16:16:02Z INFO [481/500] 3adfa0ee-6d94-4ae1-8cbe-141ef052d8db: 116 chunks; 3.3 s; peak memory 1166 MiB.
2026-10-05T16:16:03Z INFO [482/500] 3adff083-3567-41c0-adbd-5384abcdfe81: 48 chunks; 1.3 s; peak memory 1166 MiB.
2026-10-05T16:16:04Z INFO [483/500] 3ae0477b-715c-4326-8ad6-7f2a303ad43e: 69 chunks; 1.1 s; peak memory 1166 MiB.
2026-10-05T16:16:05Z INFO [484/500] 3ae0a5d3-bf4d-4e20-a6de-3f78ba6bd63b: 48 chunks; 1.3 s; peak memory 1166 MiB.
2026-10-05T16:16:07Z INFO [485/500] 3ae0b9a7-c4d2-4eb3-aa41-9cf9497fff65: 48 chunks; 1.4 s; peak memory 1166 MiB.
2026-10-05T16:16:13Z INFO [486/500] 3ae20d06-d853-45d4-9740-952eee3ebc2f: 4094 chunks; 6.9 s; peak memory 1166 MiB.
2026-10-05T16:16:15Z INFO [487/500] 3ae2594a-8093-45a3-8638-a4365a3a8249: 117 chunks; 1.5 s; peak memory 1166 MiB.
2026-10-05T16:16:24Z INFO [488/500] 3ae2d8da-4fcb-45fc-9a7f-974bc292c5e9: 300 chunks; 9.2 s; peak memory 1166 MiB.
2026-10-05T16:16:26Z INFO [489/500] 3ae2eef0-ed01-402f-8819-2657f1bceec9: 112 chunks; 1.4 s; peak memory 1166 MiB.
2026-10-05T16:16:37Z INFO [490/500] 3ae31127-c568-4250-9705-93187602c5c8: 300 chunks; 11.5 s; peak memory 1166 MiB.
2026-10-05T16:16:39Z INFO [491/500] 3ae311b5-4b8f-4c8b-b85c-c8ca5e2f2d95: 62 chunks; 1.6 s; peak memory 1166 MiB.
2026-10-05T16:16:43Z INFO [492/500] 3ae335aa-439c-49bf-b3f1-6afd3afe4c7f: 156 chunks; 3.9 s; peak memory 1166 MiB.
2026-10-05T16:16:45Z INFO [493/500] 3ae3e4f9-05e5-4601-920a-0ccd79840ecb: 105 chunks; 2.1 s; peak memory 1166 MiB.
2026-10-05T16:16:48Z INFO [494/500] 3ae4cc17-835e-48d0-887f-77aca4921e50: 156 chunks; 3.7 s; peak memory 1166 MiB.
2026-10-05T16:16:50Z INFO [495/500] 3ae53bd4-3d28-48b9-a7a6-ca38c823aaa7: 48 chunks; 1.2 s; peak memory 1166 MiB.
2026-10-05T16:16:51Z INFO [496/500] 3ae54056-1bca-4133-bbb5-297379a6ef06: 116 chunks; 1.6 s; peak memory 1166 MiB.
2026-10-05T16:17:27Z INFO [497/500] 3ae544ff-c365-4dec-8ce3-ea3a284d2a85: 3385 chunks; 35.8 s; peak memory 1166 MiB.
2026-10-05T16:17:49Z INFO [498/500] 3ae5dbe2-ba4d-427b-95b0-f88c5e7d48d1: 5655 chunks; 21.8 s; peak memory 1166 MiB.
2026-10-05T16:17:51Z INFO [499/500] 3ae6167c-291d-4b52-a025-12e72395237d: 69 chunks; 1.8 s; peak memory 1166 MiB.
2026-10-05T16:17:52Z INFO [500/500] 3ae676b6-32ad-47c0-bb55-ba2417c9338b: 117 chunks; 1.6 s; peak memory 1166 MiB.
2026-10-05T16:17:53Z INFO [500/500] 3ae676b6-32ad-47c0-bb55-ba2417c9338b: checkpointed 75334 records.
2026-10-05T16:17:53Z INFO Wrote 75334 records to /tmp/derivatives/valid_nwb_file_to_chunk_stats.jsonl (500 new, 0 failed) in 87.8 min (peak memory 1166 MiB).
