2026-10-09T02:27:46Z INFO Logging to /tmp/logs/update_2026-10-09T02-27-46Z.log.
2026-10-09T02:27:46Z INFO Update valid-nwb-file-to-chunk-stats (base directory /tmp).
2026-10-09T02:27:47Z INFO Processing 500 items (94834 already recorded).
2026-10-09T02:27:49Z INFO [1/500] 634fa2cc-c99d-4752-970d-3ecf9bece8e8: 59 chunks; 1.9 s; peak memory 196 MiB.
2026-10-09T02:27:51Z INFO [2/500] 634febf2-14c8-4895-b881-8a01d23cd0ff: 117 chunks; 2.0 s; peak memory 197 MiB.
2026-10-09T02:27:52Z INFO [3/500] 63508c7a-6e91-4d62-b60f-e8f560755015: 51 chunks; 1.2 s; peak memory 197 MiB.
2026-10-09T02:27:53Z INFO [4/500] 63513cd1-74c0-4b08-9c13-70cb81947297: 59 chunks; 1.6 s; peak memory 198 MiB.
2026-10-09T02:27:55Z INFO [5/500] 63521d62-a6e8-4f5d-91f8-3c0e8527d7a4: 45 chunks; 1.2 s; peak memory 198 MiB.
2026-10-09T02:27:57Z INFO [6/500] 63534832-2f18-44cc-9c6f-f959af5e268d: 71 chunks; 2.4 s; peak memory 198 MiB.
2026-10-09T02:27:59Z INFO [7/500] 63541e22-5276-4704-9c03-d000317a31ca: 48 chunks; 1.4 s; peak memory 199 MiB.
2026-10-09T02:28:00Z INFO [8/500] 63543ca7-baf8-4ae6-aa73-a34c978aba85: 48 chunks; 1.3 s; peak memory 199 MiB.
2026-10-09T02:28:39Z INFO [9/500] 6354708e-3d7b-4de0-9300-46cc17d2cfae: 16419 chunks; 38.7 s; peak memory 258 MiB.
2026-10-09T02:28:40Z INFO [10/500] 635473c4-84ef-452f-bf33-70616f0295d3: 116 chunks; 1.5 s; peak memory 258 MiB.
2026-10-09T02:28:42Z INFO [11/500] 6354b846-1e53-43cd-af4e-24387fd2a40b: 112 chunks; 1.5 s; peak memory 258 MiB.
2026-10-09T02:28:43Z INFO [12/500] 635534ca-425a-41ca-8766-c8b9fc67c93e: 48 chunks; 1.2 s; peak memory 258 MiB.
2026-10-09T02:28:44Z INFO [13/500] 6355ac17-1571-42d0-8fcf-a699350d9fef: 118 chunks; 1.5 s; peak memory 258 MiB.
2026-10-09T02:28:46Z INFO [14/500] 6355f596-8ad3-4448-948b-61e93ca49f2c: 48 chunks; 1.6 s; peak memory 258 MiB.
2026-10-09T02:28:52Z INFO [15/500] 63560d90-34e3-42a6-8f60-199d6d72ff16: 420 chunks; 5.9 s; peak memory 258 MiB.
2026-10-09T02:28:53Z INFO [16/500] 6356fa65-4b81-4aa1-b131-fa1370305a75: 110 chunks; 1.6 s; peak memory 258 MiB.
2026-10-09T02:28:55Z INFO [17/500] 63575e6d-0c79-4697-9db7-2fd60ae57b60: 48 chunks; 1.5 s; peak memory 259 MiB.
2026-10-09T02:28:57Z INFO [18/500] 6358084c-8013-4cba-930d-e2c00159841c: 69 chunks; 2.0 s; peak memory 259 MiB.
2026-10-09T02:29:00Z INFO [19/500] 6359306d-19e7-4c86-acbd-be2779e7b465: 201 chunks; 3.4 s; peak memory 259 MiB.
2026-10-09T02:29:02Z INFO [20/500] 635934e5-c3f8-4549-8c49-dcf09bdbdb61: 112 chunks; 2.1 s; peak memory 259 MiB.
2026-10-09T02:29:04Z INFO [21/500] 635947dc-4592-4cd0-90df-abb60edc6619: 69 chunks; 2.0 s; peak memory 259 MiB.
2026-10-09T02:29:06Z INFO [22/500] 63595158-c5b1-4b51-a3fc-9b29691b6c31: 117 chunks; 1.6 s; peak memory 259 MiB.
2026-10-09T02:29:07Z INFO [23/500] 6359e311-a3a7-4ca9-a3c0-f9a122d5d31e: 46 chunks; 1.1 s; peak memory 259 MiB.
2026-10-09T02:29:08Z INFO [24/500] 635a4ee9-dac9-4311-9a85-2d20d7457305: 48 chunks; 1.3 s; peak memory 259 MiB.
2026-10-09T02:29:13Z INFO [25/500] 635aa59e-c22e-4f53-aee7-f62d15004da2: 286 chunks; 5.0 s; peak memory 259 MiB.
2026-10-09T02:29:22Z INFO [26/500] 635ab311-71d7-44ea-ad0f-688cd818b4d8: 20273 chunks; 9.1 s; peak memory 259 MiB.
2026-10-09T02:30:47Z INFO [27/500] 635b494b-68d8-494c-a5da-fd498c0e63a3: 33605 chunks; 84.6 s; peak memory 507 MiB.
2026-10-09T02:30:54Z INFO [28/500] 635c3b1a-c1f3-4ebe-a94e-5615492772ea: 9569 chunks; 7.4 s; peak memory 507 MiB.
2026-10-09T02:30:56Z INFO [29/500] 635cfc9a-ecee-48bf-b5dc-65b870912b37: 118 chunks; 1.8 s; peak memory 507 MiB.
2026-10-09T02:30:58Z INFO [30/500] 635d0e10-d7b5-4a9d-9f47-bcf89d10a03e: 112 chunks; 1.8 s; peak memory 507 MiB.
2026-10-09T02:30:59Z INFO [31/500] 635f08c8-4c40-4521-8852-6a302cbd9f22: 48 chunks; 1.4 s; peak memory 507 MiB.
2026-10-09T02:31:01Z INFO [32/500] 63616def-c1d0-422e-bbb0-d63b5b8d3227: 48 chunks; 1.4 s; peak memory 507 MiB.
2026-10-09T02:31:02Z INFO [33/500] 636299d6-ac62-4c8d-8ff3-b298747f3f65: 116 chunks; 1.6 s; peak memory 507 MiB.
2026-10-09T02:31:09Z INFO [34/500] 63633860-a14b-40d9-892f-83af012bce34: 9430 chunks; 6.6 s; peak memory 507 MiB.
2026-10-09T02:31:11Z INFO [35/500] 6363bae9-11ea-4767-8529-74b09132e2db: 77 chunks; 1.6 s; peak memory 507 MiB.
2026-10-09T02:31:15Z INFO [36/500] 63657e32-ad33-4625-b664-31699b5bf664: 290 chunks; 4.4 s; peak memory 507 MiB.
2026-10-09T02:31:30Z INFO [37/500] 6365a215-0047-499a-b02f-7bbbe608e7b6: 8780 chunks; 14.9 s; peak memory 507 MiB.
2026-10-09T02:31:32Z INFO [38/500] 6365b855-bdc4-441f-9684-45ff9ea976e8: 152 chunks; 1.8 s; peak memory 507 MiB.
2026-10-09T02:31:33Z INFO [39/500] 63660bf7-eb64-4055-bb8a-d9afca2ec4f8: 69 chunks; 1.1 s; peak memory 507 MiB.
2026-10-09T02:31:34Z INFO [40/500] 63667d71-4f74-43f7-bf3e-7c9333ab470f: 66 chunks; 1.3 s; peak memory 507 MiB.
2026-10-09T02:31:35Z INFO [41/500] 636729b2-35a8-4b05-9141-fd786637d43c: 33 chunks; 1.1 s; peak memory 507 MiB.
2026-10-09T02:31:36Z INFO [42/500] 63673f09-07fc-4317-a831-0039ab6b671a: 35 chunks; 1.1 s; peak memory 507 MiB.
2026-10-09T02:31:38Z INFO [43/500] 6367b9c1-495d-41cb-846c-e0a007667fc3: 48 chunks; 1.3 s; peak memory 507 MiB.
2026-10-09T02:31:39Z INFO [44/500] 6368ceb3-0b75-4fbf-aa14-1d8d8e24dc3e: 117 chunks; 1.8 s; peak memory 507 MiB.
2026-10-09T02:31:48Z INFO [45/500] 636932af-c136-48d1-8707-ac80522c34c6: 4151 chunks; 8.1 s; peak memory 507 MiB.
2026-10-09T02:31:49Z INFO [46/500] 63699d9d-91a8-4d43-8241-5002ce673ed1: 48 chunks; 1.6 s; peak memory 507 MiB.
2026-10-09T02:31:50Z INFO [47/500] 6369c511-c0fc-4846-bbc3-76ce4dc8ed38: 41 chunks; 1.2 s; peak memory 507 MiB.
2026-10-09T02:31:52Z INFO [48/500] 636b401c-7fcf-44c0-a24f-0b3f9b231686: 65 chunks; 1.7 s; peak memory 507 MiB.
2026-10-09T02:32:16Z INFO [49/500] 636b8671-9556-42fd-afff-4bd01ea53019: 2897 chunks; 23.7 s; peak memory 507 MiB.
2026-10-09T02:32:17Z INFO [50/500] 636c0570-e2a2-41fb-b12d-5c542241de7f: 48 chunks; 1.3 s; peak memory 507 MiB.
2026-10-09T02:32:17Z INFO [50/500] 636c0570-e2a2-41fb-b12d-5c542241de7f: checkpointed 94884 new records.
2026-10-09T02:32:19Z INFO [51/500] 636d3753-531a-4d98-8561-3f4b5d5f2b0e: 61 chunks; 1.6 s; peak memory 507 MiB.
2026-10-09T02:32:28Z INFO [52/500] 636e50da-a450-4cde-9e09-0a5946dca790: 13030 chunks; 9.0 s; peak memory 507 MiB.
2026-10-09T02:32:41Z INFO [53/500] 636fb1c5-5198-459d-a9e9-70ca9ab0859b: 8021 chunks; 12.7 s; peak memory 507 MiB.
2026-10-09T02:32:42Z INFO [54/500] 637021b4-74f6-4aaf-8a13-789833cbebed: 48 chunks; 1.3 s; peak memory 507 MiB.
2026-10-09T02:32:52Z INFO [55/500] 637053b6-d74a-464c-9310-4601da4a827b: 4908 chunks; 9.9 s; peak memory 507 MiB.
2026-10-09T02:32:54Z INFO [56/500] 637091ef-73f0-486b-b9d4-11bf2a5b0e3f: 76 chunks; 2.0 s; peak memory 507 MiB.
2026-10-09T02:35:40Z INFO [57/500] 6370f2e6-faf9-411f-948b-13995e6a7902: 42578 chunks; 166.6 s; peak memory 507 MiB.
2026-10-09T02:35:42Z INFO [58/500] 63710047-3172-438e-8f3f-9e104cee17e5: 117 chunks; 1.6 s; peak memory 507 MiB.
2026-10-09T02:35:44Z INFO [59/500] 6372a517-3d2d-4904-90de-f1fa43586687: 46 chunks; 1.8 s; peak memory 507 MiB.
2026-10-09T02:35:46Z INFO [60/500] 63733b52-21d8-438d-9d1b-8a111bf05c3f: 71 chunks; 1.9 s; peak memory 507 MiB.
2026-10-09T02:35:47Z INFO [61/500] 63739b82-1601-4d8f-bca1-20ff6db17777: 550 chunks; 1.5 s; peak memory 507 MiB.
2026-10-09T02:35:48Z INFO [62/500] 63749a6c-9ce2-4980-8b73-c0b9f65f25b0: 152 chunks; 1.3 s; peak memory 507 MiB.
2026-10-09T02:35:50Z INFO [63/500] 6375645a-1b7c-4c23-af16-10d4f1f4488c: 59 chunks; 1.2 s; peak memory 507 MiB.
2026-10-09T02:35:51Z INFO [64/500] 63756640-4b18-4c0f-8bb6-df4523cb9928: 116 chunks; 1.6 s; peak memory 507 MiB.
2026-10-09T02:35:53Z INFO [65/500] 6376ef94-bf05-4fad-8908-f634bbb50e5a: 48 chunks; 1.3 s; peak memory 507 MiB.
2026-10-09T02:35:54Z INFO [66/500] 6376f976-0baf-439a-8408-0965866f1908: 48 chunks; 1.4 s; peak memory 507 MiB.
2026-10-09T02:35:55Z INFO [67/500] 63771776-c043-409d-a1da-3664003b6fdf: 48 chunks; 1.4 s; peak memory 507 MiB.
2026-10-09T02:36:00Z INFO [68/500] 6378824f-62a5-470d-a1b2-9f37c8ea3cec: 1951 chunks; 4.2 s; peak memory 507 MiB.
2026-10-09T02:41:58Z INFO [69/500] 6379df19-24b2-4ff5-9862-6c47d65ed109: 193121 chunks; 358.2 s; peak memory 912 MiB.
2026-10-09T02:42:00Z INFO [70/500] 637a7607-2572-428d-bb2a-fddee8acb812: 112 chunks; 1.8 s; peak memory 912 MiB.
2026-10-09T02:42:01Z INFO [71/500] 637ae0ca-0755-4478-afbe-0fb64928b7b7: 117 chunks; 1.6 s; peak memory 912 MiB.
2026-10-09T02:42:03Z INFO [72/500] 637b1601-ad37-4604-922c-b477154a61df: 50 chunks; 1.2 s; peak memory 912 MiB.
2026-10-09T02:42:04Z INFO [73/500] 637b670a-2ef9-4184-95c1-4497b483cfab: 52 chunks; 1.6 s; peak memory 912 MiB.
2026-10-09T02:42:06Z INFO [74/500] 637bfc18-10bf-4de9-86a1-341338e3e620: 51 chunks; 1.7 s; peak memory 912 MiB.
2026-10-09T02:42:07Z INFO [75/500] 637d3bcf-a0aa-4d8c-ac6c-5ef880df3d85: 52 chunks; 1.5 s; peak memory 912 MiB.
2026-10-09T02:42:16Z INFO [76/500] 637e4a93-a0bc-4a7d-85f8-0f2614c681b6: 13061 chunks; 8.7 s; peak memory 912 MiB.
2026-10-09T02:42:19Z INFO [77/500] 637ecf42-5349-4dec-b0b7-cda1c4b03fd7: 115 chunks; 3.4 s; peak memory 912 MiB.
2026-10-09T02:42:21Z INFO [78/500] 637f3934-13a6-470f-b943-93196bc47554: 48 chunks; 2.0 s; peak memory 912 MiB.
2026-10-09T02:42:23Z INFO [79/500] 637f4125-6960-4f6e-84e3-8cd96411ab13: 112 chunks; 1.8 s; peak memory 912 MiB.
2026-10-09T02:42:25Z INFO [80/500] 637fd8dc-3f8d-4875-b424-18334522ed44: 132 chunks; 1.5 s; peak memory 912 MiB.
2026-10-09T02:42:27Z INFO [81/500] 637fdff8-d8b5-43cb-917a-31fe3aed8bf0: 118 chunks; 1.8 s; peak memory 912 MiB.
2026-10-09T02:42:28Z INFO [82/500] 63801b29-3abe-473e-ba67-834c8093b144: 67 chunks; 1.8 s; peak memory 912 MiB.
2026-10-09T02:42:30Z INFO [83/500] 63802a6e-76ce-4b67-9f86-b61ba1955ec9: 112 chunks; 1.9 s; peak memory 912 MiB.
2026-10-09T02:42:36Z INFO [84/500] 63803b8a-a8b2-4ce4-9342-bd059575af49: 2085 chunks; 5.4 s; peak memory 912 MiB.
2026-10-09T02:42:55Z INFO [85/500] 6380dc7d-4c95-4eca-853b-aeeba0e1157a: 27357 chunks; 19.2 s; peak memory 912 MiB.
2026-10-09T02:42:56Z INFO [86/500] 63816f92-4fbf-4ee4-9e4d-1cb076022caa: 68 chunks; 1.5 s; peak memory 912 MiB.
2026-10-09T02:42:58Z INFO [87/500] 6382b9c0-9e16-42d4-9b67-b282e75f1706: 48 chunks; 1.4 s; peak memory 912 MiB.
2026-10-09T02:43:00Z INFO [88/500] 638449e9-52fa-4ab5-84bd-f2cb6041a0bf: 69 chunks; 1.9 s; peak memory 912 MiB.
2026-10-09T02:43:01Z INFO [89/500] 63845074-5d70-406d-bea5-ac75be73b968: 48 chunks; 1.4 s; peak memory 912 MiB.
2026-10-09T02:43:02Z INFO [90/500] 63853e1f-605c-4ab7-83c3-e29d9f4a4da4: 21 chunks; 1.1 s; peak memory 912 MiB.
2026-10-09T02:43:04Z INFO [91/500] 6386f3bb-e918-41ea-aa59-064fe63e897c: 48 chunks; 1.4 s; peak memory 912 MiB.
2026-10-09T02:43:07Z INFO [92/500] 6386fc7a-3067-4ed9-b5f6-c32a404df524: 168 chunks; 3.3 s; peak memory 912 MiB.
2026-10-09T02:43:09Z INFO [93/500] 63870a2d-119a-4115-89c5-fe3c733a1b35: 70 chunks; 1.9 s; peak memory 912 MiB.
2026-10-09T02:43:10Z INFO [94/500] 638712a9-8fcb-4f11-bd7a-c41fb9d174ae: 108 chunks; 1.7 s; peak memory 912 MiB.
2026-10-09T02:43:12Z INFO [95/500] 6388b986-3d41-43b7-ae36-792d9a800336: 48 chunks; 1.2 s; peak memory 912 MiB.
2026-10-09T02:43:13Z INFO [96/500] 63891e0a-8cff-4c40-bc33-f1ff6c639bfa: 117 chunks; 1.7 s; peak memory 912 MiB.
2026-10-09T02:43:15Z INFO [97/500] 6389993f-fdc0-4a55-b78f-568815ebeeea: 48 chunks; 1.4 s; peak memory 912 MiB.
2026-10-09T02:43:17Z INFO [98/500] 6389dc0c-d03c-481b-8922-72a4a4e8b6fe: 69 chunks; 1.8 s; peak memory 912 MiB.
2026-10-09T02:43:17Z INFO [99/500] 638a8568-f778-4d0b-9ab0-6ddeda72bfca: 46 chunks; 0.9 s; peak memory 912 MiB.
2026-10-09T02:43:19Z INFO [100/500] 638b0c97-7413-4388-81da-34c13b76d757: 48 chunks; 1.4 s; peak memory 912 MiB.
2026-10-09T02:43:19Z INFO [100/500] 638b0c97-7413-4388-81da-34c13b76d757: checkpointed 94934 new records.
2026-10-09T02:43:22Z INFO [101/500] 638b1aea-c560-4f1c-a067-07d78a2877b4: 71 chunks; 2.5 s; peak memory 912 MiB.
2026-10-09T02:43:24Z INFO [102/500] 638bc518-e679-4821-aff6-c154fa458da3: 112 chunks; 1.9 s; peak memory 912 MiB.
2026-10-09T02:43:25Z INFO [103/500] 638cd44d-b167-4709-a5cd-dc4010e1140e: 116 chunks; 1.6 s; peak memory 912 MiB.
2026-10-09T02:43:28Z INFO [104/500] 638d25aa-8dba-4e5f-9396-01d722547fbd: 141 chunks; 2.8 s; peak memory 912 MiB.
2026-10-09T02:43:29Z INFO [105/500] 638dc10c-52d3-4f69-bc9c-586668262b0b: 33 chunks; 1.4 s; peak memory 912 MiB.
2026-10-09T02:43:37Z INFO [106/500] 638e0fa3-d80b-457b-bc7d-2d08bcedab1d: 7965 chunks; 7.3 s; peak memory 912 MiB.
2026-10-09T02:43:39Z INFO [107/500] 638f52dc-0c8d-4427-8a73-49bf3341d572: 117 chunks; 2.5 s; peak memory 912 MiB.
2026-10-09T02:43:42Z INFO [108/500] 638f8fcd-9d14-4e6b-b42d-1f95fdea3e0c: 997 chunks; 2.7 s; peak memory 912 MiB.
2026-10-09T02:44:21Z INFO [109/500] 638fdce0-0627-4dab-84f9-03e300890ba8: 16419 chunks; 38.9 s; peak memory 912 MiB.
2026-10-09T02:46:59Z INFO [110/500] 63901155-14ca-40ac-b963-b4b437044bcc: 40360 chunks; 158.0 s; peak memory 912 MiB.
2026-10-09T02:47:02Z INFO [111/500] 63902fc4-43e1-45e4-8568-19a66ab281f4: 201 chunks; 3.5 s; peak memory 912 MiB.
2026-10-09T02:47:06Z INFO [112/500] 63903eec-251e-492c-92b9-1bb53552baf6: 115 chunks; 3.5 s; peak memory 912 MiB.
2026-10-09T02:47:08Z INFO [113/500] 63904531-4c59-4431-9e41-80cd6de7e460: 71 chunks; 1.8 s; peak memory 912 MiB.
2026-10-09T02:47:09Z INFO [114/500] 63909757-0de8-40c9-a917-ada87c41df63: 112 chunks; 1.8 s; peak memory 912 MiB.
2026-10-09T02:47:12Z INFO [115/500] 6390fb74-9f8f-4780-a511-e027cb1bbcde: 71 chunks; 2.7 s; peak memory 912 MiB.
2026-10-09T02:47:14Z INFO [116/500] 6391d4d6-82c1-4429-8ba4-c8a6a50a4311: 112 chunks; 1.7 s; peak memory 912 MiB.
2026-10-09T02:47:15Z INFO [117/500] 6391fa69-697d-413f-8432-cff5146c97e7: 48 chunks; 1.4 s; peak memory 912 MiB.
2026-10-09T02:47:24Z INFO [118/500] 63926cf1-4bc1-4482-8ef5-5a644c71cd99: 263 chunks; 8.5 s; peak memory 912 MiB.
2026-10-09T02:47:25Z INFO [119/500] 6393567b-7107-476f-aae4-53e353effc1d: 118 chunks; 1.7 s; peak memory 912 MiB.
2026-10-09T02:47:33Z INFO [120/500] 63937b59-f5a6-4eb5-82b2-92cfc7065a7e: 12801 chunks; 7.1 s; peak memory 912 MiB.
2026-10-09T02:47:43Z INFO [121/500] 6394385f-3d49-4da3-97d8-b30cf138d740: 339 chunks; 10.1 s; peak memory 912 MiB.
2026-10-09T02:47:45Z INFO [122/500] 6395104d-cf24-459c-b6ca-f2bbd181a0ca: 102 chunks; 2.2 s; peak memory 912 MiB.
2026-10-09T02:47:47Z INFO [123/500] 63955115-1011-4fdd-b0f3-4866ea067acb: 112 chunks; 1.7 s; peak memory 912 MiB.
2026-10-09T02:47:48Z INFO [124/500] 63957185-34ff-47dc-8f35-795414fca48c: 52 chunks; 1.5 s; peak memory 912 MiB.
2026-10-09T02:47:49Z INFO [125/500] 63970f17-b946-4e0e-863c-bcee3e805fb8: 48 chunks; 1.4 s; peak memory 912 MiB.
2026-10-09T02:48:09Z INFO [126/500] 63971803-2d8a-4316-92c4-6aa40a83a873: 8232 chunks; 19.7 s; peak memory 912 MiB.
2026-10-09T02:48:11Z INFO [127/500] 6399601e-a38e-4fb7-a580-a140414aeefa: 48 chunks; 1.4 s; peak memory 912 MiB.
2026-10-09T02:48:38Z INFO [128/500] 639ad1a6-04d2-4110-9511-2af79726b252: 6039 chunks; 27.0 s; peak memory 912 MiB.
2026-10-09T02:48:39Z INFO [129/500] 639b74e8-7554-46fb-9c77-5869fb7fa688: 117 chunks; 1.6 s; peak memory 912 MiB.
2026-10-09T02:48:40Z INFO [130/500] 639d60dd-b9e6-471f-82c3-d974c29b91a7: 48 chunks; 1.3 s; peak memory 912 MiB.
2026-10-09T02:48:42Z INFO [131/500] 639d735c-7366-4883-9dfe-ad72a0a95dd6: 114 chunks; 1.4 s; peak memory 912 MiB.
2026-10-09T02:48:43Z INFO [132/500] 639dbd24-4c06-4d9a-9aa7-707c65a723ec: 48 chunks; 1.3 s; peak memory 912 MiB.
2026-10-09T02:48:45Z INFO [133/500] 639dcc01-400b-46f0-922d-d8502bf96279: 77 chunks; 1.6 s; peak memory 912 MiB.
2026-10-09T02:48:47Z INFO [134/500] 639e834f-5577-4085-b9b5-dc1bbe8e52cc: 136 chunks; 2.6 s; peak memory 912 MiB.
2026-10-09T02:48:50Z INFO [135/500] 639eaa35-4bb2-4a2a-b635-79b02fd267ce: 364 chunks; 2.8 s; peak memory 912 MiB.
2026-10-09T02:48:53Z INFO [136/500] 639f32e3-3cea-4f05-985b-c8d7470225d6: 71 chunks; 2.8 s; peak memory 912 MiB.
2026-10-09T02:48:55Z INFO [137/500] 639fcc50-b904-4376-befc-736baf462910: 66 chunks; 2.0 s; peak memory 912 MiB.
2026-10-09T02:48:56Z INFO [138/500] 639ff6cd-3ba9-448f-904f-6565d628534a: 46 chunks; 1.1 s; peak memory 912 MiB.
2026-10-09T02:49:03Z INFO [139/500] 63a08250-6592-41d4-9be5-cb9726683080: 9628 chunks; 6.8 s; peak memory 912 MiB.
2026-10-09T02:49:04Z INFO [140/500] 63a097a5-e1ec-4d99-af37-4b2ffc786d57: 118 chunks; 1.4 s; peak memory 912 MiB.
2026-10-09T03:18:10Z INFO [141/500] 63a1e9c9-842e-471c-9dc1-a492b09d67ff: 543940 chunks; 1745.7 s; peak memory 1221 MiB.
2026-10-09T03:18:11Z INFO [142/500] 63a22c1c-1631-47a6-b845-4cf1a58b755b: 46 chunks; 1.5 s; peak memory 1221 MiB.
2026-10-09T03:18:15Z INFO [143/500] 63a2bebb-69eb-4251-ae5a-2fc3dc40830a: 116 chunks; 3.6 s; peak memory 1221 MiB.
2026-10-09T03:18:16Z INFO [144/500] 63a2fbe9-985f-4619-afaa-4b2d52bebddf: 48 chunks; 1.3 s; peak memory 1221 MiB.
2026-10-09T03:18:17Z INFO [145/500] 63a307af-c451-43eb-b866-578823b34743: 45 chunks; 1.1 s; peak memory 1221 MiB.
2026-10-09T03:18:29Z INFO [146/500] 63a33481-daa7-43f0-982e-998ce50ca674: 10960 chunks; 11.7 s; peak memory 1221 MiB.
2026-10-09T03:18:43Z INFO [147/500] 63a439f7-2d29-4fd0-9e09-69cc89de7d68: 18623 chunks; 14.2 s; peak memory 1221 MiB.
2026-10-09T03:18:46Z INFO [148/500] 63a45b37-33a2-40cb-b359-3c9a9a8e7ddc: 66 chunks; 2.2 s; peak memory 1221 MiB.
2026-10-09T03:18:47Z INFO [149/500] 63a52b90-f37d-402c-9c30-8f7e6411e706: 118 chunks; 1.7 s; peak memory 1221 MiB.
2026-10-09T03:18:58Z INFO [150/500] 63a5b5db-e36a-4aeb-8c27-6896e9cb3c62: 23128 chunks; 10.9 s; peak memory 1221 MiB.
2026-10-09T03:18:58Z INFO [150/500] 63a5b5db-e36a-4aeb-8c27-6896e9cb3c62: checkpointed 94984 new records.
2026-10-09T03:19:18Z INFO [151/500] 63a635d3-8602-4e3a-b05f-253fbf481141: 5611 chunks; 19.4 s; peak memory 1221 MiB.
2026-10-09T03:19:22Z INFO [152/500] 63a638cf-b942-4408-93db-51516534072d: 156 chunks; 4.1 s; peak memory 1221 MiB.
2026-10-09T03:19:24Z INFO [153/500] 63a64e84-2a2f-4d36-9909-20132c8216ea: 59 chunks; 1.8 s; peak memory 1221 MiB.
2026-10-09T03:19:25Z INFO [154/500] 63a736a9-c50d-47e5-8f6d-02bccd57e419: 46 chunks; 1.1 s; peak memory 1221 MiB.
2026-10-09T03:19:33Z INFO [155/500] 63a749c1-6504-4f50-afbc-fd461ecd3380: 2923 chunks; 7.7 s; peak memory 1221 MiB.
2026-10-09T03:19:36Z INFO [156/500] 63a7835c-b45e-4688-a697-4ae2c7a84421: 90 chunks; 3.6 s; peak memory 1221 MiB.
2026-10-09T03:20:07Z INFO [157/500] 63a7f347-a24f-4ad6-a7bb-b34ebb71af4f: 6592 chunks; 30.9 s; peak memory 1221 MiB.
2026-10-09T03:20:09Z INFO [158/500] 63a8245c-9a2b-438a-a705-bad52d36a3dc: 112 chunks; 1.7 s; peak memory 1221 MiB.
2026-10-09T03:20:10Z INFO [159/500] 63a83b24-86d6-4420-a91c-86fb614657a5: 48 chunks; 1.3 s; peak memory 1221 MiB.
2026-10-09T03:20:12Z INFO [160/500] 63a8e7c6-da06-4b21-8edd-96e9699b4cb7: 71 chunks; 2.0 s; peak memory 1221 MiB.
2026-10-09T03:20:14Z INFO [161/500] 63a936f6-191d-4be7-9b90-432cf342079c: 117 chunks; 1.6 s; peak memory 1221 MiB.
2026-10-09T03:20:16Z INFO [162/500] 63a96252-d0b2-496a-8ac7-81d5402e0db9: 112 chunks; 1.9 s; peak memory 1221 MiB.
2026-10-09T03:20:18Z INFO [163/500] 63a9e1f1-ffd5-4162-add0-2f71c1430f90: 112 chunks; 1.9 s; peak memory 1221 MiB.
2026-10-09T03:20:19Z INFO [164/500] 63aab5bd-5c9c-4978-bb5a-e2b736b5d950: 117 chunks; 1.6 s; peak memory 1221 MiB.
2026-10-09T03:20:21Z INFO [165/500] 63abbc1e-8e35-4957-9a89-9bed0accc536: 93 chunks; 1.5 s; peak memory 1221 MiB.
2026-10-09T03:20:22Z INFO [166/500] 63ac8059-2a0f-4adf-b3ba-fa30ee1c44ca: 48 chunks; 1.4 s; peak memory 1221 MiB.
2026-10-09T03:20:24Z INFO [167/500] 63acb847-2962-4b93-8407-ac68c7401390: 60 chunks; 2.0 s; peak memory 1221 MiB.
2026-10-09T03:20:37Z INFO [168/500] 63acbe1f-6690-48bf-9a27-3a7c1782d540: 22890 chunks; 12.5 s; peak memory 1221 MiB.
2026-10-09T03:20:38Z INFO [169/500] 63adc305-162b-477d-a1ce-097c95a722c3: 48 chunks; 1.4 s; peak memory 1221 MiB.
2026-10-09T03:20:39Z INFO [170/500] 63aea2b7-bc68-450f-8087-dadd85a7b9fe: 48 chunks; 1.3 s; peak memory 1221 MiB.
2026-10-09T03:20:41Z INFO [171/500] 63aeee04-2c00-44e9-a9f1-789b056b259c: 48 chunks; 1.4 s; peak memory 1221 MiB.
2026-10-09T03:20:42Z INFO [172/500] 63aef58c-6533-4263-bcf9-814c7bed3bb8: 41 chunks; 1.2 s; peak memory 1221 MiB.
2026-10-09T03:20:52Z INFO [173/500] 63af09be-eae9-46e1-b1c3-a86e140ff73a: 20366 chunks; 10.3 s; peak memory 1221 MiB.
2026-10-09T03:20:54Z INFO [174/500] 63afe95e-6f19-45a2-b2e7-86054b700fa0: 71 chunks; 2.0 s; peak memory 1221 MiB.
2026-10-09T03:20:56Z INFO [175/500] 63affdd0-9d9c-4cb9-bc23-d5f032cc7d0f: 48 chunks; 1.5 s; peak memory 1221 MiB.
2026-10-09T03:20:59Z INFO [176/500] 63b3adf9-737b-4860-9afd-cea5863283a8: 544 chunks; 3.8 s; peak memory 1221 MiB.
2026-10-09T03:21:01Z INFO [177/500] 63b4954f-a43e-4aaa-bfb9-9551460f2fff: 117 chunks; 1.6 s; peak memory 1221 MiB.
2026-10-09T03:21:07Z INFO [178/500] 63b53505-8a26-4bc5-bc62-667d155d68f2: 544 chunks; 5.9 s; peak memory 1221 MiB.
2026-10-09T03:21:09Z INFO [179/500] 63b5c250-9c47-4ff6-bd2d-44bd4b9ef46d: 118 chunks; 1.7 s; peak memory 1221 MiB.
2026-10-09T03:21:10Z INFO [180/500] 63b69ba0-7192-4f31-b392-51414a2d7a8c: 121 chunks; 1.4 s; peak memory 1221 MiB.
2026-10-09T03:21:11Z INFO [181/500] 63b6eba2-e2ef-4fa7-a71d-5a42dd487308: 83 chunks; 1.2 s; peak memory 1221 MiB.
2026-10-09T03:21:12Z INFO [182/500] 63b70e10-2d51-44ca-b10e-1004d7b648fe: 56 chunks; 1.1 s; peak memory 1221 MiB.
2026-10-09T03:21:21Z INFO [183/500] 63b75141-06a6-42fe-aa77-2499de933e33: 745 chunks; 9.0 s; peak memory 1221 MiB.
2026-10-09T03:21:43Z INFO [184/500] 63b7c7c5-990b-4ec3-ac8c-506818c2e971: 8232 chunks; 21.5 s; peak memory 1221 MiB.
2026-10-09T03:21:55Z INFO [185/500] 63b7fb67-f6f9-4f50-aa65-105fb843ffee: 1010 chunks; 11.8 s; peak memory 1221 MiB.
2026-10-09T03:21:56Z INFO [186/500] 63b97cf5-d7df-45ed-b58a-77d6fecd3779: 118 chunks; 1.7 s; peak memory 1221 MiB.
2026-10-09T03:25:02Z INFO [187/500] 63b9b53a-d6c1-4baf-bdc6-21b8e5fb6f13: 45011 chunks; 185.9 s; peak memory 1221 MiB.
2026-10-09T03:25:04Z INFO [188/500] 63ba0ff0-e96c-4387-97ad-c1ada0f04b60: 106 chunks; 1.7 s; peak memory 1221 MiB.
2026-10-09T03:25:17Z INFO [189/500] 63ba7461-7f3f-4ee0-b613-ed8ad816bc0b: 19974 chunks; 13.4 s; peak memory 1221 MiB.
2026-10-09T03:25:19Z INFO [190/500] 63ba81f2-ad67-4bb1-bc2e-fd4941150036: 117 chunks; 1.7 s; peak memory 1221 MiB.
2026-10-09T03:25:24Z INFO [191/500] 63bb0af4-6985-4c1e-b9d2-05063b3bdd30: 111 chunks; 4.9 s; peak memory 1221 MiB.
2026-10-09T03:25:25Z INFO [192/500] 63bbd290-4575-4a35-9e8c-abaf13d08b69: 48 chunks; 1.3 s; peak memory 1221 MiB.
2026-10-09T03:25:27Z INFO [193/500] 63bcd5a4-15ef-4de6-a576-619b86c81ab4: 48 chunks; 1.4 s; peak memory 1221 MiB.
2026-10-09T03:25:37Z INFO [194/500] 63bd2650-8b68-4fc5-9dcb-a579614f74d3: 3874 chunks; 10.7 s; peak memory 1221 MiB.
2026-10-09T03:25:46Z INFO [195/500] 63bd8eea-1fff-4980-b1e2-3dc365f1d085: 14051 chunks; 8.2 s; peak memory 1221 MiB.
2026-10-09T03:25:59Z INFO [196/500] 63be97ff-2f6a-48f9-9aaf-1615c9c39320: 26547 chunks; 13.7 s; peak memory 1221 MiB.
2026-10-09T03:26:00Z INFO [197/500] 63bf00ba-6dac-4d5b-ae59-b0237426b7f8: 52 chunks; 1.1 s; peak memory 1221 MiB.
2026-10-09T03:26:01Z INFO [198/500] 63bf1883-6d6a-45c6-8731-7edc9a342e65: 21 chunks; 1.0 s; peak memory 1221 MiB.
2026-10-09T03:26:03Z INFO [199/500] 63bf919a-3124-42a3-bbdc-f3f4e7d25cc1: 48 chunks; 1.3 s; peak memory 1221 MiB.
2026-10-09T03:26:05Z INFO [200/500] 63c035b4-eddb-4ce2-b330-7bc8fa2edade: 66 chunks; 2.3 s; peak memory 1221 MiB.
2026-10-09T03:26:05Z INFO [200/500] 63c035b4-eddb-4ce2-b330-7bc8fa2edade: checkpointed 95034 new records.
2026-10-09T03:26:07Z INFO [201/500] 63c148c1-394c-4e17-9d8a-9f9e7fb14aea: 118 chunks; 1.5 s; peak memory 1221 MiB.
2026-10-09T03:26:09Z INFO [202/500] 63c1a767-cb10-40b6-86a0-df63901f1341: 71 chunks; 2.1 s; peak memory 1221 MiB.
2026-10-09T03:26:25Z INFO [203/500] 63c1acd6-6b27-4982-b87f-06e12461398c: 957 chunks; 16.3 s; peak memory 1221 MiB.
2026-10-09T03:26:27Z INFO [204/500] 63c1eab1-46cf-4a0f-9027-253d67994fcc: 48 chunks; 1.4 s; peak memory 1221 MiB.
2026-10-09T03:26:34Z INFO [205/500] 63c1fbf6-36f0-416b-8fad-367ac8d9c200: 675 chunks; 7.7 s; peak memory 1221 MiB.
2026-10-09T03:26:37Z INFO [206/500] 63c28720-d55e-43cf-b592-37780e05aaee: 90 chunks; 3.1 s; peak memory 1221 MiB.
2026-10-09T03:26:39Z INFO [207/500] 63c2b9e5-56f3-446a-a951-55155dd29ae7: 66 chunks; 2.0 s; peak memory 1221 MiB.
2026-10-09T03:26:48Z INFO [208/500] 63c32b6d-d1a6-4055-9211-8266e361aa03: 14001 chunks; 8.4 s; peak memory 1221 MiB.
2026-10-09T03:31:51Z INFO [209/500] 63c36432-78b2-4dbb-89d7-de5d848e440e: 74994 chunks; 302.7 s; peak memory 1221 MiB.
2026-10-09T03:31:53Z INFO [210/500] 63c38def-6d5b-4576-85f1-8c3213af7714: 69 chunks; 2.0 s; peak memory 1221 MiB.
2026-10-09T03:31:54Z INFO [211/500] 63c40347-5841-4ae2-be19-ca4dc9ca5265: 46 chunks; 1.5 s; peak memory 1221 MiB.
2026-10-09T03:31:56Z INFO [212/500] 63c46a43-7547-44be-9cc9-e82db5fe6ae1: 69 chunks; 1.9 s; peak memory 1221 MiB.
2026-10-09T03:31:58Z INFO [213/500] 63c4ae51-9e8f-425a-8a0b-ce10b996a2a9: 109 chunks; 1.9 s; peak memory 1221 MiB.
2026-10-09T03:31:59Z INFO [214/500] 63c4bcc9-9674-42c5-86df-b9f47f3748bb: 113 chunks; 1.4 s; peak memory 1221 MiB.
2026-10-09T03:32:01Z INFO [215/500] 63c66507-39c4-4ad5-9db2-048e12194074: 71 chunks; 2.1 s; peak memory 1221 MiB.
2026-10-09T03:32:03Z INFO [216/500] 63c7316d-cc5c-4b15-a1c6-f0bd40db84c9: 112 chunks; 1.9 s; peak memory 1221 MiB.
2026-10-09T03:32:18Z INFO [217/500] 63c91409-b19b-4693-99f8-6105281ec244: 12081 chunks; 14.9 s; peak memory 1221 MiB.
2026-10-09T03:32:20Z INFO [218/500] 63c92467-a5d1-45eb-aab6-939269446d92: 33 chunks; 1.5 s; peak memory 1221 MiB.
2026-10-09T03:32:23Z INFO [219/500] 63c92864-e48f-44f8-8d29-4868d9312e61: 124 chunks; 3.0 s; peak memory 1221 MiB.
2026-10-09T03:32:28Z INFO [220/500] 63ca3c18-4d29-4cea-af0e-c42a11a5e6cc: 2809 chunks; 5.3 s; peak memory 1221 MiB.
2026-10-09T03:32:29Z INFO [221/500] 63ca5e5a-2b91-4b3a-8ee3-a5f501023599: 46 chunks; 1.3 s; peak memory 1221 MiB.
2026-10-09T03:32:31Z INFO [222/500] 63cb4814-edb1-43d8-aac7-05e7449c53a1: 48 chunks; 1.5 s; peak memory 1221 MiB.
2026-10-09T03:32:33Z INFO [223/500] 63cb9b51-57c7-4ff6-9705-a849e959aa4b: 69 chunks; 2.2 s; peak memory 1221 MiB.
2026-10-09T03:32:37Z INFO [224/500] 63cbbea6-39e9-48e8-96f8-74b2d32ca15e: 156 chunks; 4.0 s; peak memory 1221 MiB.
2026-10-09T03:32:39Z INFO [225/500] 63cd024f-7057-4a87-8b25-bd00be5d43ae: 62 chunks; 1.9 s; peak memory 1221 MiB.
2026-10-09T03:32:40Z INFO [226/500] 63cda596-da20-4c04-991c-d07a42bbfac8: 46 chunks; 1.2 s; peak memory 1221 MiB.
2026-10-09T03:32:43Z INFO [227/500] 63cdadae-cbed-4475-9869-21b9415ba295: 171 chunks; 2.6 s; peak memory 1221 MiB.
2026-10-09T03:32:45Z INFO [228/500] 63ce7e74-cf84-442e-bbcf-66ee874f1060: 112 chunks; 2.2 s; peak memory 1221 MiB.
2026-10-09T03:32:47Z INFO [229/500] 63ce7f78-2d44-451e-80fc-4fa1deda7a26: 62 chunks; 2.0 s; peak memory 1221 MiB.
2026-10-09T03:32:48Z INFO [230/500] 63cf4f59-ea52-48b5-90af-d414ddbddcfe: 118 chunks; 1.7 s; peak memory 1221 MiB.
2026-10-09T03:32:50Z INFO [231/500] 63d069cc-f51d-4376-99e5-7ce22b0fab4f: 48 chunks; 1.4 s; peak memory 1221 MiB.
2026-10-09T03:32:51Z INFO [232/500] 63d0a733-a201-44ff-88c1-15c58e947f37: 48 chunks; 1.3 s; peak memory 1221 MiB.
2026-10-09T03:32:53Z INFO [233/500] 63d0c88d-7bcf-4635-8cf8-aa94733f19df: 48 chunks; 1.6 s; peak memory 1221 MiB.
2026-10-09T03:33:18Z INFO [234/500] 63d20e4c-78c4-48bf-b778-d92f579171d6: 4275 chunks; 24.9 s; peak memory 1221 MiB.
2026-10-09T03:33:21Z INFO [235/500] 63d22c23-e107-4644-a5f3-75a96b4c526b: 192 chunks; 3.0 s; peak memory 1221 MiB.
2026-10-09T03:33:22Z INFO [236/500] 63d24288-87b6-4dfd-b347-6f3959971623: 46 chunks; 1.1 s; peak memory 1221 MiB.
2026-10-09T03:33:50Z INFO [237/500] 63d265f1-9734-421c-8cf8-215b664a2397: 31299 chunks; 28.4 s; peak memory 1221 MiB.
2026-10-09T03:33:52Z INFO [238/500] 63d3d313-19ab-4494-88a5-ce69e2b9bd20: 118 chunks; 1.6 s; peak memory 1221 MiB.
2026-10-09T03:34:53Z INFO [239/500] 63d43c8f-3519-41bf-b85f-283712b47392: 25138 chunks; 61.5 s; peak memory 1221 MiB.
2026-10-09T03:34:55Z INFO [240/500] 63d44654-a93e-4158-9e33-9425decf93bf: 48 chunks; 1.4 s; peak memory 1221 MiB.
2026-10-09T03:35:07Z INFO [241/500] 63d4ce49-754b-438a-bf00-e66e2504183a: 5478 chunks; 12.7 s; peak memory 1221 MiB.
2026-10-09T03:35:09Z INFO [242/500] 63d5924a-0130-4772-907f-105a8f9e999d: 48 chunks; 1.3 s; peak memory 1221 MiB.
2026-10-09T03:35:10Z INFO [243/500] 63d5b247-49f2-498c-999f-27f800c28dee: 115 chunks; 1.7 s; peak memory 1221 MiB.
2026-10-09T03:35:12Z INFO [244/500] 63d70d8d-dcf5-4aac-babb-51aaea6200e9: 48 chunks; 1.4 s; peak memory 1221 MiB.
2026-10-09T03:35:13Z INFO [245/500] 63d958f3-4233-484c-8851-845b5cdf2b0e: 117 chunks; 1.7 s; peak memory 1221 MiB.
2026-10-09T03:35:15Z INFO [246/500] 63d963b8-e828-4c26-ad35-3489995467d0: 61 chunks; 1.7 s; peak memory 1221 MiB.
2026-10-09T03:35:16Z INFO [247/500] 63da67b6-d5fb-4812-971e-13e30c2192c7: 56 chunks; 1.2 s; peak memory 1221 MiB.
2026-10-09T03:35:19Z INFO [248/500] 63db17ea-1650-4555-b6d9-cb7600749671: 937 chunks; 2.4 s; peak memory 1221 MiB.
2026-10-09T03:35:42Z INFO [249/500] 63db5d13-8c21-41bd-8805-cbe5bfdaa068: 1930 chunks; 23.5 s; peak memory 1221 MiB.
2026-10-09T03:35:44Z INFO [250/500] 63db7106-9c83-4c62-b4bf-a511300aef75: 117 chunks; 1.6 s; peak memory 1221 MiB.
2026-10-09T03:35:44Z INFO [250/500] 63db7106-9c83-4c62-b4bf-a511300aef75: checkpointed 95084 new records.
2026-10-09T03:35:47Z INFO [251/500] 63dbde83-520b-45ba-a67d-57fb684a61d5: 71 chunks; 2.6 s; peak memory 1221 MiB.
2026-10-09T03:35:55Z INFO [252/500] 63dc4b1d-fb3a-4140-8f13-eb8d0385314f: 4593 chunks; 8.3 s; peak memory 1221 MiB.
2026-10-09T03:35:57Z INFO [253/500] 63dc53e1-20b8-4331-bbc6-80699dd437c7: 92 chunks; 1.8 s; peak memory 1221 MiB.
2026-10-09T03:35:58Z INFO [254/500] 63dc5c82-afa6-4a63-8eb4-3f4c82daf648: 48 chunks; 1.5 s; peak memory 1221 MiB.
2026-10-09T03:36:00Z INFO [255/500] 63dc94d8-0bb4-4460-80a3-0946461c3c5a: 78 chunks; 1.6 s; peak memory 1221 MiB.
2026-10-09T03:36:02Z INFO [256/500] 63dd3814-68f5-41d2-b0d9-61fd4c3a83ab: 118 chunks; 1.8 s; peak memory 1221 MiB.
2026-10-09T03:36:03Z INFO [257/500] 63de17ac-0a2b-418b-90f8-9c478462d1f2: 46 chunks; 1.2 s; peak memory 1221 MiB.
2026-10-09T03:36:05Z INFO [258/500] 63de1c6c-a72c-4b9f-8363-550cc86f8c02: 48 chunks; 1.4 s; peak memory 1221 MiB.
2026-10-09T03:36:07Z INFO [259/500] 63dea9d4-7e0f-49f6-aaad-d8837375d267: 147 chunks; 2.3 s; peak memory 1221 MiB.
2026-10-09T03:36:09Z INFO [260/500] 63dec835-cd47-4a7a-910d-41ff90b896b2: 112 chunks; 2.1 s; peak memory 1221 MiB.
2026-10-09T03:36:10Z INFO [261/500] 63dee178-94e6-41ea-9afd-f84253e97053: 57 chunks; 1.2 s; peak memory 1221 MiB.
2026-10-09T03:36:17Z INFO [262/500] 63df65a0-fe08-4558-adc5-00d3828d7e07: 2922 chunks; 7.1 s; peak memory 1221 MiB.
2026-10-09T03:36:33Z INFO [263/500] 63e02cb9-a2fc-4bf0-bf4c-e3c37bbaa4b7: 12036 chunks; 15.3 s; peak memory 1221 MiB.
2026-10-09T03:36:34Z INFO [264/500] 63e24676-4fc8-49b5-b48c-37be5fccf512: 48 chunks; 1.4 s; peak memory 1221 MiB.
2026-10-09T03:36:41Z INFO [265/500] 63e2e48d-4330-4618-bda6-e84f5067d868: 2923 chunks; 7.0 s; peak memory 1221 MiB.
2026-10-09T03:36:43Z INFO [266/500] 63e2e821-2104-4fcd-9388-42c6bc6f24d6: 112 chunks; 2.1 s; peak memory 1221 MiB.
2026-10-09T03:36:45Z INFO [267/500] 63e4ae54-b0de-4265-924e-977100c9a010: 289 chunks; 2.0 s; peak memory 1221 MiB.
2026-10-09T03:36:48Z INFO [268/500] 63e51828-cc5c-42be-897a-88efe19a770c: 71 chunks; 2.5 s; peak memory 1221 MiB.
2026-10-09T03:37:00Z INFO [269/500] 63e6af1c-54c4-430d-bedd-d46b57b618f0: 18473 chunks; 12.5 s; peak memory 1221 MiB.
2026-10-09T03:37:02Z INFO [270/500] 63e7b347-6b99-42b2-9ca0-ae3ea1806d9d: 48 chunks; 1.4 s; peak memory 1221 MiB.
2026-10-09T03:37:03Z INFO [271/500] 63e7f9ce-f02b-49b7-93d5-03df2593ed50: 118 chunks; 1.6 s; peak memory 1221 MiB.
2026-10-09T03:37:06Z INFO [272/500] 63e85c69-3a82-4ecc-b377-f059b6db785e: 347 chunks; 2.6 s; peak memory 1221 MiB.
2026-10-09T03:37:07Z INFO [273/500] 63e87c12-4e9a-4b3d-95ce-88fbb80ffdb4: 48 chunks; 1.4 s; peak memory 1221 MiB.
2026-10-09T03:37:08Z INFO [274/500] 63e8dbbf-2073-45d3-933a-02c64739a7d6: 48 chunks; 1.3 s; peak memory 1221 MiB.
2026-10-09T03:37:11Z INFO [275/500] 63e8de9b-fc56-42c2-82fb-0c5e72e67e17: 528 chunks; 2.8 s; peak memory 1221 MiB.
2026-10-09T03:37:13Z INFO [276/500] 63e9971d-5f01-4462-bfa8-deed566036f9: 110 chunks; 1.9 s; peak memory 1221 MiB.
2026-10-09T03:37:15Z INFO [277/500] 63ea6ee9-4abe-4f16-abdc-87e0d99bd869: 84 chunks; 1.8 s; peak memory 1221 MiB.
2026-10-09T03:37:20Z INFO [278/500] 63ea8637-aeb9-4f41-937c-c4c24d6be088: 111 chunks; 5.1 s; peak memory 1221 MiB.
2026-10-09T03:37:21Z INFO [279/500] 63eb5019-b478-4cbb-a7f4-fcdaa0cf200a: 48 chunks; 1.4 s; peak memory 1221 MiB.
2026-10-09T03:37:25Z INFO [280/500] 63eb8f49-4969-4f93-a7e2-17acfabdb871: 156 chunks; 3.9 s; peak memory 1221 MiB.
2026-10-09T03:37:27Z INFO [281/500] 63ec5dae-8cc5-4007-9308-db4c686847ee: 48 chunks; 1.3 s; peak memory 1221 MiB.
2026-10-09T03:37:38Z INFO [282/500] 63edd9fb-6c3e-4ac8-8ecc-c31d3aac619b: 9228 chunks; 11.2 s; peak memory 1221 MiB.
2026-10-09T03:37:39Z INFO [283/500] 63efe479-eb4d-42a7-8f92-fc30ec5bb214: 117 chunks; 1.6 s; peak memory 1221 MiB.
2026-10-09T03:37:41Z INFO [284/500] 63f02654-4e0d-436d-9bc8-7e52f1bbb877: 48 chunks; 1.4 s; peak memory 1221 MiB.
2026-10-09T03:37:42Z INFO [285/500] 63f0386f-595e-485b-9168-c46396e435e2: 48 chunks; 1.3 s; peak memory 1221 MiB.
2026-10-09T03:37:44Z INFO [286/500] 63f05d81-4169-400c-8bdd-f31932b9f1b5: 48 chunks; 1.4 s; peak memory 1221 MiB.
2026-10-09T03:37:45Z INFO [287/500] 63f067bb-35c0-4652-8885-e41a6688994c: 66 chunks; 1.7 s; peak memory 1221 MiB.
2026-10-09T03:37:46Z INFO [288/500] 63f0c571-fc1d-440a-ad4e-ef4707ac3ce2: 41 chunks; 1.2 s; peak memory 1221 MiB.
2026-10-09T03:37:49Z INFO [289/500] 63f17ff9-e300-4af0-a383-cfe5d36ea0d6: 71 chunks; 2.4 s; peak memory 1221 MiB.
2026-10-09T03:37:50Z INFO [290/500] 63f1873c-d40f-4089-a0f9-ad31afc6c785: 48 chunks; 1.5 s; peak memory 1221 MiB.
2026-10-09T03:37:52Z INFO [291/500] 63f285ad-d9f1-4919-bd2d-8894e5b01612: 112 chunks; 1.8 s; peak memory 1221 MiB.
2026-10-09T03:38:03Z INFO [292/500] 63f2a911-aede-4edc-bd03-0bd97dfc40e2: 20611 chunks; 11.2 s; peak memory 1221 MiB.
2026-10-09T03:38:05Z INFO [293/500] 63f38238-e9e5-4b57-baeb-3bcbe5891f63: 48 chunks; 1.4 s; peak memory 1221 MiB.
2026-10-09T03:38:15Z INFO [294/500] 63f3acfc-9c8e-4760-ab9b-daaa1349cd73: 2375 chunks; 10.4 s; peak memory 1221 MiB.
2026-10-09T03:38:17Z INFO [295/500] 63f3b074-7938-4603-a232-676daf401301: 69 chunks; 1.6 s; peak memory 1221 MiB.
2026-10-09T03:38:24Z INFO [296/500] 63f5403f-c508-4e1a-84b2-0063e50d4151: 7430 chunks; 7.1 s; peak memory 1221 MiB.
2026-10-09T03:38:27Z INFO [297/500] 63f65bdd-acc6-4568-9ee1-9103a77a0924: 115 chunks; 3.1 s; peak memory 1221 MiB.
2026-10-09T03:38:28Z INFO [298/500] 63f6a1da-c360-4ec9-9496-29ecba1866e3: 48 chunks; 1.3 s; peak memory 1221 MiB.
2026-10-09T03:38:30Z INFO [299/500] 63f7629c-cc60-432f-8949-572490db44ff: 117 chunks; 1.6 s; peak memory 1221 MiB.
2026-10-09T03:38:32Z INFO [300/500] 63f79eac-7529-4c07-b012-fb0ad300d55f: 116 chunks; 2.4 s; peak memory 1221 MiB.
2026-10-09T03:38:32Z INFO [300/500] 63f79eac-7529-4c07-b012-fb0ad300d55f: checkpointed 95134 new records.
2026-10-09T03:38:34Z INFO [301/500] 63f84489-7676-485f-9641-4c9787413aa1: 74 chunks; 1.7 s; peak memory 1221 MiB.
2026-10-09T03:38:36Z INFO [302/500] 63f948c4-b80f-4d05-b24b-74d8bdfe8cc7: 112 chunks; 1.9 s; peak memory 1221 MiB.
2026-10-09T03:38:38Z INFO [303/500] 63f959d5-b574-435f-a4cc-216b0b9dfdc6: 59 chunks; 1.6 s; peak memory 1221 MiB.
2026-10-09T03:38:40Z INFO [304/500] 63f9f83c-a3e7-46c8-afb9-2025a65e8f90: 110 chunks; 2.0 s; peak memory 1221 MiB.
2026-10-09T03:38:42Z INFO [305/500] 63fc2dcd-bb89-43f9-a916-4c010186d618: 66 chunks; 2.1 s; peak memory 1221 MiB.
2026-10-09T03:41:41Z INFO [306/500] 63fc53a3-162a-4af7-a3a6-6fab5c171cf4: 43227 chunks; 179.4 s; peak memory 1221 MiB.
2026-10-09T03:41:43Z INFO [307/500] 63fd22e4-d8f8-4566-b94b-0489d2b5aaa9: 109 chunks; 2.1 s; peak memory 1221 MiB.
2026-10-09T03:41:45Z INFO [308/500] 63fd3bce-72ff-41ab-926b-c4eca228ea34: 66 chunks; 2.1 s; peak memory 1221 MiB.
2026-10-09T03:41:47Z INFO [309/500] 63fd7f40-ddd5-4bbd-8758-43d5431dd7ed: 71 chunks; 2.0 s; peak memory 1221 MiB.
2026-10-09T03:44:54Z INFO [310/500] 63fdba9e-c206-4a4a-b7fc-7379dc60b8a5: 44691 chunks; 186.5 s; peak memory 1221 MiB.
2026-10-09T03:44:56Z INFO [311/500] 63fdfd0c-5f8f-4beb-a183-a93a4d5c0088: 117 chunks; 1.7 s; peak memory 1221 MiB.
2026-10-09T03:44:57Z INFO [312/500] 63feda6f-8bde-4c66-b4b5-d4c597e12bc7: 45 chunks; 1.5 s; peak memory 1221 MiB.
2026-10-09T03:44:59Z INFO [313/500] 63ff1416-3c27-42db-a43e-c5387aa742b3: 48 chunks; 1.4 s; peak memory 1221 MiB.
2026-10-09T03:45:00Z INFO [314/500] 63ff8c8c-b077-4a9d-ac90-0a02f871f4f4: 51 chunks; 1.1 s; peak memory 1221 MiB.
2026-10-09T03:45:01Z INFO [315/500] 63ffc4cf-3a9c-4277-a9ac-9f9fce985c9c: 45 chunks; 1.1 s; peak memory 1221 MiB.
2026-10-09T03:45:02Z INFO [316/500] 63fff159-0c10-4e23-a11e-73c0b075cab7: 69 chunks; 1.6 s; peak memory 1221 MiB.
2026-10-09T03:45:05Z INFO [317/500] 6402f0d3-5cad-418f-b9a7-4c23ab56302e: 71 chunks; 2.4 s; peak memory 1221 MiB.
2026-10-09T03:45:06Z INFO [318/500] 6403558b-da61-4d94-9ae0-d6710c4e34e3: 52 chunks; 1.4 s; peak memory 1221 MiB.
2026-10-09T03:45:08Z INFO [319/500] 64048cc4-dbeb-4fe4-a98b-f198642eff32: 112 chunks; 1.9 s; peak memory 1221 MiB.
2026-10-09T03:45:10Z INFO [320/500] 6404ee8d-b821-4b6f-8676-5642cc7da523: 70 chunks; 2.2 s; peak memory 1221 MiB.
2026-10-09T03:45:12Z INFO [321/500] 64050823-96dc-46f0-9202-8f398ae1aef4: 48 chunks; 1.4 s; peak memory 1221 MiB.
2026-10-09T03:45:13Z INFO [322/500] 640569af-0229-4809-9786-85c1b9c1fcbd: 48 chunks; 1.3 s; peak memory 1221 MiB.
2026-10-09T03:45:14Z INFO [323/500] 6405a94e-48ed-4550-8a03-c39a0cea65d8: 48 chunks; 1.3 s; peak memory 1221 MiB.
2026-10-09T03:45:20Z INFO [324/500] 640660d9-88e0-4cb8-9dfd-a92d123c2daa: 324 chunks; 6.3 s; peak memory 1221 MiB.
2026-10-09T03:45:22Z INFO [325/500] 6406ce61-33db-4bc8-a9b9-81158d746907: 37 chunks; 1.3 s; peak memory 1221 MiB.
2026-10-09T03:45:23Z INFO [326/500] 64073223-a29a-447c-971d-34c58f5e690b: 117 chunks; 1.8 s; peak memory 1221 MiB.
2026-10-09T03:45:25Z INFO [327/500] 64074793-ce8d-4870-84aa-a72bd3218b48: 48 chunks; 1.4 s; peak memory 1221 MiB.
2026-10-09T03:45:28Z INFO [328/500] 640781ee-fb81-4ad1-abd8-60b4b9723509: 71 chunks; 2.7 s; peak memory 1221 MiB.
2026-10-09T03:45:30Z INFO [329/500] 6407c5ca-a134-4a07-94d2-1ae67f78edc9: 112 chunks; 2.0 s; peak memory 1221 MiB.
2026-10-09T03:45:31Z INFO [330/500] 6407e8d4-8936-4f6f-a8c8-150fb1acf988: 66 chunks; 1.9 s; peak memory 1221 MiB.
2026-10-09T03:46:09Z INFO [331/500] 64080cea-d21d-40fe-bd62-88e58eb8cca9: 36797 chunks; 37.6 s; peak memory 1221 MiB.
2026-10-09T03:46:11Z INFO [332/500] 64082e62-a5a6-4104-9d85-1ffd6adf75d3: 117 chunks; 1.5 s; peak memory 1221 MiB.
2026-10-09T03:46:17Z INFO [333/500] 6408a8c9-aadc-4aa6-a772-f4efae31ca93: 296 chunks; 6.5 s; peak memory 1221 MiB.
2026-10-09T03:46:18Z INFO [334/500] 6408b335-f496-4ea0-8405-29775612444b: 48 chunks; 1.4 s; peak memory 1221 MiB.
2026-10-09T03:46:20Z INFO [335/500] 6408ba99-cfd3-40f9-b14a-94e7ef431d27: 48 chunks; 1.4 s; peak memory 1221 MiB.
2026-10-09T03:46:21Z INFO [336/500] 6409ff57-694c-41e9-bbfc-c25bdd54277b: 116 chunks; 1.5 s; peak memory 1221 MiB.
2026-10-09T03:46:24Z INFO [337/500] 640a720a-ea74-41f5-ba0c-fe3ea933d732: 69 chunks; 2.2 s; peak memory 1221 MiB.
2026-10-09T03:46:25Z INFO [338/500] 640a7901-c82b-47ee-9b49-3cc0aea127b3: 48 chunks; 1.3 s; peak memory 1221 MiB.
2026-10-09T03:46:26Z INFO [339/500] 640abc1d-4901-44f1-bc41-5ff0b0215dbf: 48 chunks; 1.4 s; peak memory 1221 MiB.
2026-10-09T03:46:29Z INFO [340/500] 640acb41-aa91-49e3-b12d-8235d3895806: 1061 chunks; 3.2 s; peak memory 1221 MiB.
2026-10-09T03:46:32Z INFO [341/500] 640ae1a5-a4eb-4cbf-a7e7-842e9ba3fd55: 126 chunks; 2.6 s; peak memory 1221 MiB.
2026-10-09T03:46:33Z INFO [342/500] 640bc5a9-b960-4201-8436-498d83e5a8bd: 48 chunks; 1.3 s; peak memory 1221 MiB.
2026-10-09T03:46:34Z INFO [343/500] 640c3872-7035-4cec-8b92-722a2e833b43: 46 chunks; 1.1 s; peak memory 1221 MiB.
2026-10-09T03:46:36Z INFO [344/500] 640d769c-8f86-4d60-964b-e9f5f8259d65: 48 chunks; 1.3 s; peak memory 1221 MiB.
2026-10-09T03:46:37Z INFO [345/500] 640d85fb-c8ed-4090-9448-a8eee446f360: 116 chunks; 1.9 s; peak memory 1221 MiB.
2026-10-09T03:46:39Z INFO [346/500] 640d88ce-572a-420c-a30a-765cc474a19a: 69 chunks; 2.0 s; peak memory 1221 MiB.
2026-10-09T03:46:41Z INFO [347/500] 640dab29-26e9-4013-85b8-409e573fbaf4: 66 chunks; 1.7 s; peak memory 1221 MiB.
2026-10-09T03:46:43Z INFO [348/500] 640ded9e-c759-408f-a7ab-a62b730e03cf: 117 chunks; 1.6 s; peak memory 1221 MiB.
2026-10-09T03:46:46Z INFO [349/500] 640e2ec8-2271-4f55-98e7-147220c9cb33: 90 chunks; 2.9 s; peak memory 1221 MiB.
2026-10-09T03:46:47Z INFO [350/500] 640f498b-a654-4ade-8c73-7e9e21d6f8b8: 116 chunks; 1.7 s; peak memory 1221 MiB.
2026-10-09T03:46:48Z INFO [350/500] 640f498b-a654-4ade-8c73-7e9e21d6f8b8: checkpointed 95184 new records.
2026-10-09T03:46:49Z INFO [351/500] 640f6b84-2d6f-41f3-94c2-2c6d195a08c7: 48 chunks; 1.4 s; peak memory 1221 MiB.
2026-10-09T03:46:51Z INFO [352/500] 640f9866-3702-4dd5-b968-554950c2f4b2: 48 chunks; 1.5 s; peak memory 1221 MiB.
2026-10-09T03:46:52Z INFO [353/500] 640fc595-f6c2-4e45-bc43-cd9c6ad4a274: 46 chunks; 1.1 s; peak memory 1221 MiB.
2026-10-09T03:46:53Z INFO [354/500] 64108834-8d28-4678-80df-85f764b87c63: 69 chunks; 1.1 s; peak memory 1221 MiB.
2026-10-09T03:46:54Z INFO [355/500] 64110909-3cd6-4804-9abd-34b2befcdd40: 56 chunks; 1.1 s; peak memory 1221 MiB.
2026-10-09T03:46:55Z INFO [356/500] 64117fc5-6a0f-4f08-8e13-183da142c660: 48 chunks; 1.3 s; peak memory 1221 MiB.
2026-10-09T03:46:57Z INFO [357/500] 6411e3c4-4347-4720-8736-2a0b816a5544: 400 chunks; 1.8 s; peak memory 1221 MiB.
2026-10-09T03:46:58Z INFO [358/500] 641260d1-beec-4cbb-baf3-63dba2f6bc41: 48 chunks; 1.4 s; peak memory 1221 MiB.
2026-10-09T03:47:00Z INFO [359/500] 64129ae3-e69d-46b3-858b-aa2661320658: 48 chunks; 1.3 s; peak memory 1221 MiB.
2026-10-09T03:47:01Z INFO [360/500] 64136f9b-0b9a-49db-ae72-a9e4096555c4: 118 chunks; 1.6 s; peak memory 1221 MiB.
2026-10-09T03:47:53Z INFO [361/500] 6413cc30-4c6a-4615-b5a8-9a0c4171f76b: 2906 chunks; 51.3 s; peak memory 1221 MiB.
2026-10-09T03:47:54Z INFO [362/500] 64149434-0dda-4a10-921a-7423e886eb25: 46 chunks; 1.1 s; peak memory 1221 MiB.
2026-10-09T03:48:16Z INFO [363/500] 6415c5c8-951d-4211-a32e-df3b46bfc3a1: 62944 chunks; 22.5 s; peak memory 1221 MiB.
2026-10-09T03:48:19Z INFO [364/500] 6415f15b-2006-4046-bb14-19a875a67e2c: 82 chunks; 3.1 s; peak memory 1221 MiB.
2026-10-09T03:48:21Z INFO [365/500] 641852b9-cc75-4c77-ab88-cccfd17d3110: 112 chunks; 1.7 s; peak memory 1221 MiB.
2026-10-09T03:48:23Z INFO [366/500] 6419e39f-36a4-4f6d-8af4-69f598d693bd: 117 chunks; 1.5 s; peak memory 1221 MiB.
2026-10-09T03:48:24Z INFO [367/500] 641b4a1b-e387-4516-aee8-28ce0f51ed87: 133 chunks; 1.4 s; peak memory 1221 MiB.
2026-10-09T03:48:32Z INFO [368/500] 641b9d32-19d2-485a-81fb-b83deb677860: 448 chunks; 8.0 s; peak memory 1221 MiB.
2026-10-09T03:48:34Z INFO [369/500] 641ba83c-b30e-4566-86ce-f8fe1c9a43da: 48 chunks; 1.4 s; peak memory 1221 MiB.
2026-10-09T03:48:35Z INFO [370/500] 641c08e7-f1b8-490d-a749-01f30b65a71a: 113 chunks; 1.7 s; peak memory 1221 MiB.
2026-10-09T03:48:46Z INFO [371/500] 641d0348-0d75-420d-a6d1-acbf3d5438d5: 391 chunks; 11.0 s; peak memory 1221 MiB.
2026-10-09T03:48:48Z INFO [372/500] 641d4a0c-e417-4ed2-95a7-5dcfe4df9bf2: 117 chunks; 1.6 s; peak memory 1221 MiB.
2026-10-09T03:48:49Z INFO [373/500] 641e0b08-3c53-4979-9716-dcca6e16a20b: 48 chunks; 1.3 s; peak memory 1221 MiB.
2026-10-09T03:48:52Z INFO [374/500] 641f128e-aac5-4b1a-879c-ab9520bfdcd5: 71 chunks; 2.8 s; peak memory 1221 MiB.
2026-10-09T03:48:53Z INFO [375/500] 641f2948-e1b4-4e2b-8301-03c686de0168: 48 chunks; 1.3 s; peak memory 1221 MiB.
2026-10-09T03:48:55Z INFO [376/500] 641f4a81-9d9a-4cdc-b7e4-4635d1ed0eea: 117 chunks; 1.5 s; peak memory 1221 MiB.
2026-10-09T03:48:57Z INFO [377/500] 641f6bde-fd78-4740-b235-1cbb81512692: 69 chunks; 1.7 s; peak memory 1221 MiB.
2026-10-09T03:49:38Z INFO [378/500] 641fe82b-b773-44a2-b09f-d508dde635c6: 16419 chunks; 41.8 s; peak memory 1221 MiB.
2026-10-09T03:49:40Z INFO [379/500] 64217900-775a-4c1e-9b4f-7e51ab081d19: 116 chunks; 1.8 s; peak memory 1221 MiB.
2026-10-09T03:49:43Z INFO [380/500] 64232218-8756-4dc9-9fbc-5eb32c0128c1: 71 chunks; 2.5 s; peak memory 1221 MiB.
2026-10-09T03:49:44Z INFO [381/500] 6423a329-62fb-4c57-94b5-62f51aa73baf: 106 chunks; 1.5 s; peak memory 1221 MiB.
2026-10-09T03:49:46Z INFO [382/500] 64241b54-6111-4811-898d-5d006a86a523: 117 chunks; 1.5 s; peak memory 1221 MiB.
2026-10-09T03:49:47Z INFO [383/500] 642449ee-95a3-495e-a757-f81e15f1007a: 35 chunks; 1.1 s; peak memory 1221 MiB.
2026-10-09T03:49:48Z INFO [384/500] 6424500a-3ed1-4431-a550-c83001aa573e: 48 chunks; 1.4 s; peak memory 1221 MiB.
2026-10-09T03:49:50Z INFO [385/500] 64246ccd-fe3f-4a06-9c5d-01ed6f9b9765: 74 chunks; 2.1 s; peak memory 1221 MiB.
2026-10-09T03:49:52Z INFO [386/500] 6424d6ef-1d92-40c2-ad00-1801b07e3c4e: 69 chunks; 1.8 s; peak memory 1221 MiB.
2026-10-09T03:49:54Z INFO [387/500] 6424f578-4701-43d5-b067-98bbeb53ebb4: 64 chunks; 2.0 s; peak memory 1221 MiB.
2026-10-09T03:49:58Z INFO [388/500] 64252455-aa80-407d-b1fd-abdbc7f9c695: 90 chunks; 3.5 s; peak memory 1221 MiB.
2026-10-09T03:49:59Z INFO [389/500] 64274abd-f366-471d-90e9-524623c9d261: 48 chunks; 1.3 s; peak memory 1221 MiB.
2026-10-09T03:50:01Z INFO [390/500] 6427a8d0-5099-41c1-b5ee-844d6a48c9d7: 112 chunks; 2.0 s; peak memory 1221 MiB.
2026-10-09T03:50:03Z INFO [391/500] 6427b1c2-7a71-4a69-8d8e-0d61a9efdd9e: 112 chunks; 2.2 s; peak memory 1221 MiB.
2026-10-09T03:50:05Z INFO [392/500] 6428445c-ce94-4565-adc2-aae34f3dd21f: 48 chunks; 1.3 s; peak memory 1221 MiB.
2026-10-09T03:50:06Z INFO [393/500] 6428827d-58e6-49a2-9fb2-b0f6bf350f57: 117 chunks; 1.6 s; peak memory 1221 MiB.
2026-10-09T03:50:13Z INFO [394/500] 6428c767-7c10-4d0d-9bab-40c883c6da57: 11564 chunks; 6.5 s; peak memory 1221 MiB.
2026-10-09T03:50:16Z INFO [395/500] 6428e85a-f0b2-49a9-a3cc-fc4525310dae: 933 chunks; 3.1 s; peak memory 1221 MiB.
2026-10-09T03:50:18Z INFO [396/500] 642b6118-2c62-4d52-8345-3b1e634803e8: 49 chunks; 2.0 s; peak memory 1221 MiB.
2026-10-09T03:50:19Z INFO [397/500] 642eb261-d08a-4cda-b002-eb07c202da87: 84 chunks; 1.4 s; peak memory 1221 MiB.
2026-10-09T03:50:20Z INFO [398/500] 642efb05-76f3-4fe3-b9cd-82c500f8929f: 41 chunks; 1.2 s; peak memory 1221 MiB.
2026-10-09T03:50:22Z INFO [399/500] 642f4ab8-d2d5-4372-93c1-ff1e2ef84413: 71 chunks; 1.8 s; peak memory 1221 MiB.
2026-10-09T03:50:28Z INFO [400/500] 642f54e5-c5a0-4ebb-8c54-0f5ddc9bccf9: 7522 chunks; 6.2 s; peak memory 1221 MiB.
2026-10-09T03:50:29Z INFO [400/500] 642f54e5-c5a0-4ebb-8c54-0f5ddc9bccf9: checkpointed 95234 new records.
2026-10-09T03:50:30Z INFO [401/500] 642fab01-084e-435f-8c2a-867d1dc81741: 66 chunks; 1.8 s; peak memory 1221 MiB.
2026-10-09T03:50:40Z INFO [402/500] 64307e4a-96a4-453c-b988-fe45c272428c: 4151 chunks; 9.5 s; peak memory 1221 MiB.
2026-10-09T03:50:42Z INFO [403/500] 643083c7-eeb1-421b-882c-a7ea5b51aadf: 117 chunks; 1.9 s; peak memory 1221 MiB.
2026-10-09T03:50:48Z INFO [404/500] 6431256f-91d6-4aff-bc9d-84808e248dde: 2310 chunks; 5.7 s; peak memory 1221 MiB.
2026-10-09T03:50:50Z INFO [405/500] 64316afd-8a5d-4872-9dc9-c98ba1b0ceb2: 71 chunks; 2.6 s; peak memory 1221 MiB.
2026-10-09T03:50:52Z INFO [406/500] 64330ccd-17a5-45c9-b9a1-1a006c8a484b: 117 chunks; 1.6 s; peak memory 1221 MiB.
2026-10-09T03:50:53Z INFO [407/500] 6433c443-2cde-4442-bee6-bb7ecbc1413b: 118 chunks; 1.6 s; peak memory 1221 MiB.
2026-10-09T03:50:55Z INFO [408/500] 6433ff6a-fad1-4803-812a-7fbc221fac55: 48 chunks; 1.5 s; peak memory 1221 MiB.
2026-10-09T03:53:31Z INFO [409/500] 6434261c-4ab6-4dfd-aaa5-9d969b3fb3dd: 37869 chunks; 156.3 s; peak memory 1221 MiB.
2026-10-09T03:53:32Z INFO [410/500] 6434e320-2025-4804-a8f6-e0a5ff79805e: 48 chunks; 1.4 s; peak memory 1221 MiB.
2026-10-09T03:53:36Z INFO [411/500] 6435262a-a629-461a-af8d-35b3922f2052: 156 chunks; 3.8 s; peak memory 1221 MiB.
2026-10-09T03:53:38Z INFO [412/500] 64356626-8dac-48c1-808c-518b509199e0: 117 chunks; 1.5 s; peak memory 1221 MiB.
2026-10-09T03:53:39Z INFO [413/500] 643575da-3864-45ae-ac20-1844efe9e12b: 106 chunks; 1.5 s; peak memory 1221 MiB.
2026-10-09T03:53:42Z INFO [414/500] 643596fe-7b4a-4495-bef9-fefcf3da8a36: 62 chunks; 2.2 s; peak memory 1221 MiB.
2026-10-09T03:53:43Z INFO [415/500] 6437a1af-48e4-40df-9f05-1951924748f5: 46 chunks; 1.4 s; peak memory 1221 MiB.
2026-10-09T03:53:44Z INFO [416/500] 6437e2c8-d270-40a9-ab43-9e308c452aba: 117 chunks; 1.6 s; peak memory 1221 MiB.
2026-10-09T03:53:46Z INFO [417/500] 6437f5e2-ab2b-47a4-9b5d-043f7727b70c: 92 chunks; 1.7 s; peak memory 1221 MiB.
2026-10-09T03:54:08Z INFO [418/500] 64389356-ed28-4b5c-bec7-d4215eaaa743: 12667 chunks; 21.7 s; peak memory 1221 MiB.
2026-10-09T03:54:11Z INFO [419/500] 64391200-512d-4728-9da9-c69be3f35a43: 119 chunks; 3.2 s; peak memory 1221 MiB.
2026-10-09T03:54:13Z INFO [420/500] 6439a54d-384d-4d21-af08-2a7902e20fd7: 84 chunks; 2.0 s; peak memory 1221 MiB.
2026-10-09T03:54:15Z INFO [421/500] 643abc37-fd02-41a6-8ea4-60328b4480dc: 70 chunks; 1.7 s; peak memory 1221 MiB.
2026-10-09T03:54:16Z INFO [422/500] 643ba236-4f7f-470a-82df-4bd0db2b0f31: 48 chunks; 1.4 s; peak memory 1221 MiB.
2026-10-09T03:54:18Z INFO [423/500] 643bb4c8-cc5b-4bc8-9128-37f93957cda4: 54 chunks; 1.3 s; peak memory 1221 MiB.
2026-10-09T03:54:19Z INFO [424/500] 643bd091-793f-4ed7-9724-2486f0835625: 48 chunks; 1.4 s; peak memory 1221 MiB.
2026-10-09T03:54:22Z INFO [425/500] 643c147a-9764-4d05-878c-a495fc13a136: 90 chunks; 2.9 s; peak memory 1221 MiB.
2026-10-09T03:54:23Z INFO [426/500] 643c25bf-867e-4437-8a0f-c8c971c08ccb: 52 chunks; 1.5 s; peak memory 1221 MiB.
2026-10-09T03:54:26Z INFO [427/500] 643c7929-88a0-4ff6-8999-8c1719db62cd: 103 chunks; 2.2 s; peak memory 1221 MiB.
2026-10-09T03:54:28Z INFO [428/500] 643caf8d-898b-4b07-ba59-41496c20b792: 57 chunks; 2.4 s; peak memory 1221 MiB.
2026-10-09T03:54:30Z INFO [429/500] 643d7c3b-3d28-4edc-ad06-f8a99dfe304e: 52 chunks; 1.5 s; peak memory 1221 MiB.
2026-10-09T03:54:31Z INFO [430/500] 643e32a4-43fd-42be-8dd1-497b14f37f7b: 110 chunks; 1.8 s; peak memory 1221 MiB.
2026-10-09T03:54:33Z INFO [431/500] 643e3bdd-eb53-4f9f-83c3-9bff83f606c0: 62 chunks; 1.8 s; peak memory 1221 MiB.
2026-10-09T03:54:34Z INFO [432/500] 643faea4-032b-479b-a738-80d100166d69: 48 chunks; 1.3 s; peak memory 1221 MiB.
2026-10-09T03:54:36Z INFO [433/500] 643fde9d-6685-4712-ab13-4f6ea8d36d62: 48 chunks; 1.3 s; peak memory 1221 MiB.
2026-10-09T03:54:41Z INFO [434/500] 6440410e-3c29-4709-b3ef-f8fe0d5b270d: 409 chunks; 4.9 s; peak memory 1221 MiB.
2026-10-09T03:54:43Z INFO [435/500] 6440c085-f193-427e-908d-2ec15263b933: 46 chunks; 2.2 s; peak memory 1221 MiB.
2026-10-09T03:54:45Z INFO [436/500] 64418abd-3125-4bde-b14a-1bfa17192a33: 112 chunks; 1.8 s; peak memory 1221 MiB.
2026-10-09T03:54:46Z INFO [437/500] 6441e296-8419-468b-b726-2c6557d3a30d: 37 chunks; 1.0 s; peak memory 1221 MiB.
2026-10-09T03:55:46Z INFO [438/500] 644210b7-2273-4199-9237-385f868867dc: 32327 chunks; 60.2 s; peak memory 1221 MiB.
2026-10-09T03:55:50Z INFO [439/500] 644229ec-0d49-4caa-a09b-8298ef0a259b: 115 chunks; 4.2 s; peak memory 1221 MiB.
2026-10-09T03:55:52Z INFO [440/500] 64437c8f-bfea-49a8-8a90-2960fe056c11: 113 chunks; 2.3 s; peak memory 1221 MiB.
2026-10-09T03:55:54Z INFO [441/500] 6443816e-2391-4cef-9b91-eeb1188c2b0f: 79 chunks; 1.8 s; peak memory 1221 MiB.
2026-10-09T03:55:55Z INFO [442/500] 64457b4b-e534-407f-972a-2cad9828eac3: 48 chunks; 1.4 s; peak memory 1221 MiB.
2026-10-09T03:55:58Z INFO [443/500] 6445e11d-99ea-473d-b9bf-eb9950d92d71: 66 chunks; 2.1 s; peak memory 1221 MiB.
2026-10-09T03:55:59Z INFO [444/500] 6446784c-3246-475d-9b4d-a4444ea326b4: 153 chunks; 1.8 s; peak memory 1221 MiB.
2026-10-09T03:58:38Z INFO [445/500] 64473e0b-77c3-485b-b720-ec193f7e04ff: 37909 chunks; 159.1 s; peak memory 1221 MiB.
2026-10-09T03:58:41Z INFO [446/500] 6447a5b0-b15c-45e9-bfcf-42fd9fd67c2d: 106 chunks; 2.3 s; peak memory 1221 MiB.
2026-10-09T03:58:55Z INFO [447/500] 64482c7f-6fda-4293-b46d-d8497f18fa8b: 17004 chunks; 14.2 s; peak memory 1221 MiB.
2026-10-09T03:58:57Z INFO [448/500] 644854cb-41fe-4ed0-b896-55ead389b3aa: 66 chunks; 2.0 s; peak memory 1221 MiB.
2026-10-09T03:58:58Z INFO [449/500] 64489b3e-d0ad-4af4-a02e-df6e81f0de14: 118 chunks; 1.5 s; peak memory 1221 MiB.
2026-10-09T03:59:00Z INFO [450/500] 6448ea7b-ef10-4782-aef8-33ae4262a097: 42 chunks; 1.7 s; peak memory 1221 MiB.
2026-10-09T03:59:00Z INFO [450/500] 6448ea7b-ef10-4782-aef8-33ae4262a097: checkpointed 95284 new records.
2026-10-09T03:59:02Z INFO [451/500] 6449ac52-d6e2-4fc1-9708-908b047ee6a3: 54 chunks; 1.1 s; peak memory 1221 MiB.
2026-10-09T03:59:03Z INFO [452/500] 644a4c17-99f1-4d8d-b7f2-2abcd6c0adab: 48 chunks; 1.3 s; peak memory 1221 MiB.
2026-10-09T03:59:04Z INFO [453/500] 644b9e27-771f-4366-8f5d-f8cf50d915f0: 69 chunks; 1.5 s; peak memory 1221 MiB.
2026-10-09T03:59:10Z INFO [454/500] 644ba49d-13e8-4f9c-840c-b88bf7a99dc0: 3815 chunks; 6.0 s; peak memory 1221 MiB.
2026-10-09T03:59:12Z INFO [455/500] 644bfea8-3dd3-47a7-b708-39d71f688d02: 275 chunks; 1.9 s; peak memory 1221 MiB.
2026-10-09T03:59:14Z INFO [456/500] 644c7e86-fc3e-46d8-b9e9-b465989f6658: 112 chunks; 1.6 s; peak memory 1221 MiB.
2026-10-09T03:59:15Z INFO [457/500] 644ccd7d-716d-4a6d-b140-723f7c3cfef8: 48 chunks; 1.4 s; peak memory 1221 MiB.
2026-10-09T03:59:19Z INFO [458/500] 644ce46f-216d-421d-bf5b-834fc08ff76c: 114 chunks; 3.4 s; peak memory 1221 MiB.
2026-10-09T03:59:45Z INFO [459/500] 644da812-9350-46d7-82fa-0fdea47d338c: 28574 chunks; 26.5 s; peak memory 1221 MiB.
2026-10-09T03:59:46Z INFO [460/500] 644e4405-11ca-4703-b4db-6a7a4df8df20: 57 chunks; 1.2 s; peak memory 1221 MiB.
2026-10-09T03:59:58Z INFO [461/500] 644e913f-6fdd-4b7b-abea-a189bf1ae90d: 16692 chunks; 11.2 s; peak memory 1221 MiB.
2026-10-09T03:59:59Z INFO [462/500] 644f5920-949e-40fe-b796-7f620d17a6c4: 124 chunks; 1.4 s; peak memory 1221 MiB.
2026-10-09T04:00:01Z INFO [463/500] 644ff90b-81f4-4027-9a6d-413e5e3ce03a: 113 chunks; 1.6 s; peak memory 1221 MiB.
2026-10-09T04:00:02Z INFO [464/500] 64511ae7-1a91-4860-86ad-e21755edf5ee: 46 chunks; 1.5 s; peak memory 1221 MiB.
2026-10-09T04:00:04Z INFO [465/500] 64513b68-658c-4430-9db1-da6205b4399b: 117 chunks; 1.6 s; peak memory 1221 MiB.
2026-10-09T04:00:07Z INFO [466/500] 645150e3-07a7-4f5e-8f81-eec1f0d5d138: 822 chunks; 3.0 s; peak memory 1221 MiB.
2026-10-09T04:00:08Z INFO [467/500] 64529c11-87f8-4bf9-8a11-8080d4d008d2: 63 chunks; 1.2 s; peak memory 1221 MiB.
2026-10-09T04:00:09Z INFO [468/500] 6453202f-b02e-4a2e-8740-c0a3ce050195: 46 chunks; 1.3 s; peak memory 1221 MiB.
2026-10-09T04:00:10Z INFO [469/500] 6453e37c-9285-4b24-9356-ef65c7a44e09: 45 chunks; 1.0 s; peak memory 1221 MiB.
2026-10-09T04:00:13Z INFO [470/500] 6453f35f-0efd-4955-a44c-fd9704345017: 110 chunks; 2.3 s; peak memory 1221 MiB.
2026-10-09T04:00:13Z INFO [471/500] 6456faa0-ac9a-4f7f-bc6c-310012c22c76: 46 chunks; 1.0 s; peak memory 1221 MiB.
2026-10-09T04:00:15Z INFO [472/500] 6457310e-785a-457c-9950-f5f0897b1234: 48 chunks; 1.3 s; peak memory 1221 MiB.
2026-10-09T04:00:16Z INFO [473/500] 6457e449-1c7f-4d95-8760-43339ab54328: 56 chunks; 1.1 s; peak memory 1221 MiB.
2026-10-09T04:00:33Z INFO [474/500] 6458af20-2504-4a92-9ae5-110cbfc91406: 8229 chunks; 17.5 s; peak memory 1221 MiB.
2026-10-09T04:00:35Z INFO [475/500] 6459a9e8-4819-4892-affe-cd27fea2ea2e: 294 chunks; 1.1 s; peak memory 1221 MiB.
2026-10-09T04:00:36Z INFO [476/500] 6459c720-f355-46de-8494-8a3c449787ae: 116 chunks; 1.7 s; peak memory 1221 MiB.
2026-10-09T04:00:38Z INFO [477/500] 6459cec9-d9b1-4fd9-a207-d7a57287ebc3: 46 chunks; 1.3 s; peak memory 1221 MiB.
2026-10-09T04:00:40Z INFO [478/500] 645a0808-00ca-4755-98ec-1feb0c22cc9b: 125 chunks; 2.8 s; peak memory 1221 MiB.
2026-10-09T04:00:45Z INFO [479/500] 645a2442-2871-4614-98b8-b84cdb110a2f: 2430 chunks; 4.9 s; peak memory 1221 MiB.
2026-10-09T04:00:47Z INFO [480/500] 645a8d87-5fe6-4f6c-9498-0c210f2537d6: 550 chunks; 1.6 s; peak memory 1221 MiB.
2026-10-09T04:00:59Z INFO [481/500] 645aa1d0-335c-4cc1-88af-2c68bd23baa9: 5976 chunks; 12.1 s; peak memory 1221 MiB.
2026-10-09T04:01:05Z INFO [482/500] 645ae2f1-3530-40ac-a521-5f481917647e: 9248 chunks; 5.9 s; peak memory 1221 MiB.
2026-10-09T04:01:07Z INFO [483/500] 645b274d-9bb2-4ba8-be3c-07d7f2da850a: 116 chunks; 1.8 s; peak memory 1221 MiB.
2026-10-09T04:01:17Z INFO [484/500] 645b61ce-9ca0-4f06-a695-8aab825a0ba5: 297 chunks; 10.0 s; peak memory 1221 MiB.
2026-10-09T04:01:18Z INFO [485/500] 645b6634-ac02-4920-97eb-4a2ba314d2c0: 48 chunks; 1.3 s; peak memory 1221 MiB.
2026-10-09T04:01:20Z INFO [486/500] 645c932f-34fb-423c-8a63-8b5a31cbd60d: 117 chunks; 1.6 s; peak memory 1221 MiB.
2026-10-09T04:01:21Z INFO [487/500] 645d1b1b-d17c-463b-a603-02cf7d913974: 69 chunks; 1.6 s; peak memory 1221 MiB.
2026-10-09T04:01:23Z INFO [488/500] 645d4dc4-764d-4c85-91c3-29d49ed98f0e: 142 chunks; 1.6 s; peak memory 1221 MiB.
2026-10-09T04:01:26Z INFO [489/500] 645da0d3-5479-4bae-831f-71a217a47880: 933 chunks; 2.8 s; peak memory 1221 MiB.
2026-10-09T04:01:29Z INFO [490/500] 645dd120-2d8b-418b-90dc-bccb7f5b7203: 115 chunks; 3.2 s; peak memory 1221 MiB.
2026-10-09T04:01:30Z INFO [491/500] 645dd3e0-444a-416c-b875-85ac190179a8: 42 chunks; 1.4 s; peak memory 1221 MiB.
2026-10-09T04:01:32Z INFO [492/500] 645de013-ce68-4851-838b-48c97cbc58ca: 117 chunks; 1.4 s; peak memory 1221 MiB.
2026-10-09T04:01:33Z INFO [493/500] 645e5011-adcc-49ad-9f83-1b4832cffeb1: 275 chunks; 1.8 s; peak memory 1221 MiB.
2026-10-09T04:01:35Z INFO [494/500] 645e6d5d-b96e-4e7b-a5db-25030d3e4b4c: 118 chunks; 1.5 s; peak memory 1221 MiB.
2026-10-09T04:01:39Z INFO [495/500] 645eb2da-37b0-40f0-bbc3-ea0dc7036ecd: 114 chunks; 3.7 s; peak memory 1221 MiB.
2026-10-09T04:01:40Z INFO [496/500] 645ef676-6d70-4176-960d-c5f1261eb11c: 42 chunks; 1.3 s; peak memory 1221 MiB.
2026-10-09T04:01:41Z INFO [497/500] 645f5269-549d-4be6-ad7f-91705067bb77: 48 chunks; 1.3 s; peak memory 1221 MiB.
2026-10-09T04:01:44Z INFO [498/500] 645fbbd4-c421-4543-9368-844d1d3a99cf: 70 chunks; 2.6 s; peak memory 1221 MiB.
2026-10-09T04:01:46Z INFO [499/500] 6460696b-9e2a-470c-987e-565882edba0b: 66 chunks; 2.0 s; peak memory 1221 MiB.
2026-10-09T04:02:16Z INFO [500/500] 64617e07-7482-445a-a20b-59d08ff1ca52: 5573 chunks; 30.1 s; peak memory 1221 MiB.
2026-10-09T04:02:16Z INFO [500/500] 64617e07-7482-445a-a20b-59d08ff1ca52: checkpointed 95334 new records.
2026-10-09T04:02:17Z INFO Wrote 95334 records to /tmp/derivatives/valid_nwb_file_to_chunk_stats.jsonl (500 new, 0 failed) in 94.5 min (peak memory 1221 MiB).
