2026-10-03T06:24:41Z INFO Logging to /tmp/logs/update_2026-10-03T06-24-41Z.log.
2026-10-03T06:24:41Z INFO Update valid-nwb-file-to-chunk-stats (base directory /tmp).
2026-10-03T06:24:41Z INFO Processing 500 items (65334 already recorded).
2026-10-03T06:24:43Z INFO [1/500] 08b2cd01-16c0-4986-af8e-ba3b217bf9de: 720 chunks; 1.9 s; peak memory 157 MiB.
2026-10-03T06:24:45Z INFO [2/500] 0b145ea2-9ef2-491e-8a4d-5d6c9174f5dd: 1104 chunks; 2.1 s; peak memory 159 MiB.
2026-10-03T06:24:47Z INFO [3/500] 0b3928b9-fcaf-4785-b1a7-b05d5f0dd12a: 720 chunks; 1.7 s; peak memory 159 MiB.
2026-10-03T06:24:48Z INFO [4/500] 0c2c9ea2-55a4-45f4-b80a-60df61c1e3c7: 112 chunks; 1.1 s; peak memory 160 MiB.
2026-10-03T06:24:49Z INFO [5/500] 0f98167d-a4d8-46a4-8bd4-5d79a06e975d: 400 chunks; 1.4 s; peak memory 160 MiB.
2026-10-03T06:24:51Z INFO [6/500] 0fd844ef-329b-475c-96ee-9e3bb8bc2856: 1104 chunks; 2.1 s; peak memory 160 MiB.
2026-10-03T06:24:54Z INFO [7/500] 1788cbc1-51e2-4426-9d3c-ac68a8acca8b: 1360 chunks; 2.4 s; peak memory 162 MiB.
2026-10-03T06:24:56Z INFO [8/500] 1a9c402b-03b2-44ea-868b-145f3116bfe8: 1104 chunks; 1.9 s; peak memory 162 MiB.
2026-10-03T06:24:57Z INFO [9/500] 1b09d602-db38-4928-8923-dfae6141122e: 112 chunks; 1.0 s; peak memory 163 MiB.
2026-10-03T06:24:58Z INFO [10/500] 1e31a6b1-f917-4399-b9df-1a2b03344e96: 39 chunks; 1.1 s; peak memory 163 MiB.
2026-10-03T06:24:59Z INFO [11/500] 21767d51-c480-47d7-8cc8-76b36b323288: 144 chunks; 1.0 s; peak memory 163 MiB.
2026-10-03T06:25:01Z INFO [12/500] 21d7f690-9811-471a-afd5-b7ade1355987: 2128 chunks; 2.6 s; peak memory 164 MiB.
2026-10-03T06:25:02Z INFO [13/500] 26289f74-9ed4-4ab6-bcd5-3c87f58b74b0: 48 chunks; 1.0 s; peak memory 164 MiB.
2026-10-03T06:25:10Z INFO [14/500] 2628b9c3-633e-4a35-a01f-18674a94bdaa: 2844 chunks; 7.5 s; peak memory 170 MiB.
2026-10-03T06:25:11Z INFO [15/500] 2628d27c-cd9b-4610-aace-af41916f4a60: 117 chunks; 1.1 s; peak memory 170 MiB.
2026-10-03T06:25:16Z INFO [16/500] 2628ecc4-5e99-482e-917b-1c0630993e17: 13233 chunks; 5.2 s; peak memory 190 MiB.
2026-10-03T06:25:18Z INFO [17/500] 26295d9e-098b-4192-a44f-a02c62e3cf17: 132 chunks; 1.4 s; peak memory 190 MiB.
2026-10-03T06:25:19Z INFO [18/500] 262972c9-26be-4d14-9828-f05b55362c2e: 67 chunks; 1.7 s; peak memory 190 MiB.
2026-10-03T06:25:21Z INFO [19/500] 2629b64a-9171-49d3-8e80-ed69c8d0522d: 117 chunks; 1.3 s; peak memory 190 MiB.
2026-10-03T06:25:22Z INFO [20/500] 262a4117-3214-4d40-a556-2e3810edfdcb: 112 chunks; 1.3 s; peak memory 190 MiB.
2026-10-03T06:25:27Z INFO [21/500] 262a6b60-8ff4-413b-a55a-65ed26e76f1c: 12187 chunks; 4.8 s; peak memory 191 MiB.
2026-10-03T06:25:28Z INFO [22/500] 262a8d3b-f06b-4376-ad0b-eb40866a27ba: 112 chunks; 1.6 s; peak memory 191 MiB.
2026-10-03T06:25:29Z INFO [23/500] 262ad89c-3221-4d47-a3c2-16e56bbfa2e6: 48 chunks; 1.2 s; peak memory 191 MiB.
2026-10-03T06:30:29Z INFO [24/500] 262af786-6b6b-45f3-9feb-96e9919af7e2: 55934 chunks; 299.5 s; peak memory 1124 MiB.
2026-10-03T06:30:30Z INFO [25/500] 262b8b57-3010-4a1e-a333-5942102a4d4b: 112 chunks; 1.5 s; peak memory 1124 MiB.
2026-10-03T06:30:31Z INFO [26/500] 262c516d-76f6-4e1e-955e-ddcde77c9722: 48 chunks; 1.0 s; peak memory 1124 MiB.
2026-10-03T06:30:32Z INFO [27/500] 262c6bdf-744d-40a9-a457-ecc24b8fb57a: 33 chunks; 0.8 s; peak memory 1124 MiB.
2026-10-03T06:30:33Z INFO [28/500] 262da599-055f-467e-bbc6-a7597c56f7ad: 117 chunks; 1.2 s; peak memory 1124 MiB.
2026-10-03T06:30:35Z INFO [29/500] 262e3b5e-88d8-41f1-8c3d-823ce1701eda: 158 chunks; 1.6 s; peak memory 1124 MiB.
2026-10-03T06:30:44Z INFO [30/500] 262e518e-66f2-4d49-85f4-dfb3d11358a9: 20583 chunks; 9.2 s; peak memory 1124 MiB.
2026-10-03T06:30:45Z INFO [31/500] 262ec6cf-b72c-4298-8455-a9b4576abc4f: 48 chunks; 0.9 s; peak memory 1124 MiB.
2026-10-03T06:30:46Z INFO [32/500] 262ede7b-cb30-4775-8f55-01420141c116: 70 chunks; 1.3 s; peak memory 1124 MiB.
2026-10-03T06:30:48Z INFO [33/500] 262f83a3-cbbc-4ad3-a5b4-17617e0ed927: 112 chunks; 1.5 s; peak memory 1124 MiB.
2026-10-03T06:30:49Z INFO [34/500] 26302064-b270-47c6-9e2f-8612fe9a3e6f: 77 chunks; 1.0 s; peak memory 1124 MiB.
2026-10-03T06:30:50Z INFO [35/500] 26305ba2-da77-41cb-911a-2b8a30bfbdfc: 52 chunks; 1.1 s; peak memory 1124 MiB.
2026-10-03T06:30:51Z INFO [36/500] 2631872d-7c28-4060-b8a9-a8ed33dd8b4d: 48 chunks; 1.0 s; peak memory 1124 MiB.
2026-10-03T06:30:55Z INFO [37/500] 263199cf-ef32-464f-9f64-b48ed5e51637: 3074 chunks; 4.1 s; peak memory 1124 MiB.
2026-10-03T06:30:58Z INFO [38/500] 2631a542-f865-48a5-b39e-beb7dc14ea5b: 114 chunks; 2.4 s; peak memory 1124 MiB.
2026-10-03T06:30:58Z INFO [39/500] 2631c660-7e5b-4bbd-8c6a-97941cb60c6c: 46 chunks; 0.8 s; peak memory 1124 MiB.
2026-10-03T06:31:00Z INFO [40/500] 26329a0d-abf5-4725-890e-14e43743b26a: 158 chunks; 1.2 s; peak memory 1124 MiB.
2026-10-03T06:31:01Z INFO [41/500] 26330167-5223-4797-b1a2-f97922ed1031: 50 chunks; 0.9 s; peak memory 1124 MiB.
2026-10-03T06:31:10Z INFO [42/500] 263387de-a8d0-4f94-b459-a1f3374195c9: 8199 chunks; 10.0 s; peak memory 1124 MiB.
2026-10-03T06:31:12Z INFO [43/500] 2633bd6a-b95d-43f8-bab7-2014aad8609d: 54 chunks; 1.3 s; peak memory 1124 MiB.
2026-10-03T06:31:13Z INFO [44/500] 26347cc6-44bc-43af-b87b-d76f8bdc47e5: 41 chunks; 0.9 s; peak memory 1124 MiB.
2026-10-03T06:31:16Z INFO [45/500] 26348fb4-0236-45b5-baa8-be1625595c00: 5962 chunks; 3.8 s; peak memory 1124 MiB.
2026-10-03T06:31:17Z INFO [46/500] 26350910-afc7-4771-bc1b-a7ce35323686: 54 chunks; 0.8 s; peak memory 1124 MiB.
2026-10-03T06:31:18Z INFO [47/500] 2636b045-b896-4965-a67b-be7488f0b392: 57 chunks; 0.8 s; peak memory 1124 MiB.
2026-10-03T06:31:19Z INFO [48/500] 2636e166-4d04-4e10-b4f8-5a5ec157e1c2: 48 chunks; 1.0 s; peak memory 1124 MiB.
2026-10-03T06:31:20Z INFO [49/500] 2637093a-8231-431d-94f0-78fc7f3dc416: 48 chunks; 1.0 s; peak memory 1124 MiB.
2026-10-03T06:31:24Z INFO [50/500] 263796c8-68e5-4118-9017-526877806448: 111 chunks; 3.6 s; peak memory 1124 MiB.
2026-10-03T06:31:24Z INFO [50/500] 263796c8-68e5-4118-9017-526877806448: checkpointed 65384 records.
2026-10-03T06:31:25Z INFO [51/500] 2637e2cf-d6a1-4357-b347-45ac2e2be242: 45 chunks; 0.8 s; peak memory 1124 MiB.
2026-10-03T06:31:26Z INFO [52/500] 263867fd-5164-488f-ab63-b271d2537f31: 40 chunks; 1.1 s; peak memory 1124 MiB.
2026-10-03T06:31:27Z INFO [53/500] 2638bcb4-cdc3-403c-99ac-d80827b5fd36: 112 chunks; 1.1 s; peak memory 1124 MiB.
2026-10-03T06:31:32Z INFO [54/500] 26394168-411c-4d5a-bb87-b2528e65ec29: 246 chunks; 5.3 s; peak memory 1124 MiB.
2026-10-03T06:31:33Z INFO [55/500] 26398402-5ca0-4b6d-8a17-eaf1d115fcb2: 33 chunks; 0.7 s; peak memory 1124 MiB.
2026-10-03T06:31:35Z INFO [56/500] 2639a65a-43cf-4aa9-a49b-e953e9cbd274: 71 chunks; 2.0 s; peak memory 1124 MiB.
2026-10-03T06:33:37Z INFO [57/500] 263a58ba-4d2a-47be-b94b-042b647691f4: 38687 chunks; 122.4 s; peak memory 1124 MiB.
2026-10-03T06:33:38Z INFO [58/500] 263a7aba-6672-48a7-be55-ce97c50c98d1: 48 chunks; 1.2 s; peak memory 1124 MiB.
2026-10-03T06:33:45Z INFO [59/500] 263ab16f-4a8b-428b-b557-e03daaaffca5: 2138 chunks; 6.5 s; peak memory 1124 MiB.
2026-10-03T06:33:46Z INFO [60/500] 263ac3e8-de5a-4996-bd0a-7fae5065a701: 48 chunks; 1.0 s; peak memory 1124 MiB.
2026-10-03T06:33:47Z INFO [61/500] 263bbccf-edca-4607-a787-dc85e6c58594: 78 chunks; 1.0 s; peak memory 1124 MiB.
2026-10-03T06:33:48Z INFO [62/500] 263bf562-a416-4a24-9231-b33f7a029c72: 275 chunks; 1.5 s; peak memory 1124 MiB.
2026-10-03T06:33:52Z INFO [63/500] 263c01db-fd37-4a7b-9668-a3e66876b64d: 184 chunks; 3.4 s; peak memory 1124 MiB.
2026-10-03T06:34:11Z INFO [64/500] 263c0f6f-48f2-4ffa-9ff3-526179edf325: 6577 chunks; 19.8 s; peak memory 1124 MiB.
2026-10-03T06:34:13Z INFO [65/500] 263c6543-4021-4d24-951d-d6cfd71ffde1: 204 chunks; 1.3 s; peak memory 1124 MiB.
2026-10-03T06:34:14Z INFO [66/500] 263cc93f-e890-404f-bbb1-82ae5fc5db5f: 117 chunks; 1.2 s; peak memory 1124 MiB.
2026-10-03T06:34:15Z INFO [67/500] 263dd990-db14-48b7-87b1-d95cbf39c19f: 117 chunks; 1.3 s; peak memory 1124 MiB.
2026-10-03T06:34:16Z INFO [68/500] 263e5e2b-73fc-411e-8f6a-ffcf4ca68646: 117 chunks; 1.1 s; peak memory 1124 MiB.
2026-10-03T06:34:19Z INFO [69/500] 263f09ae-50b0-4cc1-bc9a-f6ad2aa82f24: 156 chunks; 2.8 s; peak memory 1124 MiB.
2026-10-03T06:34:20Z INFO [70/500] 263fc4ee-0671-40d9-87f0-9ebddaed28f3: 52 chunks; 1.2 s; peak memory 1124 MiB.
2026-10-03T06:34:21Z INFO [71/500] 263ff395-b256-48de-b30f-39caaa690359: 116 chunks; 1.2 s; peak memory 1124 MiB.
2026-10-03T06:34:22Z INFO [72/500] 264074e6-d0f0-4472-a95a-ca73c4d0396e: 46 chunks; 0.8 s; peak memory 1124 MiB.
2026-10-03T06:34:23Z INFO [73/500] 2640b4f1-6611-4282-9983-8a27ad2bbdc3: 48 chunks; 1.0 s; peak memory 1124 MiB.
2026-10-03T06:34:24Z INFO [74/500] 264187eb-877d-43be-809e-d8452cdda197: 118 chunks; 1.1 s; peak memory 1124 MiB.
2026-10-03T06:34:25Z INFO [75/500] 26429e2f-abd2-47b3-8070-43281e4d59e7: 128 chunks; 1.1 s; peak memory 1124 MiB.
2026-10-03T06:34:26Z INFO [76/500] 26460dff-7839-4cf2-8d2a-616cbb890c03: 67 chunks; 1.1 s; peak memory 1124 MiB.
2026-10-03T06:34:28Z INFO [77/500] 26468e82-8998-4db1-8fa1-d2ea5f125daa: 89 chunks; 1.2 s; peak memory 1124 MiB.
2026-10-03T06:34:35Z INFO [78/500] 2646b019-7395-4912-ae50-63cceef78daa: 21473 chunks; 7.6 s; peak memory 1124 MiB.
2026-10-03T06:34:36Z INFO [79/500] 2646cbb8-0228-44f9-8d19-9dbd8b21512c: 112 chunks; 1.3 s; peak memory 1124 MiB.
2026-10-03T06:34:37Z INFO [80/500] 26475615-3e93-4ca9-9559-2ad46a416b49: 52 chunks; 0.8 s; peak memory 1124 MiB.
2026-10-03T06:34:38Z INFO [81/500] 2647a143-b15b-4209-99d4-6f527aafeed0: 45 chunks; 0.7 s; peak memory 1124 MiB.
2026-10-03T06:34:39Z INFO [82/500] 2648f969-f951-4eb9-95dd-79881e712144: 48 chunks; 0.9 s; peak memory 1124 MiB.
2026-10-03T06:34:48Z INFO [83/500] 26495aad-a58d-46e8-ab64-4d3d1012878e: 7428 chunks; 9.3 s; peak memory 1124 MiB.
2026-10-03T06:34:49Z INFO [84/500] 26497497-d762-4437-9740-284bf8098815: 117 chunks; 1.0 s; peak memory 1124 MiB.
2026-10-03T06:35:39Z INFO [85/500] 264b774a-4c55-41a9-8ed4-cb2d793c6562: 25394 chunks; 50.1 s; peak memory 1124 MiB.
2026-10-03T06:35:41Z INFO [86/500] 264ca39e-e403-45b2-bc55-e3eeedadee66: 48 chunks; 1.1 s; peak memory 1124 MiB.
2026-10-03T06:35:42Z INFO [87/500] 264e7acc-6407-41cf-9826-b535f970fad6: 71 chunks; 1.7 s; peak memory 1124 MiB.
2026-10-03T06:35:43Z INFO [88/500] 264ea263-ebd0-4eff-81a5-844a7f4f9bde: 84 chunks; 1.2 s; peak memory 1124 MiB.
2026-10-03T06:35:44Z INFO [89/500] 264eaf54-e6e4-44bd-bfe7-a3bf79b23bab: 67 chunks; 1.0 s; peak memory 1124 MiB.
2026-10-03T06:35:45Z INFO [90/500] 264f44c8-15a9-49e5-9397-c703feeda4ed: 112 chunks; 1.1 s; peak memory 1124 MiB.
2026-10-03T06:35:47Z INFO [91/500] 264fb67c-1fe9-4553-94e0-db5f2833f66d: 46 chunks; 1.1 s; peak memory 1124 MiB.
2026-10-03T06:35:48Z INFO [92/500] 2650a698-2428-4b23-801e-3bac32c31b68: 48 chunks; 1.1 s; peak memory 1124 MiB.
2026-10-03T06:35:48Z INFO [93/500] 26516a17-6098-4523-a427-533dd0cb2f1e: 46 chunks; 0.8 s; peak memory 1124 MiB.
2026-10-03T06:35:50Z INFO [94/500] 2651dd54-3ac4-4493-9861-f4467e72061f: 557 chunks; 1.4 s; peak memory 1124 MiB.
2026-10-03T06:35:51Z INFO [95/500] 2651f830-cd83-412d-b45b-b7ebfd708050: 117 chunks; 1.1 s; peak memory 1124 MiB.
2026-10-03T06:35:52Z INFO [96/500] 26520f56-ae6d-4fff-9353-859af607772c: 112 chunks; 1.5 s; peak memory 1124 MiB.
2026-10-03T06:35:53Z INFO [97/500] 26538828-2082-4d16-831f-09a826e9504e: 48 chunks; 0.9 s; peak memory 1124 MiB.
2026-10-03T06:35:55Z INFO [98/500] 2653a22f-ea82-46be-a1f8-0cdeef7d6655: 937 chunks; 1.9 s; peak memory 1124 MiB.
2026-10-03T06:35:56Z INFO [99/500] 26546c92-b1bc-4b2c-97ed-7e1963da095b: 41 chunks; 1.0 s; peak memory 1124 MiB.
2026-10-03T06:35:57Z INFO [100/500] 26549838-f57e-4daf-9c28-29b919c6a20c: 84 chunks; 1.0 s; peak memory 1124 MiB.
2026-10-03T06:35:57Z INFO [100/500] 26549838-f57e-4daf-9c28-29b919c6a20c: checkpointed 65434 records.
2026-10-03T06:35:59Z INFO [101/500] 2654a2b0-a898-4324-9aeb-91390f431e97: 117 chunks; 1.2 s; peak memory 1124 MiB.
2026-10-03T06:35:59Z INFO [102/500] 2654a702-b924-4c21-8027-c26c88e94d7b: 41 chunks; 0.9 s; peak memory 1124 MiB.
2026-10-03T06:36:01Z INFO [103/500] 26555218-df60-4ee0-950f-d93a48e40fa4: 49 chunks; 1.4 s; peak memory 1124 MiB.
2026-10-03T06:36:02Z INFO [104/500] 26555d55-8088-4776-99fd-1d02d9bcdcf0: 69 chunks; 1.5 s; peak memory 1124 MiB.
2026-10-03T06:36:03Z INFO [105/500] 2655883b-7dc4-4124-8981-be9fcb55062f: 117 chunks; 1.1 s; peak memory 1124 MiB.
2026-10-03T06:36:04Z INFO [106/500] 26558f9a-d871-4a7a-8c70-5d43f1d20c95: 112 chunks; 1.0 s; peak memory 1124 MiB.
2026-10-03T06:36:05Z INFO [107/500] 2656ef9f-5e48-426a-a53f-2b5704e582f0: 48 chunks; 1.0 s; peak memory 1124 MiB.
2026-10-03T06:36:07Z INFO [108/500] 2656f86f-0833-4518-a224-b9ff6bbfef4a: 289 chunks; 1.4 s; peak memory 1124 MiB.
2026-10-03T06:36:08Z INFO [109/500] 265709ad-ce6f-4a3e-aced-75c5fe160196: 48 chunks; 1.1 s; peak memory 1124 MiB.
2026-10-03T06:36:09Z INFO [110/500] 26578c03-4052-486d-ac06-02fb2deb9815: 48 chunks; 1.0 s; peak memory 1124 MiB.
2026-10-03T06:36:10Z INFO [111/500] 2657a4fe-ba4d-42b8-bd93-d6e8f56ade42: 52 chunks; 1.1 s; peak memory 1124 MiB.
2026-10-03T06:36:11Z INFO [112/500] 2657d4d9-638c-4e62-938d-108336a62522: 48 chunks; 0.9 s; peak memory 1124 MiB.
2026-10-03T06:36:19Z INFO [113/500] 26590e1b-856a-49db-90be-dfdca769b745: 9244 chunks; 8.5 s; peak memory 1124 MiB.
2026-10-03T06:36:21Z INFO [114/500] 265942c5-2a8c-46cd-b530-cbf8545bb6dd: 117 chunks; 1.2 s; peak memory 1124 MiB.
2026-10-03T06:36:23Z INFO [115/500] 26597e29-a82b-4bfd-9b04-ae83d2377650: 71 chunks; 2.0 s; peak memory 1124 MiB.
2026-10-03T06:37:06Z INFO [116/500] 265aea1a-9d65-4bef-8749-c43eafd9de6d: 22066 chunks; 43.5 s; peak memory 1124 MiB.
2026-10-03T06:37:07Z INFO [117/500] 265b6813-6a45-4f5c-8b13-ea128f734d92: 112 chunks; 1.3 s; peak memory 1124 MiB.
2026-10-03T06:37:08Z INFO [118/500] 265d3215-a699-49a7-9a0f-4fadfefc560b: 37 chunks; 0.7 s; peak memory 1124 MiB.
2026-10-03T06:37:10Z INFO [119/500] 265e6c72-281a-47a6-84d5-5f9a8f2e013e: 71 chunks; 2.2 s; peak memory 1124 MiB.
2026-10-03T06:37:12Z INFO [120/500] 265e7285-4798-41f5-bcf6-e8d84623a309: 121 chunks; 1.2 s; peak memory 1124 MiB.
2026-10-03T06:37:12Z INFO [121/500] 265ebfe5-31c3-4f01-a70a-ef9bbd06c9e4: 46 chunks; 0.8 s; peak memory 1124 MiB.
2026-10-03T06:37:23Z INFO [122/500] 2660eca1-1fa5-4a9f-8b99-c9d7f1f3d7c1: 477 chunks; 10.5 s; peak memory 1124 MiB.
2026-10-03T06:37:24Z INFO [123/500] 2660ecde-8c67-4589-970c-d719129c38df: 117 chunks; 1.1 s; peak memory 1124 MiB.
2026-10-03T06:37:32Z INFO [124/500] 2660ecfc-a2e0-413d-929b-dc6534d65bb2: 1149 chunks; 8.2 s; peak memory 1124 MiB.
2026-10-03T06:37:33Z INFO [125/500] 266136a6-2b5e-404f-8279-8ce31f17ccff: 56 chunks; 0.8 s; peak memory 1124 MiB.
2026-10-03T06:38:19Z INFO [126/500] 266176af-1338-434a-b04f-e52d8bd02d94: 9206 chunks; 46.3 s; peak memory 1124 MiB.
2026-10-03T06:38:24Z INFO [127/500] 2661eaba-9537-49da-9b69-5de841eba466: 548 chunks; 4.4 s; peak memory 1124 MiB.
2026-10-03T06:38:24Z INFO [128/500] 2662515b-3a7f-484a-8836-64af3cea937f: 50 chunks; 0.8 s; peak memory 1124 MiB.
2026-10-03T06:38:25Z INFO [129/500] 2662d7f3-76a1-42d1-98b5-d327e7c3283f: 46 chunks; 0.7 s; peak memory 1124 MiB.
2026-10-03T06:38:26Z INFO [130/500] 26636a09-f9dc-4193-af03-cb098cc7451e: 116 chunks; 1.0 s; peak memory 1124 MiB.
2026-10-03T06:38:33Z INFO [131/500] 26666a5a-92e7-4006-a785-4a0b8c93caef: 1835 chunks; 6.9 s; peak memory 1124 MiB.
2026-10-03T06:38:35Z INFO [132/500] 26668177-924d-4dc2-9af7-d03f053818bb: 937 chunks; 1.7 s; peak memory 1124 MiB.
2026-10-03T06:38:36Z INFO [133/500] 2666d1c2-eaba-4d99-9cf5-730423b9e0d5: 69 chunks; 1.3 s; peak memory 1124 MiB.
2026-10-03T06:38:38Z INFO [134/500] 266775e3-1d0e-401c-8c3a-f49e74b293a9: 71 chunks; 1.8 s; peak memory 1124 MiB.
2026-10-03T06:38:43Z INFO [135/500] 266874b3-29bd-4c9a-b6a8-373ce716167b: 4068 chunks; 5.5 s; peak memory 1124 MiB.
2026-10-03T06:38:45Z INFO [136/500] 2668a5cb-eb49-4f60-bb3d-f1c06eab8381: 66 chunks; 1.3 s; peak memory 1124 MiB.
2026-10-03T06:38:46Z INFO [137/500] 2669a8cf-3e20-469c-b4df-bb8398545d06: 109 chunks; 1.0 s; peak memory 1124 MiB.
2026-10-03T06:38:47Z INFO [138/500] 2669caf1-9be6-4e9b-ab70-d31c1ec0e261: 117 chunks; 1.1 s; peak memory 1124 MiB.
2026-10-03T06:38:52Z INFO [139/500] 2669e98a-9e93-43e5-b289-7ccdc239b0a4: 222 chunks; 4.8 s; peak memory 1124 MiB.
2026-10-03T06:38:53Z INFO [140/500] 266a289a-f263-49d8-807a-3a7f50e5c633: 65 chunks; 1.0 s; peak memory 1124 MiB.
2026-10-03T06:38:53Z INFO [141/500] 266a5b0d-fd97-4c66-87dc-56b71d13c599: 46 chunks; 0.7 s; peak memory 1124 MiB.
2026-10-03T06:38:54Z INFO [142/500] 266c7463-4af0-400f-bf60-cc74c2186210: 116 chunks; 1.1 s; peak memory 1124 MiB.
2026-10-03T06:38:56Z INFO [143/500] 266c980d-96ca-41cb-a150-869a708e411d: 66 chunks; 1.4 s; peak memory 1124 MiB.
2026-10-03T06:38:57Z INFO [144/500] 266cd3a8-d3b5-4cb7-8d4f-1fa75280fc8b: 116 chunks; 1.1 s; peak memory 1124 MiB.
2026-10-03T06:38:59Z INFO [145/500] 266d093e-7c79-4217-9bbd-e9ec8568672f: 186 chunks; 2.5 s; peak memory 1124 MiB.
2026-10-03T06:39:00Z INFO [146/500] 266d34d7-38fb-4990-87fa-eb2b37c6aad7: 33 chunks; 0.7 s; peak memory 1124 MiB.
2026-10-03T06:39:01Z INFO [147/500] 266e0118-c839-4502-908d-b23f07b89f40: 48 chunks; 1.0 s; peak memory 1124 MiB.
2026-10-03T06:39:02Z INFO [148/500] 266eddf6-f519-4aaf-8abf-031090532c81: 112 chunks; 1.3 s; peak memory 1124 MiB.
2026-10-03T06:39:03Z INFO [149/500] 266f6efc-1f33-4c5e-8a94-46d412b0194e: 48 chunks; 0.9 s; peak memory 1124 MiB.
2026-10-03T06:39:05Z INFO [150/500] 26715337-0e07-4b7d-ae0c-14c2fb193d38: 112 chunks; 1.4 s; peak memory 1124 MiB.
2026-10-03T06:39:05Z INFO [150/500] 26715337-0e07-4b7d-ae0c-14c2fb193d38: checkpointed 65484 records.
2026-10-03T06:39:06Z INFO [151/500] 2671778d-1a80-4e4e-96ec-5bb6784bb520: 52 chunks; 0.8 s; peak memory 1124 MiB.
2026-10-03T06:39:07Z INFO [152/500] 2671fc06-c69a-4a61-aedd-4ce20d70e1df: 48 chunks; 1.0 s; peak memory 1124 MiB.
2026-10-03T06:39:09Z INFO [153/500] 2672fb4f-ace8-40d3-b7a6-9a4c2e6c5c65: 90 chunks; 2.3 s; peak memory 1124 MiB.
2026-10-03T06:39:11Z INFO [154/500] 267366ee-e279-4848-81ff-168788772a1e: 850 chunks; 2.2 s; peak memory 1124 MiB.
2026-10-03T06:39:12Z INFO [155/500] 2673a832-25a2-485d-8644-2e8ca11388df: 45 chunks; 1.1 s; peak memory 1124 MiB.
2026-10-03T06:39:13Z INFO [156/500] 267420a5-afbf-40cd-94ec-08a4e2151bc8: 48 chunks; 1.0 s; peak memory 1124 MiB.
2026-10-03T06:39:14Z INFO [157/500] 26752c8d-0541-4bff-89d1-d562b9576b4f: 47 chunks; 0.8 s; peak memory 1124 MiB.
2026-10-03T06:39:15Z INFO [158/500] 26757960-083d-47a3-96c8-7b23a42ac74f: 117 chunks; 1.2 s; peak memory 1124 MiB.
2026-10-03T06:39:16Z INFO [159/500] 26760966-5d3a-4bc3-a75c-0fab736db2c4: 78 chunks; 1.0 s; peak memory 1124 MiB.
2026-10-03T06:39:17Z INFO [160/500] 26777d68-d26c-40a5-b07d-3a8a752ede75: 48 chunks; 1.0 s; peak memory 1124 MiB.
2026-10-03T06:39:18Z INFO [161/500] 2677a2cb-51ad-4018-a5b9-d077cecd059d: 45 chunks; 0.7 s; peak memory 1124 MiB.
2026-10-03T06:39:35Z INFO [162/500] 2678cfe3-10f1-4c7b-8e45-86896657c0d9: 42963 chunks; 17.6 s; peak memory 1124 MiB.
2026-10-03T06:39:37Z INFO [163/500] 2679ef10-e668-42b2-a6ef-02d1a045e46b: 119 chunks; 2.0 s; peak memory 1124 MiB.
2026-10-03T06:39:39Z INFO [164/500] 267a22e2-d6de-41bd-aa02-869ce736ee60: 53 chunks; 1.6 s; peak memory 1124 MiB.
2026-10-03T06:39:40Z INFO [165/500] 267ab4e9-d8c6-4dd5-9fe8-89a04e5762e4: 46 chunks; 0.8 s; peak memory 1124 MiB.
2026-10-03T06:39:51Z INFO [166/500] 267b4b2e-e9f1-441c-b3a6-b8097ffe33c2: 1533 chunks; 11.2 s; peak memory 1124 MiB.
2026-10-03T06:40:01Z INFO [167/500] 267dd2b2-8fda-4ddf-be45-6da3061acb3a: 12435 chunks; 10.2 s; peak memory 1124 MiB.
2026-10-03T06:40:03Z INFO [168/500] 26805507-9228-436d-a3c8-6ca6b0cc25cc: 256 chunks; 1.4 s; peak memory 1124 MiB.
2026-10-03T06:40:04Z INFO [169/500] 2680bd8d-7b60-4f18-92a8-076d59b9ee2c: 118 chunks; 1.2 s; peak memory 1124 MiB.
2026-10-03T06:40:05Z INFO [170/500] 2680f524-6002-4ad6-8961-4280a7968414: 48 chunks; 1.0 s; peak memory 1124 MiB.
2026-10-03T06:40:06Z INFO [171/500] 2681dc4b-a7a1-4f83-839d-75a823cca4da: 43 chunks; 0.8 s; peak memory 1124 MiB.
2026-10-03T06:40:08Z INFO [172/500] 26833236-76be-468a-bbec-e9bbda34786d: 186 chunks; 2.4 s; peak memory 1124 MiB.
2026-10-03T06:40:10Z INFO [173/500] 26834446-4501-41d5-baf6-dde1183683c5: 123 chunks; 2.4 s; peak memory 1124 MiB.
2026-10-03T06:40:11Z INFO [174/500] 268358e9-d857-40f0-82ba-834156b8c768: 175 chunks; 1.0 s; peak memory 1124 MiB.
2026-10-03T06:40:27Z INFO [175/500] 26843001-b70d-415d-a9b5-54c28fc6825b: 8232 chunks; 15.8 s; peak memory 1124 MiB.
2026-10-03T06:40:29Z INFO [176/500] 2686376e-51eb-471b-8dfe-d015d12d8a55: 83 chunks; 1.3 s; peak memory 1124 MiB.
2026-10-03T06:40:30Z INFO [177/500] 268692fb-692c-499e-8dec-6733625eeebb: 118 chunks; 1.1 s; peak memory 1124 MiB.
2026-10-03T06:40:31Z INFO [178/500] 26871a64-4e58-490a-a029-f880a899d02c: 112 chunks; 1.2 s; peak memory 1124 MiB.
2026-10-03T06:40:32Z INFO [179/500] 26880a53-c730-4e17-8359-9389557101fb: 59 chunks; 0.9 s; peak memory 1124 MiB.
2026-10-03T06:40:33Z INFO [180/500] 268900a0-d6e1-442d-993f-0ff1b6ebdc57: 48 chunks; 1.0 s; peak memory 1124 MiB.
2026-10-03T06:40:34Z INFO [181/500] 268a9330-549e-43d9-a0be-c8429c7f08aa: 69 chunks; 1.3 s; peak memory 1124 MiB.
2026-10-03T06:40:35Z INFO [182/500] 268b2188-6f17-405f-8b6d-444288b5f4e0: 48 chunks; 1.0 s; peak memory 1124 MiB.
2026-10-03T06:40:38Z INFO [183/500] 268b52f9-176e-4207-97e4-b1159b896a7c: 760 chunks; 3.2 s; peak memory 1124 MiB.
2026-10-03T06:40:39Z INFO [184/500] 268c3002-589d-4230-b4ed-0567592303e4: 48 chunks; 1.0 s; peak memory 1124 MiB.
2026-10-03T06:40:40Z INFO [185/500] 268c615d-c81c-435a-a89e-83d1824acc34: 21 chunks; 0.7 s; peak memory 1124 MiB.
2026-10-03T06:40:41Z INFO [186/500] 268c74e5-5b46-4540-bed6-dc9b9da817c3: 46 chunks; 0.7 s; peak memory 1124 MiB.
2026-10-03T06:40:42Z INFO [187/500] 268cff39-31b1-4ec0-ae5a-cc151b08b83f: 70 chunks; 1.1 s; peak memory 1124 MiB.
2026-10-03T06:40:43Z INFO [188/500] 268d5597-a718-466a-bb80-2128604fccfb: 84 chunks; 1.2 s; peak memory 1124 MiB.
2026-10-03T06:40:44Z INFO [189/500] 268df1a0-b5e7-4a72-a0e5-0d53ec8466c4: 48 chunks; 1.1 s; peak memory 1124 MiB.
2026-10-03T06:40:45Z INFO [190/500] 268e53ae-8c1d-4a82-bf5a-4750f7b57fce: 48 chunks; 1.1 s; peak memory 1124 MiB.
2026-10-03T06:40:46Z INFO [191/500] 268ea38e-9c23-4bb6-8b22-ac184dcafe99: 48 chunks; 1.0 s; peak memory 1124 MiB.
2026-10-03T06:40:47Z INFO [192/500] 268eceef-3093-4043-8cdf-a29cddc97654: 33 chunks; 1.0 s; peak memory 1124 MiB.
2026-10-03T06:40:48Z INFO [193/500] 268f8651-4f9b-427f-ba27-c881ccd67c84: 48 chunks; 1.0 s; peak memory 1124 MiB.
2026-10-03T06:40:49Z INFO [194/500] 269032fe-f8e2-47ff-aa7f-15c8843ed3d1: 56 chunks; 0.8 s; peak memory 1124 MiB.
2026-10-03T06:40:50Z INFO [195/500] 2690a231-7a25-4f2c-b811-854b0e842875: 117 chunks; 1.1 s; peak memory 1124 MiB.
2026-10-03T06:40:51Z INFO [196/500] 26911e5c-ada8-4298-adaa-3409916c8fdc: 48 chunks; 0.9 s; peak memory 1124 MiB.
2026-10-03T06:40:53Z INFO [197/500] 26921aa9-8db9-4a16-b392-e373e6dda785: 71 chunks; 2.0 s; peak memory 1124 MiB.
2026-10-03T06:40:54Z INFO [198/500] 2692e65f-4d66-433f-9834-1e1bf4bdc476: 52 chunks; 1.1 s; peak memory 1124 MiB.
2026-10-03T06:40:55Z INFO [199/500] 269302ca-7f08-4beb-a827-1908c4d778ad: 117 chunks; 1.2 s; peak memory 1124 MiB.
2026-10-03T06:40:56Z INFO [200/500] 26938d04-55b6-44d1-b856-8dfefd9b6308: 48 chunks; 1.0 s; peak memory 1124 MiB.
2026-10-03T06:40:56Z INFO [200/500] 26938d04-55b6-44d1-b856-8dfefd9b6308: checkpointed 65534 records.
2026-10-03T06:40:58Z INFO [201/500] 2693b6ed-4d8b-4a90-9a46-5f7af7c012ef: 71 chunks; 1.5 s; peak memory 1124 MiB.
2026-10-03T06:40:59Z INFO [202/500] 2693ce61-705a-47c2-8388-bfaf069022e4: 48 chunks; 1.0 s; peak memory 1124 MiB.
2026-10-03T06:41:00Z INFO [203/500] 2693dee4-41c0-43af-bb4d-8dcd2e4e7324: 48 chunks; 1.1 s; peak memory 1124 MiB.
2026-10-03T06:41:01Z INFO [204/500] 2693e747-282f-4829-9b07-a9e79041bd15: 48 chunks; 1.0 s; peak memory 1124 MiB.
2026-10-03T06:41:02Z INFO [205/500] 26955431-ad66-4eb7-bf22-4b0e6f8520db: 48 chunks; 1.0 s; peak memory 1124 MiB.
2026-10-03T06:41:03Z INFO [206/500] 2695ad17-e58d-4c38-81b3-7049c8cf07df: 112 chunks; 1.3 s; peak memory 1124 MiB.
2026-10-03T06:41:05Z INFO [207/500] 2695ad60-31a2-41b7-9189-378b47018147: 110 chunks; 1.5 s; peak memory 1124 MiB.
2026-10-03T06:41:06Z INFO [208/500] 26964d75-c438-4391-ae0c-d83571213555: 48 chunks; 1.0 s; peak memory 1124 MiB.
2026-10-03T06:41:24Z INFO [209/500] 26965b51-5ca3-4701-98aa-55098630ae11: 5611 chunks; 18.0 s; peak memory 1124 MiB.
2026-10-03T06:41:25Z INFO [210/500] 26968ddc-7ef0-4047-b329-6a6cb9e7fb23: 52 chunks; 1.2 s; peak memory 1124 MiB.
2026-10-03T06:41:26Z INFO [211/500] 26969bca-997d-42d7-8d21-f4657ff3b474: 117 chunks; 1.2 s; peak memory 1124 MiB.
2026-10-03T06:41:28Z INFO [212/500] 2696c46b-b83a-4c5d-a430-2291126b4713: 66 chunks; 1.4 s; peak memory 1124 MiB.
2026-10-03T06:41:30Z INFO [213/500] 2697ebe2-269b-4bce-a94f-8b6ddca8e0a6: 156 chunks; 2.8 s; peak memory 1124 MiB.
2026-10-03T06:41:31Z INFO [214/500] 269831c4-e3da-494a-97f9-2ff8ca024488: 116 chunks; 1.1 s; peak memory 1124 MiB.
2026-10-03T06:41:32Z INFO [215/500] 269874a3-ff0c-42a1-bc13-a6ce31805c67: 48 chunks; 0.9 s; peak memory 1124 MiB.
2026-10-03T06:41:33Z INFO [216/500] 2698d65f-cd46-483e-b865-50c05d8a417e: 48 chunks; 1.0 s; peak memory 1124 MiB.
2026-10-03T06:41:34Z INFO [217/500] 2698def4-9af8-44bc-81f2-31d4f2346b05: 33 chunks; 0.7 s; peak memory 1124 MiB.
2026-10-03T06:41:35Z INFO [218/500] 269969da-2301-4f91-8c5b-2414cbf9a75e: 48 chunks; 1.1 s; peak memory 1124 MiB.
2026-10-03T06:41:36Z INFO [219/500] 269a8b1d-66c8-4112-a2bc-d77d8b25426e: 48 chunks; 1.1 s; peak memory 1124 MiB.
2026-10-03T06:41:37Z INFO [220/500] 269c3014-2ca5-4206-b24d-134c5c5bdc9a: 118 chunks; 1.2 s; peak memory 1124 MiB.
2026-10-03T06:41:38Z INFO [221/500] 269c53d4-9ffc-4941-aaeb-c3f9efd78f3d: 48 chunks; 1.0 s; peak memory 1124 MiB.
2026-10-03T06:41:40Z INFO [222/500] 269d5c19-c5a1-47a9-98b3-a415505530b0: 92 chunks; 1.1 s; peak memory 1124 MiB.
2026-10-03T06:41:41Z INFO [223/500] 269dddf8-eee4-4da1-a9b7-1945c7272912: 66 chunks; 1.4 s; peak memory 1124 MiB.
2026-10-03T06:41:42Z INFO [224/500] 269dfa1a-efc5-41eb-b8b9-390a308592e6: 48 chunks; 1.1 s; peak memory 1124 MiB.
2026-10-03T06:41:59Z INFO [225/500] 269e5623-478b-43d9-ab0f-06c79d2e716d: 60294 chunks; 16.8 s; peak memory 1124 MiB.
2026-10-03T06:42:00Z INFO [226/500] 269e8087-ff46-451a-bd88-2a2250949bca: 57 chunks; 0.8 s; peak memory 1124 MiB.
2026-10-03T06:42:01Z INFO [227/500] 26a0e73a-870e-4842-8d56-6c788abf690a: 65 chunks; 1.0 s; peak memory 1124 MiB.
2026-10-03T06:42:02Z INFO [228/500] 26a151a3-06f4-40f7-b194-67e5446ef2e1: 64 chunks; 1.0 s; peak memory 1124 MiB.
2026-10-03T06:42:03Z INFO [229/500] 26a16696-7a7f-4db4-8cbf-05a222eeeea1: 112 chunks; 1.4 s; peak memory 1124 MiB.
2026-10-03T06:42:04Z INFO [230/500] 26a29e67-4bd8-49b0-b4a3-8f2b5e99eb9b: 48 chunks; 1.0 s; peak memory 1124 MiB.
2026-10-03T06:42:05Z INFO [231/500] 26a2e358-99c4-4354-83ad-4c5b468968d9: 48 chunks; 1.0 s; peak memory 1124 MiB.
2026-10-03T06:42:07Z INFO [232/500] 26a36541-031d-459a-8f3b-16da45095eec: 71 chunks; 1.6 s; peak memory 1124 MiB.
2026-10-03T06:42:08Z INFO [233/500] 26a3a7a4-7ae2-41e2-88d8-aa92e8c37af4: 69 chunks; 0.9 s; peak memory 1124 MiB.
2026-10-03T06:42:09Z INFO [234/500] 26a3cc2b-1e7e-4602-9f9c-6073cb705ae5: 48 chunks; 1.0 s; peak memory 1124 MiB.
2026-10-03T06:42:10Z INFO [235/500] 26a40720-0b5c-4407-90c1-7220c688ca6b: 117 chunks; 1.2 s; peak memory 1124 MiB.
2026-10-03T06:42:11Z INFO [236/500] 26a40d36-39be-4c20-b970-d9c4e3e12dc9: 48 chunks; 1.0 s; peak memory 1124 MiB.
2026-10-03T06:42:20Z INFO [237/500] 26a4c26b-db71-44d9-8d80-08cd66a68911: 20583 chunks; 9.6 s; peak memory 1124 MiB.
2026-10-03T06:42:21Z INFO [238/500] 26a527b7-c169-4d4a-aee0-e0bfa45b97d9: 48 chunks; 1.0 s; peak memory 1124 MiB.
2026-10-03T06:42:23Z INFO [239/500] 26a5c97e-57e4-4b26-9b67-32d6a36764f6: 130 chunks; 2.0 s; peak memory 1124 MiB.
2026-10-03T06:42:33Z INFO [240/500] 26a60f00-1061-4263-b15e-921cc8ebddd3: 23115 chunks; 9.8 s; peak memory 1124 MiB.
2026-10-03T06:42:36Z INFO [241/500] 26a6318d-ecad-4543-b1ab-c23b08741807: 115 chunks; 2.4 s; peak memory 1124 MiB.
2026-10-03T06:42:37Z INFO [242/500] 26a6c9cb-ccf4-456f-bb66-bd6a312410af: 116 chunks; 1.1 s; peak memory 1124 MiB.
2026-10-03T06:42:38Z INFO [243/500] 26a6eb16-c0ec-4bbc-add8-d3ee94069d58: 64 chunks; 1.5 s; peak memory 1124 MiB.
2026-10-03T06:42:39Z INFO [244/500] 26a74652-f1e2-4ea6-a8ac-d4df9496f819: 84 chunks; 1.0 s; peak memory 1124 MiB.
2026-10-03T06:42:41Z INFO [245/500] 26a7aa5a-3b06-4dd7-8f48-b6bfda229651: 112 chunks; 1.5 s; peak memory 1124 MiB.
2026-10-03T06:42:42Z INFO [246/500] 26a7c26a-f836-418c-ad66-b5181d044282: 112 chunks; 1.3 s; peak memory 1124 MiB.
2026-10-03T06:42:43Z INFO [247/500] 26a8124a-d9e1-4487-9269-56d21f77107f: 48 chunks; 1.1 s; peak memory 1124 MiB.
2026-10-03T06:42:44Z INFO [248/500] 26a85cce-ecdf-40bd-9260-75efdec8471e: 117 chunks; 1.1 s; peak memory 1124 MiB.
2026-10-03T06:42:47Z INFO [249/500] 26a8c812-e28e-47b8-93ef-338234be966c: 156 chunks; 2.8 s; peak memory 1124 MiB.
2026-10-03T06:42:49Z INFO [250/500] 26aa0c1d-7f79-4ce7-bdc7-ff22a7aa3b30: 80 chunks; 2.1 s; peak memory 1124 MiB.
2026-10-03T06:42:49Z INFO [250/500] 26aa0c1d-7f79-4ce7-bdc7-ff22a7aa3b30: checkpointed 65584 records.
2026-10-03T06:42:51Z INFO [251/500] 26aa96bd-49c4-4879-99c7-66546c8734f1: 112 chunks; 1.3 s; peak memory 1124 MiB.
2026-10-03T06:42:52Z INFO [252/500] 26ab0cb8-8fba-4368-9eb1-42d8cb8b2e5d: 66 chunks; 1.0 s; peak memory 1124 MiB.
2026-10-03T06:42:53Z INFO [253/500] 26ab9684-f7ff-4533-9041-812641285613: 48 chunks; 1.0 s; peak memory 1124 MiB.
2026-10-03T06:42:54Z INFO [254/500] 26abbf3f-5a50-43bb-ba03-f3e6e65c2b6d: 48 chunks; 1.0 s; peak memory 1124 MiB.
2026-10-03T06:42:55Z INFO [255/500] 26ac185b-410b-42ed-857f-bceec68c21a4: 48 chunks; 0.9 s; peak memory 1124 MiB.
2026-10-03T06:42:56Z INFO [256/500] 26ac4ddf-01ae-4516-86e1-65b0ada3e3c4: 289 chunks; 1.4 s; peak memory 1124 MiB.
2026-10-03T06:43:01Z INFO [257/500] 26acb558-eabb-4850-a75e-701b308c7d44: 10722 chunks; 5.0 s; peak memory 1124 MiB.
2026-10-03T06:43:03Z INFO [258/500] 26ad4dab-96bf-4321-aa54-4800c26443e7: 112 chunks; 1.5 s; peak memory 1124 MiB.
2026-10-03T06:43:14Z INFO [259/500] 26ad88af-828e-43d0-b38c-2772971adafd: 8059 chunks; 11.7 s; peak memory 1124 MiB.
2026-10-03T06:43:15Z INFO [260/500] 26ad991b-7dac-4314-ad9c-c7cae5f21535: 46 chunks; 0.7 s; peak memory 1124 MiB.
2026-10-03T06:43:17Z INFO [261/500] 26ae24fe-097c-455a-a9f3-2c08249d6016: 112 chunks; 1.7 s; peak memory 1124 MiB.
2026-10-03T06:43:18Z INFO [262/500] 26aeb0cd-9a9c-4a30-bf91-dbdd6b8afb4d: 48 chunks; 1.0 s; peak memory 1124 MiB.
2026-10-03T06:43:19Z INFO [263/500] 26aecd1d-349a-4603-a9d3-5edefb70837a: 112 chunks; 1.3 s; peak memory 1124 MiB.
2026-10-03T06:43:21Z INFO [264/500] 26af1e3d-bc72-4d7b-acc7-b8900c863be8: 66 chunks; 2.0 s; peak memory 1124 MiB.
2026-10-03T06:43:22Z INFO [265/500] 26af58ba-ae4d-48ed-997c-f7dd6e271f97: 147 chunks; 0.9 s; peak memory 1124 MiB.
2026-10-03T06:43:30Z INFO [266/500] 26afcdfa-9080-4dd7-b775-bdeb5e2c157c: 11550 chunks; 7.9 s; peak memory 1124 MiB.
2026-10-03T06:43:34Z INFO [267/500] 26b08aa6-b35f-4f9c-8459-6744f146e463: 516 chunks; 4.2 s; peak memory 1124 MiB.
2026-10-03T06:43:36Z INFO [268/500] 26b14394-3d21-471e-8a20-9995f7809a41: 112 chunks; 1.7 s; peak memory 1124 MiB.
2026-10-03T06:43:37Z INFO [269/500] 26b1f1a2-35be-4ab2-b853-979cbf594072: 117 chunks; 1.2 s; peak memory 1124 MiB.
2026-10-03T06:43:41Z INFO [270/500] 26b22a98-5f2b-4532-9ac0-dd6b2ef2868b: 9532 chunks; 4.0 s; peak memory 1124 MiB.
2026-10-03T06:43:42Z INFO [271/500] 26b3e57a-96de-4fa9-8fa5-01dede6d7af0: 48 chunks; 1.0 s; peak memory 1124 MiB.
2026-10-03T06:43:43Z INFO [272/500] 26b55b92-5786-4315-b589-90737450ee79: 68 chunks; 1.1 s; peak memory 1124 MiB.
2026-10-03T06:43:46Z INFO [273/500] 26b5d12e-ab75-41c3-8b5a-c9c78dcfe82a: 2579 chunks; 3.3 s; peak memory 1124 MiB.
2026-10-03T06:43:47Z INFO [274/500] 26b5d833-38b6-4fab-b12a-23d24242e8d2: 35 chunks; 0.7 s; peak memory 1124 MiB.
2026-10-03T06:43:48Z INFO [275/500] 26b67247-eebd-43d4-83c2-f54c5f62bd84: 89 chunks; 1.1 s; peak memory 1124 MiB.
2026-10-03T06:43:57Z INFO [276/500] 26b740c5-7c28-40ec-9a01-d2006076caea: 430 chunks; 8.9 s; peak memory 1124 MiB.
2026-10-03T06:44:07Z INFO [277/500] 26b79b88-53f9-4da0-9c8e-3f38790c14a8: 2199 chunks; 9.9 s; peak memory 1124 MiB.
2026-10-03T06:44:08Z INFO [278/500] 26b88fde-e7be-4b3b-b7d7-e29a35d4dfe6: 117 chunks; 1.1 s; peak memory 1124 MiB.
2026-10-03T06:44:09Z INFO [279/500] 26b8afab-db19-4cd1-aa0f-9808893d5ce2: 48 chunks; 0.9 s; peak memory 1124 MiB.
2026-10-03T06:44:10Z INFO [280/500] 26b8d70e-2798-401e-9360-8d0d10dc7bcf: 116 chunks; 1.1 s; peak memory 1124 MiB.
2026-10-03T06:44:11Z INFO [281/500] 26ba0e39-c678-4589-b015-1b1cb5c003bd: 112 chunks; 1.3 s; peak memory 1124 MiB.
2026-10-03T06:44:12Z INFO [282/500] 26ba469f-3c9f-4dcf-8951-97acd5b7dc9c: 46 chunks; 0.7 s; peak memory 1124 MiB.
2026-10-03T06:44:13Z INFO [283/500] 26bac0b6-75ad-4b0b-83ca-c278ef4ddd2f: 48 chunks; 0.9 s; peak memory 1124 MiB.
2026-10-03T06:44:14Z INFO [284/500] 26bb858f-8d49-41d1-8f3b-24221de94c84: 48 chunks; 0.9 s; peak memory 1124 MiB.
2026-10-03T06:44:15Z INFO [285/500] 26bb970b-ea9b-4219-9e9d-be3622090bf0: 112 chunks; 1.2 s; peak memory 1124 MiB.
2026-10-03T06:44:16Z INFO [286/500] 26bba6b7-be7c-4956-805e-2cc959299f8b: 112 chunks; 1.3 s; peak memory 1124 MiB.
2026-10-03T06:44:18Z INFO [287/500] 26bbeeb7-bb76-400f-9901-6f53ab18a164: 112 chunks; 1.4 s; peak memory 1124 MiB.
2026-10-03T06:44:24Z INFO [288/500] 26bc362c-cc2c-4c32-8cc3-f7bb057cd73c: 231 chunks; 6.5 s; peak memory 1124 MiB.
2026-10-03T06:44:29Z INFO [289/500] 26bcff7e-ed36-429a-b0b6-be4a40a0124b: 13967 chunks; 5.3 s; peak memory 1124 MiB.
2026-10-03T06:44:30Z INFO [290/500] 26bd4d55-7aa8-4289-835f-30e8fabfdec2: 52 chunks; 1.1 s; peak memory 1124 MiB.
2026-10-03T06:44:32Z INFO [291/500] 26bd51c6-f07d-4d31-b834-da9e1fd07726: 60 chunks; 1.3 s; peak memory 1124 MiB.
2026-10-03T06:44:33Z INFO [292/500] 26bd7db0-a472-4c1b-a50a-91e82505281d: 230 chunks; 1.2 s; peak memory 1124 MiB.
2026-10-03T06:44:34Z INFO [293/500] 26be6843-5992-47c9-90b7-aa9fb8b96fb9: 116 chunks; 1.2 s; peak memory 1124 MiB.
2026-10-03T06:44:36Z INFO [294/500] 26bee78a-ea50-4a92-9447-532480bed89a: 74 chunks; 1.5 s; peak memory 1124 MiB.
2026-10-03T06:44:37Z INFO [295/500] 26bf861e-1291-4ee4-9db2-713b054bae81: 578 chunks; 1.7 s; peak memory 1124 MiB.
2026-10-03T06:44:38Z INFO [296/500] 26c1ff52-78cd-4366-aa69-386789bbcd5b: 119 chunks; 1.0 s; peak memory 1124 MiB.
2026-10-03T06:44:39Z INFO [297/500] 26c2e608-8a47-4e2f-b7ef-59655041c120: 48 chunks; 1.0 s; peak memory 1124 MiB.
2026-10-03T06:44:40Z INFO [298/500] 26c328ac-b1b0-430b-b5ff-fbff50e523e4: 92 chunks; 1.1 s; peak memory 1124 MiB.
2026-10-03T06:44:42Z INFO [299/500] 26c449b0-bfc3-495c-9c5a-3bd0a28658f3: 117 chunks; 1.1 s; peak memory 1124 MiB.
2026-10-03T06:44:43Z INFO [300/500] 26c46c9d-2442-476c-89cf-5c9b2a337ac3: 117 chunks; 1.1 s; peak memory 1124 MiB.
2026-10-03T06:44:43Z INFO [300/500] 26c46c9d-2442-476c-89cf-5c9b2a337ac3: checkpointed 65634 records.
2026-10-03T06:44:44Z INFO [301/500] 26c53ad6-ca18-4989-b91f-57aea1d94bf8: 48 chunks; 0.9 s; peak memory 1124 MiB.
2026-10-03T06:44:45Z INFO [302/500] 26c5b32e-ce4b-4b34-939c-b000527b88bd: 48 chunks; 1.0 s; peak memory 1124 MiB.
2026-10-03T06:44:46Z INFO [303/500] 26c5dc10-ba6d-4ac9-b2bb-0fd8fd6f7352: 48 chunks; 1.1 s; peak memory 1124 MiB.
2026-10-03T06:44:50Z INFO [304/500] 26c5dfae-5d03-4835-a1d4-67ed3612ef14: 125 chunks; 4.4 s; peak memory 1124 MiB.
2026-10-03T06:44:51Z INFO [305/500] 26c623f5-d398-423a-bc3a-f3c18172ed64: 68 chunks; 1.1 s; peak memory 1124 MiB.
2026-10-03T06:44:58Z INFO [306/500] 26c62d47-35d7-43ea-8791-bc5bb5edeeed: 20090 chunks; 7.0 s; peak memory 1124 MiB.
2026-10-03T06:44:59Z INFO [307/500] 26c6c46d-5ccd-406d-bc02-57ebd43627ab: 48 chunks; 1.0 s; peak memory 1124 MiB.
2026-10-03T06:46:56Z INFO [308/500] 26c6df2d-13ef-4169-8c6b-47d01ccb7072: 40651 chunks; 116.2 s; peak memory 1124 MiB.
2026-10-03T06:46:57Z INFO [309/500] 26c73bc0-6f8b-43ee-b385-5603c0a646c7: 117 chunks; 1.1 s; peak memory 1124 MiB.
2026-10-03T06:47:05Z INFO [310/500] 26c798a0-a414-4d2f-ab89-bc8e5fccf6a5: 11562 chunks; 8.8 s; peak memory 1124 MiB.
2026-10-03T06:47:06Z INFO [311/500] 26c82031-1638-45c9-a6c2-dd81feb11904: 57 chunks; 0.8 s; peak memory 1124 MiB.
2026-10-03T06:47:07Z INFO [312/500] 26c855f0-a98e-4ba4-b58c-4c0edb17f03f: 112 chunks; 1.1 s; peak memory 1124 MiB.
2026-10-03T06:47:09Z INFO [313/500] 26c87678-881c-4c62-a17d-ef86eb84c23d: 69 chunks; 1.2 s; peak memory 1124 MiB.
2026-10-03T06:47:10Z INFO [314/500] 26c8b7ca-aa3a-4020-93fb-1789b9fb4a89: 48 chunks; 1.1 s; peak memory 1124 MiB.
2026-10-03T06:47:11Z INFO [315/500] 26c92dc1-a8e0-437b-b7a3-db5cb616172d: 112 chunks; 1.5 s; peak memory 1124 MiB.
2026-10-03T06:47:13Z INFO [316/500] 26c94783-718e-4cc3-a1aa-1d71314a41e8: 293 chunks; 1.8 s; peak memory 1124 MiB.
2026-10-03T06:47:14Z INFO [317/500] 26c99b88-09df-4f9b-a170-2ccbea96b7ca: 112 chunks; 1.3 s; peak memory 1124 MiB.
2026-10-03T06:47:15Z INFO [318/500] 26ca0d48-2698-4baf-aab7-060469ea54f2: 48 chunks; 1.1 s; peak memory 1124 MiB.
2026-10-03T06:47:16Z INFO [319/500] 26ca95fd-0110-47bc-bc30-33ce30c7341c: 48 chunks; 0.9 s; peak memory 1124 MiB.
2026-10-03T06:47:22Z INFO [320/500] 26caf9bf-b40c-448d-90eb-7d23155a87f8: 24026 chunks; 6.3 s; peak memory 1124 MiB.
2026-10-03T06:47:23Z INFO [321/500] 26cb6090-40ea-4ea3-b19a-2a314642e3b1: 72 chunks; 1.0 s; peak memory 1124 MiB.
2026-10-03T06:47:25Z INFO [322/500] 26cb7ffe-4729-4b0a-b243-54ffd6b52de3: 122 chunks; 1.4 s; peak memory 1124 MiB.
2026-10-03T06:47:26Z INFO [323/500] 26cbbab1-0831-4175-ba16-c72f64bba92d: 55 chunks; 0.7 s; peak memory 1124 MiB.
2026-10-03T06:47:27Z INFO [324/500] 26cd9e66-fa86-4672-ac8c-bf2bd6c3089f: 82 chunks; 1.1 s; peak memory 1124 MiB.
2026-10-03T06:47:28Z INFO [325/500] 26cda872-182b-4b61-9f75-402360e0fde0: 48 chunks; 1.0 s; peak memory 1124 MiB.
2026-10-03T06:47:28Z INFO [326/500] 26cdbcea-7185-4cf3-a23d-7e9e0259a2fa: 46 chunks; 0.7 s; peak memory 1124 MiB.
2026-10-03T06:47:40Z INFO [327/500] 26ce4007-00e8-466c-8bf3-226a93d7fadc: 3110 chunks; 11.2 s; peak memory 1124 MiB.
2026-10-03T06:47:41Z INFO [328/500] 26cf8d18-0926-4f48-94fd-8ab9141336aa: 48 chunks; 0.9 s; peak memory 1124 MiB.
2026-10-03T06:47:45Z INFO [329/500] 26d1e5e5-d842-4985-8691-4b9eac29c2d5: 324 chunks; 4.3 s; peak memory 1124 MiB.
2026-10-03T06:47:47Z INFO [330/500] 26d20dbb-2e48-470b-9d81-42d4c576d29b: 105 chunks; 2.1 s; peak memory 1124 MiB.
2026-10-03T06:47:48Z INFO [331/500] 26d31f8b-5f84-455e-a263-13d501d43b65: 46 chunks; 1.0 s; peak memory 1124 MiB.
2026-10-03T06:47:49Z INFO [332/500] 26d40cb5-7d6c-4e4a-8422-db469bc884c4: 118 chunks; 1.1 s; peak memory 1124 MiB.
2026-10-03T06:47:50Z INFO [333/500] 26d4edf2-1751-4673-8bf7-29fd84005240: 48 chunks; 0.9 s; peak memory 1124 MiB.
2026-10-03T06:47:51Z INFO [334/500] 26d51f8a-7a1d-446c-a0b7-e4023d682e4c: 57 chunks; 0.8 s; peak memory 1124 MiB.
2026-10-03T06:47:53Z INFO [335/500] 26d797da-f57a-42af-92c2-9169c5017299: 233 chunks; 1.7 s; peak memory 1124 MiB.
2026-10-03T06:47:54Z INFO [336/500] 26d7aef8-44cd-4c3c-ae05-dfa2154d54be: 48 chunks; 1.0 s; peak memory 1124 MiB.
2026-10-03T06:47:55Z INFO [337/500] 26d88789-d72b-49ca-b7d5-a7ef85121c05: 48 chunks; 1.0 s; peak memory 1124 MiB.
2026-10-03T06:47:56Z INFO [338/500] 26d88bb7-ddd8-46a1-af43-3952732b9576: 48 chunks; 0.9 s; peak memory 1124 MiB.
2026-10-03T06:47:57Z INFO [339/500] 26d8a622-f2c0-4d6f-b456-57259c333872: 48 chunks; 1.1 s; peak memory 1124 MiB.
2026-10-03T06:47:58Z INFO [340/500] 26d8b15d-55fb-468b-a26d-6a21c1a8a2e8: 112 chunks; 1.7 s; peak memory 1124 MiB.
2026-10-03T06:47:59Z INFO [341/500] 26d8f09c-eee0-431f-94af-80ba44f16e66: 48 chunks; 1.0 s; peak memory 1124 MiB.
2026-10-03T06:48:00Z INFO [342/500] 26d9013c-4acc-4598-9832-a869bdd813de: 52 chunks; 1.0 s; peak memory 1124 MiB.
2026-10-03T06:48:01Z INFO [343/500] 26d920a5-0d72-42e0-b759-e6dae647251b: 48 chunks; 1.0 s; peak memory 1124 MiB.
2026-10-03T06:48:02Z INFO [344/500] 26d942df-cb7f-40c3-a7a3-9f05c43e1562: 112 chunks; 1.1 s; peak memory 1124 MiB.
2026-10-03T06:48:04Z INFO [345/500] 26d94be2-1a3d-4210-99fa-b493718e27ce: 45 chunks; 1.1 s; peak memory 1124 MiB.
2026-10-03T06:48:07Z INFO [346/500] 26d95fe9-7d08-4282-8379-66543ddc6b8f: 7840 chunks; 3.9 s; peak memory 1124 MiB.
2026-10-03T06:48:09Z INFO [347/500] 26d9a9a2-f7d8-4600-bc24-5d09c2e832f2: 67 chunks; 1.2 s; peak memory 1124 MiB.
2026-10-03T06:48:10Z INFO [348/500] 26d9c616-8aa7-4171-aafd-69c2d1a42bdd: 48 chunks; 1.0 s; peak memory 1124 MiB.
2026-10-03T06:48:11Z INFO [349/500] 26da334d-e010-431b-9ce4-b8570b36ab8e: 118 chunks; 1.1 s; peak memory 1124 MiB.
2026-10-03T06:48:11Z INFO [350/500] 26da4fd3-31d7-4d16-aae2-2e57218384b0: 46 chunks; 0.7 s; peak memory 1124 MiB.
2026-10-03T06:48:12Z INFO [350/500] 26da4fd3-31d7-4d16-aae2-2e57218384b0: checkpointed 65684 records.
2026-10-03T06:48:13Z INFO [351/500] 26daad0b-1e21-4feb-bd93-48f29979c5e1: 112 chunks; 0.9 s; peak memory 1124 MiB.
2026-10-03T06:48:14Z INFO [352/500] 26dae389-0884-4c51-8c6c-732c66a06c05: 119 chunks; 1.7 s; peak memory 1124 MiB.
2026-10-03T06:48:22Z INFO [353/500] 26db040f-e672-4cfa-a181-401305a006e9: 5411 chunks; 7.3 s; peak memory 1124 MiB.
2026-10-03T06:48:23Z INFO [354/500] 26db837f-b9ed-4da5-88cf-1f32d29e886c: 132 chunks; 1.2 s; peak memory 1124 MiB.
2026-10-03T06:48:24Z INFO [355/500] 26dba233-2970-4a98-986c-392eb61f58aa: 46 chunks; 0.7 s; peak memory 1124 MiB.
2026-10-03T06:48:24Z INFO [356/500] 26dbc885-fb1c-45bf-b4e5-a05df9449ce3: 48 chunks; 0.9 s; peak memory 1124 MiB.
2026-10-03T06:48:32Z INFO [357/500] 26dc0fa3-471c-410c-ba17-ec4a28b79540: 35557 chunks; 7.6 s; peak memory 1124 MiB.
2026-10-03T06:48:33Z INFO [358/500] 26dddf54-2322-4a44-8293-dee3020b6591: 69 chunks; 0.9 s; peak memory 1124 MiB.
2026-10-03T06:49:51Z INFO [359/500] 26de2bb7-7bbe-4b28-9f80-d63967fb8ce3: 32825 chunks; 78.1 s; peak memory 1124 MiB.
2026-10-03T06:49:52Z INFO [360/500] 26de403a-c6b7-46d1-ac2e-a0557014e02c: 35 chunks; 0.8 s; peak memory 1124 MiB.
2026-10-03T06:49:53Z INFO [361/500] 26df6928-0909-431d-a705-4e6668fa26fa: 112 chunks; 1.2 s; peak memory 1124 MiB.
2026-10-03T06:49:54Z INFO [362/500] 26df8f8f-d6b3-42f1-9afe-440151189459: 48 chunks; 1.1 s; peak memory 1124 MiB.
2026-10-03T06:49:55Z INFO [363/500] 26e0ce55-6b13-4583-a53b-e7417bad1b74: 66 chunks; 1.3 s; peak memory 1124 MiB.
2026-10-03T06:49:56Z INFO [364/500] 26e1a119-d243-4707-b96e-ca86be2dc630: 69 chunks; 0.9 s; peak memory 1124 MiB.
2026-10-03T06:49:58Z INFO [365/500] 26e1c60a-a121-4348-abe3-172f265d5457: 112 chunks; 1.5 s; peak memory 1124 MiB.
2026-10-03T06:49:59Z INFO [366/500] 26e23c46-6003-476f-979f-a8849b14c31b: 69 chunks; 1.3 s; peak memory 1124 MiB.
2026-10-03T06:50:00Z INFO [367/500] 26e30b3d-e415-4fcf-887b-b6db3eae9960: 42 chunks; 1.0 s; peak memory 1124 MiB.
2026-10-03T06:50:02Z INFO [368/500] 26e319a9-503b-4f8c-a107-3f10706bf64f: 119 chunks; 1.9 s; peak memory 1124 MiB.
2026-10-03T06:50:04Z INFO [369/500] 26e37441-a7b4-4e98-952b-13c0a8096bc9: 140 chunks; 1.8 s; peak memory 1124 MiB.
2026-10-03T06:50:05Z INFO [370/500] 26e4e3f5-1eb0-41e7-9dd7-a0fc2aab0ce5: 112 chunks; 1.4 s; peak memory 1124 MiB.
2026-10-03T06:50:06Z INFO [371/500] 26e5d8f7-962b-4e50-be18-ed7e6f02a66f: 48 chunks; 0.9 s; peak memory 1124 MiB.
2026-10-03T06:52:01Z INFO [372/500] 26e73c03-6597-490c-ae3b-ad6725f2914e: 38285 chunks; 114.5 s; peak memory 1124 MiB.
2026-10-03T06:52:02Z INFO [373/500] 26e7d4a8-5c5d-4ecd-bbb3-005ca80a87f0: 66 chunks; 1.3 s; peak memory 1124 MiB.
2026-10-03T06:52:03Z INFO [374/500] 26e8206b-fc9e-42e8-8d85-32b7a1067bc8: 74 chunks; 1.1 s; peak memory 1124 MiB.
2026-10-03T06:52:06Z INFO [375/500] 26e82b0b-fd18-4ae6-8afa-9181df1e9599: 156 chunks; 2.6 s; peak memory 1124 MiB.
2026-10-03T06:52:08Z INFO [376/500] 26e9a444-2bfc-4192-a758-c887452e1133: 119 chunks; 1.9 s; peak memory 1124 MiB.
2026-10-03T06:52:08Z INFO [377/500] 26e9b293-f675-4797-931b-c5c537cf55d9: 52 chunks; 1.0 s; peak memory 1124 MiB.
2026-10-03T06:52:09Z INFO [378/500] 26e9cd5a-ed4c-4cb6-826c-6e21386b532f: 48 chunks; 1.0 s; peak memory 1124 MiB.
2026-10-03T06:52:10Z INFO [379/500] 26ea87b6-6d17-4d99-9331-393e3be70698: 48 chunks; 0.9 s; peak memory 1124 MiB.
2026-10-03T06:52:13Z INFO [380/500] 26ec2c59-0df7-43fd-b788-9a1d7ccdc367: 156 chunks; 2.7 s; peak memory 1124 MiB.
2026-10-03T06:52:14Z INFO [381/500] 26ec5880-a2cf-47e8-8421-81b09f508a01: 50 chunks; 0.8 s; peak memory 1124 MiB.
2026-10-03T06:52:23Z INFO [382/500] 26edc604-d5b0-4f29-9720-9e69ec97e2f4: 20582 chunks; 8.8 s; peak memory 1124 MiB.
2026-10-03T06:52:24Z INFO [383/500] 26ee3d53-6ca7-4147-94b8-cc6cab783a7c: 112 chunks; 1.3 s; peak memory 1124 MiB.
2026-10-03T06:52:25Z INFO [384/500] 26ee46ff-7d98-4c07-9236-39b3a9f0f803: 48 chunks; 0.9 s; peak memory 1124 MiB.
2026-10-03T06:52:26Z INFO [385/500] 26eeabe8-e472-4d5d-8b43-5eefde1f18b0: 46 chunks; 0.7 s; peak memory 1124 MiB.
2026-10-03T06:52:27Z INFO [386/500] 26efdacc-cf4a-4b02-972e-3bea339e18ad: 71 chunks; 1.7 s; peak memory 1124 MiB.
2026-10-03T06:52:29Z INFO [387/500] 26f04966-f3d2-4aa7-812a-652f73ac11de: 112 chunks; 1.3 s; peak memory 1124 MiB.
2026-10-03T06:54:25Z INFO [388/500] 26f051e0-acbf-4b3c-ae6c-d456805490d7: 41070 chunks; 116.1 s; peak memory 1124 MiB.
2026-10-03T06:54:26Z INFO [389/500] 26f17314-8563-4d75-a705-6a909128b346: 66 chunks; 1.5 s; peak memory 1124 MiB.
2026-10-03T06:54:27Z INFO [390/500] 26f47690-9edf-40ce-9d74-29a11435b120: 69 chunks; 1.1 s; peak memory 1124 MiB.
2026-10-03T06:54:33Z INFO [391/500] 26f56f27-a60b-4288-9e8e-cdd5d89d26b1: 17405 chunks; 6.1 s; peak memory 1124 MiB.
2026-10-03T06:54:34Z INFO [392/500] 26f5db2a-c660-40c5-bcb9-d1e9cf5aed90: 53 chunks; 0.8 s; peak memory 1124 MiB.
2026-10-03T06:54:35Z INFO [393/500] 26f5f27e-49b6-449c-8a28-b299a0ed3698: 45 chunks; 0.7 s; peak memory 1124 MiB.
2026-10-03T06:54:36Z INFO [394/500] 26f7223e-8a69-4bb4-8e21-2ae8185441eb: 66 chunks; 1.2 s; peak memory 1124 MiB.
2026-10-03T06:54:37Z INFO [395/500] 26fa2089-0d43-49fa-b813-58169bf6ad54: 75 chunks; 1.2 s; peak memory 1124 MiB.
2026-10-03T06:54:38Z INFO [396/500] 26fa5a8c-38b9-40ab-a2f8-1749df923787: 52 chunks; 1.1 s; peak memory 1124 MiB.
2026-10-03T06:54:40Z INFO [397/500] 26fa97a8-647d-4dd4-b69f-e59917a4e242: 112 chunks; 1.2 s; peak memory 1124 MiB.
2026-10-03T06:54:42Z INFO [398/500] 26fb0910-2013-4ec1-add6-326f87bf21fa: 115 chunks; 2.3 s; peak memory 1124 MiB.
2026-10-03T06:54:43Z INFO [399/500] 26fb26fc-73fc-43ac-af32-cea68843d1d1: 56 chunks; 0.9 s; peak memory 1124 MiB.
2026-10-03T06:54:44Z INFO [400/500] 26fb2d17-1472-4e00-a74c-437f47530060: 117 chunks; 1.1 s; peak memory 1124 MiB.
2026-10-03T06:54:44Z INFO [400/500] 26fb2d17-1472-4e00-a74c-437f47530060: checkpointed 65734 records.
2026-10-03T06:54:45Z INFO [401/500] 26fc19e1-9149-454b-87b0-4ed28e8dcdae: 110 chunks; 1.1 s; peak memory 1124 MiB.
2026-10-03T06:54:46Z INFO [402/500] 26fcbd29-72e2-4931-92ac-71eb524adbb0: 69 chunks; 1.3 s; peak memory 1124 MiB.
2026-10-03T06:54:47Z INFO [403/500] 26fd3e13-069c-4b94-9489-3e9d71c7c545: 52 chunks; 1.1 s; peak memory 1124 MiB.
2026-10-03T06:54:48Z INFO [404/500] 26fdab26-a4d9-4953-befa-06f437e8af32: 46 chunks; 0.9 s; peak memory 1124 MiB.
2026-10-03T06:54:50Z INFO [405/500] 26fe708e-67a3-4ffe-bf96-35908adcbe4a: 66 chunks; 1.3 s; peak memory 1124 MiB.
2026-10-03T06:54:51Z INFO [406/500] 26feae33-5bcd-4b38-b12c-c1ffa0ea5909: 204 chunks; 1.4 s; peak memory 1124 MiB.
2026-10-03T06:54:52Z INFO [407/500] 26ff7531-2611-4f87-95b9-4378be3175d4: 72 chunks; 1.0 s; peak memory 1124 MiB.
2026-10-03T06:54:53Z INFO [408/500] 26ffeeec-a5ea-40df-a923-8a3b42e5d527: 48 chunks; 0.9 s; peak memory 1124 MiB.
2026-10-03T06:54:54Z INFO [409/500] 270063b5-790e-4959-9710-b33efcf52a74: 117 chunks; 1.3 s; peak memory 1124 MiB.
2026-10-03T06:54:56Z INFO [410/500] 27006726-d08d-416f-b46b-b4c329a12d7f: 71 chunks; 1.4 s; peak memory 1124 MiB.
2026-10-03T06:54:57Z INFO [411/500] 2700fca8-7819-4326-ac29-bdb6a583feb2: 63 chunks; 0.9 s; peak memory 1124 MiB.
2026-10-03T06:54:57Z INFO [412/500] 2701ca20-c1a6-4d84-a2ab-558738114c72: 37 chunks; 0.7 s; peak memory 1124 MiB.
2026-10-03T06:55:02Z INFO [413/500] 27031961-259a-4a85-be6e-1bdffbf30869: 350 chunks; 4.5 s; peak memory 1124 MiB.
2026-10-03T06:55:03Z INFO [414/500] 2703379f-d64e-4748-b1a2-a9bddb27b350: 46 chunks; 0.8 s; peak memory 1124 MiB.
2026-10-03T06:55:04Z INFO [415/500] 2703494c-d326-4bb0-b102-0a29b309e820: 112 chunks; 1.5 s; peak memory 1124 MiB.
2026-10-03T06:55:09Z INFO [416/500] 27035d6c-7a7c-4a2e-b58f-d073c675bc39: 2923 chunks; 5.2 s; peak memory 1124 MiB.
2026-10-03T06:55:10Z INFO [417/500] 2703c306-fa0f-4762-9dd4-85e1039ac72f: 48 chunks; 0.9 s; peak memory 1124 MiB.
2026-10-03T06:55:12Z INFO [418/500] 27048ccf-5094-4727-946a-284401e3f612: 110 chunks; 1.3 s; peak memory 1124 MiB.
2026-10-03T06:55:12Z INFO [419/500] 2704ae26-c4bd-4b82-a9f6-a55f5e7051fb: 56 chunks; 0.8 s; peak memory 1124 MiB.
2026-10-03T06:55:15Z INFO [420/500] 2704d6ce-8544-4eb4-abc0-630caa5bd456: 115 chunks; 2.2 s; peak memory 1124 MiB.
2026-10-03T06:55:16Z INFO [421/500] 270522d7-c9a6-4d8a-8bff-8f463557f396: 118 chunks; 1.2 s; peak memory 1124 MiB.
2026-10-03T06:55:17Z INFO [422/500] 2705a848-4470-4753-80ea-4c2fbe8bfccb: 118 chunks; 1.1 s; peak memory 1124 MiB.
2026-10-03T06:55:18Z INFO [423/500] 2706633f-b9ad-4b37-baf7-974f1005a362: 117 chunks; 1.1 s; peak memory 1124 MiB.
2026-10-03T06:55:19Z INFO [424/500] 2707682b-030c-4bc6-8d18-2dade36fedcc: 117 chunks; 1.2 s; peak memory 1124 MiB.
2026-10-03T06:55:28Z INFO [425/500] 2707e14a-c231-4c60-a2a6-34ea961b8b82: 825 chunks; 8.7 s; peak memory 1124 MiB.
2026-10-03T06:55:29Z INFO [426/500] 2707f8ab-c6ea-43f6-8459-bfb65b7cb62b: 110 chunks; 1.2 s; peak memory 1124 MiB.
2026-10-03T06:55:30Z INFO [427/500] 27086032-fe06-4ae7-97cc-8580948ae02d: 52 chunks; 1.0 s; peak memory 1124 MiB.
2026-10-03T06:55:31Z INFO [428/500] 2708af10-e04f-4216-a6ac-b485e4730919: 48 chunks; 1.0 s; peak memory 1124 MiB.
2026-10-03T06:55:35Z INFO [429/500] 270913b7-cbec-418e-a228-63238f9283a1: 2085 chunks; 3.7 s; peak memory 1124 MiB.
2026-10-03T06:55:36Z INFO [430/500] 270a0f17-6c62-46a9-adf8-4b55ddef23a3: 49 chunks; 1.4 s; peak memory 1124 MiB.
2026-10-03T06:55:37Z INFO [431/500] 270af5d4-4172-4c30-b7cb-39d916bd0803: 57 chunks; 0.8 s; peak memory 1124 MiB.
2026-10-03T06:55:39Z INFO [432/500] 270b336f-e311-4db8-8ae0-52cd7539a019: 76 chunks; 2.0 s; peak memory 1124 MiB.
2026-10-03T06:55:40Z INFO [433/500] 270c0310-e3f6-4f18-93f6-e907741c5014: 72 chunks; 1.0 s; peak memory 1124 MiB.
2026-10-03T06:55:41Z INFO [434/500] 270c1142-f611-4c7a-84bc-a9258af7ef6e: 48 chunks; 0.9 s; peak memory 1124 MiB.
2026-10-03T06:55:56Z INFO [435/500] 270c1b73-aba2-42d8-871e-6993b0213935: 11842 chunks; 14.7 s; peak memory 1124 MiB.
2026-10-03T06:55:57Z INFO [436/500] 270d43f3-934e-41be-b48b-c60740b47402: 48 chunks; 1.0 s; peak memory 1124 MiB.
2026-10-03T06:55:57Z INFO [437/500] 270d4f24-bacf-4ed0-a931-65fb83d5ac98: 46 chunks; 0.7 s; peak memory 1124 MiB.
2026-10-03T06:55:58Z INFO [438/500] 270d746f-d6e5-4c4a-991d-8c8830ca57b0: 69 chunks; 0.9 s; peak memory 1124 MiB.
2026-10-03T06:55:59Z INFO [439/500] 270ee8ee-31ab-43ab-8ba6-17854bbb18a5: 48 chunks; 0.9 s; peak memory 1124 MiB.
2026-10-03T06:56:18Z INFO [440/500] 270f13f9-2b8a-4b12-8198-a069ae7a8c81: 6393 chunks; 18.4 s; peak memory 1124 MiB.
2026-10-03T06:56:19Z INFO [441/500] 27101a9d-2f9d-49fa-9525-dd439ea2b9be: 112 chunks; 1.5 s; peak memory 1124 MiB.
2026-10-03T06:56:25Z INFO [442/500] 27103eaf-0a42-419b-9941-7b206f9c9b17: 2923 chunks; 6.2 s; peak memory 1124 MiB.
2026-10-03T06:56:29Z INFO [443/500] 27109272-3588-4d33-8fe1-360fea96a697: 2085 chunks; 3.7 s; peak memory 1124 MiB.
2026-10-03T06:56:30Z INFO [444/500] 2710dc92-d4fb-464a-b7a9-231edc98c712: 48 chunks; 1.0 s; peak memory 1124 MiB.
2026-10-03T06:56:32Z INFO [445/500] 27110614-88c4-44b3-ab21-22adcf435549: 997 chunks; 2.0 s; peak memory 1124 MiB.
2026-10-03T06:56:33Z INFO [446/500] 271155f7-3195-4456-8a10-121d8b21036e: 48 chunks; 0.9 s; peak memory 1124 MiB.
2026-10-03T06:56:34Z INFO [447/500] 2711faf1-de7c-43fc-97ac-92c366dbd228: 45 chunks; 0.7 s; peak memory 1124 MiB.
2026-10-03T06:56:35Z INFO [448/500] 27120a4f-478d-4d70-8339-732d21ad3384: 49 chunks; 1.1 s; peak memory 1124 MiB.
2026-10-03T06:56:36Z INFO [449/500] 2712adfc-66af-4dc5-9b7a-88be0fc40dbb: 78 chunks; 1.6 s; peak memory 1124 MiB.
2026-10-03T06:56:37Z INFO [450/500] 2712b96a-5dff-41ac-979e-8da597edb0a9: 48 chunks; 0.9 s; peak memory 1124 MiB.
2026-10-03T06:56:37Z INFO [450/500] 2712b96a-5dff-41ac-979e-8da597edb0a9: checkpointed 65784 records.
2026-10-03T06:56:39Z INFO [451/500] 2713076c-468f-446d-9cbf-5a25e333fded: 48 chunks; 1.0 s; peak memory 1124 MiB.
2026-10-03T06:56:39Z INFO [452/500] 27134f89-8ad4-4cbe-9710-801e194bca91: 48 chunks; 0.9 s; peak memory 1124 MiB.
2026-10-03T06:56:40Z INFO [453/500] 2714563d-b769-41be-a8e3-fecb73cfa05a: 48 chunks; 1.0 s; peak memory 1124 MiB.
2026-10-03T06:58:37Z INFO [454/500] 271492b0-a59b-451f-a61d-fd04d1dd0609: 38024 chunks; 116.7 s; peak memory 1124 MiB.
2026-10-03T06:58:38Z INFO [455/500] 2714cf81-c2c0-4822-bda4-ba27906c0055: 117 chunks; 1.1 s; peak memory 1124 MiB.
2026-10-03T06:58:43Z INFO [456/500] 27151aec-4098-4c51-bea7-f7466a7bbc4d: 734 chunks; 4.8 s; peak memory 1124 MiB.
2026-10-03T06:59:02Z INFO [457/500] 27155057-6ec9-421c-bbde-d6213a64d054: 6125 chunks; 19.5 s; peak memory 1124 MiB.
2026-10-03T06:59:04Z INFO [458/500] 27157fc3-99aa-4cba-98df-eb6e0ceff677: 110 chunks; 1.3 s; peak memory 1124 MiB.
2026-10-03T06:59:22Z INFO [459/500] 2715d21f-d0c6-47ab-b73b-ffde1e008364: 5711 chunks; 18.0 s; peak memory 1124 MiB.
2026-10-03T06:59:23Z INFO [460/500] 27167dc1-0fc9-40f9-87a5-cbc07d9abd85: 112 chunks; 1.2 s; peak memory 1124 MiB.
2026-10-03T06:59:24Z INFO [461/500] 2717816d-5c1d-437a-893c-3c2655152e91: 117 chunks; 1.2 s; peak memory 1124 MiB.
2026-10-03T06:59:26Z INFO [462/500] 27178a29-af43-4507-afad-7b725ec1b576: 66 chunks; 1.3 s; peak memory 1124 MiB.
2026-10-03T07:01:30Z INFO [463/500] 2717d2fe-01d2-412a-aad3-e22eced49c37: 41164 chunks; 124.3 s; peak memory 1124 MiB.
2026-10-03T07:01:34Z INFO [464/500] 2717d510-2161-401f-93f6-e0fe51b187a7: 3722 chunks; 4.2 s; peak memory 1124 MiB.
2026-10-03T07:01:37Z INFO [465/500] 27187213-e0d0-4b86-b8b8-5bcdc1c37253: 2066 chunks; 2.8 s; peak memory 1124 MiB.
2026-10-03T07:01:38Z INFO [466/500] 2718f505-b93d-4203-a235-1ece733b119f: 48 chunks; 1.0 s; peak memory 1124 MiB.
2026-10-03T07:01:39Z INFO [467/500] 2719e31f-5f07-4f71-a15c-220c986e6ee3: 48 chunks; 1.1 s; peak memory 1124 MiB.
2026-10-03T07:01:40Z INFO [468/500] 2719f71a-78a9-4128-81e9-217644fef5e0: 50 chunks; 0.8 s; peak memory 1124 MiB.
2026-10-03T07:01:50Z INFO [469/500] 271a4089-fdd5-463a-802b-747e578d882d: 14408 chunks; 9.8 s; peak memory 1124 MiB.
2026-10-03T07:01:51Z INFO [470/500] 271a5c3f-8ee4-473e-9d07-7f8a00402895: 118 chunks; 1.4 s; peak memory 1124 MiB.
2026-10-03T07:01:52Z INFO [471/500] 271a6232-b710-49fd-b27c-a97e5c755065: 56 chunks; 0.8 s; peak memory 1124 MiB.
2026-10-03T07:01:54Z INFO [472/500] 271baedb-f98d-4b8c-bbfb-7bb499942bd7: 78 chunks; 1.7 s; peak memory 1124 MiB.
2026-10-03T07:02:07Z INFO [473/500] 271c2215-b89c-4a05-8cf1-3756acfa6b09: 6193 chunks; 13.4 s; peak memory 1124 MiB.
2026-10-03T07:02:08Z INFO [474/500] 271c33f5-43fe-423d-acba-ffaca6971405: 35 chunks; 0.7 s; peak memory 1124 MiB.
2026-10-03T07:02:09Z INFO [475/500] 271cc432-ccdd-459e-91ef-3bf99c35cb88: 53 chunks; 1.6 s; peak memory 1124 MiB.
2026-10-03T07:02:10Z INFO [476/500] 271d07a2-4b41-49fc-ad44-4a3844e4c338: 48 chunks; 1.0 s; peak memory 1124 MiB.
2026-10-03T07:02:12Z INFO [477/500] 271d257e-b93e-4861-9164-4f26e69a4118: 71 chunks; 1.5 s; peak memory 1124 MiB.
2026-10-03T07:02:23Z INFO [478/500] 271d6286-8f2d-4c37-a86c-4797e75bc513: 23033 chunks; 11.0 s; peak memory 1124 MiB.
2026-10-03T07:02:24Z INFO [479/500] 271da58c-a69d-45ba-aba9-4e2958e82edd: 116 chunks; 1.1 s; peak memory 1124 MiB.
2026-10-03T07:02:25Z INFO [480/500] 271e342e-dca9-46cb-94b3-43619607f046: 117 chunks; 1.3 s; peak memory 1124 MiB.
2026-10-03T07:02:26Z INFO [481/500] 271ea284-7ac0-4fbb-82a8-a064cbd39400: 119 chunks; 1.0 s; peak memory 1124 MiB.
2026-10-03T07:02:27Z INFO [482/500] 271f68bb-b505-45f2-9a4b-20c8e264388d: 48 chunks; 1.0 s; peak memory 1124 MiB.
2026-10-03T07:02:30Z INFO [483/500] 271fdb66-3625-4a75-8617-604a00d96538: 85 chunks; 2.8 s; peak memory 1124 MiB.
2026-10-03T07:02:31Z INFO [484/500] 272017fa-4b31-4f2c-9ce2-50e842313abf: 48 chunks; 1.1 s; peak memory 1124 MiB.
2026-10-03T07:02:32Z INFO [485/500] 27203d37-7307-479e-b45d-3da2ca5eb6b0: 66 chunks; 1.4 s; peak memory 1124 MiB.
2026-10-03T07:02:35Z INFO [486/500] 272042c9-03af-490c-ba98-b64e179c2f44: 156 chunks; 2.7 s; peak memory 1124 MiB.
2026-10-03T07:02:36Z INFO [487/500] 272093c4-917b-44c8-86cd-bcb46b01639c: 48 chunks; 1.0 s; peak memory 1124 MiB.
2026-10-03T07:02:38Z INFO [488/500] 2720bccb-b6cc-420e-9b97-5ed0bb70d0f4: 158 chunks; 1.8 s; peak memory 1124 MiB.
2026-10-03T07:03:03Z INFO [489/500] 27217e4c-2ecc-45a8-8551-feeccce84451: 37277 chunks; 24.7 s; peak memory 1124 MiB.
2026-10-03T07:03:04Z INFO [490/500] 272201d5-16c4-4afb-ac47-cb29424e71ab: 69 chunks; 0.9 s; peak memory 1124 MiB.
2026-10-03T07:03:05Z INFO [491/500] 2722a18a-2da2-4eb8-87bc-2aa531329ddc: 48 chunks; 1.1 s; peak memory 1124 MiB.
2026-10-03T07:03:06Z INFO [492/500] 2723d621-3dbc-4ae2-ad20-cdf6393c8698: 112 chunks; 1.1 s; peak memory 1124 MiB.
2026-10-03T07:03:14Z INFO [493/500] 27245806-669a-456e-bb89-4a9621022506: 12815 chunks; 8.6 s; peak memory 1124 MiB.
2026-10-03T07:03:15Z INFO [494/500] 27246f5d-4c69-4265-8a03-82d0630251bb: 52 chunks; 0.8 s; peak memory 1124 MiB.
2026-10-03T07:03:16Z INFO [495/500] 27261be8-77ca-4715-9c2a-3d3dde62c003: 116 chunks; 1.0 s; peak memory 1124 MiB.
2026-10-03T07:03:17Z INFO [496/500] 27268702-63a3-47af-b311-ceb9f3a822e0: 63 chunks; 1.0 s; peak memory 1124 MiB.
2026-10-03T07:03:22Z INFO [497/500] 2726b761-d359-417b-a723-47e31ef8ea93: 174 chunks; 4.7 s; peak memory 1124 MiB.
2026-10-03T07:03:23Z INFO [498/500] 2727ca51-0e84-4509-b3a4-1d14a20bf83e: 48 chunks; 1.0 s; peak memory 1124 MiB.
2026-10-03T07:03:25Z INFO [499/500] 2728be06-9b0e-422f-a16b-14fb435a0019: 85 chunks; 2.6 s; peak memory 1124 MiB.
2026-10-03T07:03:26Z INFO [500/500] 2728c1c1-5c60-42ee-9853-4b403cc9d3a5: 52 chunks; 1.3 s; peak memory 1124 MiB.
2026-10-03T07:03:27Z INFO [500/500] 2728c1c1-5c60-42ee-9853-4b403cc9d3a5: checkpointed 65834 records.
2026-10-03T07:03:27Z INFO Wrote 65834 records to /tmp/derivatives/valid_nwb_file_to_chunk_stats.jsonl (500 new, 0 failed) in 38.8 min (peak memory 1124 MiB).
