2026-10-08T12:56:41Z INFO Logging to /tmp/logs/update_2026-10-08T12-56-41Z.log.
2026-10-08T12:56:41Z INFO Update valid-nwb-file-to-chunk-stats (base directory /tmp).
2026-10-08T12:56:41Z INFO Processing 500 items (90834 already recorded).
2026-10-08T12:56:42Z INFO [1/500] 0431d4f6-850f-4864-871f-7629ac8d725b: 39 chunks; 1.1 s; peak memory 188 MiB.
2026-10-08T12:56:43Z INFO [2/500] 0ca8020a-b27d-4f5e-9d1d-0b311b511212: 39 chunks; 0.8 s; peak memory 188 MiB.
2026-10-08T12:56:44Z INFO [3/500] 1e7a2dbc-469c-4985-9e60-ef1a4a694f63: 39 chunks; 0.8 s; peak memory 188 MiB.
2026-10-08T12:56:45Z INFO [4/500] 2a006f9c-2eda-43a2-b3a8-982d6b3de521: 39 chunks; 0.8 s; peak memory 188 MiB.
2026-10-08T12:56:46Z INFO [5/500] 2c08f99e-a1eb-49f5-b245-4c7c8929dc0d: 39 chunks; 0.8 s; peak memory 189 MiB.
2026-10-08T12:56:46Z INFO [6/500] 485067a0-53a9-405c-8c21-1869ac64ef86: 39 chunks; 0.9 s; peak memory 189 MiB.
2026-10-08T12:56:47Z INFO [7/500] 51cd6996-b496-4e90-94eb-58ae1bb91d24: 39 chunks; 0.9 s; peak memory 189 MiB.
2026-10-08T12:56:48Z INFO [8/500] 5a0cfc4c-cef5-4a5f-851f-ca3718cb38ec: 39 chunks; 0.8 s; peak memory 189 MiB.
2026-10-08T12:56:49Z INFO [9/500] 5ac5a92c-9654-49dd-8fa7-cf35c8ac9697: 76 chunks; 1.0 s; peak memory 190 MiB.
2026-10-08T12:56:50Z INFO [10/500] 5ac6702f-1a2c-4c95-a917-3fcf5f7b4d7e: 112 chunks; 1.0 s; peak memory 191 MiB.
2026-10-08T12:56:51Z INFO [11/500] 5ac6ccb5-b088-4a2d-bcaf-fe43da9b5686: 118 chunks; 0.9 s; peak memory 191 MiB.
2026-10-08T12:56:52Z INFO [12/500] 5ac7755b-c180-4fec-bdc9-070a96e56538: 124 chunks; 1.1 s; peak memory 191 MiB.
2026-10-08T12:56:56Z INFO [13/500] 5ac8fb29-f0ce-4119-a898-323d00552773: 1220 chunks; 4.3 s; peak memory 199 MiB.
2026-10-08T12:56:57Z INFO [14/500] 5ac90589-258f-4fdc-9567-b5bfd7055ffd: 52 chunks; 0.7 s; peak memory 199 MiB.
2026-10-08T12:57:01Z INFO [15/500] 5ac98af7-5d8e-4c4f-83a5-7b59125996c3: 235 chunks; 3.7 s; peak memory 199 MiB.
2026-10-08T12:57:02Z INFO [16/500] 5ac9cc9e-99b7-4f44-88de-8ac94a48f585: 117 chunks; 1.0 s; peak memory 199 MiB.
2026-10-08T12:57:03Z INFO [17/500] 5aca41b3-6457-4dc7-a5a6-f7d6b32ffbc7: 117 chunks; 0.9 s; peak memory 199 MiB.
2026-10-08T12:57:07Z INFO [18/500] 5acb547c-56f0-4916-bf04-99f3ff914451: 12910 chunks; 4.0 s; peak memory 217 MiB.
2026-10-08T12:57:07Z INFO [19/500] 5acb8161-143e-4132-b6e2-ed5fdfbea5d6: 48 chunks; 0.9 s; peak memory 217 MiB.
2026-10-08T12:57:08Z INFO [20/500] 5acb9a39-af42-42aa-9a13-428e723b9665: 48 chunks; 0.7 s; peak memory 217 MiB.
2026-10-08T12:57:09Z INFO [21/500] 5acc746a-71bb-453f-82da-375d3abbd38d: 69 chunks; 1.1 s; peak memory 218 MiB.
2026-10-08T12:57:12Z INFO [22/500] 5acccda3-1218-4fbd-9668-13c2b2f202b1: 2926 chunks; 2.6 s; peak memory 218 MiB.
2026-10-08T12:57:12Z INFO [23/500] 5acce0be-efbb-4a26-8b15-562837804ff6: 54 chunks; 0.6 s; peak memory 218 MiB.
2026-10-08T12:57:20Z INFO [24/500] 5acce877-c324-4ef8-a124-f64eb8d92401: 18836 chunks; 8.0 s; peak memory 239 MiB.
2026-10-08T12:57:28Z INFO [25/500] 5acdcc68-e17d-45cb-b810-ee5d9c9636b6: 19837 chunks; 8.0 s; peak memory 239 MiB.
2026-10-08T12:57:29Z INFO [26/500] 5ace02a9-3d49-420a-9f7b-9a4ab92ff398: 46 chunks; 0.5 s; peak memory 239 MiB.
2026-10-08T12:57:30Z INFO [27/500] 5acec78a-045e-45ea-866c-a47ad7ee6046: 62 chunks; 1.2 s; peak memory 239 MiB.
2026-10-08T12:57:31Z INFO [28/500] 5ad0c3ff-173f-4657-9238-3f634e845088: 48 chunks; 0.9 s; peak memory 239 MiB.
2026-10-08T12:57:32Z INFO [29/500] 5ad18c27-6e63-4e07-9c83-910c54c499c9: 48 chunks; 0.7 s; peak memory 239 MiB.
2026-10-08T12:57:32Z INFO [30/500] 5ad1bb44-9eaf-417b-a2c0-31db93507de9: 117 chunks; 0.7 s; peak memory 239 MiB.
2026-10-08T12:57:33Z INFO [31/500] 5ad25c02-05b7-477b-938f-cb08feeb0fda: 117 chunks; 1.0 s; peak memory 239 MiB.
2026-10-08T12:57:35Z INFO [32/500] 5ad2bd9f-a68b-401e-9154-bda5d57aa3b7: 71 chunks; 1.2 s; peak memory 239 MiB.
2026-10-08T12:57:40Z INFO [33/500] 5ad32a66-f73c-4ff9-8649-a23d9da4b913: 1053 chunks; 5.7 s; peak memory 239 MiB.
2026-10-08T12:57:41Z INFO [34/500] 5ad361bb-ff4b-46b2-a3ba-5dff3d541ffa: 112 chunks; 0.9 s; peak memory 239 MiB.
2026-10-08T12:57:42Z INFO [35/500] 5ad541f1-ca08-4ba7-8597-f073d9344cf0: 48 chunks; 0.7 s; peak memory 239 MiB.
2026-10-08T12:57:43Z INFO [36/500] 5ad564f5-782b-4855-99ad-a21ed32964cc: 48 chunks; 0.7 s; peak memory 239 MiB.
2026-10-08T12:57:43Z INFO [37/500] 5ad57f68-9328-4bbc-8bca-86bb89caf5c7: 117 chunks; 0.8 s; peak memory 239 MiB.
2026-10-08T12:57:44Z INFO [38/500] 5ad58827-2155-444e-ac6d-94368396a5d7: 95 chunks; 0.8 s; peak memory 239 MiB.
2026-10-08T12:57:49Z INFO [39/500] 5ad621fc-74bf-4003-81ab-d309d5041189: 5291 chunks; 4.6 s; peak memory 239 MiB.
2026-10-08T12:57:50Z INFO [40/500] 5ad6f283-6453-413b-bd96-02656363819b: 48 chunks; 0.7 s; peak memory 239 MiB.
2026-10-08T12:57:52Z INFO [41/500] 5ad791ec-c69a-436b-a99c-26ef5378d1c8: 10382 chunks; 2.9 s; peak memory 239 MiB.
2026-10-08T12:57:53Z INFO [42/500] 5ad81ea6-b592-4721-b7ea-23e188a73561: 50 chunks; 0.6 s; peak memory 239 MiB.
2026-10-08T12:57:57Z INFO [43/500] 5ad93294-fb54-48d6-b623-94987ca52328: 13331 chunks; 4.4 s; peak memory 239 MiB.
2026-10-08T12:57:59Z INFO [44/500] 5ad9e18c-5eb4-4e5e-a736-b19fdad0816f: 66 chunks; 1.3 s; peak memory 239 MiB.
2026-10-08T12:58:00Z INFO [45/500] 5ada22af-0483-47db-9686-4dcbf8ae7988: 186 chunks; 1.5 s; peak memory 239 MiB.
2026-10-08T12:58:03Z INFO [46/500] 5adb0e25-90e3-48cf-a6ec-2a8f4d3ca3e7: 168 chunks; 3.2 s; peak memory 239 MiB.
2026-10-08T12:58:04Z INFO [47/500] 5adb1f88-668a-4ecc-b7b6-d06f65e949a6: 48 chunks; 0.9 s; peak memory 239 MiB.
2026-10-08T12:58:05Z INFO [48/500] 5adc1a10-8c1c-4ebb-9f85-91eb659ca9c3: 46 chunks; 0.5 s; peak memory 239 MiB.
2026-10-08T12:58:06Z INFO [49/500] 5ade3ad9-2f3e-43f1-adbf-48cd40bfb50c: 50 chunks; 0.6 s; peak memory 239 MiB.
2026-10-08T12:58:27Z INFO [50/500] 5adfe256-b3eb-415e-ae8b-e2ef5e044998: 22369 chunks; 21.2 s; peak memory 264 MiB.
2026-10-08T12:58:27Z INFO [50/500] 5adfe256-b3eb-415e-ae8b-e2ef5e044998: checkpointed 90884 records.
2026-10-08T12:58:50Z INFO [51/500] 5ae03487-d045-41b9-afa9-7c5f4f554a0c: 6591 chunks; 23.2 s; peak memory 264 MiB.
2026-10-08T12:58:51Z INFO [52/500] 5ae0707d-0074-4673-97e5-4e23d1a19598: 48 chunks; 0.9 s; peak memory 264 MiB.
2026-10-08T12:58:52Z INFO [53/500] 5ae0d27e-29df-4e59-b322-90192fc07c14: 117 chunks; 0.8 s; peak memory 264 MiB.
2026-10-08T12:58:52Z INFO [54/500] 5ae13632-7d44-41fb-8627-b68ece966387: 46 chunks; 0.5 s; peak memory 264 MiB.
2026-10-08T12:58:54Z INFO [55/500] 5ae24496-8f78-44f4-b63d-46996f1a83f2: 289 chunks; 1.2 s; peak memory 264 MiB.
2026-10-08T12:58:54Z INFO [56/500] 5ae2eaa9-3f72-4086-bac8-fa0aaf330c50: 48 chunks; 0.8 s; peak memory 264 MiB.
2026-10-08T12:58:56Z INFO [57/500] 5ae398d6-8152-4484-a758-16970b314d40: 70 chunks; 1.2 s; peak memory 264 MiB.
2026-10-08T12:58:56Z INFO [58/500] 5ae4a056-10ed-4040-94e2-f9b06c8b888e: 48 chunks; 0.8 s; peak memory 264 MiB.
2026-10-08T13:04:22Z INFO [59/500] 5ae4a67c-de1a-46a4-ac98-27a5da56fba6: 297140 chunks; 325.7 s; peak memory 1173 MiB.
2026-10-08T13:04:23Z INFO [60/500] 5ae4de6e-ac13-44ea-95ac-f938adc6766c: 48 chunks; 0.8 s; peak memory 1173 MiB.
2026-10-08T13:04:47Z INFO [61/500] 5ae5693b-468c-4b36-8067-00a9cbdad688: 6039 chunks; 24.6 s; peak memory 1173 MiB.
2026-10-08T13:04:48Z INFO [62/500] 5ae61280-a716-4477-8613-4fb16d8629ef: 112 chunks; 0.9 s; peak memory 1173 MiB.
2026-10-08T13:04:49Z INFO [63/500] 5ae6a949-5605-4eda-8c54-bafd513e1b10: 118 chunks; 1.0 s; peak memory 1173 MiB.
2026-10-08T13:04:51Z INFO [64/500] 5ae6eee1-46d2-45ce-8a9f-8931e233c68c: 156 chunks; 2.2 s; peak memory 1173 MiB.
2026-10-08T13:04:56Z INFO [65/500] 5ae6f097-96d8-4bd6-8e00-ad3b1cc05429: 451 chunks; 4.7 s; peak memory 1173 MiB.
2026-10-08T13:04:57Z INFO [66/500] 5ae71ce9-1522-4213-9ff6-244b0c12126a: 110 chunks; 1.2 s; peak memory 1173 MiB.
2026-10-08T13:05:18Z INFO [67/500] 5ae7e984-f0f8-42dc-bf99-1858db38245a: 602 chunks; 20.2 s; peak memory 1173 MiB.
2026-10-08T13:05:18Z INFO [68/500] 5ae8328e-8865-47d3-a0c8-257acfb85ed9: 132 chunks; 0.8 s; peak memory 1173 MiB.
2026-10-08T13:05:19Z INFO [69/500] 5ae832f1-c4b9-4821-8127-6b292ed045ef: 52 chunks; 0.8 s; peak memory 1173 MiB.
2026-10-08T13:05:21Z INFO [70/500] 5ae846ff-414f-4b96-aa52-e62cae5de725: 71 chunks; 1.9 s; peak memory 1173 MiB.
2026-10-08T13:05:22Z INFO [71/500] 5ae9c396-794a-4b46-a324-a7d291dc0c6f: 112 chunks; 1.0 s; peak memory 1173 MiB.
2026-10-08T13:05:23Z INFO [72/500] 5aeb879e-5484-4cff-8e7b-11a3b5a84c0f: 48 chunks; 0.9 s; peak memory 1173 MiB.
2026-10-08T13:05:24Z INFO [73/500] 5aebfb68-4692-4216-9762-2a37059ca9d7: 48 chunks; 0.7 s; peak memory 1173 MiB.
2026-10-08T13:05:24Z INFO [74/500] 5aec6d6e-bef9-4f57-82e4-afac7793c4c0: 48 chunks; 0.8 s; peak memory 1173 MiB.
2026-10-08T13:05:26Z INFO [75/500] 5aed151e-0d53-4e89-9e6c-9d6f06c372fe: 47 chunks; 1.3 s; peak memory 1173 MiB.
2026-10-08T13:05:27Z INFO [76/500] 5aee5468-e4d5-43c2-a2bc-7105bba21966: 997 chunks; 1.6 s; peak memory 1173 MiB.
2026-10-08T13:05:28Z INFO [77/500] 5aeeb744-6a54-4335-93f3-49fb03d59bed: 112 chunks; 1.2 s; peak memory 1173 MiB.
2026-10-08T13:05:30Z INFO [78/500] 5aef382e-c602-4c59-b0fb-824c0a88d87d: 123 chunks; 1.9 s; peak memory 1173 MiB.
2026-10-08T13:05:31Z INFO [79/500] 5aefae21-709f-4f45-b9f2-822e811ac74f: 112 chunks; 1.1 s; peak memory 1173 MiB.
2026-10-08T13:05:32Z INFO [80/500] 5af00979-0029-4525-a060-d314bc7002ac: 48 chunks; 0.9 s; peak memory 1173 MiB.
2026-10-08T13:06:19Z INFO [81/500] 5af02b8a-fdf3-4091-a7a2-ebb4957f10e8: 25394 chunks; 47.2 s; peak memory 1173 MiB.
2026-10-08T13:06:20Z INFO [82/500] 5af0d5ea-076f-4cf1-8970-c7b69d6f03fb: 48 chunks; 0.9 s; peak memory 1173 MiB.
2026-10-08T13:06:21Z INFO [83/500] 5af1301e-c410-4528-b491-47afc7d262e2: 47 chunks; 0.7 s; peak memory 1173 MiB.
2026-10-08T13:06:22Z INFO [84/500] 5af15e11-5124-4b31-a0c1-c39967b7697d: 174 chunks; 1.1 s; peak memory 1173 MiB.
2026-10-08T13:06:23Z INFO [85/500] 5af3e363-19c2-43ea-96bb-d0c86486546c: 52 chunks; 0.9 s; peak memory 1173 MiB.
2026-10-08T13:06:24Z INFO [86/500] 5af4ca69-f063-476d-83fc-50dc1638d68a: 112 chunks; 1.1 s; peak memory 1173 MiB.
2026-10-08T13:06:25Z INFO [87/500] 5af5b6b5-2b4c-422f-83fc-8a154761663c: 69 chunks; 1.2 s; peak memory 1173 MiB.
2026-10-08T13:06:26Z INFO [88/500] 5af6dbcf-e3c1-4a9c-958f-e29377b4d774: 48 chunks; 0.7 s; peak memory 1173 MiB.
2026-10-08T13:06:27Z INFO [89/500] 5af7cb17-2bde-432b-af95-ad2371c719cc: 84 chunks; 0.9 s; peak memory 1173 MiB.
2026-10-08T13:06:28Z INFO [90/500] 5af84d4f-1c20-4c64-8f69-06b147dc9ce2: 42 chunks; 0.9 s; peak memory 1173 MiB.
2026-10-08T13:06:28Z INFO [91/500] 5af89470-3f79-4dea-aa57-8e57cce72ee3: 46 chunks; 0.5 s; peak memory 1173 MiB.
2026-10-08T13:06:29Z INFO [92/500] 5af9d5b2-acc9-4fae-91c4-697b469d4967: 110 chunks; 0.9 s; peak memory 1173 MiB.
2026-10-08T13:06:34Z INFO [93/500] 5afa48d1-bbd4-46bf-a655-4b16b9a23581: 250 chunks; 4.5 s; peak memory 1173 MiB.
2026-10-08T13:06:34Z INFO [94/500] 5afa7434-febf-4c30-99ca-05ef759e45e3: 46 chunks; 0.6 s; peak memory 1173 MiB.
2026-10-08T13:06:35Z INFO [95/500] 5afad8eb-ff86-45dd-a9ef-aaf400ea287b: 118 chunks; 0.9 s; peak memory 1173 MiB.
2026-10-08T13:06:42Z INFO [96/500] 5afb65c2-32b1-473d-8cda-76c0f776f1df: 1755 chunks; 6.6 s; peak memory 1173 MiB.
2026-10-08T13:06:43Z INFO [97/500] 5afb7292-c74c-43bf-9e1d-e4709764eb85: 117 chunks; 0.9 s; peak memory 1173 MiB.
2026-10-08T13:06:44Z INFO [98/500] 5afb8f00-deb3-42fb-a1e8-6623b3fc6887: 117 chunks; 0.9 s; peak memory 1173 MiB.
2026-10-08T13:06:44Z INFO [99/500] 5afc81ad-1f0b-4158-9188-54f62a1db8b3: 112 chunks; 0.9 s; peak memory 1173 MiB.
2026-10-08T13:07:11Z INFO [100/500] 5afc9987-9ec1-430f-a3d8-86a59c0fe59d: 12335 chunks; 26.7 s; peak memory 1173 MiB.
2026-10-08T13:07:11Z INFO [100/500] 5afc9987-9ec1-430f-a3d8-86a59c0fe59d: checkpointed 90934 records.
2026-10-08T13:07:13Z INFO [101/500] 5afcd3b0-cc19-4aeb-84a6-b601fcb80f1e: 112 chunks; 1.2 s; peak memory 1173 MiB.
2026-10-08T13:07:14Z INFO [102/500] 5afcf1a1-a340-4593-b490-f415a4f0ec30: 72 chunks; 0.8 s; peak memory 1173 MiB.
2026-10-08T13:07:15Z INFO [103/500] 5afcf7a0-57b7-47e2-85e9-020eab1b68ee: 61 chunks; 1.0 s; peak memory 1173 MiB.
2026-10-08T13:07:16Z INFO [104/500] 5affefaf-545d-4273-8300-5551da6086c2: 99 chunks; 1.0 s; peak memory 1173 MiB.
2026-10-08T13:07:17Z INFO [105/500] 5b00298d-747a-4339-91a9-c8360cec92ee: 66 chunks; 1.0 s; peak memory 1173 MiB.
2026-10-08T13:07:18Z INFO [106/500] 5b002b89-9462-40f7-91ee-b822ab438d54: 112 chunks; 1.0 s; peak memory 1173 MiB.
2026-10-08T13:07:22Z INFO [107/500] 5b0094ee-9db2-43ab-a459-c70f4d40492e: 14030 chunks; 4.8 s; peak memory 1173 MiB.
2026-10-08T13:07:23Z INFO [108/500] 5b010701-e746-4f12-bd51-e0923dfbe230: 49 chunks; 0.9 s; peak memory 1173 MiB.
2026-10-08T13:07:24Z INFO [109/500] 5b01545a-a93c-4b39-8ae0-7e935c1137b5: 103 chunks; 1.2 s; peak memory 1173 MiB.
2026-10-08T13:07:25Z INFO [110/500] 5b017e7e-cec2-4e5b-ae5a-848463ac1660: 52 chunks; 1.0 s; peak memory 1173 MiB.
2026-10-08T13:07:26Z INFO [111/500] 5b029a12-c70a-42d8-aad1-b41cc46c2095: 117 chunks; 0.9 s; peak memory 1173 MiB.
2026-10-08T13:07:27Z INFO [112/500] 5b02b06a-6a4e-4ee2-a558-9c7f492b7909: 71 chunks; 1.2 s; peak memory 1173 MiB.
2026-10-08T13:07:28Z INFO [113/500] 5b02bd0d-fc4f-4338-83da-0c2b45332e5c: 46 chunks; 0.6 s; peak memory 1173 MiB.
2026-10-08T13:07:29Z INFO [114/500] 5b05675d-cb4c-4b9a-94bd-30f0e8a93c9a: 48 chunks; 0.9 s; peak memory 1173 MiB.
2026-10-08T13:07:30Z INFO [115/500] 5b059297-8dd1-4fb6-8105-68ad227b10da: 71 chunks; 0.9 s; peak memory 1173 MiB.
2026-10-08T13:07:31Z INFO [116/500] 5b07000a-d8dc-46fe-a75f-87364d41a8e2: 48 chunks; 0.8 s; peak memory 1173 MiB.
2026-10-08T13:07:34Z INFO [117/500] 5b07b30a-464d-4bd1-a422-9e5a56cd1a02: 2923 chunks; 3.6 s; peak memory 1173 MiB.
2026-10-08T13:07:35Z INFO [118/500] 5b084190-c494-446e-9dd0-16d6e5cd11a5: 48 chunks; 0.7 s; peak memory 1173 MiB.
2026-10-08T13:07:36Z INFO [119/500] 5b08b344-b38e-46eb-9404-595cb2dce556: 48 chunks; 0.9 s; peak memory 1173 MiB.
2026-10-08T13:07:40Z INFO [120/500] 5b090c45-3907-404f-b0e5-c2f397ada05e: 2923 chunks; 4.1 s; peak memory 1173 MiB.
2026-10-08T13:07:47Z INFO [121/500] 5b0939b5-338d-47b3-92be-3fc45de5498d: 4223 chunks; 6.9 s; peak memory 1173 MiB.
2026-10-08T13:08:00Z INFO [122/500] 5b09a2a9-aa00-4ef2-a48c-9b5762074ea1: 2689 chunks; 13.3 s; peak memory 1173 MiB.
2026-10-08T13:08:02Z INFO [123/500] 5b0a8a4a-4052-4d72-9b1a-cdf9eb0deead: 149 chunks; 1.5 s; peak memory 1173 MiB.
2026-10-08T13:08:02Z INFO [124/500] 5b0b0f15-d29a-43cc-9091-fa6d406ec6cd: 48 chunks; 0.9 s; peak memory 1173 MiB.
2026-10-08T13:08:03Z INFO [125/500] 5b0b614a-e0dd-4ea4-a480-bdcb1d661af4: 48 chunks; 0.9 s; peak memory 1173 MiB.
2026-10-08T13:11:59Z INFO [126/500] 5b0be3d6-e19a-41a8-93a3-520c98077fda: 75234 chunks; 235.6 s; peak memory 1173 MiB.
2026-10-08T13:12:00Z INFO [127/500] 5b0c3e4b-0522-4e53-ae61-0bf130d98af1: 66 chunks; 1.1 s; peak memory 1173 MiB.
2026-10-08T13:12:01Z INFO [128/500] 5b0ca958-022a-45ef-9417-174e4358f9f6: 48 chunks; 0.9 s; peak memory 1173 MiB.
2026-10-08T13:12:02Z INFO [129/500] 5b0cc4c0-44b8-4181-923c-a1ba7326ab87: 48 chunks; 0.8 s; peak memory 1173 MiB.
2026-10-08T13:12:05Z INFO [130/500] 5b0e2cc6-98c9-493c-ba61-de1d3a9c1aad: 7510 chunks; 3.3 s; peak memory 1173 MiB.
2026-10-08T13:12:06Z INFO [131/500] 5b0eeaba-acd8-45fa-afbb-0768b79c6f13: 48 chunks; 0.7 s; peak memory 1173 MiB.
2026-10-08T13:12:07Z INFO [132/500] 5b100cca-f923-4701-8293-a456192cb059: 114 chunks; 0.9 s; peak memory 1173 MiB.
2026-10-08T13:12:07Z INFO [133/500] 5b10c09e-6fcf-4fa2-b09a-93bf853e091f: 61 chunks; 0.7 s; peak memory 1173 MiB.
2026-10-08T13:47:43Z INFO [134/500] 5b11119a-c514-4bb2-b151-f5fce12e35f8: 748961 chunks; 2135.5 s; peak memory 1194 MiB.
2026-10-08T13:47:47Z INFO [135/500] 5b118e46-5cfc-4189-8b06-bceff89ee1f4: 3940 chunks; 4.6 s; peak memory 1194 MiB.
2026-10-08T13:47:48Z INFO [136/500] 5b11e2d7-1760-421b-9adc-585f4441b441: 46 chunks; 0.9 s; peak memory 1194 MiB.
2026-10-08T13:47:49Z INFO [137/500] 5b11f703-a5cb-4662-a790-ddc041b69409: 51 chunks; 0.7 s; peak memory 1194 MiB.
2026-10-08T13:47:50Z INFO [138/500] 5b1291dc-79f3-44de-ada6-46ada59680b3: 48 chunks; 0.8 s; peak memory 1194 MiB.
2026-10-08T13:47:52Z INFO [139/500] 5b129d0a-266d-48e3-b97d-f83d37850d2a: 116 chunks; 2.0 s; peak memory 1194 MiB.
2026-10-08T13:48:01Z INFO [140/500] 5b12ec02-0557-4640-89f3-595693d56122: 21863 chunks; 9.7 s; peak memory 1194 MiB.
2026-10-08T13:48:03Z INFO [141/500] 5b13041c-5cb9-48dc-8d72-436d588e09cb: 112 chunks; 1.3 s; peak memory 1194 MiB.
2026-10-08T13:48:06Z INFO [142/500] 5b130644-00d0-4284-b32a-9e041335aa71: 584 chunks; 2.8 s; peak memory 1194 MiB.
2026-10-08T13:48:06Z INFO [143/500] 5b138e6a-affd-4dd9-b778-05d444259f86: 117 chunks; 0.9 s; peak memory 1194 MiB.
2026-10-08T13:48:07Z INFO [144/500] 5b140711-f05b-4206-be59-e719af49fd40: 275 chunks; 1.0 s; peak memory 1194 MiB.
2026-10-08T13:48:08Z INFO [145/500] 5b14096a-c112-412d-a53b-e72d791b53a3: 115 chunks; 0.8 s; peak memory 1194 MiB.
2026-10-08T13:48:09Z INFO [146/500] 5b148633-4a05-47e9-8278-577bcacb2fbf: 117 chunks; 0.9 s; peak memory 1194 MiB.
2026-10-08T13:48:10Z INFO [147/500] 5b1494fb-22c0-4237-a558-e7f2c18b1b46: 117 chunks; 0.7 s; peak memory 1194 MiB.
2026-10-08T13:48:21Z INFO [148/500] 5b14cbb5-2d01-4642-867e-a56ea9ad202e: 8495 chunks; 11.0 s; peak memory 1194 MiB.
2026-10-08T13:48:22Z INFO [149/500] 5b1634d4-60d8-499c-b5b8-496c6ac9e7ec: 116 chunks; 0.9 s; peak memory 1194 MiB.
2026-10-08T13:48:22Z INFO [150/500] 5b167890-4f80-47f3-a8cb-ef9b1c9aee5b: 117 chunks; 0.7 s; peak memory 1194 MiB.
2026-10-08T13:48:23Z INFO [150/500] 5b167890-4f80-47f3-a8cb-ef9b1c9aee5b: checkpointed 90984 records.
2026-10-08T14:17:01Z INFO [151/500] 5b16ff5b-2d04-497d-a22e-e2a28906a555: 515390 chunks; 1718.2 s; peak memory 1194 MiB.
2026-10-08T14:17:14Z INFO [152/500] 5b172f1a-3bc9-403b-a0c8-b9e80f5f2b45: 27642 chunks; 13.2 s; peak memory 1194 MiB.
2026-10-08T14:17:25Z INFO [153/500] 5b179608-14fd-421f-b7bf-da5ae9e3a947: 9014 chunks; 10.4 s; peak memory 1194 MiB.
2026-10-08T14:17:25Z INFO [154/500] 5b17a8e4-fe64-46ed-9765-bf8c00907a8d: 118 chunks; 0.9 s; peak memory 1194 MiB.
2026-10-08T14:17:29Z INFO [155/500] 5b17add7-3430-4c55-903b-6f361625147b: 6956 chunks; 3.8 s; peak memory 1194 MiB.
2026-10-08T14:17:37Z INFO [156/500] 5b17f653-0980-4a39-8a24-10e08d843eb3: 344 chunks; 7.3 s; peak memory 1194 MiB.
2026-10-08T14:17:38Z INFO [157/500] 5b1807ff-be45-4e05-adbc-d352357ea262: 204 chunks; 1.4 s; peak memory 1194 MiB.
2026-10-08T14:17:39Z INFO [158/500] 5b193e33-8ec1-4a6f-81be-75d6b790a7f9: 121 chunks; 0.8 s; peak memory 1194 MiB.
2026-10-08T14:17:39Z INFO [159/500] 5b19950f-d998-4723-9092-6747d6b02b6c: 69 chunks; 0.8 s; peak memory 1194 MiB.
2026-10-08T14:17:49Z INFO [160/500] 5b19a919-88ee-4636-bebf-9eacae0f8d5b: 557 chunks; 9.4 s; peak memory 1194 MiB.
2026-10-08T14:17:49Z INFO [161/500] 5b19e142-b682-467a-82aa-f2368b54775c: 69 chunks; 0.6 s; peak memory 1194 MiB.
2026-10-08T14:17:50Z INFO [162/500] 5b1a3908-0f32-47d8-aec8-ed83ebe7f64e: 48 chunks; 0.7 s; peak memory 1194 MiB.
2026-10-08T14:17:54Z INFO [163/500] 5b1a513d-e161-496c-8d02-737193c5c7bc: 2923 chunks; 3.8 s; peak memory 1194 MiB.
2026-10-08T14:17:55Z INFO [164/500] 5b1aedb3-4628-46ba-a46d-c574807ad456: 48 chunks; 0.8 s; peak memory 1194 MiB.
2026-10-08T14:17:56Z INFO [165/500] 5b1c800f-393f-41f5-b2a8-1a72e8892190: 112 chunks; 0.9 s; peak memory 1194 MiB.
2026-10-08T14:17:57Z INFO [166/500] 5b1c882b-2371-40b5-a533-7b1fd474dbc1: 117 chunks; 0.8 s; peak memory 1194 MiB.
2026-10-08T14:18:01Z INFO [167/500] 5b1cfba4-a229-41df-bc07-90adbff6afd6: 2923 chunks; 4.1 s; peak memory 1194 MiB.
2026-10-08T14:18:03Z INFO [168/500] 5b1e1674-46ee-4db4-aecc-8d24a63be784: 168 chunks; 1.9 s; peak memory 1194 MiB.
2026-10-08T14:18:03Z INFO [169/500] 5b1e4f63-adac-4334-9691-b239a34f1861: 118 chunks; 0.9 s; peak memory 1194 MiB.
2026-10-08T14:18:05Z INFO [170/500] 5b1e8dcd-d8dd-4b17-b514-fea6f97eabb1: 118 chunks; 1.9 s; peak memory 1194 MiB.
2026-10-08T14:18:06Z INFO [171/500] 5b1ebbfa-e50d-47df-8fe9-2b92dfcb462c: 46 chunks; 0.5 s; peak memory 1194 MiB.
2026-10-08T14:18:07Z INFO [172/500] 5b1f3d1c-b410-44e2-97ed-bd7ae498f233: 48 chunks; 0.8 s; peak memory 1194 MiB.
2026-10-08T14:18:14Z INFO [173/500] 5b1fd2a0-054c-4f2e-b2e0-2856675f3c5e: 12305 chunks; 7.9 s; peak memory 1194 MiB.
2026-10-08T14:18:19Z INFO [174/500] 5b1fdc42-4220-4c2c-b9ee-d3a726cd59cf: 12715 chunks; 4.6 s; peak memory 1194 MiB.
2026-10-08T14:18:20Z INFO [175/500] 5b201c0b-46ff-4b90-b49c-67724a37694f: 117 chunks; 0.9 s; peak memory 1194 MiB.
2026-10-08T14:18:21Z INFO [176/500] 5b218712-c1f3-43e2-b469-0b9a705d0053: 117 chunks; 1.1 s; peak memory 1194 MiB.
2026-10-08T14:18:25Z INFO [177/500] 5b21d5ec-8c04-4df8-a9f1-eac83e8a88d8: 2923 chunks; 4.4 s; peak memory 1194 MiB.
2026-10-08T14:18:28Z INFO [178/500] 5b21e05f-c494-43bb-8493-e197a26021b0: 80 chunks; 2.2 s; peak memory 1194 MiB.
2026-10-08T14:18:29Z INFO [179/500] 5b22b2eb-a816-4a89-9558-ed92260f7b73: 111 chunks; 1.0 s; peak memory 1194 MiB.
2026-10-08T14:18:29Z INFO [180/500] 5b233661-8692-41e0-b85f-471f94045ec4: 46 chunks; 0.7 s; peak memory 1194 MiB.
2026-10-08T14:18:36Z INFO [181/500] 5b2370b2-3dce-464c-bb23-979e308edd88: 20256 chunks; 6.3 s; peak memory 1194 MiB.
2026-10-08T14:18:36Z INFO [182/500] 5b23ce2d-44b0-4308-84c7-7af4dd92e9e5: 118 chunks; 0.8 s; peak memory 1194 MiB.
2026-10-08T14:18:37Z INFO [183/500] 5b23e27e-3035-4b8f-b855-df8d87f88ffe: 39 chunks; 0.8 s; peak memory 1194 MiB.
2026-10-08T14:18:38Z INFO [184/500] 5b24f144-8162-4275-98f2-a09ddb75c10f: 70 chunks; 1.1 s; peak memory 1194 MiB.
2026-10-08T14:18:39Z INFO [185/500] 5b24fccf-d22d-4227-95ef-befd5a3d6c64: 48 chunks; 0.6 s; peak memory 1194 MiB.
2026-10-08T14:18:40Z INFO [186/500] 5b250424-8409-4eae-816b-762c412be016: 48 chunks; 0.8 s; peak memory 1194 MiB.
2026-10-08T14:18:41Z INFO [187/500] 5b25c856-6bb9-4c98-9c61-0a331bce58a7: 116 chunks; 1.0 s; peak memory 1194 MiB.
2026-10-08T14:18:41Z INFO [188/500] 5b25dfd2-45c3-4d26-9485-ab97cdf29ac2: 46 chunks; 0.6 s; peak memory 1194 MiB.
2026-10-08T14:18:44Z INFO [189/500] 5b26c7ea-cbe1-4b7e-8dc4-5226ccac6837: 2617 chunks; 2.4 s; peak memory 1194 MiB.
2026-10-08T14:18:51Z INFO [190/500] 5b278cf0-d0c5-416f-8076-bb5519b3fc38: 4570 chunks; 7.0 s; peak memory 1194 MiB.
2026-10-08T14:18:51Z INFO [191/500] 5b291460-dc3f-4872-9d78-66687ab94742: 48 chunks; 0.7 s; peak memory 1194 MiB.
2026-10-08T14:19:01Z INFO [192/500] 5b292910-9290-4f92-b6c5-1a448c012e01: 2187 chunks; 10.0 s; peak memory 1194 MiB.
2026-10-08T14:19:02Z INFO [193/500] 5b299c88-2c79-4a03-979b-b1bc288f2e21: 56 chunks; 0.6 s; peak memory 1194 MiB.
2026-10-08T14:19:03Z INFO [194/500] 5b29a4a8-fb66-4066-acb0-6849917324f9: 39 chunks; 0.7 s; peak memory 1194 MiB.
2026-10-08T14:19:14Z INFO [195/500] 5b29a767-df32-4f92-91d8-dc7af5ec126f: 370 chunks; 11.0 s; peak memory 1194 MiB.
2026-10-08T14:19:14Z INFO [196/500] 5b29d917-2504-40e8-8d5b-262a5a2186c1: 69 chunks; 0.7 s; peak memory 1194 MiB.
2026-10-08T14:19:15Z INFO [197/500] 5b2a1f76-ba01-4d14-89c6-4600c21ae170: 48 chunks; 0.9 s; peak memory 1194 MiB.
2026-10-08T14:19:18Z INFO [198/500] 5b2a1fc6-a4c8-456a-99cc-370529107a8e: 2434 chunks; 2.5 s; peak memory 1194 MiB.
2026-10-08T14:19:19Z INFO [199/500] 5b2bb9e7-216a-4a7a-9410-fa6b84b31c9b: 112 chunks; 0.9 s; peak memory 1194 MiB.
2026-10-08T14:19:20Z INFO [200/500] 5b2bcac5-e3ca-416a-86ec-9bb4a0d3526e: 51 chunks; 1.2 s; peak memory 1194 MiB.
2026-10-08T14:19:20Z INFO [200/500] 5b2bcac5-e3ca-416a-86ec-9bb4a0d3526e: checkpointed 91034 records.
2026-10-08T14:19:21Z INFO [201/500] 5b2c0413-18d0-4b2d-9b1e-8bd2f7ab509a: 65 chunks; 0.7 s; peak memory 1194 MiB.
2026-10-08T14:19:22Z INFO [202/500] 5b2c0b03-d5d0-4711-bccf-5189e92fb2a4: 112 chunks; 1.0 s; peak memory 1194 MiB.
2026-10-08T14:19:23Z INFO [203/500] 5b2c56da-9bc4-4fce-a741-3ffecf35d1c6: 117 chunks; 1.0 s; peak memory 1194 MiB.
2026-10-08T14:19:23Z INFO [204/500] 5b2da2f3-1e23-4038-876b-2cc6c042e513: 33 chunks; 0.5 s; peak memory 1194 MiB.
2026-10-08T14:19:24Z INFO [205/500] 5b2dbf9a-a456-48ef-817d-1a10277537bd: 48 chunks; 0.7 s; peak memory 1194 MiB.
2026-10-08T14:19:25Z INFO [206/500] 5b2dcda0-d0e3-4bcc-b1a5-da91e680ef61: 62 chunks; 1.1 s; peak memory 1194 MiB.
2026-10-08T14:19:30Z INFO [207/500] 5b2de8c6-b7d9-464d-8642-0c25ec31ad41: 4151 chunks; 5.3 s; peak memory 1194 MiB.
2026-10-08T14:19:34Z INFO [208/500] 5b2deb06-ad7f-4479-a1bc-a0f36b924ef8: 368 chunks; 3.5 s; peak memory 1194 MiB.
2026-10-08T14:19:35Z INFO [209/500] 5b2df091-6f09-4937-9da8-aabff07d12ae: 45 chunks; 0.6 s; peak memory 1194 MiB.
2026-10-08T14:19:35Z INFO [210/500] 5b2e3150-9506-41e3-83f7-1e5e8aee9bf2: 74 chunks; 1.0 s; peak memory 1194 MiB.
2026-10-08T14:19:39Z INFO [211/500] 5b2ee1c6-fa3a-4e4d-81d4-c70e09ce5198: 5125 chunks; 3.4 s; peak memory 1194 MiB.
2026-10-08T14:19:40Z INFO [212/500] 5b3024cd-ab90-468b-8b62-16309cff89a8: 110 chunks; 1.0 s; peak memory 1194 MiB.
2026-10-08T14:19:44Z INFO [213/500] 5b31c832-816b-475c-b531-27efe35b930b: 672 chunks; 4.0 s; peak memory 1194 MiB.
2026-10-08T14:19:45Z INFO [214/500] 5b328b5f-e75d-471e-a989-d597c390d11c: 46 chunks; 0.8 s; peak memory 1194 MiB.
2026-10-08T14:19:46Z INFO [215/500] 5b329791-cc4b-4f66-882a-646fd38e708f: 111 chunks; 1.1 s; peak memory 1194 MiB.
2026-10-08T14:19:47Z INFO [216/500] 5b3362b7-db0d-43fa-9ec0-d15afabb684f: 112 chunks; 1.2 s; peak memory 1194 MiB.
2026-10-08T14:19:49Z INFO [217/500] 5b338315-bfc9-426f-9258-d3d44a39fd72: 1641 chunks; 2.5 s; peak memory 1194 MiB.
2026-10-08T14:19:57Z INFO [218/500] 5b340867-7575-4582-b616-82ba8bffb05a: 11594 chunks; 7.1 s; peak memory 1194 MiB.
2026-10-08T14:19:57Z INFO [219/500] 5b342963-0540-4acb-a332-851ce30ff095: 46 chunks; 0.7 s; peak memory 1194 MiB.
2026-10-08T14:19:58Z INFO [220/500] 5b357ea8-9293-4bc3-b141-39ed506f23c5: 21 chunks; 0.6 s; peak memory 1194 MiB.
2026-10-08T14:20:02Z INFO [221/500] 5b3592a4-cdd5-4ec1-a207-aee783008c16: 8516 chunks; 3.7 s; peak memory 1194 MiB.
2026-10-08T14:20:05Z INFO [222/500] 5b36699c-6c97-4dab-a6e1-b1c4bcdaa300: 2294 chunks; 3.2 s; peak memory 1194 MiB.
2026-10-08T14:20:06Z INFO [223/500] 5b373c65-0ab3-4e9d-a759-6091bb79ea6c: 71 chunks; 1.8 s; peak memory 1194 MiB.
2026-10-08T14:20:07Z INFO [224/500] 5b3801bd-f357-418f-8da6-06bef7b40cc0: 112 chunks; 1.0 s; peak memory 1194 MiB.
2026-10-08T14:20:08Z INFO [225/500] 5b3823f7-8da0-4017-bc1c-3435117e6aea: 112 chunks; 1.0 s; peak memory 1194 MiB.
2026-10-08T14:20:09Z INFO [226/500] 5b391584-2464-4774-9c7b-1b016747be2b: 117 chunks; 0.9 s; peak memory 1194 MiB.
2026-10-08T14:20:10Z INFO [227/500] 5b3927fb-a310-4501-af8f-87938a176cc6: 52 chunks; 0.8 s; peak memory 1194 MiB.
2026-10-08T14:20:11Z INFO [228/500] 5b39829e-ea89-4d1e-8677-84218db55da6: 70 chunks; 1.2 s; peak memory 1194 MiB.
2026-10-08T14:20:12Z INFO [229/500] 5b398652-6e17-4002-bffe-3e4b2ef1fa7f: 48 chunks; 1.0 s; peak memory 1194 MiB.
2026-10-08T14:20:22Z INFO [230/500] 5b3a01de-e1ea-493d-9f48-6068430ebe4d: 19707 chunks; 10.0 s; peak memory 1194 MiB.
2026-10-08T14:20:23Z INFO [231/500] 5b3a7305-12c4-46d7-b935-aaa3f779b7a9: 112 chunks; 1.1 s; peak memory 1194 MiB.
2026-10-08T14:20:24Z INFO [232/500] 5b3a7452-a0d6-4734-9be7-3a709e700b6f: 48 chunks; 0.8 s; peak memory 1194 MiB.
2026-10-08T14:20:27Z INFO [233/500] 5b3ad684-97c9-4d8f-bd38-c653e8e61777: 80 chunks; 2.4 s; peak memory 1194 MiB.
2026-10-08T14:20:28Z INFO [234/500] 5b3c8c6e-35a4-41df-bb33-f34fc97011a9: 937 chunks; 1.4 s; peak memory 1194 MiB.
2026-10-08T14:20:34Z INFO [235/500] 5b3cc0f8-2a6e-4926-bf9c-1f76e70a316c: 11662 chunks; 6.2 s; peak memory 1194 MiB.
2026-10-08T14:20:36Z INFO [236/500] 5b3cd9af-dcfe-4ac4-9aee-e88895c7b56a: 1451 chunks; 2.2 s; peak memory 1194 MiB.
2026-10-08T14:22:48Z INFO [237/500] 5b3ce271-e3a8-4767-92cd-0e79b82e99a8: 37909 chunks; 132.1 s; peak memory 1194 MiB.
2026-10-08T14:23:01Z INFO [238/500] 5b3d2170-9244-4068-a3de-619e1e5cac79: 8232 chunks; 12.7 s; peak memory 1194 MiB.
2026-10-08T14:23:02Z INFO [239/500] 5b3d9300-c37b-4dc4-a96d-283dfa94ec72: 112 chunks; 0.9 s; peak memory 1194 MiB.
2026-10-08T14:23:04Z INFO [240/500] 5b3e92dd-baa9-4863-b715-1a684fb7f87b: 1951 chunks; 2.1 s; peak memory 1194 MiB.
2026-10-08T14:23:05Z INFO [241/500] 5b3f1590-c845-491d-b10c-2fd7f57300c1: 48 chunks; 0.8 s; peak memory 1194 MiB.
2026-10-08T14:23:06Z INFO [242/500] 5b3f8282-48dd-4f09-b248-8a2a86288392: 118 chunks; 1.0 s; peak memory 1194 MiB.
2026-10-08T14:27:15Z INFO [243/500] 5b404388-9a8e-45dd-b78a-80c51730c017: 87865 chunks; 249.5 s; peak memory 1194 MiB.
2026-10-08T14:27:17Z INFO [244/500] 5b40f242-6eed-4be8-a023-b63b51383941: 119 chunks; 1.7 s; peak memory 1194 MiB.
2026-10-08T14:27:19Z INFO [245/500] 5b414627-e92e-4d95-96ce-8737950a1689: 528 chunks; 1.9 s; peak memory 1194 MiB.
2026-10-08T14:27:21Z INFO [246/500] 5b4368bd-ecd6-485b-9b5a-b72a97f53e3a: 94 chunks; 1.8 s; peak memory 1194 MiB.
2026-10-08T14:27:21Z INFO [247/500] 5b43a20f-b82f-41ac-8701-428bcc044eac: 54 chunks; 0.7 s; peak memory 1194 MiB.
2026-10-08T14:27:23Z INFO [248/500] 5b43d651-066a-4820-838e-9e28dad0e534: 112 chunks; 1.2 s; peak memory 1194 MiB.
2026-10-08T14:27:23Z INFO [249/500] 5b43f3b9-d748-411a-8aa0-0944933a4967: 69 chunks; 0.7 s; peak memory 1194 MiB.
2026-10-08T14:27:24Z INFO [250/500] 5b4411ee-1295-4d1e-8c2d-e57a114975f5: 48 chunks; 0.8 s; peak memory 1194 MiB.
2026-10-08T14:27:24Z INFO [250/500] 5b4411ee-1295-4d1e-8c2d-e57a114975f5: checkpointed 91084 records.
2026-10-08T14:27:26Z INFO [251/500] 5b445b40-dec0-40f3-9d15-453b7a27496c: 101 chunks; 1.3 s; peak memory 1194 MiB.
2026-10-08T14:27:28Z INFO [252/500] 5b451d0b-2191-42bc-8000-86f43df2a5e8: 138 chunks; 1.8 s; peak memory 1194 MiB.
2026-10-08T14:27:30Z INFO [253/500] 5b456fb2-4bda-47cb-90cb-c7b2df24d742: 191 chunks; 1.9 s; peak memory 1194 MiB.
2026-10-08T14:27:31Z INFO [254/500] 5b458acf-c088-4fb3-965b-08499aed0702: 117 chunks; 1.0 s; peak memory 1194 MiB.
2026-10-08T14:29:41Z INFO [255/500] 5b469684-976b-4d97-8e5c-f1f8debbf617: 40599 chunks; 130.8 s; peak memory 1194 MiB.
2026-10-08T14:29:42Z INFO [256/500] 5b46d9b2-b855-47f9-aa8c-8207ed37dbd9: 112 chunks; 1.0 s; peak memory 1194 MiB.
2026-10-08T14:29:43Z INFO [257/500] 5b47391a-9e96-489c-960d-f9dc52c4efe5: 46 chunks; 0.6 s; peak memory 1194 MiB.
2026-10-08T14:29:44Z INFO [258/500] 5b47418e-6486-48a8-9b8a-7ee5b05cdd5c: 117 chunks; 1.0 s; peak memory 1194 MiB.
2026-10-08T14:31:51Z INFO [259/500] 5b4790d2-6ca4-46b6-8d3d-e1e601c48750: 38302 chunks; 127.3 s; peak memory 1194 MiB.
2026-10-08T14:31:55Z INFO [260/500] 5b4807f3-df47-4345-b234-149aec169b83: 3450 chunks; 3.3 s; peak memory 1194 MiB.
2026-10-08T14:32:00Z INFO [261/500] 5b492900-7977-4c55-adb4-e7d5fc4ab991: 336 chunks; 5.9 s; peak memory 1194 MiB.
2026-10-08T14:32:01Z INFO [262/500] 5b4a3acc-530c-4280-a867-1ecd7d3b56a2: 52 chunks; 0.6 s; peak memory 1194 MiB.
2026-10-08T14:32:02Z INFO [263/500] 5b4a3b86-2688-456f-b44b-fabb00314a41: 117 chunks; 1.0 s; peak memory 1194 MiB.
2026-10-08T14:32:06Z INFO [264/500] 5b4a8884-2fbe-46e3-bdff-9f213db27a3c: 2923 chunks; 3.9 s; peak memory 1194 MiB.
2026-10-08T14:32:07Z INFO [265/500] 5b4abba0-8e1d-4712-9b8d-ec1f83748322: 63 chunks; 0.7 s; peak memory 1194 MiB.
2026-10-08T14:32:19Z INFO [266/500] 5b4b3fae-90df-4cdc-ae5f-1d049df4b1f1: 35944 chunks; 11.9 s; peak memory 1194 MiB.
2026-10-08T14:32:23Z INFO [267/500] 5b4b9946-944b-44a9-a97b-6a88fea352cc: 2084 chunks; 4.5 s; peak memory 1194 MiB.
2026-10-08T14:32:24Z INFO [268/500] 5b4c68ac-1082-44cf-98d5-7106ed887f58: 69 chunks; 1.1 s; peak memory 1194 MiB.
2026-10-08T14:32:25Z INFO [269/500] 5b4d3175-9f2a-49e7-bdc8-932fc3cff91c: 118 chunks; 0.9 s; peak memory 1194 MiB.
2026-10-08T14:32:26Z INFO [270/500] 5b4d443f-2094-4585-8b1d-d2087bbfe9a5: 45 chunks; 0.6 s; peak memory 1194 MiB.
2026-10-08T14:32:27Z INFO [271/500] 5b4d7d2c-2107-49fc-8364-71d14fa05354: 117 chunks; 0.9 s; peak memory 1194 MiB.
2026-10-08T14:32:28Z INFO [272/500] 5b4e862a-05de-4c74-bcb2-17aa863c09c9: 112 chunks; 1.0 s; peak memory 1194 MiB.
2026-10-08T14:32:36Z INFO [273/500] 5b50769c-3332-4bed-adbb-89ac233e91da: 11601 chunks; 8.1 s; peak memory 1194 MiB.
2026-10-08T14:32:37Z INFO [274/500] 5b508eb5-28c8-4f42-b19a-922ea8d9761c: 116 chunks; 0.9 s; peak memory 1194 MiB.
2026-10-08T14:32:38Z INFO [275/500] 5b50d985-aa06-46b6-94e9-237eae782f11: 77 chunks; 0.9 s; peak memory 1194 MiB.
2026-10-08T14:32:38Z INFO [276/500] 5b5251a4-daae-444b-8c75-a8fc875ed735: 48 chunks; 0.7 s; peak memory 1194 MiB.
2026-10-08T14:32:40Z INFO [277/500] 5b5272bf-a6ee-45ee-8d0b-4b99a2b801c2: 119 chunks; 1.8 s; peak memory 1194 MiB.
2026-10-08T14:32:41Z INFO [278/500] 5b538f3a-8564-428d-8d4e-95be1f238f3f: 48 chunks; 0.8 s; peak memory 1194 MiB.
2026-10-08T14:32:43Z INFO [279/500] 5b53a671-f60f-452f-a9e2-aa72d2caddef: 90 chunks; 2.1 s; peak memory 1194 MiB.
2026-10-08T14:32:44Z INFO [280/500] 5b53a9ef-cfa7-49da-ba1a-9adc65030ed4: 51 chunks; 1.0 s; peak memory 1194 MiB.
2026-10-08T14:32:45Z INFO [281/500] 5b541d4a-7693-417e-9697-5b6049cd0f99: 48 chunks; 0.7 s; peak memory 1194 MiB.
2026-10-08T14:32:45Z INFO [282/500] 5b544544-dad2-4070-93b3-c327c6ca1ed2: 52 chunks; 0.8 s; peak memory 1194 MiB.
2026-10-08T14:32:54Z INFO [283/500] 5b547759-0368-47ff-abab-82cc7f8b7455: 3316 chunks; 8.7 s; peak memory 1194 MiB.
2026-10-08T14:32:55Z INFO [284/500] 5b549cc5-4e75-4686-8118-b47abd824741: 69 chunks; 1.1 s; peak memory 1194 MiB.
2026-10-08T14:32:56Z INFO [285/500] 5b567faf-c1db-4998-951a-388a45f7b065: 69 chunks; 0.6 s; peak memory 1194 MiB.
2026-10-08T14:32:56Z INFO [286/500] 5b569291-d884-4877-a4e3-cf90e0ad6b40: 57 chunks; 0.6 s; peak memory 1194 MiB.
2026-10-08T14:32:57Z INFO [287/500] 5b56de0c-3038-430a-a36e-b6d77b6e4917: 112 chunks; 0.9 s; peak memory 1194 MiB.
2026-10-08T14:32:58Z INFO [288/500] 5b574018-4d28-49ca-a938-611819012f00: 46 chunks; 0.6 s; peak memory 1194 MiB.
2026-10-08T14:32:59Z INFO [289/500] 5b57830f-67ae-4d08-9c60-52b982352e4f: 112 chunks; 1.0 s; peak memory 1194 MiB.
2026-10-08T14:32:59Z INFO [290/500] 5b58d257-759d-4b61-89b1-bb3d85ca35ed: 46 chunks; 0.6 s; peak memory 1194 MiB.
2026-10-08T14:33:00Z INFO [291/500] 5b5964a4-09f1-4679-a3e5-eb90b02d9dc8: 48 chunks; 0.7 s; peak memory 1194 MiB.
2026-10-08T14:33:01Z INFO [292/500] 5b5969cf-e949-4042-b669-75cddad1ab4c: 76 chunks; 0.7 s; peak memory 1194 MiB.
2026-10-08T14:33:02Z INFO [293/500] 5b599ebf-23f4-4706-963b-89f1915efa0e: 118 chunks; 0.8 s; peak memory 1194 MiB.
2026-10-08T14:33:02Z INFO [294/500] 5b59a12e-1b4e-4942-82db-3891655bd9ce: 48 chunks; 0.7 s; peak memory 1194 MiB.
2026-10-08T14:33:06Z INFO [295/500] 5b59e5c7-10f5-4e43-b36b-7aa05f6921b0: 11432 chunks; 3.6 s; peak memory 1194 MiB.
2026-10-08T14:33:07Z INFO [296/500] 5b59f177-41da-4527-ae4d-dc158a8cb965: 48 chunks; 0.9 s; peak memory 1194 MiB.
2026-10-08T14:33:08Z INFO [297/500] 5b5a0181-89b3-4b41-a24e-ea5d37448817: 173 chunks; 1.5 s; peak memory 1194 MiB.
2026-10-08T14:33:09Z INFO [298/500] 5b5a4dc9-b07d-4431-a4f2-9a3b2b92dd6d: 48 chunks; 0.7 s; peak memory 1194 MiB.
2026-10-08T14:33:11Z INFO [299/500] 5b5a9b08-476c-4767-88ba-bd867e791f7c: 116 chunks; 1.6 s; peak memory 1194 MiB.
2026-10-08T14:33:11Z INFO [300/500] 5b5b3355-812a-4609-aaab-3719c8ec2904: 46 chunks; 0.5 s; peak memory 1194 MiB.
2026-10-08T14:33:11Z INFO [300/500] 5b5b3355-812a-4609-aaab-3719c8ec2904: checkpointed 91134 records.
2026-10-08T14:33:12Z INFO [301/500] 5b5e4ba1-17c3-41ad-b3a9-aac0292d0234: 47 chunks; 0.6 s; peak memory 1194 MiB.
2026-10-08T14:33:14Z INFO [302/500] 5b5ec88a-78a4-40ea-8a8a-296db145ae56: 114 chunks; 1.8 s; peak memory 1194 MiB.
2026-10-08T14:33:15Z INFO [303/500] 5b5ed350-024b-4307-9632-5e862899ce53: 118 chunks; 0.8 s; peak memory 1194 MiB.
2026-10-08T14:33:15Z INFO [304/500] 5b5f4ffc-8844-4315-bbc7-b2ff4e9ee1e5: 48 chunks; 0.6 s; peak memory 1194 MiB.
2026-10-08T14:33:16Z INFO [305/500] 5b5fba28-561c-4682-8fff-dd119bd69a25: 57 chunks; 0.7 s; peak memory 1194 MiB.
2026-10-08T14:33:17Z INFO [306/500] 5b60f015-d489-48fd-a126-2c9a6b2dcc20: 48 chunks; 0.8 s; peak memory 1194 MiB.
2026-10-08T14:33:18Z INFO [307/500] 5b60f118-7a7b-4b61-93ce-4467642af64d: 66 chunks; 1.1 s; peak memory 1194 MiB.
2026-10-08T14:33:22Z INFO [308/500] 5b61c13f-1167-47ba-97b4-e8c752404f0e: 644 chunks; 3.9 s; peak memory 1194 MiB.
2026-10-08T14:33:23Z INFO [309/500] 5b61c9f2-fa8a-4f51-a12b-a8e04b9ece94: 48 chunks; 0.8 s; peak memory 1194 MiB.
2026-10-08T14:33:23Z INFO [310/500] 5b61fe4f-0094-4452-b794-bdf86d19590d: 48 chunks; 0.7 s; peak memory 1194 MiB.
2026-10-08T14:33:24Z INFO [311/500] 5b629a97-e697-4bc7-abeb-147353e55e51: 70 chunks; 1.2 s; peak memory 1194 MiB.
2026-10-08T14:33:25Z INFO [312/500] 5b629e06-f3d1-4b96-84b5-311e1015d05d: 62 chunks; 1.0 s; peak memory 1194 MiB.
2026-10-08T14:33:29Z INFO [313/500] 5b636646-d4d7-49fc-8b7b-6a79859697c2: 546 chunks; 3.9 s; peak memory 1194 MiB.
2026-10-08T14:33:30Z INFO [314/500] 5b647726-95f6-4aef-88fc-3a54d33301c3: 74 chunks; 0.8 s; peak memory 1194 MiB.
2026-10-08T14:33:31Z INFO [315/500] 5b64ebd4-d24b-4bca-a12a-d6a55f68cacd: 46 chunks; 0.5 s; peak memory 1194 MiB.
2026-10-08T14:33:32Z INFO [316/500] 5b655586-9d87-46d7-9a3c-633747bfaf79: 118 chunks; 0.9 s; peak memory 1194 MiB.
2026-10-08T14:33:32Z INFO [317/500] 5b655789-4790-48b6-b952-c4447959f8eb: 117 chunks; 0.9 s; peak memory 1194 MiB.
2026-10-08T14:33:33Z INFO [318/500] 5b662328-2a95-4c95-b8d7-9f64a7340c24: 110 chunks; 1.0 s; peak memory 1194 MiB.
2026-10-08T14:33:34Z INFO [319/500] 5b67e80d-9d26-40ff-b4ea-ea7ac94fb6ef: 112 chunks; 1.0 s; peak memory 1194 MiB.
2026-10-08T14:33:36Z INFO [320/500] 5b68450f-0b90-4cfc-8705-63841428b74b: 71 chunks; 1.7 s; peak memory 1194 MiB.
2026-10-08T14:33:45Z INFO [321/500] 5b69a4a1-1040-4ae7-a25c-64caf4e1da31: 12181 chunks; 9.0 s; peak memory 1194 MiB.
2026-10-08T14:33:46Z INFO [322/500] 5b6a1e53-26f9-4b1a-89ff-e9a556fcc57f: 112 chunks; 0.9 s; peak memory 1194 MiB.
2026-10-08T14:33:47Z INFO [323/500] 5b6b2d46-c56e-4df7-a551-b7337eb9b36a: 50 chunks; 0.7 s; peak memory 1194 MiB.
2026-10-08T14:33:50Z INFO [324/500] 5b6c2cb1-a610-4e2c-b109-628d5395013c: 484 chunks; 3.7 s; peak memory 1194 MiB.
2026-10-08T14:33:51Z INFO [325/500] 5b6c4d82-b1db-49d1-93c2-6cb0eb075dd5: 52 chunks; 0.7 s; peak memory 1194 MiB.
2026-10-08T14:34:04Z INFO [326/500] 5b6c805f-ef3b-4f7d-ac4f-187698630468: 3840 chunks; 12.9 s; peak memory 1194 MiB.
2026-10-08T14:34:05Z INFO [327/500] 5b6ce32a-1155-4223-8380-62cb823f90dc: 117 chunks; 0.7 s; peak memory 1194 MiB.
2026-10-08T14:34:10Z INFO [328/500] 5b6e2fdd-84ef-468d-a492-270f897c2f27: 29344 chunks; 5.7 s; peak memory 1194 MiB.
2026-10-08T14:34:11Z INFO [329/500] 5b6e4cbd-4624-40c8-b629-6858acd47a23: 112 chunks; 1.0 s; peak memory 1194 MiB.
2026-10-08T14:34:12Z INFO [330/500] 5b6e80b4-3642-4914-8a36-e28ea8045b73: 118 chunks; 0.9 s; peak memory 1194 MiB.
2026-10-08T14:34:14Z INFO [331/500] 5b703269-dcce-428b-ac7c-723c6edcaa78: 71 chunks; 1.4 s; peak memory 1194 MiB.
2026-10-08T14:34:20Z INFO [332/500] 5b70a901-6cf4-41a7-9062-5627d55ba9f4: 10438 chunks; 6.2 s; peak memory 1194 MiB.
2026-10-08T14:34:20Z INFO [333/500] 5b713eca-dc95-4aa3-ab1b-3ce5bb20c4f1: 33 chunks; 0.5 s; peak memory 1194 MiB.
2026-10-08T14:34:21Z INFO [334/500] 5b72697d-2405-4c20-b947-2b01d3e85fb4: 48 chunks; 0.8 s; peak memory 1194 MiB.
2026-10-08T14:34:22Z INFO [335/500] 5b728e2e-12bc-463e-82d6-fb6ac3e58762: 66 chunks; 1.2 s; peak memory 1194 MiB.
2026-10-08T14:34:23Z INFO [336/500] 5b7363d8-0de8-4162-8ac9-0a4ea523904b: 48 chunks; 0.8 s; peak memory 1194 MiB.
2026-10-08T14:34:24Z INFO [337/500] 5b749390-0449-49a1-bcf2-daa92805f6ed: 158 chunks; 1.3 s; peak memory 1194 MiB.
2026-10-08T14:34:26Z INFO [338/500] 5b751791-5592-4c2f-aebd-b2ae47e41008: 71 chunks; 1.2 s; peak memory 1194 MiB.
2026-10-08T14:34:27Z INFO [339/500] 5b75ca31-6eec-432a-b292-2febb539cc94: 71 chunks; 1.3 s; peak memory 1194 MiB.
2026-10-08T14:34:28Z INFO [340/500] 5b761727-c003-4e40-8048-fdfe40383a7e: 933 chunks; 1.5 s; peak memory 1194 MiB.
2026-10-08T14:34:29Z INFO [341/500] 5b76e8ef-1330-4791-a3e2-6e94995d254a: 48 chunks; 0.8 s; peak memory 1194 MiB.
2026-10-08T14:34:30Z INFO [342/500] 5b77dcbc-cdb1-4b1c-853d-e0f73f550ae8: 50 chunks; 0.7 s; peak memory 1194 MiB.
2026-10-08T14:34:31Z INFO [343/500] 5b79601f-6515-4efa-af5d-ddd24e4dba1e: 69 chunks; 1.1 s; peak memory 1194 MiB.
2026-10-08T14:34:35Z INFO [344/500] 5b7967ef-471b-44ad-b481-39a78f86511c: 341 chunks; 3.7 s; peak memory 1194 MiB.
2026-10-08T14:34:35Z INFO [345/500] 5b79f771-28bc-4a55-abda-64dae7ebc21e: 46 chunks; 0.5 s; peak memory 1194 MiB.
2026-10-08T14:34:36Z INFO [346/500] 5b7a6bfc-1558-4d14-9c5b-02b99e40e4c9: 118 chunks; 1.0 s; peak memory 1194 MiB.
2026-10-08T14:34:44Z INFO [347/500] 5b7ab283-a66b-4e6c-a810-b2474c1daac7: 11364 chunks; 8.1 s; peak memory 1194 MiB.
2026-10-08T14:35:26Z INFO [348/500] 5b7aff10-fd4f-45b3-82d8-c76c2d9e480a: 22837 chunks; 41.8 s; peak memory 1194 MiB.
2026-10-08T14:35:27Z INFO [349/500] 5b7b91b9-3168-41ad-b9aa-0db41c411669: 79 chunks; 0.7 s; peak memory 1194 MiB.
2026-10-08T14:35:29Z INFO [350/500] 5b7c3085-771e-4ca7-8fb9-6d5a24275954: 116 chunks; 1.9 s; peak memory 1194 MiB.
2026-10-08T14:35:29Z INFO [350/500] 5b7c3085-771e-4ca7-8fb9-6d5a24275954: checkpointed 91184 records.
2026-10-08T14:35:30Z INFO [351/500] 5b7c3b23-d1fa-4c3c-afe0-788fdd67a314: 48 chunks; 0.9 s; peak memory 1194 MiB.
2026-10-08T14:35:31Z INFO [352/500] 5b7d1f67-a5d2-44da-ac52-9ff4f4aa7dc4: 116 chunks; 0.9 s; peak memory 1194 MiB.
2026-10-08T14:35:32Z INFO [353/500] 5b7d44bf-a200-4e00-87e4-9b608dff4b3e: 117 chunks; 0.8 s; peak memory 1194 MiB.
2026-10-08T14:35:33Z INFO [354/500] 5b7d8cf2-a5c4-4f19-96c4-2167f94ebaf6: 71 chunks; 1.5 s; peak memory 1194 MiB.
2026-10-08T14:35:37Z INFO [355/500] 5b7dca95-1982-4ebd-9859-3bfdc2a5fc92: 2923 chunks; 4.0 s; peak memory 1194 MiB.
2026-10-08T14:35:38Z INFO [356/500] 5b7e3731-02c5-4aa4-95b4-c0d37dcf547a: 74 chunks; 1.1 s; peak memory 1194 MiB.
2026-10-08T14:35:39Z INFO [357/500] 5b7ea274-7417-41c5-b8e9-a603f57afbda: 48 chunks; 0.9 s; peak memory 1194 MiB.
2026-10-08T14:35:40Z INFO [358/500] 5b7f39d6-8b5b-4003-b752-a5136ea974be: 71 chunks; 1.3 s; peak memory 1194 MiB.
2026-10-08T14:35:41Z INFO [359/500] 5b800db0-0e37-4ad7-876f-7a314e786f8a: 117 chunks; 1.0 s; peak memory 1194 MiB.
2026-10-08T14:35:42Z INFO [360/500] 5b812a5d-acd4-4032-bf9b-c669421e193b: 52 chunks; 0.9 s; peak memory 1194 MiB.
2026-10-08T14:35:43Z INFO [361/500] 5b81b47a-51bf-4522-a040-cfed4ef7a0a2: 112 chunks; 0.9 s; peak memory 1194 MiB.
2026-10-08T14:35:44Z INFO [362/500] 5b81f14d-16b3-4511-8693-cc9ae08f5165: 48 chunks; 0.7 s; peak memory 1194 MiB.
2026-10-08T14:35:50Z INFO [363/500] 5b826955-c039-4097-8acf-3b2410bb3809: 20321 chunks; 5.9 s; peak memory 1194 MiB.
2026-10-08T14:37:51Z INFO [364/500] 5b826cb5-dc67-46c5-905c-6e0de81768a0: 32838 chunks; 120.7 s; peak memory 1194 MiB.
2026-10-08T14:37:51Z INFO [365/500] 5b82de49-6228-4ecd-a654-4c0bbc385b39: 112 chunks; 1.0 s; peak memory 1194 MiB.
2026-10-08T14:37:52Z INFO [366/500] 5b8387c0-4df0-4c9d-9b69-7bddc796e9b2: 48 chunks; 0.8 s; peak memory 1194 MiB.
2026-10-08T14:37:56Z INFO [367/500] 5b85939c-0777-4e27-9264-1e1153fe8a7c: 1444 chunks; 3.9 s; peak memory 1194 MiB.
2026-10-08T14:38:19Z INFO [368/500] 5b85fd13-5298-45c8-a436-042081d461d3: 6054 chunks; 23.2 s; peak memory 1194 MiB.
2026-10-08T14:38:42Z INFO [369/500] 5b862e59-3358-4095-afda-0cf186811cc2: 6040 chunks; 22.7 s; peak memory 1194 MiB.
2026-10-08T14:38:43Z INFO [370/500] 5b86a45f-3974-4ce0-a6ba-5ff05a58491d: 118 chunks; 0.9 s; peak memory 1194 MiB.
2026-10-08T14:38:45Z INFO [371/500] 5b87c6e8-0c45-462e-a3c8-ae3f2aa76b98: 285 chunks; 1.7 s; peak memory 1194 MiB.
2026-10-08T14:38:46Z INFO [372/500] 5b87c83c-4448-48b0-8f19-5f02cc1845f2: 71 chunks; 1.1 s; peak memory 1194 MiB.
2026-10-08T14:38:47Z INFO [373/500] 5b8805c8-f28b-401a-b97a-8d2c13fb4691: 117 chunks; 0.9 s; peak memory 1194 MiB.
2026-10-08T14:38:48Z INFO [374/500] 5b88fe08-0139-4074-8d73-ff0c62bf665a: 74 chunks; 1.1 s; peak memory 1194 MiB.
2026-10-08T14:38:52Z INFO [375/500] 5b891ae4-db62-4e1b-9efe-61fc1815c654: 2923 chunks; 4.0 s; peak memory 1194 MiB.
2026-10-08T14:38:53Z INFO [376/500] 5b89efcc-ca2c-4eca-8bba-f3e2b1884855: 119 chunks; 1.3 s; peak memory 1194 MiB.
2026-10-08T14:39:01Z INFO [377/500] 5b8a04b1-1dd1-4e87-be5a-b74754e8076a: 10332 chunks; 8.2 s; peak memory 1194 MiB.
2026-10-08T14:39:02Z INFO [378/500] 5b8a44ac-c883-4f92-91e5-9f98381766c5: 48 chunks; 0.9 s; peak memory 1194 MiB.
2026-10-08T14:39:03Z INFO [379/500] 5b8a554a-4494-4a38-bf46-b2968475ec34: 110 chunks; 0.9 s; peak memory 1194 MiB.
2026-10-08T14:39:05Z INFO [380/500] 5b8ac7e7-09ba-44c3-a0fc-92baa97dd3f9: 156 chunks; 2.1 s; peak memory 1194 MiB.
2026-10-08T14:39:06Z INFO [381/500] 5b8af44c-99b9-492a-95d5-076b9fe2d61f: 46 chunks; 0.6 s; peak memory 1194 MiB.
2026-10-08T14:39:07Z INFO [382/500] 5b8b95d3-fa5f-4202-8923-ef036882a307: 117 chunks; 0.9 s; peak memory 1194 MiB.
2026-10-08T14:39:08Z INFO [383/500] 5b8b9aca-d033-4802-9c8b-b4c798972211: 33 chunks; 0.7 s; peak memory 1194 MiB.
2026-10-08T14:39:09Z INFO [384/500] 5b8bd713-824f-4c4a-88aa-8e2ca6534f8b: 71 chunks; 1.7 s; peak memory 1194 MiB.
2026-10-08T14:39:10Z INFO [385/500] 5b8c1646-4724-4e1a-96dc-27faeb8b6c24: 48 chunks; 0.7 s; peak memory 1194 MiB.
2026-10-08T14:39:43Z INFO [386/500] 5b8d3535-14a2-4e4d-a078-db24e6a8a945: 20786 chunks; 33.4 s; peak memory 1194 MiB.
2026-10-08T14:39:44Z INFO [387/500] 5b8dc672-55ba-4293-9fce-23ad8a8242d6: 117 chunks; 0.8 s; peak memory 1194 MiB.
2026-10-08T14:39:45Z INFO [388/500] 5b8fa245-f01a-40e6-9e23-067f00bd37be: 117 chunks; 1.0 s; peak memory 1194 MiB.
2026-10-08T14:39:47Z INFO [389/500] 5b907c57-df03-4a62-8017-6990c48ba373: 119 chunks; 1.6 s; peak memory 1194 MiB.
2026-10-08T14:39:48Z INFO [390/500] 5b908633-e854-46d5-b0bb-999b2e015ad6: 112 chunks; 0.7 s; peak memory 1194 MiB.
2026-10-08T14:39:48Z INFO [391/500] 5b90b4af-2632-4060-9a1b-a7130a96e9a1: 41 chunks; 0.6 s; peak memory 1194 MiB.
2026-10-08T14:39:49Z INFO [392/500] 5b911003-8b42-4a0e-80d9-557f80e097c7: 118 chunks; 0.9 s; peak memory 1194 MiB.
2026-10-08T14:39:54Z INFO [393/500] 5b91d24c-a7ec-4bea-bcc8-0ab21b84ec86: 611 chunks; 5.0 s; peak memory 1194 MiB.
2026-10-08T14:40:01Z INFO [394/500] 5b928216-1fec-4b75-8ef2-855289c24166: 11587 chunks; 7.1 s; peak memory 1194 MiB.
2026-10-08T14:40:02Z INFO [395/500] 5b92ea74-52b5-4d0e-84c5-5cacc45708c5: 48 chunks; 0.7 s; peak memory 1194 MiB.
2026-10-08T14:40:03Z INFO [396/500] 5b947799-5ac4-49d9-8c11-65ea5ebe36ae: 115 chunks; 0.7 s; peak memory 1194 MiB.
2026-10-08T14:40:03Z INFO [397/500] 5b947f8c-0072-458e-9f4e-6c9da2f17705: 48 chunks; 0.7 s; peak memory 1194 MiB.
2026-10-08T14:40:04Z INFO [398/500] 5b94d258-2768-4a23-8891-3cbb77b48330: 52 chunks; 0.5 s; peak memory 1194 MiB.
2026-10-08T14:40:05Z INFO [399/500] 5b952a53-66ff-438f-9944-f7a9d5964a5e: 110 chunks; 0.9 s; peak memory 1194 MiB.
2026-10-08T14:40:06Z INFO [400/500] 5b955a75-446e-43fd-a804-7b672cc9cb39: 997 chunks; 1.5 s; peak memory 1194 MiB.
2026-10-08T14:40:07Z INFO [400/500] 5b955a75-446e-43fd-a804-7b672cc9cb39: checkpointed 91234 records.
2026-10-08T14:40:08Z INFO [401/500] 5b9603d4-c31a-4618-bf07-a3ba0c30ab55: 72 chunks; 1.1 s; peak memory 1194 MiB.
2026-10-08T14:40:08Z INFO [402/500] 5b975a23-ffcf-4e0b-9974-b2407785ef48: 48 chunks; 0.8 s; peak memory 1194 MiB.
2026-10-08T14:40:10Z INFO [403/500] 5b977ae0-3c12-434f-a791-1f290eea6061: 133 chunks; 1.5 s; peak memory 1194 MiB.
2026-10-08T14:40:11Z INFO [404/500] 5b97a7b4-9828-40be-bc44-a83cc2319af5: 59 chunks; 1.0 s; peak memory 1194 MiB.
2026-10-08T14:40:12Z INFO [405/500] 5b97b801-a189-4018-ada8-4a70a62c594b: 50 chunks; 1.0 s; peak memory 1194 MiB.
2026-10-08T14:40:13Z INFO [406/500] 5b97c773-1cff-44cf-8cf7-7f1f4bf63ec3: 933 chunks; 1.5 s; peak memory 1194 MiB.
2026-10-08T15:07:34Z INFO [407/500] 5b97c8e7-385f-48a7-932e-11725c06dca6: 543940 chunks; 1641.2 s; peak memory 1214 MiB.
2026-10-08T15:07:35Z INFO [408/500] 5b97e36e-f8d8-4eac-8f86-4828db5cc07e: 112 chunks; 1.0 s; peak memory 1214 MiB.
2026-10-08T15:07:36Z INFO [409/500] 5b9821ce-6fe0-4db8-a37e-edcb378835b5: 48 chunks; 1.0 s; peak memory 1214 MiB.
2026-10-08T15:07:37Z INFO [410/500] 5b9925f4-c79f-4b69-9e77-f7a849a8c682: 48 chunks; 1.0 s; peak memory 1214 MiB.
2026-10-08T15:11:45Z INFO [411/500] 5b992d97-96c8-4758-a4dd-ee7dfd5cfd39: 75234 chunks; 247.9 s; peak memory 1214 MiB.
2026-10-08T15:11:47Z INFO [412/500] 5b999b95-541e-4377-ad5d-4e66b3ec0282: 997 chunks; 1.8 s; peak memory 1214 MiB.
2026-10-08T15:11:48Z INFO [413/500] 5b99d323-f764-477d-83ca-a0d5359d768d: 52 chunks; 1.2 s; peak memory 1214 MiB.
2026-10-08T15:11:49Z INFO [414/500] 5b99e7b3-af54-419f-a21a-a5468f77e775: 117 chunks; 0.8 s; peak memory 1214 MiB.
2026-10-08T15:12:01Z INFO [415/500] 5b9a8488-9fcb-496b-a68d-aeb961b5640c: 30635 chunks; 11.5 s; peak memory 1214 MiB.
2026-10-08T15:12:02Z INFO [416/500] 5b9a89bb-8a27-4889-b667-c96901e78189: 997 chunks; 1.7 s; peak memory 1214 MiB.
2026-10-08T15:12:03Z INFO [417/500] 5b9db986-ffac-4c14-a6e6-63694217c69e: 65 chunks; 0.8 s; peak memory 1214 MiB.
2026-10-08T15:12:04Z INFO [418/500] 5b9ec036-60ad-49b4-b2a0-eecc1df1580d: 48 chunks; 0.7 s; peak memory 1214 MiB.
2026-10-08T15:12:05Z INFO [419/500] 5b9f53d3-9ab9-4372-83cc-f418b4032711: 48 chunks; 0.7 s; peak memory 1214 MiB.
2026-10-08T15:12:06Z INFO [420/500] 5ba04e8a-a666-4cdb-9916-147030f28a28: 70 chunks; 1.1 s; peak memory 1214 MiB.
2026-10-08T15:12:09Z INFO [421/500] 5ba0a378-fedb-4630-9c12-aefea03eb095: 5521 chunks; 3.5 s; peak memory 1214 MiB.
2026-10-08T15:12:11Z INFO [422/500] 5ba0cb6d-a0e6-485e-949d-708e76c554c2: 187 chunks; 1.8 s; peak memory 1214 MiB.
2026-10-08T15:12:12Z INFO [423/500] 5ba1ceec-dec8-4ab6-a7f6-016dcced48d1: 46 chunks; 0.6 s; peak memory 1214 MiB.
2026-10-08T15:12:12Z INFO [424/500] 5ba2826f-8ce4-499f-bcf4-dc85aae72532: 48 chunks; 0.8 s; peak memory 1214 MiB.
2026-10-08T15:12:18Z INFO [425/500] 5ba2ccc8-1bc5-44d0-84ef-501385262932: 339 chunks; 5.9 s; peak memory 1214 MiB.
2026-10-08T15:12:23Z INFO [426/500] 5ba2eace-ea89-4e82-878c-73699f037cef: 1124 chunks; 4.6 s; peak memory 1214 MiB.
2026-10-08T15:12:24Z INFO [427/500] 5ba33c7d-6695-4d6b-bebc-8c1934ea8f0e: 118 chunks; 0.9 s; peak memory 1214 MiB.
2026-10-08T15:12:25Z INFO [428/500] 5ba3ba1a-e22b-456d-aad4-6c34a1cb971a: 69 chunks; 1.5 s; peak memory 1214 MiB.
2026-10-08T15:12:26Z INFO [429/500] 5ba3d2ce-adda-4cb8-9a26-d9dda9990a00: 48 chunks; 0.7 s; peak memory 1214 MiB.
2026-10-08T15:12:27Z INFO [430/500] 5ba4086d-b209-4044-b953-d6d456b8d453: 48 chunks; 0.9 s; peak memory 1214 MiB.
2026-10-08T15:12:29Z INFO [431/500] 5ba48235-18db-452d-9f20-f65b3e46ccb8: 138 chunks; 1.6 s; peak memory 1214 MiB.
2026-10-08T15:12:29Z INFO [432/500] 5ba58bf0-3242-42c7-b037-5b8c1005a684: 48 chunks; 0.8 s; peak memory 1214 MiB.
2026-10-08T15:12:32Z INFO [433/500] 5ba5ff55-642a-47dd-b075-45c3fa90ecef: 90 chunks; 2.2 s; peak memory 1214 MiB.
2026-10-08T15:12:32Z INFO [434/500] 5ba61563-7b0d-4ae2-9590-57ca88d9576e: 117 chunks; 0.8 s; peak memory 1214 MiB.
2026-10-08T15:12:40Z INFO [435/500] 5ba8df15-f7e7-49b9-ae3b-4986bd1fc00d: 1972 chunks; 8.1 s; peak memory 1214 MiB.
2026-10-08T15:12:41Z INFO [436/500] 5ba90f13-7ddd-4785-b82c-1d0612e60cb4: 46 chunks; 0.4 s; peak memory 1214 MiB.
2026-10-08T15:12:50Z INFO [437/500] 5ba9ee0e-f66e-455b-9019-cb0fa872dfab: 23747 chunks; 9.1 s; peak memory 1214 MiB.
2026-10-08T15:12:51Z INFO [438/500] 5baa4323-0aaa-4237-8c89-f7f942059316: 48 chunks; 0.8 s; peak memory 1214 MiB.
2026-10-08T15:12:52Z INFO [439/500] 5baa6c5a-a75b-46cc-9e17-56b3ab7faa55: 112 chunks; 0.9 s; peak memory 1214 MiB.
2026-10-08T15:12:52Z INFO [440/500] 5baa9dd1-21e6-4128-b468-476fa33a8311: 48 chunks; 0.8 s; peak memory 1214 MiB.
2026-10-08T15:12:53Z INFO [441/500] 5bab154d-d23b-4393-8578-0ea144204a18: 48 chunks; 0.7 s; peak memory 1214 MiB.
2026-10-08T15:12:54Z INFO [442/500] 5bab9e69-0768-4fe9-bc07-ec3713ae5b8f: 48 chunks; 0.9 s; peak memory 1214 MiB.
2026-10-08T15:13:00Z INFO [443/500] 5bac2c7a-f980-4c9b-9b75-3e654d1aad5c: 21289 chunks; 6.1 s; peak memory 1214 MiB.
2026-10-08T15:13:01Z INFO [444/500] 5bad10d0-0e30-4a15-9709-86f0d2d653a9: 48 chunks; 0.8 s; peak memory 1214 MiB.
2026-10-08T15:13:02Z INFO [445/500] 5baee71e-22b8-4ce6-895b-cbabc1eaa8fc: 112 chunks; 1.0 s; peak memory 1214 MiB.
2026-10-08T15:13:04Z INFO [446/500] 5baf362d-4e07-4e95-83ee-18aca0cf2799: 115 chunks; 1.9 s; peak memory 1214 MiB.
2026-10-08T15:13:05Z INFO [447/500] 5baf6edc-3846-4a17-ae71-14847649ee51: 89 chunks; 1.3 s; peak memory 1214 MiB.
2026-10-08T15:13:06Z INFO [448/500] 5bb0a13b-ff75-403a-bbf6-18b9c06ff2c3: 46 chunks; 0.6 s; peak memory 1214 MiB.
2026-10-08T15:13:06Z INFO [449/500] 5bb0c59f-4011-49a3-a7fb-db4c64c5024d: 116 chunks; 0.8 s; peak memory 1214 MiB.
2026-10-08T15:13:31Z INFO [450/500] 5bb0f9c0-5f0b-42f4-873d-b469f038745f: 6125 chunks; 24.3 s; peak memory 1214 MiB.
2026-10-08T15:13:31Z INFO [450/500] 5bb0f9c0-5f0b-42f4-873d-b469f038745f: checkpointed 91284 records.
2026-10-08T15:13:32Z INFO [451/500] 5bb1160e-c602-4b1e-baf4-149647811abf: 112 chunks; 0.8 s; peak memory 1214 MiB.
2026-10-08T15:13:32Z INFO [452/500] 5bb237e8-6ea1-4c83-94aa-2e71ad549426: 21 chunks; 0.6 s; peak memory 1214 MiB.
2026-10-08T15:13:33Z INFO [453/500] 5bb44f6c-4551-4403-87a7-6390573b4efb: 31 chunks; 0.6 s; peak memory 1214 MiB.
2026-10-08T15:13:34Z INFO [454/500] 5bb58c18-978b-4347-b5dd-c9c157db6f58: 53 chunks; 0.9 s; peak memory 1214 MiB.
2026-10-08T15:18:34Z INFO [455/500] 5bb609a5-8239-4cac-b20e-032d73ba412c: 89161 chunks; 299.8 s; peak memory 1214 MiB.
2026-10-08T15:18:35Z INFO [456/500] 5bb7035a-8bf3-4523-beee-5772fda5c0f7: 303 chunks; 1.2 s; peak memory 1214 MiB.
2026-10-08T15:18:36Z INFO [457/500] 5bb7c3b4-8537-45d6-8a60-8045874767dc: 118 chunks; 1.0 s; peak memory 1214 MiB.
2026-10-08T15:18:37Z INFO [458/500] 5bb88f31-775f-4132-9f0a-6132b89d693e: 112 chunks; 1.0 s; peak memory 1214 MiB.
2026-10-08T15:18:38Z INFO [459/500] 5bb93545-38cc-44d1-8d77-8e1767adfd87: 57 chunks; 0.8 s; peak memory 1214 MiB.
2026-10-08T15:18:38Z INFO [460/500] 5bb95072-bd17-4337-b0d0-54ce95124c4a: 48 chunks; 0.7 s; peak memory 1214 MiB.
2026-10-08T15:18:39Z INFO [461/500] 5bb98bce-38b5-4597-bb3a-a91680f90fcd: 77 chunks; 0.9 s; peak memory 1214 MiB.
2026-10-08T15:18:40Z INFO [462/500] 5bb9acfc-c0b2-4f7f-99eb-0358c54407cc: 118 chunks; 1.0 s; peak memory 1214 MiB.
2026-10-08T15:18:41Z INFO [463/500] 5bbab1f7-8947-442f-af44-f82f795f15cc: 116 chunks; 1.0 s; peak memory 1214 MiB.
2026-10-08T15:18:42Z INFO [464/500] 5bbb710c-5f74-49e3-bfeb-644d836148cc: 66 chunks; 1.0 s; peak memory 1214 MiB.
2026-10-08T15:18:43Z INFO [465/500] 5bbc071b-3ad2-4315-9983-2036817549b6: 118 chunks; 1.0 s; peak memory 1214 MiB.
2026-10-08T15:18:44Z INFO [466/500] 5bbc0b09-9342-44ee-bf4e-ac89836770f1: 46 chunks; 0.6 s; peak memory 1214 MiB.
2026-10-08T15:18:45Z INFO [467/500] 5bbc3b26-2132-4982-a274-25c2353707a1: 48 chunks; 0.7 s; peak memory 1214 MiB.
2026-10-08T15:18:45Z INFO [468/500] 5bbd2f97-b2ab-430a-84ba-fdc733431998: 48 chunks; 0.8 s; peak memory 1214 MiB.
2026-10-08T15:18:46Z INFO [469/500] 5bbd5ea1-af8b-4a13-8bce-cd714564a33a: 117 chunks; 0.8 s; peak memory 1214 MiB.
2026-10-08T15:18:47Z INFO [470/500] 5bbd72d8-52b7-49b4-9a40-34df58e09591: 117 chunks; 0.9 s; peak memory 1214 MiB.
2026-10-08T15:18:48Z INFO [471/500] 5bbe1c58-21c7-493b-b516-add5491f1275: 48 chunks; 1.0 s; peak memory 1214 MiB.
2026-10-08T15:18:49Z INFO [472/500] 5bbf5160-f775-4769-9716-d89dd2739a9b: 117 chunks; 0.8 s; peak memory 1214 MiB.
2026-10-08T15:18:50Z INFO [473/500] 5bbf5669-0978-459e-bfe7-80d18c2c097b: 48 chunks; 1.0 s; peak memory 1214 MiB.
2026-10-08T15:18:51Z INFO [474/500] 5bbf909b-4b65-4e26-ae21-05800d48ec9d: 112 chunks; 1.0 s; peak memory 1214 MiB.
2026-10-08T15:18:52Z INFO [475/500] 5bc08dde-c70a-401a-a49c-e0c3cb633bfc: 48 chunks; 0.8 s; peak memory 1214 MiB.
2026-10-08T15:18:53Z INFO [476/500] 5bc18a68-6def-4722-95f3-8d2eb937a3fc: 70 chunks; 1.0 s; peak memory 1214 MiB.
2026-10-08T15:18:53Z INFO [477/500] 5bc223d7-5c43-4acd-a436-9b5fb6cbe426: 84 chunks; 0.9 s; peak memory 1214 MiB.
2026-10-08T15:18:54Z INFO [478/500] 5bc23066-8d50-4294-860e-540ebb6785c1: 43 chunks; 0.8 s; peak memory 1214 MiB.
2026-10-08T15:18:59Z INFO [479/500] 5bc2b01a-c281-45de-841b-1eb158a0eabc: 17189 chunks; 4.5 s; peak memory 1214 MiB.
2026-10-08T15:19:22Z INFO [480/500] 5bc3e4c8-a4f8-4715-9d84-33ea0651d45f: 6127 chunks; 23.4 s; peak memory 1214 MiB.
2026-10-08T15:19:24Z INFO [481/500] 5bc554e5-6a4b-4729-ac23-834dd786d3c4: 152 chunks; 1.4 s; peak memory 1214 MiB.
2026-10-08T15:19:25Z INFO [482/500] 5bc56be1-5b96-4903-bbed-c3cc3f286af9: 118 chunks; 0.9 s; peak memory 1214 MiB.
2026-10-08T15:19:25Z INFO [483/500] 5bc5dd10-9a1b-475d-864a-2e8656dfd81d: 48 chunks; 0.8 s; peak memory 1214 MiB.
2026-10-08T15:19:27Z INFO [484/500] 5bc5f767-a4f9-47f7-a138-8dff6bd48a33: 46 chunks; 1.3 s; peak memory 1214 MiB.
2026-10-08T15:19:28Z INFO [485/500] 5bc60322-aae2-45bb-b8f1-d37e3e7fe72b: 112 chunks; 0.9 s; peak memory 1214 MiB.
2026-10-08T15:19:28Z INFO [486/500] 5bc977c7-9753-4ae5-9b22-6c91419d6b94: 117 chunks; 0.9 s; peak memory 1214 MiB.
2026-10-08T15:19:30Z INFO [487/500] 5bc9d6ba-bd58-4760-9716-fbab00a99714: 69 chunks; 1.3 s; peak memory 1214 MiB.
2026-10-08T15:19:30Z INFO [488/500] 5bca1ca6-b491-4d45-b11f-f5ee13b459bf: 46 chunks; 0.5 s; peak memory 1214 MiB.
2026-10-08T15:19:36Z INFO [489/500] 5bca2e6d-ed20-47d5-ba40-97c9d8c2c742: 20384 chunks; 5.6 s; peak memory 1214 MiB.
2026-10-08T15:19:37Z INFO [490/500] 5bcafb21-60d5-4658-bc18-6a8dcd8d8556: 275 chunks; 1.1 s; peak memory 1214 MiB.
2026-10-08T15:19:38Z INFO [491/500] 5bcb5dad-eb16-4bb4-a989-4695402c608f: 112 chunks; 0.9 s; peak memory 1214 MiB.
2026-10-08T15:19:39Z INFO [492/500] 5bcb7572-e4d0-4af0-a7ed-72ef51251c06: 117 chunks; 0.8 s; peak memory 1214 MiB.
2026-10-08T15:19:40Z INFO [493/500] 5bcbdb80-f4b6-45f6-9432-a567dd7844e0: 112 chunks; 1.2 s; peak memory 1214 MiB.
2026-10-08T15:19:41Z INFO [494/500] 5bcc48c8-67c2-4b20-afe9-d828858937af: 69 chunks; 1.1 s; peak memory 1214 MiB.
2026-10-08T15:19:42Z INFO [495/500] 5bcd8be3-b4d9-4ee2-93d6-1256733340b7: 118 chunks; 0.9 s; peak memory 1214 MiB.
2026-10-08T15:19:43Z INFO [496/500] 5bcdc1e2-a09e-4e1a-9161-190b00f7333c: 104 chunks; 1.1 s; peak memory 1214 MiB.
2026-10-08T15:19:44Z INFO [497/500] 5bcded3d-f7e4-4f30-8693-bb60d6bf1189: 111 chunks; 1.1 s; peak memory 1214 MiB.
2026-10-08T15:19:46Z INFO [498/500] 5bcdf642-876f-4db2-95fc-df74db855946: 528 chunks; 1.8 s; peak memory 1214 MiB.
2026-10-08T15:19:47Z INFO [499/500] 5bce81a2-a4b4-4446-abf3-6a4703c7fe8a: 116 chunks; 0.9 s; peak memory 1214 MiB.
2026-10-08T15:19:47Z INFO [500/500] 5bcf1806-85b4-4a83-8f66-a622a7b1a697: 52 chunks; 0.7 s; peak memory 1214 MiB.
2026-10-08T15:19:48Z INFO [500/500] 5bcf1806-85b4-4a83-8f66-a622a7b1a697: checkpointed 91334 records.
2026-10-08T15:19:48Z INFO Wrote 91334 records to /tmp/derivatives/valid_nwb_file_to_chunk_stats.jsonl (500 new, 0 failed) in 143.1 min (peak memory 1214 MiB).
