2026-09-22T17:50:19Z INFO Logging to /tmp/logs/update_2026-09-22T17-50-19Z.log.
2026-09-22T17:50:19Z INFO Update valid-nwb-file-to-chunk-stats (base directory /tmp).
2026-09-22T17:50:20Z INFO Processing 371 items (53953 already recorded).
2026-09-22T17:50:21Z INFO [1/371] 0ebf383b-d267-4424-850c-41c6769094f4: 117 chunks; 1.2 s; peak memory 145 MiB.
2026-09-22T17:50:23Z INFO [2/371] 0ebffe25-9709-4262-b719-d36872a03379: 95 chunks; 2.1 s; peak memory 147 MiB.
2026-09-22T17:50:24Z INFO [3/371] 0ec05ffe-179a-4743-9081-df4e3428149e: 94 chunks; 1.6 s; peak memory 148 MiB.
2026-09-22T17:50:25Z INFO [4/371] 0ec0bf21-c9ba-41fc-b26c-4ba6907c4773: 46 chunks; 0.5 s; peak memory 148 MiB.
2026-09-22T17:50:39Z INFO [5/371] 0ec195b1-d277-4328-b315-f734c3319b4c: 6040 chunks; 14.3 s; peak memory 168 MiB.
2026-09-22T17:54:12Z INFO [6/371] 0ec20f3f-21f9-4f9f-8922-ed91d1cc7fe3: 1916257 chunks; 212.5 s; peak memory 1308 MiB.
2026-09-22T17:54:13Z INFO [7/371] 0ec2c93f-f6df-42c1-ac3f-0137187d91e7: 112 chunks; 1.0 s; peak memory 1308 MiB.
2026-09-22T17:55:35Z INFO [8/371] 0ec34ace-8043-4e3d-a99f-cb5ff2f4643d: 37921 chunks; 82.3 s; peak memory 1308 MiB.
2026-09-22T17:55:36Z INFO [9/371] 0ec45705-1047-447f-a162-1b7240fe8340: 48 chunks; 0.7 s; peak memory 1308 MiB.
2026-09-22T17:55:36Z INFO [10/371] 0ec46f52-c444-4de8-886f-f6e4ed61b764: 48 chunks; 0.7 s; peak memory 1308 MiB.
2026-09-22T17:55:38Z INFO [11/371] 0ec4c134-704e-453f-9420-9e95470e1b1a: 71 chunks; 1.1 s; peak memory 1308 MiB.
2026-09-22T17:55:38Z INFO [12/371] 0ec4f71d-d190-49fc-a03e-d1c39490c9a6: 118 chunks; 0.8 s; peak memory 1308 MiB.
2026-09-22T17:55:44Z INFO [13/371] 0ec53767-5b7a-4761-bdef-33d109129822: 19700 chunks; 6.0 s; peak memory 1308 MiB.
2026-09-22T17:56:01Z INFO [14/371] 0ec5b4bf-9baa-44a4-8ce8-fe661f53522e: 6578 chunks; 16.4 s; peak memory 1308 MiB.
2026-09-22T17:56:02Z INFO [15/371] 0ec5d952-d4a6-4d48-9d25-e3185a62632a: 117 chunks; 1.0 s; peak memory 1308 MiB.
2026-09-22T17:56:03Z INFO [16/371] 0ec5fe73-2f37-4325-b42b-29d2b12350b9: 62 chunks; 1.0 s; peak memory 1308 MiB.
2026-09-22T17:57:33Z INFO [17/371] 0ec659da-4d78-49f7-9cb8-ddbca02b94fc: 40651 chunks; 90.1 s; peak memory 1308 MiB.
2026-09-22T17:57:34Z INFO [18/371] 0ec6a982-b65d-4877-9eae-7fec0fa1e3e4: 48 chunks; 0.8 s; peak memory 1308 MiB.
2026-09-22T17:57:39Z INFO [19/371] 0ec6c986-d74d-495f-8a5b-a4584a2f4112: 31710 chunks; 5.4 s; peak memory 1308 MiB.
2026-09-22T17:57:40Z INFO [20/371] 0ec7ac53-c6d5-4c3b-8b73-9afbabb5c2a3: 66 chunks; 1.0 s; peak memory 1308 MiB.
2026-09-22T17:57:41Z INFO [21/371] 0ec85762-ab27-4c2e-bc15-83e7c7e2b8ab: 62 chunks; 0.7 s; peak memory 1308 MiB.
2026-09-22T17:57:42Z INFO [22/371] 0ec8ccb0-102e-48f0-bcac-8edfc5062d67: 116 chunks; 0.8 s; peak memory 1308 MiB.
2026-09-22T17:57:42Z INFO [23/371] 0ec8f843-982d-47ef-83d8-e70c744a091b: 116 chunks; 0.8 s; peak memory 1308 MiB.
2026-09-22T17:57:43Z INFO [24/371] 0ec90faf-57b9-48cc-9719-63568bb11dce: 117 chunks; 0.8 s; peak memory 1308 MiB.
2026-09-22T17:57:49Z INFO [25/371] 0ec939da-d3fb-47fe-b9a6-d90bad462bd3: 20547 chunks; 6.2 s; peak memory 1308 MiB.
2026-09-22T17:57:50Z INFO [26/371] 0ec9583e-0055-4b0c-bc9c-54eb35262bc4: 48 chunks; 0.8 s; peak memory 1308 MiB.
2026-09-22T17:59:18Z INFO [27/371] 0eca19c6-fecf-437f-bc17-4190771e4622: 38157 chunks; 88.4 s; peak memory 1308 MiB.
2026-09-22T17:59:20Z INFO [28/371] 0eca336d-f7fd-4c0e-b407-0f7eb6c289a0: 112 chunks; 1.2 s; peak memory 1308 MiB.
2026-09-22T17:59:20Z INFO [29/371] 0eca39b2-a38f-4ba7-9e08-9a2091bfe381: 112 chunks; 0.8 s; peak memory 1308 MiB.
2026-09-22T17:59:21Z INFO [30/371] 0eca55e5-bce8-4025-9856-1afb187c3a1e: 118 chunks; 0.8 s; peak memory 1308 MiB.
2026-09-22T17:59:22Z INFO [31/371] 0eca585b-2cb5-40f0-918a-017d855b2370: 71 chunks; 1.2 s; peak memory 1308 MiB.
2026-09-22T17:59:35Z INFO [32/371] 0eca86ad-9e38-4996-b0dd-a86cf5317c4e: 26732 chunks; 12.2 s; peak memory 1308 MiB.
2026-09-22T17:59:35Z INFO [33/371] 0ecaae44-938b-4b53-ae5d-bb5b3c8794b9: 48 chunks; 0.7 s; peak memory 1308 MiB.
2026-09-22T17:59:41Z INFO [34/371] 0ecb528e-1471-4688-8454-616fad7493e3: 11832 chunks; 6.0 s; peak memory 1308 MiB.
2026-09-22T17:59:45Z INFO [35/371] 0ecbc841-0bd4-4118-aebe-5699af466491: 13706 chunks; 3.8 s; peak memory 1308 MiB.
2026-09-22T17:59:46Z INFO [36/371] 0ecc5e25-c10c-4c2f-8716-2ea98294b21b: 112 chunks; 0.9 s; peak memory 1308 MiB.
2026-09-22T17:59:47Z INFO [37/371] 0ecdcef3-495a-46d4-acf3-f8312703dbd5: 70 chunks; 0.8 s; peak memory 1308 MiB.
2026-09-22T17:59:48Z INFO [38/371] 0ece7e08-bbcf-4dd2-a0b1-cb6441df1bf0: 62 chunks; 0.9 s; peak memory 1308 MiB.
2026-09-22T17:59:49Z INFO [39/371] 0ecf252a-6a64-481e-b81a-f31cbb2521a9: 116 chunks; 0.9 s; peak memory 1308 MiB.
2026-09-22T17:59:49Z INFO [40/371] 0ed08100-d1df-432d-8e51-6b12c8c94d72: 48 chunks; 0.7 s; peak memory 1308 MiB.
2026-09-22T17:59:50Z INFO [41/371] 0ed097cb-9262-4aaa-b771-5fa04b21fc83: 48 chunks; 0.7 s; peak memory 1308 MiB.
2026-09-22T17:59:51Z INFO [42/371] 0ed1310c-c327-4c09-8ce4-de72cec8ab6d: 48 chunks; 0.8 s; peak memory 1308 MiB.
2026-09-22T17:59:52Z INFO [43/371] 0ed13ac0-16c1-4b69-861e-73e314060cb3: 71 chunks; 1.0 s; peak memory 1308 MiB.
2026-09-22T17:59:53Z INFO [44/371] 0ed32b00-8208-40b8-81f5-3fe53e6598a3: 117 chunks; 0.8 s; peak memory 1308 MiB.
2026-09-22T17:59:54Z INFO [45/371] 0ed3a3e2-155b-4748-a9e2-210254642db1: 156 chunks; 1.6 s; peak memory 1308 MiB.
2026-09-22T17:59:55Z INFO [46/371] 0ed4861c-0421-4e4a-8b87-b10212e80104: 57 chunks; 0.5 s; peak memory 1308 MiB.
2026-09-22T17:59:58Z INFO [47/371] 0ed5da94-2d59-4412-ba03-bd638f76b377: 416 chunks; 3.0 s; peak memory 1308 MiB.
2026-09-22T18:00:02Z INFO [48/371] 0ed5eb38-afd0-4c61-ab28-3ceb845ee0e4: 1472 chunks; 3.7 s; peak memory 1308 MiB.
2026-09-22T18:00:02Z INFO [49/371] 0ed60e57-33e9-4fd2-b218-e1157d15197d: 54 chunks; 0.6 s; peak memory 1308 MiB.
2026-09-22T18:00:03Z INFO [50/371] 0ed67f82-5c93-4460-ac36-c2d9ae606521: 117 chunks; 0.7 s; peak memory 1308 MiB.
2026-09-22T18:00:03Z INFO [50/371] 0ed67f82-5c93-4460-ac36-c2d9ae606521: checkpointed 54003 records.
2026-09-22T18:00:04Z INFO [51/371] 0ed6d85a-73b2-452f-8cae-e327c82d0975: 112 chunks; 0.8 s; peak memory 1308 MiB.
2026-09-22T18:00:05Z INFO [52/371] 0ed6e70c-7002-4c4e-817b-793b0b32e144: 117 chunks; 0.9 s; peak memory 1308 MiB.
2026-09-22T18:00:20Z INFO [53/371] 0ed7382e-43b0-4809-8a7c-d98f1774c55e: 6040 chunks; 15.5 s; peak memory 1308 MiB.
2026-09-22T18:00:21Z INFO [54/371] 0ed7494c-9e0a-490d-ac0f-edbec702ff7c: 57 chunks; 1.4 s; peak memory 1308 MiB.
2026-09-22T18:00:22Z INFO [55/371] 0ed768ba-b0ee-410b-972c-e752d7ca9a57: 48 chunks; 0.6 s; peak memory 1308 MiB.
2026-09-22T18:00:23Z INFO [56/371] 0ed788d7-046e-4c27-881f-0fd3191448c7: 117 chunks; 0.8 s; peak memory 1308 MiB.
2026-09-22T18:00:24Z INFO [57/371] 0ed7b824-3510-48ca-a118-0e9a419c30e1: 60 chunks; 1.1 s; peak memory 1308 MiB.
2026-09-22T18:00:25Z INFO [58/371] 0ed892c3-f5aa-4b5d-bdb7-0809ac92f570: 48 chunks; 0.6 s; peak memory 1308 MiB.
2026-09-22T18:00:25Z INFO [59/371] 0ed8fc56-1c97-4c42-a760-dabcba0bd159: 52 chunks; 0.7 s; peak memory 1308 MiB.
2026-09-22T18:00:26Z INFO [60/371] 0ed95563-d457-4758-a005-2051baf024da: 66 chunks; 0.9 s; peak memory 1308 MiB.
2026-09-22T18:00:27Z INFO [61/371] 0edbed90-8fe5-4fd4-9a25-aa7d34d1ed20: 46 chunks; 0.5 s; peak memory 1308 MiB.
2026-09-22T18:00:28Z INFO [62/371] 0edbf0ec-4da7-4810-927d-87a9b021b7e5: 48 chunks; 0.8 s; peak memory 1308 MiB.
2026-09-22T18:00:30Z INFO [63/371] 0edd059f-3946-47d6-b4cb-4b3498f7d03a: 1833 chunks; 1.9 s; peak memory 1308 MiB.
2026-09-22T18:00:30Z INFO [64/371] 0eddd7ee-cdd3-4864-892d-a9f8a6e14c5d: 114 chunks; 0.8 s; peak memory 1308 MiB.
2026-09-22T18:00:31Z INFO [65/371] 0ede6cee-1d29-4fd6-8d15-8b98f6e6af5b: 52 chunks; 0.7 s; peak memory 1308 MiB.
2026-09-22T18:00:32Z INFO [66/371] 0eded098-b6c8-4577-a857-a5562752d939: 50 chunks; 0.5 s; peak memory 1308 MiB.
2026-09-22T18:00:32Z INFO [67/371] 0edef97a-3fdd-4641-ad02-ef85df5fb822: 46 chunks; 0.6 s; peak memory 1308 MiB.
2026-09-22T18:00:33Z INFO [68/371] 0edf39ed-7fb2-4a0e-a1a7-c2257d5cc592: 48 chunks; 0.6 s; peak memory 1308 MiB.
2026-09-22T18:00:33Z INFO [69/371] 0ee03835-efaa-48cc-9a3b-ba1a983979d4: 48 chunks; 0.7 s; peak memory 1308 MiB.
2026-09-22T18:00:34Z INFO [70/371] 0ee077bd-f13a-4912-8c2e-3b23742e360d: 109 chunks; 0.6 s; peak memory 1308 MiB.
2026-09-22T18:00:35Z INFO [71/371] 0ee10a00-4753-4dd9-a6da-3776c607d66c: 117 chunks; 0.8 s; peak memory 1308 MiB.
2026-09-22T18:00:36Z INFO [72/371] 0ee11068-a6a9-4669-a123-30867a9c2a00: 121 chunks; 1.2 s; peak memory 1308 MiB.
2026-09-22T18:00:38Z INFO [73/371] 0ee1aa93-2c1f-4fe7-a382-c1f64338e067: 71 chunks; 1.5 s; peak memory 1308 MiB.
2026-09-22T18:00:38Z INFO [74/371] 0ee1ef01-19d8-44cb-baa6-4c001b925be0: 112 chunks; 0.9 s; peak memory 1308 MiB.
2026-09-22T18:00:40Z INFO [75/371] 0ee251bc-29ac-43e7-b515-e49c61a8a617: 69 chunks; 1.2 s; peak memory 1308 MiB.
2026-09-22T18:00:41Z INFO [76/371] 0ee26332-80a1-49d1-bd42-f97b25c4fb5e: 71 chunks; 0.9 s; peak memory 1308 MiB.
2026-09-22T18:00:41Z INFO [77/371] 0ee275ca-9cbc-4364-acf9-6314f21a7a04: 51 chunks; 0.8 s; peak memory 1308 MiB.
2026-09-22T18:00:42Z INFO [78/371] 0ee3321d-f001-41af-8d5d-c638cc6324a4: 48 chunks; 0.7 s; peak memory 1308 MiB.
2026-09-22T18:00:43Z INFO [79/371] 0ee3459d-8848-461b-9756-ce7f46a16d44: 71 chunks; 1.0 s; peak memory 1308 MiB.
2026-09-22T18:00:44Z INFO [80/371] 0ee348aa-c6cb-403f-81ec-7da00598c66e: 66 chunks; 1.4 s; peak memory 1308 MiB.
2026-09-22T18:00:48Z INFO [81/371] 0ee3ac89-c718-471b-afae-1cd82be2b89a: 1828 chunks; 3.9 s; peak memory 1308 MiB.
2026-09-22T18:00:49Z INFO [82/371] 0ee3d2a1-60ee-4332-9d38-6d1afe413355: 112 chunks; 0.7 s; peak memory 1308 MiB.
2026-09-22T18:00:49Z INFO [83/371] 0ee41387-4ef0-4a13-b8b3-9d2945c227f3: 37 chunks; 0.5 s; peak memory 1308 MiB.
2026-09-22T18:00:50Z INFO [84/371] 0ee45862-d277-4ed9-821b-5065b6ad75d0: 117 chunks; 0.7 s; peak memory 1308 MiB.
2026-09-22T18:00:51Z INFO [85/371] 0ee4e36d-54eb-4c31-9774-4c4cde23b49c: 117 chunks; 0.7 s; peak memory 1308 MiB.
2026-09-22T18:00:52Z INFO [86/371] 0ee5a122-8dea-4fc7-a3cd-2958b780f8eb: 45 chunks; 0.7 s; peak memory 1308 MiB.
2026-09-22T18:00:52Z INFO [87/371] 0ee6a47f-0033-4b28-b305-2bf045dd267f: 68 chunks; 0.7 s; peak memory 1308 MiB.
2026-09-22T18:00:57Z INFO [88/371] 0ee6d20d-be1a-4744-8b4b-836932671ba8: 5648 chunks; 5.0 s; peak memory 1308 MiB.
2026-09-22T18:00:58Z INFO [89/371] 0ee6e81d-2039-4c2b-92da-dc179e901de6: 66 chunks; 1.0 s; peak memory 1308 MiB.
2026-09-22T18:00:59Z INFO [90/371] 0ee76a0e-cc0b-440a-a00a-163696647c67: 48 chunks; 0.7 s; peak memory 1308 MiB.
2026-09-22T18:01:04Z INFO [91/371] 0ee7bcbf-eaf8-4641-9276-e1c847ea6688: 12885 chunks; 4.5 s; peak memory 1308 MiB.
2026-09-22T18:01:07Z INFO [92/371] 0ee7fca5-4f51-47ea-89e2-f5abc258b0e9: 1246 chunks; 3.7 s; peak memory 1308 MiB.
2026-09-22T18:01:08Z INFO [93/371] 0ee971c4-d93a-4a73-a284-154e8eed97e9: 114 chunks; 0.6 s; peak memory 1308 MiB.
2026-09-22T18:01:24Z INFO [94/371] 0eeac5b1-f103-47f0-968f-a71421e078db: 6139 chunks; 16.2 s; peak memory 1308 MiB.
2026-09-22T18:01:25Z INFO [95/371] 0eeaca0e-9a42-448b-8fa2-a52477a82d4e: 108 chunks; 0.7 s; peak memory 1308 MiB.
2026-09-22T18:01:34Z INFO [96/371] 0eebd5cf-5883-4b50-97bf-910f26ba3cb1: 3019 chunks; 9.5 s; peak memory 1308 MiB.
2026-09-22T18:01:39Z INFO [97/371] 0eebe6a1-1041-4a36-86d0-5744e12dd733: 5214 chunks; 4.5 s; peak memory 1308 MiB.
2026-09-22T18:01:40Z INFO [98/371] 0eebf9b4-1ccd-46c4-becb-b748144c6f55: 76 chunks; 1.0 s; peak memory 1308 MiB.
2026-09-22T18:01:41Z INFO [99/371] 0eecde4d-4b0f-4184-95e2-4b8887518c86: 46 chunks; 1.0 s; peak memory 1308 MiB.
2026-09-22T18:01:42Z INFO [100/371] 0eee5552-2c68-41b7-98eb-c7a6a564758f: 112 chunks; 1.0 s; peak memory 1308 MiB.
2026-09-22T18:01:42Z INFO [100/371] 0eee5552-2c68-41b7-98eb-c7a6a564758f: checkpointed 54053 records.
2026-09-22T18:01:43Z INFO [101/371] 0eee8645-4c7a-489b-9a6e-68821db8e88c: 52 chunks; 0.8 s; peak memory 1308 MiB.
2026-09-22T18:01:44Z INFO [102/371] 0ef00996-4224-44c2-b4d3-5bad48b6df8d: 112 chunks; 0.7 s; peak memory 1308 MiB.
2026-09-22T18:01:45Z INFO [103/371] 0ef117fa-fad2-42c0-b448-3995437b3961: 112 chunks; 1.3 s; peak memory 1308 MiB.
2026-09-22T18:01:45Z INFO [104/371] 0ef1c544-b42b-4948-82e8-ac2d613308d7: 69 chunks; 0.6 s; peak memory 1308 MiB.
2026-09-22T18:01:51Z INFO [105/371] 0ef1f738-a172-4acf-8231-d36851b4a580: 1101 chunks; 5.5 s; peak memory 1308 MiB.
2026-09-22T18:01:53Z INFO [106/371] 0ef30889-042f-4224-84f9-a3351ea3b8c2: 157 chunks; 1.9 s; peak memory 1308 MiB.
2026-09-22T18:01:54Z INFO [107/371] 0ef36321-498b-4a1b-80ab-9c611489d280: 72 chunks; 1.0 s; peak memory 1308 MiB.
2026-09-22T18:01:57Z INFO [108/371] 0ef3c8ba-06e7-401b-9b2e-ce674682613b: 242 chunks; 3.0 s; peak memory 1308 MiB.
2026-09-22T18:01:58Z INFO [109/371] 0ef5a88e-c819-49b9-b0c3-8e3f1f0ad2ed: 62 chunks; 0.9 s; peak memory 1308 MiB.
2026-09-22T18:01:59Z INFO [110/371] 0ef5ddc5-6677-4b66-8b4a-bd7c02e7bd90: 48 chunks; 0.7 s; peak memory 1308 MiB.
2026-09-22T18:02:07Z INFO [111/371] 0ef61c95-11ab-4819-b3aa-0a3ce838c7f9: 21068 chunks; 8.8 s; peak memory 1308 MiB.
2026-09-22T18:02:09Z INFO [112/371] 0ef715ca-2337-481d-a331-a7a9eb900382: 71 chunks; 1.4 s; peak memory 1308 MiB.
2026-09-22T18:02:27Z INFO [113/371] 0ef79311-8b4b-440c-82de-b4c747c8d5ff: 6591 chunks; 18.0 s; peak memory 1308 MiB.
2026-09-22T18:02:36Z INFO [114/371] 0ef86443-77fa-471e-9a0d-9bd1b7b3a0b3: 21240 chunks; 9.0 s; peak memory 1308 MiB.
2026-09-22T18:02:37Z INFO [115/371] 0ef95d85-6207-424a-bed9-ff4b5e323ab5: 117 chunks; 0.8 s; peak memory 1308 MiB.
2026-09-22T18:02:37Z INFO [116/371] 0ef9d651-9f2c-429a-a47d-0ce2d929677a: 116 chunks; 0.8 s; peak memory 1308 MiB.
2026-09-22T18:02:38Z INFO [117/371] 0efa59f0-c432-4cc7-846c-3ced518a0468: 117 chunks; 1.0 s; peak memory 1308 MiB.
2026-09-22T18:02:42Z INFO [118/371] 0efc225b-e0e1-4f9c-97c8-97724b110abd: 8383 chunks; 3.1 s; peak memory 1308 MiB.
2026-09-22T18:02:42Z INFO [119/371] 0efd1293-10d0-463c-aed2-64b8544ac7c9: 48 chunks; 0.7 s; peak memory 1308 MiB.
2026-09-22T18:02:44Z INFO [120/371] 0efd9448-f429-4699-b80f-4cd3a0f36424: 115 chunks; 1.4 s; peak memory 1308 MiB.
2026-09-22T18:02:44Z INFO [121/371] 0efda1d8-f010-4219-b4e2-9d0501c70d9a: 101 chunks; 0.7 s; peak memory 1308 MiB.
2026-09-22T18:02:45Z INFO [122/371] 0efdfc4e-316d-44ae-ac0c-a2fcfe99a757: 71 chunks; 0.7 s; peak memory 1308 MiB.
2026-09-22T18:03:02Z INFO [123/371] 0efee1e9-7567-48fe-9e13-79488e7a91c2: 6576 chunks; 17.2 s; peak memory 1308 MiB.
2026-09-22T18:03:08Z INFO [124/371] 0efee546-a45a-4074-a10b-b21fcef62ba5: 10506 chunks; 5.5 s; peak memory 1308 MiB.
2026-09-22T18:03:09Z INFO [125/371] 0f003818-09cf-46ee-9d86-59e5f7103d82: 118 chunks; 0.8 s; peak memory 1308 MiB.
2026-09-22T18:03:09Z INFO [126/371] 0f0072d8-79ea-40fb-9963-62538eac72be: 48 chunks; 0.7 s; peak memory 1308 MiB.
2026-09-22T18:03:10Z INFO [127/371] 0f0118ab-c5d9-40ef-b616-1a3c8c039bc3: 170 chunks; 0.8 s; peak memory 1308 MiB.
2026-09-22T18:03:11Z INFO [128/371] 0f01f2e4-d9dd-4c25-b287-e1035eb06de1: 112 chunks; 0.9 s; peak memory 1308 MiB.
2026-09-22T18:03:12Z INFO [129/371] 0f023759-62b0-404a-b988-d261636bf319: 48 chunks; 0.7 s; peak memory 1308 MiB.
2026-09-22T18:03:12Z INFO [130/371] 0f050d15-0fd6-46cc-8f2d-61fea21c924a: 116 chunks; 0.8 s; peak memory 1308 MiB.
2026-09-22T18:04:26Z INFO [131/371] 0f05d7e8-5de9-4113-85de-9b41c2d81267: 42549 chunks; 73.5 s; peak memory 1308 MiB.
2026-09-22T18:04:27Z INFO [132/371] 0f06e8a3-b59f-47d3-a4d0-606201fec30d: 50 chunks; 0.7 s; peak memory 1308 MiB.
2026-09-22T18:04:27Z INFO [133/371] 0f06fb84-f238-4f10-b825-445f18a810fe: 48 chunks; 0.6 s; peak memory 1308 MiB.
2026-09-22T18:04:28Z INFO [134/371] 0f072286-ce96-4fc9-931d-6fdc30f5e614: 112 chunks; 0.9 s; peak memory 1308 MiB.
2026-09-22T18:04:29Z INFO [135/371] 0f0746c5-bb1f-485f-a879-1c3dcd9ddd05: 78 chunks; 1.2 s; peak memory 1308 MiB.
2026-09-22T18:04:30Z INFO [136/371] 0f0840c9-0c55-48b3-840d-5bea82b650d1: 69 chunks; 0.9 s; peak memory 1308 MiB.
2026-09-22T18:04:35Z INFO [137/371] 0f095c54-f7e8-4df6-bd53-09360b5d0e5d: 15737 chunks; 5.0 s; peak memory 1308 MiB.
2026-09-22T18:04:36Z INFO [138/371] 0f099712-9c59-4abd-8b42-26d1c3e27fc8: 52 chunks; 0.8 s; peak memory 1308 MiB.
2026-09-22T18:04:37Z INFO [139/371] 0f09ac4c-709a-4dbf-bc3e-21eb43b34fcc: 83 chunks; 0.8 s; peak memory 1308 MiB.
2026-09-22T18:04:37Z INFO [140/371] 0f0a07c5-4850-461e-ae22-c59f85a4bd84: 48 chunks; 0.6 s; peak memory 1308 MiB.
2026-09-22T18:04:43Z INFO [141/371] 0f0a666a-c5ad-4ec5-af4d-a26a722eaafa: 6334 chunks; 5.3 s; peak memory 1308 MiB.
2026-09-22T18:04:44Z INFO [142/371] 0f0a82d7-c14a-4679-a2a5-7936d28ff8b2: 117 chunks; 0.8 s; peak memory 1308 MiB.
2026-09-22T18:04:44Z INFO [143/371] 0f0ba283-2d0b-447a-9206-838ff90f5147: 117 chunks; 0.7 s; peak memory 1308 MiB.
2026-09-22T18:04:46Z INFO [144/371] 0f0bacd3-be70-4365-89f3-d1f62ba7173d: 1061 chunks; 1.8 s; peak memory 1308 MiB.
2026-09-22T18:04:47Z INFO [145/371] 0f0bcf0f-ec2a-48ae-abce-932fe0a1ec85: 41 chunks; 0.6 s; peak memory 1308 MiB.
2026-09-22T18:04:48Z INFO [146/371] 0f0bcf77-4833-40d0-b7c9-c2ad199158aa: 112 chunks; 1.1 s; peak memory 1308 MiB.
2026-09-22T18:04:53Z INFO [147/371] 0f0bf7ed-c6f3-406f-bbd1-c2da5af28f55: 6004 chunks; 4.9 s; peak memory 1308 MiB.
2026-09-22T18:04:54Z INFO [148/371] 0f0c19f2-cba4-4b2d-821c-07fd7fc6ba6a: 117 chunks; 0.9 s; peak memory 1308 MiB.
2026-09-22T18:04:55Z INFO [149/371] 0f0c5542-ea2a-4805-8b2a-7b49b506e3b4: 112 chunks; 0.8 s; peak memory 1308 MiB.
2026-09-22T18:04:55Z INFO [150/371] 0f0ccf54-00b6-4772-bca4-baa22c12109f: 48 chunks; 0.6 s; peak memory 1308 MiB.
2026-09-22T18:04:55Z INFO [150/371] 0f0ccf54-00b6-4772-bca4-baa22c12109f: checkpointed 54103 records.
2026-09-22T18:04:56Z INFO [151/371] 0f0da936-950e-427f-a4d4-261eefd0f64f: 50 chunks; 0.6 s; peak memory 1308 MiB.
2026-09-22T18:04:57Z INFO [152/371] 0f0db08b-0ab7-4a9c-97c2-ec70d7badc87: 112 chunks; 0.7 s; peak memory 1308 MiB.
2026-09-22T18:04:57Z INFO [153/371] 0f0df611-4b29-4ccf-bdbb-5f4b123d778b: 48 chunks; 0.6 s; peak memory 1308 MiB.
2026-09-22T18:04:58Z INFO [154/371] 0f0dff56-6366-4193-8c5e-6d453356ab6a: 72 chunks; 1.1 s; peak memory 1308 MiB.
2026-09-22T18:04:59Z INFO [155/371] 0f0e3918-fb63-4fb1-8add-ec099a4cf51d: 54 chunks; 0.5 s; peak memory 1308 MiB.
2026-09-22T18:05:04Z INFO [156/371] 0f0e917d-0403-446e-be11-7b9fb52f684b: 4223 chunks; 5.6 s; peak memory 1308 MiB.
2026-09-22T18:05:05Z INFO [157/371] 0f0ec34c-32bf-4edc-9be0-887d93a580e0: 66 chunks; 1.1 s; peak memory 1308 MiB.
2026-09-22T18:05:06Z INFO [158/371] 0f0fe620-972d-4dce-8e66-ca568f4dd3bd: 114 chunks; 0.7 s; peak memory 1308 MiB.
2026-09-22T18:05:07Z INFO [159/371] 0f1070d0-a88b-4101-8bb8-cef5b1c4c75f: 110 chunks; 0.9 s; peak memory 1308 MiB.
2026-09-22T18:05:08Z INFO [160/371] 0f1164b5-dc45-4fde-adb9-c80a5674c79e: 52 chunks; 0.7 s; peak memory 1308 MiB.
2026-09-22T18:05:09Z INFO [161/371] 0f117125-d717-4333-b230-ec5257e91043: 118 chunks; 0.9 s; peak memory 1308 MiB.
2026-09-22T18:05:10Z INFO [162/371] 0f118145-7c7a-4ca0-9d44-4525c3e2d151: 69 chunks; 1.2 s; peak memory 1308 MiB.
2026-09-22T18:05:10Z INFO [163/371] 0f122dce-e977-475b-a59f-c859fbf7221c: 48 chunks; 0.6 s; peak memory 1308 MiB.
2026-09-22T18:05:11Z INFO [164/371] 0f126c6a-a04c-4e1e-ada0-05ca1ac067d2: 67 chunks; 1.0 s; peak memory 1308 MiB.
2026-09-22T18:05:12Z INFO [165/371] 0f1320fb-e6dd-4f1c-ba1d-091a50e563ec: 68 chunks; 0.7 s; peak memory 1308 MiB.
2026-09-22T18:05:28Z INFO [166/371] 0f15a031-1692-4191-8b7f-aca7a58a0a6e: 6133 chunks; 16.2 s; peak memory 1308 MiB.
2026-09-22T18:05:36Z INFO [167/371] 0f15f701-a7e6-4d0f-ae77-9598629bd4c8: 20429 chunks; 7.4 s; peak memory 1308 MiB.
2026-09-22T18:05:39Z INFO [168/371] 0f16c545-537a-4ebd-aa93-ae9493103d26: 2923 chunks; 3.7 s; peak memory 1308 MiB.
2026-09-22T18:05:40Z INFO [169/371] 0f17011b-bdc0-431c-9476-c39c2c09bd07: 46 chunks; 0.6 s; peak memory 1308 MiB.
2026-09-22T18:05:41Z INFO [170/371] 0f1787a6-4990-4985-b724-2253ba7d03cb: 116 chunks; 0.8 s; peak memory 1308 MiB.
2026-09-22T18:05:42Z INFO [171/371] 0f17983f-9420-452b-8056-93c4506a803c: 117 chunks; 0.9 s; peak memory 1308 MiB.
2026-09-22T18:05:43Z INFO [172/371] 0f18684e-2551-48b7-9de3-3e0f9610a4a6: 45 chunks; 0.7 s; peak memory 1308 MiB.
2026-09-22T18:05:44Z INFO [173/371] 0f1890dd-4292-4eb0-977e-243ff34e7587: 119 chunks; 1.4 s; peak memory 1308 MiB.
2026-09-22T18:05:45Z INFO [174/371] 0f190502-fafd-48c9-a7ca-0d5ed0057f95: 48 chunks; 0.7 s; peak memory 1308 MiB.
2026-09-22T18:05:45Z INFO [175/371] 0f191f56-0eda-41aa-9016-26f31bc15dac: 48 chunks; 0.7 s; peak memory 1308 MiB.
2026-09-22T18:05:49Z INFO [176/371] 0f1926fa-f63f-4b50-9bdd-bdcae2462e84: 675 chunks; 4.0 s; peak memory 1308 MiB.
2026-09-22T18:05:56Z INFO [177/371] 0f19ab5e-a6bd-478c-9fcf-5c65569fc82a: 19554 chunks; 6.7 s; peak memory 1308 MiB.
2026-09-22T18:05:56Z INFO [178/371] 0f1a5230-0a58-4b0a-89ee-8172ff367331: 53 chunks; 0.5 s; peak memory 1308 MiB.
2026-09-22T18:05:57Z INFO [179/371] 0f1b1d85-4777-46df-ab15-04523e2ade51: 117 chunks; 0.8 s; peak memory 1308 MiB.
2026-09-22T18:05:58Z INFO [180/371] 0f1b5902-d244-4090-b4fd-01183dd6e4e1: 48 chunks; 0.7 s; peak memory 1308 MiB.
2026-09-22T18:06:08Z INFO [181/371] 0f1d2f31-cec0-45e2-a19c-d2068e7d5fad: 40626 chunks; 10.5 s; peak memory 1308 MiB.
2026-09-22T18:06:15Z INFO [182/371] 0f1d6d73-18e3-4c4e-ada1-2890f65e3048: 7115 chunks; 6.4 s; peak memory 1308 MiB.
2026-09-22T18:06:16Z INFO [183/371] 0f1e6a38-b732-413e-a3f4-e65d7970b1b4: 46 chunks; 0.8 s; peak memory 1308 MiB.
2026-09-22T18:06:22Z INFO [184/371] 0f20c12b-ca59-41a2-b701-cf5b86aaaf69: 23046 chunks; 6.2 s; peak memory 1308 MiB.
2026-09-22T18:06:22Z INFO [185/371] 0f21ab5c-4d13-47c6-a6f0-ef0353f98e14: 48 chunks; 0.6 s; peak memory 1308 MiB.
2026-09-22T18:06:23Z INFO [186/371] 0f2235ad-f42f-4b70-b4dc-0df937f6b089: 69 chunks; 0.8 s; peak memory 1308 MiB.
2026-09-22T18:06:24Z INFO [187/371] 0f2270cf-8cf3-4477-bab6-2df77ead0cb7: 48 chunks; 0.7 s; peak memory 1308 MiB.
2026-09-22T18:06:25Z INFO [188/371] 0f231548-7c8f-448a-bd4e-b19546107cec: 48 chunks; 0.7 s; peak memory 1308 MiB.
2026-09-22T18:06:25Z INFO [189/371] 0f232cfc-a707-409c-b072-2b4c23f11621: 116 chunks; 0.8 s; peak memory 1308 MiB.
2026-09-22T18:06:26Z INFO [190/371] 0f234170-9077-451f-9696-4c576a47edb1: 117 chunks; 0.9 s; peak memory 1308 MiB.
2026-09-22T18:06:27Z INFO [191/371] 0f24340f-7267-4b5c-af26-fd800036968c: 42 chunks; 0.7 s; peak memory 1308 MiB.
2026-09-22T18:06:28Z INFO [192/371] 0f2438aa-79a7-4fc8-94e3-71f57720f160: 119 chunks; 1.3 s; peak memory 1308 MiB.
2026-09-22T18:06:29Z INFO [193/371] 0f24ecb7-f2c7-4af5-8984-f647e081ea67: 112 chunks; 0.8 s; peak memory 1308 MiB.
2026-09-22T18:06:30Z INFO [194/371] 0f25554a-a3f5-440f-aee9-966311092eeb: 117 chunks; 0.8 s; peak memory 1308 MiB.
2026-09-22T18:06:31Z INFO [195/371] 0f25b242-9a08-447d-b934-a7eb8ad85409: 48 chunks; 0.7 s; peak memory 1308 MiB.
2026-09-22T18:06:32Z INFO [196/371] 0f25fb2a-3f0e-4592-a417-a496b251a645: 115 chunks; 1.6 s; peak memory 1308 MiB.
2026-09-22T18:06:33Z INFO [197/371] 0f26b410-b4e7-4f1e-a287-3777a03da264: 45 chunks; 0.7 s; peak memory 1308 MiB.
2026-09-22T18:06:34Z INFO [198/371] 0f26ba49-bfd9-42c3-a33e-cf5b06674f5c: 69 chunks; 0.9 s; peak memory 1308 MiB.
2026-09-22T18:06:35Z INFO [199/371] 0f279b15-7ce1-44e9-a7e8-7782039204d5: 80 chunks; 1.7 s; peak memory 1308 MiB.
2026-09-22T18:06:36Z INFO [200/371] 0f27a405-1b70-46be-93b6-bdfb51fed9f2: 45 chunks; 0.6 s; peak memory 1308 MiB.
2026-09-22T18:06:36Z INFO [200/371] 0f27a405-1b70-46be-93b6-bdfb51fed9f2: checkpointed 54153 records.
2026-09-22T18:06:37Z INFO [201/371] 0f2809ab-174a-4d6e-875b-16cb09b0164c: 112 chunks; 1.1 s; peak memory 1308 MiB.
2026-09-22T18:06:38Z INFO [202/371] 0f282001-bb92-40d1-b810-13e92fccdedb: 110 chunks; 1.0 s; peak memory 1308 MiB.
2026-09-22T18:06:45Z INFO [203/371] 0f288dec-f4c8-4c95-82b4-c47125d29c41: 3358 chunks; 6.3 s; peak memory 1308 MiB.
2026-09-22T18:06:45Z INFO [204/371] 0f28ffa2-93d1-4e1f-905b-37b6cc4dbcc7: 48 chunks; 0.6 s; peak memory 1308 MiB.
2026-09-22T18:06:46Z INFO [205/371] 0f2940fa-efad-4755-a396-799d4f2e0758: 112 chunks; 1.0 s; peak memory 1308 MiB.
2026-09-22T18:06:47Z INFO [206/371] 0f29856d-0930-430d-8b5f-cb2ee9fa1d91: 46 chunks; 0.6 s; peak memory 1308 MiB.
2026-09-22T18:06:49Z INFO [207/371] 0f29a4de-3a8f-4bd3-82af-bbeaca2ed55f: 115 chunks; 2.0 s; peak memory 1308 MiB.
2026-09-22T18:06:50Z INFO [208/371] 0f2a0432-393a-4d24-8c1c-dfbdea1e3cab: 557 chunks; 0.9 s; peak memory 1308 MiB.
2026-09-22T18:06:50Z INFO [209/371] 0f2a2f4e-6f84-40c5-b114-491514958576: 48 chunks; 0.7 s; peak memory 1308 MiB.
2026-09-22T18:08:33Z INFO [210/371] 0f2a95bb-3e6b-44c8-9eae-c3299483eb36: 45340 chunks; 102.5 s; peak memory 1308 MiB.
2026-09-22T18:08:34Z INFO [211/371] 0f2a9968-ed5b-448c-b87b-e7378fd68629: 117 chunks; 0.9 s; peak memory 1308 MiB.
2026-09-22T18:08:35Z INFO [212/371] 0f2cb8dd-556f-44a7-99a8-2b5a2290bae8: 66 chunks; 1.1 s; peak memory 1308 MiB.
2026-09-22T18:08:35Z INFO [213/371] 0f2d89b1-0020-4ffa-b1d1-90e61aaa8459: 48 chunks; 0.6 s; peak memory 1308 MiB.
2026-09-22T18:08:36Z INFO [214/371] 0f2f2bf5-bdd3-48d7-852a-58dca1af1edc: 48 chunks; 0.7 s; peak memory 1308 MiB.
2026-09-22T18:08:38Z INFO [215/371] 0f2f7d02-7281-4b24-942e-c3263a2b00e1: 933 chunks; 1.4 s; peak memory 1308 MiB.
2026-09-22T18:08:43Z INFO [216/371] 0f302227-f836-4bf3-9a57-39149fc960ac: 339 chunks; 5.4 s; peak memory 1308 MiB.
2026-09-22T18:08:44Z INFO [217/371] 0f315f95-4cd4-4f4c-b855-2efce9a99d54: 57 chunks; 0.7 s; peak memory 1308 MiB.
2026-09-22T18:08:45Z INFO [218/371] 0f31a847-29fd-4f38-b2fa-85bd89d32d3a: 112 chunks; 1.1 s; peak memory 1308 MiB.
2026-09-22T18:08:46Z INFO [219/371] 0f31d21c-5a67-444f-80af-3d9bf171db7a: 112 chunks; 0.9 s; peak memory 1308 MiB.
2026-09-22T18:08:46Z INFO [220/371] 0f31e1b0-0cb7-4e13-b8a4-1e09445547d4: 48 chunks; 0.6 s; peak memory 1308 MiB.
2026-09-22T18:08:47Z INFO [221/371] 0f324ce9-0f25-437a-90df-77f3ee23e185: 45 chunks; 0.4 s; peak memory 1308 MiB.
2026-09-22T18:08:47Z INFO [222/371] 0f32a17a-8eca-433c-befa-998171beca41: 52 chunks; 0.8 s; peak memory 1308 MiB.
2026-09-22T18:09:13Z INFO [223/371] 0f32a779-adc0-43b1-bb76-b09fda290074: 2906 chunks; 25.8 s; peak memory 1308 MiB.
2026-09-22T18:09:18Z INFO [224/371] 0f32f189-689f-41c5-bfad-f80b6eee83aa: 1059 chunks; 4.3 s; peak memory 1308 MiB.
2026-09-22T18:09:18Z INFO [225/371] 0f330e3c-5229-40f8-a3a9-c4a1119d8c0d: 42 chunks; 0.8 s; peak memory 1308 MiB.
2026-09-22T18:09:19Z INFO [226/371] 0f3333fa-1e62-486d-9316-04a2fceae74c: 112 chunks; 0.9 s; peak memory 1308 MiB.
2026-09-22T18:09:20Z INFO [227/371] 0f3392cf-8c05-460c-84aa-b1aa2f44605c: 112 chunks; 1.0 s; peak memory 1308 MiB.
2026-09-22T18:09:21Z INFO [228/371] 0f33d2b6-7842-488e-9455-91a4a89f227f: 112 chunks; 0.7 s; peak memory 1308 MiB.
2026-09-22T18:09:22Z INFO [229/371] 0f33f0fe-2f8b-40f2-88ec-c5e72955d8f1: 46 chunks; 0.5 s; peak memory 1308 MiB.
2026-09-22T18:09:22Z INFO [230/371] 0f343dbb-f524-4f9f-88d5-8ba31474f297: 69 chunks; 0.6 s; peak memory 1308 MiB.
2026-09-22T18:09:26Z INFO [231/371] 0f356bbb-c0b3-4b7e-8153-be9ec6a03349: 18014 chunks; 3.5 s; peak memory 1308 MiB.
2026-09-22T18:09:27Z INFO [232/371] 0f3588f2-9be7-4027-8316-9477e38b84d1: 117 chunks; 1.0 s; peak memory 1308 MiB.
2026-09-22T18:09:27Z INFO [233/371] 0f363aad-13a3-4c79-9bff-7ceef36eb469: 46 chunks; 0.4 s; peak memory 1308 MiB.
2026-09-22T18:09:28Z INFO [234/371] 0f36ee9e-dc22-45c4-9504-b1dff68a4b89: 46 chunks; 0.6 s; peak memory 1308 MiB.
2026-09-22T18:09:28Z INFO [235/371] 0f36f608-48bb-4538-8120-2101c85b98ea: 45 chunks; 0.7 s; peak memory 1308 MiB.
2026-09-22T18:09:29Z INFO [236/371] 0f3732d0-2fd3-4f1c-b7f8-121d6d34e463: 117 chunks; 0.8 s; peak memory 1308 MiB.
2026-09-22T18:09:30Z INFO [237/371] 0f3770fa-1f1e-4540-bbec-6164e2f5e636: 117 chunks; 0.9 s; peak memory 1308 MiB.
2026-09-22T18:09:38Z INFO [238/371] 0f379a0d-5b8a-4d23-b150-055eecb15cbc: 8229 chunks; 7.9 s; peak memory 1308 MiB.
2026-09-22T18:09:39Z INFO [239/371] 0f37f302-8195-4058-982f-568b7ac70550: 41 chunks; 0.7 s; peak memory 1308 MiB.
2026-09-22T18:09:39Z INFO [240/371] 0f382ae0-c001-4006-b6b3-410bef6816d8: 48 chunks; 0.8 s; peak memory 1308 MiB.
2026-09-22T18:09:40Z INFO [241/371] 0f387255-061c-498d-b1d4-57efb4a68885: 62 chunks; 1.1 s; peak memory 1308 MiB.
2026-09-22T18:09:41Z INFO [242/371] 0f38a599-9a68-4582-b853-201fc0a279c8: 71 chunks; 0.9 s; peak memory 1308 MiB.
2026-09-22T18:09:42Z INFO [243/371] 0f38e56e-67bd-4ed0-997e-dd1c0353c3e6: 77 chunks; 0.9 s; peak memory 1308 MiB.
2026-09-22T18:09:44Z INFO [244/371] 0f395623-ae31-41b2-bfdf-5345e5d578ad: 66 chunks; 1.2 s; peak memory 1308 MiB.
2026-09-22T18:09:44Z INFO [245/371] 0f3a1f53-7c95-4ca4-9807-66698ab8a4ef: 114 chunks; 0.8 s; peak memory 1308 MiB.
2026-09-22T18:09:45Z INFO [246/371] 0f3aa4a5-ce52-4b85-9752-de2ee1e1d62f: 118 chunks; 1.1 s; peak memory 1308 MiB.
2026-09-22T18:09:46Z INFO [247/371] 0f3aad3a-302b-464b-bada-f3c6c2e52b9c: 48 chunks; 0.8 s; peak memory 1308 MiB.
2026-09-22T18:09:47Z INFO [248/371] 0f3b1726-8112-4173-8236-db23426f2663: 59 chunks; 0.9 s; peak memory 1308 MiB.
2026-09-22T18:09:48Z INFO [249/371] 0f3b35ee-6328-4bb9-8789-fc42bc1501d1: 121 chunks; 0.8 s; peak memory 1308 MiB.
2026-09-22T18:09:49Z INFO [250/371] 0f3b928f-d80b-489c-bee5-115aeed26828: 64 chunks; 1.0 s; peak memory 1308 MiB.
2026-09-22T18:09:49Z INFO [250/371] 0f3b928f-d80b-489c-bee5-115aeed26828: checkpointed 54203 records.
2026-09-22T18:09:53Z INFO [251/371] 0f3c5e5d-d289-46e6-b756-ec02d96c5631: 305 chunks; 3.5 s; peak memory 1308 MiB.
2026-09-22T18:09:54Z INFO [252/371] 0f3d43b4-09b0-4b64-8ced-881214910610: 92 chunks; 1.0 s; peak memory 1308 MiB.
2026-09-22T18:09:54Z INFO [253/371] 0f3e1a2e-9aa9-488e-97dd-d60f2511bec5: 62 chunks; 0.7 s; peak memory 1308 MiB.
2026-09-22T18:09:57Z INFO [254/371] 0f3e6902-d542-4fe8-8f12-0f2415217a7e: 9692 chunks; 3.1 s; peak memory 1308 MiB.
2026-09-22T18:09:58Z INFO [255/371] 0f3e974e-6f2e-4fe6-8497-5dbb09eff23c: 116 chunks; 0.8 s; peak memory 1308 MiB.
2026-09-22T18:09:59Z INFO [256/371] 0f3f1b98-755e-40d4-970f-13104b772b61: 116 chunks; 0.8 s; peak memory 1308 MiB.
2026-09-22T18:10:02Z INFO [257/371] 0f3f59e7-f7bf-4170-a1e1-54fe53f35537: 4187 chunks; 3.1 s; peak memory 1308 MiB.
2026-09-22T18:10:03Z INFO [258/371] 0f3f6def-2d52-4ca6-bfd7-05ae42c45727: 46 chunks; 0.6 s; peak memory 1308 MiB.
2026-09-22T18:10:05Z INFO [259/371] 0f3fcc65-4e20-420e-9409-1bc70bfb261c: 9796 chunks; 2.4 s; peak memory 1308 MiB.
2026-09-22T18:10:06Z INFO [260/371] 0f4040d7-1d65-4c79-acfe-4ac2788b4678: 64 chunks; 0.8 s; peak memory 1308 MiB.
2026-09-22T18:10:07Z INFO [261/371] 0f423710-f683-405a-a701-b467d1627772: 117 chunks; 0.8 s; peak memory 1308 MiB.
2026-09-22T18:10:08Z INFO [262/371] 0f42572b-9978-44e6-8479-fef75bd425de: 71 chunks; 1.5 s; peak memory 1308 MiB.
2026-09-22T18:10:10Z INFO [263/371] 0f429487-a7d4-4071-92d9-ccbea7331f32: 1815 chunks; 2.0 s; peak memory 1308 MiB.
2026-09-22T18:10:11Z INFO [264/371] 0f43fc9f-70e0-4c6b-8b18-00c8d99bc7e9: 48 chunks; 0.8 s; peak memory 1308 MiB.
2026-09-22T18:10:13Z INFO [265/371] 0f4429c6-6065-4480-8265-0b121306c22f: 119 chunks; 1.4 s; peak memory 1308 MiB.
2026-09-22T18:10:13Z INFO [266/371] 0f444c72-1888-46f1-a7a0-44c1387f7153: 57 chunks; 0.5 s; peak memory 1308 MiB.
2026-09-22T18:10:54Z INFO [267/371] 0f4607a9-116c-4e40-9acc-795ebc0f9715: 9814 chunks; 41.3 s; peak memory 1308 MiB.
2026-09-22T18:10:55Z INFO [268/371] 0f467539-30e8-408f-a8ec-068b1578eb50: 46 chunks; 0.5 s; peak memory 1308 MiB.
2026-09-22T18:10:56Z INFO [269/371] 0f46a2a2-772d-49d0-8a7d-440073c340aa: 117 chunks; 0.8 s; peak memory 1308 MiB.
2026-09-22T18:11:15Z INFO [270/371] 0f46e7b5-f6d5-4702-ab6f-410a2b513eec: 16419 chunks; 19.3 s; peak memory 1308 MiB.
2026-09-22T18:11:16Z INFO [271/371] 0f472ec2-a64d-4e55-a90a-956c651748fc: 117 chunks; 0.9 s; peak memory 1308 MiB.
2026-09-22T18:11:18Z INFO [272/371] 0f47942d-22ae-4719-91e1-15993fc7ad3d: 114 chunks; 1.9 s; peak memory 1308 MiB.
2026-09-22T18:11:19Z INFO [273/371] 0f491db0-1b26-43d1-af3f-1415ebc0a221: 48 chunks; 0.8 s; peak memory 1308 MiB.
2026-09-22T18:11:20Z INFO [274/371] 0f4959e7-d5ab-4e5a-bd73-dfb3b5aebf42: 112 chunks; 1.0 s; peak memory 1308 MiB.
2026-09-22T18:11:20Z INFO [275/371] 0f49e379-b966-4aa6-930d-e2e9353401a9: 66 chunks; 0.9 s; peak memory 1308 MiB.
2026-09-22T18:11:26Z INFO [276/371] 0f4a97c7-2298-4f31-bfb9-c20de37bbd24: 12733 chunks; 5.7 s; peak memory 1308 MiB.
2026-09-22T18:11:27Z INFO [277/371] 0f4a9d62-b3ce-42fe-88ab-4eb80a15f846: 117 chunks; 1.0 s; peak memory 1308 MiB.
2026-09-22T18:11:28Z INFO [278/371] 0f4b6362-5528-457c-8f67-37a55f3614e1: 48 chunks; 0.7 s; peak memory 1308 MiB.
2026-09-22T18:11:29Z INFO [279/371] 0f4b7ff3-923f-4749-aa73-350fcf099b7a: 48 chunks; 0.7 s; peak memory 1308 MiB.
2026-09-22T18:11:29Z INFO [280/371] 0f4b8aa6-652c-41c9-8459-a4d2a38ccc36: 117 chunks; 0.8 s; peak memory 1308 MiB.
2026-09-22T18:11:31Z INFO [281/371] 0f4bca34-fe01-4be1-ab74-e136a4a5085b: 71 chunks; 1.5 s; peak memory 1308 MiB.
2026-09-22T18:11:36Z INFO [282/371] 0f4bfa81-dd6b-4d9e-8f60-582671686a0a: 24186 chunks; 4.9 s; peak memory 1308 MiB.
2026-09-22T18:11:36Z INFO [283/371] 0f4c5025-add5-418c-8c1e-7612db4a094c: 48 chunks; 0.7 s; peak memory 1308 MiB.
2026-09-22T18:11:37Z INFO [284/371] 0f4c7503-83f2-48b0-b9d8-013c9082c249: 48 chunks; 0.7 s; peak memory 1308 MiB.
2026-09-22T18:11:41Z INFO [285/371] 0f4ccec8-74de-45d4-91f6-495a23f533ec: 8465 chunks; 3.8 s; peak memory 1308 MiB.
2026-09-22T18:11:42Z INFO [286/371] 0f4cdc45-a77a-4e30-8e8d-8ffc38780362: 48 chunks; 0.8 s; peak memory 1308 MiB.
2026-09-22T18:11:42Z INFO [287/371] 0f4cf7bd-6e11-4611-8bf3-0fdf61bf0a36: 48 chunks; 0.6 s; peak memory 1308 MiB.
2026-09-22T18:11:43Z INFO [288/371] 0f4d8fd3-9719-4c69-8c32-59b92bbe0b60: 46 chunks; 0.7 s; peak memory 1308 MiB.
2026-09-22T18:11:44Z INFO [289/371] 0f4d9881-b47b-4a89-8dc0-f72ea039d6fb: 46 chunks; 0.6 s; peak memory 1308 MiB.
2026-09-22T18:11:49Z INFO [290/371] 0f4e1a4a-e976-4ea6-ae09-3d6f552f43a8: 26336 chunks; 5.7 s; peak memory 1308 MiB.
2026-09-22T18:11:50Z INFO [291/371] 0f4fe66a-1d38-49f9-8db4-e15ea1d364f2: 52 chunks; 0.8 s; peak memory 1308 MiB.
2026-09-22T18:11:51Z INFO [292/371] 0f5074aa-647f-452a-8a63-71d8849eec43: 118 chunks; 0.7 s; peak memory 1308 MiB.
2026-09-22T18:11:52Z INFO [293/371] 0f507b73-1026-4930-9925-9eb48a96bb44: 48 chunks; 0.6 s; peak memory 1308 MiB.
2026-09-22T18:11:52Z INFO [294/371] 0f510f40-e076-4dd1-acf3-684c08d99778: 50 chunks; 0.5 s; peak memory 1308 MiB.
2026-09-22T18:11:53Z INFO [295/371] 0f515d45-cef3-40ce-8013-fdf7f16d1128: 133 chunks; 1.3 s; peak memory 1308 MiB.
2026-09-22T18:11:58Z INFO [296/371] 0f520316-7d34-409c-9256-20bf5d412185: 2922 chunks; 4.3 s; peak memory 1308 MiB.
2026-09-22T18:11:58Z INFO [297/371] 0f520cb0-5045-45a9-843c-7671cd985352: 92 chunks; 0.8 s; peak memory 1308 MiB.
2026-09-22T18:12:00Z INFO [298/371] 0f53c3f4-2064-4416-a94d-940815031fbc: 275 chunks; 1.0 s; peak memory 1308 MiB.
2026-09-22T18:12:06Z INFO [299/371] 0f541c1d-7cec-478d-9fc3-c443983d62f2: 6712 chunks; 6.1 s; peak memory 1308 MiB.
2026-09-22T18:15:04Z INFO [300/371] 0f548303-14c6-439d-8a91-7f3c3b58bcef: 75889 chunks; 177.9 s; peak memory 1308 MiB.
2026-09-22T18:15:04Z INFO [300/371] 0f548303-14c6-439d-8a91-7f3c3b58bcef: checkpointed 54253 records.
2026-09-22T18:15:05Z INFO [301/371] 0f548bb4-6162-4ccf-87fb-ae8b7fee427b: 62 chunks; 0.8 s; peak memory 1308 MiB.
2026-09-22T18:15:05Z INFO [302/371] 0f54d3b7-5768-4355-aa05-d4912b52b2a2: 57 chunks; 0.6 s; peak memory 1308 MiB.
2026-09-22T18:15:07Z INFO [303/371] 0f55194e-e2dc-4aee-aed1-46471f2d95b4: 997 chunks; 1.5 s; peak memory 1308 MiB.
2026-09-22T18:15:07Z INFO [304/371] 0f555412-d78e-4ec9-9552-534e14b275fa: 63 chunks; 0.7 s; peak memory 1308 MiB.
2026-09-22T18:16:17Z INFO [305/371] 0f555821-23ab-485a-afe6-9413295bffd1: 5606 chunks; 69.6 s; peak memory 1308 MiB.
2026-09-22T18:16:17Z INFO [306/371] 0f55ca1b-53bf-4e17-a824-3119d3c6094c: 77 chunks; 0.7 s; peak memory 1308 MiB.
2026-09-22T18:16:18Z INFO [307/371] 0f564d59-767c-44fe-9dcd-acc2ef2919fc: 43 chunks; 0.6 s; peak memory 1308 MiB.
2026-09-22T18:16:21Z INFO [308/371] 0f567dba-4e66-449b-b449-5e693fb902a8: 4504 chunks; 3.1 s; peak memory 1308 MiB.
2026-09-22T18:16:37Z INFO [309/371] 0f586dac-df65-4d73-afb4-ffe42fcf9401: 6040 chunks; 15.7 s; peak memory 1308 MiB.
2026-09-22T18:16:38Z INFO [310/371] 0f58e608-5f74-4e85-969e-745ee20e4bfb: 68 chunks; 0.9 s; peak memory 1308 MiB.
2026-09-22T18:16:39Z INFO [311/371] 0f5a97d3-82fd-43cd-8c54-96d4ca84ef01: 33 chunks; 0.7 s; peak memory 1308 MiB.
2026-09-22T18:17:11Z INFO [312/371] 0f5ab495-7a02-40db-9211-861382d8f15f: 24373 chunks; 32.6 s; peak memory 1308 MiB.
2026-09-22T18:17:12Z INFO [313/371] 0f5adac6-d950-441e-b15a-cd43501f8042: 48 chunks; 0.7 s; peak memory 1308 MiB.
2026-09-22T18:17:13Z INFO [314/371] 0f5bdd5b-9430-4468-ab9b-f95f2df766d6: 66 chunks; 1.0 s; peak memory 1308 MiB.
2026-09-22T18:17:14Z INFO [315/371] 0f5d75b9-7ab9-4d1e-a1c5-57fbf343c9a5: 67 chunks; 1.0 s; peak memory 1308 MiB.
2026-09-22T18:17:15Z INFO [316/371] 0f5dea31-43f9-483e-92de-3dc01e7e9f5d: 117 chunks; 0.7 s; peak memory 1308 MiB.
2026-09-22T18:17:15Z INFO [317/371] 0f5e599c-a27f-4779-8b83-cf9b85aab82f: 48 chunks; 0.7 s; peak memory 1308 MiB.
2026-09-22T18:17:16Z INFO [318/371] 0f5e7270-ff11-429d-9ccc-1f918fbb7d9e: 56 chunks; 0.5 s; peak memory 1308 MiB.
2026-09-22T18:17:16Z INFO [319/371] 0f5eab25-637e-4119-863b-8a5d7879cea8: 45 chunks; 0.6 s; peak memory 1308 MiB.
2026-09-22T18:17:18Z INFO [320/371] 0f5faa5d-ef90-4daf-9082-49ddf417ce8b: 71 chunks; 1.3 s; peak memory 1308 MiB.
2026-09-22T18:17:22Z INFO [321/371] 0f6067f8-5e6d-4853-9925-d05aced202b7: 16554 chunks; 4.1 s; peak memory 1308 MiB.
2026-09-22T18:17:25Z INFO [322/371] 0f614e3b-817c-4eff-86ba-d6d40b539944: 255 chunks; 3.5 s; peak memory 1308 MiB.
2026-09-22T18:18:12Z INFO [323/371] 0f615b76-24d9-476a-bca2-f9de772eaee1: 17785 chunks; 46.5 s; peak memory 1308 MiB.
2026-09-22T18:18:14Z INFO [324/371] 0f61c1f6-de1b-46ca-85de-752f7178452f: 114 chunks; 1.9 s; peak memory 1308 MiB.
2026-09-22T18:18:15Z INFO [325/371] 0f6297f9-29d0-467e-b55e-473e0928f7b8: 69 chunks; 1.2 s; peak memory 1308 MiB.
2026-09-22T18:18:16Z INFO [326/371] 0f6323f2-8828-4394-9c20-aa900d9d7f16: 62 chunks; 1.3 s; peak memory 1308 MiB.
2026-09-22T18:18:17Z INFO [327/371] 0f63df44-4c94-4c6b-8f2e-d0760e7f0429: 46 chunks; 0.6 s; peak memory 1308 MiB.
2026-09-22T18:18:18Z INFO [328/371] 0f641a41-edc3-4c7e-a379-72abf0141b7b: 115 chunks; 1.7 s; peak memory 1308 MiB.
2026-09-22T18:18:19Z INFO [329/371] 0f6607fd-bfc5-4769-af54-7c99f85961c7: 48 chunks; 0.7 s; peak memory 1308 MiB.
2026-09-22T18:18:20Z INFO [330/371] 0f67e5b2-3380-4375-a147-b8c30698894d: 46 chunks; 0.6 s; peak memory 1308 MiB.
2026-09-22T18:18:20Z INFO [331/371] 0f685f56-bd7b-4b20-8422-0551463334d3: 72 chunks; 0.7 s; peak memory 1308 MiB.
2026-09-22T18:18:21Z INFO [332/371] 0f687fe6-85c1-4041-ba29-256044253c8a: 117 chunks; 0.8 s; peak memory 1308 MiB.
2026-09-22T18:18:22Z INFO [333/371] 0f68ce66-4b87-4498-aa07-e59e806626d3: 117 chunks; 0.8 s; peak memory 1308 MiB.
2026-09-22T18:18:24Z INFO [334/371] 0f6a5d93-b2f6-4965-a0d9-b254c12061b3: 119 chunks; 1.5 s; peak memory 1308 MiB.
2026-09-22T18:18:24Z INFO [335/371] 0f6d7f0b-067c-4d41-8eda-0fd66541aa11: 115 chunks; 0.8 s; peak memory 1308 MiB.
2026-09-22T18:18:25Z INFO [336/371] 0f713c39-6415-4e4a-b9da-d180d39efdd5: 48 chunks; 0.7 s; peak memory 1308 MiB.
2026-09-22T18:18:26Z INFO [337/371] 0f714377-baba-4305-b4d4-a2a36382cb15: 57 chunks; 0.6 s; peak memory 1308 MiB.
2026-09-22T18:18:27Z INFO [338/371] 0f721566-036a-4e0a-aa9a-0cc09759273b: 66 chunks; 1.7 s; peak memory 1308 MiB.
2026-09-22T18:18:28Z INFO [339/371] 0f72e982-b283-41c8-a9bf-4db98d97629c: 56 chunks; 0.5 s; peak memory 1308 MiB.
2026-09-22T18:18:29Z INFO [340/371] 0f7396ad-67ec-468a-b6a6-5599cb507f54: 144 chunks; 1.3 s; peak memory 1308 MiB.
2026-09-22T18:18:35Z INFO [341/371] 0f73e7bf-b30d-45f5-b063-acd9022cfec4: 402 chunks; 6.1 s; peak memory 1308 MiB.
2026-09-22T18:18:38Z INFO [342/371] 0f740506-f817-47d3-b1b8-ca98f3958505: 174 chunks; 2.9 s; peak memory 1308 MiB.
2026-09-22T18:18:39Z INFO [343/371] 0f741f12-ea35-4f78-a38c-439e6adb6f31: 112 chunks; 0.9 s; peak memory 1308 MiB.
2026-09-22T18:18:45Z INFO [344/371] 0f74a929-f1b9-4db5-a83c-1c78c9ed35c7: 336 chunks; 6.2 s; peak memory 1308 MiB.
2026-09-22T18:18:49Z INFO [345/371] 0f75dbf5-29be-4a12-8d00-61c3d2d5063d: 1304 chunks; 3.4 s; peak memory 1308 MiB.
2026-09-22T18:18:50Z INFO [346/371] 0f768a63-749d-4b2f-9c9c-b96a055a2f6f: 115 chunks; 1.7 s; peak memory 1308 MiB.
2026-09-22T18:18:51Z INFO [347/371] 0f7701a5-695f-4bc8-81bd-bffed40f1f4f: 48 chunks; 0.6 s; peak memory 1308 MiB.
2026-09-22T18:18:52Z INFO [348/371] 0f7799c0-9bdc-4709-9fc1-fc36b1d64c53: 71 chunks; 0.9 s; peak memory 1308 MiB.
2026-09-22T18:18:54Z INFO [349/371] 0f78cc1a-a180-46bd-873e-7d5c85604b95: 138 chunks; 1.6 s; peak memory 1308 MiB.
2026-09-22T18:19:12Z INFO [350/371] 0f78ccde-251c-49a6-908a-292348c47419: 6130 chunks; 18.6 s; peak memory 1308 MiB.
2026-09-22T18:19:12Z INFO [350/371] 0f78ccde-251c-49a6-908a-292348c47419: checkpointed 54303 records.
2026-09-22T18:19:13Z INFO [351/371] 0f7975e8-7d37-4ec5-98e0-2930d478fc8c: 46 chunks; 0.7 s; peak memory 1308 MiB.
2026-09-22T18:19:14Z INFO [352/371] 0f7a1967-79c8-41f7-9668-86b4e5318ce1: 46 chunks; 0.5 s; peak memory 1308 MiB.
2026-09-22T18:19:24Z INFO [353/371] 0f7adedf-c505-4425-819f-5096624eedbd: 25646 chunks; 10.4 s; peak memory 1308 MiB.
2026-09-22T18:19:25Z INFO [354/371] 0f7b19cc-d569-4fb1-b264-278bd96ae248: 118 chunks; 0.8 s; peak memory 1308 MiB.
2026-09-22T18:19:27Z INFO [355/371] 0f7bb4c6-1864-47c0-9e74-23eb4995db95: 184 chunks; 2.6 s; peak memory 1308 MiB.
2026-09-22T18:19:28Z INFO [356/371] 0f7c07aa-bd69-4aae-9534-b9f783ca772e: 275 chunks; 0.9 s; peak memory 1308 MiB.
2026-09-22T18:19:30Z INFO [357/371] 0f7c674e-6d28-4631-87ca-2dcbbb878f73: 1061 chunks; 1.6 s; peak memory 1308 MiB.
2026-09-22T18:19:31Z INFO [358/371] 0f7cdc9e-3aa0-420d-8e13-8fcdf70bc943: 118 chunks; 0.9 s; peak memory 1308 MiB.
2026-09-22T18:19:50Z INFO [359/371] 0f7d6565-d1b0-495a-ba27-e5ef822f90e3: 16419 chunks; 18.8 s; peak memory 1308 MiB.
2026-09-22T18:19:51Z INFO [360/371] 0f7dc747-8233-4afb-9910-bb53f969b72d: 112 chunks; 1.0 s; peak memory 1308 MiB.
2026-09-22T18:19:56Z INFO [361/371] 0f7e00d9-da5e-47e6-b388-8b3492d6c607: 20170 chunks; 5.0 s; peak memory 1308 MiB.
2026-09-22T18:19:57Z INFO [362/371] 0f7e0f40-e72c-430c-9dd4-d9b8b5f02d44: 119 chunks; 1.3 s; peak memory 1308 MiB.
2026-09-22T18:19:58Z INFO [363/371] 0f7e80bc-8623-4710-a0b6-5ffcc59bef72: 112 chunks; 0.9 s; peak memory 1308 MiB.
2026-09-22T18:19:59Z INFO [364/371] 0f7ed463-21b1-401a-80b9-73527785578e: 117 chunks; 0.8 s; peak memory 1308 MiB.
2026-09-22T18:19:59Z INFO [365/371] 0f7f54af-7308-45ba-bf41-237486797492: 41 chunks; 0.7 s; peak memory 1308 MiB.
2026-09-22T18:20:03Z INFO [366/371] 0f7f913e-2fed-4367-80f2-0a7e563b0aa2: 4851 chunks; 3.5 s; peak memory 1308 MiB.
2026-09-22T18:20:03Z INFO [367/371] 0f7fb939-9261-4404-8154-296a54bd7cb2: 46 chunks; 0.7 s; peak memory 1308 MiB.
2026-09-22T18:20:05Z INFO [368/371] 0f806da2-bd81-4b51-a432-18f09abe88c4: 156 chunks; 1.9 s; peak memory 1308 MiB.
2026-09-22T18:20:06Z INFO [369/371] 0f80f453-7ed8-4713-9f9c-9eb94392bac4: 117 chunks; 0.7 s; peak memory 1308 MiB.
2026-09-22T18:20:17Z INFO [370/371] 0f817fd0-1503-469c-b916-0792d112a951: 432 chunks; 11.3 s; peak memory 1308 MiB.
2026-09-22T18:20:18Z INFO [371/371] 0f81fb86-47ef-40bf-b8aa-1efea04fdf9d: 77 chunks; 1.1 s; peak memory 1308 MiB.
2026-09-22T18:20:19Z INFO Wrote 54324 records to /tmp/derivatives/valid_nwb_file_to_chunk_stats.jsonl (371 new, 0 failed) in 30.0 min (peak memory 1308 MiB).
