2026-10-10T04:47:15Z INFO Logging to /tmp/logs/update_2026-10-10T04-47-15Z.log.
2026-10-10T04:47:15Z INFO Update valid-nwb-file-to-chunk-stats (base directory /tmp).
2026-10-10T04:47:16Z INFO Processing 500 items (102334 already recorded).
2026-10-10T04:47:17Z INFO [1/500] 72cb9ec4-5ad3-4d85-90f0-5c429f8f812c: 112 chunks; 1.4 s; peak memory 205 MiB.
2026-10-10T04:47:18Z INFO [2/500] 72cc03bc-6706-44d5-9faf-638bd051703e: 48 chunks; 0.7 s; peak memory 206 MiB.
2026-10-10T04:47:18Z INFO [3/500] 72cdd7d0-c8da-4f9a-99dd-db761469f2f1: 48 chunks; 0.7 s; peak memory 206 MiB.
2026-10-10T04:47:19Z INFO [4/500] 72ce37fc-4022-4c92-9240-68855bf23a6b: 46 chunks; 0.6 s; peak memory 206 MiB.
2026-10-10T04:47:21Z INFO [5/500] 72ce5a90-26ef-4e6e-89a9-f6adddccbd23: 138 chunks; 1.7 s; peak memory 208 MiB.
2026-10-10T04:47:22Z INFO [6/500] 72cfb666-1a2c-4c98-b110-44ae4a15c650: 119 chunks; 1.5 s; peak memory 208 MiB.
2026-10-10T04:47:23Z INFO [7/500] 72cffe1f-0cf4-4aec-abe6-de42eb283419: 112 chunks; 1.1 s; peak memory 208 MiB.
2026-10-10T04:47:27Z INFO [8/500] 72d09258-62d4-4c4e-9a78-8c77b61d922f: 15028 chunks; 3.9 s; peak memory 236 MiB.
2026-10-10T04:47:28Z INFO [9/500] 72d11dff-7739-4e85-b5e8-c48e86f87c00: 289 chunks; 0.9 s; peak memory 237 MiB.
2026-10-10T04:47:29Z INFO [10/500] 72d21c08-4f60-4567-9611-f72bbc724d72: 48 chunks; 0.9 s; peak memory 237 MiB.
2026-10-10T04:48:02Z INFO [11/500] 72d2aff5-7dec-4079-b2c9-08e4e6d27a76: 24117 chunks; 32.9 s; peak memory 297 MiB.
2026-10-10T04:48:07Z INFO [12/500] 72d3692c-865b-4cc9-b942-4c52b024427e: 339 chunks; 5.2 s; peak memory 297 MiB.
2026-10-10T04:48:08Z INFO [13/500] 72d42ef0-2e17-44d9-94ec-57a1081e1c8f: 46 chunks; 0.6 s; peak memory 297 MiB.
2026-10-10T04:48:09Z INFO [14/500] 72d477c4-f86c-460b-9200-d54439fa1ef4: 117 chunks; 0.9 s; peak memory 297 MiB.
2026-10-10T04:48:09Z INFO [15/500] 72d7a2d9-1f8c-472a-846f-0624190005ae: 48 chunks; 0.7 s; peak memory 297 MiB.
2026-10-10T04:48:10Z INFO [16/500] 72d7c37b-e200-4c4e-88e7-fa0c2ab9c9d0: 48 chunks; 0.7 s; peak memory 298 MiB.
2026-10-10T04:48:18Z INFO [17/500] 72d82068-0cee-4ba9-9942-5fb233c8e6b2: 1206 chunks; 7.6 s; peak memory 298 MiB.
2026-10-10T04:48:26Z INFO [18/500] 72d8f115-65e8-468a-995b-290f21a7f4b1: 24373 chunks; 7.9 s; peak memory 298 MiB.
2026-10-10T04:48:26Z INFO [19/500] 72da2d2d-291f-4a76-8ac5-f31399cebb8f: 109 chunks; 0.8 s; peak memory 298 MiB.
2026-10-10T04:48:27Z INFO [20/500] 72da8a02-baa0-4088-8771-a4f13a7ff331: 48 chunks; 0.8 s; peak memory 298 MiB.
2026-10-10T04:48:28Z INFO [21/500] 72dafcc5-8773-4f3e-8e00-522057c2cd70: 110 chunks; 1.0 s; peak memory 298 MiB.
2026-10-10T04:48:29Z INFO [22/500] 72dbc9f2-b4a3-466e-b6a1-2744c7f80ccd: 131 chunks; 0.7 s; peak memory 298 MiB.
2026-10-10T04:48:37Z INFO [23/500] 72dbf860-4daa-43fa-95b9-a31eab022121: 19513 chunks; 8.2 s; peak memory 298 MiB.
2026-10-10T04:48:38Z INFO [24/500] 72dc1895-6fc1-4248-8448-6950d5329288: 116 chunks; 0.7 s; peak memory 298 MiB.
2026-10-10T04:48:39Z INFO [25/500] 72dd26ae-df65-46b1-b5bf-305bb6ea4a68: 117 chunks; 0.8 s; peak memory 298 MiB.
2026-10-10T04:48:40Z INFO [26/500] 72de4140-87d8-4da4-9c59-3f4e0faf4961: 592 chunks; 1.0 s; peak memory 298 MiB.
2026-10-10T04:48:41Z INFO [27/500] 72df458e-016c-4210-b81b-a73780ed04e2: 114 chunks; 1.9 s; peak memory 298 MiB.
2026-10-10T04:48:42Z INFO [28/500] 72df65eb-0185-42f2-8a67-03eb3aadfe6f: 117 chunks; 0.9 s; peak memory 298 MiB.
2026-10-10T04:48:43Z INFO [29/500] 72e138d4-07c9-4df6-a9ad-745c9bedfbee: 48 chunks; 0.7 s; peak memory 298 MiB.
2026-10-10T04:48:44Z INFO [30/500] 72e15f15-d2c3-4ac7-890c-50a142d37338: 84 chunks; 0.8 s; peak memory 298 MiB.
2026-10-10T04:48:45Z INFO [31/500] 72e2b345-8034-4256-8563-94b281e65b0e: 48 chunks; 0.8 s; peak memory 298 MiB.
2026-10-10T04:52:38Z INFO [32/500] 72e3258d-c80c-47a9-8f38-366fed6d176f: 89161 chunks; 233.7 s; peak memory 547 MiB.
2026-10-10T04:52:39Z INFO [33/500] 72e35c81-5f72-40d8-b552-37fc7a959d09: 48 chunks; 0.8 s; peak memory 547 MiB.
2026-10-10T04:52:40Z INFO [34/500] 72e4073f-b925-45f5-a52b-e322aaeee43f: 68 chunks; 0.8 s; peak memory 547 MiB.
2026-10-10T04:52:41Z INFO [35/500] 72e41673-3b1f-4c92-92e7-375ff75f0910: 37 chunks; 0.8 s; peak memory 547 MiB.
2026-10-10T04:52:42Z INFO [36/500] 72e41a91-9306-4255-ad59-5cd437d7d861: 118 chunks; 0.8 s; peak memory 547 MiB.
2026-10-10T04:53:01Z INFO [37/500] 72e463a4-8db0-4725-a99e-6fa334d5ffda: 6141 chunks; 19.1 s; peak memory 547 MiB.
2026-10-10T04:53:02Z INFO [38/500] 72e4b6db-56e2-4acf-a666-fda3147bb4f8: 997 chunks; 1.5 s; peak memory 547 MiB.
2026-10-10T04:53:03Z INFO [39/500] 72e529bb-0153-4c82-a417-6a02b68a6f61: 37 chunks; 0.7 s; peak memory 547 MiB.
2026-10-10T04:53:06Z INFO [40/500] 72e55f6a-dca0-4d77-8a7c-57840da474eb: 7726 chunks; 3.5 s; peak memory 547 MiB.
2026-10-10T04:53:09Z INFO [41/500] 72e56b8b-8476-4c25-aa0a-141cbc1ccb72: 2923 chunks; 3.0 s; peak memory 547 MiB.
2026-10-10T04:53:12Z INFO [42/500] 72e74269-4855-490f-a95a-ef6eb1e2f544: 10847 chunks; 3.2 s; peak memory 547 MiB.
2026-10-10T04:53:14Z INFO [43/500] 72e821b3-3777-4368-b248-83185b50d30f: 112 chunks; 1.0 s; peak memory 547 MiB.
2026-10-10T04:53:14Z INFO [44/500] 72e85655-55a8-4f2d-a378-be5380d589da: 117 chunks; 0.7 s; peak memory 547 MiB.
2026-10-10T04:53:20Z INFO [45/500] 72e8698f-557f-4bfc-8a81-17ecec68e2fd: 399 chunks; 6.1 s; peak memory 547 MiB.
2026-10-10T04:53:21Z INFO [46/500] 72e90d82-df5e-4529-9766-2466c1c73a22: 112 chunks; 1.0 s; peak memory 547 MiB.
2026-10-10T04:53:22Z INFO [47/500] 72ea2d63-b813-423e-a992-fecb87c54cce: 48 chunks; 0.8 s; peak memory 547 MiB.
2026-10-10T04:53:24Z INFO [48/500] 72ea580f-c49e-4a96-933d-0a68a2fb80ed: 161 chunks; 1.3 s; peak memory 547 MiB.
2026-10-10T04:53:24Z INFO [49/500] 72ea8368-55d4-4121-aec0-c0812be97a17: 112 chunks; 0.6 s; peak memory 547 MiB.
2026-10-10T04:53:26Z INFO [50/500] 72eaa141-b549-46d6-805d-8bfeb0fd81ba: 3161 chunks; 2.3 s; peak memory 547 MiB.
2026-10-10T04:53:27Z INFO [50/500] 72eaa141-b549-46d6-805d-8bfeb0fd81ba: checkpointed 102384 new records.
2026-10-10T04:53:32Z INFO [51/500] 72eb1a37-4478-4b7a-a9b7-b845a2a488fc: 15767 chunks; 5.1 s; peak memory 547 MiB.
2026-10-10T04:53:35Z INFO [52/500] 72eb7a7f-5cf2-48e2-a14e-240e5d2f34ca: 544 chunks; 3.2 s; peak memory 547 MiB.
2026-10-10T04:53:36Z INFO [53/500] 72eb9923-18a9-4a37-98e8-770249dc90d3: 41 chunks; 0.7 s; peak memory 547 MiB.
2026-10-10T04:53:37Z INFO [54/500] 72ecade2-1e4e-4efa-a1ff-b667df394379: 75 chunks; 1.0 s; peak memory 547 MiB.
2026-10-10T04:53:40Z INFO [55/500] 72ee6262-6a83-4087-be3f-4db9fe56c83b: 2566 chunks; 3.4 s; peak memory 547 MiB.
2026-10-10T04:53:45Z INFO [56/500] 72ef8530-366a-4782-a8a8-944719435fa0: 2923 chunks; 4.3 s; peak memory 547 MiB.
2026-10-10T04:53:46Z INFO [57/500] 72ef8ac0-bf80-41e4-b2f2-c2d5f261a854: 50 chunks; 1.0 s; peak memory 547 MiB.
2026-10-10T04:53:46Z INFO [58/500] 72ef9ee6-f62b-4b54-9d7a-2bf5802b9847: 118 chunks; 0.7 s; peak memory 547 MiB.
2026-10-10T04:53:47Z INFO [59/500] 72f00473-329d-445f-b8e7-7d4d06419f37: 117 chunks; 0.7 s; peak memory 547 MiB.
2026-10-10T04:53:48Z INFO [60/500] 72f0fefe-27ee-47ad-81ea-b618a790448a: 117 chunks; 0.8 s; peak memory 547 MiB.
2026-10-10T04:53:48Z INFO [61/500] 72f1022e-9257-4dc1-9a91-c61f2b12a0f1: 48 chunks; 0.7 s; peak memory 547 MiB.
2026-10-10T04:53:49Z INFO [62/500] 72f1b449-1066-47d6-9002-75a2ed859d0c: 57 chunks; 0.5 s; peak memory 547 MiB.
2026-10-10T04:53:50Z INFO [63/500] 72f20544-1e2b-4794-83d1-3ebcbd20fffd: 63 chunks; 0.7 s; peak memory 547 MiB.
2026-10-10T04:53:50Z INFO [64/500] 72f2be2f-94fe-4eea-8920-af7ad2a8050b: 118 chunks; 0.8 s; peak memory 547 MiB.
2026-10-10T04:53:52Z INFO [65/500] 72f46da8-e414-406e-b613-6adae2b2a096: 146 chunks; 1.1 s; peak memory 547 MiB.
2026-10-10T04:53:53Z INFO [66/500] 72f47d0c-088c-4671-b0f6-90598ec49e16: 62 chunks; 1.1 s; peak memory 547 MiB.
2026-10-10T04:53:53Z INFO [67/500] 72f67e2b-c94b-4183-996c-00d673bc8789: 50 chunks; 0.5 s; peak memory 547 MiB.
2026-10-10T04:53:54Z INFO [68/500] 72f73e5c-e887-409d-be13-0ad2bb68c07e: 49 chunks; 1.1 s; peak memory 547 MiB.
2026-10-10T04:53:56Z INFO [69/500] 72f7905a-0b01-44a3-99cc-fe69d3019bdf: 71 chunks; 1.5 s; peak memory 547 MiB.
2026-10-10T04:53:56Z INFO [70/500] 72f80ae7-da89-4e1e-aa1b-d879993b155a: 48 chunks; 0.7 s; peak memory 547 MiB.
2026-10-10T04:53:59Z INFO [71/500] 72f99dca-4bc8-42a8-a6a2-6452aa273d7b: 8130 chunks; 2.9 s; peak memory 547 MiB.
2026-10-10T04:54:00Z INFO [72/500] 72f9fca7-7640-4647-8e96-e458d866d531: 52 chunks; 0.7 s; peak memory 547 MiB.
2026-10-10T04:54:01Z INFO [73/500] 72fa199d-109e-4d55-91d7-55187716f74a: 71 chunks; 1.4 s; peak memory 547 MiB.
2026-10-10T04:55:47Z INFO [74/500] 72fa89f9-1eee-41f6-9517-c0d5f50a75a8: 65612 chunks; 105.2 s; peak memory 547 MiB.
2026-10-10T04:55:48Z INFO [75/500] 72faaff5-52f6-46bb-ac89-5fdc0ce34aca: 117 chunks; 0.8 s; peak memory 547 MiB.
2026-10-10T04:55:48Z INFO [76/500] 72fb7e00-e0bc-4cc3-8972-eaf91eb08002: 52 chunks; 0.8 s; peak memory 547 MiB.
2026-10-10T04:55:49Z INFO [77/500] 72fbabd2-0177-4ba5-9cdc-9414096c167b: 162 chunks; 0.9 s; peak memory 547 MiB.
2026-10-10T04:55:50Z INFO [78/500] 72fc97f6-e8ff-4d4f-b43a-4a7af19b1cce: 48 chunks; 0.8 s; peak memory 547 MiB.
2026-10-10T04:55:57Z INFO [79/500] 72fd8119-5510-46b5-8229-634977091c9d: 11595 chunks; 7.2 s; peak memory 547 MiB.
2026-10-10T04:55:59Z INFO [80/500] 72fdf1eb-7a55-4f31-a87c-3b56462baa9d: 109 chunks; 1.8 s; peak memory 547 MiB.
2026-10-10T04:56:00Z INFO [81/500] 72fdfd7d-9afc-423f-ba74-0f5a5b5c4553: 48 chunks; 0.9 s; peak memory 547 MiB.
2026-10-10T04:56:01Z INFO [82/500] 72fe5664-620a-4a0d-8364-a03acc7592ea: 110 chunks; 1.0 s; peak memory 547 MiB.
2026-10-10T04:56:02Z INFO [83/500] 72ff3d41-db17-4f39-8828-3590ce0918f1: 48 chunks; 0.8 s; peak memory 547 MiB.
2026-10-10T04:56:03Z INFO [84/500] 72ff6c25-7955-444e-b969-78a11cce5e67: 117 chunks; 0.9 s; peak memory 547 MiB.
2026-10-10T04:56:04Z INFO [85/500] 72ff88ac-41b8-44d6-9279-880ab842c63a: 110 chunks; 1.0 s; peak memory 547 MiB.
2026-10-10T04:57:51Z INFO [86/500] 730009ae-492d-47d9-80f4-c61472d3b399: 40348 chunks; 107.0 s; peak memory 547 MiB.
2026-10-10T04:57:52Z INFO [87/500] 7300736e-0a58-4e72-86be-82c819c1b19a: 66 chunks; 1.1 s; peak memory 547 MiB.
2026-10-10T04:57:53Z INFO [88/500] 7300d5d5-4ca9-4154-af28-40d788ac4719: 71 chunks; 1.1 s; peak memory 547 MiB.
2026-10-10T04:57:54Z INFO [89/500] 7301ced6-85dc-447e-80a9-490a8099d3ad: 51 chunks; 0.9 s; peak memory 547 MiB.
2026-10-10T04:58:02Z INFO [90/500] 73021399-d64f-4ca4-9f32-ffcef8c3acec: 3223 chunks; 8.4 s; peak memory 547 MiB.
2026-10-10T04:58:03Z INFO [91/500] 7302d31b-cac2-4fb0-8152-c490ab4d105a: 116 chunks; 0.7 s; peak memory 547 MiB.
2026-10-10T04:58:04Z INFO [92/500] 7303c67a-8870-4dc5-8554-51dda7a92ea3: 117 chunks; 0.8 s; peak memory 547 MiB.
2026-10-10T04:58:04Z INFO [93/500] 730449c2-177f-4dbf-8e98-6398af23e133: 116 chunks; 0.7 s; peak memory 547 MiB.
2026-10-10T04:58:05Z INFO [94/500] 73045056-4a51-4858-8af9-a9b9a553ab6e: 41 chunks; 0.5 s; peak memory 547 MiB.
2026-10-10T04:58:06Z INFO [95/500] 7305805b-8b96-408b-bdb7-ffc470ed4ccd: 69 chunks; 0.8 s; peak memory 547 MiB.
2026-10-10T04:58:07Z INFO [96/500] 7305ae01-fec6-4f99-9ea5-e56a0f59bac5: 74 chunks; 1.2 s; peak memory 547 MiB.
2026-10-10T04:58:08Z INFO [97/500] 7305d1af-6bda-4023-9742-4f68ec3eb0b7: 48 chunks; 0.7 s; peak memory 547 MiB.
2026-10-10T04:58:09Z INFO [98/500] 730682d1-3fdd-4466-9359-21cc249d844d: 117 chunks; 0.9 s; peak memory 547 MiB.
2026-10-10T04:58:09Z INFO [99/500] 73068adf-2840-421f-8055-51ec2b664d6c: 118 chunks; 0.8 s; peak memory 547 MiB.
2026-10-10T04:58:10Z INFO [100/500] 73068b2c-75cb-4cd0-84d4-5d9fe2711178: 41 chunks; 0.7 s; peak memory 547 MiB.
2026-10-10T04:58:10Z INFO [100/500] 73068b2c-75cb-4cd0-84d4-5d9fe2711178: checkpointed 102434 new records.
2026-10-10T04:58:14Z INFO [101/500] 73068fc4-29fa-4712-909e-cd3d80c25f64: 2265 chunks; 3.2 s; peak memory 547 MiB.
2026-10-10T04:58:15Z INFO [102/500] 73074293-5e78-4e95-a716-a1744daedc8b: 71 chunks; 1.3 s; peak memory 547 MiB.
2026-10-10T04:58:16Z INFO [103/500] 73078379-3992-43e5-99c8-0fb8492ea922: 48 chunks; 0.7 s; peak memory 547 MiB.
2026-10-10T04:58:17Z INFO [104/500] 73082dc5-5942-4ed7-bb00-8ff4b55ed262: 66 chunks; 1.1 s; peak memory 547 MiB.
2026-10-10T04:58:18Z INFO [105/500] 73086eba-db8f-488a-b7d6-c6e40a5813d4: 52 chunks; 1.0 s; peak memory 547 MiB.
2026-10-10T04:58:19Z INFO [106/500] 73095eb6-e91d-4f14-9847-03d6993b053a: 112 chunks; 0.9 s; peak memory 547 MiB.
2026-10-10T04:58:19Z INFO [107/500] 73099d5d-137e-4817-9e53-500138317727: 45 chunks; 0.6 s; peak memory 547 MiB.
2026-10-10T04:59:51Z INFO [108/500] 730a07b0-286d-4d2e-9ad9-b766aa5084e3: 25729 chunks; 91.9 s; peak memory 619 MiB.
2026-10-10T04:59:52Z INFO [109/500] 730a5a59-2b8b-42c3-bebc-f79689c0d119: 57 chunks; 0.6 s; peak memory 619 MiB.
2026-10-10T04:59:53Z INFO [110/500] 730ae4c3-afc3-4b5b-8e58-889302db1666: 117 chunks; 0.9 s; peak memory 619 MiB.
2026-10-10T04:59:54Z INFO [111/500] 730b1db9-c67e-4567-89ea-921fdeb66c6c: 118 chunks; 0.8 s; peak memory 619 MiB.
2026-10-10T04:59:55Z INFO [112/500] 730c23b1-0e42-4a7a-bf87-cfab14233f1f: 110 chunks; 1.1 s; peak memory 619 MiB.
2026-10-10T04:59:56Z INFO [113/500] 730d11a1-dd0f-438e-921a-d66312ff8dad: 76 chunks; 1.1 s; peak memory 619 MiB.
2026-10-10T04:59:56Z INFO [114/500] 730de3db-7122-4d67-8b72-9b61d11e909a: 37 chunks; 0.6 s; peak memory 619 MiB.
2026-10-10T05:00:15Z INFO [115/500] 730e26e7-f3ee-4f7f-8b9e-262df33a6348: 6039 chunks; 18.4 s; peak memory 619 MiB.
2026-10-10T05:00:19Z INFO [116/500] 730e4f5d-6955-4085-aaa5-82e128263405: 23185 chunks; 4.3 s; peak memory 619 MiB.
2026-10-10T05:00:30Z INFO [117/500] 730e6306-37cd-4004-a416-16b497fed748: 2199 chunks; 10.6 s; peak memory 619 MiB.
2026-10-10T05:00:31Z INFO [118/500] 730ec038-1f7d-405d-8bc3-e0e3ad155bde: 71 chunks; 1.4 s; peak memory 619 MiB.
2026-10-10T05:00:32Z INFO [119/500] 730f6ab9-42ff-4f54-b1aa-fe9fa12ce326: 116 chunks; 0.8 s; peak memory 619 MiB.
2026-10-10T05:00:32Z INFO [120/500] 730fd528-945d-4281-8b5b-46353a4f5185: 52 chunks; 0.7 s; peak memory 619 MiB.
2026-10-10T05:00:40Z INFO [121/500] 731000db-9078-4e82-8d21-0227210e18ee: 23901 chunks; 8.0 s; peak memory 619 MiB.
2026-10-10T05:00:41Z INFO [122/500] 73104ba9-9d85-417f-894b-98291f7bcf4c: 48 chunks; 0.6 s; peak memory 619 MiB.
2026-10-10T05:00:42Z INFO [123/500] 73116678-2685-44a0-9f77-32ae9f0d3707: 37 chunks; 0.5 s; peak memory 619 MiB.
2026-10-10T05:00:42Z INFO [124/500] 73117bb9-3bb2-4314-9332-f5d6c4fccfb2: 52 chunks; 0.7 s; peak memory 619 MiB.
2026-10-10T05:00:43Z INFO [125/500] 73118c99-78af-4ecf-b414-848485600e90: 117 chunks; 0.7 s; peak memory 619 MiB.
2026-10-10T05:00:44Z INFO [126/500] 7311ffdc-dd0f-4449-9676-1ad989104e99: 48 chunks; 0.7 s; peak memory 619 MiB.
2026-10-10T05:00:44Z INFO [127/500] 731239b0-8e98-491f-a4fe-06d0d3aa1efe: 48 chunks; 0.6 s; peak memory 619 MiB.
2026-10-10T05:00:47Z INFO [128/500] 7312bbd1-e417-45ab-9102-07fdb78e3979: 296 chunks; 3.3 s; peak memory 619 MiB.
2026-10-10T05:00:48Z INFO [129/500] 73131f1c-4c3e-422e-84df-27c307caf627: 48 chunks; 0.7 s; peak memory 619 MiB.
2026-10-10T05:00:49Z INFO [130/500] 7313d208-21e7-45d1-8e5f-437dcbb6ff6f: 84 chunks; 0.9 s; peak memory 619 MiB.
2026-10-10T05:00:50Z INFO [131/500] 73145ee7-04b7-4f7d-999c-f83d8e44990f: 110 chunks; 0.9 s; peak memory 619 MiB.
2026-10-10T05:00:51Z INFO [132/500] 7314f02d-efef-4202-89ec-f32b15a5c56b: 66 chunks; 1.0 s; peak memory 619 MiB.
2026-10-10T05:00:52Z INFO [133/500] 7315084a-e2b6-46e2-b9fe-2825661ee3a6: 46 chunks; 0.6 s; peak memory 619 MiB.
2026-10-10T05:00:53Z INFO [134/500] 73154035-0bfc-4c5a-8fa4-a124764ab446: 115 chunks; 1.6 s; peak memory 619 MiB.
2026-10-10T05:00:55Z INFO [135/500] 731614ae-2ac9-4d33-b626-69a223b5db53: 186 chunks; 1.4 s; peak memory 619 MiB.
2026-10-10T05:00:59Z INFO [136/500] 731677ae-9c82-4c4b-8341-45965e9a8db8: 288 chunks; 4.5 s; peak memory 619 MiB.
2026-10-10T05:01:01Z INFO [137/500] 73168c6f-f4ee-48c8-af0c-2c6358a81343: 156 chunks; 2.1 s; peak memory 619 MiB.
2026-10-10T05:01:02Z INFO [138/500] 7316e972-2af7-429e-9f1f-00f69e83c595: 48 chunks; 0.8 s; peak memory 619 MiB.
2026-10-10T05:01:03Z INFO [139/500] 73175f59-2a54-40cc-8a38-14497581f88f: 48 chunks; 0.8 s; peak memory 619 MiB.
2026-10-10T05:01:03Z INFO [140/500] 7317d488-3df9-4acc-8e64-c12c45a64785: 45 chunks; 0.5 s; peak memory 619 MiB.
2026-10-10T05:01:04Z INFO [141/500] 7318058b-98a3-412e-b699-20a7d07b94c4: 48 chunks; 0.7 s; peak memory 619 MiB.
2026-10-10T05:01:07Z INFO [142/500] 73181b7d-8f71-4c27-9a07-082418a57f42: 9643 chunks; 3.3 s; peak memory 619 MiB.
2026-10-10T05:01:08Z INFO [143/500] 731934f1-93e4-4670-9e57-f8caad2f0dbc: 58 chunks; 0.6 s; peak memory 619 MiB.
2026-10-10T05:01:15Z INFO [144/500] 73193e30-c04f-4806-b948-342f46dde416: 22251 chunks; 6.8 s; peak memory 619 MiB.
2026-10-10T05:01:16Z INFO [145/500] 7319f498-353a-4b3f-9269-73ac30920509: 66 chunks; 1.1 s; peak memory 619 MiB.
2026-10-10T05:01:18Z INFO [146/500] 731a0345-ac47-454c-bf7b-1a3b50f0cc76: 129 chunks; 1.8 s; peak memory 619 MiB.
2026-10-10T05:01:18Z INFO [147/500] 731b567f-e117-467b-acf2-d51e4b2bf93a: 46 chunks; 0.5 s; peak memory 619 MiB.
2026-10-10T05:01:19Z INFO [148/500] 731b9312-1fbf-4b00-b179-5ec081d8958b: 41 chunks; 0.7 s; peak memory 619 MiB.
2026-10-10T05:01:19Z INFO [149/500] 731c6925-b537-4e36-b220-96614ffe510f: 46 chunks; 0.5 s; peak memory 619 MiB.
2026-10-10T05:01:20Z INFO [150/500] 731ca579-8eb6-40a2-85bc-ef639f92d0d4: 112 chunks; 0.8 s; peak memory 619 MiB.
2026-10-10T05:01:20Z INFO [150/500] 731ca579-8eb6-40a2-85bc-ef639f92d0d4: checkpointed 102484 new records.
2026-10-10T05:01:34Z INFO [151/500] 731cc16a-1bb6-4af9-bf04-3aa23a78b00d: 8359 chunks; 14.0 s; peak memory 619 MiB.
2026-10-10T05:01:39Z INFO [152/500] 731d26c0-387e-41ef-97a5-d60d4a9aa269: 4151 chunks; 4.5 s; peak memory 619 MiB.
2026-10-10T05:01:40Z INFO [153/500] 731d71dc-a697-41a8-b5f0-4dc9a47efa81: 48 chunks; 0.9 s; peak memory 619 MiB.
2026-10-10T05:01:40Z INFO [154/500] 731e58fb-b32f-4f05-9305-757537d85fda: 63 chunks; 0.6 s; peak memory 619 MiB.
2026-10-10T05:01:42Z INFO [155/500] 731e8844-7730-4c5c-8af7-98d9c1e1ac88: 116 chunks; 1.7 s; peak memory 619 MiB.
2026-10-10T05:01:43Z INFO [156/500] 731fbe7d-4e6a-4a65-a3e8-ec3009fe63ca: 112 chunks; 0.8 s; peak memory 619 MiB.
2026-10-10T05:01:45Z INFO [157/500] 7320c06a-5ae0-4273-bb57-3371cc50ac81: 115 chunks; 1.9 s; peak memory 619 MiB.
2026-10-10T05:01:46Z INFO [158/500] 7320d32a-6313-4fcc-a888-826b9e559eb2: 48 chunks; 0.8 s; peak memory 619 MiB.
2026-10-10T05:01:47Z INFO [159/500] 73211b02-12b8-4d07-8e40-25ca0769b2c8: 48 chunks; 0.9 s; peak memory 619 MiB.
2026-10-10T05:01:48Z INFO [160/500] 7321677e-53f0-4581-b696-60a8a31b690d: 117 chunks; 1.0 s; peak memory 619 MiB.
2026-10-10T05:01:48Z INFO [161/500] 732192a8-5a3d-495d-8a12-e3d2adb3d47c: 48 chunks; 0.6 s; peak memory 619 MiB.
2026-10-10T05:01:49Z INFO [162/500] 7321efcb-8169-4aab-8aea-ce90c184f4fa: 39 chunks; 0.9 s; peak memory 619 MiB.
2026-10-10T05:01:51Z INFO [163/500] 73225168-2a25-487b-ad5b-f2c769c2e31a: 115 chunks; 1.7 s; peak memory 619 MiB.
2026-10-10T05:01:59Z INFO [164/500] 732345e0-fcc8-416c-a33a-543e1eedb7fe: 11667 chunks; 8.3 s; peak memory 619 MiB.
2026-10-10T05:02:00Z INFO [165/500] 7323dbcd-af1e-42c5-b257-e7e90c6ce4c1: 117 chunks; 0.9 s; peak memory 619 MiB.
2026-10-10T05:02:07Z INFO [166/500] 73241121-7e58-46d4-91bc-be5b5ba7a650: 17900 chunks; 6.8 s; peak memory 619 MiB.
2026-10-10T05:02:08Z INFO [167/500] 73255cd5-a7a5-463e-87fe-939e4a0e2ac4: 118 chunks; 1.3 s; peak memory 619 MiB.
2026-10-10T05:02:12Z INFO [168/500] 732579a9-118b-4b00-969e-7d52360d2b3d: 574 chunks; 3.5 s; peak memory 619 MiB.
2026-10-10T05:02:12Z INFO [169/500] 73257a04-9683-4571-8724-5e993e2a7c07: 48 chunks; 0.9 s; peak memory 619 MiB.
2026-10-10T05:02:13Z INFO [170/500] 7325b1b4-dcc2-4f77-a6b6-a1ea037677eb: 76 chunks; 0.9 s; peak memory 619 MiB.
2026-10-10T05:02:14Z INFO [171/500] 73261940-00b5-4605-8e1b-6d39be0b1293: 118 chunks; 0.9 s; peak memory 619 MiB.
2026-10-10T05:02:16Z INFO [172/500] 73266a1c-d52c-47d3-98ca-574393ed0aca: 116 chunks; 2.1 s; peak memory 619 MiB.
2026-10-10T05:02:23Z INFO [173/500] 7326b9f5-d2c4-4789-a715-e615e815561d: 825 chunks; 7.0 s; peak memory 619 MiB.
2026-10-10T05:02:24Z INFO [174/500] 73273b75-2d97-461a-ac4d-c0aa54c4093f: 33 chunks; 0.6 s; peak memory 619 MiB.
2026-10-10T05:02:25Z INFO [175/500] 732a7ad7-c2ed-4f9b-8e15-c675934de349: 118 chunks; 0.8 s; peak memory 619 MiB.
2026-10-10T05:02:28Z INFO [176/500] 732a7bd3-dbb0-4633-99ea-fec03db66e41: 2922 chunks; 3.3 s; peak memory 619 MiB.
2026-10-10T05:02:29Z INFO [177/500] 732a7cf8-5265-497a-8c49-45cc29fb9b88: 66 chunks; 1.1 s; peak memory 619 MiB.
2026-10-10T05:02:30Z INFO [178/500] 732b197f-7f9d-4aa1-9d64-7012cbdc8d3d: 48 chunks; 0.7 s; peak memory 619 MiB.
2026-10-10T05:03:25Z INFO [179/500] 732c5f38-466e-4c9c-8bbb-630fa630b4bc: 26725 chunks; 55.0 s; peak memory 619 MiB.
2026-10-10T05:03:35Z INFO [180/500] 732c623d-dd4e-414a-980d-b4f87277f2d6: 2353 chunks; 9.7 s; peak memory 619 MiB.
2026-10-10T05:03:35Z INFO [181/500] 732ca5cc-275f-4c29-b4ac-d1bb0ef4fdd8: 46 chunks; 0.7 s; peak memory 619 MiB.
2026-10-10T05:03:47Z INFO [182/500] 732d9920-935d-4baf-8452-ebd78a32a426: 25777 chunks; 11.8 s; peak memory 619 MiB.
2026-10-10T05:03:48Z INFO [183/500] 732efcaa-8028-4741-865d-5bae2ab73609: 117 chunks; 0.8 s; peak memory 619 MiB.
2026-10-10T05:03:49Z INFO [184/500] 732f1acd-8534-4d8b-b162-d9bda546ad9f: 120 chunks; 1.3 s; peak memory 619 MiB.
2026-10-10T05:03:50Z INFO [185/500] 732ffd3a-8dcf-43de-881b-a606857c1f4c: 48 chunks; 0.7 s; peak memory 619 MiB.
2026-10-10T05:03:50Z INFO [186/500] 733057f4-83c2-46b8-97d0-fe984738f80c: 63 chunks; 0.5 s; peak memory 619 MiB.
2026-10-10T05:03:51Z INFO [187/500] 73307656-d061-437f-90d2-3f06590c728a: 118 chunks; 1.0 s; peak memory 619 MiB.
2026-10-10T05:03:53Z INFO [188/500] 7331417c-4446-4898-869d-5a9940f95ea3: 933 chunks; 1.3 s; peak memory 619 MiB.
2026-10-10T05:03:54Z INFO [189/500] 73315efc-71dc-499b-8acb-558bf42e07c7: 72 chunks; 0.9 s; peak memory 619 MiB.
2026-10-10T05:03:54Z INFO [190/500] 733166f4-03b7-472a-a036-60782a3cd6f2: 46 chunks; 0.5 s; peak memory 619 MiB.
2026-10-10T05:03:55Z INFO [191/500] 73317953-655e-4dcb-ae39-24a7af0161ec: 112 chunks; 1.0 s; peak memory 619 MiB.
2026-10-10T05:03:56Z INFO [192/500] 7332b795-662a-4fd0-aac4-dadffc075dde: 48 chunks; 0.7 s; peak memory 619 MiB.
2026-10-10T05:03:57Z INFO [193/500] 733318fb-fd28-43ff-ad3c-0d035ed7a41e: 112 chunks; 0.9 s; peak memory 619 MiB.
2026-10-10T05:03:57Z INFO [194/500] 7333227d-4a11-485e-90df-922b32ac132b: 118 chunks; 0.7 s; peak memory 619 MiB.
2026-10-10T05:03:59Z INFO [195/500] 73337f95-a214-4180-85e7-416b5b10db9c: 71 chunks; 1.8 s; peak memory 619 MiB.
2026-10-10T05:04:00Z INFO [196/500] 73341b02-b5e3-4e80-afdd-9473a8c7f719: 106 chunks; 1.1 s; peak memory 619 MiB.
2026-10-10T05:04:02Z INFO [197/500] 73344f4e-2c7f-459f-b8a5-43ff17554d09: 76 chunks; 1.3 s; peak memory 619 MiB.
2026-10-10T05:04:03Z INFO [198/500] 733491d6-2702-4b07-9233-1131cc27a754: 289 chunks; 1.0 s; peak memory 619 MiB.
2026-10-10T05:05:50Z INFO [199/500] 7334aa10-a03b-44f6-a2f0-ba12b34a7fc3: 41019 chunks; 107.1 s; peak memory 619 MiB.
2026-10-10T05:05:50Z INFO [200/500] 733551fe-3b9f-4834-85f9-3d289674337e: 37 chunks; 0.5 s; peak memory 619 MiB.
2026-10-10T05:05:51Z INFO [200/500] 733551fe-3b9f-4834-85f9-3d289674337e: checkpointed 102534 new records.
2026-10-10T05:05:51Z INFO [201/500] 7335ef84-813a-4dcb-924f-dbab4d8bf8f0: 142 chunks; 0.7 s; peak memory 619 MiB.
2026-10-10T05:05:52Z INFO [202/500] 7335f33e-5255-4d5f-a91f-acda03939179: 116 chunks; 0.8 s; peak memory 619 MiB.
2026-10-10T05:05:53Z INFO [203/500] 73360353-382b-451f-a806-d26885007e29: 48 chunks; 0.7 s; peak memory 619 MiB.
2026-10-10T05:06:00Z INFO [204/500] 7336ccdd-41ea-4d41-9a3e-68fe2b6fde01: 26137 chunks; 6.6 s; peak memory 619 MiB.
2026-10-10T05:06:00Z INFO [205/500] 7336e620-4a38-48c8-836d-d2a37de40a92: 118 chunks; 0.8 s; peak memory 619 MiB.
2026-10-10T05:06:03Z INFO [206/500] 7336ea10-c3b8-41b4-9c74-9046c93ea388: 156 chunks; 2.2 s; peak memory 619 MiB.
2026-10-10T05:06:03Z INFO [207/500] 73370428-f064-4205-a3d5-d748c72a58cc: 117 chunks; 1.0 s; peak memory 619 MiB.
2026-10-10T05:06:04Z INFO [208/500] 73376cd3-c43d-4f56-b6e7-0f76ab6ec6ec: 48 chunks; 0.7 s; peak memory 619 MiB.
2026-10-10T05:06:05Z INFO [209/500] 73377c55-3031-4b00-8b78-47f213135972: 48 chunks; 0.7 s; peak memory 619 MiB.
2026-10-10T05:06:06Z INFO [210/500] 73389177-44fd-49e5-8160-f4e84aa36695: 54 chunks; 0.9 s; peak memory 619 MiB.
2026-10-10T05:06:09Z INFO [211/500] 7338ce5f-5413-4cb8-bbec-f26b35361042: 178 chunks; 2.7 s; peak memory 619 MiB.
2026-10-10T05:06:10Z INFO [212/500] 7339659a-4203-4bfe-8d6f-57fdb09cb04a: 66 chunks; 1.1 s; peak memory 619 MiB.
2026-10-10T05:06:11Z INFO [213/500] 733adba2-2e99-4392-bcd1-64e02fd4761c: 119 chunks; 1.8 s; peak memory 619 MiB.
2026-10-10T05:06:12Z INFO [214/500] 733b9b74-35cd-4d73-84a4-c974ffb67a28: 48 chunks; 0.7 s; peak memory 619 MiB.
2026-10-10T05:06:13Z INFO [215/500] 733c7fbb-3d6a-4d01-bbb8-bb1a051195a9: 77 chunks; 0.7 s; peak memory 619 MiB.
2026-10-10T05:06:13Z INFO [216/500] 733cc64a-ed3a-4016-b11c-8cb89ede11ee: 46 chunks; 0.5 s; peak memory 619 MiB.
2026-10-10T05:06:14Z INFO [217/500] 733d1e6e-83cb-4080-a036-908d2e60c848: 118 chunks; 0.8 s; peak memory 619 MiB.
2026-10-10T05:06:15Z INFO [218/500] 733d35d1-724d-4d92-9672-9c5c8076cb96: 112 chunks; 0.9 s; peak memory 619 MiB.
2026-10-10T05:06:17Z INFO [219/500] 733d481f-4635-4c3f-be29-4a05bf06072e: 115 chunks; 1.8 s; peak memory 619 MiB.
2026-10-10T05:06:19Z INFO [220/500] 733e1056-32c1-4d67-86f8-f249e478f508: 1618 chunks; 2.3 s; peak memory 619 MiB.
2026-10-10T05:06:21Z INFO [221/500] 733e1f82-1578-4d06-897a-40ce1df7dfdf: 68 chunks; 1.4 s; peak memory 619 MiB.
2026-10-10T05:06:22Z INFO [222/500] 733ec936-53be-4691-83b5-c5e388534c5f: 112 chunks; 1.3 s; peak memory 619 MiB.
2026-10-10T05:06:23Z INFO [223/500] 733f2b86-dae2-41c1-9c57-c942de1d4b93: 48 chunks; 0.8 s; peak memory 619 MiB.
2026-10-10T05:06:23Z INFO [224/500] 733f980d-d7d3-490b-92be-9697bde5c22c: 117 chunks; 0.8 s; peak memory 619 MiB.
2026-10-10T05:06:25Z INFO [225/500] 73400136-6ec1-47de-9b5f-598d0ff543a8: 150 chunks; 1.9 s; peak memory 619 MiB.
2026-10-10T05:06:26Z INFO [226/500] 73412281-3167-41c0-9f52-8e232f97a646: 48 chunks; 0.7 s; peak memory 619 MiB.
2026-10-10T05:06:27Z INFO [227/500] 7341444a-5c5a-4082-8c06-5ee1f9676d01: 48 chunks; 0.7 s; peak memory 619 MiB.
2026-10-10T05:06:27Z INFO [228/500] 73422c59-2e18-4b34-bcc6-75c9b0ea74ca: 49 chunks; 0.8 s; peak memory 619 MiB.
2026-10-10T05:06:28Z INFO [229/500] 7343fb22-eee4-46f2-953a-9dda2bd04f22: 117 chunks; 0.7 s; peak memory 619 MiB.
2026-10-10T05:06:29Z INFO [230/500] 734407bb-1125-4414-bf9d-af011da4fb07: 66 chunks; 1.1 s; peak memory 619 MiB.
2026-10-10T05:06:30Z INFO [231/500] 734437d0-8704-4c06-bc1b-d0206b410288: 66 chunks; 1.2 s; peak memory 619 MiB.
2026-10-10T05:06:32Z INFO [232/500] 7344a151-f427-4aaa-8521-ac0bdbca8d8d: 90 chunks; 1.8 s; peak memory 619 MiB.
2026-10-10T05:06:33Z INFO [233/500] 73451e75-baa5-42c7-b963-daa8b17403f1: 67 chunks; 0.8 s; peak memory 619 MiB.
2026-10-10T05:06:34Z INFO [234/500] 7345c8ac-1da3-4d41-98fb-eb8c818e0289: 48 chunks; 0.7 s; peak memory 619 MiB.
2026-10-10T05:06:35Z INFO [235/500] 7346adb2-7c1a-4b6d-96a9-033f2f930f49: 452 chunks; 1.2 s; peak memory 619 MiB.
2026-10-10T05:06:36Z INFO [236/500] 734732c3-310f-4f76-9d26-7b39db880c83: 112 chunks; 1.4 s; peak memory 619 MiB.
2026-10-10T05:06:43Z INFO [237/500] 73474dd3-de8b-4e73-822d-0e2a81cb9f8b: 5868 chunks; 6.2 s; peak memory 619 MiB.
2026-10-10T05:06:44Z INFO [238/500] 73491a0a-cb69-434f-8862-e2dbbbe3a251: 364 chunks; 1.6 s; peak memory 619 MiB.
2026-10-10T05:06:47Z INFO [239/500] 7349c959-72d3-4939-ad05-1335fc4c5429: 168 chunks; 3.1 s; peak memory 619 MiB.
2026-10-10T05:06:49Z INFO [240/500] 734a1b5f-1b0a-4ebf-bab5-293642e4e534: 146 chunks; 1.8 s; peak memory 619 MiB.
2026-10-10T05:06:56Z INFO [241/500] 734a1e20-41f7-40b6-a9cf-de87709ad398: 11594 chunks; 7.3 s; peak memory 619 MiB.
2026-10-10T05:06:57Z INFO [242/500] 734aa134-9e4c-41b8-964d-f484552373ef: 69 chunks; 0.9 s; peak memory 619 MiB.
2026-10-10T05:06:58Z INFO [243/500] 734b729a-7ca4-40ca-9ab9-98c006cf99bd: 74 chunks; 0.8 s; peak memory 619 MiB.
2026-10-10T05:06:59Z INFO [244/500] 734ba66c-3bba-4f5e-9c7e-05eb901504c0: 152 chunks; 1.3 s; peak memory 619 MiB.
2026-10-10T05:07:00Z INFO [245/500] 734bbb31-fff1-4112-a2a9-d735edebf2ba: 100 chunks; 0.6 s; peak memory 619 MiB.
2026-10-10T05:07:03Z INFO [246/500] 734bdd7e-e4e2-40ff-93f3-922f906bb289: 308 chunks; 3.1 s; peak memory 619 MiB.
2026-10-10T05:07:04Z INFO [247/500] 734be1f6-edd0-4246-88fa-c5c17a4510df: 69 chunks; 1.3 s; peak memory 619 MiB.
2026-10-10T05:07:05Z INFO [248/500] 734cbfa6-57c5-4931-ba57-0e2c376c2db6: 118 chunks; 0.8 s; peak memory 619 MiB.
2026-10-10T05:07:06Z INFO [249/500] 734ccb94-8efd-471c-8d09-a20836d53f20: 59 chunks; 0.9 s; peak memory 619 MiB.
2026-10-10T05:07:10Z INFO [250/500] 734d1699-cc69-4c7f-838c-f41beae3bc8f: 2564 chunks; 3.9 s; peak memory 619 MiB.
2026-10-10T05:07:10Z INFO [250/500] 734d1699-cc69-4c7f-838c-f41beae3bc8f: checkpointed 102584 new records.
2026-10-10T05:07:11Z INFO [251/500] 734d56e7-2c39-4645-afb6-55150759c0e1: 104 chunks; 1.1 s; peak memory 619 MiB.
2026-10-10T05:07:13Z INFO [252/500] 734d8ed3-6bbf-4f04-a5aa-611e03070723: 71 chunks; 1.6 s; peak memory 619 MiB.
2026-10-10T05:07:14Z INFO [253/500] 734d9b75-5aa6-4951-ae8d-a51eb221afab: 112 chunks; 1.1 s; peak memory 619 MiB.
2026-10-10T05:07:15Z INFO [254/500] 734db854-73a7-40b0-9913-12a8f4dd0eb0: 112 chunks; 0.8 s; peak memory 619 MiB.
2026-10-10T05:07:16Z INFO [255/500] 734df681-57a7-4cb6-8f6d-be50b068a7c4: 110 chunks; 1.2 s; peak memory 619 MiB.
2026-10-10T05:07:17Z INFO [256/500] 734df742-628c-401d-8a1f-dfbccb1ea7af: 48 chunks; 0.7 s; peak memory 619 MiB.
2026-10-10T05:07:26Z INFO [257/500] 734e9418-621e-4d84-83a1-e10c9f0fe09a: 13997 chunks; 9.2 s; peak memory 619 MiB.
2026-10-10T05:07:27Z INFO [258/500] 734e9f3d-85ec-4e5c-bbe8-d8daea245a51: 116 chunks; 0.8 s; peak memory 619 MiB.
2026-10-10T05:07:28Z INFO [259/500] 734f3900-a4b1-470b-ac37-6841e95b1374: 71 chunks; 1.2 s; peak memory 619 MiB.
2026-10-10T05:07:29Z INFO [260/500] 734f9783-eaa0-4d83-a945-001a9609b4fe: 117 chunks; 0.7 s; peak memory 619 MiB.
2026-10-10T05:07:36Z INFO [261/500] 73509e8d-752d-40f7-9083-414a0a34b5ec: 10965 chunks; 7.8 s; peak memory 619 MiB.
2026-10-10T05:07:55Z INFO [262/500] 7350aa42-fc38-4ebd-9aab-4775a4219ad7: 6053 chunks; 19.0 s; peak memory 619 MiB.
2026-10-10T05:07:56Z INFO [263/500] 73517b65-daf4-459b-8e10-9c72177fcbed: 58 chunks; 0.7 s; peak memory 619 MiB.
2026-10-10T05:07:57Z INFO [264/500] 7351e754-7548-42d6-adc0-6ab156a2bb8f: 46 chunks; 0.6 s; peak memory 619 MiB.
2026-10-10T05:07:57Z INFO [265/500] 7351e943-c303-4c12-84df-895c15062397: 31 chunks; 0.6 s; peak memory 619 MiB.
2026-10-10T05:07:58Z INFO [266/500] 7352cb93-ba77-4f92-ac7a-c21b5b7bb788: 66 chunks; 1.2 s; peak memory 619 MiB.
2026-10-10T05:07:59Z INFO [267/500] 7354844f-612c-4b33-819b-4b688fafd413: 69 chunks; 0.7 s; peak memory 619 MiB.
2026-10-10T05:08:00Z INFO [268/500] 73553fcd-8ea5-4845-bf6a-264d67e19837: 48 chunks; 0.7 s; peak memory 619 MiB.
2026-10-10T05:08:05Z INFO [269/500] 7355515e-78fd-4f88-ac40-7c78b188925e: 193 chunks; 4.6 s; peak memory 619 MiB.
2026-10-10T05:08:05Z INFO [270/500] 73555a5c-5b14-4704-9738-410c3a5b3dcd: 117 chunks; 0.8 s; peak memory 619 MiB.
2026-10-10T05:08:07Z INFO [271/500] 735690bb-5b20-4355-968f-9b5539e5c9cc: 66 chunks; 1.2 s; peak memory 619 MiB.
2026-10-10T05:08:07Z INFO [272/500] 73571844-8417-410f-9994-9332febc1eda: 116 chunks; 0.8 s; peak memory 619 MiB.
2026-10-10T05:08:08Z INFO [273/500] 7357dc2b-9d5d-4961-83b5-1df1f29a6511: 117 chunks; 0.9 s; peak memory 619 MiB.
2026-10-10T05:08:12Z INFO [274/500] 735943ff-b107-4638-9c5b-b2c0666e0992: 2923 chunks; 3.8 s; peak memory 619 MiB.
2026-10-10T05:08:31Z INFO [275/500] 7359ab89-409b-4719-96dd-cb0fcad7fa81: 6039 chunks; 19.4 s; peak memory 619 MiB.
2026-10-10T05:08:37Z INFO [276/500] 735a329b-e63e-44fa-a30a-3e2278e57bf2: 336 chunks; 5.7 s; peak memory 619 MiB.
2026-10-10T05:08:39Z INFO [277/500] 735a5888-b713-47f8-9175-a7aca47fd56d: 157 chunks; 1.5 s; peak memory 619 MiB.
2026-10-10T05:08:42Z INFO [278/500] 735a83d2-a66e-4657-a417-70341b9835a7: 404 chunks; 3.3 s; peak memory 619 MiB.
2026-10-10T05:08:43Z INFO [279/500] 735baffb-c7e6-43ab-91ea-e66d61ad5454: 118 chunks; 0.9 s; peak memory 619 MiB.
2026-10-10T05:08:44Z INFO [280/500] 735c6e66-46c0-4e9f-b27a-3f0773f01ce0: 48 chunks; 0.7 s; peak memory 619 MiB.
2026-10-10T05:08:45Z INFO [281/500] 735d16aa-4715-4777-932a-f419d66da202: 72 chunks; 1.1 s; peak memory 619 MiB.
2026-10-10T05:08:46Z INFO [282/500] 735e1c2d-09de-488f-92ab-6d414eb56ccb: 132 chunks; 1.4 s; peak memory 619 MiB.
2026-10-10T05:08:47Z INFO [283/500] 735ec93f-dc20-41fd-88b6-e93235d4d298: 111 chunks; 0.9 s; peak memory 619 MiB.
2026-10-10T05:08:48Z INFO [284/500] 735fa1a7-b638-431d-9e13-ee7dfe2fb4a0: 48 chunks; 0.7 s; peak memory 619 MiB.
2026-10-10T05:08:48Z INFO [285/500] 735ff9ac-8361-4152-af5b-213140e82d17: 48 chunks; 0.7 s; peak memory 619 MiB.
2026-10-10T05:08:52Z INFO [286/500] 73603da8-8f7b-4d11-8253-171b07329f38: 2923 chunks; 4.1 s; peak memory 619 MiB.
2026-10-10T05:08:53Z INFO [287/500] 73603e2c-721c-4b18-826d-4e969531fc0d: 64 chunks; 1.1 s; peak memory 619 MiB.
2026-10-10T05:08:55Z INFO [288/500] 7361d1cd-4f09-4a97-8087-d8b931bae281: 112 chunks; 1.2 s; peak memory 619 MiB.
2026-10-10T05:08:55Z INFO [289/500] 7361f199-a796-47c2-b00c-3ffa521e956a: 117 chunks; 0.8 s; peak memory 619 MiB.
2026-10-10T05:08:56Z INFO [290/500] 7362becb-5d6c-4cab-9f68-e1d94fa56dce: 112 chunks; 1.0 s; peak memory 619 MiB.
2026-10-10T05:08:58Z INFO [291/500] 736422d2-c011-467c-a36d-7bf40acf83b2: 71 chunks; 1.6 s; peak memory 619 MiB.
2026-10-10T05:08:59Z INFO [292/500] 73646563-af0d-4a24-b894-915b0c6f7987: 48 chunks; 0.8 s; peak memory 619 MiB.
2026-10-10T05:08:59Z INFO [293/500] 7364bd35-048c-4232-b63e-c1fc9303a03f: 48 chunks; 0.7 s; peak memory 619 MiB.
2026-10-10T05:09:01Z INFO [294/500] 7364f165-b306-4634-a6c4-159944bbcd88: 80 chunks; 1.8 s; peak memory 619 MiB.
2026-10-10T05:09:02Z INFO [295/500] 7365db39-344f-4976-8dce-cf689624b132: 110 chunks; 0.9 s; peak memory 619 MiB.
2026-10-10T05:09:04Z INFO [296/500] 7366d72c-7c90-4dd5-a01a-1ee40bc47f6b: 1641 chunks; 2.1 s; peak memory 619 MiB.
2026-10-10T05:09:05Z INFO [297/500] 73671aee-2039-4204-828b-a76d5941131b: 48 chunks; 0.8 s; peak memory 619 MiB.
2026-10-10T05:09:06Z INFO [298/500] 73694c49-5d2b-4723-b43e-49b2d76af8fe: 117 chunks; 0.8 s; peak memory 619 MiB.
2026-10-10T05:09:07Z INFO [299/500] 7369ceed-8af4-4123-8131-13f03deebefc: 39 chunks; 0.7 s; peak memory 619 MiB.
2026-10-10T05:09:07Z INFO [300/500] 7369faaf-22ef-4c66-acac-2849e34ad39b: 68 chunks; 0.8 s; peak memory 619 MiB.
2026-10-10T05:09:08Z INFO [300/500] 7369faaf-22ef-4c66-acac-2849e34ad39b: checkpointed 102634 new records.
2026-10-10T05:09:14Z INFO [301/500] 7369fda4-a74e-4056-91a7-691dc611b01d: 4223 chunks; 6.2 s; peak memory 619 MiB.
2026-10-10T05:09:16Z INFO [302/500] 736a26dd-f331-4e77-be6f-f8608822cc2d: 566 chunks; 2.5 s; peak memory 619 MiB.
2026-10-10T05:09:18Z INFO [303/500] 736a7ae9-43af-4050-b6b6-0e4eb0585e1d: 70 chunks; 1.3 s; peak memory 619 MiB.
2026-10-10T05:09:19Z INFO [304/500] 736a9d4d-35a4-43c5-aa48-e11583a430c0: 118 chunks; 0.8 s; peak memory 619 MiB.
2026-10-10T05:09:19Z INFO [305/500] 736b5055-ca06-4c99-b351-bbb94f658efb: 112 chunks; 0.8 s; peak memory 619 MiB.
2026-10-10T05:09:20Z INFO [306/500] 736b776d-fa8d-4c06-9e1c-db471dd70760: 48 chunks; 0.9 s; peak memory 619 MiB.
2026-10-10T05:11:18Z INFO [307/500] 736b8391-864b-441c-8cd4-bd486425dbfb: 44880 chunks; 118.1 s; peak memory 619 MiB.
2026-10-10T05:11:19Z INFO [308/500] 736b8852-e063-4459-b8f8-5c512a8350ca: 117 chunks; 0.7 s; peak memory 619 MiB.
2026-10-10T05:12:41Z INFO [309/500] 736be471-0263-409e-91a7-f1f2d34a9e0a: 26940 chunks; 81.7 s; peak memory 619 MiB.
2026-10-10T05:12:42Z INFO [310/500] 736c88ac-9968-45c1-abe2-d940b54c7f39: 117 chunks; 0.8 s; peak memory 619 MiB.
2026-10-10T05:12:42Z INFO [311/500] 736d21bd-9317-44ca-8920-caea80761bd1: 118 chunks; 0.9 s; peak memory 619 MiB.
2026-10-10T05:12:43Z INFO [312/500] 736da992-92f8-4d81-8fd5-c3154e27d92a: 116 chunks; 0.7 s; peak memory 619 MiB.
2026-10-10T05:12:44Z INFO [313/500] 736e51c3-31b5-4969-915e-34f9dd0a7b14: 48 chunks; 0.9 s; peak memory 619 MiB.
2026-10-10T05:12:45Z INFO [314/500] 736e5a78-a19d-452d-83b3-347c96c6a204: 116 chunks; 0.7 s; peak memory 619 MiB.
2026-10-10T05:12:46Z INFO [315/500] 736f2436-9e60-4281-9647-8791716cfca4: 48 chunks; 0.8 s; peak memory 619 MiB.
2026-10-10T05:12:52Z INFO [316/500] 736f38ca-3ef8-4731-93b9-ec4a230ff3d7: 24754 chunks; 6.9 s; peak memory 619 MiB.
2026-10-10T05:12:54Z INFO [317/500] 736f85d5-bd6a-4710-876e-81978c591528: 62 chunks; 1.1 s; peak memory 619 MiB.
2026-10-10T05:12:54Z INFO [318/500] 736fcec3-a4ed-4ed5-888d-276169f0af7a: 48 chunks; 0.9 s; peak memory 619 MiB.
2026-10-10T05:12:55Z INFO [319/500] 736ff489-2231-4b68-a51e-f2a3b1e7e66c: 42 chunks; 0.9 s; peak memory 619 MiB.
2026-10-10T05:12:56Z INFO [320/500] 73708154-698a-4e02-a055-2ec2f660d6d3: 52 chunks; 0.8 s; peak memory 619 MiB.
2026-10-10T05:13:00Z INFO [321/500] 737083a7-7f59-4aa8-a25d-c804963c95ef: 2208 chunks; 4.0 s; peak memory 619 MiB.
2026-10-10T05:13:01Z INFO [322/500] 7370c08d-c782-45ef-aeeb-1a441be2ac5b: 48 chunks; 0.8 s; peak memory 619 MiB.
2026-10-10T05:13:02Z INFO [323/500] 73711358-2a09-448b-9961-645185b9d26e: 56 chunks; 0.6 s; peak memory 619 MiB.
2026-10-10T05:13:03Z INFO [324/500] 73712250-1a6f-4e5f-b74b-6ae78d54fb31: 283 chunks; 1.2 s; peak memory 619 MiB.
2026-10-10T05:13:03Z INFO [325/500] 7371e0a0-2919-410b-9454-87c5e02876e9: 48 chunks; 0.8 s; peak memory 619 MiB.
2026-10-10T05:13:11Z INFO [326/500] 7371f577-a188-4f0f-8de3-32b6a4f9bdb3: 8611 chunks; 7.1 s; peak memory 619 MiB.
2026-10-10T05:13:12Z INFO [327/500] 7373a1f4-3b76-4921-840f-0230da10bf9e: 76 chunks; 1.0 s; peak memory 619 MiB.
2026-10-10T05:13:12Z INFO [328/500] 7373a6a1-1a64-4a44-b459-146ef7add1f0: 117 chunks; 0.8 s; peak memory 619 MiB.
2026-10-10T05:13:13Z INFO [329/500] 7373c2f2-5e44-443e-8e85-8868ad91ad27: 110 chunks; 0.9 s; peak memory 619 MiB.
2026-10-10T05:13:17Z INFO [330/500] 7374f13d-4de1-40dc-b914-ec23cb4df3a4: 1828 chunks; 4.0 s; peak memory 619 MiB.
2026-10-10T05:13:20Z INFO [331/500] 73753c71-89c0-4a3a-bc8b-8db2c5719141: 2640 chunks; 2.5 s; peak memory 619 MiB.
2026-10-10T05:13:20Z INFO [332/500] 7375a959-d886-40c5-b0c7-69768d42ff7f: 52 chunks; 0.7 s; peak memory 619 MiB.
2026-10-10T05:13:21Z INFO [333/500] 73760c1a-009a-4435-a1a6-bd55b4efafb6: 48 chunks; 0.7 s; peak memory 619 MiB.
2026-10-10T05:13:22Z INFO [334/500] 73760cc3-ae38-40c3-b349-8d41144f065c: 48 chunks; 0.8 s; peak memory 619 MiB.
2026-10-10T05:13:24Z INFO [335/500] 7376a196-6627-4bc5-ad55-4121d105abee: 156 chunks; 1.9 s; peak memory 619 MiB.
2026-10-10T05:13:25Z INFO [336/500] 737753eb-bacb-4d03-a387-41e00d4e553f: 71 chunks; 1.1 s; peak memory 619 MiB.
2026-10-10T05:13:34Z INFO [337/500] 737763da-04fc-4dd8-9a4b-345481be2f25: 20688 chunks; 8.9 s; peak memory 619 MiB.
2026-10-10T05:13:40Z INFO [338/500] 73782c0c-3692-454c-9eaa-385935a4b999: 11418 chunks; 6.4 s; peak memory 619 MiB.
2026-10-10T05:13:41Z INFO [339/500] 737896f9-8bb6-4cda-8b88-b41328f95a9a: 66 chunks; 1.1 s; peak memory 619 MiB.
2026-10-10T05:13:42Z INFO [340/500] 737907d6-a27c-4eba-8120-73d40fcacc93: 117 chunks; 0.9 s; peak memory 619 MiB.
2026-10-10T05:13:43Z INFO [341/500] 7379540e-e886-4b23-b25f-e77568a47cbc: 48 chunks; 0.7 s; peak memory 619 MiB.
2026-10-10T05:13:45Z INFO [342/500] 73796377-3015-496b-966c-fcbe70d6b6c5: 156 chunks; 2.1 s; peak memory 619 MiB.
2026-10-10T05:13:46Z INFO [343/500] 737a0600-0121-4030-b432-cf044de98f2a: 48 chunks; 0.7 s; peak memory 619 MiB.
2026-10-10T05:13:50Z INFO [344/500] 737aed94-b342-4efc-95ba-f78425476571: 2923 chunks; 4.3 s; peak memory 619 MiB.
2026-10-10T05:13:51Z INFO [345/500] 737b114e-7e34-4ee2-94bb-2266d39f8d9c: 69 chunks; 0.9 s; peak memory 619 MiB.
2026-10-10T05:13:52Z INFO [346/500] 737b2c99-1363-46bd-9edf-7d1e02d643dd: 48 chunks; 0.7 s; peak memory 619 MiB.
2026-10-10T05:13:54Z INFO [347/500] 737b9df9-6263-4794-803e-bdf92ae6789e: 80 chunks; 2.0 s; peak memory 619 MiB.
2026-10-10T05:13:54Z INFO [348/500] 737bcc80-0435-4723-85ce-a24b54318ff3: 116 chunks; 0.8 s; peak memory 619 MiB.
2026-10-10T05:13:55Z INFO [349/500] 737bcd8f-92a6-44ac-ab09-08d5a1fad0bb: 48 chunks; 0.6 s; peak memory 619 MiB.
2026-10-10T05:13:56Z INFO [350/500] 737c2496-6305-483b-a8cc-9d4dffd0aa68: 48 chunks; 0.8 s; peak memory 619 MiB.
2026-10-10T05:13:56Z INFO [350/500] 737c2496-6305-483b-a8cc-9d4dffd0aa68: checkpointed 102684 new records.
2026-10-10T05:13:57Z INFO [351/500] 737cdaa6-d891-4f1b-a9ef-f94603066cce: 46 chunks; 0.5 s; peak memory 619 MiB.
2026-10-10T05:14:06Z INFO [352/500] 737d5183-3379-4c13-ac03-069013a89067: 8229 chunks; 9.8 s; peak memory 619 MiB.
2026-10-10T05:14:10Z INFO [353/500] 737db817-bac5-4195-8017-d156618d678c: 174 chunks; 3.5 s; peak memory 619 MiB.
2026-10-10T05:14:11Z INFO [354/500] 737e612f-b311-4f51-9b95-011fde1dc69c: 56 chunks; 0.6 s; peak memory 619 MiB.
2026-10-10T05:14:12Z INFO [355/500] 737f8140-e72d-4b4a-b8e7-85d7cb8e28ac: 71 chunks; 1.1 s; peak memory 619 MiB.
2026-10-10T05:14:12Z INFO [356/500] 7380824e-2538-4715-8c53-7ae957878977: 52 chunks; 0.7 s; peak memory 619 MiB.
2026-10-10T05:14:13Z INFO [357/500] 7380c54b-a4a8-4ce8-9046-27720d950703: 45 chunks; 0.5 s; peak memory 619 MiB.
2026-10-10T05:14:14Z INFO [358/500] 73812ec4-a822-43e1-ab0f-0f6b50a4b2b6: 48 chunks; 0.8 s; peak memory 619 MiB.
2026-10-10T05:14:15Z INFO [359/500] 7381610d-9588-4969-be70-bb77c1c44ef3: 138 chunks; 1.6 s; peak memory 619 MiB.
2026-10-10T05:14:16Z INFO [360/500] 7381ae66-9ecd-422c-aa92-574e7dd7fad3: 117 chunks; 0.7 s; peak memory 619 MiB.
2026-10-10T05:14:20Z INFO [361/500] 73830258-728f-42b3-8873-cf936a0f91a1: 15119 chunks; 3.9 s; peak memory 619 MiB.
2026-10-10T05:14:21Z INFO [362/500] 73831378-8e1d-447c-a313-e818c8972008: 48 chunks; 0.8 s; peak memory 619 MiB.
2026-10-10T05:14:21Z INFO [363/500] 738326e9-b92c-46f2-a557-368b68d16778: 46 chunks; 0.5 s; peak memory 619 MiB.
2026-10-10T05:14:22Z INFO [364/500] 738335c9-ef55-4bca-b63c-fe850e1a992c: 52 chunks; 0.8 s; peak memory 619 MiB.
2026-10-10T05:14:23Z INFO [365/500] 7383507e-c716-49d1-a033-d0cf2689fe1d: 74 chunks; 0.8 s; peak memory 619 MiB.
2026-10-10T05:14:23Z INFO [366/500] 73846b08-a5cd-4890-b8f1-6cb8f9aa20c3: 45 chunks; 0.7 s; peak memory 619 MiB.
2026-10-10T05:14:24Z INFO [367/500] 7384aca2-0939-4e01-8887-2add59240b3f: 48 chunks; 0.7 s; peak memory 619 MiB.
2026-10-10T05:14:25Z INFO [368/500] 738517c3-f043-4895-ba99-182a21e28b02: 116 chunks; 0.9 s; peak memory 619 MiB.
2026-10-10T05:14:26Z INFO [369/500] 73857837-766f-4c8b-bb4f-0854a363bd8f: 117 chunks; 0.8 s; peak memory 619 MiB.
2026-10-10T05:14:26Z INFO [370/500] 7385a69b-dc89-4f69-bd61-2a8263345f2e: 121 chunks; 0.6 s; peak memory 619 MiB.
2026-10-10T05:14:27Z INFO [371/500] 738679a8-f749-4f22-97fe-16ff38969cbe: 111 chunks; 0.7 s; peak memory 619 MiB.
2026-10-10T05:14:32Z INFO [372/500] 7386e8f7-3006-48de-9b53-0951bf179018: 20670 chunks; 4.9 s; peak memory 619 MiB.
2026-10-10T05:14:32Z INFO [373/500] 738717ac-ed4e-49ee-b63f-2fbb389a2f6b: 48 chunks; 0.7 s; peak memory 619 MiB.
2026-10-10T05:14:33Z INFO [374/500] 738753e3-d3d4-4647-988c-562ba4d45106: 41 chunks; 0.6 s; peak memory 619 MiB.
2026-10-10T05:14:34Z INFO [375/500] 738810ac-3e4f-41cd-ad16-a2bc447d79c6: 118 chunks; 0.9 s; peak memory 619 MiB.
2026-10-10T05:14:35Z INFO [376/500] 73883609-854c-4d10-8ddc-d5513f683c09: 45 chunks; 0.7 s; peak memory 619 MiB.
2026-10-10T05:14:35Z INFO [377/500] 73883a99-7b0f-4ce3-b30a-4aa64574100a: 63 chunks; 0.6 s; peak memory 619 MiB.
2026-10-10T05:14:37Z INFO [378/500] 73885c2c-43f2-4eb8-8335-9733ff22387a: 119 chunks; 1.4 s; peak memory 619 MiB.
2026-10-10T05:14:39Z INFO [379/500] 73887cbf-d66e-434e-9e4f-450c59d02400: 156 chunks; 2.1 s; peak memory 619 MiB.
2026-10-10T05:14:40Z INFO [380/500] 73887da5-10bc-4553-bd34-97de9e6cf949: 68 chunks; 0.9 s; peak memory 619 MiB.
2026-10-10T05:14:40Z INFO [381/500] 73888014-6002-4d3c-9be8-48db5db16c45: 31 chunks; 0.5 s; peak memory 619 MiB.
2026-10-10T05:14:41Z INFO [382/500] 73899587-3fc0-4a8c-ad1c-5f9ece420402: 51 chunks; 0.6 s; peak memory 619 MiB.
2026-10-10T05:14:42Z INFO [383/500] 738a9efd-cb75-4e26-a717-bc6feb821ebf: 48 chunks; 0.7 s; peak memory 619 MiB.
2026-10-10T05:14:42Z INFO [384/500] 738be251-3137-4465-94a6-e8368bfb7076: 46 chunks; 0.5 s; peak memory 619 MiB.
2026-10-10T05:14:48Z INFO [385/500] 738be4fd-66d9-4071-a54e-cf0064f1a1e5: 11550 chunks; 6.2 s; peak memory 619 MiB.
2026-10-10T05:14:50Z INFO [386/500] 738cd843-24ff-4988-8f46-1ea1af347645: 110 chunks; 1.2 s; peak memory 619 MiB.
2026-10-10T05:14:52Z INFO [387/500] 738da6b2-9778-4a4c-9f95-89c08dbba37e: 157 chunks; 2.2 s; peak memory 619 MiB.
2026-10-10T05:14:53Z INFO [388/500] 738e9c61-860c-45eb-b565-31f97620fb7f: 71 chunks; 1.4 s; peak memory 619 MiB.
2026-10-10T05:15:03Z INFO [389/500] 738f2ea2-d582-4332-910a-6ca442c10dce: 53138 chunks; 9.7 s; peak memory 619 MiB.
2026-10-10T05:15:12Z INFO [390/500] 73916289-1fba-4195-a1a7-690e33175b5b: 8229 chunks; 8.9 s; peak memory 619 MiB.
2026-10-10T05:15:13Z INFO [391/500] 739215ca-bce8-4763-b129-44e1f2530911: 119 chunks; 1.5 s; peak memory 619 MiB.
2026-10-10T05:15:14Z INFO [392/500] 73929422-6e86-43e6-b2f6-b3d3815c3bcf: 66 chunks; 1.2 s; peak memory 619 MiB.
2026-10-10T05:15:15Z INFO [393/500] 7392c6a8-67b9-4e6e-8cb6-8af19d42ed59: 117 chunks; 0.8 s; peak memory 619 MiB.
2026-10-10T05:15:16Z INFO [394/500] 73930135-0ca0-4732-bacc-6330afb7e88c: 59 chunks; 0.8 s; peak memory 619 MiB.
2026-10-10T05:15:18Z INFO [395/500] 73936b27-30b1-43a3-81c6-312dd85a78e0: 213 chunks; 2.1 s; peak memory 619 MiB.
2026-10-10T05:15:19Z INFO [396/500] 73944c33-ad1f-40ed-9c57-596b0dc1cb50: 46 chunks; 0.7 s; peak memory 619 MiB.
2026-10-10T05:15:20Z INFO [397/500] 73948927-dca6-4b5c-8854-69a99796562f: 128 chunks; 1.6 s; peak memory 619 MiB.
2026-10-10T05:15:21Z INFO [398/500] 739503c5-372a-46c5-aed6-9fdc3f9e3263: 69 chunks; 1.0 s; peak memory 619 MiB.
2026-10-10T05:15:24Z INFO [399/500] 7395c2d7-180f-4d6c-8690-08b51c723f61: 8311 chunks; 3.3 s; peak memory 619 MiB.
2026-10-10T05:15:25Z INFO [400/500] 73960414-5012-40e0-ae4f-00a8edf7e599: 57 chunks; 0.6 s; peak memory 619 MiB.
2026-10-10T05:15:25Z INFO [400/500] 73960414-5012-40e0-ae4f-00a8edf7e599: checkpointed 102734 new records.
2026-10-10T05:15:27Z INFO [401/500] 73962c1d-d596-4761-b8ad-bad147df487a: 85 chunks; 2.0 s; peak memory 619 MiB.
2026-10-10T05:15:28Z INFO [402/500] 7396813d-6405-49c2-bca8-0ef3caf040e3: 112 chunks; 0.9 s; peak memory 619 MiB.
2026-10-10T05:15:30Z INFO [403/500] 73968b95-c92c-4b6e-8fbb-f1ef552e6d3a: 71 chunks; 1.2 s; peak memory 619 MiB.
2026-10-10T05:15:30Z INFO [404/500] 7399123d-faea-426f-b1a0-d4038a1a500e: 45 chunks; 0.7 s; peak memory 619 MiB.
2026-10-10T05:15:31Z INFO [405/500] 73992a0e-0da1-4106-8234-22bec6d2f607: 48 chunks; 0.7 s; peak memory 619 MiB.
2026-10-10T05:15:33Z INFO [406/500] 73994c2e-cd20-49f4-9844-ddce9497b431: 168 chunks; 1.6 s; peak memory 619 MiB.
2026-10-10T05:15:34Z INFO [407/500] 73999499-77d5-4ff6-aadf-2276749309ba: 84 chunks; 0.9 s; peak memory 619 MiB.
2026-10-10T05:15:36Z INFO [408/500] 739ba5c4-dd75-4a8a-94de-b6180f0ead8c: 156 chunks; 2.1 s; peak memory 619 MiB.
2026-10-10T05:15:40Z INFO [409/500] 739ba5d3-e0b0-4ff8-9344-3b5571262638: 15964 chunks; 4.8 s; peak memory 619 MiB.
2026-10-10T05:15:46Z INFO [410/500] 739bbe5e-eb1e-45ca-8dd2-f59adb61322e: 6921 chunks; 6.1 s; peak memory 619 MiB.
2026-10-10T05:15:47Z INFO [411/500] 739bf251-83aa-498d-82c0-77f627b5003f: 118 chunks; 0.8 s; peak memory 619 MiB.
2026-10-10T05:15:48Z INFO [412/500] 739c04de-90f2-42bb-9c9d-6b655d654698: 117 chunks; 0.7 s; peak memory 619 MiB.
2026-10-10T05:15:49Z INFO [413/500] 739c9cd9-189f-43e4-bba8-5ff9680198bb: 112 chunks; 1.1 s; peak memory 619 MiB.
2026-10-10T05:15:50Z INFO [414/500] 739d8088-ebe0-4dc9-9115-5335e8a0943d: 46 chunks; 0.8 s; peak memory 619 MiB.
2026-10-10T05:15:53Z INFO [415/500] 739db125-e17d-4f68-b848-a8334583ff5d: 2490 chunks; 3.6 s; peak memory 619 MiB.
2026-10-10T05:15:55Z INFO [416/500] 739db5d4-bc09-4b27-b770-31864b007fe4: 138 chunks; 1.7 s; peak memory 619 MiB.
2026-10-10T05:15:56Z INFO [417/500] 739dcf2c-154b-4ea1-b818-87be0f782a10: 52 chunks; 0.6 s; peak memory 619 MiB.
2026-10-10T05:15:58Z INFO [418/500] 739e08b8-4ebb-4fee-a816-98a808189c54: 188 chunks; 2.0 s; peak memory 619 MiB.
2026-10-10T05:16:00Z INFO [419/500] 739e8aff-4890-473c-846b-bf845f33e0fe: 1734 chunks; 2.3 s; peak memory 619 MiB.
2026-10-10T05:16:01Z INFO [420/500] 739e8c44-50e6-492b-a888-97ab9badcce1: 56 chunks; 0.7 s; peak memory 619 MiB.
2026-10-10T05:16:01Z INFO [421/500] 739ed893-d4a7-4740-a57c-92ff77ae2922: 48 chunks; 0.8 s; peak memory 619 MiB.
2026-10-10T05:16:08Z INFO [422/500] 739f2ccd-b75e-4e90-a119-85f1aae07041: 17114 chunks; 6.6 s; peak memory 619 MiB.
2026-10-10T05:16:09Z INFO [423/500] 739fcea7-76b4-42d1-9b4a-d0ef4e7df51f: 117 chunks; 0.8 s; peak memory 619 MiB.
2026-10-10T05:16:10Z INFO [424/500] 73a0dac2-089e-4b49-a813-4e4bd61eee5b: 117 chunks; 1.0 s; peak memory 619 MiB.
2026-10-10T05:16:11Z INFO [425/500] 73a0f193-5224-44f2-8fa6-aa80deb7dc54: 48 chunks; 0.8 s; peak memory 619 MiB.
2026-10-10T05:16:11Z INFO [426/500] 73a0fd62-ca84-4c23-ad6b-3edcb1793310: 69 chunks; 0.7 s; peak memory 619 MiB.
2026-10-10T05:16:15Z INFO [427/500] 73a271dd-ce5c-4b73-91c4-772bc4343787: 19444 chunks; 4.0 s; peak memory 619 MiB.
2026-10-10T05:16:16Z INFO [428/500] 73a2b8bc-a23b-4c27-ac03-177a0ac91a86: 46 chunks; 0.6 s; peak memory 619 MiB.
2026-10-10T05:16:17Z INFO [429/500] 73a45690-04f1-4e5a-a99b-2fc56ef43458: 112 chunks; 1.0 s; peak memory 619 MiB.
2026-10-10T05:16:23Z INFO [430/500] 73a46bee-db21-4ed8-b19c-18bc6cde570a: 29752 chunks; 6.1 s; peak memory 619 MiB.
2026-10-10T05:16:24Z INFO [431/500] 73a4b975-5df1-422a-a874-e446fea38496: 117 chunks; 0.8 s; peak memory 619 MiB.
2026-10-10T05:16:25Z INFO [432/500] 73a4c33a-a278-4457-a7a6-30c3a16b2367: 117 chunks; 0.9 s; peak memory 619 MiB.
2026-10-10T05:16:26Z INFO [433/500] 73a4dd49-bfa7-4149-9ae1-74f8758cf0c3: 117 chunks; 0.8 s; peak memory 619 MiB.
2026-10-10T05:16:26Z INFO [434/500] 73a69975-e6a6-45ea-96c5-8bdb8d925ff2: 48 chunks; 0.7 s; peak memory 619 MiB.
2026-10-10T05:16:27Z INFO [435/500] 73a6b61c-ada2-4f28-b402-9cf6bed71a9e: 48 chunks; 0.7 s; peak memory 619 MiB.
2026-10-10T05:16:28Z INFO [436/500] 73a7175e-6d31-4d39-b1d8-c07543b0261f: 46 chunks; 0.6 s; peak memory 619 MiB.
2026-10-10T05:16:29Z INFO [437/500] 73a7d54f-0e72-482b-ae24-10bd5ecbce90: 64 chunks; 1.0 s; peak memory 619 MiB.
2026-10-10T05:16:29Z INFO [438/500] 73a807a0-8370-4c03-802a-bf5fe7ea9f86: 46 chunks; 0.5 s; peak memory 619 MiB.
2026-10-10T05:16:30Z INFO [439/500] 73a99cb0-706b-427b-bb00-ae0024c47c56: 48 chunks; 0.8 s; peak memory 619 MiB.
2026-10-10T05:16:37Z INFO [440/500] 73aa028a-5151-4854-8ccb-7dcda4e36462: 11562 chunks; 6.8 s; peak memory 619 MiB.
2026-10-10T05:16:39Z INFO [441/500] 73ab0771-bfd7-4f3d-87c7-4b2934b4e960: 152 chunks; 1.9 s; peak memory 619 MiB.
2026-10-10T05:16:44Z INFO [442/500] 73acb1e7-65e3-464a-ab7b-b125b563c6cc: 6253 chunks; 5.2 s; peak memory 619 MiB.
2026-10-10T05:16:45Z INFO [443/500] 73acd7f8-97df-4dcc-a979-5d3d407392b6: 48 chunks; 0.8 s; peak memory 619 MiB.
2026-10-10T05:16:48Z INFO [444/500] 73ad4d4b-2fdd-4a53-b25c-a2f1a7bd7222: 400 chunks; 3.4 s; peak memory 619 MiB.
2026-10-10T05:16:49Z INFO [445/500] 73ad634c-7faf-46df-afd1-3d647755409a: 117 chunks; 1.0 s; peak memory 619 MiB.
2026-10-10T05:16:50Z INFO [446/500] 73ada471-53a7-4bc9-9b39-a10aa698ce9b: 48 chunks; 0.7 s; peak memory 619 MiB.
2026-10-10T05:16:50Z INFO [447/500] 73adbe63-fef2-4d27-9d73-4da8bc189dbd: 63 chunks; 0.7 s; peak memory 619 MiB.
2026-10-10T05:16:51Z INFO [448/500] 73adcf45-481d-4e30-a6f5-55aedd4a84d0: 117 chunks; 0.8 s; peak memory 619 MiB.
2026-10-10T05:16:53Z INFO [449/500] 73aed84f-5735-480d-b080-f092e9dcba3b: 1876 chunks; 2.1 s; peak memory 619 MiB.
2026-10-10T05:16:54Z INFO [450/500] 73afed63-017c-4d1a-b689-e13e29522f0c: 118 chunks; 0.9 s; peak memory 619 MiB.
2026-10-10T05:16:54Z INFO [450/500] 73afed63-017c-4d1a-b689-e13e29522f0c: checkpointed 102784 new records.
2026-10-10T05:16:56Z INFO [451/500] 73b06111-19f6-4583-a518-ae1149d32937: 156 chunks; 1.9 s; peak memory 619 MiB.
2026-10-10T05:16:57Z INFO [452/500] 73b076b6-e525-4c7a-be63-7511761570c7: 43 chunks; 0.6 s; peak memory 619 MiB.
2026-10-10T05:16:58Z INFO [453/500] 73b1f68d-4b20-4f73-a4e2-543596792df2: 48 chunks; 0.6 s; peak memory 619 MiB.
2026-10-10T05:16:58Z INFO [454/500] 73b207f5-8569-439e-8ffc-ee8ca78524a8: 48 chunks; 0.7 s; peak memory 619 MiB.
2026-10-10T05:16:59Z INFO [455/500] 73b2453e-2671-438b-8747-6958a3e5f1a9: 117 chunks; 0.9 s; peak memory 619 MiB.
2026-10-10T05:17:00Z INFO [456/500] 73b274ef-fa7f-4e54-952d-731e2c0860a7: 48 chunks; 0.9 s; peak memory 619 MiB.
2026-10-10T05:17:01Z INFO [457/500] 73b27c72-2ca5-4077-bdef-2c9b202a2279: 117 chunks; 0.8 s; peak memory 619 MiB.
2026-10-10T05:17:05Z INFO [458/500] 73b2aa23-2db2-497c-ad17-d657922e5ff3: 1252 chunks; 3.7 s; peak memory 619 MiB.
2026-10-10T05:17:05Z INFO [459/500] 73b2ee56-2563-4dd7-8e14-e70018012549: 117 chunks; 0.7 s; peak memory 619 MiB.
2026-10-10T05:17:06Z INFO [460/500] 73b3854d-b8bb-40af-bc8d-7af579b82c48: 43 chunks; 0.6 s; peak memory 619 MiB.
2026-10-10T05:17:06Z INFO [461/500] 73b3a572-2fa0-4771-b815-6db06ef42a1c: 46 chunks; 0.6 s; peak memory 619 MiB.
2026-10-10T05:17:08Z INFO [462/500] 73b3d8bb-6c9b-4171-a70f-0f4c2b1d9fb8: 204 chunks; 1.3 s; peak memory 619 MiB.
2026-10-10T05:17:08Z INFO [463/500] 73b4636f-f5e7-4880-b645-65ed16ee83a6: 66 chunks; 0.7 s; peak memory 619 MiB.
2026-10-10T05:17:09Z INFO [464/500] 73b46ddb-315c-48fe-a00f-9b85d96eeefe: 48 chunks; 0.7 s; peak memory 619 MiB.
2026-10-10T05:17:10Z INFO [465/500] 73b4b1f3-33e8-456e-b41e-30654cf98889: 49 chunks; 0.8 s; peak memory 619 MiB.
2026-10-10T05:17:11Z INFO [466/500] 73b5c934-5cba-45b6-b30c-29f035ca8bf6: 48 chunks; 0.8 s; peak memory 619 MiB.
2026-10-10T05:17:15Z INFO [467/500] 73b689e4-937d-44ad-a470-776ade007aae: 12019 chunks; 4.6 s; peak memory 619 MiB.
2026-10-10T05:17:58Z INFO [468/500] 73b6e4bf-5b52-42ed-ac9f-ce7588335c28: 24212 chunks; 42.7 s; peak memory 619 MiB.
2026-10-10T05:17:59Z INFO [469/500] 73b71c35-a9f4-45d8-85e6-2fd73a175889: 84 chunks; 0.8 s; peak memory 619 MiB.
2026-10-10T05:17:59Z INFO [470/500] 73b79510-f061-496e-b9f2-cf93d04b8f63: 48 chunks; 0.7 s; peak memory 619 MiB.
2026-10-10T05:18:00Z INFO [471/500] 73b90070-387a-4960-803f-967db1e76074: 49 chunks; 0.9 s; peak memory 619 MiB.
2026-10-10T05:18:02Z INFO [472/500] 73b9c82b-eb5e-4076-80df-a583cc0368c2: 115 chunks; 2.1 s; peak memory 619 MiB.
2026-10-10T05:18:03Z INFO [473/500] 73ba00a6-9be9-4371-b6ae-863192f17780: 140 chunks; 0.8 s; peak memory 619 MiB.
2026-10-10T05:18:04Z INFO [474/500] 73bb9ba1-3865-4183-bbfe-3d6c83da7e37: 48 chunks; 0.7 s; peak memory 619 MiB.
2026-10-10T05:18:34Z INFO [475/500] 73bd913d-1a1c-459e-9cf7-9cfa03dd6849: 21554 chunks; 30.3 s; peak memory 619 MiB.
2026-10-10T05:18:35Z INFO [476/500] 73bddc30-6d3e-4c1b-8feb-2bf2c514e98a: 303 chunks; 0.9 s; peak memory 619 MiB.
2026-10-10T05:18:36Z INFO [477/500] 73be0b5d-ece1-405e-af4b-a56764464504: 48 chunks; 0.7 s; peak memory 619 MiB.
2026-10-10T05:18:38Z INFO [478/500] 73bf9859-7b3f-45cf-adba-6e9f0f258896: 71 chunks; 1.9 s; peak memory 619 MiB.
2026-10-10T05:18:38Z INFO [479/500] 73c0ef6f-9f90-4905-af81-e65ead4f5c3b: 53 chunks; 0.6 s; peak memory 619 MiB.
2026-10-10T05:18:42Z INFO [480/500] 73c10bf6-8664-4706-8196-1003c750998b: 208 chunks; 3.6 s; peak memory 619 MiB.
2026-10-10T05:18:43Z INFO [481/500] 73c1829c-1446-45e9-8fcc-1854f83703a0: 48 chunks; 0.7 s; peak memory 619 MiB.
2026-10-10T05:18:43Z INFO [482/500] 73c1a357-5001-4eb9-af86-6f9c25f29fde: 112 chunks; 0.8 s; peak memory 619 MiB.
2026-10-10T05:18:50Z INFO [483/500] 73c1ee3c-c3f2-44f1-be36-8063afaedfa1: 4223 chunks; 6.3 s; peak memory 619 MiB.
2026-10-10T05:21:24Z INFO [484/500] 73c25cab-26aa-47a7-aae3-a98eb1b6df52: 77369 chunks; 154.2 s; peak memory 619 MiB.
2026-10-10T05:21:28Z INFO [485/500] 73c2e603-f276-4249-8031-73585ea83438: 25884 chunks; 4.2 s; peak memory 619 MiB.
2026-10-10T05:21:29Z INFO [486/500] 73c3db8c-5031-46e6-893e-422b6e0b8515: 112 chunks; 1.1 s; peak memory 619 MiB.
2026-10-10T05:21:30Z INFO [487/500] 73c3ed14-e901-443c-bbcb-6bfbf045b277: 48 chunks; 0.8 s; peak memory 619 MiB.
2026-10-10T05:21:31Z INFO [488/500] 73c494cf-c24b-42eb-aab2-b4b5bfbaf753: 48 chunks; 0.7 s; peak memory 619 MiB.
2026-10-10T05:21:31Z INFO [489/500] 73c74ad5-b3c5-43c7-b96b-b2b8bdcbedb7: 56 chunks; 0.5 s; peak memory 619 MiB.
2026-10-10T05:21:40Z INFO [490/500] 73c86345-f965-42d0-8d9d-c09a7b491e9e: 20358 chunks; 8.3 s; peak memory 619 MiB.
2026-10-10T05:21:41Z INFO [491/500] 73ca481b-313c-4a82-a4ef-197f03b13114: 112 chunks; 1.0 s; peak memory 619 MiB.
2026-10-10T05:21:41Z INFO [492/500] 73cb67b6-b8d8-4b7b-812f-266ebbe44d36: 48 chunks; 0.7 s; peak memory 619 MiB.
2026-10-10T05:21:42Z INFO [493/500] 73cd4cc2-f95d-4788-8ffd-f8d533f768b5: 48 chunks; 0.7 s; peak memory 619 MiB.
2026-10-10T05:21:42Z INFO [494/500] 73cd7db6-9a0f-4ae0-a694-5788b5938b5a: 46 chunks; 0.5 s; peak memory 619 MiB.
2026-10-10T05:21:51Z INFO [495/500] 73ce4e7f-155c-4d59-b5b0-e5653968089a: 2199 chunks; 8.9 s; peak memory 619 MiB.
2026-10-10T05:21:52Z INFO [496/500] 73ceb98d-b79e-401e-aa9d-ebbe415a6923: 48 chunks; 0.8 s; peak memory 619 MiB.
2026-10-10T05:21:57Z INFO [497/500] 73cecdd3-019a-4b26-ab63-ac6ff3cb5465: 16940 chunks; 4.5 s; peak memory 619 MiB.
2026-10-10T05:21:57Z INFO [498/500] 73cf9dc7-e868-4926-b96f-13cf45904952: 61 chunks; 0.9 s; peak memory 619 MiB.
2026-10-10T05:21:59Z INFO [499/500] 73d001e8-1a45-4a80-a1d1-b9499916150a: 51 chunks; 1.2 s; peak memory 619 MiB.
2026-10-10T05:21:59Z INFO [500/500] 73d03d10-d448-4edb-ae21-fdd7434d51d1: 48 chunks; 0.7 s; peak memory 619 MiB.
2026-10-10T05:22:00Z INFO [500/500] 73d03d10-d448-4edb-ae21-fdd7434d51d1: checkpointed 102834 new records.
2026-10-10T05:22:00Z INFO Wrote 102834 records to /tmp/derivatives/valid_nwb_file_to_chunk_stats.jsonl (500 new, 0 failed) in 34.7 min (peak memory 619 MiB).
