2026-10-10T11:52:39Z INFO Logging to /tmp/logs/update_2026-10-10T11-52-39Z.log.
2026-10-10T11:52:39Z INFO Update valid-nwb-file-to-chunk-stats (base directory /tmp).
2026-10-10T11:52:39Z INFO Processing 500 items (105334 already recorded).
2026-10-10T11:52:40Z INFO [1/500] 7900b033-028c-4a5b-b6a5-49a214bb1d76: 49 chunks; 1.0 s; peak memory 209 MiB.
2026-10-10T11:52:51Z INFO [2/500] 790164ad-c3ac-4993-81a3-0fa38fd9bb8f: 38470 chunks; 10.4 s; peak memory 268 MiB.
2026-10-10T11:52:51Z INFO [3/500] 79025fdf-3286-4eb0-a8bc-cc7ad0a989cf: 48 chunks; 0.6 s; peak memory 268 MiB.
2026-10-10T11:52:52Z INFO [4/500] 7902b3c0-57b5-4afb-bdb6-63a707883446: 112 chunks; 1.0 s; peak memory 268 MiB.
2026-10-10T11:52:53Z INFO [5/500] 7902e46c-cc9b-4937-8425-393cbea253e2: 170 chunks; 0.8 s; peak memory 268 MiB.
2026-10-10T11:52:55Z INFO [6/500] 79038b21-517a-46b1-97e3-9a5170e7f578: 71 chunks; 1.7 s; peak memory 268 MiB.
2026-10-10T11:52:56Z INFO [7/500] 7903b08c-b4ae-479f-9ac5-ed2f9d3b2945: 118 chunks; 0.8 s; peak memory 269 MiB.
2026-10-10T11:53:04Z INFO [8/500] 790407ed-858c-44b5-b134-4fb148b107c8: 428 chunks; 8.0 s; peak memory 269 MiB.
2026-10-10T11:53:05Z INFO [9/500] 7904503c-3db1-4261-9768-05f7cd36b41d: 997 chunks; 1.3 s; peak memory 269 MiB.
2026-10-10T11:53:06Z INFO [10/500] 79058a79-9dd0-464c-8124-ef245daa5d31: 48 chunks; 0.7 s; peak memory 269 MiB.
2026-10-10T11:53:06Z INFO [11/500] 790639a7-ce8b-456b-95ea-118aa92a961b: 55 chunks; 0.6 s; peak memory 270 MiB.
2026-10-10T11:53:07Z INFO [12/500] 7906b0ad-eb4d-4b0c-a5bb-3939cd2d6cca: 112 chunks; 1.1 s; peak memory 270 MiB.
2026-10-10T11:53:08Z INFO [13/500] 7906fc75-b799-4f4d-b3c9-3c031ccf9008: 46 chunks; 0.6 s; peak memory 270 MiB.
2026-10-10T11:53:09Z INFO [14/500] 7907c25e-4f06-4096-9aa6-f269aa82c9ec: 112 chunks; 0.5 s; peak memory 270 MiB.
2026-10-10T11:53:14Z INFO [15/500] 7907fe0f-49fb-4502-ba76-49441717669b: 1288 chunks; 5.4 s; peak memory 270 MiB.
2026-10-10T11:54:45Z INFO [16/500] 790822c6-8b43-4d78-87ff-41891b6a7703: 37908 chunks; 90.8 s; peak memory 370 MiB.
2026-10-10T11:54:46Z INFO [17/500] 7909dca4-c289-45b4-b2fb-2faf60689f7f: 48 chunks; 0.7 s; peak memory 370 MiB.
2026-10-10T11:54:47Z INFO [18/500] 790a05dd-0dab-41a7-8c25-46c5ea4d9f32: 137 chunks; 1.2 s; peak memory 370 MiB.
2026-10-10T11:54:49Z INFO [19/500] 790a7bf6-08eb-4d9d-afb9-dfb9c35e4dd2: 156 chunks; 2.0 s; peak memory 370 MiB.
2026-10-10T11:54:49Z INFO [20/500] 790cf9bd-ff33-4e06-a10d-8f1760645e83: 48 chunks; 0.6 s; peak memory 370 MiB.
2026-10-10T11:54:50Z INFO [21/500] 790d475c-09f7-493a-959c-4b65f4fbce11: 52 chunks; 0.7 s; peak memory 370 MiB.
2026-10-10T11:55:06Z INFO [22/500] 790d8707-f4c9-459e-97eb-2a256ce8ffe0: 36058 chunks; 16.4 s; peak memory 370 MiB.
2026-10-10T11:55:08Z INFO [23/500] 790def92-c496-416e-9139-194b9408c4e4: 1411 chunks; 1.9 s; peak memory 370 MiB.
2026-10-10T11:55:09Z INFO [24/500] 790e4c9a-6aaf-4e2f-aeb5-fa5de2a0b328: 118 chunks; 0.7 s; peak memory 370 MiB.
2026-10-10T11:55:10Z INFO [25/500] 790e6a83-2ade-47d6-a44c-d847accbf03e: 95 chunks; 1.0 s; peak memory 370 MiB.
2026-10-10T11:55:11Z INFO [26/500] 790e9f8b-12c4-4613-9e11-7de33dd180d4: 112 chunks; 0.8 s; peak memory 370 MiB.
2026-10-10T11:55:11Z INFO [27/500] 790fa055-1d37-4cad-bb96-664af64fa4d8: 46 chunks; 0.4 s; peak memory 370 MiB.
2026-10-10T11:55:12Z INFO [28/500] 79100a57-10b1-4326-b2e3-c56e88bcf3fb: 112 chunks; 0.9 s; peak memory 370 MiB.
2026-10-10T11:55:13Z INFO [29/500] 791015a1-d2c1-4aba-b54a-45ea6415d093: 57 chunks; 0.5 s; peak memory 370 MiB.
2026-10-10T11:55:14Z INFO [30/500] 79103196-47ca-4770-9eed-67e8822d45fb: 112 chunks; 0.9 s; peak memory 370 MiB.
2026-10-10T11:55:14Z INFO [31/500] 79107473-e6a5-4711-85e3-f9255ab467af: 48 chunks; 0.7 s; peak memory 370 MiB.
2026-10-10T11:55:19Z INFO [32/500] 7910d321-5607-4bac-bb69-4bfccf8ff25c: 329 chunks; 4.2 s; peak memory 370 MiB.
2026-10-10T11:55:19Z INFO [33/500] 79114419-790e-4be6-885f-402514e84b25: 48 chunks; 0.7 s; peak memory 370 MiB.
2026-10-10T11:55:20Z INFO [34/500] 7911f1c0-e68e-43aa-a8ae-d05f4e724869: 74 chunks; 0.8 s; peak memory 370 MiB.
2026-10-10T11:55:25Z INFO [35/500] 7911f905-2bd3-4de6-8d58-d7666b93bfae: 25115 chunks; 5.5 s; peak memory 370 MiB.
2026-10-10T11:55:26Z INFO [36/500] 7912fe81-240d-427f-b85e-e46dec7375fd: 117 chunks; 0.7 s; peak memory 370 MiB.
2026-10-10T11:55:27Z INFO [37/500] 7914c9c7-8ab5-4fd0-b494-5020f48906e4: 58 chunks; 0.6 s; peak memory 370 MiB.
2026-10-10T11:55:29Z INFO [38/500] 791516af-3018-4fe5-822d-9d5f2641518d: 156 chunks; 1.9 s; peak memory 370 MiB.
2026-10-10T11:55:31Z INFO [39/500] 79156f39-a271-4a15-82a7-3ccfda3fd624: 645 chunks; 2.4 s; peak memory 370 MiB.
2026-10-10T11:55:32Z INFO [40/500] 79162c73-a7c3-4b7f-9ff3-c6da9e88c870: 48 chunks; 0.7 s; peak memory 370 MiB.
2026-10-10T11:55:32Z INFO [41/500] 79164691-62af-43ab-a160-121f790a44ae: 48 chunks; 0.7 s; peak memory 370 MiB.
2026-10-10T11:55:34Z INFO [42/500] 7916bc1d-270f-4060-9192-d2a458e2cbf3: 156 chunks; 1.9 s; peak memory 370 MiB.
2026-10-10T11:55:35Z INFO [43/500] 7917de23-c63a-4476-9d99-74107370bbf7: 48 chunks; 0.6 s; peak memory 370 MiB.
2026-10-10T11:55:36Z INFO [44/500] 7918ee3e-a140-45fe-9986-61c4942be2c4: 112 chunks; 0.9 s; peak memory 370 MiB.
2026-10-10T11:55:37Z INFO [45/500] 791926c4-960e-465e-8294-0f0a9f7c4370: 48 chunks; 0.7 s; peak memory 370 MiB.
2026-10-10T11:55:40Z INFO [46/500] 7919a202-1838-4fe9-8849-7c9057d9f832: 15746 chunks; 3.4 s; peak memory 370 MiB.
2026-10-10T11:55:41Z INFO [47/500] 7919db7e-1436-4104-bf11-29a525e5b095: 71 chunks; 1.0 s; peak memory 370 MiB.
2026-10-10T11:55:42Z INFO [48/500] 7919e153-c0b3-4214-9634-ee5db056678c: 46 chunks; 0.9 s; peak memory 370 MiB.
2026-10-10T11:55:43Z INFO [49/500] 791a1fb3-9a2f-480e-8f1d-df0592191287: 69 chunks; 0.9 s; peak memory 370 MiB.
2026-10-10T11:55:43Z INFO [50/500] 791aca05-4f80-43dd-a385-e46511c26ba8: 48 chunks; 0.7 s; peak memory 370 MiB.
2026-10-10T11:55:44Z INFO [50/500] 791aca05-4f80-43dd-a385-e46511c26ba8: checkpointed 105384 new records.
2026-10-10T11:55:44Z INFO [51/500] 791b413f-e388-46d3-a206-b3333fed4c20: 46 chunks; 0.6 s; peak memory 370 MiB.
2026-10-10T11:55:45Z INFO [52/500] 791b4fb7-acfa-41a3-8439-ac765d4fd488: 48 chunks; 0.7 s; peak memory 370 MiB.
2026-10-10T11:55:46Z INFO [53/500] 791b6935-0f91-4c74-87d3-de4e99e01673: 113 chunks; 0.7 s; peak memory 370 MiB.
2026-10-10T11:55:46Z INFO [54/500] 791bbac8-d6d8-4c01-9dc6-f8fd2adde263: 52 chunks; 0.6 s; peak memory 370 MiB.
2026-10-10T11:55:48Z INFO [55/500] 791c22fa-e03c-41be-9e34-241bfc1833cd: 137 chunks; 1.2 s; peak memory 370 MiB.
2026-10-10T11:55:49Z INFO [56/500] 791daffc-06ae-4946-b102-6d9998d6ade9: 112 chunks; 1.2 s; peak memory 370 MiB.
2026-10-10T11:55:50Z INFO [57/500] 791ddb49-4d74-4fe4-8620-cc60c97f176e: 117 chunks; 0.7 s; peak memory 370 MiB.
2026-10-10T11:55:51Z INFO [58/500] 792085a1-8b1a-453e-9e86-d376aae41456: 186 chunks; 1.5 s; peak memory 370 MiB.
2026-10-10T11:55:55Z INFO [59/500] 7920ce0e-c7ce-4484-9633-2213a294e578: 772 chunks; 3.6 s; peak memory 370 MiB.
2026-10-10T11:55:57Z INFO [60/500] 7920d92d-5c36-4a40-be95-510874ab284f: 3866 chunks; 2.6 s; peak memory 370 MiB.
2026-10-10T11:55:58Z INFO [61/500] 79211205-4680-45df-8764-a8df7e0e983d: 78 chunks; 0.8 s; peak memory 370 MiB.
2026-10-10T11:55:59Z INFO [62/500] 7921334c-5ff4-4e6f-bb29-b8803e4b963c: 48 chunks; 0.7 s; peak memory 370 MiB.
2026-10-10T11:56:00Z INFO [63/500] 7921b705-e818-4db0-870e-dc9b7d2cc35f: 112 chunks; 0.8 s; peak memory 370 MiB.
2026-10-10T11:56:03Z INFO [64/500] 79227409-7074-44f3-8a34-e269dd404b19: 174 chunks; 3.2 s; peak memory 370 MiB.
2026-10-10T11:56:13Z INFO [65/500] 7922b546-b28b-4d1c-8ad8-0a82b8bb4add: 11125 chunks; 9.7 s; peak memory 370 MiB.
2026-10-10T11:56:24Z INFO [66/500] 7922fbb1-3550-4c72-a4b5-2f3eb15dc767: 5681 chunks; 11.4 s; peak memory 370 MiB.
2026-10-10T11:56:25Z INFO [67/500] 79230e23-8b66-4ce7-8159-a892bd7d5e28: 64 chunks; 0.8 s; peak memory 370 MiB.
2026-10-10T11:56:25Z INFO [68/500] 79234633-4a30-4273-81bd-667de31a791b: 117 chunks; 0.7 s; peak memory 370 MiB.
2026-10-10T11:56:27Z INFO [69/500] 79238908-da25-451c-8f32-443d233264b0: 116 chunks; 1.6 s; peak memory 370 MiB.
2026-10-10T11:56:28Z INFO [70/500] 79239c48-3f85-4fd1-8ae6-843ba3409fab: 48 chunks; 0.6 s; peak memory 370 MiB.
2026-10-10T11:56:28Z INFO [71/500] 7924edee-16d4-4753-b2da-21538872c620: 52 chunks; 0.7 s; peak memory 370 MiB.
2026-10-10T11:56:29Z INFO [72/500] 79250565-7c60-403d-9fda-4e452a6e89f6: 57 chunks; 1.2 s; peak memory 370 MiB.
2026-10-10T11:56:31Z INFO [73/500] 79255df2-1a6f-4be6-81a1-53af468e8ec9: 71 chunks; 1.2 s; peak memory 370 MiB.
2026-10-10T11:56:32Z INFO [74/500] 79258f22-f0f7-4341-8b8c-67679ef800a3: 204 chunks; 1.0 s; peak memory 370 MiB.
2026-10-10T11:56:32Z INFO [75/500] 7925fad4-caf7-493c-aca9-7e34df791189: 142 chunks; 0.7 s; peak memory 370 MiB.
2026-10-10T11:56:33Z INFO [76/500] 7927894a-69b1-4b0f-99df-6f70210a1c9b: 48 chunks; 0.7 s; peak memory 370 MiB.
2026-10-10T11:56:38Z INFO [77/500] 7927a460-1274-404b-ad22-d36a8bc64de9: 237 chunks; 5.0 s; peak memory 370 MiB.
2026-10-10T11:56:39Z INFO [78/500] 7927d576-baa2-4905-89cb-3e47f8480856: 92 chunks; 0.8 s; peak memory 370 MiB.
2026-10-10T11:56:40Z INFO [79/500] 7927dfdd-3d97-400e-b522-dd0c2fd38b2c: 48 chunks; 0.9 s; peak memory 370 MiB.
2026-10-10T11:56:40Z INFO [80/500] 79282e9b-62ed-4563-831e-2a317d7edfce: 48 chunks; 0.8 s; peak memory 370 MiB.
2026-10-10T11:56:42Z INFO [81/500] 7928b339-8b38-4400-a92e-3f07bfcba9d8: 114 chunks; 1.8 s; peak memory 370 MiB.
2026-10-10T11:56:43Z INFO [82/500] 7928c1fa-34b0-48de-a11e-2be15301047b: 48 chunks; 0.7 s; peak memory 370 MiB.
2026-10-10T11:56:44Z INFO [83/500] 792941bb-68c1-4664-9040-51eb1412ad5c: 76 chunks; 1.1 s; peak memory 370 MiB.
2026-10-10T11:56:45Z INFO [84/500] 792960a9-6e50-4bb7-a1a2-6cef0c21aa3f: 118 chunks; 1.1 s; peak memory 370 MiB.
2026-10-10T11:56:46Z INFO [85/500] 7929e62f-c884-4aec-9bf7-c2a864683959: 48 chunks; 0.6 s; peak memory 370 MiB.
2026-10-10T11:56:52Z INFO [86/500] 792a2800-2137-4a6d-9c93-83d1cd936f85: 20582 chunks; 6.0 s; peak memory 370 MiB.
2026-10-10T11:56:53Z INFO [87/500] 792a645c-0ae7-4105-9fd6-bec4cc94e20f: 117 chunks; 0.7 s; peak memory 370 MiB.
2026-10-10T11:56:53Z INFO [88/500] 792bbb6f-6c34-410a-b78d-d70070dc3379: 65 chunks; 0.8 s; peak memory 370 MiB.
2026-10-10T11:57:00Z INFO [89/500] 792be54b-4d27-4f88-af6e-d29dc24d559d: 20583 chunks; 7.0 s; peak memory 370 MiB.
2026-10-10T11:57:04Z INFO [90/500] 792c2ae5-0919-4013-b712-f0c88c38fcb0: 1577 chunks; 3.5 s; peak memory 370 MiB.
2026-10-10T11:57:05Z INFO [91/500] 792c5c58-a882-4370-8940-a98098f5da33: 117 chunks; 0.8 s; peak memory 370 MiB.
2026-10-10T11:57:16Z INFO [92/500] 792d38d8-ead4-4700-86d3-c9fc0921d1c4: 26854 chunks; 11.9 s; peak memory 370 MiB.
2026-10-10T11:57:17Z INFO [93/500] 792d7bfa-a1e2-4301-b40f-235d9cfe5173: 52 chunks; 0.5 s; peak memory 370 MiB.
2026-10-10T11:57:18Z INFO [94/500] 792dd926-9272-4ca9-ba06-fce7b1a2f3d0: 112 chunks; 0.7 s; peak memory 370 MiB.
2026-10-10T11:57:18Z INFO [95/500] 792dee97-2317-41dd-8f32-6e2ba0548753: 48 chunks; 0.7 s; peak memory 370 MiB.
2026-10-10T11:57:19Z INFO [96/500] 792e17b8-5dc5-4c45-87e8-5a1125eba670: 121 chunks; 0.6 s; peak memory 370 MiB.
2026-10-10T11:57:23Z INFO [97/500] 792ef656-7d22-4b2a-9f6e-2d43c816293d: 193 chunks; 4.0 s; peak memory 370 MiB.
2026-10-10T11:57:24Z INFO [98/500] 7930b866-6eef-4883-8bef-b0c45987ff92: 71 chunks; 1.6 s; peak memory 370 MiB.
2026-10-10T11:57:25Z INFO [99/500] 79311345-c88a-4134-af98-d0cb2f4be5be: 42 chunks; 0.6 s; peak memory 370 MiB.
2026-10-10T11:57:26Z INFO [100/500] 7931954b-dede-46d9-8dfb-3595a912b01d: 52 chunks; 0.7 s; peak memory 370 MiB.
2026-10-10T11:57:26Z INFO [100/500] 7931954b-dede-46d9-8dfb-3595a912b01d: checkpointed 105434 new records.
2026-10-10T11:57:27Z INFO [101/500] 7931e87a-808e-47fa-aad8-eaaebf92c9ae: 112 chunks; 0.7 s; peak memory 370 MiB.
2026-10-10T11:57:28Z INFO [102/500] 79326ae9-5e21-498f-9c14-6bf3accf97aa: 66 chunks; 1.0 s; peak memory 370 MiB.
2026-10-10T11:57:29Z INFO [103/500] 7932a343-dee9-4008-b1ed-fb403de25792: 117 chunks; 0.9 s; peak memory 370 MiB.
2026-10-10T11:57:30Z INFO [104/500] 79332a89-21f1-4b0b-88b1-b95cd7255725: 47 chunks; 0.9 s; peak memory 370 MiB.
2026-10-10T11:57:32Z INFO [105/500] 7933cade-40d6-4997-8066-e30594eeaa43: 6408 chunks; 2.8 s; peak memory 370 MiB.
2026-10-10T11:57:33Z INFO [106/500] 79342fa1-c623-42b1-8d76-1f45f8fa3858: 48 chunks; 0.6 s; peak memory 370 MiB.
2026-10-10T11:57:34Z INFO [107/500] 7934f2be-3e36-456f-8f33-66760bfffa0d: 112 chunks; 0.8 s; peak memory 370 MiB.
2026-10-10T11:57:34Z INFO [108/500] 79351a88-068a-4559-be43-fe79ea8fd3fe: 77 chunks; 0.6 s; peak memory 370 MiB.
2026-10-10T11:57:35Z INFO [109/500] 79353947-7925-436d-b59c-8e8f6b07a1c2: 117 chunks; 0.8 s; peak memory 370 MiB.
2026-10-10T11:57:36Z INFO [110/500] 79355978-adfe-4880-9d0f-b8bba8098b4f: 48 chunks; 0.7 s; peak memory 370 MiB.
2026-10-10T11:57:37Z INFO [111/500] 7935bb10-cdbb-4d9c-94b8-97be338f3133: 112 chunks; 1.0 s; peak memory 370 MiB.
2026-10-10T11:57:37Z INFO [112/500] 79361307-1bb9-4488-98d2-d3275bb7cf28: 36 chunks; 0.5 s; peak memory 370 MiB.
2026-10-10T11:57:42Z INFO [113/500] 793613b3-1f46-405a-be2e-276211c4e32d: 339 chunks; 5.0 s; peak memory 370 MiB.
2026-10-10T11:57:43Z INFO [114/500] 7936c4ae-d9ee-4efd-94bf-650debee518c: 48 chunks; 0.8 s; peak memory 370 MiB.
2026-10-10T11:57:44Z INFO [115/500] 7938ea25-ddd3-438b-b3c3-23f76a629e7e: 118 chunks; 1.3 s; peak memory 370 MiB.
2026-10-10T11:57:45Z INFO [116/500] 79396c17-daca-45eb-8d17-a54890272fd5: 48 chunks; 0.6 s; peak memory 370 MiB.
2026-10-10T11:57:46Z INFO [117/500] 79398966-2fd5-4124-9748-edc8cbcf858c: 48 chunks; 0.6 s; peak memory 370 MiB.
2026-10-10T11:57:47Z INFO [118/500] 7939a4fe-79ca-49a1-bc86-71b8e9c78a29: 115 chunks; 1.6 s; peak memory 370 MiB.
2026-10-10T11:57:49Z INFO [119/500] 7939cb76-6044-4794-a959-94448e24ff62: 138 chunks; 1.5 s; peak memory 370 MiB.
2026-10-10T11:57:50Z INFO [120/500] 793a7faa-b24c-4a44-9363-f73d47539582: 204 chunks; 1.1 s; peak memory 370 MiB.
2026-10-10T11:57:51Z INFO [121/500] 793dc145-a592-483a-a283-d83f79b38eac: 110 chunks; 0.9 s; peak memory 370 MiB.
2026-10-10T11:57:51Z INFO [122/500] 793f3ff2-97c3-4d39-8782-97b1546f1f0a: 48 chunks; 0.7 s; peak memory 370 MiB.
2026-10-10T11:57:59Z INFO [123/500] 793fae5e-fc78-40ff-a53c-1feb0129ab70: 8946 chunks; 7.6 s; peak memory 370 MiB.
2026-10-10T11:58:29Z INFO [124/500] 79403382-6bd6-4a81-aeff-55b89d6adec0: 22834 chunks; 30.6 s; peak memory 370 MiB.
2026-10-10T11:59:59Z INFO [125/500] 79414d86-2877-47ab-b852-4c71711a1262: 38237 chunks; 89.8 s; peak memory 394 MiB.
2026-10-10T12:00:01Z INFO [126/500] 79419443-6a92-4591-a6d5-5230a2290203: 67 chunks; 1.2 s; peak memory 394 MiB.
2026-10-10T12:00:01Z INFO [127/500] 794196ea-5533-48f2-afc4-1f5e0215e224: 48 chunks; 0.7 s; peak memory 394 MiB.
2026-10-10T12:00:02Z INFO [128/500] 794219ba-0091-414b-806f-c1ce0549e7b0: 48 chunks; 0.6 s; peak memory 394 MiB.
2026-10-10T12:00:10Z INFO [129/500] 79422a71-6b11-43b3-9113-9eef316b545a: 331 chunks; 8.4 s; peak memory 394 MiB.
2026-10-10T12:00:11Z INFO [130/500] 79427826-8bb0-46e4-8bbf-e6af6855c5af: 46 chunks; 0.4 s; peak memory 394 MiB.
2026-10-10T12:00:11Z INFO [131/500] 7942a206-7fbe-4b9d-8988-7af7e15112a9: 48 chunks; 0.7 s; peak memory 394 MiB.
2026-10-10T12:00:13Z INFO [132/500] 79433cfe-1e62-437d-8122-24e5e3cc8e5f: 133 chunks; 2.0 s; peak memory 394 MiB.
2026-10-10T12:00:14Z INFO [133/500] 7943aba1-6dbf-4bd2-ac20-0cb67ca96a9d: 48 chunks; 0.7 s; peak memory 394 MiB.
2026-10-10T12:00:15Z INFO [134/500] 7943dcee-ff0d-4789-979f-74c37587dffd: 48 chunks; 0.8 s; peak memory 394 MiB.
2026-10-10T12:00:17Z INFO [135/500] 79459e1b-9090-4c12-875a-8a562f7e5af5: 1641 chunks; 2.0 s; peak memory 394 MiB.
2026-10-10T12:00:17Z INFO [136/500] 7945c325-174c-4583-8286-a1079cad3048: 48 chunks; 0.6 s; peak memory 394 MiB.
2026-10-10T12:00:18Z INFO [137/500] 79466f8b-f942-4446-b906-bc3b75ed0691: 118 chunks; 0.8 s; peak memory 394 MiB.
2026-10-10T12:00:19Z INFO [138/500] 79472ccf-b368-4f58-aab9-c00fc6df8716: 71 chunks; 1.1 s; peak memory 394 MiB.
2026-10-10T12:00:20Z INFO [139/500] 794787d9-e7f8-45fc-a64a-1e1093b8b2b5: 48 chunks; 0.7 s; peak memory 394 MiB.
2026-10-10T12:00:21Z INFO [140/500] 79482a33-5149-4d80-a2ca-981eb9e1d47f: 46 chunks; 0.5 s; peak memory 394 MiB.
2026-10-10T12:00:23Z INFO [141/500] 79482e44-b489-4519-87b9-824cc0087392: 224 chunks; 2.3 s; peak memory 394 MiB.
2026-10-10T12:00:24Z INFO [142/500] 79488296-f51e-4e02-b66b-3cf6647240cc: 64 chunks; 1.0 s; peak memory 394 MiB.
2026-10-10T12:00:25Z INFO [143/500] 7948aa09-9515-463b-9247-571613338277: 71 chunks; 1.1 s; peak memory 394 MiB.
2026-10-10T12:00:34Z INFO [144/500] 79493b09-bfbe-439b-933a-9709f0e80a1d: 12779 chunks; 8.9 s; peak memory 394 MiB.
2026-10-10T12:00:39Z INFO [145/500] 7949b2c1-7653-4d81-b9e2-62aea72e359b: 43579 chunks; 5.2 s; peak memory 394 MiB.
2026-10-10T12:00:46Z INFO [146/500] 7949e1b5-88e1-480c-a4cf-61c196ba52d9: 11575 chunks; 7.2 s; peak memory 394 MiB.
2026-10-10T12:00:47Z INFO [147/500] 794b140a-30d7-4f3e-a420-47cb8d95b611: 117 chunks; 1.0 s; peak memory 394 MiB.
2026-10-10T12:00:48Z INFO [148/500] 794b45c5-f045-40c2-9a5b-378b83157223: 52 chunks; 0.5 s; peak memory 394 MiB.
2026-10-10T12:00:51Z INFO [149/500] 794bac2a-44b0-4361-8712-29bc3c1ccc01: 111 chunks; 2.8 s; peak memory 394 MiB.
2026-10-10T12:00:58Z INFO [150/500] 794be32e-2c7d-4476-a61f-0ea8d7dced75: 14799 chunks; 7.4 s; peak memory 394 MiB.
2026-10-10T12:00:58Z INFO [150/500] 794be32e-2c7d-4476-a61f-0ea8d7dced75: checkpointed 105484 new records.
2026-10-10T12:00:59Z INFO [151/500] 794c1eff-5654-4a86-8dac-44d17f25f2f6: 117 chunks; 0.7 s; peak memory 394 MiB.
2026-10-10T12:01:00Z INFO [152/500] 794ca0d8-4c09-4c69-910a-68b274bb4f60: 67 chunks; 1.4 s; peak memory 394 MiB.
2026-10-10T12:01:02Z INFO [153/500] 794d5118-1178-4265-9096-4b9da3cd1bd5: 58 chunks; 1.1 s; peak memory 394 MiB.
2026-10-10T12:01:02Z INFO [154/500] 794d75fe-d4ef-44ff-b085-d2879ce9c077: 117 chunks; 0.8 s; peak memory 394 MiB.
2026-10-10T12:01:03Z INFO [155/500] 794dbdce-5950-4d88-b5bc-2168feb7394e: 48 chunks; 0.7 s; peak memory 394 MiB.
2026-10-10T12:01:04Z INFO [156/500] 794dd2bc-a492-43c1-9072-7f1a99c0e56b: 117 chunks; 0.8 s; peak memory 394 MiB.
2026-10-10T12:01:12Z INFO [157/500] 794e2424-10d2-495d-9777-ab12f4a59aa5: 1533 chunks; 7.6 s; peak memory 394 MiB.
2026-10-10T12:01:16Z INFO [158/500] 794e59d9-c9a3-4c4d-8ac5-ea163952efbd: 640 chunks; 3.9 s; peak memory 394 MiB.
2026-10-10T12:01:42Z INFO [159/500] 794e8b39-e2f1-438c-a4de-7645df88add8: 14795 chunks; 26.6 s; peak memory 394 MiB.
2026-10-10T12:01:43Z INFO [160/500] 79503192-0285-48d8-9b4a-5d30d8750a3f: 48 chunks; 0.7 s; peak memory 394 MiB.
2026-10-10T12:02:00Z INFO [161/500] 7951af02-ae30-4cfa-b887-8649aef74616: 5612 chunks; 16.7 s; peak memory 394 MiB.
2026-10-10T12:02:00Z INFO [162/500] 7951d4f8-f691-4ec4-8f82-cebcd9d404d9: 48 chunks; 0.7 s; peak memory 394 MiB.
2026-10-10T12:02:01Z INFO [163/500] 7952dbcb-6318-41e5-a96d-1f9d33ef8fe4: 46 chunks; 0.4 s; peak memory 394 MiB.
2026-10-10T12:02:02Z INFO [164/500] 79559015-2c1c-4149-8449-faea4c3ca25d: 116 chunks; 0.8 s; peak memory 394 MiB.
2026-10-10T12:02:03Z INFO [165/500] 7955a0ab-0840-497f-b7e1-cae138411d0f: 112 chunks; 1.0 s; peak memory 394 MiB.
2026-10-10T12:02:03Z INFO [166/500] 795604a6-888d-4848-b5d5-a7c955f6553f: 48 chunks; 0.7 s; peak memory 394 MiB.
2026-10-10T12:02:05Z INFO [167/500] 79567528-06c5-492a-9e1c-1c4da386e60e: 186 chunks; 1.8 s; peak memory 394 MiB.
2026-10-10T12:02:07Z INFO [168/500] 7956768d-b05e-4939-a820-fca7cb79b402: 85 chunks; 2.2 s; peak memory 394 MiB.
2026-10-10T12:02:08Z INFO [169/500] 795704fc-e939-4a59-9da6-4df3ff15c88c: 70 chunks; 1.0 s; peak memory 394 MiB.
2026-10-10T12:02:09Z INFO [170/500] 795730b6-49d9-4289-bb7b-eadecbe65ffe: 69 chunks; 0.7 s; peak memory 394 MiB.
2026-10-10T12:02:09Z INFO [171/500] 7957411e-692a-4c66-850e-ef66144d0316: 55 chunks; 0.5 s; peak memory 394 MiB.
2026-10-10T12:02:16Z INFO [172/500] 7957a610-280f-4de8-b875-9f91b08953eb: 20307 chunks; 6.6 s; peak memory 394 MiB.
2026-10-10T12:02:18Z INFO [173/500] 7957b63f-e0da-4bc3-9bd1-386eacc8be09: 156 chunks; 2.1 s; peak memory 394 MiB.
2026-10-10T12:02:22Z INFO [174/500] 7958d417-e7eb-4446-96b1-4c718fecdd20: 2923 chunks; 3.6 s; peak memory 394 MiB.
2026-10-10T12:02:35Z INFO [175/500] 7958d5d5-cae9-4f52-a3d7-8d006059c426: 8045 chunks; 13.7 s; peak memory 394 MiB.
2026-10-10T12:02:36Z INFO [176/500] 795900ca-2224-4b44-a282-a4c9bf778888: 117 chunks; 0.8 s; peak memory 394 MiB.
2026-10-10T12:02:37Z INFO [177/500] 7959133b-98ac-419d-b014-a792a9a83960: 116 chunks; 0.8 s; peak memory 394 MiB.
2026-10-10T12:02:38Z INFO [178/500] 79593e69-8d57-4bc4-a890-ee32748d508c: 170 chunks; 0.8 s; peak memory 394 MiB.
2026-10-10T12:02:39Z INFO [179/500] 795a7468-dbaf-490b-b8e2-be9f5e4faa32: 48 chunks; 0.7 s; peak memory 394 MiB.
2026-10-10T12:02:39Z INFO [180/500] 795ab141-9fd5-4474-b25f-097dfc706d6e: 67 chunks; 0.8 s; peak memory 394 MiB.
2026-10-10T12:02:40Z INFO [181/500] 795b0860-ec24-4a66-8e7d-942b3a655a37: 77 chunks; 0.6 s; peak memory 394 MiB.
2026-10-10T12:02:41Z INFO [182/500] 795c2714-0d7d-4f19-8941-ec13b2336832: 66 chunks; 1.0 s; peak memory 394 MiB.
2026-10-10T12:02:46Z INFO [183/500] 795c2bfc-62fc-4831-bcd5-f472816e5733: 391 chunks; 5.4 s; peak memory 394 MiB.
2026-10-10T12:02:47Z INFO [184/500] 795d9470-cce7-4afc-9174-0656fd936402: 117 chunks; 0.8 s; peak memory 394 MiB.
2026-10-10T12:02:48Z INFO [185/500] 795e8c9b-82ef-4efc-9633-26a9783d8165: 49 chunks; 1.1 s; peak memory 394 MiB.
2026-10-10T12:02:49Z INFO [186/500] 795eac9c-fee4-45f1-9de5-d77da0d77556: 110 chunks; 0.8 s; peak memory 394 MiB.
2026-10-10T12:02:54Z INFO [187/500] 795f5862-9570-401c-9436-034020fa71fb: 8451 chunks; 5.0 s; peak memory 394 MiB.
2026-10-10T12:02:55Z INFO [188/500] 795fdcc7-f96b-4bae-81e4-99feb82d1f15: 57 chunks; 0.5 s; peak memory 394 MiB.
2026-10-10T12:02:55Z INFO [189/500] 796032e7-18e1-4b5b-8b22-3cf2ba16f5b6: 46 chunks; 0.4 s; peak memory 394 MiB.
2026-10-10T12:03:04Z INFO [190/500] 79606c80-01b8-4992-a892-345300aefb5f: 18688 chunks; 8.9 s; peak memory 394 MiB.
2026-10-10T12:03:04Z INFO [191/500] 79607144-9f82-4424-9669-cf084f9c862c: 45 chunks; 0.5 s; peak memory 394 MiB.
2026-10-10T12:03:06Z INFO [192/500] 7960719e-c132-4cc8-bd39-8ad5ceb4a10b: 71 chunks; 1.7 s; peak memory 394 MiB.
2026-10-10T12:03:43Z INFO [193/500] 79622b3e-b562-45cc-b1c2-6c1e933528a5: 25394 chunks; 36.7 s; peak memory 394 MiB.
2026-10-10T12:03:44Z INFO [194/500] 79638bde-c927-457b-8c6f-0b51cc4939cd: 117 chunks; 0.9 s; peak memory 394 MiB.
2026-10-10T12:03:44Z INFO [195/500] 7963d006-283a-4dfd-b19b-704a33b0c42c: 49 chunks; 0.7 s; peak memory 394 MiB.
2026-10-10T12:03:45Z INFO [196/500] 79651f37-c970-42a5-b114-ed068b9fe1c8: 69 chunks; 1.0 s; peak memory 394 MiB.
2026-10-10T12:03:46Z INFO [197/500] 79671e2c-45f5-4792-9234-76d4a93a4131: 59 chunks; 0.8 s; peak memory 394 MiB.
2026-10-10T12:03:47Z INFO [198/500] 7967a8ce-a962-428c-b1d7-7b79098acf62: 48 chunks; 0.7 s; peak memory 394 MiB.
2026-10-10T12:03:47Z INFO [199/500] 7968728e-0736-471c-9f19-9da95bb4d219: 48 chunks; 0.6 s; peak memory 394 MiB.
2026-10-10T12:03:49Z INFO [200/500] 7968b7ed-9685-46f5-a440-f74bc69c57de: 115 chunks; 1.7 s; peak memory 394 MiB.
2026-10-10T12:03:49Z INFO [200/500] 7968b7ed-9685-46f5-a440-f74bc69c57de: checkpointed 105534 new records.
2026-10-10T12:03:51Z INFO [201/500] 7969343f-47b7-4f39-a755-fc0197419cb3: 70 chunks; 1.1 s; peak memory 394 MiB.
2026-10-10T12:03:53Z INFO [202/500] 7969bf9b-2c3e-420d-944b-86827673409a: 114 chunks; 2.0 s; peak memory 394 MiB.
2026-10-10T12:03:53Z INFO [203/500] 7969f0b1-e607-4cce-9b06-e5c7eb3edb76: 48 chunks; 0.7 s; peak memory 394 MiB.
2026-10-10T12:03:55Z INFO [204/500] 796a6d48-d27a-4c0e-97e1-79af4d623910: 115 chunks; 1.8 s; peak memory 394 MiB.
2026-10-10T12:03:56Z INFO [205/500] 796b6ba0-e1c5-4249-a381-a0ac5e7daa68: 48 chunks; 0.6 s; peak memory 394 MiB.
2026-10-10T12:03:56Z INFO [206/500] 796c006b-d3ad-4c76-8afe-9dcbf064002f: 67 chunks; 0.8 s; peak memory 394 MiB.
2026-10-10T12:04:01Z INFO [207/500] 796ca092-1117-4dad-a4a7-b4848e19c1b0: 26076 chunks; 4.9 s; peak memory 394 MiB.
2026-10-10T12:04:02Z INFO [208/500] 796cb71d-0284-4637-b19b-7f77265128c2: 36 chunks; 0.5 s; peak memory 394 MiB.
2026-10-10T12:04:03Z INFO [209/500] 796d25ef-8c24-4274-8dfa-00082b75708d: 112 chunks; 0.9 s; peak memory 394 MiB.
2026-10-10T12:04:04Z INFO [210/500] 796d7dd0-9857-44d0-b823-16157cd34897: 48 chunks; 0.7 s; peak memory 394 MiB.
2026-10-10T12:04:04Z INFO [211/500] 796e1c4d-95a5-437e-8e87-54469a8e1578: 117 chunks; 0.7 s; peak memory 394 MiB.
2026-10-10T12:04:05Z INFO [212/500] 79707503-2360-4ff4-bccc-002beb84743b: 106 chunks; 1.1 s; peak memory 394 MiB.
2026-10-10T12:04:10Z INFO [213/500] 7970753d-bfe2-4e11-b2fd-6d9f0c854a5e: 246 chunks; 4.2 s; peak memory 394 MiB.
2026-10-10T12:04:10Z INFO [214/500] 7970b7bb-85f7-4af1-a0d0-722a65e8305e: 84 chunks; 0.8 s; peak memory 394 MiB.
2026-10-10T12:04:11Z INFO [215/500] 79712416-bb90-4c3f-aa6e-2f293b2ac1d3: 112 chunks; 0.7 s; peak memory 394 MiB.
2026-10-10T12:04:18Z INFO [216/500] 7971e99a-9e66-4734-a82b-9ce53ef4af70: 15961 chunks; 7.1 s; peak memory 394 MiB.
2026-10-10T12:04:19Z INFO [217/500] 79727c37-4378-4510-8b0c-22af61535164: 71 chunks; 1.0 s; peak memory 394 MiB.
2026-10-10T12:04:20Z INFO [218/500] 7974387c-a221-4ada-b68d-65b23bd65417: 48 chunks; 0.6 s; peak memory 394 MiB.
2026-10-10T12:04:20Z INFO [219/500] 79752a37-c4df-4886-8d73-72e4f221d0a0: 48 chunks; 0.6 s; peak memory 394 MiB.
2026-10-10T12:04:21Z INFO [220/500] 79759583-d05c-4828-80de-c2a85f565ccb: 112 chunks; 0.9 s; peak memory 394 MiB.
2026-10-10T12:04:22Z INFO [221/500] 79764245-7575-4106-aeea-8bd12ca775a9: 112 chunks; 0.9 s; peak memory 394 MiB.
2026-10-10T12:04:23Z INFO [222/500] 79769038-ff3d-4667-97e4-d76d9584ac6b: 66 chunks; 1.0 s; peak memory 394 MiB.
2026-10-10T12:04:24Z INFO [223/500] 797695b4-bd79-4324-b89d-ee7fce6206d3: 122 chunks; 0.9 s; peak memory 394 MiB.
2026-10-10T12:04:25Z INFO [224/500] 79777de3-20a6-44f2-92ad-199c0fc3ddc1: 72 chunks; 0.7 s; peak memory 394 MiB.
2026-10-10T12:04:52Z INFO [225/500] 7977e447-413c-4df1-882d-0bcd08084309: 13004 chunks; 27.3 s; peak memory 394 MiB.
2026-10-10T12:04:53Z INFO [226/500] 797861ad-8f6c-4c29-a2cc-d93e28f03416: 117 chunks; 0.8 s; peak memory 394 MiB.
2026-10-10T12:04:54Z INFO [227/500] 79795baf-773c-429b-96dc-cfa3e62e31aa: 48 chunks; 0.7 s; peak memory 394 MiB.
2026-10-10T12:05:01Z INFO [228/500] 797bcfb8-04ef-4a8b-aa48-aa8f411b466c: 28571 chunks; 7.3 s; peak memory 394 MiB.
2026-10-10T12:05:29Z INFO [229/500] 797c041f-1799-4033-aaf3-db70266e0b5a: 19250 chunks; 28.5 s; peak memory 394 MiB.
2026-10-10T12:05:30Z INFO [230/500] 797e5730-4c53-4804-9254-b2243ab0b17a: 119 chunks; 0.9 s; peak memory 394 MiB.
2026-10-10T12:05:31Z INFO [231/500] 797e6bcc-2d93-43d6-8e64-ce6610dfd6da: 56 chunks; 0.6 s; peak memory 394 MiB.
2026-10-10T12:05:33Z INFO [232/500] 797e6e77-0e27-4f25-9d70-9ac2c04e9033: 163 chunks; 1.8 s; peak memory 394 MiB.
2026-10-10T12:05:37Z INFO [233/500] 797e797c-cd1d-4a79-ad5e-1b5a7253e61f: 3403 chunks; 4.4 s; peak memory 394 MiB.
2026-10-10T12:05:38Z INFO [234/500] 797fb2c5-8826-49e9-848b-7fe6a084e698: 48 chunks; 0.7 s; peak memory 394 MiB.
2026-10-10T12:05:40Z INFO [235/500] 79806cad-f352-4b03-82a6-24920e3d8985: 146 chunks; 1.8 s; peak memory 394 MiB.
2026-10-10T12:05:41Z INFO [236/500] 7981441c-112e-4906-822b-bcbc03644bdd: 163 chunks; 1.6 s; peak memory 394 MiB.
2026-10-10T12:05:42Z INFO [237/500] 7981c263-ea7f-45fc-b156-b2cf93f252ba: 48 chunks; 0.6 s; peak memory 394 MiB.
2026-10-10T12:05:42Z INFO [238/500] 7982c88b-9597-4c36-be26-4e88591c9440: 48 chunks; 0.7 s; peak memory 394 MiB.
2026-10-10T12:05:43Z INFO [239/500] 79834084-ada4-45a8-9f67-39c516bfcf48: 48 chunks; 0.7 s; peak memory 394 MiB.
2026-10-10T12:05:44Z INFO [240/500] 79834c9a-7f3e-4354-9853-f3809580e62e: 49 chunks; 0.9 s; peak memory 394 MiB.
2026-10-10T12:05:45Z INFO [241/500] 7983ac41-7156-4bc1-8d4c-a52d2a9fe144: 112 chunks; 0.7 s; peak memory 394 MiB.
2026-10-10T12:05:45Z INFO [242/500] 79869f16-b0da-4b5e-8298-81e62c5b688a: 117 chunks; 0.7 s; peak memory 394 MiB.
2026-10-10T12:06:48Z INFO [243/500] 7987185b-de0a-4e67-bad6-7ff661346e82: 32825 chunks; 62.7 s; peak memory 394 MiB.
2026-10-10T12:06:58Z INFO [244/500] 79875a50-d837-4132-9c46-9b888bb85e50: 5161 chunks; 9.6 s; peak memory 394 MiB.
2026-10-10T12:07:00Z INFO [245/500] 79876e31-076e-4147-af78-46a001044810: 119 chunks; 2.0 s; peak memory 394 MiB.
2026-10-10T12:07:06Z INFO [246/500] 79877741-40d2-48b4-912a-98b794b36d60: 21568 chunks; 6.4 s; peak memory 394 MiB.
2026-10-10T12:07:07Z INFO [247/500] 7987a415-adbc-4a88-b0fe-59307e660b06: 48 chunks; 0.7 s; peak memory 394 MiB.
2026-10-10T12:07:08Z INFO [248/500] 7988010a-1b55-40bd-9ab9-bcd6c4d8f1ee: 66 chunks; 1.1 s; peak memory 394 MiB.
2026-10-10T12:07:09Z INFO [249/500] 79880243-3fab-42a4-9e0a-d0323a59dece: 117 chunks; 0.7 s; peak memory 394 MiB.
2026-10-10T12:07:09Z INFO [250/500] 7989007f-3d85-4ed2-b225-9f860f2d5374: 112 chunks; 0.7 s; peak memory 394 MiB.
2026-10-10T12:07:10Z INFO [250/500] 7989007f-3d85-4ed2-b225-9f860f2d5374: checkpointed 105584 new records.
2026-10-10T12:07:10Z INFO [251/500] 7989acef-34a9-42de-bb81-334df58747a5: 121 chunks; 0.6 s; peak memory 394 MiB.
2026-10-10T12:07:11Z INFO [252/500] 798a3361-b164-47e3-9b22-bdf1dd279053: 121 chunks; 0.7 s; peak memory 394 MiB.
2026-10-10T12:07:13Z INFO [253/500] 798a4261-b5a3-4f50-808d-172a4584dcc6: 156 chunks; 1.8 s; peak memory 394 MiB.
2026-10-10T12:07:14Z INFO [254/500] 798a72ce-8c61-4281-ba7b-621c1ce20633: 121 chunks; 1.4 s; peak memory 394 MiB.
2026-10-10T12:07:21Z INFO [255/500] 798be95c-bfd8-4f58-a86f-665b1f51ceed: 18526 chunks; 6.9 s; peak memory 394 MiB.
2026-10-10T12:07:22Z INFO [256/500] 798c51b9-67d0-436e-81cf-c5cccf4d7e78: 118 chunks; 0.9 s; peak memory 394 MiB.
2026-10-10T12:07:25Z INFO [257/500] 798d6377-133f-4555-9aa7-faa4c11a35f2: 708 chunks; 3.1 s; peak memory 394 MiB.
2026-10-10T12:07:26Z INFO [258/500] 798dec9d-90a3-4e83-bae9-e045156023ca: 48 chunks; 0.7 s; peak memory 394 MiB.
2026-10-10T12:07:27Z INFO [259/500] 798deecb-0895-447d-854a-b0218779154f: 400 chunks; 0.7 s; peak memory 394 MiB.
2026-10-10T12:07:28Z INFO [260/500] 798e24e1-d0eb-404a-9777-83241dfa6a0d: 112 chunks; 1.0 s; peak memory 394 MiB.
2026-10-10T12:09:07Z INFO [261/500] 798fc60a-f42d-499e-8022-ceee41ca9bae: 40655 chunks; 99.5 s; peak memory 398 MiB.
2026-10-10T12:09:08Z INFO [262/500] 798fdd91-0a21-4860-9b30-b141b6c7baba: 114 chunks; 0.8 s; peak memory 398 MiB.
2026-10-10T12:09:09Z INFO [263/500] 79909816-28f4-4858-94a3-ae98eaf0d201: 66 chunks; 1.1 s; peak memory 398 MiB.
2026-10-10T12:09:10Z INFO [264/500] 7990d9c1-01ab-4ccb-b2c1-8d28ccb8b790: 49 chunks; 1.1 s; peak memory 398 MiB.
2026-10-10T12:09:12Z INFO [265/500] 79923a94-fa6c-4788-bdb6-d5e4a8743e5c: 1061 chunks; 1.7 s; peak memory 398 MiB.
2026-10-10T12:09:13Z INFO [266/500] 7992c2e1-eaa9-4f92-9ae1-d328ee0b32f5: 48 chunks; 0.6 s; peak memory 398 MiB.
2026-10-10T12:09:14Z INFO [267/500] 799317a5-9eb6-48e0-a81c-aab3465de520: 119 chunks; 1.3 s; peak memory 398 MiB.
2026-10-10T12:09:15Z INFO [268/500] 799369dc-062c-4762-9991-15074f74c304: 45 chunks; 0.7 s; peak memory 398 MiB.
2026-10-10T12:09:15Z INFO [269/500] 7993dea0-8169-4369-aff4-bc562dba1875: 64 chunks; 0.9 s; peak memory 398 MiB.
2026-10-10T12:09:16Z INFO [270/500] 79944ec3-1163-4d93-ac36-6e79c4b0c741: 46 chunks; 0.6 s; peak memory 398 MiB.
2026-10-10T12:09:17Z INFO [271/500] 79956177-4afb-445b-baae-f507db748ba2: 117 chunks; 0.8 s; peak memory 398 MiB.
2026-10-10T12:09:18Z INFO [272/500] 79959d85-1243-48f3-84a1-76c6137d795f: 48 chunks; 0.7 s; peak memory 398 MiB.
2026-10-10T12:09:21Z INFO [273/500] 7995f547-6b7a-46e6-8c7e-2091a246bb88: 6028 chunks; 3.5 s; peak memory 398 MiB.
2026-10-10T12:09:26Z INFO [274/500] 7996682c-0405-4a97-95ea-cfb57dac9453: 21474 chunks; 4.5 s; peak memory 398 MiB.
2026-10-10T12:09:26Z INFO [275/500] 79969ac6-8dc3-49c3-8ade-7b28ede3cb06: 118 chunks; 0.7 s; peak memory 398 MiB.
2026-10-10T12:09:32Z INFO [276/500] 7996c2ff-0ad2-46ce-814f-00fab7c49863: 35544 chunks; 6.0 s; peak memory 398 MiB.
2026-10-10T12:09:33Z INFO [277/500] 7996c975-0669-4d3f-8209-a8ab1517447a: 112 chunks; 0.9 s; peak memory 398 MiB.
2026-10-10T12:09:38Z INFO [278/500] 7996e792-43e5-460c-a0fb-4fdd8a02bd61: 4151 chunks; 4.5 s; peak memory 398 MiB.
2026-10-10T12:09:40Z INFO [279/500] 79976c89-020c-492e-bc27-05c04514975f: 1734 chunks; 2.0 s; peak memory 398 MiB.
2026-10-10T12:09:41Z INFO [280/500] 7997bff9-baa5-44c4-9a5f-74c74503ecaf: 62 chunks; 0.8 s; peak memory 398 MiB.
2026-10-10T12:09:42Z INFO [281/500] 7997fb76-b83d-497f-b254-09fef990c9a2: 69 chunks; 1.0 s; peak memory 398 MiB.
2026-10-10T12:09:52Z INFO [282/500] 7998edb9-9920-4569-bb6e-2074791dc736: 2199 chunks; 10.0 s; peak memory 398 MiB.
2026-10-10T12:09:57Z INFO [283/500] 799a35e5-bc97-45db-8591-096686feec76: 22301 chunks; 5.6 s; peak memory 398 MiB.
2026-10-10T12:09:59Z INFO [284/500] 799b2ddc-d3c0-420e-9a56-ceba3db4761b: 112 chunks; 1.3 s; peak memory 398 MiB.
2026-10-10T12:09:59Z INFO [285/500] 799ba0d8-1990-4460-b8a0-908bba3d8d32: 111 chunks; 0.6 s; peak memory 398 MiB.
2026-10-10T12:10:01Z INFO [286/500] 799be733-c7eb-46dd-844c-1a20accabd06: 90 chunks; 2.0 s; peak memory 398 MiB.
2026-10-10T12:10:02Z INFO [287/500] 799da0dc-6699-42a1-8766-1a65de006235: 112 chunks; 1.0 s; peak memory 398 MiB.
2026-10-10T12:10:03Z INFO [288/500] 799dddaa-c6c6-4106-a73f-2016aad9753f: 112 chunks; 0.8 s; peak memory 398 MiB.
2026-10-10T12:10:12Z INFO [289/500] 799e2284-12fb-4d17-a460-9e87471a3abb: 8229 chunks; 9.1 s; peak memory 398 MiB.
2026-10-10T12:10:13Z INFO [290/500] 799e246d-1132-4e35-be37-e27ce40c01a7: 74 chunks; 0.9 s; peak memory 398 MiB.
2026-10-10T12:10:14Z INFO [291/500] 79a0711e-6857-4b77-9d57-94e52ba35827: 71 chunks; 1.1 s; peak memory 398 MiB.
2026-10-10T12:10:15Z INFO [292/500] 79a1691d-317d-463c-a772-dc854687588e: 117 chunks; 0.8 s; peak memory 398 MiB.
2026-10-10T12:10:15Z INFO [293/500] 79a2f906-1c91-48ce-bf83-0985ecd82b95: 230 chunks; 0.8 s; peak memory 398 MiB.
2026-10-10T12:10:20Z INFO [294/500] 79a4a1e9-321d-4db7-b7a2-f213d0443993: 4151 chunks; 4.5 s; peak memory 398 MiB.
2026-10-10T12:10:21Z INFO [295/500] 79a4c99e-b50f-44dd-a414-b8feeb44e5d4: 71 chunks; 0.9 s; peak memory 398 MiB.
2026-10-10T12:10:26Z INFO [296/500] 79a4f83f-4e79-4628-922d-f5392ac3d020: 1091 chunks; 4.8 s; peak memory 398 MiB.
2026-10-10T12:10:27Z INFO [297/500] 79a58d1b-a9c5-48e7-8fc5-8a4364169cfe: 112 chunks; 0.9 s; peak memory 398 MiB.
2026-10-10T12:10:27Z INFO [298/500] 79a605fc-0fa2-46fe-b2c2-111525a8cd6e: 112 chunks; 0.9 s; peak memory 398 MiB.
2026-10-10T12:10:28Z INFO [299/500] 79a6811c-51a4-4dfa-84f4-73491a26653f: 48 chunks; 0.8 s; peak memory 398 MiB.
2026-10-10T12:10:29Z INFO [300/500] 79a6edc7-9e70-4986-8fe8-401e2135c3d7: 118 chunks; 0.8 s; peak memory 398 MiB.
2026-10-10T12:10:29Z INFO [300/500] 79a6edc7-9e70-4986-8fe8-401e2135c3d7: checkpointed 105634 new records.
2026-10-10T12:10:30Z INFO [301/500] 79a7bec7-b01e-4f0e-bed6-f2c46d2846a8: 48 chunks; 0.7 s; peak memory 398 MiB.
2026-10-10T12:10:32Z INFO [302/500] 79a7e20e-3736-4943-8b45-af4b272c0391: 8108 chunks; 2.1 s; peak memory 398 MiB.
2026-10-10T12:10:33Z INFO [303/500] 79a861a8-db9e-467b-aa8f-c09c9cb205ec: 71 chunks; 1.3 s; peak memory 398 MiB.
2026-10-10T12:10:37Z INFO [304/500] 79ab3e0f-91f0-4016-a6a8-14e933d9999c: 2923 chunks; 3.7 s; peak memory 398 MiB.
2026-10-10T12:10:39Z INFO [305/500] 79ab94ec-4a0e-4ba9-9c01-cc0f4692d66c: 116 chunks; 1.7 s; peak memory 398 MiB.
2026-10-10T12:10:40Z INFO [306/500] 79abe16e-dd79-4027-9450-049fa6cd96f8: 45 chunks; 0.7 s; peak memory 398 MiB.
2026-10-10T12:10:40Z INFO [307/500] 79ad0519-eac3-4ba0-9ece-560e2b59314b: 48 chunks; 0.6 s; peak memory 398 MiB.
2026-10-10T12:10:41Z INFO [308/500] 79ad0767-e0a9-4a11-a7e7-7433d8bcebb9: 68 chunks; 0.8 s; peak memory 398 MiB.
2026-10-10T12:10:42Z INFO [309/500] 79ad219c-3d0b-4e46-b242-fffebb5ca630: 48 chunks; 0.7 s; peak memory 398 MiB.
2026-10-10T12:10:45Z INFO [310/500] 79ad4460-5838-4fe8-b66b-47efa07d0a80: 21922 chunks; 3.4 s; peak memory 398 MiB.
2026-10-10T12:10:49Z INFO [311/500] 79ad77bd-38d8-4d98-8c71-c88b55f471a7: 2923 chunks; 4.1 s; peak memory 398 MiB.
2026-10-10T12:10:52Z INFO [312/500] 79ad9f71-61da-4e59-a8b3-b447c9949939: 3087 chunks; 2.6 s; peak memory 398 MiB.
2026-10-10T12:10:53Z INFO [313/500] 79add808-32bc-46a9-ba20-437f82f77dec: 71 chunks; 1.5 s; peak memory 398 MiB.
2026-10-10T12:10:54Z INFO [314/500] 79adef40-d2fc-4298-ad8d-97658c98975d: 70 chunks; 0.9 s; peak memory 398 MiB.
2026-10-10T12:10:55Z INFO [315/500] 79ae05b2-0782-488f-a3d3-8544148c72af: 48 chunks; 0.6 s; peak memory 398 MiB.
2026-10-10T12:10:56Z INFO [316/500] 79ae29df-44a0-4f92-abd3-b4a6de64debb: 46 chunks; 0.9 s; peak memory 398 MiB.
2026-10-10T12:10:58Z INFO [317/500] 79ae6841-1440-4826-8615-8e288356be69: 2041 chunks; 2.1 s; peak memory 398 MiB.
2026-10-10T12:11:08Z INFO [318/500] 79ae7609-2024-4cb4-be4e-a72109141731: 670 chunks; 10.3 s; peak memory 398 MiB.
2026-10-10T12:11:09Z INFO [319/500] 79aecfb7-87be-4944-ab65-e32d5d074242: 118 chunks; 0.9 s; peak memory 398 MiB.
2026-10-10T12:11:10Z INFO [320/500] 79aef012-0331-4654-b582-41cb63e44db2: 112 chunks; 0.8 s; peak memory 398 MiB.
2026-10-10T12:11:10Z INFO [321/500] 79b126bd-e502-4415-85a3-da7d7cebc8bd: 48 chunks; 0.7 s; peak memory 398 MiB.
2026-10-10T12:12:47Z INFO [322/500] 79b1b6ee-cd45-4ef0-9d4d-0dda2c87e91f: 37910 chunks; 96.8 s; peak memory 403 MiB.
2026-10-10T12:12:48Z INFO [323/500] 79b2b13e-e692-4cb1-b6ad-dd4016f7adf9: 112 chunks; 0.8 s; peak memory 403 MiB.
2026-10-10T12:12:49Z INFO [324/500] 79b30bbf-4017-42da-8f25-ca0501ea2987: 118 chunks; 0.8 s; peak memory 403 MiB.
2026-10-10T12:12:50Z INFO [325/500] 79b334dc-f71f-4d2f-8e8d-868707a00413: 112 chunks; 0.9 s; peak memory 403 MiB.
2026-10-10T12:12:50Z INFO [326/500] 79b34a7f-dd6d-4e1a-bae0-d3455553a162: 117 chunks; 0.7 s; peak memory 403 MiB.
2026-10-10T12:12:51Z INFO [327/500] 79b477af-7213-44dc-9e6a-8ea3eb04c4da: 48 chunks; 0.6 s; peak memory 403 MiB.
2026-10-10T12:12:53Z INFO [328/500] 79b4dc85-f435-4daf-9028-801ca0bb7e79: 71 chunks; 1.6 s; peak memory 403 MiB.
2026-10-10T12:12:53Z INFO [329/500] 79b51efa-400f-4b89-ab07-e1dc4ebffd32: 46 chunks; 0.5 s; peak memory 403 MiB.
2026-10-10T12:12:57Z INFO [330/500] 79b5caef-60cf-4449-bf98-562a3813daa0: 174 chunks; 3.4 s; peak memory 403 MiB.
2026-10-10T12:12:57Z INFO [331/500] 79b5cb5e-6bcb-4997-bf8f-3345e1831b34: 118 chunks; 0.8 s; peak memory 403 MiB.
2026-10-10T12:12:58Z INFO [332/500] 79b65a93-5f6e-4799-9685-d68354fc050c: 57 chunks; 0.6 s; peak memory 403 MiB.
2026-10-10T12:12:59Z INFO [333/500] 79b69083-700f-4d99-9302-ac9091146c2f: 66 chunks; 1.4 s; peak memory 403 MiB.
2026-10-10T12:13:05Z INFO [334/500] 79b702cc-134c-4b1a-b81e-8f975c8b7eeb: 21634 chunks; 5.9 s; peak memory 403 MiB.
2026-10-10T12:13:06Z INFO [335/500] 79b72c60-429d-4021-ade0-20cd5fd0d03c: 112 chunks; 1.0 s; peak memory 403 MiB.
2026-10-10T12:13:07Z INFO [336/500] 79b72c87-2557-49db-854f-5a18325d3de5: 117 chunks; 0.7 s; peak memory 403 MiB.
2026-10-10T12:13:08Z INFO [337/500] 79b792b8-5429-44f2-97bc-728c1d402ce1: 62 chunks; 1.4 s; peak memory 403 MiB.
2026-10-10T12:13:09Z INFO [338/500] 79b8cd8e-0aa3-4b10-a83f-6be770b0d270: 95 chunks; 0.9 s; peak memory 403 MiB.
2026-10-10T12:13:11Z INFO [339/500] 79b98b10-814e-4571-bad0-9be790d00485: 1061 chunks; 1.7 s; peak memory 403 MiB.
2026-10-10T12:13:13Z INFO [340/500] 79b99276-688a-4b57-a290-0b606fec03cc: 115 chunks; 1.8 s; peak memory 403 MiB.
2026-10-10T12:13:17Z INFO [341/500] 79b9e506-bfff-4462-a946-698cbd4051a0: 4151 chunks; 4.1 s; peak memory 403 MiB.
2026-10-10T12:13:18Z INFO [342/500] 79ba2a21-53cd-405a-9fa8-3d4656434a86: 117 chunks; 0.8 s; peak memory 403 MiB.
2026-10-10T12:13:23Z INFO [343/500] 79ba8675-f36c-4e0d-912d-edb953a89994: 37549 chunks; 5.6 s; peak memory 403 MiB.
2026-10-10T12:13:24Z INFO [344/500] 79ba9027-52ba-4570-9f69-3b3fdf290402: 48 chunks; 0.8 s; peak memory 403 MiB.
2026-10-10T12:13:25Z INFO [345/500] 79bad626-ac3e-4d8f-9bc2-09c3abfd3579: 49 chunks; 0.9 s; peak memory 403 MiB.
2026-10-10T12:13:26Z INFO [346/500] 79bb3bed-cde7-4c9b-a2d6-418344038286: 51 chunks; 0.8 s; peak memory 403 MiB.
2026-10-10T12:13:27Z INFO [347/500] 79bba100-c6c3-4c41-8158-ff6d77d19adf: 66 chunks; 0.9 s; peak memory 403 MiB.
2026-10-10T12:13:28Z INFO [348/500] 79bba591-18ab-44e3-9630-c42e563c1e31: 69 chunks; 1.3 s; peak memory 403 MiB.
2026-10-10T12:13:29Z INFO [349/500] 79bbc238-696b-46e6-b9f0-6982f64f76b7: 40 chunks; 0.7 s; peak memory 403 MiB.
2026-10-10T12:13:30Z INFO [350/500] 79bbdb4d-1589-4f6c-ac28-24ed20b80c64: 174 chunks; 1.1 s; peak memory 403 MiB.
2026-10-10T12:13:30Z INFO [350/500] 79bbdb4d-1589-4f6c-ac28-24ed20b80c64: checkpointed 105684 new records.
2026-10-10T12:13:31Z INFO [351/500] 79bc1284-e80f-4145-b735-e0e2f0100f97: 118 chunks; 0.7 s; peak memory 403 MiB.
2026-10-10T12:13:34Z INFO [352/500] 79bc7db0-a775-42c0-aaee-ba33d7aa7b64: 228 chunks; 3.2 s; peak memory 403 MiB.
2026-10-10T12:13:35Z INFO [353/500] 79bd102f-9cd4-4c39-ba83-0528170ad50a: 117 chunks; 0.8 s; peak memory 403 MiB.
2026-10-10T12:13:35Z INFO [354/500] 79bd689c-6637-4042-8225-9d429c483c69: 48 chunks; 0.7 s; peak memory 403 MiB.
2026-10-10T12:13:50Z INFO [355/500] 79bddb1b-4a65-4892-b146-dca5a2df0a84: 40434 chunks; 14.5 s; peak memory 403 MiB.
2026-10-10T12:13:51Z INFO [356/500] 79be0f1a-a27d-42e1-b51b-d0fa4956a6a0: 112 chunks; 0.9 s; peak memory 403 MiB.
2026-10-10T12:13:53Z INFO [357/500] 79be6814-9892-4de3-a0e4-3b0435130b86: 1641 chunks; 2.3 s; peak memory 403 MiB.
2026-10-10T12:13:55Z INFO [358/500] 79bf00b2-6ad5-40ec-9ff8-6412972d187c: 115 chunks; 1.7 s; peak memory 403 MiB.
2026-10-10T12:14:03Z INFO [359/500] 79bf07a9-7281-43a8-a365-7697574f9b57: 16478 chunks; 7.8 s; peak memory 403 MiB.
2026-10-10T12:14:04Z INFO [360/500] 79bfb785-ed7b-4dfb-8b13-30dde11912a5: 112 chunks; 0.9 s; peak memory 403 MiB.
2026-10-10T12:14:05Z INFO [361/500] 79c052ca-bf13-4473-94ca-80cd4ef75588: 66 chunks; 1.3 s; peak memory 403 MiB.
2026-10-10T12:14:06Z INFO [362/500] 79c053a3-3184-4527-bbb6-7e08849eaf32: 49 chunks; 0.6 s; peak memory 403 MiB.
2026-10-10T12:14:06Z INFO [363/500] 79c16a35-fac5-40c0-b610-d2ba638248f9: 48 chunks; 0.7 s; peak memory 403 MiB.
2026-10-10T12:14:07Z INFO [364/500] 79c1cbee-f4c3-45b4-8736-25e8b96c7083: 41 chunks; 0.6 s; peak memory 403 MiB.
2026-10-10T12:14:09Z INFO [365/500] 79c2973a-f6e4-43f5-916e-76c9db2f10e6: 1061 chunks; 1.8 s; peak memory 403 MiB.
2026-10-10T12:14:10Z INFO [366/500] 79c2ed9c-35f5-494e-9171-49fa6061603d: 117 chunks; 0.8 s; peak memory 403 MiB.
2026-10-10T12:14:11Z INFO [367/500] 79c2f593-b090-41fa-baac-baa506bf6ae5: 933 chunks; 1.2 s; peak memory 403 MiB.
2026-10-10T12:14:12Z INFO [368/500] 79c32e46-ccd5-43bd-9554-f6a679360542: 112 chunks; 0.8 s; peak memory 403 MiB.
2026-10-10T12:14:12Z INFO [369/500] 79c43dac-98ec-4c61-976a-941f8d4b0957: 46 chunks; 0.6 s; peak memory 403 MiB.
2026-10-10T12:14:13Z INFO [370/500] 79c551b2-1eba-4489-a46d-282015a36da2: 48 chunks; 0.8 s; peak memory 403 MiB.
2026-10-10T12:14:14Z INFO [371/500] 79c6998c-556c-412c-ba38-7aab8c6ee6c7: 50 chunks; 0.6 s; peak memory 403 MiB.
2026-10-10T12:14:14Z INFO [372/500] 79c6a33a-e63a-4aa2-97fb-2897a8e33f66: 116 chunks; 0.7 s; peak memory 403 MiB.
2026-10-10T12:14:15Z INFO [373/500] 79c7758c-7ef7-4059-a4be-7c7778888fb3: 69 chunks; 1.1 s; peak memory 403 MiB.
2026-10-10T12:14:16Z INFO [374/500] 79c80c0f-81d6-47cb-a866-c21b6c6c945e: 69 chunks; 1.0 s; peak memory 403 MiB.
2026-10-10T12:14:17Z INFO [375/500] 79c83bb9-eb30-4f87-8c16-1ee955f6fcc0: 117 chunks; 0.8 s; peak memory 403 MiB.
2026-10-10T12:14:18Z INFO [376/500] 79c9a0d4-682e-4580-99fd-f692ecaaa285: 48 chunks; 0.7 s; peak memory 403 MiB.
2026-10-10T12:14:18Z INFO [377/500] 79c9d389-823a-45cc-8e67-63a0b68049cd: 41 chunks; 0.5 s; peak memory 403 MiB.
2026-10-10T12:14:35Z INFO [378/500] 79c9eb75-04a3-4aed-848a-b7fdb0e359db: 5626 chunks; 16.2 s; peak memory 403 MiB.
2026-10-10T12:14:36Z INFO [379/500] 79ca32b6-408b-436c-a75a-e897791a00e6: 70 chunks; 1.2 s; peak memory 403 MiB.
2026-10-10T12:14:37Z INFO [380/500] 79ca681f-79ce-4ded-a80d-e227d2b228b5: 116 chunks; 0.9 s; peak memory 403 MiB.
2026-10-10T12:14:37Z INFO [381/500] 79ca8c85-4c5f-4349-b093-7610bf4534f7: 48 chunks; 0.7 s; peak memory 403 MiB.
2026-10-10T12:14:38Z INFO [382/500] 79caba11-a6dd-408b-b06e-6baf32ffa69b: 70 chunks; 1.0 s; peak memory 403 MiB.
2026-10-10T12:14:39Z INFO [383/500] 79cba926-ee64-4627-ab84-3dd11dcb87e7: 89 chunks; 0.8 s; peak memory 403 MiB.
2026-10-10T12:14:40Z INFO [384/500] 79cd1fa8-84d6-4248-b696-548399efccd5: 57 chunks; 0.5 s; peak memory 403 MiB.
2026-10-10T12:14:41Z INFO [385/500] 79cd246e-3a3f-44a1-abae-4b52373226d3: 66 chunks; 1.4 s; peak memory 403 MiB.
2026-10-10T12:14:42Z INFO [386/500] 79cd8a8a-250a-4ba9-9ba0-8dba82c40344: 52 chunks; 0.6 s; peak memory 403 MiB.
2026-10-10T12:14:54Z INFO [387/500] 79cdbdc4-bb49-4ad9-8658-4b6eb1fedc15: 432 chunks; 12.0 s; peak memory 403 MiB.
2026-10-10T12:14:55Z INFO [388/500] 79ce2494-8599-4279-8054-2ec9b6e730c8: 117 chunks; 0.8 s; peak memory 403 MiB.
2026-10-10T12:14:56Z INFO [389/500] 79ce4ed2-9eaf-40cf-8856-3c9fec4111f3: 76 chunks; 1.1 s; peak memory 403 MiB.
2026-10-10T12:14:57Z INFO [390/500] 79cec76b-b649-48d0-931f-f1b599d0833b: 69 chunks; 1.0 s; peak memory 403 MiB.
2026-10-10T12:14:57Z INFO [391/500] 79cefe5c-33e6-406b-94fe-ba3f1e21a5e9: 117 chunks; 0.7 s; peak memory 403 MiB.
2026-10-10T12:14:59Z INFO [392/500] 79cf1273-bf13-4253-9640-18df64bb1c66: 156 chunks; 1.9 s; peak memory 403 MiB.
2026-10-10T12:15:00Z INFO [393/500] 79cf9830-abeb-4042-9716-0aaebc257676: 56 chunks; 0.6 s; peak memory 403 MiB.
2026-10-10T12:15:01Z INFO [394/500] 79d0e800-29bf-4e67-9435-f0a8682c640c: 118 chunks; 0.8 s; peak memory 403 MiB.
2026-10-10T12:15:02Z INFO [395/500] 79d115dc-6f29-4611-955b-c4de00f27841: 71 chunks; 1.6 s; peak memory 403 MiB.
2026-10-10T12:15:03Z INFO [396/500] 79d31cc9-b160-47f2-b437-0c4e2afb9d5b: 112 chunks; 0.7 s; peak memory 403 MiB.
2026-10-10T12:15:04Z INFO [397/500] 79d33833-0d99-4a69-be3f-ee82bbc74ca6: 48 chunks; 0.7 s; peak memory 403 MiB.
2026-10-10T12:15:10Z INFO [398/500] 79d34a0c-7775-421a-a558-1fd5bd600898: 8667 chunks; 6.5 s; peak memory 403 MiB.
2026-10-10T12:15:11Z INFO [399/500] 79d436bc-24c9-4aed-b38a-09094def04dc: 54 chunks; 0.5 s; peak memory 403 MiB.
2026-10-10T12:15:11Z INFO [400/500] 79d50ab4-0b6b-4608-80ac-6de642a03576: 48 chunks; 0.7 s; peak memory 403 MiB.
2026-10-10T12:15:12Z INFO [400/500] 79d50ab4-0b6b-4608-80ac-6de642a03576: checkpointed 105734 new records.
2026-10-10T12:15:13Z INFO [401/500] 79d51f33-319c-4e81-977d-754f462b31f5: 69 chunks; 1.2 s; peak memory 403 MiB.
2026-10-10T12:15:14Z INFO [402/500] 79d58924-b82b-4588-adaf-ddda91426cd7: 66 chunks; 0.6 s; peak memory 403 MiB.
2026-10-10T12:15:17Z INFO [403/500] 79d62479-2cfc-40bd-b165-ef3842ee3c5a: 208 chunks; 3.4 s; peak memory 403 MiB.
2026-10-10T12:15:18Z INFO [404/500] 79d6c03f-a5ad-43d3-a8c3-a13e7b361f24: 123 chunks; 1.2 s; peak memory 403 MiB.
2026-10-10T12:15:19Z INFO [405/500] 79d71feb-087f-4213-867c-51a8c3ce42e4: 69 chunks; 0.6 s; peak memory 403 MiB.
2026-10-10T12:15:20Z INFO [406/500] 79d7220e-2fd3-4f6f-9392-5a32275d5011: 112 chunks; 0.9 s; peak memory 403 MiB.
2026-10-10T12:15:26Z INFO [407/500] 79d765a9-b710-4d1f-92cd-93299ecf3a37: 339 chunks; 6.0 s; peak memory 403 MiB.
2026-10-10T12:15:28Z INFO [408/500] 79d88612-b8a3-4a59-b213-b784245d2344: 3101 chunks; 2.4 s; peak memory 403 MiB.
2026-10-10T12:15:29Z INFO [409/500] 79d89bcf-a40f-449b-8b4a-4bd47cffb74e: 117 chunks; 0.8 s; peak memory 403 MiB.
2026-10-10T12:15:31Z INFO [410/500] 79d9c51a-33ee-4edc-b255-a7f6e5d88020: 138 chunks; 1.6 s; peak memory 403 MiB.
2026-10-10T12:15:31Z INFO [411/500] 79dab4ef-dc7d-495a-9db2-d5df82681b50: 46 chunks; 0.6 s; peak memory 403 MiB.
2026-10-10T12:15:32Z INFO [412/500] 79dabe88-5c99-407e-b968-5635b9458961: 48 chunks; 0.6 s; peak memory 403 MiB.
2026-10-10T12:15:32Z INFO [413/500] 79dac517-b3dd-4863-addd-d1112a42cedc: 50 chunks; 0.5 s; peak memory 403 MiB.
2026-10-10T12:15:38Z INFO [414/500] 79dbc7f7-64dc-4991-9ae7-ad5421a800a8: 399 chunks; 6.0 s; peak memory 403 MiB.
2026-10-10T12:15:40Z INFO [415/500] 79dc5263-602a-4f4c-a6d0-915f8bc836db: 71 chunks; 1.3 s; peak memory 403 MiB.
2026-10-10T12:15:44Z INFO [416/500] 79dd3b87-c778-4a5b-82bf-264fe2f56cf6: 352 chunks; 4.6 s; peak memory 403 MiB.
2026-10-10T12:15:45Z INFO [417/500] 79ddd755-d366-4891-9ab2-50acf180076b: 112 chunks; 0.7 s; peak memory 403 MiB.
2026-10-10T12:15:46Z INFO [418/500] 79de233b-f666-44fa-85f0-35fcbba7bbff: 69 chunks; 1.2 s; peak memory 403 MiB.
2026-10-10T12:15:49Z INFO [419/500] 79de6e8b-1166-4cef-a007-d36d47e23296: 5943 chunks; 2.5 s; peak memory 403 MiB.
2026-10-10T12:15:49Z INFO [420/500] 79df8681-3f46-4a57-a681-23ebbe3e9343: 48 chunks; 0.6 s; peak memory 403 MiB.
2026-10-10T12:15:50Z INFO [421/500] 79e00050-5a42-4470-acfd-4f461d803ae1: 112 chunks; 0.7 s; peak memory 403 MiB.
2026-10-10T12:17:29Z INFO [422/500] 79e0023d-e10f-4393-ada2-c9866511ead7: 38110 chunks; 98.6 s; peak memory 403 MiB.
2026-10-10T12:17:29Z INFO [423/500] 79e0214c-76ac-41b9-8d6f-25624d04a944: 46 chunks; 0.6 s; peak memory 403 MiB.
2026-10-10T12:17:35Z INFO [424/500] 79e03428-7dfe-4488-8518-f08ec7caab06: 391 chunks; 5.5 s; peak memory 403 MiB.
2026-10-10T12:17:35Z INFO [425/500] 79e0b30d-a2bb-4618-8fc6-641402971e78: 48 chunks; 0.7 s; peak memory 403 MiB.
2026-10-10T12:17:36Z INFO [426/500] 79e0c4c4-1741-4ac9-ad3f-d48719668686: 48 chunks; 0.7 s; peak memory 403 MiB.
2026-10-10T12:17:39Z INFO [427/500] 79e0e784-05ab-446d-9212-8e8c5a720884: 198 chunks; 3.0 s; peak memory 403 MiB.
2026-10-10T12:17:42Z INFO [428/500] 79e1093b-2237-47ea-aba4-e642dae7a3d7: 3111 chunks; 3.3 s; peak memory 403 MiB.
2026-10-10T12:17:46Z INFO [429/500] 79e14f05-339e-405c-8d76-f19ff4bb50ba: 7576 chunks; 3.2 s; peak memory 403 MiB.
2026-10-10T12:17:47Z INFO [430/500] 79e16cb7-d853-4ae3-987c-735b04be168f: 116 chunks; 1.7 s; peak memory 403 MiB.
2026-10-10T12:17:48Z INFO [431/500] 79e1eddb-be07-4e64-af9c-cb3e91209a64: 39 chunks; 0.6 s; peak memory 403 MiB.
2026-10-10T12:17:51Z INFO [432/500] 79e23a6f-f606-49c6-be9d-b484bb96d806: 8004 chunks; 3.1 s; peak memory 403 MiB.
2026-10-10T12:17:52Z INFO [433/500] 79e24f1c-4d01-487a-83d1-f91a00989268: 110 chunks; 0.8 s; peak memory 403 MiB.
2026-10-10T12:17:53Z INFO [434/500] 79e27a47-26fa-4f88-bb9e-dcd8e0c6b57d: 116 chunks; 0.9 s; peak memory 403 MiB.
2026-10-10T12:17:54Z INFO [435/500] 79e2d459-be7c-4ba6-8b18-9f96909803ec: 159 chunks; 1.5 s; peak memory 403 MiB.
2026-10-10T12:17:55Z INFO [436/500] 79e2e210-1cf8-4b68-b7b3-c67b0a1adc5e: 35 chunks; 0.5 s; peak memory 403 MiB.
2026-10-10T12:17:55Z INFO [437/500] 79e33369-0f17-4edb-9734-eb5fdc84264a: 56 chunks; 0.6 s; peak memory 403 MiB.
2026-10-10T12:17:56Z INFO [438/500] 79e3bc5c-3ed9-4f04-b2ec-e84631480e68: 117 chunks; 0.9 s; peak memory 403 MiB.
2026-10-10T12:17:57Z INFO [439/500] 79e4a33c-faf7-4bb1-9efd-0cc41c4222f2: 59 chunks; 0.7 s; peak memory 403 MiB.
2026-10-10T12:17:57Z INFO [440/500] 79e50a15-3270-43a1-89c9-ae60398b3ea8: 44 chunks; 0.5 s; peak memory 403 MiB.
2026-10-10T12:17:58Z INFO [441/500] 79e51f5d-c383-40fe-b4c0-12d0548fea28: 117 chunks; 0.9 s; peak memory 403 MiB.
2026-10-10T12:17:59Z INFO [442/500] 79e52c92-ad4d-43e5-8323-d99f7b592530: 117 chunks; 0.8 s; peak memory 403 MiB.
2026-10-10T12:18:00Z INFO [443/500] 79e53302-dc00-40a7-b1cc-45bbb2ecbfec: 117 chunks; 0.8 s; peak memory 403 MiB.
2026-10-10T12:18:03Z INFO [444/500] 79e58b42-e457-48fb-8c68-7a1482ab8705: 3866 chunks; 3.1 s; peak memory 403 MiB.
2026-10-10T12:18:04Z INFO [445/500] 79e62a23-a110-48fa-84a7-86d2d1981d67: 117 chunks; 0.7 s; peak memory 403 MiB.
2026-10-10T12:18:04Z INFO [446/500] 79e63a55-37c1-4d03-a940-d11e80b4331d: 36 chunks; 0.6 s; peak memory 403 MiB.
2026-10-10T12:18:05Z INFO [447/500] 79e68de6-a400-45bf-b741-8432042e26db: 49 chunks; 0.7 s; peak memory 403 MiB.
2026-10-10T12:18:06Z INFO [448/500] 79e7ed3b-22fe-4742-a304-a082bf4aed42: 70 chunks; 0.9 s; peak memory 403 MiB.
2026-10-10T12:19:45Z INFO [449/500] 79e80a9a-19d1-48d3-a7a3-2d75e7f1580d: 37909 chunks; 99.4 s; peak memory 403 MiB.
2026-10-10T12:19:46Z INFO [450/500] 79e83450-612f-4c5b-a34f-482a2e629d79: 112 chunks; 0.9 s; peak memory 403 MiB.
2026-10-10T12:19:47Z INFO [450/500] 79e83450-612f-4c5b-a34f-482a2e629d79: checkpointed 105784 new records.
2026-10-10T12:19:47Z INFO [451/500] 79e83872-eb8e-459d-b362-8a2a794c2da7: 110 chunks; 0.8 s; peak memory 403 MiB.
2026-10-10T12:19:49Z INFO [452/500] 79e83e93-f490-4295-8ffc-25fc5a0f07c4: 71 chunks; 1.3 s; peak memory 403 MiB.
2026-10-10T12:19:49Z INFO [453/500] 79e8dc26-69df-48df-ab2f-e0a613ff8de3: 35 chunks; 0.5 s; peak memory 403 MiB.
2026-10-10T12:19:50Z INFO [454/500] 79e91df0-c03c-42f6-9b30-570a72d19ca2: 46 chunks; 0.6 s; peak memory 403 MiB.
2026-10-10T12:19:51Z INFO [455/500] 79e95a98-2bdc-48ff-9e8a-e841223299ca: 116 chunks; 0.7 s; peak memory 403 MiB.
2026-10-10T12:19:51Z INFO [456/500] 79e9b127-3ca9-4107-9e78-85cecb6b7791: 48 chunks; 0.6 s; peak memory 403 MiB.
2026-10-10T12:19:54Z INFO [457/500] 79ea6fa6-5835-42ab-8787-4907a5bd3f91: 2861 chunks; 2.5 s; peak memory 403 MiB.
2026-10-10T12:19:54Z INFO [458/500] 79ea9d23-774a-42cc-aa5d-17f2ce8a7ac4: 46 chunks; 0.5 s; peak memory 403 MiB.
2026-10-10T12:19:56Z INFO [459/500] 79eabba9-f443-4d57-97f3-dd20c4c0d418: 153 chunks; 1.7 s; peak memory 403 MiB.
2026-10-10T12:19:57Z INFO [460/500] 79ead750-2584-4d38-8a18-033b879816e0: 66 chunks; 1.0 s; peak memory 403 MiB.
2026-10-10T12:19:57Z INFO [461/500] 79ecd3ad-6c20-417a-9ab5-d4101232144c: 112 chunks; 0.7 s; peak memory 403 MiB.
2026-10-10T12:19:58Z INFO [462/500] 79ef960e-dc94-4c98-b46b-63935fc7a40b: 48 chunks; 0.7 s; peak memory 403 MiB.
2026-10-10T12:19:59Z INFO [463/500] 79f05e75-467d-4418-a1d4-0fdffb3001d6: 114 chunks; 0.8 s; peak memory 403 MiB.
2026-10-10T12:20:08Z INFO [464/500] 79f11704-10a2-4f72-8e0f-ea21b09dcab3: 4707 chunks; 9.5 s; peak memory 403 MiB.
2026-10-10T12:20:09Z INFO [465/500] 79f266a2-cfd1-4b7a-ad42-3660d7270ce3: 70 chunks; 1.0 s; peak memory 403 MiB.
2026-10-10T12:20:13Z INFO [466/500] 79f29fbf-4d6e-437a-8fb2-459b2b662cb5: 8441 chunks; 3.3 s; peak memory 403 MiB.
2026-10-10T12:20:14Z INFO [467/500] 79f2c24f-d75a-422f-b986-41e170fe7440: 112 chunks; 1.1 s; peak memory 403 MiB.
2026-10-10T12:20:14Z INFO [468/500] 79f33353-8def-4e12-953d-06a3ec3afcd4: 52 chunks; 0.5 s; peak memory 403 MiB.
2026-10-10T12:20:16Z INFO [469/500] 79f33fd8-9898-4c1f-ad92-4303e75da952: 73 chunks; 1.6 s; peak memory 403 MiB.
2026-10-10T12:20:17Z INFO [470/500] 79f48e48-02c5-4d16-b958-ea8e97bb917f: 168 chunks; 1.7 s; peak memory 403 MiB.
2026-10-10T12:20:18Z INFO [471/500] 79f4fcce-8a15-4c6b-82c2-528a103ccbeb: 102 chunks; 1.0 s; peak memory 403 MiB.
2026-10-10T12:20:22Z INFO [472/500] 79f52808-cf35-463c-896b-befbfb5d6456: 246 chunks; 3.4 s; peak memory 403 MiB.
2026-10-10T12:20:25Z INFO [473/500] 79f54dad-cd91-4a7b-a049-c590b265d7ac: 1641 chunks; 2.6 s; peak memory 403 MiB.
2026-10-10T12:20:25Z INFO [474/500] 79f5c29c-7a3c-49d7-a20e-1d1d10b36250: 112 chunks; 0.8 s; peak memory 403 MiB.
2026-10-10T12:20:27Z INFO [475/500] 79f5ebcc-43b9-439b-befa-2654e7e8343e: 90 chunks; 1.9 s; peak memory 403 MiB.
2026-10-10T12:20:28Z INFO [476/500] 79f614c2-4f52-4775-b648-da10378c3fc6: 48 chunks; 0.7 s; peak memory 403 MiB.
2026-10-10T12:20:29Z INFO [477/500] 79f6be62-cd77-4ec3-bd3d-0fd3525780d9: 48 chunks; 0.7 s; peak memory 403 MiB.
2026-10-10T12:20:29Z INFO [478/500] 79f84a1c-3478-466a-9212-2dac7b995d12: 113 chunks; 0.9 s; peak memory 403 MiB.
2026-10-10T12:20:31Z INFO [479/500] 79f88df5-8b29-47f2-9fa3-0af353838825: 114 chunks; 1.7 s; peak memory 403 MiB.
2026-10-10T12:20:32Z INFO [480/500] 79fabb99-49af-4eb9-9e7e-ec26eb90de1b: 117 chunks; 0.8 s; peak memory 403 MiB.
2026-10-10T12:20:33Z INFO [481/500] 79fb7b56-291b-455a-a358-d0aec53d5003: 114 chunks; 0.5 s; peak memory 403 MiB.
2026-10-10T12:20:33Z INFO [482/500] 79fba69c-705c-4954-b325-01267764f3df: 84 chunks; 0.9 s; peak memory 403 MiB.
2026-10-10T12:20:34Z INFO [483/500] 79fbc282-f24e-46de-ab32-0ef1d78c7bd3: 48 chunks; 0.6 s; peak memory 403 MiB.
2026-10-10T12:20:35Z INFO [484/500] 79fc5cc1-c7af-4f80-97a5-b5dd88af4a8a: 112 chunks; 1.1 s; peak memory 403 MiB.
2026-10-10T12:20:37Z INFO [485/500] 79fc6ee9-3985-4bba-9057-1484e1d007bc: 146 chunks; 1.5 s; peak memory 403 MiB.
2026-10-10T12:20:38Z INFO [486/500] 79fdb603-2776-45ee-b19b-82963c40852f: 70 chunks; 1.1 s; peak memory 403 MiB.
2026-10-10T12:21:24Z INFO [487/500] 79fdb7bd-e53e-4d78-85fb-8b0eb3b57557: 24686 chunks; 46.2 s; peak memory 403 MiB.
2026-10-10T12:21:25Z INFO [488/500] 79fdfef9-12f1-4350-9798-8e1d0afcaa5e: 116 chunks; 0.8 s; peak memory 403 MiB.
2026-10-10T12:21:26Z INFO [489/500] 79fff259-eddc-413d-9b3a-7261e193d516: 78 chunks; 0.9 s; peak memory 403 MiB.
2026-10-10T12:21:30Z INFO [490/500] 7a00db10-110c-4885-9475-71aef30bdebd: 193 chunks; 4.0 s; peak memory 403 MiB.
2026-10-10T12:21:31Z INFO [491/500] 7a014b22-345c-45d4-aaa8-8f2ff4941ba0: 110 chunks; 1.1 s; peak memory 403 MiB.
2026-10-10T12:21:52Z INFO [492/500] 7a018eac-d5ec-4773-bb99-5daec2be1fb8: 16419 chunks; 20.6 s; peak memory 403 MiB.
2026-10-10T12:21:53Z INFO [493/500] 7a01ba61-1e67-465b-89ba-abd539d91a8d: 106 chunks; 1.2 s; peak memory 403 MiB.
2026-10-10T12:21:54Z INFO [494/500] 7a02ba94-6c73-471e-bf0e-0226cbdc1f20: 61 chunks; 0.9 s; peak memory 403 MiB.
2026-10-10T12:21:55Z INFO [495/500] 7a02cf0c-0699-4858-9a92-ef95b3eca80d: 104 chunks; 1.1 s; peak memory 403 MiB.
2026-10-10T12:21:55Z INFO [496/500] 7a0344f6-2d9b-42eb-bf25-11348cae49eb: 48 chunks; 0.7 s; peak memory 403 MiB.
2026-10-10T12:21:56Z INFO [497/500] 7a03a5ff-67ed-4eee-a962-cdac7c8c7a9f: 112 chunks; 1.0 s; peak memory 403 MiB.
2026-10-10T12:21:57Z INFO [498/500] 7a03dae3-ffe5-4146-a584-ef10e262cf81: 48 chunks; 0.9 s; peak memory 403 MiB.
2026-10-10T12:21:58Z INFO [499/500] 7a053adc-f5c5-4ac4-889a-7bf624e06a0c: 117 chunks; 0.8 s; peak memory 403 MiB.
2026-10-10T12:21:59Z INFO [500/500] 7a054e17-7a80-4f54-ae1d-5339813dbb74: 66 chunks; 1.0 s; peak memory 403 MiB.
2026-10-10T12:21:59Z INFO [500/500] 7a054e17-7a80-4f54-ae1d-5339813dbb74: checkpointed 105834 new records.
2026-10-10T12:22:00Z INFO Wrote 105834 records to /tmp/derivatives/valid_nwb_file_to_chunk_stats.jsonl (500 new, 0 failed) in 29.3 min (peak memory 403 MiB).
