2026-10-10T06:45:36Z INFO Logging to /tmp/logs/update_2026-10-10T06-45-36Z.log.
2026-10-10T06:45:36Z INFO Update valid-nwb-file-to-chunk-stats (base directory /tmp).
2026-10-10T06:45:37Z INFO Processing 500 items (103334 already recorded).
2026-10-10T06:45:38Z INFO [1/500] 74dc0e7e-ba90-42f7-b5fc-bc17c25b4719: 118 chunks; 1.7 s; peak memory 208 MiB.
2026-10-10T06:48:13Z INFO [2/500] 74dc3ecd-0eb4-4066-9332-278ea8dfe970: 44860 chunks; 154.9 s; peak memory 377 MiB.
2026-10-10T06:48:20Z INFO [3/500] 74dc63c4-3cb7-4ac7-999e-175f8e803fba: 1259 chunks; 6.8 s; peak memory 378 MiB.
2026-10-10T06:48:21Z INFO [4/500] 74dcbbba-2a39-49a4-94d7-1e96054acc14: 48 chunks; 1.1 s; peak memory 378 MiB.
2026-10-10T06:48:23Z INFO [5/500] 74dd50aa-e8e3-463e-9836-f08f9a7dd170: 117 chunks; 1.8 s; peak memory 378 MiB.
2026-10-10T06:48:56Z INFO [6/500] 74dd826f-393b-4938-ae8e-5ed0bac76de1: 16419 chunks; 33.4 s; peak memory 378 MiB.
2026-10-10T06:48:58Z INFO [7/500] 74dd8654-bc11-4c53-b426-06607a212fd9: 116 chunks; 1.7 s; peak memory 378 MiB.
2026-10-10T06:48:59Z INFO [8/500] 74de7bc1-4a8d-4b6c-96e3-35cbc498e638: 48 chunks; 1.4 s; peak memory 378 MiB.
2026-10-10T06:49:01Z INFO [9/500] 74deb0a5-db9a-4746-9242-7a7283a976db: 48 chunks; 1.4 s; peak memory 378 MiB.
2026-10-10T06:49:03Z INFO [10/500] 74e113bc-8fbd-4568-9762-be30369ebb23: 112 chunks; 1.9 s; peak memory 378 MiB.
2026-10-10T06:49:04Z INFO [11/500] 74e117ce-a210-4d54-91fe-c6d7f5e0ebe9: 48 chunks; 1.3 s; peak memory 379 MiB.
2026-10-10T06:49:17Z INFO [12/500] 74e120ac-6e8d-4d0f-9807-48ab5dfb3470: 22864 chunks; 13.3 s; peak memory 380 MiB.
2026-10-10T06:49:20Z INFO [13/500] 74e15f51-3bee-4bf9-96b8-09896ae34e30: 367 chunks; 2.7 s; peak memory 380 MiB.
2026-10-10T06:49:26Z INFO [14/500] 74e16d2c-1c9d-4277-a09d-d5b576313af6: 6879 chunks; 5.6 s; peak memory 380 MiB.
2026-10-10T06:49:33Z INFO [15/500] 74e18ebe-15be-4631-ac98-bcd74b720e98: 441 chunks; 7.5 s; peak memory 380 MiB.
2026-10-10T06:49:35Z INFO [16/500] 74e1a371-28ce-4e88-a0a7-5b61ebbbe91b: 84 chunks; 1.8 s; peak memory 380 MiB.
2026-10-10T06:49:37Z INFO [17/500] 74e21d22-810f-4487-9d19-bb03e7ad6a27: 66 chunks; 1.8 s; peak memory 380 MiB.
2026-10-10T06:49:39Z INFO [18/500] 74e2c9b7-a672-4332-883d-af99a71a2478: 70 chunks; 1.9 s; peak memory 380 MiB.
2026-10-10T06:49:40Z INFO [19/500] 74e2cdf1-3279-4474-8897-c599a754b8cc: 48 chunks; 1.4 s; peak memory 380 MiB.
2026-10-10T06:49:41Z INFO [20/500] 74e321b9-6d7f-48dd-8158-e52cc15c5a16: 48 chunks; 1.4 s; peak memory 380 MiB.
2026-10-10T06:49:58Z INFO [21/500] 74e37448-1aaf-492f-98d1-cc9b730fa15f: 1260 chunks; 16.1 s; peak memory 380 MiB.
2026-10-10T06:49:59Z INFO [22/500] 74e3d53c-4e13-4950-9776-085f6e19eab6: 48 chunks; 1.3 s; peak memory 380 MiB.
2026-10-10T06:50:01Z INFO [23/500] 74e42788-d6e7-49b2-bb88-777e6a9f8c64: 71 chunks; 2.0 s; peak memory 380 MiB.
2026-10-10T06:50:47Z INFO [24/500] 74e4d158-4dcf-404a-af14-8235960becd9: 10133 chunks; 46.2 s; peak memory 381 MiB.
2026-10-10T06:50:49Z INFO [25/500] 74e602a4-22bd-4f44-83fd-7f1869731ab1: 77 chunks; 1.4 s; peak memory 381 MiB.
2026-10-10T06:50:51Z INFO [26/500] 74e66cb9-49a4-4556-9009-2d0d1e794cf8: 132 chunks; 2.6 s; peak memory 381 MiB.
2026-10-10T06:50:52Z INFO [27/500] 74e7e8dc-cf17-42d0-a18c-af67c0d095c3: 48 chunks; 1.3 s; peak memory 381 MiB.
2026-10-10T06:50:54Z INFO [28/500] 74e7f87c-d618-4543-ba23-9b6c5ca61fdd: 48 chunks; 1.3 s; peak memory 381 MiB.
2026-10-10T06:50:55Z INFO [29/500] 74e8d671-7137-4fea-bbdd-df30887bfe20: 52 chunks; 1.1 s; peak memory 381 MiB.
2026-10-10T06:50:56Z INFO [30/500] 74e9612b-6b32-40fc-8b32-6738f2ae08dc: 117 chunks; 1.7 s; peak memory 381 MiB.
2026-10-10T06:50:58Z INFO [31/500] 74e96e9d-d6e7-441e-b843-f50ae3d5d9fe: 114 chunks; 1.7 s; peak memory 381 MiB.
2026-10-10T06:51:00Z INFO [32/500] 74eadfa7-9f90-4f05-8658-e12155daede3: 117 chunks; 1.6 s; peak memory 381 MiB.
2026-10-10T06:51:02Z INFO [33/500] 74ebcb00-cceb-46d0-8d83-739e1fa51b49: 112 chunks; 1.9 s; peak memory 381 MiB.
2026-10-10T06:51:55Z INFO [34/500] 74ec1809-d9bb-4f66-8507-2157592cd9f6: 27344 chunks; 53.3 s; peak memory 381 MiB.
2026-10-10T06:51:56Z INFO [35/500] 74ec35aa-a7b9-4742-b41d-d29a254bab6e: 48 chunks; 1.3 s; peak memory 381 MiB.
2026-10-10T06:51:58Z INFO [36/500] 74eca43b-6f91-4a83-b764-0b838ee9199a: 33 chunks; 1.7 s; peak memory 381 MiB.
2026-10-10T06:52:02Z INFO [37/500] 74ecb9bd-36c2-4c0e-98aa-700cbcfa1468: 1641 chunks; 4.4 s; peak memory 381 MiB.
2026-10-10T06:52:10Z INFO [38/500] 74ed8319-5d53-4273-908f-09f61a498e44: 2212 chunks; 7.3 s; peak memory 381 MiB.
2026-10-10T06:52:11Z INFO [39/500] 74ee0c0c-0775-4963-af3d-2981cb908226: 557 chunks; 1.5 s; peak memory 381 MiB.
2026-10-10T06:56:31Z INFO [40/500] 74ee1338-8c60-4c78-8b01-b093b5a7c5dd: 75649 chunks; 259.8 s; peak memory 522 MiB.
2026-10-10T06:56:38Z INFO [41/500] 74ee29b9-2f8e-4194-b263-e15a5dbe4a11: 2923 chunks; 7.0 s; peak memory 522 MiB.
2026-10-10T06:56:42Z INFO [42/500] 74eeb3ef-2d85-475f-9a71-fe7c6b76594a: 282 chunks; 3.7 s; peak memory 522 MiB.
2026-10-10T06:56:44Z INFO [43/500] 74eed4d0-79e3-4a53-bea7-3b301c065533: 112 chunks; 1.9 s; peak memory 522 MiB.
2026-10-10T06:56:45Z INFO [44/500] 74ef34e1-b849-4b0e-bd46-f25fbd102369: 117 chunks; 1.6 s; peak memory 522 MiB.
2026-10-10T06:56:46Z INFO [45/500] 74efa443-73c5-42ed-9c22-39db12d3343e: 48 chunks; 1.3 s; peak memory 522 MiB.
2026-10-10T06:56:48Z INFO [46/500] 74f0a1ed-95e9-4e91-a886-ebc84ba8c45a: 48 chunks; 1.2 s; peak memory 522 MiB.
2026-10-10T06:56:50Z INFO [47/500] 74f0d8f0-c091-4721-8e2d-09fb37dc7eb8: 66 chunks; 2.0 s; peak memory 522 MiB.
2026-10-10T06:56:51Z INFO [48/500] 74f10462-d768-455c-b96f-1d732305ce94: 48 chunks; 1.2 s; peak memory 522 MiB.
2026-10-10T06:57:03Z INFO [49/500] 74f1b061-0a1c-4afb-8495-0ee0e55eea26: 19632 chunks; 12.5 s; peak memory 522 MiB.
2026-10-10T06:57:15Z INFO [50/500] 74f2187f-c5a8-457e-8914-018c334d5085: 25270 chunks; 11.5 s; peak memory 522 MiB.
2026-10-10T06:57:15Z INFO [50/500] 74f2187f-c5a8-457e-8914-018c334d5085: checkpointed 103384 new records.
2026-10-10T06:57:17Z INFO [51/500] 74f2216f-79ad-477a-b65c-587720f89f07: 48 chunks; 1.3 s; peak memory 522 MiB.
2026-10-10T06:57:18Z INFO [52/500] 74f25491-6ebc-46b9-a5eb-c1d48529e30e: 51 chunks; 1.8 s; peak memory 522 MiB.
2026-10-10T06:57:19Z INFO [53/500] 74f26148-af06-49b4-aa84-f581ac37be3e: 37 chunks; 1.0 s; peak memory 522 MiB.
2026-10-10T06:57:21Z INFO [54/500] 74f27c26-9c27-4dac-a752-499e9d3ca49b: 117 chunks; 1.6 s; peak memory 522 MiB.
2026-10-10T06:57:23Z INFO [55/500] 74f2bad9-289a-43ed-ad22-f04bff9b94b7: 112 chunks; 2.0 s; peak memory 522 MiB.
2026-10-10T06:57:25Z INFO [56/500] 74f31fdf-fa45-4b17-94cb-45d7b8f9ef53: 117 chunks; 1.6 s; peak memory 522 MiB.
2026-10-10T06:57:26Z INFO [57/500] 74f34ed8-4a7b-4097-9bee-283679edebbf: 117 chunks; 1.6 s; peak memory 522 MiB.
2026-10-10T06:59:34Z INFO [58/500] 74f48eaa-696e-42c2-b27b-95697742c94f: 37711 chunks; 128.0 s; peak memory 522 MiB.
2026-10-10T06:59:36Z INFO [59/500] 74f4b9da-0bb9-440d-b8af-24e16ae74538: 122 chunks; 1.5 s; peak memory 522 MiB.
2026-10-10T06:59:37Z INFO [60/500] 74f50453-e98a-4498-aa4f-1af9b72bed07: 117 chunks; 1.7 s; peak memory 522 MiB.
2026-10-10T06:59:39Z INFO [61/500] 74f55fd5-ddfe-48f1-9538-36a2fea731a5: 67 chunks; 1.6 s; peak memory 522 MiB.
2026-10-10T06:59:40Z INFO [62/500] 74f5d832-3596-4904-9966-771bbb0a4933: 72 chunks; 1.2 s; peak memory 522 MiB.
2026-10-10T06:59:43Z INFO [63/500] 74f61d21-7822-4ba7-b721-307934b728d8: 116 chunks; 3.2 s; peak memory 522 MiB.
2026-10-10T06:59:45Z INFO [64/500] 74f6e6e2-1b3b-48ae-aed8-e48613e3830b: 118 chunks; 1.6 s; peak memory 522 MiB.
2026-10-10T07:00:01Z INFO [65/500] 74f6f2f6-0ce9-452e-9a66-fc128311739d: 15696 chunks; 16.0 s; peak memory 522 MiB.
2026-10-10T07:00:17Z INFO [66/500] 74f73d5f-5037-4ccf-9285-4ac2d250e17e: 22439 chunks; 16.4 s; peak memory 522 MiB.
2026-10-10T07:00:19Z INFO [67/500] 74f76288-d4ba-4957-8dfb-b3895837414b: 117 chunks; 1.8 s; peak memory 522 MiB.
2026-10-10T07:00:22Z INFO [68/500] 74f7de56-3406-4aa9-b293-ca5b34b6fb90: 933 chunks; 2.7 s; peak memory 522 MiB.
2026-10-10T07:00:24Z INFO [69/500] 74f861eb-953e-4534-8e2b-2accae7bed47: 118 chunks; 1.7 s; peak memory 522 MiB.
2026-10-10T07:00:25Z INFO [70/500] 74f9e1b1-0622-4ef6-9023-52d55bc390e2: 112 chunks; 1.6 s; peak memory 522 MiB.
2026-10-10T07:00:27Z INFO [71/500] 74fa6a8f-dccf-4616-aa00-3dc4305e76e7: 69 chunks; 1.8 s; peak memory 522 MiB.
2026-10-10T07:00:29Z INFO [72/500] 74fc619b-fff3-4cd7-833c-741f44bccca2: 78 chunks; 2.2 s; peak memory 522 MiB.
2026-10-10T07:00:33Z INFO [73/500] 74fcd2c3-1a10-4ad8-9129-a4d35065a965: 156 chunks; 3.8 s; peak memory 522 MiB.
2026-10-10T07:00:51Z INFO [74/500] 74fce6a1-c8bb-46c0-9703-ca1ee6c3b42b: 10243 chunks; 18.1 s; peak memory 522 MiB.
2026-10-10T07:00:52Z INFO [75/500] 74fcf8cf-ed5b-4892-8951-77294bb4efb6: 142 chunks; 1.4 s; peak memory 522 MiB.
2026-10-10T07:00:54Z INFO [76/500] 74fd17d9-3476-40de-8217-5a6dc380cd07: 48 chunks; 1.4 s; peak memory 522 MiB.
2026-10-10T07:08:43Z INFO [77/500] 74fd3600-90dc-4025-9ef3-81042d4e3f3a: 158265 chunks; 469.2 s; peak memory 769 MiB.
2026-10-10T07:08:45Z INFO [78/500] 74fe4c22-ebd6-4d51-9e43-ad23fd853a43: 112 chunks; 1.9 s; peak memory 769 MiB.
2026-10-10T07:08:59Z INFO [79/500] 74fe9be6-3ddd-45b8-9d0c-3bc9c040c03e: 1245 chunks; 13.7 s; peak memory 769 MiB.
2026-10-10T07:09:11Z INFO [80/500] 74ffe1bb-c797-46d6-a5b6-b528d146c7d6: 2656 chunks; 11.8 s; peak memory 769 MiB.
2026-10-10T07:09:12Z INFO [81/500] 7500aa93-5c02-43d1-9f55-6569cec35796: 92 chunks; 1.8 s; peak memory 769 MiB.
2026-10-10T07:09:14Z INFO [82/500] 75012036-7823-4dad-acbb-2f9e247c8911: 48 chunks; 1.3 s; peak memory 769 MiB.
2026-10-10T07:09:28Z INFO [83/500] 75016031-e0a8-439a-bc46-cc96a9c15170: 2199 chunks; 14.2 s; peak memory 769 MiB.
2026-10-10T07:09:29Z INFO [84/500] 750342a8-0813-40c9-a857-b16a2d9be4b4: 117 chunks; 1.5 s; peak memory 769 MiB.
2026-10-10T07:09:31Z INFO [85/500] 7503587c-2ccf-47cf-877a-107fb5d4023e: 117 chunks; 1.7 s; peak memory 769 MiB.
2026-10-10T07:09:32Z INFO [86/500] 75039738-676c-4c33-a321-af903e83c713: 31 chunks; 1.0 s; peak memory 769 MiB.
2026-10-10T07:09:35Z INFO [87/500] 75042eeb-b859-4145-bfbe-d647957a5b24: 125 chunks; 2.8 s; peak memory 769 MiB.
2026-10-10T07:10:05Z INFO [88/500] 750446c9-eebc-4268-b96b-f93d3f0e7d1f: 1710 chunks; 30.4 s; peak memory 769 MiB.
2026-10-10T07:10:09Z INFO [89/500] 7504a20c-31be-4048-9f9e-d45f269c5e89: 90 chunks; 3.6 s; peak memory 769 MiB.
2026-10-10T07:10:11Z INFO [90/500] 75050928-c0c0-459a-875c-898ced9c9bab: 62 chunks; 1.8 s; peak memory 769 MiB.
2026-10-10T07:10:12Z INFO [91/500] 75051ce1-1297-4617-a4c0-92f2ebf70ed3: 66 chunks; 1.7 s; peak memory 769 MiB.
2026-10-10T07:10:16Z INFO [92/500] 7505d090-6413-4b1d-9cee-248264961d90: 114 chunks; 3.1 s; peak memory 769 MiB.
2026-10-10T07:10:17Z INFO [93/500] 75071610-5c0d-4f5b-bcc9-0c23f921679d: 52 chunks; 1.5 s; peak memory 769 MiB.
2026-10-10T07:10:18Z INFO [94/500] 75075ccd-1a15-4494-9230-a352e45ca57a: 46 chunks; 1.2 s; peak memory 769 MiB.
2026-10-10T07:10:20Z INFO [95/500] 7507b316-62f9-421d-9ace-06b55760bbd5: 117 chunks; 1.7 s; peak memory 769 MiB.
2026-10-10T07:10:21Z INFO [96/500] 75082570-4214-4d8d-966b-3dbd1bb94c09: 59 chunks; 1.3 s; peak memory 769 MiB.
2026-10-10T07:10:23Z INFO [97/500] 7508dbf3-088e-49b8-9d33-61194fa47443: 142 chunks; 1.7 s; peak memory 769 MiB.
2026-10-10T07:10:24Z INFO [98/500] 75093417-f985-4714-b4e2-c76531d08da1: 48 chunks; 1.4 s; peak memory 769 MiB.
2026-10-10T07:10:26Z INFO [99/500] 7509372d-52fe-481a-bdc1-395bfe2e27b7: 116 chunks; 1.6 s; peak memory 769 MiB.
2026-10-10T07:10:27Z INFO [100/500] 75095943-2775-4dfe-8d98-ba520e37424e: 48 chunks; 1.3 s; peak memory 769 MiB.
2026-10-10T07:10:28Z INFO [100/500] 75095943-2775-4dfe-8d98-ba520e37424e: checkpointed 103434 new records.
2026-10-10T07:10:35Z INFO [101/500] 75096c65-01aa-49bc-98cf-634f2a09f96a: 7774 chunks; 7.0 s; peak memory 769 MiB.
2026-10-10T07:10:36Z INFO [102/500] 7509775b-324a-4fd7-abd3-1fc60641bf55: 48 chunks; 1.3 s; peak memory 769 MiB.
2026-10-10T07:10:37Z INFO [103/500] 750978d3-e689-4159-bea8-af408e67ed42: 117 chunks; 1.6 s; peak memory 769 MiB.
2026-10-10T07:10:40Z INFO [104/500] 7509f328-356b-4a25-82b9-6ac4649ad328: 343 chunks; 3.0 s; peak memory 769 MiB.
2026-10-10T07:10:42Z INFO [105/500] 750a3e48-501b-46ac-8b15-6d0e16427e31: 48 chunks; 1.2 s; peak memory 769 MiB.
2026-10-10T07:10:44Z INFO [106/500] 750bba60-a0a6-4a19-8644-dab34237f1c1: 71 chunks; 2.4 s; peak memory 769 MiB.
2026-10-10T07:10:49Z INFO [107/500] 750c2413-4df8-4471-a5b2-011cb617447c: 7478 chunks; 5.5 s; peak memory 769 MiB.
2026-10-10T07:10:51Z INFO [108/500] 750c5aa1-2017-4e4d-bdc8-080200ced56f: 48 chunks; 1.3 s; peak memory 769 MiB.
2026-10-10T07:10:52Z INFO [109/500] 750d1c70-e995-47fa-8771-1cc695daa4c2: 48 chunks; 1.3 s; peak memory 769 MiB.
2026-10-10T07:10:54Z INFO [110/500] 750d43be-b718-4050-ab2b-5f0d4245d237: 66 chunks; 1.8 s; peak memory 769 MiB.
2026-10-10T07:10:55Z INFO [111/500] 750e73e5-14fc-4e04-a96e-9ad2390e60b8: 48 chunks; 1.4 s; peak memory 769 MiB.
2026-10-10T07:10:57Z INFO [112/500] 750f1716-f999-4dc6-bc1f-b06ed042a490: 48 chunks; 1.4 s; peak memory 769 MiB.
2026-10-10T07:10:58Z INFO [113/500] 7510c9a7-ff97-48d4-94f0-02c22649211b: 48 chunks; 1.3 s; peak memory 769 MiB.
2026-10-10T07:12:29Z INFO [114/500] 75120f3c-c476-4eae-99e5-e8567beb2d6f: 28657 chunks; 90.8 s; peak memory 769 MiB.
2026-10-10T07:12:41Z INFO [115/500] 7512a1ef-ced0-4ffb-83f1-43482080b98b: 20583 chunks; 12.0 s; peak memory 769 MiB.
2026-10-10T07:12:42Z INFO [116/500] 7512d6f6-730b-444b-a380-0dfcc0688850: 48 chunks; 1.3 s; peak memory 769 MiB.
2026-10-10T07:12:51Z INFO [117/500] 751316d7-26a8-4ad3-9f43-6f9b65c1918e: 9771 chunks; 8.4 s; peak memory 769 MiB.
2026-10-10T07:13:02Z INFO [118/500] 751346a9-feaf-424c-ada8-ef3bb00a9e4a: 1053 chunks; 11.6 s; peak memory 769 MiB.
2026-10-10T07:13:04Z INFO [119/500] 75135a20-d488-40b6-b46a-59b6d2077120: 48 chunks; 1.5 s; peak memory 769 MiB.
2026-10-10T07:13:11Z INFO [120/500] 7513b958-0db9-480d-8ef6-c7f9ab63d0ba: 14889 chunks; 7.0 s; peak memory 769 MiB.
2026-10-10T07:13:12Z INFO [121/500] 7513e458-2b08-4c40-a315-6502acf9e469: 117 chunks; 1.6 s; peak memory 769 MiB.
2026-10-10T07:13:14Z INFO [122/500] 75144a29-8fef-48d6-9308-c45c8604481c: 303 chunks; 1.9 s; peak memory 769 MiB.
2026-10-10T07:13:16Z INFO [123/500] 75148ec6-7ec4-4585-a07e-f708bdce46fb: 553 chunks; 1.9 s; peak memory 769 MiB.
2026-10-10T07:13:18Z INFO [124/500] 75156acc-30e6-4904-a457-cf7cb1587e93: 116 chunks; 1.6 s; peak memory 769 MiB.
2026-10-10T07:13:19Z INFO [125/500] 75158cb8-d755-4d20-81af-a1c775badd77: 117 chunks; 1.7 s; peak memory 769 MiB.
2026-10-10T07:13:21Z INFO [126/500] 751590ab-b05a-4765-b27b-45193ed829a6: 112 chunks; 1.9 s; peak memory 769 MiB.
2026-10-10T07:13:23Z INFO [127/500] 7515ddd4-41d6-4e42-9d66-4e917b111096: 112 chunks; 1.6 s; peak memory 769 MiB.
2026-10-10T07:13:29Z INFO [128/500] 7515e916-caea-4753-af05-040db77114c5: 308 chunks; 5.8 s; peak memory 769 MiB.
2026-10-10T07:13:30Z INFO [129/500] 75160b84-c12b-43c1-a8dc-b27e4f828b96: 60 chunks; 1.7 s; peak memory 769 MiB.
2026-10-10T07:13:32Z INFO [130/500] 7516de07-f6e8-402a-8385-4c20c310318f: 48 chunks; 1.2 s; peak memory 769 MiB.
2026-10-10T07:13:33Z INFO [131/500] 7516eaf7-88cd-4ca1-b259-576ee6a1054a: 48 chunks; 1.3 s; peak memory 769 MiB.
2026-10-10T07:13:34Z INFO [132/500] 75179308-ac7d-4c2f-84e1-c60ef1c51319: 69 chunks; 1.1 s; peak memory 769 MiB.
2026-10-10T07:13:35Z INFO [133/500] 7517b388-0494-42a4-87bd-c6d8e9a4d5b9: 52 chunks; 1.4 s; peak memory 769 MiB.
2026-10-10T07:13:36Z INFO [134/500] 751829dd-0c26-4872-b24d-ef5061bd8f40: 46 chunks; 1.0 s; peak memory 769 MiB.
2026-10-10T07:13:38Z INFO [135/500] 7518b29d-c0db-46a4-b7ef-4b256b0d644e: 41 chunks; 1.2 s; peak memory 769 MiB.
2026-10-10T07:13:39Z INFO [136/500] 75196855-5e1d-455e-b663-61c1fcb0fb88: 52 chunks; 1.4 s; peak memory 769 MiB.
2026-10-10T07:16:04Z INFO [137/500] 75196c9a-d7b4-4d3b-8f8b-07c7d8c26564: 42577 chunks; 145.3 s; peak memory 769 MiB.
2026-10-10T07:16:05Z INFO [138/500] 75197ed7-19b7-4b0e-b6a3-a608237a4532: 48 chunks; 1.2 s; peak memory 769 MiB.
2026-10-10T07:16:07Z INFO [139/500] 75198180-f6a8-49f7-b712-ffd1a34c20d0: 46 chunks; 1.2 s; peak memory 769 MiB.
2026-10-10T07:16:17Z INFO [140/500] 7519bf6a-e3b3-439b-b2dc-57dbfcb31fee: 1053 chunks; 10.4 s; peak memory 769 MiB.
2026-10-10T07:16:19Z INFO [141/500] 751a4f8b-c966-4c0b-ad8a-d0f210b063e8: 66 chunks; 2.0 s; peak memory 769 MiB.
2026-10-10T07:16:43Z INFO [142/500] 751ab042-6692-4697-a790-76635c659ae6: 10034 chunks; 24.1 s; peak memory 769 MiB.
2026-10-10T07:16:45Z INFO [143/500] 751adde9-f3c2-4604-8981-c205df05fa22: 116 chunks; 1.8 s; peak memory 769 MiB.
2026-10-10T07:16:46Z INFO [144/500] 751b85db-06ba-495a-8e6e-de72eb010e85: 48 chunks; 1.3 s; peak memory 769 MiB.
2026-10-10T07:16:48Z INFO [145/500] 751c0d0b-4194-4de4-b0be-0313b971d656: 112 chunks; 2.1 s; peak memory 769 MiB.
2026-10-10T07:16:50Z INFO [146/500] 751c4560-f077-43ad-a39a-fb68ebb22a79: 122 chunks; 1.6 s; peak memory 769 MiB.
2026-10-10T07:16:51Z INFO [147/500] 751c956b-3676-4d6a-a72a-a74c899e017a: 41 chunks; 1.2 s; peak memory 769 MiB.
2026-10-10T07:16:52Z INFO [148/500] 751d8b8b-d777-4829-abe3-e50a20f8ed8d: 48 chunks; 1.3 s; peak memory 769 MiB.
2026-10-10T07:16:54Z INFO [149/500] 751e394e-3981-4a36-a3c3-5129770f85d5: 48 chunks; 1.3 s; peak memory 769 MiB.
2026-10-10T07:19:32Z INFO [150/500] 751e4c51-17b7-4594-b1ae-874bb74075fe: 42740 chunks; 158.1 s; peak memory 769 MiB.
2026-10-10T07:19:32Z INFO [150/500] 751e4c51-17b7-4594-b1ae-874bb74075fe: checkpointed 103484 new records.
2026-10-10T07:19:49Z INFO [151/500] 751eec9b-b02a-4f5f-911d-a2cea5dde6be: 11704 chunks; 16.7 s; peak memory 769 MiB.
2026-10-10T07:19:51Z INFO [152/500] 751fec7e-619d-424d-b2a2-a597e2bc6518: 153 chunks; 1.9 s; peak memory 769 MiB.
2026-10-10T07:22:06Z INFO [153/500] 75202e42-fa61-4b66-b111-e2f867e85178: 37886 chunks; 135.4 s; peak memory 769 MiB.
2026-10-10T07:22:08Z INFO [154/500] 75204d2a-0232-43c4-8be6-236ef3556d68: 117 chunks; 1.7 s; peak memory 769 MiB.
2026-10-10T07:22:09Z INFO [155/500] 75212f23-9a21-4673-88a6-e511ea3d0a06: 106 chunks; 1.5 s; peak memory 769 MiB.
2026-10-10T07:22:11Z INFO [156/500] 75213082-6ca5-423a-8ba1-a8e556370af6: 117 chunks; 1.7 s; peak memory 769 MiB.
2026-10-10T07:22:12Z INFO [157/500] 75213c87-fca1-4bff-b9f9-f73e85d9577d: 52 chunks; 1.5 s; peak memory 769 MiB.
2026-10-10T07:22:22Z INFO [158/500] 7521aa3a-e40a-4a93-81cf-685a742b481e: 16801 chunks; 9.9 s; peak memory 769 MiB.
2026-10-10T07:22:26Z INFO [159/500] 7524588a-eb15-4b2f-820e-1f1224cd126e: 152 chunks; 3.5 s; peak memory 769 MiB.
2026-10-10T07:22:29Z INFO [160/500] 752473d8-7425-4244-9144-0861b75ee37e: 1085 chunks; 3.0 s; peak memory 769 MiB.
2026-10-10T07:22:30Z INFO [161/500] 752499fa-9d38-452a-b855-c8eae3374512: 45 chunks; 1.1 s; peak memory 769 MiB.
2026-10-10T07:22:33Z INFO [162/500] 7524c3ee-c9de-451c-a2e5-9df9cf6cde3e: 1080 chunks; 3.1 s; peak memory 769 MiB.
2026-10-10T07:22:34Z INFO [163/500] 752543a6-9afb-4fbc-bfc4-aa21b5b11bd9: 54 chunks; 1.0 s; peak memory 769 MiB.
2026-10-10T07:22:35Z INFO [164/500] 75254894-a1e0-49e2-88fb-7e42f439878b: 46 chunks; 1.1 s; peak memory 769 MiB.
2026-10-10T07:22:37Z INFO [165/500] 7525589c-eb33-44ba-b2de-bab23cc4438d: 110 chunks; 2.2 s; peak memory 769 MiB.
2026-10-10T07:22:45Z INFO [166/500] 75257edf-9e65-40f6-969a-2a0a2a581c90: 2923 chunks; 8.1 s; peak memory 769 MiB.
2026-10-10T07:23:13Z INFO [167/500] 75258296-60cb-4f69-b8b9-6397dc174560: 6576 chunks; 27.4 s; peak memory 769 MiB.
2026-10-10T07:23:14Z INFO [168/500] 7525a4ac-3c38-4e87-9f74-1422111c6560: 112 chunks; 1.7 s; peak memory 769 MiB.
2026-10-10T07:23:21Z INFO [169/500] 7526166d-1f37-4a3a-b9c7-aac30b79173b: 278 chunks; 6.5 s; peak memory 769 MiB.
2026-10-10T07:23:23Z INFO [170/500] 75264d0d-065f-4142-b250-c0e087000512: 116 chunks; 1.7 s; peak memory 769 MiB.
2026-10-10T07:23:25Z INFO [171/500] 752666f7-ec5f-4348-9cbc-23543cb4974d: 99 chunks; 2.2 s; peak memory 769 MiB.
2026-10-10T07:23:35Z INFO [172/500] 7527074d-8b13-4a82-978f-dbb5132a8d92: 880 chunks; 10.7 s; peak memory 769 MiB.
2026-10-10T07:23:37Z INFO [173/500] 75279b00-a109-4973-bc6f-77c5f4eea37c: 48 chunks; 1.2 s; peak memory 769 MiB.
2026-10-10T07:23:38Z INFO [174/500] 7527f989-1880-47e8-874b-4812dbd3d107: 66 chunks; 1.7 s; peak memory 769 MiB.
2026-10-10T07:23:40Z INFO [175/500] 75285cec-4eda-485c-9e80-38b325f559ae: 48 chunks; 1.2 s; peak memory 769 MiB.
2026-10-10T07:23:43Z INFO [176/500] 75287c82-7a54-4a1d-9290-9e90a42ead02: 115 chunks; 3.5 s; peak memory 769 MiB.
2026-10-10T07:23:45Z INFO [177/500] 75288ae9-ad3d-4c83-b7cf-4d0b09aea275: 592 chunks; 2.0 s; peak memory 769 MiB.
2026-10-10T07:23:49Z INFO [178/500] 7528b5f7-7705-424d-bfdf-854240286003: 115 chunks; 3.4 s; peak memory 769 MiB.
2026-10-10T07:23:50Z INFO [179/500] 75290a7c-4e4d-42de-bb0b-4453aacf451a: 46 chunks; 1.4 s; peak memory 769 MiB.
2026-10-10T07:23:52Z INFO [180/500] 75297e52-728c-4ac2-985e-e6779b4bb393: 69 chunks; 2.1 s; peak memory 769 MiB.
2026-10-10T07:23:53Z INFO [181/500] 752b83aa-db35-4d56-9997-9394a30fd16a: 50 chunks; 1.4 s; peak memory 769 MiB.
2026-10-10T07:23:57Z INFO [182/500] 752ba4fb-eaae-403f-ba45-b2647263ef49: 115 chunks; 3.1 s; peak memory 769 MiB.
2026-10-10T07:23:58Z INFO [183/500] 752bee94-31f1-4eb4-ad45-894ca2f6e327: 109 chunks; 1.9 s; peak memory 769 MiB.
2026-10-10T07:24:00Z INFO [184/500] 752c5f14-bd94-48bf-9ffb-ca3b1f91c83d: 48 chunks; 1.2 s; peak memory 769 MiB.
2026-10-10T07:24:01Z INFO [185/500] 752c6aa9-1593-407f-86a6-86634e3a1b10: 63 chunks; 1.2 s; peak memory 769 MiB.
2026-10-10T07:24:03Z INFO [186/500] 752cf881-f3a8-4abd-9fba-9952fbf9bb30: 117 chunks; 1.6 s; peak memory 769 MiB.
2026-10-10T07:24:04Z INFO [187/500] 752d6af4-b3b5-4eb7-b938-af1464ff53f3: 46 chunks; 1.0 s; peak memory 769 MiB.
2026-10-10T07:24:05Z INFO [188/500] 752db767-a50c-455d-ae55-a6636aef85ae: 127 chunks; 1.4 s; peak memory 769 MiB.
2026-10-10T07:24:07Z INFO [189/500] 752e19aa-1937-4f18-a9a5-66f422afeb4a: 118 chunks; 1.9 s; peak memory 769 MiB.
2026-10-10T07:24:10Z INFO [190/500] 752f78c7-dcd3-4fe4-8354-789ba412c4a9: 123 chunks; 3.6 s; peak memory 769 MiB.
2026-10-10T07:24:12Z INFO [191/500] 7530283a-5f15-4241-a153-333cbac99a3c: 48 chunks; 1.4 s; peak memory 769 MiB.
2026-10-10T07:24:14Z INFO [192/500] 7531fdc8-9d55-41ef-a7f3-fa753b0e5292: 116 chunks; 1.7 s; peak memory 769 MiB.
2026-10-10T07:24:15Z INFO [193/500] 7532c141-56e1-4e02-949a-9223f4a9cb0d: 99 chunks; 1.2 s; peak memory 769 MiB.
2026-10-10T07:24:16Z INFO [194/500] 753332f7-d5eb-4b72-82fc-29b648e099e6: 48 chunks; 1.3 s; peak memory 769 MiB.
2026-10-10T07:24:20Z INFO [195/500] 7533e952-acdb-4b46-8136-33efaf7f079c: 156 chunks; 4.0 s; peak memory 769 MiB.
2026-10-10T07:24:23Z INFO [196/500] 7534c0d4-a068-4afb-a879-06befc19f43a: 158 chunks; 2.5 s; peak memory 769 MiB.
2026-10-10T07:24:24Z INFO [197/500] 7534d237-0049-4467-a12e-0279332c5f98: 66 chunks; 1.8 s; peak memory 769 MiB.
2026-10-10T07:24:26Z INFO [198/500] 75358f9b-cfb0-464b-a2b0-f98180a17cc9: 66 chunks; 1.9 s; peak memory 769 MiB.
2026-10-10T07:24:30Z INFO [199/500] 75365233-7520-40bb-a689-030ee9f74d45: 612 chunks; 3.6 s; peak memory 769 MiB.
2026-10-10T07:24:32Z INFO [200/500] 75373383-3243-45b0-982a-b554ed8b7fca: 117 chunks; 1.7 s; peak memory 769 MiB.
2026-10-10T07:24:32Z INFO [200/500] 75373383-3243-45b0-982a-b554ed8b7fca: checkpointed 103534 new records.
2026-10-10T07:24:33Z INFO [201/500] 7537a2e9-aaff-43d8-82a4-679979478ed1: 48 chunks; 1.3 s; peak memory 769 MiB.
2026-10-10T07:24:35Z INFO [202/500] 75393c5c-c8a3-4d81-8ce3-3179382e5009: 112 chunks; 1.4 s; peak memory 769 MiB.
2026-10-10T07:24:36Z INFO [203/500] 7539dafb-8444-4099-8d87-895390938c2d: 62 chunks; 1.8 s; peak memory 769 MiB.
2026-10-10T07:24:38Z INFO [204/500] 7539fcf8-c214-4ff2-9466-246e8ae2a8c4: 48 chunks; 1.4 s; peak memory 769 MiB.
2026-10-10T07:24:39Z INFO [205/500] 753aae72-561b-4cec-a2f2-c383196a1c1b: 72 chunks; 1.2 s; peak memory 769 MiB.
2026-10-10T07:24:40Z INFO [206/500] 753acf4d-bf26-44f4-8649-4cce8cc841b0: 74 chunks; 1.5 s; peak memory 769 MiB.
2026-10-10T07:24:44Z INFO [207/500] 753af55f-4012-433d-8693-00b6c12413ab: 154 chunks; 3.7 s; peak memory 769 MiB.
2026-10-10T07:24:47Z INFO [208/500] 753b6335-ed7f-4107-aca5-89cbb8aaf3e6: 154 chunks; 3.1 s; peak memory 769 MiB.
2026-10-10T07:24:49Z INFO [209/500] 753c0f4e-f955-406a-8911-d57edc9e9f00: 294 chunks; 1.3 s; peak memory 769 MiB.
2026-10-10T07:24:50Z INFO [210/500] 753c362f-b5ae-44a7-908c-ba695091485b: 48 chunks; 1.2 s; peak memory 769 MiB.
2026-10-10T07:24:51Z INFO [211/500] 753c7821-b654-4221-9421-744d243dd671: 46 chunks; 1.2 s; peak memory 769 MiB.
2026-10-10T07:24:53Z INFO [212/500] 753d7c9e-360d-42eb-8c09-1fb414a71f1b: 66 chunks; 2.0 s; peak memory 769 MiB.
2026-10-10T07:24:54Z INFO [213/500] 753db498-ca8f-49aa-9865-e200eb0a18e1: 48 chunks; 1.3 s; peak memory 769 MiB.
2026-10-10T07:24:57Z INFO [214/500] 753dbd9f-b510-401c-95f3-4f5921b2d7e8: 71 chunks; 2.3 s; peak memory 769 MiB.
2026-10-10T07:24:58Z INFO [215/500] 753dd791-09eb-47fa-a474-df674ef42bc6: 117 chunks; 1.5 s; peak memory 769 MiB.
2026-10-10T07:25:00Z INFO [216/500] 753de828-c3c1-4d0b-b092-2c5d231e98a5: 110 chunks; 2.3 s; peak memory 769 MiB.
2026-10-10T07:25:03Z INFO [217/500] 753f4c88-a71f-4a7f-afe0-4ec26fe34e88: 71 chunks; 2.7 s; peak memory 769 MiB.
2026-10-10T07:25:04Z INFO [218/500] 75400206-55ef-41f8-ae2e-f4a1c8bfa29f: 84 chunks; 1.4 s; peak memory 769 MiB.
2026-10-10T07:25:06Z INFO [219/500] 754042de-c264-4d53-8fde-586ff4992177: 66 chunks; 1.8 s; peak memory 769 MiB.
2026-10-10T07:25:07Z INFO [220/500] 7541321d-bf88-4ea6-958f-f26ec4fca9e6: 21 chunks; 1.0 s; peak memory 769 MiB.
2026-10-10T07:25:09Z INFO [221/500] 75419f5c-674c-45d0-9963-e4ea3b2c64f4: 62 chunks; 1.9 s; peak memory 769 MiB.
2026-10-10T07:25:11Z INFO [222/500] 75424f55-8425-4de4-bd4a-40b5b6873bda: 112 chunks; 1.8 s; peak memory 769 MiB.
2026-10-10T07:25:13Z INFO [223/500] 7543402b-8c53-4c0d-a64f-886b5027788e: 118 chunks; 1.8 s; peak memory 769 MiB.
2026-10-10T07:25:14Z INFO [224/500] 754391d4-fd29-47f8-a026-3f82fdfaa99b: 46 chunks; 1.0 s; peak memory 769 MiB.
2026-10-10T07:25:15Z INFO [225/500] 75439d8b-cca6-48cb-9280-804405aa161d: 63 chunks; 1.4 s; peak memory 769 MiB.
2026-10-10T07:25:33Z INFO [226/500] 7543c9a3-537c-4d10-beed-c4e6a013c180: 8232 chunks; 17.7 s; peak memory 769 MiB.
2026-10-10T07:25:34Z INFO [227/500] 754534a5-553d-4793-8fb7-5c2e273d1e22: 106 chunks; 1.5 s; peak memory 769 MiB.
2026-10-10T07:25:36Z INFO [228/500] 7545d0ab-e118-48d7-a85e-a95d0f21da98: 48 chunks; 1.5 s; peak memory 769 MiB.
2026-10-10T07:25:37Z INFO [229/500] 75461cbe-9f8a-463b-99a0-5173f8381b93: 110 chunks; 1.7 s; peak memory 769 MiB.
2026-10-10T07:25:39Z INFO [230/500] 754627c9-3e55-4377-9acf-97328ef85789: 48 chunks; 1.2 s; peak memory 769 MiB.
2026-10-10T07:25:44Z INFO [231/500] 7547b7ae-26e7-4616-a77c-69be0e06e0e1: 3111 chunks; 4.9 s; peak memory 769 MiB.
2026-10-10T07:25:45Z INFO [232/500] 754a296e-02e0-4879-bac2-8ee5594b560e: 116 chunks; 1.7 s; peak memory 769 MiB.
2026-10-10T07:25:47Z INFO [233/500] 754a45a1-1b2d-4871-98de-5220d4322cea: 142 chunks; 1.7 s; peak memory 769 MiB.
2026-10-10T07:25:48Z INFO [234/500] 754c9447-8ebc-473e-a98f-9779ab004cfc: 52 chunks; 1.4 s; peak memory 769 MiB.
2026-10-10T07:25:50Z INFO [235/500] 754ceaba-d32d-4e30-b7d9-6fed938f3e06: 69 chunks; 1.8 s; peak memory 769 MiB.
2026-10-10T07:26:01Z INFO [236/500] 754d2e7e-4269-4e48-8dae-e17a50076743: 391 chunks; 10.6 s; peak memory 769 MiB.
2026-10-10T07:26:02Z INFO [237/500] 754e1c73-d17a-4709-8d92-bd8e45479097: 45 chunks; 1.0 s; peak memory 769 MiB.
2026-10-10T07:26:04Z INFO [238/500] 754e372c-9155-4550-9513-9057a5c10eca: 112 chunks; 2.0 s; peak memory 769 MiB.
2026-10-10T07:26:18Z INFO [239/500] 754ee856-c84b-4a82-95ad-839e7fcdaefd: 24873 chunks; 14.3 s; peak memory 769 MiB.
2026-10-10T07:26:32Z INFO [240/500] 754feac4-9cd6-443a-9e53-8499eef7c135: 324 chunks; 14.2 s; peak memory 769 MiB.
2026-10-10T07:26:34Z INFO [241/500] 75518530-aaed-4170-bb34-1b5bf1d9c7e9: 48 chunks; 1.4 s; peak memory 769 MiB.
2026-10-10T07:26:35Z INFO [242/500] 7551f921-815b-4fd0-9669-634113a3bb56: 82 chunks; 1.6 s; peak memory 769 MiB.
2026-10-10T07:26:50Z INFO [243/500] 75525096-e9cb-4385-86d9-a69afd581d05: 18035 chunks; 14.3 s; peak memory 769 MiB.
2026-10-10T07:26:59Z INFO [244/500] 75546b79-b17f-4339-a3aa-7585c9705e70: 12649 chunks; 9.6 s; peak memory 769 MiB.
2026-10-10T07:27:01Z INFO [245/500] 7554d8c0-50ce-44c6-9a67-a8f4c8230e18: 84 chunks; 1.7 s; peak memory 769 MiB.
2026-10-10T07:27:04Z INFO [246/500] 75557e7d-5cf4-4872-a599-c516994b6d33: 119 chunks; 3.3 s; peak memory 769 MiB.
2026-10-10T07:27:05Z INFO [247/500] 7555f4b6-7713-44f4-af58-ce4e3bf7dd9c: 48 chunks; 1.3 s; peak memory 769 MiB.
2026-10-10T07:27:08Z INFO [248/500] 7555f584-f5e2-4b40-8609-991f99623b6f: 104 chunks; 2.2 s; peak memory 769 MiB.
2026-10-10T07:27:13Z INFO [249/500] 755612ff-d1a7-44cc-b4ec-746bcc129009: 2859 chunks; 4.9 s; peak memory 769 MiB.
2026-10-10T07:27:14Z INFO [250/500] 7556694e-2f7c-4fd0-84e9-468e62e34c7f: 69 chunks; 1.9 s; peak memory 769 MiB.
2026-10-10T07:27:15Z INFO [250/500] 7556694e-2f7c-4fd0-84e9-468e62e34c7f: checkpointed 103584 new records.
2026-10-10T07:27:16Z INFO [251/500] 7556d897-28dd-42d5-8f19-3403f947ccc6: 46 chunks; 1.3 s; peak memory 769 MiB.
2026-10-10T07:27:17Z INFO [252/500] 7556ec1f-fc0b-4771-82c2-486583b19b28: 48 chunks; 1.2 s; peak memory 769 MiB.
2026-10-10T07:27:19Z INFO [253/500] 75575843-a32c-4cb0-9472-6b95815ce892: 69 chunks; 1.7 s; peak memory 769 MiB.
2026-10-10T07:27:21Z INFO [254/500] 75580553-63a8-4ff8-85bb-6aee2be4c7a4: 71 chunks; 1.7 s; peak memory 769 MiB.
2026-10-10T07:27:23Z INFO [255/500] 75581f8d-5a4b-4de4-9231-6ff18b46a46f: 62 chunks; 1.9 s; peak memory 769 MiB.
2026-10-10T07:27:24Z INFO [256/500] 7558c01e-9916-4b29-92bb-fe3eef79cfca: 48 chunks; 1.3 s; peak memory 769 MiB.
2026-10-10T07:27:25Z INFO [257/500] 7559265d-ba9a-4602-97f0-ea2bbb68803a: 48 chunks; 1.3 s; peak memory 769 MiB.
2026-10-10T07:27:27Z INFO [258/500] 755a6973-ceae-4d4d-a0b8-3e13276f3653: 112 chunks; 1.8 s; peak memory 769 MiB.
2026-10-10T07:27:29Z INFO [259/500] 755b8daa-42dc-4ffe-b20f-bd9aade50b58: 109 chunks; 1.9 s; peak memory 769 MiB.
2026-10-10T07:27:46Z INFO [260/500] 755bc401-dfbe-471f-affd-fabd2f8b9cf8: 363 chunks; 17.4 s; peak memory 769 MiB.
2026-10-10T07:27:54Z INFO [261/500] 755c7b0b-aac8-4e0d-9ca6-6e1950b58d77: 2923 chunks; 7.4 s; peak memory 769 MiB.
2026-10-10T07:27:56Z INFO [262/500] 755cb00b-9b37-49ae-931a-579c0f53b12f: 364 chunks; 2.5 s; peak memory 769 MiB.
2026-10-10T07:27:57Z INFO [263/500] 755d1828-cbe6-481f-9350-7bfe81e4a641: 48 chunks; 1.2 s; peak memory 769 MiB.
2026-10-10T07:27:59Z INFO [264/500] 755d73a5-a347-4c8a-b2ab-6379abc5f451: 48 chunks; 1.3 s; peak memory 769 MiB.
2026-10-10T07:28:00Z INFO [265/500] 755dd88d-cf3c-4626-a02e-03464a01af63: 132 chunks; 1.2 s; peak memory 769 MiB.
2026-10-10T07:28:01Z INFO [266/500] 755e7432-a600-4b7b-a965-674704eec571: 117 chunks; 1.4 s; peak memory 769 MiB.
2026-10-10T07:28:05Z INFO [267/500] 755f4f69-55c2-4e8b-b824-6231d1a37e71: 118 chunks; 3.2 s; peak memory 769 MiB.
2026-10-10T07:28:06Z INFO [268/500] 755fe5a7-fe74-4fe1-8874-6b2ed6e56d75: 52 chunks; 1.1 s; peak memory 769 MiB.
2026-10-10T07:28:07Z INFO [269/500] 7560037c-e90a-4947-a3d6-a3b45ec6f7c8: 48 chunks; 1.3 s; peak memory 769 MiB.
2026-10-10T07:28:12Z INFO [270/500] 756042a4-0dbd-4d86-853e-e661cfa1d343: 1860 chunks; 4.6 s; peak memory 769 MiB.
2026-10-10T07:28:13Z INFO [271/500] 7560aa63-f530-4780-95dc-a9bcb9dc47d8: 48 chunks; 1.3 s; peak memory 769 MiB.
2026-10-10T07:28:32Z INFO [272/500] 7560bfe3-7206-4bd6-852c-4052886815f2: 26263 chunks; 18.5 s; peak memory 769 MiB.
2026-10-10T07:28:34Z INFO [273/500] 756176e7-c36e-4f78-b419-40a140ca2235: 112 chunks; 2.4 s; peak memory 769 MiB.
2026-10-10T07:28:35Z INFO [274/500] 7561955a-6cbc-469c-ac52-df4cd0337729: 48 chunks; 1.4 s; peak memory 769 MiB.
2026-10-10T07:28:39Z INFO [275/500] 75619a5a-1ac7-4096-8905-35203c4f5e54: 114 chunks; 3.5 s; peak memory 769 MiB.
2026-10-10T07:28:40Z INFO [276/500] 7561f260-4b74-40e0-af80-8e4139000e32: 46 chunks; 1.1 s; peak memory 769 MiB.
2026-10-10T07:28:41Z INFO [277/500] 756216ee-39ac-4a7b-bca5-c8a40f2bfa6b: 292 chunks; 1.6 s; peak memory 769 MiB.
2026-10-10T07:28:44Z INFO [278/500] 75624119-4805-4d57-a3bc-ac142c9b4f97: 997 chunks; 3.0 s; peak memory 769 MiB.
2026-10-10T07:28:52Z INFO [279/500] 7562c7f9-5774-4b23-89e0-50b3a6e18f4e: 10880 chunks; 7.2 s; peak memory 769 MiB.
2026-10-10T07:28:54Z INFO [280/500] 7562cadc-df01-4ebc-a0cb-79e20bafb1a5: 119 chunks; 2.3 s; peak memory 769 MiB.
2026-10-10T07:28:56Z INFO [281/500] 75647e79-9665-4087-8a67-7574c6b5815e: 112 chunks; 1.9 s; peak memory 769 MiB.
2026-10-10T07:29:03Z INFO [282/500] 7564db1f-86bb-4771-9708-fba93e78b45a: 4950 chunks; 7.6 s; peak memory 769 MiB.
2026-10-10T07:29:05Z INFO [283/500] 7565d3fe-000f-4337-a322-526a1d2b177f: 112 chunks; 1.8 s; peak memory 769 MiB.
2026-10-10T07:29:07Z INFO [284/500] 75669bcd-a65c-4fde-a69f-2044f434e9d1: 69 chunks; 2.1 s; peak memory 769 MiB.
2026-10-10T07:29:09Z INFO [285/500] 7566b257-5960-4c10-978e-b3d9f3d64723: 112 chunks; 1.8 s; peak memory 769 MiB.
2026-10-10T07:29:20Z INFO [286/500] 7567e0c4-416a-4085-a6f2-1a2a85778774: 15265 chunks; 10.6 s; peak memory 769 MiB.
2026-10-10T07:29:21Z INFO [287/500] 7567fc00-ace4-4071-8b2a-371b7cb5fb78: 66 chunks; 1.6 s; peak memory 769 MiB.
2026-10-10T07:29:22Z INFO [288/500] 75693058-77a6-42ef-869b-82a3fcdd786b: 52 chunks; 1.1 s; peak memory 769 MiB.
2026-10-10T07:29:31Z INFO [289/500] 75695f96-1ede-44e6-9d81-7998719e12ab: 505 chunks; 8.8 s; peak memory 769 MiB.
2026-10-10T07:29:32Z INFO [290/500] 7569efcb-2b0d-4719-ba3b-f7c61ae81a89: 45 chunks; 1.1 s; peak memory 769 MiB.
2026-10-10T07:29:38Z INFO [291/500] 756a087f-694e-49eb-a78a-21cafa4d7589: 8958 chunks; 6.0 s; peak memory 769 MiB.
2026-10-10T07:29:40Z INFO [292/500] 756a6adb-7b8c-466c-a653-8d33a1201dcd: 62 chunks; 1.7 s; peak memory 769 MiB.
2026-10-10T07:29:42Z INFO [293/500] 756ab622-cc38-4090-b24a-48facc2ba86d: 116 chunks; 1.6 s; peak memory 769 MiB.
2026-10-10T07:30:05Z INFO [294/500] 756b7f66-a61a-45cb-8658-60553a128782: 5822 chunks; 23.2 s; peak memory 769 MiB.
2026-10-10T07:30:07Z INFO [295/500] 756bd670-383b-43fe-873f-7128f53911e7: 112 chunks; 1.9 s; peak memory 769 MiB.
2026-10-10T07:30:08Z INFO [296/500] 756c3a5a-86d9-408d-abf1-73c7ebf39f6a: 48 chunks; 1.3 s; peak memory 769 MiB.
2026-10-10T07:30:09Z INFO [297/500] 756cb480-4279-4c1a-811c-b64d737c6868: 48 chunks; 1.3 s; peak memory 769 MiB.
2026-10-10T07:30:29Z INFO [298/500] 756d15ff-7797-46b0-bd19-377fe1f56cef: 3445 chunks; 19.7 s; peak memory 769 MiB.
2026-10-10T07:30:30Z INFO [299/500] 756d53b1-a40e-4360-a718-c42464a86621: 48 chunks; 1.4 s; peak memory 769 MiB.
2026-10-10T07:30:32Z INFO [300/500] 756da060-c4d6-4d99-a6a0-5fae39debfea: 48 chunks; 1.3 s; peak memory 769 MiB.
2026-10-10T07:30:32Z INFO [300/500] 756da060-c4d6-4d99-a6a0-5fae39debfea: checkpointed 103634 new records.
2026-10-10T07:30:34Z INFO [301/500] 756f8db6-62c9-4b4f-a43d-875991582f5b: 64 chunks; 1.9 s; peak memory 769 MiB.
2026-10-10T07:30:36Z INFO [302/500] 756ffc77-0d86-4550-9a67-fee05c197014: 112 chunks; 1.8 s; peak memory 769 MiB.
2026-10-10T07:30:37Z INFO [303/500] 75710bc5-310d-4434-a0c8-3f42d357556f: 48 chunks; 1.5 s; peak memory 769 MiB.
2026-10-10T07:30:39Z INFO [304/500] 7571583c-06e0-4ca6-a800-6d041727f685: 70 chunks; 1.9 s; peak memory 769 MiB.
2026-10-10T07:30:41Z INFO [305/500] 757260ad-3862-4c84-8150-45f287294b8a: 112 chunks; 1.6 s; peak memory 769 MiB.
2026-10-10T07:30:43Z INFO [306/500] 75727987-5c38-434c-816d-b1904c97e297: 51 chunks; 1.9 s; peak memory 769 MiB.
2026-10-10T07:30:45Z INFO [307/500] 75748cb5-238b-493f-937e-b165509d604b: 69 chunks; 2.1 s; peak memory 769 MiB.
2026-10-10T07:30:52Z INFO [308/500] 75749cd6-d2f0-4081-bb3d-ef7a5d53f2c7: 9283 chunks; 6.9 s; peak memory 769 MiB.
2026-10-10T07:30:53Z INFO [309/500] 7575280b-e8bc-48db-8e21-7523696ec222: 46 chunks; 1.2 s; peak memory 769 MiB.
2026-10-10T07:31:08Z INFO [310/500] 75754e31-d994-4280-ace6-7033a54a7721: 3926 chunks; 15.3 s; peak memory 769 MiB.
2026-10-10T07:31:11Z INFO [311/500] 7578d5fc-3f41-4fce-a615-a78374b87690: 127 chunks; 2.8 s; peak memory 769 MiB.
2026-10-10T07:31:12Z INFO [312/500] 7579886b-76a2-4814-989b-65e60172ae9f: 43 chunks; 1.2 s; peak memory 769 MiB.
2026-10-10T07:31:14Z INFO [313/500] 757a49f5-b5fc-4b38-b7b5-20f00ee78d2c: 66 chunks; 2.2 s; peak memory 769 MiB.
2026-10-10T07:31:18Z INFO [314/500] 757aa55f-920d-4901-9452-d158ed6e32d3: 85 chunks; 3.7 s; peak memory 769 MiB.
2026-10-10T07:31:19Z INFO [315/500] 757aad90-03ba-4763-b570-dde96f49b278: 46 chunks; 1.3 s; peak memory 769 MiB.
2026-10-10T07:31:22Z INFO [316/500] 757af657-15c4-4f7b-9b85-20b2b09eeefc: 71 chunks; 2.2 s; peak memory 769 MiB.
2026-10-10T07:31:23Z INFO [317/500] 757af8ce-3c75-42d0-b7ac-8de4d23dec47: 117 chunks; 1.5 s; peak memory 769 MiB.
2026-10-10T07:31:34Z INFO [318/500] 757b510a-99a5-4e02-b737-3a9b66b98fbf: 21386 chunks; 10.8 s; peak memory 769 MiB.
2026-10-10T07:31:35Z INFO [319/500] 757b8795-8641-4532-8f57-ca0fd76d0894: 52 chunks; 1.5 s; peak memory 769 MiB.
2026-10-10T07:31:37Z INFO [320/500] 757c23e4-087d-4649-b02e-8c43f57bb0aa: 105 chunks; 2.1 s; peak memory 769 MiB.
2026-10-10T07:31:39Z INFO [321/500] 757cc0f9-b2c6-4fbc-8a9d-0492b01f94d6: 117 chunks; 1.6 s; peak memory 769 MiB.
2026-10-10T07:31:45Z INFO [322/500] 757cc440-03fa-4a10-96e2-c3922f9a0757: 6609 chunks; 5.8 s; peak memory 769 MiB.
2026-10-10T07:31:46Z INFO [323/500] 757d21bc-af68-4654-833c-781bedc676f0: 116 chunks; 1.5 s; peak memory 769 MiB.
2026-10-10T07:31:49Z INFO [324/500] 757d3a34-65b6-4021-9d3d-dc58997c3785: 112 chunks; 2.2 s; peak memory 769 MiB.
2026-10-10T07:31:50Z INFO [325/500] 757da284-4663-42c3-8f60-5e28bdbf9e99: 66 chunks; 1.8 s; peak memory 769 MiB.
2026-10-10T07:31:52Z INFO [326/500] 757e305e-9494-4e85-b90d-5b07d1b16ddb: 52 chunks; 1.4 s; peak memory 769 MiB.
2026-10-10T07:31:53Z INFO [327/500] 757e4216-ed03-4552-8bf0-e8347293567a: 48 chunks; 1.3 s; peak memory 769 MiB.
2026-10-10T07:31:55Z INFO [328/500] 757e7098-5aea-49fc-9946-1e92c4455686: 112 chunks; 1.8 s; peak memory 769 MiB.
2026-10-10T07:31:57Z INFO [329/500] 757e9221-78ad-4798-8568-c8bce537595d: 112 chunks; 1.6 s; peak memory 769 MiB.
2026-10-10T07:31:58Z INFO [330/500] 757f9eae-6c30-430a-b0ed-30b8208a949c: 116 chunks; 1.5 s; peak memory 769 MiB.
2026-10-10T07:32:00Z INFO [331/500] 757fa087-767e-48a8-9286-4f2944810786: 51 chunks; 1.7 s; peak memory 769 MiB.
2026-10-10T07:32:01Z INFO [332/500] 75801632-48f8-4522-ab84-53723747d424: 116 chunks; 1.6 s; peak memory 769 MiB.
2026-10-10T07:32:03Z INFO [333/500] 758208ae-0ceb-4ba8-93e7-5b9f4e7c4ce7: 48 chunks; 1.4 s; peak memory 769 MiB.
2026-10-10T07:32:04Z INFO [334/500] 75838229-6898-4deb-9e63-cf88f9170d73: 45 chunks; 1.1 s; peak memory 769 MiB.
2026-10-10T07:32:05Z INFO [335/500] 7585f6f0-4fc8-466c-89b6-eb82779d7e2d: 48 chunks; 1.3 s; peak memory 769 MiB.
2026-10-10T07:32:07Z INFO [336/500] 7586829e-55dd-4113-b9e3-83aa07b62e08: 117 chunks; 1.7 s; peak memory 769 MiB.
2026-10-10T07:32:09Z INFO [337/500] 7586f17e-c588-46be-8244-10e21faf3a4a: 112 chunks; 2.0 s; peak memory 769 MiB.
2026-10-10T07:32:14Z INFO [338/500] 7587577c-c208-438d-9246-8e12c720a91b: 260 chunks; 5.2 s; peak memory 769 MiB.
2026-10-10T07:32:15Z INFO [339/500] 758778ff-6b97-4830-bf7d-b0371296db5d: 41 chunks; 1.2 s; peak memory 769 MiB.
2026-10-10T07:32:21Z INFO [340/500] 7587a39a-c747-4619-8d0b-ba2631d28e73: 174 chunks; 5.9 s; peak memory 769 MiB.
2026-10-10T07:32:23Z INFO [341/500] 7588538d-25c8-4922-a86c-a52939baf5ec: 62 chunks; 1.7 s; peak memory 769 MiB.
2026-10-10T07:32:24Z INFO [342/500] 7588843d-591a-46ac-ab95-2742f383d531: 118 chunks; 1.6 s; peak memory 769 MiB.
2026-10-10T07:32:27Z INFO [343/500] 7589f34f-f42e-4316-90b7-eb33bd830df8: 71 chunks; 2.7 s; peak memory 769 MiB.
2026-10-10T07:32:36Z INFO [344/500] 758a0417-de63-47f5-98a9-e13c547bede6: 4151 chunks; 8.9 s; peak memory 769 MiB.
2026-10-10T07:32:38Z INFO [345/500] 758a70b2-88cc-4b67-b529-1bc89558b47f: 112 chunks; 1.6 s; peak memory 769 MiB.
2026-10-10T07:32:39Z INFO [346/500] 758a70fc-e7bd-47ec-9b0f-3226d9118ef8: 48 chunks; 1.3 s; peak memory 769 MiB.
2026-10-10T07:32:49Z INFO [347/500] 758ac6da-ead8-46ff-bf64-16514aee9329: 14556 chunks; 9.7 s; peak memory 769 MiB.
2026-10-10T07:32:50Z INFO [348/500] 758aefac-67ba-40b2-8d24-2fdf7c4d5194: 57 chunks; 1.2 s; peak memory 769 MiB.
2026-10-10T07:32:51Z INFO [349/500] 758bbdee-faa9-4da9-9a0f-fe6b60b5ee6b: 48 chunks; 1.4 s; peak memory 769 MiB.
2026-10-10T07:32:53Z INFO [350/500] 758d3e21-97ec-4d02-80ff-a7bae0342633: 61 chunks; 1.7 s; peak memory 769 MiB.
2026-10-10T07:32:53Z INFO [350/500] 758d3e21-97ec-4d02-80ff-a7bae0342633: checkpointed 103684 new records.
2026-10-10T07:32:55Z INFO [351/500] 758dfd82-2925-476d-85b0-9da095ee60bc: 46 chunks; 1.3 s; peak memory 769 MiB.
2026-10-10T07:32:56Z INFO [352/500] 758e1b6e-4caf-443a-aba5-6adad819a069: 118 chunks; 1.4 s; peak memory 769 MiB.
2026-10-10T07:32:57Z INFO [353/500] 75914f0b-c06f-467b-8c0b-bef76bc454b5: 48 chunks; 1.3 s; peak memory 769 MiB.
2026-10-10T07:33:00Z INFO [354/500] 7591a791-4dcc-4e2b-81f5-42a81d36380c: 114 chunks; 3.1 s; peak memory 769 MiB.
2026-10-10T07:33:02Z INFO [355/500] 7591b845-237d-43f5-a32e-fbd55aa7439f: 48 chunks; 1.3 s; peak memory 769 MiB.
2026-10-10T07:33:03Z INFO [356/500] 7592bad2-dcb4-48ec-bb8a-76ac16469d8b: 48 chunks; 1.3 s; peak memory 769 MiB.
2026-10-10T07:33:05Z INFO [357/500] 7592e550-a86e-4baf-a405-afd6b5122676: 70 chunks; 1.8 s; peak memory 769 MiB.
2026-10-10T07:33:08Z INFO [358/500] 759353bc-687d-474b-9694-52684d46d83a: 115 chunks; 2.9 s; peak memory 769 MiB.
2026-10-10T07:33:09Z INFO [359/500] 759358b5-ba8b-4f91-abca-a7bb8ab627a3: 112 chunks; 1.6 s; peak memory 769 MiB.
2026-10-10T07:33:13Z INFO [360/500] 7593ba94-7958-44f4-a31f-6f1152da9687: 156 chunks; 3.9 s; peak memory 769 MiB.
2026-10-10T07:33:18Z INFO [361/500] 7593e69c-ee85-48b6-8121-e720f0fc2522: 2085 chunks; 5.0 s; peak memory 769 MiB.
2026-10-10T07:33:20Z INFO [362/500] 7594e4df-a8c4-447a-a357-915d9155921b: 131 chunks; 1.6 s; peak memory 769 MiB.
2026-10-10T07:33:22Z INFO [363/500] 7595059a-5f7e-46da-92c2-35b373afc251: 112 chunks; 1.9 s; peak memory 769 MiB.
2026-10-10T07:33:23Z INFO [364/500] 75950f26-eca3-41e5-b63c-a16a72ff1acb: 118 chunks; 1.8 s; peak memory 769 MiB.
2026-10-10T07:33:29Z INFO [365/500] 7596436d-decb-4ce0-83d8-f0c3c00a570b: 276 chunks; 5.5 s; peak memory 769 MiB.
2026-10-10T07:33:31Z INFO [366/500] 759734cc-9023-4566-bd6d-c09d45c0065f: 59 chunks; 1.7 s; peak memory 769 MiB.
2026-10-10T07:33:32Z INFO [367/500] 75977d88-8d7b-451d-bc8e-c0e052771a44: 46 chunks; 1.0 s; peak memory 769 MiB.
2026-10-10T07:33:33Z INFO [368/500] 7598761c-3b88-4be4-afe0-bb94314653ba: 48 chunks; 1.4 s; peak memory 769 MiB.
2026-10-10T07:33:35Z INFO [369/500] 7598ad69-f025-4852-bb06-b82701566a4c: 112 chunks; 1.9 s; peak memory 769 MiB.
2026-10-10T07:33:58Z INFO [370/500] 7598d150-638b-4ac9-8d3c-5dda1792b863: 6139 chunks; 22.7 s; peak memory 769 MiB.
2026-10-10T07:33:59Z INFO [371/500] 75999294-6539-4ee4-aca5-3a0a6029b835: 117 chunks; 1.7 s; peak memory 769 MiB.
2026-10-10T07:34:03Z INFO [372/500] 7599b8fc-48d3-4a6b-9a47-1c0767c9318a: 1585 chunks; 4.1 s; peak memory 769 MiB.
2026-10-10T07:34:05Z INFO [373/500] 759a15c8-e69f-49cb-a955-6023260c2d8f: 48 chunks; 1.3 s; peak memory 769 MiB.
2026-10-10T07:34:06Z INFO [374/500] 759a91ad-4bc7-41e8-8f8d-cb95ee480eb7: 52 chunks; 1.4 s; peak memory 769 MiB.
2026-10-10T07:34:09Z INFO [375/500] 759be5d9-3cb2-4f5a-8357-824775e7d35a: 933 chunks; 2.9 s; peak memory 769 MiB.
2026-10-10T07:34:11Z INFO [376/500] 759ce9da-a257-4514-8fad-0e6580ff9590: 62 chunks; 1.6 s; peak memory 769 MiB.
2026-10-10T07:34:12Z INFO [377/500] 759d1159-5ec8-4aed-baea-c06f61ab4c02: 48 chunks; 1.3 s; peak memory 769 MiB.
2026-10-10T07:34:13Z INFO [378/500] 759d7178-014d-4f1d-aa27-2cbb502a5598: 41 chunks; 1.3 s; peak memory 769 MiB.
2026-10-10T07:34:15Z INFO [379/500] 759e1069-445f-4c52-ad07-2ff9ae6d7bee: 118 chunks; 1.6 s; peak memory 769 MiB.
2026-10-10T07:34:16Z INFO [380/500] 759f0c7f-177e-4393-b9b0-f8431cce2919: 46 chunks; 1.1 s; peak memory 769 MiB.
2026-10-10T07:34:18Z INFO [381/500] 759f67d8-f020-459a-a5fb-c739462bb490: 66 chunks; 1.8 s; peak memory 769 MiB.
2026-10-10T07:34:19Z INFO [382/500] 759f822e-d54b-4e4a-8836-44d04c0a347f: 112 chunks; 1.2 s; peak memory 769 MiB.
2026-10-10T07:34:21Z INFO [383/500] 759ffc57-96f3-49dd-800a-863d4f5132aa: 110 chunks; 1.8 s; peak memory 769 MiB.
2026-10-10T07:34:23Z INFO [384/500] 75a0049f-662c-4a50-b54e-334a9880d995: 67 chunks; 2.6 s; peak memory 769 MiB.
2026-10-10T07:34:25Z INFO [385/500] 75a0e8a3-5907-4e76-ab49-8b0779811d91: 68 chunks; 1.5 s; peak memory 769 MiB.
2026-10-10T07:34:27Z INFO [386/500] 75a13888-2fdf-4e6b-8c3c-751e60d3876d: 188 chunks; 1.8 s; peak memory 769 MiB.
2026-10-10T07:36:00Z INFO [387/500] 75a14b2b-05f2-4bb1-abcb-e2af85579af2: 32960 chunks; 93.0 s; peak memory 769 MiB.
2026-10-10T07:36:03Z INFO [388/500] 75a16183-d0b8-4c95-bd04-b817deb150cd: 101 chunks; 3.2 s; peak memory 769 MiB.
2026-10-10T07:36:04Z INFO [389/500] 75a1ee84-13f8-49c9-aa9b-2d89099a380d: 48 chunks; 1.3 s; peak memory 769 MiB.
2026-10-10T07:36:06Z INFO [390/500] 75a211fe-4a12-48ce-9b4d-8e538811c900: 39 chunks; 1.3 s; peak memory 769 MiB.
2026-10-10T07:36:08Z INFO [391/500] 75a2ff95-b1aa-4678-90fb-d1dd488b3f96: 69 chunks; 2.0 s; peak memory 769 MiB.
2026-10-10T07:36:09Z INFO [392/500] 75a356ee-6a20-4713-8381-c9a1244572a1: 66 chunks; 1.9 s; peak memory 769 MiB.
2026-10-10T07:36:11Z INFO [393/500] 75a36f81-ccae-4356-8c2f-56ef40c37476: 47 chunks; 1.3 s; peak memory 769 MiB.
2026-10-10T07:36:12Z INFO [394/500] 75a42c69-84b2-4b52-be9a-f0f1e5c738bb: 21 chunks; 1.0 s; peak memory 769 MiB.
2026-10-10T07:36:14Z INFO [395/500] 75a5fd7d-85f0-494e-8d68-951de24ec550: 112 chunks; 2.0 s; peak memory 769 MiB.
2026-10-10T07:36:15Z INFO [396/500] 75a6629c-6128-4509-983a-2a56af25e7fc: 56 chunks; 1.1 s; peak memory 769 MiB.
2026-10-10T07:36:16Z INFO [397/500] 75a740a8-f4be-4ad5-bc84-b81bd5720adb: 112 chunks; 1.5 s; peak memory 769 MiB.
2026-10-10T07:36:23Z INFO [398/500] 75aa2ac1-77d2-4d09-887a-cfe5dd43edb8: 9725 chunks; 6.3 s; peak memory 769 MiB.
2026-10-10T07:36:24Z INFO [399/500] 75aa2b66-6aa4-4b45-bde2-5666eb761214: 45 chunks; 1.2 s; peak memory 769 MiB.
2026-10-10T07:36:28Z INFO [400/500] 75aa553f-62e4-4191-af99-6c1be7eb46e6: 156 chunks; 3.7 s; peak memory 769 MiB.
2026-10-10T07:36:28Z INFO [400/500] 75aa553f-62e4-4191-af99-6c1be7eb46e6: checkpointed 103734 new records.
2026-10-10T07:36:31Z INFO [401/500] 75aaa4d4-7861-4fa6-a088-e7271b784b60: 115 chunks; 3.2 s; peak memory 769 MiB.
2026-10-10T07:36:34Z INFO [402/500] 75ab555b-2a7c-4445-8e2b-003defa376d0: 66 chunks; 2.3 s; peak memory 769 MiB.
2026-10-10T07:36:35Z INFO [403/500] 75ab5b88-7f75-4115-b1db-3454d8101a03: 85 chunks; 1.3 s; peak memory 769 MiB.
2026-10-10T07:36:36Z INFO [404/500] 75af2b26-e0c4-4cee-9796-a3a36ae099bb: 118 chunks; 1.6 s; peak memory 769 MiB.
2026-10-10T07:36:38Z INFO [405/500] 75af4386-71d3-47b6-b4aa-5caf5813afd3: 118 chunks; 1.5 s; peak memory 769 MiB.
2026-10-10T07:36:39Z INFO [406/500] 75b06fea-1488-4215-b6ee-e30ae6db2cca: 46 chunks; 1.4 s; peak memory 769 MiB.
2026-10-10T07:36:41Z INFO [407/500] 75b13674-f13e-4b0b-b7e5-33cf0ffcc5ab: 112 chunks; 1.6 s; peak memory 769 MiB.
2026-10-10T07:36:43Z INFO [408/500] 75b175df-8868-49a0-b672-c847778150ae: 117 chunks; 1.6 s; peak memory 769 MiB.
2026-10-10T07:36:44Z INFO [409/500] 75b1ebbd-1d29-4ae6-81e2-450725fdb956: 102 chunks; 1.3 s; peak memory 769 MiB.
2026-10-10T07:36:45Z INFO [410/500] 75b23f91-4f94-47d4-bbfb-6562b0688951: 48 chunks; 1.4 s; peak memory 769 MiB.
2026-10-10T07:36:46Z INFO [411/500] 75b373cb-0b49-445a-84fd-6f570c26891b: 48 chunks; 1.2 s; peak memory 769 MiB.
2026-10-10T07:37:01Z INFO [412/500] 75b451fb-a3c9-4025-80d2-9fbf6ee14bb0: 16478 chunks; 14.9 s; peak memory 769 MiB.
2026-10-10T07:37:07Z INFO [413/500] 75b52ace-cea5-4f8f-97b5-3b7f32f94523: 125 chunks; 5.5 s; peak memory 769 MiB.
2026-10-10T07:37:11Z INFO [414/500] 75b5d8d7-54a2-4c73-9e90-a9f70f878bd4: 156 chunks; 3.8 s; peak memory 769 MiB.
2026-10-10T07:37:12Z INFO [415/500] 75b74928-5867-4edb-8f13-21fb007078e7: 54 chunks; 1.1 s; peak memory 769 MiB.
2026-10-10T07:37:13Z INFO [416/500] 75b82ec1-69d8-4d66-b099-358e9685d491: 117 chunks; 1.5 s; peak memory 769 MiB.
2026-10-10T07:37:15Z INFO [417/500] 75b85c73-fba9-4993-82c5-aeeae3eddf0e: 48 chunks; 1.2 s; peak memory 769 MiB.
2026-10-10T07:37:16Z INFO [418/500] 75b8a918-f6ff-425d-9629-b87d0bc24444: 48 chunks; 1.4 s; peak memory 769 MiB.
2026-10-10T07:37:17Z INFO [419/500] 75b95207-48d2-4408-9222-83cd6a5436ae: 79 chunks; 1.6 s; peak memory 769 MiB.
2026-10-10T07:37:30Z INFO [420/500] 75b9b0ea-e8fd-4903-8c62-4a1bc509ce87: 19236 chunks; 12.6 s; peak memory 769 MiB.
2026-10-10T07:37:31Z INFO [421/500] 75bab9fe-66f0-4d65-94b5-c5896724c407: 48 chunks; 1.3 s; peak memory 769 MiB.
2026-10-10T07:37:50Z INFO [422/500] 75bb80f8-a37b-4658-a6c6-35946c86b6e9: 523 chunks; 18.3 s; peak memory 769 MiB.
2026-10-10T07:37:51Z INFO [423/500] 75bb94e3-09ed-4d1a-928a-faa349d580f0: 54 chunks; 1.2 s; peak memory 769 MiB.
2026-10-10T07:37:53Z INFO [424/500] 75bc2d9e-eea2-4e3f-9a7a-baf452940131: 112 chunks; 1.8 s; peak memory 769 MiB.
2026-10-10T07:37:54Z INFO [425/500] 75bd3b5e-3fba-4848-98b7-796699a84b88: 119 chunks; 1.4 s; peak memory 769 MiB.
2026-10-10T07:38:00Z INFO [426/500] 75bd88ec-f71e-4a06-970f-de8b3e521458: 8040 chunks; 6.2 s; peak memory 769 MiB.
2026-10-10T07:38:02Z INFO [427/500] 75be6d34-427f-416e-8a37-1414c3a147e2: 48 chunks; 1.3 s; peak memory 769 MiB.
2026-10-10T07:38:03Z INFO [428/500] 75becf39-3844-4742-9de3-53226f08d407: 48 chunks; 1.3 s; peak memory 769 MiB.
2026-10-10T07:38:14Z INFO [429/500] 75bf4f4b-6e25-44d6-8ee8-e1fc85bacf3d: 17947 chunks; 11.1 s; peak memory 769 MiB.
2026-10-10T07:38:15Z INFO [430/500] 75c23069-9fcd-4503-9b46-c135e5466793: 48 chunks; 1.2 s; peak memory 769 MiB.
2026-10-10T07:38:23Z INFO [431/500] 75c24af8-5dfe-4f6c-9cb3-4eea9f68cece: 246 chunks; 7.6 s; peak memory 769 MiB.
2026-10-10T07:40:31Z INFO [432/500] 75c33e23-04d1-4bea-b1b7-efa8d3686ff9: 5606 chunks; 128.3 s; peak memory 769 MiB.
2026-10-10T07:40:36Z INFO [433/500] 75c37b54-5225-4c18-a1da-44b4ad4f0f35: 2853 chunks; 5.1 s; peak memory 769 MiB.
2026-10-10T07:40:46Z INFO [434/500] 75c3b8d3-8599-4b8e-9142-1d83dff9c0ad: 9233 chunks; 9.5 s; peak memory 769 MiB.
2026-10-10T07:40:50Z INFO [435/500] 75c3e38d-c502-46ab-9e15-dcc416809e14: 156 chunks; 3.8 s; peak memory 769 MiB.
2026-10-10T07:40:51Z INFO [436/500] 75c4386d-37d2-4085-8789-7b10dd9667e9: 48 chunks; 1.3 s; peak memory 769 MiB.
2026-10-10T07:40:55Z INFO [437/500] 75c47523-9eef-429b-a1ab-0c850ec23641: 153 chunks; 3.7 s; peak memory 769 MiB.
2026-10-10T07:40:56Z INFO [438/500] 75c4ba3e-ff79-4919-b790-334c355f0215: 112 chunks; 1.8 s; peak memory 769 MiB.
2026-10-10T07:40:58Z INFO [439/500] 75c4f80f-8516-4d12-92c4-0ae115710c0f: 110 chunks; 1.4 s; peak memory 769 MiB.
2026-10-10T07:41:00Z INFO [440/500] 75c50b0c-5513-4a62-8821-03857f5e70a8: 112 chunks; 1.8 s; peak memory 769 MiB.
2026-10-10T07:41:03Z INFO [441/500] 75c5176b-6f01-4133-9eba-f0d511612da0: 997 chunks; 3.1 s; peak memory 769 MiB.
2026-10-10T07:41:09Z INFO [442/500] 75c53b12-7e0d-4af4-b8bb-76e83864e1bd: 5606 chunks; 6.6 s; peak memory 769 MiB.
2026-10-10T07:41:11Z INFO [443/500] 75c58aaf-3497-42c3-9dec-a0a051ba0ee7: 112 chunks; 1.6 s; peak memory 769 MiB.
2026-10-10T07:41:13Z INFO [444/500] 75c59c89-d886-4820-8642-6400ebfa2322: 112 chunks; 1.9 s; peak memory 769 MiB.
2026-10-10T07:41:14Z INFO [445/500] 75c5b0c0-2298-4d67-b2b8-0bd679df6730: 112 chunks; 1.7 s; peak memory 769 MiB.
2026-10-10T07:41:28Z INFO [446/500] 75c6fe43-7e21-4b31-9f71-9b716452d125: 18818 chunks; 14.0 s; peak memory 769 MiB.
2026-10-10T07:41:30Z INFO [447/500] 75c73c9e-48ba-4333-a925-1b1d253d4dfc: 56 chunks; 1.0 s; peak memory 769 MiB.
2026-10-10T07:41:31Z INFO [448/500] 75c78812-8baf-415b-86c0-4e4d4551402e: 48 chunks; 1.3 s; peak memory 769 MiB.
2026-10-10T07:41:32Z INFO [449/500] 75c7939b-9180-4ead-b422-e4f2cf77dfcf: 48 chunks; 1.4 s; peak memory 769 MiB.
2026-10-10T07:41:34Z INFO [450/500] 75c87ec5-65c6-4897-a6ea-6ec02df35424: 52 chunks; 1.4 s; peak memory 769 MiB.
2026-10-10T07:41:34Z INFO [450/500] 75c87ec5-65c6-4897-a6ea-6ec02df35424: checkpointed 103784 new records.
2026-10-10T07:44:01Z INFO [451/500] 75c8875c-f265-4f25-930e-a561706792d7: 42730 chunks; 147.2 s; peak memory 769 MiB.
2026-10-10T07:44:03Z INFO [452/500] 75c92793-f664-4318-b44d-106dfac7c624: 112 chunks; 1.9 s; peak memory 769 MiB.
2026-10-10T07:44:05Z INFO [453/500] 75c94253-3385-4b89-97dd-d8c5610a98f6: 89 chunks; 1.6 s; peak memory 769 MiB.
2026-10-10T07:44:06Z INFO [454/500] 75c9a2ab-2df2-41c3-98cf-0e3c00e3292b: 48 chunks; 1.3 s; peak memory 769 MiB.
2026-10-10T07:44:10Z INFO [455/500] 75c9bf0e-cf24-4052-a9dc-d114336c2a6d: 1641 chunks; 3.7 s; peak memory 769 MiB.
2026-10-10T07:44:11Z INFO [456/500] 75cb6ca8-4d74-4e78-8468-14f80318190f: 112 chunks; 1.9 s; peak memory 769 MiB.
2026-10-10T07:44:13Z INFO [457/500] 75cc05f9-e3d4-404b-9698-a473c063eebf: 289 chunks; 1.9 s; peak memory 769 MiB.
2026-10-10T07:44:15Z INFO [458/500] 75cd463c-02e0-4c96-9fc8-a2676692a3f9: 112 chunks; 2.0 s; peak memory 769 MiB.
2026-10-10T07:44:17Z INFO [459/500] 75cdaadc-0c7d-477b-83c1-ee7a8b6a8175: 110 chunks; 1.8 s; peak memory 769 MiB.
2026-10-10T07:44:19Z INFO [460/500] 75ce2b97-40ff-4feb-ba43-c4cf8d0b16c2: 59 chunks; 1.8 s; peak memory 769 MiB.
2026-10-10T07:44:21Z INFO [461/500] 75cebe4c-07b2-4944-87a3-f331eb7cd518: 57 chunks; 2.3 s; peak memory 769 MiB.
2026-10-10T07:44:22Z INFO [462/500] 75cedee1-de65-4ff1-9bfd-005bcd0a415f: 69 chunks; 1.1 s; peak memory 769 MiB.
2026-10-10T07:44:23Z INFO [463/500] 75cf5b47-fa97-40d7-83fe-50b16d9c702f: 48 chunks; 1.2 s; peak memory 769 MiB.
2026-10-10T07:44:45Z INFO [464/500] 75cf9c6f-89ba-43be-8b37-a579dabeb94c: 522 chunks; 21.7 s; peak memory 769 MiB.
2026-10-10T07:44:46Z INFO [465/500] 75d1032d-bdc1-4d70-8cf0-a33e3b671df8: 48 chunks; 1.3 s; peak memory 769 MiB.
2026-10-10T07:44:48Z INFO [466/500] 75d10de5-ff75-4cb5-a7f6-caa881d27bab: 48 chunks; 1.2 s; peak memory 769 MiB.
2026-10-10T07:44:49Z INFO [467/500] 75d1a3b5-508c-47e8-803d-8f76c20f5121: 52 chunks; 1.5 s; peak memory 769 MiB.
2026-10-10T07:44:50Z INFO [468/500] 75d1ca75-e8bf-4a9f-9604-f609070fa513: 48 chunks; 1.4 s; peak memory 769 MiB.
2026-10-10T07:44:52Z INFO [469/500] 75d1cdba-6465-4d27-9404-896d15c038fc: 48 chunks; 1.4 s; peak memory 769 MiB.
2026-10-10T07:44:53Z INFO [470/500] 75d1d712-239e-4612-9b4d-b443f6ba78dc: 117 chunks; 1.6 s; peak memory 769 MiB.
2026-10-10T07:45:06Z INFO [471/500] 75d20786-ed51-45e4-99ad-273fb9ed6407: 20010 chunks; 12.8 s; peak memory 769 MiB.
2026-10-10T07:45:08Z INFO [472/500] 75d236f7-6e66-481c-a6b6-31a8e38d6b9a: 112 chunks; 1.6 s; peak memory 769 MiB.
2026-10-10T07:45:09Z INFO [473/500] 75d2cf4a-3d3b-4ada-b339-fd6bcfad6970: 110 chunks; 1.4 s; peak memory 769 MiB.
2026-10-10T07:45:10Z INFO [474/500] 75d304c3-a288-47e9-978e-6354e2047dfa: 35 chunks; 1.1 s; peak memory 769 MiB.
2026-10-10T07:45:12Z INFO [475/500] 75d416c8-b6af-49f0-bb49-d718f12365e1: 112 chunks; 1.7 s; peak memory 769 MiB.
2026-10-10T07:45:17Z INFO [476/500] 75d56032-5bd0-448f-afe6-3c521a5c0d44: 2085 chunks; 5.0 s; peak memory 769 MiB.
2026-10-10T07:45:19Z INFO [477/500] 75d56a5f-293b-49ea-9934-532f14b956a4: 71 chunks; 2.1 s; peak memory 769 MiB.
2026-10-10T07:45:20Z INFO [478/500] 75d58c06-4939-48f9-8a0b-552cd7cca42f: 64 chunks; 1.3 s; peak memory 769 MiB.
2026-10-10T07:45:27Z INFO [479/500] 75d613ce-5e8b-48b4-834b-a24cc9f95bbf: 15283 chunks; 6.8 s; peak memory 769 MiB.
2026-10-10T07:45:28Z INFO [480/500] 75d61eab-5d17-4908-a064-5bc275524ca3: 46 chunks; 0.9 s; peak memory 769 MiB.
2026-10-10T07:45:35Z INFO [481/500] 75d639e3-2d98-4c52-8255-239f01d41029: 341 chunks; 7.2 s; peak memory 769 MiB.
2026-10-10T07:45:46Z INFO [482/500] 75d6fd07-c284-4fd1-936b-81067ffd323a: 339 chunks; 11.1 s; peak memory 769 MiB.
2026-10-10T07:45:48Z INFO [483/500] 75d77130-1274-4b0c-a2d9-ff0424ed9525: 69 chunks; 2.0 s; peak memory 769 MiB.
2026-10-10T07:45:50Z INFO [484/500] 75d905d9-f9fc-4014-bbd1-5d3d6392f78e: 112 chunks; 1.7 s; peak memory 769 MiB.
2026-10-10T07:45:52Z INFO [485/500] 75d961cd-de5e-458d-a480-aa371a9b0479: 117 chunks; 1.6 s; peak memory 769 MiB.
2026-10-10T07:45:54Z INFO [486/500] 75da25db-8c5a-4947-8402-86a48a387f74: 247 chunks; 1.8 s; peak memory 769 MiB.
2026-10-10T07:45:55Z INFO [487/500] 75da30d3-7ea6-4d5a-87d3-9667341209f6: 46 chunks; 1.0 s; peak memory 769 MiB.
2026-10-10T07:45:56Z INFO [488/500] 75da522d-71b9-432a-bae5-631b11b6828c: 46 chunks; 1.1 s; peak memory 769 MiB.
2026-10-10T07:45:57Z INFO [489/500] 75dbfd65-b16b-476a-970b-e684f7174de0: 48 chunks; 1.3 s; peak memory 769 MiB.
2026-10-10T07:45:59Z INFO [490/500] 75dcf7e4-fff1-4891-91d6-1fc34347bf28: 52 chunks; 1.6 s; peak memory 769 MiB.
2026-10-10T07:46:00Z INFO [491/500] 75dd5555-1a01-46a6-a372-e39730b76941: 56 chunks; 1.2 s; peak memory 769 MiB.
2026-10-10T07:46:03Z INFO [492/500] 75de177d-22d2-4555-a2df-4642cce74123: 156 chunks; 3.5 s; peak memory 769 MiB.
2026-10-10T07:46:05Z INFO [493/500] 75de7361-6f3e-4fc4-9a7c-55839ba0079b: 46 chunks; 1.4 s; peak memory 769 MiB.
2026-10-10T07:46:06Z INFO [494/500] 75ded414-8d8b-4aa0-85a6-ca84cb9c1503: 48 chunks; 1.3 s; peak memory 769 MiB.
2026-10-10T07:46:25Z INFO [495/500] 75df11ed-c1a0-4090-87bd-698107116449: 48466 chunks; 19.1 s; peak memory 769 MiB.
2026-10-10T07:46:27Z INFO [496/500] 75e0262d-641e-4c86-9fdb-6603a946b917: 105 chunks; 2.2 s; peak memory 769 MiB.
2026-10-10T07:46:29Z INFO [497/500] 75e06336-85b3-4159-ad16-896c8814eee1: 68 chunks; 1.4 s; peak memory 769 MiB.
2026-10-10T07:46:32Z INFO [498/500] 75e09048-720a-44d3-bd39-e40296041a18: 123 chunks; 3.7 s; peak memory 769 MiB.
2026-10-10T07:46:34Z INFO [499/500] 75e0d66f-46da-459e-82c8-f3dc3789eba5: 56 chunks; 1.1 s; peak memory 769 MiB.
2026-10-10T07:46:36Z INFO [500/500] 75e333df-d2dc-4d44-8cb4-be7741a417e7: 76 chunks; 2.0 s; peak memory 769 MiB.
2026-10-10T07:46:36Z INFO [500/500] 75e333df-d2dc-4d44-8cb4-be7741a417e7: checkpointed 103834 new records.
2026-10-10T07:46:36Z INFO Wrote 103834 records to /tmp/derivatives/valid_nwb_file_to_chunk_stats.jsonl (500 new, 0 failed) in 61.0 min (peak memory 769 MiB).
