2026-10-05T06:24:37Z INFO Logging to /tmp/logs/update_2026-10-05T06-24-37Z.log.
2026-10-05T06:24:37Z INFO Update valid-nwb-file-to-chunk-stats (base directory /tmp).
2026-10-05T06:24:37Z INFO Processing 500 items (72334 already recorded).
2026-10-05T06:24:39Z INFO [1/500] 347041e6-0efd-4390-bc5b-5c8ddd455647: 48 chunks; 1.3 s; peak memory 162 MiB.
2026-10-05T06:24:41Z INFO [2/500] 3470a283-08ad-48b7-ab01-98f6733d9536: 460 chunks; 2.2 s; peak memory 170 MiB.
2026-10-05T06:24:42Z INFO [3/500] 3470cb70-d102-4674-99b9-42aa98c4f5c0: 117 chunks; 0.9 s; peak memory 171 MiB.
2026-10-05T06:24:43Z INFO [4/500] 3470efa5-ebd9-47ce-88b8-4deb81cd4c9f: 71 chunks; 1.4 s; peak memory 171 MiB.
2026-10-05T06:24:44Z INFO [5/500] 3470ffec-d2e3-401f-9881-59b704b17e1f: 42 chunks; 1.1 s; peak memory 171 MiB.
2026-10-05T06:24:45Z INFO [6/500] 3471a989-387d-4f20-8489-aa8359b38fa0: 118 chunks; 0.9 s; peak memory 172 MiB.
2026-10-05T06:24:48Z INFO [7/500] 3471bb57-38bd-4b8f-ae0e-11b1ac69fb07: 206 chunks; 2.8 s; peak memory 174 MiB.
2026-10-05T06:24:50Z INFO [8/500] 3471f5fe-4b3b-4301-b10a-3b613ee9cd45: 933 chunks; 1.7 s; peak memory 174 MiB.
2026-10-05T06:24:52Z INFO [9/500] 34729b5f-47d4-4069-80b7-836467b2ad28: 116 chunks; 2.2 s; peak memory 174 MiB.
2026-10-05T06:25:23Z INFO [10/500] 347376da-4b7e-453d-941f-f0795def78a8: 16419 chunks; 30.8 s; peak memory 227 MiB.
2026-10-05T06:25:25Z INFO [11/500] 3474d033-8556-4d56-953a-bc41f02db6ac: 114 chunks; 2.1 s; peak memory 227 MiB.
2026-10-05T06:25:26Z INFO [12/500] 347507c8-aacb-45b9-ad1e-a2aea5f9e875: 46 chunks; 0.6 s; peak memory 227 MiB.
2026-10-05T06:25:27Z INFO [13/500] 347541ac-bbd2-4622-b81e-07d5bb880cc3: 71 chunks; 1.2 s; peak memory 227 MiB.
2026-10-05T06:25:28Z INFO [14/500] 3475b059-2684-409d-9c9a-bc223b4c2a1c: 117 chunks; 0.8 s; peak memory 227 MiB.
2026-10-05T06:25:33Z INFO [15/500] 3476c3e1-dbb6-4b62-9512-9d75f2a5437a: 675 chunks; 5.6 s; peak memory 227 MiB.
2026-10-05T06:25:34Z INFO [16/500] 3477f646-2448-4fe1-be91-01510a6e443a: 45 chunks; 1.0 s; peak memory 227 MiB.
2026-10-05T06:25:35Z INFO [17/500] 34780ad2-4764-4613-879b-dc1653f5937b: 117 chunks; 0.9 s; peak memory 227 MiB.
2026-10-05T06:25:36Z INFO [18/500] 3478ba26-cb1a-4627-ad1c-a0ef7fef4ab2: 48 chunks; 0.8 s; peak memory 227 MiB.
2026-10-05T06:25:37Z INFO [19/500] 34791b1c-ac74-4449-8819-0ace094fbd24: 122 chunks; 1.1 s; peak memory 227 MiB.
2026-10-05T06:25:40Z INFO [20/500] 34794e41-fafe-49a9-9cdb-06a2b1f5a882: 2245 chunks; 3.4 s; peak memory 227 MiB.
2026-10-05T06:25:44Z INFO [21/500] 347ad799-e807-4c5a-93dd-d144b78fa868: 305 chunks; 3.7 s; peak memory 227 MiB.
2026-10-05T06:27:36Z INFO [22/500] 347afe7f-05aa-4fc2-a79c-1241c8810dbb: 40364 chunks; 111.7 s; peak memory 324 MiB.
2026-10-05T06:27:37Z INFO [23/500] 347b9c1f-4322-4856-913c-34942479bf48: 48 chunks; 0.9 s; peak memory 324 MiB.
2026-10-05T06:27:42Z INFO [24/500] 347be342-5ba2-4497-a01b-2e481231c76b: 1027 chunks; 5.3 s; peak memory 324 MiB.
2026-10-05T06:27:42Z INFO [25/500] 347d5d83-9b14-42d2-907c-c2eca468459c: 58 chunks; 0.6 s; peak memory 324 MiB.
2026-10-05T06:27:43Z INFO [26/500] 347d8542-b95a-4044-aece-ef7b9d33b887: 44 chunks; 0.9 s; peak memory 324 MiB.
2026-10-05T06:27:44Z INFO [27/500] 347fccb2-dfef-47b4-9bcd-f7f27abe4a83: 110 chunks; 1.1 s; peak memory 324 MiB.
2026-10-05T06:27:46Z INFO [28/500] 34800c33-295e-4422-9de9-5569fee51a00: 76 chunks; 1.1 s; peak memory 324 MiB.
2026-10-05T06:27:46Z INFO [29/500] 34802a24-e3ac-4e40-9e37-268a7495c22c: 48 chunks; 0.7 s; peak memory 324 MiB.
2026-10-05T06:27:47Z INFO [30/500] 3480663a-af08-4796-85a1-de341079cfa5: 47 chunks; 0.5 s; peak memory 324 MiB.
2026-10-05T06:27:47Z INFO [31/500] 3480b5b3-6ed6-42f2-a3a4-f72061775b24: 54 chunks; 0.6 s; peak memory 324 MiB.
2026-10-05T06:27:53Z INFO [32/500] 3480c204-f103-4ba3-bbee-ae1f97abbd01: 8992 chunks; 5.4 s; peak memory 324 MiB.
2026-10-05T06:27:54Z INFO [33/500] 3480d1f1-0e8d-46f3-b95d-85219421dc4c: 48 chunks; 0.8 s; peak memory 324 MiB.
2026-10-05T06:27:55Z INFO [34/500] 34815147-f47f-4a5c-a74a-a95446626a9f: 48 chunks; 1.1 s; peak memory 324 MiB.
2026-10-05T06:27:56Z INFO [35/500] 34829c80-07e0-4cfd-8ad8-9551d9c60625: 118 chunks; 0.8 s; peak memory 324 MiB.
2026-10-05T06:27:56Z INFO [36/500] 3482f9e0-750c-4010-8877-78aff0c07793: 52 chunks; 1.0 s; peak memory 324 MiB.
2026-10-05T06:27:57Z INFO [37/500] 3483d1d1-0da0-432b-92d9-8cfdc2b55ca5: 78 chunks; 1.0 s; peak memory 324 MiB.
2026-10-05T06:27:58Z INFO [38/500] 348413ec-e2a0-4fd4-b80a-7d5d1111bec2: 54 chunks; 0.7 s; peak memory 324 MiB.
2026-10-05T06:28:22Z INFO [39/500] 34848cb4-01b7-4c89-90b9-bc177a6d82ac: 16693 chunks; 23.5 s; peak memory 324 MiB.
2026-10-05T06:28:24Z INFO [40/500] 34869852-c37a-49e5-98f9-f39e96820b85: 114 chunks; 1.9 s; peak memory 324 MiB.
2026-10-05T06:28:25Z INFO [41/500] 3487014f-5149-4137-87f1-1ee344cee92d: 112 chunks; 1.1 s; peak memory 324 MiB.
2026-10-05T06:28:25Z INFO [42/500] 348709a0-3f5c-4647-ae10-74ff5326f511: 48 chunks; 0.8 s; peak memory 324 MiB.
2026-10-05T06:28:42Z INFO [43/500] 34879f0c-e828-4858-82b2-660a7904d4b9: 6126 chunks; 16.7 s; peak memory 324 MiB.
2026-10-05T06:28:43Z INFO [44/500] 3488802a-8b3d-4cf4-8044-d2d7b5312023: 65 chunks; 1.3 s; peak memory 324 MiB.
2026-10-05T06:28:44Z INFO [45/500] 348891e6-243b-4d29-bebc-fb169b3855b7: 121 chunks; 0.9 s; peak memory 324 MiB.
2026-10-05T06:28:45Z INFO [46/500] 3488b957-d8d3-49cf-962a-b783610b9e24: 48 chunks; 0.8 s; peak memory 324 MiB.
2026-10-05T06:28:48Z INFO [47/500] 348a4573-f7a2-4e54-9c3f-a10ab3173702: 156 chunks; 2.5 s; peak memory 324 MiB.
2026-10-05T06:28:48Z INFO [48/500] 348b5ff3-82d4-4928-8c60-693920a43df6: 111 chunks; 0.8 s; peak memory 324 MiB.
2026-10-05T06:28:56Z INFO [49/500] 348b76b3-b569-499c-81c8-f3b4e540c370: 11642 chunks; 7.7 s; peak memory 324 MiB.
2026-10-05T06:28:57Z INFO [50/500] 348c4b8b-65d8-443f-bb84-666e5cb6b7f4: 66 chunks; 1.2 s; peak memory 324 MiB.
2026-10-05T06:28:58Z INFO [50/500] 348c4b8b-65d8-443f-bb84-666e5cb6b7f4: checkpointed 72384 records.
2026-10-05T06:30:45Z INFO [51/500] 348c6165-539f-4c97-920c-af7aab037436: 38366 chunks; 107.0 s; peak memory 358 MiB.
2026-10-05T06:30:45Z INFO [52/500] 348c7098-3a6e-44f1-b081-7c523edd1107: 118 chunks; 0.8 s; peak memory 358 MiB.
2026-10-05T06:31:05Z INFO [53/500] 348ca933-740e-4dbf-b2ec-16ce1f793936: 6134 chunks; 19.6 s; peak memory 358 MiB.
2026-10-05T06:31:07Z INFO [54/500] 348cb079-5743-4f57-8cde-9113507e6c91: 71 chunks; 2.1 s; peak memory 358 MiB.
2026-10-05T06:31:08Z INFO [55/500] 348cc9bb-0865-4a65-9b42-4f8d3dcc32ca: 117 chunks; 1.0 s; peak memory 358 MiB.
2026-10-05T06:31:10Z INFO [56/500] 348cf906-cd23-4846-a472-afd32f246cbc: 71 chunks; 1.4 s; peak memory 358 MiB.
2026-10-05T06:31:14Z INFO [57/500] 348d390e-4a52-4a9d-ba69-49bfb562fab5: 208 chunks; 3.9 s; peak memory 358 MiB.
2026-10-05T06:33:20Z INFO [58/500] 348d8e58-76df-4e62-95b8-5a29580a809c: 599444 chunks; 127.0 s; peak memory 1198 MiB.
2026-10-05T06:33:21Z INFO [59/500] 348db3f0-6999-4759-aa59-e69c66bf3b80: 52 chunks; 0.9 s; peak memory 1198 MiB.
2026-10-05T06:33:22Z INFO [60/500] 348e3928-96fa-4f32-bee4-40c85cc42bbf: 41 chunks; 0.8 s; peak memory 1198 MiB.
2026-10-05T06:33:27Z INFO [61/500] 348e74fd-e056-4fef-ad38-d18b78c87501: 15369 chunks; 4.8 s; peak memory 1198 MiB.
2026-10-05T06:33:28Z INFO [62/500] 348f61fe-2f04-430c-b5eb-b283ca5d2105: 118 chunks; 1.0 s; peak memory 1198 MiB.
2026-10-05T06:33:29Z INFO [63/500] 348f841f-94a1-47dc-8c09-2478cf96fb36: 48 chunks; 0.9 s; peak memory 1198 MiB.
2026-10-05T06:33:31Z INFO [64/500] 348f8c95-accb-40c5-86e1-b6d88735a5ff: 115 chunks; 1.8 s; peak memory 1198 MiB.
2026-10-05T06:33:32Z INFO [65/500] 3490242d-1d21-42b8-82d0-dd24ab53399b: 84 chunks; 1.1 s; peak memory 1198 MiB.
2026-10-05T06:33:33Z INFO [66/500] 3491045a-d04d-40bd-ac5a-221f418af5e1: 115 chunks; 1.0 s; peak memory 1198 MiB.
2026-10-05T06:33:34Z INFO [67/500] 3491bafc-2c22-464b-a2bb-f25af5d3a038: 71 chunks; 1.7 s; peak memory 1198 MiB.
2026-10-05T06:33:53Z INFO [68/500] 3492bbdf-769d-4b28-b38c-715d6cb2a283: 53386 chunks; 18.4 s; peak memory 1198 MiB.
2026-10-05T06:33:54Z INFO [69/500] 3492d9d1-3f74-41af-b927-e1819d85ee12: 48 chunks; 0.8 s; peak memory 1198 MiB.
2026-10-05T06:33:54Z INFO [70/500] 34931f00-b460-4c71-9829-6a4175c4911d: 48 chunks; 0.8 s; peak memory 1198 MiB.
2026-10-05T06:33:57Z INFO [71/500] 34933093-500c-4eea-ba53-2eaf6d5cbcc6: 150 chunks; 2.1 s; peak memory 1198 MiB.
2026-10-05T06:33:57Z INFO [72/500] 34936e71-e5e2-43f6-bfbd-00e0386f6f87: 52 chunks; 0.9 s; peak memory 1198 MiB.
2026-10-05T06:34:00Z INFO [73/500] 3493cd7a-12d9-4310-a12d-397e4e5897b5: 1593 chunks; 2.3 s; peak memory 1198 MiB.
2026-10-05T06:34:01Z INFO [74/500] 3493db7e-be8e-40fd-b1eb-2aa771d86069: 48 chunks; 0.8 s; peak memory 1198 MiB.
2026-10-05T06:34:05Z INFO [75/500] 3493f948-4e09-44f5-9a55-592979e4bc98: 1155 chunks; 4.7 s; peak memory 1198 MiB.
2026-10-05T06:34:06Z INFO [76/500] 34943e40-5386-4765-919b-14d1abccfbdc: 46 chunks; 0.6 s; peak memory 1198 MiB.
2026-10-05T06:51:38Z INFO [77/500] 34951241-1637-413b-b95d-28ee3db02975: 543940 chunks; 1052.3 s; peak memory 1198 MiB.
2026-10-05T06:51:39Z INFO [78/500] 3496281f-adcc-43fd-b398-ba42eed8e909: 71 chunks; 1.3 s; peak memory 1198 MiB.
2026-10-05T06:51:41Z INFO [79/500] 34963305-e550-4a79-9d36-6c8004036066: 66 chunks; 1.2 s; peak memory 1198 MiB.
2026-10-05T06:51:42Z INFO [80/500] 34964cb7-76e9-4758-a4bc-dd43b5b33c7c: 112 chunks; 1.0 s; peak memory 1198 MiB.
2026-10-05T06:51:43Z INFO [81/500] 34974e52-0c83-4bdc-85a4-fcab98e03f98: 66 chunks; 1.3 s; peak memory 1198 MiB.
2026-10-05T06:51:43Z INFO [82/500] 349868a8-7e14-4fb3-96d0-21f49ac3a0d7: 51 chunks; 0.6 s; peak memory 1198 MiB.
2026-10-05T06:51:44Z INFO [83/500] 34987122-455b-4aad-8c80-98ea8837b7ac: 110 chunks; 0.9 s; peak memory 1198 MiB.
2026-10-05T06:51:45Z INFO [84/500] 349a17fd-512d-4931-8614-2fdd02d8942e: 116 chunks; 1.0 s; peak memory 1198 MiB.
2026-10-05T06:51:46Z INFO [85/500] 349a4e94-578b-456b-a404-660f34ed6276: 46 chunks; 0.5 s; peak memory 1198 MiB.
2026-10-05T06:51:47Z INFO [86/500] 349ab557-1245-430c-bced-1951c0f74675: 117 chunks; 0.8 s; peak memory 1198 MiB.
2026-10-05T06:51:47Z INFO [87/500] 349ad9ff-b19a-42ba-9fca-c81596688ab2: 52 chunks; 0.7 s; peak memory 1198 MiB.
2026-10-05T06:51:48Z INFO [88/500] 349b99c0-ee45-4e84-9a7f-9d6d17e13643: 36 chunks; 0.7 s; peak memory 1198 MiB.
2026-10-05T06:51:53Z INFO [89/500] 349c9a60-baa6-4f1f-af54-c615000529bb: 735 chunks; 5.3 s; peak memory 1198 MiB.
2026-10-05T06:51:54Z INFO [90/500] 349cf74a-c22d-4278-a7dc-161b5d75cfbd: 68 chunks; 1.0 s; peak memory 1198 MiB.
2026-10-05T06:51:56Z INFO [91/500] 349d2bad-f14e-4f71-8dd1-a5a7a232daf3: 106 chunks; 1.4 s; peak memory 1198 MiB.
2026-10-05T06:52:02Z INFO [92/500] 349d6f1f-fb60-4958-93d0-faa0dfa470ea: 336 chunks; 6.4 s; peak memory 1198 MiB.
2026-10-05T06:53:56Z INFO [93/500] 349e3e1d-72fd-47f8-81fe-32389d67ed44: 40524 chunks; 114.1 s; peak memory 1198 MiB.
2026-10-05T06:54:05Z INFO [94/500] 349e5ade-f7f8-40c4-a3e9-8c8e25647477: 26521 chunks; 8.9 s; peak memory 1198 MiB.
2026-10-05T06:54:06Z INFO [95/500] 349ec03b-017f-4f9f-9916-79ba6c22a6dc: 112 chunks; 1.2 s; peak memory 1198 MiB.
2026-10-05T06:54:07Z INFO [96/500] 349fc370-238f-4d0c-9c45-925c2bfae972: 48 chunks; 0.8 s; peak memory 1198 MiB.
2026-10-05T06:54:08Z INFO [97/500] 34a135d1-257b-4007-9901-1b9b33004a05: 52 chunks; 0.8 s; peak memory 1198 MiB.
2026-10-05T06:54:10Z INFO [98/500] 34a169a7-70d9-494e-98ac-2ace55335689: 115 chunks; 1.9 s; peak memory 1198 MiB.
2026-10-05T06:54:18Z INFO [99/500] 34a21b08-b149-437d-a429-bdade7ac7a88: 20233 chunks; 7.8 s; peak memory 1198 MiB.
2026-10-05T06:54:19Z INFO [100/500] 34a26a5b-d920-40dd-8bc2-983c25327474: 66 chunks; 1.2 s; peak memory 1198 MiB.
2026-10-05T06:54:19Z INFO [100/500] 34a26a5b-d920-40dd-8bc2-983c25327474: checkpointed 72434 records.
2026-10-05T06:54:20Z INFO [101/500] 34a2bc7f-6f85-4f44-a21d-698207602497: 118 chunks; 0.9 s; peak memory 1198 MiB.
2026-10-05T06:54:21Z INFO [102/500] 34a32e77-76fb-4011-9181-1387e39a3660: 45 chunks; 0.8 s; peak memory 1198 MiB.
2026-10-05T06:54:22Z INFO [103/500] 34a3b864-6000-43c9-910b-472ed53d8f57: 112 chunks; 1.0 s; peak memory 1198 MiB.
2026-10-05T06:54:23Z INFO [104/500] 34a4a0fb-6e9f-4254-9d08-48c3764d73d5: 118 chunks; 0.8 s; peak memory 1198 MiB.
2026-10-05T06:54:24Z INFO [105/500] 34a504b2-3d8c-4282-97dd-20e859a5ce9b: 131 chunks; 1.1 s; peak memory 1198 MiB.
2026-10-05T06:54:24Z INFO [106/500] 34a539c8-7667-46a2-8e80-5155ebe37f1b: 54 chunks; 0.6 s; peak memory 1198 MiB.
2026-10-05T06:54:25Z INFO [107/500] 34a56674-a450-447e-b779-921e21e6dcea: 112 chunks; 1.1 s; peak memory 1198 MiB.
2026-10-05T06:54:26Z INFO [108/500] 34a5d1e2-2223-48ce-a303-a0faac7d1e4b: 76 chunks; 0.9 s; peak memory 1198 MiB.
2026-10-05T06:54:27Z INFO [109/500] 34a76820-ada8-48ef-ae94-64b2e9f52c1a: 48 chunks; 0.7 s; peak memory 1198 MiB.
2026-10-05T06:54:28Z INFO [110/500] 34a9697d-1d5a-41e2-96ae-047cfec84ab3: 66 chunks; 1.2 s; peak memory 1198 MiB.
2026-10-05T06:54:29Z INFO [111/500] 34a9ba5d-e358-472b-8030-77b76ad9b32d: 76 chunks; 1.2 s; peak memory 1198 MiB.
2026-10-05T06:54:30Z INFO [112/500] 34a9c04d-b4ab-43df-a4b1-540fba4c41fd: 78 chunks; 0.8 s; peak memory 1198 MiB.
2026-10-05T06:54:31Z INFO [113/500] 34a9c47f-bdbd-4158-be50-d3844dcc912a: 57 chunks; 0.6 s; peak memory 1198 MiB.
2026-10-05T06:54:32Z INFO [114/500] 34aa2af2-ae5a-4c10-bad5-6a1e7c53b3c9: 48 chunks; 0.8 s; peak memory 1198 MiB.
2026-10-05T06:54:33Z INFO [115/500] 34aa4c4a-6558-4598-b4d1-482b06df66d6: 52 chunks; 1.1 s; peak memory 1198 MiB.
2026-10-05T06:54:35Z INFO [116/500] 34aa6e21-b7c5-4587-b3ca-6b02f195998b: 156 chunks; 2.0 s; peak memory 1198 MiB.
2026-10-05T06:56:22Z INFO [117/500] 34aab6d8-2a4e-4378-a341-ade0a9114ce3: 38170 chunks; 107.3 s; peak memory 1198 MiB.
2026-10-05T06:56:23Z INFO [118/500] 34aabe1e-0091-4a03-9c73-c59f0e51a79f: 48 chunks; 1.0 s; peak memory 1198 MiB.
2026-10-05T06:56:24Z INFO [119/500] 34ab48d0-5e3f-4118-8b9b-db762f45b78f: 48 chunks; 0.9 s; peak memory 1198 MiB.
2026-10-05T06:56:25Z INFO [120/500] 34ab4edc-0168-4628-9022-d738e8f3271f: 48 chunks; 1.0 s; peak memory 1198 MiB.
2026-10-05T06:56:26Z INFO [121/500] 34ac4dee-7d1c-489c-ac37-c058ed111ff5: 48 chunks; 0.8 s; peak memory 1198 MiB.
2026-10-05T06:56:27Z INFO [122/500] 34ac6085-c260-466d-9685-6d9d970a7eaa: 122 chunks; 1.1 s; peak memory 1198 MiB.
2026-10-05T06:56:28Z INFO [123/500] 34acbd94-ce50-4aef-92a0-98e5faceb39b: 110 chunks; 0.8 s; peak memory 1198 MiB.
2026-10-05T06:56:30Z INFO [124/500] 34accc61-f116-4e1c-8535-d001e3c5a13c: 156 chunks; 2.2 s; peak memory 1198 MiB.
2026-10-05T06:56:39Z INFO [125/500] 34ad7265-ca76-4ba7-8ba6-b9313214b8a1: 4470 chunks; 9.1 s; peak memory 1198 MiB.
2026-10-05T06:56:40Z INFO [126/500] 34ae1177-71c0-43b9-9ca5-778090d1e5d5: 74 chunks; 1.3 s; peak memory 1198 MiB.
2026-10-05T06:56:41Z INFO [127/500] 34aed60f-1833-4bcd-a53f-970ce1027728: 52 chunks; 0.8 s; peak memory 1198 MiB.
2026-10-05T06:56:42Z INFO [128/500] 34af22d0-e604-4f2e-bd52-c6f2598a46fb: 92 chunks; 0.8 s; peak memory 1198 MiB.
2026-10-05T06:56:43Z INFO [129/500] 34af4e0c-e99c-41f3-8c04-1bf4bfea10ec: 69 chunks; 1.0 s; peak memory 1198 MiB.
2026-10-05T06:56:44Z INFO [130/500] 34b04611-6e75-4b1a-bc6e-8592a77504c1: 111 chunks; 0.8 s; peak memory 1198 MiB.
2026-10-05T06:56:46Z INFO [131/500] 34b28660-4e84-4491-9f8d-0bdfb76ba438: 157 chunks; 2.2 s; peak memory 1198 MiB.
2026-10-05T06:56:47Z INFO [132/500] 34b2ff2c-1fa2-47d3-83d0-ee6671805487: 117 chunks; 1.0 s; peak memory 1198 MiB.
2026-10-05T06:56:48Z INFO [133/500] 34b30d9d-e578-45ac-b36c-53015414ad06: 67 chunks; 1.3 s; peak memory 1198 MiB.
2026-10-05T06:56:49Z INFO [134/500] 34b4398c-53d2-4f16-b84d-a91c339f6bb8: 112 chunks; 1.1 s; peak memory 1198 MiB.
2026-10-05T06:56:51Z INFO [135/500] 34b4dddd-3400-47a2-bec2-5256df0b6ed6: 124 chunks; 1.3 s; peak memory 1198 MiB.
2026-10-05T06:56:51Z INFO [136/500] 34b5988b-e28f-4e57-b3c4-b5e9af801300: 48 chunks; 0.8 s; peak memory 1198 MiB.
2026-10-05T06:56:52Z INFO [137/500] 34b66baa-8bec-4a34-8248-43d354313801: 48 chunks; 0.7 s; peak memory 1198 MiB.
2026-10-05T06:56:54Z INFO [138/500] 34b6a3f4-bc95-4817-b4a2-acca028c71f0: 115 chunks; 1.9 s; peak memory 1198 MiB.
2026-10-05T06:56:55Z INFO [139/500] 34b7433b-5a90-4a3f-8cc6-25170de5c115: 48 chunks; 0.7 s; peak memory 1198 MiB.
2026-10-05T06:56:55Z INFO [140/500] 34b7c6fa-d9db-406b-ae22-8caed0f25d5e: 48 chunks; 0.8 s; peak memory 1198 MiB.
2026-10-05T06:56:56Z INFO [141/500] 34b7dc78-4672-4026-ac48-34a9744948c2: 52 chunks; 0.8 s; peak memory 1198 MiB.
2026-10-05T06:57:08Z INFO [142/500] 34b7e2c0-f214-44c3-86df-f9cc0b1ad9e6: 8232 chunks; 11.7 s; peak memory 1198 MiB.
2026-10-05T06:57:09Z INFO [143/500] 34b8bde8-11d9-47b4-8ae3-3ca8d9682631: 70 chunks; 1.0 s; peak memory 1198 MiB.
2026-10-05T06:57:10Z INFO [144/500] 34ba690f-6629-4517-a611-e6f154054373: 48 chunks; 1.0 s; peak memory 1198 MiB.
2026-10-05T06:57:11Z INFO [145/500] 34baac3f-1717-4411-9581-3c69d7d83668: 48 chunks; 0.9 s; peak memory 1198 MiB.
2026-10-05T06:57:12Z INFO [146/500] 34bb6c03-d6b2-46f1-a501-c928a54a7950: 37 chunks; 0.6 s; peak memory 1198 MiB.
2026-10-05T06:57:13Z INFO [147/500] 34bb865e-f9f7-449b-92f2-c0ff89752370: 58 chunks; 1.1 s; peak memory 1198 MiB.
2026-10-05T06:57:19Z INFO [148/500] 34bbfa87-200e-46e9-a07f-f60bfcd2f763: 22554 chunks; 6.3 s; peak memory 1198 MiB.
2026-10-05T06:57:20Z INFO [149/500] 34bd37a3-947f-48a6-a463-7bb3e0af93b5: 56 chunks; 0.7 s; peak memory 1198 MiB.
2026-10-05T06:57:30Z INFO [150/500] 34bd3e51-fbf0-40d7-af45-32ce14ce79a2: 8229 chunks; 10.2 s; peak memory 1198 MiB.
2026-10-05T06:57:30Z INFO [150/500] 34bd3e51-fbf0-40d7-af45-32ce14ce79a2: checkpointed 72484 records.
2026-10-05T06:57:31Z INFO [151/500] 34bd4d45-43cc-46b5-a2f7-78d9339e86f2: 61 chunks; 0.8 s; peak memory 1198 MiB.
2026-10-05T06:57:32Z INFO [152/500] 34bdcd45-aa0c-4b04-97a5-bd9a9518fb05: 46 chunks; 0.7 s; peak memory 1198 MiB.
2026-10-05T06:57:33Z INFO [153/500] 34be9c2f-8c54-4c1b-afc0-a4cc381cb922: 71 chunks; 1.6 s; peak memory 1198 MiB.
2026-10-05T06:57:34Z INFO [154/500] 34bec7e6-136d-40c2-bbec-48607ad10668: 117 chunks; 0.8 s; peak memory 1198 MiB.
2026-10-05T06:57:35Z INFO [155/500] 34bf5273-a753-4b6a-9b15-b3eef2f9561f: 46 chunks; 0.6 s; peak memory 1198 MiB.
2026-10-05T06:57:35Z INFO [156/500] 34c057b2-964c-4452-b2be-5de0033d9ff9: 52 chunks; 0.8 s; peak memory 1198 MiB.
2026-10-05T06:57:36Z INFO [157/500] 34c1aa5d-921b-4ce0-a894-025ac55e18ac: 48 chunks; 0.8 s; peak memory 1198 MiB.
2026-10-05T06:57:37Z INFO [158/500] 34c1afac-0d02-4615-aa1e-7a504f05a822: 52 chunks; 0.8 s; peak memory 1198 MiB.
2026-10-05T06:57:38Z INFO [159/500] 34c28da0-7b2b-4efb-8864-11d8cda7a8d5: 56 chunks; 0.6 s; peak memory 1198 MiB.
2026-10-05T06:57:38Z INFO [160/500] 34c296b9-237f-4de1-b4ab-c41267816847: 116 chunks; 0.9 s; peak memory 1198 MiB.
2026-10-05T06:57:40Z INFO [161/500] 34c2e878-e0e9-4e71-96cd-3178fbda1058: 51 chunks; 1.2 s; peak memory 1198 MiB.
2026-10-05T06:57:40Z INFO [162/500] 34c34665-5998-49a0-a57d-933516376905: 59 chunks; 0.7 s; peak memory 1198 MiB.
2026-10-05T06:57:44Z INFO [163/500] 34c3ed8b-2a68-4fe5-91fd-99d6dd37c54a: 174 chunks; 3.7 s; peak memory 1198 MiB.
2026-10-05T06:57:46Z INFO [164/500] 34c436b6-af98-45e4-8a77-703657e83365: 118 chunks; 2.0 s; peak memory 1198 MiB.
2026-10-05T06:57:53Z INFO [165/500] 34c49327-8f5d-4280-9692-5a2f10bf61f9: 23248 chunks; 7.3 s; peak memory 1198 MiB.
2026-10-05T06:58:02Z INFO [166/500] 34c4e93b-0253-479d-a4ab-b1a97aba279c: 2103 chunks; 8.4 s; peak memory 1198 MiB.
2026-10-05T06:58:05Z INFO [167/500] 34c5423a-f501-4f27-a09a-eef5ec6bf0e0: 817 chunks; 3.7 s; peak memory 1198 MiB.
2026-10-05T06:58:06Z INFO [168/500] 34c57e5b-a903-40d0-9f5d-4799f2f7a9e1: 118 chunks; 0.9 s; peak memory 1198 MiB.
2026-10-05T06:58:07Z INFO [169/500] 34c640e3-5070-425a-9b05-86f421fd9b82: 117 chunks; 0.8 s; peak memory 1198 MiB.
2026-10-05T06:58:08Z INFO [170/500] 34c68339-b22d-4b29-b50c-12b9ee89a968: 118 chunks; 1.4 s; peak memory 1198 MiB.
2026-10-05T06:58:13Z INFO [171/500] 34c69351-9d30-4af6-862a-d5e2e62101d1: 611 chunks; 4.5 s; peak memory 1198 MiB.
2026-10-05T06:58:14Z INFO [172/500] 34c6a46b-0cf7-4710-a54a-a273c0c55a7a: 48 chunks; 0.7 s; peak memory 1198 MiB.
2026-10-05T06:58:15Z INFO [173/500] 34c78e8d-b9dc-4db1-bb1b-9dc95499e84e: 78 chunks; 1.4 s; peak memory 1198 MiB.
2026-10-05T06:58:19Z INFO [174/500] 34c8d99c-9bb2-43ec-9a41-54e37d5e38aa: 238 chunks; 4.2 s; peak memory 1198 MiB.
2026-10-05T06:58:20Z INFO [175/500] 34c8e131-fd42-4c00-b6eb-9a3ca4134966: 116 chunks; 0.9 s; peak memory 1198 MiB.
2026-10-05T06:58:21Z INFO [176/500] 34c9160a-494b-49f4-b505-a5f6b35f2dc1: 33 chunks; 0.7 s; peak memory 1198 MiB.
2026-10-05T06:58:22Z INFO [177/500] 34c9d0ac-e605-4fcc-81a4-a27bbc9b5df1: 116 chunks; 0.9 s; peak memory 1198 MiB.
2026-10-05T06:58:23Z INFO [178/500] 34cb2a12-1d1d-4d84-bf2a-7193a834c9e7: 48 chunks; 0.8 s; peak memory 1198 MiB.
2026-10-05T06:58:23Z INFO [179/500] 34cb49ca-b7d2-45dd-83a4-63d7daf5634b: 48 chunks; 0.8 s; peak memory 1198 MiB.
2026-10-05T06:58:24Z INFO [180/500] 34cb553c-5583-4352-956f-dd35b2baf50b: 117 chunks; 0.8 s; peak memory 1198 MiB.
2026-10-05T06:58:25Z INFO [181/500] 34cc2305-3274-4511-bd8f-4cdb4121cfb6: 77 chunks; 0.9 s; peak memory 1198 MiB.
2026-10-05T06:58:26Z INFO [182/500] 34cc32c9-8cee-42ec-ad8f-957752222384: 116 chunks; 1.0 s; peak memory 1198 MiB.
2026-10-05T07:00:08Z INFO [183/500] 34cc51a2-008c-4607-91ab-de3a3226b3dd: 38391 chunks; 101.6 s; peak memory 1198 MiB.
2026-10-05T07:00:09Z INFO [184/500] 34cd8325-3209-46c3-a396-ea9272e92331: 105 chunks; 1.4 s; peak memory 1198 MiB.
2026-10-05T07:00:10Z INFO [185/500] 34cd9893-21e0-45af-b67f-e7164bae0988: 112 chunks; 1.1 s; peak memory 1198 MiB.
2026-10-05T07:00:12Z INFO [186/500] 34cda13e-bd2f-4166-9ab5-63aabef8ff5a: 997 chunks; 1.9 s; peak memory 1198 MiB.
2026-10-05T07:00:16Z INFO [187/500] 34ce0fa1-2f3a-448f-be2f-3e2e01009499: 7241 chunks; 4.1 s; peak memory 1198 MiB.
2026-10-05T07:00:19Z INFO [188/500] 34ce7050-3e8f-48f4-b611-a06fd1e7a94e: 184 chunks; 3.0 s; peak memory 1198 MiB.
2026-10-05T07:00:21Z INFO [189/500] 34cec5f1-3f7b-4d99-8066-91a7a6ee4aec: 80 chunks; 1.8 s; peak memory 1198 MiB.
2026-10-05T07:00:22Z INFO [190/500] 34ceceaa-f23f-4996-ac68-319ae94774b7: 106 chunks; 1.2 s; peak memory 1198 MiB.
2026-10-05T07:00:37Z INFO [191/500] 34cfa7f9-f8fa-46d1-8e37-827d8a2b2abb: 4870 chunks; 14.7 s; peak memory 1198 MiB.
2026-10-05T07:00:38Z INFO [192/500] 34cfadc7-b30b-495c-ad82-066c5b288499: 48 chunks; 0.8 s; peak memory 1198 MiB.
2026-10-05T07:00:38Z INFO [193/500] 34cfb9ba-9723-4c96-9325-f4246b72c550: 117 chunks; 0.9 s; peak memory 1198 MiB.
2026-10-05T07:00:40Z INFO [194/500] 34cfd554-bd80-4f63-bc49-1641a82c9a69: 152 chunks; 1.2 s; peak memory 1198 MiB.
2026-10-05T07:00:41Z INFO [195/500] 34cfd57a-9b7d-4362-900a-5ba1de92603c: 77 chunks; 1.3 s; peak memory 1198 MiB.
2026-10-05T07:00:42Z INFO [196/500] 34d1e5a0-18b3-4953-8dca-cf16a16e306b: 116 chunks; 0.9 s; peak memory 1198 MiB.
2026-10-05T07:00:43Z INFO [197/500] 34d5d0b3-6cee-4d17-a995-187ccb64ccc9: 64 chunks; 0.9 s; peak memory 1198 MiB.
2026-10-05T07:00:44Z INFO [198/500] 34d71d8a-19f5-4c9b-bb65-5747cb4b5c7b: 108 chunks; 0.8 s; peak memory 1198 MiB.
2026-10-05T07:00:44Z INFO [199/500] 34d7f5fe-fdfc-4be4-9b3c-d5bf75c1bb14: 51 chunks; 0.6 s; peak memory 1198 MiB.
2026-10-05T07:00:45Z INFO [200/500] 34d8bb71-b669-4a6e-ad73-c1b2c6a309f3: 48 chunks; 0.9 s; peak memory 1198 MiB.
2026-10-05T07:00:45Z INFO [200/500] 34d8bb71-b669-4a6e-ad73-c1b2c6a309f3: checkpointed 72534 records.
2026-10-05T07:00:46Z INFO [201/500] 34d8d56e-1c59-4b35-a4c5-3cf69f4dae9c: 48 chunks; 0.9 s; peak memory 1198 MiB.
2026-10-05T07:00:48Z INFO [202/500] 34d919de-bc7a-482a-96fe-2c6fc400f7f1: 123 chunks; 1.7 s; peak memory 1198 MiB.
2026-10-05T07:00:52Z INFO [203/500] 34d9a12f-50c9-46e1-b83a-4811f6309e3e: 1094 chunks; 3.6 s; peak memory 1198 MiB.
2026-10-05T07:00:53Z INFO [204/500] 34da3881-d3c3-4be6-8f66-235e3d9660f7: 105 chunks; 1.2 s; peak memory 1198 MiB.
2026-10-05T07:00:54Z INFO [205/500] 34da698f-2fd0-4cba-b6f5-ca6c51d600e2: 48 chunks; 0.8 s; peak memory 1198 MiB.
2026-10-05T07:00:54Z INFO [206/500] 34da71e3-57b7-411d-aa2a-a6caddc04a53: 118 chunks; 0.9 s; peak memory 1198 MiB.
2026-10-05T07:00:55Z INFO [207/500] 34da98aa-b5b0-4352-82cf-498c0344e970: 48 chunks; 0.9 s; peak memory 1198 MiB.
2026-10-05T07:00:56Z INFO [208/500] 34db2858-8483-4c11-9d77-9dd335e3a4f3: 63 chunks; 0.8 s; peak memory 1198 MiB.
2026-10-05T07:00:57Z INFO [209/500] 34dc3030-33fd-4745-8836-212a475b9498: 57 chunks; 0.6 s; peak memory 1198 MiB.
2026-10-05T07:00:59Z INFO [210/500] 34dca9a5-c348-4262-9a0e-49340916f18d: 156 chunks; 2.3 s; peak memory 1198 MiB.
2026-10-05T07:01:00Z INFO [211/500] 34dd4dd6-b860-44e9-93d4-689cfd3b4d3b: 46 chunks; 0.7 s; peak memory 1198 MiB.
2026-10-05T07:01:01Z INFO [212/500] 34dd6889-0bfb-45e5-9609-6411cf488c1c: 117 chunks; 0.9 s; peak memory 1198 MiB.
2026-10-05T07:01:03Z INFO [213/500] 34dd6b3f-9479-478c-a6b4-34d422f7300d: 115 chunks; 1.9 s; peak memory 1198 MiB.
2026-10-05T07:01:12Z INFO [214/500] 34ddf539-a89f-49a4-847e-633d33d01efb: 2401 chunks; 9.6 s; peak memory 1198 MiB.
2026-10-05T07:01:13Z INFO [215/500] 34ddf563-0197-4e0b-9bc1-eeaaeea82daa: 117 chunks; 1.0 s; peak memory 1198 MiB.
2026-10-05T07:01:14Z INFO [216/500] 34de595c-0b57-43bf-a216-9f755be1ef14: 116 chunks; 0.9 s; peak memory 1198 MiB.
2026-10-05T07:01:15Z INFO [217/500] 34de90c1-71f9-48c2-bdb9-0ebc8fa5bb07: 48 chunks; 0.8 s; peak memory 1198 MiB.
2026-10-05T07:01:16Z INFO [218/500] 34deeb61-3d53-48c9-a633-734a49f2ea40: 69 chunks; 0.8 s; peak memory 1198 MiB.
2026-10-05T07:01:16Z INFO [219/500] 34df913e-f70a-459e-a124-705995309760: 48 chunks; 0.9 s; peak memory 1198 MiB.
2026-10-05T07:01:17Z INFO [220/500] 34df94a9-42c6-46b6-9472-29b40e6bfa8c: 52 chunks; 0.6 s; peak memory 1198 MiB.
2026-10-05T07:01:18Z INFO [221/500] 34dfc66b-2907-429e-97ff-1b59fba0f80c: 116 chunks; 0.9 s; peak memory 1198 MiB.
2026-10-05T07:01:19Z INFO [222/500] 34dff9cf-2f58-4fc8-b1a1-c921939b4397: 117 chunks; 0.9 s; peak memory 1198 MiB.
2026-10-05T07:01:20Z INFO [223/500] 34e01e74-ce96-44d2-b08d-1bdb76525c6b: 116 chunks; 0.9 s; peak memory 1198 MiB.
2026-10-05T07:01:21Z INFO [224/500] 34e06770-4af1-4e5b-ac22-c239e81d3160: 48 chunks; 1.0 s; peak memory 1198 MiB.
2026-10-05T07:01:22Z INFO [225/500] 34e104dd-2f95-4f23-91ea-0ca6908db335: 51 chunks; 0.9 s; peak memory 1198 MiB.
2026-10-05T07:01:22Z INFO [226/500] 34e1bc5d-b6ff-4481-83f0-ef075b5318a2: 118 chunks; 0.8 s; peak memory 1198 MiB.
2026-10-05T07:01:23Z INFO [227/500] 34e20a02-c3a4-40a5-8fe2-487b027bc7b5: 46 chunks; 0.7 s; peak memory 1198 MiB.
2026-10-05T07:01:24Z INFO [228/500] 34e25c11-7235-472c-abf5-0210dcd2e1e5: 118 chunks; 0.8 s; peak memory 1198 MiB.
2026-10-05T07:01:26Z INFO [229/500] 34e29572-27ce-49a5-babb-a64196303e9f: 186 chunks; 1.6 s; peak memory 1198 MiB.
2026-10-05T07:01:27Z INFO [230/500] 34e38f82-c942-4e81-8e7b-e16fddcee695: 66 chunks; 1.2 s; peak memory 1198 MiB.
2026-10-05T07:01:28Z INFO [231/500] 34e3ad85-6295-4c51-b8ab-0fd757b4a25c: 112 chunks; 1.0 s; peak memory 1198 MiB.
2026-10-05T07:01:30Z INFO [232/500] 34e3c46f-f129-4126-806b-228028268568: 156 chunks; 2.1 s; peak memory 1198 MiB.
2026-10-05T07:01:31Z INFO [233/500] 34e4d118-bb03-478b-b34e-6b9b5150c26f: 71 chunks; 1.6 s; peak memory 1198 MiB.
2026-10-05T07:01:32Z INFO [234/500] 34e4f244-8c4a-4bb1-a385-99cb83da5d9c: 48 chunks; 0.8 s; peak memory 1198 MiB.
2026-10-05T07:01:37Z INFO [235/500] 34e5633d-6c2d-4208-85c6-a9212d8d849e: 643 chunks; 4.4 s; peak memory 1198 MiB.
2026-10-05T07:01:38Z INFO [236/500] 34e573b2-fdb7-4796-b99a-a733b1407a4e: 48 chunks; 0.9 s; peak memory 1198 MiB.
2026-10-05T07:01:38Z INFO [237/500] 34e57509-261b-41a9-9193-713c8efd858d: 45 chunks; 0.9 s; peak memory 1198 MiB.
2026-10-05T07:01:39Z INFO [238/500] 34e5f18b-3f4e-4805-b387-cc3782adb925: 112 chunks; 1.0 s; peak memory 1198 MiB.
2026-10-05T07:01:41Z INFO [239/500] 34e61def-3978-497a-9803-635afd3cac61: 116 chunks; 2.0 s; peak memory 1198 MiB.
2026-10-05T07:01:42Z INFO [240/500] 34e689dd-8ca6-434a-a8b2-3a6ce8478648: 170 chunks; 0.8 s; peak memory 1198 MiB.
2026-10-05T07:01:43Z INFO [241/500] 34e7146f-e2db-4264-9946-4ead91b3dcc9: 48 chunks; 0.8 s; peak memory 1198 MiB.
2026-10-05T07:01:45Z INFO [242/500] 34e75d2c-0f9d-4a76-8cb1-d365c6d1286b: 124 chunks; 1.4 s; peak memory 1198 MiB.
2026-10-05T07:01:45Z INFO [243/500] 34e7a249-9229-4555-b8d2-1e485b72f936: 45 chunks; 0.6 s; peak memory 1198 MiB.
2026-10-05T07:01:46Z INFO [244/500] 34e864b2-3f8f-408a-aa5c-7bc28ceaadcb: 48 chunks; 0.8 s; peak memory 1198 MiB.
2026-10-05T07:01:47Z INFO [245/500] 34e8e0ff-6c8a-474f-a4f5-2c95bbba07c2: 48 chunks; 0.8 s; peak memory 1198 MiB.
2026-10-05T07:01:48Z INFO [246/500] 34e91960-fab7-4780-ad49-2d59d3a4f2b5: 72 chunks; 0.8 s; peak memory 1198 MiB.
2026-10-05T07:01:49Z INFO [247/500] 34e95744-a4fa-43c2-a39d-051d0aa70138: 1065 chunks; 1.5 s; peak memory 1198 MiB.
2026-10-05T07:01:58Z INFO [248/500] 34ea17cc-a12e-423f-b63d-2fc409a0340c: 40808 chunks; 9.1 s; peak memory 1198 MiB.
2026-10-05T07:02:00Z INFO [249/500] 34eb2694-bb15-4f6c-9d09-b174e1568f83: 163 chunks; 2.0 s; peak memory 1198 MiB.
2026-10-05T07:02:01Z INFO [250/500] 34eb3b87-ead0-4a15-b342-ce70f30b7e8e: 117 chunks; 0.8 s; peak memory 1198 MiB.
2026-10-05T07:02:01Z INFO [250/500] 34eb3b87-ead0-4a15-b342-ce70f30b7e8e: checkpointed 72584 records.
2026-10-05T07:02:13Z INFO [251/500] 34ec8309-0dd7-4ff0-a414-6956d3c2081a: 30034 chunks; 11.4 s; peak memory 1198 MiB.
2026-10-05T07:02:13Z INFO [252/500] 34ecc670-a175-405e-8ddd-9d727ab5540a: 48 chunks; 0.8 s; peak memory 1198 MiB.
2026-10-05T07:02:14Z INFO [253/500] 34eda381-f22d-404c-8b01-67344a7d7439: 48 chunks; 0.9 s; peak memory 1198 MiB.
2026-10-05T07:02:16Z INFO [254/500] 34eddcfa-22de-4f2b-aac1-684f96f1a24b: 115 chunks; 1.7 s; peak memory 1198 MiB.
2026-10-05T07:02:17Z INFO [255/500] 34ee5268-cf59-4660-abe3-585a38e70397: 117 chunks; 0.8 s; peak memory 1198 MiB.
2026-10-05T07:02:17Z INFO [256/500] 34ef8de4-d761-44c4-977e-57d818973ee6: 48 chunks; 0.8 s; peak memory 1198 MiB.
2026-10-05T07:03:19Z INFO [257/500] 34f00c2c-054f-448c-a043-353e15800328: 32825 chunks; 61.1 s; peak memory 1198 MiB.
2026-10-05T07:03:19Z INFO [258/500] 34f02486-8169-4a85-8cb6-ab890d6bbbb7: 48 chunks; 0.8 s; peak memory 1198 MiB.
2026-10-05T07:03:21Z INFO [259/500] 34f0dbf6-43c9-49f6-b71c-abb66a2ac9c8: 66 chunks; 1.4 s; peak memory 1198 MiB.
2026-10-05T07:03:22Z INFO [260/500] 34f10ce5-9753-48f1-96c9-64b3b694aa22: 85 chunks; 0.9 s; peak memory 1198 MiB.
2026-10-05T07:03:23Z INFO [261/500] 34f117d0-415d-4d46-93c7-0fc5d1f2eb90: 66 chunks; 1.1 s; peak memory 1198 MiB.
2026-10-05T07:03:26Z INFO [262/500] 34f1508d-a309-43ca-9c57-10f4dcdfde84: 356 chunks; 3.5 s; peak memory 1198 MiB.
2026-10-05T07:03:27Z INFO [263/500] 34f2d651-01b5-4e40-bb4b-a7858a12434c: 117 chunks; 0.9 s; peak memory 1198 MiB.
2026-10-05T07:03:37Z INFO [264/500] 34f339a7-b9ec-4a0c-92ce-1c112891c041: 3175 chunks; 9.6 s; peak memory 1198 MiB.
2026-10-05T07:03:38Z INFO [265/500] 34f38f0f-3407-47c4-ad76-e697c8d60850: 117 chunks; 0.9 s; peak memory 1198 MiB.
2026-10-05T07:03:38Z INFO [266/500] 34f437d8-5607-49a7-a01a-be5d10db165e: 121 chunks; 0.7 s; peak memory 1198 MiB.
2026-10-05T07:03:39Z INFO [267/500] 34f51781-0801-49a3-bbed-895a94733792: 52 chunks; 0.8 s; peak memory 1198 MiB.
2026-10-05T07:03:40Z INFO [268/500] 34f5ac58-3f35-4176-b944-b1b352169230: 69 chunks; 0.9 s; peak memory 1198 MiB.
2026-10-05T07:03:45Z INFO [269/500] 34f754a2-3d02-48f2-87ff-d71372319529: 16069 chunks; 5.2 s; peak memory 1198 MiB.
2026-10-05T07:03:46Z INFO [270/500] 34f88510-fbf4-47ed-8d1e-8063b2bdc776: 116 chunks; 0.9 s; peak memory 1198 MiB.
2026-10-05T07:03:47Z INFO [271/500] 34f88b3b-67e3-4703-8419-e28786997090: 112 chunks; 0.8 s; peak memory 1198 MiB.
2026-10-05T07:03:48Z INFO [272/500] 34f90e8c-5e50-4db6-897e-0befbb33c8f7: 117 chunks; 0.9 s; peak memory 1198 MiB.
2026-10-05T07:03:49Z INFO [273/500] 34f93e75-4869-45b8-8449-11de8a92e506: 112 chunks; 0.9 s; peak memory 1198 MiB.
2026-10-05T07:03:50Z INFO [274/500] 34f94112-7365-48cd-9336-d8c8f3323180: 48 chunks; 0.9 s; peak memory 1198 MiB.
2026-10-05T07:03:50Z INFO [275/500] 34f9e207-5c72-4206-9b1b-6b8f26524f1f: 52 chunks; 0.6 s; peak memory 1198 MiB.
2026-10-05T07:04:09Z INFO [276/500] 34fa65be-59be-44fc-a2f2-83e0cc46ca65: 6039 chunks; 18.2 s; peak memory 1198 MiB.
2026-10-05T07:04:10Z INFO [277/500] 34fb7cb2-8c70-4196-a081-1079653ea700: 116 chunks; 1.0 s; peak memory 1198 MiB.
2026-10-05T07:05:00Z INFO [278/500] 34fd6741-3de5-4efc-9d7b-36dcf2c5615c: 24686 chunks; 50.8 s; peak memory 1198 MiB.
2026-10-05T07:05:01Z INFO [279/500] 34fd6966-25dc-43c8-ae46-f36f5face7b2: 46 chunks; 0.8 s; peak memory 1198 MiB.
2026-10-05T07:05:02Z INFO [280/500] 34fd87a7-359a-485e-80e8-1f49c9747d54: 46 chunks; 0.6 s; peak memory 1198 MiB.
2026-10-05T07:05:03Z INFO [281/500] 34fd94c3-249e-4c90-9cfb-22e6173433bb: 66 chunks; 1.2 s; peak memory 1198 MiB.
2026-10-05T07:05:04Z INFO [282/500] 34fdd31c-c180-4199-a4a0-3468eecc13f1: 117 chunks; 0.9 s; peak memory 1198 MiB.
2026-10-05T07:05:05Z INFO [283/500] 34ff8ab1-b539-4be3-8628-a748ba272420: 68 chunks; 0.8 s; peak memory 1198 MiB.
2026-10-05T07:05:06Z INFO [284/500] 35000cd5-680b-4125-b554-d3ea8b3af2ed: 48 chunks; 0.9 s; peak memory 1198 MiB.
2026-10-05T07:05:06Z INFO [285/500] 3500d75f-388a-47fe-9527-4d0338a0f675: 116 chunks; 0.9 s; peak memory 1198 MiB.
2026-10-05T07:05:12Z INFO [286/500] 35011a15-ec77-4fb7-ab23-ab7af118a5ee: 319 chunks; 5.3 s; peak memory 1198 MiB.
2026-10-05T07:05:13Z INFO [287/500] 35015f87-71e7-45f1-b9ce-88d811837706: 64 chunks; 0.8 s; peak memory 1198 MiB.
2026-10-05T07:05:14Z INFO [288/500] 35016c30-67be-4afc-9c23-891790d25649: 51 chunks; 1.2 s; peak memory 1198 MiB.
2026-10-05T07:05:15Z INFO [289/500] 35019853-9608-4a9c-96cc-7f42b175e2d1: 110 chunks; 1.0 s; peak memory 1198 MiB.
2026-10-05T07:05:16Z INFO [290/500] 35021487-977a-4bc4-9b93-5b52f4a4d774: 117 chunks; 0.8 s; peak memory 1198 MiB.
2026-10-05T07:05:16Z INFO [291/500] 3502a7a8-bc28-4d66-b78a-89cfa27da937: 112 chunks; 1.0 s; peak memory 1198 MiB.
2026-10-05T07:05:17Z INFO [292/500] 35037891-11a3-4259-9ef2-708c3b61a128: 116 chunks; 0.9 s; peak memory 1198 MiB.
2026-10-05T07:05:18Z INFO [293/500] 35042d58-955c-4920-b2ef-81c2fb0bd48e: 48 chunks; 0.8 s; peak memory 1198 MiB.
2026-10-05T07:05:19Z INFO [294/500] 350442d8-5099-4dbc-9834-c5706982f9dc: 275 chunks; 1.1 s; peak memory 1198 MiB.
2026-10-05T07:05:20Z INFO [295/500] 35045018-82de-4c6b-a03f-189838764fab: 46 chunks; 0.6 s; peak memory 1198 MiB.
2026-10-05T07:05:21Z INFO [296/500] 35049562-7a0f-4fc9-bfad-3486f6d5cdea: 117 chunks; 0.9 s; peak memory 1198 MiB.
2026-10-05T07:05:22Z INFO [297/500] 35051366-6f44-4892-b898-eb8a290fbbb5: 66 chunks; 1.2 s; peak memory 1198 MiB.
2026-10-05T07:05:23Z INFO [298/500] 35053c9b-6568-402e-808a-d5b6772f749c: 117 chunks; 1.0 s; peak memory 1198 MiB.
2026-10-05T07:05:24Z INFO [299/500] 35058d70-c4b9-473e-9694-62c37ce7d7fb: 48 chunks; 0.9 s; peak memory 1198 MiB.
2026-10-05T07:05:26Z INFO [300/500] 35068c55-dd42-4e01-b5cc-10b9f7c18511: 112 chunks; 1.9 s; peak memory 1198 MiB.
2026-10-05T07:05:26Z INFO [300/500] 35068c55-dd42-4e01-b5cc-10b9f7c18511: checkpointed 72634 records.
2026-10-05T07:05:27Z INFO [301/500] 35068cd9-4348-4b88-88ce-3770723e003e: 48 chunks; 0.8 s; peak memory 1198 MiB.
2026-10-05T07:05:28Z INFO [302/500] 3506ab87-9e7d-4ca9-b66b-adafc1436477: 57 chunks; 1.3 s; peak memory 1198 MiB.
2026-10-05T07:05:30Z INFO [303/500] 3507d1b9-906c-4b4b-99d6-ee0a2fa1566d: 116 chunks; 2.1 s; peak memory 1198 MiB.
2026-10-05T07:05:31Z INFO [304/500] 350a324a-7edb-4dd1-91f8-6c77e3a25582: 117 chunks; 1.0 s; peak memory 1198 MiB.
2026-10-05T07:05:32Z INFO [305/500] 350a7360-2547-49c2-9a30-bdb4703fab48: 117 chunks; 0.9 s; peak memory 1198 MiB.
2026-10-05T07:05:36Z INFO [306/500] 350c3d2f-facf-4f78-99a5-5b2a5fa6ab32: 4065 chunks; 3.7 s; peak memory 1198 MiB.
2026-10-05T07:05:37Z INFO [307/500] 350c52bc-361e-47ad-967f-d4e4156ffe04: 112 chunks; 1.0 s; peak memory 1198 MiB.
2026-10-05T07:05:38Z INFO [308/500] 350cbd50-b69e-4a44-9a65-7dd151d53e1d: 69 chunks; 1.2 s; peak memory 1198 MiB.
2026-10-05T07:05:39Z INFO [309/500] 350d89dd-1628-4965-9642-fbc334f1e447: 48 chunks; 0.9 s; peak memory 1198 MiB.
2026-10-05T07:05:40Z INFO [310/500] 350e157a-0a56-47b4-ad5f-31bec9b7dfb1: 118 chunks; 1.0 s; peak memory 1198 MiB.
2026-10-05T07:05:41Z INFO [311/500] 350f78b5-5065-4554-b2a4-1c58037f7bff: 62 chunks; 1.4 s; peak memory 1198 MiB.
2026-10-05T07:05:42Z INFO [312/500] 351005cf-9988-4b23-b851-600bbe82f8fe: 48 chunks; 0.8 s; peak memory 1198 MiB.
2026-10-05T07:05:43Z INFO [313/500] 35107280-c993-4ae4-81c0-800b740b1b6d: 115 chunks; 0.9 s; peak memory 1198 MiB.
2026-10-05T07:05:44Z INFO [314/500] 3510aa1b-e54a-44aa-88d3-ec90ed7be5b8: 112 chunks; 1.0 s; peak memory 1198 MiB.
2026-10-05T07:05:45Z INFO [315/500] 3510acd5-de6f-4a00-bee8-d4b2ac5831d4: 52 chunks; 0.8 s; peak memory 1198 MiB.
2026-10-05T07:05:46Z INFO [316/500] 3511380c-c293-41ad-8bef-cb66e467ac61: 105 chunks; 1.3 s; peak memory 1198 MiB.
2026-10-05T07:05:47Z INFO [317/500] 35119d14-81a1-471a-85f4-7af20b44aede: 117 chunks; 0.9 s; peak memory 1198 MiB.
2026-10-05T07:05:48Z INFO [318/500] 351317b6-f0b4-42a0-891f-3694f0d21dcf: 51 chunks; 0.6 s; peak memory 1198 MiB.
2026-10-05T07:05:49Z INFO [319/500] 35138a25-d766-419c-846d-b0748e05acdb: 118 chunks; 1.6 s; peak memory 1198 MiB.
2026-10-05T07:05:50Z INFO [320/500] 35138e7a-9e23-4084-ae89-5eaa4c1424d7: 48 chunks; 0.8 s; peak memory 1198 MiB.
2026-10-05T07:05:53Z INFO [321/500] 3513ede9-ce62-422a-a027-51a6237b8d25: 1852 chunks; 2.4 s; peak memory 1198 MiB.
2026-10-05T07:05:53Z INFO [322/500] 35143e75-a02b-4ddd-b642-1b1554c010f8: 48 chunks; 0.7 s; peak memory 1198 MiB.
2026-10-05T07:05:54Z INFO [323/500] 35146485-9bc3-4930-9a8c-8acd9dc6ba45: 48 chunks; 0.8 s; peak memory 1198 MiB.
2026-10-05T07:06:01Z INFO [324/500] 351494c3-a4e2-4002-8d95-5f41f0c90545: 396 chunks; 6.7 s; peak memory 1198 MiB.
2026-10-05T07:06:03Z INFO [325/500] 3514c634-067c-4d2f-bb23-e9924711d925: 118 chunks; 2.0 s; peak memory 1198 MiB.
2026-10-05T07:06:09Z INFO [326/500] 3514cbf4-37c3-4a71-be79-9edb70bbfed5: 7223 chunks; 6.0 s; peak memory 1198 MiB.
2026-10-05T07:06:10Z INFO [327/500] 351503e8-45b2-4831-84a9-149ba9eaf157: 48 chunks; 0.8 s; peak memory 1198 MiB.
2026-10-05T07:06:11Z INFO [328/500] 3515e8d4-0228-46f6-af2b-9899ef0d3d6e: 477 chunks; 1.8 s; peak memory 1198 MiB.
2026-10-05T07:06:14Z INFO [329/500] 35162154-815e-4702-b17b-2684aa77aa20: 114 chunks; 2.0 s; peak memory 1198 MiB.
2026-10-05T07:06:22Z INFO [330/500] 35169d46-0c24-454b-9595-032c388286dc: 1042 chunks; 8.3 s; peak memory 1198 MiB.
2026-10-05T07:06:32Z INFO [331/500] 35175f17-fcbe-4932-8dcb-dde59f4e1ecb: 32422 chunks; 10.5 s; peak memory 1198 MiB.
2026-10-05T07:06:34Z INFO [332/500] 3517a82a-a2fd-4736-b6fc-18053a14773c: 997 chunks; 1.7 s; peak memory 1198 MiB.
2026-10-05T07:06:36Z INFO [333/500] 35185469-b1a8-40c5-9149-88c608b71292: 153 chunks; 2.3 s; peak memory 1198 MiB.
2026-10-05T07:06:41Z INFO [334/500] 35187c61-766c-443c-a117-9e454e64be08: 15079 chunks; 5.2 s; peak memory 1198 MiB.
2026-10-05T07:06:43Z INFO [335/500] 35188b8b-bf00-4cce-ab7e-e0ed5811923a: 119 chunks; 1.9 s; peak memory 1198 MiB.
2026-10-05T07:06:50Z INFO [336/500] 35192b99-bbaa-4024-9a5a-0a83918ec7cf: 339 chunks; 6.2 s; peak memory 1198 MiB.
2026-10-05T07:06:51Z INFO [337/500] 3519d9d6-b21e-454a-9596-dad05e964ae5: 569 chunks; 1.8 s; peak memory 1198 MiB.
2026-10-05T07:06:56Z INFO [338/500] 3519e3bf-6480-41fd-97fa-ed619dd7ec84: 278 chunks; 5.0 s; peak memory 1198 MiB.
2026-10-05T07:06:58Z INFO [339/500] 351bc888-e8a6-46f0-afb1-8f851453991f: 116 chunks; 1.1 s; peak memory 1198 MiB.
2026-10-05T07:06:58Z INFO [340/500] 351befd2-f046-4281-81c5-5f7946f5bb86: 69 chunks; 0.7 s; peak memory 1198 MiB.
2026-10-05T07:07:05Z INFO [341/500] 351c8145-1bee-4d71-a46c-639aca108ded: 11550 chunks; 7.1 s; peak memory 1198 MiB.
2026-10-05T07:07:12Z INFO [342/500] 351cf066-a304-4d31-8606-75d7f7142562: 16795 chunks; 6.7 s; peak memory 1198 MiB.
2026-10-05T07:07:59Z INFO [343/500] 351e4838-523d-4338-8582-8fdece60a297: 24882 chunks; 47.1 s; peak memory 1198 MiB.
2026-10-05T07:08:00Z INFO [344/500] 351e94c7-c21f-4d86-84eb-53eb60601e96: 117 chunks; 0.9 s; peak memory 1198 MiB.
2026-10-05T07:08:01Z INFO [345/500] 351e9cd9-fded-4d87-979d-00faa08ebb17: 363 chunks; 1.0 s; peak memory 1198 MiB.
2026-10-05T07:08:02Z INFO [346/500] 351ea919-3992-4ad3-83c6-b1ada9603adf: 117 chunks; 0.9 s; peak memory 1198 MiB.
2026-10-05T07:08:11Z INFO [347/500] 351ecf6e-49f4-4136-be37-ca7dd25a89cd: 20058 chunks; 9.5 s; peak memory 1198 MiB.
2026-10-05T07:08:18Z INFO [348/500] 351f822b-5642-4c38-b155-a08a20d7b2fd: 17113 chunks; 6.8 s; peak memory 1198 MiB.
2026-10-05T07:08:19Z INFO [349/500] 351f9412-e0d9-4ce7-a01f-77348dfd6904: 592 chunks; 1.2 s; peak memory 1198 MiB.
2026-10-05T07:08:20Z INFO [350/500] 35203812-b99a-408f-9b79-6faa3daef7e2: 46 chunks; 0.7 s; peak memory 1198 MiB.
2026-10-05T07:08:20Z INFO [350/500] 35203812-b99a-408f-9b79-6faa3daef7e2: checkpointed 72684 records.
2026-10-05T07:08:22Z INFO [351/500] 35210ec3-88ba-4992-b982-dd4d91d7fba8: 70 chunks; 1.3 s; peak memory 1198 MiB.
2026-10-05T07:08:23Z INFO [352/500] 35217f8c-fe3c-4a0d-be12-cf446c7ca7f0: 140 chunks; 1.7 s; peak memory 1198 MiB.
2026-10-05T07:08:33Z INFO [353/500] 35221bba-4c02-4c6d-8db7-f64e9fa66b73: 20868 chunks; 10.0 s; peak memory 1198 MiB.
2026-10-05T07:08:34Z INFO [354/500] 35235074-9e7c-437d-92e9-9b5add375767: 48 chunks; 1.1 s; peak memory 1198 MiB.
2026-10-05T07:08:35Z INFO [355/500] 3523f696-eaa5-4de5-ad0d-cb28dd562941: 116 chunks; 0.9 s; peak memory 1198 MiB.
2026-10-05T07:08:36Z INFO [356/500] 35247042-12ef-44f6-a0ec-0d23372b5f7f: 48 chunks; 0.9 s; peak memory 1198 MiB.
2026-10-05T07:08:37Z INFO [357/500] 3525377d-09da-4ed4-9422-75b3bf85093d: 62 chunks; 1.2 s; peak memory 1198 MiB.
2026-10-05T07:08:38Z INFO [358/500] 3525a354-1ec9-480a-a0fb-dbb10880faa7: 46 chunks; 0.6 s; peak memory 1198 MiB.
2026-10-05T07:08:40Z INFO [359/500] 3525b9ba-884c-4adc-9457-734f046ac051: 2150 chunks; 2.5 s; peak memory 1198 MiB.
2026-10-05T07:08:42Z INFO [360/500] 3527b59e-c48e-4145-ae7f-1188785c6bee: 112 chunks; 1.2 s; peak memory 1198 MiB.
2026-10-05T07:08:43Z INFO [361/500] 3528a933-1102-4b9b-a3e8-64a36b6639f0: 118 chunks; 1.0 s; peak memory 1198 MiB.
2026-10-05T07:08:43Z INFO [362/500] 3529213e-0bd6-40e7-a755-8a5c5646b7b9: 68 chunks; 0.8 s; peak memory 1198 MiB.
2026-10-05T07:08:44Z INFO [363/500] 35293a70-6a87-49d3-8c6d-5e10cf380d13: 57 chunks; 0.7 s; peak memory 1198 MiB.
2026-10-05T07:08:46Z INFO [364/500] 3529a0a7-e630-4c94-b5a0-8863210065f7: 138 chunks; 1.8 s; peak memory 1198 MiB.
2026-10-05T07:08:47Z INFO [365/500] 3529b96c-8b46-49d3-a33a-e643c67ced7a: 110 chunks; 1.0 s; peak memory 1198 MiB.
2026-10-05T07:08:48Z INFO [366/500] 352a0c7d-0cd3-4939-910e-e4d7931e33ae: 118 chunks; 0.9 s; peak memory 1198 MiB.
2026-10-05T07:08:49Z INFO [367/500] 352a1359-5093-48c3-b66c-37963cd41ac7: 66 chunks; 1.2 s; peak memory 1198 MiB.
2026-10-05T07:08:50Z INFO [368/500] 352a2a36-e0c8-4715-bef7-c4da54a6f70a: 48 chunks; 0.8 s; peak memory 1198 MiB.
2026-10-05T07:08:51Z INFO [369/500] 352a2e13-79f4-48df-9d06-96be86a3f106: 69 chunks; 1.3 s; peak memory 1198 MiB.
2026-10-05T07:08:56Z INFO [370/500] 352a76e6-7cfa-405d-8d8c-7e4e204a1b9e: 4151 chunks; 5.1 s; peak memory 1198 MiB.
2026-10-05T07:08:57Z INFO [371/500] 352b29e7-e350-4479-af6b-803a236824e4: 48 chunks; 0.9 s; peak memory 1198 MiB.
2026-10-05T07:09:00Z INFO [372/500] 352b7d67-c455-4839-8e28-d0098baa5edd: 156 chunks; 2.4 s; peak memory 1198 MiB.
2026-10-05T07:09:04Z INFO [373/500] 352bf565-cfbb-47a9-90f2-ec09f5a30e3c: 8336 chunks; 4.1 s; peak memory 1198 MiB.
2026-10-05T07:09:07Z INFO [374/500] 352c20f1-6dd9-41e2-85c0-71cad488cd5c: 6781 chunks; 3.4 s; peak memory 1198 MiB.
2026-10-05T07:09:09Z INFO [375/500] 352c34bb-8d60-46a6-a643-2c5c29df5fb0: 106 chunks; 1.4 s; peak memory 1198 MiB.
2026-10-05T07:09:10Z INFO [376/500] 352c83e4-16a5-4efc-9e53-685cba0d252c: 118 chunks; 0.9 s; peak memory 1198 MiB.
2026-10-05T07:09:14Z INFO [377/500] 352d24e5-a1ff-4653-b8d1-3261e44b3c02: 14782 chunks; 4.8 s; peak memory 1198 MiB.
2026-10-05T07:09:15Z INFO [378/500] 352d43da-f6ec-4cdc-af2d-1d34ae627741: 46 chunks; 0.6 s; peak memory 1198 MiB.
2026-10-05T07:09:16Z INFO [379/500] 352f2da1-bb71-4eaf-b4da-a72a72f8c30d: 62 chunks; 0.7 s; peak memory 1198 MiB.
2026-10-05T07:11:19Z INFO [380/500] 353071d0-b936-40a1-a262-621009d457ca: 42730 chunks; 123.6 s; peak memory 1198 MiB.
2026-10-05T07:11:20Z INFO [381/500] 353105e8-3d2e-4362-97e8-6277c8ee89ed: 50 chunks; 0.8 s; peak memory 1198 MiB.
2026-10-05T07:11:27Z INFO [382/500] 353253e2-3346-4aed-8990-99e784766f46: 33565 chunks; 6.8 s; peak memory 1198 MiB.
2026-10-05T07:11:28Z INFO [383/500] 3532e2e6-0000-4e15-88e0-1f2a5a219c97: 48 chunks; 0.8 s; peak memory 1198 MiB.
2026-10-05T07:11:28Z INFO [384/500] 35336d0a-0300-4101-b4fa-6273939cd2e1: 48 chunks; 0.9 s; peak memory 1198 MiB.
2026-10-05T07:11:29Z INFO [385/500] 3534dd68-da26-4c43-a85e-5d26dbe00831: 46 chunks; 0.6 s; peak memory 1198 MiB.
2026-10-05T07:11:41Z INFO [386/500] 3534fb08-57d3-47c3-99df-ddf3385b299f: 25880 chunks; 12.4 s; peak memory 1198 MiB.
2026-10-05T07:11:45Z INFO [387/500] 3535d0f6-c4b3-4849-8e0a-fdabf6cc554b: 436 chunks; 4.0 s; peak memory 1198 MiB.
2026-10-05T07:11:47Z INFO [388/500] 35383b5a-38dc-4e61-8955-5a0d3b7c21f6: 112 chunks; 1.3 s; peak memory 1198 MiB.
2026-10-05T07:11:48Z INFO [389/500] 3538bf96-a08f-4456-b297-f961d966ff82: 275 chunks; 1.3 s; peak memory 1198 MiB.
2026-10-05T07:11:55Z INFO [390/500] 35392022-64c9-466d-a3c2-101ee49fcb5f: 23386 chunks; 7.3 s; peak memory 1198 MiB.
2026-10-05T07:11:56Z INFO [391/500] 3539d5f1-fb21-4577-bf42-bd97cbdb96ab: 62 chunks; 1.3 s; peak memory 1198 MiB.
2026-10-05T07:11:58Z INFO [392/500] 353afcc6-b73c-41ef-aa61-6375c484e0a6: 66 chunks; 1.2 s; peak memory 1198 MiB.
2026-10-05T07:13:19Z INFO [393/500] 353b910a-a000-4b3c-8de7-d0a51f124824: 28874 chunks; 81.0 s; peak memory 1198 MiB.
2026-10-05T07:13:20Z INFO [394/500] 353c0d95-6895-440a-add6-cc7d90dc5e57: 134 chunks; 1.7 s; peak memory 1198 MiB.
2026-10-05T07:13:22Z INFO [395/500] 353da15e-e983-4075-81f2-e0cf8abc4dce: 112 chunks; 1.2 s; peak memory 1198 MiB.
2026-10-05T07:13:23Z INFO [396/500] 353dc27e-4e71-46ce-ad93-27d9a0f6a97a: 64 chunks; 1.2 s; peak memory 1198 MiB.
2026-10-05T07:13:24Z INFO [397/500] 353dc604-d197-4f9d-ba5f-9b25547d7857: 118 chunks; 1.7 s; peak memory 1198 MiB.
2026-10-05T07:13:26Z INFO [398/500] 353e824f-9e90-4f56-98de-96376da20fc3: 191 chunks; 1.8 s; peak memory 1198 MiB.
2026-10-05T07:13:27Z INFO [399/500] 353e87b8-5190-49ea-a6da-2c56ff9385c0: 37 chunks; 0.7 s; peak memory 1198 MiB.
2026-10-05T07:13:28Z INFO [400/500] 353ecfad-532f-48b5-9e0d-dc76b07324d4: 103 chunks; 1.3 s; peak memory 1198 MiB.
2026-10-05T07:13:29Z INFO [400/500] 353ecfad-532f-48b5-9e0d-dc76b07324d4: checkpointed 72734 records.
2026-10-05T07:13:35Z INFO [401/500] 353f1bef-93e7-47e7-b934-9b1bb9ec158b: 1847 chunks; 6.5 s; peak memory 1198 MiB.
2026-10-05T07:13:36Z INFO [402/500] 353fc679-ebe3-4bd6-aa87-569ae060a839: 116 chunks; 0.9 s; peak memory 1198 MiB.
2026-10-05T07:13:37Z INFO [403/500] 353fc7e0-e6ac-4a1f-908b-6e75f9cf8dd5: 112 chunks; 0.9 s; peak memory 1198 MiB.
2026-10-05T07:13:38Z INFO [404/500] 353fd1b7-3e7d-42a1-85b2-535d2166e531: 36 chunks; 0.8 s; peak memory 1198 MiB.
2026-10-05T07:13:39Z INFO [405/500] 35400028-8cda-41a1-833d-98287a8084bf: 48 chunks; 1.0 s; peak memory 1198 MiB.
2026-10-05T07:13:44Z INFO [406/500] 3540157f-5228-4393-a07d-6e81adc2f484: 4151 chunks; 5.2 s; peak memory 1198 MiB.
2026-10-05T07:13:50Z INFO [407/500] 354065a1-a6ec-4454-8dc7-058e098d81d9: 16238 chunks; 6.6 s; peak memory 1198 MiB.
2026-10-05T07:13:51Z INFO [408/500] 35449ef0-8176-4fc1-89bf-0e2b9414b274: 50 chunks; 0.8 s; peak memory 1198 MiB.
2026-10-05T07:13:53Z INFO [409/500] 3544d156-0c15-4c9a-9e1c-c0d7faa7286f: 200 chunks; 2.3 s; peak memory 1198 MiB.
2026-10-05T07:13:55Z INFO [410/500] 3544fe70-c6dd-4b02-a4d1-f1ea4c2a9ad8: 115 chunks; 1.8 s; peak memory 1198 MiB.
2026-10-05T07:13:56Z INFO [411/500] 354525d1-95a0-445f-a15d-5878c33b5994: 118 chunks; 1.1 s; peak memory 1198 MiB.
2026-10-05T07:13:57Z INFO [412/500] 35466f67-2d1f-4e31-8e21-49299dfa789c: 57 chunks; 0.6 s; peak memory 1198 MiB.
2026-10-05T07:13:58Z INFO [413/500] 35469043-6aed-49b3-b9ee-ce240657eb70: 118 chunks; 0.8 s; peak memory 1198 MiB.
2026-10-05T07:14:03Z INFO [414/500] 3547bb9c-311a-4699-acf2-2c59f76d71da: 1187 chunks; 5.4 s; peak memory 1198 MiB.
2026-10-05T07:14:05Z INFO [415/500] 35480cd9-0d50-460d-a811-6fa4af5bd01c: 71 chunks; 1.9 s; peak memory 1198 MiB.
2026-10-05T07:14:06Z INFO [416/500] 3548373c-13dd-4ee0-b7b8-4db81dea6bb8: 48 chunks; 0.9 s; peak memory 1198 MiB.
2026-10-05T07:14:08Z INFO [417/500] 3548934b-6111-415e-a7ba-74bfe3a2505c: 156 chunks; 2.2 s; peak memory 1198 MiB.
2026-10-05T07:14:12Z INFO [418/500] 35492b1f-3332-4cf1-befc-19b8b5336e0f: 7596 chunks; 4.3 s; peak memory 1198 MiB.
2026-10-05T07:14:13Z INFO [419/500] 3549b731-91b4-4c97-a852-f07b436541f1: 78 chunks; 1.0 s; peak memory 1198 MiB.
2026-10-05T07:14:15Z INFO [420/500] 3549cf79-5534-45e1-9318-fb5b68a3e364: 76 chunks; 1.4 s; peak memory 1198 MiB.
2026-10-05T07:14:16Z INFO [421/500] 354a030c-becd-4c12-bf70-5f970ac24253: 51 chunks; 0.7 s; peak memory 1198 MiB.
2026-10-05T07:14:16Z INFO [422/500] 354a11bf-2545-43cc-a3a7-497d87a2025e: 69 chunks; 0.6 s; peak memory 1198 MiB.
2026-10-05T07:14:17Z INFO [423/500] 354a387e-67bb-4b03-ba6e-703ce8ecbf5f: 52 chunks; 0.9 s; peak memory 1198 MiB.
2026-10-05T07:14:18Z INFO [424/500] 354aace1-bb25-48b3-8cf2-7282158ad597: 62 chunks; 1.3 s; peak memory 1198 MiB.
2026-10-05T07:14:21Z INFO [425/500] 354aae15-0c83-4423-b734-8ff6a28bcf02: 1585 chunks; 2.7 s; peak memory 1198 MiB.
2026-10-05T07:14:22Z INFO [426/500] 354b2886-53c8-4863-8a0f-02c7cb03f931: 46 chunks; 0.7 s; peak memory 1198 MiB.
2026-10-05T07:14:23Z INFO [427/500] 354b3658-e834-446d-9db6-2b810172cfc1: 66 chunks; 1.2 s; peak memory 1198 MiB.
2026-10-05T07:14:25Z INFO [428/500] 354b850b-b2aa-4c32-9ec5-a2f328e02b89: 115 chunks; 2.0 s; peak memory 1198 MiB.
2026-10-05T07:14:26Z INFO [429/500] 354bc985-901e-448e-a247-4b6d8bb668a1: 167 chunks; 1.1 s; peak memory 1198 MiB.
2026-10-05T07:14:27Z INFO [430/500] 354c15fa-f942-45df-8572-abad0a23caed: 117 chunks; 0.9 s; peak memory 1198 MiB.
2026-10-05T07:14:28Z INFO [431/500] 354c41ca-b825-46fd-bd60-c8a2f175be0c: 115 chunks; 1.0 s; peak memory 1198 MiB.
2026-10-05T07:14:29Z INFO [432/500] 354c95d2-ee41-4730-a0ca-145220a12af7: 48 chunks; 0.9 s; peak memory 1198 MiB.
2026-10-05T07:14:30Z INFO [433/500] 354d2229-4947-40ee-9c43-0286a4692111: 48 chunks; 0.8 s; peak memory 1198 MiB.
2026-10-05T07:14:35Z INFO [434/500] 354d25e3-4d36-4024-b7d3-d09903b42e8d: 263 chunks; 5.0 s; peak memory 1198 MiB.
2026-10-05T07:14:36Z INFO [435/500] 354d8681-32c9-4841-8797-ae16307c6136: 51 chunks; 1.1 s; peak memory 1198 MiB.
2026-10-05T07:14:37Z INFO [436/500] 354dbf26-1da7-4816-8503-922616538c2a: 69 chunks; 1.0 s; peak memory 1198 MiB.
2026-10-05T07:14:38Z INFO [437/500] 354eb9aa-4c50-47e0-a3ee-a227a473f273: 114 chunks; 0.8 s; peak memory 1198 MiB.
2026-10-05T07:14:38Z INFO [438/500] 354ef80b-7eac-483e-86bf-a17291699831: 48 chunks; 0.7 s; peak memory 1198 MiB.
2026-10-05T07:14:40Z INFO [439/500] 354f7972-0910-4507-a5af-64f94bbc80f9: 115 chunks; 1.9 s; peak memory 1198 MiB.
2026-10-05T07:14:41Z INFO [440/500] 354fdc8e-6a33-4a8c-82ac-5a51aabf62ba: 48 chunks; 0.8 s; peak memory 1198 MiB.
2026-10-05T07:14:48Z INFO [441/500] 3550504f-c3e9-41cc-b0bb-9101a876a9dd: 1096 chunks; 7.2 s; peak memory 1198 MiB.
2026-10-05T07:14:49Z INFO [442/500] 3550a686-378b-4bb3-8fcc-5e4bf14d2313: 118 chunks; 1.0 s; peak memory 1198 MiB.
2026-10-05T07:14:54Z INFO [443/500] 35517c26-f7cb-4821-85ef-71e5b651815b: 2923 chunks; 4.4 s; peak memory 1198 MiB.
2026-10-05T07:14:55Z INFO [444/500] 3551e6d5-017b-4401-8fb9-d4f41e2566da: 48 chunks; 0.8 s; peak memory 1198 MiB.
2026-10-05T07:14:57Z INFO [445/500] 35524646-3cc0-43fa-846d-8ebcba8f365b: 548 chunks; 2.7 s; peak memory 1198 MiB.
2026-10-05T07:14:58Z INFO [446/500] 355324f1-f1d8-4beb-bd39-067bf50e91e1: 112 chunks; 0.8 s; peak memory 1198 MiB.
2026-10-05T07:14:59Z INFO [447/500] 355348c5-0a4e-4bdf-8d1c-ee34225ca79e: 57 chunks; 0.7 s; peak memory 1198 MiB.
2026-10-05T07:15:00Z INFO [448/500] 35536a02-7ffd-4ec3-85ce-60bd2b234acb: 48 chunks; 0.9 s; peak memory 1198 MiB.
2026-10-05T07:15:03Z INFO [449/500] 3553f650-9c01-4da4-b7ce-d1d3cbf07e35: 9424 chunks; 3.2 s; peak memory 1198 MiB.
2026-10-05T07:15:04Z INFO [450/500] 35550037-113e-41b8-af67-985279933270: 48 chunks; 0.8 s; peak memory 1198 MiB.
2026-10-05T07:15:04Z INFO [450/500] 35550037-113e-41b8-af67-985279933270: checkpointed 72784 records.
2026-10-05T07:15:05Z INFO [451/500] 355507e9-9299-4060-836f-1f1d388f23e7: 41 chunks; 0.7 s; peak memory 1198 MiB.
2026-10-05T07:15:06Z INFO [452/500] 3555416f-f7e3-4083-940f-1495581a32c0: 71 chunks; 1.5 s; peak memory 1198 MiB.
2026-10-05T07:15:07Z INFO [453/500] 355557c3-5344-40bb-9aad-1656c05c6817: 112 chunks; 1.2 s; peak memory 1198 MiB.
2026-10-05T07:15:08Z INFO [454/500] 35559e6d-cd39-4122-9b5f-65d5a3278474: 48 chunks; 0.8 s; peak memory 1198 MiB.
2026-10-05T07:15:09Z INFO [455/500] 355600d2-4396-4bb4-a283-8d80cf7a468b: 112 chunks; 1.1 s; peak memory 1198 MiB.
2026-10-05T07:15:10Z INFO [456/500] 3556253b-a85e-49d6-a12f-b9d6244a655f: 116 chunks; 1.0 s; peak memory 1198 MiB.
2026-10-05T07:15:16Z INFO [457/500] 3557eed6-bb36-4391-8a69-f21d6028ab1a: 5450 chunks; 5.5 s; peak memory 1198 MiB.
2026-10-05T07:15:17Z INFO [458/500] 35584511-786c-4c7c-90bf-3993c2d8a458: 66 chunks; 1.0 s; peak memory 1198 MiB.
2026-10-05T07:15:18Z INFO [459/500] 3559519d-f1fa-40fe-9e0a-3320eddac3ca: 48 chunks; 1.0 s; peak memory 1198 MiB.
2026-10-05T07:15:19Z INFO [460/500] 3559823d-d51b-4daa-b58f-bb31aa484ab2: 48 chunks; 0.9 s; peak memory 1198 MiB.
2026-10-05T07:15:20Z INFO [461/500] 355984e1-1db3-43e9-acce-17009e96975d: 275 chunks; 1.1 s; peak memory 1198 MiB.
2026-10-05T07:15:21Z INFO [462/500] 355a17ee-bcbb-4416-b151-d81b06684105: 48 chunks; 0.8 s; peak memory 1198 MiB.
2026-10-05T07:15:31Z INFO [463/500] 355af168-287b-4d12-b463-c36d4bbd3d84: 405 chunks; 10.6 s; peak memory 1198 MiB.
2026-10-05T07:15:32Z INFO [464/500] 355b0fe9-3eb5-41d4-8caf-6a881a3ff661: 131 chunks; 1.1 s; peak memory 1198 MiB.
2026-10-05T07:15:34Z INFO [465/500] 355b8b7d-7b38-49cd-b44a-dc8a2fd5ce92: 71 chunks; 1.4 s; peak memory 1198 MiB.
2026-10-05T07:15:34Z INFO [466/500] 355c0248-7e9a-4d15-8d51-bbba8fcd541a: 64 chunks; 0.8 s; peak memory 1198 MiB.
2026-10-05T07:15:38Z INFO [467/500] 355c4149-0b38-4c8e-a5a5-09d2b0012575: 283 chunks; 3.7 s; peak memory 1198 MiB.
2026-10-05T07:15:57Z INFO [468/500] 355d0edb-cc25-4e7e-83c1-554c0ae6c7aa: 6593 chunks; 18.8 s; peak memory 1198 MiB.
2026-10-05T07:15:59Z INFO [469/500] 355d6779-7bcf-4ae4-a228-e3323d7a3ba6: 85 chunks; 2.2 s; peak memory 1198 MiB.
2026-10-05T07:16:00Z INFO [470/500] 355d73eb-f55d-4e20-9099-611a32e8a746: 51 chunks; 0.7 s; peak memory 1198 MiB.
2026-10-05T07:16:01Z INFO [471/500] 355e0bb4-7069-4a62-921c-cb4e301118bd: 112 chunks; 1.3 s; peak memory 1198 MiB.
2026-10-05T07:16:02Z INFO [472/500] 355ed259-1c5e-43e9-9c70-f007dd54a3cd: 113 chunks; 1.1 s; peak memory 1198 MiB.
2026-10-05T07:16:03Z INFO [473/500] 355f2dae-d064-4ac3-8983-6452f44de53b: 76 chunks; 1.1 s; peak memory 1198 MiB.
2026-10-05T07:16:04Z INFO [474/500] 355f930c-a859-43d4-b73b-a80aefe88b86: 41 chunks; 0.7 s; peak memory 1198 MiB.
2026-10-05T07:16:05Z INFO [475/500] 355ff9a9-0629-45b6-9289-524cf20bddce: 48 chunks; 0.8 s; peak memory 1198 MiB.
2026-10-05T07:16:06Z INFO [476/500] 35609529-66e7-41e8-8ff7-dedbe129afff: 204 chunks; 1.1 s; peak memory 1198 MiB.
2026-10-05T07:16:07Z INFO [477/500] 3560af70-71b6-48eb-b839-2876b4319404: 48 chunks; 0.9 s; peak memory 1198 MiB.
2026-10-05T07:16:08Z INFO [478/500] 3560d6a7-4cfa-4989-9729-2e5b7ef495db: 63 chunks; 0.7 s; peak memory 1198 MiB.
2026-10-05T07:16:08Z INFO [479/500] 3560e432-099e-4a51-a5a2-a85c94f214d6: 48 chunks; 0.9 s; peak memory 1198 MiB.
2026-10-05T07:16:09Z INFO [480/500] 3561400e-b342-47a8-9f75-0bcf9340636d: 72 chunks; 1.0 s; peak memory 1198 MiB.
2026-10-05T07:16:14Z INFO [481/500] 3561ac5a-2647-4afd-b98f-1472f85cc8d8: 707 chunks; 4.7 s; peak memory 1198 MiB.
2026-10-05T07:16:16Z INFO [482/500] 3562fe79-a7e8-4b24-a2c0-059135329485: 115 chunks; 1.9 s; peak memory 1198 MiB.
2026-10-05T07:16:17Z INFO [483/500] 3563245d-d59a-4e4b-9031-bc16718eb6ad: 39 chunks; 0.9 s; peak memory 1198 MiB.
2026-10-05T07:16:20Z INFO [484/500] 3564116f-5865-4d67-a7e9-79b29bba4658: 2879 chunks; 2.7 s; peak memory 1198 MiB.
2026-10-05T07:16:25Z INFO [485/500] 35644386-788d-4d56-8024-c73b711423e7: 7185 chunks; 5.0 s; peak memory 1198 MiB.
2026-10-05T07:16:25Z INFO [486/500] 356529f1-caaf-4757-84cd-3af4d0c0664c: 69 chunks; 0.7 s; peak memory 1198 MiB.
2026-10-05T07:16:26Z INFO [487/500] 3565d0fc-bfb6-499e-88c0-fd05c48411df: 112 chunks; 1.0 s; peak memory 1198 MiB.
2026-10-05T07:16:29Z INFO [488/500] 35674b98-e81e-4fe8-abbe-db5e51cc73f5: 96 chunks; 2.9 s; peak memory 1198 MiB.
2026-10-05T07:16:30Z INFO [489/500] 35677348-8137-4dca-ad2c-f2ef9b0765ea: 116 chunks; 0.9 s; peak memory 1198 MiB.
2026-10-05T07:16:31Z INFO [490/500] 356786c0-2a58-4b16-baee-06aa99ec74f8: 117 chunks; 0.8 s; peak memory 1198 MiB.
2026-10-05T07:20:02Z INFO [491/500] 3567c8c3-b21d-443e-8515-9f2982cbb02e: 75676 chunks; 211.0 s; peak memory 1198 MiB.
2026-10-05T07:20:08Z INFO [492/500] 35682e98-4230-4a8c-a63e-400e98635124: 6069 chunks; 6.1 s; peak memory 1198 MiB.
2026-10-05T07:20:10Z INFO [493/500] 35686bde-de83-4c57-89ef-672ed62cd065: 65 chunks; 1.4 s; peak memory 1198 MiB.
2026-10-05T07:20:11Z INFO [494/500] 35693c76-bc1c-4fe7-abc8-1cf90064ef9a: 170 chunks; 0.9 s; peak memory 1198 MiB.
2026-10-05T07:20:13Z INFO [495/500] 3569bf3c-92c7-4d87-9e2f-be2c3c1aff7e: 116 chunks; 2.0 s; peak memory 1198 MiB.
2026-10-05T07:20:13Z INFO [496/500] 356ae564-0da3-4207-8ba4-8e6e52982970: 50 chunks; 0.6 s; peak memory 1198 MiB.
2026-10-05T07:20:14Z INFO [497/500] 356b34af-a95f-4f9a-9125-140934646a94: 45 chunks; 0.9 s; peak memory 1198 MiB.
2026-10-05T07:20:16Z INFO [498/500] 356b4cf8-9c19-4aa8-8f17-5f91a6c51f28: 71 chunks; 1.6 s; peak memory 1198 MiB.
2026-10-05T07:20:17Z INFO [499/500] 356b82b7-948b-4cdd-8cd5-e451b845dd0b: 112 chunks; 1.0 s; peak memory 1198 MiB.
2026-10-05T07:22:15Z INFO [500/500] 356c7067-2ca6-4085-ba3a-822932efaf60: 44576 chunks; 118.8 s; peak memory 1198 MiB.
2026-10-05T07:22:16Z INFO [500/500] 356c7067-2ca6-4085-ba3a-822932efaf60: checkpointed 72834 records.
2026-10-05T07:22:16Z INFO Wrote 72834 records to /tmp/derivatives/valid_nwb_file_to_chunk_stats.jsonl (500 new, 0 failed) in 57.6 min (peak memory 1198 MiB).
