2026-10-06T17:31:09Z INFO Logging to /tmp/logs/update_2026-10-06T17-31-09Z.log.
2026-10-06T17:31:09Z INFO Update valid-nwb-file-to-chunk-stats (base directory /tmp).
2026-10-06T17:31:09Z INFO Processing 500 items (81334 already recorded).
2026-10-06T17:31:10Z INFO [1/500] 47676745-fa89-4743-b9d5-6d750a0dd159: 48 chunks; 1.2 s; peak memory 173 MiB.
2026-10-06T17:31:11Z INFO [2/500] 47682013-eb72-4c73-bd0f-a57cfbaa49ce: 46 chunks; 0.7 s; peak memory 174 MiB.
2026-10-06T17:31:13Z INFO [3/500] 476899c7-cfe2-4683-a80a-1909e2e51e61: 71 chunks; 2.3 s; peak memory 176 MiB.
2026-10-06T17:31:16Z INFO [4/500] 476914a6-3200-42a9-8434-1655146ae35c: 1061 chunks; 2.3 s; peak memory 179 MiB.
2026-10-06T17:31:16Z INFO [5/500] 47698cbc-91be-40a4-915c-47d44bd4f0bb: 50 chunks; 0.7 s; peak memory 179 MiB.
2026-10-06T17:31:18Z INFO [6/500] 476ac601-2a97-4b20-aed6-683183370580: 48 chunks; 2.1 s; peak memory 179 MiB.
2026-10-06T17:31:19Z INFO [7/500] 476b28bf-8204-4ae0-89eb-c7bf0b550da8: 46 chunks; 0.7 s; peak memory 180 MiB.
2026-10-06T17:31:20Z INFO [8/500] 476b75ef-9331-410e-a56d-8bb294aaf4b3: 116 chunks; 0.9 s; peak memory 180 MiB.
2026-10-06T17:31:22Z INFO [9/500] 476bacf6-7d24-44c7-9f28-3884bd585789: 66 chunks; 1.5 s; peak memory 180 MiB.
2026-10-06T17:31:29Z INFO [10/500] 476c12c4-c3ec-4fc6-81ea-5c04290fb417: 255 chunks; 7.1 s; peak memory 185 MiB.
2026-10-06T17:31:30Z INFO [11/500] 476c8980-18a2-4ae9-96e5-19056bceae66: 42 chunks; 0.9 s; peak memory 185 MiB.
2026-10-06T17:31:31Z INFO [12/500] 476d31fd-446c-47f0-81d6-f0cbd4eb7d5e: 64 chunks; 1.7 s; peak memory 185 MiB.
2026-10-06T17:31:32Z INFO [13/500] 476dcfc8-2034-4e77-a0f6-ed209b75583e: 46 chunks; 0.6 s; peak memory 186 MiB.
2026-10-06T17:31:37Z INFO [14/500] 476f7942-30a1-46a3-9c65-914ae32e882e: 4151 chunks; 5.4 s; peak memory 187 MiB.
2026-10-06T17:32:05Z INFO [15/500] 476f9e1b-6e2a-43c3-a8ca-97e214fd530a: 6040 chunks; 27.6 s; peak memory 200 MiB.
2026-10-06T17:32:06Z INFO [16/500] 476fcd9d-80cb-4238-9de8-b141666efeee: 112 chunks; 0.9 s; peak memory 200 MiB.
2026-10-06T17:32:08Z INFO [17/500] 477104d3-30e1-4a7b-a44c-b47c1d719cda: 80 chunks; 2.6 s; peak memory 200 MiB.
2026-10-06T17:32:09Z INFO [18/500] 477163da-9d5e-4797-81a7-f3008e63d125: 117 chunks; 1.1 s; peak memory 200 MiB.
2026-10-06T17:32:13Z INFO [19/500] 47718fda-7e9d-49ce-871a-e0bcc24dbdbc: 85 chunks; 3.1 s; peak memory 200 MiB.
2026-10-06T17:32:14Z INFO [20/500] 4772169c-e689-4fd9-a1c2-a6cfe37b126b: 155 chunks; 1.8 s; peak memory 200 MiB.
2026-10-06T17:32:15Z INFO [21/500] 47728718-0d15-410e-a1f5-706a3d1e8c79: 117 chunks; 1.0 s; peak memory 200 MiB.
2026-10-06T17:32:18Z INFO [22/500] 4772c270-d60a-4a60-8677-65e6c78b9c5d: 1968 chunks; 3.2 s; peak memory 200 MiB.
2026-10-06T17:32:19Z INFO [23/500] 4772d0a7-9391-4ab3-9cfd-804e04f32527: 48 chunks; 0.9 s; peak memory 200 MiB.
2026-10-06T17:32:20Z INFO [24/500] 47744e66-1d9d-48a4-a173-0d32787abcb3: 48 chunks; 1.1 s; peak memory 200 MiB.
2026-10-06T17:32:22Z INFO [25/500] 477499e4-dc59-45a4-8b20-de72e47711bd: 119 chunks; 1.9 s; peak memory 200 MiB.
2026-10-06T17:32:23Z INFO [26/500] 4774a885-8bf9-4268-bc60-b2e2d7b6e7a8: 112 chunks; 1.0 s; peak memory 200 MiB.
2026-10-06T17:32:51Z INFO [27/500] 47766140-595d-46c4-883c-f12ee1e3c42c: 6125 chunks; 27.3 s; peak memory 203 MiB.
2026-10-06T17:32:52Z INFO [28/500] 477701e2-dee8-4f80-9a2e-bf6f646e9692: 117 chunks; 1.0 s; peak memory 203 MiB.
2026-10-06T17:32:53Z INFO [29/500] 4779c813-fae3-411c-8e3a-fd087f88ce72: 112 chunks; 1.4 s; peak memory 203 MiB.
2026-10-06T17:32:54Z INFO [30/500] 4779da63-36b5-4d98-805e-de690d2809cd: 69 chunks; 1.2 s; peak memory 203 MiB.
2026-10-06T17:32:56Z INFO [31/500] 477b7cc4-e847-4c61-9c0c-f98cfabedf50: 66 chunks; 1.7 s; peak memory 203 MiB.
2026-10-06T17:33:07Z INFO [32/500] 477bb390-535c-43a0-84b1-e2db92b74f53: 11563 chunks; 11.5 s; peak memory 229 MiB.
2026-10-06T17:33:08Z INFO [33/500] 477ca414-6ea7-4f8d-aa98-27d094caa359: 48 chunks; 0.8 s; peak memory 229 MiB.
2026-10-06T17:33:11Z INFO [34/500] 477cceeb-b564-4ae9-9fef-d73e79aca8be: 41 chunks; 2.6 s; peak memory 229 MiB.
2026-10-06T17:33:15Z INFO [35/500] 477db5dc-043b-41a6-8784-3e0021cb03ac: 327 chunks; 4.0 s; peak memory 229 MiB.
2026-10-06T17:33:24Z INFO [36/500] 477df2ce-aa34-4775-8a4d-9e42a88f2b7d: 22649 chunks; 8.7 s; peak memory 232 MiB.
2026-10-06T17:33:25Z INFO [37/500] 477e2f65-296e-4b4c-95e4-e82a30e14c42: 115 chunks; 1.1 s; peak memory 232 MiB.
2026-10-06T17:33:25Z INFO [38/500] 477e6009-64f1-4d22-b756-cb5fd4f6739a: 41 chunks; 0.7 s; peak memory 232 MiB.
2026-10-06T17:33:27Z INFO [39/500] 477ef3c5-8548-4f37-a468-0556f7d28246: 66 chunks; 1.1 s; peak memory 232 MiB.
2026-10-06T17:33:27Z INFO [40/500] 477f1f55-5c74-4849-ab61-7f65c616261e: 48 chunks; 0.8 s; peak memory 233 MiB.
2026-10-06T17:33:35Z INFO [41/500] 477faa3a-3e54-4e22-9ade-2e3e433d32b7: 275 chunks; 7.1 s; peak memory 233 MiB.
2026-10-06T17:33:36Z INFO [42/500] 478050f6-856b-49b5-9a66-777a4789c658: 49 chunks; 1.3 s; peak memory 233 MiB.
2026-10-06T17:33:37Z INFO [43/500] 4780921b-cde3-4020-9347-5aea1e0b093b: 118 chunks; 0.9 s; peak memory 233 MiB.
2026-10-06T17:33:38Z INFO [44/500] 4780ab01-449a-4ec4-a56c-7f38310f7691: 112 chunks; 1.2 s; peak memory 233 MiB.
2026-10-06T17:33:38Z INFO [45/500] 4780d460-d348-4d76-9d5b-43cfaa657a0e: 46 chunks; 0.6 s; peak memory 233 MiB.
2026-10-06T17:33:41Z INFO [46/500] 47816ac0-012b-4c3a-a55d-df55b5bbee7d: 85 chunks; 2.8 s; peak memory 233 MiB.
2026-10-06T17:33:43Z INFO [47/500] 4781c0d9-7b50-4138-a750-3cef764a738e: 47 chunks; 1.8 s; peak memory 233 MiB.
2026-10-06T17:33:44Z INFO [48/500] 4781e0ed-1038-403f-83b2-5928aa55fad3: 48 chunks; 1.0 s; peak memory 233 MiB.
2026-10-06T17:33:45Z INFO [49/500] 47820b8a-c7f5-4402-878a-a0656298ed9f: 117 chunks; 1.2 s; peak memory 233 MiB.
2026-10-06T17:33:46Z INFO [50/500] 47823cd6-79d1-4f05-926d-c3b35565f500: 454 chunks; 1.1 s; peak memory 233 MiB.
2026-10-06T17:33:47Z INFO [50/500] 47823cd6-79d1-4f05-926d-c3b35565f500: checkpointed 81384 records.
2026-10-06T17:34:00Z INFO [51/500] 4782617c-e1cd-40f4-afb6-a0962c0048d0: 432 chunks; 13.2 s; peak memory 233 MiB.
2026-10-06T17:34:06Z INFO [52/500] 47826343-355c-435d-9e16-925d4339cce0: 1188 chunks; 5.7 s; peak memory 234 MiB.
2026-10-06T17:34:07Z INFO [53/500] 47829ab4-491e-4d52-b9ee-492f2691b9d4: 48 chunks; 1.4 s; peak memory 234 MiB.
2026-10-06T17:34:08Z INFO [54/500] 4782bbd0-5338-4038-bc62-3d69c3c5a107: 112 chunks; 1.2 s; peak memory 234 MiB.
2026-10-06T17:34:16Z INFO [55/500] 47832e20-0163-45f4-aef2-da3ab99c47e7: 1569 chunks; 7.5 s; peak memory 234 MiB.
2026-10-06T17:34:17Z INFO [56/500] 47832ea9-5b96-4713-aab2-80305f613da5: 112 chunks; 0.9 s; peak memory 234 MiB.
2026-10-06T17:34:17Z INFO [57/500] 47842fd4-fa88-4f14-96dd-eb7ec8b1345f: 117 chunks; 0.9 s; peak memory 234 MiB.
2026-10-06T17:34:18Z INFO [58/500] 478455ce-f6b1-4cc8-95ae-1ee0e298ddde: 117 chunks; 0.9 s; peak memory 234 MiB.
2026-10-06T17:34:19Z INFO [59/500] 47847628-8357-4e1b-bf72-011fe64ea404: 48 chunks; 0.9 s; peak memory 234 MiB.
2026-10-06T17:34:20Z INFO [60/500] 4785dda7-7dcf-433d-b2b1-265c6b4aa3bf: 46 chunks; 0.7 s; peak memory 234 MiB.
2026-10-06T17:34:38Z INFO [61/500] 47867cf0-74c8-4f25-93b0-18321d73e53e: 428 chunks; 17.5 s; peak memory 235 MiB.
2026-10-06T17:34:39Z INFO [62/500] 47868605-540a-47e1-969f-cad4eab69bde: 112 chunks; 1.6 s; peak memory 235 MiB.
2026-10-06T17:34:41Z INFO [63/500] 4786b90c-26bd-45eb-b92f-24f4d320a06e: 57 chunks; 1.8 s; peak memory 235 MiB.
2026-10-06T17:34:42Z INFO [64/500] 4786e769-4811-435c-b002-fa114f12d833: 46 chunks; 0.7 s; peak memory 235 MiB.
2026-10-06T17:34:52Z INFO [65/500] 478847ba-9f28-4ce4-88f8-f6dec14626cf: 15372 chunks; 10.7 s; peak memory 235 MiB.
2026-10-06T17:35:01Z INFO [66/500] 478b00f4-643c-4a0d-a468-e6298e3ae36f: 6065 chunks; 8.9 s; peak memory 246 MiB.
2026-10-06T17:35:11Z INFO [67/500] 478b2393-8e21-405c-975f-dad7f08fdb09: 27842 chunks; 10.0 s; peak memory 252 MiB.
2026-10-06T17:35:13Z INFO [68/500] 478bbe73-d73c-4637-822c-40fb8c33ed79: 71 chunks; 1.2 s; peak memory 252 MiB.
2026-10-06T17:35:14Z INFO [69/500] 478c14ea-fe9c-44b6-94f6-d19ac42488ea: 48 chunks; 1.0 s; peak memory 252 MiB.
2026-10-06T17:35:18Z INFO [70/500] 478c8129-89e0-4c1d-932a-a8911f0a80a0: 308 chunks; 4.1 s; peak memory 252 MiB.
2026-10-06T17:35:19Z INFO [71/500] 478cb842-461b-4437-a2ca-1a738db450a0: 71 chunks; 1.8 s; peak memory 252 MiB.
2026-10-06T17:35:20Z INFO [72/500] 478cb902-7692-4765-97c4-53bde4b6ac4a: 118 chunks; 1.0 s; peak memory 252 MiB.
2026-10-06T17:35:29Z INFO [73/500] 478cca4a-8dff-4716-b56a-f054e59c6871: 13612 chunks; 9.0 s; peak memory 252 MiB.
2026-10-06T17:35:32Z INFO [74/500] 478d01f7-ab1e-4d8c-96b8-421ebab41a9b: 115 chunks; 2.2 s; peak memory 252 MiB.
2026-10-06T17:35:33Z INFO [75/500] 478d6eb4-732a-4bd7-915f-84db2ed9b3db: 118 chunks; 1.3 s; peak memory 252 MiB.
2026-10-06T17:35:38Z INFO [76/500] 478da05e-5686-42bf-9318-e665e12623d6: 4064 chunks; 5.6 s; peak memory 252 MiB.
2026-10-06T17:35:40Z INFO [77/500] 478da626-2762-4fed-a56d-70a988ba8781: 112 chunks; 1.3 s; peak memory 252 MiB.
2026-10-06T17:35:41Z INFO [78/500] 478dbf8b-dc75-4555-956c-0849ee01fc37: 48 chunks; 0.9 s; peak memory 252 MiB.
2026-10-06T17:35:42Z INFO [79/500] 478e56d8-bb8f-43a0-a322-a5c1a9a4ff9d: 48 chunks; 1.0 s; peak memory 252 MiB.
2026-10-06T17:35:42Z INFO [80/500] 478fadc5-32b3-478a-899e-d1e5ac5ec110: 48 chunks; 0.9 s; peak memory 252 MiB.
2026-10-06T17:35:45Z INFO [81/500] 478fc615-2c16-4373-a16c-1b663b33e418: 153 chunks; 2.6 s; peak memory 252 MiB.
2026-10-06T17:35:46Z INFO [82/500] 47915263-3970-4b2d-9be3-21e1b9a6e553: 117 chunks; 1.2 s; peak memory 252 MiB.
2026-10-06T17:35:47Z INFO [83/500] 4791584f-909c-4558-8825-3bac38773d83: 117 chunks; 1.0 s; peak memory 252 MiB.
2026-10-06T17:35:48Z INFO [84/500] 4791c2de-f207-4ea6-9aac-27fadd4a9906: 48 chunks; 1.0 s; peak memory 252 MiB.
2026-10-06T17:35:54Z INFO [85/500] 47925bd8-0688-4167-aa4a-1abe1e6ed99d: 446 chunks; 5.4 s; peak memory 252 MiB.
2026-10-06T17:35:55Z INFO [86/500] 479275ac-f657-49b4-996c-a486379805ff: 48 chunks; 0.8 s; peak memory 252 MiB.
2026-10-06T17:35:56Z INFO [87/500] 47927966-e169-4cfb-b3bf-1d6d73ac71a2: 67 chunks; 1.2 s; peak memory 252 MiB.
2026-10-06T17:35:57Z INFO [88/500] 4792a2fa-bb71-4f45-b53a-1f4da96d9639: 84 chunks; 1.5 s; peak memory 252 MiB.
2026-10-06T17:35:58Z INFO [89/500] 47930f8a-d913-4eee-8738-dd3b8f3bc609: 48 chunks; 0.8 s; peak memory 252 MiB.
2026-10-06T17:36:00Z INFO [90/500] 479349f6-0e8c-4165-b178-444f928d1d06: 78 chunks; 1.6 s; peak memory 252 MiB.
2026-10-06T17:36:09Z INFO [91/500] 47938a87-9d79-4ef3-9314-e1a73221e72e: 10491 chunks; 9.5 s; peak memory 252 MiB.
2026-10-06T17:36:10Z INFO [92/500] 4793bcc7-fbe1-4339-8c74-683d43fc5a77: 112 chunks; 1.2 s; peak memory 252 MiB.
2026-10-06T17:36:21Z INFO [93/500] 4793d94a-1a48-47f8-a4f7-0ca82e9d1f13: 3019 chunks; 10.6 s; peak memory 252 MiB.
2026-10-06T17:36:22Z INFO [94/500] 4794c8ab-9fd2-455d-ac27-dc3d82b4e5b4: 48 chunks; 1.0 s; peak memory 252 MiB.
2026-10-06T17:36:23Z INFO [95/500] 4795798c-d57d-45d9-9f49-c9a93c6dcaee: 57 chunks; 0.7 s; peak memory 252 MiB.
2026-10-06T17:36:24Z INFO [96/500] 4795917e-3245-4eba-9dfe-2d37df22cbe4: 117 chunks; 1.1 s; peak memory 252 MiB.
2026-10-06T17:36:25Z INFO [97/500] 4795c6ca-3a7a-4930-b275-d9682510dddb: 48 chunks; 1.1 s; peak memory 252 MiB.
2026-10-06T17:36:34Z INFO [98/500] 47964522-2190-4fb5-9bde-7f6a8613839d: 19932 chunks; 8.9 s; peak memory 252 MiB.
2026-10-06T17:36:49Z INFO [99/500] 4796d33e-884d-4fa4-9b9e-dcf4eea33038: 59863 chunks; 14.8 s; peak memory 255 MiB.
2026-10-06T17:37:56Z INFO [100/500] 4797dbab-5573-4320-9391-f44f40ab3383: 24833 chunks; 67.3 s; peak memory 295 MiB.
2026-10-06T17:37:56Z INFO [100/500] 4797dbab-5573-4320-9391-f44f40ab3383: checkpointed 81434 records.
2026-10-06T17:37:57Z INFO [101/500] 4797e6ed-d20d-48de-a9a4-dcba59faf246: 56 chunks; 0.8 s; peak memory 295 MiB.
2026-10-06T17:37:58Z INFO [102/500] 47981312-51a2-43b0-99f6-74f37c221b99: 48 chunks; 0.9 s; peak memory 295 MiB.
2026-10-06T17:37:59Z INFO [103/500] 4799a9a9-bed4-4502-bd29-941a23129df8: 66 chunks; 1.4 s; peak memory 295 MiB.
2026-10-06T17:38:01Z INFO [104/500] 479a5d97-a315-4026-941b-52dd3a08a0a9: 71 chunks; 1.9 s; peak memory 295 MiB.
2026-10-06T17:38:52Z INFO [105/500] 479a8816-de69-4f0b-9c61-1c8a9a6fb323: 24882 chunks; 50.4 s; peak memory 295 MiB.
2026-10-06T17:38:55Z INFO [106/500] 479c0c3c-b0d6-4867-b1a7-cdda20b0a493: 2923 chunks; 3.6 s; peak memory 295 MiB.
2026-10-06T17:38:57Z INFO [107/500] 479c56f6-cf8d-4014-95e8-fbbb15de547e: 62 chunks; 1.7 s; peak memory 295 MiB.
2026-10-06T17:38:58Z INFO [108/500] 479e2401-c63c-48c1-a0ef-2b743519f740: 46 chunks; 0.8 s; peak memory 295 MiB.
2026-10-06T17:38:58Z INFO [109/500] 479ec858-6cc7-4e63-a748-2578207d90f2: 48 chunks; 0.9 s; peak memory 295 MiB.
2026-10-06T17:38:59Z INFO [110/500] 479f24b6-3d89-497b-908b-785a753d17ab: 48 chunks; 0.9 s; peak memory 295 MiB.
2026-10-06T17:39:01Z INFO [111/500] 479f51aa-7b80-4d02-93ca-1c7566002c5d: 71 chunks; 1.7 s; peak memory 295 MiB.
2026-10-06T17:39:02Z INFO [112/500] 47a02d68-ae22-470b-aece-3d71fb700121: 48 chunks; 1.0 s; peak memory 295 MiB.
2026-10-06T17:39:03Z INFO [113/500] 47a04549-b0ca-42d5-a4d6-56199587afc9: 118 chunks; 0.9 s; peak memory 295 MiB.
2026-10-06T17:39:08Z INFO [114/500] 47a084a3-7e6f-4c33-8b9e-2d7692cdb6fa: 15206 chunks; 4.7 s; peak memory 295 MiB.
2026-10-06T17:39:10Z INFO [115/500] 47a08c71-455c-4663-8c96-1da4103e3085: 156 chunks; 2.2 s; peak memory 295 MiB.
2026-10-06T17:39:10Z INFO [116/500] 47a0a636-fd71-4ff7-91f5-0e44e6c3b398: 46 chunks; 0.6 s; peak memory 295 MiB.
2026-10-06T17:42:04Z INFO [117/500] 47a0e2af-912b-4ff8-b4f4-13b59663163e: 70370 chunks; 173.8 s; peak memory 865 MiB.
2026-10-06T17:42:06Z INFO [118/500] 47a10415-1af3-46cd-b6e6-40e06531bc31: 131 chunks; 1.6 s; peak memory 865 MiB.
2026-10-06T17:42:08Z INFO [119/500] 47a1530d-e7ef-403c-8230-7a02966dea8f: 115 chunks; 1.8 s; peak memory 865 MiB.
2026-10-06T17:50:58Z INFO [120/500] 47a2561b-65aa-4934-b6fe-4057e3ce6b6e: 1916257 chunks; 530.7 s; peak memory 1404 MiB.
2026-10-06T17:50:59Z INFO [121/500] 47a29d17-a98d-4729-b355-23b95ebc1257: 112 chunks; 1.2 s; peak memory 1404 MiB.
2026-10-06T17:51:01Z INFO [122/500] 47a2ee4c-91bc-4df3-8615-e1768b145dce: 66 chunks; 1.5 s; peak memory 1404 MiB.
2026-10-06T17:51:02Z INFO [123/500] 47a34110-bb1b-4e2a-ae2c-8b11f56b106e: 66 chunks; 1.4 s; peak memory 1404 MiB.
2026-10-06T17:51:04Z INFO [124/500] 47a3702b-f389-4599-b8cf-ed4aca154f2a: 117 chunks; 1.2 s; peak memory 1404 MiB.
2026-10-06T17:51:04Z INFO [125/500] 47a3bf6a-36a3-440e-9e03-9b88789250ed: 117 chunks; 0.8 s; peak memory 1404 MiB.
2026-10-06T17:51:08Z INFO [126/500] 47a44de2-82bc-4478-b5c3-e702db8d1d62: 590 chunks; 3.5 s; peak memory 1404 MiB.
2026-10-06T17:51:09Z INFO [127/500] 47a4ac38-60e3-473c-962c-80058c8bdc70: 112 chunks; 1.1 s; peak memory 1404 MiB.
2026-10-06T17:51:10Z INFO [128/500] 47a52ce9-d829-4933-8d42-ee1aad9de62b: 84 chunks; 1.3 s; peak memory 1404 MiB.
2026-10-06T17:51:34Z INFO [129/500] 47a61540-d739-4980-9476-c30c6b2559b4: 6039 chunks; 24.0 s; peak memory 1404 MiB.
2026-10-06T17:51:35Z INFO [130/500] 47a69d43-e5f1-491b-aca3-ce867cd5aff8: 52 chunks; 0.8 s; peak memory 1404 MiB.
2026-10-06T17:51:50Z INFO [131/500] 47a8e36c-35db-4975-85a7-bef20a27b841: 4696 chunks; 15.2 s; peak memory 1404 MiB.
2026-10-06T17:51:52Z INFO [132/500] 47a9a74c-d442-44b1-9df9-fe6ba9e607e3: 119 chunks; 1.9 s; peak memory 1404 MiB.
2026-10-06T17:51:53Z INFO [133/500] 47aaf059-b8f3-4c30-9db3-5541552c265b: 48 chunks; 1.0 s; peak memory 1404 MiB.
2026-10-06T17:51:54Z INFO [134/500] 47ac8716-6f12-47c9-b0fe-ad92e3194825: 78 chunks; 0.9 s; peak memory 1404 MiB.
2026-10-06T17:52:07Z INFO [135/500] 47ace3d7-3b2f-4495-b9cd-320bf3e1b5e2: 26195 chunks; 13.0 s; peak memory 1404 MiB.
2026-10-06T17:52:09Z INFO [136/500] 47ad1a1c-e576-4193-ae26-fc0b87efab4e: 66 chunks; 1.9 s; peak memory 1404 MiB.
2026-10-06T17:52:11Z INFO [137/500] 47ae53da-c235-4471-bef8-1b8c6ad8574a: 66 chunks; 1.8 s; peak memory 1404 MiB.
2026-10-06T17:54:31Z INFO [138/500] 47aeaa09-a36b-4859-ba95-fd0dcd233f93: 38328 chunks; 140.0 s; peak memory 1404 MiB.
2026-10-06T17:54:32Z INFO [139/500] 47b125c8-c70b-4405-a1cb-82b627d28f72: 117 chunks; 1.1 s; peak memory 1404 MiB.
2026-10-06T17:54:33Z INFO [140/500] 47b190fd-c7a4-44ef-90cd-14a88e4bdef0: 119 chunks; 1.5 s; peak memory 1404 MiB.
2026-10-06T17:54:35Z INFO [141/500] 47b2cb86-1967-4b91-a9f9-a542909ba624: 168 chunks; 2.2 s; peak memory 1404 MiB.
2026-10-06T17:54:37Z INFO [142/500] 47b2f993-d4da-4885-a32e-fb3a1cf5dff8: 48 chunks; 1.1 s; peak memory 1404 MiB.
2026-10-06T17:54:38Z INFO [143/500] 47b34df5-04a0-4a41-91ef-cae2bbcb0e10: 66 chunks; 1.9 s; peak memory 1404 MiB.
2026-10-06T17:54:40Z INFO [144/500] 47b3c2f8-71b9-4234-91f9-b41c643d6d29: 118 chunks; 1.2 s; peak memory 1404 MiB.
2026-10-06T17:54:41Z INFO [145/500] 47b45539-d45b-41dc-b5be-7d9c2958cf37: 557 chunks; 1.0 s; peak memory 1404 MiB.
2026-10-06T17:54:42Z INFO [146/500] 47b47b93-4984-4392-8033-90cb8153754d: 117 chunks; 1.0 s; peak memory 1404 MiB.
2026-10-06T17:54:44Z INFO [147/500] 47b4c7dc-df0e-4e8c-8266-4fc11172fc25: 115 chunks; 2.1 s; peak memory 1404 MiB.
2026-10-06T17:54:44Z INFO [148/500] 47b4ee33-b8f3-4e71-860f-0d9a0a469296: 48 chunks; 0.8 s; peak memory 1404 MiB.
2026-10-06T17:54:45Z INFO [149/500] 47b6bdd1-8189-4e6d-9c79-a0f2631eabf4: 52 chunks; 0.8 s; peak memory 1404 MiB.
2026-10-06T17:54:51Z INFO [150/500] 47b768d6-b7ea-48d5-b404-ab75bf5d16a4: 6711 chunks; 5.6 s; peak memory 1404 MiB.
2026-10-06T17:54:51Z INFO [150/500] 47b768d6-b7ea-48d5-b404-ab75bf5d16a4: checkpointed 81484 records.
2026-10-06T17:54:52Z INFO [151/500] 47b7c553-5769-4a4e-baa9-776fb7b8d1e8: 118 chunks; 1.0 s; peak memory 1404 MiB.
2026-10-06T17:54:53Z INFO [152/500] 47b8c9f1-6c2e-4090-8bcf-5793523b2b3b: 48 chunks; 1.0 s; peak memory 1404 MiB.
2026-10-06T17:54:54Z INFO [153/500] 47b8cb3d-816b-4fce-972a-2f6f6ec8eaba: 116 chunks; 0.8 s; peak memory 1404 MiB.
2026-10-06T17:54:55Z INFO [154/500] 47b8d757-8ee1-4aa7-897b-d6cf7b1b8249: 112 chunks; 0.8 s; peak memory 1404 MiB.
2026-10-06T17:54:56Z INFO [155/500] 47b91afc-a228-4671-bc55-3a0331678606: 112 chunks; 1.2 s; peak memory 1404 MiB.
2026-10-06T17:54:57Z INFO [156/500] 47bcc937-3907-42b7-a848-58ea9dec5fdf: 112 chunks; 1.0 s; peak memory 1404 MiB.
2026-10-06T17:54:59Z INFO [157/500] 47be3773-cc67-43b9-ba7f-08aec54997a0: 66 chunks; 1.4 s; peak memory 1404 MiB.
2026-10-06T17:55:00Z INFO [158/500] 47beaad4-3d51-4404-9c9f-2e11af4e3c05: 57 chunks; 1.8 s; peak memory 1404 MiB.
2026-10-06T17:55:02Z INFO [159/500] 47c172c9-a9a6-43c3-a0ee-eb67ee4b3902: 123 chunks; 1.8 s; peak memory 1404 MiB.
2026-10-06T17:55:04Z INFO [160/500] 47c19728-6cdf-4c53-afeb-d5d41e2c87ed: 125 chunks; 2.4 s; peak memory 1404 MiB.
2026-10-06T17:55:05Z INFO [161/500] 47c1e7c1-537e-4348-b92b-ebf2a4d5d3ea: 48 chunks; 0.9 s; peak memory 1404 MiB.
2026-10-06T17:55:06Z INFO [162/500] 47c23e78-2256-4f5e-ae05-5f937575156b: 48 chunks; 0.8 s; peak memory 1404 MiB.
2026-10-06T17:55:07Z INFO [163/500] 47c4a96c-5add-4ba7-ae1a-915e6e053d22: 53 chunks; 0.7 s; peak memory 1404 MiB.
2026-10-06T17:55:08Z INFO [164/500] 47c4f74a-6364-4c1f-a480-5bc4bd43af35: 69 chunks; 1.2 s; peak memory 1404 MiB.
2026-10-06T17:55:13Z INFO [165/500] 47c593f5-189b-4b00-8187-626f4fe7515e: 2923 chunks; 5.1 s; peak memory 1404 MiB.
2026-10-06T17:55:15Z INFO [166/500] 47c5b590-26c6-4de6-ac95-2db6d39171e1: 115 chunks; 2.0 s; peak memory 1404 MiB.
2026-10-06T17:55:16Z INFO [167/500] 47c64e5b-fdd1-4dee-8aa7-a5db6304748f: 52 chunks; 1.0 s; peak memory 1404 MiB.
2026-10-06T17:55:17Z INFO [168/500] 47c6b4ca-6dbf-4b2d-9310-fed860b44dcd: 48 chunks; 0.9 s; peak memory 1404 MiB.
2026-10-06T17:55:23Z INFO [169/500] 47c6d40f-cf1a-4cc4-976b-e23c5d7637c2: 2115 chunks; 6.4 s; peak memory 1404 MiB.
2026-10-06T17:55:24Z INFO [170/500] 47c6f6c9-12ae-4c86-8616-d4fa0c3c347e: 48 chunks; 0.9 s; peak memory 1404 MiB.
2026-10-06T17:55:26Z INFO [171/500] 47c78f66-9795-4363-ae96-8ff4f1a752a0: 131 chunks; 2.0 s; peak memory 1404 MiB.
2026-10-06T17:55:28Z INFO [172/500] 47c87497-1533-4476-81ae-5ea49ce99477: 110 chunks; 1.5 s; peak memory 1404 MiB.
2026-10-06T17:55:29Z INFO [173/500] 47c88e9c-b270-4f68-982d-18a551cc745f: 42 chunks; 1.2 s; peak memory 1404 MiB.
2026-10-06T17:55:30Z INFO [174/500] 47c8aa8e-035b-4c88-b294-8da9a1366673: 48 chunks; 0.8 s; peak memory 1404 MiB.
2026-10-06T17:55:31Z INFO [175/500] 47c91918-e1cc-4234-974f-68940de0f12c: 119 chunks; 0.8 s; peak memory 1404 MiB.
2026-10-06T17:55:32Z INFO [176/500] 47c99775-5e6b-429f-8010-bf860bfad760: 112 chunks; 1.0 s; peak memory 1404 MiB.
2026-10-06T17:55:32Z INFO [177/500] 47cb68d5-6ba0-4a8e-be35-fc11c19736ba: 48 chunks; 0.8 s; peak memory 1404 MiB.
2026-10-06T17:55:37Z INFO [178/500] 47cb9c1c-6073-4e72-b4b5-f6c9118b27e4: 1280 chunks; 4.9 s; peak memory 1404 MiB.
2026-10-06T17:55:38Z INFO [179/500] 47cc1b88-33da-4853-a5dd-1dc5c4346213: 117 chunks; 1.0 s; peak memory 1404 MiB.
2026-10-06T17:55:39Z INFO [180/500] 47cc93b0-1af5-4c1c-b36f-4a521cf407a4: 46 chunks; 0.8 s; peak memory 1404 MiB.
2026-10-06T17:55:48Z INFO [181/500] 47ccc1ff-cbe1-40a2-8793-c700629ddfab: 3019 chunks; 9.0 s; peak memory 1404 MiB.
2026-10-06T17:55:50Z INFO [182/500] 47cd2a58-00af-4a25-9094-b686693c3a83: 119 chunks; 1.5 s; peak memory 1404 MiB.
2026-10-06T17:55:50Z INFO [183/500] 47cd7b88-dcc5-4a28-bc86-476ada772dec: 46 chunks; 0.6 s; peak memory 1404 MiB.
2026-10-06T17:55:51Z INFO [184/500] 47ce2e29-bc3a-40af-9380-477d7ebc77ed: 46 chunks; 0.5 s; peak memory 1404 MiB.
2026-10-06T17:55:52Z INFO [185/500] 47ceeff9-55f0-4fd5-84df-20f1216bf9fc: 66 chunks; 1.2 s; peak memory 1404 MiB.
2026-10-06T17:55:53Z INFO [186/500] 47cfdcd8-6bed-4cd5-985f-3bfaf06924cd: 57 chunks; 0.7 s; peak memory 1404 MiB.
2026-10-06T17:55:54Z INFO [187/500] 47cfe670-d0e8-4360-96c7-99fda35d25ff: 117 chunks; 1.1 s; peak memory 1404 MiB.
2026-10-06T17:55:55Z INFO [188/500] 47d0172e-2144-4b28-a729-09beed035667: 76 chunks; 1.4 s; peak memory 1404 MiB.
2026-10-06T17:55:56Z INFO [189/500] 47d020f9-013b-428f-91c6-ab4a6ad49fa2: 48 chunks; 0.9 s; peak memory 1404 MiB.
2026-10-06T17:55:57Z INFO [190/500] 47d11ea3-3c0a-40fb-8cfe-a97164607e57: 46 chunks; 0.5 s; peak memory 1404 MiB.
2026-10-06T17:55:57Z INFO [191/500] 47d12345-3d85-4af6-b083-1ab61e2b3f93: 48 chunks; 0.8 s; peak memory 1404 MiB.
2026-10-06T17:55:58Z INFO [192/500] 47d1d9de-d6be-4d5f-8895-89e4f48f9bc0: 52 chunks; 0.8 s; peak memory 1404 MiB.
2026-10-06T17:55:59Z INFO [193/500] 47d276af-9370-4d86-a924-30dc91a789cd: 117 chunks; 1.0 s; peak memory 1404 MiB.
2026-10-06T17:56:00Z INFO [194/500] 47d3a4d6-4a43-4ec6-b4cf-e2cef16d3328: 117 chunks; 1.0 s; peak memory 1404 MiB.
2026-10-06T17:56:02Z INFO [195/500] 47d44736-4062-461d-8c2a-3789e6d84b9a: 204 chunks; 1.5 s; peak memory 1404 MiB.
2026-10-06T17:56:02Z INFO [196/500] 47d48234-d0b5-4ddb-a611-451a0030b104: 117 chunks; 0.7 s; peak memory 1404 MiB.
2026-10-06T17:56:07Z INFO [197/500] 47d54272-d250-4505-add6-5a12409f4ba8: 817 chunks; 4.3 s; peak memory 1404 MiB.
2026-10-06T17:56:31Z INFO [198/500] 47d549f0-0c0f-4964-9912-ea40b4efd277: 6039 chunks; 24.6 s; peak memory 1404 MiB.
2026-10-06T17:56:33Z INFO [199/500] 47d55afc-2886-491b-9558-88f9311cdb05: 261 chunks; 1.2 s; peak memory 1404 MiB.
2026-10-06T17:56:37Z INFO [200/500] 47d57b06-2755-40ef-a292-e7b7d6a82f11: 4151 chunks; 4.8 s; peak memory 1404 MiB.
2026-10-06T17:56:38Z INFO [200/500] 47d57b06-2755-40ef-a292-e7b7d6a82f11: checkpointed 81534 records.
2026-10-06T17:56:39Z INFO [201/500] 47d638e0-bb22-4729-863a-90a92230052e: 61 chunks; 1.1 s; peak memory 1404 MiB.
2026-10-06T17:56:46Z INFO [202/500] 47d6a588-826c-4c71-839a-a71abee36a47: 391 chunks; 7.4 s; peak memory 1404 MiB.
2026-10-06T17:56:47Z INFO [203/500] 47d780bb-8f84-48df-8f31-f293066da28d: 46 chunks; 0.6 s; peak memory 1404 MiB.
2026-10-06T17:56:49Z INFO [204/500] 47d87791-920d-4bf6-8e34-87e156c97d4d: 111 chunks; 2.4 s; peak memory 1404 MiB.
2026-10-06T17:56:50Z INFO [205/500] 47d8a01b-4cb1-4bd1-a74b-7af6a9c0f3f0: 48 chunks; 0.9 s; peak memory 1404 MiB.
2026-10-06T17:56:57Z INFO [206/500] 47d8a84c-8ac1-4b5b-9556-ba34caae8a87: 391 chunks; 6.7 s; peak memory 1404 MiB.
2026-10-06T17:56:57Z INFO [207/500] 47d90186-5572-403f-a6f8-84c4544d8196: 63 chunks; 0.8 s; peak memory 1404 MiB.
2026-10-06T17:57:04Z INFO [208/500] 47d94f83-df06-40db-9e6b-b5929c19f2d5: 4151 chunks; 6.3 s; peak memory 1404 MiB.
2026-10-06T17:57:05Z INFO [209/500] 47daf593-7b92-40ce-9614-570a11618363: 48 chunks; 0.9 s; peak memory 1404 MiB.
2026-10-06T17:57:06Z INFO [210/500] 47db65f7-54da-4821-8204-d674ab2c4bca: 48 chunks; 1.2 s; peak memory 1404 MiB.
2026-10-06T17:57:07Z INFO [211/500] 47db931c-6440-428e-92bf-8f7cc310c2bf: 117 chunks; 1.2 s; peak memory 1404 MiB.
2026-10-06T17:57:09Z INFO [212/500] 47dcb43c-6d88-4970-ac48-6a32f0f31a58: 116 chunks; 2.4 s; peak memory 1404 MiB.
2026-10-06T17:57:10Z INFO [213/500] 47de98a2-fa4a-4441-9d10-18f42b9e9fa0: 108 chunks; 0.9 s; peak memory 1404 MiB.
2026-10-06T17:57:15Z INFO [214/500] 47def2fe-f40e-4c8e-9eff-63ac9ae938f5: 9375 chunks; 4.2 s; peak memory 1404 MiB.
2026-10-06T17:57:17Z INFO [215/500] 47dfdcfb-a565-4aaa-89af-391125ce73dd: 102 chunks; 2.1 s; peak memory 1404 MiB.
2026-10-06T17:57:18Z INFO [216/500] 47e04dfd-24bc-4178-bb8b-61f9f99bdb55: 116 chunks; 0.8 s; peak memory 1404 MiB.
2026-10-06T17:57:19Z INFO [217/500] 47e070a4-14c3-4cbc-9183-396a99d72a2e: 66 chunks; 1.4 s; peak memory 1404 MiB.
2026-10-06T17:57:20Z INFO [218/500] 47e0aec4-e5d8-4141-9ea8-ee430936014f: 112 chunks; 1.1 s; peak memory 1404 MiB.
2026-10-06T17:57:25Z INFO [219/500] 47e15d24-defb-4d8d-b362-563af0fbd06b: 12204 chunks; 5.3 s; peak memory 1404 MiB.
2026-10-06T17:57:27Z INFO [220/500] 47e328cc-5836-4aee-acef-dc83814de7b5: 112 chunks; 1.3 s; peak memory 1404 MiB.
2026-10-06T17:57:27Z INFO [221/500] 47e37fcb-357e-486a-a77f-ff12781f59e2: 84 chunks; 0.8 s; peak memory 1404 MiB.
2026-10-06T17:57:28Z INFO [222/500] 47e471ce-df04-43a4-b609-36e94035c568: 45 chunks; 0.8 s; peak memory 1404 MiB.
2026-10-06T17:57:29Z INFO [223/500] 47e47a24-6eb0-46d4-aad2-0b2a8208e347: 48 chunks; 0.9 s; peak memory 1404 MiB.
2026-10-06T17:57:31Z INFO [224/500] 47e620b1-df40-4fdd-a9d5-0026dad46125: 156 chunks; 2.0 s; peak memory 1404 MiB.
2026-10-06T17:57:32Z INFO [225/500] 47e6b19e-80ea-46a9-9f73-8b18a5586e28: 72 chunks; 1.0 s; peak memory 1404 MiB.
2026-10-06T17:57:33Z INFO [226/500] 47e6c3ae-96b6-4d2d-9663-441dff92a215: 118 chunks; 1.2 s; peak memory 1404 MiB.
2026-10-06T17:57:34Z INFO [227/500] 47e7827f-3e93-4eaf-a207-639d97a850d4: 74 chunks; 1.2 s; peak memory 1404 MiB.
2026-10-06T18:02:10Z INFO [228/500] 47e7c28b-9e44-4564-8070-dde7d26d44c7: 75503 chunks; 275.7 s; peak memory 1404 MiB.
2026-10-06T18:02:11Z INFO [229/500] 47e8215f-a467-402e-9223-dd1a3c21614a: 50 chunks; 1.3 s; peak memory 1404 MiB.
2026-10-06T18:02:13Z INFO [230/500] 47e8de23-a24c-44a6-9b6a-3da71e05345c: 74 chunks; 1.4 s; peak memory 1404 MiB.
2026-10-06T18:02:15Z INFO [231/500] 47e8de7d-c09d-4ba1-89a2-b917cd3a1203: 115 chunks; 2.0 s; peak memory 1404 MiB.
2026-10-06T18:02:16Z INFO [232/500] 47e91479-061c-4586-ba18-758fd68f7a14: 71 chunks; 1.4 s; peak memory 1404 MiB.
2026-10-06T18:02:35Z INFO [233/500] 47e94006-f42c-4ad0-8341-e23ca28b0244: 363 chunks; 18.6 s; peak memory 1404 MiB.
2026-10-06T18:02:37Z INFO [234/500] 47e97510-dbfa-449d-9905-3e78d14d686b: 66 chunks; 1.9 s; peak memory 1404 MiB.
2026-10-06T18:02:39Z INFO [235/500] 47e9ffae-6f2b-4f42-a605-80b04405794f: 115 chunks; 1.8 s; peak memory 1404 MiB.
2026-10-06T18:02:39Z INFO [236/500] 47ead5d5-c0a7-48d6-a981-243efc1ebcb6: 69 chunks; 0.7 s; peak memory 1404 MiB.
2026-10-06T18:02:41Z INFO [237/500] 47ebbb5d-eeba-4e75-838a-84c687885e93: 78 chunks; 1.7 s; peak memory 1404 MiB.
2026-10-06T18:02:42Z INFO [238/500] 47ebcfdf-0304-4ccd-aaab-bdcdab63c374: 113 chunks; 1.0 s; peak memory 1404 MiB.
2026-10-06T18:02:51Z INFO [239/500] 47ec0f4c-c2a9-4412-ac58-bc5fe64cb60a: 1618 chunks; 8.8 s; peak memory 1404 MiB.
2026-10-06T18:02:52Z INFO [240/500] 47ec5817-f548-44d5-87a1-0d362adc1fd3: 48 chunks; 1.1 s; peak memory 1404 MiB.
2026-10-06T18:02:53Z INFO [241/500] 47eca576-ebd9-478d-892a-07df8daf6df4: 66 chunks; 1.0 s; peak memory 1404 MiB.
2026-10-06T18:02:54Z INFO [242/500] 47ed8907-e072-4f61-b417-671d36303290: 48 chunks; 0.9 s; peak memory 1404 MiB.
2026-10-06T18:02:55Z INFO [243/500] 47ed9177-1ec1-496c-b315-cad0811b8af7: 70 chunks; 1.5 s; peak memory 1404 MiB.
2026-10-06T18:02:56Z INFO [244/500] 47edbac2-7776-4602-a960-f52ef45d3284: 70 chunks; 1.0 s; peak memory 1404 MiB.
2026-10-06T18:02:57Z INFO [245/500] 47ee0757-5ffe-42d6-a534-391d1bf21de2: 118 chunks; 1.3 s; peak memory 1404 MiB.
2026-10-06T18:02:59Z INFO [246/500] 47ee940c-a157-4d6e-a2d8-6730a7f0f49a: 48 chunks; 1.0 s; peak memory 1404 MiB.
2026-10-06T18:03:26Z INFO [247/500] 47eeed54-dcfd-4564-b99b-7806164b36da: 6591 chunks; 27.0 s; peak memory 1404 MiB.
2026-10-06T18:03:26Z INFO [248/500] 47ef4b1c-84cf-4dd3-8923-350e37260219: 117 chunks; 0.9 s; peak memory 1404 MiB.
2026-10-06T18:03:28Z INFO [249/500] 47f136a6-40b1-4bfd-8e20-d6a77f0c401d: 204 chunks; 1.4 s; peak memory 1404 MiB.
2026-10-06T18:03:29Z INFO [250/500] 47f13ecb-f881-468d-a2eb-caebf47e698d: 110 chunks; 1.4 s; peak memory 1404 MiB.
2026-10-06T18:03:30Z INFO [250/500] 47f13ecb-f881-468d-a2eb-caebf47e698d: checkpointed 81584 records.
2026-10-06T18:03:34Z INFO [251/500] 47f1f946-064b-4d9f-aaa6-34ff8b4df6da: 2085 chunks; 4.9 s; peak memory 1404 MiB.
2026-10-06T18:03:35Z INFO [252/500] 47f255ac-8e05-4141-a2fd-0a1bcc3f9402: 48 chunks; 0.9 s; peak memory 1404 MiB.
2026-10-06T18:03:36Z INFO [253/500] 47f2d71f-0535-4a75-a587-5ac2461bdb1b: 57 chunks; 0.9 s; peak memory 1404 MiB.
2026-10-06T18:03:38Z INFO [254/500] 47f373aa-6f44-4ece-bd54-d7a1edd4bbd2: 143 chunks; 1.6 s; peak memory 1404 MiB.
2026-10-06T18:03:45Z INFO [255/500] 47f39de1-e736-4513-8eea-e93fd99ce70d: 20914 chunks; 7.5 s; peak memory 1404 MiB.
2026-10-06T18:03:46Z INFO [256/500] 47f4992c-1b0c-453e-a589-a48629ea6d41: 117 chunks; 1.1 s; peak memory 1404 MiB.
2026-10-06T18:06:16Z INFO [257/500] 47f550c9-1e04-401f-a37a-c765e5f5085c: 38753 chunks; 149.6 s; peak memory 1404 MiB.
2026-10-06T18:06:17Z INFO [258/500] 47f5602f-6c2b-4dcd-b278-02057f1b07ef: 48 chunks; 1.1 s; peak memory 1404 MiB.
2026-10-06T18:06:18Z INFO [259/500] 47f5acea-ba84-44df-9e56-4fddaca9327a: 112 chunks; 1.2 s; peak memory 1404 MiB.
2026-10-06T18:06:19Z INFO [260/500] 47f623d1-3882-44d0-b2ea-2b23d2ea6d2e: 452 chunks; 1.3 s; peak memory 1404 MiB.
2026-10-06T18:06:21Z INFO [261/500] 47f68f31-e8a0-4def-9744-87b2725e7abe: 112 chunks; 1.5 s; peak memory 1404 MiB.
2026-10-06T18:06:24Z INFO [262/500] 47f85bd0-e9a3-4614-b685-5e7f41fd40d7: 115 chunks; 2.6 s; peak memory 1404 MiB.
2026-10-06T18:06:25Z INFO [263/500] 47f868ef-893d-4b6f-98d8-fb8934ca246e: 48 chunks; 1.1 s; peak memory 1404 MiB.
2026-10-06T18:06:26Z INFO [264/500] 47f87e27-b732-4fff-8c23-6a9245b4b6e9: 48 chunks; 1.1 s; peak memory 1404 MiB.
2026-10-06T18:06:27Z INFO [265/500] 47f8edae-9167-4886-b5fe-713f6b3fcfe6: 64 chunks; 1.5 s; peak memory 1404 MiB.
2026-10-06T18:06:28Z INFO [266/500] 47f952f6-ae86-49dc-b485-1fa2c3b51113: 48 chunks; 0.9 s; peak memory 1404 MiB.
2026-10-06T18:06:30Z INFO [267/500] 47f9dfec-d909-4eb6-bcf4-b8c7054e734d: 114 chunks; 2.2 s; peak memory 1404 MiB.
2026-10-06T18:06:31Z INFO [268/500] 47fa2eb9-3f18-4fc5-93f7-fedf2adda39d: 46 chunks; 0.6 s; peak memory 1404 MiB.
2026-10-06T18:06:32Z INFO [269/500] 47fa4d87-3ca8-4ffa-b51b-10f2e05ab383: 48 chunks; 0.9 s; peak memory 1404 MiB.
2026-10-06T18:06:33Z INFO [270/500] 47fa57d2-bf48-4725-ae23-c5b4e66c0335: 52 chunks; 0.9 s; peak memory 1404 MiB.
2026-10-06T18:06:38Z INFO [271/500] 47fa632a-57c6-4691-8b8d-41b2d462dd64: 9021 chunks; 5.5 s; peak memory 1404 MiB.
2026-10-06T18:06:39Z INFO [272/500] 47fb60ec-1563-43ca-9bb5-008797e4fdca: 48 chunks; 1.0 s; peak memory 1404 MiB.
2026-10-06T18:06:40Z INFO [273/500] 47fbb0dc-a5db-4713-962e-4bc174ec53ba: 48 chunks; 1.0 s; peak memory 1404 MiB.
2026-10-06T18:06:41Z INFO [274/500] 47fbf936-1eb1-423f-bac7-01455dc9c6bb: 48 chunks; 1.0 s; peak memory 1404 MiB.
2026-10-06T18:06:42Z INFO [275/500] 47fc208f-bda0-4d7f-9c96-9f4ad0039eda: 48 chunks; 1.0 s; peak memory 1404 MiB.
2026-10-06T18:06:43Z INFO [276/500] 47fc8f0a-5e5e-483d-b5b4-6c4041f5cbbd: 112 chunks; 0.9 s; peak memory 1404 MiB.
2026-10-06T18:06:44Z INFO [277/500] 47fcdc80-bbe8-4840-bd21-6ddef46907bc: 52 chunks; 1.2 s; peak memory 1404 MiB.
2026-10-06T18:06:46Z INFO [278/500] 47fedc0b-b9be-451b-95bc-e378c7613896: 117 chunks; 1.1 s; peak memory 1404 MiB.
2026-10-06T18:06:47Z INFO [279/500] 47feead4-bf9a-4223-8707-7fadc9c5eeb6: 74 chunks; 1.4 s; peak memory 1404 MiB.
2026-10-06T18:06:48Z INFO [280/500] 47ffb049-b545-4f63-84da-76dc4bfbb292: 48 chunks; 1.2 s; peak memory 1404 MiB.
2026-10-06T18:06:49Z INFO [281/500] 4800ad1d-18b3-45f0-9abf-e0f0a72aeeb5: 48 chunks; 1.1 s; peak memory 1404 MiB.
2026-10-06T18:06:51Z INFO [282/500] 4800c3ca-b177-4dd8-b907-4dac27f4c289: 62 chunks; 1.3 s; peak memory 1404 MiB.
2026-10-06T18:06:52Z INFO [283/500] 48011fdb-820b-4c53-ba25-c22f0454c519: 112 chunks; 1.1 s; peak memory 1404 MiB.
2026-10-06T18:06:53Z INFO [284/500] 480199b6-ec26-4de3-aa64-81256f87593b: 117 chunks; 1.0 s; peak memory 1404 MiB.
2026-10-06T18:06:54Z INFO [285/500] 4801bf98-84f5-46e2-9d33-080c953f42da: 117 chunks; 1.0 s; peak memory 1404 MiB.
2026-10-06T18:06:55Z INFO [286/500] 4801d416-f98a-4349-9cac-9e3266db1164: 70 chunks; 0.9 s; peak memory 1404 MiB.
2026-10-06T18:06:55Z INFO [287/500] 48024d4a-3bb6-408e-a709-d1df9f27403e: 35 chunks; 0.7 s; peak memory 1404 MiB.
2026-10-06T18:06:56Z INFO [288/500] 4802bc77-4cd7-406a-b488-ea8411be0913: 112 chunks; 0.9 s; peak memory 1404 MiB.
2026-10-06T18:06:57Z INFO [289/500] 4802e92e-7350-480f-9d07-080aa4027506: 117 chunks; 1.0 s; peak memory 1404 MiB.
2026-10-06T18:06:59Z INFO [290/500] 4804290f-1135-4248-83e8-2dd6c8c9a12a: 118 chunks; 1.3 s; peak memory 1404 MiB.
2026-10-06T18:06:59Z INFO [291/500] 480537ab-3403-466c-bdbd-1522fb262d5b: 116 chunks; 0.8 s; peak memory 1404 MiB.
2026-10-06T18:07:02Z INFO [292/500] 48054296-c53c-4b32-94c4-e026edc08874: 118 chunks; 2.1 s; peak memory 1404 MiB.
2026-10-06T18:07:03Z INFO [293/500] 48062e82-fbcc-4722-9e59-304fd3666d5a: 112 chunks; 1.1 s; peak memory 1404 MiB.
2026-10-06T18:07:04Z INFO [294/500] 4806b019-7ae1-4139-8049-ca4fb828b619: 168 chunks; 1.6 s; peak memory 1404 MiB.
2026-10-06T18:07:05Z INFO [295/500] 4807037e-7a98-4380-8ec0-81b2dfd636c4: 57 chunks; 0.6 s; peak memory 1404 MiB.
2026-10-06T18:07:07Z INFO [296/500] 48098329-6069-4fba-8092-f369ce49af7a: 74 chunks; 1.8 s; peak memory 1404 MiB.
2026-10-06T18:07:08Z INFO [297/500] 4809a35a-4c12-41e0-8398-3916172681c1: 117 chunks; 1.1 s; peak memory 1404 MiB.
2026-10-06T18:07:13Z INFO [298/500] 480aba96-4c2c-4c25-be5a-9b46cde8a26e: 736 chunks; 5.2 s; peak memory 1404 MiB.
2026-10-06T18:07:28Z INFO [299/500] 480b1d8d-dbe3-44e5-a4a9-c81fa8ee10bd: 816 chunks; 15.1 s; peak memory 1404 MiB.
2026-10-06T18:07:29Z INFO [300/500] 480b8897-1c3b-427f-9af0-728ecaf038a6: 112 chunks; 1.1 s; peak memory 1404 MiB.
2026-10-06T18:07:29Z INFO [300/500] 480b8897-1c3b-427f-9af0-728ecaf038a6: checkpointed 81634 records.
2026-10-06T18:07:31Z INFO [301/500] 480c065c-882c-4a72-bcba-642879e50d4f: 933 chunks; 1.5 s; peak memory 1404 MiB.
2026-10-06T18:07:32Z INFO [302/500] 480c3c3f-aac4-44a1-b271-1a0e35ad67a7: 62 chunks; 0.6 s; peak memory 1404 MiB.
2026-10-06T18:07:32Z INFO [303/500] 480cedef-877e-48a9-8b0d-b778d591934b: 58 chunks; 0.6 s; peak memory 1404 MiB.
2026-10-06T18:07:33Z INFO [304/500] 480d26c0-e371-4e2a-aabf-7a6eec5bc494: 116 chunks; 1.0 s; peak memory 1404 MiB.
2026-10-06T18:07:34Z INFO [305/500] 480d82fa-988a-4344-a81b-3d1604f90508: 48 chunks; 1.1 s; peak memory 1404 MiB.
2026-10-06T18:07:35Z INFO [306/500] 480ddae8-f9c1-4b81-8dbd-5458fd4739d8: 48 chunks; 0.8 s; peak memory 1404 MiB.
2026-10-06T18:07:36Z INFO [307/500] 480e48d4-9615-4028-a590-83ecb6c0777e: 110 chunks; 1.1 s; peak memory 1404 MiB.
2026-10-06T18:07:37Z INFO [308/500] 480e764b-f164-42be-a6bb-546de5e3162f: 112 chunks; 1.1 s; peak memory 1404 MiB.
2026-10-06T18:07:38Z INFO [309/500] 480ebc76-f530-4e10-8c47-1fe3a0bda755: 46 chunks; 0.5 s; peak memory 1404 MiB.
2026-10-06T18:07:38Z INFO [310/500] 480fd26b-8d09-4b46-aa5d-4b6f02b63c59: 46 chunks; 0.6 s; peak memory 1404 MiB.
2026-10-06T18:07:39Z INFO [311/500] 4810053e-5b34-4dd9-901c-d3be8ff55aa4: 48 chunks; 1.0 s; peak memory 1404 MiB.
2026-10-06T18:07:50Z INFO [312/500] 48101bad-357f-40fe-be00-64ea3f035db8: 12238 chunks; 11.1 s; peak memory 1404 MiB.
2026-10-06T18:07:51Z INFO [313/500] 4810795a-66ef-4c14-adc5-b15fae0a4d1f: 33 chunks; 0.7 s; peak memory 1404 MiB.
2026-10-06T18:07:52Z INFO [314/500] 4810fdf7-4877-430a-8781-1203a760f57c: 112 chunks; 1.3 s; peak memory 1404 MiB.
2026-10-06T18:07:53Z INFO [315/500] 4811855c-a088-497e-ac78-38180e2d5354: 117 chunks; 1.1 s; peak memory 1404 MiB.
2026-10-06T18:07:54Z INFO [316/500] 48118a67-910b-4b8f-ace8-49e18cd03ab6: 78 chunks; 0.9 s; peak memory 1404 MiB.
2026-10-06T18:07:55Z INFO [317/500] 48124a56-1024-47da-b066-64e9c0104f5f: 294 chunks; 1.0 s; peak memory 1404 MiB.
2026-10-06T18:07:56Z INFO [318/500] 48133d87-c742-4f86-b57a-f5e19a06bc50: 52 chunks; 0.8 s; peak memory 1404 MiB.
2026-10-06T18:07:57Z INFO [319/500] 4813518f-73d9-4bf8-b9c6-c5d92c0dcb29: 48 chunks; 1.1 s; peak memory 1404 MiB.
2026-10-06T18:10:59Z INFO [320/500] 48149282-39d4-41c1-87ee-a7d147a94757: 45744 chunks; 181.4 s; peak memory 1404 MiB.
2026-10-06T18:11:02Z INFO [321/500] 481528eb-4e40-4ba9-a233-6cbce5b2f095: 2923 chunks; 3.8 s; peak memory 1404 MiB.
2026-10-06T18:11:03Z INFO [322/500] 48155d0d-255a-4a13-863a-dc7873205b7f: 48 chunks; 1.0 s; peak memory 1404 MiB.
2026-10-06T18:11:04Z INFO [323/500] 48155f87-0652-4176-98e0-96b1be9c568d: 48 chunks; 1.0 s; peak memory 1404 MiB.
2026-10-06T18:11:06Z INFO [324/500] 4815c341-bb70-4c80-8f30-7aa8c9b43309: 66 chunks; 1.4 s; peak memory 1404 MiB.
2026-10-06T18:11:07Z INFO [325/500] 4817227c-dc8e-46d2-93f6-659711c3cab5: 117 chunks; 0.9 s; peak memory 1404 MiB.
2026-10-06T18:11:08Z INFO [326/500] 48173291-ce95-439b-9dc1-f1df88b553c1: 84 chunks; 1.1 s; peak memory 1404 MiB.
2026-10-06T18:11:09Z INFO [327/500] 481989e4-f888-411c-8bf3-ba10d6cae0e0: 112 chunks; 0.9 s; peak memory 1404 MiB.
2026-10-06T18:11:10Z INFO [328/500] 4819c26e-daac-44d7-ac83-ea43ce510c4c: 66 chunks; 1.4 s; peak memory 1404 MiB.
2026-10-06T18:11:12Z INFO [329/500] 481a1147-7a4d-4268-a047-6b6a1b994933: 184 chunks; 1.7 s; peak memory 1404 MiB.
2026-10-06T18:11:16Z INFO [330/500] 481a4c9f-34fd-4ab6-bedb-4be043881833: 8226 chunks; 4.8 s; peak memory 1404 MiB.
2026-10-06T18:11:27Z INFO [331/500] 481a7af9-5595-4bc2-a648-f40d743176e2: 20583 chunks; 10.7 s; peak memory 1404 MiB.
2026-10-06T18:11:28Z INFO [332/500] 481aa8b4-22b1-4991-a0cd-6712eceefa92: 48 chunks; 1.0 s; peak memory 1404 MiB.
2026-10-06T18:11:29Z INFO [333/500] 481af612-a840-437a-817f-063388a63913: 46 chunks; 0.6 s; peak memory 1404 MiB.
2026-10-06T18:11:33Z INFO [334/500] 481b352a-f315-47f3-837f-a55ed6d0b851: 372 chunks; 4.1 s; peak memory 1404 MiB.
2026-10-06T18:11:34Z INFO [335/500] 481b3c28-13c7-4676-937d-79807af478e9: 66 chunks; 1.3 s; peak memory 1404 MiB.
2026-10-06T18:11:35Z INFO [336/500] 481c10d5-9585-426e-b7ea-1bbfb5bddac1: 117 chunks; 1.1 s; peak memory 1404 MiB.
2026-10-06T18:11:36Z INFO [337/500] 481d435b-dac6-419a-8d96-5c79bcf47628: 50 chunks; 0.9 s; peak memory 1404 MiB.
2026-10-06T18:11:37Z INFO [338/500] 481ddaab-38a8-49e0-84fd-5506afca603f: 48 chunks; 0.9 s; peak memory 1404 MiB.
2026-10-06T18:11:46Z INFO [339/500] 481e136c-6eb7-4743-9d83-346f7d1a445a: 34078 chunks; 8.7 s; peak memory 1404 MiB.
2026-10-06T18:11:51Z INFO [340/500] 481e58c4-3ed6-4e00-9275-791a2bb8b0e1: 6167 chunks; 5.1 s; peak memory 1404 MiB.
2026-10-06T18:11:52Z INFO [341/500] 481f1519-735f-44ac-96ea-0de1ada3374d: 48 chunks; 0.8 s; peak memory 1404 MiB.
2026-10-06T18:11:54Z INFO [342/500] 481f5523-fd70-494f-b5d1-143cd596af74: 997 chunks; 1.7 s; peak memory 1404 MiB.
2026-10-06T18:11:57Z INFO [343/500] 48208811-cf0d-4d48-9ea8-9d2377ca3973: 2465 chunks; 3.2 s; peak memory 1404 MiB.
2026-10-06T18:12:01Z INFO [344/500] 4821db61-2720-4d61-8556-182eba14b1fe: 208 chunks; 4.2 s; peak memory 1404 MiB.
2026-10-06T18:12:03Z INFO [345/500] 48233332-db53-42c8-9592-4605e4a26ff9: 71 chunks; 1.7 s; peak memory 1404 MiB.
2026-10-06T18:12:04Z INFO [346/500] 48246ca9-c7f7-4cfa-81e7-81ef272eb3b6: 117 chunks; 1.6 s; peak memory 1404 MiB.
2026-10-06T18:12:07Z INFO [347/500] 4825bce4-ef80-4a89-abb1-fbb1e1b82e25: 115 chunks; 2.4 s; peak memory 1404 MiB.
2026-10-06T18:12:25Z INFO [348/500] 4825cfd1-bc75-4dd2-b4b7-77995ab57e0a: 4503 chunks; 18.1 s; peak memory 1404 MiB.
2026-10-06T18:12:27Z INFO [349/500] 48271717-f698-425a-95c5-9a3990003a13: 152 chunks; 2.4 s; peak memory 1404 MiB.
2026-10-06T18:12:29Z INFO [350/500] 482731d2-fdc8-4ca6-ad6b-e421c5847940: 110 chunks; 1.4 s; peak memory 1404 MiB.
2026-10-06T18:12:29Z INFO [350/500] 482731d2-fdc8-4ca6-ad6b-e421c5847940: checkpointed 81684 records.
2026-10-06T18:12:30Z INFO [351/500] 48278361-1ed4-4faa-8989-65bac5d5e035: 110 chunks; 1.2 s; peak memory 1404 MiB.
2026-10-06T18:12:33Z INFO [352/500] 48283f65-bb2e-4bcc-8234-a7ddce6b5dd3: 2170 chunks; 2.7 s; peak memory 1404 MiB.
2026-10-06T18:12:34Z INFO [353/500] 48284166-949c-46cf-ac19-1b7323cea941: 51 chunks; 1.3 s; peak memory 1404 MiB.
2026-10-06T18:12:35Z INFO [354/500] 4829251f-f36a-449a-a65c-a6b24dc1d8c6: 48 chunks; 1.0 s; peak memory 1404 MiB.
2026-10-06T18:12:36Z INFO [355/500] 482926d2-05b8-4a75-a9e8-37180a096a0c: 48 chunks; 1.3 s; peak memory 1404 MiB.
2026-10-06T18:12:49Z INFO [356/500] 48297b1a-d72d-4c30-8988-0cb1444c9c20: 43160 chunks; 13.2 s; peak memory 1404 MiB.
2026-10-06T18:12:50Z INFO [357/500] 482a8ac2-38cf-4f1f-ad5f-93ac51afe1e7: 116 chunks; 0.9 s; peak memory 1404 MiB.
2026-10-06T18:12:54Z INFO [358/500] 482b71ef-e556-4631-ba34-34257c553b31: 797 chunks; 3.6 s; peak memory 1404 MiB.
2026-10-06T18:12:56Z INFO [359/500] 482b81c6-70c5-4e20-9827-85812a9ec6e6: 66 chunks; 1.6 s; peak memory 1404 MiB.
2026-10-06T18:12:56Z INFO [360/500] 482c36dc-d83b-41ef-9636-d0863eeb5767: 41 chunks; 0.7 s; peak memory 1404 MiB.
2026-10-06T18:12:57Z INFO [361/500] 482cdafc-4f51-4e9c-8387-77e02b0515e9: 48 chunks; 0.9 s; peak memory 1404 MiB.
2026-10-06T18:12:58Z INFO [362/500] 482e4b82-6853-48e0-b61c-bf8dd0ce84dc: 48 chunks; 0.8 s; peak memory 1404 MiB.
2026-10-06T18:12:59Z INFO [363/500] 482e9752-da88-4b2f-926a-a2c43a347879: 42 chunks; 0.8 s; peak memory 1404 MiB.
2026-10-06T18:13:11Z INFO [364/500] 482ea313-0fd1-43b5-8bdd-bebc46ad1f72: 588 chunks; 12.3 s; peak memory 1404 MiB.
2026-10-06T18:13:12Z INFO [365/500] 482ecc17-8c6e-44e3-a9df-27703a809746: 118 chunks; 0.9 s; peak memory 1404 MiB.
2026-10-06T18:13:13Z INFO [366/500] 482f4034-8ee5-44f5-97b9-7454886c4eb1: 33 chunks; 0.8 s; peak memory 1404 MiB.
2026-10-06T18:13:48Z INFO [367/500] 483001f5-184a-45fb-8bd0-6ba51a846742: 32948 chunks; 35.3 s; peak memory 1404 MiB.
2026-10-06T18:13:50Z INFO [368/500] 48301c45-e502-4296-b2c0-a224a0c68d73: 116 chunks; 2.3 s; peak memory 1404 MiB.
2026-10-06T18:13:51Z INFO [369/500] 48305aed-be31-43c7-ab25-894fa29b98a9: 48 chunks; 1.0 s; peak memory 1404 MiB.
2026-10-06T18:13:52Z INFO [370/500] 4830e251-24cb-478b-bbb1-f6ae68a3a533: 40 chunks; 0.9 s; peak memory 1404 MiB.
2026-10-06T18:13:53Z INFO [371/500] 48313b9c-63d3-443b-acd8-8b08c062fe2d: 51 chunks; 0.7 s; peak memory 1404 MiB.
2026-10-06T18:13:55Z INFO [372/500] 48314297-a0b8-4642-93c6-11e465fb742b: 114 chunks; 2.1 s; peak memory 1404 MiB.
2026-10-06T18:14:00Z INFO [373/500] 483149c2-bff8-456a-ad70-3b2516925899: 7676 chunks; 5.2 s; peak memory 1404 MiB.
2026-10-06T18:14:01Z INFO [374/500] 4832e79f-44d7-4833-9ecf-93d9b2f35352: 46 chunks; 0.9 s; peak memory 1404 MiB.
2026-10-06T18:14:07Z INFO [375/500] 483320a2-4294-41d2-9821-986ea6964e6e: 13966 chunks; 5.7 s; peak memory 1404 MiB.
2026-10-06T18:14:19Z INFO [376/500] 483447ea-9dfc-4444-b921-81454dab3b9b: 2683 chunks; 12.1 s; peak memory 1404 MiB.
2026-10-06T18:14:20Z INFO [377/500] 483447f1-e204-4a8f-aa19-5d7ce3031d7c: 117 chunks; 1.1 s; peak memory 1404 MiB.
2026-10-06T18:14:53Z INFO [378/500] 4835a0f8-96dd-49b7-9770-f0e3356e97b6: 59256 chunks; 33.5 s; peak memory 1404 MiB.
2026-10-06T18:14:55Z INFO [379/500] 4835ce67-601d-4fc3-be25-6ffca1483218: 110 chunks; 1.2 s; peak memory 1404 MiB.
2026-10-06T18:14:57Z INFO [380/500] 483654df-b101-40d8-874b-c7132726c917: 71 chunks; 1.9 s; peak memory 1404 MiB.
2026-10-06T18:14:58Z INFO [381/500] 48366d31-e5e7-4e52-aa26-aa916679effb: 112 chunks; 1.2 s; peak memory 1404 MiB.
2026-10-06T18:14:59Z INFO [382/500] 4836e978-018c-4e45-8266-77c4a580119b: 79 chunks; 1.0 s; peak memory 1404 MiB.
2026-10-06T18:14:59Z INFO [383/500] 4837bf2a-ef60-4088-abe1-04349ce64745: 46 chunks; 0.7 s; peak memory 1404 MiB.
2026-10-06T18:15:01Z INFO [384/500] 483804ac-bc75-400b-89a3-ee9f10b3a5e3: 48 chunks; 1.3 s; peak memory 1404 MiB.
2026-10-06T18:15:02Z INFO [385/500] 48381bc7-4080-4eb8-ae9c-a3338f2dd1ae: 66 chunks; 1.3 s; peak memory 1404 MiB.
2026-10-06T18:15:03Z INFO [386/500] 48383bdd-a4a6-473e-89f6-672923c861bd: 59 chunks; 1.0 s; peak memory 1404 MiB.
2026-10-06T18:15:06Z INFO [387/500] 48389b58-6195-4b3b-9ad2-8bc2e740f8d0: 123 chunks; 2.5 s; peak memory 1404 MiB.
2026-10-06T18:15:13Z INFO [388/500] 4838a474-4b42-4a1e-b4be-e79a738fbd79: 9196 chunks; 7.9 s; peak memory 1404 MiB.
2026-10-06T18:15:14Z INFO [389/500] 483ad172-731b-4166-8a07-6052dec7d57a: 48 chunks; 0.8 s; peak memory 1404 MiB.
2026-10-06T18:15:16Z INFO [390/500] 483dfa9c-deb0-41de-afeb-41ead83d0691: 126 chunks; 1.8 s; peak memory 1404 MiB.
2026-10-06T18:15:17Z INFO [391/500] 483e3d31-3237-4d94-9e4b-de91211763c2: 48 chunks; 0.9 s; peak memory 1404 MiB.
2026-10-06T18:15:19Z INFO [392/500] 483e61b9-7d03-4078-bf23-5fca860a976b: 116 chunks; 2.1 s; peak memory 1404 MiB.
2026-10-06T18:15:28Z INFO [393/500] 48408e0d-4231-42e7-9571-e777891cef6f: 1039 chunks; 9.0 s; peak memory 1404 MiB.
2026-10-06T18:15:29Z INFO [394/500] 4840c964-f9f9-4e2a-945e-55368b9f389a: 117 chunks; 0.9 s; peak memory 1404 MiB.
2026-10-06T18:15:30Z INFO [395/500] 484192b5-e650-4b21-ab82-b74dfc1b4b17: 48 chunks; 0.9 s; peak memory 1404 MiB.
2026-10-06T18:15:31Z INFO [396/500] 48421a74-9083-4221-90c2-d0e2beae4483: 68 chunks; 1.0 s; peak memory 1404 MiB.
2026-10-06T18:15:32Z INFO [397/500] 4842428c-8c0d-4ea0-b267-a96db291f0d7: 112 chunks; 1.0 s; peak memory 1404 MiB.
2026-10-06T18:15:34Z INFO [398/500] 48439149-f611-47bf-b9f3-1f5dcc9bad3c: 1061 chunks; 2.3 s; peak memory 1404 MiB.
2026-10-06T18:15:40Z INFO [399/500] 4843a943-ccf8-48a1-8184-0ed00d217756: 16956 chunks; 5.5 s; peak memory 1404 MiB.
2026-10-06T18:15:43Z INFO [400/500] 4844156b-0757-4177-a5f5-68b64df474cf: 2083 chunks; 3.7 s; peak memory 1404 MiB.
2026-10-06T18:15:44Z INFO [400/500] 4844156b-0757-4177-a5f5-68b64df474cf: checkpointed 81734 records.
2026-10-06T18:15:45Z INFO [401/500] 4844e68f-41b3-405e-b0bb-ebc72be706d4: 48 chunks; 0.9 s; peak memory 1404 MiB.
2026-10-06T18:15:46Z INFO [402/500] 48450056-ba51-459e-9d3d-e4a8546f22cf: 112 chunks; 1.1 s; peak memory 1404 MiB.
2026-10-06T18:15:47Z INFO [403/500] 4845531f-44ff-46db-8aa7-32ff8cbd487d: 117 chunks; 0.9 s; peak memory 1404 MiB.
2026-10-06T18:15:48Z INFO [404/500] 4845768d-426a-4aa1-93d3-2bc37e3244ab: 70 chunks; 1.1 s; peak memory 1404 MiB.
2026-10-06T18:15:49Z INFO [405/500] 484719e8-f59e-4a29-baf6-7e050b2fb730: 86 chunks; 1.4 s; peak memory 1404 MiB.
2026-10-06T18:15:50Z INFO [406/500] 4847a9a0-456f-40df-8bc2-4c9500200498: 48 chunks; 1.0 s; peak memory 1404 MiB.
2026-10-06T18:15:52Z INFO [407/500] 484891c9-7c8c-47e8-b6ec-b999204cd902: 71 chunks; 2.3 s; peak memory 1404 MiB.
2026-10-06T18:15:53Z INFO [408/500] 48489643-cf60-4536-95e4-8a3750c2a9d7: 117 chunks; 0.9 s; peak memory 1404 MiB.
2026-10-06T18:15:54Z INFO [409/500] 484a1467-2a5b-4538-ad95-98439745bd52: 110 chunks; 1.0 s; peak memory 1404 MiB.
2026-10-06T18:15:55Z INFO [410/500] 484a3b83-477d-4078-ba0d-34754ad431fa: 112 chunks; 1.2 s; peak memory 1404 MiB.
2026-10-06T18:15:56Z INFO [411/500] 484c4c7d-7a34-456b-83bc-7f7d8a44e7f0: 118 chunks; 1.1 s; peak memory 1404 MiB.
2026-10-06T18:16:00Z INFO [412/500] 484dd744-b70c-4433-9a3e-562e84a8d7f7: 6665 chunks; 3.6 s; peak memory 1404 MiB.
2026-10-06T18:16:04Z INFO [413/500] 484e639c-c36f-4769-9019-0eb2d182d4d6: 10789 chunks; 3.6 s; peak memory 1404 MiB.
2026-10-06T18:16:17Z INFO [414/500] 484ea802-781b-4507-87ab-dc347ba2e5c5: 26542 chunks; 13.4 s; peak memory 1404 MiB.
2026-10-06T18:16:18Z INFO [415/500] 484ebd76-0206-4915-83b1-99a95cd55e5f: 37 chunks; 0.8 s; peak memory 1404 MiB.
2026-10-06T18:16:28Z INFO [416/500] 484ee6e9-d6e3-4086-b734-7e23c912d36b: 14972 chunks; 10.4 s; peak memory 1404 MiB.
2026-10-06T18:16:29Z INFO [417/500] 484f0706-fdde-4eea-93d2-656c8e16c6c2: 57 chunks; 0.8 s; peak memory 1404 MiB.
2026-10-06T18:16:31Z INFO [418/500] 484f3909-e642-4b59-b95d-d200a220b7b4: 131 chunks; 2.0 s; peak memory 1404 MiB.
2026-10-06T18:16:32Z INFO [419/500] 48503176-5dc3-412a-b0cb-142bb408f520: 121 chunks; 1.0 s; peak memory 1404 MiB.
2026-10-06T18:16:57Z INFO [420/500] 48504d56-cf67-4ba2-b48e-30693ec2860c: 6140 chunks; 24.6 s; peak memory 1404 MiB.
2026-10-06T18:16:58Z INFO [421/500] 4850a688-dddc-4621-acd8-1f71c62bb071: 106 chunks; 1.3 s; peak memory 1404 MiB.
2026-10-06T18:16:58Z INFO [422/500] 4850ec2e-a666-4613-b8c0-fd3abc2fffe8: 46 chunks; 0.5 s; peak memory 1404 MiB.
2026-10-06T18:17:00Z INFO [423/500] 48515cda-21d4-4fb8-b7e9-f4de6af66065: 117 chunks; 1.1 s; peak memory 1404 MiB.
2026-10-06T18:17:01Z INFO [424/500] 48516d62-f131-47bf-b085-3b6130de0e0c: 66 chunks; 1.2 s; peak memory 1404 MiB.
2026-10-06T18:17:02Z INFO [425/500] 48525a19-68f0-4708-964d-eecf8ae9eb44: 66 chunks; 1.6 s; peak memory 1404 MiB.
2026-10-06T18:17:03Z INFO [426/500] 4852828d-cf6f-439a-8402-443274dd599f: 117 chunks; 0.9 s; peak memory 1404 MiB.
2026-10-06T18:17:04Z INFO [427/500] 4852d74f-265a-474f-8daa-45826deb0910: 118 chunks; 1.2 s; peak memory 1404 MiB.
2026-10-06T18:17:07Z INFO [428/500] 4854323b-ce94-48ff-af3e-48ae0e6791ce: 141 chunks; 2.2 s; peak memory 1404 MiB.
2026-10-06T18:17:07Z INFO [429/500] 48548e08-fc90-4985-b54a-0804026fe8e1: 46 chunks; 0.6 s; peak memory 1404 MiB.
2026-10-06T18:17:10Z INFO [430/500] 48561a2a-919d-40b9-8eab-ece2779b6706: 156 chunks; 2.4 s; peak memory 1404 MiB.
2026-10-06T18:17:11Z INFO [431/500] 48561fa9-74a2-4dab-a421-ea7db75ec4ea: 112 chunks; 1.2 s; peak memory 1404 MiB.
2026-10-06T18:17:13Z INFO [432/500] 48564205-f711-449a-848b-bb53b578d59b: 115 chunks; 2.3 s; peak memory 1404 MiB.
2026-10-06T18:17:14Z INFO [433/500] 48566ed1-01c1-40ea-a241-479df53327a1: 48 chunks; 1.0 s; peak memory 1404 MiB.
2026-10-06T18:17:15Z INFO [434/500] 4856b5d0-601b-4a5d-a748-ba918264ddc4: 116 chunks; 0.9 s; peak memory 1404 MiB.
2026-10-06T18:17:19Z INFO [435/500] 4856eb98-57fd-4b1f-9358-e8dd463fb572: 269 chunks; 3.8 s; peak memory 1404 MiB.
2026-10-06T18:17:20Z INFO [436/500] 48576136-2aed-47cb-bddf-f0a72c659b4e: 117 chunks; 1.0 s; peak memory 1404 MiB.
2026-10-06T18:17:21Z INFO [437/500] 48579d85-51ee-45ee-80f6-b5a17e2a9b95: 113 chunks; 0.9 s; peak memory 1404 MiB.
2026-10-06T18:17:22Z INFO [438/500] 4857a148-0e41-481a-902d-84104b84768a: 48 chunks; 1.0 s; peak memory 1404 MiB.
2026-10-06T18:17:23Z INFO [439/500] 48582575-7824-4d58-b44a-6a0b7831eda8: 118 chunks; 1.0 s; peak memory 1404 MiB.
2026-10-06T18:17:49Z INFO [440/500] 48593a2f-bc08-4e09-8861-13ee051b80a0: 6054 chunks; 26.3 s; peak memory 1404 MiB.
2026-10-06T18:17:50Z INFO [441/500] 4859d729-ff61-42a0-a37a-895e06d20ab3: 46 chunks; 0.6 s; peak memory 1404 MiB.
2026-10-06T18:17:50Z INFO [442/500] 485ac78d-6f8d-4ff1-b419-3e810677c40a: 116 chunks; 0.8 s; peak memory 1404 MiB.
2026-10-06T18:17:53Z INFO [443/500] 485b62b3-9d1f-49ed-8028-7c621c2f5a73: 118 chunks; 2.5 s; peak memory 1404 MiB.
2026-10-06T18:18:13Z INFO [444/500] 485babce-3963-40e5-ab96-54e1e5b7f710: 13040 chunks; 19.8 s; peak memory 1404 MiB.
2026-10-06T18:18:45Z INFO [445/500] 485c47b6-f5ec-4266-8251-307b3d559e3c: 7906 chunks; 31.8 s; peak memory 1404 MiB.
2026-10-06T18:18:46Z INFO [446/500] 485cc178-4d78-489c-bb8a-fc4456bcb9a9: 66 chunks; 1.6 s; peak memory 1404 MiB.
2026-10-06T18:18:47Z INFO [447/500] 485d2efe-2c8a-49ef-b07a-187928fe563e: 48 chunks; 1.1 s; peak memory 1404 MiB.
2026-10-06T18:18:49Z INFO [448/500] 485d88bf-203c-4ec2-92a6-a6e2be2baed7: 71 chunks; 1.4 s; peak memory 1404 MiB.
2026-10-06T18:18:50Z INFO [449/500] 485db5fe-fb68-4ad9-ba32-704b2fc6079c: 48 chunks; 0.9 s; peak memory 1404 MiB.
2026-10-06T18:18:50Z INFO [450/500] 485dc9d3-5ea2-4fd6-ae4a-30fa49168881: 118 chunks; 0.9 s; peak memory 1404 MiB.
2026-10-06T18:18:51Z INFO [450/500] 485dc9d3-5ea2-4fd6-ae4a-30fa49168881: checkpointed 81784 records.
2026-10-06T18:19:06Z INFO [451/500] 485e5c89-e2b6-4ad0-8b83-842c02e1c7eb: 60708 chunks; 14.8 s; peak memory 1404 MiB.
2026-10-06T18:19:07Z INFO [452/500] 485e62b1-7f71-4594-b00f-847f9edc2158: 112 chunks; 1.1 s; peak memory 1404 MiB.
2026-10-06T18:19:08Z INFO [453/500] 485f3f17-c6c5-40d3-9746-69c30a73377c: 48 chunks; 0.9 s; peak memory 1404 MiB.
2026-10-06T18:19:08Z INFO [454/500] 485fc3b4-9d00-4924-a0db-a7850889d192: 71 chunks; 1.0 s; peak memory 1404 MiB.
2026-10-06T18:19:15Z INFO [455/500] 4860d74c-4acf-4a4e-b200-6f32cfe22759: 194 chunks; 7.0 s; peak memory 1404 MiB.
2026-10-06T18:19:16Z INFO [456/500] 4860e964-897b-4f6f-a678-406acec6df61: 48 chunks; 0.9 s; peak memory 1404 MiB.
2026-10-06T18:19:17Z INFO [457/500] 48615625-c827-48b7-b833-5f916b4ea541: 48 chunks; 0.8 s; peak memory 1404 MiB.
2026-10-06T18:19:18Z INFO [458/500] 4862a574-bf86-44bd-aaef-f59035857ee6: 52 chunks; 0.9 s; peak memory 1404 MiB.
2026-10-06T18:19:19Z INFO [459/500] 4862aad8-091c-4c3f-a758-90698b2bb540: 117 chunks; 1.1 s; peak memory 1404 MiB.
2026-10-06T18:19:20Z INFO [460/500] 4862c0e6-2bb7-4111-a740-d66c96602869: 112 chunks; 0.9 s; peak memory 1404 MiB.
2026-10-06T18:19:22Z INFO [461/500] 4862c346-c028-4519-94bb-416b0fbed2ee: 118 chunks; 2.3 s; peak memory 1404 MiB.
2026-10-06T18:19:23Z INFO [462/500] 4863357c-7f0b-4dfb-acff-712249b816cb: 117 chunks; 0.8 s; peak memory 1404 MiB.
2026-10-06T18:19:24Z INFO [463/500] 48635bb8-b8ae-4245-96fb-905057012e02: 48 chunks; 1.1 s; peak memory 1404 MiB.
2026-10-06T18:19:26Z INFO [464/500] 48636984-0635-471b-b884-21d17c86320b: 117 chunks; 1.3 s; peak memory 1404 MiB.
2026-10-06T18:19:26Z INFO [465/500] 48637765-bed6-4aef-9a4b-3b43d9c4ac03: 102 chunks; 0.7 s; peak memory 1404 MiB.
2026-10-06T18:19:28Z INFO [466/500] 4864cb05-8133-4569-943e-01eb5705f149: 66 chunks; 1.3 s; peak memory 1404 MiB.
2026-10-06T18:19:29Z INFO [467/500] 48650480-2d7b-4993-91d6-e07fe91e8ec2: 48 chunks; 1.1 s; peak memory 1404 MiB.
2026-10-06T18:19:30Z INFO [468/500] 486527a2-02de-4b5f-bedf-9953c1b3fc1b: 48 chunks; 1.1 s; peak memory 1404 MiB.
2026-10-06T18:19:31Z INFO [469/500] 4865299f-d70e-4d06-ab85-2654d69d2261: 81 chunks; 1.1 s; peak memory 1404 MiB.
2026-10-06T18:19:32Z INFO [470/500] 48664385-470f-4e15-9f1e-b5920ad1de27: 117 chunks; 1.1 s; peak memory 1404 MiB.
2026-10-06T18:19:33Z INFO [471/500] 48668463-180c-4e5e-b639-8c8499f36919: 48 chunks; 1.0 s; peak memory 1404 MiB.
2026-10-06T18:20:01Z INFO [472/500] 486711fb-7572-494e-aee4-fe4de3b4d409: 11358 chunks; 27.4 s; peak memory 1404 MiB.
2026-10-06T18:20:01Z INFO [473/500] 4867f1ca-ab39-4326-a0cc-7852c48a1180: 48 chunks; 0.9 s; peak memory 1404 MiB.
2026-10-06T18:20:02Z INFO [474/500] 48696c92-9ce1-4ff6-af55-08eb3f29bb24: 48 chunks; 1.0 s; peak memory 1404 MiB.
2026-10-06T18:20:03Z INFO [475/500] 4869e0d0-f67f-4f5b-8926-2d5b2150a6aa: 36 chunks; 0.8 s; peak memory 1404 MiB.
2026-10-06T18:20:06Z INFO [476/500] 486a4550-5421-44ef-ad5d-f26fc45598c2: 116 chunks; 2.4 s; peak memory 1404 MiB.
2026-10-06T18:20:07Z INFO [477/500] 486b3a79-fcd5-46bb-b454-acc0b4046eaa: 117 chunks; 1.2 s; peak memory 1404 MiB.
2026-10-06T18:20:09Z INFO [478/500] 486c5be4-8de3-4794-a0f3-c9821028d9e5: 118 chunks; 2.2 s; peak memory 1404 MiB.
2026-10-06T18:20:10Z INFO [479/500] 486c75c0-0023-4839-8fb5-8947b2f601bf: 112 chunks; 1.0 s; peak memory 1404 MiB.
2026-10-06T18:20:11Z INFO [480/500] 486c7a2f-98ff-41d0-b8ae-db53c04413c6: 117 chunks; 0.9 s; peak memory 1404 MiB.
2026-10-06T18:20:19Z INFO [481/500] 486caf5e-6382-46cd-a5ab-6a4cd23c9510: 19376 chunks; 8.2 s; peak memory 1404 MiB.
2026-10-06T18:20:20Z INFO [482/500] 486cb5db-6dbc-4929-81d1-f1bf35e78729: 117 chunks; 1.2 s; peak memory 1404 MiB.
2026-10-06T18:20:21Z INFO [483/500] 486cd2aa-83b7-477a-bbcf-24593edba326: 170 chunks; 1.0 s; peak memory 1404 MiB.
2026-10-06T18:20:23Z INFO [484/500] 486d7fa1-b5d3-4501-afea-5f034dc6da1d: 66 chunks; 1.6 s; peak memory 1404 MiB.
2026-10-06T18:20:24Z INFO [485/500] 486dcc32-a7e6-49d5-b410-db09ddd038fc: 117 chunks; 0.9 s; peak memory 1404 MiB.
2026-10-06T18:20:25Z INFO [486/500] 486ddd30-7d6c-4b1c-a76c-7f694a872b46: 48 chunks; 1.1 s; peak memory 1404 MiB.
2026-10-06T18:20:26Z INFO [487/500] 486e171b-7b37-464d-8429-b23c5abd117c: 48 chunks; 0.9 s; peak memory 1404 MiB.
2026-10-06T18:20:28Z INFO [488/500] 486f3230-eac1-469f-a175-af32677f3ee8: 156 chunks; 2.2 s; peak memory 1404 MiB.
2026-10-06T18:20:32Z INFO [489/500] 486f84b8-160a-409a-b89a-ed6683a065a5: 646 chunks; 3.9 s; peak memory 1404 MiB.
2026-10-06T18:20:33Z INFO [490/500] 48709592-4d5b-48d0-809d-8a05c145cd08: 92 chunks; 1.3 s; peak memory 1404 MiB.
2026-10-06T18:20:34Z INFO [491/500] 48709e4f-2025-4f2a-9ba4-3bf63d18ee51: 49 chunks; 1.2 s; peak memory 1404 MiB.
2026-10-06T18:20:36Z INFO [492/500] 4870e10a-e369-40e1-9b64-7764232c7238: 46 chunks; 1.5 s; peak memory 1404 MiB.
2026-10-06T18:20:36Z INFO [493/500] 48713f07-bebd-4448-8ac2-374ae9d0bb20: 57 chunks; 0.6 s; peak memory 1404 MiB.
2026-10-06T18:20:37Z INFO [494/500] 48718438-0cba-4787-979e-b78d649c24dc: 118 chunks; 1.0 s; peak memory 1404 MiB.
2026-10-06T18:20:38Z INFO [495/500] 4871e123-d8b4-4203-bce0-d06a6ce31cd4: 117 chunks; 1.0 s; peak memory 1404 MiB.
2026-10-06T18:20:39Z INFO [496/500] 4872019c-6375-4049-95d2-31ca6e73eb68: 117 chunks; 1.1 s; peak memory 1404 MiB.
2026-10-06T18:20:40Z INFO [497/500] 487231bf-09de-4e8c-a355-745c2525377b: 166 chunks; 1.0 s; peak memory 1404 MiB.
2026-10-06T18:20:41Z INFO [498/500] 487296c0-b968-4993-bda6-6c7c8d30d97a: 46 chunks; 0.7 s; peak memory 1404 MiB.
2026-10-06T18:20:42Z INFO [499/500] 4872f49e-4ac8-4db4-b1b6-d1637b6c7ddb: 112 chunks; 1.2 s; peak memory 1404 MiB.
2026-10-06T18:25:55Z INFO [500/500] 48734b9b-ce7a-4c52-9d2c-1c618afaab4a: 126324 chunks; 312.7 s; peak memory 1404 MiB.
2026-10-06T18:25:55Z INFO [500/500] 48734b9b-ce7a-4c52-9d2c-1c618afaab4a: checkpointed 81834 records.
2026-10-06T18:25:56Z INFO Wrote 81834 records to /tmp/derivatives/valid_nwb_file_to_chunk_stats.jsonl (500 new, 0 failed) in 54.8 min (peak memory 1404 MiB).
