2026-10-08T00:33:27Z INFO Logging to /tmp/logs/update_2026-10-08T00-33-27Z.log.
2026-10-08T00:33:27Z INFO Update valid-nwb-file-to-chunk-stats (base directory /tmp).
2026-10-08T00:33:28Z INFO Processing 500 items (87834 already recorded).
2026-10-08T00:33:31Z INFO [1/500] 54843368-3118-40d4-83cc-30af99e09688: 90 chunks; 3.3 s; peak memory 187 MiB.
2026-10-08T00:33:33Z INFO [2/500] 548449ff-1103-4cec-9470-62109e34f292: 665 chunks; 2.2 s; peak memory 189 MiB.
2026-10-08T00:33:39Z INFO [3/500] 54845e01-187e-4d6b-858a-071e0675a0de: 260 chunks; 6.1 s; peak memory 193 MiB.
2026-10-08T00:33:41Z INFO [4/500] 54849c58-6f20-4033-9b04-f2bde70915a9: 116 chunks; 1.5 s; peak memory 193 MiB.
2026-10-08T00:33:44Z INFO [5/500] 5484bce8-7f80-4765-8dc5-fd884b810633: 115 chunks; 3.2 s; peak memory 194 MiB.
2026-10-08T00:33:45Z INFO [6/500] 5484f314-d8a6-4119-bf49-a97667f91898: 48 chunks; 1.3 s; peak memory 194 MiB.
2026-10-08T00:33:47Z INFO [7/500] 54853b01-8163-41b8-be28-28279100535d: 48 chunks; 1.3 s; peak memory 194 MiB.
2026-10-08T00:33:48Z INFO [8/500] 548731da-16ec-4fe1-ae06-f20ed0ef86cb: 21 chunks; 1.0 s; peak memory 194 MiB.
2026-10-08T00:33:58Z INFO [9/500] 548798c0-e21a-4291-8a00-bed268c93d94: 5951 chunks; 10.6 s; peak memory 216 MiB.
2026-10-08T00:34:00Z INFO [10/500] 54880fe7-673a-4eae-b141-79eb8fb4eaac: 112 chunks; 1.9 s; peak memory 216 MiB.
2026-10-08T00:34:02Z INFO [11/500] 5489e04a-5392-4756-8345-c6ff260e209e: 112 chunks; 1.7 s; peak memory 217 MiB.
2026-10-08T00:34:26Z INFO [12/500] 548b3842-d573-4558-a711-5657c3cb69eb: 1578 chunks; 24.2 s; peak memory 236 MiB.
2026-10-08T00:34:45Z INFO [13/500] 548bab02-e867-4f6a-9629-d3e4565228c3: 428 chunks; 19.4 s; peak memory 236 MiB.
2026-10-08T00:34:47Z INFO [14/500] 548cce03-3a54-4975-ba31-76ced5975d43: 116 chunks; 1.5 s; peak memory 236 MiB.
2026-10-08T00:34:50Z INFO [15/500] 548d622d-26a7-49f1-9565-4e696bfa5f9a: 186 chunks; 3.2 s; peak memory 236 MiB.
2026-10-08T00:34:52Z INFO [16/500] 548db557-09ff-422b-bdac-79983b5bb93a: 69 chunks; 1.8 s; peak memory 236 MiB.
2026-10-08T00:34:53Z INFO [17/500] 548edd5e-9f39-4eda-a2a9-0ae9fb91855a: 46 chunks; 1.1 s; peak memory 236 MiB.
2026-10-08T00:35:01Z INFO [18/500] 548f534c-555e-417a-950e-bed94ea13c50: 3403 chunks; 8.5 s; peak memory 236 MiB.
2026-10-08T00:35:03Z INFO [19/500] 548f907a-9590-42a7-9a87-0c3ffc17f98b: 66 chunks; 1.8 s; peak memory 236 MiB.
2026-10-08T00:35:04Z INFO [20/500] 548f9be3-9010-4db1-8d81-4b9d31e8256a: 48 chunks; 1.4 s; peak memory 236 MiB.
2026-10-08T00:35:07Z INFO [21/500] 54908570-5302-4d83-9cd3-4b907bee5abd: 112 chunks; 2.4 s; peak memory 236 MiB.
2026-10-08T00:39:55Z INFO [22/500] 5490b4fd-40ff-43f6-bac0-cab22df26da8: 75721 chunks; 288.5 s; peak memory 479 MiB.
2026-10-08T00:39:57Z INFO [23/500] 54917031-3a12-4fa6-81fa-5decb2592758: 112 chunks; 1.8 s; peak memory 479 MiB.
2026-10-08T00:39:59Z INFO [24/500] 5491a4bc-a398-41ac-8b88-52d8b5504e81: 101 chunks; 1.6 s; peak memory 479 MiB.
2026-10-08T00:40:00Z INFO [25/500] 5492371b-8804-4b82-a560-e0aa4994a1b5: 110 chunks; 1.5 s; peak memory 479 MiB.
2026-10-08T00:40:02Z INFO [26/500] 5492f7a8-9c3e-47f3-a227-67333a10d273: 92 chunks; 1.6 s; peak memory 479 MiB.
2026-10-08T00:40:03Z INFO [27/500] 549413ab-9f2a-4121-a97b-ff5d8286dcb5: 112 chunks; 1.6 s; peak memory 479 MiB.
2026-10-08T00:44:47Z INFO [28/500] 54945538-5137-4e8e-a5e7-cdce3b65d13f: 75649 chunks; 283.6 s; peak memory 483 MiB.
2026-10-08T00:44:48Z INFO [29/500] 54945613-596a-407c-94d4-5cb0e31d290e: 52 chunks; 1.4 s; peak memory 483 MiB.
2026-10-08T00:44:51Z INFO [30/500] 54953593-2f96-4cfc-ad20-b834ca0777c5: 115 chunks; 2.9 s; peak memory 483 MiB.
2026-10-08T00:44:54Z INFO [31/500] 5496085f-e723-419a-80b8-74b532c9f943: 141 chunks; 3.0 s; peak memory 483 MiB.
2026-10-08T00:44:56Z INFO [32/500] 54962f64-042d-4431-8845-9b280bb5cdf2: 48 chunks; 1.4 s; peak memory 483 MiB.
2026-10-08T00:44:57Z INFO [33/500] 54964fe4-808c-4851-a471-9c445ffdf5c0: 48 chunks; 1.2 s; peak memory 483 MiB.
2026-10-08T00:44:58Z INFO [34/500] 549810f2-6beb-4c06-99aa-3db97147cb13: 118 chunks; 1.4 s; peak memory 483 MiB.
2026-10-08T00:45:00Z INFO [35/500] 549828c9-9834-4aaf-8996-6c356cd1f3e4: 116 chunks; 1.6 s; peak memory 483 MiB.
2026-10-08T00:45:01Z INFO [36/500] 549845fd-26a3-4be0-882f-a080d973eb24: 48 chunks; 1.2 s; peak memory 483 MiB.
2026-10-08T00:45:03Z INFO [37/500] 54996fcd-3bd1-4ce5-a488-e23365f51a01: 116 chunks; 1.5 s; peak memory 483 MiB.
2026-10-08T00:45:04Z INFO [38/500] 549a8ac9-c3d7-461e-8846-5fd84084446c: 64 chunks; 1.4 s; peak memory 483 MiB.
2026-10-08T00:45:05Z INFO [39/500] 549a9b40-4b90-4cd7-8a53-ce09e9d19f34: 48 chunks; 1.2 s; peak memory 483 MiB.
2026-10-08T00:45:07Z INFO [40/500] 549b0fc0-3838-48cc-b9d1-b51db5e708b4: 118 chunks; 1.7 s; peak memory 483 MiB.
2026-10-08T00:45:08Z INFO [41/500] 549c6b38-5d86-4552-ad18-10abc93c1cc7: 50 chunks; 1.2 s; peak memory 483 MiB.
2026-10-08T00:45:10Z INFO [42/500] 549cb737-f989-41b4-89dd-968066906e83: 69 chunks; 1.7 s; peak memory 483 MiB.
2026-10-08T00:45:13Z INFO [43/500] 549cdf4f-b507-4bb9-b597-945caed4040a: 156 chunks; 3.6 s; peak memory 483 MiB.
2026-10-08T00:45:15Z INFO [44/500] 549d8208-9ca9-4779-b499-7aae64e96a8e: 48 chunks; 1.1 s; peak memory 483 MiB.
2026-10-08T00:45:16Z INFO [45/500] 549d84c0-dc06-4fa9-8791-b7740f6744ee: 118 chunks; 1.6 s; peak memory 483 MiB.
2026-10-08T00:45:17Z INFO [46/500] 549d908c-2428-4a08-b1b2-4f9d0d3821db: 48 chunks; 1.2 s; peak memory 483 MiB.
2026-10-08T00:45:19Z INFO [47/500] 549e149d-146d-48ef-9479-332c793db785: 112 chunks; 1.7 s; peak memory 483 MiB.
2026-10-08T00:45:22Z INFO [48/500] 549e6f9c-244d-4bfe-9784-4f6d11899610: 114 chunks; 3.4 s; peak memory 483 MiB.
2026-10-08T00:45:24Z INFO [49/500] 549f01d6-f6ab-462e-8a07-ce067ba21983: 69 chunks; 1.8 s; peak memory 483 MiB.
2026-10-08T00:45:26Z INFO [50/500] 549f5a6a-30a6-4b6b-9236-4b90657d2fb0: 48 chunks; 1.3 s; peak memory 483 MiB.
2026-10-08T00:45:26Z INFO [50/500] 549f5a6a-30a6-4b6b-9236-4b90657d2fb0: checkpointed 87884 records.
2026-10-08T00:45:29Z INFO [51/500] 549f83d3-d94d-4bfa-b86a-821f7b06d86f: 116 chunks; 2.9 s; peak memory 483 MiB.
2026-10-08T00:45:33Z INFO [52/500] 549f8a1a-c28e-4cdf-9db4-feb291d69a2f: 149 chunks; 4.0 s; peak memory 483 MiB.
2026-10-08T00:45:34Z INFO [53/500] 549fe856-4db9-40fd-9abf-08446fc49a7e: 48 chunks; 1.1 s; peak memory 483 MiB.
2026-10-08T00:45:36Z INFO [54/500] 54a1281e-f298-46be-83ad-b670d45b1370: 66 chunks; 2.0 s; peak memory 483 MiB.
2026-10-08T00:45:38Z INFO [55/500] 54a17a68-2b9e-47f5-91ae-894cc6aba66b: 112 chunks; 1.9 s; peak memory 483 MiB.
2026-10-08T00:45:39Z INFO [56/500] 54a2b54b-236d-477e-a781-901de96ba4af: 48 chunks; 1.3 s; peak memory 483 MiB.
2026-10-08T00:45:48Z INFO [57/500] 54a328a6-c5b8-43e1-913d-9b65f4e06158: 9692 chunks; 9.1 s; peak memory 483 MiB.
2026-10-08T00:45:49Z INFO [58/500] 54a37ece-c6f0-4c7b-975c-32ab390ecc08: 48 chunks; 1.4 s; peak memory 483 MiB.
2026-10-08T00:45:51Z INFO [59/500] 54a50873-2351-49b0-8f00-0eedd3597521: 68 chunks; 1.5 s; peak memory 483 MiB.
2026-10-08T00:45:52Z INFO [60/500] 54a52a38-6dff-4ee0-abfd-b5fdab79cf67: 46 chunks; 1.1 s; peak memory 483 MiB.
2026-10-08T00:45:53Z INFO [61/500] 54a5474d-eac5-45e1-a378-4c9cc18d6b82: 47 chunks; 1.1 s; peak memory 483 MiB.
2026-10-08T00:46:00Z INFO [62/500] 54a587e9-3eac-4291-b657-0960bb323864: 250 chunks; 6.5 s; peak memory 483 MiB.
2026-10-08T00:46:06Z INFO [63/500] 54a5b51d-ec25-4a73-a702-7b4263dcf7fa: 6789 chunks; 6.2 s; peak memory 483 MiB.
2026-10-08T00:46:07Z INFO [64/500] 54a652cb-85b1-4abc-a19f-9709d251e52f: 112 chunks; 1.5 s; peak memory 483 MiB.
2026-10-08T00:46:09Z INFO [65/500] 54a6b480-816b-49d5-8e2e-cb5dbc38e8cd: 52 chunks; 1.2 s; peak memory 483 MiB.
2026-10-08T00:46:10Z INFO [66/500] 54a6c297-3f50-449e-a8bf-613b6367c847: 116 chunks; 1.5 s; peak memory 483 MiB.
2026-10-08T00:46:21Z INFO [67/500] 54a7463d-156a-48bd-a60d-e22200ca33ab: 12778 chunks; 11.3 s; peak memory 483 MiB.
2026-10-08T00:46:23Z INFO [68/500] 54a7b981-db3a-4e3d-8563-0f5fc8114a4f: 117 chunks; 1.5 s; peak memory 483 MiB.
2026-10-08T00:46:27Z INFO [69/500] 54a89c16-65ba-4b1f-8bcf-2b9516ddca64: 1641 chunks; 4.1 s; peak memory 483 MiB.
2026-10-08T00:46:28Z INFO [70/500] 54a90877-3854-473b-8daf-140043c303ff: 117 chunks; 1.4 s; peak memory 483 MiB.
2026-10-08T00:46:30Z INFO [71/500] 54a93b4e-75e8-408f-b4f8-8f2d14fc2237: 118 chunks; 1.6 s; peak memory 483 MiB.
2026-10-08T00:46:31Z INFO [72/500] 54a9b760-0b37-461d-b613-3e14124d10b3: 48 chunks; 1.2 s; peak memory 483 MiB.
2026-10-08T00:46:35Z INFO [73/500] 54aa00c0-68d0-42c0-8b3c-f8763598983b: 179 chunks; 3.7 s; peak memory 483 MiB.
2026-10-08T00:46:36Z INFO [74/500] 54aa2377-e229-42b3-b7e0-0634740a00c8: 72 chunks; 1.5 s; peak memory 483 MiB.
2026-10-08T00:46:38Z INFO [75/500] 54aa4488-8ce1-430f-aec9-91af9a4b1f58: 48 chunks; 1.4 s; peak memory 483 MiB.
2026-10-08T00:46:39Z INFO [76/500] 54aac4f9-374c-423a-b314-cec3c84e0203: 52 chunks; 1.0 s; peak memory 483 MiB.
2026-10-08T00:46:40Z INFO [77/500] 54ab723f-35ff-4933-aeef-e830be4189fe: 112 chunks; 1.6 s; peak memory 483 MiB.
2026-10-08T00:46:43Z INFO [78/500] 54abbd6b-073c-4d00-b323-92216abcca0e: 186 chunks; 3.0 s; peak memory 483 MiB.
2026-10-08T00:46:45Z INFO [79/500] 54ac4ba3-217c-4ded-8cc5-903a465f2882: 117 chunks; 1.6 s; peak memory 483 MiB.
2026-10-08T00:46:47Z INFO [80/500] 54acb2c4-748c-4d5f-9de7-1733cb0633c9: 117 chunks; 1.6 s; peak memory 483 MiB.
2026-10-08T00:46:48Z INFO [81/500] 54ad1a6e-2ace-4d88-8178-6ddb427875a2: 48 chunks; 1.2 s; peak memory 483 MiB.
2026-10-08T00:46:50Z INFO [82/500] 54ad357a-9893-4d76-917c-272d02088dd5: 112 chunks; 1.7 s; peak memory 483 MiB.
2026-10-08T00:46:59Z INFO [83/500] 54af748a-e18f-439e-9a43-d8e5e667f680: 11594 chunks; 9.7 s; peak memory 483 MiB.
2026-10-08T00:47:00Z INFO [84/500] 54b0e07e-343d-4fa2-9b5c-0c851ab780ef: 48 chunks; 1.2 s; peak memory 483 MiB.
2026-10-08T00:47:10Z INFO [85/500] 54b188d6-7625-4a69-a720-c57aa74129c4: 5997 chunks; 9.0 s; peak memory 483 MiB.
2026-10-08T00:47:11Z INFO [86/500] 54b1bf19-210f-4ec8-816b-d8352845c776: 48 chunks; 1.4 s; peak memory 483 MiB.
2026-10-08T00:47:20Z INFO [87/500] 54b1c92f-96ef-4fdb-a4cb-da7ac41cb617: 19803 chunks; 8.7 s; peak memory 483 MiB.
2026-10-08T00:47:23Z INFO [88/500] 54b1f6e3-3649-445b-a773-3e3377909097: 156 chunks; 3.7 s; peak memory 483 MiB.
2026-10-08T00:47:31Z INFO [89/500] 54b27756-cd03-43bc-8b87-67800c6f024e: 282 chunks; 7.3 s; peak memory 483 MiB.
2026-10-08T00:47:32Z INFO [90/500] 54b32bb9-b0da-4a26-a38e-1103735ad972: 48 chunks; 1.3 s; peak memory 483 MiB.
2026-10-08T00:47:33Z INFO [91/500] 54b3e43a-b0ea-468e-8ac3-9d25f79233a6: 116 chunks; 1.4 s; peak memory 483 MiB.
2026-10-08T00:47:46Z INFO [92/500] 54b3ec87-ae16-4126-96df-2b141de79fe8: 17903 chunks; 12.9 s; peak memory 483 MiB.
2026-10-08T00:47:49Z INFO [93/500] 54b624bb-ddc0-4584-8331-853572cceed0: 119 chunks; 2.3 s; peak memory 483 MiB.
2026-10-08T00:47:52Z INFO [94/500] 54b684a5-c1dc-417e-adbf-c4cfe61c9d8e: 119 chunks; 3.5 s; peak memory 483 MiB.
2026-10-08T00:48:18Z INFO [95/500] 54b6b909-2283-470b-93a1-ba4834eb0cf3: 5712 chunks; 26.1 s; peak memory 483 MiB.
2026-10-08T00:48:20Z INFO [96/500] 54b82054-df0f-4aa4-b367-7caa67331001: 52 chunks; 1.7 s; peak memory 483 MiB.
2026-10-08T00:48:22Z INFO [97/500] 54b87374-3a85-4111-8676-667ed73500ca: 112 chunks; 2.0 s; peak memory 483 MiB.
2026-10-08T00:48:24Z INFO [98/500] 54b876ed-ddab-4609-b4cf-5d01e6e51c39: 110 chunks; 2.0 s; peak memory 483 MiB.
2026-10-08T00:48:25Z INFO [99/500] 54b90157-7c04-47c7-8fd3-8190c43baa83: 48 chunks; 1.2 s; peak memory 483 MiB.
2026-10-08T00:48:27Z INFO [100/500] 54b966a5-4365-46ff-9a0d-c47033048899: 112 chunks; 1.6 s; peak memory 483 MiB.
2026-10-08T00:48:27Z INFO [100/500] 54b966a5-4365-46ff-9a0d-c47033048899: checkpointed 87934 records.
2026-10-08T00:48:28Z INFO [101/500] 54b97575-c52a-4f1b-bcf1-c0fb75028b68: 48 chunks; 1.2 s; peak memory 483 MiB.
2026-10-08T00:48:29Z INFO [102/500] 54b9d6e3-9476-433b-abdf-8e4aa454f449: 118 chunks; 1.4 s; peak memory 483 MiB.
2026-10-08T00:48:31Z INFO [103/500] 54ba8d75-fbd4-4d89-9e92-9681bea1420d: 116 chunks; 1.5 s; peak memory 483 MiB.
2026-10-08T00:48:56Z INFO [104/500] 54bb9946-5d4d-4175-9171-15fb6dd08f6f: 27648 chunks; 25.0 s; peak memory 483 MiB.
2026-10-08T00:48:57Z INFO [105/500] 54bbe1b1-2e19-4912-833a-80ee0ff1d995: 53 chunks; 1.0 s; peak memory 483 MiB.
2026-10-08T00:49:00Z INFO [106/500] 54bc2261-50ab-48a1-8718-7cddcd375fb1: 116 chunks; 3.1 s; peak memory 483 MiB.
2026-10-08T00:49:03Z INFO [107/500] 54bd85e0-89d4-4810-8eab-a287b18d05fb: 156 chunks; 3.2 s; peak memory 483 MiB.
2026-10-08T00:49:05Z INFO [108/500] 54be4bae-be84-4c27-b2f5-bc16e0ff478e: 52 chunks; 1.4 s; peak memory 483 MiB.
2026-10-08T00:49:06Z INFO [109/500] 54be6783-f4b8-4a9d-b2bd-82805de92845: 118 chunks; 1.6 s; peak memory 483 MiB.
2026-10-08T00:49:08Z INFO [110/500] 54c02d25-c994-46b1-b1aa-f07ae029cb72: 48 chunks; 1.3 s; peak memory 483 MiB.
2026-10-08T00:49:09Z INFO [111/500] 54c05f3b-a88a-4f7d-881c-d6eb7b8cf33b: 112 chunks; 1.7 s; peak memory 483 MiB.
2026-10-08T00:49:11Z INFO [112/500] 54c31314-9781-414c-9166-8bbce4163b0e: 51 chunks; 1.6 s; peak memory 483 MiB.
2026-10-08T00:49:13Z INFO [113/500] 54c3b884-5077-498e-a2c0-320b37e27244: 69 chunks; 1.9 s; peak memory 483 MiB.
2026-10-08T00:49:16Z INFO [114/500] 54c456fd-e3a7-4b9e-b152-173c1132d9cb: 997 chunks; 2.8 s; peak memory 483 MiB.
2026-10-08T00:49:18Z INFO [115/500] 54c4a9d6-ed43-4791-88e7-10a4a9f2ebde: 117 chunks; 1.9 s; peak memory 483 MiB.
2026-10-08T00:49:19Z INFO [116/500] 54c504cc-bbb4-4979-8d3f-6e6ea556decf: 117 chunks; 1.5 s; peak memory 483 MiB.
2026-10-08T00:51:38Z INFO [117/500] 54c59eec-9618-46c0-9a7f-77fe36b7de3f: 37948 chunks; 139.3 s; peak memory 483 MiB.
2026-10-08T00:51:39Z INFO [118/500] 54c60e5f-9213-41c0-a27c-6f5ce3e0bf71: 57 chunks; 1.0 s; peak memory 483 MiB.
2026-10-08T00:51:51Z INFO [119/500] 54c6118e-1d49-4f20-b9e7-0541062fbd59: 466 chunks; 11.9 s; peak memory 483 MiB.
2026-10-08T00:51:56Z INFO [120/500] 54c68a8d-61c7-41ed-8907-b2f3931439e1: 290 chunks; 4.3 s; peak memory 483 MiB.
2026-10-08T00:51:57Z INFO [121/500] 54c690bd-b3c3-47a9-8c96-08b7c862b200: 74 chunks; 1.5 s; peak memory 483 MiB.
2026-10-08T00:51:58Z INFO [122/500] 54c8035a-826f-4bbd-9013-187033ddeaac: 48 chunks; 1.3 s; peak memory 483 MiB.
2026-10-08T00:52:03Z INFO [123/500] 54c87fc7-d09e-4b69-ad4b-efd271442195: 552 chunks; 4.5 s; peak memory 483 MiB.
2026-10-08T00:52:04Z INFO [124/500] 54c901b0-18b7-4504-9a03-e14fa7365a80: 48 chunks; 1.2 s; peak memory 483 MiB.
2026-10-08T00:52:05Z INFO [125/500] 54c90d9a-2ba5-4b4e-9ade-5d7e29f44283: 47 chunks; 1.2 s; peak memory 483 MiB.
2026-10-08T00:52:07Z INFO [126/500] 54c93a73-cbaa-4c25-aaff-aa51a8e1a6b0: 48 chunks; 1.3 s; peak memory 483 MiB.
2026-10-08T00:52:08Z INFO [127/500] 54c95d33-3cbb-4a24-b351-8fdd45c64c34: 50 chunks; 1.2 s; peak memory 483 MiB.
2026-10-08T00:52:09Z INFO [128/500] 54cb1e70-62c0-4f56-abf0-e6c6683e603d: 48 chunks; 1.3 s; peak memory 483 MiB.
2026-10-08T00:52:10Z INFO [129/500] 54cc4770-536b-45f1-bfc9-23398d34a9a1: 48 chunks; 1.3 s; peak memory 483 MiB.
2026-10-08T00:52:13Z INFO [130/500] 54cc5a3a-cae9-4dd7-87b7-dbc91c84d7b8: 71 chunks; 2.3 s; peak memory 483 MiB.
2026-10-08T00:52:14Z INFO [131/500] 54cccf8a-469f-494f-b5a0-a2fba8ade6fd: 41 chunks; 1.1 s; peak memory 483 MiB.
2026-10-08T00:52:15Z INFO [132/500] 54ccd33b-bd79-4da3-a94e-dd9547e01e22: 50 chunks; 1.2 s; peak memory 483 MiB.
2026-10-08T00:52:17Z INFO [133/500] 54ccebc1-abae-4aee-a1e0-516c6c9e32fe: 65 chunks; 1.6 s; peak memory 483 MiB.
2026-10-08T00:52:19Z INFO [134/500] 54cd4f91-d28c-4fb2-bd12-6fb1daaefbb5: 66 chunks; 1.9 s; peak memory 483 MiB.
2026-10-08T00:54:41Z INFO [135/500] 54cd7514-c987-4ca3-9997-79abdf46e3ad: 37765 chunks; 142.4 s; peak memory 483 MiB.
2026-10-08T00:54:42Z INFO [136/500] 54cdf4dd-b596-43c1-842c-4d184a2af9b4: 117 chunks; 1.5 s; peak memory 483 MiB.
2026-10-08T00:54:46Z INFO [137/500] 54cecfa0-e12c-43c8-91a9-42f0794cc920: 201 chunks; 3.2 s; peak memory 483 MiB.
2026-10-08T00:54:47Z INFO [138/500] 54cfe65c-45b8-4d16-9b93-e493bbe881da: 77 chunks; 1.4 s; peak memory 483 MiB.
2026-10-08T00:54:49Z INFO [139/500] 54cff0f5-699c-4914-ae3e-ef04d01ef80b: 110 chunks; 1.6 s; peak memory 483 MiB.
2026-10-08T00:54:50Z INFO [140/500] 54d0a95f-4e17-40c9-8f4c-0b883d28f40a: 69 chunks; 1.1 s; peak memory 483 MiB.
2026-10-08T00:55:11Z INFO [141/500] 54d0ab62-9306-429c-af0d-a2093e5cf5a7: 40025 chunks; 21.4 s; peak memory 483 MiB.
2026-10-08T00:55:13Z INFO [142/500] 54d0e845-4733-4d51-814e-078a7bb2da39: 48 chunks; 1.3 s; peak memory 483 MiB.
2026-10-08T00:55:14Z INFO [143/500] 54d0e9e9-071d-4a42-ac33-8478a677d7ce: 110 chunks; 1.9 s; peak memory 483 MiB.
2026-10-08T00:55:16Z INFO [144/500] 54d1ba2f-2fce-42dd-b1a0-b2407b3acc4c: 52 chunks; 1.4 s; peak memory 483 MiB.
2026-10-08T00:55:17Z INFO [145/500] 54d1d6ee-eb9b-4646-a3c1-b518385695bd: 118 chunks; 1.5 s; peak memory 483 MiB.
2026-10-08T00:55:18Z INFO [146/500] 54d28c8e-be48-4d49-aa74-b20d4125e0f2: 46 chunks; 1.1 s; peak memory 483 MiB.
2026-10-08T00:55:20Z INFO [147/500] 54d2a8df-90de-465d-90fa-a91ce03366bc: 48 chunks; 1.3 s; peak memory 483 MiB.
2026-10-08T00:56:31Z INFO [148/500] 54d337ed-63d6-437b-b252-0860f68d78ac: 24740 chunks; 71.3 s; peak memory 483 MiB.
2026-10-08T00:56:33Z INFO [149/500] 54d3d44b-e1e8-4a4a-a540-a5e72e7f7fed: 64 chunks; 1.9 s; peak memory 483 MiB.
2026-10-08T00:56:34Z INFO [150/500] 54d40836-4329-4f3c-9030-67d606bff1d6: 46 chunks; 1.2 s; peak memory 483 MiB.
2026-10-08T00:56:34Z INFO [150/500] 54d40836-4329-4f3c-9030-67d606bff1d6: checkpointed 87984 records.
2026-10-08T00:56:36Z INFO [151/500] 54d46edd-6515-4a1a-ae0c-95cbe47f7a2d: 48 chunks; 1.2 s; peak memory 483 MiB.
2026-10-08T00:56:40Z INFO [152/500] 54d530c6-afb8-437b-be1f-10f9704a2e33: 2188 chunks; 4.4 s; peak memory 483 MiB.
2026-10-08T00:56:41Z INFO [153/500] 54d54bc0-d61d-4804-ab49-91ed70f23950: 48 chunks; 1.3 s; peak memory 483 MiB.
2026-10-08T00:56:44Z INFO [154/500] 54d706df-e647-428a-a574-35c27edcea92: 582 chunks; 2.3 s; peak memory 483 MiB.
2026-10-08T00:56:45Z INFO [155/500] 54d7a5f2-9457-4ac4-a209-ff22d13b4a5e: 48 chunks; 1.3 s; peak memory 483 MiB.
2026-10-08T00:56:46Z INFO [156/500] 54d7ce4d-8d2f-4624-8729-b1f90dff23ef: 48 chunks; 1.3 s; peak memory 483 MiB.
2026-10-08T00:56:48Z INFO [157/500] 54d853f6-f23e-4a56-a606-c5691a9d4fcc: 117 chunks; 1.3 s; peak memory 483 MiB.
2026-10-08T00:57:02Z INFO [158/500] 54d8a318-a9d9-49a5-8fe4-49f3bfd07561: 22395 chunks; 14.8 s; peak memory 483 MiB.
2026-10-08T00:57:05Z INFO [159/500] 54d950d3-988a-41c5-8058-9c01ee4af988: 997 chunks; 2.8 s; peak memory 483 MiB.
2026-10-08T00:57:07Z INFO [160/500] 54d96a29-9459-4404-aedc-46c616218f84: 116 chunks; 1.6 s; peak memory 483 MiB.
2026-10-08T00:57:08Z INFO [161/500] 54daeb4d-5e16-4507-8b38-7b3f34e44014: 48 chunks; 1.3 s; peak memory 483 MiB.
2026-10-08T00:57:09Z INFO [162/500] 54dbc608-1169-47b3-ae6f-f8452b887dc2: 63 chunks; 1.2 s; peak memory 483 MiB.
2026-10-08T00:57:20Z INFO [163/500] 54dc1e5b-2249-4441-88b4-a61611153190: 336 chunks; 11.2 s; peak memory 483 MiB.
2026-10-08T00:57:22Z INFO [164/500] 54dc30ba-77b0-4743-849d-42e0f3c66e7f: 117 chunks; 1.5 s; peak memory 483 MiB.
2026-10-08T01:00:39Z INFO [165/500] 54dc6681-8582-4663-b95d-4521e47ba905: 608276 chunks; 196.8 s; peak memory 1234 MiB.
2026-10-08T01:00:40Z INFO [166/500] 54dcf538-f571-4cb8-9bfa-2528c37f6bfa: 46 chunks; 1.0 s; peak memory 1234 MiB.
2026-10-08T01:00:47Z INFO [167/500] 54dcfb05-4bcb-457e-879f-8400a90d3641: 1808 chunks; 7.3 s; peak memory 1234 MiB.
2026-10-08T01:00:48Z INFO [168/500] 54dd1548-530a-4395-9e90-f03c9dcb1181: 117 chunks; 1.6 s; peak memory 1234 MiB.
2026-10-08T01:00:50Z INFO [169/500] 54ddddfc-bbb0-492a-bb3e-a85809068075: 117 chunks; 1.5 s; peak memory 1234 MiB.
2026-10-08T01:00:52Z INFO [170/500] 54de088c-ce0c-4338-813a-ec7c384cff0d: 116 chunks; 1.8 s; peak memory 1234 MiB.
2026-10-08T01:00:53Z INFO [171/500] 54de0f36-e1dd-4dfb-a0fe-e88c14c70bff: 49 chunks; 1.1 s; peak memory 1234 MiB.
2026-10-08T01:00:55Z INFO [172/500] 54de1913-5966-4593-812e-b5a90ea250b6: 112 chunks; 1.9 s; peak memory 1234 MiB.
2026-10-08T01:00:56Z INFO [173/500] 54de2d64-4b87-4bbb-ac85-222bf9e55ba1: 47 chunks; 1.3 s; peak memory 1234 MiB.
2026-10-08T01:01:11Z INFO [174/500] 54de7e2c-338e-426a-863c-ef5de7deebaf: 1533 chunks; 14.7 s; peak memory 1234 MiB.
2026-10-08T01:01:12Z INFO [175/500] 54de9118-97bd-4737-8a7f-61c418b1a961: 68 chunks; 1.7 s; peak memory 1234 MiB.
2026-10-08T01:01:14Z INFO [176/500] 54de9e50-085c-406b-9a7d-5861e55b4b27: 112 chunks; 2.0 s; peak memory 1234 MiB.
2026-10-08T01:01:17Z INFO [177/500] 54e00abf-7763-4077-bf4f-2988016c7c94: 116 chunks; 3.1 s; peak memory 1234 MiB.
2026-10-08T01:01:19Z INFO [178/500] 54e0b426-f6b4-4661-be0b-d4a2bccaf83a: 117 chunks; 1.7 s; peak memory 1234 MiB.
2026-10-08T01:01:24Z INFO [179/500] 54e15ce5-de26-4c1b-80ea-0cdb2da9464b: 1448 chunks; 5.2 s; peak memory 1234 MiB.
2026-10-08T01:01:27Z INFO [180/500] 54e1aa31-14e8-4cac-ad22-de628dc30ecc: 115 chunks; 3.0 s; peak memory 1234 MiB.
2026-10-08T01:01:29Z INFO [181/500] 54e21147-8281-40cc-b716-2fcc377c3be8: 118 chunks; 1.5 s; peak memory 1234 MiB.
2026-10-08T01:01:36Z INFO [182/500] 54e22459-16ee-4bea-9f91-7c3cb1c9b488: 675 chunks; 7.3 s; peak memory 1234 MiB.
2026-10-08T01:01:38Z INFO [183/500] 54e22d29-1a7f-4640-ad33-20aecd7a4d87: 110 chunks; 1.8 s; peak memory 1234 MiB.
2026-10-08T01:01:40Z INFO [184/500] 54e23b58-fc9d-4162-9ba0-eef559b6a50d: 66 chunks; 1.8 s; peak memory 1234 MiB.
2026-10-08T01:01:57Z INFO [185/500] 54e26df4-996f-4719-ac33-e2e819d2bc5a: 13798 chunks; 16.9 s; peak memory 1234 MiB.
2026-10-08T01:01:58Z INFO [186/500] 54e27e01-2806-4155-8e9a-9313671857a4: 116 chunks; 1.5 s; peak memory 1234 MiB.
2026-10-08T01:02:01Z INFO [187/500] 54e2c838-27c9-46db-a1a7-e1a6c7f0279e: 186 chunks; 2.8 s; peak memory 1234 MiB.
2026-10-08T01:02:02Z INFO [188/500] 54e57e2c-de5f-45da-b90b-e0c50f737d40: 557 chunks; 1.5 s; peak memory 1234 MiB.
2026-10-08T01:02:04Z INFO [189/500] 54e61931-5703-4a3a-9be4-c633061df25a: 48 chunks; 1.2 s; peak memory 1234 MiB.
2026-10-08T01:02:05Z INFO [190/500] 54e643b4-31bb-450e-847d-e60343515177: 72 chunks; 1.5 s; peak memory 1234 MiB.
2026-10-08T01:02:07Z INFO [191/500] 54e65e25-bc28-4c65-9822-9c204b748a3b: 106 chunks; 1.6 s; peak memory 1234 MiB.
2026-10-08T01:02:24Z INFO [192/500] 54e67a68-b730-4c76-b49b-11f9d31f619b: 55708 chunks; 17.8 s; peak memory 1234 MiB.
2026-10-08T01:02:26Z INFO [193/500] 54e7dbcc-d996-4ac9-9a13-2dcafa0a512a: 48 chunks; 1.3 s; peak memory 1234 MiB.
2026-10-08T01:02:27Z INFO [194/500] 54e82134-0b40-4835-a7c1-1fa30206bdec: 116 chunks; 1.4 s; peak memory 1234 MiB.
2026-10-08T01:02:30Z INFO [195/500] 54e8d421-a563-4148-9624-71d0a3390656: 115 chunks; 3.0 s; peak memory 1234 MiB.
2026-10-08T01:02:31Z INFO [196/500] 54ea6818-17ad-4ab4-89a3-c8ef3309f3ed: 50 chunks; 1.2 s; peak memory 1234 MiB.
2026-10-08T01:02:51Z INFO [197/500] 54eb718b-6fd4-4a57-8240-6c45143c4dae: 4687 chunks; 19.6 s; peak memory 1234 MiB.
2026-10-08T01:02:52Z INFO [198/500] 54ebafb3-0ddf-4596-8680-91c0d7133a93: 41 chunks; 1.2 s; peak memory 1234 MiB.
2026-10-08T01:02:54Z INFO [199/500] 54ebddea-541c-4f60-989c-afe4acb8d0cd: 69 chunks; 2.2 s; peak memory 1234 MiB.
2026-10-08T01:02:56Z INFO [200/500] 54ec4aa4-9fb1-4045-88f2-2738ecb38b7e: 117 chunks; 1.5 s; peak memory 1234 MiB.
2026-10-08T01:02:56Z INFO [200/500] 54ec4aa4-9fb1-4045-88f2-2738ecb38b7e: checkpointed 88034 records.
2026-10-08T01:02:57Z INFO [201/500] 54ec6041-dd15-42dd-98ef-3c840d944f8d: 52 chunks; 1.1 s; peak memory 1234 MiB.
2026-10-08T01:03:23Z INFO [202/500] 54ece582-3789-446e-9f2a-32418c96989d: 5624 chunks; 25.7 s; peak memory 1234 MiB.
2026-10-08T01:03:24Z INFO [203/500] 54ed412d-a198-46da-910f-940c27514268: 48 chunks; 1.3 s; peak memory 1234 MiB.
2026-10-08T01:03:25Z INFO [204/500] 54ee2f3a-29c2-4acb-bfd9-944288d5ff60: 21 chunks; 0.9 s; peak memory 1234 MiB.
2026-10-08T01:03:27Z INFO [205/500] 54ef2627-56db-430c-b136-1c7997e91783: 112 chunks; 1.9 s; peak memory 1234 MiB.
2026-10-08T01:03:29Z INFO [206/500] 54ef7ba0-a926-4202-bce4-e251ad963407: 110 chunks; 1.9 s; peak memory 1234 MiB.
2026-10-08T01:03:30Z INFO [207/500] 54f03886-24b4-4214-a089-b1b4bf451108: 46 chunks; 1.0 s; peak memory 1234 MiB.
2026-10-08T01:03:31Z INFO [208/500] 54f18739-a7d3-4a53-8048-d5b220fddafc: 48 chunks; 1.3 s; peak memory 1234 MiB.
2026-10-08T01:03:32Z INFO [209/500] 54f25dff-4f8e-4b7e-a538-963a7a15a393: 48 chunks; 1.2 s; peak memory 1234 MiB.
2026-10-08T01:03:58Z INFO [210/500] 54f31192-7149-4b8b-8578-31399213842a: 14538 chunks; 25.3 s; peak memory 1234 MiB.
2026-10-08T01:03:59Z INFO [211/500] 54f37d7f-c8c2-4e07-9d25-d40332a72cb3: 48 chunks; 1.2 s; peak memory 1234 MiB.
2026-10-08T01:04:01Z INFO [212/500] 54f39fd1-64ee-4dae-9e82-9dacac171c3e: 110 chunks; 2.0 s; peak memory 1234 MiB.
2026-10-08T01:04:02Z INFO [213/500] 54f3d42f-b70c-4342-913e-72adefe7bf9f: 116 chunks; 1.4 s; peak memory 1234 MiB.
2026-10-08T01:04:04Z INFO [214/500] 54f3fe03-42d8-479d-b9a1-b05108a43aa7: 65 chunks; 1.2 s; peak memory 1234 MiB.
2026-10-08T01:04:05Z INFO [215/500] 54f43901-dadd-4c56-812a-69c1f4d2c592: 48 chunks; 1.2 s; peak memory 1234 MiB.
2026-10-08T01:04:07Z INFO [216/500] 54f4fc48-fe4e-42f8-a444-1290bed95438: 91 chunks; 2.7 s; peak memory 1234 MiB.
2026-10-08T01:04:08Z INFO [217/500] 54f542a5-9dad-474f-9f66-63c356df9cd4: 46 chunks; 1.0 s; peak memory 1234 MiB.
2026-10-08T01:04:10Z INFO [218/500] 54f59eb0-c008-453f-9dbc-c7b419dc243b: 48 chunks; 1.4 s; peak memory 1234 MiB.
2026-10-08T01:04:11Z INFO [219/500] 54f678c4-c58c-4d06-b1be-85af3a94a401: 48 chunks; 1.3 s; peak memory 1234 MiB.
2026-10-08T01:04:13Z INFO [220/500] 54f6af6b-3326-41c4-a3dc-52cac7e84153: 112 chunks; 1.8 s; peak memory 1234 MiB.
2026-10-08T01:04:14Z INFO [221/500] 54f6fa85-9353-448d-a82c-7c5f83620e21: 117 chunks; 1.6 s; peak memory 1234 MiB.
2026-10-08T01:04:16Z INFO [222/500] 54f6fc4f-e414-4280-8ee8-bc7716e6248d: 53 chunks; 1.4 s; peak memory 1234 MiB.
2026-10-08T01:04:17Z INFO [223/500] 54f725e3-76c6-49f3-9865-da824ac3d645: 42 chunks; 1.3 s; peak memory 1234 MiB.
2026-10-08T01:04:19Z INFO [224/500] 54f733b5-16da-493a-a4eb-e6e889c196c1: 118 chunks; 1.4 s; peak memory 1234 MiB.
2026-10-08T01:04:24Z INFO [225/500] 54f76c49-98f9-45fc-9325-515fd4c22e5e: 8277 chunks; 5.7 s; peak memory 1234 MiB.
2026-10-08T01:04:26Z INFO [226/500] 54f82956-bbdb-40ca-88d3-0b000d909c6e: 117 chunks; 1.6 s; peak memory 1234 MiB.
2026-10-08T01:04:27Z INFO [227/500] 54f96735-cbf2-42de-8408-4ab85b604043: 117 chunks; 1.6 s; peak memory 1234 MiB.
2026-10-08T01:04:29Z INFO [228/500] 54fab18e-cb62-4ef6-bcf4-d470207fcba2: 66 chunks; 1.9 s; peak memory 1234 MiB.
2026-10-08T01:04:30Z INFO [229/500] 54fc733f-78d3-4a5f-880b-db4014d2caa3: 46 chunks; 0.9 s; peak memory 1234 MiB.
2026-10-08T01:04:33Z INFO [230/500] 54fd3bee-3fb8-414a-978b-f4c5c12ac8c0: 71 chunks; 2.2 s; peak memory 1234 MiB.
2026-10-08T01:04:33Z INFO [231/500] 54fdfe31-f7b4-4801-b486-f34f5a5f066c: 46 chunks; 0.9 s; peak memory 1234 MiB.
2026-10-08T01:04:47Z INFO [232/500] 54fe2e7a-8f98-4ce5-a86d-0fef465f5c71: 4700 chunks; 13.0 s; peak memory 1234 MiB.
2026-10-08T01:04:56Z INFO [233/500] 54ff29f2-afc6-4a1f-b6fa-1aaefd80e948: 9225 chunks; 9.4 s; peak memory 1234 MiB.
2026-10-08T01:04:57Z INFO [234/500] 54ff76b0-b086-4ed7-88fe-6c868bb4d46e: 102 chunks; 1.3 s; peak memory 1234 MiB.
2026-10-08T01:04:58Z INFO [235/500] 54ffcf95-24a0-4d7a-a5fb-4f0388f8381c: 69 chunks; 1.2 s; peak memory 1234 MiB.
2026-10-08T01:05:03Z INFO [236/500] 550017a6-4e6b-4986-aad2-d485cb03c110: 1446 chunks; 4.8 s; peak memory 1234 MiB.
2026-10-08T01:05:11Z INFO [237/500] 55005670-99f8-4e35-88ba-92226dd78102: 2923 chunks; 7.9 s; peak memory 1234 MiB.
2026-10-08T01:05:13Z INFO [238/500] 55009ebd-331f-4bc3-8ee6-4e1eec53b23f: 71 chunks; 2.4 s; peak memory 1234 MiB.
2026-10-08T01:05:15Z INFO [239/500] 55014390-d89c-4e10-8799-9b3b4938ab30: 118 chunks; 1.5 s; peak memory 1234 MiB.
2026-10-08T01:07:53Z INFO [240/500] 550159cd-702c-454f-90b9-847916d55595: 38204 chunks; 158.5 s; peak memory 1234 MiB.
2026-10-08T01:08:14Z INFO [241/500] 55015f10-a0d0-4448-8a18-23bd35b2789a: 8232 chunks; 20.4 s; peak memory 1234 MiB.
2026-10-08T01:08:21Z INFO [242/500] 550190b3-73b4-44e1-9ee4-2a6227ecc9d4: 193 chunks; 7.1 s; peak memory 1234 MiB.
2026-10-08T01:08:22Z INFO [243/500] 55022f95-ac60-40df-846a-abdb284dbcd5: 118 chunks; 1.5 s; peak memory 1234 MiB.
2026-10-08T01:08:25Z INFO [244/500] 55027a93-85ce-400d-b8cb-30fafbad4207: 933 chunks; 2.6 s; peak memory 1234 MiB.
2026-10-08T01:08:27Z INFO [245/500] 550289e8-17ce-4922-8a3f-17fbfefddfaa: 112 chunks; 1.7 s; peak memory 1234 MiB.
2026-10-08T01:08:29Z INFO [246/500] 550296db-e8e6-4eca-b6eb-5a78a540da75: 937 chunks; 2.4 s; peak memory 1234 MiB.
2026-10-08T01:08:32Z INFO [247/500] 5502bd8f-2330-410c-aec9-8f7fcce9dc70: 88 chunks; 2.6 s; peak memory 1234 MiB.
2026-10-08T01:10:08Z INFO [248/500] 55035139-6f4e-4964-a176-08e7910781d1: 32825 chunks; 96.7 s; peak memory 1234 MiB.
2026-10-08T01:10:10Z INFO [249/500] 55035a39-3a04-46c6-81f6-9a0dce794299: 65 chunks; 1.5 s; peak memory 1234 MiB.
2026-10-08T01:10:12Z INFO [250/500] 550367d9-4d7c-4079-86e4-04d60b0f34a2: 112 chunks; 1.8 s; peak memory 1234 MiB.
2026-10-08T01:10:12Z INFO [250/500] 550367d9-4d7c-4079-86e4-04d60b0f34a2: checkpointed 88084 records.
2026-10-08T01:10:23Z INFO [251/500] 550373ea-da93-495c-91c3-4cbb063e42d6: 14991 chunks; 11.2 s; peak memory 1234 MiB.
2026-10-08T01:10:24Z INFO [252/500] 5503b2fc-1eed-43bf-80ab-20b19007a8b3: 72 chunks; 1.3 s; peak memory 1234 MiB.
2026-10-08T01:10:26Z INFO [253/500] 55041b4e-e8f8-46f3-9cd6-640cd1531024: 112 chunks; 1.9 s; peak memory 1234 MiB.
2026-10-08T01:10:41Z INFO [254/500] 55046f9b-c80e-40e9-bff9-68a053180708: 9751 chunks; 15.0 s; peak memory 1234 MiB.
2026-10-08T01:10:59Z INFO [255/500] 5505d0f7-42ed-453f-b354-30dd06759c49: 30894 chunks; 18.1 s; peak memory 1234 MiB.
2026-10-08T01:11:01Z INFO [256/500] 55072530-b1e5-4bf7-a22f-e46507701876: 48 chunks; 1.3 s; peak memory 1234 MiB.
2026-10-08T01:11:02Z INFO [257/500] 55075583-98aa-44c7-8189-1a094059ef7a: 52 chunks; 1.4 s; peak memory 1234 MiB.
2026-10-08T01:11:04Z INFO [258/500] 5507819f-7c14-4552-a484-7b2cf95726eb: 71 chunks; 2.3 s; peak memory 1234 MiB.
2026-10-08T01:11:06Z INFO [259/500] 5508f81c-51d5-463b-bff5-f36a1032fa06: 90 chunks; 1.5 s; peak memory 1234 MiB.
2026-10-08T01:11:25Z INFO [260/500] 55095412-cc9e-46e7-ab1c-dfe63a2b3f3f: 17767 chunks; 18.8 s; peak memory 1234 MiB.
2026-10-08T01:11:26Z INFO [261/500] 550aa379-6fff-415e-9068-07f546e6bb48: 116 chunks; 1.6 s; peak memory 1234 MiB.
2026-10-08T01:11:28Z INFO [262/500] 550ab419-423e-4ffc-b73b-2f8d6b85d631: 50 chunks; 1.2 s; peak memory 1234 MiB.
2026-10-08T01:11:31Z INFO [263/500] 550ae89b-efa1-447b-99ea-2bd955b6ad22: 150 chunks; 3.3 s; peak memory 1234 MiB.
2026-10-08T01:11:32Z INFO [264/500] 550b0ebd-a802-4567-84f3-2abdc0ab5235: 64 chunks; 1.3 s; peak memory 1234 MiB.
2026-10-08T01:12:24Z INFO [265/500] 550b310d-944b-4737-b361-0efaa7945604: 23349 chunks; 52.3 s; peak memory 1234 MiB.
2026-10-08T01:12:28Z INFO [266/500] 550b9a99-5a5a-49ff-861e-8d1765ac9ec9: 156 chunks; 3.7 s; peak memory 1234 MiB.
2026-10-08T01:12:29Z INFO [267/500] 550c6940-211e-439b-bec9-d87708e6634f: 117 chunks; 1.3 s; peak memory 1234 MiB.
2026-10-08T01:12:31Z INFO [268/500] 550c80ff-fd34-4ba4-b0e9-2a5e19918389: 116 chunks; 1.5 s; peak memory 1234 MiB.
2026-10-08T01:12:32Z INFO [269/500] 550ced0d-0b17-43ba-9489-8c0bbbdb4a64: 48 chunks; 1.4 s; peak memory 1234 MiB.
2026-10-08T01:12:33Z INFO [270/500] 550e85d4-5503-46d7-8da6-ae28f15588c5: 46 chunks; 0.9 s; peak memory 1234 MiB.
2026-10-08T01:12:34Z INFO [271/500] 550f1402-8fc6-4c57-818b-29a0002909bc: 55 chunks; 0.9 s; peak memory 1234 MiB.
2026-10-08T01:12:36Z INFO [272/500] 550faac6-c3c6-4110-9d46-ed0444e062ef: 68 chunks; 1.4 s; peak memory 1234 MiB.
2026-10-08T01:12:37Z INFO [273/500] 550fb78e-e620-4b2b-9fd2-df37e7b22878: 46 chunks; 1.0 s; peak memory 1234 MiB.
2026-10-08T01:12:38Z INFO [274/500] 550fec0e-ba37-43ba-a8e9-51d6441b0507: 48 chunks; 1.3 s; peak memory 1234 MiB.
2026-10-08T01:12:39Z INFO [275/500] 55102939-949a-4cf4-b0d3-8f6270e3a19a: 118 chunks; 1.4 s; peak memory 1234 MiB.
2026-10-08T01:12:41Z INFO [276/500] 55110053-5e93-40cd-86b4-cec1cc21309b: 48 chunks; 1.3 s; peak memory 1234 MiB.
2026-10-08T01:12:42Z INFO [277/500] 5512af97-29e9-461f-9901-42afea58121e: 62 chunks; 1.3 s; peak memory 1234 MiB.
2026-10-08T01:12:44Z INFO [278/500] 55135c9e-5a46-48f0-978d-4902e196d5dd: 117 chunks; 1.6 s; peak memory 1234 MiB.
2026-10-08T01:12:45Z INFO [279/500] 551366f5-444c-4fff-a2b8-a4e9ac4f4b47: 142 chunks; 1.4 s; peak memory 1234 MiB.
2026-10-08T01:12:46Z INFO [280/500] 5513803b-69d2-4df1-a20c-63796d37f0da: 117 chunks; 1.4 s; peak memory 1234 MiB.
2026-10-08T01:12:48Z INFO [281/500] 551382b7-1dc2-47b3-9c0a-60692da5045d: 41 chunks; 1.2 s; peak memory 1234 MiB.
2026-10-08T01:12:54Z INFO [282/500] 5513cb08-23be-4343-a027-d5acc0fe85b5: 193 chunks; 6.7 s; peak memory 1234 MiB.
2026-10-08T01:12:57Z INFO [283/500] 55147651-078b-45d5-abc0-989ef07886d0: 115 chunks; 2.9 s; peak memory 1234 MiB.
2026-10-08T01:12:59Z INFO [284/500] 5514ab8f-736e-4cac-a6b2-3e67f0a2cba8: 612 chunks; 2.4 s; peak memory 1234 MiB.
2026-10-08T01:13:01Z INFO [285/500] 5516975c-c112-4853-ba99-0f311b8dd6cd: 112 chunks; 1.8 s; peak memory 1234 MiB.
2026-10-08T01:13:06Z INFO [286/500] 55172511-1b63-4ba1-9ad2-ca4290151304: 3245 chunks; 5.0 s; peak memory 1234 MiB.
2026-10-08T01:13:08Z INFO [287/500] 55180915-8c78-432b-84aa-983273518896: 64 chunks; 1.8 s; peak memory 1234 MiB.
2026-10-08T01:13:09Z INFO [288/500] 551a0c07-3739-4eca-8eea-df2cc83aafd6: 46 chunks; 1.0 s; peak memory 1234 MiB.
2026-10-08T01:13:11Z INFO [289/500] 551af1bd-1cea-4c0e-bbd2-3fb22eb4820b: 48 chunks; 1.5 s; peak memory 1234 MiB.
2026-10-08T01:13:14Z INFO [290/500] 551b6324-b9ff-4db6-a25f-e1aab7de4199: 71 chunks; 2.9 s; peak memory 1234 MiB.
2026-10-08T01:13:43Z INFO [291/500] 551b7a1f-590f-4950-b489-3d6d7f208e51: 4984 chunks; 29.1 s; peak memory 1234 MiB.
2026-10-08T01:13:44Z INFO [292/500] 551ba7a9-4e09-4cb1-bcdf-476f43591c39: 48 chunks; 1.2 s; peak memory 1234 MiB.
2026-10-08T01:14:03Z INFO [293/500] 551c0ed9-5923-4665-b2a6-5fb6b31843de: 47262 chunks; 18.9 s; peak memory 1234 MiB.
2026-10-08T01:14:04Z INFO [294/500] 551c7964-57fd-4cf7-834f-c73956d20f32: 61 chunks; 1.6 s; peak memory 1234 MiB.
2026-10-08T01:14:05Z INFO [295/500] 551cd2a8-1ee2-4eff-bd0f-0ddbac4c3b06: 41 chunks; 1.2 s; peak memory 1234 MiB.
2026-10-08T01:14:07Z INFO [296/500] 551ceaa6-9ac6-4856-aa80-bb6cb4612b54: 112 chunks; 1.5 s; peak memory 1234 MiB.
2026-10-08T01:14:10Z INFO [297/500] 551dce68-dbe4-4bc0-a36b-d5716136b0fb: 114 chunks; 3.3 s; peak memory 1234 MiB.
2026-10-08T01:14:12Z INFO [298/500] 551e4b14-a18d-4c4d-bf33-011b8d5cb3fb: 69 chunks; 1.4 s; peak memory 1234 MiB.
2026-10-08T01:14:14Z INFO [299/500] 551e8c2d-7e6f-4981-8a69-619ccced61bd: 112 chunks; 2.0 s; peak memory 1234 MiB.
2026-10-08T01:14:16Z INFO [300/500] 551f041b-67f5-4b00-b5d7-f9c4cf93e2f7: 132 chunks; 2.1 s; peak memory 1234 MiB.
2026-10-08T01:14:16Z INFO [300/500] 551f041b-67f5-4b00-b5d7-f9c4cf93e2f7: checkpointed 88134 records.
2026-10-08T01:14:18Z INFO [301/500] 551f4e02-04a5-4831-ba2c-c37cca37f435: 52 chunks; 1.6 s; peak memory 1234 MiB.
2026-10-08T01:14:19Z INFO [302/500] 551f5fcd-e2d4-4204-aa61-8eec5b44c2a0: 48 chunks; 1.3 s; peak memory 1234 MiB.
2026-10-08T01:14:20Z INFO [303/500] 551f6992-2553-4111-ac3c-09382c16fd04: 52 chunks; 1.3 s; peak memory 1234 MiB.
2026-10-08T01:14:21Z INFO [304/500] 551ff407-d721-4d2d-814e-60bea41b719e: 48 chunks; 1.2 s; peak memory 1234 MiB.
2026-10-08T01:14:22Z INFO [305/500] 551ff749-761e-4253-821c-6c07cc470586: 57 chunks; 1.1 s; peak memory 1234 MiB.
2026-10-08T01:14:24Z INFO [306/500] 5520084d-6654-4122-adb2-8a2132be1382: 117 chunks; 1.5 s; peak memory 1234 MiB.
2026-10-08T01:14:25Z INFO [307/500] 55200c83-a892-4947-99cb-eafba84d5b72: 110 chunks; 1.4 s; peak memory 1234 MiB.
2026-10-08T01:16:51Z INFO [308/500] 55207bc5-1a71-4e72-bb91-1c6a359b84c0: 42062 chunks; 146.2 s; peak memory 1234 MiB.
2026-10-08T01:16:53Z INFO [309/500] 55213796-6292-4252-986a-1a0f07ea191f: 48 chunks; 1.3 s; peak memory 1234 MiB.
2026-10-08T01:17:05Z INFO [310/500] 5521766e-6776-46bc-8fb0-5596c048d446: 17258 chunks; 12.0 s; peak memory 1234 MiB.
2026-10-08T01:17:06Z INFO [311/500] 5521ab72-9d9e-42b6-9520-4c4869540f35: 52 chunks; 1.4 s; peak memory 1234 MiB.
2026-10-08T01:17:07Z INFO [312/500] 5521e482-b988-4b2e-8381-b8dd44ffd4ca: 108 chunks; 1.3 s; peak memory 1234 MiB.
2026-10-08T01:17:09Z INFO [313/500] 55222330-6735-400a-aded-4783026b766d: 52 chunks; 1.4 s; peak memory 1234 MiB.
2026-10-08T01:17:10Z INFO [314/500] 552290f4-5aff-499c-9f35-755e516e5370: 48 chunks; 1.3 s; peak memory 1234 MiB.
2026-10-08T01:17:11Z INFO [315/500] 5522d59f-8484-43c0-985b-addffb03b050: 112 chunks; 1.3 s; peak memory 1234 MiB.
2026-10-08T01:19:36Z INFO [316/500] 552373fa-0b1e-40ed-9740-08a137d83064: 38359 chunks; 144.9 s; peak memory 1234 MiB.
2026-10-08T01:20:00Z INFO [317/500] 5523b86b-beca-44a2-b1b0-b69f036c2d31: 24860 chunks; 24.1 s; peak memory 1234 MiB.
2026-10-08T01:20:02Z INFO [318/500] 552443d2-96c5-4628-b003-4a29d542600a: 66 chunks; 1.8 s; peak memory 1234 MiB.
2026-10-08T01:20:06Z INFO [319/500] 5524441c-42b7-4f3b-b1ab-95bb2a7e8ee9: 156 chunks; 3.6 s; peak memory 1234 MiB.
2026-10-08T01:20:08Z INFO [320/500] 55245ece-1dd8-4e4a-a3c2-ef2b6fc0f8b5: 66 chunks; 2.2 s; peak memory 1234 MiB.
2026-10-08T01:20:19Z INFO [321/500] 5524b886-bdae-43ac-abe0-15062c9ffaab: 339 chunks; 11.1 s; peak memory 1234 MiB.
2026-10-08T01:20:21Z INFO [322/500] 5524bca5-48c6-4f8d-875f-8b4168fe534c: 112 chunks; 1.5 s; peak memory 1234 MiB.
2026-10-08T01:20:22Z INFO [323/500] 5525d836-77ce-45ae-9078-b57353f3df07: 48 chunks; 1.3 s; peak memory 1234 MiB.
2026-10-08T01:20:23Z INFO [324/500] 55265f89-d363-40d7-a329-a18b6bef2078: 46 chunks; 1.0 s; peak memory 1234 MiB.
2026-10-08T01:20:24Z INFO [325/500] 55277ed3-9a71-41ff-b7e4-9dbeca5975ad: 48 chunks; 1.2 s; peak memory 1234 MiB.
2026-10-08T01:20:25Z INFO [326/500] 5527eb89-2198-49ff-a161-c5d733e547ec: 48 chunks; 1.2 s; peak memory 1234 MiB.
2026-10-08T01:20:34Z INFO [327/500] 55289694-f0fb-4ffd-b569-26879acc3d24: 4133 chunks; 8.3 s; peak memory 1234 MiB.
2026-10-08T01:20:37Z INFO [328/500] 5528a616-38c5-44e8-a436-fb57c4dab7e8: 161 chunks; 3.4 s; peak memory 1234 MiB.
2026-10-08T01:20:39Z INFO [329/500] 55293507-fb09-4142-918f-4ab4500b5c8c: 71 chunks; 2.1 s; peak memory 1234 MiB.
2026-10-08T01:20:41Z INFO [330/500] 5529490b-d1de-47e0-8422-cc285df0751a: 112 chunks; 1.8 s; peak memory 1234 MiB.
2026-10-08T01:20:42Z INFO [331/500] 552b30d0-aac3-4703-a7ee-5adc02353ed8: 52 chunks; 1.4 s; peak memory 1234 MiB.
2026-10-08T01:20:44Z INFO [332/500] 552b7a93-a106-4325-a911-099cdba7a904: 102 chunks; 1.8 s; peak memory 1234 MiB.
2026-10-08T01:20:46Z INFO [333/500] 552c9a0c-f6a7-4638-ae71-45c83ddc4f58: 112 chunks; 1.8 s; peak memory 1234 MiB.
2026-10-08T01:21:27Z INFO [334/500] 552cdee7-c71b-4d7f-83c0-af6f4977d30a: 40706 chunks; 41.4 s; peak memory 1234 MiB.
2026-10-08T01:21:29Z INFO [335/500] 552d059c-1922-4b3f-97b0-50f590153934: 48 chunks; 1.5 s; peak memory 1234 MiB.
2026-10-08T01:21:30Z INFO [336/500] 552d4035-9465-40e4-987e-f1b7964d06bf: 50 chunks; 1.0 s; peak memory 1234 MiB.
2026-10-08T01:21:31Z INFO [337/500] 552dd05a-f2a9-452d-8356-527a6ee9a087: 45 chunks; 1.1 s; peak memory 1234 MiB.
2026-10-08T01:21:32Z INFO [338/500] 552ef4d3-43cc-48ed-920b-c312ff4cd0cd: 117 chunks; 1.4 s; peak memory 1234 MiB.
2026-10-08T01:21:36Z INFO [339/500] 55308d49-b1cb-4875-9edf-9fce3f2d898f: 156 chunks; 3.3 s; peak memory 1234 MiB.
2026-10-08T01:21:37Z INFO [340/500] 5530ef0f-af2c-4a50-9138-8f188c011054: 46 chunks; 1.3 s; peak memory 1234 MiB.
2026-10-08T01:23:08Z INFO [341/500] 5532a1a7-17cc-4c75-ac34-4d870b34b01a: 32825 chunks; 91.2 s; peak memory 1234 MiB.
2026-10-08T01:23:10Z INFO [342/500] 5532b6c0-f77d-41d7-b917-88bacc0a0025: 48 chunks; 1.3 s; peak memory 1234 MiB.
2026-10-08T01:23:11Z INFO [343/500] 5532e35e-47fb-4ba2-8516-5ffd0a0c9cf5: 46 chunks; 1.1 s; peak memory 1234 MiB.
2026-10-08T01:23:13Z INFO [344/500] 55337990-9078-4132-a967-74be4e19757d: 66 chunks; 2.3 s; peak memory 1234 MiB.
2026-10-08T01:25:59Z INFO [345/500] 5533e4a3-b7ec-430d-b3a2-509878aa5b73: 45043 chunks; 165.7 s; peak memory 1234 MiB.
2026-10-08T01:26:00Z INFO [346/500] 5533f0ae-c414-4ece-8dea-a090905e2d00: 56 chunks; 1.1 s; peak memory 1234 MiB.
2026-10-08T01:26:01Z INFO [347/500] 55344b62-7d01-4c76-b89b-ea8da9f8b2c0: 142 chunks; 1.5 s; peak memory 1234 MiB.
2026-10-08T01:26:03Z INFO [348/500] 5534871d-567c-45da-83c8-abd3ba758765: 275 chunks; 1.9 s; peak memory 1234 MiB.
2026-10-08T01:26:04Z INFO [349/500] 5534f251-6e3c-468f-92ef-44c87537e123: 46 chunks; 1.0 s; peak memory 1234 MiB.
2026-10-08T01:26:06Z INFO [350/500] 55353f70-2845-4f4a-8fbe-54089e999f57: 66 chunks; 2.3 s; peak memory 1234 MiB.
2026-10-08T01:26:07Z INFO [350/500] 55353f70-2845-4f4a-8fbe-54089e999f57: checkpointed 88184 records.
2026-10-08T01:26:08Z INFO [351/500] 55357257-5cd9-46c3-b79b-05f21b7eb440: 117 chunks; 1.5 s; peak memory 1234 MiB.
2026-10-08T01:26:09Z INFO [352/500] 553579fe-3adf-41ff-95bc-a9e974764521: 48 chunks; 1.2 s; peak memory 1234 MiB.
2026-10-08T01:26:11Z INFO [353/500] 553597bd-d5dd-4025-b5cb-89cd36e904c2: 48 chunks; 1.3 s; peak memory 1234 MiB.
2026-10-08T01:26:13Z INFO [354/500] 55368cd0-1203-473e-900e-22f849a09616: 118 chunks; 2.3 s; peak memory 1234 MiB.
2026-10-08T01:26:15Z INFO [355/500] 5536e68b-e25b-44e2-9b9e-721ba980c53f: 117 chunks; 1.5 s; peak memory 1234 MiB.
2026-10-08T01:26:20Z INFO [356/500] 5537ffeb-0844-4814-bc4e-86e8f0b2e445: 7636 chunks; 5.4 s; peak memory 1234 MiB.
2026-10-08T01:26:22Z INFO [357/500] 5539f89b-919a-412e-a95c-ec3385429ab8: 74 chunks; 2.1 s; peak memory 1234 MiB.
2026-10-08T01:26:28Z INFO [358/500] 553a4af9-6fc2-4eaa-9073-b9707e62fa9b: 174 chunks; 6.1 s; peak memory 1234 MiB.
2026-10-08T01:26:30Z INFO [359/500] 553a4d29-d687-4cdb-9b14-e9d1e67d89a9: 84 chunks; 1.6 s; peak memory 1234 MiB.
2026-10-08T01:26:31Z INFO [360/500] 553afde7-f6c3-4873-8da7-0a32607e8d97: 112 chunks; 1.5 s; peak memory 1234 MiB.
2026-10-08T01:26:33Z INFO [361/500] 553b618d-dab3-4968-b5db-f0677a3d586e: 66 chunks; 1.8 s; peak memory 1234 MiB.
2026-10-08T01:26:34Z INFO [362/500] 553cb899-e362-4cbd-9f30-decf4d6f20fd: 54 chunks; 1.0 s; peak memory 1234 MiB.
2026-10-08T01:26:37Z INFO [363/500] 553d7f2f-8d21-4c75-b57f-17b81da6fb5d: 90 chunks; 2.8 s; peak memory 1234 MiB.
2026-10-08T01:26:38Z INFO [364/500] 553e18a7-b934-4c1c-b377-e752500121ec: 69 chunks; 1.2 s; peak memory 1234 MiB.
2026-10-08T01:26:40Z INFO [365/500] 553e69da-b567-4972-bf0d-c71cff3201da: 117 chunks; 1.5 s; peak memory 1234 MiB.
2026-10-08T01:26:41Z INFO [366/500] 553faa78-5644-4c58-a103-971f116be309: 48 chunks; 1.2 s; peak memory 1234 MiB.
2026-10-08T01:26:44Z INFO [367/500] 553fca6d-9497-4d50-a1e4-32fca76281f1: 226 chunks; 3.6 s; peak memory 1234 MiB.
2026-10-08T01:26:46Z INFO [368/500] 554045d3-756e-4437-bc86-fde38b5163f2: 48 chunks; 1.2 s; peak memory 1234 MiB.
2026-10-08T01:26:47Z INFO [369/500] 55404955-4e91-4381-8042-e7886bc65d62: 41 chunks; 1.2 s; peak memory 1234 MiB.
2026-10-08T01:26:53Z INFO [370/500] 55406ba1-e4fa-4580-bd70-b528292519b8: 452 chunks; 6.3 s; peak memory 1234 MiB.
2026-10-08T01:26:54Z INFO [371/500] 554103eb-e530-4746-93b9-6ffad6f327e1: 48 chunks; 1.3 s; peak memory 1234 MiB.
2026-10-08T01:26:56Z INFO [372/500] 55415b79-aaba-426b-b2a4-41e8c5c5b648: 71 chunks; 1.9 s; peak memory 1234 MiB.
2026-10-08T01:26:58Z INFO [373/500] 5541c8ee-73db-447c-81f0-3e6ea46934c3: 48 chunks; 1.3 s; peak memory 1234 MiB.
2026-10-08T01:26:59Z INFO [374/500] 5541c9cc-e7e6-40cd-bf79-4d7a031387fc: 45 chunks; 1.0 s; peak memory 1234 MiB.
2026-10-08T01:27:00Z INFO [375/500] 5541d120-776a-4258-9653-664e499d9784: 52 chunks; 1.0 s; peak memory 1234 MiB.
2026-10-08T01:27:02Z INFO [376/500] 5541e68b-4a0e-40f3-b9af-66a411cbad4e: 165 chunks; 2.7 s; peak memory 1234 MiB.
2026-10-08T01:27:04Z INFO [377/500] 5541fd9a-0f5c-4cf4-877f-5340b0bbb5c3: 48 chunks; 1.3 s; peak memory 1234 MiB.
2026-10-08T01:27:05Z INFO [378/500] 5542c3f5-c36c-43d0-983e-cd1951ded5e8: 117 chunks; 1.4 s; peak memory 1234 MiB.
2026-10-08T01:27:08Z INFO [379/500] 5542ca5b-7826-4fc1-9897-395865dc4d5b: 71 chunks; 2.6 s; peak memory 1234 MiB.
2026-10-08T01:27:20Z INFO [380/500] 5542cba1-8596-4563-8d20-fd56f003aa43: 21906 chunks; 12.8 s; peak memory 1234 MiB.
2026-10-08T01:34:48Z INFO [381/500] 5544a6e1-6f0c-450a-8a90-c056b43e456c: 266768 chunks; 447.7 s; peak memory 1234 MiB.
2026-10-08T01:34:50Z INFO [382/500] 5544f980-2dd6-434e-8a5e-c588c1e90f9f: 112 chunks; 1.8 s; peak memory 1234 MiB.
2026-10-08T01:34:51Z INFO [383/500] 55452c55-182e-4894-bf4f-2c4fdfa119d9: 117 chunks; 1.3 s; peak memory 1234 MiB.
2026-10-08T01:34:53Z INFO [384/500] 55453937-13f2-4e21-9c17-b4da23b6927e: 66 chunks; 1.7 s; peak memory 1234 MiB.
2026-10-08T01:35:00Z INFO [385/500] 5545776c-0d76-4522-97fc-ca80b7ef9fe6: 17643 chunks; 7.2 s; peak memory 1234 MiB.
2026-10-08T01:35:02Z INFO [386/500] 55460b6f-fac2-42cf-a3c9-9214ef705abe: 117 chunks; 1.5 s; peak memory 1234 MiB.
2026-10-08T01:35:29Z INFO [387/500] 55468dde-0175-4c51-a348-a40c38250923: 955 chunks; 27.8 s; peak memory 1234 MiB.
2026-10-08T01:35:44Z INFO [388/500] 554876ab-1a4b-4037-a62d-ea10e2c9f43c: 29606 chunks; 14.1 s; peak memory 1234 MiB.
2026-10-08T01:35:45Z INFO [389/500] 5548d5fd-636a-4347-b403-7808668ad6ba: 51 chunks; 1.9 s; peak memory 1234 MiB.
2026-10-08T01:35:47Z INFO [390/500] 5549da22-fea5-462f-902d-76cc2b576823: 486 chunks; 2.0 s; peak memory 1234 MiB.
2026-10-08T01:35:49Z INFO [391/500] 554a943e-ef66-490a-b3d5-5a2aed5ee1fd: 83 chunks; 1.2 s; peak memory 1234 MiB.
2026-10-08T01:35:50Z INFO [392/500] 554c00f6-7982-4c70-8629-9c834d6783e5: 48 chunks; 1.2 s; peak memory 1234 MiB.
2026-10-08T01:35:51Z INFO [393/500] 554c1391-3371-43ca-8423-a20ecd30f609: 48 chunks; 1.2 s; peak memory 1234 MiB.
2026-10-08T01:35:53Z INFO [394/500] 554cb97f-0b1c-433d-b134-0629935ca0e2: 112 chunks; 1.7 s; peak memory 1234 MiB.
2026-10-08T01:35:55Z INFO [395/500] 554d7554-05a4-4708-83b9-31e6de4f7292: 66 chunks; 2.2 s; peak memory 1234 MiB.
2026-10-08T01:35:57Z INFO [396/500] 554d8950-ac35-438f-915d-a3ea06b21b6c: 116 chunks; 1.6 s; peak memory 1234 MiB.
2026-10-08T01:35:58Z INFO [397/500] 554de486-dd35-4140-b13e-ae9f0b48c354: 112 chunks; 1.7 s; peak memory 1234 MiB.
2026-10-08T01:36:00Z INFO [398/500] 554e409f-ef77-4ce5-aaea-2f9651f8b6cd: 117 chunks; 1.6 s; peak memory 1234 MiB.
2026-10-08T01:36:01Z INFO [399/500] 554e486d-dc2e-453b-bb76-466aa1e5cb57: 48 chunks; 1.4 s; peak memory 1234 MiB.
2026-10-08T01:36:29Z INFO [400/500] 554fccdc-5a50-4dfb-8e02-2543775455db: 10475 chunks; 27.8 s; peak memory 1234 MiB.
2026-10-08T01:36:29Z INFO [400/500] 554fccdc-5a50-4dfb-8e02-2543775455db: checkpointed 88234 records.
2026-10-08T01:36:31Z INFO [401/500] 554fd5b7-c63b-4909-99b3-e1949dea7a28: 52 chunks; 1.4 s; peak memory 1234 MiB.
2026-10-08T01:48:21Z INFO [402/500] 55505bc2-6d57-4f18-8dea-2f91e2aae21c: 1916257 chunks; 709.7 s; peak memory 1417 MiB.
2026-10-08T01:48:22Z INFO [403/500] 5550f6d1-c91d-4e98-9fcd-5d789e8136be: 117 chunks; 1.6 s; peak memory 1417 MiB.
2026-10-08T01:48:24Z INFO [404/500] 5552e98b-2a00-4637-a5b6-7dcc851f5a12: 48 chunks; 2.1 s; peak memory 1417 MiB.
2026-10-08T01:48:26Z INFO [405/500] 555351ab-68ff-4dcf-aae3-344d3c8befdb: 118 chunks; 1.3 s; peak memory 1417 MiB.
2026-10-08T01:48:27Z INFO [406/500] 5553aded-16c8-4c1a-bf49-0d62b6961f36: 112 chunks; 1.7 s; peak memory 1417 MiB.
2026-10-08T01:48:29Z INFO [407/500] 555439b6-98f0-472c-ba0f-a73239dd5608: 110 chunks; 1.8 s; peak memory 1417 MiB.
2026-10-08T01:48:31Z INFO [408/500] 555443ab-cd99-4bd1-9f1a-6b5849094dc7: 48 chunks; 1.3 s; peak memory 1417 MiB.
2026-10-08T01:48:32Z INFO [409/500] 55548190-b3c1-46f0-ae41-c7555c1fc5f0: 48 chunks; 1.2 s; peak memory 1417 MiB.
2026-10-08T01:48:33Z INFO [410/500] 5554ad63-b8ac-4e9f-ab01-23f6833a5e2e: 56 chunks; 1.1 s; peak memory 1417 MiB.
2026-10-08T01:48:35Z INFO [411/500] 55550a2d-9f51-480f-95f8-531609029a78: 293 chunks; 2.4 s; peak memory 1417 MiB.
2026-10-08T01:48:37Z INFO [412/500] 555544c9-c14a-4dcd-b39d-f5cdcffc58ca: 52 chunks; 1.3 s; peak memory 1417 MiB.
2026-10-08T01:48:38Z INFO [413/500] 55555df6-bd61-4682-88ed-fc130e11a7ed: 48 chunks; 1.3 s; peak memory 1417 MiB.
2026-10-08T01:48:40Z INFO [414/500] 55556324-3666-4a09-b403-100ac1ab2859: 71 chunks; 2.4 s; peak memory 1417 MiB.
2026-10-08T01:48:41Z INFO [415/500] 555588dd-0311-48f1-a063-e20ba062187a: 69 chunks; 1.1 s; peak memory 1417 MiB.
2026-10-08T01:48:43Z INFO [416/500] 55558ed7-e136-4d92-a34e-b42636f87043: 122 chunks; 1.6 s; peak memory 1417 MiB.
2026-10-08T01:48:45Z INFO [417/500] 55561905-0031-4411-b372-d55ab1cc789d: 112 chunks; 1.8 s; peak memory 1417 MiB.
2026-10-08T01:49:29Z INFO [418/500] 5556694c-ad11-4833-a8d0-1db3443b70ee: 2906 chunks; 44.0 s; peak memory 1417 MiB.
2026-10-08T01:49:30Z INFO [419/500] 5556b6da-ec98-4315-a73d-e50ed657f750: 69 chunks; 1.1 s; peak memory 1417 MiB.
2026-10-08T01:49:31Z INFO [420/500] 5556e3bd-ade9-46da-ab27-9b5e7a20e34b: 117 chunks; 1.4 s; peak memory 1417 MiB.
2026-10-08T01:49:33Z INFO [421/500] 5557cd29-249f-4853-8df1-4c75e6dc9032: 66 chunks; 1.8 s; peak memory 1417 MiB.
2026-10-08T01:49:48Z INFO [422/500] 55587f2b-69f3-495d-86ea-f5ef01d20ee6: 13742 chunks; 14.7 s; peak memory 1417 MiB.
2026-10-08T01:49:50Z INFO [423/500] 5558a6e8-77ea-43b0-8480-cec343220714: 275 chunks; 1.8 s; peak memory 1417 MiB.
2026-10-08T01:49:51Z INFO [424/500] 5558d922-e23d-4df5-8474-b8abf3eea31a: 117 chunks; 1.6 s; peak memory 1417 MiB.
2026-10-08T01:49:52Z INFO [425/500] 5558dbca-fa03-4ff3-8d83-bfde9c4ab6e9: 60 chunks; 1.1 s; peak memory 1417 MiB.
2026-10-08T01:49:53Z INFO [426/500] 5558e9ff-1007-458e-86b9-990be91b9cc5: 35 chunks; 1.1 s; peak memory 1417 MiB.
2026-10-08T01:49:55Z INFO [427/500] 5558f054-a670-4335-97cc-a244a33f6ad0: 48 chunks; 1.2 s; peak memory 1417 MiB.
2026-10-08T01:49:57Z INFO [428/500] 55594651-20cb-4d7b-ac6a-566ea6f3e1a7: 337 chunks; 2.7 s; peak memory 1417 MiB.
2026-10-08T01:49:59Z INFO [429/500] 555a17f7-2576-41c4-b78d-523c5d940146: 117 chunks; 1.7 s; peak memory 1417 MiB.
2026-10-08T01:50:00Z INFO [430/500] 555b1b1f-4e0f-4a97-b6ce-04b5a474f816: 48 chunks; 1.3 s; peak memory 1417 MiB.
2026-10-08T01:50:07Z INFO [431/500] 555c66e6-acf0-4719-8199-fd87a3ed4098: 387 chunks; 6.8 s; peak memory 1417 MiB.
2026-10-08T01:50:08Z INFO [432/500] 555d04c3-fa1c-4bcc-871b-5c65651f5c95: 117 chunks; 1.3 s; peak memory 1417 MiB.
2026-10-08T01:50:14Z INFO [433/500] 555d700c-e8a7-439f-ae7e-03ff0f2aa73f: 4360 chunks; 5.9 s; peak memory 1417 MiB.
2026-10-08T01:50:21Z INFO [434/500] 555d70ea-1e26-4552-b045-df39a1546506: 1248 chunks; 7.1 s; peak memory 1417 MiB.
2026-10-08T01:50:29Z INFO [435/500] 555fa735-f4ee-4888-9ef8-c07faa73e496: 377 chunks; 7.4 s; peak memory 1417 MiB.
2026-10-08T01:50:30Z INFO [436/500] 555fddfb-8481-460f-9508-d93225cc71a3: 41 chunks; 1.2 s; peak memory 1417 MiB.
2026-10-08T01:50:31Z INFO [437/500] 55609658-d4bc-42c2-ac2e-a2ddf083e957: 45 chunks; 1.1 s; peak memory 1417 MiB.
2026-10-08T01:50:42Z INFO [438/500] 5561eb33-0c2d-4781-8d65-3051e000f226: 10931 chunks; 11.1 s; peak memory 1417 MiB.
2026-10-08T01:50:43Z INFO [439/500] 556398b1-5665-44bb-b5e1-78022c568efe: 48 chunks; 1.3 s; peak memory 1417 MiB.
2026-10-08T01:50:45Z INFO [440/500] 55643174-a6df-416c-a3ce-0be878026066: 48 chunks; 1.2 s; peak memory 1417 MiB.
2026-10-08T01:50:46Z INFO [441/500] 55643e72-563d-46b0-ac5b-23b8b61cdc92: 68 chunks; 1.6 s; peak memory 1417 MiB.
2026-10-08T01:50:47Z INFO [442/500] 55648201-be13-48da-b529-4772d35fc851: 48 chunks; 1.3 s; peak memory 1417 MiB.
2026-10-08T01:50:49Z INFO [443/500] 5564be04-553b-415a-8e29-5add7d8c8027: 101 chunks; 1.3 s; peak memory 1417 MiB.
2026-10-08T01:50:54Z INFO [444/500] 5565bb0a-75bb-4571-bf47-8c009740fa39: 336 chunks; 5.6 s; peak memory 1417 MiB.
2026-10-08T01:50:56Z INFO [445/500] 5566b4b9-3948-4a69-bc06-d4d7b3c6a6f6: 48 chunks; 1.3 s; peak memory 1417 MiB.
2026-10-08T01:50:58Z INFO [446/500] 55678484-c983-49b5-835d-6364ad8e157a: 367 chunks; 2.3 s; peak memory 1417 MiB.
2026-10-08T01:50:59Z INFO [447/500] 55679643-34de-4b06-a02b-6bf8bafe5eab: 48 chunks; 1.3 s; peak memory 1417 MiB.
2026-10-08T01:51:01Z INFO [448/500] 5567bf8f-69cb-467c-8514-0ca13e08b088: 118 chunks; 1.3 s; peak memory 1417 MiB.
2026-10-08T01:51:02Z INFO [449/500] 5568f28c-14fe-44e1-a60c-c1e028f002fb: 110 chunks; 1.6 s; peak memory 1417 MiB.
2026-10-08T01:51:03Z INFO [450/500] 55693b33-78c5-4621-afff-59611d871e73: 41 chunks; 1.2 s; peak memory 1417 MiB.
2026-10-08T01:51:04Z INFO [450/500] 55693b33-78c5-4621-afff-59611d871e73: checkpointed 88284 records.
2026-10-08T01:51:05Z INFO [451/500] 556a45a6-5c79-4047-b9e7-5d08aed51711: 48 chunks; 1.3 s; peak memory 1417 MiB.
2026-10-08T01:53:28Z INFO [452/500] 556a46a1-1ea3-4461-b957-330b6212120f: 37755 chunks; 142.7 s; peak memory 1417 MiB.
2026-10-08T01:53:29Z INFO [453/500] 556a86b7-deac-4ed9-a7c5-542d71778ccd: 118 chunks; 1.7 s; peak memory 1417 MiB.
2026-10-08T01:53:31Z INFO [454/500] 556b0abf-01c7-4a05-9787-a781aa68a474: 48 chunks; 1.4 s; peak memory 1417 MiB.
2026-10-08T01:53:33Z INFO [455/500] 556ba451-a123-40fb-8518-28e588088b1f: 115 chunks; 1.7 s; peak memory 1417 MiB.
2026-10-08T01:53:34Z INFO [456/500] 556bb845-1e43-4883-b370-575a6eb90a40: 52 chunks; 1.3 s; peak memory 1417 MiB.
2026-10-08T01:53:36Z INFO [457/500] 556bf577-b1a3-4fb4-af09-bf3d357e9a00: 71 chunks; 2.4 s; peak memory 1417 MiB.
2026-10-08T01:53:38Z INFO [458/500] 556d1ce5-ca5a-445e-9fa3-d4c3d21bcf5a: 67 chunks; 1.6 s; peak memory 1417 MiB.
2026-10-08T01:53:39Z INFO [459/500] 556d8e97-833f-430e-8a14-ee6d82b65441: 48 chunks; 1.2 s; peak memory 1417 MiB.
2026-10-08T01:53:40Z INFO [460/500] 556e0517-e6b7-4aff-a7e8-28d79df43a5b: 54 chunks; 1.0 s; peak memory 1417 MiB.
2026-10-08T01:53:41Z INFO [461/500] 556e30d7-a2ef-457d-bdab-506063491a77: 48 chunks; 1.2 s; peak memory 1417 MiB.
2026-10-08T01:53:43Z INFO [462/500] 556e6df7-292b-40b0-a243-8d70b98d78ed: 66 chunks; 1.8 s; peak memory 1417 MiB.
2026-10-08T01:53:44Z INFO [463/500] 556ea4e8-6ce3-47c4-9b3d-32d1c7495219: 48 chunks; 1.1 s; peak memory 1417 MiB.
2026-10-08T01:54:10Z INFO [464/500] 556eded9-223f-4e1f-8bed-afbcb74dbe50: 46373 chunks; 26.1 s; peak memory 1417 MiB.
2026-10-08T01:54:13Z INFO [465/500] 556fe468-cef2-439b-88f8-0e9e15f17cdf: 118 chunks; 2.4 s; peak memory 1417 MiB.
2026-10-08T01:54:14Z INFO [466/500] 556ff0b9-a7f3-4e0b-bbf6-f710e2444991: 64 chunks; 1.6 s; peak memory 1417 MiB.
2026-10-08T01:54:15Z INFO [467/500] 5572737f-31ad-4a40-a890-b9ce894ad080: 51 chunks; 1.0 s; peak memory 1417 MiB.
2026-10-08T01:54:17Z INFO [468/500] 5572b0c4-09d5-4b89-a97a-532f66debdd5: 117 chunks; 1.6 s; peak memory 1417 MiB.
2026-10-08T01:54:18Z INFO [469/500] 55739ea9-8537-49b0-baec-0933a17fe201: 48 chunks; 1.3 s; peak memory 1417 MiB.
2026-10-08T01:54:20Z INFO [470/500] 5573c272-c328-430b-99e1-40355648e2ef: 52 chunks; 1.4 s; peak memory 1417 MiB.
2026-10-08T01:54:21Z INFO [471/500] 5573e9bc-c35f-4c64-b105-4c11132516ec: 101 chunks; 1.5 s; peak memory 1417 MiB.
2026-10-08T01:54:22Z INFO [472/500] 557491d4-0741-434f-9be8-366475b56e02: 63 chunks; 1.2 s; peak memory 1417 MiB.
2026-10-08T01:54:24Z INFO [473/500] 55752bb0-d737-4f78-b51b-7d0cfe9febb0: 66 chunks; 1.3 s; peak memory 1417 MiB.
2026-10-08T01:54:25Z INFO [474/500] 55755577-335d-40cf-92f6-ab0092ed5271: 52 chunks; 1.1 s; peak memory 1417 MiB.
2026-10-08T01:54:26Z INFO [475/500] 55755faf-f68b-4687-9b94-7aa98fd948db: 117 chunks; 1.4 s; peak memory 1417 MiB.
2026-10-08T01:54:34Z INFO [476/500] 55760adf-6228-4b74-a967-211803b8bdbf: 1146 chunks; 8.1 s; peak memory 1417 MiB.
2026-10-08T01:54:37Z INFO [477/500] 5576b2cf-b386-46cd-97b0-a9cbd7736b31: 115 chunks; 3.0 s; peak memory 1417 MiB.
2026-10-08T01:54:39Z INFO [478/500] 5576b696-54a0-405c-a42b-790ea5938a61: 118 chunks; 1.7 s; peak memory 1417 MiB.
2026-10-08T01:54:42Z INFO [479/500] 5576cfc4-214f-4cb8-a73f-a157e3d04620: 115 chunks; 2.9 s; peak memory 1417 MiB.
2026-10-08T01:57:29Z INFO [480/500] 5577fb6b-2d70-4f83-b8de-d903b3f885e9: 46225 chunks; 167.1 s; peak memory 1417 MiB.
2026-10-08T01:57:31Z INFO [481/500] 55780287-2422-4058-98b5-92866deec231: 71 chunks; 1.9 s; peak memory 1417 MiB.
2026-10-08T01:57:32Z INFO [482/500] 55781f7a-d3ce-429c-8aed-7166857237d2: 48 chunks; 1.3 s; peak memory 1417 MiB.
2026-10-08T01:57:35Z INFO [483/500] 5578ed50-b605-4208-8b2f-e768c25d96a3: 126 chunks; 2.8 s; peak memory 1417 MiB.
2026-10-08T01:57:36Z INFO [484/500] 5578f6e6-4fa8-4697-b71f-d507d62f10a1: 54 chunks; 1.1 s; peak memory 1417 MiB.
2026-10-08T01:57:38Z INFO [485/500] 5579a3de-0fcb-407c-8bf3-292240f015ff: 69 chunks; 1.7 s; peak memory 1417 MiB.
2026-10-08T01:57:43Z INFO [486/500] 5579b411-b742-4ac6-81dd-8f1d667afd3c: 2712 chunks; 5.1 s; peak memory 1417 MiB.
2026-10-08T01:57:44Z INFO [487/500] 557b41c2-14a0-48f5-b298-d26020ca1825: 170 chunks; 1.4 s; peak memory 1417 MiB.
2026-10-08T01:57:47Z INFO [488/500] 557b7fef-0999-4e8d-99ea-ed919ae3f276: 156 chunks; 3.4 s; peak memory 1417 MiB.
2026-10-08T01:57:49Z INFO [489/500] 557b979e-fd17-48d6-9a80-f2b4ae112e1b: 116 chunks; 1.5 s; peak memory 1417 MiB.
2026-10-08T01:57:51Z INFO [490/500] 557c4936-5c9f-4c77-ad01-5f57cb5115b1: 112 chunks; 1.7 s; peak memory 1417 MiB.
2026-10-08T01:57:52Z INFO [491/500] 557cc683-c196-4dca-8520-54a16a2c262a: 48 chunks; 1.3 s; peak memory 1417 MiB.
2026-10-08T01:58:10Z INFO [492/500] 557ccf22-ff2b-4414-9ff0-e96884e77ac1: 432 chunks; 18.3 s; peak memory 1417 MiB.
2026-10-08T01:58:12Z INFO [493/500] 557cee0a-d115-4211-836e-87569c839c3b: 48 chunks; 1.3 s; peak memory 1417 MiB.
2026-10-08T01:58:13Z INFO [494/500] 557d55a2-5382-40d7-9244-8fe175c83678: 48 chunks; 1.3 s; peak memory 1417 MiB.
2026-10-08T02:00:47Z INFO [495/500] 557d985e-4dda-48e8-943b-c8bdbb6b577a: 40592 chunks; 154.3 s; peak memory 1417 MiB.
2026-10-08T02:00:49Z INFO [496/500] 557f01c6-9d9c-45e2-9012-fb154096ad1d: 112 chunks; 2.2 s; peak memory 1417 MiB.
2026-10-08T02:00:51Z INFO [497/500] 557f0b4b-857c-4606-9ce8-f7c153cd7adb: 71 chunks; 2.1 s; peak memory 1417 MiB.
2026-10-08T02:00:55Z INFO [498/500] 557fdd15-7b20-4446-8ea3-3de70faac781: 156 chunks; 3.7 s; peak memory 1417 MiB.
2026-10-08T02:00:57Z INFO [499/500] 557fe4c1-58ff-4889-9f6b-7d9631bedc43: 66 chunks; 1.9 s; peak memory 1417 MiB.
2026-10-08T02:00:58Z INFO [500/500] 558180bb-3c1b-419c-a963-9637eb5f127e: 48 chunks; 1.2 s; peak memory 1417 MiB.
2026-10-08T02:00:59Z INFO [500/500] 558180bb-3c1b-419c-a963-9637eb5f127e: checkpointed 88334 records.
2026-10-08T02:00:59Z INFO Wrote 88334 records to /tmp/derivatives/valid_nwb_file_to_chunk_stats.jsonl (500 new, 0 failed) in 87.5 min (peak memory 1417 MiB).
