2026-10-07T09:07:28Z INFO Logging to /tmp/logs/update_2026-10-07T09-07-28Z.log.
2026-10-07T09:07:28Z INFO Update valid-nwb-file-to-chunk-stats (base directory /tmp).
2026-10-07T09:07:28Z INFO Processing 500 items (85834 already recorded).
2026-10-07T09:07:30Z INFO [1/500] 5062a106-725a-4833-ad91-2aba44f53939: 121 chunks; 2.3 s; peak memory 183 MiB.
2026-10-07T09:07:32Z INFO [2/500] 50633f67-17c1-4634-b4cf-7281e8fa5a98: 70 chunks; 1.2 s; peak memory 183 MiB.
2026-10-07T09:07:34Z INFO [3/500] 5063b8cc-722e-4b66-9ce2-24573672f117: 156 chunks; 2.7 s; peak memory 185 MiB.
2026-10-07T09:07:42Z INFO [4/500] 5063f384-b89a-4f78-ba96-a225ecc9f42f: 16516 chunks; 8.0 s; peak memory 219 MiB.
2026-10-07T09:07:43Z INFO [5/500] 5064011b-3511-461d-bd01-69ad7125c24c: 117 chunks; 1.1 s; peak memory 219 MiB.
2026-10-07T09:07:47Z INFO [6/500] 50660259-3cf1-4c47-a57a-201e3553d5c0: 6006 chunks; 3.3 s; peak memory 220 MiB.
2026-10-07T09:07:49Z INFO [7/500] 50662ee3-de1a-4767-8812-d67b21b7879c: 71 chunks; 2.2 s; peak memory 220 MiB.
2026-10-07T09:07:50Z INFO [8/500] 5066c509-e1b0-4922-903f-15dbaaa63d8c: 45 chunks; 0.7 s; peak memory 220 MiB.
2026-10-07T09:08:01Z INFO [9/500] 5066f6f5-466d-4606-a66d-2d175721517d: 6727 chunks; 11.0 s; peak memory 273 MiB.
2026-10-07T09:08:02Z INFO [10/500] 506901a8-1cf7-4f84-83fa-7a7c2582a12c: 69 chunks; 1.4 s; peak memory 273 MiB.
2026-10-07T09:08:07Z INFO [11/500] 50698320-e494-44f5-a8a8-3ca85d56c4b9: 2020 chunks; 5.3 s; peak memory 273 MiB.
2026-10-07T09:08:08Z INFO [12/500] 5069d55d-9ccb-41ba-9fc0-6c76091cbd30: 48 chunks; 0.9 s; peak memory 273 MiB.
2026-10-07T09:08:09Z INFO [13/500] 506a2002-a237-4c51-a22b-9c5e3bad5aee: 59 chunks; 1.1 s; peak memory 273 MiB.
2026-10-07T09:09:00Z INFO [14/500] 506a8df1-90b0-49c0-8d1c-bca17d16aa62: 25653 chunks; 51.1 s; peak memory 284 MiB.
2026-10-07T09:09:01Z INFO [15/500] 506ad755-f8c6-4153-9571-0b67d652d5a2: 52 chunks; 0.6 s; peak memory 284 MiB.
2026-10-07T09:09:02Z INFO [16/500] 506af16d-b9ce-4c30-a7a5-fea4e0de1b7b: 48 chunks; 1.1 s; peak memory 284 MiB.
2026-10-07T09:09:03Z INFO [17/500] 506b86e1-efe7-45ca-a1b9-2e4b75f4b917: 46 chunks; 0.8 s; peak memory 284 MiB.
2026-10-07T09:09:06Z INFO [18/500] 506c448d-304e-4b3e-8d24-bd262701426f: 1334 chunks; 3.7 s; peak memory 284 MiB.
2026-10-07T09:09:08Z INFO [19/500] 506cc164-2834-46e1-a9fe-4fcfc4a52fa0: 131 chunks; 1.1 s; peak memory 284 MiB.
2026-10-07T09:09:08Z INFO [20/500] 506dc1bf-712a-4ea7-a4c0-928b7c355622: 21 chunks; 0.7 s; peak memory 284 MiB.
2026-10-07T09:09:09Z INFO [21/500] 506ee4cf-6ef4-4bea-b0d5-c3d5cbcee813: 52 chunks; 0.9 s; peak memory 284 MiB.
2026-10-07T09:09:10Z INFO [22/500] 506f41bd-60af-4907-a0e9-b998e0f01935: 116 chunks; 0.8 s; peak memory 284 MiB.
2026-10-07T09:09:12Z INFO [23/500] 506f435a-1ec8-44dd-863b-15a4f99f4212: 156 chunks; 2.4 s; peak memory 284 MiB.
2026-10-07T09:09:13Z INFO [24/500] 5070113b-242c-470a-9cb4-861ac87a7568: 52 chunks; 1.0 s; peak memory 284 MiB.
2026-10-07T09:09:17Z INFO [25/500] 50722c2d-e3f1-4b0a-80fd-3570e2f11df4: 224 chunks; 3.7 s; peak memory 284 MiB.
2026-10-07T09:09:19Z INFO [26/500] 507257cb-9c77-47e6-8826-10f8815dfa7f: 71 chunks; 2.1 s; peak memory 284 MiB.
2026-10-07T09:09:20Z INFO [27/500] 50726f63-912b-446b-8495-192f1719c344: 48 chunks; 0.9 s; peak memory 284 MiB.
2026-10-07T09:09:21Z INFO [28/500] 50743af5-b763-43e6-bf49-88b6d93af0d3: 118 chunks; 0.9 s; peak memory 284 MiB.
2026-10-07T09:09:22Z INFO [29/500] 5074cb81-804b-4f8a-9173-55f78a7591c0: 48 chunks; 0.8 s; peak memory 284 MiB.
2026-10-07T09:09:23Z INFO [30/500] 5074dd0a-c005-4c2b-97ca-28bd07051c05: 78 chunks; 1.7 s; peak memory 284 MiB.
2026-10-07T09:09:24Z INFO [31/500] 50760348-ebb1-45a6-bbd8-0a18d5db5f54: 48 chunks; 1.1 s; peak memory 284 MiB.
2026-10-07T09:23:08Z INFO [32/500] 50769b23-139f-4c42-b96a-1e5095379e29: 291681 chunks; 824.0 s; peak memory 1184 MiB.
2026-10-07T09:23:09Z INFO [33/500] 5076a1f4-aedc-472e-bda1-51d3a0ad0d25: 48 chunks; 1.0 s; peak memory 1184 MiB.
2026-10-07T09:23:10Z INFO [34/500] 5076dd47-b614-4c86-b52f-53070747c27f: 69 chunks; 0.9 s; peak memory 1184 MiB.
2026-10-07T09:23:12Z INFO [35/500] 5077d38a-258d-4312-a3ad-bc489aad9952: 69 chunks; 1.4 s; peak memory 1184 MiB.
2026-10-07T09:23:13Z INFO [36/500] 5077f70b-9ac8-40e1-873d-ff457e0f1c51: 112 chunks; 1.0 s; peak memory 1184 MiB.
2026-10-07T09:23:14Z INFO [37/500] 5078d530-f83e-4650-a244-4d58417d0d7b: 48 chunks; 1.1 s; peak memory 1184 MiB.
2026-10-07T09:23:15Z INFO [38/500] 50794ad7-7361-4bfe-b28f-8a1043b405b1: 117 chunks; 0.9 s; peak memory 1184 MiB.
2026-10-07T09:23:16Z INFO [39/500] 5079e2fa-e893-49af-812f-89d43a563f73: 48 chunks; 0.9 s; peak memory 1184 MiB.
2026-10-07T09:23:17Z INFO [40/500] 5079fc6a-2da7-4bc8-a436-0c92b08acaaf: 117 chunks; 0.9 s; peak memory 1184 MiB.
2026-10-07T09:23:18Z INFO [41/500] 507a6549-8e96-4654-980a-1c48d6386885: 112 chunks; 1.3 s; peak memory 1184 MiB.
2026-10-07T09:23:19Z INFO [42/500] 507aa095-f6df-4862-89b4-96e977611553: 112 chunks; 0.8 s; peak memory 1184 MiB.
2026-10-07T09:23:20Z INFO [43/500] 507b3a1b-f054-4e39-b11c-81f1685e1a29: 48 chunks; 0.9 s; peak memory 1184 MiB.
2026-10-07T09:23:20Z INFO [44/500] 507baaac-74fc-46d3-8940-84778b95484a: 57 chunks; 0.8 s; peak memory 1184 MiB.
2026-10-07T09:23:21Z INFO [45/500] 507be56f-87a4-454d-a977-b7a75cf057b9: 116 chunks; 1.0 s; peak memory 1184 MiB.
2026-10-07T09:23:28Z INFO [46/500] 507c02f7-a7a9-456e-982f-48941a321cdd: 12748 chunks; 7.0 s; peak memory 1184 MiB.
2026-10-07T09:23:29Z INFO [47/500] 507cbe92-26b9-42db-9f6f-a582040d6434: 105 chunks; 0.9 s; peak memory 1184 MiB.
2026-10-07T09:23:31Z INFO [48/500] 507cf8c1-75f4-4693-9c2a-44cfc08a56a5: 92 chunks; 1.7 s; peak memory 1184 MiB.
2026-10-07T09:23:32Z INFO [49/500] 507d777e-c95a-4d18-97f9-4fd30e3c586d: 48 chunks; 0.9 s; peak memory 1184 MiB.
2026-10-07T09:23:41Z INFO [50/500] 507e34ab-768e-4554-b044-ca74406a3d53: 21454 chunks; 9.0 s; peak memory 1184 MiB.
2026-10-07T09:23:41Z INFO [50/500] 507e34ab-768e-4554-b044-ca74406a3d53: checkpointed 85884 records.
2026-10-07T09:23:43Z INFO [51/500] 507ee234-d45e-4871-8b07-2463a6fcbe49: 71 chunks; 1.6 s; peak memory 1184 MiB.
2026-10-07T09:23:44Z INFO [52/500] 507f5340-b66d-47e1-ba99-3fcc601185e0: 56 chunks; 0.8 s; peak memory 1184 MiB.
2026-10-07T09:23:45Z INFO [53/500] 507f84ad-114d-40ee-bf32-624604f49273: 112 chunks; 1.2 s; peak memory 1184 MiB.
2026-10-07T09:23:47Z INFO [54/500] 50809945-6c58-418c-b425-06f1ff78197a: 156 chunks; 2.1 s; peak memory 1184 MiB.
2026-10-07T09:23:48Z INFO [55/500] 5080b210-eb55-4aeb-96e8-b1cf71eaaea2: 49 chunks; 1.2 s; peak memory 1184 MiB.
2026-10-07T09:23:49Z INFO [56/500] 50810d06-e10c-42fa-ad7a-ddc386fdbcd6: 45 chunks; 1.1 s; peak memory 1184 MiB.
2026-10-07T09:24:11Z INFO [57/500] 50824ad6-adf5-4eff-9e32-25d886701932: 5612 chunks; 22.1 s; peak memory 1184 MiB.
2026-10-07T09:24:12Z INFO [58/500] 5082ad15-4835-4bc6-91d0-dba9cebe86d4: 116 chunks; 1.2 s; peak memory 1184 MiB.
2026-10-07T09:24:13Z INFO [59/500] 5082d6a6-65be-410a-9335-f066479b032d: 48 chunks; 0.9 s; peak memory 1184 MiB.
2026-10-07T10:38:32Z INFO [60/500] 508346b7-5ed0-4590-b62e-228b86e72970: 1839165 chunks; 4458.7 s; peak memory 1224 MiB.
2026-10-07T10:38:33Z INFO [61/500] 50834841-f364-4049-a4fe-6f244b7cdd75: 121 chunks; 0.8 s; peak memory 1224 MiB.
2026-10-07T10:38:34Z INFO [62/500] 50837b9e-c579-4f54-8714-75ce7eb91647: 110 chunks; 1.1 s; peak memory 1224 MiB.
2026-10-07T10:38:36Z INFO [63/500] 50837d81-f4c4-489d-9652-e58e16371b5a: 997 chunks; 1.8 s; peak memory 1224 MiB.
2026-10-07T10:38:37Z INFO [64/500] 508385a7-1fef-477b-bc9d-e0b4971cd6f2: 48 chunks; 1.0 s; peak memory 1224 MiB.
2026-10-07T10:38:38Z INFO [65/500] 5084530e-08d2-416e-a00f-792800f6c4ab: 66 chunks; 1.3 s; peak memory 1224 MiB.
2026-10-07T10:38:40Z INFO [66/500] 5087187c-0b26-4665-b3c4-05dc16bc0ca7: 115 chunks; 2.0 s; peak memory 1224 MiB.
2026-10-07T10:38:41Z INFO [67/500] 508733a3-18a6-4742-9b58-4a1239eff7e5: 46 chunks; 0.8 s; peak memory 1224 MiB.
2026-10-07T10:38:42Z INFO [68/500] 5087b69a-abe8-419a-be1e-70f158a38504: 52 chunks; 1.1 s; peak memory 1224 MiB.
2026-10-07T10:38:45Z INFO [69/500] 5088251b-2bd5-4a38-8fb0-7dbfd2f076f8: 2981 chunks; 3.6 s; peak memory 1224 MiB.
2026-10-07T10:38:47Z INFO [70/500] 508898e2-4545-4115-9e4d-5c5fdcd51e53: 66 chunks; 1.4 s; peak memory 1224 MiB.
2026-10-07T10:38:48Z INFO [71/500] 5088d69d-d972-412c-96da-9bcd7122e085: 117 chunks; 0.9 s; peak memory 1224 MiB.
2026-10-07T10:38:50Z INFO [72/500] 508982fb-157e-4ed1-a4ff-ba9f90dd303d: 66 chunks; 1.9 s; peak memory 1224 MiB.
2026-10-07T10:38:51Z INFO [73/500] 50899f53-e950-457c-b439-799d38025867: 69 chunks; 1.2 s; peak memory 1224 MiB.
2026-10-07T10:38:51Z INFO [74/500] 508a2a4f-c41d-454c-81b9-053909a3e16a: 47 chunks; 0.7 s; peak memory 1224 MiB.
2026-10-07T10:38:52Z INFO [75/500] 508be3bf-1812-4569-8fce-9656d916f4b0: 85 chunks; 1.0 s; peak memory 1224 MiB.
2026-10-07T10:38:53Z INFO [76/500] 508bf851-f117-47d4-a820-1c3c1a3c3a22: 48 chunks; 1.0 s; peak memory 1224 MiB.
2026-10-07T10:38:55Z INFO [77/500] 508c164e-08f2-4dc5-8095-8fc547be06a7: 69 chunks; 1.6 s; peak memory 1224 MiB.
2026-10-07T10:38:56Z INFO [78/500] 508d5e6e-a259-4174-bb2c-26e5b41ba34a: 48 chunks; 0.9 s; peak memory 1224 MiB.
2026-10-07T10:39:06Z INFO [79/500] 508db30b-d439-40bb-b7d5-31dfe2a38d25: 8555 chunks; 9.8 s; peak memory 1224 MiB.
2026-10-07T10:39:06Z INFO [80/500] 508dcb29-01fb-4d20-8332-29ae49748234: 46 chunks; 0.6 s; peak memory 1224 MiB.
2026-10-07T10:41:39Z INFO [81/500] 508e3765-c2b0-4857-9d4f-0b4574823b9f: 44592 chunks; 153.2 s; peak memory 1224 MiB.
2026-10-07T10:41:41Z INFO [82/500] 508e7a81-4375-42b5-9c44-6c91885d1d91: 112 chunks; 1.1 s; peak memory 1224 MiB.
2026-10-07T10:41:42Z INFO [83/500] 508f32bc-c3f2-4553-8f0f-bc631972325e: 48 chunks; 1.1 s; peak memory 1224 MiB.
2026-10-07T10:41:44Z INFO [84/500] 508f42bf-f854-4749-8bcb-0e346075cef6: 71 chunks; 1.9 s; peak memory 1224 MiB.
2026-10-07T10:41:49Z INFO [85/500] 508fbb02-09f0-4c54-a8d6-c94b0990ba52: 652 chunks; 5.1 s; peak memory 1224 MiB.
2026-10-07T10:41:50Z INFO [86/500] 508fd801-88f0-4fd8-8dd8-cd0bc50319e7: 117 chunks; 1.1 s; peak memory 1224 MiB.
2026-10-07T10:41:52Z INFO [87/500] 50902e42-4cff-4619-8577-9f6318b39124: 115 chunks; 2.4 s; peak memory 1224 MiB.
2026-10-07T10:41:54Z INFO [88/500] 5090a5da-ddb6-49cf-88ba-a96000a11a6f: 933 chunks; 1.9 s; peak memory 1224 MiB.
2026-10-07T10:42:03Z INFO [89/500] 50913268-86ec-4951-b7ff-25c463e68598: 10493 chunks; 9.2 s; peak memory 1224 MiB.
2026-10-07T10:42:09Z INFO [90/500] 50913766-d339-48a7-a322-648d98f4a178: 258 chunks; 5.4 s; peak memory 1224 MiB.
2026-10-07T10:42:10Z INFO [91/500] 509212f5-bf38-40b4-8d7e-a0dd3ea60584: 116 chunks; 1.0 s; peak memory 1224 MiB.
2026-10-07T10:42:11Z INFO [92/500] 50928165-6423-4b26-a5e7-d96870e846ec: 41 chunks; 0.9 s; peak memory 1224 MiB.
2026-10-07T10:42:11Z INFO [93/500] 50936924-0d8c-49ad-b868-33a203435360: 46 chunks; 0.7 s; peak memory 1224 MiB.
2026-10-07T10:42:12Z INFO [94/500] 5093c941-4595-4520-825d-53ad90e13747: 132 chunks; 1.0 s; peak memory 1224 MiB.
2026-10-07T10:42:14Z INFO [95/500] 5093e911-7323-48da-9455-d545dd14251c: 59 chunks; 1.1 s; peak memory 1224 MiB.
2026-10-07T10:42:15Z INFO [96/500] 5093fe71-ec28-4e64-9bd4-0113c96a016d: 997 chunks; 1.8 s; peak memory 1224 MiB.
2026-10-07T10:42:16Z INFO [97/500] 5094d476-8a7c-4eb1-a392-97664506ca19: 48 chunks; 0.9 s; peak memory 1224 MiB.
2026-10-07T10:42:18Z INFO [98/500] 5094e461-6a9c-4a47-b2fb-79d2b76ff8ff: 62 chunks; 1.4 s; peak memory 1224 MiB.
2026-10-07T10:42:19Z INFO [99/500] 5094f84d-0629-45e9-866f-32fc63959bf6: 68 chunks; 1.0 s; peak memory 1224 MiB.
2026-10-07T10:42:21Z INFO [100/500] 50950f4b-d4e8-4742-9501-7a2307c85ca8: 147 chunks; 2.4 s; peak memory 1224 MiB.
2026-10-07T10:42:21Z INFO [100/500] 50950f4b-d4e8-4742-9501-7a2307c85ca8: checkpointed 85934 records.
2026-10-07T10:42:34Z INFO [101/500] 50951ab7-3dcb-4ec1-93ea-a51123921887: 8229 chunks; 12.6 s; peak memory 1224 MiB.
2026-10-07T10:42:35Z INFO [102/500] 5095cf85-5529-4f82-83c3-f51912846dad: 112 chunks; 1.1 s; peak memory 1224 MiB.
2026-10-07T10:43:03Z INFO [103/500] 50960099-1b3a-4d46-8ac5-16a06c7076bf: 6575 chunks; 27.7 s; peak memory 1224 MiB.
2026-10-07T10:43:05Z INFO [104/500] 50964792-8542-4026-8d72-5f527566e858: 115 chunks; 2.2 s; peak memory 1224 MiB.
2026-10-07T10:43:13Z INFO [105/500] 509659e8-cf00-478f-83dc-0f529d99c3e0: 21375 chunks; 8.1 s; peak memory 1224 MiB.
2026-10-07T10:43:14Z INFO [106/500] 50971882-307f-4ddf-9d33-7f8e63614316: 116 chunks; 1.1 s; peak memory 1224 MiB.
2026-10-07T10:43:51Z INFO [107/500] 50989a76-16e6-4cc6-953d-bf1d409fe13d: 2906 chunks; 37.0 s; peak memory 1224 MiB.
2026-10-07T10:43:57Z INFO [108/500] 5098a86f-083e-4ead-bbdb-19c5b227f06c: 4131 chunks; 6.2 s; peak memory 1224 MiB.
2026-10-07T10:44:00Z INFO [109/500] 5098db94-cba3-4456-a8dc-695ff7e1e876: 1585 chunks; 2.8 s; peak memory 1224 MiB.
2026-10-07T10:44:01Z INFO [110/500] 509983c6-d827-4df2-add9-ea8b00dd89ba: 117 chunks; 1.1 s; peak memory 1224 MiB.
2026-10-07T10:44:11Z INFO [111/500] 5099fe73-af40-4311-8173-1213da5b5f9b: 1042 chunks; 10.0 s; peak memory 1224 MiB.
2026-10-07T10:44:12Z INFO [112/500] 509a706c-5c76-4159-909c-13e8c816af79: 61 chunks; 1.2 s; peak memory 1224 MiB.
2026-10-07T10:44:16Z INFO [113/500] 509b1a0d-f731-47cb-8eed-9606fbcc7e18: 168 chunks; 4.1 s; peak memory 1224 MiB.
2026-10-07T10:44:19Z INFO [114/500] 509b4c9f-30b6-443c-8cf4-b725dd4b596f: 157 chunks; 3.0 s; peak memory 1224 MiB.
2026-10-07T10:44:21Z INFO [115/500] 509bd1bf-22d6-4aef-b786-6f47ac007cc9: 48 chunks; 1.2 s; peak memory 1224 MiB.
2026-10-07T10:44:22Z INFO [116/500] 509be1e3-edf9-48de-955a-66e03dd6d4f7: 74 chunks; 1.7 s; peak memory 1224 MiB.
2026-10-07T10:44:24Z INFO [117/500] 509be405-60b3-4eec-be50-a1f824944229: 119 chunks; 1.6 s; peak memory 1224 MiB.
2026-10-07T10:44:27Z INFO [118/500] 509d1ae7-05a4-44f3-81fe-0118665b99b6: 3071 chunks; 3.5 s; peak memory 1224 MiB.
2026-10-07T10:44:28Z INFO [119/500] 509d8d2f-d224-44bb-bf1a-fb10ef1cdf5c: 41 chunks; 0.8 s; peak memory 1224 MiB.
2026-10-07T10:44:30Z INFO [120/500] 509e7843-6d04-48a1-9821-27b5941428f7: 119 chunks; 1.5 s; peak memory 1224 MiB.
2026-10-07T10:44:31Z INFO [121/500] 509ea27c-e439-4755-99ff-dfbe49189f00: 118 chunks; 1.0 s; peak memory 1224 MiB.
2026-10-07T10:44:32Z INFO [122/500] 509f3456-c921-45be-b946-94d1556f4d6a: 66 chunks; 1.6 s; peak memory 1224 MiB.
2026-10-07T10:44:37Z INFO [123/500] 509fbfa1-6e61-4f32-b9e4-f19b610f6bb3: 264 chunks; 4.7 s; peak memory 1224 MiB.
2026-10-07T10:44:41Z INFO [124/500] 509ff594-3111-4ee5-a263-371997f361e3: 388 chunks; 3.8 s; peak memory 1224 MiB.
2026-10-07T10:44:42Z INFO [125/500] 50a068d6-8484-4db7-aa3a-2e8d7546cb17: 112 chunks; 1.3 s; peak memory 1224 MiB.
2026-10-07T10:44:43Z INFO [126/500] 50a0cff9-db6a-42c0-b623-1e7a8a3fc485: 48 chunks; 1.1 s; peak memory 1224 MiB.
2026-10-07T10:44:44Z INFO [127/500] 50a20844-af9e-4a99-b6d1-200d9692a7fc: 46 chunks; 0.7 s; peak memory 1224 MiB.
2026-10-07T10:44:45Z INFO [128/500] 50a247d6-f724-431b-b18f-58b05be46588: 117 chunks; 0.9 s; peak memory 1224 MiB.
2026-10-07T10:44:46Z INFO [129/500] 50a337c9-2d25-46a1-87d1-69ce2d520579: 48 chunks; 1.0 s; peak memory 1224 MiB.
2026-10-07T10:44:47Z INFO [130/500] 50a3ab69-c549-4ef8-9805-e885eb0d9d60: 58 chunks; 0.7 s; peak memory 1224 MiB.
2026-10-07T10:44:48Z INFO [131/500] 50a3cd1e-68c2-4dcb-97f6-58e5f3ae21f6: 112 chunks; 1.2 s; peak memory 1224 MiB.
2026-10-07T10:44:49Z INFO [132/500] 50a3fcc3-c2fe-4fba-8127-4334e5133233: 48 chunks; 0.9 s; peak memory 1224 MiB.
2026-10-07T10:44:50Z INFO [133/500] 50a51507-c6d7-4ccc-a875-e4e77259920e: 48 chunks; 1.0 s; peak memory 1224 MiB.
2026-10-07T10:44:52Z INFO [134/500] 50a64907-d3ba-47a6-88e9-65a987b2dcd2: 119 chunks; 2.3 s; peak memory 1224 MiB.
2026-10-07T10:44:53Z INFO [135/500] 50a65349-1811-47bc-bfb0-61029f6110fd: 117 chunks; 0.9 s; peak memory 1224 MiB.
2026-10-07T10:44:54Z INFO [136/500] 50a6773f-9cc2-403b-aba5-e6aa6e91c4f7: 77 chunks; 1.5 s; peak memory 1224 MiB.
2026-10-07T10:44:55Z INFO [137/500] 50a6a292-aaab-4c18-86b0-db5603b8ac37: 48 chunks; 0.9 s; peak memory 1224 MiB.
2026-10-07T10:44:56Z INFO [138/500] 50a6baac-b555-4dda-82f7-13879d549a08: 50 chunks; 1.1 s; peak memory 1224 MiB.
2026-10-07T10:45:04Z INFO [139/500] 50a7ddef-2916-41a0-8878-7082b3db6f0d: 8010 chunks; 7.9 s; peak memory 1224 MiB.
2026-10-07T10:45:05Z INFO [140/500] 50a81273-caec-48e0-9e02-be187e513827: 112 chunks; 1.2 s; peak memory 1224 MiB.
2026-10-07T10:45:12Z INFO [141/500] 50a8d457-9a46-450e-bed1-7fb225b275be: 415 chunks; 6.6 s; peak memory 1224 MiB.
2026-10-07T10:45:13Z INFO [142/500] 50a8e7d8-fb45-4036-956a-8e225d94d490: 63 chunks; 0.8 s; peak memory 1224 MiB.
2026-10-07T10:45:15Z INFO [143/500] 50a9151e-4847-47bf-a119-56e8fc8ef7a6: 115 chunks; 2.3 s; peak memory 1224 MiB.
2026-10-07T10:45:18Z INFO [144/500] 50a9bc18-d651-4e9a-8d14-83fc19c76a10: 85 chunks; 2.5 s; peak memory 1224 MiB.
2026-10-07T10:45:26Z INFO [145/500] 50a9d4f5-2691-457d-9463-80cee949b389: 11944 chunks; 8.2 s; peak memory 1224 MiB.
2026-10-07T10:45:27Z INFO [146/500] 50a9f598-f455-416b-9716-a838ef301715: 48 chunks; 0.8 s; peak memory 1224 MiB.
2026-10-07T10:45:37Z INFO [147/500] 50aada55-7038-4ea4-97ad-e65ebfa5610e: 26806 chunks; 10.8 s; peak memory 1224 MiB.
2026-10-07T10:45:40Z INFO [148/500] 50ab7579-d6fa-4edc-a1b7-630dade8fb93: 1641 chunks; 2.8 s; peak memory 1224 MiB.
2026-10-07T10:45:42Z INFO [149/500] 50ab8341-1511-4c41-809a-c7c9ae96a7bf: 71 chunks; 1.5 s; peak memory 1224 MiB.
2026-10-07T10:45:57Z INFO [150/500] 50ad1d44-bd50-4f6e-ba51-af57f6949fb9: 6649 chunks; 14.9 s; peak memory 1224 MiB.
2026-10-07T10:45:57Z INFO [150/500] 50ad1d44-bd50-4f6e-ba51-af57f6949fb9: checkpointed 85984 records.
2026-10-07T10:45:58Z INFO [151/500] 50ae4b77-cb10-4c9d-afd0-4c634aa57e88: 56 chunks; 1.0 s; peak memory 1224 MiB.
2026-10-07T10:45:59Z INFO [152/500] 50aea068-021a-429a-8d62-4bb595ab0e97: 48 chunks; 1.0 s; peak memory 1224 MiB.
2026-10-07T10:46:00Z INFO [153/500] 50af807a-7efb-4402-bc72-cb1f2c6b2f55: 48 chunks; 1.0 s; peak memory 1224 MiB.
2026-10-07T10:46:01Z INFO [154/500] 50b040db-9295-414b-9943-bcb58f341526: 48 chunks; 1.1 s; peak memory 1224 MiB.
2026-10-07T10:46:07Z INFO [155/500] 50b10318-71f2-4d12-8a6e-28ba6ef85164: 1253 chunks; 5.9 s; peak memory 1224 MiB.
2026-10-07T10:46:08Z INFO [156/500] 50b112af-9e7e-4986-92ec-5322b25dc01f: 69 chunks; 1.1 s; peak memory 1224 MiB.
2026-10-07T10:46:10Z INFO [157/500] 50b1a99a-7789-4d76-9feb-ded0aaa84a49: 71 chunks; 1.9 s; peak memory 1224 MiB.
2026-10-07T10:46:11Z INFO [158/500] 50b1d58e-fa5a-4af4-bac3-3ba07b732a18: 118 chunks; 1.5 s; peak memory 1224 MiB.
2026-10-07T10:46:13Z INFO [159/500] 50b2076e-f4de-4486-909b-3981abb79ffb: 52 chunks; 1.2 s; peak memory 1224 MiB.
2026-10-07T10:46:14Z INFO [160/500] 50b2f470-56c7-441b-964c-c33121169a74: 117 chunks; 1.0 s; peak memory 1224 MiB.
2026-10-07T10:46:15Z INFO [161/500] 50b3038f-91fd-4dac-b103-28be5a860cb1: 112 chunks; 1.1 s; peak memory 1224 MiB.
2026-10-07T10:46:20Z INFO [162/500] 50b32889-65a4-4e21-b92a-d64bf61fdf23: 2923 chunks; 4.8 s; peak memory 1224 MiB.
2026-10-07T10:46:21Z INFO [163/500] 50b39269-41ba-4fc6-915f-8eaf9fd9cddf: 112 chunks; 1.1 s; peak memory 1224 MiB.
2026-10-07T10:46:22Z INFO [164/500] 50b585c9-1621-41f1-aed6-f1f9f74d680c: 117 chunks; 0.9 s; peak memory 1224 MiB.
2026-10-07T10:46:22Z INFO [165/500] 50b5a9e9-3ff8-49c8-8bdd-96cbd27d25ef: 50 chunks; 0.7 s; peak memory 1224 MiB.
2026-10-07T10:46:23Z INFO [166/500] 50b5e436-e250-4296-bcad-fc6dc3516908: 66 chunks; 1.2 s; peak memory 1224 MiB.
2026-10-07T10:46:25Z INFO [167/500] 50b671fc-0ed9-4027-a3fa-8978cd501f23: 66 chunks; 1.4 s; peak memory 1224 MiB.
2026-10-07T10:46:27Z INFO [168/500] 50b6abd1-120f-4b8f-9ec1-7e67d36f2796: 125 chunks; 2.1 s; peak memory 1224 MiB.
2026-10-07T10:46:28Z INFO [169/500] 50b750fd-45be-4e6a-989d-2e1d537d1d04: 117 chunks; 1.1 s; peak memory 1224 MiB.
2026-10-07T10:46:29Z INFO [170/500] 50b80e36-3573-445e-94f1-e66a57c9c174: 118 chunks; 1.0 s; peak memory 1224 MiB.
2026-10-07T10:46:30Z INFO [171/500] 50b89431-13ac-487a-a514-2a1f1d67d80d: 117 chunks; 1.0 s; peak memory 1224 MiB.
2026-10-07T10:46:35Z INFO [172/500] 50b8d533-74ab-4530-a01d-4c6075db6d01: 2922 chunks; 4.7 s; peak memory 1224 MiB.
2026-10-07T10:46:36Z INFO [173/500] 50baec8b-c218-4731-af4f-fffaa15c0fe9: 112 chunks; 1.3 s; peak memory 1224 MiB.
2026-10-07T10:46:37Z INFO [174/500] 50bb15c6-42e4-4da0-bcb2-f235898d21e4: 83 chunks; 1.1 s; peak memory 1224 MiB.
2026-10-07T10:46:38Z INFO [175/500] 50bc2482-e3aa-4a5c-a577-d9fa0a1db3b4: 112 chunks; 1.2 s; peak memory 1224 MiB.
2026-10-07T10:46:39Z INFO [176/500] 50bcbfcc-78b8-4f4e-8a4d-f56eeba1edc5: 42 chunks; 0.9 s; peak memory 1224 MiB.
2026-10-07T10:46:41Z INFO [177/500] 50bcdebb-0f2f-4ef9-91f7-8522786a1836: 937 chunks; 1.6 s; peak memory 1224 MiB.
2026-10-07T10:46:42Z INFO [178/500] 50bd6652-59fc-48fd-bdd2-96545695e0bd: 48 chunks; 0.9 s; peak memory 1224 MiB.
2026-10-07T10:46:44Z INFO [179/500] 50bdc87c-76df-4dc4-b4ec-b5e64be7a322: 116 chunks; 2.4 s; peak memory 1224 MiB.
2026-10-07T10:46:46Z INFO [180/500] 50bfa883-f2ef-49a8-a2d5-7161408945d2: 118 chunks; 2.1 s; peak memory 1224 MiB.
2026-10-07T10:46:48Z INFO [181/500] 50bfee00-c3de-462b-b93a-fa6709c6f683: 116 chunks; 2.1 s; peak memory 1224 MiB.
2026-10-07T10:47:10Z INFO [182/500] 50c0067e-82b3-4671-9385-5e33f840047d: 1155 chunks; 22.1 s; peak memory 1224 MiB.
2026-10-07T10:47:11Z INFO [183/500] 50c14228-aa68-4787-88ed-6ee1374f5820: 48 chunks; 1.0 s; peak memory 1224 MiB.
2026-10-07T10:47:27Z INFO [184/500] 50c17ed0-5e29-4aaa-a44c-51ea99740597: 3939 chunks; 15.7 s; peak memory 1224 MiB.
2026-10-07T10:47:28Z INFO [185/500] 50c18037-0519-45d6-bc26-6222ab4cd087: 66 chunks; 0.9 s; peak memory 1224 MiB.
2026-10-07T10:47:29Z INFO [186/500] 50c25739-025d-4276-9c9d-075805fd404f: 112 chunks; 1.4 s; peak memory 1224 MiB.
2026-10-07T10:47:30Z INFO [187/500] 50c2b2b4-1ead-4a70-bbd3-d7a8bb739462: 46 chunks; 0.7 s; peak memory 1224 MiB.
2026-10-07T10:47:31Z INFO [188/500] 50c2c03b-87a1-47f2-9cca-a577e4cc2b0b: 118 chunks; 1.0 s; peak memory 1224 MiB.
2026-10-07T10:47:32Z INFO [189/500] 50c33635-5ac0-4f55-a8f6-c56045fa472a: 48 chunks; 0.9 s; peak memory 1224 MiB.
2026-10-07T10:47:33Z INFO [190/500] 50c39120-e723-4981-ba6e-46b8c60bf08a: 117 chunks; 0.9 s; peak memory 1224 MiB.
2026-10-07T10:47:41Z INFO [191/500] 50c3e928-9802-4af2-b558-fa6232373fc3: 5843 chunks; 8.1 s; peak memory 1224 MiB.
2026-10-07T10:47:43Z INFO [192/500] 50c40306-5e87-45e0-a456-b4f4305f8c46: 103 chunks; 2.4 s; peak memory 1224 MiB.
2026-10-07T10:47:44Z INFO [193/500] 50c426c4-b51f-4673-92f0-a3b910178179: 48 chunks; 0.8 s; peak memory 1224 MiB.
2026-10-07T10:47:45Z INFO [194/500] 50c45d5f-e8de-4389-9408-ef5e74675100: 69 chunks; 1.2 s; peak memory 1224 MiB.
2026-10-07T10:47:50Z INFO [195/500] 50c4e9e8-3715-4172-b363-fd2030a90c1f: 10987 chunks; 5.0 s; peak memory 1224 MiB.
2026-10-07T10:47:52Z INFO [196/500] 50c680c5-ed50-4dbe-a629-7ef9f9292ad0: 71 chunks; 2.1 s; peak memory 1224 MiB.
2026-10-07T10:47:55Z INFO [197/500] 50c70686-a61c-4e73-bf52-d3317df3661a: 114 chunks; 2.5 s; peak memory 1224 MiB.
2026-10-07T10:47:58Z INFO [198/500] 50c7a4fc-9fed-490a-be8e-674cd754bec3: 7361 chunks; 3.2 s; peak memory 1224 MiB.
2026-10-07T10:48:04Z INFO [199/500] 50c8cfe7-0779-48a9-aecb-9b78b2a66b0c: 15659 chunks; 5.5 s; peak memory 1224 MiB.
2026-10-07T10:48:05Z INFO [200/500] 50c93570-647d-4846-8ca0-33028031bf6a: 117 chunks; 1.1 s; peak memory 1224 MiB.
2026-10-07T10:48:05Z INFO [200/500] 50c93570-647d-4846-8ca0-33028031bf6a: checkpointed 86034 records.
2026-10-07T10:48:06Z INFO [201/500] 50ca4e8e-6a19-4335-a732-d93652700eb0: 117 chunks; 1.0 s; peak memory 1224 MiB.
2026-10-07T10:48:07Z INFO [202/500] 50ca529e-b4fa-496f-b3c6-92c8224ba35a: 52 chunks; 0.8 s; peak memory 1224 MiB.
2026-10-07T10:48:08Z INFO [203/500] 50cb792f-898d-4eb9-a82f-42ad5f5123b0: 48 chunks; 1.0 s; peak memory 1224 MiB.
2026-10-07T10:48:10Z INFO [204/500] 50cbb897-a5ba-4f46-9dcc-4b80d7cd36bf: 158 chunks; 2.1 s; peak memory 1224 MiB.
2026-10-07T10:48:20Z INFO [205/500] 50cc1a1b-631d-4ab3-b74b-23c82aee2ffa: 3626 chunks; 10.1 s; peak memory 1224 MiB.
2026-10-07T10:48:21Z INFO [206/500] 50cc304a-63cb-453e-bbcd-23f1a0991a18: 46 chunks; 1.3 s; peak memory 1224 MiB.
2026-10-07T10:48:22Z INFO [207/500] 50ccfebe-2662-4d84-a067-340c965ef9e5: 69 chunks; 1.2 s; peak memory 1224 MiB.
2026-10-07T10:48:24Z INFO [208/500] 50ce3260-0b9b-4022-87d1-6b7c00f28e44: 66 chunks; 1.8 s; peak memory 1224 MiB.
2026-10-07T10:48:28Z INFO [209/500] 50ce5719-766a-4c9f-b342-792db3b783d6: 6103 chunks; 3.6 s; peak memory 1224 MiB.
2026-10-07T10:48:37Z INFO [210/500] 50cfba61-080c-4b5e-90a7-9877069efcb9: 22982 chunks; 9.1 s; peak memory 1224 MiB.
2026-10-07T10:48:38Z INFO [211/500] 50d04a77-82d2-4222-ae4b-fafef442efa8: 66 chunks; 1.3 s; peak memory 1224 MiB.
2026-10-07T10:48:42Z INFO [212/500] 50d140db-1e70-4491-a6e7-7e7663337d99: 2923 chunks; 3.5 s; peak memory 1224 MiB.
2026-10-07T10:48:50Z INFO [213/500] 50d1b63b-a79b-4483-babe-a9db5e569160: 2218 chunks; 8.7 s; peak memory 1224 MiB.
2026-10-07T10:48:52Z INFO [214/500] 50d1fc81-70ba-4bb7-a189-f0bd58944b44: 112 chunks; 1.4 s; peak memory 1224 MiB.
2026-10-07T10:48:53Z INFO [215/500] 50d204ee-fdec-4e0e-9f97-b74b00f12c09: 48 chunks; 0.9 s; peak memory 1224 MiB.
2026-10-07T10:48:54Z INFO [216/500] 50d2de4b-a3fe-4624-8979-32ca2173a324: 64 chunks; 1.3 s; peak memory 1224 MiB.
2026-10-07T10:48:55Z INFO [217/500] 50d2f1bb-55bc-4c53-bb87-0a865ceb3891: 66 chunks; 1.2 s; peak memory 1224 MiB.
2026-10-07T10:48:56Z INFO [218/500] 50d2f9f5-14a7-4d1b-a916-93db2e0dd165: 550 chunks; 1.0 s; peak memory 1224 MiB.
2026-10-07T10:48:57Z INFO [219/500] 50d3b8da-880e-40b6-85b1-2fdb02285f3a: 52 chunks; 1.1 s; peak memory 1224 MiB.
2026-10-07T10:49:01Z INFO [220/500] 50d43747-639e-4bfd-bc2d-3da5f2085c58: 416 chunks; 3.8 s; peak memory 1224 MiB.
2026-10-07T10:49:02Z INFO [221/500] 50d51e71-3939-4ff7-a758-196222b7b600: 48 chunks; 0.9 s; peak memory 1224 MiB.
2026-10-07T10:49:03Z INFO [222/500] 50d60029-200f-4802-9edc-8eab365ffcda: 66 chunks; 1.3 s; peak memory 1224 MiB.
2026-10-07T10:49:09Z INFO [223/500] 50d7dec5-330e-4b0b-8205-43bc845ca587: 451 chunks; 5.7 s; peak memory 1224 MiB.
2026-10-07T10:49:13Z INFO [224/500] 50d83e68-bcf4-466a-98d6-d0abaed2a5cf: 180 chunks; 3.6 s; peak memory 1224 MiB.
2026-10-07T10:49:19Z INFO [225/500] 50d874bd-ac4f-4e4a-b5f5-af5eb3173a01: 5667 chunks; 6.7 s; peak memory 1224 MiB.
2026-10-07T10:49:20Z INFO [226/500] 50d93001-4245-454e-a7be-38cf48f85781: 46 chunks; 0.9 s; peak memory 1224 MiB.
2026-10-07T10:49:22Z INFO [227/500] 50da1d62-4a90-4dfc-8c6a-e7b2d47066e1: 307 chunks; 1.9 s; peak memory 1224 MiB.
2026-10-07T10:49:23Z INFO [228/500] 50da3649-8bc0-40f9-bb60-6431f4b79ea1: 44 chunks; 0.7 s; peak memory 1224 MiB.
2026-10-07T10:49:23Z INFO [229/500] 50da83ba-88de-49fc-b8df-d1fe6d7fa478: 48 chunks; 0.8 s; peak memory 1224 MiB.
2026-10-07T10:49:27Z INFO [230/500] 50db98c0-bda7-43fa-9622-07b84f42d2bf: 180 chunks; 3.2 s; peak memory 1224 MiB.
2026-10-07T10:49:30Z INFO [231/500] 50dbb2b7-fc36-4e43-ae0d-4080c65319c1: 525 chunks; 3.5 s; peak memory 1224 MiB.
2026-10-07T10:51:45Z INFO [232/500] 50dbd627-38c9-47f3-a822-112ed19d37d0: 38112 chunks; 135.2 s; peak memory 1224 MiB.
2026-10-07T10:51:47Z INFO [233/500] 50dca60d-3e6f-48bd-acc8-fb20fbb88034: 997 chunks; 1.5 s; peak memory 1224 MiB.
2026-10-07T10:51:48Z INFO [234/500] 50dd93bd-ee38-4829-a25e-7bc30ded0fd3: 45 chunks; 1.3 s; peak memory 1224 MiB.
2026-10-07T10:51:49Z INFO [235/500] 50dee82e-ffa8-457e-8b64-1d728313b2bb: 117 chunks; 0.9 s; peak memory 1224 MiB.
2026-10-07T10:51:50Z INFO [236/500] 50df7d45-d30a-48e9-9f55-827e5dab1b4f: 48 chunks; 0.8 s; peak memory 1224 MiB.
2026-10-07T10:52:52Z INFO [237/500] 50e02f8d-564d-4edf-a9b4-e422e443db83: 24262 chunks; 62.5 s; peak memory 1224 MiB.
2026-10-07T10:52:53Z INFO [238/500] 50e04845-11c1-401a-be96-d527cad9913b: 114 chunks; 1.0 s; peak memory 1224 MiB.
2026-10-07T10:52:54Z INFO [239/500] 50e0cd6a-8438-4402-81bc-4685aec5946e: 103 chunks; 1.2 s; peak memory 1224 MiB.
2026-10-07T10:52:56Z INFO [240/500] 50e24099-33da-49b2-9668-f75bbae1f15a: 52 chunks; 1.1 s; peak memory 1224 MiB.
2026-10-07T10:53:06Z INFO [241/500] 50e2c843-dd5d-459f-a7f2-37fc94657cdb: 582 chunks; 10.8 s; peak memory 1224 MiB.
2026-10-07T10:53:07Z INFO [242/500] 50e3ca5d-b3e6-4482-ac44-51693d7f4743: 48 chunks; 0.8 s; peak memory 1224 MiB.
2026-10-07T10:53:08Z INFO [243/500] 50e3fc11-bfda-403c-8c82-a2c8c51c9004: 105 chunks; 1.3 s; peak memory 1224 MiB.
2026-10-07T10:53:09Z INFO [244/500] 50e40d04-46ac-4ab6-b64b-ca1f60b224ef: 48 chunks; 0.9 s; peak memory 1224 MiB.
2026-10-07T10:57:23Z INFO [245/500] 50e474ef-dcea-4528-9d92-66623a183629: 75579 chunks; 254.0 s; peak memory 1224 MiB.
2026-10-07T10:57:25Z INFO [246/500] 50e4a1cd-2319-4761-9ca8-96ed021183f2: 112 chunks; 1.3 s; peak memory 1224 MiB.
2026-10-07T10:57:26Z INFO [247/500] 50e608f9-694b-4665-b1c1-ac1d8b596927: 71 chunks; 1.3 s; peak memory 1224 MiB.
2026-10-07T10:57:27Z INFO [248/500] 50e71cf1-cffa-4569-b8c5-1c2fdf2199d2: 66 chunks; 1.5 s; peak memory 1224 MiB.
2026-10-07T10:57:28Z INFO [249/500] 50e7d9be-2a8f-4275-8513-687124e8c11d: 48 chunks; 0.9 s; peak memory 1224 MiB.
2026-10-07T10:58:09Z INFO [250/500] 50e8e8c0-831a-48b8-acbc-a5ca9a55c580: 25653 chunks; 41.1 s; peak memory 1224 MiB.
2026-10-07T10:58:10Z INFO [250/500] 50e8e8c0-831a-48b8-acbc-a5ca9a55c580: checkpointed 86084 records.
2026-10-07T10:58:11Z INFO [251/500] 50e93f31-a756-470f-8cd7-419450fd8387: 118 chunks; 1.1 s; peak memory 1224 MiB.
2026-10-07T10:58:12Z INFO [252/500] 50eaf7bd-1205-46f2-a735-7f4f373a7e22: 43 chunks; 1.1 s; peak memory 1224 MiB.
2026-10-07T10:58:13Z INFO [253/500] 50eb9007-8bdc-4366-b834-fc51e4d86d53: 116 chunks; 1.0 s; peak memory 1224 MiB.
2026-10-07T10:58:58Z INFO [254/500] 50ec6b34-26ee-4fa6-adfc-6c1a4949371f: 25394 chunks; 45.4 s; peak memory 1224 MiB.
2026-10-07T10:58:59Z INFO [255/500] 50ecce12-38b4-48ff-80c4-a1ad5cb97472: 142 chunks; 0.9 s; peak memory 1224 MiB.
2026-10-07T10:59:00Z INFO [256/500] 50ecf766-d52b-4209-875c-29440e1648dc: 117 chunks; 1.0 s; peak memory 1224 MiB.
2026-10-07T10:59:01Z INFO [257/500] 50ed4092-f203-4bff-93c0-e54b5322577d: 112 chunks; 1.1 s; peak memory 1224 MiB.
2026-10-07T10:59:03Z INFO [258/500] 50ee6816-1dd5-41ea-90e4-13835ff34d5a: 153 chunks; 2.2 s; peak memory 1224 MiB.
2026-10-07T10:59:06Z INFO [259/500] 50ef2dd2-f2eb-4200-8929-30a1a3248a43: 115 chunks; 2.1 s; peak memory 1224 MiB.
2026-10-07T10:59:06Z INFO [260/500] 50ef380b-7769-4b8c-8c8d-f2a01753d4ab: 46 chunks; 0.8 s; peak memory 1224 MiB.
2026-10-07T10:59:13Z INFO [261/500] 50efec10-fb3a-4138-8b1e-9e000670e903: 16623 chunks; 7.0 s; peak memory 1224 MiB.
2026-10-07T10:59:14Z INFO [262/500] 50f0b5cc-5cc1-4594-b288-9c597e7fa083: 50 chunks; 0.8 s; peak memory 1224 MiB.
2026-10-07T10:59:15Z INFO [263/500] 50f14d44-423f-4fd5-8cd6-1bc536ba4af7: 112 chunks; 0.7 s; peak memory 1224 MiB.
2026-10-07T10:59:16Z INFO [264/500] 50f209e2-4f5a-44af-9526-68b3265d9def: 48 chunks; 1.0 s; peak memory 1224 MiB.
2026-10-07T10:59:17Z INFO [265/500] 50f20bb9-a796-44c8-86c6-5525c11091d3: 71 chunks; 1.4 s; peak memory 1224 MiB.
2026-10-07T10:59:23Z INFO [266/500] 50f218fc-a402-4940-b4e1-70a951341d8e: 4151 chunks; 5.5 s; peak memory 1224 MiB.
2026-10-07T10:59:25Z INFO [267/500] 50f21e02-f502-48f8-88e0-32a3ece33c84: 114 chunks; 2.2 s; peak memory 1224 MiB.
2026-10-07T10:59:26Z INFO [268/500] 50f2583e-a2c2-45c2-9003-dc3418590d70: 48 chunks; 0.8 s; peak memory 1224 MiB.
2026-10-07T10:59:27Z INFO [269/500] 50f25a1a-57ff-45dd-b98d-eb7ea4b62d93: 117 chunks; 0.9 s; peak memory 1224 MiB.
2026-10-07T10:59:29Z INFO [270/500] 50f37c45-17bf-44b0-81fe-2ce7bbe4a753: 170 chunks; 2.5 s; peak memory 1224 MiB.
2026-10-07T10:59:30Z INFO [271/500] 50f3e802-bec0-4a7c-80d6-75e70ef90e44: 72 chunks; 1.0 s; peak memory 1224 MiB.
2026-10-07T10:59:31Z INFO [272/500] 50f4102e-f1a7-45e9-817a-1c6255841638: 51 chunks; 1.1 s; peak memory 1224 MiB.
2026-10-07T10:59:32Z INFO [273/500] 50f47e1f-d589-468d-8d46-9e613b5a0950: 117 chunks; 0.8 s; peak memory 1224 MiB.
2026-10-07T11:03:58Z INFO [274/500] 50f500ca-0526-4a7e-949c-23e56bec2aeb: 76473 chunks; 266.3 s; peak memory 1224 MiB.
2026-10-07T11:03:59Z INFO [275/500] 50f685f6-a473-4aec-9eb8-2c48c3f94b3b: 99 chunks; 0.8 s; peak memory 1224 MiB.
2026-10-07T11:04:00Z INFO [276/500] 50f71f13-e300-4281-a020-197e3ef404cc: 116 chunks; 1.0 s; peak memory 1224 MiB.
2026-10-07T11:04:01Z INFO [277/500] 50f74fa1-e2e3-4117-a4fe-8528185dcdec: 69 chunks; 0.7 s; peak memory 1224 MiB.
2026-10-07T11:04:02Z INFO [278/500] 50f75dda-6091-456b-bcf5-7cf539d2a912: 112 chunks; 1.5 s; peak memory 1224 MiB.
2026-10-07T11:04:05Z INFO [279/500] 50f7de06-2cb3-4e36-b529-1b7d0a53692d: 116 chunks; 2.3 s; peak memory 1224 MiB.
2026-10-07T11:04:06Z INFO [280/500] 50f7f68b-aa87-450f-b78f-8774d9866f45: 48 chunks; 1.1 s; peak memory 1224 MiB.
2026-10-07T11:04:08Z INFO [281/500] 50f88c8d-c89f-4c50-bea0-5a8914d8cd78: 168 chunks; 2.3 s; peak memory 1224 MiB.
2026-10-07T11:04:09Z INFO [282/500] 50f97e85-a0a6-45b8-b5a9-7190448e5579: 110 chunks; 1.2 s; peak memory 1224 MiB.
2026-10-07T11:04:12Z INFO [283/500] 50f9fd31-3164-41aa-8ba9-dea28a435b1d: 114 chunks; 2.6 s; peak memory 1224 MiB.
2026-10-07T11:04:15Z INFO [284/500] 50fa6ae2-0f82-486b-ad1e-bf178dcad56f: 283 chunks; 3.6 s; peak memory 1224 MiB.
2026-10-07T11:04:16Z INFO [285/500] 50fb2693-3acc-46b5-89fc-27746cf23128: 48 chunks; 0.8 s; peak memory 1224 MiB.
2026-10-07T11:04:17Z INFO [286/500] 50fcebdb-8ad3-40d2-bc04-039726e46ff5: 48 chunks; 1.0 s; peak memory 1224 MiB.
2026-10-07T11:06:54Z INFO [287/500] 50fd074c-697e-433c-b3ff-b65806e45366: 41176 chunks; 157.0 s; peak memory 1224 MiB.
2026-10-07T11:07:00Z INFO [288/500] 50fec161-6519-49ad-9be0-24d9cc7cbbd1: 10548 chunks; 5.5 s; peak memory 1224 MiB.
2026-10-07T11:07:01Z INFO [289/500] 50ff2c77-7a78-4845-aa14-d7bfcc025236: 48 chunks; 1.1 s; peak memory 1224 MiB.
2026-10-07T11:07:02Z INFO [290/500] 50ffc011-387a-4955-bd85-6dbc5f690327: 121 chunks; 0.8 s; peak memory 1224 MiB.
2026-10-07T11:07:03Z INFO [291/500] 51004fcc-fdcc-4dc7-abfa-2379e4bb7725: 117 chunks; 1.2 s; peak memory 1224 MiB.
2026-10-07T11:07:13Z INFO [292/500] 5100b1e8-e0d7-4b24-8568-a3f916d5bfda: 19480 chunks; 10.1 s; peak memory 1224 MiB.
2026-10-07T11:07:14Z INFO [293/500] 5100febd-ede5-437f-97de-ec4f94b0c820: 116 chunks; 1.1 s; peak memory 1224 MiB.
2026-10-07T11:07:16Z INFO [294/500] 5101fc57-9cba-4485-bcec-d238c56d7e40: 62 chunks; 1.6 s; peak memory 1224 MiB.
2026-10-07T11:07:31Z INFO [295/500] 51028809-15b0-4a6a-aae3-e0a6b2284beb: 2199 chunks; 15.4 s; peak memory 1224 MiB.
2026-10-07T11:07:32Z INFO [296/500] 51029263-a348-40f6-b073-9646f4016f07: 48 chunks; 0.9 s; peak memory 1224 MiB.
2026-10-07T11:07:33Z INFO [297/500] 51029b02-190f-4397-a24c-5eabfbfbb041: 71 chunks; 1.7 s; peak memory 1224 MiB.
2026-10-07T11:07:35Z INFO [298/500] 5102c8d8-681e-489a-92ea-2465ddb5223e: 112 chunks; 1.2 s; peak memory 1224 MiB.
2026-10-07T11:07:41Z INFO [299/500] 51035090-9ad8-4f82-bdf8-6081701c6c6c: 14633 chunks; 6.3 s; peak memory 1224 MiB.
2026-10-07T11:12:20Z INFO [300/500] 51035225-b986-48b6-8237-572e3ed30a6b: 75385 chunks; 278.5 s; peak memory 1224 MiB.
2026-10-07T11:12:20Z INFO [300/500] 51035225-b986-48b6-8237-572e3ed30a6b: checkpointed 86134 records.
2026-10-07T11:12:21Z INFO [301/500] 5103686f-3b09-4408-811a-416e99aaf328: 48 chunks; 1.1 s; peak memory 1224 MiB.
2026-10-07T11:12:22Z INFO [302/500] 5103bc71-b3b9-4d31-acda-a4faaf5eec83: 84 chunks; 1.2 s; peak memory 1224 MiB.
2026-10-07T11:12:23Z INFO [303/500] 5104794e-8df2-406a-865a-56746363b736: 49 chunks; 1.1 s; peak memory 1224 MiB.
2026-10-07T11:12:26Z INFO [304/500] 51048630-af9a-4366-9120-a2221ffbab9d: 287 chunks; 2.5 s; peak memory 1224 MiB.
2026-10-07T11:12:27Z INFO [305/500] 5104f1b5-990e-4b2d-a226-ddae3eefb54b: 118 chunks; 1.0 s; peak memory 1224 MiB.
2026-10-07T11:12:30Z INFO [306/500] 5105af62-3473-4038-a3fe-c14d5b50bfd1: 9766 chunks; 3.8 s; peak memory 1224 MiB.
2026-10-07T11:14:53Z INFO [307/500] 5105c4bd-4f9e-4284-9498-ab2b289a2697: 61607 chunks; 142.8 s; peak memory 1224 MiB.
2026-10-07T11:14:54Z INFO [308/500] 5105c6b4-5a12-4d47-a911-bc3ace927a7a: 46 chunks; 1.0 s; peak memory 1224 MiB.
2026-10-07T11:14:56Z INFO [309/500] 51068ec6-e720-4c90-a8a6-051d48240487: 48 chunks; 1.3 s; peak memory 1224 MiB.
2026-10-07T11:14:56Z INFO [310/500] 510881b0-8d8d-4a81-a6f5-b09741eba62b: 41 chunks; 0.9 s; peak memory 1224 MiB.
2026-10-07T11:14:57Z INFO [311/500] 5108f836-6b85-43a0-8c87-b8a79b4625b7: 48 chunks; 1.0 s; peak memory 1224 MiB.
2026-10-07T11:14:58Z INFO [312/500] 510914cb-369f-49a4-b50d-c8f71dd1fd2a: 48 chunks; 1.0 s; peak memory 1224 MiB.
2026-10-07T11:14:59Z INFO [313/500] 5109b386-f1d3-4d75-a784-62470fb44f9c: 116 chunks; 1.0 s; peak memory 1224 MiB.
2026-10-07T11:15:00Z INFO [314/500] 5109d918-0ce9-4557-92e1-b016d720ec01: 41 chunks; 1.0 s; peak memory 1224 MiB.
2026-10-07T11:15:12Z INFO [315/500] 510a4bae-8bd2-40f8-a58e-d377899c404b: 27547 chunks; 11.9 s; peak memory 1224 MiB.
2026-10-07T11:15:13Z INFO [316/500] 510ac80e-dfa7-4779-8a97-bfa2b475a813: 275 chunks; 1.1 s; peak memory 1224 MiB.
2026-10-07T11:15:14Z INFO [317/500] 510c41de-70bf-4e4a-9424-1a0da164a05f: 48 chunks; 1.0 s; peak memory 1224 MiB.
2026-10-07T11:15:15Z INFO [318/500] 510cc25c-2661-4718-b700-2f408462e63a: 52 chunks; 0.9 s; peak memory 1224 MiB.
2026-10-07T11:15:16Z INFO [319/500] 510ddfce-a4da-4126-a217-496e0e759c41: 48 chunks; 1.0 s; peak memory 1224 MiB.
2026-10-07T11:15:17Z INFO [320/500] 510ebd61-9497-440e-88dc-6c03c042fd5e: 117 chunks; 1.0 s; peak memory 1224 MiB.
2026-10-07T11:15:18Z INFO [321/500] 510ec8e0-a30c-47fe-815c-8cf882d1dbcc: 116 chunks; 0.9 s; peak memory 1224 MiB.
2026-10-07T11:15:20Z INFO [322/500] 510f28d1-8213-4a12-8ca0-bbb7628c9f23: 937 chunks; 1.4 s; peak memory 1224 MiB.
2026-10-07T11:15:21Z INFO [323/500] 510fce3a-806c-451e-a6e2-fe87ae68af06: 69 chunks; 1.3 s; peak memory 1224 MiB.
2026-10-07T13:14:33Z INFO [324/500] 510fd5b7-1ade-4c70-8dde-b78df5f7bdbe: 1081637 chunks; 7152.1 s; peak memory 1224 MiB.
2026-10-07T13:14:36Z INFO [325/500] 510fe2e0-9e2c-4043-88ff-686497047fc0: 634 chunks; 3.2 s; peak memory 1224 MiB.
2026-10-07T13:14:39Z INFO [326/500] 510ff601-e455-4d7a-8f9f-b1701fcb7cad: 114 chunks; 2.5 s; peak memory 1224 MiB.
2026-10-07T13:14:47Z INFO [327/500] 5110bdee-7488-4a05-b073-ad848f6e3956: 16478 chunks; 8.0 s; peak memory 1224 MiB.
2026-10-07T13:14:48Z INFO [328/500] 511118ab-a4f4-457a-913a-49446138e8df: 66 chunks; 1.3 s; peak memory 1224 MiB.
2026-10-07T13:14:50Z INFO [329/500] 5112985f-785d-4829-87f7-bd0722c9bfc7: 71 chunks; 1.7 s; peak memory 1224 MiB.
2026-10-07T13:14:50Z INFO [330/500] 51137754-a2c1-4fdf-9561-708c1a8ed5d5: 55 chunks; 0.6 s; peak memory 1224 MiB.
2026-10-07T13:14:52Z INFO [331/500] 51148722-2ac2-4b44-a0c9-cee74668c293: 168 chunks; 1.6 s; peak memory 1224 MiB.
2026-10-07T13:14:53Z INFO [332/500] 5114eea8-b98e-40a2-a936-b4cf901856be: 46 chunks; 1.4 s; peak memory 1224 MiB.
2026-10-07T13:15:01Z INFO [333/500] 51152e0b-bb99-432c-b3ad-fe905fa0526c: 4151 chunks; 7.4 s; peak memory 1224 MiB.
2026-10-07T13:15:02Z INFO [334/500] 51154d8e-f058-4d02-95af-60805f671aa3: 66 chunks; 1.5 s; peak memory 1224 MiB.
2026-10-07T13:15:03Z INFO [335/500] 5115b675-668f-4c21-90e5-68304bad37c8: 118 chunks; 1.1 s; peak memory 1224 MiB.
2026-10-07T13:15:12Z INFO [336/500] 5116c483-788e-44f8-9180-7ecd046b99ad: 399 chunks; 8.4 s; peak memory 1224 MiB.
2026-10-07T13:15:17Z INFO [337/500] 51172cf1-f73b-4c5a-b6d7-c09089cca5eb: 270 chunks; 4.9 s; peak memory 1224 MiB.
2026-10-07T13:15:18Z INFO [338/500] 5117e0e4-45e2-4fff-8c28-3c5bc77a24b9: 118 chunks; 1.0 s; peak memory 1224 MiB.
2026-10-07T13:15:19Z INFO [339/500] 511833bc-805d-4355-bd6c-fba00907509b: 112 chunks; 1.2 s; peak memory 1224 MiB.
2026-10-07T13:15:21Z INFO [340/500] 511a18f5-e197-44b2-8db6-1deb17955b5c: 118 chunks; 1.7 s; peak memory 1224 MiB.
2026-10-07T13:15:22Z INFO [341/500] 511a8f22-102b-4109-b9b5-2da5b1fc0aaf: 48 chunks; 1.0 s; peak memory 1224 MiB.
2026-10-07T13:15:23Z INFO [342/500] 511aa2cf-8a94-41d7-a57f-741e0279e235: 66 chunks; 1.6 s; peak memory 1224 MiB.
2026-10-07T13:15:26Z INFO [343/500] 511bb2bf-859e-4178-9e5d-de8e619d54be: 115 chunks; 2.7 s; peak memory 1224 MiB.
2026-10-07T13:15:28Z INFO [344/500] 511c051a-1ea4-4681-b82b-1eb89cf01e48: 119 chunks; 2.0 s; peak memory 1224 MiB.
2026-10-07T13:15:30Z INFO [345/500] 511c2c41-044a-4e86-b981-d9394b32df6b: 119 chunks; 2.2 s; peak memory 1224 MiB.
2026-10-07T13:15:31Z INFO [346/500] 511ce2b0-7f0e-4a88-9584-29522f76f925: 48 chunks; 1.0 s; peak memory 1224 MiB.
2026-10-07T13:15:33Z INFO [347/500] 511cf37d-45f4-497b-aa64-253d0b7c141b: 139 chunks; 2.1 s; peak memory 1224 MiB.
2026-10-07T13:15:35Z INFO [348/500] 511d3fc1-eef6-4a13-8926-40828e950cc2: 71 chunks; 1.5 s; peak memory 1224 MiB.
2026-10-07T13:15:40Z INFO [349/500] 511d485e-b761-4344-b817-d943aa4b81d7: 20779 chunks; 5.4 s; peak memory 1224 MiB.
2026-10-07T13:15:41Z INFO [350/500] 511e2ad7-ca6f-44da-b256-08367c61161c: 48 chunks; 1.2 s; peak memory 1224 MiB.
2026-10-07T13:15:41Z INFO [350/500] 511e2ad7-ca6f-44da-b256-08367c61161c: checkpointed 86184 records.
2026-10-07T13:15:50Z INFO [351/500] 511e3036-f80b-4c1e-86a0-47cbcc5bc36f: 25492 chunks; 9.1 s; peak memory 1224 MiB.
2026-10-07T13:15:51Z INFO [352/500] 511f120b-be9a-446c-93ac-51635c460e5b: 116 chunks; 1.0 s; peak memory 1224 MiB.
2026-10-07T13:15:54Z INFO [353/500] 511f401d-c43e-4a69-a7fd-6b0f7c95842f: 1183 chunks; 2.2 s; peak memory 1224 MiB.
2026-10-07T13:15:54Z INFO [354/500] 511f47b0-cdb3-4d0d-9b6f-22537889f83a: 57 chunks; 0.9 s; peak memory 1224 MiB.
2026-10-07T13:15:56Z INFO [355/500] 511fdcdc-4803-4921-a628-bb920a5d7412: 937 chunks; 1.8 s; peak memory 1224 MiB.
2026-10-07T13:15:59Z INFO [356/500] 512007c4-3f10-40a5-aae0-2ceb4e65b46c: 154 chunks; 3.1 s; peak memory 1224 MiB.
2026-10-07T13:16:00Z INFO [357/500] 5120e3a2-d035-463f-be07-6aeca085bb71: 84 chunks; 1.0 s; peak memory 1224 MiB.
2026-10-07T13:16:01Z INFO [358/500] 5121b35b-93b8-4b4d-b4bc-88deaa411a38: 117 chunks; 1.1 s; peak memory 1224 MiB.
2026-10-07T13:16:02Z INFO [359/500] 5122a2f9-ea9c-474e-9a09-02987f2f1747: 52 chunks; 0.8 s; peak memory 1224 MiB.
2026-10-07T13:17:57Z INFO [360/500] 5122f8a8-bcc3-4304-9447-9ce6418da50c: 44085 chunks; 115.3 s; peak memory 1224 MiB.
2026-10-07T13:17:59Z INFO [361/500] 512354db-cff3-4c16-811c-d0c4cfb89355: 69 chunks; 1.4 s; peak memory 1224 MiB.
2026-10-07T13:18:00Z INFO [362/500] 51238c74-3c93-499b-8904-93b9dd9e9180: 48 chunks; 0.9 s; peak memory 1224 MiB.
2026-10-07T13:18:01Z INFO [363/500] 51255569-2b7a-4e0d-bf77-80ec39893c99: 112 chunks; 1.2 s; peak memory 1224 MiB.
2026-10-07T13:18:02Z INFO [364/500] 5125b776-694f-4a6e-b641-0b136b0ad5c0: 101 chunks; 1.1 s; peak memory 1224 MiB.
2026-10-07T13:18:03Z INFO [365/500] 5125f0d2-565e-498e-9c6f-2736c9627f6e: 48 chunks; 0.8 s; peak memory 1224 MiB.
2026-10-07T13:18:04Z INFO [366/500] 512721ce-eb4d-42bf-b9b1-51748cdf3fbf: 117 chunks; 1.0 s; peak memory 1224 MiB.
2026-10-07T13:18:05Z INFO [367/500] 5127dcc8-e846-480a-a83a-5c05647d2be3: 117 chunks; 0.8 s; peak memory 1224 MiB.
2026-10-07T13:18:06Z INFO [368/500] 51285aed-590d-4f5e-835c-9eb297e4c997: 48 chunks; 1.0 s; peak memory 1224 MiB.
2026-10-07T13:18:07Z INFO [369/500] 5128abe0-9cd6-4a4a-947e-e3b0196e196f: 118 chunks; 0.9 s; peak memory 1224 MiB.
2026-10-07T13:18:08Z INFO [370/500] 5129ebe6-1c83-4ea9-8538-c593d6d8b847: 62 chunks; 1.5 s; peak memory 1224 MiB.
2026-10-07T13:18:09Z INFO [371/500] 512a8c5f-d9d0-4883-930f-a91fe15ea1dc: 117 chunks; 0.9 s; peak memory 1224 MiB.
2026-10-07T13:18:10Z INFO [372/500] 512c109e-923c-4c20-ac84-9f760965dda8: 51 chunks; 0.7 s; peak memory 1224 MiB.
2026-10-07T13:18:11Z INFO [373/500] 512c4100-3783-42ce-b393-46249e8699e4: 122 chunks; 0.8 s; peak memory 1224 MiB.
2026-10-07T13:18:11Z INFO [374/500] 512c668f-855f-457c-a88e-ee190cf45a51: 46 chunks; 0.7 s; peak memory 1224 MiB.
2026-10-07T13:18:12Z INFO [375/500] 512c7876-f78e-49e5-8dbe-7ff6d69160fb: 46 chunks; 0.9 s; peak memory 1224 MiB.
2026-10-07T13:18:13Z INFO [376/500] 512c7886-88dc-46d4-bca7-c79de4cc4d2a: 105 chunks; 1.2 s; peak memory 1224 MiB.
2026-10-07T13:18:14Z INFO [377/500] 512c85d2-1430-4bac-9cd3-d7ef2fe87bcd: 48 chunks; 0.9 s; peak memory 1224 MiB.
2026-10-07T13:18:15Z INFO [378/500] 512d8f29-94b5-4480-9e4b-b46762668bef: 119 chunks; 1.0 s; peak memory 1224 MiB.
2026-10-07T13:18:16Z INFO [379/500] 512e2eca-a9ae-4764-ae57-0fd83066fc2e: 46 chunks; 0.6 s; peak memory 1224 MiB.
2026-10-07T13:18:17Z INFO [380/500] 51305752-3c5f-4ceb-b480-d25d1cee545a: 49 chunks; 1.0 s; peak memory 1224 MiB.
2026-10-07T13:18:18Z INFO [381/500] 5130d9cf-f843-4167-80a8-183e6930b3af: 48 chunks; 1.0 s; peak memory 1224 MiB.
2026-10-07T13:18:19Z INFO [382/500] 5130e199-bf8c-49e3-9bac-41b61f395070: 77 chunks; 1.3 s; peak memory 1224 MiB.
2026-10-07T13:18:20Z INFO [383/500] 5131010c-3d2c-4d7b-a383-8b68734fc66c: 48 chunks; 0.9 s; peak memory 1224 MiB.
2026-10-07T13:18:21Z INFO [384/500] 5131dd94-e52f-4139-8740-03fc9518c992: 62 chunks; 1.5 s; peak memory 1224 MiB.
2026-10-07T13:18:22Z INFO [385/500] 5132129f-43a6-4527-8b25-29a91cf629a3: 46 chunks; 0.6 s; peak memory 1224 MiB.
2026-10-07T13:18:23Z INFO [386/500] 5132d946-53d4-4676-a9fc-0f82fa7ef277: 112 chunks; 1.2 s; peak memory 1224 MiB.
2026-10-07T13:18:24Z INFO [387/500] 513337ac-2196-4eb7-8e38-9d087497649f: 118 chunks; 0.9 s; peak memory 1224 MiB.
2026-10-07T13:18:25Z INFO [388/500] 51340eda-ce5f-4f1a-acfe-f12d19e200f1: 48 chunks; 1.0 s; peak memory 1224 MiB.
2026-10-07T13:18:26Z INFO [389/500] 5134736a-39a9-4c66-8136-9b620361840e: 117 chunks; 1.2 s; peak memory 1224 MiB.
2026-10-07T13:18:35Z INFO [390/500] 5135f035-31b3-40f7-ae7b-ccfd0d976770: 16478 chunks; 9.1 s; peak memory 1224 MiB.
2026-10-07T13:18:37Z INFO [391/500] 51374887-e16b-4b3e-a987-68e0a896c7d1: 123 chunks; 1.7 s; peak memory 1224 MiB.
2026-10-07T13:18:39Z INFO [392/500] 51388b7d-969c-43d2-978b-21ff8b496d3d: 133 chunks; 1.6 s; peak memory 1224 MiB.
2026-10-07T13:18:56Z INFO [393/500] 51390b38-ea0e-42b9-931d-b6831e2bca53: 363 chunks; 17.5 s; peak memory 1224 MiB.
2026-10-07T13:18:57Z INFO [394/500] 513921c5-b2e6-4b96-9560-9e1cc7339541: 52 chunks; 1.0 s; peak memory 1224 MiB.
2026-10-07T13:18:58Z INFO [395/500] 513a65f9-34fa-48ac-83a3-384824e2221b: 118 chunks; 1.0 s; peak memory 1224 MiB.
2026-10-07T13:20:31Z INFO [396/500] 513a80ec-5fa9-4859-9fac-9fc5959b5202: 15412 chunks; 92.4 s; peak memory 1224 MiB.
2026-10-07T13:20:32Z INFO [397/500] 513a954d-1f48-429a-bf00-a3438e9b578e: 97 chunks; 1.1 s; peak memory 1224 MiB.
2026-10-07T13:20:33Z INFO [398/500] 513ade33-d5c5-408d-b232-2ce72ca2b428: 48 chunks; 0.9 s; peak memory 1224 MiB.
2026-10-07T13:20:35Z INFO [399/500] 513bd53e-4a34-46a3-b040-1c5e21da1350: 820 chunks; 2.9 s; peak memory 1224 MiB.
2026-10-07T13:20:38Z INFO [400/500] 513be939-7ef4-4471-9042-3c3f95cbc7bf: 115 chunks; 2.3 s; peak memory 1224 MiB.
2026-10-07T13:20:38Z INFO [400/500] 513be939-7ef4-4471-9042-3c3f95cbc7bf: checkpointed 86234 records.
2026-10-07T13:20:39Z INFO [401/500] 513d5fd5-860b-40e5-a27d-c0856bb14d07: 61 chunks; 1.1 s; peak memory 1224 MiB.
2026-10-07T13:20:40Z INFO [402/500] 513e78ba-ab0f-4950-bbf5-755a27438156: 69 chunks; 0.9 s; peak memory 1224 MiB.
2026-10-07T13:20:41Z INFO [403/500] 513e7b91-a16b-4de2-96e7-43ad31a7ddc5: 105 chunks; 1.4 s; peak memory 1224 MiB.
2026-10-07T13:20:43Z INFO [404/500] 513e80ee-0fd8-44cb-b753-b24de94a0248: 52 chunks; 1.1 s; peak memory 1224 MiB.
2026-10-07T13:20:44Z INFO [405/500] 513eaed5-314c-4c8f-99fd-09fda4c32d84: 118 chunks; 1.1 s; peak memory 1224 MiB.
2026-10-07T13:20:44Z INFO [406/500] 513f4403-fc25-41e1-8fe8-14dad496be4f: 48 chunks; 0.9 s; peak memory 1224 MiB.
2026-10-07T13:20:45Z INFO [407/500] 513f50d0-c6ea-4d99-b118-2b26b58fac14: 114 chunks; 0.8 s; peak memory 1224 MiB.
2026-10-07T13:20:48Z INFO [408/500] 513f6332-1453-4147-abb5-43eaaa38d2fc: 114 chunks; 2.8 s; peak memory 1224 MiB.
2026-10-07T13:20:49Z INFO [409/500] 513f7d94-7729-45d9-bb1d-835c745747cd: 48 chunks; 0.9 s; peak memory 1224 MiB.
2026-10-07T13:21:03Z INFO [410/500] 51400f2a-ecb8-434a-9fd4-b9adbc8b9e1d: 284 chunks; 14.4 s; peak memory 1224 MiB.
2026-10-07T13:21:05Z INFO [411/500] 5140d7fd-5185-4c12-b545-8c87b2e53063: 62 chunks; 1.3 s; peak memory 1224 MiB.
2026-10-07T13:21:06Z INFO [412/500] 51410808-96ec-4e08-a4d1-1c538e3da356: 70 chunks; 1.4 s; peak memory 1224 MiB.
2026-10-07T13:21:07Z INFO [413/500] 5141ff0a-641d-40cb-bb2e-1db3ad973218: 110 chunks; 1.1 s; peak memory 1224 MiB.
2026-10-07T13:21:08Z INFO [414/500] 514219a6-9b7e-408e-a1f8-ddee0f0e6dba: 48 chunks; 0.9 s; peak memory 1224 MiB.
2026-10-07T13:21:09Z INFO [415/500] 5142870d-39c5-4dc8-b93a-dbca20d0bcec: 112 chunks; 1.0 s; peak memory 1224 MiB.
2026-10-07T13:21:10Z INFO [416/500] 51430e9c-3c05-44d9-bd3d-1070f5fae233: 116 chunks; 0.9 s; peak memory 1224 MiB.
2026-10-07T13:21:12Z INFO [417/500] 51436b99-41e4-4416-bdd2-9bd8a63101cc: 933 chunks; 1.8 s; peak memory 1224 MiB.
2026-10-07T13:21:13Z INFO [418/500] 5143a960-0609-4cfa-b09c-fd3fe8b7b71e: 58 chunks; 0.8 s; peak memory 1224 MiB.
2026-10-07T13:21:25Z INFO [419/500] 5144821b-078c-4172-a2b2-323761e7045d: 4932 chunks; 12.1 s; peak memory 1224 MiB.
2026-10-07T13:21:26Z INFO [420/500] 5144e822-2b88-4396-bf64-86f03b061cf1: 48 chunks; 1.0 s; peak memory 1224 MiB.
2026-10-07T13:21:27Z INFO [421/500] 5145152c-3e45-415e-9a0a-50e8250b924e: 48 chunks; 1.0 s; peak memory 1224 MiB.
2026-10-07T13:21:27Z INFO [422/500] 51456890-528a-401a-bea1-d443a1e6afb5: 57 chunks; 0.7 s; peak memory 1224 MiB.
2026-10-07T13:21:28Z INFO [423/500] 5145aa59-8b4d-401a-b783-d9e69d50e896: 77 chunks; 1.0 s; peak memory 1224 MiB.
2026-10-07T13:21:30Z INFO [424/500] 514733b3-4789-445e-a8d4-a8ce75bec40a: 71 chunks; 1.2 s; peak memory 1224 MiB.
2026-10-07T13:21:30Z INFO [425/500] 5148868a-36d1-4936-8330-9f2c174aa620: 48 chunks; 0.9 s; peak memory 1224 MiB.
2026-10-07T13:21:31Z INFO [426/500] 514a3531-ea95-4022-9ad4-2f1f9498bd8a: 56 chunks; 0.7 s; peak memory 1224 MiB.
2026-10-07T13:21:32Z INFO [427/500] 514acfdd-11f4-48ed-a09d-006e9f4e8188: 48 chunks; 0.8 s; peak memory 1224 MiB.
2026-10-07T13:21:40Z INFO [428/500] 514af535-0e09-419b-adbd-bd8f833e3b70: 11650 chunks; 7.6 s; peak memory 1224 MiB.
2026-10-07T13:21:41Z INFO [429/500] 514c5050-9009-45c4-bc79-5dcb9bc1e731: 48 chunks; 0.9 s; peak memory 1224 MiB.
2026-10-07T13:21:42Z INFO [430/500] 514c9338-8166-4b2b-9ff5-d05725cd8365: 153 chunks; 1.1 s; peak memory 1224 MiB.
2026-10-07T13:22:10Z INFO [431/500] 514d4a19-aee4-4a4e-9e16-f82bef07c99f: 6140 chunks; 28.4 s; peak memory 1224 MiB.
2026-10-07T13:22:54Z INFO [432/500] 514dc62d-c73f-427a-a572-58fe670e1977: 21810 chunks; 43.8 s; peak memory 1224 MiB.
2026-10-07T13:22:55Z INFO [433/500] 514efccd-7bfd-4161-a074-3d6cf2e39adc: 112 chunks; 1.3 s; peak memory 1224 MiB.
2026-10-07T13:22:56Z INFO [434/500] 514f8fa1-6f22-42e0-bc3d-6f3de1b8ac15: 48 chunks; 0.7 s; peak memory 1224 MiB.
2026-10-07T13:22:57Z INFO [435/500] 51506f63-cd85-4556-a18b-3b3ce5e89478: 117 chunks; 1.1 s; peak memory 1224 MiB.
2026-10-07T13:23:03Z INFO [436/500] 51508ee5-c489-429b-ac1a-e0abbb1145c0: 19292 chunks; 6.2 s; peak memory 1224 MiB.
2026-10-07T13:23:05Z INFO [437/500] 5150c93d-9098-4fdb-b52a-654bd61fea9d: 118 chunks; 1.2 s; peak memory 1224 MiB.
2026-10-07T13:23:15Z INFO [438/500] 515199dd-6793-451c-918f-ce0ee03fdc00: 14586 chunks; 10.0 s; peak memory 1224 MiB.
2026-10-07T13:23:16Z INFO [439/500] 5151c3a9-c454-427f-8804-6e5b9961c2f9: 51 chunks; 1.0 s; peak memory 1224 MiB.
2026-10-07T13:23:17Z INFO [440/500] 5153091d-86b3-470d-a1c6-55152687d84d: 70 chunks; 1.4 s; peak memory 1224 MiB.
2026-10-07T13:23:18Z INFO [441/500] 51537d66-a28d-4d38-b2fd-02e04317d592: 117 chunks; 0.9 s; peak memory 1224 MiB.
2026-10-07T13:23:20Z INFO [442/500] 515422e2-8692-47ad-8058-bdea3b77ba18: 156 chunks; 2.3 s; peak memory 1224 MiB.
2026-10-07T13:23:21Z INFO [443/500] 51543277-1458-4700-ae5a-b9061218b3fc: 48 chunks; 1.0 s; peak memory 1224 MiB.
2026-10-07T13:23:22Z INFO [444/500] 5154e70a-2f8c-4b1c-92f5-e4e108681d36: 46 chunks; 0.7 s; peak memory 1224 MiB.
2026-10-07T13:23:23Z INFO [445/500] 51558b1a-8a1b-4953-a0d4-05bd7d4ee590: 48 chunks; 0.9 s; peak memory 1224 MiB.
2026-10-07T13:23:24Z INFO [446/500] 51563416-2b19-472a-83ee-d0d15d46f403: 66 chunks; 1.2 s; peak memory 1224 MiB.
2026-10-07T13:23:25Z INFO [447/500] 51568ab1-6c1b-4208-8ee7-86e4e14517d6: 48 chunks; 1.0 s; peak memory 1224 MiB.
2026-10-07T13:23:26Z INFO [448/500] 5156a22b-99f7-4b9c-94d3-59a94a70322b: 46 chunks; 0.7 s; peak memory 1224 MiB.
2026-10-07T13:23:27Z INFO [449/500] 51574441-a323-4681-9de9-3604832f19b0: 48 chunks; 0.9 s; peak memory 1224 MiB.
2026-10-07T13:23:34Z INFO [450/500] 5157d36a-da7a-4722-bde8-bac0dc80352b: 10015 chunks; 7.3 s; peak memory 1224 MiB.
2026-10-07T13:23:34Z INFO [450/500] 5157d36a-da7a-4722-bde8-bac0dc80352b: checkpointed 86284 records.
2026-10-07T13:23:35Z INFO [451/500] 5158f50e-209c-4ea5-8e42-3bd6b9a270f5: 118 chunks; 1.0 s; peak memory 1224 MiB.
2026-10-07T13:23:38Z INFO [452/500] 5159549c-1faf-48ff-8f52-ead11b65c994: 156 chunks; 2.9 s; peak memory 1224 MiB.
2026-10-07T13:23:43Z INFO [453/500] 51598373-a64c-4329-b178-adcfb38b4824: 193 chunks; 5.3 s; peak memory 1224 MiB.
2026-10-07T13:23:50Z INFO [454/500] 5159afc7-a4ca-4d80-a55a-b92b42698141: 11550 chunks; 6.6 s; peak memory 1224 MiB.
2026-10-07T13:23:51Z INFO [455/500] 515a4684-c0ea-4774-8710-85f0d2b64df0: 112 chunks; 1.2 s; peak memory 1224 MiB.
2026-10-07T13:23:52Z INFO [456/500] 515ad2b4-edb7-4f34-bcb5-5ec249ba5e0a: 52 chunks; 1.0 s; peak memory 1224 MiB.
2026-10-07T13:23:53Z INFO [457/500] 515be986-ec2a-408b-a06f-96498321b339: 57 chunks; 0.7 s; peak memory 1224 MiB.
2026-10-07T13:23:54Z INFO [458/500] 515c598b-b2e3-44ce-913f-7ac4651433d9: 46 chunks; 1.0 s; peak memory 1224 MiB.
2026-10-07T13:23:55Z INFO [459/500] 515c6dca-beaf-4c8d-ab57-29a2f77f7f7d: 117 chunks; 1.0 s; peak memory 1224 MiB.
2026-10-07T13:23:57Z INFO [460/500] 515c7151-e087-44b5-b2e4-79051fd33dd1: 156 chunks; 2.5 s; peak memory 1224 MiB.
2026-10-07T13:23:58Z INFO [461/500] 515c80bd-f2e9-4b0c-9def-005183d83ef4: 118 chunks; 1.0 s; peak memory 1224 MiB.
2026-10-07T13:24:06Z INFO [462/500] 515e3854-7fde-4eaf-a31c-9562394c1469: 11934 chunks; 8.0 s; peak memory 1224 MiB.
2026-10-07T13:24:16Z INFO [463/500] 515e534f-6e1e-43fa-9408-5ece4d152727: 17754 chunks; 9.7 s; peak memory 1224 MiB.
2026-10-07T13:24:17Z INFO [464/500] 515e7d4e-b82d-4821-aea1-bf8ed956d11a: 48 chunks; 1.0 s; peak memory 1224 MiB.
2026-10-07T13:24:18Z INFO [465/500] 515fe73c-086d-4531-b37f-63f78a462098: 118 chunks; 1.0 s; peak memory 1224 MiB.
2026-10-07T13:24:19Z INFO [466/500] 51607e7b-bb3a-4248-a937-312c97217220: 118 chunks; 1.1 s; peak memory 1224 MiB.
2026-10-07T13:24:20Z INFO [467/500] 51608bb7-1eba-4bcb-af71-552288defec4: 48 chunks; 1.1 s; peak memory 1224 MiB.
2026-10-07T13:24:22Z INFO [468/500] 5160bc60-3947-467b-802f-f46fa96630d4: 105 chunks; 1.5 s; peak memory 1224 MiB.
2026-10-07T13:24:24Z INFO [469/500] 5161c515-55a6-47ff-8a22-f4da9768a49e: 156 chunks; 2.8 s; peak memory 1224 MiB.
2026-10-07T13:24:25Z INFO [470/500] 5161d989-14a5-41c7-994a-f508739fc829: 48 chunks; 0.9 s; peak memory 1224 MiB.
2026-10-07T13:24:52Z INFO [471/500] 51620fcd-09b9-4b5f-ae0e-2f7848aad851: 12329 chunks; 27.2 s; peak memory 1224 MiB.
2026-10-07T13:24:53Z INFO [472/500] 5162a1b5-a259-4ddb-8ac9-e9e6368af38f: 57 chunks; 0.8 s; peak memory 1224 MiB.
2026-10-07T13:24:54Z INFO [473/500] 5162c483-f9c9-49c4-ace9-3d2c427d11e7: 117 chunks; 1.2 s; peak memory 1224 MiB.
2026-10-07T13:24:56Z INFO [474/500] 51633cf0-d26e-487e-9b35-b7750ca68a5c: 52 chunks; 1.2 s; peak memory 1224 MiB.
2026-10-07T13:24:56Z INFO [475/500] 5164760d-06fe-45f6-bca7-edb1c18c924b: 48 chunks; 0.8 s; peak memory 1224 MiB.
2026-10-07T13:24:58Z INFO [476/500] 5164e44b-3a5e-4125-b766-854c77906f07: 70 chunks; 1.9 s; peak memory 1224 MiB.
2026-10-07T13:24:59Z INFO [477/500] 5165f244-18ca-4a83-beb6-8bbd35c44941: 117 chunks; 0.9 s; peak memory 1224 MiB.
2026-10-07T13:25:00Z INFO [478/500] 5165f5cd-33b1-4dc6-ab8b-943941fd5a10: 117 chunks; 1.0 s; peak memory 1224 MiB.
2026-10-07T13:25:03Z INFO [479/500] 5166e5e9-1d6a-492d-aff6-d71a2255ee2a: 2985 chunks; 2.9 s; peak memory 1224 MiB.
2026-10-07T13:25:04Z INFO [480/500] 5166f6a2-f804-468c-9662-9d7f18ad7c2f: 42 chunks; 0.8 s; peak memory 1224 MiB.
2026-10-07T13:25:05Z INFO [481/500] 51674e98-bded-4b45-8dc2-1da1f339aa78: 77 chunks; 1.1 s; peak memory 1224 MiB.
2026-10-07T13:25:07Z INFO [482/500] 51679bf9-3904-4ead-9cfb-9dcd195b9c75: 115 chunks; 2.5 s; peak memory 1224 MiB.
2026-10-07T13:25:11Z INFO [483/500] 5167eed1-5fdd-4474-9828-71f10131d441: 101 chunks; 3.4 s; peak memory 1224 MiB.
2026-10-07T13:25:12Z INFO [484/500] 516a2e3f-e220-49ef-ab03-44d27cbe7085: 106 chunks; 1.5 s; peak memory 1224 MiB.
2026-10-07T13:25:14Z INFO [485/500] 516a77f4-2daf-4cbd-a94f-e341672115c1: 112 chunks; 1.4 s; peak memory 1224 MiB.
2026-10-07T13:25:15Z INFO [486/500] 516b4468-57d4-45f1-91c9-0c6a54aaa50b: 57 chunks; 0.8 s; peak memory 1224 MiB.
2026-10-07T13:25:15Z INFO [487/500] 516b7420-70fe-4a93-8ef3-c096b6c01593: 48 chunks; 0.9 s; peak memory 1224 MiB.
2026-10-07T13:25:17Z INFO [488/500] 516b9d17-582b-4d54-b005-ae3a0e8fac20: 117 chunks; 1.1 s; peak memory 1224 MiB.
2026-10-07T13:25:18Z INFO [489/500] 516c367e-0dd8-4651-95c8-ea7e0e3389cd: 66 chunks; 1.9 s; peak memory 1224 MiB.
2026-10-07T13:25:25Z INFO [490/500] 516c4487-344e-407c-ba97-19b26a50cab9: 339 chunks; 7.0 s; peak memory 1224 MiB.
2026-10-07T13:25:26Z INFO [491/500] 516c5856-84e7-44a9-84b9-df2db3ca1abb: 46 chunks; 1.0 s; peak memory 1224 MiB.
2026-10-07T13:25:27Z INFO [492/500] 516c5a7f-1e05-43bc-87e6-426c13566e81: 46 chunks; 0.4 s; peak memory 1224 MiB.
2026-10-07T13:25:31Z INFO [493/500] 516e0a21-5ba3-427d-ac42-d1e5f46b1d46: 2923 chunks; 3.9 s; peak memory 1224 MiB.
2026-10-07T13:25:32Z INFO [494/500] 516e133b-f61e-43cf-b97d-08f1d50aa55c: 64 chunks; 1.1 s; peak memory 1224 MiB.
2026-10-07T13:25:35Z INFO [495/500] 516e7e76-9f4d-45fd-b48a-57be0a95aab2: 15026 chunks; 3.0 s; peak memory 1224 MiB.
2026-10-07T13:25:37Z INFO [496/500] 516f25d9-ed23-4b59-9ee8-0a841016f080: 75 chunks; 1.5 s; peak memory 1224 MiB.
2026-10-07T13:25:37Z INFO [497/500] 516f680f-6125-4fa8-9984-e96245816b31: 48 chunks; 1.0 s; peak memory 1224 MiB.
2026-10-07T13:25:38Z INFO [498/500] 51713084-0b6f-4780-b495-14f012805976: 57 chunks; 0.8 s; peak memory 1224 MiB.
2026-10-07T13:25:39Z INFO [499/500] 517222e1-a6b9-40a1-a9fb-8a251d40d048: 48 chunks; 0.9 s; peak memory 1224 MiB.
2026-10-07T13:25:40Z INFO [500/500] 51742092-5c81-4dce-968d-45cd47f68d7f: 46 chunks; 0.6 s; peak memory 1224 MiB.
2026-10-07T13:25:40Z INFO [500/500] 51742092-5c81-4dce-968d-45cd47f68d7f: checkpointed 86334 records.
2026-10-07T13:25:40Z INFO Wrote 86334 records to /tmp/derivatives/valid_nwb_file_to_chunk_stats.jsonl (500 new, 0 failed) in 258.2 min (peak memory 1224 MiB).
