2026-10-10T07:48:15Z INFO Logging to /tmp/logs/update_2026-10-10T07-48-15Z.log.
2026-10-10T07:48:15Z INFO Update valid-nwb-file-to-chunk-stats (base directory /tmp).
2026-10-10T07:48:16Z INFO Processing 500 items (103834 already recorded).
2026-10-10T07:48:17Z INFO [1/500] 75e3f5dc-084d-42cb-ae9f-138b94621ba4: 49 chunks; 1.5 s; peak memory 208 MiB.
2026-10-10T07:48:19Z INFO [2/500] 75e466c8-bffc-40ea-a96e-71ae2727791c: 46 chunks; 1.3 s; peak memory 208 MiB.
2026-10-10T07:48:20Z INFO [3/500] 75e49440-4f13-41b3-87fe-c8c9b52cdd98: 53 chunks; 1.2 s; peak memory 209 MiB.
2026-10-10T07:48:30Z INFO [4/500] 75e4a39c-214c-4318-8f50-2a9df4de87a8: 5829 chunks; 10.1 s; peak memory 234 MiB.
2026-10-10T07:48:31Z INFO [5/500] 75e5cd8c-96bf-4d8f-925a-d003179e6a1f: 46 chunks; 1.2 s; peak memory 234 MiB.
2026-10-10T07:48:39Z INFO [6/500] 75e6bde2-df54-4395-8d11-9d8984a7aa0d: 2923 chunks; 7.5 s; peak memory 234 MiB.
2026-10-10T07:48:47Z INFO [7/500] 75e6e9d7-bb46-4a7c-b0c5-8a0b0f71566a: 425 chunks; 8.0 s; peak memory 234 MiB.
2026-10-10T07:48:48Z INFO [8/500] 75e70b6d-b3b9-4635-8e61-6f6d5a16c237: 121 chunks; 1.3 s; peak memory 235 MiB.
2026-10-10T07:48:49Z INFO [9/500] 75e7bca7-b5a9-47d0-9039-569462f2894e: 48 chunks; 1.3 s; peak memory 235 MiB.
2026-10-10T07:48:51Z INFO [10/500] 75e7fe84-f126-471d-939f-5dba0e580dce: 275 chunks; 1.9 s; peak memory 235 MiB.
2026-10-10T07:48:52Z INFO [11/500] 75e899b8-d5ec-493f-9436-c8a960066c71: 48 chunks; 1.2 s; peak memory 235 MiB.
2026-10-10T07:50:14Z INFO [12/500] 75e8aa43-3173-48c0-a57b-89fc2dcbb4d6: 32825 chunks; 82.2 s; peak memory 332 MiB.
2026-10-10T07:50:16Z INFO [13/500] 75e8aba7-f2f9-472a-bbd3-efcbe4580186: 117 chunks; 1.6 s; peak memory 332 MiB.
2026-10-10T07:50:18Z INFO [14/500] 75e93a30-06d1-4377-ac24-e439b70138bf: 123 chunks; 2.3 s; peak memory 332 MiB.
2026-10-10T07:50:20Z INFO [15/500] 75e9c6ae-5ade-4881-9c5a-3fa955f4fce3: 48 chunks; 1.4 s; peak memory 332 MiB.
2026-10-10T07:50:21Z INFO [16/500] 75ea224a-9b35-4950-af0d-ee762895b8d6: 50 chunks; 1.2 s; peak memory 332 MiB.
2026-10-10T07:50:22Z INFO [17/500] 75ea2c12-7784-4f46-9615-56fbb9bbc756: 48 chunks; 1.2 s; peak memory 332 MiB.
2026-10-10T07:50:24Z INFO [18/500] 75ea85ab-5cfc-43de-bb0e-e73ed858f00e: 67 chunks; 1.7 s; peak memory 332 MiB.
2026-10-10T07:50:25Z INFO [19/500] 75eb0859-a169-4c4b-ba3f-07df65392153: 46 chunks; 1.1 s; peak memory 332 MiB.
2026-10-10T07:50:27Z INFO [20/500] 75eb19f1-0fd3-4c3b-b9ae-bedb684c7f7c: 112 chunks; 1.7 s; peak memory 332 MiB.
2026-10-10T07:50:28Z INFO [21/500] 75ec3199-a438-4712-ad86-5ae9e9f117ca: 48 chunks; 1.3 s; peak memory 332 MiB.
2026-10-10T07:50:42Z INFO [22/500] 75ece51f-b09b-4a32-afd5-6025483dcf32: 925 chunks; 13.7 s; peak memory 332 MiB.
2026-10-10T07:50:43Z INFO [23/500] 75ed295f-a7ee-468e-96c5-f246792fdbe3: 48 chunks; 1.2 s; peak memory 332 MiB.
2026-10-10T07:50:44Z INFO [24/500] 75ee2a64-39d3-4574-8507-1cc79ae20641: 46 chunks; 1.1 s; peak memory 332 MiB.
2026-10-10T07:50:52Z INFO [25/500] 75ef7646-bbc1-4662-9cae-de22f2b86bc8: 5346 chunks; 8.1 s; peak memory 332 MiB.
2026-10-10T07:50:55Z INFO [26/500] 75ef9e83-6c29-4c86-8e92-8ec0a5a01293: 1061 chunks; 2.7 s; peak memory 332 MiB.
2026-10-10T07:50:56Z INFO [27/500] 75efc83d-bee4-4400-92d4-e1cbc729f312: 84 chunks; 1.3 s; peak memory 332 MiB.
2026-10-10T07:50:57Z INFO [28/500] 75f08d8f-39ac-4946-afaf-5a17037318e4: 46 chunks; 0.9 s; peak memory 332 MiB.
2026-10-10T07:51:04Z INFO [29/500] 75f36ccd-f7ef-4a47-b6d7-5e431fcbdd54: 5047 chunks; 7.1 s; peak memory 332 MiB.
2026-10-10T07:51:05Z INFO [30/500] 75f37a72-fb2c-4de0-a554-4a7e8463e8a6: 90 chunks; 1.4 s; peak memory 332 MiB.
2026-10-10T07:51:07Z INFO [31/500] 75f4165a-3e64-4e0f-bc6b-361443612990: 117 chunks; 1.4 s; peak memory 332 MiB.
2026-10-10T07:51:08Z INFO [32/500] 75f4ea2d-9ba6-4274-908b-a759be4fe48c: 66 chunks; 1.7 s; peak memory 332 MiB.
2026-10-10T07:51:11Z INFO [33/500] 75f527b2-727e-4150-b2f0-851bf86cc04a: 102 chunks; 2.2 s; peak memory 332 MiB.
2026-10-10T07:51:15Z INFO [34/500] 75f587b1-a2e2-42b2-9d97-1f8c9eae5308: 273 chunks; 4.4 s; peak memory 332 MiB.
2026-10-10T07:51:17Z INFO [35/500] 75f63869-1186-49cd-aa48-fcd96fc2e2cb: 118 chunks; 1.6 s; peak memory 332 MiB.
2026-10-10T07:51:18Z INFO [36/500] 75f68fee-0a97-4bd1-8a6c-b3074699ba9d: 74 chunks; 1.9 s; peak memory 332 MiB.
2026-10-10T07:51:35Z INFO [37/500] 75f73075-3b63-43f1-98af-fa1c450fbc59: 7949 chunks; 16.1 s; peak memory 332 MiB.
2026-10-10T07:51:42Z INFO [38/500] 75f78a2f-778a-470b-98d7-bb20ac122ba7: 193 chunks; 7.3 s; peak memory 332 MiB.
2026-10-10T07:51:43Z INFO [39/500] 75f7cd82-85eb-460c-80e5-ecd2cd25f60b: 117 chunks; 1.4 s; peak memory 332 MiB.
2026-10-10T07:51:44Z INFO [40/500] 75f7e967-1651-4e63-a86c-f52f570d4200: 56 chunks; 1.1 s; peak memory 332 MiB.
2026-10-10T07:51:46Z INFO [41/500] 75f7fca1-e27d-40ae-b88e-02bf70080e78: 76 chunks; 1.5 s; peak memory 332 MiB.
2026-10-10T07:51:52Z INFO [42/500] 75f808c4-601c-41ea-81e6-fd8f5a8f0c1c: 4536 chunks; 6.2 s; peak memory 332 MiB.
2026-10-10T07:51:53Z INFO [43/500] 75fa080f-8e4b-47ab-a466-50d0af96af73: 57 chunks; 1.0 s; peak memory 332 MiB.
2026-10-10T07:52:05Z INFO [44/500] 75fa6635-22d9-4319-9e90-99608564a3c5: 18404 chunks; 11.7 s; peak memory 332 MiB.
2026-10-10T07:52:08Z INFO [45/500] 75fbbf4c-ee82-47e9-ba81-f8107b65e168: 115 chunks; 2.9 s; peak memory 332 MiB.
2026-10-10T07:52:09Z INFO [46/500] 75fbcba4-b961-48c0-9f60-abd9329f2345: 48 chunks; 1.2 s; peak memory 332 MiB.
2026-10-10T07:52:11Z INFO [47/500] 75fc9b78-0def-4d2f-beee-f3a5bfb9d953: 66 chunks; 2.0 s; peak memory 332 MiB.
2026-10-10T07:52:13Z INFO [48/500] 75fcf3a3-5cb1-42d8-a6d4-53de7d743757: 112 chunks; 1.8 s; peak memory 332 MiB.
2026-10-10T07:52:14Z INFO [49/500] 75fd650f-852a-44ff-9c38-57ed950c2221: 48 chunks; 1.2 s; peak memory 332 MiB.
2026-10-10T07:52:15Z INFO [50/500] 75fe63c2-fe61-4483-9119-33028ba12c34: 48 chunks; 1.2 s; peak memory 332 MiB.
2026-10-10T07:52:15Z INFO [50/500] 75fe63c2-fe61-4483-9119-33028ba12c34: checkpointed 103884 new records.
2026-10-10T07:52:17Z INFO [51/500] 75feab94-8433-4187-81dc-b6a759a125e8: 48 chunks; 1.3 s; peak memory 332 MiB.
2026-10-10T07:52:20Z INFO [52/500] 75fecad2-6f92-49bf-83bf-b761c941044d: 114 chunks; 3.0 s; peak memory 332 MiB.
2026-10-10T07:54:45Z INFO [53/500] 75ff18a0-25bf-4a71-93c8-e5a8149bedf3: 44951 chunks; 144.9 s; peak memory 393 MiB.
2026-10-10T07:54:46Z INFO [54/500] 75ff1b26-0573-47b0-914a-7eb71c59df94: 48 chunks; 1.2 s; peak memory 393 MiB.
2026-10-10T07:55:10Z INFO [55/500] 75ff880e-814a-4760-beb1-d0d487137935: 6333 chunks; 23.8 s; peak memory 393 MiB.
2026-10-10T07:55:11Z INFO [56/500] 76014185-7d0f-4cd9-8a51-8118ae540c45: 46 chunks; 1.0 s; peak memory 393 MiB.
2026-10-10T07:55:12Z INFO [57/500] 7601735f-5b0c-4d2e-938f-53f131953fbf: 109 chunks; 1.6 s; peak memory 393 MiB.
2026-10-10T07:55:14Z INFO [58/500] 76017383-af77-49c4-bf23-436167c81398: 117 chunks; 1.4 s; peak memory 393 MiB.
2026-10-10T07:55:15Z INFO [59/500] 76018d65-db50-4bbc-8e76-e6ebf79d10b0: 117 chunks; 1.4 s; peak memory 393 MiB.
2026-10-10T07:55:16Z INFO [60/500] 76027cde-7cba-4090-85e9-156f43d1ae34: 48 chunks; 1.3 s; peak memory 393 MiB.
2026-10-10T07:55:18Z INFO [61/500] 76027d0b-5668-4f93-9dd1-9c00ef2ae853: 62 chunks; 1.7 s; peak memory 393 MiB.
2026-10-10T07:55:20Z INFO [62/500] 7602889c-3c1b-467c-b694-40e85ed4eb0b: 110 chunks; 1.9 s; peak memory 393 MiB.
2026-10-10T07:55:21Z INFO [63/500] 76035a92-5407-449b-ace6-7b70dd053f37: 48 chunks; 1.3 s; peak memory 393 MiB.
2026-10-10T07:55:23Z INFO [64/500] 7604df33-40c1-44a1-bb35-cf225b30eaec: 112 chunks; 1.8 s; peak memory 393 MiB.
2026-10-10T07:55:24Z INFO [65/500] 76076372-e694-4873-89ad-f1984092dbae: 48 chunks; 1.3 s; peak memory 393 MiB.
2026-10-10T07:55:25Z INFO [66/500] 7608bead-815a-4c77-957b-fefb0cbb0b64: 119 chunks; 1.3 s; peak memory 393 MiB.
2026-10-10T07:55:27Z INFO [67/500] 7608ef28-1798-48a0-8573-bd2734f9fe8a: 117 chunks; 1.7 s; peak memory 393 MiB.
2026-10-10T07:55:29Z INFO [68/500] 7609b874-48da-40ac-b594-7acc65f5d6e8: 66 chunks; 1.8 s; peak memory 393 MiB.
2026-10-10T07:55:30Z INFO [69/500] 760a8e0d-6717-48f6-9503-76e1c330ae60: 48 chunks; 1.3 s; peak memory 393 MiB.
2026-10-10T07:55:51Z INFO [70/500] 760aab91-db1c-495d-bb01-377a5b7758b2: 6040 chunks; 21.3 s; peak memory 393 MiB.
2026-10-10T07:55:53Z INFO [71/500] 760b2670-a9fe-40a5-bf22-5934e5c8baba: 46 chunks; 1.1 s; peak memory 393 MiB.
2026-10-10T07:55:54Z INFO [72/500] 760b7c12-2960-4468-aaa5-bc383b8cbb47: 116 chunks; 1.5 s; peak memory 393 MiB.
2026-10-10T07:55:55Z INFO [73/500] 760c4dc5-d5a5-405f-8f92-df79eed7648a: 46 chunks; 0.9 s; peak memory 393 MiB.
2026-10-10T07:56:12Z INFO [74/500] 760c71d0-2f89-451b-af08-3ee91ca75529: 4601 chunks; 17.2 s; peak memory 393 MiB.
2026-10-10T07:56:14Z INFO [75/500] 760d0e3d-a015-4c0a-970c-02356c180d03: 294 chunks; 1.4 s; peak memory 393 MiB.
2026-10-10T07:56:21Z INFO [76/500] 760d1049-bc54-49a3-b9e6-c73543aa256f: 10600 chunks; 6.9 s; peak memory 393 MiB.
2026-10-10T07:56:22Z INFO [77/500] 760f807f-d865-4b65-bc02-a55b47435ddf: 48 chunks; 1.2 s; peak memory 393 MiB.
2026-10-10T07:56:30Z INFO [78/500] 760fe107-3a9f-428a-bbdc-fa4ef7721d83: 13896 chunks; 8.6 s; peak memory 393 MiB.
2026-10-10T07:56:32Z INFO [79/500] 760ff8a6-a7b4-42ec-a7c0-74d49fa35f61: 118 chunks; 1.7 s; peak memory 393 MiB.
2026-10-10T07:56:33Z INFO [80/500] 7611ed3f-296a-480a-a750-7dc2e985bc6c: 118 chunks; 1.4 s; peak memory 393 MiB.
2026-10-10T07:56:35Z INFO [81/500] 761219b6-5e4c-44e3-af6d-e08e6ccfbdc1: 118 chunks; 1.6 s; peak memory 393 MiB.
2026-10-10T07:56:36Z INFO [82/500] 76127dcd-0fda-4967-808e-25c578afc8ce: 63 chunks; 1.2 s; peak memory 393 MiB.
2026-10-10T07:56:38Z INFO [83/500] 761298c8-2987-48bc-89b8-fa2dc9c7c8c5: 112 chunks; 1.7 s; peak memory 393 MiB.
2026-10-10T07:56:40Z INFO [84/500] 7612aa04-4ae7-48dc-9cd0-8d6d5932e259: 110 chunks; 1.7 s; peak memory 393 MiB.
2026-10-10T07:56:41Z INFO [85/500] 761329c5-8b23-45b3-a0aa-5931fa76c0a7: 118 chunks; 1.4 s; peak memory 393 MiB.
2026-10-10T07:56:43Z INFO [86/500] 7613d013-83ac-4742-a397-9faa65de39a9: 112 chunks; 1.5 s; peak memory 393 MiB.
2026-10-10T07:56:44Z INFO [87/500] 7614df17-92a6-457e-a0ef-2d107ab6ef1c: 41 chunks; 1.2 s; peak memory 393 MiB.
2026-10-10T07:56:51Z INFO [88/500] 76150fd0-407f-4529-8422-4692272bcb44: 1091 chunks; 7.0 s; peak memory 393 MiB.
2026-10-10T07:56:55Z INFO [89/500] 76168a6f-4d50-4d43-9cfa-be085d0afb35: 978 chunks; 4.5 s; peak memory 393 MiB.
2026-10-10T07:56:56Z INFO [90/500] 7617d3b5-ba23-482e-9053-fffb532511cf: 48 chunks; 1.2 s; peak memory 393 MiB.
2026-10-10T07:56:58Z INFO [91/500] 7618157d-0481-4cf2-97d0-793bc4e01343: 116 chunks; 1.4 s; peak memory 393 MiB.
2026-10-10T07:56:59Z INFO [92/500] 7618ddf2-3965-4c89-bed8-7a1b3789b636: 118 chunks; 1.4 s; peak memory 393 MiB.
2026-10-10T07:57:01Z INFO [93/500] 7618e4ae-33d1-4ad5-bc1e-d838b1dbda0c: 117 chunks; 1.6 s; peak memory 393 MiB.
2026-10-10T07:57:11Z INFO [94/500] 76195f1d-1f83-4e2d-a7ae-cb379e27cc10: 2528 chunks; 9.8 s; peak memory 393 MiB.
2026-10-10T07:57:19Z INFO [95/500] 7619985a-3557-45f7-893b-d1770a1ebb05: 7738 chunks; 8.1 s; peak memory 393 MiB.
2026-10-10T07:57:21Z INFO [96/500] 761a1905-98bf-41a3-bb4e-a3c3493b1a1c: 122 chunks; 2.4 s; peak memory 393 MiB.
2026-10-10T07:57:22Z INFO [97/500] 761aaaa4-ce33-4703-96b6-4f7f53840510: 41 chunks; 1.1 s; peak memory 393 MiB.
2026-10-10T07:57:29Z INFO [98/500] 761b39f7-8b5d-4029-a857-5f70afee6111: 9475 chunks; 6.6 s; peak memory 393 MiB.
2026-10-10T07:57:32Z INFO [99/500] 761b7201-2915-4cd7-a71b-007b423b63b5: 115 chunks; 3.0 s; peak memory 393 MiB.
2026-10-10T07:57:34Z INFO [100/500] 761c12d4-7433-46d7-a011-92a980601ac2: 69 chunks; 1.8 s; peak memory 393 MiB.
2026-10-10T07:57:34Z INFO [100/500] 761c12d4-7433-46d7-a011-92a980601ac2: checkpointed 103934 new records.
2026-10-10T07:57:35Z INFO [101/500] 761c13a8-6188-4f89-ab5b-9fe3635b1ee4: 72 chunks; 1.5 s; peak memory 393 MiB.
2026-10-10T07:57:37Z INFO [102/500] 761c9b07-9e8b-4d68-8c93-2b569e67af0e: 115 chunks; 1.4 s; peak memory 393 MiB.
2026-10-10T07:57:44Z INFO [103/500] 761d6938-ab24-4a74-883f-0b9ea334f637: 4850 chunks; 6.8 s; peak memory 393 MiB.
2026-10-10T07:57:45Z INFO [104/500] 761e47da-80e7-418b-89ad-fcda9b794a2b: 36 chunks; 1.2 s; peak memory 393 MiB.
2026-10-10T07:57:46Z INFO [105/500] 761e632c-a1a9-4070-9f1b-a2f01c3f847e: 118 chunks; 1.5 s; peak memory 393 MiB.
2026-10-10T07:57:51Z INFO [106/500] 761ef2ae-2c40-457c-9459-806aad9594aa: 1742 chunks; 4.4 s; peak memory 393 MiB.
2026-10-10T07:58:08Z INFO [107/500] 761f3712-2e35-4e62-b78b-bbd5b572a351: 35119 chunks; 17.5 s; peak memory 393 MiB.
2026-10-10T07:58:10Z INFO [108/500] 761f5fa5-8982-4144-a540-5aa5ec6aa1ec: 117 chunks; 1.6 s; peak memory 393 MiB.
2026-10-10T07:58:11Z INFO [109/500] 761f7f19-eaac-4451-a6da-48adb5e03cff: 83 chunks; 1.2 s; peak memory 393 MiB.
2026-10-10T07:58:12Z INFO [110/500] 761f9303-e8ca-4d51-885b-0dfbb9c0fdc8: 48 chunks; 1.1 s; peak memory 393 MiB.
2026-10-10T07:58:13Z INFO [111/500] 7620d410-7212-4e8f-8f12-48ffcaa0857b: 45 chunks; 1.0 s; peak memory 393 MiB.
2026-10-10T07:58:14Z INFO [112/500] 7620e815-303b-4438-a25a-ce6aa3a010ec: 57 chunks; 1.0 s; peak memory 393 MiB.
2026-10-10T07:58:16Z INFO [113/500] 762176fb-507f-4469-a208-efafa6425ea8: 70 chunks; 1.8 s; peak memory 393 MiB.
2026-10-10T07:58:17Z INFO [114/500] 7622200d-ebc2-4498-bf1a-c7fa8f330e6a: 117 chunks; 1.4 s; peak memory 393 MiB.
2026-10-10T07:58:19Z INFO [115/500] 7622dd20-ae33-45e8-a8ff-26103bc40df6: 48 chunks; 1.2 s; peak memory 393 MiB.
2026-10-10T07:58:26Z INFO [116/500] 762312ab-48c7-4796-8a38-a1bf37e89c15: 1577 chunks; 7.4 s; peak memory 393 MiB.
2026-10-10T07:58:29Z INFO [117/500] 762396d3-d910-43a9-b238-659120fc9d1d: 156 chunks; 3.5 s; peak memory 393 MiB.
2026-10-10T07:58:30Z INFO [118/500] 76250496-428e-4a7d-864d-b717982242a0: 48 chunks; 1.1 s; peak memory 393 MiB.
2026-10-10T08:33:28Z INFO [119/500] 7625a9ed-7ea0-4d12-8a6d-d3c6379f4688: 871882 chunks; 2097.4 s; peak memory 1234 MiB.
2026-10-10T08:33:30Z INFO [120/500] 76263024-a2a2-425d-9233-af4974c6cb26: 71 chunks; 1.9 s; peak memory 1234 MiB.
2026-10-10T08:35:36Z INFO [121/500] 76263a08-3e93-4f71-bcf2-2af378c4bf83: 37846 chunks; 126.6 s; peak memory 1234 MiB.
2026-10-10T08:35:38Z INFO [122/500] 762663e4-34f3-4b1e-987c-b10da53c2f70: 46 chunks; 1.3 s; peak memory 1234 MiB.
2026-10-10T08:35:54Z INFO [123/500] 7626ba5b-bc98-47da-95b1-1627758f6eef: 4639 chunks; 16.1 s; peak memory 1234 MiB.
2026-10-10T08:35:55Z INFO [124/500] 7626d48a-f5c6-469e-acdc-21aacaa97586: 52 chunks; 1.4 s; peak memory 1234 MiB.
2026-10-10T08:35:58Z INFO [125/500] 76275bd9-0687-4754-ab9c-9f48e1d2a0e6: 115 chunks; 3.0 s; peak memory 1234 MiB.
2026-10-10T08:36:05Z INFO [126/500] 76278590-6833-4475-980f-3493846c45d8: 2212 chunks; 6.7 s; peak memory 1234 MiB.
2026-10-10T08:36:06Z INFO [127/500] 7628b159-d993-47d9-bba8-18992551490d: 48 chunks; 1.2 s; peak memory 1234 MiB.
2026-10-10T08:36:07Z INFO [128/500] 7628de1d-d5bf-4ae6-a6ed-8da6121156c8: 48 chunks; 1.3 s; peak memory 1234 MiB.
2026-10-10T08:36:10Z INFO [129/500] 762932a2-4d1a-41cb-9938-2c3f1891cb05: 115 chunks; 2.9 s; peak memory 1234 MiB.
2026-10-10T08:36:12Z INFO [130/500] 76293601-0302-4946-8e65-c5f4ee003fcd: 46 chunks; 1.3 s; peak memory 1234 MiB.
2026-10-10T08:36:16Z INFO [131/500] 7629434f-12d6-4d62-b197-3600dd4bc183: 2002 chunks; 4.4 s; peak memory 1234 MiB.
2026-10-10T08:36:17Z INFO [132/500] 7629d367-0b75-4932-806b-7d862c0ab01c: 46 chunks; 1.1 s; peak memory 1234 MiB.
2026-10-10T08:36:18Z INFO [133/500] 7629fc77-80b7-4e5f-94be-5791ae1b1c3c: 48 chunks; 1.2 s; peak memory 1234 MiB.
2026-10-10T08:36:20Z INFO [134/500] 762aac15-b019-44bb-8cd8-7c8933e865a5: 118 chunks; 1.5 s; peak memory 1234 MiB.
2026-10-10T08:36:21Z INFO [135/500] 762b1f55-6bdb-4903-970d-37af9e841d21: 52 chunks; 1.3 s; peak memory 1234 MiB.
2026-10-10T08:36:32Z INFO [136/500] 762b3203-2516-4b58-b853-45b2cd0ef24b: 14479 chunks; 11.0 s; peak memory 1234 MiB.
2026-10-10T08:36:34Z INFO [137/500] 762b51cc-5a98-403b-a765-41f667b5ca3e: 112 chunks; 1.5 s; peak memory 1234 MiB.
2026-10-10T08:38:43Z INFO [138/500] 762b6965-accd-4454-b180-8b118dfffceb: 40632 chunks; 129.0 s; peak memory 1234 MiB.
2026-10-10T08:38:46Z INFO [139/500] 762b8352-6ba3-4512-8232-2c7f1f34c1a7: 147 chunks; 2.9 s; peak memory 1234 MiB.
2026-10-10T08:38:49Z INFO [140/500] 762b83a9-6226-47c8-b8dd-890729e145b9: 156 chunks; 3.7 s; peak memory 1234 MiB.
2026-10-10T08:38:51Z INFO [141/500] 762c0f1f-d7be-4ab9-8254-a99c60ae884c: 69 chunks; 2.0 s; peak memory 1234 MiB.
2026-10-10T08:38:53Z INFO [142/500] 762d13a0-0bd5-428d-be6f-c2e6ad2d048a: 59 chunks; 1.7 s; peak memory 1234 MiB.
2026-10-10T08:38:54Z INFO [143/500] 762d1454-a89f-4939-8a3f-7896c2244be6: 84 chunks; 1.2 s; peak memory 1234 MiB.
2026-10-10T08:38:56Z INFO [144/500] 76303af1-b0e8-4630-94ad-9cdf6340c931: 118 chunks; 1.7 s; peak memory 1234 MiB.
2026-10-10T08:38:58Z INFO [145/500] 76305766-0594-412f-adc8-bb43c363f835: 68 chunks; 1.5 s; peak memory 1234 MiB.
2026-10-10T08:38:59Z INFO [146/500] 7630ff93-adba-4951-9608-fa47664fa256: 57 chunks; 0.9 s; peak memory 1234 MiB.
2026-10-10T08:39:00Z INFO [147/500] 76310aab-684f-432d-8198-918b06614c03: 48 chunks; 1.3 s; peak memory 1234 MiB.
2026-10-10T08:39:01Z INFO [148/500] 763148a9-b424-4ec0-8959-001585e3e7c8: 39 chunks; 1.4 s; peak memory 1234 MiB.
2026-10-10T08:39:03Z INFO [149/500] 76317ef2-b429-4fc5-8b4c-448da1c74729: 117 chunks; 1.6 s; peak memory 1234 MiB.
2026-10-10T08:39:21Z INFO [150/500] 7631addf-a1bc-4983-8ea6-b5b3bec4211a: 6688 chunks; 18.2 s; peak memory 1234 MiB.
2026-10-10T08:39:21Z INFO [150/500] 7631addf-a1bc-4983-8ea6-b5b3bec4211a: checkpointed 103984 new records.
2026-10-10T08:39:22Z INFO [151/500] 76327e96-2f73-447f-9e69-3881086e4487: 47 chunks; 1.0 s; peak memory 1234 MiB.
2026-10-10T08:39:23Z INFO [152/500] 7632ac5c-c33d-4a9e-8460-be4750b42425: 45 chunks; 1.1 s; peak memory 1234 MiB.
2026-10-10T08:40:48Z INFO [153/500] 7632d81b-2819-473d-8946-34dc939e6028: 32930 chunks; 84.4 s; peak memory 1234 MiB.
2026-10-10T08:40:51Z INFO [154/500] 76331f12-a4d1-47ac-8d19-c3244b30f6df: 168 chunks; 3.3 s; peak memory 1234 MiB.
2026-10-10T08:41:04Z INFO [155/500] 76341f1e-abc1-48ca-b781-283454d82edd: 10759 chunks; 12.5 s; peak memory 1234 MiB.
2026-10-10T08:41:05Z INFO [156/500] 7634560b-de01-4362-8ac9-c3e31da002f2: 48 chunks; 1.3 s; peak memory 1234 MiB.
2026-10-10T08:41:07Z INFO [157/500] 763466e8-d515-42fa-ad9c-3f5ea6c1f7bf: 118 chunks; 1.8 s; peak memory 1234 MiB.
2026-10-10T08:41:08Z INFO [158/500] 763497b7-c9cb-48dc-8caa-96f568f36a88: 48 chunks; 1.2 s; peak memory 1234 MiB.
2026-10-10T08:41:10Z INFO [159/500] 7634a46a-caf0-41bf-be82-e7d6c00c3011: 93 chunks; 1.8 s; peak memory 1234 MiB.
2026-10-10T08:41:12Z INFO [160/500] 7634be79-2bbe-4749-8e6a-edb8e743918c: 121 chunks; 2.4 s; peak memory 1234 MiB.
2026-10-10T08:41:13Z INFO [161/500] 7635604f-d3b8-4c4c-aba8-9ae23e75115e: 69 chunks; 1.2 s; peak memory 1234 MiB.
2026-10-10T08:41:17Z INFO [162/500] 7635c881-722e-4b66-821b-7b643ad490a9: 156 chunks; 3.6 s; peak memory 1234 MiB.
2026-10-10T08:41:18Z INFO [163/500] 7635cd1f-5070-4692-a634-76d421c94367: 48 chunks; 1.3 s; peak memory 1234 MiB.
2026-10-10T08:41:20Z INFO [164/500] 76370560-009f-4e17-83d4-dc4ac07fd6e2: 52 chunks; 1.5 s; peak memory 1234 MiB.
2026-10-10T08:41:21Z INFO [165/500] 763915ec-74b7-49ee-812d-b44bad121f91: 110 chunks; 1.6 s; peak memory 1234 MiB.
2026-10-10T08:41:23Z INFO [166/500] 76396f53-d210-4b3d-90f8-2d64d9321b33: 52 chunks; 1.4 s; peak memory 1234 MiB.
2026-10-10T08:41:37Z INFO [167/500] 763a9451-6eeb-41e8-91ed-55569533e7fd: 2947 chunks; 14.7 s; peak memory 1234 MiB.
2026-10-10T08:41:39Z INFO [168/500] 763c54ad-6de8-47b1-948d-b0d29f514d6e: 48 chunks; 1.3 s; peak memory 1234 MiB.
2026-10-10T08:41:40Z INFO [169/500] 763cc217-6b13-402c-b8e2-4088d2598623: 48 chunks; 1.3 s; peak memory 1234 MiB.
2026-10-10T08:41:42Z INFO [170/500] 763dcfec-779c-4e9b-b090-e89c30f26f42: 112 chunks; 1.7 s; peak memory 1234 MiB.
2026-10-10T08:41:44Z INFO [171/500] 763de3ad-4e6e-4430-aaf2-4dff67cfcdc5: 112 chunks; 1.8 s; peak memory 1234 MiB.
2026-10-10T08:41:47Z INFO [172/500] 763ea749-abb7-4947-8253-910c74ca6e48: 116 chunks; 3.2 s; peak memory 1234 MiB.
2026-10-10T08:41:49Z INFO [173/500] 763ede1a-1b75-408e-909a-188d2f2fdb0a: 157 chunks; 2.2 s; peak memory 1234 MiB.
2026-10-10T08:41:50Z INFO [174/500] 7640c153-1f6c-47c5-885a-0224d3595ae2: 48 chunks; 1.2 s; peak memory 1234 MiB.
2026-10-10T08:41:52Z INFO [175/500] 7642785d-d905-4154-ab7e-a6490a06337d: 48 chunks; 1.3 s; peak memory 1234 MiB.
2026-10-10T08:42:06Z INFO [176/500] 764289e0-61dc-4455-ab7e-0cd8e4bc4fec: 9632 chunks; 14.1 s; peak memory 1234 MiB.
2026-10-10T08:42:07Z INFO [177/500] 7642ef01-edf5-4c2a-a2ed-30ac7ba86649: 45 chunks; 1.0 s; peak memory 1234 MiB.
2026-10-10T08:42:08Z INFO [178/500] 764359cf-6fa8-4060-843f-1123a8deeda5: 118 chunks; 1.4 s; peak memory 1234 MiB.
2026-10-10T08:42:10Z INFO [179/500] 764365d7-d19f-4c98-9b57-98fe350869dc: 580 chunks; 2.2 s; peak memory 1234 MiB.
2026-10-10T08:42:12Z INFO [180/500] 7643f48a-1686-45d6-9099-b7becd8748ac: 112 chunks; 1.9 s; peak memory 1234 MiB.
2026-10-10T08:42:15Z INFO [181/500] 7644342b-d770-4d42-8073-a0c35a7f45d9: 114 chunks; 2.9 s; peak memory 1234 MiB.
2026-10-10T08:42:17Z INFO [182/500] 7644be24-9cfb-4738-8fee-4860d8d300ed: 112 chunks; 1.8 s; peak memory 1234 MiB.
2026-10-10T08:42:23Z INFO [183/500] 7644d734-d091-431c-bd2f-4e7e3c644151: 574 chunks; 5.9 s; peak memory 1234 MiB.
2026-10-10T08:42:41Z INFO [184/500] 7645173b-e9ea-41cd-a4a1-8ce9970a16d3: 8229 chunks; 17.8 s; peak memory 1234 MiB.
2026-10-10T08:42:42Z INFO [185/500] 7645677d-2a63-42ea-848b-af3254839f6c: 31 chunks; 1.0 s; peak memory 1234 MiB.
2026-10-10T08:42:43Z INFO [186/500] 7645bd4a-26e0-4eb6-84d6-333246baaaa0: 48 chunks; 1.2 s; peak memory 1234 MiB.
2026-10-10T08:42:44Z INFO [187/500] 7646e981-24c9-44ba-a815-47fb29b6662f: 46 chunks; 1.0 s; peak memory 1234 MiB.
2026-10-10T08:42:45Z INFO [188/500] 7647c4f2-4543-41b9-b093-14560b0ffed1: 48 chunks; 1.2 s; peak memory 1234 MiB.
2026-10-10T08:42:55Z INFO [189/500] 76481755-f8d5-4ac8-8023-fb7a283db0ad: 15789 chunks; 9.4 s; peak memory 1234 MiB.
2026-10-10T08:42:57Z INFO [190/500] 7648ed47-3eea-4f6a-84d7-c782208a63c2: 106 chunks; 2.3 s; peak memory 1234 MiB.
2026-10-10T08:43:03Z INFO [191/500] 7648f8b2-c945-43ba-8abf-b32e43a8b343: 446 chunks; 5.8 s; peak memory 1234 MiB.
2026-10-10T08:43:04Z INFO [192/500] 76491b69-4fdb-42ea-b8ca-90ba81dc5f16: 69 chunks; 1.8 s; peak memory 1234 MiB.
2026-10-10T08:43:06Z INFO [193/500] 76498ba3-b383-4f59-a808-7bae246b5201: 48 chunks; 1.2 s; peak memory 1234 MiB.
2026-10-10T08:44:01Z INFO [194/500] 764a244d-4d2e-456f-adfd-6a3e2d3d4bdc: 2583 chunks; 55.4 s; peak memory 1234 MiB.
2026-10-10T08:44:02Z INFO [195/500] 764a5b31-b01f-4c32-bde7-2bb745cf6c76: 117 chunks; 1.4 s; peak memory 1234 MiB.
2026-10-10T08:44:04Z INFO [196/500] 764ad7d8-6ed1-4b35-923e-5d4a85e2d353: 112 chunks; 1.8 s; peak memory 1234 MiB.
2026-10-10T08:44:06Z INFO [197/500] 764b1fae-425c-4c52-9bf4-64ac4ad2d964: 174 chunks; 1.8 s; peak memory 1234 MiB.
2026-10-10T08:44:07Z INFO [198/500] 764b2256-74d3-4ed7-a4ca-aea142650f7c: 116 chunks; 1.5 s; peak memory 1234 MiB.
2026-10-10T08:44:10Z INFO [199/500] 764b629e-e6eb-4658-8f0a-b3afb4622a82: 66 chunks; 2.2 s; peak memory 1234 MiB.
2026-10-10T08:44:14Z INFO [200/500] 764c8200-07c3-4790-a299-1c267d583aca: 233 chunks; 4.8 s; peak memory 1234 MiB.
2026-10-10T08:44:15Z INFO [200/500] 764c8200-07c3-4790-a299-1c267d583aca: checkpointed 104034 new records.
2026-10-10T08:44:16Z INFO [201/500] 764d91c1-fd0f-4caf-9871-585220f81961: 48 chunks; 1.2 s; peak memory 1234 MiB.
2026-10-10T08:44:26Z INFO [202/500] 764de754-f7dd-41ba-bff1-7e8208ecfed4: 2512 chunks; 10.1 s; peak memory 1234 MiB.
2026-10-10T08:44:37Z INFO [203/500] 764e4dfd-1112-42e6-b41b-c442669ebf25: 11014 chunks; 11.0 s; peak memory 1234 MiB.
2026-10-10T08:44:39Z INFO [204/500] 764eca10-4a71-4282-bc24-3c0452378d21: 110 chunks; 1.6 s; peak memory 1234 MiB.
2026-10-10T08:44:40Z INFO [205/500] 764f302d-0569-48c2-a72f-fee2f9062f0f: 84 chunks; 1.8 s; peak memory 1234 MiB.
2026-10-10T08:44:42Z INFO [206/500] 764fa62d-bf64-444c-8af5-46f8c8383dbc: 110 chunks; 1.9 s; peak memory 1234 MiB.
2026-10-10T08:44:44Z INFO [207/500] 764fadb5-4bb8-4168-9bb5-93890c37f618: 72 chunks; 1.6 s; peak memory 1234 MiB.
2026-10-10T08:44:46Z INFO [208/500] 764fbcd9-634c-4f8c-8d7a-04e8045c9530: 71 chunks; 2.2 s; peak memory 1234 MiB.
2026-10-10T08:44:47Z INFO [209/500] 76502bc1-421c-4e32-96d0-4dd418cec068: 48 chunks; 1.3 s; peak memory 1234 MiB.
2026-10-10T08:44:50Z INFO [210/500] 76514a87-d822-45fc-96e8-58a214103fbd: 115 chunks; 2.9 s; peak memory 1234 MiB.
2026-10-10T08:44:52Z INFO [211/500] 76518747-68f8-40a9-9299-ba77c4710c9d: 112 chunks; 1.8 s; peak memory 1234 MiB.
2026-10-10T08:44:54Z INFO [212/500] 76532c29-bfa8-49fe-b858-7be8418215ba: 132 chunks; 1.6 s; peak memory 1234 MiB.
2026-10-10T08:44:57Z INFO [213/500] 76535630-5742-4648-8cc4-f6c365f805f1: 241 chunks; 3.5 s; peak memory 1234 MiB.
2026-10-10T08:44:59Z INFO [214/500] 7653998b-810c-48ea-99ac-c0cc7639d5c6: 112 chunks; 1.8 s; peak memory 1234 MiB.
2026-10-10T08:45:09Z INFO [215/500] 7653d71d-abbe-4f3b-ba6d-dcef713d7ce9: 2936 chunks; 9.8 s; peak memory 1234 MiB.
2026-10-10T08:45:10Z INFO [216/500] 7655547b-e0a6-4c8a-9bda-aff351063394: 52 chunks; 1.1 s; peak memory 1234 MiB.
2026-10-10T08:47:03Z INFO [217/500] 76558a47-bdbb-45dd-b731-195c9b7a3e46: 46901 chunks; 112.8 s; peak memory 1234 MiB.
2026-10-10T08:49:29Z INFO [218/500] 76562bf2-b59b-4f27-98cc-115fc638c9d6: 44851 chunks; 146.2 s; peak memory 1234 MiB.
2026-10-10T08:49:30Z INFO [219/500] 76576a4b-0a3f-43b3-ba93-4c3098cbca8d: 41 chunks; 1.2 s; peak memory 1234 MiB.
2026-10-10T08:49:31Z INFO [220/500] 7657aa6b-fd77-40b4-bdbd-d529c421f56b: 132 chunks; 1.2 s; peak memory 1234 MiB.
2026-10-10T08:53:27Z INFO [221/500] 765963cc-3139-4ea8-afc8-4507c9a796e1: 114741 chunks; 235.8 s; peak memory 1234 MiB.
2026-10-10T08:53:51Z INFO [222/500] 7659b673-d42d-419e-97cf-f26d3e228e26: 6577 chunks; 23.7 s; peak memory 1234 MiB.
2026-10-10T08:53:52Z INFO [223/500] 765be44b-12da-4eb0-a01b-27fd0e684a43: 48 chunks; 1.4 s; peak memory 1234 MiB.
2026-10-10T08:53:54Z INFO [224/500] 765c7276-07dd-45f6-b05e-2747f5ea6829: 48 chunks; 1.2 s; peak memory 1234 MiB.
2026-10-10T08:54:03Z INFO [225/500] 765cf976-3304-44c7-8aa5-fc6b8c9ab897: 4223 chunks; 9.8 s; peak memory 1234 MiB.
2026-10-10T08:54:04Z INFO [226/500] 765d15bc-420c-4ef0-a804-7e6d48d146fa: 46 chunks; 1.0 s; peak memory 1234 MiB.
2026-10-10T08:54:06Z INFO [227/500] 765e988e-f1cf-4c0a-85a6-02ca1663ae63: 48 chunks; 1.3 s; peak memory 1234 MiB.
2026-10-10T08:54:07Z INFO [228/500] 765e9ac2-1abe-436e-bb84-82b622c32740: 117 chunks; 1.4 s; peak memory 1234 MiB.
2026-10-10T08:54:08Z INFO [229/500] 765ed047-e158-4edf-80b3-da39cf461301: 46 chunks; 1.2 s; peak memory 1234 MiB.
2026-10-10T08:54:10Z INFO [230/500] 765f0230-9c65-4ac8-87a2-7e1af66a3d24: 48 chunks; 1.3 s; peak memory 1234 MiB.
2026-10-10T08:54:11Z INFO [231/500] 765f0c97-527c-414a-b851-b0b39c9a0da2: 118 chunks; 1.7 s; peak memory 1234 MiB.
2026-10-10T08:54:14Z INFO [232/500] 7661fe9c-8a67-4839-a3b7-78800ad9c87c: 115 chunks; 2.9 s; peak memory 1234 MiB.
2026-10-10T08:54:16Z INFO [233/500] 76627677-2df3-4c0b-ada3-133896ad4d22: 116 chunks; 1.6 s; peak memory 1234 MiB.
2026-10-10T08:54:18Z INFO [234/500] 76637885-f882-4abb-897d-eeb2f3327108: 66 chunks; 1.8 s; peak memory 1234 MiB.
2026-10-10T08:54:19Z INFO [235/500] 76643a45-1c13-4fda-967d-3c3f24b2b290: 63 chunks; 1.2 s; peak memory 1234 MiB.
2026-10-10T08:54:21Z INFO [236/500] 76655d1e-5c14-420a-8c8d-191b78740a5a: 71 chunks; 2.2 s; peak memory 1234 MiB.
2026-10-10T08:54:23Z INFO [237/500] 7665fe97-4955-4e89-a666-93f4b29e2b25: 69 chunks; 1.6 s; peak memory 1234 MiB.
2026-10-10T08:54:45Z INFO [238/500] 76665e9a-d8aa-434b-9ca2-95ffaf1323ad: 6054 chunks; 22.2 s; peak memory 1234 MiB.
2026-10-10T08:54:46Z INFO [239/500] 76666439-21ef-48f9-9f41-60e118864f28: 50 chunks; 1.2 s; peak memory 1234 MiB.
2026-10-10T08:54:49Z INFO [240/500] 76671f3f-fb40-4839-a868-8e4e4f236ac4: 156 chunks; 3.5 s; peak memory 1234 MiB.
2026-10-10T08:54:53Z INFO [241/500] 7668b8ee-87b3-4331-ab0e-87b7c6100640: 156 chunks; 3.4 s; peak memory 1234 MiB.
2026-10-10T08:54:54Z INFO [242/500] 7668fb8a-8a04-4d12-8115-a873c3e28c89: 92 chunks; 1.4 s; peak memory 1234 MiB.
2026-10-10T08:54:56Z INFO [243/500] 766942fa-7923-4c39-8c09-738b6424497d: 117 chunks; 1.5 s; peak memory 1234 MiB.
2026-10-10T08:54:57Z INFO [244/500] 7669531a-e744-4b5d-998e-58b3875d9d08: 46 chunks; 1.2 s; peak memory 1234 MiB.
2026-10-10T08:54:58Z INFO [245/500] 7669e9c7-ef06-4d07-89c6-6fe85a390f09: 46 chunks; 1.0 s; peak memory 1234 MiB.
2026-10-10T08:54:59Z INFO [246/500] 766b2d7b-67bd-4123-a2c7-58eb5da27b2e: 48 chunks; 1.1 s; peak memory 1234 MiB.
2026-10-10T08:55:01Z INFO [247/500] 766b72cc-e41c-419e-9962-3f6e3922b9ce: 117 chunks; 1.7 s; peak memory 1234 MiB.
2026-10-10T08:55:03Z INFO [248/500] 766b80c0-e225-4fe3-af09-f90b978dabd5: 112 chunks; 2.3 s; peak memory 1234 MiB.
2026-10-10T08:55:06Z INFO [249/500] 766bc325-416b-4c7e-8584-fd4beaafd227: 115 chunks; 3.2 s; peak memory 1234 MiB.
2026-10-10T08:55:07Z INFO [250/500] 766bfdb7-43f8-4321-8a51-637405d7c206: 48 chunks; 1.2 s; peak memory 1234 MiB.
2026-10-10T08:55:08Z INFO [250/500] 766bfdb7-43f8-4321-8a51-637405d7c206: checkpointed 104084 new records.
2026-10-10T08:55:10Z INFO [251/500] 766e2d6f-7ba1-4f21-9ae6-5bdb31bfaad5: 103 chunks; 2.3 s; peak memory 1234 MiB.
2026-10-10T08:55:13Z INFO [252/500] 766e2e87-55c2-4683-bdc4-3442f15d43ea: 204 chunks; 2.5 s; peak memory 1234 MiB.
2026-10-10T08:55:14Z INFO [253/500] 766e3143-f8d7-4b8e-a9a0-626e663ab37b: 48 chunks; 1.2 s; peak memory 1234 MiB.
2026-10-10T08:55:15Z INFO [254/500] 766ee555-c29d-42de-84bb-22322f55c372: 33 chunks; 1.0 s; peak memory 1234 MiB.
2026-10-10T08:55:16Z INFO [255/500] 766f34af-672f-4ee0-b9bc-031fe5b9560b: 230 chunks; 1.6 s; peak memory 1234 MiB.
2026-10-10T08:55:18Z INFO [256/500] 766fa073-eb2a-437c-b02b-cf762c45d705: 48 chunks; 1.2 s; peak memory 1234 MiB.
2026-10-10T08:55:19Z INFO [257/500] 767007a3-4998-4dac-8d96-6bf0eb8e2fe6: 117 chunks; 1.3 s; peak memory 1234 MiB.
2026-10-10T08:55:20Z INFO [258/500] 7671a9be-250b-4027-9eba-3afe5cb3752c: 46 chunks; 1.1 s; peak memory 1234 MiB.
2026-10-10T08:55:22Z INFO [259/500] 7671eda3-3450-459a-ad05-85f1cf8a39e1: 117 chunks; 1.6 s; peak memory 1234 MiB.
2026-10-10T08:55:25Z INFO [260/500] 76738375-0a10-4c4e-aff8-77213f8b27a7: 245 chunks; 3.8 s; peak memory 1234 MiB.
2026-10-10T08:55:27Z INFO [261/500] 7673e2c7-adde-478e-bd53-05caba115379: 112 chunks; 1.9 s; peak memory 1234 MiB.
2026-10-10T08:55:29Z INFO [262/500] 76742c59-3965-470b-944f-5a25817364eb: 64 chunks; 1.7 s; peak memory 1234 MiB.
2026-10-10T08:55:31Z INFO [263/500] 76745cba-4e0b-4219-83b5-00e420e04597: 110 chunks; 1.7 s; peak memory 1234 MiB.
2026-10-10T08:55:32Z INFO [264/500] 7674d9be-3a57-451b-94eb-264dc5929c67: 118 chunks; 1.5 s; peak memory 1234 MiB.
2026-10-10T08:55:35Z INFO [265/500] 76761553-e479-4c83-a02d-fb3a16485848: 114 chunks; 3.0 s; peak memory 1234 MiB.
2026-10-10T08:55:37Z INFO [266/500] 76771d62-f218-42d0-8b10-990599779524: 112 chunks; 2.0 s; peak memory 1234 MiB.
2026-10-10T08:55:38Z INFO [267/500] 76783bf0-c991-4eec-9ca3-1fbcfdda1dbc: 48 chunks; 1.2 s; peak memory 1234 MiB.
2026-10-10T08:55:40Z INFO [268/500] 76789746-4564-46c4-b273-c67454858787: 118 chunks; 1.4 s; peak memory 1234 MiB.
2026-10-10T08:55:42Z INFO [269/500] 76794ba7-c343-49f8-b44e-ae4932da726c: 173 chunks; 2.2 s; peak memory 1234 MiB.
2026-10-10T08:55:44Z INFO [270/500] 76794f56-dd83-4612-8e98-20de21c57e72: 70 chunks; 1.9 s; peak memory 1234 MiB.
2026-10-10T08:55:45Z INFO [271/500] 7679f3b1-bda0-4277-90e9-4af26aa7e2f0: 69 chunks; 1.5 s; peak memory 1234 MiB.
2026-10-10T08:55:47Z INFO [272/500] 767a6f6c-595a-41b9-bb3e-daef420af069: 50 chunks; 1.2 s; peak memory 1234 MiB.
2026-10-10T08:55:48Z INFO [273/500] 767b28cb-1713-41ab-93fd-c625dcdd0f60: 48 chunks; 1.3 s; peak memory 1234 MiB.
2026-10-10T08:55:49Z INFO [274/500] 767b86d2-1bad-4ca4-8075-7e44f35b0b84: 116 chunks; 1.5 s; peak memory 1234 MiB.
2026-10-10T08:55:50Z INFO [275/500] 767bd4d2-84be-47c4-9da2-c922a171f7b4: 46 chunks; 1.0 s; peak memory 1234 MiB.
2026-10-10T08:55:52Z INFO [276/500] 767c107e-9ccd-49ba-9c22-1571e3b6aeca: 41 chunks; 1.1 s; peak memory 1234 MiB.
2026-10-10T08:55:53Z INFO [277/500] 767c8428-f9eb-4fd2-9198-b95a46ec9278: 41 chunks; 1.0 s; peak memory 1234 MiB.
2026-10-10T08:55:54Z INFO [278/500] 767c8e66-969f-4cf7-8938-e7b07335709d: 69 chunks; 1.7 s; peak memory 1234 MiB.
2026-10-10T08:56:03Z INFO [279/500] 767da96e-7468-45b6-9c5e-b091731f3009: 366 chunks; 8.9 s; peak memory 1234 MiB.
2026-10-10T08:56:05Z INFO [280/500] 767dc625-1114-4ff5-aa0b-b7d63f5c7f6b: 51 chunks; 1.6 s; peak memory 1234 MiB.
2026-10-10T08:56:10Z INFO [281/500] 767e8076-386b-42f3-8830-2a340c5d8fb9: 448 chunks; 5.6 s; peak memory 1234 MiB.
2026-10-10T08:56:12Z INFO [282/500] 767edbb4-8b77-49bb-b026-dede6df62742: 48 chunks; 1.2 s; peak memory 1234 MiB.
2026-10-10T08:56:13Z INFO [283/500] 767f148b-eadb-46c7-863c-e9b61583ba38: 41 chunks; 1.1 s; peak memory 1234 MiB.
2026-10-10T08:56:14Z INFO [284/500] 767f48ff-f7c3-4d89-9939-1ede0d2ffa41: 116 chunks; 1.4 s; peak memory 1234 MiB.
2026-10-10T08:56:15Z INFO [285/500] 767fb4d8-03c1-4c1b-8cc3-a4193ad31b81: 102 chunks; 1.2 s; peak memory 1234 MiB.
2026-10-10T08:56:17Z INFO [286/500] 767fd09f-062d-4c6d-97ca-9b25d31cfd22: 109 chunks; 1.6 s; peak memory 1234 MiB.
2026-10-10T08:56:18Z INFO [287/500] 76801eb2-2619-498f-a07b-f88a2e4eb2b2: 117 chunks; 1.5 s; peak memory 1234 MiB.
2026-10-10T08:56:20Z INFO [288/500] 7680ceb8-8334-4899-8519-701815fbd1c2: 71 chunks; 1.9 s; peak memory 1234 MiB.
2026-10-10T08:57:21Z INFO [289/500] 76811231-10da-4ba6-86b4-8b45214d8fd4: 24461 chunks; 60.5 s; peak memory 1234 MiB.
2026-10-10T08:57:22Z INFO [290/500] 76814e0f-2e52-4a67-82ca-bd9a06d52d73: 48 chunks; 1.4 s; peak memory 1234 MiB.
2026-10-10T08:57:24Z INFO [291/500] 7681b0c8-90dd-4523-b575-de1070e6dd2f: 550 chunks; 1.5 s; peak memory 1234 MiB.
2026-10-10T08:57:25Z INFO [292/500] 76843d97-2b1a-4bf7-806e-96ae2231e1e5: 111 chunks; 1.7 s; peak memory 1234 MiB.
2026-10-10T08:57:27Z INFO [293/500] 7685a7e2-e2ef-48a8-8a2b-71820da5833d: 48 chunks; 1.3 s; peak memory 1234 MiB.
2026-10-10T08:57:30Z INFO [294/500] 7685e74d-1d63-4c7a-a7d9-56738ade5b68: 250 chunks; 3.6 s; peak memory 1234 MiB.
2026-10-10T08:57:35Z INFO [295/500] 76866bd3-08cd-4028-af31-a430ae7e6049: 1489 chunks; 5.1 s; peak memory 1234 MiB.
2026-10-10T09:00:04Z INFO [296/500] 7686e214-ad58-4e14-a9ba-b0f3521b21b6: 46258 chunks; 148.4 s; peak memory 1234 MiB.
2026-10-10T09:00:07Z INFO [297/500] 76875ff2-1cc9-46a6-8364-48bdd413fd10: 156 chunks; 3.5 s; peak memory 1234 MiB.
2026-10-10T09:00:08Z INFO [298/500] 7687684f-7fc9-4f3d-9a2f-48840422d697: 48 chunks; 1.3 s; peak memory 1234 MiB.
2026-10-10T09:00:18Z INFO [299/500] 7687a509-0531-4e05-9ccc-a78050b04c58: 10009 chunks; 9.4 s; peak memory 1234 MiB.
2026-10-10T09:00:19Z INFO [300/500] 7687d25f-a1d5-4007-9e13-53ca5aa01ec1: 48 chunks; 1.3 s; peak memory 1234 MiB.
2026-10-10T09:00:19Z INFO [300/500] 7687d25f-a1d5-4007-9e13-53ca5aa01ec1: checkpointed 104134 new records.
2026-10-10T09:00:21Z INFO [301/500] 7688ff9d-9fd9-413e-8e54-8e17efc5c074: 48 chunks; 1.3 s; peak memory 1234 MiB.
2026-10-10T09:02:29Z INFO [302/500] 7689528e-7d2d-4af3-a242-c9b1c88b168e: 38149 chunks; 127.8 s; peak memory 1234 MiB.
2026-10-10T09:02:36Z INFO [303/500] 768ab0ad-f606-49d2-a14b-cfaf006a720d: 2923 chunks; 7.5 s; peak memory 1234 MiB.
2026-10-10T09:02:37Z INFO [304/500] 768ac088-dd02-4538-89a1-7d98c84826f3: 46 chunks; 1.0 s; peak memory 1234 MiB.
2026-10-10T09:02:39Z INFO [305/500] 768c5306-16a9-4fbe-a60e-5d14e94d2c78: 112 chunks; 2.2 s; peak memory 1234 MiB.
2026-10-10T09:02:41Z INFO [306/500] 768db24f-6e5d-457e-9a6d-8d9c41ad3147: 117 chunks; 1.5 s; peak memory 1234 MiB.
2026-10-10T09:02:42Z INFO [307/500] 768e1cbc-0b57-4f83-ba20-c4571daba286: 48 chunks; 1.2 s; peak memory 1234 MiB.
2026-10-10T09:02:49Z INFO [308/500] 768e2b7e-37c6-4ed9-90e0-cc9f47a6b4f6: 6899 chunks; 7.0 s; peak memory 1234 MiB.
2026-10-10T09:02:51Z INFO [309/500] 768f5d7e-9239-40f0-a934-59cddc8dffb3: 51 chunks; 1.6 s; peak memory 1234 MiB.
2026-10-10T09:02:53Z INFO [310/500] 768fb859-b5af-4b86-a64c-fb21adfb08a1: 997 chunks; 2.5 s; peak memory 1234 MiB.
2026-10-10T09:02:55Z INFO [311/500] 769095ed-f597-44d2-9fdd-156e2ae574b4: 47 chunks; 1.2 s; peak memory 1234 MiB.
2026-10-10T09:02:56Z INFO [312/500] 7690c1ff-f914-46c5-ae48-de7d3c648e41: 46 chunks; 1.2 s; peak memory 1234 MiB.
2026-10-10T09:02:57Z INFO [313/500] 7690ebd2-2281-4728-bdfc-bbf299acf632: 43 chunks; 1.4 s; peak memory 1234 MiB.
2026-10-10T09:02:59Z INFO [314/500] 7691899e-e81f-43e6-924b-8efc98dafd64: 112 chunks; 1.7 s; peak memory 1234 MiB.
2026-10-10T09:03:07Z INFO [315/500] 7692ba5d-d008-4d37-94ff-5875438b5065: 16255 chunks; 8.3 s; peak memory 1234 MiB.
2026-10-10T09:03:13Z INFO [316/500] 7692f568-7e17-45e0-92fc-2f723ea8fd6a: 1220 chunks; 6.1 s; peak memory 1234 MiB.
2026-10-10T09:03:15Z INFO [317/500] 76937601-9fbd-48bd-9e5f-059e144c30e3: 51 chunks; 1.7 s; peak memory 1234 MiB.
2026-10-10T09:03:16Z INFO [318/500] 7693832b-e0d4-41da-a048-0710268c2b4c: 84 chunks; 1.3 s; peak memory 1234 MiB.
2026-10-10T09:03:17Z INFO [319/500] 7693e3bc-1047-452b-b99d-70295512bc69: 48 chunks; 1.2 s; peak memory 1234 MiB.
2026-10-10T09:03:19Z INFO [320/500] 76947c97-2886-4d13-ae24-0f9cdf2d5009: 66 chunks; 1.6 s; peak memory 1234 MiB.
2026-10-10T09:03:20Z INFO [321/500] 7694bfcf-d508-40cd-b163-a733a9439a92: 45 chunks; 1.0 s; peak memory 1234 MiB.
2026-10-10T09:03:22Z INFO [322/500] 7695ee05-9332-4e3b-ad35-492dd88c50c4: 117 chunks; 1.7 s; peak memory 1234 MiB.
2026-10-10T09:03:23Z INFO [323/500] 7696372e-5db7-4651-b989-426e6a0562b7: 50 chunks; 1.2 s; peak memory 1234 MiB.
2026-10-10T09:03:39Z INFO [324/500] 76966b55-339e-4d87-9eca-aaceebd1be0d: 17134 chunks; 15.8 s; peak memory 1234 MiB.
2026-10-10T09:03:40Z INFO [325/500] 76969474-0b39-42fc-b78a-644485dcbb41: 48 chunks; 1.3 s; peak memory 1234 MiB.
2026-10-10T09:03:42Z INFO [326/500] 76970b3d-46e6-4601-b1d7-804cc4d9b8c1: 131 chunks; 1.9 s; peak memory 1234 MiB.
2026-10-10T09:03:43Z INFO [327/500] 769830e2-70a8-4590-bb52-a2acb7061005: 48 chunks; 1.2 s; peak memory 1234 MiB.
2026-10-10T09:03:44Z INFO [328/500] 76999ed8-4106-4528-a640-4c83ca34e7d0: 48 chunks; 1.2 s; peak memory 1234 MiB.
2026-10-10T09:03:46Z INFO [329/500] 7699d95e-459e-45e5-8963-5a103414bc14: 261 chunks; 1.8 s; peak memory 1234 MiB.
2026-10-10T09:03:48Z INFO [330/500] 769a74ea-1cef-4784-b7a3-4433985f5d80: 117 chunks; 1.5 s; peak memory 1234 MiB.
2026-10-10T09:03:49Z INFO [331/500] 769b3c40-68c9-479b-928b-d362b28454a2: 48 chunks; 1.2 s; peak memory 1234 MiB.
2026-10-10T09:03:50Z INFO [332/500] 769b902d-b33c-4375-ac58-930a853ab0ea: 37 chunks; 1.0 s; peak memory 1234 MiB.
2026-10-10T09:03:52Z INFO [333/500] 769b9942-04ff-41f9-b346-00698e1d5808: 110 chunks; 2.0 s; peak memory 1234 MiB.
2026-10-10T09:03:53Z INFO [334/500] 769bd1c5-1c8b-468e-bec0-65f4c9f9c46c: 116 chunks; 1.5 s; peak memory 1234 MiB.
2026-10-10T09:03:55Z INFO [335/500] 769cd67b-2e4c-4666-88f5-79e07b6d4953: 233 chunks; 1.7 s; peak memory 1234 MiB.
2026-10-10T09:03:57Z INFO [336/500] 769d4e8e-079c-4370-84ad-3c3bde5bb119: 69 chunks; 1.8 s; peak memory 1234 MiB.
2026-10-10T09:04:01Z INFO [337/500] 769db03e-ee75-4d51-b2ae-ef5049a51cd3: 184 chunks; 4.2 s; peak memory 1234 MiB.
2026-10-10T09:04:14Z INFO [338/500] 769e071d-4d36-45bd-8e29-1a90b1fac2d7: 9035 chunks; 12.8 s; peak memory 1234 MiB.
2026-10-10T09:04:15Z INFO [339/500] 769e3a9a-48db-462e-aaf8-5acd7da59c15: 63 chunks; 1.1 s; peak memory 1234 MiB.
2026-10-10T09:04:17Z INFO [340/500] 769e53ab-44c9-4949-99b8-61aa6caad0b2: 66 chunks; 2.3 s; peak memory 1234 MiB.
2026-10-10T09:04:19Z INFO [341/500] 769e8c1f-384b-45aa-9245-4031325cc741: 48 chunks; 1.4 s; peak memory 1234 MiB.
2026-10-10T09:04:22Z INFO [342/500] 769f1643-e1b0-4fcf-9199-161d80bba897: 115 chunks; 3.0 s; peak memory 1234 MiB.
2026-10-10T09:04:33Z INFO [343/500] 769f75c9-1c89-4fe1-a3a9-e16833e6d71f: 23020 chunks; 11.5 s; peak memory 1234 MiB.
2026-10-10T09:04:35Z INFO [344/500] 769f9d4b-cb33-42ef-8323-5e3ab7817081: 132 chunks; 1.3 s; peak memory 1234 MiB.
2026-10-10T09:04:36Z INFO [345/500] 76a0448b-b7b3-4e28-94fa-5e4b077cf569: 112 chunks; 1.8 s; peak memory 1234 MiB.
2026-10-10T09:04:38Z INFO [346/500] 76a14f8a-a48c-4278-89cc-2a0b85ad8491: 69 chunks; 1.9 s; peak memory 1234 MiB.
2026-10-10T09:04:58Z INFO [347/500] 76a213b2-e0f6-4f35-8962-af9e262a5192: 522 chunks; 19.6 s; peak memory 1234 MiB.
2026-10-10T09:04:59Z INFO [348/500] 76a29b1d-1834-4721-9c93-e683c49874cb: 48 chunks; 1.2 s; peak memory 1234 MiB.
2026-10-10T09:05:00Z INFO [349/500] 76a2ac73-400b-46a0-b150-1df1bb747ba6: 48 chunks; 1.3 s; peak memory 1234 MiB.
2026-10-10T09:05:02Z INFO [350/500] 76a340c2-aa83-46d8-b176-0234913e3fa6: 112 chunks; 1.8 s; peak memory 1234 MiB.
2026-10-10T09:05:03Z INFO [350/500] 76a340c2-aa83-46d8-b176-0234913e3fa6: checkpointed 104184 new records.
2026-10-10T09:05:04Z INFO [351/500] 76a39193-84ce-4ac8-933f-5d3b85f5417e: 66 chunks; 1.8 s; peak memory 1234 MiB.
2026-10-10T09:05:06Z INFO [352/500] 76a475c4-1cd8-45ec-8ee2-33594a371340: 48 chunks; 1.3 s; peak memory 1234 MiB.
2026-10-10T09:05:07Z INFO [353/500] 76a53aca-c20d-4a0c-8556-f1b9158aa005: 112 chunks; 1.7 s; peak memory 1234 MiB.
2026-10-10T09:05:17Z INFO [354/500] 76a5aed3-02c0-4280-a275-0a0dd567d8bf: 697 chunks; 9.4 s; peak memory 1234 MiB.
2026-10-10T09:05:18Z INFO [355/500] 76a5b6d4-4c46-4cbf-9ad2-43c7b038371d: 117 chunks; 1.6 s; peak memory 1234 MiB.
2026-10-10T09:05:20Z INFO [356/500] 76a6889a-4d6b-4298-a328-343fa5178f2f: 48 chunks; 1.3 s; peak memory 1234 MiB.
2026-10-10T09:05:21Z INFO [357/500] 76a6a9ab-617e-4a31-9590-c8f2ee55f32f: 43 chunks; 1.5 s; peak memory 1234 MiB.
2026-10-10T09:05:27Z INFO [358/500] 76a6f0e2-0396-4596-887f-d5d3bb38dd98: 1188 chunks; 6.2 s; peak memory 1234 MiB.
2026-10-10T09:05:28Z INFO [359/500] 76a71fd1-45dc-42c2-ab3a-ad81055eebfd: 35 chunks; 1.0 s; peak memory 1234 MiB.
2026-10-10T09:05:30Z INFO [360/500] 76a7347b-f02f-4772-8414-1670d0ec7211: 48 chunks; 1.3 s; peak memory 1234 MiB.
2026-10-10T09:05:32Z INFO [361/500] 76a7fe30-0d26-4e23-97e0-e946a28a7bdc: 74 chunks; 2.2 s; peak memory 1234 MiB.
2026-10-10T09:05:33Z INFO [362/500] 76a87975-4ae5-4ca9-9261-d559dc837a90: 52 chunks; 1.4 s; peak memory 1234 MiB.
2026-10-10T09:05:35Z INFO [363/500] 76aa8735-a807-478d-b5e2-a6b7e4fc7e49: 57 chunks; 2.3 s; peak memory 1234 MiB.
2026-10-10T09:05:52Z INFO [364/500] 76aaf9bc-3557-4c33-8058-3358f031e4c0: 8232 chunks; 16.4 s; peak memory 1234 MiB.
2026-10-10T09:05:55Z INFO [365/500] 76ab064b-3c5e-4308-b9e8-972b761a4259: 997 chunks; 2.8 s; peak memory 1234 MiB.
2026-10-10T09:05:57Z INFO [366/500] 76ab303e-595e-4729-ab7f-45fadd249c47: 66 chunks; 2.4 s; peak memory 1234 MiB.
2026-10-10T09:05:59Z INFO [367/500] 76ac33d4-d1b0-4dc8-8193-187bf20683f6: 112 chunks; 2.1 s; peak memory 1234 MiB.
2026-10-10T09:06:01Z INFO [368/500] 76adc4f2-c70f-4f96-b02b-57328f5534b3: 112 chunks; 1.5 s; peak memory 1234 MiB.
2026-10-10T09:06:13Z INFO [369/500] 76addd0b-40fe-4ee0-958a-ac29c32af7cd: 17664 chunks; 12.2 s; peak memory 1234 MiB.
2026-10-10T09:06:14Z INFO [370/500] 76adf131-1ee3-47fb-9556-2f61f8c7c37c: 48 chunks; 1.3 s; peak memory 1234 MiB.
2026-10-10T09:06:16Z INFO [371/500] 76ae8b3e-54d1-4614-a24e-4cce6bf1ee40: 66 chunks; 2.0 s; peak memory 1234 MiB.
2026-10-10T09:06:17Z INFO [372/500] 76aea87d-9be2-44a0-9302-bef39934271d: 56 chunks; 1.0 s; peak memory 1234 MiB.
2026-10-10T09:06:33Z INFO [373/500] 76affd44-8f48-4d51-bfd4-66cbd95faf1e: 12861 chunks; 15.5 s; peak memory 1234 MiB.
2026-10-10T09:06:34Z INFO [374/500] 76b01458-1b78-400e-9e84-c8520b59209e: 48 chunks; 1.3 s; peak memory 1234 MiB.
2026-10-10T09:06:35Z INFO [375/500] 76b0420b-df9e-4c32-849e-8dca418feeef: 48 chunks; 1.3 s; peak memory 1234 MiB.
2026-10-10T09:06:36Z INFO [376/500] 76b07f49-13ef-4447-9355-88137aabaedb: 48 chunks; 1.2 s; peak memory 1234 MiB.
2026-10-10T09:06:37Z INFO [377/500] 76b1134f-2fa5-4818-a19f-cb65eb4baa10: 37 chunks; 0.9 s; peak memory 1234 MiB.
2026-10-10T09:06:39Z INFO [378/500] 76b12613-95ff-4cc6-8cbf-c5bb6732f99b: 118 chunks; 1.5 s; peak memory 1234 MiB.
2026-10-10T09:06:41Z INFO [379/500] 76b12c31-d857-479a-bee0-b3d104c21cfb: 112 chunks; 1.9 s; peak memory 1234 MiB.
2026-10-10T09:06:43Z INFO [380/500] 76b1661c-8ad4-46fa-a839-ca3b860a53ed: 78 chunks; 1.9 s; peak memory 1234 MiB.
2026-10-10T09:06:45Z INFO [381/500] 76b1d183-03fb-47f0-a3f9-b7fdc9d0afaa: 111 chunks; 1.9 s; peak memory 1234 MiB.
2026-10-10T09:06:46Z INFO [382/500] 76b1d75f-1c40-4ad4-8680-23b779bedb87: 48 chunks; 1.3 s; peak memory 1234 MiB.
2026-10-10T09:06:49Z INFO [383/500] 76b263d0-929f-4a81-86d4-b05d80d4da37: 1061 chunks; 2.8 s; peak memory 1234 MiB.
2026-10-10T09:06:51Z INFO [384/500] 76b2a092-c930-4c9c-959d-462ed40506ab: 71 chunks; 2.5 s; peak memory 1234 MiB.
2026-10-10T09:06:52Z INFO [385/500] 76b43945-8b11-4437-9e16-bfc9a7b39243: 48 chunks; 1.3 s; peak memory 1234 MiB.
2026-10-10T09:08:11Z INFO [386/500] 76b495a9-5017-4ec2-b779-8dd3717bffbb: 33297 chunks; 78.9 s; peak memory 1234 MiB.
2026-10-10T09:08:13Z INFO [387/500] 76b4c354-9368-48b9-8f2f-e1487adfaade: 48 chunks; 1.3 s; peak memory 1234 MiB.
2026-10-10T09:08:14Z INFO [388/500] 76b58fb6-ac9f-4757-b3fe-2b60f570701c: 48 chunks; 1.4 s; peak memory 1234 MiB.
2026-10-10T09:08:18Z INFO [389/500] 76b5c74c-82bd-4759-a165-d2947f3da56b: 156 chunks; 3.6 s; peak memory 1234 MiB.
2026-10-10T09:08:19Z INFO [390/500] 76b638d5-38ed-4dbd-9df5-c82dd9943aa5: 112 chunks; 1.9 s; peak memory 1234 MiB.
2026-10-10T09:08:21Z INFO [391/500] 76b7cd89-3277-4411-b31f-8b5cfa0a6827: 116 chunks; 1.4 s; peak memory 1234 MiB.
2026-10-10T09:08:23Z INFO [392/500] 76b81116-fb83-4d81-b28f-1ffe1e6660be: 112 chunks; 1.7 s; peak memory 1234 MiB.
2026-10-10T09:08:24Z INFO [393/500] 76b814c9-8bb1-4016-bf8e-f167446d901f: 116 chunks; 1.6 s; peak memory 1234 MiB.
2026-10-10T09:08:30Z INFO [394/500] 76b839c9-6a29-4f79-b7e7-ba4973bcba7f: 452 chunks; 5.6 s; peak memory 1234 MiB.
2026-10-10T09:08:37Z INFO [395/500] 76b8a8e6-6909-4c21-bd8e-8ad008d8f7f7: 781 chunks; 7.4 s; peak memory 1234 MiB.
2026-10-10T09:08:39Z INFO [396/500] 76b8b945-0315-473b-8864-c72891bd1426: 52 chunks; 1.3 s; peak memory 1234 MiB.
2026-10-10T09:09:03Z INFO [397/500] 76b98e17-6785-4acf-82c5-5cbfc75430f1: 49394 chunks; 24.1 s; peak memory 1234 MiB.
2026-10-10T09:09:04Z INFO [398/500] 76b9ad3b-0370-4079-9d11-fc6e6a156820: 294 chunks; 1.3 s; peak memory 1234 MiB.
2026-10-10T09:09:06Z INFO [399/500] 76b9d2ce-3b7a-4b75-ba07-8b693e4f7502: 117 chunks; 1.6 s; peak memory 1234 MiB.
2026-10-10T09:09:07Z INFO [400/500] 76b9e8ec-f2dd-4406-8cd7-ab99f46a86dc: 117 chunks; 1.5 s; peak memory 1234 MiB.
2026-10-10T09:09:07Z INFO [400/500] 76b9e8ec-f2dd-4406-8cd7-ab99f46a86dc: checkpointed 104234 new records.
2026-10-10T09:09:14Z INFO [401/500] 76bad415-c50e-474c-8146-0f695bb656ca: 9946 chunks; 6.8 s; peak memory 1234 MiB.
2026-10-10T09:09:15Z INFO [402/500] 76bae2c6-b0b1-4139-b353-a471aa8ad63f: 48 chunks; 1.4 s; peak memory 1234 MiB.
2026-10-10T09:10:02Z INFO [403/500] 76bb8df3-40a1-4d1f-b203-11bb02b99aeb: 22581 chunks; 46.6 s; peak memory 1234 MiB.
2026-10-10T09:10:04Z INFO [404/500] 76bbaa86-30d7-48b1-91dc-e44b43962d0f: 112 chunks; 2.0 s; peak memory 1234 MiB.
2026-10-10T09:10:06Z INFO [405/500] 76bdb126-b3a6-4c98-bbb1-a443388db391: 117 chunks; 1.6 s; peak memory 1234 MiB.
2026-10-10T09:10:07Z INFO [406/500] 76be8e8a-c902-43ac-8c39-66bfed5aa567: 52 chunks; 1.3 s; peak memory 1234 MiB.
2026-10-10T09:10:08Z INFO [407/500] 76bea0f2-9b3b-4ba6-99f8-fcd17f87b495: 48 chunks; 1.2 s; peak memory 1234 MiB.
2026-10-10T09:10:10Z INFO [408/500] 76bed660-06a0-4739-99ed-01de307fad70: 65 chunks; 1.5 s; peak memory 1234 MiB.
2026-10-10T09:10:11Z INFO [409/500] 76bf0f44-d6a3-4667-ab5b-670f65159552: 116 chunks; 1.3 s; peak memory 1234 MiB.
2026-10-10T09:10:12Z INFO [410/500] 76bfdb48-2b8e-4d27-ae3e-1fd45292f71b: 52 chunks; 1.1 s; peak memory 1234 MiB.
2026-10-10T09:10:33Z INFO [411/500] 76bfe2db-40e3-4eac-b5c7-facb33a6d53e: 1155 chunks; 20.9 s; peak memory 1234 MiB.
2026-10-10T09:10:34Z INFO [412/500] 76c053a7-a814-4722-b5c3-2eebfeb14c4a: 117 chunks; 1.5 s; peak memory 1234 MiB.
2026-10-10T09:10:40Z INFO [413/500] 76c0923d-2706-4615-b3a5-f2c897d5d999: 10477 chunks; 5.5 s; peak memory 1234 MiB.
2026-10-10T09:10:41Z INFO [414/500] 76c167df-e79e-4ffc-8e0e-bf0ff1212693: 48 chunks; 1.3 s; peak memory 1234 MiB.
2026-10-10T09:10:42Z INFO [415/500] 76c2d860-0a22-464e-9264-c8e251a85674: 44 chunks; 1.3 s; peak memory 1234 MiB.
2026-10-10T09:10:44Z INFO [416/500] 76c2f72c-b0a1-4198-898d-559dc8650f42: 48 chunks; 1.2 s; peak memory 1234 MiB.
2026-10-10T09:11:09Z INFO [417/500] 76c401c5-9e7a-4fb8-929e-f0fa51de434b: 14482 chunks; 25.8 s; peak memory 1234 MiB.
2026-10-10T09:11:10Z INFO [418/500] 76c43363-ea5e-4314-8611-ed814393ebe9: 46 chunks; 1.0 s; peak memory 1234 MiB.
2026-10-10T09:11:12Z INFO [419/500] 76c4418a-9039-4d4b-9888-bca982b914b6: 117 chunks; 1.6 s; peak memory 1234 MiB.
2026-10-10T09:11:13Z INFO [420/500] 76c471ff-c200-401c-9d96-aabd5c10acb3: 46 chunks; 1.1 s; peak memory 1234 MiB.
2026-10-10T09:11:15Z INFO [421/500] 76c4f052-5650-4419-b180-098e74e82c5e: 46 chunks; 1.5 s; peak memory 1234 MiB.
2026-10-10T09:11:16Z INFO [422/500] 76c537eb-4816-443c-ac3f-32c47a1badcb: 48 chunks; 1.2 s; peak memory 1234 MiB.
2026-10-10T09:11:18Z INFO [423/500] 76c5d31a-f7e3-4e02-bccb-eb139cdc1142: 64 chunks; 1.8 s; peak memory 1234 MiB.
2026-10-10T09:11:19Z INFO [424/500] 76c66c87-f0e9-4e4a-9227-c561a75ebeb0: 48 chunks; 1.2 s; peak memory 1234 MiB.
2026-10-10T09:11:20Z INFO [425/500] 76c8ddf1-5acd-4f4f-b57f-6f4630fb4c54: 118 chunks; 1.5 s; peak memory 1234 MiB.
2026-10-10T09:11:22Z INFO [426/500] 76ca187a-667c-4e35-9b79-e7d664b57043: 112 chunks; 1.8 s; peak memory 1234 MiB.
2026-10-10T09:11:33Z INFO [427/500] 76cae961-078a-4bc4-99e5-3e9c62c4db8c: 2139 chunks; 10.4 s; peak memory 1234 MiB.
2026-10-10T09:11:47Z INFO [428/500] 76cc86f1-d549-45b8-9bf7-ad6e1f908414: 601 chunks; 14.2 s; peak memory 1234 MiB.
2026-10-10T09:11:51Z INFO [429/500] 76cc901d-c1cb-4e94-933d-d1f6cf237a28: 292 chunks; 4.2 s; peak memory 1234 MiB.
2026-10-10T09:11:53Z INFO [430/500] 76cc974c-f8b9-450a-aad2-50135f0ee99a: 59 chunks; 1.6 s; peak memory 1234 MiB.
2026-10-10T09:11:54Z INFO [431/500] 76cc991b-2b2b-4827-a515-d7d8a41bc09d: 41 chunks; 1.1 s; peak memory 1234 MiB.
2026-10-10T09:11:55Z INFO [432/500] 76cc9c46-6f44-4dc2-9019-b66891271b23: 48 chunks; 1.2 s; peak memory 1234 MiB.
2026-10-10T09:11:56Z INFO [433/500] 76cd2692-0c8d-4ff0-a8ef-9c85a99cb858: 48 chunks; 1.2 s; peak memory 1234 MiB.
2026-10-10T09:11:58Z INFO [434/500] 76cd7880-a861-4002-9aeb-30fc8cf9bb99: 48 chunks; 1.3 s; peak memory 1234 MiB.
2026-10-10T09:11:59Z INFO [435/500] 76cd7a32-c5a6-4458-8886-3b76b754df62: 46 chunks; 1.1 s; peak memory 1234 MiB.
2026-10-10T09:12:00Z INFO [436/500] 76cdd454-a8f9-4bbb-9294-cd6251d497c1: 62 chunks; 1.3 s; peak memory 1234 MiB.
2026-10-10T09:12:08Z INFO [437/500] 76cde1a2-a0ac-4624-bdd8-101a57d95923: 2923 chunks; 8.1 s; peak memory 1234 MiB.
2026-10-10T09:12:10Z INFO [438/500] 76cde82b-52f3-4bda-9086-64ef8ea57be1: 117 chunks; 1.4 s; peak memory 1234 MiB.
2026-10-10T09:12:11Z INFO [439/500] 76cdfa5e-160c-41ea-8c02-8595bec3fd99: 39 chunks; 1.2 s; peak memory 1234 MiB.
2026-10-10T09:12:12Z INFO [440/500] 76ce22e0-7bad-4b65-9891-1c41ee73725a: 117 chunks; 1.4 s; peak memory 1234 MiB.
2026-10-10T09:12:13Z INFO [441/500] 76cebc59-7396-467b-85e4-031ea9d73926: 48 chunks; 1.2 s; peak memory 1234 MiB.
2026-10-10T09:12:16Z INFO [442/500] 76cfae02-a2b1-41cb-a9a5-e50228ffb06e: 106 chunks; 2.3 s; peak memory 1234 MiB.
2026-10-10T09:12:17Z INFO [443/500] 76d0aa06-f5e3-4e17-b115-f1b3e8c5d5fe: 49 chunks; 1.5 s; peak memory 1234 MiB.
2026-10-10T09:12:19Z INFO [444/500] 76d13e65-64ae-4a0c-9600-b57c712fb9f2: 48 chunks; 1.3 s; peak memory 1234 MiB.
2026-10-10T09:12:20Z INFO [445/500] 76d1c001-8fcd-4083-b406-ba103467deb5: 48 chunks; 1.2 s; peak memory 1234 MiB.
2026-10-10T09:12:21Z INFO [446/500] 76d2e1fa-8c0f-4ee9-989c-d5eb156576a9: 118 chunks; 1.4 s; peak memory 1234 MiB.
2026-10-10T09:12:23Z INFO [447/500] 76d35fdd-66d1-4c15-b32c-353431384e60: 66 chunks; 1.7 s; peak memory 1234 MiB.
2026-10-10T09:12:24Z INFO [448/500] 76d405af-3eac-4b4c-aa99-6a0a7c610ec4: 48 chunks; 1.2 s; peak memory 1234 MiB.
2026-10-10T09:12:25Z INFO [449/500] 76d5c5d0-5054-461e-88be-68300ca90a88: 45 chunks; 1.0 s; peak memory 1234 MiB.
2026-10-10T09:12:28Z INFO [450/500] 76d601f2-e56e-4b19-9fda-b3dcfbb7060a: 115 chunks; 3.3 s; peak memory 1234 MiB.
2026-10-10T09:12:29Z INFO [450/500] 76d601f2-e56e-4b19-9fda-b3dcfbb7060a: checkpointed 104284 new records.
2026-10-10T09:12:42Z INFO [451/500] 76d65d05-4af0-4242-bb2a-8e7ae4c885b3: 9885 chunks; 13.3 s; peak memory 1234 MiB.
2026-10-10T09:12:43Z INFO [452/500] 76d67e00-ed3f-40f5-b6a0-927735b88618: 48 chunks; 1.3 s; peak memory 1234 MiB.
2026-10-10T09:12:45Z INFO [453/500] 76d6eb22-614b-433a-a6ea-539a0701a049: 48 chunks; 1.3 s; peak memory 1234 MiB.
2026-10-10T09:12:47Z INFO [454/500] 76d85680-504f-4188-a64d-b83d87fff5aa: 125 chunks; 2.3 s; peak memory 1234 MiB.
2026-10-10T09:12:53Z INFO [455/500] 76d85982-39fa-4d21-a157-2352191cfe65: 255 chunks; 6.4 s; peak memory 1234 MiB.
2026-10-10T09:12:56Z INFO [456/500] 76d8ba83-71de-45e0-98b0-3a0ce05aa53a: 66 chunks; 2.4 s; peak memory 1234 MiB.
2026-10-10T09:12:57Z INFO [457/500] 76d975ac-ea83-4094-837c-a89e80f32f96: 48 chunks; 1.3 s; peak memory 1234 MiB.
2026-10-10T09:12:59Z INFO [458/500] 76da0dff-620c-44c4-a1f8-e1b7ab7c3163: 142 chunks; 2.3 s; peak memory 1234 MiB.
2026-10-10T09:13:01Z INFO [459/500] 76da3cd7-c250-45f6-8143-b06c4c003818: 117 chunks; 1.4 s; peak memory 1234 MiB.
2026-10-10T09:13:02Z INFO [460/500] 76dbb551-6706-488e-a931-095ca62150f9: 117 chunks; 1.5 s; peak memory 1234 MiB.
2026-10-10T09:13:04Z INFO [461/500] 76dd34b4-bcb9-4cf5-9669-673c39818ba7: 69 chunks; 1.6 s; peak memory 1234 MiB.
2026-10-10T09:13:09Z INFO [462/500] 76dddc54-99c4-49f6-bdf7-8fe82799fe61: 10254 chunks; 5.1 s; peak memory 1234 MiB.
2026-10-10T09:13:11Z INFO [463/500] 76deb2b2-904d-4740-8676-ecb1fef5508d: 116 chunks; 1.5 s; peak memory 1234 MiB.
2026-10-10T09:13:12Z INFO [464/500] 76def0c3-775d-4675-8913-106b30fa8e69: 117 chunks; 1.6 s; peak memory 1234 MiB.
2026-10-10T09:13:13Z INFO [465/500] 76df68ea-cf9f-485d-8a6c-c52402b866e5: 48 chunks; 1.2 s; peak memory 1234 MiB.
2026-10-10T09:13:15Z INFO [466/500] 76df90a3-772d-4e69-b8e7-0a4e5400c616: 69 chunks; 1.4 s; peak memory 1234 MiB.
2026-10-10T09:13:16Z INFO [467/500] 76e01042-e388-4925-93ce-5c0ae254efca: 46 chunks; 1.0 s; peak memory 1234 MiB.
2026-10-10T09:13:17Z INFO [468/500] 76e03e86-aa24-4baa-9584-2827575eebea: 46 chunks; 1.2 s; peak memory 1234 MiB.
2026-10-10T09:13:18Z INFO [469/500] 76e22f1c-0dfe-4608-a544-96ed6689e169: 118 chunks; 1.5 s; peak memory 1234 MiB.
2026-10-10T09:13:20Z INFO [470/500] 76e23192-6ab7-44ba-a3bf-35141c8e2b16: 48 chunks; 1.2 s; peak memory 1234 MiB.
2026-10-10T09:13:21Z INFO [471/500] 76e33975-8df3-4698-9f44-9df922f7f620: 68 chunks; 1.4 s; peak memory 1234 MiB.
2026-10-10T09:13:23Z INFO [472/500] 76e3f763-ed8a-42a1-83ac-abeeefedffca: 199 chunks; 1.4 s; peak memory 1234 MiB.
2026-10-10T09:13:24Z INFO [473/500] 76e429fa-8af1-4b4f-8a86-633ddaa9f04e: 48 chunks; 1.3 s; peak memory 1234 MiB.
2026-10-10T09:13:25Z INFO [474/500] 76e53d02-bbe0-4152-96a1-a178ba15ba61: 48 chunks; 1.3 s; peak memory 1234 MiB.
2026-10-10T09:13:27Z INFO [475/500] 76e548cb-2b53-4b2e-832a-077aca0fbb3e: 112 chunks; 1.6 s; peak memory 1234 MiB.
2026-10-10T09:13:42Z INFO [476/500] 76e5af41-b139-46e3-a255-5d1f8d71a63e: 19113 chunks; 15.3 s; peak memory 1234 MiB.
2026-10-10T09:15:52Z INFO [477/500] 76e612f4-fd2b-4e3b-bc48-b78bbe62add4: 37869 chunks; 129.7 s; peak memory 1234 MiB.
2026-10-10T09:16:07Z INFO [478/500] 76e6b2ee-b802-40f6-9c1f-2c9f6706a885: 15326 chunks; 15.4 s; peak memory 1234 MiB.
2026-10-10T09:16:24Z INFO [479/500] 76e6dc2b-036f-4835-b85f-9fad9791c35c: 4707 chunks; 17.1 s; peak memory 1234 MiB.
2026-10-10T09:16:26Z INFO [480/500] 76e72259-8cb1-4e8d-9b14-ad47fd4526bf: 59 chunks; 1.6 s; peak memory 1234 MiB.
2026-10-10T09:16:27Z INFO [481/500] 76e76bbf-aa3c-4137-986e-d9bf0ac71ce6: 48 chunks; 1.2 s; peak memory 1234 MiB.
2026-10-10T09:16:28Z INFO [482/500] 76e7d9d0-5d29-41c2-ba10-d11c88a9d30b: 550 chunks; 1.3 s; peak memory 1234 MiB.
2026-10-10T09:16:29Z INFO [483/500] 76e8713b-f0c2-47d1-bcef-96daeafbf08e: 52 chunks; 1.0 s; peak memory 1234 MiB.
2026-10-10T09:16:33Z INFO [484/500] 76e8746a-baa7-4d85-be6a-34283d18e1e0: 156 chunks; 3.5 s; peak memory 1234 MiB.
2026-10-10T09:16:38Z INFO [485/500] 76e9920b-7da9-49c9-aa3d-e2c77b2a0411: 3208 chunks; 4.9 s; peak memory 1234 MiB.
2026-10-10T09:16:40Z INFO [486/500] 76e9b0a7-bae9-4d9d-bac4-528dc6b6d6f2: 66 chunks; 2.5 s; peak memory 1234 MiB.
2026-10-10T09:16:41Z INFO [487/500] 76eb6381-6970-4339-8355-d06902952f5a: 33 chunks; 1.0 s; peak memory 1234 MiB.
2026-10-10T09:16:43Z INFO [488/500] 76eb9d7d-a0ce-4128-98fa-14646d913641: 167 chunks; 2.1 s; peak memory 1234 MiB.
2026-10-10T09:16:45Z INFO [489/500] 76ec2b0b-0d0a-43f6-8ad7-882dba4e958f: 117 chunks; 1.5 s; peak memory 1234 MiB.
2026-10-10T09:16:49Z INFO [490/500] 76ecba8f-0894-4d7d-bf72-1387020d5f1e: 276 chunks; 4.0 s; peak memory 1234 MiB.
2026-10-10T09:16:58Z INFO [491/500] 76ecbbd8-ab8c-4169-8be4-8f26a910fe71: 1225 chunks; 8.6 s; peak memory 1234 MiB.
2026-10-10T09:17:01Z INFO [492/500] 76ed1f7f-3301-4f30-aaad-f4635efda906: 477 chunks; 3.0 s; peak memory 1234 MiB.
2026-10-10T09:17:06Z INFO [493/500] 76edde9d-dcf0-4fc7-bb21-bee5ccc0bb61: 2085 chunks; 5.0 s; peak memory 1234 MiB.
2026-10-10T09:17:07Z INFO [494/500] 76ee1cf4-c7ff-4f56-b078-8d2ada9b449c: 46 chunks; 1.0 s; peak memory 1234 MiB.
2026-10-10T09:19:15Z INFO [495/500] 76ee4585-ddde-4275-88f0-1fb0127ff98d: 40126 chunks; 128.7 s; peak memory 1234 MiB.
2026-10-10T09:19:17Z INFO [496/500] 76eea06a-41ce-4c62-869f-b20550be34b3: 48 chunks; 1.3 s; peak memory 1234 MiB.
2026-10-10T09:19:18Z INFO [497/500] 76ef2f9b-f68d-4e7e-ba99-72c8942cb0d3: 48 chunks; 1.3 s; peak memory 1234 MiB.
2026-10-10T09:19:21Z INFO [498/500] 76efb2ad-80c1-4e2a-b92a-1d34d93c695f: 138 chunks; 3.1 s; peak memory 1234 MiB.
2026-10-10T09:19:22Z INFO [499/500] 76efbb60-bc1f-4940-b1aa-bfa548a93441: 114 chunks; 1.6 s; peak memory 1234 MiB.
2026-10-10T09:19:24Z INFO [500/500] 76efd2ea-7255-4e1e-803e-93d286915224: 117 chunks; 1.5 s; peak memory 1234 MiB.
2026-10-10T09:19:24Z INFO [500/500] 76efd2ea-7255-4e1e-803e-93d286915224: checkpointed 104334 new records.
2026-10-10T09:19:25Z INFO Wrote 104334 records to /tmp/derivatives/valid_nwb_file_to_chunk_stats.jsonl (500 new, 0 failed) in 91.1 min (peak memory 1234 MiB).
