2026-10-09T14:00:39Z INFO Logging to /tmp/logs/update_2026-10-09T14-00-39Z.log.
2026-10-09T14:00:39Z INFO Update valid-nwb-file-to-chunk-stats (base directory /tmp).
2026-10-09T14:00:39Z INFO Processing 500 items (97834 already recorded).
2026-10-09T14:00:41Z INFO [1/500] 00c4ef28-e6cd-42d4-88be-e7f5e5990879: 39 chunks; 1.6 s; peak memory 201 MiB.
2026-10-09T14:00:42Z INFO [2/500] 01d80f29-7e32-4d95-9ccb-0cfc2ca48ede: 39 chunks; 1.3 s; peak memory 201 MiB.
2026-10-09T14:00:44Z INFO [3/500] 05816952-d049-4610-bdfb-f7a3a9fe268a: 39 chunks; 1.4 s; peak memory 202 MiB.
2026-10-09T14:00:45Z INFO [4/500] 08cbe3bd-bc48-4780-bb85-49df1911ef51: 39 chunks; 1.5 s; peak memory 202 MiB.
2026-10-09T14:00:47Z INFO [5/500] 09abda3a-441a-4f03-b15e-16d56875f7a9: 39 chunks; 1.4 s; peak memory 202 MiB.
2026-10-09T14:00:48Z INFO [6/500] 09dad3d9-69a9-481e-a7db-761a9b4ca04a: 39 chunks; 1.5 s; peak memory 202 MiB.
2026-10-09T14:00:50Z INFO [7/500] 0afd79c1-9fdb-42d2-be6a-8399c523a893: 39 chunks; 1.5 s; peak memory 202 MiB.
2026-10-09T14:00:51Z INFO [8/500] 0c89a6d9-0b39-4dcd-b5c6-3d16ce012ac0: 39 chunks; 1.4 s; peak memory 202 MiB.
2026-10-09T14:00:52Z INFO [9/500] 0f3501b9-157c-4e28-bf6f-f740ae75cf71: 39 chunks; 1.4 s; peak memory 202 MiB.
2026-10-09T14:00:54Z INFO [10/500] 10f0421d-a3b3-43ed-869a-a9c9bf6353fb: 39 chunks; 1.4 s; peak memory 202 MiB.
2026-10-09T14:00:55Z INFO [11/500] 154ffd51-1f73-4cab-b302-03fed9b02b08: 39 chunks; 1.4 s; peak memory 202 MiB.
2026-10-09T14:00:57Z INFO [12/500] 15feff40-6a26-401d-a2fc-55274150d3f8: 39 chunks; 1.5 s; peak memory 202 MiB.
2026-10-09T14:00:58Z INFO [13/500] 174dc191-19f2-4e87-ba9c-da8529fee031: 39 chunks; 1.3 s; peak memory 203 MiB.
2026-10-09T14:00:59Z INFO [14/500] 189185b8-ae32-4a3c-9a0e-f1f04430b13f: 39 chunks; 1.4 s; peak memory 203 MiB.
2026-10-09T14:01:01Z INFO [15/500] 195cb35f-bd21-4d46-9eab-2aea3cd196e7: 39 chunks; 1.4 s; peak memory 203 MiB.
2026-10-09T14:01:02Z INFO [16/500] 19801fef-f4de-4ee8-b77b-f7d5e64cfeb5: 39 chunks; 1.5 s; peak memory 203 MiB.
2026-10-09T14:01:04Z INFO [17/500] 1b5ad137-5b6d-4245-ac16-36ad03a4b77b: 39 chunks; 1.4 s; peak memory 203 MiB.
2026-10-09T14:01:05Z INFO [18/500] 1c4658d7-1d90-44e2-8e9a-84a50cb2acf5: 39 chunks; 1.3 s; peak memory 204 MiB.
2026-10-09T14:01:06Z INFO [19/500] 1e6aaafd-2260-4448-8d36-94bdf93a9c6e: 39 chunks; 1.3 s; peak memory 204 MiB.
2026-10-09T14:01:08Z INFO [20/500] 1f07ea96-6e27-4990-bd62-72fe6984022d: 39 chunks; 1.4 s; peak memory 204 MiB.
2026-10-09T14:01:09Z INFO [21/500] 2214a984-c248-404c-9129-161f307f9fbc: 39 chunks; 1.3 s; peak memory 204 MiB.
2026-10-09T14:01:10Z INFO [22/500] 2384c463-d1fc-4893-8631-5671f5f4bdf2: 39 chunks; 1.5 s; peak memory 204 MiB.
2026-10-09T14:01:12Z INFO [23/500] 255ff935-b551-4e51-92e4-3edc3667ce44: 39 chunks; 1.3 s; peak memory 204 MiB.
2026-10-09T14:01:13Z INFO [24/500] 2624ad51-4d3c-407c-836f-c150ee0da4c4: 39 chunks; 1.3 s; peak memory 204 MiB.
2026-10-09T14:01:15Z INFO [25/500] 2ad6bdb2-0e43-4965-b2cb-cab709f3defc: 39 chunks; 1.5 s; peak memory 204 MiB.
2026-10-09T14:01:16Z INFO [26/500] 2bf5e85f-c3f8-41af-89e7-79ee91615515: 39 chunks; 1.4 s; peak memory 204 MiB.
2026-10-09T14:01:17Z INFO [27/500] 2c8d4520-1687-44c2-9bab-3aa1760efba6: 39 chunks; 1.4 s; peak memory 204 MiB.
2026-10-09T14:01:19Z INFO [28/500] 2e14f9af-62d4-4a1a-a6f2-84a1e1ad93d9: 39 chunks; 1.2 s; peak memory 204 MiB.
2026-10-09T14:01:20Z INFO [29/500] 2e46f2ab-4cf6-40c8-a4a9-ffd6717d155f: 39 chunks; 1.4 s; peak memory 204 MiB.
2026-10-09T14:01:21Z INFO [30/500] 2ed0aaed-6c88-4f24-ac78-0178f7c32e4a: 39 chunks; 1.3 s; peak memory 204 MiB.
2026-10-09T14:01:23Z INFO [31/500] 2ef02a1e-dfcb-47c6-a50b-f9a150123184: 39 chunks; 1.4 s; peak memory 204 MiB.
2026-10-09T14:01:24Z INFO [32/500] 2f75774e-b0d3-40a9-9d12-5f04bbaf31e9: 39 chunks; 1.3 s; peak memory 204 MiB.
2026-10-09T14:01:25Z INFO [33/500] 304e0c2e-b7df-42ea-9596-115f936fcec1: 39 chunks; 1.4 s; peak memory 204 MiB.
2026-10-09T14:01:27Z INFO [34/500] 3140644e-6805-4284-9107-1b6ae094162f: 39 chunks; 1.4 s; peak memory 204 MiB.
2026-10-09T14:01:28Z INFO [35/500] 321dfd14-72a1-40d7-856b-170eb11c475a: 39 chunks; 1.2 s; peak memory 204 MiB.
2026-10-09T14:01:29Z INFO [36/500] 326026b5-51ab-4e43-87ef-2ce1348f3890: 39 chunks; 1.4 s; peak memory 204 MiB.
2026-10-09T14:01:31Z INFO [37/500] 32c8e7f6-72a2-4d70-a63b-6e62d496c146: 39 chunks; 1.4 s; peak memory 204 MiB.
2026-10-09T14:01:32Z INFO [38/500] 344c008b-61eb-4e5c-bc4d-8465a75993f5: 39 chunks; 1.4 s; peak memory 204 MiB.
2026-10-09T14:01:33Z INFO [39/500] 344dd7d3-7a18-4b4a-85ec-769eaeff00ee: 39 chunks; 1.4 s; peak memory 204 MiB.
2026-10-09T14:01:35Z INFO [40/500] 35b21cf5-3192-46cc-bd97-cd3977446fec: 39 chunks; 1.5 s; peak memory 204 MiB.
2026-10-09T14:01:36Z INFO [41/500] 3650c75f-fc06-4b57-918d-ff4e9cd0e780: 39 chunks; 1.3 s; peak memory 204 MiB.
2026-10-09T14:01:38Z INFO [42/500] 39d6b25c-9675-4bba-b076-9264cc949aae: 39 chunks; 1.2 s; peak memory 204 MiB.
2026-10-09T14:01:39Z INFO [43/500] 3a01ba28-0cfa-4c3e-8c09-43b1a45bd2ac: 39 chunks; 1.4 s; peak memory 204 MiB.
2026-10-09T14:01:40Z INFO [44/500] 3b7edf47-bd63-4a70-bfde-3c5dd3551fc4: 39 chunks; 1.3 s; peak memory 204 MiB.
2026-10-09T14:01:42Z INFO [45/500] 3d1b5ffa-ac5f-40a8-b5d4-c1047ebfc70e: 39 chunks; 1.4 s; peak memory 204 MiB.
2026-10-09T14:01:43Z INFO [46/500] 3ee624ff-ebcf-4b4e-ba16-0c6820983763: 39 chunks; 1.2 s; peak memory 204 MiB.
2026-10-09T14:01:44Z INFO [47/500] 409dcace-624f-4b89-b539-f7a7190b816e: 39 chunks; 1.5 s; peak memory 204 MiB.
2026-10-09T14:01:46Z INFO [48/500] 40b5570c-9ca1-4bf3-9a6e-9bb00998fb56: 39 chunks; 1.5 s; peak memory 204 MiB.
2026-10-09T14:01:47Z INFO [49/500] 41908ee0-0056-4fcc-8342-39a7dc5a0b2d: 39 chunks; 1.3 s; peak memory 204 MiB.
2026-10-09T14:01:49Z INFO [50/500] 41d3f27c-bd01-4ea8-aa6d-55dc4409ad6d: 39 chunks; 1.4 s; peak memory 204 MiB.
2026-10-09T14:01:49Z INFO [50/500] 41d3f27c-bd01-4ea8-aa6d-55dc4409ad6d: checkpointed 97884 new records.
2026-10-09T14:01:50Z INFO [51/500] 42195ba1-d7b2-4694-b239-fb77efa1400d: 39 chunks; 1.4 s; peak memory 204 MiB.
2026-10-09T14:01:52Z INFO [52/500] 42734f6b-6c0b-4c98-98cd-e5dd3a974277: 39 chunks; 1.3 s; peak memory 204 MiB.
2026-10-09T14:01:53Z INFO [53/500] 467f8797-437b-4127-ba6d-60385d197673: 39 chunks; 1.4 s; peak memory 204 MiB.
2026-10-09T14:01:54Z INFO [54/500] 46bbe41c-a530-4787-a905-cd252c52bd2d: 39 chunks; 1.4 s; peak memory 204 MiB.
2026-10-09T14:01:56Z INFO [55/500] 476b92b0-5433-46b6-a067-39aae4be126c: 39 chunks; 1.4 s; peak memory 204 MiB.
2026-10-09T14:01:57Z INFO [56/500] 486e55ad-c38c-4c37-b0ec-97afe0acf4e9: 39 chunks; 1.4 s; peak memory 204 MiB.
2026-10-09T14:01:58Z INFO [57/500] 499f34e9-ebd0-4a0a-bd08-04fd3d1bd8b3: 39 chunks; 1.3 s; peak memory 204 MiB.
2026-10-09T14:02:00Z INFO [58/500] 4bbc9d3e-7937-4923-b2a2-c300e0d5700b: 39 chunks; 1.2 s; peak memory 204 MiB.
2026-10-09T14:02:01Z INFO [59/500] 4f17fe77-3760-48cc-9aa8-7b10a14e17f2: 39 chunks; 1.3 s; peak memory 204 MiB.
2026-10-09T14:02:02Z INFO [60/500] 505f3f86-5f41-4105-877a-94c41544857e: 39 chunks; 1.5 s; peak memory 204 MiB.
2026-10-09T14:02:04Z INFO [61/500] 51492069-0c3a-4581-96b6-5c4744ab8dd5: 39 chunks; 1.4 s; peak memory 204 MiB.
2026-10-09T14:02:05Z INFO [62/500] 52236d03-f8de-4af2-b817-2b35e63c7ae5: 39 chunks; 1.4 s; peak memory 204 MiB.
2026-10-09T14:02:07Z INFO [63/500] 559a9afc-44e7-4776-b153-103d08298abf: 39 chunks; 1.4 s; peak memory 204 MiB.
2026-10-09T14:02:08Z INFO [64/500] 58f5f824-8a90-4456-9a47-7253e172669c: 39 chunks; 1.5 s; peak memory 204 MiB.
2026-10-09T14:02:09Z INFO [65/500] 599850d9-24ef-417d-853e-073a6ca47d63: 39 chunks; 1.3 s; peak memory 204 MiB.
2026-10-09T14:02:11Z INFO [66/500] 59993431-0d59-4c74-b825-d49316093fae: 39 chunks; 1.3 s; peak memory 204 MiB.
2026-10-09T14:02:12Z INFO [67/500] 5a04619e-df79-41fc-87ce-fa80dc8236f6: 39 chunks; 1.6 s; peak memory 204 MiB.
2026-10-09T14:02:14Z INFO [68/500] 5a59f92b-7bc3-4989-8d17-60a9007d5f7a: 39 chunks; 1.4 s; peak memory 204 MiB.
2026-10-09T14:02:15Z INFO [69/500] 5be2779f-5bf5-4da1-9907-7b99a3f8279e: 39 chunks; 1.4 s; peak memory 204 MiB.
2026-10-09T14:02:17Z INFO [70/500] 5c273177-d678-4c8c-a86f-a3f2c54b3550: 39 chunks; 1.4 s; peak memory 204 MiB.
2026-10-09T14:02:20Z INFO [71/500] 5d8f5e01-2aa6-40c2-be3e-256a16d08b90: 103 chunks; 3.5 s; peak memory 205 MiB.
2026-10-09T14:02:22Z INFO [72/500] 5d911df1-7b72-4bf3-a3a1-6c159d62b982: 39 chunks; 1.4 s; peak memory 205 MiB.
2026-10-09T14:02:23Z INFO [73/500] 5dc71473-65d9-4e78-950e-b3aa2990923e: 39 chunks; 1.4 s; peak memory 205 MiB.
2026-10-09T14:02:24Z INFO [74/500] 6029e3f0-cbf8-4955-b356-d837efc40e9f: 39 chunks; 1.3 s; peak memory 205 MiB.
2026-10-09T14:02:26Z INFO [75/500] 604cd569-0c27-481f-8b66-123aa6459420: 39 chunks; 1.5 s; peak memory 205 MiB.
2026-10-09T14:02:27Z INFO [76/500] 63eb08cc-f28b-4f9d-a176-43d8447e5e70: 39 chunks; 1.4 s; peak memory 205 MiB.
2026-10-09T14:02:29Z INFO [77/500] 6514d3e9-6278-4c60-9b48-b3aec03013b8: 39 chunks; 1.4 s; peak memory 205 MiB.
2026-10-09T14:02:30Z INFO [78/500] 668f2810-c4c7-4042-bb50-6c5f932711b1: 39 chunks; 1.3 s; peak memory 205 MiB.
2026-10-09T14:02:31Z INFO [79/500] 66eeab5d-09a7-4247-a5d4-2af80eca7daf: 39 chunks; 1.4 s; peak memory 205 MiB.
2026-10-09T14:02:33Z INFO [80/500] 687f986d-524a-40e2-addd-83342cb00f1c: 39 chunks; 1.4 s; peak memory 205 MiB.
2026-10-09T14:02:34Z INFO [81/500] 6992bd6a-a935-49c5-9c0d-32bceaa8740c: 39 chunks; 1.4 s; peak memory 205 MiB.
2026-10-09T14:02:50Z INFO [82/500] 69a98e6b-d6ab-48d8-b096-0dfa17d636a0: 12833 chunks; 15.6 s; peak memory 254 MiB.
2026-10-09T14:02:51Z INFO [83/500] 69a9a922-173f-459b-809b-8bff5ca2e2ab: 48 chunks; 1.4 s; peak memory 254 MiB.
2026-10-09T14:02:53Z INFO [84/500] 69aa7165-10c7-4a88-92d1-10037e5bbf00: 62 chunks; 2.1 s; peak memory 254 MiB.
2026-10-09T14:02:56Z INFO [85/500] 69aacb4e-3373-47a6-8741-fca958d998a0: 210 chunks; 3.3 s; peak memory 254 MiB.
2026-10-09T14:03:07Z INFO [86/500] 69abb1e8-a9b5-47bc-b3b7-694e05516e4c: 6042 chunks; 10.9 s; peak memory 254 MiB.
2026-10-09T14:03:09Z INFO [87/500] 69ac0b0c-b0ed-4c6c-88b5-7af9ac9afe53: 48 chunks; 1.5 s; peak memory 254 MiB.
2026-10-09T14:03:12Z INFO [88/500] 69ac4bfd-cf60-4b95-8989-cbb71bf7b79f: 997 chunks; 3.0 s; peak memory 254 MiB.
2026-10-09T14:03:13Z INFO [89/500] 69ad1cdd-1235-4135-b79d-5b32ab43a9ac: 117 chunks; 1.6 s; peak memory 254 MiB.
2026-10-09T14:03:15Z INFO [90/500] 69adc5b4-1b76-45f6-a386-67abcfd2db3a: 117 chunks; 1.8 s; peak memory 255 MiB.
2026-10-09T14:03:17Z INFO [91/500] 69ae2052-451c-4238-af4c-ee90f61c1701: 117 chunks; 1.6 s; peak memory 255 MiB.
2026-10-09T14:03:19Z INFO [92/500] 69aeb414-a5cf-4978-ae1f-1cf7f9738fe4: 95 chunks; 2.1 s; peak memory 255 MiB.
2026-10-09T14:03:28Z INFO [93/500] 69af8459-2a98-4fa2-ba22-a9e9ce280cb1: 9787 chunks; 9.0 s; peak memory 255 MiB.
2026-10-09T14:03:39Z INFO [94/500] 69b0320a-8b54-4e54-bb16-68808adad71e: 7247 chunks; 10.7 s; peak memory 255 MiB.
2026-10-09T14:03:54Z INFO [95/500] 69b05a0a-252e-4727-a9ad-5b113c2e0feb: 21540 chunks; 15.0 s; peak memory 256 MiB.
2026-10-09T14:03:55Z INFO [96/500] 69b10fc3-e8f7-4eb7-822d-255d039afcaf: 56 chunks; 1.2 s; peak memory 256 MiB.
2026-10-09T14:03:57Z INFO [97/500] 69b1c0fe-b953-417e-98c7-0d129a09a2de: 103 chunks; 2.4 s; peak memory 256 MiB.
2026-10-09T14:03:59Z INFO [98/500] 69b20a43-7736-4da8-b334-52d9db329ab6: 117 chunks; 1.5 s; peak memory 256 MiB.
2026-10-09T14:04:32Z INFO [99/500] 69b29f38-c039-4ce1-ad90-b780508b7e68: 60728 chunks; 33.6 s; peak memory 358 MiB.
2026-10-09T14:04:34Z INFO [100/500] 69b2be5f-0ef5-45f6-be56-c48970c02969: 117 chunks; 1.5 s; peak memory 358 MiB.
2026-10-09T14:04:34Z INFO [100/500] 69b2be5f-0ef5-45f6-be56-c48970c02969: checkpointed 97934 new records.
2026-10-09T14:04:40Z INFO [101/500] 69b37908-9b78-4a5e-8417-ed0a7a8da284: 2085 chunks; 5.4 s; peak memory 358 MiB.
2026-10-09T14:04:41Z INFO [102/500] 69b3a48c-94ce-43ec-87ed-5157bf71c00d: 33 chunks; 1.0 s; peak memory 358 MiB.
2026-10-09T14:07:03Z INFO [103/500] 69b3f93e-502a-4d62-994b-e82718435829: 29402 chunks; 142.2 s; peak memory 551 MiB.
2026-10-09T14:07:08Z INFO [104/500] 69b41de8-832a-41df-9fd7-0589ba981782: 277 chunks; 4.7 s; peak memory 551 MiB.
2026-10-09T14:07:09Z INFO [105/500] 69b4215f-1e78-49b0-947c-7b01e8133637: 338 chunks; 1.8 s; peak memory 551 MiB.
2026-10-09T14:07:11Z INFO [106/500] 69b4b3ab-1b1f-4a84-9636-0471236c7c7f: 69 chunks; 1.5 s; peak memory 551 MiB.
2026-10-09T14:07:21Z INFO [107/500] 69b4d29f-f2be-47a9-b350-6575fa87ae6a: 4171 chunks; 9.9 s; peak memory 551 MiB.
2026-10-09T14:07:22Z INFO [108/500] 69b565db-d72b-4df1-b1c8-bdeef97663ff: 117 chunks; 1.5 s; peak memory 551 MiB.
2026-10-09T14:07:23Z INFO [109/500] 69b66426-7ee0-4422-b33f-b0fd975d5493: 45 chunks; 1.1 s; peak memory 551 MiB.
2026-10-09T14:07:25Z INFO [110/500] 69b6a953-91bf-4d53-a59a-58c7afbd2108: 46 chunks; 1.2 s; peak memory 551 MiB.
2026-10-09T14:07:27Z INFO [111/500] 69b6adb0-680c-403b-ad85-1d8b4c156a03: 95 chunks; 2.1 s; peak memory 551 MiB.
2026-10-09T14:07:28Z INFO [112/500] 69b6b044-69b5-4955-975e-385d84f265ba: 48 chunks; 1.3 s; peak memory 551 MiB.
2026-10-09T14:07:30Z INFO [113/500] 69b744c5-21b8-4ba4-8962-f40bc5a1b821: 45 chunks; 1.6 s; peak memory 551 MiB.
2026-10-09T14:07:31Z INFO [114/500] 69b7854d-9417-4333-a56a-cc9aa9cbf598: 68 chunks; 1.6 s; peak memory 551 MiB.
2026-10-09T14:07:32Z INFO [115/500] 69b7f3d6-7725-4de8-b654-cd3bb2765420: 69 chunks; 1.2 s; peak memory 551 MiB.
2026-10-09T14:07:33Z INFO [116/500] 69b85dcb-9cc3-4c0c-8ac3-44c2e4b35517: 46 chunks; 1.1 s; peak memory 551 MiB.
2026-10-09T14:08:18Z INFO [117/500] 69b9965e-750a-4833-ae82-65ba4ca9083a: 16419 chunks; 44.3 s; peak memory 551 MiB.
2026-10-09T14:08:19Z INFO [118/500] 69b9ebb5-25fa-47af-9244-28e33433d286: 48 chunks; 1.4 s; peak memory 551 MiB.
2026-10-09T14:08:20Z INFO [119/500] 69ba817c-ff53-420c-ba6e-a36e33fc85a7: 46 chunks; 1.0 s; peak memory 551 MiB.
2026-10-09T14:08:22Z INFO [120/500] 69bb6bfb-3406-469a-9a2d-b4712bf8c775: 84 chunks; 1.7 s; peak memory 551 MiB.
2026-10-09T14:08:23Z INFO [121/500] 69bcb6b2-1bb3-45bf-b189-6110661939fe: 48 chunks; 1.3 s; peak memory 551 MiB.
2026-10-09T14:08:25Z INFO [122/500] 69bcc7db-5b68-43b5-953d-e95400283850: 118 chunks; 1.6 s; peak memory 551 MiB.
2026-10-09T14:08:31Z INFO [123/500] 69bd194a-97c4-4c4c-b50f-94754fc356e2: 3964 chunks; 6.7 s; peak memory 551 MiB.
2026-10-09T14:08:33Z INFO [124/500] 69bd4249-2d51-4853-8868-f586fb697968: 48 chunks; 1.4 s; peak memory 551 MiB.
2026-10-09T14:08:35Z INFO [125/500] 69bd5513-9782-471d-b53e-0d09365fcb68: 720 chunks; 2.5 s; peak memory 551 MiB.
2026-10-09T14:08:37Z INFO [126/500] 69bd9bce-d0e3-4236-a7a5-399ee503ff56: 89 chunks; 2.0 s; peak memory 551 MiB.
2026-10-09T14:08:38Z INFO [127/500] 69bdfa0b-2586-4b5d-bce9-eea9340c51da: 56 chunks; 1.1 s; peak memory 551 MiB.
2026-10-09T14:08:46Z INFO [128/500] 69beac87-e3e2-457f-9520-bc48b13d5262: 13084 chunks; 7.6 s; peak memory 551 MiB.
2026-10-09T14:08:48Z INFO [129/500] 69bf8b49-27ad-4930-991a-43e3f84051b1: 112 chunks; 1.8 s; peak memory 551 MiB.
2026-10-09T14:08:50Z INFO [130/500] 69c00bef-87a4-4e62-b285-4b4880a82b3a: 113 chunks; 2.1 s; peak memory 551 MiB.
2026-10-09T14:09:05Z INFO [131/500] 69c01087-5ec6-4aeb-bdf8-2e9726084e32: 17525 chunks; 15.4 s; peak memory 551 MiB.
2026-10-09T14:09:17Z INFO [132/500] 69c022b6-2b18-4f35-a901-1e4ce586b839: 1101 chunks; 11.6 s; peak memory 551 MiB.
2026-10-09T14:09:19Z INFO [133/500] 69c047b8-6d93-4caa-b2fc-7556cebedc80: 48 chunks; 1.6 s; peak memory 551 MiB.
2026-10-09T14:09:20Z INFO [134/500] 69c144c7-3ec5-4d57-affa-bd7239dea2ad: 48 chunks; 1.5 s; peak memory 551 MiB.
2026-10-09T14:09:21Z INFO [135/500] 69c1539e-0eee-469c-8088-686cc5068823: 46 chunks; 1.4 s; peak memory 551 MiB.
2026-10-09T14:09:30Z INFO [136/500] 69c168f9-573c-437e-a016-dd96f733d2fe: 435 chunks; 8.2 s; peak memory 551 MiB.
2026-10-09T14:09:31Z INFO [137/500] 69c1ca76-2efb-4daf-b4b4-0e5e51cb264e: 118 chunks; 1.5 s; peak memory 551 MiB.
2026-10-09T14:09:32Z INFO [138/500] 69c24735-096e-4393-b31f-f0262462f5bd: 46 chunks; 1.3 s; peak memory 551 MiB.
2026-10-09T14:09:37Z INFO [139/500] 69c315ab-fc00-4710-bcee-810b6f2bb336: 84 chunks; 4.3 s; peak memory 551 MiB.
2026-10-09T14:09:52Z INFO [140/500] 69c31d3c-34b5-4cab-bdea-c4c8f476886c: 1520 chunks; 15.3 s; peak memory 551 MiB.
2026-10-09T14:09:53Z INFO [141/500] 69c323a7-668a-425f-9d76-d68e130d1278: 48 chunks; 1.5 s; peak memory 551 MiB.
2026-10-09T14:09:55Z INFO [142/500] 69c345d1-500a-4931-98ec-5f8c090cf261: 48 chunks; 1.4 s; peak memory 551 MiB.
2026-10-09T14:10:07Z INFO [143/500] 69c3b54c-7180-4d54-9bcb-3f1941bde1a3: 20614 chunks; 11.8 s; peak memory 551 MiB.
2026-10-09T14:10:08Z INFO [144/500] 69c3be06-69d1-4e51-b9a9-c9a1ccc5d3f6: 117 chunks; 1.7 s; peak memory 551 MiB.
2026-10-09T14:10:12Z INFO [145/500] 69c424a6-eb0b-495b-920c-b9e6217c3bf3: 119 chunks; 3.3 s; peak memory 551 MiB.
2026-10-09T14:10:23Z INFO [146/500] 69c4e7c6-ff9c-4cbc-a90d-8b7a80679d23: 8876 chunks; 11.4 s; peak memory 551 MiB.
2026-10-09T14:10:25Z INFO [147/500] 69c694d7-9552-4559-be26-e70217a53fd1: 70 chunks; 2.2 s; peak memory 551 MiB.
2026-10-09T14:10:27Z INFO [148/500] 69c69ba3-44b2-4760-a6a9-83b592a45c85: 112 chunks; 1.9 s; peak memory 551 MiB.
2026-10-09T14:10:28Z INFO [149/500] 69c77513-71d3-4599-b515-bea6b6d99d53: 56 chunks; 1.1 s; peak memory 551 MiB.
2026-10-09T14:10:30Z INFO [150/500] 69c81f24-b085-49c2-88b2-edf2dfb21612: 66 chunks; 1.9 s; peak memory 551 MiB.
2026-10-09T14:10:31Z INFO [150/500] 69c81f24-b085-49c2-88b2-edf2dfb21612: checkpointed 97984 new records.
2026-10-09T14:10:33Z INFO [151/500] 69c82053-ccff-47ac-b807-0ed22124cde4: 67 chunks; 2.1 s; peak memory 551 MiB.
2026-10-09T14:10:35Z INFO [152/500] 69c8cbd7-d7a7-48bd-bc48-cfb751232dcb: 112 chunks; 1.9 s; peak memory 551 MiB.
2026-10-09T14:10:36Z INFO [153/500] 69c8cf9c-0009-4039-a1e5-ed3e0fc0d11d: 117 chunks; 1.5 s; peak memory 551 MiB.
2026-10-09T14:10:37Z INFO [154/500] 69c90025-46bf-4365-8984-dd355e690c33: 48 chunks; 1.3 s; peak memory 551 MiB.
2026-10-09T14:10:41Z INFO [155/500] 69c92a7c-25eb-4618-a609-70612fbb5537: 114 chunks; 3.8 s; peak memory 551 MiB.
2026-10-09T14:10:43Z INFO [156/500] 69ca3c93-e87b-475c-b87e-9e1f290d556e: 71 chunks; 2.2 s; peak memory 551 MiB.
2026-10-09T14:10:46Z INFO [157/500] 69cb999f-995a-4475-af68-42bf3c2c959b: 71 chunks; 2.3 s; peak memory 551 MiB.
2026-10-09T14:10:48Z INFO [158/500] 69cc022c-7ed7-487c-aaf9-a8ad11135f97: 112 chunks; 2.1 s; peak memory 551 MiB.
2026-10-09T14:10:52Z INFO [159/500] 69cc119d-2800-4acc-af12-6e40cc0434bb: 156 chunks; 3.8 s; peak memory 551 MiB.
2026-10-09T14:13:31Z INFO [160/500] 69cee972-4fa6-4016-ba14-6c2b377fccce: 38294 chunks; 159.5 s; peak memory 551 MiB.
2026-10-09T14:13:33Z INFO [161/500] 69cf2235-656c-4434-8ce2-a928e2599ea0: 117 chunks; 1.7 s; peak memory 551 MiB.
2026-10-09T14:13:37Z INFO [162/500] 69cf5217-9b43-45a4-9942-639bb852fcfd: 179 chunks; 4.0 s; peak memory 551 MiB.
2026-10-09T14:13:39Z INFO [163/500] 69cf8f6f-729c-4c56-9845-ae6df8779c80: 275 chunks; 2.1 s; peak memory 551 MiB.
2026-10-09T14:13:42Z INFO [164/500] 69cfae01-9f2b-4f4e-a5c5-267c7afd4274: 119 chunks; 3.1 s; peak memory 551 MiB.
2026-10-09T14:13:43Z INFO [165/500] 69d00264-d8be-458e-8fa0-b025cff2ce1a: 48 chunks; 1.5 s; peak memory 551 MiB.
2026-10-09T14:13:45Z INFO [166/500] 69d076c9-9d13-4378-a406-84daf183ad1c: 117 chunks; 1.8 s; peak memory 551 MiB.
2026-10-09T14:21:17Z INFO [167/500] 69d0f48f-1de0-48c4-9957-1425f5f4ed2b: 163414 chunks; 451.7 s; peak memory 820 MiB.
2026-10-09T14:21:19Z INFO [168/500] 69d25509-cf97-4c5d-a020-7872104cad18: 112 chunks; 2.0 s; peak memory 820 MiB.
2026-10-09T14:21:21Z INFO [169/500] 69d311d1-9c05-4db7-825d-042156c39162: 117 chunks; 1.9 s; peak memory 820 MiB.
2026-10-09T14:21:22Z INFO [170/500] 69d36eb0-125b-47e9-8e55-77d7d4c0a08c: 48 chunks; 1.4 s; peak memory 820 MiB.
2026-10-09T14:21:25Z INFO [171/500] 69d3b04a-af6d-499f-9793-47b2e13524c0: 138 chunks; 3.3 s; peak memory 820 MiB.
2026-10-09T14:21:36Z INFO [172/500] 69d3eee4-7674-4ab1-93f8-0496cc97be19: 7483 chunks; 10.5 s; peak memory 820 MiB.
2026-10-09T14:21:38Z INFO [173/500] 69d43440-3cf6-46a8-b7b8-13d8f8697593: 112 chunks; 1.8 s; peak memory 820 MiB.
2026-10-09T14:21:39Z INFO [174/500] 69d45de8-aff3-466e-b03b-6cdf771f6e7c: 48 chunks; 1.4 s; peak memory 820 MiB.
2026-10-09T14:21:53Z INFO [175/500] 69d51e72-5cbd-4ab9-a079-cf9d056e00ce: 13189 chunks; 13.5 s; peak memory 820 MiB.
2026-10-09T14:21:55Z INFO [176/500] 69d539d6-9fe7-4ae0-9194-96806fbe7ebe: 112 chunks; 2.7 s; peak memory 820 MiB.
2026-10-09T14:21:57Z INFO [177/500] 69d55812-27b8-4079-9928-044426dbbdd1: 118 chunks; 1.7 s; peak memory 820 MiB.
2026-10-09T14:21:59Z INFO [178/500] 69d5b0af-cc38-4c56-8a2e-88451f53eec7: 118 chunks; 1.7 s; peak memory 820 MiB.
2026-10-09T14:22:14Z INFO [179/500] 69d628aa-229e-48f8-912e-8e80c38e1773: 389 chunks; 15.2 s; peak memory 820 MiB.
2026-10-09T14:22:15Z INFO [180/500] 69d62ad8-870e-4ce0-9178-03d6787e21d8: 48 chunks; 1.4 s; peak memory 820 MiB.
2026-10-09T14:22:17Z INFO [181/500] 69d74b59-16cb-4ad3-9ba3-7b95861082ca: 49 chunks; 2.0 s; peak memory 820 MiB.
2026-10-09T14:22:20Z INFO [182/500] 69d7e231-7853-488a-b034-b1652c6b00c2: 112 chunks; 2.3 s; peak memory 820 MiB.
2026-10-09T14:22:21Z INFO [183/500] 69d821b1-99bc-4680-8ca6-174760302a26: 48 chunks; 1.4 s; peak memory 820 MiB.
2026-10-09T14:22:22Z INFO [184/500] 69d844fa-65e6-4c4c-a1f0-93cff66cbb2a: 48 chunks; 1.4 s; peak memory 820 MiB.
2026-10-09T14:22:24Z INFO [185/500] 69d86573-bfb8-48c0-ba71-fc1c2a9dc4f4: 116 chunks; 1.7 s; peak memory 820 MiB.
2026-10-09T14:22:40Z INFO [186/500] 69d99c47-3a0a-4fc5-8acb-de9159a98a2b: 26649 chunks; 16.1 s; peak memory 820 MiB.
2026-10-09T14:22:42Z INFO [187/500] 69db09a6-5029-453a-be13-315b7929b1a6: 48 chunks; 1.4 s; peak memory 820 MiB.
2026-10-09T14:22:43Z INFO [188/500] 69db482c-fa5c-47f9-9e69-beec30981f84: 70 chunks; 1.9 s; peak memory 820 MiB.
2026-10-09T14:22:45Z INFO [189/500] 69dbeec8-c5b3-46e7-bd0d-de49ebe6f0bd: 112 chunks; 1.9 s; peak memory 820 MiB.
2026-10-09T14:22:47Z INFO [190/500] 69dc7330-5463-452a-9467-f9c9e7f73a9f: 48 chunks; 1.4 s; peak memory 820 MiB.
2026-10-09T14:22:48Z INFO [191/500] 69dd0f14-70d4-412e-ac18-79f361024601: 48 chunks; 1.3 s; peak memory 820 MiB.
2026-10-09T14:22:51Z INFO [192/500] 69de4ea8-a659-4eea-bb71-71dd17eee22b: 141 chunks; 2.8 s; peak memory 820 MiB.
2026-10-09T14:22:52Z INFO [193/500] 69decc4a-5cd0-4a8f-9cfa-4a859161e9c9: 21 chunks; 1.0 s; peak memory 820 MiB.
2026-10-09T14:22:53Z INFO [194/500] 69ded1e5-6134-4103-8e09-6f9c697b2940: 48 chunks; 1.4 s; peak memory 820 MiB.
2026-10-09T14:22:55Z INFO [195/500] 69dee0cf-4bc1-4ace-b444-6b936fa33532: 72 chunks; 1.7 s; peak memory 820 MiB.
2026-10-09T14:22:57Z INFO [196/500] 69df4175-c9c5-4cbe-aafe-bb31978e11fa: 112 chunks; 1.9 s; peak memory 820 MiB.
2026-10-09T14:22:59Z INFO [197/500] 69df5d5d-5cc4-4d24-9fca-0e45d3f09083: 118 chunks; 1.7 s; peak memory 820 MiB.
2026-10-09T14:23:00Z INFO [198/500] 69df89e5-bb09-4b33-a3ee-6d5fbe943524: 48 chunks; 1.3 s; peak memory 820 MiB.
2026-10-09T14:25:32Z INFO [199/500] 69dfa2f6-edf3-42e6-bf64-9c75bcef9e04: 38288 chunks; 152.2 s; peak memory 820 MiB.
2026-10-09T14:25:33Z INFO [200/500] 69e007eb-74f8-4417-862c-519382f35ce7: 48 chunks; 1.4 s; peak memory 820 MiB.
2026-10-09T14:25:34Z INFO [200/500] 69e007eb-74f8-4417-862c-519382f35ce7: checkpointed 98034 new records.
2026-10-09T14:25:35Z INFO [201/500] 69e06005-8b58-45f1-87b3-b4aa53c1cca8: 55 chunks; 1.4 s; peak memory 820 MiB.
2026-10-09T14:25:48Z INFO [202/500] 69e07913-3e93-400f-8d0a-a802c7fc1f38: 21471 chunks; 12.7 s; peak memory 820 MiB.
2026-10-09T14:25:49Z INFO [203/500] 69e0da65-6417-4dd5-83b9-76d25c9161ec: 146 chunks; 1.5 s; peak memory 820 MiB.
2026-10-09T14:26:00Z INFO [204/500] 69e1a95f-6c0f-4203-86aa-6ec1054ed1ce: 339 chunks; 10.9 s; peak memory 820 MiB.
2026-10-09T14:26:02Z INFO [205/500] 69e2fda1-2968-4d6e-bd36-1c50c6917362: 39 chunks; 1.5 s; peak memory 820 MiB.
2026-10-09T14:26:03Z INFO [206/500] 69e31b11-0146-4cf0-a78a-470ffd9ed570: 170 chunks; 1.7 s; peak memory 820 MiB.
2026-10-09T14:26:05Z INFO [207/500] 69e45aee-6079-4e0c-9d0d-b52eead32b95: 62 chunks; 1.4 s; peak memory 820 MiB.
2026-10-09T14:26:08Z INFO [208/500] 69e4e701-bb9e-4a57-9c60-88a3f8541ff7: 71 chunks; 2.8 s; peak memory 820 MiB.
2026-10-09T14:26:09Z INFO [209/500] 69e502bd-5717-4bbc-bcbc-617fd924c567: 48 chunks; 1.4 s; peak memory 820 MiB.
2026-10-09T14:26:11Z INFO [210/500] 69e5ac0e-2d01-4372-90a9-d05ad260781b: 275 chunks; 1.9 s; peak memory 820 MiB.
2026-10-09T14:26:14Z INFO [211/500] 69e60f96-93b4-44ee-8c91-1f5f41cb2be1: 115 chunks; 3.1 s; peak memory 820 MiB.
2026-10-09T14:26:17Z INFO [212/500] 69e615dc-a7da-49a7-9b63-42628dbed59d: 933 chunks; 2.7 s; peak memory 820 MiB.
2026-10-09T14:26:24Z INFO [213/500] 69e63434-988f-4baa-af39-1558617926a6: 435 chunks; 7.3 s; peak memory 820 MiB.
2026-10-09T14:26:25Z INFO [214/500] 69e6802c-bbbc-40cb-a036-2ec4d86fe472: 48 chunks; 1.4 s; peak memory 820 MiB.
2026-10-09T14:26:28Z INFO [215/500] 69e69e33-1ec2-4303-95c8-2f6c8575a9c6: 71 chunks; 2.2 s; peak memory 820 MiB.
2026-10-09T14:26:29Z INFO [216/500] 69e6a6a0-4395-4554-9f8d-0fb983ba1786: 54 chunks; 1.1 s; peak memory 820 MiB.
2026-10-09T14:26:31Z INFO [217/500] 69e7865d-aebe-48cc-b1e5-b6b620c58541: 149 chunks; 2.5 s; peak memory 820 MiB.
2026-10-09T14:26:34Z INFO [218/500] 69e7c245-d0da-4192-8f3c-d871bf01a8e3: 71 chunks; 2.6 s; peak memory 820 MiB.
2026-10-09T14:26:36Z INFO [219/500] 69e7de35-706e-4394-8a77-fd255b488bbf: 112 chunks; 2.1 s; peak memory 820 MiB.
2026-10-09T14:26:39Z INFO [220/500] 69e82dd2-1f30-466c-bfbd-5469c798d845: 123 chunks; 3.5 s; peak memory 820 MiB.
2026-10-09T14:26:41Z INFO [221/500] 69e866d2-030e-4c1a-8087-adfc753682e3: 112 chunks; 1.7 s; peak memory 820 MiB.
2026-10-09T14:26:54Z INFO [222/500] 69e8b6b7-0c4e-485a-bbf6-23bcbcc7c0a9: 1042 chunks; 12.7 s; peak memory 820 MiB.
2026-10-09T14:26:55Z INFO [223/500] 69e95bf4-3028-4f1c-af6f-f89ad1dcdbd9: 48 chunks; 1.4 s; peak memory 820 MiB.
2026-10-09T14:26:56Z INFO [224/500] 69ea6438-5305-424f-a203-6efa1677f421: 48 chunks; 1.4 s; peak memory 820 MiB.
2026-10-09T14:27:13Z INFO [225/500] 69ea8fef-3cc2-4700-ac8e-ea328fe6cc73: 276 chunks; 16.3 s; peak memory 820 MiB.
2026-10-09T14:27:14Z INFO [226/500] 69eb811f-6cae-449a-980c-770ec07cbed0: 48 chunks; 1.3 s; peak memory 820 MiB.
2026-10-09T14:27:15Z INFO [227/500] 69ec5005-1f32-4fd4-b2e3-42775dd54f54: 48 chunks; 1.4 s; peak memory 820 MiB.
2026-10-09T14:27:17Z INFO [228/500] 69ec5730-a9b7-4dfa-a72f-be2f3981817b: 67 chunks; 1.6 s; peak memory 820 MiB.
2026-10-09T14:27:20Z INFO [229/500] 69ece7f8-1d2c-4cd6-b101-8d230c40d34e: 66 chunks; 2.5 s; peak memory 820 MiB.
2026-10-09T14:27:21Z INFO [230/500] 69ed8838-7019-4915-85bc-256372e620de: 45 chunks; 1.6 s; peak memory 820 MiB.
2026-10-09T14:27:23Z INFO [231/500] 69ee35d5-9426-4dd2-bc5f-339e71635174: 48 chunks; 1.4 s; peak memory 820 MiB.
2026-10-09T14:27:24Z INFO [232/500] 69ee989f-0bdc-4ee0-85ea-ad5da2ad4325: 150 chunks; 1.4 s; peak memory 820 MiB.
2026-10-09T14:27:25Z INFO [233/500] 69efd54e-03a1-40cb-8c05-b1b4d340933f: 46 chunks; 1.1 s; peak memory 820 MiB.
2026-10-09T14:27:28Z INFO [234/500] 69f02570-207c-40fd-bc45-ad7d92f255dd: 119 chunks; 2.5 s; peak memory 820 MiB.
2026-10-09T14:27:34Z INFO [235/500] 69f1ac36-a2ae-414c-9fd8-191407638a0b: 208 chunks; 6.5 s; peak memory 820 MiB.
2026-10-09T14:27:36Z INFO [236/500] 69f253b2-7673-4986-807c-fe3c433ed506: 117 chunks; 1.5 s; peak memory 820 MiB.
2026-10-09T14:27:37Z INFO [237/500] 69f32cb6-60ee-4dc0-a100-74f41a05756e: 58 chunks; 1.1 s; peak memory 820 MiB.
2026-10-09T14:27:38Z INFO [238/500] 69f33201-185c-480b-9b72-d956458291d6: 48 chunks; 1.5 s; peak memory 820 MiB.
2026-10-09T14:27:40Z INFO [239/500] 69f3da78-0468-4ea1-8eb5-e3593f8e9962: 71 chunks; 2.3 s; peak memory 820 MiB.
2026-10-09T14:27:43Z INFO [240/500] 69f492c1-8348-4071-9276-e5de29941fab: 112 chunks; 2.3 s; peak memory 820 MiB.
2026-10-09T14:27:44Z INFO [241/500] 69f531e6-842f-4af1-8e5f-ae02f2a71f3b: 61 chunks; 1.3 s; peak memory 820 MiB.
2026-10-09T14:27:45Z INFO [242/500] 69f54f19-67a7-4012-8d16-4681998267d1: 48 chunks; 1.3 s; peak memory 820 MiB.
2026-10-09T14:27:53Z INFO [243/500] 69f5f073-073f-44d6-ab2f-59016fb4abfb: 12560 chunks; 7.7 s; peak memory 820 MiB.
2026-10-09T14:27:54Z INFO [244/500] 69f5ffb9-f722-4059-99d6-9a35ba9fa3dc: 46 chunks; 1.1 s; peak memory 820 MiB.
2026-10-09T15:35:42Z INFO [245/500] 69f60ecc-93e2-473b-b542-e03c8c2849cc: 557306 chunks; 4068.1 s; peak memory 1220 MiB.
2026-10-09T15:35:43Z INFO [246/500] 69f62431-14a2-428c-bb3b-ba49124f66c7: 63 chunks; 1.2 s; peak memory 1220 MiB.
2026-10-09T15:35:45Z INFO [247/500] 69f7a6a3-3792-4d7e-9ea0-9e0df6f363f8: 48 chunks; 1.3 s; peak memory 1220 MiB.
2026-10-09T15:35:46Z INFO [248/500] 69f8dd7a-fc9e-4561-8711-8b17f9704a95: 48 chunks; 1.2 s; peak memory 1220 MiB.
2026-10-09T15:35:47Z INFO [249/500] 69f95649-914c-4e15-ab63-c8dcebbcdb30: 117 chunks; 1.4 s; peak memory 1220 MiB.
2026-10-09T15:35:49Z INFO [250/500] 69f99ea3-4152-4dce-a867-99afb4e55d3f: 112 chunks; 1.4 s; peak memory 1220 MiB.
2026-10-09T15:35:49Z INFO [250/500] 69f99ea3-4152-4dce-a867-99afb4e55d3f: checkpointed 98084 new records.
2026-10-09T15:35:57Z INFO [251/500] 69f9b5f9-92ea-4673-bfa1-a554157430fd: 2922 chunks; 7.8 s; peak memory 1220 MiB.
2026-10-09T15:35:59Z INFO [252/500] 69fa1726-2516-4758-81c6-36154d609b17: 66 chunks; 1.9 s; peak memory 1220 MiB.
2026-10-09T15:36:00Z INFO [253/500] 69fbc571-1f95-4ab4-8cb8-83b928a2b8b1: 72 chunks; 1.5 s; peak memory 1220 MiB.
2026-10-09T15:36:03Z INFO [254/500] 69fc8dc4-2a4c-49e5-b01a-72b006a5a1d3: 73 chunks; 2.3 s; peak memory 1220 MiB.
2026-10-09T15:36:04Z INFO [255/500] 69fc957a-d7de-47ff-bd7a-39be24faa3f7: 35 chunks; 1.0 s; peak memory 1220 MiB.
2026-10-09T15:38:26Z INFO [256/500] 69fcbb12-fc07-4f4e-a425-f82db2915c4a: 37755 chunks; 142.5 s; peak memory 1220 MiB.
2026-10-09T15:38:27Z INFO [257/500] 69fdcd1f-8a16-40c3-a2ea-5996d68de2fc: 51 chunks; 1.1 s; peak memory 1220 MiB.
2026-10-09T15:38:29Z INFO [258/500] 69fdfd80-6861-444b-b777-36d7a9114245: 72 chunks; 1.6 s; peak memory 1220 MiB.
2026-10-09T15:38:34Z INFO [259/500] 69fedb5f-0114-440e-a2c4-844f0303190e: 8470 chunks; 5.4 s; peak memory 1220 MiB.
2026-10-09T15:38:35Z INFO [260/500] 69feef59-0cfd-4fb8-8c97-c81937675c5b: 108 chunks; 1.2 s; peak memory 1220 MiB.
2026-10-09T15:38:37Z INFO [261/500] 69ffaa1b-278a-4920-aa9a-0796fc3a68dc: 71 chunks; 1.7 s; peak memory 1220 MiB.
2026-10-09T15:38:49Z INFO [262/500] 6a00c753-49fe-4852-aa40-b92844cc97df: 1245 chunks; 12.2 s; peak memory 1220 MiB.
2026-10-09T15:39:10Z INFO [263/500] 6a016131-817f-4d13-94db-168590dc5b85: 6334 chunks; 21.0 s; peak memory 1220 MiB.
2026-10-09T15:39:12Z INFO [264/500] 6a01790e-4e7a-412f-b953-561001a4c348: 67 chunks; 1.4 s; peak memory 1220 MiB.
2026-10-09T15:39:13Z INFO [265/500] 6a0185fa-6cde-443f-aadc-66f8c2f37964: 48 chunks; 1.3 s; peak memory 1220 MiB.
2026-10-09T15:39:14Z INFO [266/500] 6a01fbe8-1b9e-4be3-9799-309cdf598227: 48 chunks; 1.2 s; peak memory 1220 MiB.
2026-10-09T15:39:15Z INFO [267/500] 6a033776-88e8-4868-a13d-903a8b62a4ef: 69 chunks; 1.1 s; peak memory 1220 MiB.
2026-10-09T15:39:17Z INFO [268/500] 6a038bac-7db0-440e-8c32-8f46ab1250a7: 48 chunks; 1.2 s; peak memory 1220 MiB.
2026-10-09T15:41:02Z INFO [269/500] 6a03ef58-e8c6-4a4a-b145-b48ab902ce09: 13382 chunks; 105.3 s; peak memory 1220 MiB.
2026-10-09T15:41:03Z INFO [270/500] 6a043849-d6af-47fb-ad83-4fc5ff41c9eb: 48 chunks; 1.1 s; peak memory 1220 MiB.
2026-10-09T15:41:04Z INFO [271/500] 6a055d31-bd41-4991-936d-135cf2a65b6f: 118 chunks; 1.3 s; peak memory 1220 MiB.
2026-10-09T15:41:05Z INFO [272/500] 6a05dd9b-e24d-4305-9665-06c8fcbc7bdf: 112 chunks; 1.2 s; peak memory 1220 MiB.
2026-10-09T15:41:10Z INFO [273/500] 6a062666-c1b8-4b51-bff4-44ee0bc48b50: 2020 chunks; 4.2 s; peak memory 1220 MiB.
2026-10-09T15:41:11Z INFO [274/500] 6a071d8e-c115-4684-ae5c-567c0cc7570b: 45 chunks; 1.0 s; peak memory 1220 MiB.
2026-10-09T15:41:13Z INFO [275/500] 6a07e824-f3db-496f-b1e2-578f59e81368: 158 chunks; 2.3 s; peak memory 1220 MiB.
2026-10-09T15:41:15Z INFO [276/500] 6a090d28-c33e-434b-8a4a-e2622f94ec29: 110 chunks; 1.7 s; peak memory 1220 MiB.
2026-10-09T15:41:17Z INFO [277/500] 6a09ce94-b73f-48fb-82df-8e779c64cd27: 158 chunks; 2.2 s; peak memory 1220 MiB.
2026-10-09T15:41:18Z INFO [278/500] 6a0a68dc-587d-44d9-896b-ed8e7e522a1d: 116 chunks; 1.4 s; peak memory 1220 MiB.
2026-10-09T15:41:20Z INFO [279/500] 6a0a6af5-2969-4820-a2e5-db4e4210bdcf: 117 chunks; 1.5 s; peak memory 1220 MiB.
2026-10-09T15:41:23Z INFO [280/500] 6a0a934e-8ca9-427b-8d71-c3b68b47684b: 156 chunks; 3.5 s; peak memory 1220 MiB.
2026-10-09T15:41:25Z INFO [281/500] 6a0abfb9-f5e9-4986-af79-9d29b0c01aea: 66 chunks; 1.7 s; peak memory 1220 MiB.
2026-10-09T15:41:27Z INFO [282/500] 6a0bae93-d288-4838-b49c-7c060ec2c37e: 69 chunks; 2.0 s; peak memory 1220 MiB.
2026-10-09T15:41:28Z INFO [283/500] 6a0c756a-c043-425c-a361-cf88c21da28a: 118 chunks; 1.4 s; peak memory 1220 MiB.
2026-10-09T15:41:36Z INFO [284/500] 6a0d6ef1-e768-4785-bdcc-ba14558c5663: 1152 chunks; 7.8 s; peak memory 1220 MiB.
2026-10-09T15:41:38Z INFO [285/500] 6a0d7f89-ea64-41f9-9808-e1c0e8c1638a: 117 chunks; 1.6 s; peak memory 1220 MiB.
2026-10-09T15:41:40Z INFO [286/500] 6a0de414-282d-4df1-8b30-1a0c65d835eb: 66 chunks; 1.9 s; peak memory 1220 MiB.
2026-10-09T15:41:41Z INFO [287/500] 6a0e19ee-5ceb-4756-957e-e699029ab2a1: 41 chunks; 1.1 s; peak memory 1220 MiB.
2026-10-09T15:41:42Z INFO [288/500] 6a0f552b-07e3-44bc-8e7b-69a9a36f7cd5: 118 chunks; 1.5 s; peak memory 1220 MiB.
2026-10-09T15:41:51Z INFO [289/500] 6a0f698d-d588-4247-a5cb-ec117b6b00a0: 4052 chunks; 8.9 s; peak memory 1220 MiB.
2026-10-09T15:41:52Z INFO [290/500] 6a0f9370-2cd5-4893-81c2-4cb268049126: 48 chunks; 1.2 s; peak memory 1220 MiB.
2026-10-09T15:41:54Z INFO [291/500] 6a101e39-ce85-4346-8f23-a8f9ea582c8a: 114 chunks; 1.4 s; peak memory 1220 MiB.
2026-10-09T15:41:55Z INFO [292/500] 6a109229-e122-4ce3-a70c-7dd1a86b7656: 117 chunks; 1.4 s; peak memory 1220 MiB.
2026-10-09T15:41:58Z INFO [293/500] 6a1169a0-dde8-4115-b34b-6c40f225da02: 115 chunks; 2.8 s; peak memory 1220 MiB.
2026-10-09T15:42:19Z INFO [294/500] 6a11b7c7-549d-43ea-816e-7c5b96c76c2d: 26326 chunks; 21.5 s; peak memory 1220 MiB.
2026-10-09T15:42:21Z INFO [295/500] 6a122346-5fb0-4a59-b039-7a2bc51e5420: 76 chunks; 1.7 s; peak memory 1220 MiB.
2026-10-09T15:42:28Z INFO [296/500] 6a12511d-a52d-4f72-b02c-63b6b0103623: 4871 chunks; 6.8 s; peak memory 1220 MiB.
2026-10-09T15:42:34Z INFO [297/500] 6a13e315-91c9-40bb-8bbe-e2735382048a: 174 chunks; 5.8 s; peak memory 1220 MiB.
2026-10-09T15:42:35Z INFO [298/500] 6a1424b8-d1d1-4e2c-89fd-f2070d95a53c: 48 chunks; 1.1 s; peak memory 1220 MiB.
2026-10-09T15:42:36Z INFO [299/500] 6a155aa7-ddf5-456b-8784-e99ed8545540: 64 chunks; 1.3 s; peak memory 1220 MiB.
2026-10-09T15:42:37Z INFO [300/500] 6a15a4f0-8a3b-4127-8076-f4e02cdf0d4f: 48 chunks; 1.2 s; peak memory 1220 MiB.
2026-10-09T15:42:38Z INFO [300/500] 6a15a4f0-8a3b-4127-8076-f4e02cdf0d4f: checkpointed 98134 new records.
2026-10-09T15:42:39Z INFO [301/500] 6a15ecf6-45ca-4fd3-8a7d-bb4714447212: 48 chunks; 1.2 s; peak memory 1220 MiB.
2026-10-09T15:42:41Z INFO [302/500] 6a168b5c-a10e-4051-982b-c004e8ca0695: 67 chunks; 2.5 s; peak memory 1220 MiB.
2026-10-09T15:42:50Z INFO [303/500] 6a16ad4d-997d-4ab0-ac94-3abf409574f3: 777 chunks; 8.1 s; peak memory 1220 MiB.
2026-10-09T15:42:52Z INFO [304/500] 6a176d6a-6651-46a8-a3af-63483e062b5e: 71 chunks; 2.4 s; peak memory 1220 MiB.
2026-10-09T15:43:04Z INFO [305/500] 6a1787f2-53e2-40ea-a7a1-022bda800e30: 3415 chunks; 12.4 s; peak memory 1220 MiB.
2026-10-09T15:43:07Z INFO [306/500] 6a183e01-e09a-4fdb-9938-61ec5d598fdc: 118 chunks; 2.9 s; peak memory 1220 MiB.
2026-10-09T15:43:09Z INFO [307/500] 6a18ab5c-2b4c-4eab-801e-fad224c6ccc9: 117 chunks; 1.5 s; peak memory 1220 MiB.
2026-10-09T15:43:10Z INFO [308/500] 6a19321a-df3a-45b6-b8d5-7616f3884b04: 112 chunks; 1.6 s; peak memory 1220 MiB.
2026-10-09T15:43:12Z INFO [309/500] 6a1b09a8-2b75-4895-9b65-03573eb03a0a: 48 chunks; 1.2 s; peak memory 1220 MiB.
2026-10-09T15:43:15Z INFO [310/500] 6a1bb1e1-97f1-4c9b-b0c4-d3ee9035325a: 156 chunks; 3.4 s; peak memory 1220 MiB.
2026-10-09T15:43:16Z INFO [311/500] 6a1c6531-5cbd-4580-bf93-83c26c33da38: 48 chunks; 1.3 s; peak memory 1220 MiB.
2026-10-09T15:43:18Z INFO [312/500] 6a1da37f-2e81-4ccb-87ad-0933f264ed89: 112 chunks; 1.8 s; peak memory 1220 MiB.
2026-10-09T15:43:20Z INFO [313/500] 6a1da62f-ae0d-4210-811e-6b4c082d7408: 59 chunks; 1.7 s; peak memory 1220 MiB.
2026-10-09T15:43:21Z INFO [314/500] 6a1ebf25-3819-4261-87ab-7c6b08bcf774: 102 chunks; 1.2 s; peak memory 1220 MiB.
2026-10-09T15:43:23Z INFO [315/500] 6a2004a2-dcaa-45a0-bacc-5b420b6935e8: 66 chunks; 1.7 s; peak memory 1220 MiB.
2026-10-09T15:43:33Z INFO [316/500] 6a20225a-399b-48fd-add6-0735963bfd7e: 402 chunks; 10.7 s; peak memory 1220 MiB.
2026-10-09T15:43:35Z INFO [317/500] 6a203b5a-cd7d-4289-8c80-11f95ed6f743: 59 chunks; 1.6 s; peak memory 1220 MiB.
2026-10-09T15:43:37Z INFO [318/500] 6a20935c-9f38-4aaf-ab93-a13b770fbe70: 67 chunks; 1.7 s; peak memory 1220 MiB.
2026-10-09T15:43:38Z INFO [319/500] 6a20ffe3-5942-40db-8d8a-28cd0f94062b: 69 chunks; 1.9 s; peak memory 1220 MiB.
2026-10-09T15:43:40Z INFO [320/500] 6a213ead-4b39-43fd-a9a7-942a26b68cee: 289 chunks; 1.8 s; peak memory 1220 MiB.
2026-10-09T15:43:42Z INFO [321/500] 6a2173cd-f872-4394-b5f1-89cc3c30e670: 112 chunks; 1.8 s; peak memory 1220 MiB.
2026-10-09T15:43:43Z INFO [322/500] 6a223310-5304-4ef4-8fd8-b43a12a9b43d: 48 chunks; 1.3 s; peak memory 1220 MiB.
2026-10-09T15:43:45Z INFO [323/500] 6a2297cb-007b-446c-97ba-52824b6a4319: 114 chunks; 1.4 s; peak memory 1220 MiB.
2026-10-09T15:43:46Z INFO [324/500] 6a22e5ff-427a-4297-a266-b9f277e7040f: 50 chunks; 1.1 s; peak memory 1220 MiB.
2026-10-09T15:43:48Z INFO [325/500] 6a24d46a-7086-433a-9e16-705036f5babb: 66 chunks; 1.8 s; peak memory 1220 MiB.
2026-10-09T15:43:49Z INFO [326/500] 6a25126a-1a67-4eda-a704-7562e3509d13: 48 chunks; 1.2 s; peak memory 1220 MiB.
2026-10-09T15:43:53Z INFO [327/500] 6a25bcaa-20d7-40fb-8b4f-93e71ef782dd: 156 chunks; 3.5 s; peak memory 1220 MiB.
2026-10-09T15:43:54Z INFO [328/500] 6a25f3ac-47d3-4d13-b48c-7668e7fbe60a: 48 chunks; 1.2 s; peak memory 1220 MiB.
2026-10-09T15:43:56Z INFO [329/500] 6a274bd5-b254-4b50-b1f8-3ae1b3e5ca2b: 66 chunks; 1.8 s; peak memory 1220 MiB.
2026-10-09T15:43:57Z INFO [330/500] 6a27812d-d23e-4c92-9753-405725d86a7f: 65 chunks; 1.3 s; peak memory 1220 MiB.
2026-10-09T15:43:58Z INFO [331/500] 6a281127-892f-47cd-a0d4-078d5bb4577d: 56 chunks; 1.0 s; peak memory 1220 MiB.
2026-10-09T15:44:10Z INFO [332/500] 6a284f68-f445-4e11-ab9f-c9036ade162a: 537 chunks; 12.1 s; peak memory 1220 MiB.
2026-10-09T16:42:01Z INFO [333/500] 6a29c76c-6f9a-4af5-8b5a-e10d6599fbdb: 789700 chunks; 3470.5 s; peak memory 1238 MiB.
2026-10-09T16:42:02Z INFO [334/500] 6a2a1282-c0cb-4cf4-a5dc-658bd67cd18f: 48 chunks; 1.3 s; peak memory 1238 MiB.
2026-10-09T16:42:03Z INFO [335/500] 6a2aa26b-7e1c-4dc5-ae4d-9563d3d94790: 116 chunks; 1.5 s; peak memory 1238 MiB.
2026-10-09T16:42:07Z INFO [336/500] 6a2b4806-9851-4605-8693-21627c49747d: 156 chunks; 3.6 s; peak memory 1238 MiB.
2026-10-09T16:42:10Z INFO [337/500] 6a2e65a3-9483-443b-aed1-70f7e14eb80b: 94 chunks; 2.7 s; peak memory 1238 MiB.
2026-10-09T16:42:11Z INFO [338/500] 6a2f96ac-584f-4094-bca7-e8ec32b245b0: 52 chunks; 1.3 s; peak memory 1238 MiB.
2026-10-09T16:42:12Z INFO [339/500] 6a300115-03c1-482f-8550-98395bfaec1b: 118 chunks; 1.4 s; peak memory 1238 MiB.
2026-10-09T16:42:14Z INFO [340/500] 6a30830e-01f4-4dfb-a273-71a8c10a0e08: 49 chunks; 1.8 s; peak memory 1238 MiB.
2026-10-09T16:42:16Z INFO [341/500] 6a318393-8a89-4e44-a79c-b1ebf4b9f1c2: 62 chunks; 1.8 s; peak memory 1238 MiB.
2026-10-09T16:42:18Z INFO [342/500] 6a32093a-0bce-4b6f-9da0-5b28a32bbbad: 49 chunks; 1.8 s; peak memory 1238 MiB.
2026-10-09T16:42:19Z INFO [343/500] 6a32620d-fc37-443b-aa62-83154ff05f73: 48 chunks; 1.3 s; peak memory 1238 MiB.
2026-10-09T16:42:25Z INFO [344/500] 6a339079-6814-4228-bf11-9f029ce5d02e: 2534 chunks; 6.3 s; peak memory 1238 MiB.
2026-10-09T16:42:27Z INFO [345/500] 6a34057d-234e-4700-b5e4-347297082953: 48 chunks; 1.2 s; peak memory 1238 MiB.
2026-10-09T16:42:29Z INFO [346/500] 6a341db8-a890-43a7-b825-bb15e7b699a9: 71 chunks; 2.4 s; peak memory 1238 MiB.
2026-10-09T16:42:37Z INFO [347/500] 6a342292-b108-46f0-91ac-7e86845e310d: 4151 chunks; 8.1 s; peak memory 1238 MiB.
2026-10-09T16:42:38Z INFO [348/500] 6a34b1bd-a408-42d0-8c85-b0b358297c3c: 48 chunks; 1.2 s; peak memory 1238 MiB.
2026-10-09T16:42:39Z INFO [349/500] 6a34d0e7-dc7d-407a-ba57-b166fe6bfc73: 46 chunks; 1.0 s; peak memory 1238 MiB.
2026-10-09T16:42:41Z INFO [350/500] 6a350200-cf65-4fc2-bd8c-462ecbff5d35: 68 chunks; 1.4 s; peak memory 1238 MiB.
2026-10-09T16:42:41Z INFO [350/500] 6a350200-cf65-4fc2-bd8c-462ecbff5d35: checkpointed 98184 new records.
2026-10-09T16:42:55Z INFO [351/500] 6a3514c4-e34d-464b-8ac6-a98a40577082: 18062 chunks; 13.8 s; peak memory 1238 MiB.
2026-10-09T16:42:59Z INFO [352/500] 6a3528bc-45f6-4d0a-80bc-3f2e7f37d4d6: 2548 chunks; 4.2 s; peak memory 1238 MiB.
2026-10-09T16:43:06Z INFO [353/500] 6a35f0c2-d6fe-4491-be48-f5b74a7c3eac: 10501 chunks; 6.9 s; peak memory 1238 MiB.
2026-10-09T16:43:07Z INFO [354/500] 6a362949-fa9b-47b3-9fc4-a734b5f6033c: 117 chunks; 1.4 s; peak memory 1238 MiB.
2026-10-09T16:43:09Z INFO [355/500] 6a3629fb-2d6a-42fb-bacb-278fea214acf: 110 chunks; 1.7 s; peak memory 1238 MiB.
2026-10-09T16:43:10Z INFO [356/500] 6a36950b-ada3-4c1c-8ef4-fdee04267ba1: 117 chunks; 1.4 s; peak memory 1238 MiB.
2026-10-09T16:43:12Z INFO [357/500] 6a36c35b-11f6-49cf-a809-83cf177e47f6: 48 chunks; 1.2 s; peak memory 1238 MiB.
2026-10-09T16:43:14Z INFO [358/500] 6a36fa0e-5b50-4bbf-9981-9c76cb79d352: 118 chunks; 1.9 s; peak memory 1238 MiB.
2026-10-09T16:43:15Z INFO [359/500] 6a377dd3-0c82-45e0-8153-4c15a8335fa5: 117 chunks; 1.6 s; peak memory 1238 MiB.
2026-10-09T16:43:16Z INFO [360/500] 6a378723-468f-47eb-9609-496a00f6aa08: 48 chunks; 1.3 s; peak memory 1238 MiB.
2026-10-09T16:43:18Z INFO [361/500] 6a37ca15-c48b-47c2-99dd-e14ad3a7e6d0: 48 chunks; 1.2 s; peak memory 1238 MiB.
2026-10-09T16:43:19Z INFO [362/500] 6a387c55-d8e6-46f6-8ff1-25a91501491e: 275 chunks; 1.8 s; peak memory 1238 MiB.
2026-10-09T16:43:20Z INFO [363/500] 6a3a43f5-ffb1-477a-ad69-682b4794bd06: 46 chunks; 1.1 s; peak memory 1238 MiB.
2026-10-09T16:43:22Z INFO [364/500] 6a3a8292-7fc5-4037-b2e0-597db0ae9e16: 48 chunks; 1.3 s; peak memory 1238 MiB.
2026-10-09T16:43:24Z INFO [365/500] 6a3b34ef-24a6-4f6b-901b-461a8918c77e: 69 chunks; 1.9 s; peak memory 1238 MiB.
2026-10-09T16:43:27Z INFO [366/500] 6a3b3d51-b2d9-45e6-8791-5f470a18b0a5: 115 chunks; 2.9 s; peak memory 1238 MiB.
2026-10-09T16:43:35Z INFO [367/500] 6a3bce68-9bda-4b81-9b5d-8b30a930bbae: 1280 chunks; 8.4 s; peak memory 1238 MiB.
2026-10-09T16:43:43Z INFO [368/500] 6a3c0708-c1b3-4e8f-8c76-9f5bd463dd26: 611 chunks; 7.9 s; peak memory 1238 MiB.
2026-10-09T16:43:44Z INFO [369/500] 6a3ca8fd-b747-4431-98c6-04e0991771f9: 35 chunks; 1.5 s; peak memory 1238 MiB.
2026-10-09T16:43:46Z INFO [370/500] 6a3e67d0-4495-4ce0-b591-d4bb09fca34a: 112 chunks; 1.8 s; peak memory 1238 MiB.
2026-10-09T16:43:48Z INFO [371/500] 6a3e7ff9-4be1-4928-b540-27dffd0c16ba: 71 chunks; 2.2 s; peak memory 1238 MiB.
2026-10-09T16:43:49Z INFO [372/500] 6a3e87f6-e3fd-4fb0-b3a1-9ae035b2dc58: 48 chunks; 1.2 s; peak memory 1238 MiB.
2026-10-09T16:43:51Z INFO [373/500] 6a3ebeba-9d9f-40fb-b79f-e90a604f5b29: 118 chunks; 1.7 s; peak memory 1238 MiB.
2026-10-09T16:43:59Z INFO [374/500] 6a3ed00d-904d-47fa-884b-504eeac9ed3f: 3403 chunks; 8.0 s; peak memory 1238 MiB.
2026-10-09T16:44:07Z INFO [375/500] 6a3f967d-2cbf-49d5-98b6-4afb5ed952f4: 400 chunks; 7.6 s; peak memory 1238 MiB.
2026-10-09T16:44:09Z INFO [376/500] 6a4006a5-eed5-4de2-a3fb-c0eee16bf7e1: 204 chunks; 1.9 s; peak memory 1238 MiB.
2026-10-09T16:44:11Z INFO [377/500] 6a40219e-674a-4dd8-940c-2508176e237c: 67 chunks; 2.0 s; peak memory 1238 MiB.
2026-10-09T16:44:12Z INFO [378/500] 6a41a037-3825-40c1-828b-a28f16bf819e: 67 chunks; 1.6 s; peak memory 1238 MiB.
2026-10-09T16:44:22Z INFO [379/500] 6a420305-2fef-4e08-be5b-25447feac917: 9452 chunks; 9.3 s; peak memory 1238 MiB.
2026-10-09T16:44:26Z INFO [380/500] 6a4275f9-68bd-45d8-bce2-17743d8de3f4: 156 chunks; 4.1 s; peak memory 1238 MiB.
2026-10-09T16:44:27Z INFO [381/500] 6a42a010-0807-4050-9f52-753ba18dcfeb: 48 chunks; 1.2 s; peak memory 1238 MiB.
2026-10-09T16:44:28Z INFO [382/500] 6a42ffa3-bb46-4ec9-9f48-9c789a94d15f: 56 chunks; 1.0 s; peak memory 1238 MiB.
2026-10-09T16:44:38Z INFO [383/500] 6a432634-e206-4811-9b09-5f3c7a5d681a: 1039 chunks; 10.5 s; peak memory 1238 MiB.
2026-10-09T16:44:41Z INFO [384/500] 6a4358e4-ebfc-47b2-a8c3-60ef925413fe: 121 chunks; 2.7 s; peak memory 1238 MiB.
2026-10-09T16:44:42Z INFO [385/500] 6a43a65d-f181-4fae-8ac5-60fd4217770c: 166 chunks; 1.3 s; peak memory 1238 MiB.
2026-10-09T16:44:44Z INFO [386/500] 6a450167-b33e-4adc-855d-62663f6d2bcc: 112 chunks; 1.8 s; peak memory 1238 MiB.
2026-10-09T16:44:46Z INFO [387/500] 6a45be7c-283e-4bef-864d-e236061474a1: 110 chunks; 1.7 s; peak memory 1238 MiB.
2026-10-09T16:44:47Z INFO [388/500] 6a4737e1-fa5b-4807-803d-9a5d390a34d2: 117 chunks; 1.4 s; peak memory 1238 MiB.
2026-10-09T16:45:10Z INFO [389/500] 6a476aa9-02e1-48db-91df-ee01bc7d08c1: 33939 chunks; 22.9 s; peak memory 1238 MiB.
2026-10-09T16:45:16Z INFO [390/500] 6a476bae-6554-4508-b022-173d08f4c069: 372 chunks; 5.7 s; peak memory 1238 MiB.
2026-10-09T16:45:18Z INFO [391/500] 6a48d605-c739-433d-a30e-f971b281891b: 112 chunks; 1.8 s; peak memory 1238 MiB.
2026-10-09T16:45:19Z INFO [392/500] 6a48ebfa-86ed-4925-a630-312a519afbfa: 84 chunks; 1.5 s; peak memory 1238 MiB.
2026-10-09T16:45:27Z INFO [393/500] 6a491b4b-cbf6-46e0-9c19-ff620159946c: 2923 chunks; 7.5 s; peak memory 1238 MiB.
2026-10-09T16:45:29Z INFO [394/500] 6a493718-aae7-47c9-8c22-c04f7d6411cb: 112 chunks; 1.9 s; peak memory 1238 MiB.
2026-10-09T16:45:30Z INFO [395/500] 6a49c161-8272-4388-ba53-1cabb56f8cc2: 48 chunks; 1.2 s; peak memory 1238 MiB.
2026-10-09T16:45:31Z INFO [396/500] 6a4c97fb-8006-4a19-91f7-73d7791e1baf: 72 chunks; 1.5 s; peak memory 1238 MiB.
2026-10-09T16:45:33Z INFO [397/500] 6a4ce5ab-1747-4463-99ff-41307d30b49e: 112 chunks; 1.7 s; peak memory 1238 MiB.
2026-10-09T16:45:38Z INFO [398/500] 6a4d4c63-1216-4da4-80cc-b39f1d2b6ca4: 262 chunks; 5.0 s; peak memory 1238 MiB.
2026-10-09T16:45:41Z INFO [399/500] 6a4e5525-9144-420d-adf0-3dbad6807dd5: 90 chunks; 3.3 s; peak memory 1238 MiB.
2026-10-09T16:45:59Z INFO [400/500] 6a4e8213-bf27-49fb-ad95-0df4a185c432: 8232 chunks; 17.5 s; peak memory 1238 MiB.
2026-10-09T16:45:59Z INFO [400/500] 6a4e8213-bf27-49fb-ad95-0df4a185c432: checkpointed 98234 new records.
2026-10-09T16:46:01Z INFO [401/500] 6a4e8d1c-bec1-4a3e-87a2-646efec97af0: 112 chunks; 1.9 s; peak memory 1238 MiB.
2026-10-09T16:46:02Z INFO [402/500] 6a500178-3747-4972-872d-635495c37020: 117 chunks; 1.3 s; peak memory 1238 MiB.
2026-10-09T16:46:07Z INFO [403/500] 6a5060cc-506f-4061-b3d0-79c2af07ecd8: 783 chunks; 5.1 s; peak memory 1238 MiB.
2026-10-09T16:46:10Z INFO [404/500] 6a50651a-7743-42f4-a35f-9569482fd607: 115 chunks; 3.1 s; peak memory 1238 MiB.
2026-10-09T16:46:14Z INFO [405/500] 6a51a279-1ad4-48fe-97bd-8fe26231400a: 90 chunks; 3.1 s; peak memory 1238 MiB.
2026-10-09T16:46:15Z INFO [406/500] 6a52541e-eb99-4b70-8f36-b31e23c26c1d: 112 chunks; 1.7 s; peak memory 1238 MiB.
2026-10-09T16:46:44Z INFO [407/500] 6a52e7c4-0c3f-4372-95b0-be81c887f442: 5647 chunks; 28.8 s; peak memory 1238 MiB.
2026-10-09T16:46:45Z INFO [408/500] 6a53752d-eefb-470c-b164-27755a4c6cc7: 53 chunks; 1.2 s; peak memory 1238 MiB.
2026-10-09T16:46:46Z INFO [409/500] 6a53d6bd-1f18-4166-84ca-09e6c25221d4: 84 chunks; 1.2 s; peak memory 1238 MiB.
2026-10-09T16:46:47Z INFO [410/500] 6a540205-c60b-4a99-b945-a7337cc77419: 46 chunks; 0.9 s; peak memory 1238 MiB.
2026-10-09T16:46:53Z INFO [411/500] 6a5446b0-b352-4f4d-ba97-65bf85d2d376: 608 chunks; 5.9 s; peak memory 1238 MiB.
2026-10-09T16:46:55Z INFO [412/500] 6a54bfba-5eab-463a-80c5-abf05dc3d7ff: 112 chunks; 1.7 s; peak memory 1238 MiB.
2026-10-09T16:46:57Z INFO [413/500] 6a54e297-b12a-4217-8896-ee35776107e3: 66 chunks; 1.6 s; peak memory 1238 MiB.
2026-10-09T16:47:01Z INFO [414/500] 6a55039c-7f18-4007-af12-6e0175ed7bf3: 85 chunks; 3.9 s; peak memory 1238 MiB.
2026-10-09T16:47:02Z INFO [415/500] 6a5537f3-8d71-43b2-9394-e0ce6a12ccbe: 112 chunks; 1.8 s; peak memory 1238 MiB.
2026-10-09T16:47:04Z INFO [416/500] 6a574ab3-2dc5-4d8d-9e76-4ae414def54e: 66 chunks; 1.9 s; peak memory 1238 MiB.
2026-10-09T16:47:06Z INFO [417/500] 6a578ba9-fa89-4eda-9f0a-611c5caed9fe: 112 chunks; 1.9 s; peak memory 1238 MiB.
2026-10-09T16:47:07Z INFO [418/500] 6a57b789-1a65-416f-aee2-1d40d33722d6: 54 chunks; 1.1 s; peak memory 1238 MiB.
2026-10-09T16:47:08Z INFO [419/500] 6a57c8e7-3c6f-45cc-9a7f-b92b18cea82a: 48 chunks; 1.2 s; peak memory 1238 MiB.
2026-10-09T16:47:10Z INFO [420/500] 6a58006a-4062-4f7c-bdeb-817815c0ef36: 112 chunks; 1.7 s; peak memory 1238 MiB.
2026-10-09T16:47:11Z INFO [421/500] 6a582b95-7943-4c7c-bcb5-19c4da02ed5b: 45 chunks; 1.0 s; peak memory 1238 MiB.
2026-10-09T16:47:12Z INFO [422/500] 6a58486a-6fd0-48ba-80e0-97080bc4056e: 52 chunks; 1.4 s; peak memory 1238 MiB.
2026-10-09T16:47:15Z INFO [423/500] 6a586681-2cc6-49bc-a729-1b077d071266: 122 chunks; 2.6 s; peak memory 1238 MiB.
2026-10-09T16:47:22Z INFO [424/500] 6a58c98a-40bf-4ed7-aa9a-49cff32fcd80: 8408 chunks; 7.2 s; peak memory 1238 MiB.
2026-10-09T16:47:24Z INFO [425/500] 6a590ee0-4c2f-483e-9738-7d197310c1c8: 117 chunks; 1.5 s; peak memory 1238 MiB.
2026-10-09T16:47:25Z INFO [426/500] 6a593fb8-c3dd-4313-bb12-f7296fcb42f1: 46 chunks; 0.8 s; peak memory 1238 MiB.
2026-10-09T16:47:26Z INFO [427/500] 6a5969ba-6da3-4e89-a525-3115374b50ed: 48 chunks; 1.2 s; peak memory 1238 MiB.
2026-10-09T16:47:27Z INFO [428/500] 6a598ae7-3cb7-4574-b012-ef27bece8108: 112 chunks; 1.7 s; peak memory 1238 MiB.
2026-10-09T16:47:29Z INFO [429/500] 6a5a5d0c-778b-4c0f-bd7d-0dd732301524: 112 chunks; 1.9 s; peak memory 1238 MiB.
2026-10-09T16:47:30Z INFO [430/500] 6a5b0d18-37c3-45d3-bfa1-f23c67651b4b: 46 chunks; 1.1 s; peak memory 1238 MiB.
2026-10-09T16:47:32Z INFO [431/500] 6a5b12f1-77f5-471b-b54e-6ab1dbbf8b7f: 51 chunks; 1.7 s; peak memory 1238 MiB.
2026-10-09T16:47:34Z INFO [432/500] 6a5ba54b-6cee-4e95-980c-0e44123d06b7: 118 chunks; 1.6 s; peak memory 1238 MiB.
2026-10-09T16:47:36Z INFO [433/500] 6a5c47b0-b601-4b43-bce0-0314958379ca: 112 chunks; 2.0 s; peak memory 1238 MiB.
2026-10-09T16:47:37Z INFO [434/500] 6a5cbcef-50b5-41c5-96dc-ae02f65e342f: 83 chunks; 1.1 s; peak memory 1238 MiB.
2026-10-09T16:47:40Z INFO [435/500] 6a5cbe1d-d429-41d4-9360-00819cb27fe3: 216 chunks; 2.7 s; peak memory 1238 MiB.
2026-10-09T16:47:41Z INFO [436/500] 6a5ef9c1-320f-4ad3-b2cd-a83a3e3791af: 48 chunks; 1.2 s; peak memory 1238 MiB.
2026-10-09T16:47:42Z INFO [437/500] 6a5ff6eb-71fa-41e0-8ab8-d5d38a785d9e: 118 chunks; 1.5 s; peak memory 1238 MiB.
2026-10-09T16:47:44Z INFO [438/500] 6a60b34c-1d51-45ca-9a08-e1ae7353ea42: 117 chunks; 1.5 s; peak memory 1238 MiB.
2026-10-09T16:47:45Z INFO [439/500] 6a60fc0d-c802-44a5-a9b5-fbbbe8a53455: 120 chunks; 1.1 s; peak memory 1238 MiB.
2026-10-09T16:47:48Z INFO [440/500] 6a611c70-7c70-47a4-9728-baa8fa56ad02: 90 chunks; 3.1 s; peak memory 1238 MiB.
2026-10-09T16:47:49Z INFO [441/500] 6a61296f-0864-42b8-addc-95b9c378fbce: 46 chunks; 1.1 s; peak memory 1238 MiB.
2026-10-09T16:47:55Z INFO [442/500] 6a612cc2-3268-4e41-898f-ff7f17a932f7: 174 chunks; 5.8 s; peak memory 1238 MiB.
2026-10-09T16:47:56Z INFO [443/500] 6a61666f-b2b5-4177-b6f0-ef657d6e7116: 48 chunks; 1.3 s; peak memory 1238 MiB.
2026-10-09T16:47:59Z INFO [444/500] 6a616b76-c7ff-4107-90c1-16d570c1fa75: 114 chunks; 2.9 s; peak memory 1238 MiB.
2026-10-09T16:48:00Z INFO [445/500] 6a640e50-f595-48ae-a581-aad35dc0c634: 48 chunks; 1.2 s; peak memory 1238 MiB.
2026-10-09T16:48:02Z INFO [446/500] 6a642b75-35ec-4383-bc74-b09c6525ff45: 112 chunks; 1.5 s; peak memory 1238 MiB.
2026-10-09T16:48:03Z INFO [447/500] 6a643997-b3ad-4ff7-ab80-5635e9ab5d8b: 48 chunks; 1.3 s; peak memory 1238 MiB.
2026-10-09T16:48:18Z INFO [448/500] 6a644f26-ba8e-4b4b-a9fe-891c3576032c: 8777 chunks; 14.6 s; peak memory 1238 MiB.
2026-10-09T16:48:19Z INFO [449/500] 6a64594d-4169-49a7-a2ad-3a8f2d3aeb60: 117 chunks; 1.4 s; peak memory 1238 MiB.
2026-10-09T16:48:38Z INFO [450/500] 6a64873b-d6c1-442f-b0c3-5de700586cc1: 428 chunks; 19.1 s; peak memory 1238 MiB.
2026-10-09T16:48:39Z INFO [450/500] 6a64873b-d6c1-442f-b0c3-5de700586cc1: checkpointed 98284 new records.
2026-10-09T16:48:40Z INFO [451/500] 6a648f76-7941-4c78-82a8-c535d5a3bce7: 48 chunks; 1.2 s; peak memory 1238 MiB.
2026-10-09T16:48:41Z INFO [452/500] 6a64dbbc-9f7d-4a08-9f85-e178725d1b1b: 48 chunks; 1.2 s; peak memory 1238 MiB.
2026-10-09T16:48:42Z INFO [453/500] 6a651234-23b0-4d6a-a961-a8dc5c1a7c8f: 46 chunks; 1.2 s; peak memory 1238 MiB.
2026-10-09T16:48:44Z INFO [454/500] 6a661051-4682-4448-bae1-da8dbf16c8ae: 57 chunks; 1.1 s; peak memory 1238 MiB.
2026-10-09T16:48:45Z INFO [455/500] 6a663e85-8f41-4e5c-a391-ce6f080bc4c4: 48 chunks; 1.2 s; peak memory 1238 MiB.
2026-10-09T16:48:46Z INFO [456/500] 6a667a6c-908c-4bb3-9365-dfc9e893c5ba: 57 chunks; 1.0 s; peak memory 1238 MiB.
2026-10-09T16:48:53Z INFO [457/500] 6a66baea-cd43-4718-982f-0f96db32f971: 193 chunks; 7.4 s; peak memory 1238 MiB.
2026-10-09T16:49:04Z INFO [458/500] 6a66ff49-1919-424b-9cf6-e7364d551df5: 3034 chunks; 10.8 s; peak memory 1238 MiB.
2026-10-09T16:49:05Z INFO [459/500] 6a670f40-dbc6-4a44-a45d-e550f995d871: 63 chunks; 1.1 s; peak memory 1238 MiB.
2026-10-09T16:49:06Z INFO [460/500] 6a67ff3b-610a-4f80-894c-abafcd598642: 117 chunks; 1.4 s; peak memory 1238 MiB.
2026-10-09T16:49:08Z INFO [461/500] 6a694234-88f8-48d1-999a-7b8459ff765f: 48 chunks; 1.2 s; peak memory 1238 MiB.
2026-10-09T16:49:09Z INFO [462/500] 6a696084-fce1-4018-8357-0da81ba5f2ab: 117 chunks; 1.3 s; peak memory 1238 MiB.
2026-10-09T16:49:10Z INFO [463/500] 6a699389-3fbc-4aa6-ba5c-bc9bd6cfc5e8: 116 chunks; 1.4 s; peak memory 1238 MiB.
2026-10-09T16:51:51Z INFO [464/500] 6a69fc07-32d5-4fb5-b41c-15dc786ba02f: 10331 chunks; 161.2 s; peak memory 1238 MiB.
2026-10-09T16:51:53Z INFO [465/500] 6a6a2879-961c-4229-93c2-fa57d79c07c0: 112 chunks; 1.8 s; peak memory 1238 MiB.
2026-10-09T16:51:54Z INFO [466/500] 6a6a6760-e76b-44bf-b4e4-2f724c41e12e: 63 chunks; 1.2 s; peak memory 1238 MiB.
2026-10-09T16:51:56Z INFO [467/500] 6a6aacb6-e8ce-485c-9e25-0114386a3134: 48 chunks; 1.3 s; peak memory 1238 MiB.
2026-10-09T16:51:59Z INFO [468/500] 6a6b5df5-cfdd-4bc5-bd7c-2103c247ec6c: 115 chunks; 3.2 s; peak memory 1238 MiB.
2026-10-09T16:52:03Z INFO [469/500] 6a6c7f52-e929-4665-afc5-3a19ca1dbd04: 159 chunks; 4.5 s; peak memory 1238 MiB.
2026-10-09T16:52:08Z INFO [470/500] 6a6da1b6-316d-4d11-bbbc-d800d4878645: 111 chunks; 4.4 s; peak memory 1238 MiB.
2026-10-09T16:52:09Z INFO [471/500] 6a6da8e5-8dce-4969-a0e2-497706257856: 117 chunks; 1.6 s; peak memory 1238 MiB.
2026-10-09T16:52:27Z INFO [472/500] 6a6dd3be-57d8-45e4-8c34-52bccfee8f77: 27154 chunks; 17.7 s; peak memory 1238 MiB.
2026-10-09T16:52:28Z INFO [473/500] 6a6e0884-4803-42bb-81d6-8456e0a6a2c0: 48 chunks; 1.2 s; peak memory 1238 MiB.
2026-10-09T16:52:30Z INFO [474/500] 6a6e1e85-af8b-4ba3-b401-bffd9f40f3d6: 48 chunks; 1.3 s; peak memory 1238 MiB.
2026-10-09T16:52:31Z INFO [475/500] 6a6ef932-e46b-4fb8-9302-0f8802df0232: 69 chunks; 1.1 s; peak memory 1238 MiB.
2026-10-09T16:52:32Z INFO [476/500] 6a709252-d6ba-47a1-a88d-0c30951149ab: 117 chunks; 1.6 s; peak memory 1238 MiB.
2026-10-09T16:52:34Z INFO [477/500] 6a7145cc-0c31-4acf-8e56-dc26de1c6d79: 48 chunks; 1.2 s; peak memory 1238 MiB.
2026-10-09T16:52:35Z INFO [478/500] 6a714ad6-fa33-454c-a064-8c6b9f2ed6cf: 48 chunks; 1.2 s; peak memory 1238 MiB.
2026-10-09T16:52:38Z INFO [479/500] 6a727357-8564-4d62-b16e-0356a25a7c4d: 115 chunks; 3.4 s; peak memory 1238 MiB.
2026-10-09T16:52:40Z INFO [480/500] 6a727fe7-3591-47f9-8290-bda88b80f4f6: 70 chunks; 1.8 s; peak memory 1238 MiB.
2026-10-09T16:52:47Z INFO [481/500] 6a733b9b-dcae-4d68-a106-89da8b113ef9: 8298 chunks; 7.0 s; peak memory 1238 MiB.
2026-10-09T16:52:48Z INFO [482/500] 6a73bfb2-52ad-4c4f-8cd2-d395d61aaa1e: 46 chunks; 1.0 s; peak memory 1238 MiB.
2026-10-09T16:52:50Z INFO [483/500] 6a73ee82-b047-4e6e-af26-89e38e48ef17: 69 chunks; 1.7 s; peak memory 1238 MiB.
2026-10-09T16:52:57Z INFO [484/500] 6a747b09-91b9-43ce-b8d9-9384fee6c2fc: 7479 chunks; 7.3 s; peak memory 1238 MiB.
2026-10-09T16:52:58Z INFO [485/500] 6a74e13a-4513-4696-a40d-9b4c3bcd7306: 118 chunks; 1.5 s; peak memory 1238 MiB.
2026-10-09T16:53:01Z INFO [486/500] 6a75b672-ef14-4433-8d67-6180bb0be580: 438 chunks; 2.1 s; peak memory 1238 MiB.
2026-10-09T16:55:24Z INFO [487/500] 6a75fe56-eac2-425b-88e2-9525696308ca: 37908 chunks; 143.2 s; peak memory 1238 MiB.
2026-10-09T16:55:27Z INFO [488/500] 6a77919d-1933-4e85-af07-de0d667b3073: 118 chunks; 3.4 s; peak memory 1238 MiB.
2026-10-09T16:55:52Z INFO [489/500] 6a7862cd-5c65-4e3f-b218-a446948f6e26: 6139 chunks; 25.1 s; peak memory 1238 MiB.
2026-10-09T16:59:35Z INFO [490/500] 6a795498-9874-4797-9c8f-45744995a5b0: 37796 chunks; 222.3 s; peak memory 1238 MiB.
2026-10-09T16:59:36Z INFO [491/500] 6a7b745d-fe23-404a-93c3-96b6815310e0: 69 chunks; 1.7 s; peak memory 1238 MiB.
2026-10-09T16:59:38Z INFO [492/500] 6a7bba91-0a66-494f-8cc1-1c4849c2a181: 116 chunks; 1.5 s; peak memory 1238 MiB.
2026-10-09T16:59:41Z INFO [493/500] 6a7c3956-7833-47af-b1a1-7107f59bfca6: 997 chunks; 2.9 s; peak memory 1238 MiB.
2026-10-09T16:59:42Z INFO [494/500] 6a7e2eb4-35cb-439f-a259-60eafa0c8f01: 48 chunks; 1.2 s; peak memory 1238 MiB.
2026-10-09T16:59:43Z INFO [495/500] 6a7e3121-13ee-4fb3-bbdf-54727fdc9355: 52 chunks; 1.4 s; peak memory 1238 MiB.
2026-10-09T16:59:45Z INFO [496/500] 6a7f053e-77e6-4edd-9ec6-8551e2ccdbb8: 66 chunks; 2.1 s; peak memory 1238 MiB.
2026-10-09T16:59:47Z INFO [497/500] 6a7fe741-0a9d-421d-b89a-3af1138f41bd: 116 chunks; 1.4 s; peak memory 1238 MiB.
2026-10-09T16:59:48Z INFO [498/500] 6a80154c-9938-4cf4-85d2-cd1016431690: 118 chunks; 1.7 s; peak memory 1238 MiB.
2026-10-09T16:59:50Z INFO [499/500] 6a80e5c3-d1dc-40e1-97e2-0b491af3c2ea: 48 chunks; 1.1 s; peak memory 1238 MiB.
2026-10-09T16:59:52Z INFO [500/500] 6a81d8ee-f660-49d5-b017-9164c69394ca: 119 chunks; 2.3 s; peak memory 1238 MiB.
2026-10-09T16:59:52Z INFO [500/500] 6a81d8ee-f660-49d5-b017-9164c69394ca: checkpointed 98334 new records.
2026-10-09T16:59:52Z INFO Wrote 98334 records to /tmp/derivatives/valid_nwb_file_to_chunk_stats.jsonl (500 new, 0 failed) in 179.2 min (peak memory 1238 MiB).
