2026-10-09T11:05:54Z INFO Logging to /tmp/logs/update_2026-10-09T11-05-54Z.log.
2026-10-09T11:05:54Z INFO Update valid-nwb-file-to-chunk-stats (base directory /tmp).
2026-10-09T11:05:54Z INFO Processing 500 items (97334 already recorded).
2026-10-09T11:05:56Z INFO [1/500] 688ec3ca-9caa-458e-9f3f-2807894ddebc: 52 chunks; 1.7 s; peak memory 200 MiB.
2026-10-09T11:05:58Z INFO [2/500] 688f749f-ac16-448c-8c76-e17b6efc596d: 116 chunks; 1.9 s; peak memory 201 MiB.
2026-10-09T11:06:55Z INFO [3/500] 688f9221-e4d1-40b5-a19a-77afdb180f75: 23346 chunks; 57.2 s; peak memory 288 MiB.
2026-10-09T11:06:58Z INFO [4/500] 68903658-b2c5-46e8-a7f1-5cff45c60802: 114 chunks; 3.3 s; peak memory 288 MiB.
2026-10-09T11:07:15Z INFO [5/500] 6890d12f-a2cd-4240-9aa5-711764aac033: 581 chunks; 16.5 s; peak memory 288 MiB.
2026-10-09T11:07:16Z INFO [6/500] 6890d4b7-ce26-4c1e-bcb7-23d236790f87: 48 chunks; 1.4 s; peak memory 288 MiB.
2026-10-09T11:07:18Z INFO [7/500] 689154e4-2d17-481d-aa93-3c1962c3bf0c: 48 chunks; 1.6 s; peak memory 288 MiB.
2026-10-09T11:07:20Z INFO [8/500] 6891a3c6-e366-41dd-8894-e6e21d850b2a: 71 chunks; 2.0 s; peak memory 288 MiB.
2026-10-09T11:07:34Z INFO [9/500] 6891b420-d382-432a-ac21-c04b427347df: 8815 chunks; 14.4 s; peak memory 289 MiB.
2026-10-09T11:07:36Z INFO [10/500] 689284d0-a0a1-4b68-a0fa-1630921df4bb: 117 chunks; 1.7 s; peak memory 289 MiB.
2026-10-09T11:07:37Z INFO [11/500] 68938f3a-787a-415d-a90c-e83b36ece543: 92 chunks; 1.6 s; peak memory 289 MiB.
2026-10-09T11:07:41Z INFO [12/500] 6893c993-89b0-4604-a7b0-fd96eeebd62d: 437 chunks; 3.8 s; peak memory 289 MiB.
2026-10-09T11:07:42Z INFO [13/500] 6893e31f-a5c3-41d3-bc6d-98d17e403e05: 33 chunks; 1.1 s; peak memory 289 MiB.
2026-10-09T11:07:47Z INFO [14/500] 68946d98-d4e6-4f49-ada9-136686937b21: 1517 chunks; 4.5 s; peak memory 289 MiB.
2026-10-09T11:07:48Z INFO [15/500] 68950eaa-76d4-4eea-bb30-fa980e463558: 48 chunks; 1.4 s; peak memory 289 MiB.
2026-10-09T11:07:50Z INFO [16/500] 68959cad-459f-4b92-8002-9fea446ef721: 118 chunks; 1.7 s; peak memory 290 MiB.
2026-10-09T11:07:51Z INFO [17/500] 6895dfbe-66e7-4f55-b267-021f39276ba5: 48 chunks; 1.4 s; peak memory 290 MiB.
2026-10-09T11:07:53Z INFO [18/500] 68962a5c-6bcb-446f-bc1b-4aadf30f290a: 41 chunks; 1.3 s; peak memory 290 MiB.
2026-10-09T11:07:55Z INFO [19/500] 6897d7c9-258b-41f7-8621-d7ce85bef78c: 301 chunks; 1.8 s; peak memory 290 MiB.
2026-10-09T11:07:56Z INFO [20/500] 68980cc3-38a3-4e45-935c-3b2200aec86a: 48 chunks; 1.4 s; peak memory 290 MiB.
2026-10-09T11:07:57Z INFO [21/500] 689858ab-b80a-4cca-a72c-7cbfeb372203: 48 chunks; 1.5 s; peak memory 290 MiB.
2026-10-09T11:07:59Z INFO [22/500] 6898c7b6-8e9f-4ab8-89de-3dc37c0239f0: 118 chunks; 1.8 s; peak memory 290 MiB.
2026-10-09T11:08:01Z INFO [23/500] 6898d7e0-7391-465f-9b65-42fe48bc07ce: 48 chunks; 1.5 s; peak memory 290 MiB.
2026-10-09T11:08:03Z INFO [24/500] 68992f81-704c-489b-b80a-b293ff09c5cc: 118 chunks; 2.0 s; peak memory 290 MiB.
2026-10-09T11:08:05Z INFO [25/500] 6899c01e-aaf0-4d73-981f-8a4bc34ead36: 276 chunks; 2.3 s; peak memory 290 MiB.
2026-10-09T11:08:06Z INFO [26/500] 6899c642-a271-440a-b17c-36e6b2a03aed: 84 chunks; 1.5 s; peak memory 290 MiB.
2026-10-09T11:08:08Z INFO [27/500] 6899dfc0-b979-4443-9ec4-2d4c8a459a3a: 112 chunks; 1.8 s; peak memory 290 MiB.
2026-10-09T11:08:10Z INFO [28/500] 6899fe44-74e4-4015-99d7-8feef777e6f8: 48 chunks; 1.4 s; peak memory 290 MiB.
2026-10-09T11:08:11Z INFO [29/500] 689a4f7a-4ce8-45e9-901d-4800b3fcca45: 48 chunks; 1.4 s; peak memory 290 MiB.
2026-10-09T11:08:13Z INFO [30/500] 689aa1b2-8b5b-4aaa-8225-91816f924775: 117 chunks; 1.7 s; peak memory 290 MiB.
2026-10-09T11:08:16Z INFO [31/500] 689ae458-f3a7-4592-9068-323b8fdf91a6: 115 chunks; 3.3 s; peak memory 290 MiB.
2026-10-09T11:08:18Z INFO [32/500] 689b0a87-6d9b-4b1b-95ac-2d3e6513bd3b: 77 chunks; 1.8 s; peak memory 290 MiB.
2026-10-09T11:08:20Z INFO [33/500] 689bb2e4-337c-4ea6-8b56-f169f22f9969: 112 chunks; 2.2 s; peak memory 290 MiB.
2026-10-09T11:08:22Z INFO [34/500] 689bd7c9-f552-440b-a30a-361f31306a6f: 48 chunks; 1.5 s; peak memory 290 MiB.
2026-10-09T11:08:24Z INFO [35/500] 689bde0a-eeeb-4c68-bec5-46101ef3664b: 69 chunks; 1.9 s; peak memory 290 MiB.
2026-10-09T11:08:25Z INFO [36/500] 689d0972-85d2-481b-8b8a-52fb681902c9: 52 chunks; 1.4 s; peak memory 290 MiB.
2026-10-09T11:08:32Z INFO [37/500] 689d42dd-41e1-4185-b683-0eef1f1124a8: 7778 chunks; 7.2 s; peak memory 290 MiB.
2026-10-09T11:08:34Z INFO [38/500] 689d6da6-4249-43d9-a163-aeb9c051c637: 112 chunks; 2.1 s; peak memory 290 MiB.
2026-10-09T11:08:36Z INFO [39/500] 689dc974-57af-4cc5-8c26-327831ed2b4f: 63 chunks; 1.4 s; peak memory 290 MiB.
2026-10-09T11:08:37Z INFO [40/500] 689e7530-af7f-4d26-ba85-ab6cf6d9fa4f: 46 chunks; 1.0 s; peak memory 290 MiB.
2026-10-09T11:08:38Z INFO [41/500] 689f76cc-676e-40a3-b6b3-a86e3601ef6d: 48 chunks; 1.4 s; peak memory 290 MiB.
2026-10-09T11:08:45Z INFO [42/500] 689f7d0c-a779-45cb-8d92-d22e1967a156: 11743 chunks; 7.1 s; peak memory 290 MiB.
2026-10-09T11:08:47Z INFO [43/500] 68a011a1-bd03-4431-aec4-1474a53b197b: 48 chunks; 1.4 s; peak memory 290 MiB.
2026-10-09T11:08:53Z INFO [44/500] 68a12f5b-5d59-4171-80e0-6d76b51cf384: 10445 chunks; 6.7 s; peak memory 291 MiB.
2026-10-09T11:08:55Z INFO [45/500] 68a1f216-2729-4070-97a1-cb7e9637de3c: 46 chunks; 1.3 s; peak memory 291 MiB.
2026-10-09T11:08:56Z INFO [46/500] 68a25feb-3d77-47f1-9358-ae56e6d18583: 117 chunks; 1.7 s; peak memory 291 MiB.
2026-10-09T11:09:03Z INFO [47/500] 68a2b4ea-8595-4e4a-b771-9ec3f4744ccd: 8078 chunks; 6.3 s; peak memory 291 MiB.
2026-10-09T11:09:04Z INFO [48/500] 68a2c3b9-9d40-4ba1-bb6d-90d5a25d43b6: 118 chunks; 1.6 s; peak memory 291 MiB.
2026-10-09T11:09:07Z INFO [49/500] 68a36d67-926b-43e8-b51c-00fd6d79ceb7: 71 chunks; 2.4 s; peak memory 291 MiB.
2026-10-09T11:09:08Z INFO [50/500] 68a3f3c0-fe42-44a5-9db7-a22a5a848da4: 48 chunks; 1.4 s; peak memory 291 MiB.
2026-10-09T11:09:08Z INFO [50/500] 68a3f3c0-fe42-44a5-9db7-a22a5a848da4: checkpointed 97384 new records.
2026-10-09T11:09:10Z INFO [51/500] 68a41603-a114-4b54-bce0-962b6e3c21c5: 48 chunks; 1.4 s; peak memory 291 MiB.
2026-10-09T11:09:11Z INFO [52/500] 68a44970-b00f-4325-97aa-9c5cac520965: 48 chunks; 1.5 s; peak memory 291 MiB.
2026-10-09T11:09:15Z INFO [53/500] 68a50e9e-e0fc-423f-9be4-dc6e45c14832: 201 chunks; 3.6 s; peak memory 291 MiB.
2026-10-09T11:09:16Z INFO [54/500] 68a56316-4ee9-4493-8ea5-aac1e3b909e3: 70 chunks; 1.7 s; peak memory 291 MiB.
2026-10-09T11:09:18Z INFO [55/500] 68a56bd7-e129-4951-ba07-00dd7b0c6b2a: 48 chunks; 1.3 s; peak memory 291 MiB.
2026-10-09T11:09:20Z INFO [56/500] 68a56fcf-db2d-4bf5-8149-98222c4ab176: 71 chunks; 2.5 s; peak memory 291 MiB.
2026-10-09T11:09:22Z INFO [57/500] 68a62a7a-5830-4011-adaf-d7fb42c323b3: 118 chunks; 1.6 s; peak memory 291 MiB.
2026-10-09T11:09:24Z INFO [58/500] 68a69036-cf18-49ad-beb1-c48ec4b82c87: 112 chunks; 1.9 s; peak memory 291 MiB.
2026-10-09T11:09:26Z INFO [59/500] 68a6beee-6eb5-44e5-a070-222afce3e40e: 62 chunks; 1.9 s; peak memory 291 MiB.
2026-10-09T11:09:27Z INFO [60/500] 68a6fa9d-c0cc-40e7-9660-c9c8b355a96d: 48 chunks; 1.5 s; peak memory 291 MiB.
2026-10-09T11:09:30Z INFO [61/500] 68a7bbb0-2474-4199-b500-472076a63d89: 172 chunks; 2.5 s; peak memory 291 MiB.
2026-10-09T11:09:31Z INFO [62/500] 68a81539-4ff1-4819-af4f-e99c5c7d74fa: 68 chunks; 1.6 s; peak memory 291 MiB.
2026-10-09T11:09:36Z INFO [63/500] 68a81ed9-3d52-4153-a2ea-93c0268e888a: 1641 chunks; 4.2 s; peak memory 291 MiB.
2026-10-09T11:09:37Z INFO [64/500] 68a89834-f50f-4000-9e61-570f83e16198: 48 chunks; 1.5 s; peak memory 291 MiB.
2026-10-09T11:09:39Z INFO [65/500] 68a95a82-34e0-4c4e-b7d8-f96e326210d5: 112 chunks; 2.2 s; peak memory 291 MiB.
2026-10-09T11:09:43Z INFO [66/500] 68a9780c-e473-4d4e-84af-0be01b1f98c4: 116 chunks; 3.4 s; peak memory 291 MiB.
2026-10-09T11:09:46Z INFO [67/500] 68a98b36-f5b7-45a7-b52b-678d346eb0c6: 138 chunks; 3.4 s; peak memory 291 MiB.
2026-10-09T11:09:48Z INFO [68/500] 68a9fd10-da96-4332-b539-7d6bceff979b: 62 chunks; 1.9 s; peak memory 291 MiB.
2026-10-09T11:09:49Z INFO [69/500] 68aa48b6-9ded-41ee-beb8-8908db413772: 69 chunks; 1.2 s; peak memory 291 MiB.
2026-10-09T11:09:51Z INFO [70/500] 68aa6df5-3b78-43c2-bd64-f8dfc09cda34: 117 chunks; 1.6 s; peak memory 291 MiB.
2026-10-09T11:09:52Z INFO [71/500] 68aaa6b1-cc7b-44b8-aab6-110ca3f6a8bf: 102 chunks; 1.3 s; peak memory 291 MiB.
2026-10-09T11:09:54Z INFO [72/500] 68abb495-a075-4f2a-a289-9c63c66eefef: 110 chunks; 1.8 s; peak memory 291 MiB.
2026-10-09T11:09:56Z INFO [73/500] 68abf40d-bbe8-4c7b-b82e-6792d64aa825: 84 chunks; 1.9 s; peak memory 291 MiB.
2026-10-09T11:09:58Z INFO [74/500] 68abfc14-6476-4bb5-b290-11f9f7fc0a8d: 76 chunks; 2.2 s; peak memory 291 MiB.
2026-10-09T11:10:00Z INFO [75/500] 68aea9c3-62cc-430c-bcb7-42ea92ad81b8: 48 chunks; 1.4 s; peak memory 291 MiB.
2026-10-09T11:10:02Z INFO [76/500] 68af543d-d4c6-4a35-8bdf-152eb0333aa3: 158 chunks; 2.6 s; peak memory 291 MiB.
2026-10-09T11:10:10Z INFO [77/500] 68b034e6-0a97-48ee-91d2-8bb11941eeff: 1466 chunks; 8.0 s; peak memory 291 MiB.
2026-10-09T11:10:12Z INFO [78/500] 68b04915-7181-44f0-9428-874b292dfccc: 112 chunks; 2.0 s; peak memory 291 MiB.
2026-10-09T11:10:13Z INFO [79/500] 68b12c81-f6c7-40a5-8969-cb9dbe5aa61d: 48 chunks; 1.4 s; peak memory 291 MiB.
2026-10-09T11:10:15Z INFO [80/500] 68b13ec2-023b-42c0-ac25-260db126e0fb: 48 chunks; 1.5 s; peak memory 291 MiB.
2026-10-09T11:12:46Z INFO [81/500] 68b1ce29-4bec-40cd-afa7-19b5142f1c70: 37757 chunks; 150.9 s; peak memory 362 MiB.
2026-10-09T11:13:02Z INFO [82/500] 68b38f51-052c-47af-8e11-6992557f3956: 7972 chunks; 15.8 s; peak memory 362 MiB.
2026-10-09T11:13:04Z INFO [83/500] 68b42f04-b87d-47a8-94d6-45025f633e85: 119 chunks; 2.7 s; peak memory 362 MiB.
2026-10-09T11:13:06Z INFO [84/500] 68b51a64-ac2d-414d-895d-f3a76446d3d3: 117 chunks; 1.6 s; peak memory 362 MiB.
2026-10-09T11:13:10Z INFO [85/500] 68b59a68-00ec-480d-9e77-ba622d827ca2: 156 chunks; 3.9 s; peak memory 362 MiB.
2026-10-09T11:13:12Z INFO [86/500] 68b59c57-9d56-4926-88ce-f252558cc3bb: 66 chunks; 2.1 s; peak memory 362 MiB.
2026-10-09T11:13:14Z INFO [87/500] 68b5da47-67ad-49c3-9cb4-911ae7425049: 64 chunks; 2.1 s; peak memory 362 MiB.
2026-10-09T11:13:16Z INFO [88/500] 68b66c00-b170-4899-9874-c88c6acbd1e9: 46 chunks; 1.5 s; peak memory 362 MiB.
2026-10-09T11:13:17Z INFO [89/500] 68b71447-1fb2-4f5d-bced-efefc822ffb9: 48 chunks; 1.3 s; peak memory 362 MiB.
2026-10-09T11:13:24Z INFO [90/500] 68b7a5d7-3dd5-44fb-876c-302470accc55: 2923 chunks; 7.2 s; peak memory 362 MiB.
2026-10-09T11:13:25Z INFO [91/500] 68b7ff4b-ed58-43f2-9cca-51739cec19d5: 46 chunks; 1.2 s; peak memory 362 MiB.
2026-10-09T11:13:26Z INFO [92/500] 68b8a225-22ec-4c1f-a1f0-4c590a960f0d: 37 chunks; 1.0 s; peak memory 362 MiB.
2026-10-09T11:13:28Z INFO [93/500] 68b8cbda-fa90-4a5e-ae94-cd51640bb02c: 117 chunks; 1.6 s; peak memory 362 MiB.
2026-10-09T11:13:30Z INFO [94/500] 68b94300-ccba-449d-bb63-8cc053fcfcde: 77 chunks; 1.7 s; peak memory 362 MiB.
2026-10-09T11:13:35Z INFO [95/500] 68b9f6b8-b883-42a2-97dc-5698c721a3cf: 658 chunks; 5.0 s; peak memory 362 MiB.
2026-10-09T11:13:36Z INFO [96/500] 68ba12b8-01fa-441b-8ac1-a371a3eea236: 118 chunks; 1.8 s; peak memory 362 MiB.
2026-10-09T11:13:38Z INFO [97/500] 68ba6718-3d10-4012-aa5e-16bb82aa31a1: 116 chunks; 1.5 s; peak memory 362 MiB.
2026-10-09T11:13:40Z INFO [98/500] 68ba8125-da34-443d-812a-31e24b8322de: 117 chunks; 1.7 s; peak memory 362 MiB.
2026-10-09T11:13:41Z INFO [99/500] 68baf6c8-b001-4a2f-8f07-20c127719731: 116 chunks; 1.6 s; peak memory 362 MiB.
2026-10-09T11:13:42Z INFO [100/500] 68bb0a3e-2d8e-4c5a-8962-50189767297e: 58 chunks; 1.1 s; peak memory 362 MiB.
2026-10-09T11:13:43Z INFO [100/500] 68bb0a3e-2d8e-4c5a-8962-50189767297e: checkpointed 97434 new records.
2026-10-09T11:13:45Z INFO [101/500] 68bb6e49-f34c-48aa-83d0-061ed339dcdc: 62 chunks; 2.1 s; peak memory 362 MiB.
2026-10-09T11:13:47Z INFO [102/500] 68bb92b8-0f73-489b-bddf-d3a366a9bfb8: 71 chunks; 2.6 s; peak memory 362 MiB.
2026-10-09T11:14:08Z INFO [103/500] 68bd92bd-037e-4b9f-b41c-6717c9120ff3: 27827 chunks; 20.9 s; peak memory 362 MiB.
2026-10-09T11:14:10Z INFO [104/500] 68bd941a-12ab-4ae7-a210-900799faff2c: 112 chunks; 2.0 s; peak memory 362 MiB.
2026-10-09T11:14:14Z INFO [105/500] 68be0a72-20da-447c-964e-033a2dfb9d39: 156 chunks; 3.6 s; peak memory 362 MiB.
2026-10-09T11:14:40Z INFO [106/500] 68be4d09-c9c2-49d1-b3ff-fddb1a775aaf: 39106 chunks; 26.3 s; peak memory 362 MiB.
2026-10-09T11:14:42Z INFO [107/500] 68bef62c-9746-4fda-a208-91c60fbd6a2b: 46 chunks; 1.5 s; peak memory 362 MiB.
2026-10-09T11:14:43Z INFO [108/500] 68bf03a7-a04b-4038-9f5c-ce3da2553f0b: 45 chunks; 1.2 s; peak memory 362 MiB.
2026-10-09T11:14:44Z INFO [109/500] 68c05c05-611d-41eb-84aa-5f24ff32b6a8: 57 chunks; 1.2 s; peak memory 362 MiB.
2026-10-09T11:14:45Z INFO [110/500] 68c09e44-d63a-4c85-b86a-2332db8c6b2d: 46 chunks; 1.1 s; peak memory 362 MiB.
2026-10-09T11:17:20Z INFO [111/500] 68c0e137-a579-4281-9a68-e602a2a2d370: 40331 chunks; 154.7 s; peak memory 373 MiB.
2026-10-09T11:17:36Z INFO [112/500] 68c0fa1a-fe86-4e85-b6ee-c1504983f241: 11998 chunks; 16.5 s; peak memory 373 MiB.
2026-10-09T11:17:38Z INFO [113/500] 68c17528-b052-4080-a071-f429270fee26: 116 chunks; 1.8 s; peak memory 373 MiB.
2026-10-09T11:17:39Z INFO [114/500] 68c1c151-6df6-4d5a-b0f7-717bcacbce9e: 46 chunks; 1.0 s; peak memory 373 MiB.
2026-10-09T11:17:56Z INFO [115/500] 68c1d953-64a5-42b7-b043-a7c3ed248f43: 21815 chunks; 17.0 s; peak memory 373 MiB.
2026-10-09T11:17:58Z INFO [116/500] 68c20dfc-0528-461c-a934-3432c1a9ceb4: 59 chunks; 1.9 s; peak memory 373 MiB.
2026-10-09T11:18:00Z INFO [117/500] 68c40538-cbc0-4764-b24c-f8eeeb1e4b6d: 48 chunks; 1.3 s; peak memory 373 MiB.
2026-10-09T11:18:01Z INFO [118/500] 68c4796a-68f2-4825-9136-2dc4aeda133f: 46 chunks; 1.1 s; peak memory 373 MiB.
2026-10-09T11:18:03Z INFO [119/500] 68c4f34e-e831-4562-b51f-e3d4e527e7a2: 69 chunks; 2.0 s; peak memory 373 MiB.
2026-10-09T11:18:04Z INFO [120/500] 68c51198-9857-4746-80cf-1d58adedb1d3: 48 chunks; 1.4 s; peak memory 373 MiB.
2026-10-09T11:18:07Z INFO [121/500] 68c53c4f-f246-4b61-bdaa-4b1c1c3d62bc: 147 chunks; 2.6 s; peak memory 373 MiB.
2026-10-09T11:18:08Z INFO [122/500] 68c6122c-80c6-4552-bc30-918d0424a145: 48 chunks; 1.4 s; peak memory 373 MiB.
2026-10-09T11:19:05Z INFO [123/500] 68c7aac8-6864-47b4-811f-d83eaf6f72a4: 24626 chunks; 57.4 s; peak memory 373 MiB.
2026-10-09T11:19:13Z INFO [124/500] 68c971b5-d087-47fe-bf7f-0287df6aed1f: 282 chunks; 7.7 s; peak memory 373 MiB.
2026-10-09T11:19:14Z INFO [125/500] 68cab6c3-1304-40a0-b96d-601b5027fe90: 45 chunks; 1.2 s; peak memory 373 MiB.
2026-10-09T11:19:27Z INFO [126/500] 68cae8ab-b2f7-4b0a-b927-83e93a2aa257: 4700 chunks; 12.7 s; peak memory 373 MiB.
2026-10-09T11:19:28Z INFO [127/500] 68caf316-1890-43c9-a089-2ecf09f27795: 48 chunks; 1.5 s; peak memory 373 MiB.
2026-10-09T11:19:43Z INFO [128/500] 68cd362c-c048-47d9-a28d-a6198a07f81c: 9245 chunks; 15.1 s; peak memory 373 MiB.
2026-10-09T11:19:45Z INFO [129/500] 68cd42a2-34fc-49c0-a99d-98714b7e3270: 48 chunks; 1.4 s; peak memory 373 MiB.
2026-10-09T11:19:47Z INFO [130/500] 68cd9795-d89a-48b5-a44e-a75e49605b6f: 49 chunks; 1.7 s; peak memory 373 MiB.
2026-10-09T11:19:48Z INFO [131/500] 68cdb470-1eba-4d49-bdf6-70e36132d0f3: 50 chunks; 1.5 s; peak memory 373 MiB.
2026-10-09T11:19:52Z INFO [132/500] 68ced1ef-90d1-4100-9c76-d4cbb853e155: 148 chunks; 3.6 s; peak memory 373 MiB.
2026-10-09T11:19:55Z INFO [133/500] 68cf56ab-69d4-4474-873c-4c003b0bd02a: 90 chunks; 3.1 s; peak memory 373 MiB.
2026-10-09T11:20:01Z INFO [134/500] 68d09b83-0b14-4d08-aeb1-a6ae66b5e927: 8239 chunks; 5.9 s; peak memory 373 MiB.
2026-10-09T11:20:02Z INFO [135/500] 68d11131-b38e-482f-8741-9d80d96e8701: 54 chunks; 1.2 s; peak memory 373 MiB.
2026-10-09T11:20:03Z INFO [136/500] 68d16d7d-ebbe-491b-a43a-31bb697d7ea6: 106 chunks; 1.4 s; peak memory 373 MiB.
2026-10-09T11:20:10Z INFO [137/500] 68d2ab2b-ffa6-436a-b9cc-4de12ab2656f: 2923 chunks; 7.2 s; peak memory 373 MiB.
2026-10-09T11:20:12Z INFO [138/500] 68d2e983-6fd7-49b8-a00e-983563ea5557: 52 chunks; 1.5 s; peak memory 373 MiB.
2026-10-09T11:20:14Z INFO [139/500] 68d3b018-6c17-4147-92f3-cfc007168779: 230 chunks; 1.8 s; peak memory 373 MiB.
2026-10-09T11:20:15Z INFO [140/500] 68d3e3aa-2791-489a-89b0-5fc9ecdf20dd: 48 chunks; 1.4 s; peak memory 373 MiB.
2026-10-09T11:20:17Z INFO [141/500] 68d6da8d-d6b3-4875-a17c-41260b65fe79: 66 chunks; 1.9 s; peak memory 373 MiB.
2026-10-09T11:20:19Z INFO [142/500] 68d6e134-d0a6-4137-a937-63354eb19b88: 48 chunks; 1.5 s; peak memory 373 MiB.
2026-10-09T11:20:21Z INFO [143/500] 68d70145-dc3b-4b62-94c6-8e5ffbf55b76: 71 chunks; 2.7 s; peak memory 373 MiB.
2026-10-09T11:20:23Z INFO [144/500] 68d773b7-c2a0-4ae7-bb99-5e0716988f11: 117 chunks; 1.6 s; peak memory 373 MiB.
2026-10-09T11:20:25Z INFO [145/500] 68d7771e-37b9-40ae-b1d4-fa89f747922f: 71 chunks; 2.6 s; peak memory 373 MiB.
2026-10-09T11:20:27Z INFO [146/500] 68d93232-899c-4ed1-94ba-2bbcdad42864: 48 chunks; 1.4 s; peak memory 373 MiB.
2026-10-09T11:20:30Z INFO [147/500] 68d97ab2-2dc7-409d-b0b7-b3607c8be2fb: 119 chunks; 2.7 s; peak memory 373 MiB.
2026-10-09T11:20:34Z INFO [148/500] 68da0c44-20c9-4479-b467-0ad7d07c30fb: 156 chunks; 4.1 s; peak memory 373 MiB.
2026-10-09T11:20:35Z INFO [149/500] 68da6ab2-72c2-4d3e-b6fb-0e9ffe6e3339: 48 chunks; 1.4 s; peak memory 373 MiB.
2026-10-09T11:20:36Z INFO [150/500] 68db5595-0226-4cb6-99e8-9a7aec85b824: 77 chunks; 1.5 s; peak memory 373 MiB.
2026-10-09T11:20:37Z INFO [150/500] 68db5595-0226-4cb6-99e8-9a7aec85b824: checkpointed 97484 new records.
2026-10-09T11:20:38Z INFO [151/500] 68db6c2a-f82e-4c37-bc47-daca89bf7ec1: 53 chunks; 1.1 s; peak memory 373 MiB.
2026-10-09T11:20:40Z INFO [152/500] 68dba853-3b76-40e2-a52d-ac59a3b91493: 84 chunks; 1.7 s; peak memory 373 MiB.
2026-10-09T11:20:41Z INFO [153/500] 68dd1be2-ee8b-42ed-8242-08cb06e26484: 117 chunks; 1.5 s; peak memory 373 MiB.
2026-10-09T11:20:43Z INFO [154/500] 68dd4b98-3023-4fcf-bea5-ff0294ae650e: 112 chunks; 2.0 s; peak memory 373 MiB.
2026-10-09T11:20:45Z INFO [155/500] 68dd8d89-1304-4d95-b7da-a9537b2767d5: 110 chunks; 2.0 s; peak memory 373 MiB.
2026-10-09T11:20:47Z INFO [156/500] 68de346a-7853-4c08-a9ce-f966439f03ef: 89 chunks; 1.5 s; peak memory 373 MiB.
2026-10-09T11:20:48Z INFO [157/500] 68df6fcd-87d5-49e0-865e-24c0215d4010: 45 chunks; 1.2 s; peak memory 373 MiB.
2026-10-09T11:20:49Z INFO [158/500] 68dfe59f-d69c-451c-8ad2-4803a388126a: 118 chunks; 1.6 s; peak memory 373 MiB.
2026-10-09T11:20:51Z INFO [159/500] 68e0c7a2-7110-41d8-8348-e05c053db009: 48 chunks; 1.3 s; peak memory 373 MiB.
2026-10-09T11:23:11Z INFO [160/500] 68e17922-1932-4cfb-b394-d2ed8e56855e: 37741 chunks; 140.8 s; peak memory 373 MiB.
2026-10-09T11:23:13Z INFO [161/500] 68e1e6c1-a586-4e57-8193-b1eaa160b34b: 63 chunks; 1.3 s; peak memory 373 MiB.
2026-10-09T11:23:16Z INFO [162/500] 68e256a3-b7b0-4c73-aef3-d4d138321f06: 138 chunks; 3.4 s; peak memory 373 MiB.
2026-10-09T11:23:18Z INFO [163/500] 68e2e05b-7617-46ed-83be-dafda7f09344: 112 chunks; 1.6 s; peak memory 373 MiB.
2026-10-09T11:23:20Z INFO [164/500] 68e35a66-6315-4a96-9f30-abcd458bdadc: 133 chunks; 2.7 s; peak memory 373 MiB.
2026-10-09T11:23:22Z INFO [165/500] 68e3fea8-7a1a-4f67-b45c-b3d33f6decba: 52 chunks; 1.5 s; peak memory 373 MiB.
2026-10-09T11:23:24Z INFO [166/500] 68e57c18-9f9e-44c8-b30f-6890f605486a: 112 chunks; 2.0 s; peak memory 373 MiB.
2026-10-09T13:03:12Z INFO [167/500] 68e630c5-10cc-4a33-b2bd-1ba281049e40: 1546257 chunks; 5987.9 s; peak memory 1214 MiB.
2026-10-09T13:03:15Z INFO [168/500] 68e63da5-b8f4-4172-8679-84294164dbbf: 912 chunks; 3.4 s; peak memory 1214 MiB.
2026-10-09T13:03:19Z INFO [169/500] 68e6756f-49c7-4fd2-a3b5-839133a1e48d: 114 chunks; 3.7 s; peak memory 1214 MiB.
2026-10-09T13:03:21Z INFO [170/500] 68e69745-1771-4124-afe7-7fc65996adc9: 48 chunks; 1.5 s; peak memory 1214 MiB.
2026-10-09T13:03:23Z INFO [171/500] 68e7932b-4ebf-475e-a925-afd8bbe86086: 66 chunks; 2.2 s; peak memory 1214 MiB.
2026-10-09T13:03:26Z INFO [172/500] 68e7dcbd-48d6-4637-ab3a-07b3eb5a29a3: 137 chunks; 3.0 s; peak memory 1214 MiB.
2026-10-09T13:03:28Z INFO [173/500] 68e82488-95d1-46ec-9ab7-5605c5931cd4: 71 chunks; 2.6 s; peak memory 1214 MiB.
2026-10-09T13:03:50Z INFO [174/500] 68e9be8e-84ec-4a2f-b6dc-43ff9bc64fc8: 35112 chunks; 21.9 s; peak memory 1214 MiB.
2026-10-09T13:03:52Z INFO [175/500] 68eb4a77-73c3-49ff-a3c1-76f9db4e1b0f: 112 chunks; 1.9 s; peak memory 1214 MiB.
2026-10-09T13:03:53Z INFO [176/500] 68ebed2f-3330-487c-93fd-98e220fcf13f: 46 chunks; 1.1 s; peak memory 1214 MiB.
2026-10-09T13:03:54Z INFO [177/500] 68ed454b-d61e-4c72-ac91-97ca126c6de4: 69 chunks; 1.2 s; peak memory 1214 MiB.
2026-10-09T13:03:58Z INFO [178/500] 68ee34cc-62c1-4b6a-9589-323499978e8f: 80 chunks; 3.8 s; peak memory 1214 MiB.
2026-10-09T13:04:04Z INFO [179/500] 68eeaf54-cd99-433f-b0b7-b986114ef028: 340 chunks; 6.1 s; peak memory 1214 MiB.
2026-10-09T13:04:07Z INFO [180/500] 68eeee89-239b-43cc-8b28-be7a23bb2c66: 933 chunks; 2.8 s; peak memory 1214 MiB.
2026-10-09T13:04:09Z INFO [181/500] 68ef3dc3-1c66-43b8-9099-e85b5e82c8ec: 117 chunks; 1.6 s; peak memory 1214 MiB.
2026-10-09T13:04:10Z INFO [182/500] 68efee1c-9be6-44c2-b69c-9c81969fba8a: 118 chunks; 1.6 s; peak memory 1214 MiB.
2026-10-09T13:04:12Z INFO [183/500] 68f03470-3ca0-4674-940b-ab3402649a73: 116 chunks; 1.7 s; peak memory 1214 MiB.
2026-10-09T13:04:13Z INFO [184/500] 68f04501-b66d-4651-93d3-9c02d6e1b987: 50 chunks; 1.3 s; peak memory 1214 MiB.
2026-10-09T13:04:19Z INFO [185/500] 68f0c758-3ad5-465d-9007-76f740f43299: 404 chunks; 6.0 s; peak memory 1214 MiB.
2026-10-09T13:04:21Z INFO [186/500] 68f10568-6dab-44e7-959a-bba68cef1833: 112 chunks; 2.1 s; peak memory 1214 MiB.
2026-10-09T13:04:51Z INFO [187/500] 68f15465-a5b6-494a-980d-ddb28455ae42: 6053 chunks; 29.6 s; peak memory 1214 MiB.
2026-10-09T13:04:52Z INFO [188/500] 68f17e06-7491-485a-9b1d-b42778185266: 48 chunks; 1.4 s; peak memory 1214 MiB.
2026-10-09T13:04:56Z INFO [189/500] 68f286dc-8e0d-4dc1-974b-18559cdba6e8: 114 chunks; 3.7 s; peak memory 1214 MiB.
2026-10-09T13:04:58Z INFO [190/500] 68f2afdf-0748-4644-a5e7-f13d9b976411: 71 chunks; 2.3 s; peak memory 1214 MiB.
2026-10-09T13:05:00Z INFO [191/500] 68f2ca78-963e-46b3-9e67-a03909e9a1b4: 48 chunks; 1.5 s; peak memory 1214 MiB.
2026-10-09T13:05:01Z INFO [192/500] 68f55e51-7e21-4bbd-b917-71dd48271728: 85 chunks; 1.5 s; peak memory 1214 MiB.
2026-10-09T13:05:03Z INFO [193/500] 68f60613-8c87-4819-af6d-8d657b99a8f0: 48 chunks; 1.5 s; peak memory 1214 MiB.
2026-10-09T13:05:10Z INFO [194/500] 68f6e75e-d883-4497-8e83-5e7518751b43: 318 chunks; 7.2 s; peak memory 1214 MiB.
2026-10-09T13:05:13Z INFO [195/500] 68f7aabc-25f9-429f-ae75-ac7d930a1723: 1061 chunks; 3.2 s; peak memory 1214 MiB.
2026-10-09T13:05:15Z INFO [196/500] 68f94934-f206-45b8-a150-fc83219e929c: 48 chunks; 1.4 s; peak memory 1214 MiB.
2026-10-09T13:05:26Z INFO [197/500] 68f95d62-08b9-4aa3-9724-a9196efa0469: 8459 chunks; 11.3 s; peak memory 1214 MiB.
2026-10-09T13:05:27Z INFO [198/500] 68f9607b-d654-46f8-94d8-e1954a275a20: 83 chunks; 1.5 s; peak memory 1214 MiB.
2026-10-09T13:05:29Z INFO [199/500] 68f97f61-f5b7-4cde-867e-dc4d592268fa: 113 chunks; 1.7 s; peak memory 1214 MiB.
2026-10-09T13:05:31Z INFO [200/500] 68f9cb68-fdf7-47e7-9163-5d51285ab8bb: 48 chunks; 1.6 s; peak memory 1214 MiB.
2026-10-09T13:05:31Z INFO [200/500] 68f9cb68-fdf7-47e7-9163-5d51285ab8bb: checkpointed 97534 new records.
2026-10-09T13:05:32Z INFO [201/500] 68fa6c80-1e22-48bd-97f7-6bfa5a61904f: 45 chunks; 1.1 s; peak memory 1214 MiB.
2026-10-09T13:05:35Z INFO [202/500] 68fa90ac-3d54-4675-8425-6ad3057e413d: 115 chunks; 3.1 s; peak memory 1214 MiB.
2026-10-09T13:05:37Z INFO [203/500] 68fb7bd0-671c-4f33-87a5-466b97d6ba4a: 48 chunks; 1.4 s; peak memory 1214 MiB.
2026-10-09T13:08:24Z INFO [204/500] 68fc9a27-9e49-472a-90a9-efd75b448d15: 41070 chunks; 167.7 s; peak memory 1214 MiB.
2026-10-09T13:08:27Z INFO [205/500] 68fdc70c-960c-4d9e-a20e-63a293cf8df1: 62 chunks; 2.4 s; peak memory 1214 MiB.
2026-10-09T13:08:28Z INFO [206/500] 68ff4da4-d483-4783-8bd1-217aece04c9d: 48 chunks; 1.5 s; peak memory 1214 MiB.
2026-10-09T13:08:29Z INFO [207/500] 6900dfd4-6c24-473c-b5cc-770a4bbf2ef8: 77 chunks; 1.3 s; peak memory 1214 MiB.
2026-10-09T13:08:31Z INFO [208/500] 6900ffd2-549c-415a-b7af-e88c789a8e89: 48 chunks; 1.4 s; peak memory 1214 MiB.
2026-10-09T13:08:32Z INFO [209/500] 6901ae73-2869-410c-8a5b-2486fa6ca966: 54 chunks; 1.2 s; peak memory 1214 MiB.
2026-10-09T13:08:56Z INFO [210/500] 6901b31a-be04-4f5b-9623-b5347c77d304: 25820 chunks; 23.7 s; peak memory 1214 MiB.
2026-10-09T13:08:59Z INFO [211/500] 690283bc-2fdd-4422-9e8f-e21549dcb0a3: 143 chunks; 3.2 s; peak memory 1214 MiB.
2026-10-09T13:09:08Z INFO [212/500] 6902dffb-a743-410a-ad7d-fd1cb39f4fde: 282 chunks; 8.8 s; peak memory 1214 MiB.
2026-10-09T13:09:10Z INFO [213/500] 6903450e-1c77-4e67-bef0-45cb817d46b1: 69 chunks; 2.1 s; peak memory 1214 MiB.
2026-10-09T13:09:12Z INFO [214/500] 6903892a-7781-4bc3-9325-112c04fa9351: 71 chunks; 2.2 s; peak memory 1214 MiB.
2026-10-09T13:09:14Z INFO [215/500] 6903fbe4-1b11-457c-a4e4-2556ba502068: 65 chunks; 1.8 s; peak memory 1214 MiB.
2026-10-09T13:09:15Z INFO [216/500] 690449be-9bec-4134-9236-116a89a8dab8: 48 chunks; 1.4 s; peak memory 1214 MiB.
2026-10-09T13:09:17Z INFO [217/500] 69051bc5-361d-4d43-9e09-f57452484a20: 117 chunks; 1.7 s; peak memory 1214 MiB.
2026-10-09T13:09:18Z INFO [218/500] 690537ef-1b7d-4673-aba5-86f8dfbbee52: 48 chunks; 1.3 s; peak memory 1214 MiB.
2026-10-09T13:09:21Z INFO [219/500] 690562bd-0609-450e-b02c-e69297a52843: 168 chunks; 3.0 s; peak memory 1214 MiB.
2026-10-09T13:09:25Z INFO [220/500] 69056df8-4218-48c1-b987-57f40595c39a: 156 chunks; 3.8 s; peak memory 1214 MiB.
2026-10-09T13:09:29Z INFO [221/500] 6905cfbf-fc4e-4610-a725-11b52bba83f3: 90 chunks; 3.8 s; peak memory 1214 MiB.
2026-10-09T13:09:36Z INFO [222/500] 6905dd33-0268-4f33-984c-0e66c837572e: 255 chunks; 6.7 s; peak memory 1214 MiB.
2026-10-09T13:09:37Z INFO [223/500] 69089a0f-6aaa-451b-a66e-90c26fc15443: 48 chunks; 1.3 s; peak memory 1214 MiB.
2026-10-09T13:09:39Z INFO [224/500] 6909804f-8117-436e-8510-98dba43d6d8a: 116 chunks; 1.8 s; peak memory 1214 MiB.
2026-10-09T13:09:40Z INFO [225/500] 690a2329-4018-47df-b645-4c5bcdd9a9d6: 46 chunks; 1.1 s; peak memory 1214 MiB.
2026-10-09T13:09:41Z INFO [226/500] 690a3e0e-3e3f-4d68-a1a6-44189f72f3e0: 69 chunks; 1.5 s; peak memory 1214 MiB.
2026-10-09T13:09:47Z INFO [227/500] 690ba6bc-218b-4609-b99e-9829b37bb5de: 111 chunks; 5.3 s; peak memory 1214 MiB.
2026-10-09T13:09:48Z INFO [228/500] 690c9753-e09e-4944-ab1e-ef05e1e2b62a: 45 chunks; 1.9 s; peak memory 1214 MiB.
2026-10-09T13:09:50Z INFO [229/500] 690ccc5b-5494-490d-88c1-23ca3d1042ca: 112 chunks; 1.7 s; peak memory 1214 MiB.
2026-10-09T13:09:52Z INFO [230/500] 690d56e0-c7cc-4b5f-bb32-4103201c2554: 48 chunks; 1.4 s; peak memory 1214 MiB.
2026-10-09T13:09:53Z INFO [231/500] 690ea1c8-6bd0-4f1a-b6dd-030dd910240f: 48 chunks; 1.5 s; peak memory 1214 MiB.
2026-10-09T13:09:57Z INFO [232/500] 690eb27f-4d9d-4737-8b96-0856af406ca4: 635 chunks; 3.8 s; peak memory 1214 MiB.
2026-10-09T13:09:58Z INFO [233/500] 690f88d5-f83f-42c8-9c41-867404ce1d2b: 48 chunks; 1.4 s; peak memory 1214 MiB.
2026-10-09T13:10:00Z INFO [234/500] 690f9c23-1905-4aad-8ebd-66b0f2173372: 92 chunks; 1.6 s; peak memory 1214 MiB.
2026-10-09T13:10:01Z INFO [235/500] 690fd54b-5698-4267-ab0d-0fe4c2f4c1f0: 48 chunks; 1.5 s; peak memory 1214 MiB.
2026-10-09T13:10:03Z INFO [236/500] 6910fe1c-d222-44f2-9827-65de3c305ae6: 118 chunks; 1.5 s; peak memory 1214 MiB.
2026-10-09T13:10:24Z INFO [237/500] 69116d54-b860-4c79-abef-8c8b9fd9348d: 22320 chunks; 20.8 s; peak memory 1214 MiB.
2026-10-09T13:10:25Z INFO [238/500] 6911765e-fcc4-472a-b3ea-d0208de1efd2: 52 chunks; 1.2 s; peak memory 1214 MiB.
2026-10-09T13:13:05Z INFO [239/500] 6911d1eb-a572-4ee7-b723-9baa27c9d853: 40432 chunks; 160.0 s; peak memory 1214 MiB.
2026-10-09T13:13:07Z INFO [240/500] 6911e17d-cab7-48d2-a55c-b5dcef481253: 112 chunks; 2.0 s; peak memory 1214 MiB.
2026-10-09T13:13:09Z INFO [241/500] 6912a1ff-0be0-4899-b660-e12daadbd552: 66 chunks; 2.1 s; peak memory 1214 MiB.
2026-10-09T13:13:11Z INFO [242/500] 6913beff-a968-45c0-a279-15ee5bbfa8e9: 117 chunks; 1.7 s; peak memory 1214 MiB.
2026-10-09T13:13:12Z INFO [243/500] 6914b4b2-25bc-4978-9fb0-a2466d170fdb: 117 chunks; 1.7 s; peak memory 1214 MiB.
2026-10-09T13:13:14Z INFO [244/500] 69152b9a-d61e-47b1-a89d-adc0b5bb6ceb: 48 chunks; 1.4 s; peak memory 1214 MiB.
2026-10-09T13:13:16Z INFO [245/500] 69156ccb-afba-48a9-b309-508947e32196: 289 chunks; 1.9 s; peak memory 1214 MiB.
2026-10-09T13:13:17Z INFO [246/500] 69169baa-3507-4588-be18-13c7db499b5d: 48 chunks; 1.6 s; peak memory 1214 MiB.
2026-10-09T13:13:19Z INFO [247/500] 6917058d-ea4b-49d4-925d-3aa1707003c7: 48 chunks; 1.4 s; peak memory 1214 MiB.
2026-10-09T13:13:29Z INFO [248/500] 69177346-8baa-421b-8256-d87d60f1f2d1: 18809 chunks; 10.1 s; peak memory 1214 MiB.
2026-10-09T13:13:30Z INFO [249/500] 6917b38e-11ae-4597-8c3c-22a852c83398: 48 chunks; 1.4 s; peak memory 1214 MiB.
2026-10-09T13:13:32Z INFO [250/500] 691807b2-5260-4e10-bc01-15dee9d0d589: 46 chunks; 1.6 s; peak memory 1214 MiB.
2026-10-09T13:13:32Z INFO [250/500] 691807b2-5260-4e10-bc01-15dee9d0d589: checkpointed 97584 new records.
2026-10-09T13:13:38Z INFO [251/500] 69189d10-5cd7-4ea6-8d5c-4447225a8078: 670 chunks; 6.4 s; peak memory 1214 MiB.
2026-10-09T13:13:40Z INFO [252/500] 6918b454-13d5-4fd7-a98d-967d14a5b37d: 112 chunks; 2.0 s; peak memory 1214 MiB.
2026-10-09T13:13:42Z INFO [253/500] 691a36fb-2098-490d-a3cf-7a070f6f605e: 46 chunks; 1.6 s; peak memory 1214 MiB.
2026-10-09T13:13:52Z INFO [254/500] 691b1801-ada1-41c5-83c4-4eb43dbd85a9: 11547 chunks; 9.6 s; peak memory 1214 MiB.
2026-10-09T13:13:53Z INFO [255/500] 691bb8ec-3288-49b7-af33-7659500671a3: 48 chunks; 1.4 s; peak memory 1214 MiB.
2026-10-09T13:13:56Z INFO [256/500] 691c2a3d-d36a-4543-bf3d-976471292076: 146 chunks; 3.2 s; peak memory 1214 MiB.
2026-10-09T13:13:58Z INFO [257/500] 691c5c6e-0aaa-49ee-b4fd-e44a23ed5a02: 48 chunks; 1.4 s; peak memory 1214 MiB.
2026-10-09T13:13:59Z INFO [258/500] 691dc05b-fd3f-4975-9c18-2a1d96b84905: 48 chunks; 1.3 s; peak memory 1214 MiB.
2026-10-09T13:14:01Z INFO [259/500] 691e85a7-5f56-4758-96eb-048a88279c8e: 117 chunks; 1.6 s; peak memory 1214 MiB.
2026-10-09T13:14:03Z INFO [260/500] 691eaf40-f057-4c57-b614-bbbb5498c6c6: 112 chunks; 2.0 s; peak memory 1214 MiB.
2026-10-09T13:14:06Z INFO [261/500] 6921b0cb-b759-47f3-8554-71aa0ef3bcf9: 207 chunks; 3.0 s; peak memory 1214 MiB.
2026-10-09T13:14:07Z INFO [262/500] 69225f23-13c3-4fc6-aabd-c0bad45f90e6: 48 chunks; 1.3 s; peak memory 1214 MiB.
2026-10-09T13:14:19Z INFO [263/500] 6922f8d9-51f1-494f-9b44-03fff455a9cc: 391 chunks; 12.0 s; peak memory 1214 MiB.
2026-10-09T13:14:29Z INFO [264/500] 69247f79-1e5e-4a17-8540-b6aa69cc78ee: 4223 chunks; 10.4 s; peak memory 1214 MiB.
2026-10-09T13:14:31Z INFO [265/500] 6924ca14-80b4-4cd8-ad8c-72f6d042be93: 118 chunks; 1.7 s; peak memory 1214 MiB.
2026-10-09T13:14:33Z INFO [266/500] 6925b1c3-5d88-4322-a462-2f834c72f3ee: 71 chunks; 2.5 s; peak memory 1214 MiB.
2026-10-09T13:14:35Z INFO [267/500] 69277115-b40f-4ed3-ad02-4238b3cf0e3e: 48 chunks; 1.4 s; peak memory 1214 MiB.
2026-10-09T13:14:37Z INFO [268/500] 6928539b-76c4-44a4-ad7d-d512840b1421: 66 chunks; 2.2 s; peak memory 1214 MiB.
2026-10-09T13:14:38Z INFO [269/500] 6928c311-6890-4117-b672-4553df46635a: 48 chunks; 1.4 s; peak memory 1214 MiB.
2026-10-09T13:14:40Z INFO [270/500] 692921c4-ea5d-4ed3-8fd9-ebbacd6db3d2: 46 chunks; 1.2 s; peak memory 1214 MiB.
2026-10-09T13:14:41Z INFO [271/500] 69292f31-1663-4cb3-998b-13f57b169b79: 52 chunks; 1.1 s; peak memory 1214 MiB.
2026-10-09T13:14:42Z INFO [272/500] 69294fe1-56f7-4040-bed5-bdddfcdd2a73: 48 chunks; 1.3 s; peak memory 1214 MiB.
2026-10-09T13:19:44Z INFO [273/500] 69298193-34ff-4eb6-b05f-27bfa85ade4a: 75389 chunks; 301.7 s; peak memory 1214 MiB.
2026-10-09T13:19:46Z INFO [274/500] 6929a2f3-f188-443e-8798-be4da4f969cb: 110 chunks; 2.1 s; peak memory 1214 MiB.
2026-10-09T13:19:54Z INFO [275/500] 692a9993-e29c-4720-8ac4-a2eae16bfdc6: 323 chunks; 7.9 s; peak memory 1214 MiB.
2026-10-09T13:20:00Z INFO [276/500] 692ac7fd-9ff4-4310-b58f-5f5b3723c009: 702 chunks; 6.5 s; peak memory 1214 MiB.
2026-10-09T13:20:09Z INFO [277/500] 692b7bee-f45f-4bf9-a238-90d49de5b752: 9653 chunks; 8.7 s; peak memory 1214 MiB.
2026-10-09T13:20:10Z INFO [278/500] 692be0a5-43a2-491c-8565-ce737df6bdec: 41 chunks; 1.3 s; peak memory 1214 MiB.
2026-10-09T13:23:05Z INFO [279/500] 692dbe4a-fb87-46fa-b4fc-e346608cdb04: 44382 chunks; 175.0 s; peak memory 1214 MiB.
2026-10-09T13:23:07Z INFO [280/500] 692df252-6d73-46c0-8568-eda9b772aa03: 116 chunks; 1.6 s; peak memory 1214 MiB.
2026-10-09T13:23:09Z INFO [281/500] 692e213e-a887-4751-9fc2-29605997f612: 66 chunks; 1.9 s; peak memory 1214 MiB.
2026-10-09T13:23:10Z INFO [282/500] 692f70e3-d0ce-4356-80d9-a6ce687f31dc: 48 chunks; 1.5 s; peak memory 1214 MiB.
2026-10-09T13:23:11Z INFO [283/500] 69309e84-b607-4b28-bae1-40037076f5d9: 46 chunks; 1.1 s; peak memory 1214 MiB.
2026-10-09T13:23:25Z INFO [284/500] 6931860b-056a-401e-8dbe-98d1101cbf10: 17594 chunks; 13.8 s; peak memory 1214 MiB.
2026-10-09T13:23:26Z INFO [285/500] 693190d5-c8b8-4a5f-9b00-e3444b06b79e: 48 chunks; 1.3 s; peak memory 1214 MiB.
2026-10-09T13:23:28Z INFO [286/500] 6931f6be-736f-4ee8-add3-b2456a102b7c: 48 chunks; 1.4 s; peak memory 1214 MiB.
2026-10-09T13:23:30Z INFO [287/500] 6933022e-d84c-4e52-9aa1-52ad1d5b70ec: 66 chunks; 1.7 s; peak memory 1214 MiB.
2026-10-09T13:31:19Z INFO [288/500] 69330487-3d49-475b-832a-1f4bf2bdbf5b: 66733 chunks; 469.5 s; peak memory 1214 MiB.
2026-10-09T13:31:21Z INFO [289/500] 693348cf-2970-43ba-ba8e-9eba5054cfd0: 48 chunks; 1.6 s; peak memory 1214 MiB.
2026-10-09T13:31:22Z INFO [290/500] 6933b8fa-7438-4bc7-a9b5-1b425a8be271: 57 chunks; 1.1 s; peak memory 1214 MiB.
2026-10-09T13:31:23Z INFO [291/500] 693416e0-613e-4a17-abaf-c8da7f225e34: 112 chunks; 1.7 s; peak memory 1214 MiB.
2026-10-09T13:31:33Z INFO [292/500] 6934f9e4-5f31-45b2-816b-84b92dd08092: 12711 chunks; 9.5 s; peak memory 1214 MiB.
2026-10-09T13:31:37Z INFO [293/500] 69352272-bab3-44dc-b7f5-92ef965638fd: 788 chunks; 4.5 s; peak memory 1214 MiB.
2026-10-09T13:31:39Z INFO [294/500] 6936c382-ea7c-48f6-ab7c-c9710c17c7e8: 118 chunks; 1.8 s; peak memory 1214 MiB.
2026-10-09T13:32:09Z INFO [295/500] 6936edd9-d885-41ac-b3e8-1c7e61848254: 6138 chunks; 30.0 s; peak memory 1214 MiB.
2026-10-09T13:32:11Z INFO [296/500] 6937a0fa-f327-497c-b4a0-40592231aab3: 48 chunks; 1.4 s; peak memory 1214 MiB.
2026-10-09T13:32:12Z INFO [297/500] 6937d3e8-e1d7-4a5b-86c1-016fe0cb2d42: 116 chunks; 1.8 s; peak memory 1214 MiB.
2026-10-09T13:32:14Z INFO [298/500] 69394a90-e3ec-4859-ae5f-24b7d68f4118: 117 chunks; 1.6 s; peak memory 1214 MiB.
2026-10-09T13:32:45Z INFO [299/500] 6939826c-0bd8-41b8-ae93-c00093198857: 6139 chunks; 30.9 s; peak memory 1214 MiB.
2026-10-09T13:32:47Z INFO [300/500] 69399f67-4b87-42fe-b9b3-15812205f80a: 66 chunks; 2.0 s; peak memory 1214 MiB.
2026-10-09T13:32:47Z INFO [300/500] 69399f67-4b87-42fe-b9b3-15812205f80a: checkpointed 97634 new records.
2026-10-09T13:32:52Z INFO [301/500] 693a1e86-9a28-449a-9e10-66c7bb6d6409: 301 chunks; 5.0 s; peak memory 1214 MiB.
2026-10-09T13:32:54Z INFO [302/500] 693a3efd-b8e3-40e6-ab70-34294a18420b: 50 chunks; 1.4 s; peak memory 1214 MiB.
2026-10-09T13:32:55Z INFO [303/500] 693b0797-f3f4-4be2-ad3e-f821ccaaff63: 166 chunks; 1.6 s; peak memory 1214 MiB.
2026-10-09T13:32:57Z INFO [304/500] 693b0cda-dc34-4f88-9a66-c0baac87aae0: 76 chunks; 1.4 s; peak memory 1214 MiB.
2026-10-09T13:32:59Z INFO [305/500] 693b399e-5349-4d8c-bf87-d8ee194b219a: 933 chunks; 2.8 s; peak memory 1214 MiB.
2026-10-09T13:33:01Z INFO [306/500] 693b73ab-cde8-414e-b560-9a72e9e2d9e6: 110 chunks; 2.0 s; peak memory 1214 MiB.
2026-10-09T13:33:04Z INFO [307/500] 693c179c-6260-4161-b639-491cc2098aa9: 119 chunks; 2.5 s; peak memory 1214 MiB.
2026-10-09T13:33:06Z INFO [308/500] 693dbf06-4745-4183-8e23-25ed3dce9487: 117 chunks; 1.6 s; peak memory 1214 MiB.
2026-10-09T13:33:07Z INFO [309/500] 693e2fad-5c1a-4663-98dc-5c489b676123: 48 chunks; 1.4 s; peak memory 1214 MiB.
2026-10-09T13:33:08Z INFO [310/500] 693e68d3-ace8-4d12-b6dd-382c9bf6a676: 50 chunks; 1.4 s; peak memory 1214 MiB.
2026-10-09T13:33:10Z INFO [311/500] 693ee6c6-027d-4a33-ad9f-7f9690e3807d: 48 chunks; 1.4 s; peak memory 1214 MiB.
2026-10-09T13:33:35Z INFO [312/500] 693f3ece-ecbd-4682-bcec-d99f81a45f0e: 4661 chunks; 25.6 s; peak memory 1214 MiB.
2026-10-09T13:33:37Z INFO [313/500] 693f4e4e-a683-40a3-8490-91b929e5e21f: 48 chunks; 1.4 s; peak memory 1214 MiB.
2026-10-09T13:33:39Z INFO [314/500] 693f7edc-5bb5-4789-8cc0-fb717dd3c32b: 303 chunks; 2.1 s; peak memory 1214 MiB.
2026-10-09T13:33:43Z INFO [315/500] 69408006-977b-4bd3-9c91-b5179e86c3a3: 90 chunks; 4.5 s; peak memory 1214 MiB.
2026-10-09T13:33:45Z INFO [316/500] 694094f6-221f-45f4-8d6b-d52a48d695a9: 117 chunks; 1.7 s; peak memory 1214 MiB.
2026-10-09T13:33:47Z INFO [317/500] 6940f4f6-0296-4201-b519-afb8159e0130: 112 chunks; 2.1 s; peak memory 1214 MiB.
2026-10-09T13:33:54Z INFO [318/500] 6941783f-32df-4f41-816a-18cb4944411a: 6875 chunks; 7.3 s; peak memory 1214 MiB.
2026-10-09T13:33:56Z INFO [319/500] 69426768-1ae3-4dfb-a946-38509f27c0ae: 46 chunks; 1.4 s; peak memory 1214 MiB.
2026-10-09T13:33:58Z INFO [320/500] 69428e45-6724-4c2c-998a-3116e0640ca1: 80 chunks; 1.9 s; peak memory 1214 MiB.
2026-10-09T13:33:59Z INFO [321/500] 6942f269-50d4-4cb7-823c-839123995bdc: 46 chunks; 1.0 s; peak memory 1214 MiB.
2026-10-09T13:34:15Z INFO [322/500] 6943ab8f-30ec-4848-85e8-1ae5fd37ce0a: 2199 chunks; 16.3 s; peak memory 1214 MiB.
2026-10-09T13:34:26Z INFO [323/500] 6943c2bd-0e7f-44c7-beb7-af4b2bc9c57a: 18882 chunks; 11.3 s; peak memory 1214 MiB.
2026-10-09T13:34:30Z INFO [324/500] 69454250-9604-4426-849d-3dfd14615f73: 115 chunks; 3.3 s; peak memory 1214 MiB.
2026-10-09T13:34:31Z INFO [325/500] 6945541d-42b6-4a6c-86ca-057e01941a16: 117 chunks; 1.7 s; peak memory 1214 MiB.
2026-10-09T13:34:33Z INFO [326/500] 69456089-124f-461f-835c-0b61d830ae8d: 112 chunks; 1.9 s; peak memory 1214 MiB.
2026-10-09T13:34:35Z INFO [327/500] 6945e174-0309-4b9b-916d-1196cb1c8472: 48 chunks; 1.5 s; peak memory 1214 MiB.
2026-10-09T13:34:36Z INFO [328/500] 69463a43-2cc8-4129-a915-7d040b8e149c: 66 chunks; 1.7 s; peak memory 1214 MiB.
2026-10-09T13:34:38Z INFO [329/500] 69466dad-1ebe-4297-b207-fe340ea271aa: 46 chunks; 1.2 s; peak memory 1214 MiB.
2026-10-09T13:34:40Z INFO [330/500] 6946d8a5-9002-42a1-8337-aa20061161c9: 112 chunks; 2.3 s; peak memory 1214 MiB.
2026-10-09T13:34:41Z INFO [331/500] 6947e766-fdd0-4939-83fe-d6145c22bdf8: 48 chunks; 1.6 s; peak memory 1214 MiB.
2026-10-09T13:34:43Z INFO [332/500] 69487e98-20eb-46d2-b633-5f609535a0d6: 110 chunks; 1.7 s; peak memory 1214 MiB.
2026-10-09T13:34:44Z INFO [333/500] 69496398-3a39-4172-9315-4a908f82661e: 48 chunks; 1.3 s; peak memory 1214 MiB.
2026-10-09T13:34:46Z INFO [334/500] 6949ed9b-9963-4778-9128-325a57b4dbf9: 48 chunks; 1.5 s; peak memory 1214 MiB.
2026-10-09T13:34:47Z INFO [335/500] 694aa8a0-34dd-4d69-b0e4-8c7753944994: 118 chunks; 1.5 s; peak memory 1214 MiB.
2026-10-09T13:34:52Z INFO [336/500] 694d36eb-f24f-4a69-894c-d6abba92d855: 156 chunks; 4.3 s; peak memory 1214 MiB.
2026-10-09T13:34:59Z INFO [337/500] 694db994-94ed-40b3-ab33-34f4cccaa284: 9459 chunks; 7.0 s; peak memory 1214 MiB.
2026-10-09T13:35:04Z INFO [338/500] 694e0bcc-892c-4028-8166-a7f37b965c1c: 631 chunks; 5.1 s; peak memory 1214 MiB.
2026-10-09T13:35:06Z INFO [339/500] 694e85b7-40b4-4b70-bb01-e48362376e45: 69 chunks; 1.8 s; peak memory 1214 MiB.
2026-10-09T13:35:07Z INFO [340/500] 694e8d5d-48c5-4d86-981e-01751785647b: 44 chunks; 1.1 s; peak memory 1214 MiB.
2026-10-09T13:35:08Z INFO [341/500] 694fe5ba-fe9d-459a-a393-e1149ed29abf: 117 chunks; 1.6 s; peak memory 1214 MiB.
2026-10-09T13:35:10Z INFO [342/500] 69500b83-267e-4279-b62a-87bc2cc50f73: 204 chunks; 2.0 s; peak memory 1214 MiB.
2026-10-09T13:35:12Z INFO [343/500] 6950f67e-ae2d-47f7-9632-77bc0c07242b: 118 chunks; 1.6 s; peak memory 1214 MiB.
2026-10-09T13:35:14Z INFO [344/500] 6950fd2e-47ba-41c5-a88d-69c7f6c3ab9c: 64 chunks; 1.5 s; peak memory 1214 MiB.
2026-10-09T13:35:16Z INFO [345/500] 69515430-9ff5-4d3d-9aab-347a39276a17: 64 chunks; 2.0 s; peak memory 1214 MiB.
2026-10-09T13:35:17Z INFO [346/500] 69515e3b-6c59-45d6-98e5-5df303e3e36e: 48 chunks; 1.4 s; peak memory 1214 MiB.
2026-10-09T13:38:45Z INFO [347/500] 6951ab04-1822-4245-882d-db7cb5bf299d: 583831 chunks; 207.5 s; peak memory 1245 MiB.
2026-10-09T13:38:47Z INFO [348/500] 6951ab23-d24d-4c91-863e-1dc3f6ad8ba4: 71 chunks; 2.6 s; peak memory 1245 MiB.
2026-10-09T13:38:50Z INFO [349/500] 6951e0d6-b597-4ee5-bbdb-bbb1ff7e63cb: 71 chunks; 2.5 s; peak memory 1245 MiB.
2026-10-09T13:38:52Z INFO [350/500] 695230e4-515a-473d-a636-6d813e1223a5: 64 chunks; 1.9 s; peak memory 1245 MiB.
2026-10-09T13:38:52Z INFO [350/500] 695230e4-515a-473d-a636-6d813e1223a5: checkpointed 97684 new records.
2026-10-09T13:38:54Z INFO [351/500] 69531824-4bab-48b1-bc1d-856d187fc051: 170 chunks; 1.9 s; peak memory 1245 MiB.
2026-10-09T13:38:55Z INFO [352/500] 695321d8-a525-4a77-9a3a-f3e7a7adeaf1: 46 chunks; 1.1 s; peak memory 1245 MiB.
2026-10-09T13:38:57Z INFO [353/500] 69532cc8-1da7-49ea-8b8c-bffdd3e93d45: 62 chunks; 1.9 s; peak memory 1245 MiB.
2026-10-09T13:38:58Z INFO [354/500] 6954f512-f980-4b96-af2f-44e2747f0b6c: 117 chunks; 1.5 s; peak memory 1245 MiB.
2026-10-09T13:39:00Z INFO [355/500] 695529c6-1b4c-4cc3-a689-a7a6acb6e269: 48 chunks; 1.4 s; peak memory 1245 MiB.
2026-10-09T13:39:02Z INFO [356/500] 6955a446-1a21-40da-bec5-468a6baf648b: 79 chunks; 1.9 s; peak memory 1245 MiB.
2026-10-09T13:39:03Z INFO [357/500] 6955db41-914b-416a-8ea2-1593028b8b73: 62 chunks; 1.9 s; peak memory 1245 MiB.
2026-10-09T13:39:14Z INFO [358/500] 695756cd-dd3e-44aa-af64-d5562ae71a1d: 18857 chunks; 10.9 s; peak memory 1245 MiB.
2026-10-09T13:39:24Z INFO [359/500] 69581d3b-29d2-49ec-887a-3b5f3b938d3c: 4151 chunks; 9.4 s; peak memory 1245 MiB.
2026-10-09T13:39:27Z INFO [360/500] 69582b3c-bc20-4fdc-9865-b8b0aac0969a: 71 chunks; 2.9 s; peak memory 1245 MiB.
2026-10-09T13:39:30Z INFO [361/500] 69585807-a0d3-412f-a157-c8ef5e1cb21b: 138 chunks; 3.3 s; peak memory 1245 MiB.
2026-10-09T13:39:32Z INFO [362/500] 6958c998-f1e7-4ef8-a8dc-df22534ea21e: 112 chunks; 2.5 s; peak memory 1245 MiB.
2026-10-09T13:39:37Z INFO [363/500] 69590725-62b5-4810-b747-34654eedfd29: 1585 chunks; 5.0 s; peak memory 1245 MiB.
2026-10-09T13:39:39Z INFO [364/500] 69591f8e-408e-4b13-ae7f-a23f0cdb41a4: 112 chunks; 1.8 s; peak memory 1245 MiB.
2026-10-09T13:39:41Z INFO [365/500] 695ae643-e844-4908-a23d-48f6c9b804b3: 69 chunks; 1.9 s; peak memory 1245 MiB.
2026-10-09T13:39:42Z INFO [366/500] 695b7713-3012-4a14-8b44-91f5d265a11b: 33 chunks; 1.1 s; peak memory 1245 MiB.
2026-10-09T13:39:44Z INFO [367/500] 695ba7dc-7a10-487b-9bd7-14f5a16b608d: 50 chunks; 1.5 s; peak memory 1245 MiB.
2026-10-09T13:39:45Z INFO [368/500] 695bff75-c880-4882-b101-d49b8b6eba4f: 64 chunks; 1.5 s; peak memory 1245 MiB.
2026-10-09T13:39:47Z INFO [369/500] 695c97b1-efc0-47a8-aa18-957f12d94885: 48 chunks; 1.5 s; peak memory 1245 MiB.
2026-10-09T13:39:48Z INFO [370/500] 695cbec2-ba4f-4a4c-8ca5-306aa2b4b847: 112 chunks; 1.4 s; peak memory 1245 MiB.
2026-10-09T13:39:51Z INFO [371/500] 695cf10c-7e0f-49a4-9fbe-8cedc92d1036: 201 chunks; 3.3 s; peak memory 1245 MiB.
2026-10-09T13:39:53Z INFO [372/500] 695d4384-a073-4bb8-8a11-0922d67bff67: 51 chunks; 1.9 s; peak memory 1245 MiB.
2026-10-09T13:39:55Z INFO [373/500] 695d5075-13e6-4f88-90ec-00911acf1798: 112 chunks; 1.7 s; peak memory 1245 MiB.
2026-10-09T13:39:57Z INFO [374/500] 695dbfd6-c649-4e2d-b4f0-43c397776210: 48 chunks; 1.4 s; peak memory 1245 MiB.
2026-10-09T13:39:58Z INFO [375/500] 695ddb76-cf4f-4327-a634-d6d81b1d4bfe: 117 chunks; 1.6 s; peak memory 1245 MiB.
2026-10-09T13:40:00Z INFO [376/500] 695dea0d-b0f3-4626-b472-3f5a358260a0: 117 chunks; 1.7 s; peak memory 1245 MiB.
2026-10-09T13:40:01Z INFO [377/500] 695e0530-858f-4e62-9b87-c3309acd7bb5: 48 chunks; 1.6 s; peak memory 1245 MiB.
2026-10-09T13:40:03Z INFO [378/500] 695f0715-ff68-4dec-aafe-39c3f1c970f1: 48 chunks; 1.2 s; peak memory 1245 MiB.
2026-10-09T13:40:04Z INFO [379/500] 696045de-f5c6-48d3-a82b-9ba60035003f: 118 chunks; 1.8 s; peak memory 1245 MiB.
2026-10-09T13:40:06Z INFO [380/500] 69605f0c-4265-4b0f-962a-8d8934bdbcce: 117 chunks; 1.7 s; peak memory 1245 MiB.
2026-10-09T13:40:08Z INFO [381/500] 6960ad28-4dab-40b4-a6b4-339f537ebc52: 52 chunks; 1.6 s; peak memory 1245 MiB.
2026-10-09T13:40:10Z INFO [382/500] 6960d239-bb97-43ee-a184-eda77d18b93b: 112 chunks; 1.8 s; peak memory 1245 MiB.
2026-10-09T13:40:11Z INFO [383/500] 6962fe5e-c896-45ef-8a41-2907415933f2: 117 chunks; 1.4 s; peak memory 1245 MiB.
2026-10-09T13:40:12Z INFO [384/500] 6963ab89-438d-4f42-80f5-57614f62fa40: 48 chunks; 1.4 s; peak memory 1245 MiB.
2026-10-09T13:40:14Z INFO [385/500] 6963f2db-afba-4746-ae4e-0456d70e5cc5: 48 chunks; 1.4 s; peak memory 1245 MiB.
2026-10-09T13:40:15Z INFO [386/500] 69645c6d-42bd-4b17-9331-3af627d77bd2: 57 chunks; 1.1 s; peak memory 1245 MiB.
2026-10-09T13:40:16Z INFO [387/500] 6964c039-7c2d-44e9-8ce9-fdf40256a3e5: 48 chunks; 1.5 s; peak memory 1245 MiB.
2026-10-09T13:40:19Z INFO [388/500] 69655f8c-9342-42d7-979e-f760b67ca212: 549 chunks; 2.1 s; peak memory 1245 MiB.
2026-10-09T13:40:21Z INFO [389/500] 69668461-0caa-4f5c-8902-1b00ab69ee52: 69 chunks; 2.4 s; peak memory 1245 MiB.
2026-10-09T13:40:23Z INFO [390/500] 69672e7d-070a-4005-bb0b-0bb1bfae0afd: 66 chunks; 1.8 s; peak memory 1245 MiB.
2026-10-09T13:40:25Z INFO [391/500] 69689a3c-f304-4616-9cc6-c4b0913d765e: 66 chunks; 1.9 s; peak memory 1245 MiB.
2026-10-09T13:40:31Z INFO [392/500] 6968db2e-dc49-4fc2-a380-ee5af30779c0: 174 chunks; 6.9 s; peak memory 1245 MiB.
2026-10-09T13:40:34Z INFO [393/500] 69699612-39ba-4b6a-bcf1-a2b7cdec8a92: 78 chunks; 2.3 s; peak memory 1245 MiB.
2026-10-09T13:40:35Z INFO [394/500] 696a16d1-6203-4e34-82ae-c77e2baf25d7: 56 chunks; 1.1 s; peak memory 1245 MiB.
2026-10-09T13:40:37Z INFO [395/500] 696a8d85-d8c0-4bd7-90e5-ac8e89b9565a: 105 chunks; 2.3 s; peak memory 1245 MiB.
2026-10-09T13:40:39Z INFO [396/500] 696aaff8-49df-4e49-b177-608877dcad63: 48 chunks; 1.4 s; peak memory 1245 MiB.
2026-10-09T13:40:40Z INFO [397/500] 696b6738-5b1c-456d-a7d8-78224d041078: 117 chunks; 1.5 s; peak memory 1245 MiB.
2026-10-09T13:40:42Z INFO [398/500] 696c0829-badb-44e4-ab65-a1656b245438: 48 chunks; 1.5 s; peak memory 1245 MiB.
2026-10-09T13:40:44Z INFO [399/500] 696cae03-758e-4ee3-bc13-39306405de58: 117 chunks; 1.9 s; peak memory 1245 MiB.
2026-10-09T13:40:45Z INFO [400/500] 696cba6e-844c-4066-b551-4bd24864ec3c: 69 chunks; 1.6 s; peak memory 1245 MiB.
2026-10-09T13:40:45Z INFO [400/500] 696cba6e-844c-4066-b551-4bd24864ec3c: checkpointed 97734 new records.
2026-10-09T13:40:54Z INFO [401/500] 696cf35e-a67e-4508-9ee6-80970b1eadc4: 193 chunks; 8.3 s; peak memory 1245 MiB.
2026-10-09T13:40:55Z INFO [402/500] 696e17ef-88bb-4642-a76a-3ec3185c6623: 52 chunks; 1.7 s; peak memory 1245 MiB.
2026-10-09T13:40:57Z INFO [403/500] 696ef4b8-7564-4594-ac26-634e7e1b8789: 41 chunks; 1.4 s; peak memory 1245 MiB.
2026-10-09T13:41:01Z INFO [404/500] 696efd89-ff7c-4cff-a7da-58428cced4ba: 161 chunks; 3.9 s; peak memory 1245 MiB.
2026-10-09T13:41:03Z INFO [405/500] 696f0911-11f9-4d96-b279-b8378a9a4313: 59 chunks; 1.9 s; peak memory 1245 MiB.
2026-10-09T13:41:04Z INFO [406/500] 696f0d51-5d32-4083-8ec2-686a2ba0ef1e: 48 chunks; 1.4 s; peak memory 1245 MiB.
2026-10-09T13:41:06Z INFO [407/500] 696fe36b-4783-4e24-82ae-62f7f4f705fc: 48 chunks; 1.6 s; peak memory 1245 MiB.
2026-10-09T13:41:07Z INFO [408/500] 6970129a-8726-4bcb-80a9-7a96e84144a7: 48 chunks; 1.5 s; peak memory 1245 MiB.
2026-10-09T13:41:09Z INFO [409/500] 6970c5ca-ff24-4535-9560-b50f16c04cfe: 112 chunks; 1.7 s; peak memory 1245 MiB.
2026-10-09T13:41:10Z INFO [410/500] 6970e570-3780-43d4-bf67-f470c1ed8fa7: 48 chunks; 1.4 s; peak memory 1245 MiB.
2026-10-09T13:41:28Z INFO [411/500] 6971132c-6216-4d77-aa23-84eb71fd778b: 8227 chunks; 17.7 s; peak memory 1245 MiB.
2026-10-09T13:41:30Z INFO [412/500] 69716ce0-b046-4f5d-98d3-a744e02cb2ed: 71 chunks; 1.9 s; peak memory 1245 MiB.
2026-10-09T13:41:55Z INFO [413/500] 69723684-4928-455a-8ce3-0573a724582e: 5644 chunks; 25.4 s; peak memory 1245 MiB.
2026-10-09T13:42:03Z INFO [414/500] 6972584f-d4ef-4703-a39b-dc5b8fd0bcf2: 320 chunks; 7.4 s; peak memory 1245 MiB.
2026-10-09T13:42:05Z INFO [415/500] 69738825-6512-476b-a7b4-ea5a4e210ee2: 112 chunks; 2.4 s; peak memory 1245 MiB.
2026-10-09T13:42:07Z INFO [416/500] 69738f00-c6b4-490a-b951-6a4d290900b0: 112 chunks; 1.8 s; peak memory 1245 MiB.
2026-10-09T13:42:08Z INFO [417/500] 69746918-dd5c-4250-80ff-3cfcfed883af: 118 chunks; 1.6 s; peak memory 1245 MiB.
2026-10-09T13:42:10Z INFO [418/500] 6975e509-2ece-4e23-8b1c-53c0416edd4d: 112 chunks; 1.8 s; peak memory 1245 MiB.
2026-10-09T13:42:18Z INFO [419/500] 6976b84f-1261-4d37-ac7c-3276291e4ab0: 194 chunks; 8.0 s; peak memory 1245 MiB.
2026-10-09T13:42:20Z INFO [420/500] 6976c4eb-9d23-401b-8a07-d1eab86ee903: 48 chunks; 1.4 s; peak memory 1245 MiB.
2026-10-09T13:42:21Z INFO [421/500] 6976c60b-25e8-4108-9065-f6655416f56b: 50 chunks; 1.2 s; peak memory 1245 MiB.
2026-10-09T13:42:24Z INFO [422/500] 6977fbba-a551-4f16-bddd-5ec0dbda7cdf: 201 chunks; 3.1 s; peak memory 1245 MiB.
2026-10-09T13:42:25Z INFO [423/500] 6978c625-9303-437b-83da-dec19fbdfdd4: 48 chunks; 1.4 s; peak memory 1245 MiB.
2026-10-09T13:42:27Z INFO [424/500] 69797d3b-8257-4803-9eb4-6a16ecca1e05: 48 chunks; 1.3 s; peak memory 1245 MiB.
2026-10-09T13:47:22Z INFO [425/500] 6979ca26-b243-4ead-a315-ae916889f7e9: 75394 chunks; 295.4 s; peak memory 1245 MiB.
2026-10-09T13:47:29Z INFO [426/500] 697b1866-05bb-49e6-ac7e-6d5739b11789: 5436 chunks; 7.1 s; peak memory 1245 MiB.
2026-10-09T13:47:30Z INFO [427/500] 697b5cc8-d88a-43b6-bd58-5cd7ec392f8d: 48 chunks; 1.4 s; peak memory 1245 MiB.
2026-10-09T13:47:35Z INFO [428/500] 697b6ccd-e2e7-4d62-bca1-c1556527d00e: 1876 chunks; 4.6 s; peak memory 1245 MiB.
2026-10-09T13:47:38Z INFO [429/500] 697c9cd6-e3e2-4fb8-8156-ca748a4ef14d: 138 chunks; 3.4 s; peak memory 1245 MiB.
2026-10-09T13:47:40Z INFO [430/500] 697e2888-935a-414f-956e-829e0d11d169: 48 chunks; 1.3 s; peak memory 1245 MiB.
2026-10-09T13:47:44Z INFO [431/500] 697fd92e-6ec8-45d9-8932-520ff4057974: 156 chunks; 3.9 s; peak memory 1245 MiB.
2026-10-09T13:47:46Z INFO [432/500] 697feb52-f411-47fa-a2ec-5a60bf7b79f2: 59 chunks; 1.9 s; peak memory 1245 MiB.
2026-10-09T13:47:55Z INFO [433/500] 698023be-780f-4a33-95fc-5f5d41c82b28: 8094 chunks; 9.0 s; peak memory 1245 MiB.
2026-10-09T13:47:56Z INFO [434/500] 69804a3d-8a92-470a-aaa8-9fcfc7b4f4af: 117 chunks; 1.7 s; peak memory 1245 MiB.
2026-10-09T13:47:57Z INFO [435/500] 69810868-2fd8-466e-a64d-7b16794f7229: 57 chunks; 1.1 s; peak memory 1245 MiB.
2026-10-09T13:47:59Z INFO [436/500] 69829c86-e4e7-430f-b263-d84c27bab8f8: 117 chunks; 1.5 s; peak memory 1245 MiB.
2026-10-09T13:48:02Z INFO [437/500] 6982baa8-96c6-4b1e-85e7-3b8fde382f9f: 90 chunks; 3.3 s; peak memory 1245 MiB.
2026-10-09T13:48:03Z INFO [438/500] 69837356-68b0-4c2e-a95e-fdbf18b516f0: 50 chunks; 1.3 s; peak memory 1245 MiB.
2026-10-09T13:48:05Z INFO [439/500] 6983fc1a-39b9-4276-b11a-a24cf9a05422: 116 chunks; 1.6 s; peak memory 1245 MiB.
2026-10-09T13:48:06Z INFO [440/500] 69859386-6c10-42fd-83e5-3ec5d66d840c: 48 chunks; 1.3 s; peak memory 1245 MiB.
2026-10-09T13:48:08Z INFO [441/500] 6985cc8e-f4dd-45d4-b0aa-3335c83a1502: 112 chunks; 1.9 s; peak memory 1245 MiB.
2026-10-09T13:48:10Z INFO [442/500] 69866e1e-5962-483b-b730-34b357931eb5: 110 chunks; 1.7 s; peak memory 1245 MiB.
2026-10-09T13:48:11Z INFO [443/500] 6986f028-4760-4393-b1c1-ae286a9ffeae: 48 chunks; 1.4 s; peak memory 1245 MiB.
2026-10-09T13:48:13Z INFO [444/500] 69876166-d558-4d9e-aaed-f5514cb28570: 69 chunks; 1.2 s; peak memory 1245 MiB.
2026-10-09T13:50:44Z INFO [445/500] 69879a01-53a8-4a8b-8cd4-7da1bed361e5: 41035 chunks; 151.2 s; peak memory 1245 MiB.
2026-10-09T13:50:45Z INFO [446/500] 6987f33a-53a2-4da1-b2f6-a965ccca584a: 52 chunks; 1.5 s; peak memory 1245 MiB.
2026-10-09T13:50:49Z INFO [447/500] 698841f9-aed3-40e8-ac6d-9f9c3c24f3fc: 156 chunks; 3.7 s; peak memory 1245 MiB.
2026-10-09T13:52:05Z INFO [448/500] 698cfdb3-ce71-4941-b016-d9f999750005: 10682 chunks; 76.2 s; peak memory 1245 MiB.
2026-10-09T13:52:07Z INFO [449/500] 698da168-3476-4e8c-a91e-45eb201f6055: 48 chunks; 1.5 s; peak memory 1245 MiB.
2026-10-09T13:52:08Z INFO [450/500] 698e2ec0-d7f6-42e8-aaf0-f3cb7067784a: 48 chunks; 1.4 s; peak memory 1245 MiB.
2026-10-09T13:52:08Z INFO [450/500] 698e2ec0-d7f6-42e8-aaf0-f3cb7067784a: checkpointed 97784 new records.
2026-10-09T13:52:10Z INFO [451/500] 698ecac6-9cce-4be5-9081-f002cc60730a: 118 chunks; 1.9 s; peak memory 1245 MiB.
2026-10-09T13:52:12Z INFO [452/500] 69905ba2-fc71-48a2-838e-f45ff4135104: 112 chunks; 1.9 s; peak memory 1245 MiB.
2026-10-09T13:52:14Z INFO [453/500] 6990766f-5f69-424b-a608-206680b3a4ef: 62 chunks; 1.8 s; peak memory 1245 MiB.
2026-10-09T13:54:04Z INFO [454/500] 69910dbe-3320-46c2-8046-ee1057ea3aa0: 28079 chunks; 109.7 s; peak memory 1245 MiB.
2026-10-09T13:54:06Z INFO [455/500] 6991555a-383f-4efa-a58c-bfb83c6e64c0: 289 chunks; 2.1 s; peak memory 1245 MiB.
2026-10-09T13:54:10Z INFO [456/500] 699176a7-4987-41fd-91b6-e8ff6ba404bf: 156 chunks; 4.0 s; peak memory 1245 MiB.
2026-10-09T13:54:12Z INFO [457/500] 69919900-4466-4a83-88da-b65977a8bdc4: 112 chunks; 1.7 s; peak memory 1245 MiB.
2026-10-09T13:54:13Z INFO [458/500] 69924748-9dab-4abc-8cbb-03f572ad66f2: 48 chunks; 1.4 s; peak memory 1245 MiB.
2026-10-09T13:54:16Z INFO [459/500] 6992b2a0-4797-4a70-b210-277347aaf977: 997 chunks; 2.9 s; peak memory 1245 MiB.
2026-10-09T13:56:43Z INFO [460/500] 6993146a-6232-4f45-8888-51833333c5d4: 41166 chunks; 147.0 s; peak memory 1245 MiB.
2026-10-09T13:56:44Z INFO [461/500] 69936be5-cbfd-4124-8e6d-418b1193b1d9: 48 chunks; 1.4 s; peak memory 1245 MiB.
2026-10-09T13:56:46Z INFO [462/500] 6993867f-bc0c-4d35-a8a0-7264a978b33b: 117 chunks; 1.6 s; peak memory 1245 MiB.
2026-10-09T13:56:48Z INFO [463/500] 6993b390-1adf-4219-8e85-016eb6791e5c: 71 chunks; 2.6 s; peak memory 1245 MiB.
2026-10-09T13:56:50Z INFO [464/500] 699457a7-b2c2-4a76-a8d4-e95b67780de6: 112 chunks; 1.5 s; peak memory 1245 MiB.
2026-10-09T13:56:51Z INFO [465/500] 699544e3-92f2-46b9-abcb-15077cdd6e4d: 48 chunks; 1.5 s; peak memory 1245 MiB.
2026-10-09T13:56:56Z INFO [466/500] 69971fdd-83c0-47ad-813e-29b7b85fe3d1: 180 chunks; 5.0 s; peak memory 1245 MiB.
2026-10-09T13:56:58Z INFO [467/500] 699729e9-5d58-4638-9fc8-17d4db9c7875: 112 chunks; 2.0 s; peak memory 1245 MiB.
2026-10-09T13:57:01Z INFO [468/500] 69977899-297f-41f2-8f19-39e3d0962f60: 78 chunks; 2.4 s; peak memory 1245 MiB.
2026-10-09T13:57:13Z INFO [469/500] 6997c856-637e-43bf-95d6-cb3ba6056dbf: 10162 chunks; 12.5 s; peak memory 1245 MiB.
2026-10-09T13:57:28Z INFO [470/500] 6997fcc3-eb48-404c-945c-efbf1224d6a9: 8615 chunks; 15.1 s; peak memory 1245 MiB.
2026-10-09T13:57:30Z INFO [471/500] 699a0439-6710-4ce0-ac5f-53f7d5e6c61c: 59 chunks; 2.0 s; peak memory 1245 MiB.
2026-10-09T13:57:32Z INFO [472/500] 699a35af-6607-407c-b73b-e8d0dae8af23: 48 chunks; 1.3 s; peak memory 1245 MiB.
2026-10-09T13:57:40Z INFO [473/500] 699c9554-1b28-432e-a958-f0f2f30043d5: 1219 chunks; 8.2 s; peak memory 1245 MiB.
2026-10-09T13:57:55Z INFO [474/500] 699cac31-111b-4052-8ebe-438e8a91c08f: 16478 chunks; 15.3 s; peak memory 1245 MiB.
2026-10-09T13:57:57Z INFO [475/500] 699d0a22-5b21-405a-b43d-a681326b1823: 54 chunks; 1.3 s; peak memory 1245 MiB.
2026-10-09T13:57:59Z INFO [476/500] 699d3e0e-ce51-46ad-8c7b-760cad494263: 112 chunks; 2.5 s; peak memory 1245 MiB.
2026-10-09T13:58:00Z INFO [477/500] 699e4069-058b-4146-a6b1-d5677631ef56: 48 chunks; 1.4 s; peak memory 1245 MiB.
2026-10-09T13:58:02Z INFO [478/500] 699eed67-6c9d-479e-bbab-393f63dee93c: 51 chunks; 1.2 s; peak memory 1245 MiB.
2026-10-09T13:58:04Z INFO [479/500] 699fcc93-c551-4650-9a54-f60a9e5e4420: 71 chunks; 2.8 s; peak memory 1245 MiB.
2026-10-09T13:58:07Z INFO [480/500] 699fcc9a-83f8-44b4-aa9f-e7345f3b18e7: 112 chunks; 2.1 s; peak memory 1245 MiB.
2026-10-09T13:58:08Z INFO [481/500] 69a0e6d9-bd5a-416c-bb1f-318a07efde84: 48 chunks; 1.3 s; peak memory 1245 MiB.
2026-10-09T13:58:09Z INFO [482/500] 69a19253-1775-4cbd-a39e-6d02a7b998c4: 56 chunks; 1.2 s; peak memory 1245 MiB.
2026-10-09T13:58:10Z INFO [483/500] 69a1eba5-e8af-4777-b3d3-895c97c001e7: 50 chunks; 1.2 s; peak memory 1245 MiB.
2026-10-09T13:58:12Z INFO [484/500] 69a2395d-cddc-483b-8edb-5f42484753c5: 112 chunks; 2.2 s; peak memory 1245 MiB.
2026-10-09T13:58:14Z INFO [485/500] 69a330a3-0577-4d23-880c-d2dfed11d1ac: 144 chunks; 1.5 s; peak memory 1245 MiB.
2026-10-09T13:58:15Z INFO [486/500] 69a368d5-b718-4bf7-b59c-bfcfc475fc8a: 92 chunks; 1.4 s; peak memory 1245 MiB.
2026-10-09T13:58:17Z INFO [487/500] 69a39149-8279-43d0-b229-a96d88142c76: 62 chunks; 1.9 s; peak memory 1245 MiB.
2026-10-09T13:58:18Z INFO [488/500] 69a40eba-3b9a-4199-9cbe-e0e811dbee8c: 54 chunks; 1.1 s; peak memory 1245 MiB.
2026-10-09T13:58:20Z INFO [489/500] 69a440b1-ce18-412f-b5b9-b4a2390304ae: 112 chunks; 1.8 s; peak memory 1245 MiB.
2026-10-09T13:58:26Z INFO [490/500] 69a45f1c-f633-45ea-8a11-07f31ec9e600: 7851 chunks; 5.6 s; peak memory 1245 MiB.
2026-10-09T13:58:28Z INFO [491/500] 69a47db9-288c-48d5-9ab6-877a7cd18930: 64 chunks; 1.9 s; peak memory 1245 MiB.
2026-10-09T13:58:30Z INFO [492/500] 69a481db-b209-4c7c-a24e-2e2f89a7245a: 69 chunks; 2.0 s; peak memory 1245 MiB.
2026-10-09T13:58:34Z INFO [493/500] 69a48311-50d7-4875-8e3d-0376bb5c686d: 218 chunks; 4.2 s; peak memory 1245 MiB.
2026-10-09T13:58:36Z INFO [494/500] 69a52991-c7a6-4b6c-99d8-7e4a45185aed: 71 chunks; 1.8 s; peak memory 1245 MiB.
2026-10-09T13:58:39Z INFO [495/500] 69a5b9eb-0288-400b-93c0-20c1dd032e4a: 90 chunks; 3.0 s; peak memory 1245 MiB.
2026-10-09T13:58:40Z INFO [496/500] 69a6a486-fefa-4194-a710-b21e8e270df4: 48 chunks; 1.3 s; peak memory 1245 MiB.
2026-10-09T13:58:41Z INFO [497/500] 69a754f2-c377-44a9-95ab-3e09a121fd08: 46 chunks; 1.0 s; peak memory 1245 MiB.
2026-10-09T13:58:43Z INFO [498/500] 69a791fe-8d80-42c1-af05-586308c58f7e: 69 chunks; 2.1 s; peak memory 1245 MiB.
2026-10-09T13:58:45Z INFO [499/500] 69a808a5-a549-402f-89b4-2c973298f815: 117 chunks; 1.7 s; peak memory 1245 MiB.
2026-10-09T13:58:48Z INFO [500/500] 69a90980-c1c3-4ca7-a2d8-07b2b564a64d: 115 chunks; 3.6 s; peak memory 1245 MiB.
2026-10-09T13:58:49Z INFO [500/500] 69a90980-c1c3-4ca7-a2d8-07b2b564a64d: checkpointed 97834 new records.
2026-10-09T13:58:49Z INFO Wrote 97834 records to /tmp/derivatives/valid_nwb_file_to_chunk_stats.jsonl (500 new, 0 failed) in 172.9 min (peak memory 1245 MiB).
