2026-10-06T14:17:35Z INFO Logging to /tmp/logs/update_2026-10-06T14-17-35Z.log.
2026-10-06T14:17:35Z INFO Update valid-nwb-file-to-chunk-stats (base directory /tmp).
2026-10-06T14:17:35Z INFO Processing 500 items (80834 already recorded).
2026-10-06T14:17:37Z INFO [1/500] 465ab31a-e332-4d5b-93d2-9527f74851f2: 48 chunks; 1.7 s; peak memory 173 MiB.
2026-10-06T14:17:38Z INFO [2/500] 465ac9eb-8a19-4b1c-9c96-0b209de89705: 69 chunks; 1.3 s; peak memory 174 MiB.
2026-10-06T14:17:45Z INFO [3/500] 465b4060-9439-48f9-82fc-79427b839d58: 208 chunks; 6.8 s; peak memory 182 MiB.
2026-10-06T14:17:47Z INFO [4/500] 465b4c90-9cf7-4dd1-8551-02324bae6350: 62 chunks; 1.8 s; peak memory 182 MiB.
2026-10-06T14:17:48Z INFO [5/500] 465b68b6-c713-484d-a938-4e7131af3d11: 146 chunks; 1.4 s; peak memory 183 MiB.
2026-10-06T14:17:50Z INFO [6/500] 465c8d05-2c06-4468-abd3-026cf08eb27f: 112 chunks; 1.8 s; peak memory 183 MiB.
2026-10-06T14:17:51Z INFO [7/500] 465c9745-01ce-4aee-a045-b9cfdc98fc40: 41 chunks; 1.3 s; peak memory 183 MiB.
2026-10-06T14:17:53Z INFO [8/500] 465cc58a-910b-4fe1-9e52-d006672e93e1: 131 chunks; 1.4 s; peak memory 183 MiB.
2026-10-06T14:17:55Z INFO [9/500] 465cd262-dfcd-49ff-8048-b01ab7245b05: 112 chunks; 1.8 s; peak memory 183 MiB.
2026-10-06T14:18:14Z INFO [10/500] 465dbea6-9571-4ea5-9d60-babc0efef793: 11817 chunks; 19.3 s; peak memory 267 MiB.
2026-10-06T14:18:15Z INFO [11/500] 465df313-8c3e-423a-b277-fea07db81ac7: 48 chunks; 1.4 s; peak memory 267 MiB.
2026-10-06T14:18:19Z INFO [12/500] 465eb035-5c1e-4ea6-8a98-8e018c361eec: 156 chunks; 3.7 s; peak memory 267 MiB.
2026-10-06T14:18:20Z INFO [13/500] 465f3223-a998-42a8-ab69-b200236ec412: 48 chunks; 1.2 s; peak memory 267 MiB.
2026-10-06T14:18:22Z INFO [14/500] 465f3a43-155c-4c54-8246-110637eb2caa: 77 chunks; 1.6 s; peak memory 267 MiB.
2026-10-06T14:18:24Z INFO [15/500] 46619c9f-b66a-4818-8d78-117b42663514: 933 chunks; 2.7 s; peak memory 267 MiB.
2026-10-06T14:18:26Z INFO [16/500] 4661a7ee-c3d7-4ac9-8182-9321bf6251ad: 48 chunks; 1.4 s; peak memory 267 MiB.
2026-10-06T14:18:27Z INFO [17/500] 4661af19-62ea-4896-8a53-e948215c0c8c: 48 chunks; 1.4 s; peak memory 267 MiB.
2026-10-06T14:18:28Z INFO [18/500] 4662c596-59d0-491b-bd55-fe416818b96a: 48 chunks; 1.2 s; peak memory 267 MiB.
2026-10-06T14:18:30Z INFO [19/500] 4663a657-d797-4181-8f9c-9c7e36aded84: 48 chunks; 1.2 s; peak memory 267 MiB.
2026-10-06T14:18:31Z INFO [20/500] 4663f9e8-067f-4a09-a836-a818989516fb: 48 chunks; 1.2 s; peak memory 267 MiB.
2026-10-06T14:18:32Z INFO [21/500] 4664746e-6a40-44a0-9f27-89ec28938e7b: 112 chunks; 1.4 s; peak memory 267 MiB.
2026-10-06T14:18:34Z INFO [22/500] 46650974-00a6-4a3e-850f-050e9c0541b6: 66 chunks; 1.9 s; peak memory 267 MiB.
2026-10-06T14:18:36Z INFO [23/500] 46651db0-9f5a-436e-bb72-125b94f73928: 117 chunks; 1.5 s; peak memory 267 MiB.
2026-10-06T14:18:37Z INFO [24/500] 4665ab15-57ec-4c41-bc35-bbd8d74d9503: 46 chunks; 1.0 s; peak memory 267 MiB.
2026-10-06T14:19:06Z INFO [25/500] 466631c4-ec62-450c-897d-143596bde9e3: 6592 chunks; 29.4 s; peak memory 267 MiB.
2026-10-06T14:19:07Z INFO [26/500] 4666369f-9a41-4d9b-a9a9-dba758196e89: 48 chunks; 1.3 s; peak memory 267 MiB.
2026-10-06T14:19:09Z INFO [27/500] 46667faa-9ec4-4403-ae38-42f59e146d8f: 118 chunks; 1.5 s; peak memory 267 MiB.
2026-10-06T14:19:17Z INFO [28/500] 466687f8-ebc3-43c4-b294-93c5d2a60a70: 10781 chunks; 8.2 s; peak memory 267 MiB.
2026-10-06T14:19:19Z INFO [29/500] 4666b79e-35ef-4c00-81eb-3252ca4411d8: 117 chunks; 1.5 s; peak memory 267 MiB.
2026-10-06T14:19:20Z INFO [30/500] 46671f54-1e29-4ed6-8577-e85644aca21f: 46 chunks; 1.1 s; peak memory 267 MiB.
2026-10-06T14:19:23Z INFO [31/500] 466766fd-3c52-4ea6-89bd-bb47525938c3: 116 chunks; 3.3 s; peak memory 267 MiB.
2026-10-06T14:19:26Z INFO [32/500] 46692956-d6de-4ddf-8955-5b5452be0590: 115 chunks; 2.8 s; peak memory 267 MiB.
2026-10-06T14:19:27Z INFO [33/500] 466a6d79-a42e-49f5-86f8-18e745573364: 230 chunks; 1.5 s; peak memory 267 MiB.
2026-10-06T14:19:29Z INFO [34/500] 466a7323-19e3-4131-8d4d-3561db67e87d: 49 chunks; 1.4 s; peak memory 267 MiB.
2026-10-06T14:19:53Z INFO [35/500] 466ae1de-6811-4e03-95fd-53333d9eb5c0: 26760 chunks; 24.5 s; peak memory 267 MiB.
2026-10-06T14:19:54Z INFO [36/500] 466c0e8b-fe4a-428c-92d5-f2fd5ec95e37: 49 chunks; 1.2 s; peak memory 267 MiB.
2026-10-06T14:19:56Z INFO [37/500] 466d699c-3131-4ff7-88ae-77357f50298f: 48 chunks; 1.2 s; peak memory 267 MiB.
2026-10-06T14:20:05Z INFO [38/500] 466eb78b-065a-47fb-a959-8633a41ef213: 4281 chunks; 9.6 s; peak memory 267 MiB.
2026-10-06T14:22:59Z INFO [39/500] 466f8d45-0d94-4dae-8a18-6b0b00eb81ee: 40398 chunks; 173.7 s; peak memory 353 MiB.
2026-10-06T14:23:01Z INFO [40/500] 46700832-8aba-4f6d-a831-c91c659956d0: 112 chunks; 1.9 s; peak memory 353 MiB.
2026-10-06T14:23:03Z INFO [41/500] 46701072-666b-43e4-8b4e-31e5733e2f30: 69 chunks; 2.0 s; peak memory 353 MiB.
2026-10-06T14:23:04Z INFO [42/500] 4670adfe-7d0d-45fa-a988-ce40c68252a1: 48 chunks; 1.5 s; peak memory 353 MiB.
2026-10-06T14:23:11Z INFO [43/500] 467113a6-be1b-444e-b81a-5d9bd7543278: 2922 chunks; 7.0 s; peak memory 353 MiB.
2026-10-06T14:23:13Z INFO [44/500] 46712642-7948-4615-90cc-f3cf257dcea7: 62 chunks; 1.8 s; peak memory 353 MiB.
2026-10-06T15:04:56Z INFO [45/500] 4671de95-7147-4d63-b6fd-33956d619158: 855309 chunks; 2503.1 s; peak memory 1198 MiB.
2026-10-06T15:04:58Z INFO [46/500] 46723583-bc68-47f4-8a8e-6f0ab0f5d303: 68 chunks; 1.4 s; peak memory 1198 MiB.
2026-10-06T15:04:59Z INFO [47/500] 46723fab-b1c5-4bb9-b2bd-5a8b39cdb3ec: 46 chunks; 1.0 s; peak memory 1198 MiB.
2026-10-06T15:05:00Z INFO [48/500] 46724cab-1f91-49be-b064-156060c04648: 48 chunks; 1.1 s; peak memory 1198 MiB.
2026-10-06T15:05:01Z INFO [49/500] 467295be-6b0d-45be-99fd-d08628c4e3b4: 46 chunks; 1.0 s; peak memory 1198 MiB.
2026-10-06T15:05:02Z INFO [50/500] 4672aac2-2072-4b3f-8a3e-b6ffb4efaae1: 294 chunks; 1.3 s; peak memory 1198 MiB.
2026-10-06T15:05:02Z INFO [50/500] 4672aac2-2072-4b3f-8a3e-b6ffb4efaae1: checkpointed 80884 records.
2026-10-06T15:05:04Z INFO [51/500] 4672de5b-1eb0-4bff-bfb6-959194d3d605: 52 chunks; 1.4 s; peak memory 1198 MiB.
2026-10-06T15:05:05Z INFO [52/500] 46732718-8e5e-4c14-9188-683f469f3d4c: 48 chunks; 1.4 s; peak memory 1198 MiB.
2026-10-06T15:05:06Z INFO [53/500] 4673bc32-3b83-4921-b8d3-725e83305884: 46 chunks; 0.9 s; peak memory 1198 MiB.
2026-10-06T15:05:09Z INFO [54/500] 4673c413-a8d3-4658-a953-8e2eaf4bba34: 168 chunks; 2.9 s; peak memory 1198 MiB.
2026-10-06T15:05:10Z INFO [55/500] 4673e0bd-b48b-42fb-8c21-2d4678d747c4: 72 chunks; 1.4 s; peak memory 1198 MiB.
2026-10-06T15:05:12Z INFO [56/500] 467401cd-333d-4c0b-a69b-41c9f9b4873d: 112 chunks; 1.5 s; peak memory 1198 MiB.
2026-10-06T15:05:13Z INFO [57/500] 4674240a-3e99-4f81-b042-cd3aab941016: 69 chunks; 1.0 s; peak memory 1198 MiB.
2026-10-06T15:05:31Z INFO [58/500] 4674881d-d6f9-43b1-b68f-d71c15a8f11e: 24607 chunks; 18.2 s; peak memory 1198 MiB.
2026-10-06T15:05:33Z INFO [59/500] 4674d0fb-25f0-4324-948f-139a0f8743bd: 115 chunks; 1.6 s; peak memory 1198 MiB.
2026-10-06T15:08:18Z INFO [60/500] 46760986-9aca-4730-885d-0b554d57b4da: 41099 chunks; 164.8 s; peak memory 1198 MiB.
2026-10-06T15:08:21Z INFO [61/500] 467613c4-f1b0-4ca1-ae91-73245406334d: 116 chunks; 3.2 s; peak memory 1198 MiB.
2026-10-06T15:08:23Z INFO [62/500] 46779862-53a4-4a23-a40b-6f1fb138b1c4: 147 chunks; 2.1 s; peak memory 1198 MiB.
2026-10-06T15:08:24Z INFO [63/500] 4677e37c-4b1b-4e6b-9638-e598ffd742b2: 48 chunks; 1.5 s; peak memory 1198 MiB.
2026-10-06T15:08:38Z INFO [64/500] 46782052-86f8-49a7-8e65-b298cb82e9b6: 16888 chunks; 13.3 s; peak memory 1198 MiB.
2026-10-06T15:08:39Z INFO [65/500] 46792aac-8342-408e-b44c-a8c0660f2537: 117 chunks; 1.6 s; peak memory 1198 MiB.
2026-10-06T15:08:40Z INFO [66/500] 467a10cb-0240-400e-bbc2-943f097462ce: 69 chunks; 1.2 s; peak memory 1198 MiB.
2026-10-06T15:08:42Z INFO [67/500] 467a689e-6254-474d-8024-8b38c833bdb6: 112 chunks; 1.7 s; peak memory 1198 MiB.
2026-10-06T15:08:43Z INFO [68/500] 467b9ec7-f226-4fa0-9464-56ae7cf84bd2: 48 chunks; 1.2 s; peak memory 1198 MiB.
2026-10-06T15:08:45Z INFO [69/500] 467caf67-bad5-475c-9d0d-7c24349ba73f: 50 chunks; 1.6 s; peak memory 1198 MiB.
2026-10-06T15:08:46Z INFO [70/500] 467d43da-6099-4e82-8103-2135dfdf8d46: 48 chunks; 1.2 s; peak memory 1198 MiB.
2026-10-06T15:09:07Z INFO [71/500] 467e79e8-d447-4ad7-8d97-dba154bc6706: 23641 chunks; 21.0 s; peak memory 1198 MiB.
2026-10-06T15:09:09Z INFO [72/500] 467eba23-4684-4abb-8a9b-2b159d2e2a87: 112 chunks; 1.5 s; peak memory 1198 MiB.
2026-10-06T15:09:15Z INFO [73/500] 467f7c37-397d-46d1-8bf5-e18193a9efca: 12326 chunks; 5.8 s; peak memory 1198 MiB.
2026-10-06T15:09:16Z INFO [74/500] 4680e74f-43e9-44ae-9848-bf4a545d6e06: 48 chunks; 1.3 s; peak memory 1198 MiB.
2026-10-06T15:09:18Z INFO [75/500] 46810e9b-6df6-4f4a-b34a-78e3cee64de1: 131 chunks; 2.0 s; peak memory 1198 MiB.
2026-10-06T15:09:21Z INFO [76/500] 4681625a-4340-4ee1-bbc2-8287b47220dd: 115 chunks; 3.0 s; peak memory 1198 MiB.
2026-10-06T15:09:22Z INFO [77/500] 4681ec99-7cea-40e7-a68e-40fc8461c56b: 118 chunks; 1.5 s; peak memory 1198 MiB.
2026-10-06T15:09:24Z INFO [78/500] 46830368-18cf-468c-985e-6a963c8b13ab: 48 chunks; 1.3 s; peak memory 1198 MiB.
2026-10-06T15:09:25Z INFO [79/500] 468333dd-91fa-4cc0-b002-fd633bd739e0: 116 chunks; 1.5 s; peak memory 1198 MiB.
2026-10-06T15:09:28Z INFO [80/500] 46833512-4d55-42d2-8404-29ca63ebb481: 118 chunks; 2.5 s; peak memory 1198 MiB.
2026-10-06T15:09:30Z INFO [81/500] 46845751-6295-4bea-bc39-cc72806b06cf: 121 chunks; 2.7 s; peak memory 1198 MiB.
2026-10-06T15:09:34Z INFO [82/500] 4684a6ae-a4ae-427d-91f7-f69aa40569e8: 156 chunks; 3.4 s; peak memory 1198 MiB.
2026-10-06T15:09:35Z INFO [83/500] 4685429d-a661-4462-98c9-63f07b98dc7d: 116 chunks; 1.6 s; peak memory 1198 MiB.
2026-10-06T15:09:37Z INFO [84/500] 4685b18e-362a-46a2-b321-0c20620ba471: 132 chunks; 1.3 s; peak memory 1198 MiB.
2026-10-06T15:09:43Z INFO [85/500] 4685ceb2-f04b-4ba7-a330-4395345b6a16: 10854 chunks; 6.1 s; peak memory 1198 MiB.
2026-10-06T15:09:44Z INFO [86/500] 46861d56-107e-4978-8679-db12149c63ad: 117 chunks; 1.4 s; peak memory 1198 MiB.
2026-10-06T15:09:45Z INFO [87/500] 46862dd0-4ddd-4307-adb9-f1d65134112e: 62 chunks; 1.0 s; peak memory 1198 MiB.
2026-10-06T15:09:47Z INFO [88/500] 4686bcda-c050-4d1d-b75d-2d5836bd66ef: 84 chunks; 1.5 s; peak memory 1198 MiB.
2026-10-06T15:09:56Z INFO [89/500] 4686c918-99c4-489e-af73-18ab81d78785: 4151 chunks; 9.0 s; peak memory 1198 MiB.
2026-10-06T15:09:57Z INFO [90/500] 4686ede4-53d4-479c-a9fa-d52a03b22f96: 557 chunks; 1.7 s; peak memory 1198 MiB.
2026-10-06T15:09:59Z INFO [91/500] 468755e6-2de0-449b-80d1-af42ed733aea: 45 chunks; 1.4 s; peak memory 1198 MiB.
2026-10-06T15:10:00Z INFO [92/500] 4687dc81-13c5-4d94-a1bd-a6e1f0677fec: 48 chunks; 1.2 s; peak memory 1198 MiB.
2026-10-06T15:10:02Z INFO [93/500] 46883c44-25ee-4742-88f2-259116b77e35: 69 chunks; 1.6 s; peak memory 1198 MiB.
2026-10-06T15:10:03Z INFO [94/500] 4689132f-c1bf-42ba-8313-e83238396f6e: 48 chunks; 1.2 s; peak memory 1198 MiB.
2026-10-06T15:10:06Z INFO [95/500] 46899126-38a6-4e40-8b07-3114d08d4e56: 115 chunks; 3.0 s; peak memory 1198 MiB.
2026-10-06T15:10:07Z INFO [96/500] 46899d01-627d-4764-87e1-c16332655277: 48 chunks; 1.3 s; peak memory 1198 MiB.
2026-10-06T15:10:11Z INFO [97/500] 4689f243-3c13-4033-896d-6e8ae0223acb: 80 chunks; 3.7 s; peak memory 1198 MiB.
2026-10-06T15:10:12Z INFO [98/500] 468a2370-912e-497e-b9a6-5236e2b0370a: 48 chunks; 1.2 s; peak memory 1198 MiB.
2026-10-06T15:10:27Z INFO [99/500] 468a7c9c-695d-4d26-b6c7-f19729a4f0f3: 2631 chunks; 15.0 s; peak memory 1198 MiB.
2026-10-06T15:10:29Z INFO [100/500] 468bb7d2-19c0-47be-af15-f9344e4ecb9c: 62 chunks; 1.7 s; peak memory 1198 MiB.
2026-10-06T15:10:29Z INFO [100/500] 468bb7d2-19c0-47be-af15-f9344e4ecb9c: checkpointed 80934 records.
2026-10-06T15:10:36Z INFO [101/500] 468c051a-7a1c-45d1-a47c-7f5afb2185e0: 19995 chunks; 7.5 s; peak memory 1198 MiB.
2026-10-06T15:10:38Z INFO [102/500] 468cccfa-a2dc-4824-998a-71c04c0861cc: 48 chunks; 1.4 s; peak memory 1198 MiB.
2026-10-06T15:10:39Z INFO [103/500] 468d6de2-93e4-4e19-a5a4-3f02533a5eda: 65 chunks; 1.5 s; peak memory 1198 MiB.
2026-10-06T15:10:41Z INFO [104/500] 468e70d3-3797-4b97-8fd5-b25c15ded526: 66 chunks; 1.9 s; peak memory 1198 MiB.
2026-10-06T15:10:44Z INFO [105/500] 468f9334-6fd6-45db-b202-56fe6e3093b3: 71 chunks; 2.5 s; peak memory 1198 MiB.
2026-10-06T15:10:45Z INFO [106/500] 46904f22-3924-4d00-a7e4-4e354657caf3: 48 chunks; 1.3 s; peak memory 1198 MiB.
2026-10-06T15:10:47Z INFO [107/500] 4690930d-dda2-426d-92f7-c763ff6f070e: 112 chunks; 1.6 s; peak memory 1198 MiB.
2026-10-06T15:10:49Z INFO [108/500] 469220e5-d30e-413b-beb1-8141f143dcbe: 110 chunks; 2.0 s; peak memory 1198 MiB.
2026-10-06T15:10:50Z INFO [109/500] 46922baf-a181-4cc3-a516-e150f599ce1e: 66 chunks; 1.9 s; peak memory 1198 MiB.
2026-10-06T15:13:40Z INFO [110/500] 46925db1-deb1-467b-9db1-65eb8e40bba0: 40619 chunks; 169.5 s; peak memory 1198 MiB.
2026-10-06T15:13:41Z INFO [111/500] 46928587-2013-4bf3-b245-facc662e71e4: 63 chunks; 1.3 s; peak memory 1198 MiB.
2026-10-06T15:13:45Z INFO [112/500] 469418c4-240e-4cbe-a0fb-1c2784c41dbf: 114 chunks; 3.4 s; peak memory 1198 MiB.
2026-10-06T15:13:46Z INFO [113/500] 46947c7a-49f7-4c32-847f-fa7b0ae7f9ed: 65 chunks; 1.4 s; peak memory 1198 MiB.
2026-10-06T15:13:55Z INFO [114/500] 46948910-c01e-494f-acf2-bcf3533fba25: 9188 chunks; 9.5 s; peak memory 1198 MiB.
2026-10-06T15:13:57Z INFO [115/500] 4694b42d-d3d8-4788-9dbf-6853b96926e1: 112 chunks; 1.9 s; peak memory 1198 MiB.
2026-10-06T15:14:01Z INFO [116/500] 4694cac1-92ba-41f6-9c05-e99b8c256a29: 123 chunks; 3.2 s; peak memory 1198 MiB.
2026-10-06T15:14:02Z INFO [117/500] 4694e044-d838-4826-b6ea-9ac6f794ea8e: 48 chunks; 1.2 s; peak memory 1198 MiB.
2026-10-06T15:14:03Z INFO [118/500] 4695025c-0c59-45b1-a144-f3f3bc89e394: 117 chunks; 1.5 s; peak memory 1198 MiB.
2026-10-06T15:14:05Z INFO [119/500] 469505ff-f5ce-4721-9d95-969aff239ce6: 261 chunks; 1.7 s; peak memory 1198 MiB.
2026-10-06T15:14:07Z INFO [120/500] 46963d94-b69a-4176-8c6c-f4081186c1e2: 110 chunks; 1.6 s; peak memory 1198 MiB.
2026-10-06T15:14:08Z INFO [121/500] 46979187-25a8-4795-ba0c-d7cfc9788e93: 557 chunks; 1.4 s; peak memory 1198 MiB.
2026-10-06T15:14:10Z INFO [122/500] 46980788-d7af-417b-ab2a-16be9e82dcee: 549 chunks; 2.0 s; peak memory 1198 MiB.
2026-10-06T15:14:11Z INFO [123/500] 4698a39a-00f5-42af-b91c-30acad7e746d: 56 chunks; 1.1 s; peak memory 1198 MiB.
2026-10-06T15:14:19Z INFO [124/500] 46991963-133d-4cf9-9a92-f0e4862d24be: 10629 chunks; 7.5 s; peak memory 1198 MiB.
2026-10-06T15:14:20Z INFO [125/500] 469928aa-e4d9-449c-bbbc-52cca332b095: 112 chunks; 1.7 s; peak memory 1198 MiB.
2026-10-06T15:14:28Z INFO [126/500] 46995319-5b91-4419-99ca-1f41844c121a: 767 chunks; 7.7 s; peak memory 1198 MiB.
2026-10-06T15:14:35Z INFO [127/500] 469a53c2-0d64-4055-8503-36d0d75b6746: 832 chunks; 6.9 s; peak memory 1198 MiB.
2026-10-06T15:14:47Z INFO [128/500] 469aa04c-d254-45db-a30e-939256274662: 4095 chunks; 11.8 s; peak memory 1198 MiB.
2026-10-06T15:14:48Z INFO [129/500] 469af2cd-4e35-4046-89f6-e795926f472f: 48 chunks; 1.3 s; peak memory 1198 MiB.
2026-10-06T15:14:50Z INFO [130/500] 469b7aa5-5189-4108-b6fe-116ec213bd7e: 68 chunks; 1.6 s; peak memory 1198 MiB.
2026-10-06T15:14:51Z INFO [131/500] 469bc4bd-6abe-47ea-8d7d-8e6d2f15a7df: 46 chunks; 1.0 s; peak memory 1198 MiB.
2026-10-06T15:17:22Z INFO [132/500] 469c42a5-8456-4cf9-9820-853807a51da1: 46645 chunks; 150.9 s; peak memory 1198 MiB.
2026-10-06T15:17:24Z INFO [133/500] 469c5f98-dcda-447e-9474-5028bb492a48: 1104 chunks; 2.5 s; peak memory 1198 MiB.
2026-10-06T15:17:25Z INFO [134/500] 469cf1ca-c94b-4f24-a7bd-12c6dd55ae51: 37 chunks; 1.1 s; peak memory 1198 MiB.
2026-10-06T15:17:28Z INFO [135/500] 469d7db9-e0f0-4562-9125-9801ff0339b6: 57 chunks; 2.4 s; peak memory 1198 MiB.
2026-10-06T15:17:29Z INFO [136/500] 46a03d54-22c0-43b3-bb16-3809c6597a12: 48 chunks; 1.3 s; peak memory 1198 MiB.
2026-10-06T15:17:30Z INFO [137/500] 46a0715f-7609-495b-a293-e22ae40bf34a: 48 chunks; 1.3 s; peak memory 1198 MiB.
2026-10-06T15:17:32Z INFO [138/500] 46a0f908-78a4-47e9-bf83-8a0008f52ae5: 118 chunks; 1.5 s; peak memory 1198 MiB.
2026-10-06T15:17:36Z INFO [139/500] 46a12529-22b9-4642-b6ad-13a6d32686b7: 245 chunks; 4.1 s; peak memory 1198 MiB.
2026-10-06T15:17:37Z INFO [140/500] 46a1a0d9-77c5-41e8-90f0-333df8b0d3e2: 65 chunks; 1.2 s; peak memory 1198 MiB.
2026-10-06T15:17:39Z INFO [141/500] 46a1ddea-2ae9-4407-ad17-a26968835bfc: 112 chunks; 1.9 s; peak memory 1198 MiB.
2026-10-06T15:17:40Z INFO [142/500] 46a2a25a-a643-45fb-ada8-8c80f0fc99b3: 52 chunks; 1.3 s; peak memory 1198 MiB.
2026-10-06T15:17:56Z INFO [143/500] 46a32c4a-473c-4db8-be60-30b0f176607f: 21224 chunks; 15.6 s; peak memory 1198 MiB.
2026-10-06T15:18:04Z INFO [144/500] 46a3b578-03bd-4fb1-ba6e-1e4adeeac8ed: 707 chunks; 7.8 s; peak memory 1198 MiB.
2026-10-06T15:18:05Z INFO [145/500] 46a3e5c7-d7c7-4100-b1b2-532e391c86a9: 275 chunks; 1.8 s; peak memory 1198 MiB.
2026-10-06T15:18:07Z INFO [146/500] 46a67229-615d-4e1f-858c-4bbd3c4ca919: 68 chunks; 1.5 s; peak memory 1198 MiB.
2026-10-06T15:18:08Z INFO [147/500] 46a6cf93-1bac-477d-bd15-65d73297e163: 46 chunks; 1.0 s; peak memory 1198 MiB.
2026-10-06T15:18:09Z INFO [148/500] 46a6fb04-8720-458b-acac-d6a51adce813: 69 chunks; 1.2 s; peak memory 1198 MiB.
2026-10-06T15:18:11Z INFO [149/500] 46a72d48-d4e1-43a5-91d3-7155e5bea561: 66 chunks; 1.7 s; peak memory 1198 MiB.
2026-10-06T15:18:18Z INFO [150/500] 46a73c8c-838a-4ced-9eac-069e7e5aa9d4: 10677 chunks; 7.5 s; peak memory 1198 MiB.
2026-10-06T15:18:18Z INFO [150/500] 46a73c8c-838a-4ced-9eac-069e7e5aa9d4: checkpointed 80984 records.
2026-10-06T15:18:20Z INFO [151/500] 46a74538-b8db-49ef-a29b-49c8ca2d6c32: 112 chunks; 1.7 s; peak memory 1198 MiB.
2026-10-06T15:18:22Z INFO [152/500] 46a798a8-e652-4631-b3e3-8b6d53b71a03: 64 chunks; 1.8 s; peak memory 1198 MiB.
2026-10-06T15:18:23Z INFO [153/500] 46a7bd5e-066d-4b0a-929e-9fa75f101346: 48 chunks; 1.3 s; peak memory 1198 MiB.
2026-10-06T15:20:58Z INFO [154/500] 46a87cf4-1459-4584-85ba-d9c444220e30: 38134 chunks; 154.7 s; peak memory 1198 MiB.
2026-10-06T15:21:13Z INFO [155/500] 46a99eed-4ec8-4fcf-9f17-16bd21681f6b: 2199 chunks; 15.0 s; peak memory 1198 MiB.
2026-10-06T15:22:57Z INFO [156/500] 46a9dd3e-b89e-4591-8986-0bb81ec5b922: 32825 chunks; 104.1 s; peak memory 1198 MiB.
2026-10-06T15:22:59Z INFO [157/500] 46a9fb13-b2e3-4da5-a951-e3eb95a6c0e3: 112 chunks; 1.9 s; peak memory 1198 MiB.
2026-10-06T15:23:01Z INFO [158/500] 46aa4933-7b28-47ba-a19f-81d9941ffe6a: 66 chunks; 2.0 s; peak memory 1198 MiB.
2026-10-06T15:23:15Z INFO [159/500] 46aab66e-2da9-4845-af08-e09a5b957cec: 2199 chunks; 14.1 s; peak memory 1198 MiB.
2026-10-06T15:23:16Z INFO [160/500] 46ace690-348e-443e-9d95-aa3331ef2aec: 46 chunks; 1.0 s; peak memory 1198 MiB.
2026-10-06T15:28:14Z INFO [161/500] 46ad0297-4846-4eca-b52b-494d4097f94c: 114741 chunks; 297.7 s; peak memory 1198 MiB.
2026-10-06T15:28:15Z INFO [162/500] 46ad5778-e4ea-4620-b87c-baaddc5e259d: 48 chunks; 1.3 s; peak memory 1198 MiB.
2026-10-06T15:28:22Z INFO [163/500] 46ae58d7-d648-4c37-a11a-5ac744f7bf49: 10425 chunks; 6.5 s; peak memory 1198 MiB.
2026-10-06T15:28:24Z INFO [164/500] 46aed21c-af78-4032-8dd1-f73f5e0906ee: 71 chunks; 2.0 s; peak memory 1198 MiB.
2026-10-06T15:28:51Z INFO [165/500] 46b032fd-75c4-4beb-867b-a4529a1b199e: 1155 chunks; 27.6 s; peak memory 1198 MiB.
2026-10-06T15:28:53Z INFO [166/500] 46b04030-8eb9-4bdb-909e-98f22eba9228: 124 chunks; 1.8 s; peak memory 1198 MiB.
2026-10-06T15:28:54Z INFO [167/500] 46b05f5b-3ac8-4c9a-b515-fce1d84d54af: 46 chunks; 1.3 s; peak memory 1198 MiB.
2026-10-06T15:28:56Z INFO [168/500] 46b0dfc9-9c2c-47fa-9472-224d39ad7743: 48 chunks; 1.4 s; peak memory 1198 MiB.
2026-10-06T15:28:58Z INFO [169/500] 46b0ffbe-4af8-4401-b518-f22b1380e2e8: 112 chunks; 2.1 s; peak memory 1198 MiB.
2026-10-06T15:28:59Z INFO [170/500] 46b13cb8-888d-4e88-8921-325253c942c2: 169 chunks; 1.5 s; peak memory 1198 MiB.
2026-10-06T15:29:02Z INFO [171/500] 46b1b11c-dc1e-4a3d-a115-000c9fd1a1b5: 66 chunks; 2.7 s; peak memory 1198 MiB.
2026-10-06T15:29:05Z INFO [172/500] 46b1fb1c-225c-4115-9fb8-edc489c80cd1: 115 chunks; 2.9 s; peak memory 1198 MiB.
2026-10-06T15:35:10Z INFO [173/500] 46b22e8a-8d8f-40f8-95a2-55ec265f1ba2: 89193 chunks; 365.1 s; peak memory 1198 MiB.
2026-10-06T15:35:17Z INFO [174/500] 46b46195-6527-4c9d-86bf-8945a7575556: 350 chunks; 7.1 s; peak memory 1198 MiB.
2026-10-06T15:35:19Z INFO [175/500] 46b6bcbf-0d5a-4616-a386-67cdc46507d7: 78 chunks; 2.3 s; peak memory 1198 MiB.
2026-10-06T15:35:20Z INFO [176/500] 46b73e1c-1f9a-4039-9a48-246601fd9268: 69 chunks; 1.1 s; peak memory 1198 MiB.
2026-10-06T15:35:22Z INFO [177/500] 46b74c22-a738-45ba-9b9e-7ea89bdb9d2c: 66 chunks; 1.8 s; peak memory 1198 MiB.
2026-10-06T15:35:23Z INFO [178/500] 46b79a1d-2cf7-46c4-9ccd-57a46691ab87: 50 chunks; 1.2 s; peak memory 1198 MiB.
2026-10-06T15:35:25Z INFO [179/500] 46b84b93-3b7b-424a-80c4-83394f008a12: 48 chunks; 1.3 s; peak memory 1198 MiB.
2026-10-06T15:35:27Z INFO [180/500] 46b9d3b5-0f13-4b18-9b50-13e64a3c157c: 157 chunks; 2.5 s; peak memory 1198 MiB.
2026-10-06T16:25:12Z INFO [181/500] 46ba777a-36e5-4ffb-a336-841ec7a94a5e: 1038836 chunks; 2985.1 s; peak memory 1246 MiB.
2026-10-06T16:25:13Z INFO [182/500] 46babf90-74ce-4184-8403-cace5db14db9: 41 chunks; 1.2 s; peak memory 1246 MiB.
2026-10-06T16:25:15Z INFO [183/500] 46bafc09-f478-4c7c-96b9-e4f6ab1b395b: 117 chunks; 1.4 s; peak memory 1246 MiB.
2026-10-06T16:25:16Z INFO [184/500] 46bb65aa-37a4-4c7f-b806-b475ab38fea7: 48 chunks; 1.3 s; peak memory 1246 MiB.
2026-10-06T16:25:46Z INFO [185/500] 46bc3a44-ff74-4860-bbd3-646e2e5e2d64: 1155 chunks; 29.8 s; peak memory 1246 MiB.
2026-10-06T16:25:47Z INFO [186/500] 46bc4866-f642-4af4-9881-95bb41f6236e: 74 chunks; 1.6 s; peak memory 1246 MiB.
2026-10-06T16:25:49Z INFO [187/500] 46bcb2e6-a789-44d8-9565-62d7c39e46b8: 110 chunks; 1.6 s; peak memory 1246 MiB.
2026-10-06T16:25:50Z INFO [188/500] 46bcbe0c-2f76-48bb-886a-98eb07bec4d9: 48 chunks; 1.4 s; peak memory 1246 MiB.
2026-10-06T16:25:52Z INFO [189/500] 46bd25f3-b52c-4261-b690-c0b07b4d6844: 52 chunks; 1.1 s; peak memory 1246 MiB.
2026-10-06T16:25:53Z INFO [190/500] 46bdb1c2-efb5-41e9-b0e8-2e4c6e6ad84b: 112 chunks; 1.8 s; peak memory 1246 MiB.
2026-10-06T16:25:55Z INFO [191/500] 46be57db-b07e-49f4-879a-7d58757c8211: 101 chunks; 1.6 s; peak memory 1246 MiB.
2026-10-06T16:25:57Z INFO [192/500] 46be5fda-9434-4fec-a4d3-f6a7d061ac4c: 118 chunks; 1.8 s; peak memory 1246 MiB.
2026-10-06T16:26:00Z INFO [193/500] 46beb57a-c1ac-4f59-9f37-6dfa3e2bf1f5: 514 chunks; 3.4 s; peak memory 1246 MiB.
2026-10-06T16:26:02Z INFO [194/500] 46bf420f-9680-4864-b3ac-78642b7e767c: 110 chunks; 1.8 s; peak memory 1246 MiB.
2026-10-06T16:26:04Z INFO [195/500] 46c00e78-d815-4611-b474-0866cc68c2e5: 116 chunks; 1.6 s; peak memory 1246 MiB.
2026-10-06T16:26:07Z INFO [196/500] 46c089c8-db0c-48d0-bd22-c3ce6d326093: 115 chunks; 3.3 s; peak memory 1246 MiB.
2026-10-06T16:26:08Z INFO [197/500] 46c0d266-26b3-4082-8363-e6452e475619: 58 chunks; 1.2 s; peak memory 1246 MiB.
2026-10-06T16:26:15Z INFO [198/500] 46c0d548-fafa-4a7f-a56b-7c0720fcfc8e: 255 chunks; 7.2 s; peak memory 1246 MiB.
2026-10-06T16:26:17Z INFO [199/500] 46c12015-0bab-4d36-8daf-63e91464ba69: 112 chunks; 1.7 s; peak memory 1246 MiB.
2026-10-06T16:26:18Z INFO [200/500] 46c19959-7a36-4cf0-a614-15a739606042: 48 chunks; 1.2 s; peak memory 1246 MiB.
2026-10-06T16:26:18Z INFO [200/500] 46c19959-7a36-4cf0-a614-15a739606042: checkpointed 81034 records.
2026-10-06T16:26:20Z INFO [201/500] 46c31ab3-1027-4869-9ec4-544f7a9c49f5: 117 chunks; 1.6 s; peak memory 1246 MiB.
2026-10-06T16:26:23Z INFO [202/500] 46c35ee2-8343-4017-9e37-4749be722d5f: 119 chunks; 2.9 s; peak memory 1246 MiB.
2026-10-06T16:26:24Z INFO [203/500] 46c39673-1703-497e-bba1-afe9def0ea50: 45 chunks; 1.1 s; peak memory 1246 MiB.
2026-10-06T16:26:25Z INFO [204/500] 46c3e98a-9891-40e2-99ce-bb9893a397a7: 69 chunks; 1.1 s; peak memory 1246 MiB.
2026-10-06T16:27:06Z INFO [205/500] 46c420e5-56ef-497c-97b7-71d960d0ed79: 24045 chunks; 41.3 s; peak memory 1246 MiB.
2026-10-06T16:27:08Z INFO [206/500] 46c47d7b-40ca-494f-9955-0e6fcf1a1cf6: 557 chunks; 1.9 s; peak memory 1246 MiB.
2026-10-06T16:27:09Z INFO [207/500] 46c4a882-66dc-4a3a-bc0d-e91cd387e192: 37 chunks; 1.2 s; peak memory 1246 MiB.
2026-10-06T16:27:11Z INFO [208/500] 46c63016-26ba-4560-b853-72a732e2d80c: 48 chunks; 1.5 s; peak memory 1246 MiB.
2026-10-06T16:27:12Z INFO [209/500] 46c86dc1-6e9d-43df-8b1c-6dc5b83143c1: 48 chunks; 1.2 s; peak memory 1246 MiB.
2026-10-06T16:27:14Z INFO [210/500] 46c88894-9537-409f-ad55-4e244e439653: 48 chunks; 1.4 s; peak memory 1246 MiB.
2026-10-06T16:27:27Z INFO [211/500] 46c8966d-6ab5-49f6-b044-960125f7b514: 12408 chunks; 13.5 s; peak memory 1246 MiB.
2026-10-06T16:27:30Z INFO [212/500] 46c8fbc7-1aae-4b92-a09d-db77b80a37ac: 156 chunks; 3.5 s; peak memory 1246 MiB.
2026-10-06T16:27:33Z INFO [213/500] 46c9b968-433a-46a1-b06c-ee70f8beb1ae: 997 chunks; 2.7 s; peak memory 1246 MiB.
2026-10-06T16:27:34Z INFO [214/500] 46ca8222-2e1b-49d3-9d9c-7b5793a3943c: 52 chunks; 1.0 s; peak memory 1246 MiB.
2026-10-06T16:27:36Z INFO [215/500] 46cb55e1-8226-4a8a-baf3-0cbc62bc7237: 66 chunks; 2.0 s; peak memory 1246 MiB.
2026-10-06T16:27:43Z INFO [216/500] 46cba098-485e-4d55-bf38-80159d241973: 15724 chunks; 6.5 s; peak memory 1246 MiB.
2026-10-06T16:27:44Z INFO [217/500] 46cbd727-35c6-4a03-b751-e01a7b0f29a9: 132 chunks; 1.2 s; peak memory 1246 MiB.
2026-10-06T16:27:45Z INFO [218/500] 46cca8df-5408-4857-b78b-83206f7f5410: 48 chunks; 1.3 s; peak memory 1246 MiB.
2026-10-06T16:27:47Z INFO [219/500] 46ccb636-1d83-461d-ac59-6ad9390644a0: 48 chunks; 1.3 s; peak memory 1246 MiB.
2026-10-06T16:27:48Z INFO [220/500] 46cd96c9-5099-41f2-9472-b7db8d5abef2: 48 chunks; 1.2 s; peak memory 1246 MiB.
2026-10-06T16:27:49Z INFO [221/500] 46cda730-8e48-4366-a702-dda39e60a94e: 52 chunks; 1.4 s; peak memory 1246 MiB.
2026-10-06T16:28:09Z INFO [222/500] 46cdc412-72cc-4a48-ad8f-ef08b5cda1a4: 33542 chunks; 19.7 s; peak memory 1246 MiB.
2026-10-06T16:28:12Z INFO [223/500] 46ce1bce-575a-4601-b0ff-84083d7e8f28: 114 chunks; 3.1 s; peak memory 1246 MiB.
2026-10-06T16:28:13Z INFO [224/500] 46cf472d-97f7-4e7e-a96e-33fd7d070ef6: 48 chunks; 1.4 s; peak memory 1246 MiB.
2026-10-06T16:28:15Z INFO [225/500] 46d006eb-c6fe-479e-8011-10b74a811dd9: 48 chunks; 1.3 s; peak memory 1246 MiB.
2026-10-06T16:28:16Z INFO [226/500] 46d01f74-aedd-415e-ac02-a1b22dfd83fd: 112 chunks; 1.4 s; peak memory 1246 MiB.
2026-10-06T16:28:17Z INFO [227/500] 46d0db40-7444-4d29-b87d-854ad1af8d76: 57 chunks; 1.1 s; peak memory 1246 MiB.
2026-10-06T16:28:19Z INFO [228/500] 46d0eaac-6f10-4b89-bf9e-13d198473478: 118 chunks; 1.4 s; peak memory 1246 MiB.
2026-10-06T16:28:20Z INFO [229/500] 46d23a25-3672-479e-9f36-868a854dd295: 48 chunks; 1.3 s; peak memory 1246 MiB.
2026-10-06T16:28:22Z INFO [230/500] 46d2e166-e27f-48b9-9e25-cfd5dbcbe62c: 112 chunks; 1.9 s; peak memory 1246 MiB.
2026-10-06T16:28:24Z INFO [231/500] 46d2e375-4720-4b60-8601-2870af1e4a1a: 124 chunks; 2.4 s; peak memory 1246 MiB.
2026-10-06T16:28:26Z INFO [232/500] 46d33db8-8f21-4ae9-b82b-fe93c727ca1e: 112 chunks; 1.9 s; peak memory 1246 MiB.
2026-10-06T16:28:27Z INFO [233/500] 46d3e2a6-260a-43ac-92d0-3a5313fb2d91: 48 chunks; 1.3 s; peak memory 1246 MiB.
2026-10-06T16:28:30Z INFO [234/500] 46d49e02-677c-436a-8ed8-bfc61368f1b5: 477 chunks; 2.9 s; peak memory 1246 MiB.
2026-10-06T16:28:32Z INFO [235/500] 46d4e2cb-7a28-49e3-b963-59c42cd240e9: 118 chunks; 1.5 s; peak memory 1246 MiB.
2026-10-06T16:28:43Z INFO [236/500] 46d622a5-234e-4e33-be61-0998dbca61a6: 6136 chunks; 11.0 s; peak memory 1246 MiB.
2026-10-06T16:28:55Z INFO [237/500] 46d68fb6-1b60-4acc-8ff1-7b9152845215: 22772 chunks; 12.5 s; peak memory 1246 MiB.
2026-10-06T16:29:07Z INFO [238/500] 46d6f483-144b-4360-81b4-ed263f13061f: 1643 chunks; 11.8 s; peak memory 1246 MiB.
2026-10-06T16:29:09Z INFO [239/500] 46d6f517-5156-48ee-8f75-87a67955d1f5: 48 chunks; 1.3 s; peak memory 1246 MiB.
2026-10-06T16:29:11Z INFO [240/500] 46d7a807-9eff-4386-9b02-c37e271e1453: 62 chunks; 1.9 s; peak memory 1246 MiB.
2026-10-06T16:29:12Z INFO [241/500] 46d87340-5a72-4bd9-b7ee-bffb8aedfcc7: 48 chunks; 1.4 s; peak memory 1246 MiB.
2026-10-06T16:29:13Z INFO [242/500] 46d8a526-cf2a-4eb8-a50c-8f22630c0287: 48 chunks; 1.3 s; peak memory 1246 MiB.
2026-10-06T16:29:15Z INFO [243/500] 46d920ea-ae45-46d5-a5f6-319328e8c4af: 66 chunks; 2.0 s; peak memory 1246 MiB.
2026-10-06T16:29:19Z INFO [244/500] 46d9c8c8-40fc-4716-8255-0cbc884f535d: 90 chunks; 3.4 s; peak memory 1246 MiB.
2026-10-06T16:29:21Z INFO [245/500] 46da2a11-814c-428d-95b8-c419ce6316f4: 49 chunks; 2.0 s; peak memory 1246 MiB.
2026-10-06T16:29:22Z INFO [246/500] 46db5af3-b61d-4715-a6bc-fabdb1f74b38: 117 chunks; 1.5 s; peak memory 1246 MiB.
2026-10-06T16:29:31Z INFO [247/500] 46dbf978-db28-4b21-a54a-3c95583d9d99: 238 chunks; 8.7 s; peak memory 1246 MiB.
2026-10-06T16:29:32Z INFO [248/500] 46dc947b-6382-44b2-abf1-efc5033d5983: 36 chunks; 1.2 s; peak memory 1246 MiB.
2026-10-06T16:29:41Z INFO [249/500] 46dd74e3-18ed-4bdf-8742-bb8234c8b1a9: 13112 chunks; 8.8 s; peak memory 1246 MiB.
2026-10-06T16:29:43Z INFO [250/500] 46dd9327-5467-4d68-8190-7bed9d44b4e7: 112 chunks; 1.8 s; peak memory 1246 MiB.
2026-10-06T16:29:43Z INFO [250/500] 46dd9327-5467-4d68-8190-7bed9d44b4e7: checkpointed 81084 records.
2026-10-06T16:29:44Z INFO [251/500] 46ddd2f8-35ec-48b6-ac17-41296a343180: 46 chunks; 0.9 s; peak memory 1246 MiB.
2026-10-06T16:29:45Z INFO [252/500] 46df58ae-9373-48ca-b313-4ea89af257e5: 117 chunks; 1.6 s; peak memory 1246 MiB.
2026-10-06T16:29:47Z INFO [253/500] 46df5ee1-c0c4-4315-a55c-7ae10a48cef2: 66 chunks; 2.1 s; peak memory 1246 MiB.
2026-10-06T16:29:49Z INFO [254/500] 46e03202-d6cf-4085-b78a-12982115e922: 48 chunks; 1.5 s; peak memory 1246 MiB.
2026-10-06T16:29:52Z INFO [255/500] 46e0dce7-fc25-44a3-9e62-d594fbfecb15: 126 chunks; 2.7 s; peak memory 1246 MiB.
2026-10-06T16:29:52Z INFO [256/500] 46e17945-0e15-4d5a-8cc6-c9ebc689d6c6: 46 chunks; 1.0 s; peak memory 1246 MiB.
2026-10-06T16:29:55Z INFO [257/500] 46e1f3c8-dd0b-4b5e-be80-f59ff90863f5: 115 chunks; 3.0 s; peak memory 1246 MiB.
2026-10-06T16:29:57Z INFO [258/500] 46e26b96-af66-47e9-95ea-9f838bedf262: 48 chunks; 1.3 s; peak memory 1246 MiB.
2026-10-06T16:29:58Z INFO [259/500] 46e39d01-dd30-4869-93fc-44a3a5e99b7a: 109 chunks; 1.6 s; peak memory 1246 MiB.
2026-10-06T16:30:05Z INFO [260/500] 46e42969-ce54-4b8a-8b4f-95d95022f8e9: 366 chunks; 6.6 s; peak memory 1246 MiB.
2026-10-06T16:30:07Z INFO [261/500] 46e44258-6502-42fd-a559-5d0a4b33363b: 117 chunks; 1.5 s; peak memory 1246 MiB.
2026-10-06T16:30:16Z INFO [262/500] 46e45663-66d3-4742-8a10-d286df83f9a7: 675 chunks; 9.1 s; peak memory 1246 MiB.
2026-10-06T16:30:17Z INFO [263/500] 46e50454-17ab-4b26-8404-5d906da6fe87: 261 chunks; 1.7 s; peak memory 1246 MiB.
2026-10-06T16:30:19Z INFO [264/500] 46e51ba3-233f-4f56-9f87-c2ea271599d8: 52 chunks; 1.8 s; peak memory 1246 MiB.
2026-10-06T16:30:21Z INFO [265/500] 46e52958-6a9e-4a58-b880-05ba2efb952b: 112 chunks; 1.6 s; peak memory 1246 MiB.
2026-10-06T16:30:25Z INFO [266/500] 46e59940-7c6c-4569-bd22-bf36a8e6a456: 2447 chunks; 4.6 s; peak memory 1246 MiB.
2026-10-06T16:30:28Z INFO [267/500] 46e69923-53d0-466d-86bf-b771bdf33d41: 71 chunks; 2.6 s; peak memory 1246 MiB.
2026-10-06T16:30:37Z INFO [268/500] 46e6f04a-3b37-4762-9446-e37ab6cc8bfa: 260 chunks; 8.8 s; peak memory 1246 MiB.
2026-10-06T16:32:52Z INFO [269/500] 46e7c4df-979b-4147-a5ac-c9a78380f0f6: 27094 chunks; 135.1 s; peak memory 1246 MiB.
2026-10-06T16:33:00Z INFO [270/500] 46e7d3d2-a1f9-4a7b-a804-007d2f7a7611: 675 chunks; 8.7 s; peak memory 1246 MiB.
2026-10-06T16:33:03Z INFO [271/500] 46e80972-47af-4be9-924c-824b9402dce2: 111 chunks; 2.7 s; peak memory 1246 MiB.
2026-10-06T16:33:05Z INFO [272/500] 46e9e960-45a1-4f62-9138-90056daa4767: 66 chunks; 1.9 s; peak memory 1246 MiB.
2026-10-06T16:33:07Z INFO [273/500] 46ea2039-d8aa-4a9a-a4a4-3faa0daa436e: 112 chunks; 1.6 s; peak memory 1246 MiB.
2026-10-06T16:33:20Z INFO [274/500] 46eab65c-79c2-4921-a549-d7a31508d3c3: 36465 chunks; 13.4 s; peak memory 1246 MiB.
2026-10-06T16:33:25Z INFO [275/500] 46eb24fb-743b-4c12-a43b-65f46744289e: 2923 chunks; 5.2 s; peak memory 1246 MiB.
2026-10-06T16:33:27Z INFO [276/500] 46ecaad4-d5ac-4a7b-92f4-46e9ee0e904d: 114 chunks; 1.4 s; peak memory 1246 MiB.
2026-10-06T16:33:39Z INFO [277/500] 46ed1fbf-e88f-4757-910a-ebed2b340967: 15912 chunks; 12.5 s; peak memory 1246 MiB.
2026-10-06T16:33:41Z INFO [278/500] 46ee611e-a50d-4a59-baa1-2022b416f01f: 48 chunks; 1.4 s; peak memory 1246 MiB.
2026-10-06T16:36:29Z INFO [279/500] 46ef8593-349e-4733-904d-091374248f41: 38072 chunks; 168.8 s; peak memory 1246 MiB.
2026-10-06T16:36:31Z INFO [280/500] 46ef9bb4-005d-46d8-a5b1-7608fe87c17d: 48 chunks; 1.5 s; peak memory 1246 MiB.
2026-10-06T16:36:32Z INFO [281/500] 46f03469-4dae-4258-9192-fae2ef68a214: 62 chunks; 1.4 s; peak memory 1246 MiB.
2026-10-06T16:36:34Z INFO [282/500] 46f15a98-3493-42bf-a978-880e09c75694: 48 chunks; 1.3 s; peak memory 1246 MiB.
2026-10-06T16:36:35Z INFO [283/500] 46f2efc6-791e-411a-b840-8791ad9e422d: 46 chunks; 1.0 s; peak memory 1246 MiB.
2026-10-06T16:36:37Z INFO [284/500] 46f336d6-3641-4ec1-b2d3-533318eb24b1: 66 chunks; 2.1 s; peak memory 1246 MiB.
2026-10-06T16:36:47Z INFO [285/500] 46f387c6-3b74-4713-a0ed-82946d1ab4d8: 18114 chunks; 9.7 s; peak memory 1246 MiB.
2026-10-06T16:36:48Z INFO [286/500] 46f413c1-bf86-4ad3-9780-edfad46b1f87: 52 chunks; 1.2 s; peak memory 1246 MiB.
2026-10-06T16:36:49Z INFO [287/500] 46f4bb5e-feda-48a9-aa03-b390f929e52a: 48 chunks; 1.5 s; peak memory 1246 MiB.
2026-10-06T16:36:51Z INFO [288/500] 46f5374a-d8db-4659-8655-8831d2466c05: 66 chunks; 2.3 s; peak memory 1246 MiB.
2026-10-06T16:36:53Z INFO [289/500] 46f553ed-111d-4e5e-b4ba-ffeb31eeda5b: 162 chunks; 1.4 s; peak memory 1246 MiB.
2026-10-06T16:36:54Z INFO [290/500] 46f57797-ae0b-4220-ac57-89e9984445f5: 68 chunks; 1.5 s; peak memory 1246 MiB.
2026-10-06T16:36:56Z INFO [291/500] 46f5dbbd-8685-48c2-ac73-28341d4a61f4: 48 chunks; 1.3 s; peak memory 1246 MiB.
2026-10-06T16:36:57Z INFO [292/500] 46f6528d-9a74-40b1-a359-502e2e4bc81e: 117 chunks; 1.6 s; peak memory 1246 MiB.
2026-10-06T16:36:59Z INFO [293/500] 46f78bda-146d-456b-9b7d-7ecb126c65a8: 48 chunks; 1.3 s; peak memory 1246 MiB.
2026-10-06T16:37:06Z INFO [294/500] 46f80c1a-8c84-42eb-8abd-f029449bdb47: 14531 chunks; 7.1 s; peak memory 1246 MiB.
2026-10-06T16:37:16Z INFO [295/500] 46f83d4e-3af6-4159-b2a1-c70081cdfbe8: 339 chunks; 10.3 s; peak memory 1246 MiB.
2026-10-06T16:37:17Z INFO [296/500] 46f90c74-81b2-4e9f-9919-094254023219: 48 chunks; 1.4 s; peak memory 1246 MiB.
2026-10-06T16:37:24Z INFO [297/500] 46f9546e-d861-46e1-a535-dc68ec50ea4e: 238 chunks; 6.6 s; peak memory 1246 MiB.
2026-10-06T16:37:26Z INFO [298/500] 46f979f8-e239-4053-987a-acd85c44a167: 53 chunks; 1.9 s; peak memory 1246 MiB.
2026-10-06T16:37:34Z INFO [299/500] 46fa1456-4ad2-440a-be28-b798d8b6798b: 672 chunks; 7.9 s; peak memory 1246 MiB.
2026-10-06T16:37:46Z INFO [300/500] 46fb0f00-920d-4216-963a-12d4e6c613cd: 18628 chunks; 12.4 s; peak memory 1246 MiB.
2026-10-06T16:37:47Z INFO [300/500] 46fb0f00-920d-4216-963a-12d4e6c613cd: checkpointed 81134 records.
2026-10-06T16:37:48Z INFO [301/500] 46fbaa93-18ad-4c4d-8f76-2e7ff4dff3d4: 48 chunks; 1.2 s; peak memory 1246 MiB.
2026-10-06T16:37:50Z INFO [302/500] 46fbb68e-c841-4725-878c-0be7fec974e8: 118 chunks; 1.9 s; peak memory 1246 MiB.
2026-10-06T16:37:51Z INFO [303/500] 46fbe652-09c5-4fec-aceb-382e1d0f061d: 48 chunks; 1.2 s; peak memory 1246 MiB.
2026-10-06T16:37:52Z INFO [304/500] 46fcd95b-8897-4e91-8afa-ae78f70c17d3: 84 chunks; 1.7 s; peak memory 1246 MiB.
2026-10-06T16:37:54Z INFO [305/500] 46fd1fee-5327-4996-81bd-6f91f589cb83: 48 chunks; 1.3 s; peak memory 1246 MiB.
2026-10-06T16:37:55Z INFO [306/500] 46fd961a-f4cf-4cad-a3c0-230b9e491e29: 118 chunks; 1.7 s; peak memory 1246 MiB.
2026-10-06T16:37:57Z INFO [307/500] 46fedc79-9af5-4775-b5be-e8d22efca61c: 70 chunks; 1.5 s; peak memory 1246 MiB.
2026-10-06T16:37:58Z INFO [308/500] 46fedef6-1f7f-4f21-8feb-d44cdc07e851: 116 chunks; 1.6 s; peak memory 1246 MiB.
2026-10-06T16:38:00Z INFO [309/500] 46fee66f-8d17-4f97-ae91-8bab18d5a98f: 116 chunks; 1.5 s; peak memory 1246 MiB.
2026-10-06T16:38:01Z INFO [310/500] 46feff2a-8c15-4a2a-a125-03fc206e1dcd: 48 chunks; 1.3 s; peak memory 1246 MiB.
2026-10-06T16:38:03Z INFO [311/500] 46ff0f4c-6546-4dc0-b1a6-08813c78adc0: 117 chunks; 1.4 s; peak memory 1246 MiB.
2026-10-06T16:38:04Z INFO [312/500] 47011612-bb7f-4beb-9193-eb974da299aa: 48 chunks; 1.3 s; peak memory 1246 MiB.
2026-10-06T16:38:08Z INFO [313/500] 4701a563-00c5-4f81-ae2c-3286551f10c7: 687 chunks; 4.0 s; peak memory 1246 MiB.
2026-10-06T16:38:15Z INFO [314/500] 4701a6d0-9bf2-461a-9752-8f800c1845cb: 174 chunks; 6.8 s; peak memory 1246 MiB.
2026-10-06T16:40:56Z INFO [315/500] 470214f1-7c46-43bd-b083-168f89b614cb: 37907 chunks; 160.9 s; peak memory 1246 MiB.
2026-10-06T16:40:57Z INFO [316/500] 47024dad-1f65-4565-b9fa-0912c1061b33: 48 chunks; 1.3 s; peak memory 1246 MiB.
2026-10-06T16:40:58Z INFO [317/500] 47029ba5-c160-458f-8a8c-e3d5911ab814: 48 chunks; 1.5 s; peak memory 1246 MiB.
2026-10-06T16:41:00Z INFO [318/500] 4702c2ee-fb95-428d-94d0-2604a05a2ef3: 117 chunks; 1.7 s; peak memory 1246 MiB.
2026-10-06T16:41:01Z INFO [319/500] 4702dbc0-bea6-40a1-b866-4e5f012b26d8: 48 chunks; 1.4 s; peak memory 1246 MiB.
2026-10-06T16:41:02Z INFO [320/500] 47038e63-4dcd-4794-b194-699ffd40c880: 46 chunks; 1.0 s; peak memory 1246 MiB.
2026-10-06T16:41:04Z INFO [321/500] 4703db5c-df94-432b-b38f-30c110233b3f: 66 chunks; 1.8 s; peak memory 1246 MiB.
2026-10-06T16:41:06Z INFO [322/500] 47041fc7-73b1-451d-9989-c093163980dc: 164 chunks; 1.4 s; peak memory 1246 MiB.
2026-10-06T16:41:07Z INFO [323/500] 47045940-b7e0-469b-bc33-fef5286ad5c8: 46 chunks; 0.9 s; peak memory 1246 MiB.
2026-10-06T16:41:09Z INFO [324/500] 47048199-6066-4e9e-a086-7e8af80931d8: 196 chunks; 2.2 s; peak memory 1246 MiB.
2026-10-06T16:41:12Z INFO [325/500] 47049da1-371c-41b8-aae2-90cfbea4aa8e: 115 chunks; 3.2 s; peak memory 1246 MiB.
2026-10-06T16:41:13Z INFO [326/500] 4705e67d-097f-49cd-a777-231612c7b5a2: 52 chunks; 1.3 s; peak memory 1246 MiB.
2026-10-06T16:41:15Z INFO [327/500] 4705fe33-2ce9-4788-ac9d-5a104b831fe0: 41 chunks; 1.2 s; peak memory 1246 MiB.
2026-10-06T16:41:16Z INFO [328/500] 47064aa5-4f13-40ed-90ba-293b50c0537c: 48 chunks; 1.2 s; peak memory 1246 MiB.
2026-10-06T16:41:19Z INFO [329/500] 4708c36b-d7db-4070-afda-324e8c437a7e: 115 chunks; 3.0 s; peak memory 1246 MiB.
2026-10-06T16:41:21Z INFO [330/500] 47096357-46f6-4c69-a42e-b1efd37be26c: 62 chunks; 1.8 s; peak memory 1246 MiB.
2026-10-06T16:41:21Z INFO [331/500] 47098884-bea9-48ac-be4b-ac92439e42bd: 46 chunks; 0.9 s; peak memory 1246 MiB.
2026-10-06T16:41:29Z INFO [332/500] 47098951-30e8-495b-a976-f6bd92b3950d: 18844 chunks; 8.0 s; peak memory 1246 MiB.
2026-10-06T17:08:08Z INFO [333/500] 47099ffe-0c64-4cbe-9906-596f3575854e: 508081 chunks; 1598.8 s; peak memory 1246 MiB.
2026-10-06T17:08:26Z INFO [334/500] 4709eed3-6f0f-4873-9976-387c980e914e: 22748 chunks; 17.9 s; peak memory 1246 MiB.
2026-10-06T17:08:28Z INFO [335/500] 470a2976-07f7-495e-838e-f644faa7d5d2: 117 chunks; 1.5 s; peak memory 1246 MiB.
2026-10-06T17:08:29Z INFO [336/500] 470a7fc4-6314-48d3-abe0-549ed679d2b5: 112 chunks; 1.6 s; peak memory 1246 MiB.
2026-10-06T17:08:31Z INFO [337/500] 470ae834-0594-4c8d-ae1d-01b8a6073940: 116 chunks; 1.6 s; peak memory 1246 MiB.
2026-10-06T17:08:41Z INFO [338/500] 470bf1fb-81dd-4bb9-a068-fcd9dc620b05: 7542 chunks; 10.5 s; peak memory 1246 MiB.
2026-10-06T17:08:46Z INFO [339/500] 470c0015-b688-4e80-ac15-46340921c84d: 111 chunks; 4.7 s; peak memory 1246 MiB.
2026-10-06T17:10:09Z INFO [340/500] 470d28b4-4181-488b-ac0e-ca3d1bfee678: 12149 chunks; 82.9 s; peak memory 1246 MiB.
2026-10-06T17:10:10Z INFO [341/500] 470d9bb6-5858-4e6b-94f6-bf956254d2a8: 48 chunks; 1.5 s; peak memory 1246 MiB.
2026-10-06T17:10:12Z INFO [342/500] 470e9600-fd3d-4ee8-8e76-b8c4d2551815: 117 chunks; 1.7 s; peak memory 1246 MiB.
2026-10-06T17:10:13Z INFO [343/500] 470ed460-86ee-4cb8-97c1-de98d3680138: 57 chunks; 1.1 s; peak memory 1246 MiB.
2026-10-06T17:10:20Z INFO [344/500] 4712543d-e747-44e6-8eb7-f3fd06b6c10d: 3917 chunks; 6.6 s; peak memory 1246 MiB.
2026-10-06T17:10:27Z INFO [345/500] 4713aa21-5be0-48ef-8d9d-5a366edf96c4: 20523 chunks; 7.6 s; peak memory 1246 MiB.
2026-10-06T17:10:30Z INFO [346/500] 47140115-47d2-4522-bfb8-25bcd6dd857c: 66 chunks; 2.3 s; peak memory 1246 MiB.
2026-10-06T17:12:00Z INFO [347/500] 47140e5d-9a0f-4223-9f3c-918a8f642740: 25408 chunks; 90.1 s; peak memory 1246 MiB.
2026-10-06T17:12:18Z INFO [348/500] 47146522-e54c-4d4f-b02e-613b4e4b0825: 5192 chunks; 18.3 s; peak memory 1246 MiB.
2026-10-06T17:12:20Z INFO [349/500] 4714a5b3-c5b3-4c3b-90cf-6a578cb83a92: 52 chunks; 1.6 s; peak memory 1246 MiB.
2026-10-06T17:12:22Z INFO [350/500] 4714c7b8-3d1d-44eb-a4cd-6f1115b0903d: 117 chunks; 1.8 s; peak memory 1246 MiB.
2026-10-06T17:12:22Z INFO [350/500] 4714c7b8-3d1d-44eb-a4cd-6f1115b0903d: checkpointed 81184 records.
2026-10-06T17:12:24Z INFO [351/500] 4714d612-f371-4110-8965-682a60ac26e3: 64 chunks; 1.9 s; peak memory 1246 MiB.
2026-10-06T17:12:25Z INFO [352/500] 47158121-dab3-405d-a880-148530138ace: 50 chunks; 1.1 s; peak memory 1246 MiB.
2026-10-06T17:12:26Z INFO [353/500] 4715cca8-7545-4f79-98d9-c39237ba4384: 48 chunks; 0.9 s; peak memory 1246 MiB.
2026-10-06T17:12:27Z INFO [354/500] 4715e403-3560-4bef-bc01-d04379ffa1e1: 112 chunks; 1.7 s; peak memory 1246 MiB.
2026-10-06T17:12:29Z INFO [355/500] 4715eee3-b8c7-4523-9818-66e11427518f: 70 chunks; 2.1 s; peak memory 1246 MiB.
2026-10-06T17:12:31Z INFO [356/500] 47164be9-4552-4976-92a9-1142025d83d8: 117 chunks; 1.4 s; peak memory 1246 MiB.
2026-10-06T17:12:32Z INFO [357/500] 47180910-692a-42f0-ba33-b20fea184e70: 48 chunks; 1.3 s; peak memory 1246 MiB.
2026-10-06T17:12:33Z INFO [358/500] 471955e8-0d8e-4cb8-a602-4b9b9049f749: 48 chunks; 1.3 s; peak memory 1246 MiB.
2026-10-06T17:12:35Z INFO [359/500] 471a4577-1bf4-461d-a95a-9ef1072d340f: 48 chunks; 1.3 s; peak memory 1246 MiB.
2026-10-06T17:12:36Z INFO [360/500] 471a4aa4-3700-42e5-be12-27ad39847976: 48 chunks; 1.6 s; peak memory 1246 MiB.
2026-10-06T17:12:38Z INFO [361/500] 471a5d63-b6f9-4ce0-85d3-30633e835d45: 115 chunks; 1.4 s; peak memory 1246 MiB.
2026-10-06T17:12:40Z INFO [362/500] 471a8e07-3023-441b-a556-7e619aab603c: 112 chunks; 1.9 s; peak memory 1246 MiB.
2026-10-06T17:12:41Z INFO [363/500] 471aec1d-fdeb-46cb-a3c7-1e36c8eb84de: 117 chunks; 1.5 s; peak memory 1246 MiB.
2026-10-06T17:12:42Z INFO [364/500] 471b4bb7-aa60-499f-8168-ddb96f63c005: 48 chunks; 1.2 s; peak memory 1246 MiB.
2026-10-06T17:12:56Z INFO [365/500] 471db47f-fd6a-482b-aa0e-e0d55483b482: 11809 chunks; 13.3 s; peak memory 1246 MiB.
2026-10-06T17:12:57Z INFO [366/500] 471dd600-ea7d-43dc-a0a2-bea6738551e9: 84 chunks; 1.7 s; peak memory 1246 MiB.
2026-10-06T17:13:00Z INFO [367/500] 471ddeba-3feb-4859-ac64-f09e395cfeed: 66 chunks; 2.2 s; peak memory 1246 MiB.
2026-10-06T17:13:01Z INFO [368/500] 471e616d-8d6d-484d-a3b4-ca73387ff110: 112 chunks; 1.8 s; peak memory 1246 MiB.
2026-10-06T17:13:03Z INFO [369/500] 471ea708-2692-47ea-acc3-83dfc8bc5430: 62 chunks; 2.1 s; peak memory 1246 MiB.
2026-10-06T17:13:05Z INFO [370/500] 471ec2d1-99c8-437a-b711-d35ed26aa24f: 110 chunks; 1.5 s; peak memory 1246 MiB.
2026-10-06T17:13:06Z INFO [371/500] 471ed6f6-d090-47c3-934a-1a017754136f: 48 chunks; 1.5 s; peak memory 1246 MiB.
2026-10-06T17:13:13Z INFO [372/500] 471f527a-a46b-4798-826f-19c65a30fa38: 1123 chunks; 7.0 s; peak memory 1246 MiB.
2026-10-06T17:13:15Z INFO [373/500] 471f590e-7e39-433f-a8bc-6f58c37d3929: 41 chunks; 1.2 s; peak memory 1246 MiB.
2026-10-06T17:13:16Z INFO [374/500] 471fd805-e9cd-452b-a0ec-d366e5067714: 118 chunks; 1.4 s; peak memory 1246 MiB.
2026-10-06T17:13:27Z INFO [375/500] 4720c8d4-682f-4a47-bc28-fa894428d565: 26170 chunks; 11.1 s; peak memory 1246 MiB.
2026-10-06T17:13:28Z INFO [376/500] 472141ad-fb10-46e3-a10c-afb609aae386: 48 chunks; 1.3 s; peak memory 1246 MiB.
2026-10-06T17:13:30Z INFO [377/500] 4721f8bf-559c-4707-b237-7cc7ef6f6456: 48 chunks; 1.3 s; peak memory 1246 MiB.
2026-10-06T17:13:31Z INFO [378/500] 47225603-fae1-49ae-a4db-0339791edb56: 101 chunks; 1.3 s; peak memory 1246 MiB.
2026-10-06T17:13:32Z INFO [379/500] 4722666a-d583-4780-9248-c2791e883723: 48 chunks; 1.3 s; peak memory 1246 MiB.
2026-10-06T17:13:35Z INFO [380/500] 4722b57d-4e09-4c24-8071-a87f76575f34: 66 chunks; 2.2 s; peak memory 1246 MiB.
2026-10-06T17:13:36Z INFO [381/500] 47235d69-181d-409d-89ba-b2ce2ba16450: 112 chunks; 1.9 s; peak memory 1246 MiB.
2026-10-06T17:13:39Z INFO [382/500] 472370cc-0919-4b2f-9f4e-9ff244029f72: 71 chunks; 2.4 s; peak memory 1246 MiB.
2026-10-06T17:13:40Z INFO [383/500] 47239cbf-5d39-42cc-9bff-9ac5089b2a16: 117 chunks; 1.4 s; peak memory 1246 MiB.
2026-10-06T17:13:45Z INFO [384/500] 4723a17b-0393-43ed-b25f-5f815e9c249a: 2166 chunks; 4.9 s; peak memory 1246 MiB.
2026-10-06T17:13:46Z INFO [385/500] 4723be02-70a4-4df2-9748-0d2aca842d4f: 118 chunks; 1.4 s; peak memory 1246 MiB.
2026-10-06T17:13:48Z INFO [386/500] 4725ea4d-a89d-4f0c-9211-174c1c92f15b: 117 chunks; 1.5 s; peak memory 1246 MiB.
2026-10-06T17:13:50Z INFO [387/500] 47264946-9bb3-491f-9a31-5704d7929c94: 51 chunks; 1.7 s; peak memory 1246 MiB.
2026-10-06T17:13:53Z INFO [388/500] 47265d50-f24c-4fbb-aa28-d4e2f47d6005: 115 chunks; 3.5 s; peak memory 1246 MiB.
2026-10-06T17:13:54Z INFO [389/500] 4726d7fe-4f63-48cb-b551-5a3698fce11d: 69 chunks; 1.1 s; peak memory 1246 MiB.
2026-10-06T17:13:56Z INFO [390/500] 4728d5b9-41d8-43a5-bca1-bf3850b20155: 48 chunks; 1.3 s; peak memory 1246 MiB.
2026-10-06T17:13:57Z INFO [391/500] 4728dce4-772e-4078-9541-48ea58c1b113: 48 chunks; 1.4 s; peak memory 1246 MiB.
2026-10-06T17:14:01Z INFO [392/500] 47293cdb-28eb-4a3b-a291-6e83f88fca46: 623 chunks; 4.0 s; peak memory 1246 MiB.
2026-10-06T17:14:10Z INFO [393/500] 4729422b-bf1f-40a0-aee5-45f54f8d84d2: 13165 chunks; 9.4 s; peak memory 1246 MiB.
2026-10-06T17:14:12Z INFO [394/500] 4729b9cb-416a-4214-a6d1-ec6739d178ae: 77 chunks; 1.4 s; peak memory 1246 MiB.
2026-10-06T17:14:13Z INFO [395/500] 4729bf6c-e130-4fda-8d4f-bf909fc38866: 112 chunks; 1.7 s; peak memory 1246 MiB.
2026-10-06T17:14:16Z INFO [396/500] 472a7992-fdad-429d-842c-634d33e09f8c: 168 chunks; 2.9 s; peak memory 1246 MiB.
2026-10-06T17:14:18Z INFO [397/500] 472af150-9f68-4bf0-aafc-8bfde6180abb: 66 chunks; 1.6 s; peak memory 1246 MiB.
2026-10-06T17:14:22Z INFO [398/500] 472b65f5-91d0-43ef-8936-fcec30ac9121: 90 chunks; 4.3 s; peak memory 1246 MiB.
2026-10-06T17:14:24Z INFO [399/500] 472b8e84-9ad3-415c-8701-9a9fb4a40cb4: 52 chunks; 1.7 s; peak memory 1246 MiB.
2026-10-06T17:14:30Z INFO [400/500] 472c3061-4123-4fa3-aae3-9e612b213826: 8387 chunks; 5.8 s; peak memory 1246 MiB.
2026-10-06T17:14:30Z INFO [400/500] 472c3061-4123-4fa3-aae3-9e612b213826: checkpointed 81234 records.
2026-10-06T17:14:38Z INFO [401/500] 472c6efc-5964-441f-8e38-3af50d727518: 9169 chunks; 8.0 s; peak memory 1246 MiB.
2026-10-06T17:14:39Z INFO [402/500] 472cceed-e429-439a-909c-faa1a09b98d6: 118 chunks; 1.4 s; peak memory 1246 MiB.
2026-10-06T17:14:43Z INFO [403/500] 472d3d5d-8631-4244-99db-496a8aec6902: 115 chunks; 3.3 s; peak memory 1246 MiB.
2026-10-06T17:14:44Z INFO [404/500] 472de65e-80b9-42bd-97cc-ca4a6bf48e56: 48 chunks; 1.5 s; peak memory 1246 MiB.
2026-10-06T17:14:47Z INFO [405/500] 472f44f7-d276-4ddb-ae99-333aa965f4f2: 119 chunks; 2.5 s; peak memory 1246 MiB.
2026-10-06T17:15:07Z INFO [406/500] 472f7c43-cde1-4a55-9884-ec205623622e: 37063 chunks; 20.8 s; peak memory 1246 MiB.
2026-10-06T17:15:10Z INFO [407/500] 47301bac-dec7-46a9-a258-d096bc0e75a6: 66 chunks; 2.5 s; peak memory 1246 MiB.
2026-10-06T17:15:15Z INFO [408/500] 4730ff8e-ce52-45db-bdf3-15ed39992ec0: 3269 chunks; 4.8 s; peak memory 1246 MiB.
2026-10-06T17:15:16Z INFO [409/500] 47312967-da05-4989-9d23-abc3da807144: 41 chunks; 1.1 s; peak memory 1246 MiB.
2026-10-06T17:15:18Z INFO [410/500] 47334721-b108-4c9a-a59d-f128f71da36d: 117 chunks; 1.7 s; peak memory 1246 MiB.
2026-10-06T17:15:21Z INFO [411/500] 4733567a-4165-4572-95be-d744a7658121: 220 chunks; 4.0 s; peak memory 1246 MiB.
2026-10-06T17:15:23Z INFO [412/500] 47339ed4-441a-4a98-a516-dd5f20e4a85a: 117 chunks; 1.7 s; peak memory 1246 MiB.
2026-10-06T17:15:25Z INFO [413/500] 4733e34b-8b89-4b71-86e3-5ea9dbddbd29: 118 chunks; 1.5 s; peak memory 1246 MiB.
2026-10-06T17:21:34Z INFO [414/500] 47341d83-6f4a-4528-82df-de87d0ad7f3e: 90681 chunks; 369.6 s; peak memory 1246 MiB.
2026-10-06T17:21:37Z INFO [415/500] 473584ef-fe8f-4a39-87e1-ac2630b6ff6a: 78 chunks; 2.5 s; peak memory 1246 MiB.
2026-10-06T17:21:47Z INFO [416/500] 4735b89a-6507-480b-96df-41055f3bbe91: 11567 chunks; 9.9 s; peak memory 1246 MiB.
2026-10-06T17:21:48Z INFO [417/500] 473647d7-a75a-4b5a-b0fe-ca86ccad6bab: 46 chunks; 1.0 s; peak memory 1246 MiB.
2026-10-06T17:22:00Z INFO [418/500] 4736c270-4d6f-45e2-8ce2-5a999dc5c24b: 8081 chunks; 12.6 s; peak memory 1246 MiB.
2026-10-06T17:22:02Z INFO [419/500] 47377049-88d2-4107-b9f9-40d22cc2286b: 117 chunks; 1.5 s; peak memory 1246 MiB.
2026-10-06T17:22:03Z INFO [420/500] 47388693-9d52-4949-904f-e52cbd4be067: 21 chunks; 1.1 s; peak memory 1246 MiB.
2026-10-06T17:22:05Z INFO [421/500] 473889e8-3de2-45d5-8e85-6316109ea6dc: 105 chunks; 2.2 s; peak memory 1246 MiB.
2026-10-06T17:22:09Z INFO [422/500] 473893f6-7a1e-4cb5-abf1-2893cb91ba4d: 90 chunks; 3.3 s; peak memory 1246 MiB.
2026-10-06T17:22:10Z INFO [423/500] 47391bc9-82c2-4ddc-a6f3-ca867a677f85: 48 chunks; 1.3 s; peak memory 1246 MiB.
2026-10-06T17:22:19Z INFO [424/500] 4739bbf7-314a-49e0-b7ba-ea9f4379e64b: 4151 chunks; 8.7 s; peak memory 1246 MiB.
2026-10-06T17:22:20Z INFO [425/500] 4739cfd7-eddd-4e3f-9689-e68b9114fe84: 118 chunks; 1.4 s; peak memory 1246 MiB.
2026-10-06T17:22:22Z INFO [426/500] 4739f000-7f51-4fb7-b161-9b469b01ad32: 71 chunks; 2.4 s; peak memory 1246 MiB.
2026-10-06T17:22:24Z INFO [427/500] 473a2e36-7b6d-48e0-8350-086d900caf6c: 71 chunks; 1.9 s; peak memory 1246 MiB.
2026-10-06T17:22:26Z INFO [428/500] 473a9ce7-8834-46db-aa10-479618328cd6: 74 chunks; 2.0 s; peak memory 1246 MiB.
2026-10-06T17:22:29Z INFO [429/500] 473acb11-aa54-4897-8a45-556e38abb57b: 71 chunks; 2.6 s; peak memory 1246 MiB.
2026-10-06T17:22:30Z INFO [430/500] 473b199d-1f30-4e04-9e8e-e91aec3442ea: 48 chunks; 1.3 s; peak memory 1246 MiB.
2026-10-06T17:22:44Z INFO [431/500] 473b34db-9c43-496f-be5a-f53ca79f7d91: 19609 chunks; 13.6 s; peak memory 1246 MiB.
2026-10-06T17:22:46Z INFO [432/500] 473b6d66-0da7-4e0a-a72f-258519e91464: 330 chunks; 2.7 s; peak memory 1246 MiB.
2026-10-06T17:22:50Z INFO [433/500] 473b9a68-bc4f-44ea-81b0-8f36304449e6: 157 chunks; 3.6 s; peak memory 1246 MiB.
2026-10-06T17:22:51Z INFO [434/500] 473bdbc2-ce76-498f-ac77-fd34da6362b6: 117 chunks; 1.3 s; peak memory 1246 MiB.
2026-10-06T17:22:53Z INFO [435/500] 473c17d4-354c-474f-ae5a-6b741942c5b8: 130 chunks; 1.3 s; peak memory 1246 MiB.
2026-10-06T17:22:55Z INFO [436/500] 473ca9b6-b5ba-4ca3-90dd-2ce625e0448b: 66 chunks; 2.8 s; peak memory 1246 MiB.
2026-10-06T17:22:57Z INFO [437/500] 473d16b2-0ee6-497b-9aaf-f047f03ce07b: 118 chunks; 1.4 s; peak memory 1246 MiB.
2026-10-06T17:22:59Z INFO [438/500] 473eef64-fd77-4c64-ad50-c9439335167a: 121 chunks; 2.3 s; peak memory 1246 MiB.
2026-10-06T17:23:00Z INFO [439/500] 473efae8-4e93-4495-b0f9-ceecb270f544: 121 chunks; 1.2 s; peak memory 1246 MiB.
2026-10-06T17:23:02Z INFO [440/500] 4740ef06-9da1-44ed-ae0b-14324be62eee: 48 chunks; 1.5 s; peak memory 1246 MiB.
2026-10-06T17:23:06Z INFO [441/500] 4741d395-d308-456b-8475-5e4ff4dffda3: 2295 chunks; 4.5 s; peak memory 1246 MiB.
2026-10-06T17:23:08Z INFO [442/500] 47422c3c-1a7a-4fdc-af2f-47a759c07546: 48 chunks; 1.2 s; peak memory 1246 MiB.
2026-10-06T17:23:09Z INFO [443/500] 47427e2e-5cd3-41ec-ac44-42adcd148de0: 112 chunks; 1.3 s; peak memory 1246 MiB.
2026-10-06T17:23:12Z INFO [444/500] 47427ef8-7d72-4e86-94b3-b2d6dd2ea520: 118 chunks; 3.3 s; peak memory 1246 MiB.
2026-10-06T17:23:15Z INFO [445/500] 474316fa-3bbd-4e5c-8571-45f1901f8179: 115 chunks; 3.2 s; peak memory 1246 MiB.
2026-10-06T17:23:17Z INFO [446/500] 4743dfd6-765c-4e82-b036-bb7b7cfa5420: 117 chunks; 1.5 s; peak memory 1246 MiB.
2026-10-06T17:23:18Z INFO [447/500] 474567ef-d760-46a9-a550-3c6ece58269d: 117 chunks; 1.6 s; peak memory 1246 MiB.
2026-10-06T17:23:20Z INFO [448/500] 47457052-fbc8-42a2-a3ad-7fbbd28e1c80: 116 chunks; 1.5 s; peak memory 1246 MiB.
2026-10-06T17:23:23Z INFO [449/500] 4745abfb-b296-409b-a986-eaf576c5f9ff: 115 chunks; 3.5 s; peak memory 1246 MiB.
2026-10-06T17:23:34Z INFO [450/500] 4746b695-168d-41ca-aa1b-1de034379d55: 1053 chunks; 10.2 s; peak memory 1246 MiB.
2026-10-06T17:23:34Z INFO [450/500] 4746b695-168d-41ca-aa1b-1de034379d55: checkpointed 81284 records.
2026-10-06T17:23:35Z INFO [451/500] 4746ce1f-9daf-4c79-aedb-395ac21ab11f: 48 chunks; 1.5 s; peak memory 1246 MiB.
2026-10-06T17:23:37Z INFO [452/500] 4747bc1d-8eee-4e0c-af3a-07bcc52ec962: 112 chunks; 1.9 s; peak memory 1246 MiB.
2026-10-06T17:23:41Z INFO [453/500] 474a2748-82b8-4588-b56d-0da270b3d40b: 156 chunks; 3.7 s; peak memory 1246 MiB.
2026-10-06T17:24:05Z INFO [454/500] 474b8547-3eff-42d9-9b97-e1c1191c2ad1: 14614 chunks; 24.5 s; peak memory 1246 MiB.
2026-10-06T17:27:18Z INFO [455/500] 474c73e3-04a4-43c0-a8da-64e60fad9f29: 42730 chunks; 192.2 s; peak memory 1246 MiB.
2026-10-06T17:27:19Z INFO [456/500] 474cb693-5e6f-4948-80b0-f5fff9d0d3c5: 48 chunks; 1.5 s; peak memory 1246 MiB.
2026-10-06T17:27:21Z INFO [457/500] 474cf175-3daf-4845-bbb4-a4763acaf3f0: 52 chunks; 1.7 s; peak memory 1246 MiB.
2026-10-06T17:27:23Z INFO [458/500] 474d352f-37e0-4ce2-89a3-8ef88f5fafa5: 116 chunks; 1.8 s; peak memory 1246 MiB.
2026-10-06T17:27:24Z INFO [459/500] 474d8c8c-ade1-4f14-9164-9deb368f84db: 112 chunks; 1.5 s; peak memory 1246 MiB.
2026-10-06T17:27:26Z INFO [460/500] 474dd6ed-1c9d-473c-be6b-ae4856768371: 112 chunks; 2.0 s; peak memory 1246 MiB.
2026-10-06T17:27:33Z INFO [461/500] 474e1435-dccb-47be-8e56-3495164579dc: 6775 chunks; 6.4 s; peak memory 1246 MiB.
2026-10-06T17:27:34Z INFO [462/500] 474e3250-c31f-4892-aa72-6bcee2be41ce: 48 chunks; 1.4 s; peak memory 1246 MiB.
2026-10-06T17:27:35Z INFO [463/500] 474fe87f-cca2-4aed-bcbb-0634d47bc323: 48 chunks; 1.3 s; peak memory 1246 MiB.
2026-10-06T17:27:45Z INFO [464/500] 4750b4df-dd7c-40f1-9861-17738a13ecfb: 4136 chunks; 10.1 s; peak memory 1246 MiB.
2026-10-06T17:27:46Z INFO [465/500] 47511e6d-045b-4b0f-9c55-2fc7dba2c658: 46 chunks; 1.0 s; peak memory 1246 MiB.
2026-10-06T17:27:48Z INFO [466/500] 4751f7ce-3529-4567-a32b-4b6df6c4d005: 107 chunks; 1.5 s; peak memory 1246 MiB.
2026-10-06T17:27:50Z INFO [467/500] 475230cd-5e23-4244-98dc-fe821cc75bbf: 87 chunks; 2.4 s; peak memory 1246 MiB.
2026-10-06T17:27:51Z INFO [468/500] 475261c0-0e8c-413e-8cb3-e82d4240a2bd: 37 chunks; 1.0 s; peak memory 1246 MiB.
2026-10-06T17:27:53Z INFO [469/500] 475280f1-9bf3-4dda-8d68-06266b2448cc: 303 chunks; 1.8 s; peak memory 1246 MiB.
2026-10-06T17:27:55Z INFO [470/500] 47542bd0-33cf-4003-a955-482fbd59f808: 112 chunks; 2.0 s; peak memory 1246 MiB.
2026-10-06T17:27:59Z INFO [471/500] 47548519-10dc-48ce-89f7-d816caaed2f7: 429 chunks; 4.4 s; peak memory 1246 MiB.
2026-10-06T17:28:01Z INFO [472/500] 47549ffa-4c17-4bed-8ac4-9f330d7bd215: 112 chunks; 1.9 s; peak memory 1246 MiB.
2026-10-06T17:28:03Z INFO [473/500] 4754e8b6-0f6c-4845-96f2-7a9c01522fa8: 112 chunks; 1.9 s; peak memory 1246 MiB.
2026-10-06T17:28:05Z INFO [474/500] 47558301-9f7f-47e7-bb38-216056cd1bef: 84 chunks; 1.4 s; peak memory 1246 MiB.
2026-10-06T17:28:06Z INFO [475/500] 4755ebc9-0382-4d4b-a4f1-57985b7fcc75: 118 chunks; 1.7 s; peak memory 1246 MiB.
2026-10-06T17:28:07Z INFO [476/500] 47569584-8dd8-472e-8f7a-05cc0aefa4af: 46 chunks; 1.0 s; peak memory 1246 MiB.
2026-10-06T17:28:08Z INFO [477/500] 47588b42-7c76-4213-8c95-ac30a312fd6d: 57 chunks; 1.0 s; peak memory 1246 MiB.
2026-10-06T17:28:10Z INFO [478/500] 475925d4-14d3-494b-8635-6a199e16be2e: 111 chunks; 1.8 s; peak memory 1246 MiB.
2026-10-06T17:28:11Z INFO [479/500] 475992d4-c0c2-4d90-9d6e-1a4768347767: 64 chunks; 1.4 s; peak memory 1246 MiB.
2026-10-06T17:28:13Z INFO [480/500] 4759f6f2-ddd4-4da0-9b63-dbc021d31838: 54 chunks; 1.9 s; peak memory 1246 MiB.
2026-10-06T17:28:16Z INFO [481/500] 475a37b1-ce38-4c4c-8353-e93d8b9ceed2: 367 chunks; 2.4 s; peak memory 1246 MiB.
2026-10-06T17:28:17Z INFO [482/500] 475abd63-127c-4b5a-ae63-59a0977cf654: 52 chunks; 1.4 s; peak memory 1246 MiB.
2026-10-06T17:28:18Z INFO [483/500] 475b45d5-b289-4ef4-8e42-0ab3499f9f79: 48 chunks; 1.2 s; peak memory 1246 MiB.
2026-10-06T17:28:21Z INFO [484/500] 475bb3b1-5060-4d00-8cb4-6024875d8ad6: 119 chunks; 3.2 s; peak memory 1246 MiB.
2026-10-06T17:28:26Z INFO [485/500] 475c9bec-6839-4d60-8c3b-877e57340743: 144 chunks; 4.1 s; peak memory 1246 MiB.
2026-10-06T17:28:36Z INFO [486/500] 475d6cce-17ee-45b4-906b-ab243eb28d59: 1053 chunks; 10.5 s; peak memory 1246 MiB.
2026-10-06T17:28:40Z INFO [487/500] 475fc644-9303-4fdd-9ede-8d2c3ccc2c5e: 1585 chunks; 3.7 s; peak memory 1246 MiB.
2026-10-06T17:28:41Z INFO [488/500] 47600f2f-7c00-4bde-93c8-6fe8556a6903: 48 chunks; 1.3 s; peak memory 1246 MiB.
2026-10-06T17:28:58Z INFO [489/500] 4760960f-deb4-4d5f-a2c6-ea3eb1f4cd6b: 655 chunks; 16.6 s; peak memory 1246 MiB.
2026-10-06T17:29:06Z INFO [490/500] 4760bb06-c5c2-48a7-9ac5-60c7b4a235a5: 4151 chunks; 8.7 s; peak memory 1246 MiB.
2026-10-06T17:29:13Z INFO [491/500] 4761054d-2a7a-465c-810d-231d38124922: 8553 chunks; 6.6 s; peak memory 1246 MiB.
2026-10-06T17:29:14Z INFO [492/500] 4761e048-42d3-4d43-ba30-3e876b85ad6a: 48 chunks; 1.4 s; peak memory 1246 MiB.
2026-10-06T17:29:16Z INFO [493/500] 4761fab4-5423-405c-8424-b239f922a386: 48 chunks; 1.3 s; peak memory 1246 MiB.
2026-10-06T17:29:17Z INFO [494/500] 476388be-108c-455f-9f1e-5e96b6a1362b: 116 chunks; 1.7 s; peak memory 1246 MiB.
2026-10-06T17:29:19Z INFO [495/500] 47650194-d57e-406e-9b36-9a62e7b68a3e: 48 chunks; 1.5 s; peak memory 1246 MiB.
2026-10-06T17:29:20Z INFO [496/500] 47653e00-6e3c-45f3-94cb-78724beb42b4: 48 chunks; 1.2 s; peak memory 1246 MiB.
2026-10-06T17:29:25Z INFO [497/500] 476541ff-335b-4e68-83a4-67e922a6cc68: 2864 chunks; 4.6 s; peak memory 1246 MiB.
2026-10-06T17:29:36Z INFO [498/500] 4765833a-08a0-485c-bd5b-3eda26cfa11f: 10155 chunks; 11.7 s; peak memory 1246 MiB.
2026-10-06T17:29:38Z INFO [499/500] 4765ac65-75cd-40f8-92cd-2b43f4109b4f: 48 chunks; 1.3 s; peak memory 1246 MiB.
2026-10-06T17:29:39Z INFO [500/500] 47666158-f8b7-44af-8c54-521a89812de5: 121 chunks; 1.2 s; peak memory 1246 MiB.
2026-10-06T17:29:39Z INFO [500/500] 47666158-f8b7-44af-8c54-521a89812de5: checkpointed 81334 records.
2026-10-06T17:29:39Z INFO Wrote 81334 records to /tmp/derivatives/valid_nwb_file_to_chunk_stats.jsonl (500 new, 0 failed) in 192.1 min (peak memory 1246 MiB).
