2026-10-07T05:45:48Z INFO Logging to /tmp/logs/update_2026-10-07T05-45-48Z.log.
2026-10-07T05:45:48Z INFO Update valid-nwb-file-to-chunk-stats (base directory /tmp).
2026-10-07T05:45:48Z INFO Processing 500 items (84834 already recorded).
2026-10-07T05:45:50Z INFO [1/500] 4e79c326-9818-4180-be4d-54fbf35eb8c8: 41 chunks; 1.5 s; peak memory 179 MiB.
2026-10-07T05:45:51Z INFO [2/500] 4e7a1080-a0e5-4990-ad20-b7ece9c77cb3: 57 chunks; 1.0 s; peak memory 180 MiB.
2026-10-07T05:45:52Z INFO [3/500] 4e7a3b1f-acc6-4391-a45a-bce000ea0f09: 116 chunks; 1.5 s; peak memory 182 MiB.
2026-10-07T05:45:54Z INFO [4/500] 4e7a4975-7728-41ea-a95d-d0f1a4a3184a: 106 chunks; 2.2 s; peak memory 183 MiB.
2026-10-07T05:46:16Z INFO [5/500] 4e7b2542-001d-48cf-bec2-679da026196b: 25512 chunks; 22.0 s; peak memory 237 MiB.
2026-10-07T05:46:19Z INFO [6/500] 4e7c6c02-bac0-4b36-87ed-fdc17c9d6e2c: 66 chunks; 2.7 s; peak memory 237 MiB.
2026-10-07T05:46:22Z INFO [7/500] 4e7c8cda-4736-4551-ad0b-2154cb159582: 118 chunks; 3.0 s; peak memory 237 MiB.
2026-10-07T05:46:24Z INFO [8/500] 4e7cc0fb-2b0f-4fe3-a459-3510e27700ac: 112 chunks; 1.9 s; peak memory 237 MiB.
2026-10-07T05:46:27Z INFO [9/500] 4e7cd0e5-beb9-46c0-8e08-b709241b2a46: 114 chunks; 3.2 s; peak memory 238 MiB.
2026-10-07T05:46:28Z INFO [10/500] 4e7d3a26-dde7-489a-be26-c060a5ad5d4f: 48 chunks; 1.2 s; peak memory 238 MiB.
2026-10-07T05:46:30Z INFO [11/500] 4e7d8b6a-3224-4c44-89ed-9d5b2d6ce620: 70 chunks; 1.6 s; peak memory 238 MiB.
2026-10-07T05:46:31Z INFO [12/500] 4e7e35a7-63d0-4949-b58c-93cfe024df67: 48 chunks; 1.3 s; peak memory 238 MiB.
2026-10-07T05:46:33Z INFO [13/500] 4e7edf92-db5a-48fd-8118-88aa59854aee: 48 chunks; 1.4 s; peak memory 238 MiB.
2026-10-07T05:46:40Z INFO [14/500] 4e7f2d54-eb30-4956-85a6-2065d4208e7b: 9369 chunks; 7.3 s; peak memory 239 MiB.
2026-10-07T05:52:22Z INFO [15/500] 4e7fd637-2f8e-416a-a3e7-57c90f796c48: 193121 chunks; 341.8 s; peak memory 853 MiB.
2026-10-07T05:52:23Z INFO [16/500] 4e81d481-61a0-4c7d-8f1b-676ad8831a38: 33 chunks; 1.0 s; peak memory 853 MiB.
2026-10-07T05:52:26Z INFO [17/500] 4e8249f6-5b6a-4cec-8bc9-e219414022ca: 41 chunks; 2.7 s; peak memory 853 MiB.
2026-10-07T05:52:27Z INFO [18/500] 4e828cef-8559-4b92-b3f6-b9bc0c30153b: 114 chunks; 1.4 s; peak memory 853 MiB.
2026-10-07T05:52:29Z INFO [19/500] 4e83aa34-6a7f-43ff-ba08-8bf7a9657d20: 119 chunks; 2.4 s; peak memory 853 MiB.
2026-10-07T05:52:40Z INFO [20/500] 4e83e466-df60-4c39-abe3-73ecfb0e4064: 1053 chunks; 10.6 s; peak memory 853 MiB.
2026-10-07T05:52:41Z INFO [21/500] 4e841532-bad5-4bce-8e51-7be7a81b27bf: 46 chunks; 1.1 s; peak memory 853 MiB.
2026-10-07T05:52:42Z INFO [22/500] 4e847ec3-9bab-4397-b931-a295993f5144: 48 chunks; 1.3 s; peak memory 853 MiB.
2026-10-07T05:52:44Z INFO [23/500] 4e84c3bf-0cf0-4e78-b24c-41c1e7d6824f: 92 chunks; 1.5 s; peak memory 853 MiB.
2026-10-07T05:52:45Z INFO [24/500] 4e84ee4f-d054-49f1-b3fc-b33b36c81202: 57 chunks; 1.1 s; peak memory 853 MiB.
2026-10-07T05:52:47Z INFO [25/500] 4e854eab-8321-441d-9527-1abf2b4a54b2: 62 chunks; 2.2 s; peak memory 853 MiB.
2026-10-07T05:52:50Z INFO [26/500] 4e85e06c-5add-4bb4-8b30-9907fcc68456: 115 chunks; 3.0 s; peak memory 853 MiB.
2026-10-07T05:52:58Z INFO [27/500] 4e85fb22-f5fb-40e7-9136-36b8f3e4b383: 2919 chunks; 7.5 s; peak memory 853 MiB.
2026-10-07T05:53:00Z INFO [28/500] 4e860911-7ae7-46f7-a7a2-baf3a434c6ee: 119 chunks; 2.6 s; peak memory 853 MiB.
2026-10-07T05:53:02Z INFO [29/500] 4e863fc3-5822-4907-b20e-a070e375d237: 110 chunks; 1.9 s; peak memory 853 MiB.
2026-10-07T05:53:04Z INFO [30/500] 4e865b9a-1a4c-4ba9-a7dc-ee84057679ab: 66 chunks; 2.2 s; peak memory 853 MiB.
2026-10-07T05:53:05Z INFO [31/500] 4e87646f-dc8e-4330-91b3-c251091234d6: 45 chunks; 1.0 s; peak memory 853 MiB.
2026-10-07T05:53:07Z INFO [32/500] 4e877481-15af-4c31-ab80-70e2772e455a: 48 chunks; 1.3 s; peak memory 853 MiB.
2026-10-07T05:53:09Z INFO [33/500] 4e87afa4-d485-4155-8487-745c8b1c4b6c: 112 chunks; 2.2 s; peak memory 853 MiB.
2026-10-07T05:53:10Z INFO [34/500] 4e884d9a-9d9b-49ac-bc2a-fe269f450fe8: 48 chunks; 1.3 s; peak memory 853 MiB.
2026-10-07T05:53:12Z INFO [35/500] 4e88cb89-d5cb-42af-b343-e92f02c12399: 117 chunks; 1.5 s; peak memory 853 MiB.
2026-10-07T05:53:13Z INFO [36/500] 4e898703-8c2d-46fa-8dd0-40577916cd99: 48 chunks; 1.3 s; peak memory 853 MiB.
2026-10-07T05:53:14Z INFO [37/500] 4e89a890-e7ba-4ce1-9a42-f77cec0415d3: 48 chunks; 1.3 s; peak memory 853 MiB.
2026-10-07T05:53:16Z INFO [38/500] 4e89f6fa-ca51-4b49-b3e6-813985d60ae3: 47 chunks; 1.2 s; peak memory 853 MiB.
2026-10-07T05:53:17Z INFO [39/500] 4e8a78d1-1434-40b8-a1c2-7db3d29df3db: 47 chunks; 1.2 s; peak memory 853 MiB.
2026-10-07T05:53:18Z INFO [40/500] 4e8acbb3-17ff-4490-9e2c-bd48a7987da4: 33 chunks; 1.0 s; peak memory 853 MiB.
2026-10-07T05:53:20Z INFO [41/500] 4e8b375a-b1f9-4f4e-87cf-09dbbb3e0d85: 66 chunks; 2.1 s; peak memory 853 MiB.
2026-10-07T05:53:21Z INFO [42/500] 4e8b7151-9556-44e9-8d41-680a259b326f: 77 chunks; 1.6 s; peak memory 853 MiB.
2026-10-07T05:53:23Z INFO [43/500] 4e8e303f-08f0-4e39-a132-171fd03680af: 48 chunks; 1.4 s; peak memory 853 MiB.
2026-10-07T05:53:27Z INFO [44/500] 4e8ea1fb-ca4a-49d9-8d3a-192896c2f9f2: 156 chunks; 3.9 s; peak memory 853 MiB.
2026-10-07T05:53:28Z INFO [45/500] 4e8f2938-99fb-4fe8-aa9c-fbc532b21cae: 48 chunks; 1.3 s; peak memory 853 MiB.
2026-10-07T05:55:53Z INFO [46/500] 4e8f5db7-d63e-4f6f-b6e6-f744fa5e96ba: 75873 chunks; 144.6 s; peak memory 853 MiB.
2026-10-07T05:55:54Z INFO [47/500] 4e8f8228-ddcd-43aa-ba76-49bca71933b1: 116 chunks; 1.6 s; peak memory 853 MiB.
2026-10-07T05:55:56Z INFO [48/500] 4e8f8b46-dd62-474f-8958-025b00948f98: 59 chunks; 1.7 s; peak memory 853 MiB.
2026-10-07T05:55:58Z INFO [49/500] 4e8fa99d-bd23-411e-8175-2160039b1175: 78 chunks; 2.1 s; peak memory 853 MiB.
2026-10-07T05:56:06Z INFO [50/500] 4e8fb8c6-aafe-447a-a436-e3ecc31bfc80: 2923 chunks; 7.7 s; peak memory 853 MiB.
2026-10-07T05:56:06Z INFO [50/500] 4e8fb8c6-aafe-447a-a436-e3ecc31bfc80: checkpointed 84884 records.
2026-10-07T05:58:39Z INFO [51/500] 4e90f68e-9168-4704-9a41-183459536ce2: 42577 chunks; 153.2 s; peak memory 853 MiB.
2026-10-07T05:58:40Z INFO [52/500] 4e916747-0bb5-4b2d-aaf8-b03a75ab3980: 51 chunks; 1.0 s; peak memory 853 MiB.
2026-10-07T05:58:42Z INFO [53/500] 4e91b205-5227-4e09-b457-8c2efbe946c8: 117 chunks; 1.5 s; peak memory 853 MiB.
2026-10-07T05:58:43Z INFO [54/500] 4e91ba51-7b59-4d2d-8ad9-d482e77979dd: 48 chunks; 1.2 s; peak memory 853 MiB.
2026-10-07T05:58:49Z INFO [55/500] 4e923c47-6731-4c43-9b1b-7d11d5dbd0fa: 208 chunks; 6.4 s; peak memory 853 MiB.
2026-10-07T05:58:51Z INFO [56/500] 4e927278-0e9f-4613-ba53-4c2f837217ce: 112 chunks; 2.0 s; peak memory 853 MiB.
2026-10-07T05:58:56Z INFO [57/500] 4e93b3f9-185b-44a5-902d-0b4b017741b8: 184 chunks; 4.9 s; peak memory 853 MiB.
2026-10-07T05:58:58Z INFO [58/500] 4e941ef2-416b-4a14-97d6-f8c3273dba65: 118 chunks; 1.6 s; peak memory 853 MiB.
2026-10-07T05:59:00Z INFO [59/500] 4e9455da-a235-4a6b-8a5f-372966be0018: 71 chunks; 2.1 s; peak memory 853 MiB.
2026-10-07T05:59:03Z INFO [60/500] 4e94742a-1b23-43f3-998f-455a039277c7: 997 chunks; 2.8 s; peak memory 853 MiB.
2026-10-07T05:59:04Z INFO [61/500] 4e9498a2-cd0f-4409-9b2a-b1ee28632fb5: 117 chunks; 1.4 s; peak memory 853 MiB.
2026-10-07T05:59:06Z INFO [62/500] 4e94f47e-f6ea-4e9a-a8af-141d1f0ec67d: 117 chunks; 1.6 s; peak memory 853 MiB.
2026-10-07T05:59:10Z INFO [63/500] 4e951970-82e4-4445-9ca2-1652d3c9201b: 156 chunks; 4.0 s; peak memory 853 MiB.
2026-10-07T05:59:11Z INFO [64/500] 4e958eb8-b86e-461e-88ed-c012db066b3c: 62 chunks; 1.7 s; peak memory 853 MiB.
2026-10-07T05:59:13Z INFO [65/500] 4e964d1b-985a-4f07-86c4-14fb58709502: 52 chunks; 1.5 s; peak memory 853 MiB.
2026-10-07T05:59:15Z INFO [66/500] 4e97613a-3230-481c-bdeb-f03e0675e4f3: 117 chunks; 1.7 s; peak memory 853 MiB.
2026-10-07T05:59:16Z INFO [67/500] 4e97d70a-30b5-4cd8-a38a-3cc0a9dfdd7a: 117 chunks; 1.6 s; peak memory 853 MiB.
2026-10-07T05:59:17Z INFO [68/500] 4e97eeae-7c77-4d37-9ef2-e52ec3372d28: 48 chunks; 1.3 s; peak memory 853 MiB.
2026-10-07T05:59:19Z INFO [69/500] 4e980c29-0d52-4db7-9e82-50ab6891a4ef: 52 chunks; 1.5 s; peak memory 853 MiB.
2026-10-07T05:59:28Z INFO [70/500] 4e9829a3-ef0a-4f10-8f07-940bc361ce69: 18713 chunks; 9.3 s; peak memory 853 MiB.
2026-10-07T05:59:29Z INFO [71/500] 4e985a21-1a01-4bac-897c-c1c6bc4cfdfc: 57 chunks; 1.0 s; peak memory 853 MiB.
2026-10-07T05:59:31Z INFO [72/500] 4e996238-9573-413a-8556-0297fbc68c9f: 114 chunks; 1.2 s; peak memory 853 MiB.
2026-10-07T05:59:32Z INFO [73/500] 4e99e229-1ea4-4e14-b6bd-ae3ec466d350: 48 chunks; 1.3 s; peak memory 853 MiB.
2026-10-07T05:59:33Z INFO [74/500] 4e9a484a-0593-4f25-bb24-57cc0cacfc0f: 48 chunks; 1.2 s; peak memory 853 MiB.
2026-10-07T05:59:37Z INFO [75/500] 4e9ae544-34bc-4224-9c79-5c4122c1c4e2: 156 chunks; 3.6 s; peak memory 853 MiB.
2026-10-07T05:59:38Z INFO [76/500] 4e9b2689-2a00-4ba0-90a2-ee69e3793563: 117 chunks; 1.6 s; peak memory 853 MiB.
2026-10-07T05:59:40Z INFO [77/500] 4e9b9d70-0a72-4460-9968-6f61d4edd429: 116 chunks; 1.5 s; peak memory 853 MiB.
2026-10-07T05:59:43Z INFO [78/500] 4e9cb87a-08ed-4cd6-b9dc-5a659e2e9248: 997 chunks; 2.8 s; peak memory 853 MiB.
2026-10-07T05:59:44Z INFO [79/500] 4e9ce68a-d1fe-4d71-8606-244ee921ecb9: 48 chunks; 1.2 s; peak memory 853 MiB.
2026-10-07T05:59:45Z INFO [80/500] 4e9d52ce-bc12-4cc4-a647-5c619dc0a0ae: 35 chunks; 1.0 s; peak memory 853 MiB.
2026-10-07T05:59:47Z INFO [81/500] 4e9d8916-fce6-4a95-99da-2ca9c143aea0: 117 chunks; 2.1 s; peak memory 853 MiB.
2026-10-07T05:59:49Z INFO [82/500] 4e9e13d3-e4c7-48a1-a95d-f82d57aef8cd: 155 chunks; 2.4 s; peak memory 853 MiB.
2026-10-07T06:02:16Z INFO [83/500] 4e9e93b8-deb4-43c8-aa99-edb56f4ee3c2: 38296 chunks; 147.1 s; peak memory 853 MiB.
2026-10-07T06:02:18Z INFO [84/500] 4e9ebb65-acd8-422d-8e39-72e7071686e2: 71 chunks; 2.1 s; peak memory 853 MiB.
2026-10-07T06:02:20Z INFO [85/500] 4e9fce49-4e14-4450-a654-8d1f753de46d: 66 chunks; 1.8 s; peak memory 853 MiB.
2026-10-07T06:02:22Z INFO [86/500] 4ea039ab-7026-4cb6-b581-634f6231ad96: 117 chunks; 1.4 s; peak memory 853 MiB.
2026-10-07T06:02:23Z INFO [87/500] 4ea05520-f207-4f59-a17c-1e523015f94d: 41 chunks; 1.3 s; peak memory 853 MiB.
2026-10-07T06:02:25Z INFO [88/500] 4ea05ae8-088f-447d-849f-6735bdaae786: 71 chunks; 2.3 s; peak memory 853 MiB.
2026-10-07T06:02:29Z INFO [89/500] 4ea07a34-4ba6-428f-97df-0769139d026e: 115 chunks; 3.3 s; peak memory 853 MiB.
2026-10-07T06:02:30Z INFO [90/500] 4ea0ca56-a682-463b-9934-3949280bc81d: 48 chunks; 1.3 s; peak memory 853 MiB.
2026-10-07T06:02:32Z INFO [91/500] 4ea1938a-ac99-4ed8-a4ee-78a7f6e5d484: 137 chunks; 2.3 s; peak memory 853 MiB.
2026-10-07T06:06:57Z INFO [92/500] 4ea224c7-81a0-4b09-8edb-6fb388bbd619: 114741 chunks; 264.7 s; peak memory 853 MiB.
2026-10-07T06:07:00Z INFO [93/500] 4ea2a909-d1c1-46b0-91da-edd8f0454bff: 152 chunks; 2.7 s; peak memory 853 MiB.
2026-10-07T06:07:01Z INFO [94/500] 4ea2bee0-59b9-43e3-b0d0-c8065089aa5a: 110 chunks; 1.5 s; peak memory 853 MiB.
2026-10-07T06:07:03Z INFO [95/500] 4ea2d8f9-e43b-404e-a8bc-86ada65745fb: 110 chunks; 1.9 s; peak memory 853 MiB.
2026-10-07T06:07:04Z INFO [96/500] 4ea380ba-1158-40ff-879a-357c3640edcb: 52 chunks; 1.3 s; peak memory 853 MiB.
2026-10-07T06:07:05Z INFO [97/500] 4ea39c79-37d3-4334-b194-f702c5cd3cab: 48 chunks; 1.2 s; peak memory 853 MiB.
2026-10-07T06:07:06Z INFO [98/500] 4ea3a7be-796a-47e1-998f-f2fc046d31df: 35 chunks; 1.0 s; peak memory 853 MiB.
2026-10-07T06:07:08Z INFO [99/500] 4ea462f3-2fbd-4ff2-8330-e6785be2a2cd: 118 chunks; 1.6 s; peak memory 853 MiB.
2026-10-07T06:07:17Z INFO [100/500] 4ea4fc81-96eb-4db8-87b1-d283ecaecfed: 4133 chunks; 9.2 s; peak memory 853 MiB.
2026-10-07T06:07:18Z INFO [100/500] 4ea4fc81-96eb-4db8-87b1-d283ecaecfed: checkpointed 84934 records.
2026-10-07T06:07:19Z INFO [101/500] 4ea50fc6-c299-44fb-8649-a0cd7a211d3f: 230 chunks; 1.6 s; peak memory 853 MiB.
2026-10-07T06:07:20Z INFO [102/500] 4ea55790-21ed-4c9d-a12c-c5c9d61441c3: 46 chunks; 1.0 s; peak memory 853 MiB.
2026-10-07T06:07:23Z INFO [103/500] 4ea5ed68-c8a9-4840-8300-ede0b8e3b014: 119 chunks; 2.6 s; peak memory 853 MiB.
2026-10-07T06:07:24Z INFO [104/500] 4ea5fca3-a1d9-47b2-a457-a351f8518c18: 117 chunks; 1.6 s; peak memory 853 MiB.
2026-10-07T06:07:26Z INFO [105/500] 4ea6697c-97be-44ca-9c5c-fa99aaed38af: 112 chunks; 1.5 s; peak memory 853 MiB.
2026-10-07T06:07:28Z INFO [106/500] 4ea6b881-6d29-4937-9cde-d47c3e8d3909: 47 chunks; 1.9 s; peak memory 853 MiB.
2026-10-07T06:07:29Z INFO [107/500] 4ea702f4-f291-4e15-9f37-d1e9e8ce97f3: 48 chunks; 1.4 s; peak memory 853 MiB.
2026-10-07T06:07:30Z INFO [108/500] 4ea71caf-18d0-4dd7-b324-7f0af8c62e8b: 46 chunks; 1.0 s; peak memory 853 MiB.
2026-10-07T06:07:31Z INFO [109/500] 4ea754f5-b0de-46d2-9013-b9cd956473fc: 69 chunks; 1.2 s; peak memory 853 MiB.
2026-10-07T06:07:33Z INFO [110/500] 4ea7afaf-ff80-431d-af07-3343229d4641: 66 chunks; 1.7 s; peak memory 853 MiB.
2026-10-07T06:07:34Z INFO [111/500] 4ea7dae3-dea1-4a9a-a4e3-e8a876720bc8: 48 chunks; 1.3 s; peak memory 853 MiB.
2026-10-07T06:07:36Z INFO [112/500] 4ea88a51-afe5-453e-8641-eb58c514ed98: 52 chunks; 1.3 s; peak memory 853 MiB.
2026-10-07T06:07:37Z INFO [113/500] 4ea88dcf-abdf-45c8-b780-195fd1bd9078: 112 chunks; 1.7 s; peak memory 853 MiB.
2026-10-07T06:07:39Z INFO [114/500] 4ea8a0b9-223f-499c-bb81-30ed38e63bb1: 118 chunks; 1.4 s; peak memory 853 MiB.
2026-10-07T06:07:44Z INFO [115/500] 4ea8f381-07ea-4786-913d-1a4d0efa9899: 3003 chunks; 5.5 s; peak memory 853 MiB.
2026-10-07T06:07:46Z INFO [116/500] 4ea95f0a-ef65-466a-8aa7-793bdf70662d: 117 chunks; 1.5 s; peak memory 853 MiB.
2026-10-07T06:07:47Z INFO [117/500] 4ea970eb-1c6b-4cce-8619-f6c5bb087db3: 46 chunks; 1.4 s; peak memory 853 MiB.
2026-10-07T06:07:48Z INFO [118/500] 4ea980da-72ee-449b-afec-d5aca14093e1: 48 chunks; 1.3 s; peak memory 853 MiB.
2026-10-07T06:07:50Z INFO [119/500] 4ea9d9a0-bb22-4fbd-864e-8d40f104a334: 124 chunks; 2.1 s; peak memory 853 MiB.
2026-10-07T06:08:00Z INFO [120/500] 4eac051d-568f-4504-9d64-85f648a4a120: 9200 chunks; 10.0 s; peak memory 853 MiB.
2026-10-07T06:08:02Z INFO [121/500] 4eace9f1-823b-43aa-bdbe-2dbaa97cd34f: 112 chunks; 1.6 s; peak memory 853 MiB.
2026-10-07T06:08:03Z INFO [122/500] 4ead9dc1-e63a-48ac-8471-65adbeb4e542: 21 chunks; 1.1 s; peak memory 853 MiB.
2026-10-07T06:08:05Z INFO [123/500] 4eae5ef5-3991-4949-95c8-5744573253f9: 63 chunks; 2.3 s; peak memory 853 MiB.
2026-10-07T06:08:07Z INFO [124/500] 4eae74e8-7723-4843-8a61-49d6d9c47835: 48 chunks; 1.4 s; peak memory 853 MiB.
2026-10-07T06:08:16Z INFO [125/500] 4eae7fe0-b84d-4c63-a915-66ba19be4499: 5178 chunks; 9.5 s; peak memory 853 MiB.
2026-10-07T06:08:18Z INFO [126/500] 4eaee765-6ec1-441f-8fc8-a1ded5594abc: 48 chunks; 1.4 s; peak memory 853 MiB.
2026-10-07T06:08:20Z INFO [127/500] 4eaefb88-5217-493b-ab76-556b26a2b3ce: 66 chunks; 1.9 s; peak memory 853 MiB.
2026-10-07T06:08:21Z INFO [128/500] 4eaf6dba-f6ef-4bf3-97c1-fa53c2320f67: 112 chunks; 1.5 s; peak memory 853 MiB.
2026-10-07T06:08:23Z INFO [129/500] 4eb00f25-73c3-4823-b494-d54881cf503e: 50 chunks; 1.8 s; peak memory 853 MiB.
2026-10-07T06:08:24Z INFO [130/500] 4eb030c8-857b-4b34-8f21-aa319fb7a66e: 48 chunks; 1.4 s; peak memory 853 MiB.
2026-10-07T06:08:27Z INFO [131/500] 4eb0b690-b450-4c74-bd9a-869a1e236a67: 123 chunks; 2.9 s; peak memory 853 MiB.
2026-10-07T06:08:30Z INFO [132/500] 4eb0ced3-a989-48d1-ad0d-b1a8c2e589a3: 168 chunks; 2.9 s; peak memory 853 MiB.
2026-10-07T06:08:32Z INFO [133/500] 4eb1454f-36b3-488f-9577-70fe9cd309de: 64 chunks; 1.8 s; peak memory 853 MiB.
2026-10-07T06:08:35Z INFO [134/500] 4eb28e08-26bb-4236-aac8-109287842cb4: 115 chunks; 3.2 s; peak memory 853 MiB.
2026-10-07T06:08:36Z INFO [135/500] 4eb33ec6-f7a1-4f46-bf6f-76624a42029a: 46 chunks; 1.3 s; peak memory 853 MiB.
2026-10-07T06:08:38Z INFO [136/500] 4eb3b34b-6c90-417e-846d-d13d0d6f2df0: 116 chunks; 1.5 s; peak memory 853 MiB.
2026-10-07T06:08:39Z INFO [137/500] 4eb3d447-a387-42f8-8067-4af70ab9de5b: 21 chunks; 1.1 s; peak memory 853 MiB.
2026-10-07T06:08:40Z INFO [138/500] 4eb499cc-ab16-44ab-a8af-d334fc63761d: 64 chunks; 1.4 s; peak memory 853 MiB.
2026-10-07T06:08:42Z INFO [139/500] 4eb4c461-5d0e-43bf-9bfb-1b737611a086: 116 chunks; 1.7 s; peak memory 853 MiB.
2026-10-07T06:08:45Z INFO [140/500] 4eb55e54-d220-40e9-a7aa-1d812524bdac: 149 chunks; 2.5 s; peak memory 853 MiB.
2026-10-07T06:08:48Z INFO [141/500] 4eb59cce-235a-4c20-bc7c-f985f700fc7a: 997 chunks; 3.1 s; peak memory 853 MiB.
2026-10-07T06:08:49Z INFO [142/500] 4eb5bdf3-b708-4e75-b0a8-b6ade8ec3aba: 48 chunks; 1.4 s; peak memory 853 MiB.
2026-10-07T06:09:15Z INFO [143/500] 4eb6d403-e33d-4f74-987d-569910e8dab1: 37496 chunks; 25.7 s; peak memory 853 MiB.
2026-10-07T06:09:16Z INFO [144/500] 4eb7486f-bc46-4e5d-bc38-2db81c8841a5: 109 chunks; 1.6 s; peak memory 853 MiB.
2026-10-07T06:09:18Z INFO [145/500] 4eb78df9-a90c-43ab-89da-67b3081e9a21: 112 chunks; 1.7 s; peak memory 853 MiB.
2026-10-07T06:09:19Z INFO [146/500] 4eb81bf6-6ce6-43c3-9521-60a588804dcf: 35 chunks; 1.1 s; peak memory 853 MiB.
2026-10-07T06:09:21Z INFO [147/500] 4eb822bd-8f83-4443-94bb-07149b971fda: 48 chunks; 1.3 s; peak memory 853 MiB.
2026-10-07T06:09:22Z INFO [148/500] 4eb8929c-27d0-42ad-8e9d-01de15fc829b: 45 chunks; 1.1 s; peak memory 853 MiB.
2026-10-07T06:09:23Z INFO [149/500] 4eb8c696-3eac-4765-aa43-1772e1e50837: 35 chunks; 1.1 s; peak memory 853 MiB.
2026-10-07T06:09:26Z INFO [150/500] 4eb94d22-8a21-4fdd-bcda-f99ba471b1e9: 156 chunks; 3.8 s; peak memory 853 MiB.
2026-10-07T06:09:27Z INFO [150/500] 4eb94d22-8a21-4fdd-bcda-f99ba471b1e9: checkpointed 84984 records.
2026-10-07T06:14:03Z INFO [151/500] 4eba64ff-ff02-4247-9d1c-17926a6e8065: 76196 chunks; 276.7 s; peak memory 853 MiB.
2026-10-07T06:14:12Z INFO [152/500] 4ebb0961-f8bc-417f-b2e1-13265be70fe5: 1277 chunks; 8.7 s; peak memory 853 MiB.
2026-10-07T06:14:14Z INFO [153/500] 4ebb7e95-be71-4e0d-8ce7-5832b5f826c8: 48 chunks; 1.4 s; peak memory 853 MiB.
2026-10-07T06:14:15Z INFO [154/500] 4ebbda1f-b459-485a-ba48-8f2f195f25cd: 72 chunks; 1.7 s; peak memory 853 MiB.
2026-10-07T06:14:17Z INFO [155/500] 4ebc9339-b287-4067-85e6-7772f03c72a3: 110 chunks; 2.0 s; peak memory 853 MiB.
2026-10-07T06:14:19Z INFO [156/500] 4ebd29ed-c63f-4817-bef7-88968f3374a7: 45 chunks; 1.7 s; peak memory 853 MiB.
2026-10-07T06:14:21Z INFO [157/500] 4ebe1780-b84c-4f0a-8fed-12e0ab4134e3: 118 chunks; 1.6 s; peak memory 853 MiB.
2026-10-07T06:14:22Z INFO [158/500] 4ebe3ab4-f0bb-4d5a-bba6-c06b975bbfa8: 74 chunks; 1.6 s; peak memory 853 MiB.
2026-10-07T06:14:24Z INFO [159/500] 4ebe4402-94c3-4468-bc5a-14544fab0cb1: 49 chunks; 1.6 s; peak memory 853 MiB.
2026-10-07T06:14:28Z INFO [160/500] 4ebed003-191c-43d6-ae37-0f099517ab19: 156 chunks; 3.8 s; peak memory 853 MiB.
2026-10-07T06:14:29Z INFO [161/500] 4ebfd25e-1c69-48ca-97d2-cad86d09ea29: 37 chunks; 1.1 s; peak memory 853 MiB.
2026-10-07T06:14:30Z INFO [162/500] 4ec01717-0952-48c6-83dc-099c7c1b891a: 35 chunks; 1.1 s; peak memory 853 MiB.
2026-10-07T06:21:41Z INFO [163/500] 4ec09778-4617-45f1-b012-8059518f069a: 66727 chunks; 431.1 s; peak memory 853 MiB.
2026-10-07T06:21:42Z INFO [164/500] 4ec0d5ae-3c7b-4153-b7a6-48e98b12df5d: 48 chunks; 1.4 s; peak memory 853 MiB.
2026-10-07T06:21:43Z INFO [165/500] 4ec184b8-ccc9-4ba7-bc38-b305f60c4b72: 48 chunks; 1.3 s; peak memory 853 MiB.
2026-10-07T06:21:45Z INFO [166/500] 4ec20755-35d4-4d60-a398-80936e641c46: 48 chunks; 1.4 s; peak memory 853 MiB.
2026-10-07T06:21:46Z INFO [167/500] 4ec262b4-99a6-4ce6-bf70-90241820b8d8: 46 chunks; 1.4 s; peak memory 853 MiB.
2026-10-07T06:21:48Z INFO [168/500] 4ec378f6-f946-4e90-8ba6-9eb6ae6ab15c: 61 chunks; 1.6 s; peak memory 853 MiB.
2026-10-07T06:21:52Z INFO [169/500] 4ec3d4a3-69b7-4dd1-a447-120d8c2ac932: 603 chunks; 3.8 s; peak memory 853 MiB.
2026-10-07T06:22:01Z INFO [170/500] 4ec3e388-807c-4d4c-bd26-1c31ad41da3d: 14434 chunks; 9.2 s; peak memory 853 MiB.
2026-10-07T06:22:03Z INFO [171/500] 4ec42d89-53b6-4168-bbb2-3ab69886be8e: 66 chunks; 2.1 s; peak memory 853 MiB.
2026-10-07T06:22:04Z INFO [172/500] 4ec4f565-c050-496c-868b-edc4bc1eb85f: 48 chunks; 1.4 s; peak memory 853 MiB.
2026-10-07T06:22:06Z INFO [173/500] 4ec4facd-483c-46b5-b509-3dfc51f7625a: 50 chunks; 1.2 s; peak memory 853 MiB.
2026-10-07T06:22:09Z INFO [174/500] 4ec5b08e-b6b4-428d-9df5-f87f4bc69a68: 125 chunks; 3.1 s; peak memory 853 MiB.
2026-10-07T06:22:11Z INFO [175/500] 4ec60293-7d17-4f1b-8dbb-e19d820807e6: 62 chunks; 2.1 s; peak memory 853 MiB.
2026-10-07T06:22:12Z INFO [176/500] 4ec613c6-c9f1-4707-8896-a5cd96711868: 48 chunks; 1.4 s; peak memory 853 MiB.
2026-10-07T06:22:13Z INFO [177/500] 4ec619e7-e1c1-4a87-a9d0-cc3bd6335066: 52 chunks; 1.1 s; peak memory 853 MiB.
2026-10-07T06:22:15Z INFO [178/500] 4ec62884-f556-441d-beaa-e4bab57f3fe0: 51 chunks; 1.7 s; peak memory 853 MiB.
2026-10-07T06:22:16Z INFO [179/500] 4ec68ae9-8c58-4eba-9959-3e264b97d7eb: 63 chunks; 1.2 s; peak memory 853 MiB.
2026-10-07T06:22:20Z INFO [180/500] 4ec86d5d-638f-4195-9f36-f37c3190b9b2: 156 chunks; 3.6 s; peak memory 853 MiB.
2026-10-07T06:22:22Z INFO [181/500] 4ec9eb69-ba71-4350-8609-018db03a01d4: 119 chunks; 2.6 s; peak memory 853 MiB.
2026-10-07T06:22:24Z INFO [182/500] 4eca11bb-b6f8-4480-b466-7493b79d312d: 112 chunks; 1.9 s; peak memory 853 MiB.
2026-10-07T06:22:27Z INFO [183/500] 4ecad5ed-593a-4a2b-8e0e-5129b26724c9: 71 chunks; 2.6 s; peak memory 853 MiB.
2026-10-07T06:22:36Z INFO [184/500] 4ecae97c-f310-4534-8658-8e1933e48c86: 1770 chunks; 9.0 s; peak memory 853 MiB.
2026-10-07T06:22:37Z INFO [185/500] 4ecaf063-6c76-4e95-8f00-960a0073052e: 48 chunks; 1.3 s; peak memory 853 MiB.
2026-10-07T06:22:38Z INFO [186/500] 4ecb7510-287e-4a32-9159-9e43c8197c00: 48 chunks; 1.3 s; peak memory 853 MiB.
2026-10-07T06:22:46Z INFO [187/500] 4ecc3ddc-c72b-4abf-a005-d2eb3f5bb14f: 319 chunks; 7.7 s; peak memory 853 MiB.
2026-10-07T06:22:47Z INFO [188/500] 4ecc5f15-4b27-4a85-8976-d40a8910bf38: 46 chunks; 1.0 s; peak memory 853 MiB.
2026-10-07T06:22:48Z INFO [189/500] 4eccc9d0-d903-4bb6-ad9a-e4e7b51ce9c3: 50 chunks; 1.2 s; peak memory 853 MiB.
2026-10-07T06:24:28Z INFO [190/500] 4ecdc4ef-0ee6-4ba5-b104-99f80f3595b3: 50300 chunks; 99.6 s; peak memory 853 MiB.
2026-10-07T06:24:29Z INFO [191/500] 4eced0ff-7037-47f7-bf11-d926995c61e6: 46 chunks; 1.4 s; peak memory 853 MiB.
2026-10-07T06:24:31Z INFO [192/500] 4ecef311-6cff-40e5-ae7f-ef7afa06d94b: 50 chunks; 1.3 s; peak memory 853 MiB.
2026-10-07T06:24:32Z INFO [193/500] 4ecf0de6-6d76-4a53-9414-be3f65bc7d9d: 112 chunks; 1.9 s; peak memory 853 MiB.
2026-10-07T06:24:34Z INFO [194/500] 4ecf5332-9ba5-44e9-aebb-55e7c15fe393: 37 chunks; 1.0 s; peak memory 853 MiB.
2026-10-07T06:24:55Z INFO [195/500] 4ecfb0b8-e325-4c68-9af1-5678b6b01dd6: 31928 chunks; 21.9 s; peak memory 853 MiB.
2026-10-07T06:24:57Z INFO [196/500] 4ecfe2a4-39c2-4e8e-b4b3-97bfabb30bf8: 48 chunks; 1.3 s; peak memory 853 MiB.
2026-10-07T06:24:58Z INFO [197/500] 4ecfe631-86e0-400c-9698-8b966d5bbbbb: 110 chunks; 1.5 s; peak memory 853 MiB.
2026-10-07T06:25:05Z INFO [198/500] 4ed01e94-9a13-47b7-84b3-72c03ea6a26c: 4042 chunks; 6.5 s; peak memory 853 MiB.
2026-10-07T06:25:06Z INFO [199/500] 4ed072cd-76fc-4cfa-8630-5505bacd2b21: 48 chunks; 1.3 s; peak memory 853 MiB.
2026-10-07T06:25:07Z INFO [200/500] 4ed15f90-1b97-44fc-bcab-3361ba377258: 116 chunks; 1.5 s; peak memory 853 MiB.
2026-10-07T06:25:08Z INFO [200/500] 4ed15f90-1b97-44fc-bcab-3361ba377258: checkpointed 85034 records.
2026-10-07T06:25:09Z INFO [201/500] 4ed2177d-fc1e-41db-8288-6393ca7280d5: 118 chunks; 1.7 s; peak memory 853 MiB.
2026-10-07T06:25:26Z INFO [202/500] 4ed25e9b-f418-43d9-8362-eef58bb6598b: 8229 chunks; 16.6 s; peak memory 853 MiB.
2026-10-07T06:25:29Z INFO [203/500] 4ed2c260-8f20-4a4e-b7cd-1d7962ed248b: 118 chunks; 3.2 s; peak memory 853 MiB.
2026-10-07T06:26:38Z INFO [204/500] 4ed2c639-aeb0-4f48-a497-e282cd243c1f: 17299 chunks; 69.1 s; peak memory 853 MiB.
2026-10-07T06:26:48Z INFO [205/500] 4ed3d71c-9e3d-42e8-ac22-4e6387843f9e: 10134 chunks; 9.2 s; peak memory 853 MiB.
2026-10-07T06:26:50Z INFO [206/500] 4ed3f204-d0c2-4af9-861d-20003541962a: 106 chunks; 2.1 s; peak memory 853 MiB.
2026-10-07T06:26:53Z INFO [207/500] 4ed51721-6804-4736-99e3-e0544a34a331: 114 chunks; 3.4 s; peak memory 853 MiB.
2026-10-07T06:26:55Z INFO [208/500] 4ed53bbc-1841-4148-9984-8e2e6683cd61: 117 chunks; 1.6 s; peak memory 853 MiB.
2026-10-07T06:27:07Z INFO [209/500] 4ed5fd7d-cb6a-471b-867b-da1ca875f385: 396 chunks; 12.0 s; peak memory 853 MiB.
2026-10-07T06:27:08Z INFO [210/500] 4ed70823-bc0b-468e-862d-b25bf88f3bb0: 42 chunks; 1.1 s; peak memory 853 MiB.
2026-10-07T06:27:10Z INFO [211/500] 4ed77b72-74dd-4db1-9576-4b8c48fd3de9: 110 chunks; 1.9 s; peak memory 853 MiB.
2026-10-07T06:27:11Z INFO [212/500] 4ed8a5a3-69ba-4096-95f4-3ee946f4af0c: 48 chunks; 1.4 s; peak memory 853 MiB.
2026-10-07T06:27:12Z INFO [213/500] 4ed92c40-2c8b-403d-8a10-d0259eeb16ab: 48 chunks; 1.3 s; peak memory 853 MiB.
2026-10-07T06:27:21Z INFO [214/500] 4ed9a096-caa8-4b8d-9be2-10447b840870: 2923 chunks; 8.1 s; peak memory 853 MiB.
2026-10-07T06:27:22Z INFO [215/500] 4ed9dcac-76de-46d6-a6a4-faa1fa147237: 52 chunks; 1.5 s; peak memory 853 MiB.
2026-10-07T06:27:24Z INFO [216/500] 4edba0db-80ef-41ac-9086-aaa78bb67479: 84 chunks; 1.8 s; peak memory 853 MiB.
2026-10-07T06:27:25Z INFO [217/500] 4edbaa70-9e7b-4c7b-bea5-dd2c9d3423de: 52 chunks; 1.5 s; peak memory 853 MiB.
2026-10-07T06:27:39Z INFO [218/500] 4edbd041-3f71-4e9d-b9d7-a41461c6294e: 18835 chunks; 13.7 s; peak memory 853 MiB.
2026-10-07T06:27:42Z INFO [219/500] 4edbdc94-13b9-4b74-b4d4-2d43abda66e9: 168 chunks; 3.0 s; peak memory 853 MiB.
2026-10-07T06:27:43Z INFO [220/500] 4edd7a89-994b-476e-a0dd-9b4e751c2a25: 46 chunks; 1.1 s; peak memory 853 MiB.
2026-10-07T06:27:58Z INFO [221/500] 4edec7f0-e095-4e5b-843b-61664b2dd533: 11153 chunks; 14.6 s; peak memory 853 MiB.
2026-10-07T06:27:59Z INFO [222/500] 4edeea5e-225f-4fd0-9da1-6f9f039d2e0c: 48 chunks; 1.3 s; peak memory 853 MiB.
2026-10-07T06:28:01Z INFO [223/500] 4ee0812c-2b6d-467a-87a6-df5dd751c7f7: 71 chunks; 2.0 s; peak memory 853 MiB.
2026-10-07T06:28:02Z INFO [224/500] 4ee11bcd-9577-46de-bc1f-41b15cac26de: 46 chunks; 1.3 s; peak memory 853 MiB.
2026-10-07T06:28:03Z INFO [225/500] 4ee1731d-2158-49d4-9b75-9e8f40c843c0: 48 chunks; 1.3 s; peak memory 853 MiB.
2026-10-07T06:28:05Z INFO [226/500] 4ee2828c-747d-4ef9-8407-a98a77b2ad56: 69 chunks; 1.1 s; peak memory 853 MiB.
2026-10-07T06:28:06Z INFO [227/500] 4ee2daa3-e44e-449e-9960-4f4b363a83a0: 112 chunks; 1.7 s; peak memory 853 MiB.
2026-10-07T06:28:07Z INFO [228/500] 4ee2f091-b9a9-41a5-94b7-95547df8af45: 63 chunks; 1.2 s; peak memory 853 MiB.
2026-10-07T06:28:10Z INFO [229/500] 4ee311ef-96f7-4e13-a9ea-d372a775f903: 71 chunks; 2.0 s; peak memory 853 MiB.
2026-10-07T06:28:11Z INFO [230/500] 4ee354ba-65af-4c15-9116-8fbb1cf84b16: 117 chunks; 1.7 s; peak memory 853 MiB.
2026-10-07T06:28:12Z INFO [231/500] 4ee3b63a-87f3-4280-abc5-2b6275516f00: 46 chunks; 1.0 s; peak memory 853 MiB.
2026-10-07T06:28:20Z INFO [232/500] 4ee3de0b-4f7a-466f-98f5-f4160921579e: 1253 chunks; 7.4 s; peak memory 853 MiB.
2026-10-07T06:28:23Z INFO [233/500] 4ee4e6a6-edfb-40bd-922c-46e15bcf67db: 165 chunks; 3.2 s; peak memory 853 MiB.
2026-10-07T06:28:29Z INFO [234/500] 4ee5c719-1bf2-4319-a906-e24c85251d24: 2175 chunks; 6.5 s; peak memory 853 MiB.
2026-10-07T06:28:31Z INFO [235/500] 4ee5e5a0-dc29-4464-aab8-a9ab083246dd: 48 chunks; 1.5 s; peak memory 853 MiB.
2026-10-07T06:28:32Z INFO [236/500] 4ee641b8-f669-4aeb-a2a8-bfb14074f996: 48 chunks; 1.4 s; peak memory 853 MiB.
2026-10-07T06:28:35Z INFO [237/500] 4ee6b330-ed5b-485f-aa25-1ae25e4003f5: 1061 chunks; 3.2 s; peak memory 853 MiB.
2026-10-07T06:28:39Z INFO [238/500] 4ee71cb7-b865-4ae7-b65d-f7bde343c38e: 123 chunks; 3.4 s; peak memory 853 MiB.
2026-10-07T06:28:41Z INFO [239/500] 4ee7b465-64f7-43cd-94de-189ac7f0dad2: 103 chunks; 2.2 s; peak memory 853 MiB.
2026-10-07T06:28:44Z INFO [240/500] 4ee7bd0a-be12-47a4-941b-5b9cabd035b3: 116 chunks; 3.3 s; peak memory 853 MiB.
2026-10-07T06:28:46Z INFO [241/500] 4ee92ee5-0329-4f40-9ce4-1b146bcae074: 118 chunks; 1.6 s; peak memory 853 MiB.
2026-10-07T06:28:48Z INFO [242/500] 4ee96b6d-7c5b-463a-8f2f-e65e87c6036e: 112 chunks; 2.1 s; peak memory 853 MiB.
2026-10-07T06:28:52Z INFO [243/500] 4ee98cb1-189f-4993-ba56-fcedfa76041d: 156 chunks; 3.9 s; peak memory 853 MiB.
2026-10-07T06:29:09Z INFO [244/500] 4ee99fe1-ff0c-47dd-9e31-5ae14b3c8b01: 29953 chunks; 17.5 s; peak memory 853 MiB.
2026-10-07T06:29:11Z INFO [245/500] 4eea6db7-b105-418f-b706-9baac4c8b671: 48 chunks; 1.3 s; peak memory 853 MiB.
2026-10-07T06:29:12Z INFO [246/500] 4eea90f9-1045-4ea0-a925-c953dd098d3b: 116 chunks; 1.5 s; peak memory 853 MiB.
2026-10-07T06:29:15Z INFO [247/500] 4eeac1ba-659b-4733-aef3-e93c383c9a4f: 71 chunks; 2.3 s; peak memory 853 MiB.
2026-10-07T06:29:25Z INFO [248/500] 4eead715-6e13-4fa7-bf20-64d130321bcb: 11550 chunks; 10.2 s; peak memory 853 MiB.
2026-10-07T06:29:26Z INFO [249/500] 4eeaf684-ca2a-484a-8b45-7c5d92c2ea9e: 52 chunks; 1.5 s; peak memory 853 MiB.
2026-10-07T06:29:27Z INFO [250/500] 4eeb0ab6-6578-4062-b635-613893fcd2b1: 33 chunks; 1.1 s; peak memory 853 MiB.
2026-10-07T06:29:28Z INFO [250/500] 4eeb0ab6-6578-4062-b635-613893fcd2b1: checkpointed 85084 records.
2026-10-07T06:29:29Z INFO [251/500] 4eebfd57-2671-4d98-ac5f-9935de93a192: 69 chunks; 1.4 s; peak memory 853 MiB.
2026-10-07T06:29:31Z INFO [252/500] 4eec9e16-8944-41e3-8f2c-71b67027de82: 110 chunks; 2.0 s; peak memory 853 MiB.
2026-10-07T06:29:32Z INFO [253/500] 4eec9e8b-291a-4b26-9c37-412804cace73: 48 chunks; 1.3 s; peak memory 853 MiB.
2026-10-07T06:29:34Z INFO [254/500] 4eecd257-4624-4478-97aa-bd295546a674: 48 chunks; 1.4 s; peak memory 853 MiB.
2026-10-07T06:29:35Z INFO [255/500] 4eecd706-b000-4af9-be72-abaa87aa3d82: 48 chunks; 1.5 s; peak memory 853 MiB.
2026-10-07T06:30:39Z INFO [256/500] 4eed8bfc-1edb-40be-8d5b-66857129f26f: 7396 chunks; 64.1 s; peak memory 853 MiB.
2026-10-07T06:30:49Z INFO [257/500] 4eee2521-7dc0-47a1-aa9f-51ee2afb906d: 4136 chunks; 10.1 s; peak memory 853 MiB.
2026-10-07T06:30:56Z INFO [258/500] 4ef07502-b0ca-4b2d-83a8-6603dff31bf3: 231 chunks; 6.4 s; peak memory 853 MiB.
2026-10-07T06:30:57Z INFO [259/500] 4ef0c5ff-97d1-452e-bbd1-61762823e761: 116 chunks; 1.6 s; peak memory 853 MiB.
2026-10-07T06:31:08Z INFO [260/500] 4ef159e4-7079-47a2-a878-9779b900228e: 18242 chunks; 10.3 s; peak memory 853 MiB.
2026-10-07T06:31:09Z INFO [261/500] 4ef161cb-8fd0-4f7a-9eaf-9f9a4ce511e0: 142 chunks; 1.5 s; peak memory 853 MiB.
2026-10-07T06:31:11Z INFO [262/500] 4ef18bc9-5926-4512-8c34-dd1785f66bd0: 63 chunks; 1.3 s; peak memory 853 MiB.
2026-10-07T06:31:12Z INFO [263/500] 4ef1b1c5-b024-4db6-89a7-8cb285d0f1db: 116 chunks; 1.7 s; peak memory 853 MiB.
2026-10-07T06:31:14Z INFO [264/500] 4ef217d1-7b35-49bb-b4c2-b930a0369959: 51 chunks; 1.6 s; peak memory 853 MiB.
2026-10-07T06:31:16Z INFO [265/500] 4ef2ca4f-327f-40f9-9945-def42f01bc17: 625 chunks; 2.4 s; peak memory 853 MiB.
2026-10-07T06:31:17Z INFO [266/500] 4ef3687a-a2b2-4388-8527-110c399ee49d: 48 chunks; 1.3 s; peak memory 853 MiB.
2026-10-07T06:31:19Z INFO [267/500] 4ef3e6d6-31bf-401b-82b1-dddaa05aa2b7: 112 chunks; 2.0 s; peak memory 853 MiB.
2026-10-07T06:31:26Z INFO [268/500] 4ef5794c-a039-4bfe-9ffb-6862731b46c9: 324 chunks; 6.2 s; peak memory 853 MiB.
2026-10-07T06:31:28Z INFO [269/500] 4ef5b20a-80ac-4985-8ad0-55e7151461ee: 71 chunks; 2.3 s; peak memory 853 MiB.
2026-10-07T06:31:39Z INFO [270/500] 4ef5b9d0-8fd3-41cd-af11-ed19b60d2561: 6556 chunks; 10.8 s; peak memory 853 MiB.
2026-10-07T06:31:44Z INFO [271/500] 4ef64ed3-d11c-4df6-a0c2-75d7fddc86c9: 5862 chunks; 5.4 s; peak memory 853 MiB.
2026-10-07T06:31:45Z INFO [272/500] 4ef79fcc-07cc-4319-a869-21d5f496529d: 46 chunks; 1.3 s; peak memory 853 MiB.
2026-10-07T06:31:48Z INFO [273/500] 4ef84c2a-74ae-4ec8-a014-35f5f0fb69ea: 66 chunks; 2.4 s; peak memory 853 MiB.
2026-10-07T06:31:56Z INFO [274/500] 4ef8e600-6f5b-4ab3-8d42-199852911a00: 218 chunks; 7.7 s; peak memory 853 MiB.
2026-10-07T06:31:58Z INFO [275/500] 4ef99d13-ae98-4098-86de-526479d5fad8: 70 chunks; 1.9 s; peak memory 853 MiB.
2026-10-07T06:32:00Z INFO [276/500] 4efa8f64-2e56-4c9b-8256-754edbca5ff5: 77 chunks; 2.2 s; peak memory 853 MiB.
2026-10-07T06:32:03Z INFO [277/500] 4efb2251-3fe4-4e67-8d93-b09b6a0835f4: 115 chunks; 3.1 s; peak memory 853 MiB.
2026-10-07T06:32:04Z INFO [278/500] 4efb4555-0d0f-4b7e-aee7-a0b8a1a4720c: 48 chunks; 1.3 s; peak memory 853 MiB.
2026-10-07T06:32:05Z INFO [279/500] 4efb4a08-17a4-411c-ad77-3cf694bf96ef: 48 chunks; 1.4 s; peak memory 853 MiB.
2026-10-07T06:34:42Z INFO [280/500] 4efbb22d-93cd-4faa-a8e8-cedf1688a672: 37908 chunks; 156.8 s; peak memory 853 MiB.
2026-10-07T06:34:55Z INFO [281/500] 4efc1a54-77da-43b6-9ce3-452d17f4de7c: 396 chunks; 12.8 s; peak memory 853 MiB.
2026-10-07T06:34:57Z INFO [282/500] 4efd9ba9-7bc5-431e-a6a6-4b2ce2569607: 51 chunks; 2.0 s; peak memory 853 MiB.
2026-10-07T06:34:58Z INFO [283/500] 4efdc212-a081-40c6-a96b-0333ed67e139: 48 chunks; 1.4 s; peak memory 853 MiB.
2026-10-07T06:35:09Z INFO [284/500] 4efddb48-f295-4409-8987-6234ebcf4c82: 11562 chunks; 10.6 s; peak memory 853 MiB.
2026-10-07T06:35:10Z INFO [285/500] 4efe1f3e-411d-46a0-86ac-9ed79aa5a40a: 48 chunks; 1.3 s; peak memory 853 MiB.
2026-10-07T06:35:11Z INFO [286/500] 4efee409-1012-4493-8c50-375dc66d2f98: 56 chunks; 1.0 s; peak memory 853 MiB.
2026-10-07T06:35:13Z INFO [287/500] 4eff97dc-d701-4738-91f9-37ec9ecd13ce: 294 chunks; 1.3 s; peak memory 853 MiB.
2026-10-07T06:35:15Z INFO [288/500] 4f003358-c5c7-4550-aa1d-bd8f6479eb11: 66 chunks; 2.6 s; peak memory 853 MiB.
2026-10-07T06:35:47Z INFO [289/500] 4f00889a-12bf-40a1-bb0c-5db403a77d45: 12636 chunks; 31.7 s; peak memory 853 MiB.
2026-10-07T06:35:49Z INFO [290/500] 4f00f824-9e1c-45c9-bdb5-2390b87160a9: 112 chunks; 1.9 s; peak memory 853 MiB.
2026-10-07T06:35:50Z INFO [291/500] 4f015c1d-dc0e-4e8d-91c0-3cd352b71e35: 48 chunks; 1.2 s; peak memory 853 MiB.
2026-10-07T06:35:51Z INFO [292/500] 4f015c28-76e1-44d8-a466-6a701057d24f: 48 chunks; 1.2 s; peak memory 853 MiB.
2026-10-07T06:35:54Z INFO [293/500] 4f020491-90d8-45d3-bd55-2ca28317fc5c: 115 chunks; 2.9 s; peak memory 853 MiB.
2026-10-07T06:35:56Z INFO [294/500] 4f028660-bc01-4f98-9b8c-fc5c0bb0cba8: 48 chunks; 1.3 s; peak memory 853 MiB.
2026-10-07T06:35:58Z INFO [295/500] 4f02b6ae-9d90-48d9-afcc-b0289a53cae3: 997 chunks; 2.7 s; peak memory 853 MiB.
2026-10-07T06:36:00Z INFO [296/500] 4f0440a5-a23b-466b-8264-07c24d223757: 275 chunks; 1.9 s; peak memory 853 MiB.
2026-10-07T06:36:03Z INFO [297/500] 4f0467ba-cc26-47f0-872e-c4cfd950d58e: 71 chunks; 2.4 s; peak memory 853 MiB.
2026-10-07T06:36:04Z INFO [298/500] 4f04d466-478c-473b-9a4d-df13a477a28c: 53 chunks; 1.1 s; peak memory 853 MiB.
2026-10-07T06:36:12Z INFO [299/500] 4f053502-a623-46f9-ab7d-5a61919a0ba7: 15449 chunks; 8.9 s; peak memory 853 MiB.
2026-10-07T06:36:14Z INFO [300/500] 4f06413e-514a-4574-a778-154ed473f4e5: 48 chunks; 1.3 s; peak memory 853 MiB.
2026-10-07T06:36:14Z INFO [300/500] 4f06413e-514a-4574-a778-154ed473f4e5: checkpointed 85134 records.
2026-10-07T06:36:16Z INFO [301/500] 4f06bba0-e086-4faf-90a3-47c13aa10e79: 110 chunks; 1.8 s; peak memory 853 MiB.
2026-10-07T06:36:19Z INFO [302/500] 4f07b77f-ac89-4bbe-8bee-f4d27b931f30: 154 chunks; 3.0 s; peak memory 853 MiB.
2026-10-07T06:36:21Z INFO [303/500] 4f081f0b-3991-4ff5-a978-357c9c982c30: 66 chunks; 1.7 s; peak memory 853 MiB.
2026-10-07T06:36:22Z INFO [304/500] 4f09f869-0e65-4634-bddd-746c9f69d391: 46 chunks; 1.4 s; peak memory 853 MiB.
2026-10-07T06:36:29Z INFO [305/500] 4f0abf4a-9def-4d65-a503-587526be8d78: 2922 chunks; 7.5 s; peak memory 853 MiB.
2026-10-07T06:36:31Z INFO [306/500] 4f0ae85e-a475-49ae-9442-aeec010e1d03: 116 chunks; 1.5 s; peak memory 853 MiB.
2026-10-07T06:36:33Z INFO [307/500] 4f0ba98b-8a05-4d9b-a355-feb6d08ce90a: 292 chunks; 1.8 s; peak memory 853 MiB.
2026-10-07T06:36:35Z INFO [308/500] 4f0c0e94-8b42-4799-8c62-607fb4b2c8c3: 62 chunks; 2.0 s; peak memory 853 MiB.
2026-10-07T06:36:40Z INFO [309/500] 4f0c17be-0a6b-4103-b1b8-3069920747b9: 292 chunks; 5.7 s; peak memory 853 MiB.
2026-10-07T06:36:42Z INFO [310/500] 4f0cbbb2-4490-4af6-a84a-b9bc16765277: 117 chunks; 1.7 s; peak memory 853 MiB.
2026-10-07T06:36:43Z INFO [311/500] 4f0da134-0a48-4a9a-9dc1-49618aeed625: 101 chunks; 1.3 s; peak memory 853 MiB.
2026-10-07T06:36:45Z INFO [312/500] 4f0e986e-dee8-4720-8c22-aa98af614c6b: 48 chunks; 1.2 s; peak memory 853 MiB.
2026-10-07T06:36:52Z INFO [313/500] 4f0fba63-7b35-413a-9242-cc3de8916c17: 2923 chunks; 7.5 s; peak memory 853 MiB.
2026-10-07T06:37:00Z INFO [314/500] 4f0febb1-c22d-47df-a703-622673b30c80: 7088 chunks; 7.8 s; peak memory 853 MiB.
2026-10-07T06:37:02Z INFO [315/500] 4f102c9d-1598-49f7-b984-10bb92bc429d: 106 chunks; 2.0 s; peak memory 853 MiB.
2026-10-07T06:37:15Z INFO [316/500] 4f10cc50-2181-44f4-8c67-ebbae92c4f29: 22696 chunks; 12.9 s; peak memory 853 MiB.
2026-10-07T06:37:16Z INFO [317/500] 4f1119d7-8fab-4052-94c9-07ab937341ef: 48 chunks; 1.3 s; peak memory 853 MiB.
2026-10-07T06:37:18Z INFO [318/500] 4f115ddc-9f33-4e2e-813a-f5b7de2da3f2: 118 chunks; 1.6 s; peak memory 853 MiB.
2026-10-07T06:37:19Z INFO [319/500] 4f11ba0c-54ee-48bc-b16c-7201d89528c8: 117 chunks; 1.8 s; peak memory 853 MiB.
2026-10-07T06:37:22Z INFO [320/500] 4f126ae4-76b8-4c16-a56b-010cbabb8277: 71 chunks; 2.4 s; peak memory 853 MiB.
2026-10-07T06:37:23Z INFO [321/500] 4f136388-53be-4c25-95ed-af0ee6a2fd8e: 37 chunks; 1.0 s; peak memory 853 MiB.
2026-10-07T06:37:25Z INFO [322/500] 4f1370fb-d643-490c-9929-91f3b30fbd20: 116 chunks; 1.6 s; peak memory 853 MiB.
2026-10-07T06:37:26Z INFO [323/500] 4f13847c-7ead-48d5-90e6-ed6367969d8e: 48 chunks; 1.5 s; peak memory 853 MiB.
2026-10-07T06:37:28Z INFO [324/500] 4f13d0c9-4ac3-498c-be99-fd86d9277d63: 52 chunks; 1.5 s; peak memory 853 MiB.
2026-10-07T06:37:29Z INFO [325/500] 4f140da5-20db-4a32-92f2-35d70478e7b3: 48 chunks; 1.3 s; peak memory 853 MiB.
2026-10-07T06:37:42Z INFO [326/500] 4f14683b-a4cc-404f-8d2a-6aeaa8421f73: 15007 chunks; 13.0 s; peak memory 853 MiB.
2026-10-07T06:37:45Z INFO [327/500] 4f1590b3-56a0-484f-899a-617d834826cf: 115 chunks; 3.5 s; peak memory 853 MiB.
2026-10-07T06:37:47Z INFO [328/500] 4f16e9c0-b70c-40ea-ad3d-ee37e7e6c061: 301 chunks; 1.6 s; peak memory 853 MiB.
2026-10-07T06:37:50Z INFO [329/500] 4f1710fa-249b-41ee-867e-59eb5a6d257b: 71 chunks; 3.0 s; peak memory 853 MiB.
2026-10-07T06:37:52Z INFO [330/500] 4f1744d7-5824-489f-a4dc-56770d82e499: 112 chunks; 1.9 s; peak memory 853 MiB.
2026-10-07T06:37:54Z INFO [331/500] 4f17a37f-6ba8-470e-bab1-d13dfd2ef6d0: 112 chunks; 1.8 s; peak memory 853 MiB.
2026-10-07T06:37:56Z INFO [332/500] 4f187fb4-3487-402f-ba22-d433d7663c52: 75 chunks; 2.3 s; peak memory 853 MiB.
2026-10-07T06:37:58Z INFO [333/500] 4f18bbe4-6dcb-4e00-839e-8a4e7d6fbcc5: 112 chunks; 2.0 s; peak memory 853 MiB.
2026-10-07T06:38:00Z INFO [334/500] 4f19ca9f-8848-4cad-be44-4e4d7d3bdb34: 117 chunks; 1.5 s; peak memory 853 MiB.
2026-10-07T06:38:01Z INFO [335/500] 4f1a24fc-9958-4f21-81ac-d14211ff8be0: 48 chunks; 1.4 s; peak memory 853 MiB.
2026-10-07T06:38:02Z INFO [336/500] 4f1a6f93-20c2-4ff6-af9c-c27154294d7d: 55 chunks; 1.0 s; peak memory 853 MiB.
2026-10-07T06:38:04Z INFO [337/500] 4f1ac23a-10be-41e5-b03f-249c8a508520: 67 chunks; 1.8 s; peak memory 853 MiB.
2026-10-07T06:38:10Z INFO [338/500] 4f1b71af-dfd3-4716-90f6-1b8162fdfbe3: 420 chunks; 5.9 s; peak memory 853 MiB.
2026-10-07T06:38:12Z INFO [339/500] 4f1daba3-fb60-4540-8585-5c79079be5f9: 71 chunks; 2.0 s; peak memory 853 MiB.
2026-10-07T06:38:13Z INFO [340/500] 4f1e5e7b-9a55-421b-803e-96515f39ce64: 117 chunks; 1.7 s; peak memory 853 MiB.
2026-10-07T06:38:14Z INFO [341/500] 4f1ec0eb-ea54-4a24-bd3c-4fc6bf969f87: 41 chunks; 1.2 s; peak memory 853 MiB.
2026-10-07T06:38:16Z INFO [342/500] 4f1f11a0-43c9-470a-9be6-637fcb0df1d1: 56 chunks; 1.1 s; peak memory 853 MiB.
2026-10-07T06:38:17Z INFO [343/500] 4f1f136d-0d1f-4d7b-a409-5ed9d9c2dee4: 117 chunks; 1.7 s; peak memory 853 MiB.
2026-10-07T06:40:40Z INFO [344/500] 4f1f82f2-93c2-4e28-b55c-a41b7094ff4a: 37896 chunks; 142.4 s; peak memory 853 MiB.
2026-10-07T06:40:42Z INFO [345/500] 4f202beb-b101-48d8-91c8-73eb298547b4: 62 chunks; 2.1 s; peak memory 853 MiB.
2026-10-07T06:40:43Z INFO [346/500] 4f206762-d7d3-45c4-a312-8e0c7909f405: 52 chunks; 1.4 s; peak memory 853 MiB.
2026-10-07T06:40:44Z INFO [347/500] 4f20abfc-e2a9-4d61-93d8-0620ee28c698: 69 chunks; 1.2 s; peak memory 853 MiB.
2026-10-07T06:40:50Z INFO [348/500] 4f2107ef-6b2e-4bb9-b0d2-75909bedf908: 612 chunks; 6.1 s; peak memory 853 MiB.
2026-10-07T06:43:15Z INFO [349/500] 4f21b37f-117e-4399-8ff4-086267983921: 38360 chunks; 144.9 s; peak memory 853 MiB.
2026-10-07T06:43:17Z INFO [350/500] 4f21ca74-3e5b-46da-a955-5b474fd76fec: 63 chunks; 1.2 s; peak memory 853 MiB.
2026-10-07T06:43:17Z INFO [350/500] 4f21ca74-3e5b-46da-a955-5b474fd76fec: checkpointed 85184 records.
2026-10-07T06:43:18Z INFO [351/500] 4f239c04-b41f-41dd-95c3-d171035dbe85: 48 chunks; 1.3 s; peak memory 853 MiB.
2026-10-07T06:43:20Z INFO [352/500] 4f247bf5-7569-4ac7-be6f-1c7fd563d4c7: 48 chunks; 1.4 s; peak memory 853 MiB.
2026-10-07T06:43:21Z INFO [353/500] 4f24a190-4cce-4a17-9cda-0d6f4fbc3f46: 76 chunks; 1.9 s; peak memory 853 MiB.
2026-10-07T06:43:23Z INFO [354/500] 4f2584e2-2e07-426b-8835-b79f8936ac1f: 45 chunks; 1.1 s; peak memory 853 MiB.
2026-10-07T06:43:24Z INFO [355/500] 4f25a55a-c30f-488e-b2dd-831058e91aff: 289 chunks; 1.9 s; peak memory 853 MiB.
2026-10-07T06:43:34Z INFO [356/500] 4f25b370-9767-4ef4-b9ba-2500ebd3b696: 359 chunks; 9.4 s; peak memory 853 MiB.
2026-10-07T06:43:35Z INFO [357/500] 4f261818-1d57-4acc-897a-4fd5daf9fb96: 118 chunks; 1.5 s; peak memory 853 MiB.
2026-10-07T06:43:37Z INFO [358/500] 4f26423e-6837-4c9c-8db3-803ccc54a87d: 48 chunks; 1.2 s; peak memory 853 MiB.
2026-10-07T06:43:38Z INFO [359/500] 4f269c29-622f-4765-868f-0e2c3d4ea128: 49 chunks; 1.3 s; peak memory 853 MiB.
2026-10-07T06:43:57Z INFO [360/500] 4f26d6da-690c-4d9a-b638-83978e9e688c: 8232 chunks; 19.4 s; peak memory 853 MiB.
2026-10-07T06:43:59Z INFO [361/500] 4f280ded-4735-448d-aa7f-f3f8a926d094: 48 chunks; 1.4 s; peak memory 853 MiB.
2026-10-07T06:44:01Z INFO [362/500] 4f2866bb-b299-41d2-a35c-e2dd6b99e32d: 66 chunks; 1.9 s; peak memory 853 MiB.
2026-10-07T06:44:02Z INFO [363/500] 4f293dfa-b24f-43ee-ab1c-d8cc08e46a36: 48 chunks; 1.2 s; peak memory 853 MiB.
2026-10-07T06:44:03Z INFO [364/500] 4f298855-5f3b-4322-a90a-d03c30282d25: 48 chunks; 1.3 s; peak memory 853 MiB.
2026-10-07T06:44:10Z INFO [365/500] 4f29b2bb-3b56-44b1-b725-9bfc49c85a48: 193 chunks; 6.9 s; peak memory 853 MiB.
2026-10-07T06:44:11Z INFO [366/500] 4f29f564-1d08-4c5f-a4a9-ab24fcb17bdd: 69 chunks; 1.1 s; peak memory 853 MiB.
2026-10-07T06:44:23Z INFO [367/500] 4f2a5cc2-7d4e-4238-9341-a5931b5dfc1d: 8960 chunks; 11.7 s; peak memory 853 MiB.
2026-10-07T06:44:24Z INFO [368/500] 4f2abddf-1f59-421f-a228-2aebef457a2e: 37 chunks; 1.0 s; peak memory 853 MiB.
2026-10-07T06:44:25Z INFO [369/500] 4f2b0697-a6b6-446f-8761-723fb2fae9f0: 45 chunks; 1.0 s; peak memory 853 MiB.
2026-10-07T06:44:27Z INFO [370/500] 4f2b6c8e-31c7-4315-904b-488c3b165dc1: 116 chunks; 1.6 s; peak memory 853 MiB.
2026-10-07T06:44:41Z INFO [371/500] 4f2bcba6-50d5-4541-b4c7-3a1c0f787300: 11267 chunks; 14.3 s; peak memory 853 MiB.
2026-10-07T06:45:00Z INFO [372/500] 4f2cb5ee-72f7-432e-a1b7-92a26744f5c8: 432 chunks; 18.9 s; peak memory 853 MiB.
2026-10-07T06:45:01Z INFO [373/500] 4f2cdb84-fcb4-4c6f-84da-353a7fb1c795: 56 chunks; 1.0 s; peak memory 853 MiB.
2026-10-07T06:45:03Z INFO [374/500] 4f2cfc01-7896-4bcb-b8d7-e3fadd42c739: 112 chunks; 1.9 s; peak memory 853 MiB.
2026-10-07T06:45:04Z INFO [375/500] 4f2df195-1b5a-42d4-8514-8c5206ac6465: 110 chunks; 1.4 s; peak memory 853 MiB.
2026-10-07T07:10:30Z INFO [376/500] 4f2df256-c2e5-40eb-a252-c73bf125bb3c: 511352 chunks; 1525.5 s; peak memory 1197 MiB.
2026-10-07T07:10:31Z INFO [377/500] 4f2ea469-fecc-4a41-bb2c-b09cacf0b69c: 48 chunks; 1.3 s; peak memory 1197 MiB.
2026-10-07T07:10:32Z INFO [378/500] 4f2f0b83-6835-409f-965e-15c8065f3b55: 33 chunks; 1.0 s; peak memory 1197 MiB.
2026-10-07T07:10:34Z INFO [379/500] 4f2ff241-4e43-4cb9-9615-e7786f7d3ef5: 69 chunks; 1.7 s; peak memory 1197 MiB.
2026-10-07T07:10:37Z INFO [380/500] 4f2ffc3b-98be-4aa1-a5d7-6d34657cf1d4: 997 chunks; 2.9 s; peak memory 1197 MiB.
2026-10-07T07:10:40Z INFO [381/500] 4f30018a-67dd-4c09-be55-385ec29a209f: 192 chunks; 2.9 s; peak memory 1197 MiB.
2026-10-07T07:10:41Z INFO [382/500] 4f305c7e-f128-4aed-b827-c6d96f3f6a34: 48 chunks; 1.5 s; peak memory 1197 MiB.
2026-10-07T07:10:43Z INFO [383/500] 4f30780c-8297-4e7a-b932-18ad5e8ecf62: 62 chunks; 1.8 s; peak memory 1197 MiB.
2026-10-07T07:10:48Z INFO [384/500] 4f30af20-3d6e-4842-ad38-1c4e7185432e: 6863 chunks; 5.4 s; peak memory 1197 MiB.
2026-10-07T07:10:50Z INFO [385/500] 4f3147db-d06e-458e-80a4-b890d2fb9862: 69 chunks; 1.4 s; peak memory 1197 MiB.
2026-10-07T07:11:20Z INFO [386/500] 4f3149da-4b31-425c-9a56-9dc11d12319a: 5092 chunks; 30.8 s; peak memory 1197 MiB.
2026-10-07T07:11:34Z INFO [387/500] 4f327cc7-99b1-4a1c-9ef5-16362f765d6a: 2592 chunks; 13.6 s; peak memory 1197 MiB.
2026-10-07T07:11:36Z INFO [388/500] 4f32a213-f36d-4917-a5de-0190d43c45b8: 110 chunks; 1.8 s; peak memory 1197 MiB.
2026-10-07T07:11:37Z INFO [389/500] 4f334814-b5e3-4056-a982-ab120b56c6b7: 50 chunks; 1.1 s; peak memory 1197 MiB.
2026-10-07T07:11:38Z INFO [390/500] 4f33b245-ef29-4ab8-9dc7-97ce8f21a8ae: 97 chunks; 1.6 s; peak memory 1197 MiB.
2026-10-07T07:11:40Z INFO [391/500] 4f3405d8-5e8b-4e03-89e4-46a3b82f1a02: 48 chunks; 1.3 s; peak memory 1197 MiB.
2026-10-07T07:11:42Z INFO [392/500] 4f3407ae-470c-4b1a-897e-724f4fb9b5b2: 112 chunks; 2.0 s; peak memory 1197 MiB.
2026-10-07T07:11:44Z INFO [393/500] 4f3411e2-3974-45d9-97c5-420da6ed161b: 69 chunks; 1.8 s; peak memory 1197 MiB.
2026-10-07T07:11:45Z INFO [394/500] 4f3464a0-8a25-4daa-bf75-010e6ec248df: 65 chunks; 1.6 s; peak memory 1197 MiB.
2026-10-07T07:11:47Z INFO [395/500] 4f34f9c7-1f3a-4ee1-aa80-5f319572e549: 117 chunks; 1.5 s; peak memory 1197 MiB.
2026-10-07T07:11:48Z INFO [396/500] 4f3704e5-d47e-4fdf-849a-f6fea0ef0a6b: 46 chunks; 1.0 s; peak memory 1197 MiB.
2026-10-07T07:11:50Z INFO [397/500] 4f372b91-34d1-4686-9aef-a1af13033d1e: 112 chunks; 2.0 s; peak memory 1197 MiB.
2026-10-07T07:11:53Z INFO [398/500] 4f374b19-0d00-44b6-8ea7-970cffe67bef: 238 chunks; 3.6 s; peak memory 1197 MiB.
2026-10-07T07:11:55Z INFO [399/500] 4f374e66-dfaa-4e16-913f-6f395fdf9d71: 49 chunks; 1.6 s; peak memory 1197 MiB.
2026-10-07T07:11:56Z INFO [400/500] 4f393bc0-e7ec-4d70-ad3a-c9e7feeb0c41: 117 chunks; 1.5 s; peak memory 1197 MiB.
2026-10-07T07:11:57Z INFO [400/500] 4f393bc0-e7ec-4d70-ad3a-c9e7feeb0c41: checkpointed 85234 records.
2026-10-07T07:11:58Z INFO [401/500] 4f39698b-c391-4d7e-a5b4-48d5cdcb8599: 118 chunks; 1.5 s; peak memory 1197 MiB.
2026-10-07T07:11:59Z INFO [402/500] 4f3a900b-8570-4857-9969-92bc8067f3b1: 48 chunks; 1.3 s; peak memory 1197 MiB.
2026-10-07T07:12:01Z INFO [403/500] 4f3b193f-b6a2-45eb-97ab-f3260f7e2425: 118 chunks; 1.6 s; peak memory 1197 MiB.
2026-10-07T07:12:02Z INFO [404/500] 4f3b7eed-2aa0-4de7-8c0b-f7466732e405: 58 chunks; 1.2 s; peak memory 1197 MiB.
2026-10-07T07:12:04Z INFO [405/500] 4f3c47a2-0820-4a17-b6dd-d2e91a9cec80: 112 chunks; 2.0 s; peak memory 1197 MiB.
2026-10-07T07:12:06Z INFO [406/500] 4f3d9511-bdf6-43a2-968e-08c03000c9f1: 66 chunks; 1.7 s; peak memory 1197 MiB.
2026-10-07T07:12:07Z INFO [407/500] 4f3ddfd9-2bf3-4e19-a719-3aee364f9d55: 48 chunks; 1.4 s; peak memory 1197 MiB.
2026-10-07T07:12:09Z INFO [408/500] 4f3e60a5-7e41-4d91-99f9-6a73052bb65c: 112 chunks; 1.8 s; peak memory 1197 MiB.
2026-10-07T07:12:12Z INFO [409/500] 4f3e9439-38cf-447b-8c9a-e9de1b5a777f: 191 chunks; 3.0 s; peak memory 1197 MiB.
2026-10-07T07:12:13Z INFO [410/500] 4f3ec893-14e1-498c-816e-47d7b5d7db57: 117 chunks; 1.4 s; peak memory 1197 MiB.
2026-10-07T07:12:23Z INFO [411/500] 4f3f0647-66d0-4c13-a430-ff5bebc558c6: 4151 chunks; 9.3 s; peak memory 1197 MiB.
2026-10-07T07:12:24Z INFO [412/500] 4f3f22a5-462b-46ec-9c44-63ba669e7845: 86 chunks; 1.3 s; peak memory 1197 MiB.
2026-10-07T07:12:27Z INFO [413/500] 4f3f4e0d-57c4-4512-9390-167d3e0b09c2: 115 chunks; 3.0 s; peak memory 1197 MiB.
2026-10-07T07:12:29Z INFO [414/500] 4f3fc7ce-4534-40bb-b198-b89e8a175464: 70 chunks; 2.0 s; peak memory 1197 MiB.
2026-10-07T07:12:30Z INFO [415/500] 4f3fdf4e-5450-437c-866d-45674c347285: 48 chunks; 1.2 s; peak memory 1197 MiB.
2026-10-07T07:29:30Z INFO [416/500] 4f3fe586-aae1-42c6-93ee-a32c9f132d0c: 270500 chunks; 1019.9 s; peak memory 1197 MiB.
2026-10-07T07:29:33Z INFO [417/500] 4f40da4d-8f2d-456a-b701-f7bc46772ec4: 67 chunks; 2.6 s; peak memory 1197 MiB.
2026-10-07T07:29:34Z INFO [418/500] 4f41d001-41a8-4231-bd9e-e49ac3871034: 112 chunks; 1.6 s; peak memory 1197 MiB.
2026-10-07T07:29:36Z INFO [419/500] 4f4282f5-c37c-4f82-b3cb-18723cdf16ca: 52 chunks; 1.1 s; peak memory 1197 MiB.
2026-10-07T07:29:38Z INFO [420/500] 4f436394-5b6b-42b2-b312-366fe5db2c3d: 115 chunks; 2.9 s; peak memory 1197 MiB.
2026-10-07T07:29:40Z INFO [421/500] 4f442ad7-2a2a-441a-adf6-1eb8ab8f3e60: 143 chunks; 2.1 s; peak memory 1197 MiB.
2026-10-07T07:29:42Z INFO [422/500] 4f44d0fc-ce5b-49be-8e54-a44c005e2873: 58 chunks; 1.2 s; peak memory 1197 MiB.
2026-10-07T07:29:43Z INFO [423/500] 4f45156e-3802-44ae-83ae-ad347ee2ef07: 48 chunks; 1.3 s; peak memory 1197 MiB.
2026-10-07T07:29:45Z INFO [424/500] 4f4561fd-4e11-4775-8422-4a0db2b0542e: 112 chunks; 1.9 s; peak memory 1197 MiB.
2026-10-07T07:29:46Z INFO [425/500] 4f456baf-3a35-4b00-92df-04846184520e: 48 chunks; 1.4 s; peak memory 1197 MiB.
2026-10-07T07:29:48Z INFO [426/500] 4f458d61-f52b-4529-bb62-939faf45be31: 59 chunks; 1.7 s; peak memory 1197 MiB.
2026-10-07T07:29:50Z INFO [427/500] 4f45aff5-5f9c-494e-86e0-ab3ce9bd749f: 117 chunks; 1.6 s; peak memory 1197 MiB.
2026-10-07T07:29:52Z INFO [428/500] 4f45bfb2-b977-4245-8664-833683677fb0: 68 chunks; 2.2 s; peak memory 1197 MiB.
2026-10-07T07:29:54Z INFO [429/500] 4f468c39-d20c-4fd1-b98f-47dd9bccce0f: 105 chunks; 2.1 s; peak memory 1197 MiB.
2026-10-07T07:29:55Z INFO [430/500] 4f46ddd1-e868-432b-aa91-5db957345699: 48 chunks; 1.3 s; peak memory 1197 MiB.
2026-10-07T07:29:56Z INFO [431/500] 4f475a6b-07a4-4e41-9ce0-73716da63146: 48 chunks; 1.3 s; peak memory 1197 MiB.
2026-10-07T07:29:58Z INFO [432/500] 4f47b1f0-8a0f-44d4-9a53-74924fced1e4: 112 chunks; 1.8 s; peak memory 1197 MiB.
2026-10-07T07:30:06Z INFO [433/500] 4f47cbf7-3df1-40d2-b382-8cdbacea16a4: 4151 chunks; 8.2 s; peak memory 1197 MiB.
2026-10-07T07:30:08Z INFO [434/500] 4f486551-42d9-436c-b830-baa822d6a8f8: 112 chunks; 2.0 s; peak memory 1197 MiB.
2026-10-07T07:30:16Z INFO [435/500] 4f49576b-adc4-4f8c-8326-46c0588c53c1: 2923 chunks; 7.6 s; peak memory 1197 MiB.
2026-10-07T07:30:18Z INFO [436/500] 4f4a67a1-3ee7-4d85-9ff6-f3b738e12e60: 275 chunks; 1.9 s; peak memory 1197 MiB.
2026-10-07T07:30:28Z INFO [437/500] 4f4abf09-b0e7-4605-9926-e17a98f2f30c: 9196 chunks; 10.4 s; peak memory 1197 MiB.
2026-10-07T07:30:31Z INFO [438/500] 4f4c4de0-5abf-40e4-ae1b-bdeb10edaa9d: 997 chunks; 3.0 s; peak memory 1197 MiB.
2026-10-07T07:30:33Z INFO [439/500] 4f4cb5bd-eb80-4f32-8f49-64845582e1d9: 48 chunks; 1.3 s; peak memory 1197 MiB.
2026-10-07T07:30:34Z INFO [440/500] 4f4d5ca6-6edc-426c-ab77-db91e1c4a5e1: 118 chunks; 1.5 s; peak memory 1197 MiB.
2026-10-07T07:30:42Z INFO [441/500] 4f4e6ceb-3813-4d5c-aa4e-2f42230c83b7: 282 chunks; 8.2 s; peak memory 1197 MiB.
2026-10-07T07:30:45Z INFO [442/500] 4f4f8136-c367-45b6-ba2b-0480bb8da3c5: 119 chunks; 2.4 s; peak memory 1197 MiB.
2026-10-07T07:30:46Z INFO [443/500] 4f4fa3ca-0afd-4b0f-b086-b74a17e26c56: 112 chunks; 1.7 s; peak memory 1197 MiB.
2026-10-07T07:30:49Z INFO [444/500] 4f4fc546-ba05-44f9-a415-4157410af0b6: 997 chunks; 2.7 s; peak memory 1197 MiB.
2026-10-07T07:30:57Z INFO [445/500] 4f501db6-a773-4756-a70a-bcb5c53e4e69: 13984 chunks; 8.0 s; peak memory 1197 MiB.
2026-10-07T07:30:59Z INFO [446/500] 4f503c7b-00f1-45b7-8814-9d3345b70c8a: 110 chunks; 1.9 s; peak memory 1197 MiB.
2026-10-07T07:31:00Z INFO [447/500] 4f503e43-b599-41e8-8aaf-3b3b7e62f1ad: 112 chunks; 1.3 s; peak memory 1197 MiB.
2026-10-07T07:31:02Z INFO [448/500] 4f514948-dccc-4c67-887c-d9e9c912b9b5: 110 chunks; 1.9 s; peak memory 1197 MiB.
2026-10-07T07:31:14Z INFO [449/500] 4f514dbd-b24f-4c56-a75c-691483e4dfbe: 6852 chunks; 12.3 s; peak memory 1197 MiB.
2026-10-07T07:31:16Z INFO [450/500] 4f519da3-90c2-48ca-ba8f-f212a209057e: 48 chunks; 1.3 s; peak memory 1197 MiB.
2026-10-07T07:31:16Z INFO [450/500] 4f519da3-90c2-48ca-ba8f-f212a209057e: checkpointed 85284 records.
2026-10-07T07:31:17Z INFO [451/500] 4f52945e-51ba-4012-8eb4-b91c93c9dcb9: 52 chunks; 1.5 s; peak memory 1197 MiB.
2026-10-07T07:31:19Z INFO [452/500] 4f53d047-9bdd-40eb-ab34-fbd5fc05b34d: 112 chunks; 1.6 s; peak memory 1197 MiB.
2026-10-07T07:31:30Z INFO [453/500] 4f544495-3fce-4a66-a718-fe92efc6c7c3: 825 chunks; 11.4 s; peak memory 1197 MiB.
2026-10-07T07:31:32Z INFO [454/500] 4f54c2ab-cde7-4e4e-a34a-d0ab5f497bb8: 117 chunks; 1.7 s; peak memory 1197 MiB.
2026-10-07T07:31:36Z INFO [455/500] 4f55f905-d753-43fa-885b-95a3a7a85a2d: 152 chunks; 3.9 s; peak memory 1197 MiB.
2026-10-07T07:31:54Z INFO [456/500] 4f575e2d-69a8-4b9f-995f-157847ed4bdb: 8229 chunks; 18.0 s; peak memory 1197 MiB.
2026-10-07T07:32:03Z INFO [457/500] 4f57a4f2-4db6-44e9-96ea-67a70cf8eb23: 4136 chunks; 8.7 s; peak memory 1197 MiB.
2026-10-07T07:32:06Z INFO [458/500] 4f57ab9a-0f83-4239-8867-e0444e8e370b: 144 chunks; 2.9 s; peak memory 1197 MiB.
2026-10-07T07:32:07Z INFO [459/500] 4f582479-f338-49a0-92c0-a40d6b929bcf: 48 chunks; 1.2 s; peak memory 1197 MiB.
2026-10-07T07:32:34Z INFO [460/500] 4f58f8c8-0443-45e8-851a-237ffd7ceac3: 6140 chunks; 27.5 s; peak memory 1197 MiB.
2026-10-07T07:32:35Z INFO [461/500] 4f59b445-ece0-408b-8874-d84503606212: 69 chunks; 1.2 s; peak memory 1197 MiB.
2026-10-07T07:32:48Z INFO [462/500] 4f59ff7a-0a9c-48a4-9bce-4189d6715653: 26178 chunks; 12.8 s; peak memory 1197 MiB.
2026-10-07T07:32:50Z INFO [463/500] 4f5aa431-09fd-4d80-8d10-8836779ea1f5: 48 chunks; 1.4 s; peak memory 1197 MiB.
2026-10-07T07:32:51Z INFO [464/500] 4f5b536f-d896-425f-9289-6f8b5e52d677: 69 chunks; 1.7 s; peak memory 1197 MiB.
2026-10-07T07:32:54Z INFO [465/500] 4f5ba4ea-5895-4799-b520-793ce3d6b49b: 71 chunks; 3.0 s; peak memory 1197 MiB.
2026-10-07T07:32:56Z INFO [466/500] 4f5bfb94-7aca-4f1f-861b-089b892c1ace: 116 chunks; 1.7 s; peak memory 1197 MiB.
2026-10-07T07:32:58Z INFO [467/500] 4f5c1025-40ec-4926-a308-e9977fcba2e9: 116 chunks; 1.9 s; peak memory 1197 MiB.
2026-10-07T07:33:00Z INFO [468/500] 4f5c1593-bc4a-4aa0-ab18-7540bfa7488e: 112 chunks; 1.9 s; peak memory 1197 MiB.
2026-10-07T07:33:15Z INFO [469/500] 4f5c7bff-fac6-4031-be86-30b0bab8e06e: 13355 chunks; 14.9 s; peak memory 1197 MiB.
2026-10-07T07:33:16Z INFO [470/500] 4f5c881e-a43f-456d-905f-088358584b9c: 48 chunks; 1.3 s; peak memory 1197 MiB.
2026-10-07T07:33:19Z INFO [471/500] 4f5db8e8-7d03-4786-9ea9-655bfaf7ba81: 168 chunks; 3.0 s; peak memory 1197 MiB.
2026-10-07T07:33:36Z INFO [472/500] 4f5e2d13-72e6-4d06-a4a0-11df1fa83f31: 428 chunks; 16.7 s; peak memory 1197 MiB.
2026-10-07T07:33:37Z INFO [473/500] 4f5e7f5d-429b-4f9c-a157-c73b2b373b9b: 48 chunks; 1.2 s; peak memory 1197 MiB.
2026-10-07T07:33:38Z INFO [474/500] 4f5f0719-f9d5-4f2a-8ce3-6dfd923958ea: 48 chunks; 1.3 s; peak memory 1197 MiB.
2026-10-07T07:36:08Z INFO [475/500] 4f5f2041-ec1f-4347-8cc2-0f0553d6a970: 37821 chunks; 149.8 s; peak memory 1197 MiB.
2026-10-07T07:36:09Z INFO [476/500] 4f5fea7b-5ffa-4ccb-84b4-d434019515a0: 52 chunks; 1.1 s; peak memory 1197 MiB.
2026-10-07T07:36:11Z INFO [477/500] 4f607e55-0513-4079-b2b2-26fef6ccc7b7: 49 chunks; 1.8 s; peak memory 1197 MiB.
2026-10-07T07:36:29Z INFO [478/500] 4f611cd9-85ce-4f71-95e5-096fdd697cfe: 555 chunks; 18.0 s; peak memory 1197 MiB.
2026-10-07T07:36:31Z INFO [479/500] 4f611e54-6ea2-4e03-a988-6acf68f238c3: 57 chunks; 1.7 s; peak memory 1197 MiB.
2026-10-07T07:36:32Z INFO [480/500] 4f61d1a0-c0ad-46c5-b21c-739d9e3b5e45: 116 chunks; 1.7 s; peak memory 1197 MiB.
2026-10-07T07:36:34Z INFO [481/500] 4f622954-d6c2-4102-9761-5236ddfdc9b3: 117 chunks; 1.6 s; peak memory 1197 MiB.
2026-10-07T07:36:36Z INFO [482/500] 4f62f8a9-4928-47d6-9734-11a014cac027: 84 chunks; 1.8 s; peak memory 1197 MiB.
2026-10-07T07:36:37Z INFO [483/500] 4f638106-063e-43ef-9cbe-a2a56df79962: 48 chunks; 1.2 s; peak memory 1197 MiB.
2026-10-07T07:36:38Z INFO [484/500] 4f63a4b5-09a9-4c9e-abd7-b633a67facc5: 46 chunks; 1.4 s; peak memory 1197 MiB.
2026-10-07T07:36:42Z INFO [485/500] 4f63e8e9-4f64-4fd1-940c-2c3357b6b09e: 2009 chunks; 4.0 s; peak memory 1197 MiB.
2026-10-07T07:36:44Z INFO [486/500] 4f65b986-f37a-46f9-9cf0-5301a5ae29c8: 66 chunks; 1.7 s; peak memory 1197 MiB.
2026-10-07T07:37:12Z INFO [487/500] 4f661787-3f6f-4454-b2e8-d03f25f317d2: 12636 chunks; 27.8 s; peak memory 1197 MiB.
2026-10-07T07:37:13Z INFO [488/500] 4f66906d-aad6-4151-87b5-7af17691158a: 118 chunks; 1.4 s; peak memory 1197 MiB.
2026-10-07T07:37:14Z INFO [489/500] 4f670a12-734b-48de-a954-19ff1e5fd07c: 58 chunks; 1.1 s; peak memory 1197 MiB.
2026-10-07T07:37:16Z INFO [490/500] 4f672e2f-8266-49b2-9b9b-b3a47dbca68a: 48 chunks; 1.3 s; peak memory 1197 MiB.
2026-10-07T07:37:24Z INFO [491/500] 4f676a28-051f-4b58-93d8-bc0b7f08140f: 16037 chunks; 8.6 s; peak memory 1197 MiB.
2026-10-07T07:37:28Z INFO [492/500] 4f67d1f9-d9a5-4adc-acad-5ead49d74374: 116 chunks; 3.3 s; peak memory 1197 MiB.
2026-10-07T07:37:29Z INFO [493/500] 4f67f033-4919-4aad-926f-94ee133ff49d: 117 chunks; 1.6 s; peak memory 1197 MiB.
2026-10-07T07:37:31Z INFO [494/500] 4f684b9c-ca09-43d8-bca3-7a28f02e1655: 112 chunks; 2.0 s; peak memory 1197 MiB.
2026-10-07T07:37:33Z INFO [495/500] 4f68a8c5-72e6-42fb-b94b-beea8faa6a3e: 557 chunks; 1.7 s; peak memory 1197 MiB.
2026-10-07T07:37:35Z INFO [496/500] 4f68b5ea-fd54-465b-bfe3-c5bc1634c175: 70 chunks; 2.1 s; peak memory 1197 MiB.
2026-10-07T07:37:45Z INFO [497/500] 4f693dab-75b7-451c-86e5-225a53f6e8e4: 339 chunks; 10.2 s; peak memory 1197 MiB.
2026-10-07T07:44:56Z INFO [498/500] 4f6a54b0-a2d9-4913-a1c9-52e4de2d286f: 66733 chunks; 431.0 s; peak memory 1197 MiB.
2026-10-07T07:45:05Z INFO [499/500] 4f6a943a-8d3f-42ee-bf27-4d83937f3321: 16231 chunks; 8.5 s; peak memory 1197 MiB.
2026-10-07T07:45:06Z INFO [500/500] 4f6b3102-8c8c-4414-bc89-5819c1006866: 56 chunks; 1.1 s; peak memory 1197 MiB.
2026-10-07T07:45:06Z INFO [500/500] 4f6b3102-8c8c-4414-bc89-5819c1006866: checkpointed 85334 records.
2026-10-07T07:45:06Z INFO Wrote 85334 records to /tmp/derivatives/valid_nwb_file_to_chunk_stats.jsonl (500 new, 0 failed) in 119.3 min (peak memory 1197 MiB).
