2026-10-06T05:10:12Z INFO Logging to /tmp/logs/update_2026-10-06T05-10-12Z.log.
2026-10-06T05:10:12Z INFO Update valid-nwb-file-to-chunk-stats (base directory /tmp).
2026-10-06T05:10:12Z INFO Processing 500 items (78834 already recorded).
2026-10-06T05:10:13Z INFO [1/500] 421a3ea9-8f3b-4ccd-b54f-5374b3bf0064: 102 chunks; 0.8 s; peak memory 172 MiB.
2026-10-06T05:10:17Z INFO [2/500] 421a666d-520f-4416-bc73-4d352eb407bc: 355 chunks; 3.6 s; peak memory 183 MiB.
2026-10-06T05:14:29Z INFO [3/500] 421ad9e8-dbaf-411a-8241-e465bba0d7db: 90677 chunks; 252.0 s; peak memory 484 MiB.
2026-10-06T05:14:30Z INFO [4/500] 421b10d5-aa8b-4b73-be6e-04e173b4504e: 71 chunks; 1.1 s; peak memory 484 MiB.
2026-10-06T05:14:31Z INFO [5/500] 421c3338-084a-4d37-a131-c5e51a1bc5f1: 62 chunks; 0.9 s; peak memory 484 MiB.
2026-10-06T05:14:33Z INFO [6/500] 421c79b4-cbcf-4448-b585-e5ee2d5db2a1: 213 chunks; 2.3 s; peak memory 484 MiB.
2026-10-06T05:14:34Z INFO [7/500] 421ce4ba-50cc-4d94-8863-4cc3ce30ab7f: 117 chunks; 0.7 s; peak memory 484 MiB.
2026-10-06T05:14:35Z INFO [8/500] 421dac8e-fe60-41bf-9126-b26c32b7c12f: 156 chunks; 1.6 s; peak memory 484 MiB.
2026-10-06T05:14:40Z INFO [9/500] 421dd1c3-1b67-456d-a0dd-a35c0ad7c35b: 313 chunks; 4.4 s; peak memory 484 MiB.
2026-10-06T05:14:40Z INFO [10/500] 421dd2d3-668a-4efc-819a-938a60f54a77: 112 chunks; 0.9 s; peak memory 484 MiB.
2026-10-06T05:14:42Z INFO [11/500] 421e6caf-e268-4ce7-90f5-c46f87b4cdb2: 1756 chunks; 1.8 s; peak memory 484 MiB.
2026-10-06T05:14:43Z INFO [12/500] 421ead95-cd02-45b6-8d56-d8c6fed28da4: 48 chunks; 0.8 s; peak memory 484 MiB.
2026-10-06T05:14:44Z INFO [13/500] 421ec3f8-3f6f-4513-be4a-15966b5b7026: 58 chunks; 0.5 s; peak memory 484 MiB.
2026-10-06T05:14:48Z INFO [14/500] 421f105e-4979-4df3-82e9-a70c10eeb0c7: 318 chunks; 4.7 s; peak memory 484 MiB.
2026-10-06T05:14:49Z INFO [15/500] 421f9424-a333-47d1-b0c2-c4066f914a76: 48 chunks; 0.7 s; peak memory 484 MiB.
2026-10-06T05:14:50Z INFO [16/500] 42202ca5-fbe1-4269-8ed5-c5dffd93139d: 117 chunks; 0.7 s; peak memory 484 MiB.
2026-10-06T05:14:50Z INFO [17/500] 42206d3d-0c51-45da-8ed1-877798923406: 70 chunks; 0.7 s; peak memory 484 MiB.
2026-10-06T05:14:56Z INFO [18/500] 422106b7-1b8f-4eaf-8a2f-b85d16980d33: 9180 chunks; 5.5 s; peak memory 484 MiB.
2026-10-06T05:14:57Z INFO [19/500] 4221acd3-d956-4b48-9273-847a366714bf: 57 chunks; 1.4 s; peak memory 484 MiB.
2026-10-06T05:14:58Z INFO [20/500] 4221b983-fcc2-4c47-924d-272f2df3d926: 117 chunks; 0.8 s; peak memory 484 MiB.
2026-10-06T05:15:00Z INFO [21/500] 4223280d-13ab-484d-9cbc-ccd4f1f655e5: 1598 chunks; 1.9 s; peak memory 484 MiB.
2026-10-06T05:15:01Z INFO [22/500] 4224141b-2052-44ec-bc89-3aeedf4ba82b: 106 chunks; 1.3 s; peak memory 484 MiB.
2026-10-06T05:15:03Z INFO [23/500] 4224f2c1-8f1a-4a69-b384-d67e13808c25: 138 chunks; 1.3 s; peak memory 484 MiB.
2026-10-06T05:15:04Z INFO [24/500] 4225a5ff-06df-4d2d-a263-66f34d5d5bda: 156 chunks; 1.8 s; peak memory 484 MiB.
2026-10-06T05:15:05Z INFO [25/500] 42284672-ee11-45ba-8a85-0d725e2f7a5e: 78 chunks; 0.7 s; peak memory 484 MiB.
2026-10-06T05:15:07Z INFO [26/500] 42285262-cedd-45d9-8dff-8bd988bdbcce: 115 chunks; 1.7 s; peak memory 484 MiB.
2026-10-06T05:15:07Z INFO [27/500] 4228ce76-5c68-4982-b868-0d2df15f48ab: 48 chunks; 0.7 s; peak memory 484 MiB.
2026-10-06T05:15:12Z INFO [28/500] 422956d9-0d48-484e-b79a-ad2563008e51: 1289 chunks; 4.7 s; peak memory 484 MiB.
2026-10-06T05:15:13Z INFO [29/500] 422ad0d6-1307-4916-bcc8-4f4f055173ea: 117 chunks; 0.6 s; peak memory 484 MiB.
2026-10-06T05:15:14Z INFO [30/500] 422bda01-3601-4f85-abd1-1426a80ea61b: 112 chunks; 0.8 s; peak memory 484 MiB.
2026-10-06T05:15:15Z INFO [31/500] 422ca20f-2bf0-405f-86de-1f3c23be59be: 80 chunks; 1.4 s; peak memory 484 MiB.
2026-10-06T05:15:16Z INFO [32/500] 422d1197-bc60-495d-97b4-20cb48cf053d: 118 chunks; 0.7 s; peak memory 484 MiB.
2026-10-06T05:15:16Z INFO [33/500] 422d63c1-4244-4ca0-94b8-103851007b9b: 117 chunks; 0.6 s; peak memory 484 MiB.
2026-10-06T05:15:17Z INFO [34/500] 422d797e-db1c-4d3a-a241-1a8b10de852c: 69 chunks; 1.0 s; peak memory 484 MiB.
2026-10-06T05:15:18Z INFO [35/500] 422e79e5-0293-4c58-a5ec-f29e182a5c3e: 79 chunks; 0.8 s; peak memory 484 MiB.
2026-10-06T05:15:19Z INFO [36/500] 422f5c1b-8786-406b-9437-2b137b8d4cc6: 45 chunks; 0.4 s; peak memory 484 MiB.
2026-10-06T05:15:22Z INFO [37/500] 422fb58a-bef1-4cdd-9f8b-f4a8b2b4bf06: 368 chunks; 3.3 s; peak memory 484 MiB.
2026-10-06T05:15:23Z INFO [38/500] 42311e94-d231-44ec-a7de-fcd1011486a4: 117 chunks; 0.8 s; peak memory 484 MiB.
2026-10-06T05:15:24Z INFO [39/500] 42326ab9-b963-42f5-a50a-63338eea1062: 1061 chunks; 1.5 s; peak memory 484 MiB.
2026-10-06T05:15:25Z INFO [40/500] 4232dda1-c9f1-47cc-8547-c6eea206543a: 70 chunks; 1.3 s; peak memory 484 MiB.
2026-10-06T05:15:26Z INFO [41/500] 42337471-d80e-4fac-a073-dba71b1aad74: 64 chunks; 0.9 s; peak memory 484 MiB.
2026-10-06T05:15:27Z INFO [42/500] 42351e18-5aa4-48e4-b085-2e33a981ac32: 48 chunks; 0.7 s; peak memory 484 MiB.
2026-10-06T05:15:28Z INFO [43/500] 4235c9cf-a0c6-4786-8de2-1a358b269457: 116 chunks; 0.6 s; peak memory 484 MiB.
2026-10-06T05:15:28Z INFO [44/500] 4235d9ef-cba3-48b3-8cdb-fcc117c989c8: 112 chunks; 0.7 s; peak memory 484 MiB.
2026-10-06T05:15:30Z INFO [45/500] 4236486b-386e-417b-85e7-69094965c917: 138 chunks; 1.3 s; peak memory 484 MiB.
2026-10-06T05:15:31Z INFO [46/500] 4236725c-729d-475d-8a5c-313c90acc2fc: 48 chunks; 0.8 s; peak memory 484 MiB.
2026-10-06T05:15:31Z INFO [47/500] 42369937-dcfe-4b4b-b79f-f5c8cfb5e33b: 48 chunks; 0.6 s; peak memory 484 MiB.
2026-10-06T05:15:32Z INFO [48/500] 4237f748-0d41-4be7-8d5a-73f77ca14c44: 66 chunks; 0.9 s; peak memory 484 MiB.
2026-10-06T05:15:33Z INFO [49/500] 42380fbd-1eba-4de9-9ca4-cc77170a5bc3: 83 chunks; 0.6 s; peak memory 484 MiB.
2026-10-06T05:15:34Z INFO [50/500] 4238caaa-93bb-4b36-8321-3fab37f0a304: 125 chunks; 1.4 s; peak memory 484 MiB.
2026-10-06T05:15:34Z INFO [50/500] 4238caaa-93bb-4b36-8321-3fab37f0a304: checkpointed 78884 records.
2026-10-06T05:15:37Z INFO [51/500] 4238e0b6-ba49-4503-b6b6-f835f3ae03d8: 452 chunks; 2.7 s; peak memory 484 MiB.
2026-10-06T05:15:42Z INFO [52/500] 4239c27c-3322-450a-a747-7c4add524de6: 4151 chunks; 4.6 s; peak memory 484 MiB.
2026-10-06T05:15:42Z INFO [53/500] 423a1631-fe83-4e2a-bc02-89ffbd5bf73f: 48 chunks; 0.7 s; peak memory 484 MiB.
2026-10-06T05:15:43Z INFO [54/500] 423a9661-9e34-45a4-90ad-dad86ffedbdb: 48 chunks; 0.7 s; peak memory 484 MiB.
2026-10-06T05:15:44Z INFO [55/500] 423d8444-70fb-44da-8f73-45531c517d94: 112 chunks; 0.7 s; peak memory 484 MiB.
2026-10-06T05:15:44Z INFO [56/500] 423fc45c-6ba3-4ead-981c-13be606312bd: 48 chunks; 0.6 s; peak memory 484 MiB.
2026-10-06T05:15:46Z INFO [57/500] 424021ce-3492-45ee-a09f-d56f2df7ca96: 156 chunks; 1.8 s; peak memory 484 MiB.
2026-10-06T05:15:47Z INFO [58/500] 424070a3-d587-4e53-93c2-f283df5b47ef: 64 chunks; 0.8 s; peak memory 484 MiB.
2026-10-06T05:15:48Z INFO [59/500] 42414c77-ff72-446e-92db-5470ddd70892: 118 chunks; 0.7 s; peak memory 484 MiB.
2026-10-06T05:15:55Z INFO [60/500] 42415a3d-7e7e-4bd2-9645-585b340f75e1: 28482 chunks; 7.8 s; peak memory 484 MiB.
2026-10-06T05:15:57Z INFO [61/500] 4241a8c2-d740-476c-832a-002fe4a3770f: 116 chunks; 1.5 s; peak memory 484 MiB.
2026-10-06T05:15:57Z INFO [62/500] 424240f5-373f-4507-a4a7-ecf98c928526: 121 chunks; 0.6 s; peak memory 484 MiB.
2026-10-06T05:15:59Z INFO [63/500] 42428081-5b88-482f-8395-8b0c5a78e024: 71 chunks; 1.3 s; peak memory 484 MiB.
2026-10-06T05:16:00Z INFO [64/500] 42429ce0-76f5-481a-b325-d50796a4df92: 112 chunks; 1.0 s; peak memory 484 MiB.
2026-10-06T05:16:18Z INFO [65/500] 424312e0-3530-4edf-a8b0-52190c419eea: 6053 chunks; 18.3 s; peak memory 484 MiB.
2026-10-06T05:16:19Z INFO [66/500] 42439681-8d15-4277-9e75-9ce21de7a41f: 112 chunks; 0.7 s; peak memory 484 MiB.
2026-10-06T05:16:19Z INFO [67/500] 4243d7b8-7e06-4cea-9b52-e5cb29f17cec: 46 chunks; 0.5 s; peak memory 484 MiB.
2026-10-06T05:16:22Z INFO [68/500] 4245314e-7b74-40bc-ad8c-e55458b90378: 12998 chunks; 3.2 s; peak memory 484 MiB.
2026-10-06T05:16:26Z INFO [69/500] 42455559-b1cb-4cce-82ed-9209953cbed6: 2513 chunks; 3.5 s; peak memory 484 MiB.
2026-10-06T05:16:27Z INFO [70/500] 424586e1-a1b3-4bdd-b242-67440367e814: 112 chunks; 0.7 s; peak memory 484 MiB.
2026-10-06T05:16:27Z INFO [71/500] 424706b2-668f-49a1-b4a7-35abb4da4bac: 118 chunks; 0.7 s; peak memory 484 MiB.
2026-10-06T05:16:28Z INFO [72/500] 424727ad-2c5a-415e-af5f-a4cc6612d2b9: 117 chunks; 0.8 s; peak memory 484 MiB.
2026-10-06T05:16:29Z INFO [73/500] 42478aee-68ce-482f-b6c8-8137b65f632a: 132 chunks; 1.0 s; peak memory 484 MiB.
2026-10-06T05:16:30Z INFO [74/500] 4248161d-386e-4d2e-99f0-50861b4cb483: 117 chunks; 0.8 s; peak memory 484 MiB.
2026-10-06T05:16:31Z INFO [75/500] 42481855-fa06-4d66-9d18-2ab0450ff238: 99 chunks; 1.3 s; peak memory 484 MiB.
2026-10-06T05:16:32Z INFO [76/500] 4248c9d2-13fa-473d-a9eb-0e2439916931: 46 chunks; 0.5 s; peak memory 484 MiB.
2026-10-06T05:16:35Z INFO [77/500] 42493878-ca4b-4295-ac9e-fb85d5e8db35: 453 chunks; 3.6 s; peak memory 484 MiB.
2026-10-06T05:16:36Z INFO [78/500] 424a544d-5677-4c08-a0d6-8c8d80b0916b: 74 chunks; 0.7 s; peak memory 484 MiB.
2026-10-06T05:16:37Z INFO [79/500] 424a70cc-7ef5-4f3b-a032-c04d3d0c6b1d: 121 chunks; 1.1 s; peak memory 484 MiB.
2026-10-06T05:16:38Z INFO [80/500] 424b2371-f6b8-4df3-9cb5-108574cbaa65: 52 chunks; 0.6 s; peak memory 484 MiB.
2026-10-06T05:16:38Z INFO [81/500] 424b69fc-d15d-47f3-8195-44a359c4f606: 118 chunks; 0.6 s; peak memory 484 MiB.
2026-10-06T05:16:39Z INFO [82/500] 424c1d6e-fca1-4aad-bfce-a5cbe5144ba9: 77 chunks; 0.7 s; peak memory 484 MiB.
2026-10-06T05:16:47Z INFO [83/500] 424c607b-e317-48f4-9fb1-6c58d62c1f38: 2161 chunks; 8.4 s; peak memory 484 MiB.
2026-10-06T05:16:48Z INFO [84/500] 424cc5ea-417d-4252-b412-8288c92d3359: 116 chunks; 0.7 s; peak memory 484 MiB.
2026-10-06T05:16:50Z INFO [85/500] 424edca4-7add-49f8-a7a6-f62f0012bcb5: 90 chunks; 1.7 s; peak memory 484 MiB.
2026-10-06T05:16:50Z INFO [86/500] 424eef2f-5190-4116-aa5a-85358fe0eed5: 112 chunks; 0.8 s; peak memory 484 MiB.
2026-10-06T05:16:51Z INFO [87/500] 424f2faf-5b8c-4043-af0e-2d8d1e6b03dd: 112 chunks; 0.7 s; peak memory 484 MiB.
2026-10-06T05:16:52Z INFO [88/500] 424fd27e-1596-4fdc-ba25-75fe3801b9d1: 90 chunks; 0.7 s; peak memory 484 MiB.
2026-10-06T05:16:54Z INFO [89/500] 424fd68b-6910-4c7b-b98a-e0573d4b1130: 115 chunks; 1.7 s; peak memory 484 MiB.
2026-10-06T05:16:59Z INFO [90/500] 4250579f-7f37-4d2b-94fb-7381fcbb6bf9: 336 chunks; 4.9 s; peak memory 484 MiB.
2026-10-06T05:17:00Z INFO [91/500] 4250ac3c-b128-4f33-b4c4-b54bcd020edf: 112 chunks; 1.4 s; peak memory 484 MiB.
2026-10-06T05:17:01Z INFO [92/500] 42522294-0a4c-4df2-a8af-581252e27d55: 79 chunks; 0.7 s; peak memory 484 MiB.
2026-10-06T05:17:01Z INFO [93/500] 4252c7a3-a781-4b4b-b2b7-9b0c6cf0e228: 112 chunks; 0.8 s; peak memory 484 MiB.
2026-10-06T05:17:02Z INFO [94/500] 42541b8b-8bd7-4c1e-9dae-12e55405250e: 51 chunks; 1.0 s; peak memory 484 MiB.
2026-10-06T05:17:04Z INFO [95/500] 4255c687-2c9c-4ffc-83b6-08157b521931: 303 chunks; 1.8 s; peak memory 484 MiB.
2026-10-06T05:17:06Z INFO [96/500] 4255d911-06b6-4d4c-a503-4965e0548995: 119 chunks; 1.7 s; peak memory 484 MiB.
2026-10-06T05:17:08Z INFO [97/500] 42563b8d-bc47-4223-b0f0-51ab8e981cea: 2393 chunks; 2.4 s; peak memory 484 MiB.
2026-10-06T05:19:09Z INFO [98/500] 42564ed0-dba1-4e1a-ad06-f79dd2ddece9: 40631 chunks; 120.3 s; peak memory 484 MiB.
2026-10-06T05:19:10Z INFO [99/500] 42570a1d-0c64-4390-8e66-ad9067386827: 168 chunks; 1.3 s; peak memory 484 MiB.
2026-10-06T05:19:11Z INFO [100/500] 425720b3-e367-484f-847a-a20b91b04eb6: 117 chunks; 0.9 s; peak memory 484 MiB.
2026-10-06T05:19:11Z INFO [100/500] 425720b3-e367-484f-847a-a20b91b04eb6: checkpointed 78934 records.
2026-10-06T05:19:13Z INFO [101/500] 42573ef7-bbc0-461e-8194-df8ec8d22bbd: 1061 chunks; 1.4 s; peak memory 484 MiB.
2026-10-06T05:19:13Z INFO [102/500] 425798d8-10a0-415e-9366-9c4595fcbf98: 48 chunks; 0.7 s; peak memory 484 MiB.
2026-10-06T05:19:15Z INFO [103/500] 42579c90-f278-4e58-96a3-06d5e3e7b7eb: 119 chunks; 1.3 s; peak memory 484 MiB.
2026-10-06T05:19:29Z INFO [104/500] 4257b710-a228-408b-b96c-c2e4c63e4db2: 33460 chunks; 13.9 s; peak memory 484 MiB.
2026-10-06T05:19:29Z INFO [105/500] 4257d15c-9a49-46b1-b8ce-a0b23a4af4a2: 117 chunks; 0.8 s; peak memory 484 MiB.
2026-10-06T05:19:30Z INFO [106/500] 425909a4-e161-4cf4-a086-bd502e1f5863: 105 chunks; 0.9 s; peak memory 484 MiB.
2026-10-06T05:19:31Z INFO [107/500] 425a4c16-7a2c-4ce9-9dd7-b80e11296605: 84 chunks; 0.8 s; peak memory 484 MiB.
2026-10-06T05:19:32Z INFO [108/500] 425a99d0-c23f-4176-af4f-ac76de4b12fd: 48 chunks; 0.7 s; peak memory 484 MiB.
2026-10-06T05:19:32Z INFO [109/500] 425aad55-d400-463c-8b21-cdea9bfadac2: 72 chunks; 0.8 s; peak memory 484 MiB.
2026-10-06T05:19:33Z INFO [110/500] 425ab2da-dcfa-48db-9a40-0e05ffefdb57: 117 chunks; 0.8 s; peak memory 484 MiB.
2026-10-06T05:19:34Z INFO [111/500] 425b7f01-65c5-4355-a7b7-6820f37869e0: 112 chunks; 0.8 s; peak memory 484 MiB.
2026-10-06T05:19:35Z INFO [112/500] 425c0cd7-1179-44ee-94c5-44335ab35b13: 71 chunks; 1.1 s; peak memory 484 MiB.
2026-10-06T05:19:37Z INFO [113/500] 425cb7f2-03b3-491a-bf53-3f85ea690563: 9302 chunks; 2.4 s; peak memory 484 MiB.
2026-10-06T05:19:45Z INFO [114/500] 425cff4d-57e1-4eb2-a7f7-bb3bff8f2cef: 2512 chunks; 8.0 s; peak memory 484 MiB.
2026-10-06T05:19:46Z INFO [115/500] 425d8c07-dbd8-40ed-ace0-3b7e2afafac7: 112 chunks; 0.9 s; peak memory 484 MiB.
2026-10-06T05:19:47Z INFO [116/500] 425e1ad4-afe4-46d1-b852-5b8de023163b: 118 chunks; 0.8 s; peak memory 484 MiB.
2026-10-06T05:20:00Z INFO [117/500] 425e3809-bf71-4193-a16a-7cd4bb0fc48e: 282 chunks; 13.0 s; peak memory 484 MiB.
2026-10-06T05:20:02Z INFO [118/500] 425e71b1-1578-4dbf-b3d7-318743fd1f3b: 119 chunks; 1.6 s; peak memory 484 MiB.
2026-10-06T05:23:29Z INFO [119/500] 425f8ccc-e123-4285-96f3-cd52ec248d7b: 75403 chunks; 207.8 s; peak memory 484 MiB.
2026-10-06T05:23:30Z INFO [120/500] 42616ada-99f9-4afc-ab99-28ae25de72d4: 118 chunks; 0.6 s; peak memory 484 MiB.
2026-10-06T05:23:31Z INFO [121/500] 4261b039-8ddd-4ef6-83d4-7858d9a3d19b: 48 chunks; 0.6 s; peak memory 484 MiB.
2026-10-06T05:23:32Z INFO [122/500] 4261de00-275b-455c-abdd-4727d2ff14e2: 116 chunks; 1.7 s; peak memory 484 MiB.
2026-10-06T05:23:50Z INFO [123/500] 4261ef95-a161-4055-8633-c40fb3cfcac2: 6140 chunks; 17.5 s; peak memory 484 MiB.
2026-10-06T05:23:54Z INFO [124/500] 4262dc98-b8ce-4ab8-901e-83cd2805cd67: 16990 chunks; 4.5 s; peak memory 484 MiB.
2026-10-06T05:23:55Z INFO [125/500] 42643af9-112b-4798-aa24-79cc474462bb: 937 chunks; 1.0 s; peak memory 484 MiB.
2026-10-06T05:23:56Z INFO [126/500] 426479d0-d50e-4e64-a24b-9b10c427ac39: 41 chunks; 0.5 s; peak memory 484 MiB.
2026-10-06T05:23:57Z INFO [127/500] 42649e7e-b3a0-419c-9c41-1e7c7afe9584: 117 chunks; 0.8 s; peak memory 484 MiB.
2026-10-06T05:23:57Z INFO [128/500] 4264f105-f26a-47dd-8cd0-8f3e85e2d40b: 118 chunks; 0.7 s; peak memory 484 MiB.
2026-10-06T05:24:01Z INFO [129/500] 426698c4-6b6c-4c94-bcee-3cff834c4e00: 452 chunks; 3.6 s; peak memory 484 MiB.
2026-10-06T05:24:03Z INFO [130/500] 426736ac-928b-4a72-be96-3fe6e11efa08: 90 chunks; 1.6 s; peak memory 484 MiB.
2026-10-06T05:24:03Z INFO [131/500] 4267d4ac-72b7-4db0-b3e7-76b1d7bb3df4: 112 chunks; 0.7 s; peak memory 484 MiB.
2026-10-06T05:24:06Z INFO [132/500] 4267e473-e66f-4a1f-a26f-14e468a8e5f8: 1735 chunks; 2.4 s; peak memory 484 MiB.
2026-10-06T05:24:06Z INFO [133/500] 42685670-b1bf-41e1-8a13-cbc524d05881: 45 chunks; 0.6 s; peak memory 484 MiB.
2026-10-06T05:24:07Z INFO [134/500] 42687429-5436-4ecf-897c-b5e9e0b37b37: 52 chunks; 0.6 s; peak memory 484 MiB.
2026-10-06T05:24:07Z INFO [135/500] 426afcd8-57f1-45e6-9575-045d4d8d73f9: 53 chunks; 0.5 s; peak memory 484 MiB.
2026-10-06T05:24:09Z INFO [136/500] 426bd113-e2b9-496b-889d-ec4a7dd20663: 71 chunks; 1.1 s; peak memory 484 MiB.
2026-10-06T05:24:10Z INFO [137/500] 426bfaf0-a90f-4dc8-b8d9-fd48fde4fcfe: 115 chunks; 1.5 s; peak memory 484 MiB.
2026-10-06T05:24:11Z INFO [138/500] 426cdabb-2f78-498a-9d30-d856047136da: 48 chunks; 0.7 s; peak memory 484 MiB.
2026-10-06T05:24:15Z INFO [139/500] 426d1b91-2b50-4b14-8d70-420b44347598: 4133 chunks; 4.2 s; peak memory 484 MiB.
2026-10-06T05:24:17Z INFO [140/500] 426d7e24-2d65-4d25-9c31-cade34901d3b: 980 chunks; 2.4 s; peak memory 484 MiB.
2026-10-06T05:24:18Z INFO [141/500] 426dac48-cf1f-4489-8817-dffad68f10a8: 117 chunks; 0.7 s; peak memory 484 MiB.
2026-10-06T05:24:19Z INFO [142/500] 426f4e17-731b-4c0b-a01b-c1522c4aa297: 117 chunks; 0.8 s; peak memory 484 MiB.
2026-10-06T05:24:20Z INFO [143/500] 426f50bf-33c2-45a3-9c8e-d600bf74b937: 118 chunks; 0.6 s; peak memory 484 MiB.
2026-10-06T05:24:36Z INFO [144/500] 426fc841-41be-407e-9deb-60cbb0512528: 5611 chunks; 16.6 s; peak memory 484 MiB.
2026-10-06T05:24:37Z INFO [145/500] 4271c03a-dc70-4864-867b-346fa64bdad5: 116 chunks; 0.7 s; peak memory 484 MiB.
2026-10-06T05:24:40Z INFO [146/500] 4271e391-08e8-4178-8df5-ff32fa705c1e: 242 chunks; 3.0 s; peak memory 484 MiB.
2026-10-06T05:24:40Z INFO [147/500] 42739d51-1b9b-4bd5-9638-3b06316ad8d2: 117 chunks; 0.6 s; peak memory 484 MiB.
2026-10-06T05:24:41Z INFO [148/500] 42747c5f-0455-4708-85e1-0cecb0b4f4c3: 48 chunks; 0.5 s; peak memory 484 MiB.
2026-10-06T05:24:41Z INFO [149/500] 4274d851-b189-454e-8542-7445a7028ec6: 46 chunks; 0.4 s; peak memory 484 MiB.
2026-10-06T05:24:42Z INFO [150/500] 427502af-8928-4ea5-a98d-b746b8866f82: 48 chunks; 0.7 s; peak memory 484 MiB.
2026-10-06T05:24:42Z INFO [150/500] 427502af-8928-4ea5-a98d-b746b8866f82: checkpointed 78984 records.
2026-10-06T05:24:44Z INFO [151/500] 42750b1d-feac-46dc-8915-a15520bdffe4: 115 chunks; 1.5 s; peak memory 484 MiB.
2026-10-06T05:24:45Z INFO [152/500] 427580fa-716a-4f54-94b8-bca588ed9c02: 71 chunks; 1.2 s; peak memory 484 MiB.
2026-10-06T05:24:46Z INFO [153/500] 42758346-b3e6-4a85-9b6a-e04ecaece181: 79 chunks; 0.7 s; peak memory 484 MiB.
2026-10-06T05:24:46Z INFO [154/500] 427843e7-e021-4cbe-8e95-e807a81fb35b: 48 chunks; 0.6 s; peak memory 484 MiB.
2026-10-06T05:24:47Z INFO [155/500] 42796665-7b6b-4e3d-a82d-6c0bf3f6e8e5: 69 chunks; 1.0 s; peak memory 484 MiB.
2026-10-06T05:24:48Z INFO [156/500] 427ada90-ed0b-44bb-bb53-bcdd72b2e0da: 329 chunks; 0.5 s; peak memory 484 MiB.
2026-10-06T05:24:49Z INFO [157/500] 427b4f43-9803-41d1-b617-dc7cd2f2833a: 112 chunks; 0.7 s; peak memory 484 MiB.
2026-10-06T05:24:49Z INFO [158/500] 427c60d8-5acb-414a-9b93-06defc54b930: 117 chunks; 0.6 s; peak memory 484 MiB.
2026-10-06T05:24:50Z INFO [159/500] 427d60d9-c130-42a1-8116-50ea4c3217c2: 52 chunks; 0.6 s; peak memory 484 MiB.
2026-10-06T05:24:50Z INFO [160/500] 427e9b7d-4009-44c8-8b39-62c374b39e3c: 117 chunks; 0.7 s; peak memory 484 MiB.
2026-10-06T05:24:51Z INFO [161/500] 427f499c-e5d7-4092-a088-f60bebf28e61: 112 chunks; 0.7 s; peak memory 484 MiB.
2026-10-06T05:24:52Z INFO [162/500] 427f72e9-a110-4032-9ab8-ddb13a336fa4: 52 chunks; 0.4 s; peak memory 484 MiB.
2026-10-06T05:24:52Z INFO [163/500] 42802b3b-bb44-4361-bbca-860342b99aa3: 118 chunks; 0.7 s; peak memory 484 MiB.
2026-10-06T05:24:53Z INFO [164/500] 4280cbb9-b0bd-4878-a33f-ebccb4da1ef2: 112 chunks; 0.7 s; peak memory 484 MiB.
2026-10-06T05:24:54Z INFO [165/500] 4280d0fc-83d1-45d9-b01e-b0c51838e2ee: 56 chunks; 0.5 s; peak memory 484 MiB.
2026-10-06T05:24:54Z INFO [166/500] 4280edf4-3339-4a8e-8d65-f639e913015d: 52 chunks; 0.6 s; peak memory 484 MiB.
2026-10-06T05:25:02Z INFO [167/500] 42819e40-2395-4876-a5f1-ba6811459fd0: 33277 chunks; 8.3 s; peak memory 484 MiB.
2026-10-06T05:25:03Z INFO [168/500] 4281eb92-966a-4077-b8a8-e01814c496d1: 118 chunks; 0.6 s; peak memory 484 MiB.
2026-10-06T05:25:03Z INFO [169/500] 42820f69-b6ef-4092-944f-d24d3ebc0b88: 48 chunks; 0.5 s; peak memory 484 MiB.
2026-10-06T05:25:04Z INFO [170/500] 42825493-6404-4be8-a22d-d146a6eec3ef: 117 chunks; 0.8 s; peak memory 484 MiB.
2026-10-06T05:25:05Z INFO [171/500] 42829986-f1b7-443f-8a0d-4f07d43ba759: 117 chunks; 0.7 s; peak memory 484 MiB.
2026-10-06T05:25:06Z INFO [172/500] 428345c4-a58d-4e75-b36d-1e55918736b2: 997 chunks; 1.1 s; peak memory 484 MiB.
2026-10-06T05:25:07Z INFO [173/500] 42837bf2-1d06-4b57-9e48-a111ca4438f7: 117 chunks; 0.6 s; peak memory 484 MiB.
2026-10-06T05:25:07Z INFO [174/500] 4284dcbd-ce2f-45d0-bac2-b7805b4b00ba: 48 chunks; 0.6 s; peak memory 484 MiB.
2026-10-06T05:25:08Z INFO [175/500] 4285415e-95f1-49b5-934d-06401d22bd1e: 48 chunks; 0.5 s; peak memory 484 MiB.
2026-10-06T05:25:23Z INFO [176/500] 42854fcc-65a0-4b3b-a05c-356f2a0b7d05: 14161 chunks; 14.8 s; peak memory 484 MiB.
2026-10-06T05:25:23Z INFO [177/500] 428598db-8006-4eb7-9baa-d9f2168c0e14: 92 chunks; 0.5 s; peak memory 484 MiB.
2026-10-06T05:25:26Z INFO [178/500] 4285c7d4-b1ee-4653-af79-bb4707fad686: 3395 chunks; 2.6 s; peak memory 484 MiB.
2026-10-06T05:28:45Z INFO [179/500] 42861411-2270-4a17-98e5-a466a6589f7b: 75243 chunks; 199.6 s; peak memory 484 MiB.
2026-10-06T05:28:46Z INFO [180/500] 42863464-aa82-4d7a-9fbf-a299066db0ad: 77 chunks; 0.7 s; peak memory 484 MiB.
2026-10-06T05:28:48Z INFO [181/500] 42869f15-5083-4a44-a2bd-75225e821a3e: 115 chunks; 1.4 s; peak memory 484 MiB.
2026-10-06T05:28:48Z INFO [182/500] 4286dcca-5d11-4779-ba4a-7952508f8482: 117 chunks; 0.6 s; peak memory 484 MiB.
2026-10-06T05:28:49Z INFO [183/500] 4286fdd3-de2f-41a9-9435-45d623950493: 37 chunks; 0.5 s; peak memory 484 MiB.
2026-10-06T05:28:50Z INFO [184/500] 428770bc-cc34-412c-815b-05c36ad90885: 156 chunks; 1.7 s; peak memory 484 MiB.
2026-10-06T05:28:51Z INFO [185/500] 4287e37d-dd82-40ad-9858-3c3a1b136a12: 118 chunks; 0.8 s; peak memory 484 MiB.
2026-10-06T05:28:52Z INFO [186/500] 428823c1-d9ea-4957-975c-a7e38840c889: 48 chunks; 0.6 s; peak memory 484 MiB.
2026-10-06T05:28:52Z INFO [187/500] 428883d7-fd8e-48b0-b2fc-715ac2055090: 48 chunks; 0.6 s; peak memory 484 MiB.
2026-10-06T05:32:24Z INFO [188/500] 428960c1-477d-497f-a896-2968d7a02035: 75487 chunks; 211.4 s; peak memory 488 MiB.
2026-10-06T05:32:27Z INFO [189/500] 4289a84e-e088-42fc-993e-cd1b2ec94ea8: 2923 chunks; 3.4 s; peak memory 488 MiB.
2026-10-06T05:32:28Z INFO [190/500] 428ace64-bdfe-448a-9b64-d5057ce60f06: 48 chunks; 0.7 s; peak memory 488 MiB.
2026-10-06T05:32:31Z INFO [191/500] 428aedfa-d2c5-44bf-a447-5edc1d52fef3: 250 chunks; 3.2 s; peak memory 488 MiB.
2026-10-06T05:32:32Z INFO [192/500] 428b9174-54f9-4b52-852c-cd3599d9a0e2: 997 chunks; 1.3 s; peak memory 488 MiB.
2026-10-06T05:32:33Z INFO [193/500] 428cbd56-b6ae-4663-b543-28316f009617: 112 chunks; 0.7 s; peak memory 488 MiB.
2026-10-06T05:34:35Z INFO [194/500] 428cd4cb-6334-47ae-937f-3eade70d1908: 42690 chunks; 121.5 s; peak memory 488 MiB.
2026-10-06T05:34:35Z INFO [195/500] 428d1147-1df8-47dd-97cb-8e13e9357758: 118 chunks; 0.8 s; peak memory 488 MiB.
2026-10-06T05:34:36Z INFO [196/500] 428d137f-548f-4ec8-bd48-26db8adc2613: 48 chunks; 0.9 s; peak memory 488 MiB.
2026-10-06T05:34:37Z INFO [197/500] 428d2333-44c8-473c-bc15-9344ec604ba9: 289 chunks; 0.9 s; peak memory 488 MiB.
2026-10-06T05:35:00Z INFO [198/500] 428df188-7668-43fd-89b3-438b1102db44: 6040 chunks; 22.4 s; peak memory 488 MiB.
2026-10-06T05:35:00Z INFO [199/500] 428e0d37-0ab7-45f0-8194-29b933b20a7e: 48 chunks; 0.8 s; peak memory 488 MiB.
2026-10-06T05:35:01Z INFO [200/500] 428efa0b-d690-49b8-9462-947caf7c931d: 117 chunks; 0.8 s; peak memory 488 MiB.
2026-10-06T05:35:02Z INFO [200/500] 428efa0b-d690-49b8-9462-947caf7c931d: checkpointed 79034 records.
2026-10-06T05:35:41Z INFO [201/500] 42903713-acfe-4d50-84f3-ae9effd9757b: 23858 chunks; 39.9 s; peak memory 488 MiB.
2026-10-06T05:35:42Z INFO [202/500] 429384ff-f754-45de-8564-608ba3094704: 48 chunks; 0.6 s; peak memory 488 MiB.
2026-10-06T05:35:43Z INFO [203/500] 4293dcff-9bf4-4773-96ac-b3609fecd38a: 92 chunks; 0.6 s; peak memory 488 MiB.
2026-10-06T05:35:43Z INFO [204/500] 429495c4-50d2-4774-86fa-e2c929255abb: 46 chunks; 0.5 s; peak memory 488 MiB.
2026-10-06T05:35:47Z INFO [205/500] 4294c1dc-722f-4dfc-984e-41e1e99740c5: 675 chunks; 4.4 s; peak memory 488 MiB.
2026-10-06T05:35:48Z INFO [206/500] 4294df3d-c51f-4903-ab49-2f4506cb671c: 112 chunks; 0.8 s; peak memory 488 MiB.
2026-10-06T05:35:49Z INFO [207/500] 4296f506-4d39-4ae1-af31-80b98dcb1cc1: 48 chunks; 0.7 s; peak memory 488 MiB.
2026-10-06T05:37:46Z INFO [208/500] 4297a7b0-beea-49fe-b558-14eb4af501b5: 40567 chunks; 117.5 s; peak memory 488 MiB.
2026-10-06T05:37:47Z INFO [209/500] 42984c5c-5fb8-4218-af06-eb2992921103: 46 chunks; 0.4 s; peak memory 488 MiB.
2026-10-06T05:37:48Z INFO [210/500] 42984f4c-5744-46a7-ab62-18f56c85a84f: 69 chunks; 0.9 s; peak memory 488 MiB.
2026-10-06T05:37:48Z INFO [211/500] 4298d99e-900e-4176-8461-cbb298475b3e: 118 chunks; 0.6 s; peak memory 488 MiB.
2026-10-06T05:37:49Z INFO [212/500] 4298e52e-6e3a-4591-b6eb-7f0fd661236f: 112 chunks; 0.9 s; peak memory 488 MiB.
2026-10-06T05:37:50Z INFO [213/500] 4299c480-6337-4b07-9813-a83e7c475c38: 74 chunks; 0.7 s; peak memory 488 MiB.
2026-10-06T05:37:57Z INFO [214/500] 429a2e11-09c3-4e66-8731-dd3929fe67e5: 4183 chunks; 7.3 s; peak memory 488 MiB.
2026-10-06T05:37:58Z INFO [215/500] 429a9dd2-c6bd-4c49-b14b-b64fb2bdbde8: 48 chunks; 0.7 s; peak memory 488 MiB.
2026-10-06T05:38:00Z INFO [216/500] 429aac56-243d-4d8e-8901-9f2c13aafa0f: 416 chunks; 2.2 s; peak memory 488 MiB.
2026-10-06T05:38:01Z INFO [217/500] 429b9db9-199d-4e02-a9a5-ad088d3fbdc0: 77 chunks; 0.7 s; peak memory 488 MiB.
2026-10-06T05:38:01Z INFO [218/500] 429c52e7-06c3-43ee-ac5d-aabd454e9151: 79 chunks; 0.7 s; peak memory 488 MiB.
2026-10-06T05:38:03Z INFO [219/500] 429d5017-74b9-40e6-a3c8-f0b0ed10eaaf: 62 chunks; 1.0 s; peak memory 488 MiB.
2026-10-06T05:38:03Z INFO [220/500] 429e26ba-8574-489d-86eb-3fea6fbde780: 41 chunks; 0.5 s; peak memory 488 MiB.
2026-10-06T05:38:04Z INFO [221/500] 429e327a-85cc-4d6e-af06-6a8a5cd0e899: 35 chunks; 0.5 s; peak memory 488 MiB.
2026-10-06T05:38:04Z INFO [222/500] 429e4c0a-b50e-45b0-9a27-ab62d194bd8f: 71 chunks; 0.7 s; peak memory 488 MiB.
2026-10-06T05:38:11Z INFO [223/500] 429f4695-bf01-4359-a0d9-3f9b221b95da: 12564 chunks; 6.3 s; peak memory 488 MiB.
2026-10-06T05:38:13Z INFO [224/500] 42a0afb6-7604-4d36-9810-09206d07322d: 101 chunks; 2.0 s; peak memory 488 MiB.
2026-10-06T05:38:13Z INFO [225/500] 42a2338c-91f3-4b7c-b287-f2766dd0efbc: 48 chunks; 0.7 s; peak memory 488 MiB.
2026-10-06T05:38:15Z INFO [226/500] 42a30353-a270-4b18-aec2-7d8cdae0b666: 114 chunks; 1.6 s; peak memory 488 MiB.
2026-10-06T05:38:15Z INFO [227/500] 42a3099f-2c04-4693-936d-5deb0b6a79e7: 46 chunks; 0.4 s; peak memory 488 MiB.
2026-10-06T05:38:16Z INFO [228/500] 42a396fa-96d1-4b4f-a3a1-6d62f119f407: 46 chunks; 0.4 s; peak memory 488 MiB.
2026-10-06T05:38:17Z INFO [229/500] 42a3ed44-1826-4369-b8d6-f737134b21c7: 71 chunks; 1.3 s; peak memory 488 MiB.
2026-10-06T05:38:18Z INFO [230/500] 42a4c74c-5e17-4d54-9a84-a3ecd5e67936: 112 chunks; 0.7 s; peak memory 488 MiB.
2026-10-06T05:38:18Z INFO [231/500] 42a4e4ee-fc0c-4db3-8005-b8365b13345a: 84 chunks; 0.6 s; peak memory 488 MiB.
2026-10-06T05:38:22Z INFO [232/500] 42a56cab-6483-40c0-980b-8e3e75926ec0: 352 chunks; 3.5 s; peak memory 488 MiB.
2026-10-06T05:38:22Z INFO [233/500] 42a5a0b3-6864-4423-90b8-fb73d300654e: 112 chunks; 0.8 s; peak memory 488 MiB.
2026-10-06T05:38:23Z INFO [234/500] 42a65e29-fd63-4a26-8dfc-6fd131005492: 64 chunks; 0.6 s; peak memory 488 MiB.
2026-10-06T05:38:24Z INFO [235/500] 42a663f0-4ea2-4d73-92a8-9c9eb814eb8e: 118 chunks; 1.1 s; peak memory 488 MiB.
2026-10-06T05:38:25Z INFO [236/500] 42a6f06d-63b5-4dc4-8f4d-154ef1b28c1f: 66 chunks; 1.0 s; peak memory 488 MiB.
2026-10-06T05:38:26Z INFO [237/500] 42a74475-ced8-4f7b-8590-c0e2155ccfdc: 51 chunks; 0.9 s; peak memory 488 MiB.
2026-10-06T05:38:26Z INFO [238/500] 42a8579e-ef72-42d3-a4a1-7322eb0a37f2: 46 chunks; 0.4 s; peak memory 488 MiB.
2026-10-06T05:38:32Z INFO [239/500] 42a8cb9f-6d5c-4a87-b0c4-d1ac96c67752: 1841 chunks; 5.6 s; peak memory 488 MiB.
2026-10-06T05:38:33Z INFO [240/500] 42aa8637-e135-46a9-aef3-3d86ebd8763c: 48 chunks; 0.6 s; peak memory 488 MiB.
2026-10-06T05:38:33Z INFO [241/500] 42ab8a11-ea45-429d-83c4-dde04f823483: 41 chunks; 0.5 s; peak memory 488 MiB.
2026-10-06T05:38:34Z INFO [242/500] 42ad11be-d28f-4758-b8e2-fa57aba51b97: 117 chunks; 0.7 s; peak memory 488 MiB.
2026-10-06T05:38:34Z INFO [243/500] 42ad23b8-da71-4af3-baf6-3db415448bcb: 36 chunks; 0.6 s; peak memory 488 MiB.
2026-10-06T05:38:35Z INFO [244/500] 42ad393f-a657-4d63-ac52-7c728fb42a87: 117 chunks; 0.6 s; peak memory 488 MiB.
2026-10-06T05:38:36Z INFO [245/500] 42af2c75-3e0a-40e5-9200-55fba3c14edb: 117 chunks; 0.6 s; peak memory 488 MiB.
2026-10-06T05:38:37Z INFO [246/500] 42af35ac-3d43-4d60-bc33-c2b8e19fa557: 51 chunks; 0.9 s; peak memory 488 MiB.
2026-10-06T05:38:37Z INFO [247/500] 42af9ace-f285-4554-bf42-84c7f1bf565f: 69 chunks; 0.8 s; peak memory 488 MiB.
2026-10-06T05:38:38Z INFO [248/500] 42b054dd-b89a-486b-a01b-b450eaa518b5: 158 chunks; 0.9 s; peak memory 488 MiB.
2026-10-06T05:38:39Z INFO [249/500] 42b06bb6-0876-45a9-bbec-e00bea51c8ba: 121 chunks; 0.5 s; peak memory 488 MiB.
2026-10-06T05:38:39Z INFO [250/500] 42b18eab-0476-41dd-ac63-ea4c9c022f26: 49 chunks; 0.7 s; peak memory 488 MiB.
2026-10-06T05:38:40Z INFO [250/500] 42b18eab-0476-41dd-ac63-ea4c9c022f26: checkpointed 79084 records.
2026-10-06T05:38:40Z INFO [251/500] 42b1ea75-e91c-4da7-814c-d0dcc4513667: 48 chunks; 0.6 s; peak memory 488 MiB.
2026-10-06T05:38:41Z INFO [252/500] 42b24814-4e64-4afb-929b-9d3cfa6fbded: 997 chunks; 1.2 s; peak memory 488 MiB.
2026-10-06T05:38:42Z INFO [253/500] 42b2eed6-4715-42b8-8a7e-54360a8e693c: 118 chunks; 0.6 s; peak memory 488 MiB.
2026-10-06T05:40:40Z INFO [254/500] 42b527b0-b83d-4076-bdad-04acda8aa0a6: 45232 chunks; 117.7 s; peak memory 488 MiB.
2026-10-06T05:40:41Z INFO [255/500] 42b53719-27b9-4d4f-8c20-7c20c65ab14e: 997 chunks; 1.4 s; peak memory 488 MiB.
2026-10-06T05:40:43Z INFO [256/500] 42b61c09-d8bb-40fc-9322-3971697e6ad8: 3061 chunks; 1.8 s; peak memory 488 MiB.
2026-10-06T05:44:06Z INFO [257/500] 42b65250-e5ac-47aa-aa4f-0c42a127d25d: 75923 chunks; 202.7 s; peak memory 493 MiB.
2026-10-06T05:44:06Z INFO [258/500] 42b75e84-9d91-413f-ad05-78a2ac04f292: 37 chunks; 0.6 s; peak memory 493 MiB.
2026-10-06T05:44:07Z INFO [259/500] 42b79855-0e36-44a2-8795-5bca539cff7f: 48 chunks; 0.6 s; peak memory 493 MiB.
2026-10-06T05:44:08Z INFO [260/500] 42b7e554-f8ad-4ad6-a0c1-ed65d5ee05f4: 112 chunks; 0.9 s; peak memory 493 MiB.
2026-10-06T05:44:09Z INFO [261/500] 42b805c6-5556-4bec-872e-89393c5c2a5c: 149 chunks; 1.4 s; peak memory 493 MiB.
2026-10-06T05:44:10Z INFO [262/500] 42b88ac0-1449-437d-9f36-a7316a456ee2: 117 chunks; 0.7 s; peak memory 493 MiB.
2026-10-06T05:44:10Z INFO [263/500] 42b8ecfb-c26d-46e9-9eea-2d3c8099d027: 48 chunks; 0.7 s; peak memory 493 MiB.
2026-10-06T05:44:11Z INFO [264/500] 42b9ca32-04da-4db6-8b94-9ef2026113e5: 112 chunks; 0.9 s; peak memory 493 MiB.
2026-10-06T05:44:15Z INFO [265/500] 42ba044b-deb7-4e74-8eb2-32dcfe10f9ca: 246 chunks; 3.2 s; peak memory 493 MiB.
2026-10-06T05:44:15Z INFO [266/500] 42ba227e-e87d-4cb0-b3ed-2d8f375f5b81: 46 chunks; 0.6 s; peak memory 493 MiB.
2026-10-06T05:44:16Z INFO [267/500] 42bacbd7-0ad6-42b2-bca6-d1e281b6bf9a: 77 chunks; 0.7 s; peak memory 493 MiB.
2026-10-06T05:44:17Z INFO [268/500] 42bb9dc4-41d8-4357-b0cd-2f853fa43a0d: 117 chunks; 0.7 s; peak memory 493 MiB.
2026-10-06T05:44:17Z INFO [269/500] 42bdbfe5-dc3b-4f25-9305-58b4b81e5176: 48 chunks; 0.8 s; peak memory 493 MiB.
2026-10-06T05:44:19Z INFO [270/500] 42bedccc-5c4a-4851-837e-d4fb05a1887b: 115 chunks; 1.6 s; peak memory 493 MiB.
2026-10-06T05:44:24Z INFO [271/500] 42bf1a1a-1ec9-42d0-b363-e61943113ee5: 37523 chunks; 5.4 s; peak memory 493 MiB.
2026-10-06T05:44:25Z INFO [272/500] 42bfd1ab-89a3-4137-bd8a-9bed66f5292d: 322 chunks; 0.8 s; peak memory 493 MiB.
2026-10-06T05:44:26Z INFO [273/500] 42c02289-cb3b-4863-b8c1-c8b5204bf54d: 42 chunks; 0.8 s; peak memory 493 MiB.
2026-10-06T05:44:27Z INFO [274/500] 42c051de-5b6f-4320-b5a8-6a52fc87243a: 50 chunks; 0.8 s; peak memory 493 MiB.
2026-10-06T05:44:29Z INFO [275/500] 42c08e94-2879-4e09-9a0f-4a6f1afb71a1: 2431 chunks; 2.2 s; peak memory 493 MiB.
2026-10-06T05:44:30Z INFO [276/500] 42c0a328-f62e-47a0-8b45-8d3b0a88ac6b: 48 chunks; 0.7 s; peak memory 493 MiB.
2026-10-06T05:44:30Z INFO [277/500] 42c12ef7-3f79-44ed-8842-fbbc29542760: 69 chunks; 0.8 s; peak memory 493 MiB.
2026-10-06T05:44:31Z INFO [278/500] 42c195e3-4d62-4963-afff-8006713a5a22: 112 chunks; 0.9 s; peak memory 493 MiB.
2026-10-06T05:44:32Z INFO [279/500] 42c1aca1-a957-4bbf-9e8c-69c4d7dee75a: 112 chunks; 0.7 s; peak memory 493 MiB.
2026-10-06T05:44:33Z INFO [280/500] 42c1d5c4-c5a6-4820-a198-b8c57350d3fa: 112 chunks; 0.7 s; peak memory 493 MiB.
2026-10-06T05:44:33Z INFO [281/500] 42c1d6ca-d856-4c56-a9f2-1cd547c8280e: 52 chunks; 0.5 s; peak memory 493 MiB.
2026-10-06T05:44:34Z INFO [282/500] 42c2e3da-62a5-4990-810c-b3c9fca3f8f9: 116 chunks; 0.7 s; peak memory 493 MiB.
2026-10-06T05:44:35Z INFO [283/500] 42c30b76-05d0-4108-82c1-35951a27ca22: 52 chunks; 0.7 s; peak memory 493 MiB.
2026-10-06T05:44:35Z INFO [284/500] 42c3546d-2385-42f0-90fd-a0c5f6d36425: 48 chunks; 0.8 s; peak memory 493 MiB.
2026-10-06T05:44:36Z INFO [285/500] 42c394cf-678e-479b-a352-42242218420a: 52 chunks; 0.5 s; peak memory 493 MiB.
2026-10-06T05:44:36Z INFO [286/500] 42c3d1bd-c25e-48d8-80cc-b43554d98e44: 57 chunks; 0.4 s; peak memory 493 MiB.
2026-10-06T05:44:37Z INFO [287/500] 42c5567a-80d8-46df-8329-c44dd6185a70: 68 chunks; 0.6 s; peak memory 493 MiB.
2026-10-06T05:44:38Z INFO [288/500] 42c5df0e-e7c8-483e-b1a8-8497416594b0: 48 chunks; 0.5 s; peak memory 493 MiB.
2026-10-06T05:44:38Z INFO [289/500] 42c65362-b2bb-4556-88af-aaa9a9c3ccbe: 48 chunks; 0.6 s; peak memory 493 MiB.
2026-10-06T05:44:40Z INFO [290/500] 42c6b411-5651-49f2-b457-886d0691bc0c: 119 chunks; 1.6 s; peak memory 493 MiB.
2026-10-06T05:44:40Z INFO [291/500] 42c710ec-bff0-447c-afcb-9147c38cc27d: 112 chunks; 0.7 s; peak memory 493 MiB.
2026-10-06T05:44:41Z INFO [292/500] 42c7e672-6ed4-429a-8aae-1c81c601ce7a: 48 chunks; 0.6 s; peak memory 493 MiB.
2026-10-06T05:44:45Z INFO [293/500] 42c8cd54-c02c-4907-87d9-26207df89617: 9853 chunks; 3.7 s; peak memory 493 MiB.
2026-10-06T05:44:45Z INFO [294/500] 42c9217d-4cfc-46a7-a95b-d2ffb06385df: 48 chunks; 0.6 s; peak memory 493 MiB.
2026-10-06T05:44:46Z INFO [295/500] 42c968ea-25c3-46a6-aa56-2a6a934acd62: 48 chunks; 0.6 s; peak memory 493 MiB.
2026-10-06T05:44:53Z INFO [296/500] 42c9b40b-db25-4ce8-9dd2-ba98c16c1c44: 11572 chunks; 7.1 s; peak memory 493 MiB.
2026-10-06T05:44:54Z INFO [297/500] 42cbec93-e216-4972-90c7-e152114bd4c9: 117 chunks; 0.6 s; peak memory 493 MiB.
2026-10-06T05:44:55Z INFO [298/500] 42cbffe0-40af-4884-8d09-ab6cbae58070: 112 chunks; 1.0 s; peak memory 493 MiB.
2026-10-06T05:44:55Z INFO [299/500] 42cc6277-383a-4753-b810-6239b25344e5: 117 chunks; 0.7 s; peak memory 493 MiB.
2026-10-06T05:44:56Z INFO [300/500] 42ccb401-7ac5-4fdf-bbc0-0dff02028d48: 117 chunks; 0.6 s; peak memory 493 MiB.
2026-10-06T05:44:56Z INFO [300/500] 42ccb401-7ac5-4fdf-bbc0-0dff02028d48: checkpointed 79134 records.
2026-10-06T05:44:57Z INFO [301/500] 42cce732-43ed-4b8f-9478-da7a3066cfa1: 49 chunks; 0.7 s; peak memory 493 MiB.
2026-10-06T05:44:58Z INFO [302/500] 42cced0f-8373-4dfa-bdca-cc71d41460d5: 48 chunks; 0.7 s; peak memory 493 MiB.
2026-10-06T05:46:45Z INFO [303/500] 42cd046c-d5b2-4be4-8161-0322c1843e14: 38156 chunks; 107.5 s; peak memory 493 MiB.
2026-10-06T05:46:46Z INFO [304/500] 42cd99a1-3b8a-43b1-b2f5-2864b3cc8a57: 48 chunks; 0.6 s; peak memory 493 MiB.
2026-10-06T05:46:46Z INFO [305/500] 42ce0f11-352a-4612-9992-76bb019cdd33: 48 chunks; 0.6 s; peak memory 493 MiB.
2026-10-06T05:46:53Z INFO [306/500] 42cfe7bb-ec46-4010-9fb4-f7bcdf286274: 24690 chunks; 6.9 s; peak memory 493 MiB.
2026-10-06T05:46:55Z INFO [307/500] 42d0a234-d0cd-4ba0-a937-e24de84714df: 80 chunks; 1.5 s; peak memory 493 MiB.
2026-10-06T05:46:55Z INFO [308/500] 42d125b4-e4d6-4861-9d1e-35779c1b3dea: 117 chunks; 0.6 s; peak memory 493 MiB.
2026-10-06T05:46:57Z INFO [309/500] 42d130c7-af18-4621-81bd-157a23c73ee6: 71 chunks; 1.4 s; peak memory 493 MiB.
2026-10-06T05:46:58Z INFO [310/500] 42d3f5ed-f4fb-4e80-98db-557a216b5d2b: 71 chunks; 1.2 s; peak memory 493 MiB.
2026-10-06T05:47:16Z INFO [311/500] 42d5e910-ea7b-4d5b-82e5-6bca7dd21011: 6591 chunks; 17.7 s; peak memory 493 MiB.
2026-10-06T05:47:17Z INFO [312/500] 42d61a57-8cb3-4f07-89e2-393e3fedfe07: 129 chunks; 1.7 s; peak memory 493 MiB.
2026-10-06T05:47:18Z INFO [313/500] 42d63e71-874e-4fbb-b57e-07502559bc0a: 106 chunks; 0.5 s; peak memory 493 MiB.
2026-10-06T05:47:19Z INFO [314/500] 42d647fb-78f4-44a5-8407-937d6c71ff8a: 52 chunks; 0.6 s; peak memory 493 MiB.
2026-10-06T05:47:19Z INFO [315/500] 42d6d413-942d-4411-970b-a7bfc6918561: 66 chunks; 0.8 s; peak memory 493 MiB.
2026-10-06T05:47:20Z INFO [316/500] 42d70a08-12da-47f3-8691-5a552f1c35d9: 110 chunks; 0.7 s; peak memory 493 MiB.
2026-10-06T05:47:21Z INFO [317/500] 42d75a49-69d6-475c-b56e-48aed4c4f94e: 77 chunks; 0.5 s; peak memory 493 MiB.
2026-10-06T05:47:21Z INFO [318/500] 42d7db40-b835-4107-9263-fbefaafde9e9: 592 chunks; 0.8 s; peak memory 493 MiB.
2026-10-06T05:47:27Z INFO [319/500] 42d80249-9cb3-4037-9d0e-b9230032553d: 617 chunks; 5.2 s; peak memory 493 MiB.
2026-10-06T05:47:28Z INFO [320/500] 42d8dfdd-ed75-442c-90d4-8b250cdb149f: 71 chunks; 1.0 s; peak memory 493 MiB.
2026-10-06T05:47:28Z INFO [321/500] 42d95040-303d-4d2a-97d0-fa44ff78f10f: 118 chunks; 0.6 s; peak memory 493 MiB.
2026-10-06T05:47:29Z INFO [322/500] 42d9645c-0e27-43fd-9c6e-ba344c23e0e7: 117 chunks; 0.6 s; peak memory 493 MiB.
2026-10-06T05:47:30Z INFO [323/500] 42d9e80f-1dc7-4382-abc9-8470f683c6a8: 48 chunks; 0.7 s; peak memory 493 MiB.
2026-10-06T05:47:30Z INFO [324/500] 42dacd10-9b7c-4058-bd80-74f2c0578f7e: 112 chunks; 0.7 s; peak memory 493 MiB.
2026-10-06T05:47:31Z INFO [325/500] 42daf241-f794-4c3d-a9d3-3870f0d202b0: 46 chunks; 0.6 s; peak memory 493 MiB.
2026-10-06T05:47:32Z INFO [326/500] 42db98c3-d5ab-4684-b1dd-31d122fc5f77: 116 chunks; 1.6 s; peak memory 493 MiB.
2026-10-06T05:47:38Z INFO [327/500] 42db98dc-7d81-420e-96e6-4c2795949747: 9168 chunks; 5.3 s; peak memory 493 MiB.
2026-10-06T05:47:39Z INFO [328/500] 42dbf384-49ea-464b-b4cc-4c3aa01724d0: 230 chunks; 0.8 s; peak memory 493 MiB.
2026-10-06T05:47:39Z INFO [329/500] 42dc08f8-eae5-483d-ad5c-f5a6c61a2adc: 52 chunks; 0.5 s; peak memory 493 MiB.
2026-10-06T05:47:40Z INFO [330/500] 42dcad4e-81ab-457e-a98e-66dbb0aa98f6: 112 chunks; 0.7 s; peak memory 493 MiB.
2026-10-06T05:47:40Z INFO [331/500] 42dcea49-028e-478c-9949-86d5ff2119fd: 84 chunks; 0.5 s; peak memory 493 MiB.
2026-10-06T05:47:41Z INFO [332/500] 42ddee43-d374-4b38-863f-47d91652b88f: 41 chunks; 0.5 s; peak memory 493 MiB.
2026-10-06T05:47:41Z INFO [333/500] 42de8c80-f379-4559-a698-271e1040bbb6: 108 chunks; 0.5 s; peak memory 493 MiB.
2026-10-06T05:47:42Z INFO [334/500] 42df4006-f359-4872-9022-f44f829fb9ab: 116 chunks; 0.6 s; peak memory 493 MiB.
2026-10-06T05:47:43Z INFO [335/500] 42df95cd-fbad-4cae-9d68-0c73b03d90e7: 112 chunks; 0.8 s; peak memory 493 MiB.
2026-10-06T05:47:43Z INFO [336/500] 42e0d5ee-e92c-46fa-aca6-91c1aac3f5aa: 48 chunks; 0.7 s; peak memory 493 MiB.
2026-10-06T05:47:44Z INFO [337/500] 42e1047d-520e-49bd-910e-19003249a06a: 112 chunks; 0.9 s; peak memory 493 MiB.
2026-10-06T05:47:45Z INFO [338/500] 42e15808-69f9-405b-ab4f-a57c64582fcb: 52 chunks; 0.6 s; peak memory 493 MiB.
2026-10-06T05:47:46Z INFO [339/500] 42e26681-e678-4770-b583-0c76ecfa2ce1: 48 chunks; 0.6 s; peak memory 493 MiB.
2026-10-06T05:47:47Z INFO [340/500] 42e2bc22-4aa3-4a09-8567-6d75eebdf5d0: 118 chunks; 1.2 s; peak memory 493 MiB.
2026-10-06T05:47:48Z INFO [341/500] 42e3bbd9-a255-43df-b7d1-0f0503cfcacb: 71 chunks; 0.8 s; peak memory 493 MiB.
2026-10-06T05:47:48Z INFO [342/500] 42e4a267-02ed-4ba3-a8ea-ce44336ccdb9: 118 chunks; 0.6 s; peak memory 493 MiB.
2026-10-06T05:47:57Z INFO [343/500] 42e4e36c-760d-48dc-b0db-5826f51d7904: 2199 chunks; 9.2 s; peak memory 493 MiB.
2026-10-06T05:47:58Z INFO [344/500] 42e52b11-b252-49c2-bdf1-84fbd8ed2ce6: 116 chunks; 0.6 s; peak memory 493 MiB.
2026-10-06T05:47:59Z INFO [345/500] 42e54ad8-fdc6-43c5-8803-bb2e6a6c1f66: 118 chunks; 0.7 s; peak memory 493 MiB.
2026-10-06T05:47:59Z INFO [346/500] 42e5b1d9-3fd8-49af-9b0b-e86267a117a0: 45 chunks; 0.5 s; peak memory 493 MiB.
2026-10-06T05:48:00Z INFO [347/500] 42e5c502-f31e-4725-8c7b-9bb10610977a: 116 chunks; 0.6 s; peak memory 493 MiB.
2026-10-06T05:48:01Z INFO [348/500] 42e6b804-2f64-45cf-990a-205b15b4afe7: 71 chunks; 1.2 s; peak memory 493 MiB.
2026-10-06T05:48:02Z INFO [349/500] 42e6be22-513e-404f-be05-cb70b561b596: 51 chunks; 0.8 s; peak memory 493 MiB.
2026-10-06T05:48:02Z INFO [350/500] 42e7f219-34fb-4073-95c8-05b1926c50b0: 48 chunks; 0.6 s; peak memory 493 MiB.
2026-10-06T05:48:03Z INFO [350/500] 42e7f219-34fb-4073-95c8-05b1926c50b0: checkpointed 79184 records.
2026-10-06T05:48:03Z INFO [351/500] 42e7f28a-2b1f-4cac-a2b6-3b5c8a4730e1: 48 chunks; 0.6 s; peak memory 493 MiB.
2026-10-06T05:48:04Z INFO [352/500] 42e81c11-f2a5-4bf1-94dc-976f060ee32b: 48 chunks; 0.7 s; peak memory 493 MiB.
2026-10-06T05:48:05Z INFO [353/500] 42e913db-03ab-4c92-96ba-59a553b6ca1f: 48 chunks; 0.8 s; peak memory 493 MiB.
2026-10-06T05:48:06Z INFO [354/500] 42e92615-10da-45d4-9179-c43f5d411c92: 80 chunks; 1.6 s; peak memory 493 MiB.
2026-10-06T05:48:07Z INFO [355/500] 42ec30fd-4643-49a2-b547-7de5a26a51a2: 46 chunks; 0.3 s; peak memory 493 MiB.
2026-10-06T05:48:10Z INFO [356/500] 42ec42c7-415c-445a-b3f1-ee19c4d5f34b: 675 chunks; 3.7 s; peak memory 493 MiB.
2026-10-06T05:48:11Z INFO [357/500] 42ec557b-b4b6-47dd-bd79-2e3993765c32: 69 chunks; 0.8 s; peak memory 493 MiB.
2026-10-06T05:48:12Z INFO [358/500] 42ecd04d-32b4-4a83-a9f4-79406024d48b: 76 chunks; 0.7 s; peak memory 493 MiB.
2026-10-06T05:48:13Z INFO [359/500] 42ee9029-9115-4360-a983-13606fafe6cb: 557 chunks; 0.7 s; peak memory 493 MiB.
2026-10-06T05:48:13Z INFO [360/500] 42eefb2e-c2cc-471e-b501-ba4e8a27d648: 110 chunks; 0.9 s; peak memory 493 MiB.
2026-10-06T05:48:15Z INFO [361/500] 42ef3cb8-c551-4042-83c6-6af677c4a836: 71 chunks; 1.0 s; peak memory 493 MiB.
2026-10-06T05:48:17Z INFO [362/500] 42ef636c-3e3b-4ff3-8a2c-5d3e3c8e748a: 8859 chunks; 2.7 s; peak memory 493 MiB.
2026-10-06T05:48:19Z INFO [363/500] 42f02d3d-23fb-44d3-9113-f9051dc5a8b8: 115 chunks; 1.4 s; peak memory 493 MiB.
2026-10-06T05:48:19Z INFO [364/500] 42f04ade-4012-475d-91f0-0fa55a116a8d: 117 chunks; 0.6 s; peak memory 493 MiB.
2026-10-06T05:50:08Z INFO [365/500] 42f0a48f-d424-43a0-84a3-d8cd8c613349: 42690 chunks; 108.8 s; peak memory 493 MiB.
2026-10-06T05:50:09Z INFO [366/500] 42f1e34f-bf9a-492e-9b12-1ab0fe499a5e: 112 chunks; 1.0 s; peak memory 493 MiB.
2026-10-06T05:50:10Z INFO [367/500] 42f21dd4-3e68-42f8-907c-5b1724d06de2: 112 chunks; 0.8 s; peak memory 493 MiB.
2026-10-06T05:50:28Z INFO [368/500] 42f37bd8-c7ef-4061-ad40-2d79c42c4761: 6591 chunks; 18.1 s; peak memory 493 MiB.
2026-10-06T05:50:34Z INFO [369/500] 42f4936a-1f18-46f1-b7be-c9728f1a2594: 15274 chunks; 6.1 s; peak memory 493 MiB.
2026-10-06T05:50:35Z INFO [370/500] 42f4b874-e9de-4bbf-8f76-edeb05cbbe9d: 112 chunks; 0.7 s; peak memory 493 MiB.
2026-10-06T05:50:36Z INFO [371/500] 42f616cc-66cb-42a2-92db-0e4be398193a: 74 chunks; 0.9 s; peak memory 493 MiB.
2026-10-06T05:50:39Z INFO [372/500] 42f71af2-96d3-42ba-aba8-99b7274ee749: 16086 chunks; 3.6 s; peak memory 493 MiB.
2026-10-06T05:50:40Z INFO [373/500] 42f75cb6-0b5f-4395-9139-729498db4e0e: 48 chunks; 0.6 s; peak memory 493 MiB.
2026-10-06T05:50:41Z INFO [374/500] 42f77cd2-2adf-4eb7-a6ae-cb58fc215c69: 48 chunks; 0.7 s; peak memory 493 MiB.
2026-10-06T05:50:43Z INFO [375/500] 42f88779-ae1c-4b4e-b547-7817d8cd4e99: 1875 chunks; 1.9 s; peak memory 493 MiB.
2026-10-06T05:50:44Z INFO [376/500] 42f8f4ec-afbe-483a-8d4a-8dcccdde4882: 71 chunks; 1.6 s; peak memory 493 MiB.
2026-10-06T05:50:45Z INFO [377/500] 42f8fa0a-768b-4cb8-9213-1c7f3f526236: 116 chunks; 0.6 s; peak memory 493 MiB.
2026-10-06T05:50:50Z INFO [378/500] 42f95ed0-ff1e-4b58-9eef-ffa274c3ca8c: 3625 chunks; 5.6 s; peak memory 493 MiB.
2026-10-06T05:50:52Z INFO [379/500] 42f9deb0-2d36-4993-82d7-ada0e88f7920: 125 chunks; 1.5 s; peak memory 493 MiB.
2026-10-06T05:50:53Z INFO [380/500] 42fa637c-dc75-4953-ba07-d8ecb5527e72: 69 chunks; 0.9 s; peak memory 493 MiB.
2026-10-06T05:50:53Z INFO [381/500] 42fb25d8-fdb9-4530-9975-d8a331ccb4a1: 46 chunks; 0.4 s; peak memory 493 MiB.
2026-10-06T05:50:54Z INFO [382/500] 42fc4cca-40ba-4a96-a6fb-b953fae698bc: 117 chunks; 0.7 s; peak memory 493 MiB.
2026-10-06T05:50:55Z INFO [383/500] 42fc8b66-7efc-40b1-9ff6-af18367b0226: 110 chunks; 0.7 s; peak memory 493 MiB.
2026-10-06T05:50:55Z INFO [384/500] 42fcd566-645d-4ca8-9109-e699aa633d92: 117 chunks; 0.6 s; peak memory 493 MiB.
2026-10-06T05:50:56Z INFO [385/500] 42fd4a50-321d-439d-8830-89593fe5f328: 49 chunks; 0.5 s; peak memory 493 MiB.
2026-10-06T05:50:56Z INFO [386/500] 42fec24d-3c08-48e4-a2de-15938bfb72fc: 48 chunks; 0.5 s; peak memory 493 MiB.
2026-10-06T05:50:57Z INFO [387/500] 42ff0ae3-b0a4-41d6-abab-f7f444c17134: 118 chunks; 0.7 s; peak memory 493 MiB.
2026-10-06T05:50:59Z INFO [388/500] 42ff60b0-8a85-45f0-973a-57767d230bac: 2142 chunks; 1.9 s; peak memory 493 MiB.
2026-10-06T05:50:59Z INFO [389/500] 42ffff16-a791-4a12-ab1a-06d20c8f807d: 117 chunks; 0.7 s; peak memory 493 MiB.
2026-10-06T05:51:00Z INFO [390/500] 43006a44-760f-4b80-aeb9-6326b455ae25: 112 chunks; 0.7 s; peak memory 493 MiB.
2026-10-06T05:51:01Z INFO [391/500] 43025451-0868-4850-8862-fb318acd36a9: 45 chunks; 0.4 s; peak memory 493 MiB.
2026-10-06T05:51:04Z INFO [392/500] 4302ed16-56d9-44bf-ba69-4d5c0f945244: 242 chunks; 3.5 s; peak memory 493 MiB.
2026-10-06T05:51:05Z INFO [393/500] 43033183-2b81-462f-aff5-9de8b160576d: 52 chunks; 0.8 s; peak memory 493 MiB.
2026-10-06T05:51:05Z INFO [394/500] 43033a9c-0260-41db-b2c6-99698343fccd: 48 chunks; 0.6 s; peak memory 493 MiB.
2026-10-06T05:51:20Z INFO [395/500] 43040d3a-1bef-4c34-b438-f63c849e00b8: 5201 chunks; 14.2 s; peak memory 493 MiB.
2026-10-06T05:51:20Z INFO [396/500] 43046000-8aaa-4004-86da-f34b0ed08523: 142 chunks; 0.6 s; peak memory 493 MiB.
2026-10-06T05:51:21Z INFO [397/500] 43047792-bbe3-4a9a-a2e0-b3a6836cfbcc: 63 chunks; 0.5 s; peak memory 493 MiB.
2026-10-06T05:51:21Z INFO [398/500] 4305887d-4095-43c4-947e-7fd89a209e64: 117 chunks; 0.6 s; peak memory 493 MiB.
2026-10-06T05:51:22Z INFO [399/500] 43062213-0115-4f65-8170-79694e21d10b: 46 chunks; 0.4 s; peak memory 493 MiB.
2026-10-06T05:51:23Z INFO [400/500] 43087416-936f-4ae8-95ce-cb72f52a703c: 112 chunks; 0.8 s; peak memory 493 MiB.
2026-10-06T05:51:23Z INFO [400/500] 43087416-936f-4ae8-95ce-cb72f52a703c: checkpointed 79234 records.
2026-10-06T05:51:23Z INFO [401/500] 4308f665-d924-4c42-9d6d-cf5f72b53e2f: 48 chunks; 0.5 s; peak memory 493 MiB.
2026-10-06T05:51:24Z INFO [402/500] 430a0c94-4215-45a5-8676-0879b279beb0: 46 chunks; 0.4 s; peak memory 493 MiB.
2026-10-06T05:51:24Z INFO [403/500] 430a364e-b78d-4e0f-837d-ecab1a33332d: 46 chunks; 0.5 s; peak memory 493 MiB.
2026-10-06T05:51:26Z INFO [404/500] 430ab003-d906-4d70-b1d3-095cb0e26a99: 156 chunks; 1.5 s; peak memory 493 MiB.
2026-10-06T05:51:26Z INFO [405/500] 430b6f7a-ee46-4e79-bce0-dba2afbec156: 41 chunks; 0.5 s; peak memory 493 MiB.
2026-10-06T05:51:27Z INFO [406/500] 430bb2f2-2e06-4d37-be2a-1d70bd057c6f: 48 chunks; 0.6 s; peak memory 493 MiB.
2026-10-06T05:51:28Z INFO [407/500] 430c1646-0157-4cf9-b89b-bc9857173f49: 112 chunks; 1.0 s; peak memory 493 MiB.
2026-10-06T05:51:29Z INFO [408/500] 430c56be-4ce5-424e-911e-18f49e757e1b: 117 chunks; 0.8 s; peak memory 493 MiB.
2026-10-06T05:51:33Z INFO [409/500] 430cba9d-c6f7-496b-a593-da04c2440bc5: 194 chunks; 4.4 s; peak memory 493 MiB.
2026-10-06T05:51:34Z INFO [410/500] 430cc9f6-f122-4b9b-96df-d3c250d359e1: 65 chunks; 0.6 s; peak memory 493 MiB.
2026-10-06T05:51:34Z INFO [411/500] 430dd390-72f1-4b87-80a2-611cad0e68e4: 50 chunks; 0.8 s; peak memory 493 MiB.
2026-10-06T05:51:35Z INFO [412/500] 430e55ae-d84f-44f9-bbbe-5419f0211d65: 48 chunks; 0.6 s; peak memory 493 MiB.
2026-10-06T05:51:36Z INFO [413/500] 430e7bcd-3382-42ef-b5c7-aaf49c169edd: 48 chunks; 0.6 s; peak memory 493 MiB.
2026-10-06T05:51:40Z INFO [414/500] 430fe607-f36c-4888-a9e3-e81a6713aba8: 9782 chunks; 3.9 s; peak memory 493 MiB.
2026-10-06T05:51:40Z INFO [415/500] 4310398f-9e94-4ed9-ba09-59ebf950178a: 56 chunks; 0.6 s; peak memory 493 MiB.
2026-10-06T05:51:41Z INFO [416/500] 431040f5-22ae-423c-b86c-aec1247963c6: 48 chunks; 0.6 s; peak memory 493 MiB.
2026-10-06T05:51:41Z INFO [417/500] 43106fdd-8afc-454e-a803-1c274ddee348: 48 chunks; 0.7 s; peak memory 493 MiB.
2026-10-06T05:51:42Z INFO [418/500] 4310efa6-cdab-4960-9ea9-cd13e56f75fc: 114 chunks; 0.7 s; peak memory 493 MiB.
2026-10-06T05:51:45Z INFO [419/500] 43117b90-646d-4fa8-9daa-245818953b2d: 3900 chunks; 2.5 s; peak memory 493 MiB.
2026-10-06T05:51:45Z INFO [420/500] 43130c1d-42b8-40e9-967e-d145770e1aa6: 275 chunks; 0.8 s; peak memory 493 MiB.
2026-10-06T05:51:46Z INFO [421/500] 43137b38-3e11-47c7-9184-397e43c47e10: 112 chunks; 0.9 s; peak memory 493 MiB.
2026-10-06T05:51:47Z INFO [422/500] 431426c1-b5be-4fcd-894d-6e546e39446d: 46 chunks; 0.6 s; peak memory 493 MiB.
2026-10-06T05:51:48Z INFO [423/500] 43159a21-dd62-422f-b876-d7b00568fb09: 110 chunks; 0.7 s; peak memory 493 MiB.
2026-10-06T05:51:48Z INFO [424/500] 4315b217-9ee5-4593-a874-4e83f908d1ad: 48 chunks; 0.6 s; peak memory 493 MiB.
2026-10-06T05:51:49Z INFO [425/500] 4315c7da-3cc4-4563-b558-7ae2b5160e32: 66 chunks; 0.9 s; peak memory 493 MiB.
2026-10-06T05:51:51Z INFO [426/500] 43162076-cdcc-4978-87f4-aac109f5b70f: 186 chunks; 1.4 s; peak memory 493 MiB.
2026-10-06T05:51:51Z INFO [427/500] 4316b536-c44c-4232-b2e2-1e7d4a514161: 48 chunks; 0.7 s; peak memory 493 MiB.
2026-10-06T05:51:52Z INFO [428/500] 4316e33c-4eeb-4b2c-871f-4307f83ce447: 117 chunks; 0.6 s; peak memory 493 MiB.
2026-10-06T05:51:53Z INFO [429/500] 43171e5b-a961-4e82-aa66-c4c02e52d50e: 110 chunks; 0.7 s; peak memory 493 MiB.
2026-10-06T05:51:54Z INFO [430/500] 43179242-c6d0-46fa-9631-f6c8ac005a10: 118 chunks; 1.2 s; peak memory 493 MiB.
2026-10-06T05:51:54Z INFO [431/500] 4317b317-2401-4965-b772-63417ce91432: 118 chunks; 0.6 s; peak memory 493 MiB.
2026-10-06T05:51:56Z INFO [432/500] 4317f3a8-37fb-4006-912e-653f31293e02: 66 chunks; 1.1 s; peak memory 493 MiB.
2026-10-06T05:51:56Z INFO [433/500] 4318e59c-8990-4bf3-859f-672f5c70e17c: 69 chunks; 0.9 s; peak memory 493 MiB.
2026-10-06T05:51:57Z INFO [434/500] 43194a0f-5962-480b-90a7-56bca5d768b3: 48 chunks; 0.7 s; peak memory 493 MiB.
2026-10-06T05:51:58Z INFO [435/500] 431b47c6-73f8-414c-8aa9-47f4a0d5552c: 99 chunks; 0.9 s; peak memory 493 MiB.
2026-10-06T05:51:59Z INFO [436/500] 431be2a8-ba71-4357-99d4-484dfa783fb9: 48 chunks; 0.6 s; peak memory 493 MiB.
2026-10-06T05:52:00Z INFO [437/500] 431c03c0-ba87-4c29-983d-005be526f19a: 133 chunks; 1.8 s; peak memory 493 MiB.
2026-10-06T05:52:01Z INFO [438/500] 431c77d3-ba8a-44ae-97ac-45f9e1ee540d: 66 chunks; 0.8 s; peak memory 493 MiB.
2026-10-06T05:52:02Z INFO [439/500] 431d3a72-d006-4c96-9121-a10f4db7e2ff: 48 chunks; 0.5 s; peak memory 493 MiB.
2026-10-06T05:52:02Z INFO [440/500] 431d42d8-6365-4cf4-80a3-28c3da4c974b: 117 chunks; 0.6 s; peak memory 493 MiB.
2026-10-06T05:52:03Z INFO [441/500] 431dc30c-2723-48b6-861f-9dec7f81c46e: 70 chunks; 0.9 s; peak memory 493 MiB.
2026-10-06T05:52:22Z INFO [442/500] 431deccd-615b-41bc-92de-d404d0e73a3b: 6053 chunks; 18.6 s; peak memory 493 MiB.
2026-10-06T05:52:22Z INFO [443/500] 431f3883-759d-4e81-8520-aa30d856a269: 117 chunks; 0.6 s; peak memory 493 MiB.
2026-10-06T05:52:25Z INFO [444/500] 431ff60a-6f22-466a-be11-9945dc2a58b5: 2923 chunks; 2.9 s; peak memory 493 MiB.
2026-10-06T05:52:26Z INFO [445/500] 4320002b-b8f2-45a8-90b6-c2a868c6808e: 48 chunks; 0.6 s; peak memory 493 MiB.
2026-10-06T05:52:27Z INFO [446/500] 43213291-a62c-456c-8f63-519bc2fc5b1a: 78 chunks; 0.7 s; peak memory 493 MiB.
2026-10-06T05:52:27Z INFO [447/500] 4321c4ec-2471-4e98-a8ec-8c750bd66cc7: 117 chunks; 0.7 s; peak memory 493 MiB.
2026-10-06T05:52:28Z INFO [448/500] 4321c5e4-c892-4942-a8fb-d33b33c75957: 48 chunks; 0.6 s; peak memory 493 MiB.
2026-10-06T05:52:29Z INFO [449/500] 4321c8cd-7801-4dce-a95c-a2f6fae9a959: 48 chunks; 0.6 s; peak memory 493 MiB.
2026-10-06T05:52:29Z INFO [450/500] 432216c7-db2d-4f1e-b9e9-de86020e5bc6: 117 chunks; 0.6 s; peak memory 493 MiB.
2026-10-06T05:52:30Z INFO [450/500] 432216c7-db2d-4f1e-b9e9-de86020e5bc6: checkpointed 79284 records.
2026-10-06T05:52:31Z INFO [451/500] 43226b87-71dc-4b45-9475-a30e7d04ec36: 121 chunks; 1.2 s; peak memory 493 MiB.
2026-10-06T05:52:31Z INFO [452/500] 4322fd86-5207-491d-830a-ddda7887aaba: 35 chunks; 0.4 s; peak memory 493 MiB.
2026-10-06T05:52:33Z INFO [453/500] 43231301-2144-4eaf-af43-d3da575ce8f4: 114 chunks; 1.8 s; peak memory 493 MiB.
2026-10-06T05:52:34Z INFO [454/500] 432356b7-cd22-4865-91fb-67a13950394c: 112 chunks; 0.6 s; peak memory 493 MiB.
2026-10-06T05:52:37Z INFO [455/500] 43243418-942b-4431-a724-f0c295e7ce1c: 152 chunks; 3.8 s; peak memory 493 MiB.
2026-10-06T05:52:38Z INFO [456/500] 43246128-7590-4ce7-9f8c-cc26a1933ef8: 112 chunks; 0.8 s; peak memory 493 MiB.
2026-10-06T05:52:39Z INFO [457/500] 4324dc7b-743a-4063-8f34-1262b9abd2bd: 48 chunks; 0.6 s; peak memory 493 MiB.
2026-10-06T05:52:39Z INFO [458/500] 432554c6-2315-4cfb-ab86-4ce58ef06f4c: 112 chunks; 0.7 s; peak memory 493 MiB.
2026-10-06T05:52:40Z INFO [459/500] 43267335-dd68-4861-a474-268aed222d8d: 115 chunks; 0.7 s; peak memory 493 MiB.
2026-10-06T05:52:41Z INFO [460/500] 43269235-2bbb-4e4b-bc07-a197b8dd984c: 78 chunks; 1.0 s; peak memory 493 MiB.
2026-10-06T05:52:41Z INFO [461/500] 4326b9d4-e14c-45ea-ac7a-99df615078a9: 46 chunks; 0.3 s; peak memory 493 MiB.
2026-10-06T05:52:42Z INFO [462/500] 4327b2e9-8e6e-4d98-bf77-36a635d6113d: 48 chunks; 0.6 s; peak memory 493 MiB.
2026-10-06T05:52:43Z INFO [463/500] 432840e3-68c9-4796-99b9-63dd562be544: 48 chunks; 0.6 s; peak memory 493 MiB.
2026-10-06T05:52:43Z INFO [464/500] 4329558c-84ff-4430-8eb7-ed7384dbd764: 48 chunks; 0.6 s; peak memory 493 MiB.
2026-10-06T05:52:44Z INFO [465/500] 43299dae-fa14-443e-8e61-dad036c6299b: 71 chunks; 1.1 s; peak memory 493 MiB.
2026-10-06T05:52:45Z INFO [466/500] 4329c291-0e01-4189-b6db-076cea540d74: 48 chunks; 0.6 s; peak memory 493 MiB.
2026-10-06T05:52:45Z INFO [467/500] 432aca80-67fb-4dee-8962-55ed4ff79e86: 46 chunks; 0.5 s; peak memory 493 MiB.
2026-10-06T05:52:47Z INFO [468/500] 432ad2b2-30b4-480d-acfd-c536c22846ca: 146 chunks; 1.3 s; peak memory 493 MiB.
2026-10-06T05:52:53Z INFO [469/500] 432b20ca-cea6-46ae-9245-dd881823ea70: 1766 chunks; 6.6 s; peak memory 493 MiB.
2026-10-06T05:53:12Z INFO [470/500] 432b235a-486a-47e8-8678-8506cb5dabe8: 6040 chunks; 18.7 s; peak memory 493 MiB.
2026-10-06T05:53:12Z INFO [471/500] 432b8e50-7a48-4d87-9de9-3a3efcff90f1: 56 chunks; 0.5 s; peak memory 493 MiB.
2026-10-06T05:53:13Z INFO [472/500] 432ba2fe-4d06-475a-8848-913125b4f6db: 52 chunks; 0.7 s; peak memory 493 MiB.
2026-10-06T05:53:14Z INFO [473/500] 432be8d4-8760-493a-be05-f050b435c805: 58 chunks; 0.5 s; peak memory 493 MiB.
2026-10-06T05:53:14Z INFO [474/500] 432d6e02-3ada-489e-b317-4b4a85c00053: 56 chunks; 0.5 s; peak memory 493 MiB.
2026-10-06T05:53:24Z INFO [475/500] 432e846e-3d62-4317-b6cd-6183ee916337: 28566 chunks; 9.8 s; peak memory 493 MiB.
2026-10-06T05:53:25Z INFO [476/500] 432ed9f6-7444-424a-a358-4dec3a89ab0b: 118 chunks; 0.7 s; peak memory 493 MiB.
2026-10-06T05:53:25Z INFO [477/500] 432f14f4-2efd-47f4-a0bd-dd45f0511e21: 112 chunks; 0.7 s; peak memory 493 MiB.
2026-10-06T05:53:26Z INFO [478/500] 432f6872-88ef-4812-8d5b-dc024fad2c36: 92 chunks; 0.7 s; peak memory 493 MiB.
2026-10-06T05:53:27Z INFO [479/500] 432fe75d-ceb3-4133-ac29-bc7c15ee2914: 49 chunks; 0.7 s; peak memory 493 MiB.
2026-10-06T05:53:27Z INFO [480/500] 433094c1-0eee-4727-8f9b-b39205651da3: 48 chunks; 0.6 s; peak memory 493 MiB.
2026-10-06T05:53:28Z INFO [481/500] 433283d8-9ad1-433d-b9ac-cd7c462c60cc: 117 chunks; 0.6 s; peak memory 493 MiB.
2026-10-06T05:53:29Z INFO [482/500] 43328be1-ffc0-4a0b-a7df-3eac865d83b3: 66 chunks; 0.9 s; peak memory 493 MiB.
2026-10-06T05:53:29Z INFO [483/500] 4332e43e-9505-49cf-8d06-ff8a12cb6055: 45 chunks; 0.5 s; peak memory 493 MiB.
2026-10-06T05:53:36Z INFO [484/500] 43333b49-ebcf-4cb9-9a90-0f789e5cbf84: 11567 chunks; 6.6 s; peak memory 493 MiB.
2026-10-06T05:53:37Z INFO [485/500] 43334296-17b0-41d3-bff8-a3660db8bfd6: 116 chunks; 0.6 s; peak memory 493 MiB.
2026-10-06T05:53:37Z INFO [486/500] 4333852b-eb3b-4261-93ba-1753bf8948f6: 69 chunks; 0.7 s; peak memory 493 MiB.
2026-10-06T05:53:40Z INFO [487/500] 4334d330-870f-45b5-a4da-8fb9de5c501e: 141 chunks; 3.0 s; peak memory 493 MiB.
2026-10-06T05:53:41Z INFO [488/500] 433635fb-ba5f-4c0f-9f16-df0d7d3cc0ce: 48 chunks; 0.6 s; peak memory 493 MiB.
2026-10-06T05:53:46Z INFO [489/500] 43367701-b5a6-483a-bef4-fe0ea7693a3d: 15169 chunks; 4.7 s; peak memory 493 MiB.
2026-10-06T05:53:50Z INFO [490/500] 43385a0b-d027-4b56-a194-248832235c62: 5753 chunks; 4.5 s; peak memory 493 MiB.
2026-10-06T05:53:52Z INFO [491/500] 43386a1d-14eb-464c-bf61-ec481ee2ec13: 118 chunks; 1.5 s; peak memory 493 MiB.
2026-10-06T05:55:31Z INFO [492/500] 43397af0-1292-4890-98cb-2c2123be1d71: 37781 chunks; 99.4 s; peak memory 493 MiB.
2026-10-06T05:55:52Z INFO [493/500] 4339c14c-c015-4211-9bbc-efa97d7be75d: 6591 chunks; 20.7 s; peak memory 493 MiB.
2026-10-06T05:55:53Z INFO [494/500] 433a71cf-10ae-44fa-aafb-6fed605fa7cb: 112 chunks; 0.7 s; peak memory 493 MiB.
2026-10-06T05:55:53Z INFO [495/500] 433ab83f-31f5-422c-846a-12ca10270c2c: 48 chunks; 0.5 s; peak memory 493 MiB.
2026-10-06T05:59:29Z INFO [496/500] 433bd50f-06fd-4bde-820a-24a422e23846: 87097 chunks; 216.3 s; peak memory 516 MiB.
2026-10-06T05:59:30Z INFO [497/500] 433c1217-b50b-43a7-85a3-79c2a39fac6f: 48 chunks; 0.7 s; peak memory 516 MiB.
2026-10-06T05:59:31Z INFO [498/500] 433c9d9d-c083-49d1-9b4f-a110066e7115: 48 chunks; 0.7 s; peak memory 516 MiB.
2026-10-06T05:59:31Z INFO [499/500] 433ca9d3-2d0c-46b5-bd25-15ae655a97dc: 48 chunks; 0.7 s; peak memory 516 MiB.
2026-10-06T05:59:32Z INFO [500/500] 433cc113-7d1c-40f9-9f1c-9c64af9a459a: 46 chunks; 0.5 s; peak memory 516 MiB.
2026-10-06T05:59:32Z INFO [500/500] 433cc113-7d1c-40f9-9f1c-9c64af9a459a: checkpointed 79334 records.
2026-10-06T05:59:32Z INFO Wrote 79334 records to /tmp/derivatives/valid_nwb_file_to_chunk_stats.jsonl (500 new, 0 failed) in 49.3 min (peak memory 516 MiB).
