2026-10-05T09:30:46Z INFO Logging to /tmp/logs/update_2026-10-05T09-30-46Z.log.
2026-10-05T09:30:46Z INFO Update valid-nwb-file-to-chunk-stats (base directory /tmp).
2026-10-05T09:30:46Z INFO Processing 500 items (73834 already recorded).
2026-10-05T09:30:53Z INFO [1/500] 379ee6c4-6c22-423c-9aaa-6502503d127f: 2144 chunks; 6.6 s; peak memory 176 MiB.
2026-10-05T09:30:54Z INFO [2/500] 379ef635-34e6-4fdb-8c19-ec4a1fda26cf: 48 chunks; 1.2 s; peak memory 176 MiB.
2026-10-05T09:30:56Z INFO [3/500] 37a05112-a19e-4818-81a0-ac8248b7f27d: 71 chunks; 2.1 s; peak memory 177 MiB.
2026-10-05T09:30:57Z INFO [4/500] 37a156cd-8480-4c1f-9acb-d01a37483dfa: 48 chunks; 1.1 s; peak memory 177 MiB.
2026-10-05T09:30:59Z INFO [5/500] 37a1a7c7-0e0d-47c2-9d64-a32b41a5729a: 112 chunks; 1.9 s; peak memory 177 MiB.
2026-10-05T09:31:01Z INFO [6/500] 37a35bcc-619b-4c01-8738-3865b6132cfa: 117 chunks; 1.7 s; peak memory 178 MiB.
2026-10-05T09:31:02Z INFO [7/500] 37a3aef1-0f69-4e07-b550-5d8aa8ef376e: 48 chunks; 1.2 s; peak memory 178 MiB.
2026-10-05T09:31:03Z INFO [8/500] 37a3cc16-5f0e-42dc-a71b-e9fe771de2d4: 48 chunks; 1.1 s; peak memory 178 MiB.
2026-10-05T09:31:51Z INFO [9/500] 37a3e63e-e6f8-40bb-ad0d-64c85bd80b60: 13571 chunks; 48.5 s; peak memory 326 MiB.
2026-10-05T09:31:54Z INFO [10/500] 37a4a9f8-7239-41b9-ae11-90b2c03c4b5d: 123 chunks; 3.1 s; peak memory 326 MiB.
2026-10-05T09:31:56Z INFO [11/500] 37a501dc-d263-473b-8292-053693855d88: 46 chunks; 1.1 s; peak memory 326 MiB.
2026-10-05T09:32:01Z INFO [12/500] 37a512e3-f021-43fd-b36a-54092f579f8a: 255 chunks; 5.6 s; peak memory 326 MiB.
2026-10-05T09:32:02Z INFO [13/500] 37a520c7-a81e-4a54-a2e9-4c5a9288457e: 48 chunks; 1.2 s; peak memory 326 MiB.
2026-10-05T09:36:08Z INFO [14/500] 37a56dbf-0f09-493a-a444-8e65ba0651e1: 75739 chunks; 245.4 s; peak memory 486 MiB.
2026-10-05T09:36:09Z INFO [15/500] 37a610ac-235f-4f2d-a732-4124fbb379a9: 112 chunks; 1.5 s; peak memory 486 MiB.
2026-10-05T09:36:11Z INFO [16/500] 37a63e99-c597-4707-a90f-01d08907a38d: 112 chunks; 1.6 s; peak memory 486 MiB.
2026-10-05T09:36:14Z INFO [17/500] 37a6644f-b82d-4861-bc6c-7b14546e4fc8: 152 chunks; 3.3 s; peak memory 486 MiB.
2026-10-05T09:36:23Z INFO [18/500] 37a6c242-d28b-44b6-94b8-adea1aaf3b40: 2388 chunks; 8.8 s; peak memory 486 MiB.
2026-10-05T09:36:24Z INFO [19/500] 37a6ef55-e413-4a00-b189-e12f1a84f718: 48 chunks; 1.2 s; peak memory 486 MiB.
2026-10-05T09:36:25Z INFO [20/500] 37a70b19-bf4a-4211-9eac-db1dd76ef61e: 33 chunks; 1.0 s; peak memory 486 MiB.
2026-10-05T09:36:28Z INFO [21/500] 37a7351b-da7f-4558-84c3-7a377582ef11: 119 chunks; 2.9 s; peak memory 486 MiB.
2026-10-05T09:36:48Z INFO [22/500] 37a73a5c-4b76-4020-933c-8d6512d1cbf5: 1483 chunks; 19.7 s; peak memory 486 MiB.
2026-10-05T09:36:50Z INFO [23/500] 37a74f14-6c13-48b1-80a9-dd0c1e3e59f1: 110 chunks; 2.0 s; peak memory 486 MiB.
2026-10-05T09:36:53Z INFO [24/500] 37a7c537-8499-4949-bdfe-64b020b4b375: 477 chunks; 3.1 s; peak memory 486 MiB.
2026-10-05T09:36:55Z INFO [25/500] 37a87619-4dff-4cbc-9a4e-ee77807c5552: 123 chunks; 2.5 s; peak memory 486 MiB.
2026-10-05T09:37:00Z INFO [26/500] 37a9b79e-6ced-4da7-a61d-7705c94a1cc1: 1856 chunks; 4.4 s; peak memory 486 MiB.
2026-10-05T09:37:01Z INFO [27/500] 37aaa14f-5dca-4afb-b213-ee234b134ca2: 117 chunks; 1.4 s; peak memory 486 MiB.
2026-10-05T09:37:02Z INFO [28/500] 37aae9b1-df84-4ea3-aaa3-f8bbbb83050a: 111 chunks; 1.3 s; peak memory 486 MiB.
2026-10-05T09:37:04Z INFO [29/500] 37ab2375-37d8-4e6c-a3db-62d6a4709f42: 182 chunks; 1.8 s; peak memory 486 MiB.
2026-10-05T09:37:11Z INFO [30/500] 37ab700c-0e03-4bbc-8c39-e31ce127bcc4: 15818 chunks; 7.1 s; peak memory 486 MiB.
2026-10-05T09:37:13Z INFO [31/500] 37abb210-fbdd-4df7-8048-c3ef1e5ecb2a: 71 chunks; 1.5 s; peak memory 486 MiB.
2026-10-05T09:37:14Z INFO [32/500] 37abecaa-196a-4c0b-adf1-bab168d9d39e: 48 chunks; 1.3 s; peak memory 486 MiB.
2026-10-05T09:37:16Z INFO [33/500] 37ac7fe2-4ddd-41e1-a196-2e5afcb40a08: 51 chunks; 1.6 s; peak memory 486 MiB.
2026-10-05T09:37:17Z INFO [34/500] 37ac9124-9497-4147-95bf-28e7a44fd287: 117 chunks; 1.5 s; peak memory 486 MiB.
2026-10-05T09:37:22Z INFO [35/500] 37acb689-2f65-4874-95d3-3da0a483eb70: 6892 chunks; 5.2 s; peak memory 486 MiB.
2026-10-05T09:37:25Z INFO [36/500] 37acfcbf-6dcd-435c-9d63-9ad58fff9259: 402 chunks; 3.0 s; peak memory 486 MiB.
2026-10-05T09:37:33Z INFO [37/500] 37ad1c4c-290a-4a8a-9636-f86657c9c755: 666 chunks; 7.3 s; peak memory 486 MiB.
2026-10-05T09:37:35Z INFO [38/500] 37adb5e4-52ea-4423-8dfa-cec77bafa35f: 997 chunks; 2.5 s; peak memory 486 MiB.
2026-10-05T09:37:37Z INFO [39/500] 37ae01b6-0ba5-438c-b620-d70ddb64c2a5: 52 chunks; 1.4 s; peak memory 486 MiB.
2026-10-05T09:37:38Z INFO [40/500] 37ae551c-63eb-4832-b058-6274e78e624e: 56 chunks; 1.0 s; peak memory 486 MiB.
2026-10-05T09:39:44Z INFO [41/500] 37ae595f-a17d-40e9-8483-d6ac54a0011c: 47925 chunks; 126.8 s; peak memory 486 MiB.
2026-10-05T09:39:46Z INFO [42/500] 37af1310-b709-41f5-9d9f-673a017503bc: 117 chunks; 1.5 s; peak memory 486 MiB.
2026-10-05T09:39:52Z INFO [43/500] 37af2a3a-1ab2-44eb-ad81-683e89d47351: 676 chunks; 5.9 s; peak memory 486 MiB.
2026-10-05T09:39:53Z INFO [44/500] 37af6407-1674-42e1-bad2-22009c0a2d9c: 90 chunks; 1.3 s; peak memory 486 MiB.
2026-10-05T09:39:54Z INFO [45/500] 37af7d96-33ac-42f4-8832-06bdbec0f6c6: 48 chunks; 1.2 s; peak memory 486 MiB.
2026-10-05T09:44:00Z INFO [46/500] 37afc1a8-ee0e-4cb6-b5f5-d16d8583517f: 75327 chunks; 245.3 s; peak memory 486 MiB.
2026-10-05T09:44:01Z INFO [47/500] 37b0c534-4a9d-49af-8e18-df5b0eca61fd: 46 chunks; 1.1 s; peak memory 486 MiB.
2026-10-05T09:44:07Z INFO [48/500] 37b109e8-84dd-419d-a2d3-e376142abb04: 193 chunks; 6.7 s; peak memory 486 MiB.
2026-10-05T09:44:23Z INFO [49/500] 37b24eeb-6877-48ff-a270-b347535bfde6: 8775 chunks; 15.4 s; peak memory 486 MiB.
2026-10-05T09:44:25Z INFO [50/500] 37b291f2-f29f-44ea-9cc7-f22ac8788f96: 71 chunks; 2.4 s; peak memory 486 MiB.
2026-10-05T09:44:26Z INFO [50/500] 37b291f2-f29f-44ea-9cc7-f22ac8788f96: checkpointed 73884 records.
2026-10-05T09:44:27Z INFO [51/500] 37b2ef01-c239-4b5f-b17f-52972dca55de: 48 chunks; 1.1 s; peak memory 486 MiB.
2026-10-05T09:44:28Z INFO [52/500] 37b381c9-a12f-4c88-9b31-bd31f808d892: 112 chunks; 1.5 s; peak memory 486 MiB.
2026-10-05T09:44:30Z INFO [53/500] 37b3d483-3028-43f1-ade7-173c7afb8e43: 118 chunks; 1.4 s; peak memory 486 MiB.
2026-10-05T09:44:35Z INFO [54/500] 37b446f0-98b1-406b-8681-040f3e631386: 420 chunks; 5.4 s; peak memory 486 MiB.
2026-10-05T09:44:36Z INFO [55/500] 37b5a030-9349-4124-82b8-73c5b44f0020: 48 chunks; 1.2 s; peak memory 486 MiB.
2026-10-05T09:44:38Z INFO [56/500] 37b601a2-7406-4600-860a-b652aeb4aac3: 51 chunks; 1.4 s; peak memory 486 MiB.
2026-10-05T09:44:39Z INFO [57/500] 37b70a52-9620-4516-bfee-2f2babe0fc21: 48 chunks; 1.3 s; peak memory 486 MiB.
2026-10-05T09:44:45Z INFO [58/500] 37b732c8-1be6-4078-8020-5b3b5239ec1b: 323 chunks; 6.5 s; peak memory 486 MiB.
2026-10-05T09:44:47Z INFO [59/500] 37b87a37-e956-452b-9600-baeb57b61b3e: 289 chunks; 1.7 s; peak memory 486 MiB.
2026-10-05T09:44:49Z INFO [60/500] 37b9bc23-2c59-4709-a520-b5f7b0a6c593: 117 chunks; 1.6 s; peak memory 486 MiB.
2026-10-05T09:44:51Z INFO [61/500] 37b9e40f-f39b-4030-8ac2-4075e8b09b54: 119 chunks; 2.5 s; peak memory 486 MiB.
2026-10-05T09:45:00Z INFO [62/500] 37ba8b84-d8ae-41a2-b91d-4e43d82da574: 5262 chunks; 9.1 s; peak memory 486 MiB.
2026-10-05T09:45:02Z INFO [63/500] 37bb25f0-f5ef-419d-8ab9-6b00095cea3e: 74 chunks; 2.1 s; peak memory 486 MiB.
2026-10-05T09:45:04Z INFO [64/500] 37bc8484-ee24-45cb-8806-e6220fadf8ff: 112 chunks; 1.7 s; peak memory 486 MiB.
2026-10-05T09:45:07Z INFO [65/500] 37bc8894-a793-4395-8347-d64ab6a3f2a3: 115 chunks; 2.8 s; peak memory 486 MiB.
2026-10-05T09:45:08Z INFO [66/500] 37bd4e09-c489-4aa6-9e53-d382e28c57f1: 116 chunks; 1.4 s; peak memory 486 MiB.
2026-10-05T09:45:10Z INFO [67/500] 37be40eb-8d8c-4e9b-9bb5-c8e9171f8c1a: 84 chunks; 1.4 s; peak memory 486 MiB.
2026-10-05T09:45:12Z INFO [68/500] 37bf1c10-6ab0-48ff-a3b2-0bd7650d79f4: 67 chunks; 2.1 s; peak memory 486 MiB.
2026-10-05T09:45:14Z INFO [69/500] 37bfa315-9423-4315-a055-47085bc28ee4: 76 chunks; 1.9 s; peak memory 486 MiB.
2026-10-05T09:45:15Z INFO [70/500] 37c01e08-df16-459c-bc88-cf44517be54b: 64 chunks; 1.3 s; peak memory 486 MiB.
2026-10-05T09:45:17Z INFO [71/500] 37c06f3d-0b60-42ca-b93b-ec7b61a9b47c: 64 chunks; 2.0 s; peak memory 486 MiB.
2026-10-05T09:45:20Z INFO [72/500] 37c153e5-38bf-4125-b102-775c9847182a: 111 chunks; 3.3 s; peak memory 486 MiB.
2026-10-05T09:45:22Z INFO [73/500] 37c15973-2012-4c97-92b1-6d79cff31cba: 66 chunks; 1.7 s; peak memory 486 MiB.
2026-10-05T09:45:24Z INFO [74/500] 37c1df3a-684d-4b18-88e8-58ae6953a18a: 66 chunks; 1.8 s; peak memory 486 MiB.
2026-10-05T09:45:25Z INFO [75/500] 37c1ecbc-6763-49a3-be89-2e7e5432e655: 112 chunks; 1.5 s; peak memory 486 MiB.
2026-10-05T09:45:29Z INFO [76/500] 37c1fb75-e938-4c40-9360-cd2c6571fa2c: 80 chunks; 3.1 s; peak memory 486 MiB.
2026-10-05T09:45:30Z INFO [77/500] 37c2e6b5-703d-49a3-bc89-e92cca90cf04: 66 chunks; 1.6 s; peak memory 486 MiB.
2026-10-05T09:45:31Z INFO [78/500] 37c3cd72-6206-4c0c-9fb7-1ab9e388564b: 118 chunks; 1.4 s; peak memory 486 MiB.
2026-10-05T09:45:33Z INFO [79/500] 37c43264-a47c-4ae9-855d-81c7b1ebca1f: 48 chunks; 1.2 s; peak memory 486 MiB.
2026-10-05T09:45:34Z INFO [80/500] 37c4d80f-d499-484a-ab97-64153261fd90: 78 chunks; 1.4 s; peak memory 486 MiB.
2026-10-05T09:49:36Z INFO [81/500] 37c4da0d-004c-4188-a75a-b0ce2e42e754: 75835 chunks; 241.7 s; peak memory 487 MiB.
2026-10-05T09:49:37Z INFO [82/500] 37c585b9-7b95-439e-a2b8-f41b3772dc99: 112 chunks; 1.6 s; peak memory 487 MiB.
2026-10-05T09:49:39Z INFO [83/500] 37c74265-a5fa-4310-b7c4-1b2e9efd7006: 48 chunks; 1.3 s; peak memory 487 MiB.
2026-10-05T09:49:40Z INFO [84/500] 37c82627-b2e2-4289-ba0b-95b51e50e4bd: 48 chunks; 1.4 s; peak memory 487 MiB.
2026-10-05T09:49:53Z INFO [85/500] 37c8dcb8-30de-4974-9fd0-c659c1274d8a: 8739 chunks; 13.3 s; peak memory 487 MiB.
2026-10-05T09:49:55Z INFO [86/500] 37c9ecb2-5435-45cc-9438-e12b6fdcd99b: 48 chunks; 1.3 s; peak memory 487 MiB.
2026-10-05T09:49:57Z INFO [87/500] 37cbe5a9-d3ed-4c54-a80a-cf0526dfe984: 69 chunks; 2.1 s; peak memory 487 MiB.
2026-10-05T09:49:58Z INFO [88/500] 37cc5ddc-cdc5-4906-a940-47f334e11ba0: 117 chunks; 1.5 s; peak memory 487 MiB.
2026-10-05T09:50:00Z INFO [89/500] 37cc7a94-9d08-4d8c-b196-1ccae3d514f5: 41 chunks; 1.3 s; peak memory 487 MiB.
2026-10-05T09:50:01Z INFO [90/500] 37ccb0ab-3c5d-4fb4-aae9-f980fdac819a: 48 chunks; 1.3 s; peak memory 487 MiB.
2026-10-05T09:50:04Z INFO [91/500] 37cd4fc2-1e21-4018-8bdf-86f23ac88434: 114 chunks; 2.8 s; peak memory 487 MiB.
2026-10-05T09:50:07Z INFO [92/500] 37cd85e1-3567-4dd2-a4e2-9567b253e384: 156 chunks; 3.3 s; peak memory 487 MiB.
2026-10-05T09:55:56Z INFO [93/500] 37cebdc6-9878-45c7-91ef-310491c93793: 66733 chunks; 348.9 s; peak memory 566 MiB.
2026-10-05T09:55:57Z INFO [94/500] 37cf3be4-e2e2-435d-b4a3-2a790826b24b: 48 chunks; 1.2 s; peak memory 566 MiB.
2026-10-05T09:55:58Z INFO [95/500] 37cf3d3c-059d-4731-89ef-e88ab9b2bb0a: 48 chunks; 1.2 s; peak memory 566 MiB.
2026-10-05T09:55:59Z INFO [96/500] 37cfb443-5b2e-45b8-8301-73a6f14a2926: 41 chunks; 1.2 s; peak memory 566 MiB.
2026-10-05T09:56:01Z INFO [97/500] 37cffdf2-d332-48f6-8c4d-63ffc05b3102: 42 chunks; 1.2 s; peak memory 566 MiB.
2026-10-05T09:56:02Z INFO [98/500] 37d09533-c1b7-4873-9c54-46973860c8c4: 66 chunks; 1.7 s; peak memory 566 MiB.
2026-10-05T09:56:04Z INFO [99/500] 37d10f70-32cb-49c4-90c3-b92c4e897f69: 112 chunks; 1.8 s; peak memory 566 MiB.
2026-10-05T09:56:06Z INFO [100/500] 37d121ee-8f25-4589-9b64-8f11f6702e0a: 70 chunks; 1.9 s; peak memory 566 MiB.
2026-10-05T09:56:06Z INFO [100/500] 37d121ee-8f25-4589-9b64-8f11f6702e0a: checkpointed 73934 records.
2026-10-05T09:56:09Z INFO [101/500] 37d15952-8219-4fbb-8397-9a35a80439ff: 119 chunks; 2.8 s; peak memory 566 MiB.
2026-10-05T09:56:11Z INFO [102/500] 37d1b21e-7e0b-4ec9-9306-3a6b68ac8381: 112 chunks; 2.0 s; peak memory 566 MiB.
2026-10-05T09:56:14Z INFO [103/500] 37d1f7ba-954f-47d0-bb85-ad8390b10cfb: 90 chunks; 2.9 s; peak memory 566 MiB.
2026-10-05T09:56:20Z INFO [104/500] 37d45762-f60f-402e-8269-4d3212c45d0b: 1892 chunks; 6.5 s; peak memory 566 MiB.
2026-10-05T09:56:22Z INFO [105/500] 37d51a89-d419-48ca-9a33-7d7ea3c98f4a: 71 chunks; 1.7 s; peak memory 566 MiB.
2026-10-05T09:56:42Z INFO [106/500] 37d532d4-b225-4cda-995a-4c796acebf53: 6041 chunks; 20.3 s; peak memory 566 MiB.
2026-10-05T09:56:44Z INFO [107/500] 37d6742e-8a31-49c3-9fe2-90df969eb85c: 42 chunks; 1.3 s; peak memory 566 MiB.
2026-10-05T09:56:45Z INFO [108/500] 37d74a2e-fe94-4e5c-8e4f-1c38adbbd40c: 46 chunks; 1.2 s; peak memory 566 MiB.
2026-10-05T09:56:46Z INFO [109/500] 37d8ae64-9be8-4935-a6d4-e300c1e34c03: 112 chunks; 1.4 s; peak memory 566 MiB.
2026-10-05T09:56:48Z INFO [110/500] 37d8e581-ba4e-4fff-a581-4cf1c162c264: 112 chunks; 1.8 s; peak memory 566 MiB.
2026-10-05T09:56:50Z INFO [111/500] 37d914ba-af44-40e6-ade7-ae4b6a93ffc3: 112 chunks; 1.7 s; peak memory 566 MiB.
2026-10-05T09:56:53Z INFO [112/500] 37da42be-4330-4324-9a1d-fce937d12633: 186 chunks; 3.1 s; peak memory 566 MiB.
2026-10-05T09:57:14Z INFO [113/500] 37da4910-352a-4a99-ad30-1bec0b098881: 6054 chunks; 20.6 s; peak memory 566 MiB.
2026-10-05T09:57:15Z INFO [114/500] 37daf441-4b73-46ea-bfbd-be547055a7e8: 116 chunks; 1.6 s; peak memory 566 MiB.
2026-10-05T09:57:17Z INFO [115/500] 37dbd0bf-58ba-4d3a-9332-026b69299bb6: 117 chunks; 1.5 s; peak memory 566 MiB.
2026-10-05T09:57:23Z INFO [116/500] 37dbe919-2bfa-41b7-80a4-fc27c84a8d04: 350 chunks; 6.0 s; peak memory 566 MiB.
2026-10-05T09:57:31Z INFO [117/500] 37dc28ba-d0fe-4463-a2e0-b526a19377de: 303 chunks; 8.6 s; peak memory 566 MiB.
2026-10-05T09:57:34Z INFO [118/500] 37dcda4c-e8f9-44d1-9bd2-4812a38bc422: 119 chunks; 2.6 s; peak memory 566 MiB.
2026-10-05T09:57:35Z INFO [119/500] 37de8772-e5ff-4918-8b54-96965ead6c3c: 48 chunks; 1.2 s; peak memory 566 MiB.
2026-10-05T09:57:41Z INFO [120/500] 37de93da-cab3-4dfc-8341-3a6263222acb: 1248 chunks; 5.8 s; peak memory 566 MiB.
2026-10-05T09:57:43Z INFO [121/500] 37dea902-aca1-4499-8f9b-d93bc5e966cd: 124 chunks; 2.1 s; peak memory 566 MiB.
2026-10-05T09:57:45Z INFO [122/500] 37dec7f0-f4ba-4c7d-9cbd-f67da95b1578: 112 chunks; 1.7 s; peak memory 566 MiB.
2026-10-05T09:57:48Z INFO [123/500] 37df6067-1de3-4c93-b706-6e469519a60c: 85 chunks; 3.4 s; peak memory 566 MiB.
2026-10-05T09:58:09Z INFO [124/500] 37e0af70-dd4f-4746-8084-67b0420a20b0: 6041 chunks; 20.4 s; peak memory 566 MiB.
2026-10-05T09:58:10Z INFO [125/500] 37e4df39-144f-4afe-9ebe-a166f5089365: 48 chunks; 1.3 s; peak memory 566 MiB.
2026-10-05T09:58:11Z INFO [126/500] 37e69976-144e-4eed-b986-cd55570c692a: 112 chunks; 1.5 s; peak memory 566 MiB.
2026-10-05T09:58:13Z INFO [127/500] 37e6ab36-d31f-4868-82b8-68e16886c22b: 66 chunks; 1.9 s; peak memory 566 MiB.
2026-10-05T09:58:15Z INFO [128/500] 37e6e17b-f43e-480e-b96d-3a55d85601df: 193 chunks; 1.3 s; peak memory 566 MiB.
2026-10-05T10:00:40Z INFO [129/500] 37e7530b-1c8c-4328-b36c-81bda767952a: 46290 chunks; 145.5 s; peak memory 566 MiB.
2026-10-05T10:00:47Z INFO [130/500] 37e771cd-14fc-4bdc-8d99-9fa13e714ec7: 192 chunks; 7.0 s; peak memory 566 MiB.
2026-10-05T10:00:49Z INFO [131/500] 37e83532-3967-4181-a6de-7e0ff4b4e7b0: 116 chunks; 1.7 s; peak memory 566 MiB.
2026-10-05T10:00:50Z INFO [132/500] 37e8798a-e41f-42b2-a989-ca8763c0d2b4: 48 chunks; 1.3 s; peak memory 566 MiB.
2026-10-05T10:00:51Z INFO [133/500] 37e89d66-1831-472f-b389-c4ee96a3a538: 46 chunks; 0.9 s; peak memory 566 MiB.
2026-10-05T10:00:52Z INFO [134/500] 37e96ca5-fd2c-44c1-9216-2ffd0c9d5bf7: 116 chunks; 1.5 s; peak memory 566 MiB.
2026-10-05T10:00:54Z INFO [135/500] 37ea7fa3-52ea-4f53-a824-cd56811306a8: 64 chunks; 1.6 s; peak memory 566 MiB.
2026-10-05T10:01:00Z INFO [136/500] 37ea9587-572f-4f27-ace3-29768013eb93: 9292 chunks; 6.2 s; peak memory 566 MiB.
2026-10-05T10:03:52Z INFO [137/500] 37eb4298-6fd2-427f-9fea-97820703c35d: 65730 chunks; 172.0 s; peak memory 566 MiB.
2026-10-05T10:03:54Z INFO [138/500] 37eb65eb-a5c0-44ab-b3b2-847176a8942a: 118 chunks; 1.8 s; peak memory 566 MiB.
2026-10-05T10:03:56Z INFO [139/500] 37ec3179-8667-438e-8065-528e3a8de8af: 204 chunks; 1.9 s; peak memory 566 MiB.
2026-10-05T10:03:57Z INFO [140/500] 37ed24da-2f3b-4874-9e7c-5be0b3021186: 48 chunks; 1.2 s; peak memory 566 MiB.
2026-10-05T10:03:59Z INFO [141/500] 37ed3d18-15f7-44ef-8eb5-313f1227979b: 52 chunks; 1.5 s; peak memory 566 MiB.
2026-10-05T10:04:00Z INFO [142/500] 37edd07d-00f7-4101-962d-bb8fda311142: 56 chunks; 1.0 s; peak memory 566 MiB.
2026-10-05T10:04:01Z INFO [143/500] 37eebcbd-c32a-4dbb-9f40-57e018dd940c: 55 chunks; 1.1 s; peak memory 566 MiB.
2026-10-05T10:04:03Z INFO [144/500] 37ef4b78-9783-4954-9d75-e72590fe877d: 71 chunks; 2.0 s; peak memory 566 MiB.
2026-10-05T10:04:04Z INFO [145/500] 37ef77eb-fa78-4ac5-b694-966bdf12b6b5: 46 chunks; 1.1 s; peak memory 566 MiB.
2026-10-05T10:04:11Z INFO [146/500] 37f27ce6-0c6a-49b3-9aaa-d1f97c367403: 193 chunks; 6.9 s; peak memory 566 MiB.
2026-10-05T10:04:13Z INFO [147/500] 37f2a086-f838-49a8-9155-c445f93b75ba: 66 chunks; 1.9 s; peak memory 566 MiB.
2026-10-05T10:04:20Z INFO [148/500] 37f37c94-5d05-47b1-8a6c-ea0afa8d29b4: 2923 chunks; 6.9 s; peak memory 566 MiB.
2026-10-05T10:04:22Z INFO [149/500] 37f3ac71-a7a9-492a-9892-d35d78738556: 121 chunks; 2.6 s; peak memory 566 MiB.
2026-10-05T10:04:25Z INFO [150/500] 37f3f232-7dc7-45ee-9174-1eecd393583a: 71 chunks; 2.4 s; peak memory 566 MiB.
2026-10-05T10:04:25Z INFO [150/500] 37f3f232-7dc7-45ee-9174-1eecd393583a: checkpointed 73984 records.
2026-10-05T10:04:27Z INFO [151/500] 37f53d62-68e2-4c0b-9e01-505a03169777: 62 chunks; 1.9 s; peak memory 566 MiB.
2026-10-05T10:04:28Z INFO [152/500] 37f5fe0c-a7de-41b6-b1b1-1f1aa8867394: 46 chunks; 1.0 s; peak memory 566 MiB.
2026-10-05T10:04:30Z INFO [153/500] 37f6379d-c784-436e-a6f6-3ae5769af8f0: 118 chunks; 1.7 s; peak memory 566 MiB.
2026-10-05T10:04:31Z INFO [154/500] 37f66f53-2c71-41d0-bc61-cfc4c98a325a: 48 chunks; 1.3 s; peak memory 566 MiB.
2026-10-05T10:04:32Z INFO [155/500] 37f6b3ff-84a2-4364-aa3d-960c7b37182d: 116 chunks; 1.6 s; peak memory 566 MiB.
2026-10-05T10:04:49Z INFO [156/500] 37f6fbdd-5335-472a-b539-78b779da5b8b: 588 chunks; 16.4 s; peak memory 566 MiB.
2026-10-05T10:04:50Z INFO [157/500] 37f7c664-8ddd-4fcb-a3f0-b3e2787ad60a: 78 chunks; 1.5 s; peak memory 566 MiB.
2026-10-05T10:04:52Z INFO [158/500] 37f808af-38b4-4ec1-a95e-f09aa0ceb052: 48 chunks; 1.3 s; peak memory 566 MiB.
2026-10-05T10:04:54Z INFO [159/500] 37f96727-2a83-41f1-9ccf-65cdae838aa8: 110 chunks; 2.1 s; peak memory 566 MiB.
2026-10-05T10:04:55Z INFO [160/500] 37f9887b-d386-4a16-b51f-75e1b9cd5e6a: 52 chunks; 1.2 s; peak memory 566 MiB.
2026-10-05T10:05:19Z INFO [161/500] 37f9d41b-97ef-46fd-93b5-ec57bae23214: 6576 chunks; 24.1 s; peak memory 566 MiB.
2026-10-05T10:05:29Z INFO [162/500] 37f9e4e2-d494-4992-9c44-e157d8b91be5: 11631 chunks; 10.1 s; peak memory 566 MiB.
2026-10-05T10:05:51Z INFO [163/500] 37fad943-df05-4309-84fb-a8a224c4a947: 21226 chunks; 21.6 s; peak memory 566 MiB.
2026-10-05T10:05:52Z INFO [164/500] 37fae6dd-cb7a-420a-9675-741e2e3cc09b: 45 chunks; 1.1 s; peak memory 566 MiB.
2026-10-05T10:05:53Z INFO [165/500] 37fc59b2-1723-4c18-b271-1afd334a9426: 116 chunks; 1.4 s; peak memory 566 MiB.
2026-10-05T11:23:23Z INFO [166/500] 37fcc08c-5fc7-4063-8230-bbf29b797969: 1087684 chunks; 4649.4 s; peak memory 1200 MiB.
2026-10-05T11:24:06Z INFO [167/500] 37fd913e-317f-4db8-91f9-55b9498ad3f0: 16433 chunks; 42.9 s; peak memory 1200 MiB.
2026-10-05T11:24:07Z INFO [168/500] 37fd9388-f5cb-435e-9d06-7e7207762bd7: 50 chunks; 1.2 s; peak memory 1200 MiB.
2026-10-05T11:24:09Z INFO [169/500] 37fdbaf2-d12d-4077-9fb1-94feaf71de68: 84 chunks; 1.8 s; peak memory 1200 MiB.
2026-10-05T11:24:10Z INFO [170/500] 37fdc926-c7a4-4eb4-b88a-0bae7f137ec8: 46 chunks; 1.3 s; peak memory 1200 MiB.
2026-10-05T11:24:21Z INFO [171/500] 37fdd4cc-d101-4cb0-884a-2997e25a6109: 31347 chunks; 11.1 s; peak memory 1200 MiB.
2026-10-05T11:24:27Z INFO [172/500] 37fe0dbe-1a65-4b6f-a9fa-ed2001ed9367: 235 chunks; 6.6 s; peak memory 1200 MiB.
2026-10-05T11:24:29Z INFO [173/500] 38001b5b-bf5e-4902-b4c6-7648404aa1b6: 48 chunks; 1.3 s; peak memory 1200 MiB.
2026-10-05T11:24:30Z INFO [174/500] 38015a40-4eba-4304-85d9-af5cd7475ed7: 48 chunks; 1.4 s; peak memory 1200 MiB.
2026-10-05T11:24:32Z INFO [175/500] 38019fab-b38d-446d-af5d-fda5d6715937: 117 chunks; 1.4 s; peak memory 1200 MiB.
2026-10-05T11:24:33Z INFO [176/500] 38070d83-ddfa-4383-b4eb-b6b5f624e4a0: 48 chunks; 1.4 s; peak memory 1200 MiB.
2026-10-05T11:24:47Z INFO [177/500] 3807b7af-f04d-411d-8d6b-64cff965fc40: 22839 chunks; 14.3 s; peak memory 1200 MiB.
2026-10-05T11:24:49Z INFO [178/500] 3808221a-d9cc-4614-b18c-37a9c42e3154: 112 chunks; 2.0 s; peak memory 1200 MiB.
2026-10-05T11:24:51Z INFO [179/500] 380878ba-594a-4f1b-8d42-cc6526566b8f: 66 chunks; 1.9 s; peak memory 1200 MiB.
2026-10-05T11:24:53Z INFO [180/500] 3808aacd-660a-47cc-995a-c8385a52159b: 69 chunks; 1.7 s; peak memory 1200 MiB.
2026-10-05T11:25:43Z INFO [181/500] 3808e65b-4800-4a5e-b931-f5f021ccdaf4: 23349 chunks; 49.6 s; peak memory 1200 MiB.
2026-10-05T11:28:42Z INFO [182/500] 380a206b-34b0-41c4-846e-1d337f520886: 24470 chunks; 179.4 s; peak memory 1200 MiB.
2026-10-05T11:28:54Z INFO [183/500] 380abeeb-530a-4dc8-9b6c-40d64f3f9900: 14863 chunks; 12.3 s; peak memory 1200 MiB.
2026-10-05T11:28:57Z INFO [184/500] 380c0567-2cf7-470c-86a1-c3a17c669423: 160 chunks; 2.4 s; peak memory 1200 MiB.
2026-10-05T11:28:58Z INFO [185/500] 380c331c-4d1a-4194-acf1-ae5f1658e177: 72 chunks; 1.3 s; peak memory 1200 MiB.
2026-10-05T11:29:00Z INFO [186/500] 380c76d2-1144-4386-bdcc-548b18394464: 275 chunks; 1.9 s; peak memory 1200 MiB.
2026-10-05T11:29:01Z INFO [187/500] 380de386-65fe-48fa-a68a-d52e53a006f4: 48 chunks; 1.4 s; peak memory 1200 MiB.
2026-10-05T11:29:03Z INFO [188/500] 380eeff3-a6c5-4225-8366-e7d3e5077229: 112 chunks; 1.9 s; peak memory 1200 MiB.
2026-10-05T11:29:05Z INFO [189/500] 380f38fb-7472-4810-b4b7-208f727fef7f: 118 chunks; 1.5 s; peak memory 1200 MiB.
2026-10-05T11:29:06Z INFO [190/500] 3811fa83-8089-4aa3-a0b7-7ac72b32e7ac: 45 chunks; 1.7 s; peak memory 1200 MiB.
2026-10-05T11:29:19Z INFO [191/500] 38129307-67b3-4e7e-8b30-85dcb8530e56: 11066 chunks; 12.3 s; peak memory 1200 MiB.
2026-10-05T11:29:20Z INFO [192/500] 38146fe9-0663-488c-84d4-a2ea1434e240: 46 chunks; 0.9 s; peak memory 1200 MiB.
2026-10-05T11:29:21Z INFO [193/500] 3814af9e-6359-468a-b242-6f8cc8ec7f66: 46 chunks; 1.0 s; peak memory 1200 MiB.
2026-10-05T11:29:22Z INFO [194/500] 381542a3-f408-4a3c-9045-d46554d6922f: 550 chunks; 1.4 s; peak memory 1200 MiB.
2026-10-05T11:29:24Z INFO [195/500] 38164eda-a2d0-4571-b225-9cf51f4641a6: 306 chunks; 1.8 s; peak memory 1200 MiB.
2026-10-05T11:29:25Z INFO [196/500] 38178a88-bf43-4c7f-bd07-25a04d969447: 116 chunks; 1.5 s; peak memory 1200 MiB.
2026-10-05T11:29:33Z INFO [197/500] 381839dd-f0c4-4096-b98d-1d75e2bf1222: 3659 chunks; 7.4 s; peak memory 1200 MiB.
2026-10-05T11:29:35Z INFO [198/500] 381963eb-4dbf-411d-a884-4cae44e4d9ae: 112 chunks; 2.1 s; peak memory 1200 MiB.
2026-10-05T11:29:40Z INFO [199/500] 381a4b2b-c8a8-4c3f-96c8-cd872d977038: 2085 chunks; 5.0 s; peak memory 1200 MiB.
2026-10-05T11:29:41Z INFO [200/500] 381ab4bc-aef8-47b4-9d23-a5c6e3d2c427: 48 chunks; 1.3 s; peak memory 1200 MiB.
2026-10-05T11:29:41Z INFO [200/500] 381ab4bc-aef8-47b4-9d23-a5c6e3d2c427: checkpointed 74034 records.
2026-10-05T11:29:42Z INFO [201/500] 381bab42-15ba-4f84-b9d6-0fea407667aa: 48 chunks; 1.2 s; peak memory 1200 MiB.
2026-10-05T11:29:44Z INFO [202/500] 381d49a5-8d2c-4b9c-be03-8560f445e8b6: 48 chunks; 1.3 s; peak memory 1200 MiB.
2026-10-05T11:29:45Z INFO [203/500] 381f184b-0bf7-4f18-96f5-97de205bac71: 112 chunks; 1.6 s; peak memory 1200 MiB.
2026-10-05T11:29:54Z INFO [204/500] 3820f960-e9e7-4af8-87a1-b7f299b18ef7: 4151 chunks; 8.3 s; peak memory 1200 MiB.
2026-10-05T11:29:56Z INFO [205/500] 3821244d-5a62-4429-9f7e-b19755d10b2f: 490 chunks; 2.4 s; peak memory 1200 MiB.
2026-10-05T11:29:57Z INFO [206/500] 3821499b-8fb0-4360-9661-bac63134fc8a: 48 chunks; 1.3 s; peak memory 1200 MiB.
2026-10-05T11:29:59Z INFO [207/500] 382235d1-5b79-4062-a0c6-76e5cdd35489: 117 chunks; 1.7 s; peak memory 1200 MiB.
2026-10-05T11:30:00Z INFO [208/500] 3822b1eb-30e6-4ced-9606-725fe28f8461: 45 chunks; 1.0 s; peak memory 1200 MiB.
2026-10-05T11:32:31Z INFO [209/500] 38243186-660f-4623-89e7-b75e0eb4a9c0: 42730 chunks; 151.0 s; peak memory 1200 MiB.
2026-10-05T11:32:33Z INFO [210/500] 38245e5a-e7d7-465a-b004-06ed998987e4: 115 chunks; 1.7 s; peak memory 1200 MiB.
2026-10-05T11:32:34Z INFO [211/500] 38246c4a-c138-418b-8057-c0b1c43864e9: 69 chunks; 1.4 s; peak memory 1200 MiB.
2026-10-05T11:32:35Z INFO [212/500] 382474ef-5c4f-4d39-bd9c-504202a5517d: 48 chunks; 1.2 s; peak memory 1200 MiB.
2026-10-05T11:32:44Z INFO [213/500] 3824e7fb-849d-43cc-b4e3-7cf3dce44ca3: 21841 chunks; 8.4 s; peak memory 1200 MiB.
2026-10-05T11:35:12Z INFO [214/500] 38257f81-66a0-4fcb-9e0e-549e05257480: 68263 chunks; 148.2 s; peak memory 1200 MiB.
2026-10-05T11:35:14Z INFO [215/500] 3826db1d-4a89-45e2-bebf-d642e083b43a: 133 chunks; 2.5 s; peak memory 1200 MiB.
2026-10-05T11:35:16Z INFO [216/500] 38270f77-5ab6-4ddd-9350-0f5dc0866fe6: 48 chunks; 1.3 s; peak memory 1200 MiB.
2026-10-05T11:35:17Z INFO [217/500] 38280cd8-68e3-4801-b477-abb469559b36: 48 chunks; 1.2 s; peak memory 1200 MiB.
2026-10-05T11:35:31Z INFO [218/500] 3828dd5f-82e2-459b-ab44-3224df0ae979: 10957 chunks; 13.6 s; peak memory 1200 MiB.
2026-10-05T11:35:32Z INFO [219/500] 3829932a-6d8b-4f9f-8689-eb204991e4db: 69 chunks; 1.2 s; peak memory 1200 MiB.
2026-10-05T11:35:33Z INFO [220/500] 382aca4f-53f6-4e2d-aae9-15e0cf340eb6: 48 chunks; 1.1 s; peak memory 1200 MiB.
2026-10-05T11:35:35Z INFO [221/500] 382b2371-0317-40a3-81f3-6d239625eadd: 118 chunks; 1.7 s; peak memory 1200 MiB.
2026-10-05T11:35:36Z INFO [222/500] 382b4f56-982e-4869-b244-af7e903ce6ae: 69 chunks; 1.6 s; peak memory 1200 MiB.
2026-10-05T11:35:37Z INFO [223/500] 382b53c7-07fc-48c4-9e20-9c3cee70ba0d: 99 chunks; 1.2 s; peak memory 1200 MiB.
2026-10-05T11:35:38Z INFO [224/500] 382ba29f-f05b-4bc6-be45-3a0082ac5fbc: 58 chunks; 0.9 s; peak memory 1200 MiB.
2026-10-05T11:35:40Z INFO [225/500] 382bfe57-a7ac-4214-871d-5cab8b2a7d93: 48 chunks; 1.2 s; peak memory 1200 MiB.
2026-10-05T11:35:41Z INFO [226/500] 382c0089-dba7-4b53-b21d-2e613d9277b1: 118 chunks; 1.5 s; peak memory 1200 MiB.
2026-10-05T11:35:42Z INFO [227/500] 382db76d-ae4b-42c1-a961-822b58388e92: 46 chunks; 1.0 s; peak memory 1200 MiB.
2026-10-05T11:35:45Z INFO [228/500] 382f327c-1461-412f-aa41-3106d1433e21: 156 chunks; 3.4 s; peak memory 1200 MiB.
2026-10-05T11:35:47Z INFO [229/500] 382f5e2c-b2fc-4730-adf3-b677ade50be8: 112 chunks; 1.8 s; peak memory 1200 MiB.
2026-10-05T11:35:49Z INFO [230/500] 382f658d-5876-4392-a04e-4d1db97faf2a: 71 chunks; 1.8 s; peak memory 1200 MiB.
2026-10-05T11:35:50Z INFO [231/500] 382f73d3-a539-4af3-8050-0006fe4ccd93: 48 chunks; 1.1 s; peak memory 1200 MiB.
2026-10-05T11:35:52Z INFO [232/500] 382fa234-4757-405e-b709-0b90136839a0: 112 chunks; 1.9 s; peak memory 1200 MiB.
2026-10-05T11:35:53Z INFO [233/500] 3830d738-bbdf-4a1a-a51e-fd03da1251f6: 48 chunks; 1.3 s; peak memory 1200 MiB.
2026-10-05T11:35:55Z INFO [234/500] 38316e98-61f7-4da1-bd2f-b3edcf9627e4: 117 chunks; 1.4 s; peak memory 1200 MiB.
2026-10-05T11:35:56Z INFO [235/500] 3831d352-8571-4094-bb67-ed6d1dca8ccb: 119 chunks; 1.3 s; peak memory 1200 MiB.
2026-10-05T11:35:58Z INFO [236/500] 38321152-aa1c-44d4-af2b-217154e32835: 117 chunks; 1.8 s; peak memory 1200 MiB.
2026-10-05T11:36:04Z INFO [237/500] 38329e30-9695-4d3e-befc-2a6356314668: 1220 chunks; 6.1 s; peak memory 1200 MiB.
2026-10-05T11:36:08Z INFO [238/500] 38334457-d0e9-4549-bcc5-96359c843bd1: 254 chunks; 3.7 s; peak memory 1200 MiB.
2026-10-05T11:36:09Z INFO [239/500] 38334816-4ec2-4346-bf55-15ddc0ecb07f: 117 chunks; 1.5 s; peak memory 1200 MiB.
2026-10-05T11:36:10Z INFO [240/500] 3833e7c9-6a53-4127-b38f-e6b48af66d41: 48 chunks; 1.2 s; peak memory 1200 MiB.
2026-10-05T11:36:20Z INFO [241/500] 38356156-40d1-4d26-ba50-f34a65579d1e: 339 chunks; 9.4 s; peak memory 1200 MiB.
2026-10-05T11:36:22Z INFO [242/500] 3835b6b2-474a-439b-b6e1-b54416b9d1ec: 54 chunks; 2.0 s; peak memory 1200 MiB.
2026-10-05T11:36:23Z INFO [243/500] 3835c534-946c-4c3f-a84f-a06dca0608ea: 48 chunks; 1.4 s; peak memory 1200 MiB.
2026-10-05T11:36:25Z INFO [244/500] 3835d6e6-24fd-4244-aebf-79e930831a96: 117 chunks; 1.5 s; peak memory 1200 MiB.
2026-10-05T11:36:26Z INFO [245/500] 3836bc5e-0f9b-4379-a7ef-cf6242588d6b: 57 chunks; 1.1 s; peak memory 1200 MiB.
2026-10-05T11:36:28Z INFO [246/500] 3836ca5b-6c79-40cf-9648-9012b240a59a: 76 chunks; 1.8 s; peak memory 1200 MiB.
2026-10-05T11:36:31Z INFO [247/500] 3837161f-961f-40a7-b228-5ffd5be93f9d: 1770 chunks; 3.8 s; peak memory 1200 MiB.
2026-10-05T11:36:33Z INFO [248/500] 3837a659-cfae-4c38-a54a-bf35fd56d4c4: 117 chunks; 1.5 s; peak memory 1200 MiB.
2026-10-05T11:36:34Z INFO [249/500] 383837b5-30b7-4801-8971-d9245224ea8f: 48 chunks; 1.2 s; peak memory 1200 MiB.
2026-10-05T11:36:36Z INFO [250/500] 3838818c-3f9b-47dc-bd06-5fc037b9dacb: 303 chunks; 1.8 s; peak memory 1200 MiB.
2026-10-05T11:36:36Z INFO [250/500] 3838818c-3f9b-47dc-bd06-5fc037b9dacb: checkpointed 74084 records.
2026-10-05T11:36:37Z INFO [251/500] 38394f47-4b4e-4f3a-99b9-5ca94359ec9c: 46 chunks; 1.0 s; peak memory 1200 MiB.
2026-10-05T11:36:39Z INFO [252/500] 383984dc-eafa-473d-b993-bfc5c6bf583f: 51 chunks; 1.7 s; peak memory 1200 MiB.
2026-10-05T11:36:41Z INFO [253/500] 3839c2ff-c143-47de-a27a-f3cbe39ae303: 66 chunks; 1.8 s; peak memory 1200 MiB.
2026-10-05T11:36:42Z INFO [254/500] 383b3c70-028c-4f29-a28e-d88114003bd0: 61 chunks; 1.8 s; peak memory 1200 MiB.
2026-10-05T11:36:44Z INFO [255/500] 383b64da-256b-4c98-802c-fbb3f34877ec: 57 chunks; 1.3 s; peak memory 1200 MiB.
2026-10-05T11:36:45Z INFO [256/500] 383c1547-ec60-4ddd-a77e-5796cdb0db4c: 48 chunks; 1.2 s; peak memory 1200 MiB.
2026-10-05T11:36:49Z INFO [257/500] 383c17f7-810b-4d05-894e-f88a24e2f22e: 125 chunks; 4.5 s; peak memory 1200 MiB.
2026-10-05T11:37:00Z INFO [258/500] 383c25ef-27d9-473f-9679-eb81ddabfc0d: 9915 chunks; 10.3 s; peak memory 1200 MiB.
2026-10-05T11:37:01Z INFO [259/500] 383d5edb-6dc5-4f43-b0ed-408c3962f08e: 48 chunks; 1.3 s; peak memory 1200 MiB.
2026-10-05T11:37:02Z INFO [260/500] 383dee54-510c-445a-8d52-bef9be5b02a2: 48 chunks; 1.3 s; peak memory 1200 MiB.
2026-10-05T11:37:04Z INFO [261/500] 383edea9-a10f-4cab-bfd5-2e89b7ed0402: 117 chunks; 1.3 s; peak memory 1200 MiB.
2026-10-05T11:37:06Z INFO [262/500] 3840413b-cab3-40d4-82fa-b22de6c51f2f: 69 chunks; 2.0 s; peak memory 1200 MiB.
2026-10-05T11:37:07Z INFO [263/500] 3841255c-9992-455d-8841-8dc97dedd109: 112 chunks; 1.6 s; peak memory 1200 MiB.
2026-10-05T11:37:09Z INFO [264/500] 38427f8f-caf7-42e6-a59e-ac60f3a2a4e1: 128 chunks; 1.8 s; peak memory 1200 MiB.
2026-10-05T11:37:15Z INFO [265/500] 38434271-1d1a-4c22-bc65-ad4c9c32b6cc: 6070 chunks; 5.9 s; peak memory 1200 MiB.
2026-10-05T11:37:16Z INFO [266/500] 38439cb1-8c73-40c0-8582-2fd9635942df: 84 chunks; 1.2 s; peak memory 1200 MiB.
2026-10-05T11:37:28Z INFO [267/500] 3843a343-07f2-4273-90cd-6aee3d7e5883: 10269 chunks; 12.3 s; peak memory 1200 MiB.
2026-10-05T11:37:30Z INFO [268/500] 3844830d-939d-46a3-8de6-360b047197a1: 48 chunks; 1.2 s; peak memory 1200 MiB.
2026-10-05T11:37:31Z INFO [269/500] 3844d42d-68bd-4903-85d5-6959dd92c01e: 48 chunks; 1.3 s; peak memory 1200 MiB.
2026-10-05T11:37:32Z INFO [270/500] 3844ff6e-b6f4-4b86-8965-5f8bbe73c574: 48 chunks; 1.1 s; peak memory 1200 MiB.
2026-10-05T11:37:34Z INFO [271/500] 38454d93-2968-43af-b0a2-07d9df51b2ae: 71 chunks; 2.4 s; peak memory 1200 MiB.
2026-10-05T11:37:36Z INFO [272/500] 38455573-9743-48ac-9345-9bb814ceef58: 55 chunks; 1.7 s; peak memory 1200 MiB.
2026-10-05T11:37:37Z INFO [273/500] 38455e74-d04d-499e-844e-5d814951372b: 41 chunks; 1.1 s; peak memory 1200 MiB.
2026-10-05T11:37:38Z INFO [274/500] 384568fb-fa09-4922-b99c-8e97c38ee3f1: 48 chunks; 1.4 s; peak memory 1200 MiB.
2026-10-05T11:37:39Z INFO [275/500] 38464883-bd1f-4dc9-b6f6-ed62b0dd4dd2: 46 chunks; 0.9 s; peak memory 1200 MiB.
2026-10-05T11:37:42Z INFO [276/500] 384661f4-43f4-4ff6-96b1-8585a54097da: 76 chunks; 2.4 s; peak memory 1200 MiB.
2026-10-05T11:37:55Z INFO [277/500] 3847691c-8f54-4e7d-b346-1dfc2d433a07: 2962 chunks; 13.6 s; peak memory 1200 MiB.
2026-10-05T11:37:57Z INFO [278/500] 384793ac-a77b-4297-8ab8-413b19e3cb6d: 41 chunks; 1.2 s; peak memory 1200 MiB.
2026-10-05T11:37:58Z INFO [279/500] 38480890-97e2-4db9-a4f7-4e7df658f031: 117 chunks; 1.3 s; peak memory 1200 MiB.
2026-10-05T11:38:02Z INFO [280/500] 38480e36-6303-4269-ab75-776af50d3541: 1641 chunks; 4.3 s; peak memory 1200 MiB.
2026-10-05T11:38:04Z INFO [281/500] 3849d14c-3685-40da-b6fc-1344805dc393: 66 chunks; 1.8 s; peak memory 1200 MiB.
2026-10-05T11:38:05Z INFO [282/500] 384a38a7-7dfa-4df3-9cd8-a726c132a8b5: 102 chunks; 1.1 s; peak memory 1200 MiB.
2026-10-05T11:38:07Z INFO [283/500] 384a3c75-0bf3-4e78-b678-62c97a029047: 66 chunks; 1.8 s; peak memory 1200 MiB.
2026-10-05T11:38:09Z INFO [284/500] 384b8bc0-3489-4eab-8546-60963218aad2: 112 chunks; 1.9 s; peak memory 1200 MiB.
2026-10-05T11:38:10Z INFO [285/500] 384cae1f-1a30-4e16-8694-cc41f81fba28: 112 chunks; 1.5 s; peak memory 1200 MiB.
2026-10-05T11:38:12Z INFO [286/500] 384eea75-69ed-42da-8eeb-a51784af6974: 69 chunks; 1.8 s; peak memory 1200 MiB.
2026-10-05T11:40:23Z INFO [287/500] 384efa4b-9cf6-46a2-bc4a-384bab2b44b0: 37945 chunks; 131.4 s; peak memory 1200 MiB.
2026-10-05T11:40:25Z INFO [288/500] 384f3a99-99de-473f-a5f0-dbc05b17b8b1: 112 chunks; 1.9 s; peak memory 1200 MiB.
2026-10-05T11:40:27Z INFO [289/500] 384fca0c-e135-4563-966c-c99fe21c4c93: 48 chunks; 1.3 s; peak memory 1200 MiB.
2026-10-05T11:40:28Z INFO [290/500] 38513fd4-3d39-4a6b-a84f-c09ed23dd535: 117 chunks; 1.6 s; peak memory 1200 MiB.
2026-10-05T11:40:30Z INFO [291/500] 38534b96-9342-4671-99a9-4df65e842e1a: 48 chunks; 1.2 s; peak memory 1200 MiB.
2026-10-05T11:40:32Z INFO [292/500] 38535e12-7221-4911-b89d-c59e99e2d45e: 118 chunks; 2.4 s; peak memory 1200 MiB.
2026-10-05T11:40:33Z INFO [293/500] 3853a70f-c74b-4707-af73-ea45ac08492d: 48 chunks; 1.3 s; peak memory 1200 MiB.
2026-10-05T11:40:34Z INFO [294/500] 3853beb3-7c38-433c-9053-31504b6daadf: 48 chunks; 1.2 s; peak memory 1200 MiB.
2026-10-05T11:40:45Z INFO [295/500] 385440cc-51a6-4bb6-bbc7-f9e0a81fc63e: 336 chunks; 10.1 s; peak memory 1200 MiB.
2026-10-05T11:40:47Z INFO [296/500] 3854434f-b075-413c-9801-9202e8f17c6d: 117 chunks; 2.1 s; peak memory 1200 MiB.
2026-10-05T11:40:48Z INFO [297/500] 3854809f-a26a-4259-9d33-815f3ca25356: 69 chunks; 1.3 s; peak memory 1200 MiB.
2026-10-05T11:40:54Z INFO [298/500] 3854b92d-c6f2-44e0-b0df-c7b08ccdfd14: 2923 chunks; 5.6 s; peak memory 1200 MiB.
2026-10-05T11:40:55Z INFO [299/500] 38555a1c-a361-438d-9d43-e7b81190b6b1: 48 chunks; 1.2 s; peak memory 1200 MiB.
2026-10-05T11:41:13Z INFO [300/500] 3855a5f4-ac2f-4714-a050-9d4acafcc315: 8542 chunks; 17.7 s; peak memory 1200 MiB.
2026-10-05T11:41:13Z INFO [300/500] 3855a5f4-ac2f-4714-a050-9d4acafcc315: checkpointed 74134 records.
2026-10-05T11:41:20Z INFO [301/500] 385645bd-4234-4831-9433-16009f8e5f12: 208 chunks; 7.2 s; peak memory 1200 MiB.
2026-10-05T11:41:23Z INFO [302/500] 38574d5e-6f2a-4506-9fd5-0254b24a816b: 157 chunks; 3.0 s; peak memory 1200 MiB.
2026-10-05T11:41:25Z INFO [303/500] 38575ff4-a964-4355-bb04-9c030c450f30: 118 chunks; 1.6 s; peak memory 1200 MiB.
2026-10-05T11:41:26Z INFO [304/500] 3857790e-5bfe-40fe-a11a-e7a90c26c23b: 48 chunks; 1.3 s; peak memory 1200 MiB.
2026-10-05T11:41:29Z INFO [305/500] 385794c6-4cef-4ba2-bb5e-c64bea4f0754: 115 chunks; 2.9 s; peak memory 1200 MiB.
2026-10-05T11:47:08Z INFO [306/500] 3857c48a-8ad0-4291-9a2c-505e84f9b4f6: 66733 chunks; 339.4 s; peak memory 1200 MiB.
2026-10-05T11:47:10Z INFO [307/500] 3858abf1-5264-4ba1-92df-e67f82c1bb50: 48 chunks; 1.2 s; peak memory 1200 MiB.
2026-10-05T11:47:11Z INFO [308/500] 385b2f3d-d2e0-45a6-b45a-9eae3c7b2a4e: 50 chunks; 1.2 s; peak memory 1200 MiB.
2026-10-05T11:47:14Z INFO [309/500] 385b3ecb-4358-4541-9181-375e0d0b8271: 1641 chunks; 3.8 s; peak memory 1200 MiB.
2026-10-05T11:47:17Z INFO [310/500] 385b725f-9a9c-474c-8a70-f9c2751912b4: 116 chunks; 3.0 s; peak memory 1200 MiB.
2026-10-05T11:47:20Z INFO [311/500] 385bb6f1-8192-4bc1-95a7-279aad777b64: 71 chunks; 2.4 s; peak memory 1200 MiB.
2026-10-05T11:47:40Z INFO [312/500] 385c6357-e62f-49e4-9795-baea98312795: 8229 chunks; 20.2 s; peak memory 1200 MiB.
2026-10-05T11:47:48Z INFO [313/500] 385cb965-60db-4b65-8c9d-17f4321be471: 1345 chunks; 7.8 s; peak memory 1200 MiB.
2026-10-05T11:47:49Z INFO [314/500] 385d3d45-6b47-4cb5-a260-20ed35bb7a37: 112 chunks; 1.6 s; peak memory 1200 MiB.
2026-10-05T11:47:51Z INFO [315/500] 385d5043-eda1-4076-b250-163d50a16d1c: 112 chunks; 1.7 s; peak memory 1200 MiB.
2026-10-05T11:47:54Z INFO [316/500] 385d8e44-6b3e-444b-89b7-98a7625fab99: 119 chunks; 2.4 s; peak memory 1200 MiB.
2026-10-05T11:47:55Z INFO [317/500] 385dacc3-5f25-4147-bdc2-98dd4c614557: 117 chunks; 1.5 s; peak memory 1200 MiB.
2026-10-05T11:48:02Z INFO [318/500] 385dbceb-2a4f-4296-9b19-8f6821807f42: 14496 chunks; 7.4 s; peak memory 1200 MiB.
2026-10-05T11:48:04Z INFO [319/500] 385e6c3c-cec6-4263-91bb-2336bc1a25bb: 48 chunks; 1.4 s; peak memory 1200 MiB.
2026-10-05T11:48:10Z INFO [320/500] 385ecba0-f335-421b-96d3-7212166d3762: 3441 chunks; 6.7 s; peak memory 1200 MiB.
2026-10-05T11:48:13Z INFO [321/500] 385fb99c-dc7e-4af5-ab8b-4d4a09937290: 80 chunks; 2.8 s; peak memory 1200 MiB.
2026-10-05T11:48:14Z INFO [322/500] 385fbc34-c1b8-4639-9ecb-3b84ecafba1a: 50 chunks; 1.1 s; peak memory 1200 MiB.
2026-10-05T11:48:16Z INFO [323/500] 386005aa-0738-4251-8bbd-ed55aaba681e: 112 chunks; 1.7 s; peak memory 1200 MiB.
2026-10-05T11:48:17Z INFO [324/500] 386139d6-8174-4564-9dba-1f2f66b811ea: 46 chunks; 1.3 s; peak memory 1200 MiB.
2026-10-05T11:48:20Z INFO [325/500] 386280e9-95db-4ac3-a2db-f7967ae7cdde: 118 chunks; 2.9 s; peak memory 1200 MiB.
2026-10-05T11:48:22Z INFO [326/500] 386297f0-e797-40cd-9a00-d479ce72d440: 289 chunks; 1.8 s; peak memory 1200 MiB.
2026-10-05T11:48:24Z INFO [327/500] 3862ea9a-2eca-4877-a9fd-b0cf969cd2fc: 110 chunks; 1.8 s; peak memory 1200 MiB.
2026-10-05T11:49:00Z INFO [328/500] 38641934-b4c4-408a-a9fc-c2cf5421d2e8: 22653 chunks; 36.2 s; peak memory 1200 MiB.
2026-10-05T11:49:03Z INFO [329/500] 3864e6eb-c571-40f5-8c28-a8d3f311c205: 119 chunks; 3.2 s; peak memory 1200 MiB.
2026-10-05T11:49:06Z INFO [330/500] 386511aa-4409-4a7a-9949-3fbe5bb7f7d3: 119 chunks; 2.8 s; peak memory 1200 MiB.
2026-10-05T11:49:08Z INFO [331/500] 3866675b-e1a2-4ef5-a521-78212f367e1f: 289 chunks; 1.8 s; peak memory 1200 MiB.
2026-10-05T11:49:10Z INFO [332/500] 3866e7b2-fa9e-4542-a8d3-53e4a397c9a7: 66 chunks; 2.3 s; peak memory 1200 MiB.
2026-10-05T11:49:18Z INFO [333/500] 38671228-3cc3-4a44-bcab-e3d96fef7f4a: 2923 chunks; 8.2 s; peak memory 1200 MiB.
2026-10-05T11:49:20Z INFO [334/500] 3867326f-a07a-41f9-9ba8-84675b73a622: 117 chunks; 1.6 s; peak memory 1200 MiB.
2026-10-05T11:49:23Z INFO [335/500] 386a6277-6e36-41db-a89d-038c4b6088f9: 114 chunks; 3.0 s; peak memory 1200 MiB.
2026-10-05T11:49:24Z INFO [336/500] 386a7ab5-8541-4a48-9fc8-ab70e3e88cca: 117 chunks; 1.4 s; peak memory 1200 MiB.
2026-10-05T11:49:26Z INFO [337/500] 386ab9d8-d5ce-4ca9-88bc-017cf266fbc0: 48 chunks; 1.2 s; peak memory 1200 MiB.
2026-10-05T12:33:43Z INFO [338/500] 386ad5fc-c3f8-4cd7-8bd3-d47691840fcf: 476015 chunks; 2657.9 s; peak memory 1200 MiB.
2026-10-05T12:33:45Z INFO [339/500] 386b1cbf-317e-40ea-b0f0-9db34c665da3: 118 chunks; 1.6 s; peak memory 1200 MiB.
2026-10-05T12:33:46Z INFO [340/500] 386b2f39-ff29-4f01-8e0b-e11822ef5bea: 46 chunks; 1.0 s; peak memory 1200 MiB.
2026-10-05T12:33:47Z INFO [341/500] 386bf5eb-887e-4e0b-98ec-70b28346291f: 46 chunks; 1.1 s; peak memory 1200 MiB.
2026-10-05T12:33:48Z INFO [342/500] 386bfb4a-a9d0-4c5b-b9aa-77b29f61be99: 55 chunks; 1.0 s; peak memory 1200 MiB.
2026-10-05T12:33:49Z INFO [343/500] 386c0e97-d74b-442f-bec2-670f0c752f52: 48 chunks; 1.3 s; peak memory 1200 MiB.
2026-10-05T12:33:51Z INFO [344/500] 386c7cd7-97ae-4193-9520-8f9bd4f0157e: 48 chunks; 1.3 s; peak memory 1200 MiB.
2026-10-05T12:33:55Z INFO [345/500] 386cd4c6-9bfb-4018-9978-f239731f16d3: 238 chunks; 4.1 s; peak memory 1200 MiB.
2026-10-05T12:33:56Z INFO [346/500] 386d7b29-87f5-4011-8889-02b16fd2b6be: 48 chunks; 1.2 s; peak memory 1200 MiB.
2026-10-05T12:33:59Z INFO [347/500] 386dc486-5060-4a15-b825-2409653e7738: 115 chunks; 2.8 s; peak memory 1200 MiB.
2026-10-05T12:34:00Z INFO [348/500] 386df579-dd8f-4f68-b7db-ab9094f9bd8e: 45 chunks; 1.1 s; peak memory 1200 MiB.
2026-10-05T12:34:02Z INFO [349/500] 386e52b0-9fdb-4161-8950-669daa6cfce1: 117 chunks; 1.8 s; peak memory 1200 MiB.
2026-10-05T12:34:04Z INFO [350/500] 386e6eed-3d3c-4a75-8842-829bb6d34c41: 112 chunks; 1.9 s; peak memory 1200 MiB.
2026-10-05T12:34:04Z INFO [350/500] 386e6eed-3d3c-4a75-8842-829bb6d34c41: checkpointed 74184 records.
2026-10-05T12:34:05Z INFO [351/500] 386fc76a-237d-46f7-9703-4bd6baabb882: 52 chunks; 1.4 s; peak memory 1200 MiB.
2026-10-05T12:34:07Z INFO [352/500] 386fec4f-ef44-4808-99b1-4e880c44fcf2: 71 chunks; 2.0 s; peak memory 1200 MiB.
2026-10-05T12:34:12Z INFO [353/500] 38700840-c9be-41e1-ab68-ffa594d8465a: 1630 chunks; 4.2 s; peak memory 1200 MiB.
2026-10-05T12:34:13Z INFO [354/500] 3870867a-0ffa-4743-a0f2-a7caa96c5b82: 72 chunks; 1.6 s; peak memory 1200 MiB.
2026-10-05T12:34:19Z INFO [355/500] 3870c8af-972d-45f4-ad53-943aab301845: 3303 chunks; 5.4 s; peak memory 1200 MiB.
2026-10-05T12:34:32Z INFO [356/500] 387184a7-435c-44f9-8cad-a356921e113f: 11668 chunks; 13.8 s; peak memory 1200 MiB.
2026-10-05T12:34:35Z INFO [357/500] 387353f0-43d9-4c14-b374-61fb2c8f2749: 76 chunks; 2.4 s; peak memory 1200 MiB.
2026-10-05T12:34:38Z INFO [358/500] 3874160b-d010-4306-990b-4f15e48c6e0b: 156 chunks; 3.5 s; peak memory 1200 MiB.
2026-10-05T12:34:40Z INFO [359/500] 3874799f-3291-4975-86a7-0dd1df3f4431: 62 chunks; 1.6 s; peak memory 1200 MiB.
2026-10-05T12:34:46Z INFO [360/500] 387499a9-5a59-4998-a62a-a6bbb9000140: 2923 chunks; 6.5 s; peak memory 1200 MiB.
2026-10-05T12:34:48Z INFO [361/500] 3874af7e-958e-44ac-85c8-e985b1ac6b2f: 121 chunks; 1.3 s; peak memory 1200 MiB.
2026-10-05T12:34:54Z INFO [362/500] 3875a1d6-fcfa-4089-aeaf-0eec720c7273: 548 chunks; 6.2 s; peak memory 1200 MiB.
2026-10-05T12:34:56Z INFO [363/500] 3875c1cd-0d59-4851-b48a-ee84ee807fd8: 51 chunks; 1.8 s; peak memory 1200 MiB.
2026-10-05T12:35:13Z INFO [364/500] 3875c7b2-401b-48cf-a25e-93f86293dac0: 4572 chunks; 17.3 s; peak memory 1200 MiB.
2026-10-05T12:35:14Z INFO [365/500] 3876305b-437d-4d3b-b1ea-a24cbb08ef77: 48 chunks; 1.3 s; peak memory 1200 MiB.
2026-10-05T12:35:17Z INFO [366/500] 38763336-0cf7-4b18-815f-bcffcde1c469: 115 chunks; 2.8 s; peak memory 1200 MiB.
2026-10-05T12:35:18Z INFO [367/500] 38773254-f014-43cd-af41-90d3ef911e0a: 48 chunks; 1.4 s; peak memory 1200 MiB.
2026-10-05T12:35:20Z INFO [368/500] 38774748-3ca1-4e12-a490-31bec068d081: 48 chunks; 1.4 s; peak memory 1200 MiB.
2026-10-05T12:35:21Z INFO [369/500] 38782b9d-ee24-4dc4-8945-67078823ee6d: 48 chunks; 1.3 s; peak memory 1200 MiB.
2026-10-05T12:35:22Z INFO [370/500] 387834f3-0565-488a-9b4f-671b91d257c5: 46 chunks; 1.0 s; peak memory 1200 MiB.
2026-10-05T12:35:27Z INFO [371/500] 38797d79-f6ab-4f64-ad0b-418e6bce78db: 728 chunks; 4.4 s; peak memory 1200 MiB.
2026-10-05T12:35:28Z INFO [372/500] 3879a5ca-3e28-47e3-9bd0-148207d61a10: 116 chunks; 1.9 s; peak memory 1200 MiB.
2026-10-05T12:35:33Z INFO [373/500] 387a60e8-4c9a-48af-baba-9f6d439591d6: 1585 chunks; 4.6 s; peak memory 1200 MiB.
2026-10-05T12:35:35Z INFO [374/500] 387afacc-bc20-46ca-ba8a-3f2855a9fc0b: 112 chunks; 1.7 s; peak memory 1200 MiB.
2026-10-05T12:35:36Z INFO [375/500] 387b9250-781d-42b6-8f37-868981f7c712: 48 chunks; 1.2 s; peak memory 1200 MiB.
2026-10-05T12:35:37Z INFO [376/500] 387b9253-b78d-4445-a74b-514439749ff8: 48 chunks; 1.4 s; peak memory 1200 MiB.
2026-10-05T12:35:44Z INFO [377/500] 387cb7c7-75b6-4064-8e44-1230bb9911c0: 2923 chunks; 6.8 s; peak memory 1200 MiB.
2026-10-05T12:35:45Z INFO [378/500] 387cb878-5a83-405a-9e13-59524ec7dc42: 50 chunks; 1.0 s; peak memory 1200 MiB.
2026-10-05T12:35:46Z INFO [379/500] 387cd138-9328-4340-a39c-5bd2483ef802: 47 chunks; 1.2 s; peak memory 1200 MiB.
2026-10-05T12:35:49Z INFO [380/500] 387e0580-1388-47c5-902a-6619138dbd63: 71 chunks; 2.4 s; peak memory 1200 MiB.
2026-10-05T12:35:54Z INFO [381/500] 387e0aad-b622-435e-85a8-6e8e086f712f: 269 chunks; 5.4 s; peak memory 1200 MiB.
2026-10-05T12:35:56Z INFO [382/500] 387ecf8a-2b84-4409-98ae-63658d4b1d80: 174 chunks; 1.8 s; peak memory 1200 MiB.
2026-10-05T12:35:59Z INFO [383/500] 387ee094-d3a1-4bb7-a584-fffd835c19f7: 114 chunks; 3.4 s; peak memory 1200 MiB.
2026-10-05T12:36:00Z INFO [384/500] 388053ea-0ca3-494a-84ae-14f57af769bc: 55 chunks; 1.0 s; peak memory 1200 MiB.
2026-10-05T12:36:02Z INFO [385/500] 3880718a-9398-41e7-9d09-a174d2c18a9a: 48 chunks; 1.5 s; peak memory 1200 MiB.
2026-10-05T12:36:04Z INFO [386/500] 388203c4-0c3a-43d3-b767-521e31f7ad2b: 112 chunks; 1.7 s; peak memory 1200 MiB.
2026-10-05T12:36:10Z INFO [387/500] 3883e8f9-1b83-47eb-a07d-c86331a19ce2: 231 chunks; 6.3 s; peak memory 1200 MiB.
2026-10-05T12:36:12Z INFO [388/500] 38852d76-6160-40ec-af85-6f701925d49e: 592 chunks; 1.9 s; peak memory 1200 MiB.
2026-10-05T12:36:13Z INFO [389/500] 38859eeb-9647-4a1b-a6b8-f6d6e6919615: 58 chunks; 1.1 s; peak memory 1200 MiB.
2026-10-05T12:39:36Z INFO [390/500] 3885d7f8-3ef6-4cd8-9fe4-626d6cdf84a0: 25757 chunks; 202.5 s; peak memory 1200 MiB.
2026-10-05T12:39:37Z INFO [391/500] 388634d5-15de-4978-8721-5d432283b288: 48 chunks; 1.3 s; peak memory 1200 MiB.
2026-10-05T12:39:51Z INFO [392/500] 38880bcd-59e1-4bb9-85a1-7ec3c64928a7: 420 chunks; 14.2 s; peak memory 1200 MiB.
2026-10-05T12:39:52Z INFO [393/500] 388861d8-ceeb-4858-88d9-b981cc16853c: 48 chunks; 1.3 s; peak memory 1200 MiB.
2026-10-05T12:39:59Z INFO [394/500] 388875d8-0273-401a-bac7-8130bab2d220: 238 chunks; 7.0 s; peak memory 1200 MiB.
2026-10-05T12:40:06Z INFO [395/500] 38892f15-6981-47a0-98be-8ceb151fb125: 1843 chunks; 7.1 s; peak memory 1200 MiB.
2026-10-05T12:40:08Z INFO [396/500] 38894f48-6184-42bc-a1cb-cb9ca5874491: 66 chunks; 1.8 s; peak memory 1200 MiB.
2026-10-05T12:40:34Z INFO [397/500] 388a30f6-cace-40ad-aed9-061fd19496d8: 1155 chunks; 25.7 s; peak memory 1200 MiB.
2026-10-05T12:40:35Z INFO [398/500] 388b6c9f-b9e5-46fd-853e-1bd05b6ee9d4: 48 chunks; 1.4 s; peak memory 1200 MiB.
2026-10-05T12:40:37Z INFO [399/500] 388ba75c-9f8c-4005-884c-fcf2a078a27a: 48 chunks; 1.4 s; peak memory 1200 MiB.
2026-10-05T12:40:51Z INFO [400/500] 388bce92-f78a-46c4-9199-89b5fc37032d: 9043 chunks; 14.6 s; peak memory 1200 MiB.
2026-10-05T12:40:51Z INFO [400/500] 388bce92-f78a-46c4-9199-89b5fc37032d: checkpointed 74234 records.
2026-10-05T12:40:53Z INFO [401/500] 388c829d-65f3-4233-90f7-9c8e30146055: 48 chunks; 1.3 s; peak memory 1200 MiB.
2026-10-05T12:40:55Z INFO [402/500] 388d6bc1-98e4-4738-9b21-a64c2bcd33ef: 69 chunks; 1.9 s; peak memory 1200 MiB.
2026-10-05T12:40:56Z INFO [403/500] 388e30f3-c5c2-46d4-95f1-5c798e07b104: 116 chunks; 1.6 s; peak memory 1200 MiB.
2026-10-05T12:40:57Z INFO [404/500] 388f8725-9485-4203-9b14-984ad482b3ed: 102 chunks; 1.1 s; peak memory 1200 MiB.
2026-10-05T12:40:59Z INFO [405/500] 388f8c12-f5c3-439a-971c-0e71c4149040: 66 chunks; 2.1 s; peak memory 1200 MiB.
2026-10-05T12:41:01Z INFO [406/500] 38901cef-6c7a-42b7-ba30-183ffac1672c: 48 chunks; 1.2 s; peak memory 1200 MiB.
2026-10-05T12:41:02Z INFO [407/500] 3890ad98-525c-47ff-a271-0233817782d2: 48 chunks; 1.3 s; peak memory 1200 MiB.
2026-10-05T12:41:03Z INFO [408/500] 38910c39-cc87-4aad-9b5d-31731bc2c0bd: 48 chunks; 1.2 s; peak memory 1200 MiB.
2026-10-05T12:41:04Z INFO [409/500] 38910d02-0b99-4db9-bb38-cd9ca7b97931: 46 chunks; 1.1 s; peak memory 1200 MiB.
2026-10-05T12:41:08Z INFO [410/500] 38914329-1ef4-476c-89df-f25499403c03: 114 chunks; 3.3 s; peak memory 1200 MiB.
2026-10-05T12:41:09Z INFO [411/500] 3891dbbb-4746-469e-96ff-930b0a721ced: 48 chunks; 1.2 s; peak memory 1200 MiB.
2026-10-05T12:41:11Z INFO [412/500] 38924c3c-fe86-429e-bc5d-1c4c606281ea: 71 chunks; 2.4 s; peak memory 1200 MiB.
2026-10-05T12:41:14Z INFO [413/500] 38928b12-dd0c-4ada-bc25-5759d91d9970: 71 chunks; 2.5 s; peak memory 1200 MiB.
2026-10-05T12:41:16Z INFO [414/500] 38934b5b-a239-4bab-9637-47409f653c9f: 47 chunks; 1.8 s; peak memory 1200 MiB.
2026-10-05T12:41:17Z INFO [415/500] 3893552c-7b91-4340-b378-c58f9b5094f1: 117 chunks; 1.5 s; peak memory 1200 MiB.
2026-10-05T12:41:19Z INFO [416/500] 3893e32d-69a9-4852-bf93-3befcb15a7d9: 112 chunks; 1.9 s; peak memory 1200 MiB.
2026-10-05T12:41:21Z INFO [417/500] 38945172-9daf-46bc-8ffb-70756059f255: 112 chunks; 1.7 s; peak memory 1200 MiB.
2026-10-05T12:41:27Z INFO [418/500] 3894ee15-ceca-474d-9b33-4d2641544b8c: 1220 chunks; 6.6 s; peak memory 1200 MiB.
2026-10-05T12:41:39Z INFO [419/500] 3895eb7a-b015-4fb9-a7bb-da35f1114e75: 888 chunks; 11.8 s; peak memory 1200 MiB.
2026-10-05T12:41:40Z INFO [420/500] 38968300-907a-4f17-9fd4-a31ef8ee3356: 112 chunks; 1.5 s; peak memory 1200 MiB.
2026-10-05T12:41:42Z INFO [421/500] 3896d83b-dd38-4087-b338-afefb7dd72b6: 118 chunks; 1.5 s; peak memory 1200 MiB.
2026-10-05T12:41:43Z INFO [422/500] 38971e33-6186-4585-9c7e-5a069078b65c: 46 chunks; 1.1 s; peak memory 1200 MiB.
2026-10-05T12:41:50Z INFO [423/500] 38977038-b80d-4a39-bf3a-687965f27cee: 238 chunks; 6.7 s; peak memory 1200 MiB.
2026-10-05T12:41:52Z INFO [424/500] 3897d8e5-8a2e-4199-838f-1ad44a324cd1: 71 chunks; 2.5 s; peak memory 1200 MiB.
2026-10-05T12:41:53Z INFO [425/500] 389a4f76-c552-4b95-b29c-e8fb9b63a24d: 57 chunks; 1.2 s; peak memory 1200 MiB.
2026-10-05T12:41:55Z INFO [426/500] 389ac687-6a3a-4e79-81f0-6a87a0179168: 549 chunks; 2.0 s; peak memory 1200 MiB.
2026-10-05T12:41:57Z INFO [427/500] 389b264b-5b22-46c7-8492-be7c07f6d4f2: 117 chunks; 1.8 s; peak memory 1200 MiB.
2026-10-05T12:41:58Z INFO [428/500] 389c4fa6-7be2-47b5-a319-4c0cad7cf4b0: 48 chunks; 1.3 s; peak memory 1200 MiB.
2026-10-05T12:42:01Z INFO [429/500] 389c8520-0745-4003-963d-dac3fee3303e: 121 chunks; 2.6 s; peak memory 1200 MiB.
2026-10-05T12:42:02Z INFO [430/500] 389cccd8-5c1f-4ad6-a485-d49ecdbf6132: 48 chunks; 1.2 s; peak memory 1200 MiB.
2026-10-05T12:42:14Z INFO [431/500] 389e0da0-fefd-4bad-886b-280a090e1baf: 17309 chunks; 11.7 s; peak memory 1200 MiB.
2026-10-05T12:42:15Z INFO [432/500] 389e3f4e-f53b-41d3-af79-1bafd5ed212f: 68 chunks; 1.5 s; peak memory 1200 MiB.
2026-10-05T12:42:16Z INFO [433/500] 389e4032-1be7-4b55-9b25-3cc04a723718: 46 chunks; 0.9 s; peak memory 1200 MiB.
2026-10-05T12:42:18Z INFO [434/500] 389e5918-4173-4f34-ac07-c8616a5878ce: 48 chunks; 1.1 s; peak memory 1200 MiB.
2026-10-05T12:42:28Z INFO [435/500] 389e7250-cd63-466f-8cc8-f351628bf3bf: 470 chunks; 10.6 s; peak memory 1200 MiB.
2026-10-05T12:42:29Z INFO [436/500] 389fd135-8f77-4450-9ec2-010eed253ec2: 48 chunks; 1.2 s; peak memory 1200 MiB.
2026-10-05T12:42:59Z INFO [437/500] 38a0151f-89de-482a-b0f0-5c3794a7b601: 9796 chunks; 29.7 s; peak memory 1200 MiB.
2026-10-05T12:43:01Z INFO [438/500] 38a0524a-939e-4fb6-9d4b-b31439aa7070: 118 chunks; 1.6 s; peak memory 1200 MiB.
2026-10-05T12:43:14Z INFO [439/500] 38a05dd5-30c6-4dc5-ad64-977473354e1d: 8744 chunks; 13.4 s; peak memory 1200 MiB.
2026-10-05T12:49:38Z INFO [440/500] 38a0b742-0c48-431c-ac60-a181feea0a77: 66733 chunks; 384.4 s; peak memory 1200 MiB.
2026-10-05T12:49:41Z INFO [441/500] 38a0d0ee-5011-4d7d-8c81-ce60d8ebef4d: 70 chunks; 2.1 s; peak memory 1200 MiB.
2026-10-05T12:49:42Z INFO [442/500] 38a20a01-d06d-4a3e-9cd5-1c6b7b447aba: 112 chunks; 1.8 s; peak memory 1200 MiB.
2026-10-05T12:49:44Z INFO [443/500] 38a254d3-4609-4564-aae5-3404302e086e: 59 chunks; 1.7 s; peak memory 1200 MiB.
2026-10-05T12:49:45Z INFO [444/500] 38a2cf73-3554-4d2a-954f-6d195ea735e6: 56 chunks; 1.1 s; peak memory 1200 MiB.
2026-10-05T12:49:47Z INFO [445/500] 38a32515-e55b-4116-b63d-43b0757da8f7: 113 chunks; 2.0 s; peak memory 1200 MiB.
2026-10-05T12:49:57Z INFO [446/500] 38a33c63-a705-45a0-a77d-a1e0589aa526: 11562 chunks; 10.0 s; peak memory 1200 MiB.
2026-10-05T12:50:22Z INFO [447/500] 38a36e7e-e698-4a92-ab4b-473c92193ac6: 5612 chunks; 24.4 s; peak memory 1200 MiB.
2026-10-05T12:50:28Z INFO [448/500] 38a45bd4-6634-4e60-b091-efba52c9386f: 1210 chunks; 6.3 s; peak memory 1200 MiB.
2026-10-05T12:50:29Z INFO [449/500] 38a46f76-58e4-48ff-8052-74cab3afe273: 106 chunks; 1.5 s; peak memory 1200 MiB.
2026-10-05T12:50:31Z INFO [450/500] 38a4b4d6-7048-4ed3-afd4-b9e42288ffed: 117 chunks; 1.4 s; peak memory 1200 MiB.
2026-10-05T12:50:31Z INFO [450/500] 38a4b4d6-7048-4ed3-afd4-b9e42288ffed: checkpointed 74284 records.
2026-10-05T12:50:32Z INFO [451/500] 38a4d628-a2db-4790-bf11-37f1a9b143a3: 48 chunks; 1.2 s; peak memory 1200 MiB.
2026-10-05T12:50:40Z INFO [452/500] 38a5ba59-bc83-4918-a729-6d83d3c249e3: 1248 chunks; 8.2 s; peak memory 1200 MiB.
2026-10-05T12:50:42Z INFO [453/500] 38a5cc48-55f1-4374-ad47-b120785b7b31: 48 chunks; 1.3 s; peak memory 1200 MiB.
2026-10-05T12:50:44Z INFO [454/500] 38a7df6c-2c33-467c-9b55-158f7dc54a97: 69 chunks; 2.0 s; peak memory 1200 MiB.
2026-10-05T12:50:45Z INFO [455/500] 38a80c51-b927-4efd-b49e-c65c6bde52cc: 45 chunks; 1.6 s; peak memory 1200 MiB.
2026-10-05T12:50:47Z INFO [456/500] 38a85fd3-fc5c-4854-9144-45477f4130fa: 116 chunks; 1.6 s; peak memory 1200 MiB.
2026-10-05T12:51:12Z INFO [457/500] 38a903e0-f7c0-436d-9da9-5c51e626eeb4: 5711 chunks; 25.0 s; peak memory 1200 MiB.
2026-10-05T12:51:15Z INFO [458/500] 38a9b543-9fe2-444d-9896-8cc47364d39d: 114 chunks; 3.1 s; peak memory 1200 MiB.
2026-10-05T12:51:17Z INFO [459/500] 38a9c5f3-d4dd-48cd-8a52-f392c13c5038: 118 chunks; 1.6 s; peak memory 1200 MiB.
2026-10-05T12:51:18Z INFO [460/500] 38a9ff0f-c309-49f9-841d-034a1e6c83de: 46 chunks; 1.0 s; peak memory 1200 MiB.
2026-10-05T12:51:19Z INFO [461/500] 38aa11ab-3a46-47fe-aa13-f1eaad3b60b0: 118 chunks; 1.6 s; peak memory 1200 MiB.
2026-10-05T12:51:22Z INFO [462/500] 38aad325-440e-44fd-a20b-73b27abae490: 115 chunks; 3.2 s; peak memory 1200 MiB.
2026-10-05T12:51:24Z INFO [463/500] 38aba720-7c54-4c77-83ae-fa769e59bb05: 40 chunks; 1.1 s; peak memory 1200 MiB.
2026-10-05T12:51:27Z INFO [464/500] 38abf284-edda-44a4-a016-21752d5cdfd1: 117 chunks; 3.1 s; peak memory 1200 MiB.
2026-10-05T12:51:31Z INFO [465/500] 38ac19a5-27d5-41cd-80f8-58670d4329c3: 2283 chunks; 4.5 s; peak memory 1200 MiB.
2026-10-05T12:51:33Z INFO [466/500] 38acb28b-59d2-49c3-b2c7-82def932b53f: 117 chunks; 1.5 s; peak memory 1200 MiB.
2026-10-05T12:51:34Z INFO [467/500] 38ad290f-683b-470b-8496-847ce6ef54c1: 69 chunks; 1.2 s; peak memory 1200 MiB.
2026-10-05T12:51:36Z INFO [468/500] 38adef9c-5040-4886-9b0c-b8104f89f2d2: 119 chunks; 2.5 s; peak memory 1200 MiB.
2026-10-05T12:51:42Z INFO [469/500] 38aef3ed-7c26-4926-bca0-c12ca5619451: 468 chunks; 5.9 s; peak memory 1200 MiB.
2026-10-05T12:51:44Z INFO [470/500] 38aef5fb-004f-464f-b81e-3ae1a472d2f7: 204 chunks; 1.8 s; peak memory 1200 MiB.
2026-10-05T12:51:57Z INFO [471/500] 38b076e7-5c88-423b-b222-fbf1f040ffd6: 1392 chunks; 13.3 s; peak memory 1200 MiB.
2026-10-05T12:52:03Z INFO [472/500] 38b0d518-4063-43fa-9833-644a097e0505: 2455 chunks; 6.1 s; peak memory 1200 MiB.
2026-10-05T12:52:05Z INFO [473/500] 38b1465a-8236-4c77-a80d-8dc1bf4f38e1: 48 chunks; 1.4 s; peak memory 1200 MiB.
2026-10-05T12:53:00Z INFO [474/500] 38b17570-8913-468a-9581-ff2bfc934a76: 24629 chunks; 55.4 s; peak memory 1200 MiB.
2026-10-05T12:53:16Z INFO [475/500] 38b341d1-bba5-4d02-a644-396597665b95: 23614 chunks; 16.0 s; peak memory 1200 MiB.
2026-10-05T12:53:18Z INFO [476/500] 38b36058-eedb-4573-981c-ab1f9dcb11cb: 117 chunks; 1.7 s; peak memory 1200 MiB.
2026-10-05T12:53:21Z INFO [477/500] 38b3972b-0a5a-4561-8f0d-542dbc75dca2: 150 chunks; 3.2 s; peak memory 1200 MiB.
2026-10-05T12:53:23Z INFO [478/500] 38b523d8-e35e-4fd2-9b09-b130903b9a25: 275 chunks; 1.9 s; peak memory 1200 MiB.
2026-10-05T12:53:24Z INFO [479/500] 38b526c5-ec44-4262-b8c3-a5d26ae42913: 46 chunks; 1.0 s; peak memory 1200 MiB.
2026-10-05T12:53:26Z INFO [480/500] 38b68563-8e30-45a5-97c3-f944fd138dfa: 112 chunks; 1.8 s; peak memory 1200 MiB.
2026-10-05T12:53:27Z INFO [481/500] 38b6bf68-2f30-49e2-afa1-7a3e7bf5c8b5: 117 chunks; 1.5 s; peak memory 1200 MiB.
2026-10-05T12:53:28Z INFO [482/500] 38b6ca54-3d00-4b1a-b9d0-d63b5a7b7627: 48 chunks; 1.2 s; peak memory 1200 MiB.
2026-10-05T12:53:30Z INFO [483/500] 38b78a54-57e6-48da-a20d-065a5e6d4d68: 48 chunks; 1.2 s; peak memory 1200 MiB.
2026-10-05T12:53:32Z INFO [484/500] 38b7a440-74c6-4910-a9e4-2ffa1380744a: 116 chunks; 1.9 s; peak memory 1200 MiB.
2026-10-05T12:53:45Z INFO [485/500] 38b7db88-6441-410c-aa78-0ac2d3b833a0: 11363 chunks; 13.3 s; peak memory 1200 MiB.
2026-10-05T12:53:46Z INFO [486/500] 38b9241f-ca19-4a90-9724-dfe515bd1fa1: 48 chunks; 1.2 s; peak memory 1200 MiB.
2026-10-05T12:53:48Z INFO [487/500] 38b9b95b-91b1-442d-859d-0931abb64d7f: 66 chunks; 2.0 s; peak memory 1200 MiB.
2026-10-05T12:53:50Z INFO [488/500] 38ba92b4-7e45-453e-b42d-b105a181ba4b: 112 chunks; 1.8 s; peak memory 1200 MiB.
2026-10-05T12:53:52Z INFO [489/500] 38baa4e9-d848-4cd3-9c98-2cbc2209378f: 68 chunks; 1.7 s; peak memory 1200 MiB.
2026-10-05T12:53:53Z INFO [490/500] 38bb3d67-69f1-426d-866b-45118e7b97a3: 48 chunks; 1.4 s; peak memory 1200 MiB.
2026-10-05T12:58:22Z INFO [491/500] 38bb5c99-2f83-4e0c-9e3a-beebad22bc28: 75362 chunks; 269.1 s; peak memory 1200 MiB.
2026-10-05T12:58:25Z INFO [492/500] 38bdf419-ae0a-4ad9-93ab-e7c7c4359a6f: 116 chunks; 3.1 s; peak memory 1200 MiB.
2026-10-05T12:58:26Z INFO [493/500] 38bea16c-61ed-4e05-b9e7-540c565470fa: 48 chunks; 1.3 s; peak memory 1200 MiB.
2026-10-05T12:58:28Z INFO [494/500] 38bed039-65e1-40d3-8215-a52ea5a2e38d: 48 chunks; 1.6 s; peak memory 1200 MiB.
2026-10-05T12:58:30Z INFO [495/500] 38bf6acd-be29-4486-be05-780ef9660d29: 259 chunks; 1.8 s; peak memory 1200 MiB.
2026-10-05T12:58:33Z INFO [496/500] 38bfac21-c731-489e-a5f9-33cf4562b732: 90 chunks; 3.3 s; peak memory 1200 MiB.
2026-10-05T12:58:57Z INFO [497/500] 38bfc5e1-a3ad-4b82-9f5a-b7a78b47abc6: 6125 chunks; 23.9 s; peak memory 1200 MiB.
2026-10-05T12:59:00Z INFO [498/500] 38c09998-b01c-4b63-bd7b-946d3fb0a27b: 119 chunks; 3.2 s; peak memory 1200 MiB.
2026-10-05T13:03:47Z INFO [499/500] 38c0be6d-129e-4bea-bf25-211c400b0ea2: 75883 chunks; 286.3 s; peak memory 1200 MiB.
2026-10-05T13:03:48Z INFO [500/500] 38c1a40e-bde3-4185-8da5-e691911fa3ce: 48 chunks; 1.3 s; peak memory 1200 MiB.
2026-10-05T13:03:48Z INFO [500/500] 38c1a40e-bde3-4185-8da5-e691911fa3ce: checkpointed 74334 records.
2026-10-05T13:03:48Z INFO Wrote 74334 records to /tmp/derivatives/valid_nwb_file_to_chunk_stats.jsonl (500 new, 0 failed) in 213.0 min (peak memory 1200 MiB).
