2026-10-06T06:55:59Z INFO Logging to /tmp/logs/update_2026-10-06T06-55-59Z.log.
2026-10-06T06:55:59Z INFO Update valid-nwb-file-to-chunk-stats (base directory /tmp).
2026-10-06T06:55:59Z INFO Processing 500 items (79834 already recorded).
2026-10-06T06:56:01Z INFO [1/500] 44494f07-88f1-4e3d-a0ff-2166cdf88e74: 114 chunks; 1.5 s; peak memory 172 MiB.
2026-10-06T06:57:08Z INFO [2/500] 44496d14-ff18-45fc-9666-2beef5d22f66: 6479 chunks; 67.7 s; peak memory 308 MiB.
2026-10-06T06:57:15Z INFO [3/500] 444af14f-626b-41b4-9407-5e723353bdc9: 5722 chunks; 6.6 s; peak memory 308 MiB.
2026-10-06T06:57:16Z INFO [4/500] 444b19e8-86c1-40fe-86cf-11aef4a552ed: 52 chunks; 1.4 s; peak memory 308 MiB.
2026-10-06T06:57:18Z INFO [5/500] 444d703d-d46a-4bf4-a2c3-8a5d7dd75344: 48 chunks; 1.3 s; peak memory 308 MiB.
2026-10-06T06:57:19Z INFO [6/500] 44500974-89af-411f-b535-6b40e1b7bedc: 48 chunks; 1.4 s; peak memory 308 MiB.
2026-10-06T06:57:21Z INFO [7/500] 4451735d-9144-4417-8ce3-d6262a488aae: 117 chunks; 1.7 s; peak memory 308 MiB.
2026-10-06T06:57:22Z INFO [8/500] 44532b31-c15e-43ac-af37-fd8eb231993a: 48 chunks; 1.2 s; peak memory 308 MiB.
2026-10-06T06:57:23Z INFO [9/500] 4454b4d1-648a-42cf-a8ea-8f566f32c22a: 117 chunks; 1.4 s; peak memory 308 MiB.
2026-10-06T06:57:26Z INFO [10/500] 4454ed1e-be7c-4441-bd55-6da4331b3120: 762 chunks; 2.8 s; peak memory 308 MiB.
2026-10-06T06:57:28Z INFO [11/500] 4454fdf8-334d-40b9-b91f-569ec2a5ee43: 48 chunks; 1.4 s; peak memory 308 MiB.
2026-10-06T06:57:30Z INFO [12/500] 44553f55-ac81-4207-818a-b9d969320212: 71 chunks; 2.4 s; peak memory 308 MiB.
2026-10-06T06:57:46Z INFO [13/500] 44559e8d-d6df-4b5d-a4d9-ec3629c0b31f: 11289 chunks; 16.1 s; peak memory 308 MiB.
2026-10-06T06:57:47Z INFO [14/500] 4455ab7b-24e2-4d17-a137-38190b8fa344: 47 chunks; 1.3 s; peak memory 308 MiB.
2026-10-06T06:57:49Z INFO [15/500] 445658e0-8d8a-4bb0-b93e-1c30deca76ff: 51 chunks; 1.6 s; peak memory 308 MiB.
2026-10-06T06:57:50Z INFO [16/500] 44568b3e-0b87-4edd-8103-267518433f04: 48 chunks; 1.3 s; peak memory 308 MiB.
2026-10-06T06:57:52Z INFO [17/500] 44570549-f3e7-4810-9d4d-d82c93e3ff83: 201 chunks; 1.4 s; peak memory 308 MiB.
2026-10-06T06:57:53Z INFO [18/500] 44576033-9d4b-40db-acdf-fadc0964f65a: 112 chunks; 1.9 s; peak memory 308 MiB.
2026-10-06T06:57:54Z INFO [19/500] 4457b769-9c97-4f43-bb39-ff983d8fa65f: 46 chunks; 1.0 s; peak memory 308 MiB.
2026-10-06T06:57:58Z INFO [20/500] 44586f2b-e54d-48ab-9736-bebbdd091ccd: 1641 chunks; 3.9 s; peak memory 308 MiB.
2026-10-06T06:57:59Z INFO [21/500] 4458a92f-53db-4a22-9c33-8bba7f9e90a1: 57 chunks; 1.1 s; peak memory 308 MiB.
2026-10-06T06:58:01Z INFO [22/500] 4458d327-c0e1-4c7d-acfc-2351f8ba408c: 69 chunks; 1.2 s; peak memory 308 MiB.
2026-10-06T06:58:03Z INFO [23/500] 445979b2-7d14-46da-b746-f6c71027a353: 92 chunks; 2.7 s; peak memory 308 MiB.
2026-10-06T06:58:05Z INFO [24/500] 4459a324-b3d1-485f-896c-8c693a05a1cd: 112 chunks; 2.0 s; peak memory 308 MiB.
2026-10-06T06:58:07Z INFO [25/500] 445a3077-ff7e-4e2e-ae0a-20e60b1c2c81: 112 chunks; 2.0 s; peak memory 308 MiB.
2026-10-06T06:58:10Z INFO [26/500] 445a8a63-e881-429a-8d6a-595f7ee3f4b5: 119 chunks; 2.6 s; peak memory 308 MiB.
2026-10-06T06:58:12Z INFO [27/500] 445b781e-5516-4007-b36f-38d315dedf57: 112 chunks; 1.6 s; peak memory 308 MiB.
2026-10-06T06:58:13Z INFO [28/500] 445b8c38-7755-4fb7-bb15-636b6dc12323: 69 chunks; 1.8 s; peak memory 308 MiB.
2026-10-06T06:58:15Z INFO [29/500] 445cb086-f147-4a11-8eda-4ecffbd92485: 48 chunks; 1.4 s; peak memory 308 MiB.
2026-10-06T06:58:16Z INFO [30/500] 445cbc1e-a4e1-41c0-ab30-0d71bc1669d8: 117 chunks; 1.5 s; peak memory 308 MiB.
2026-10-06T06:58:26Z INFO [31/500] 445d7e01-a349-4973-9544-ee9b7a79c45a: 452 chunks; 9.7 s; peak memory 308 MiB.
2026-10-06T06:58:27Z INFO [32/500] 445da409-147b-4306-a6f7-5385536b528d: 48 chunks; 1.4 s; peak memory 308 MiB.
2026-10-06T06:58:35Z INFO [33/500] 445e1a11-42b9-44ec-8b3e-025418f5969d: 4151 chunks; 7.1 s; peak memory 308 MiB.
2026-10-06T06:58:36Z INFO [34/500] 445e7639-c6c8-43c4-aa86-8fa787769e28: 116 chunks; 1.6 s; peak memory 308 MiB.
2026-10-06T06:58:39Z INFO [35/500] 445fcc88-3dca-4395-aba3-8ecb95863320: 456 chunks; 2.9 s; peak memory 308 MiB.
2026-10-06T06:58:42Z INFO [36/500] 44601b47-87a7-4cbf-81c0-8afe70ff24c2: 115 chunks; 2.8 s; peak memory 308 MiB.
2026-10-06T07:00:59Z INFO [37/500] 4460630d-17cb-4e90-ae2b-6ed5c7924e7d: 37755 chunks; 137.1 s; peak memory 348 MiB.
2026-10-06T07:01:00Z INFO [38/500] 4460f716-98f3-49ed-ae75-1e923bf82ad2: 69 chunks; 1.3 s; peak memory 348 MiB.
2026-10-06T07:01:02Z INFO [39/500] 4461ef13-a1fa-4b4d-9a6c-574ec45ee19c: 112 chunks; 1.6 s; peak memory 348 MiB.
2026-10-06T07:01:04Z INFO [40/500] 4461f012-0b2b-4ae9-8676-9a8628a745c9: 66 chunks; 1.7 s; peak memory 348 MiB.
2026-10-06T07:01:05Z INFO [41/500] 44622073-a93e-4680-b9a3-78abbe1f553e: 117 chunks; 1.6 s; peak memory 348 MiB.
2026-10-06T07:01:07Z INFO [42/500] 44624132-5955-4e6f-9c68-d2262d35fd18: 112 chunks; 1.8 s; peak memory 348 MiB.
2026-10-06T07:01:08Z INFO [43/500] 44625006-6c8a-46a5-9a0c-3042e91d58a8: 50 chunks; 1.2 s; peak memory 348 MiB.
2026-10-06T07:01:16Z INFO [44/500] 44633f59-0959-440a-b64c-90a9fa6ed1a7: 290 chunks; 7.4 s; peak memory 348 MiB.
2026-10-06T07:01:32Z INFO [45/500] 44634eac-3af4-4358-beb3-c1279e1e6845: 8229 chunks; 15.9 s; peak memory 348 MiB.
2026-10-06T07:01:38Z INFO [46/500] 44637c57-b68b-4b4b-b5a6-ae83ec9c6c30: 18966 chunks; 6.0 s; peak memory 348 MiB.
2026-10-06T07:01:39Z INFO [47/500] 4465f280-f5bc-49f8-8179-000c568b5d41: 112 chunks; 1.6 s; peak memory 348 MiB.
2026-10-06T07:01:56Z INFO [48/500] 44663b28-dec1-4a10-a331-876c7d0b4c99: 23912 chunks; 16.4 s; peak memory 348 MiB.
2026-10-06T07:02:08Z INFO [49/500] 446659d0-39a7-49fc-9bde-98b0d93e438e: 1042 chunks; 12.6 s; peak memory 348 MiB.
2026-10-06T07:02:09Z INFO [50/500] 446679c2-6108-4f42-ae9d-f1cb6d373c44: 48 chunks; 1.2 s; peak memory 348 MiB.
2026-10-06T07:02:10Z INFO [50/500] 446679c2-6108-4f42-ae9d-f1cb6d373c44: checkpointed 79884 records.
2026-10-06T07:02:11Z INFO [51/500] 44682323-4375-4fe3-b902-6b93a3a95122: 48 chunks; 1.4 s; peak memory 348 MiB.
2026-10-06T07:02:13Z INFO [52/500] 44687618-e9af-4d57-9eca-edbe712cbf11: 112 chunks; 1.6 s; peak memory 348 MiB.
2026-10-06T07:02:18Z INFO [53/500] 4469ee1a-1bd3-4f59-af7a-67e05740524d: 8096 chunks; 5.6 s; peak memory 348 MiB.
2026-10-06T07:02:21Z INFO [54/500] 446a334e-47a0-4e4a-a7a0-97e652fdde61: 90 chunks; 2.9 s; peak memory 348 MiB.
2026-10-06T07:02:34Z INFO [55/500] 446aacf9-cc8b-431c-a818-a1b41f812a5d: 12643 chunks; 12.9 s; peak memory 348 MiB.
2026-10-06T07:02:35Z INFO [56/500] 446b1a99-7004-4955-bfd8-9778ec7d9408: 57 chunks; 1.1 s; peak memory 348 MiB.
2026-10-06T07:02:41Z INFO [57/500] 446b4f1c-6f94-4192-96d7-6594b8d0d3cc: 612 chunks; 6.2 s; peak memory 348 MiB.
2026-10-06T07:02:43Z INFO [58/500] 446b7b3e-3eec-4317-baba-75e5ba07f2af: 46 chunks; 1.3 s; peak memory 348 MiB.
2026-10-06T07:02:44Z INFO [59/500] 446bcbcc-3b83-4577-b7f3-0351c54e10fb: 56 chunks; 1.1 s; peak memory 348 MiB.
2026-10-06T07:02:47Z INFO [60/500] 446c660a-47e9-498c-9cc3-2a3cf564f910: 201 chunks; 3.3 s; peak memory 348 MiB.
2026-10-06T07:02:48Z INFO [61/500] 446c6d01-acb6-42ef-ad9f-c099c09c9e31: 52 chunks; 1.4 s; peak memory 348 MiB.
2026-10-06T07:02:50Z INFO [62/500] 446d12ea-1a33-4a44-a166-d67a889e801a: 112 chunks; 1.8 s; peak memory 348 MiB.
2026-10-06T07:02:52Z INFO [63/500] 446d4010-ce71-4815-8dca-a697ae794e20: 77 chunks; 1.4 s; peak memory 348 MiB.
2026-10-06T07:02:53Z INFO [64/500] 446e4c95-c597-481c-8fb4-71d978833b98: 112 chunks; 1.7 s; peak memory 348 MiB.
2026-10-06T07:02:55Z INFO [65/500] 446e655b-bf1e-4dd3-a5da-e50ae642da36: 48 chunks; 1.3 s; peak memory 348 MiB.
2026-10-06T07:02:56Z INFO [66/500] 446e6909-3435-41b0-b97c-cbf93753d895: 121 chunks; 1.3 s; peak memory 348 MiB.
2026-10-06T07:02:58Z INFO [67/500] 447095f0-6cdc-4c56-ab12-0a4c450df032: 54 chunks; 2.2 s; peak memory 348 MiB.
2026-10-06T07:03:10Z INFO [68/500] 447108c8-ce11-4265-b54e-cec79548147d: 20582 chunks; 11.6 s; peak memory 348 MiB.
2026-10-06T07:03:12Z INFO [69/500] 44710d5e-4612-4eaa-b1c5-2e66ba09a7f1: 74 chunks; 2.1 s; peak memory 348 MiB.
2026-10-06T07:03:14Z INFO [70/500] 44712854-a17d-4dad-8317-db5d337fa153: 84 chunks; 1.7 s; peak memory 348 MiB.
2026-10-06T07:03:24Z INFO [71/500] 44722c49-6b56-4973-b87b-f28e7a1f426d: 15968 chunks; 10.1 s; peak memory 348 MiB.
2026-10-06T07:03:25Z INFO [72/500] 44729cea-65ed-4b0d-82df-7f5c09000dfa: 557 chunks; 1.6 s; peak memory 348 MiB.
2026-10-06T07:03:27Z INFO [73/500] 4472b41d-4987-472a-a9a8-de95ed9ac36d: 112 chunks; 2.0 s; peak memory 348 MiB.
2026-10-06T07:03:29Z INFO [74/500] 4472b615-8fba-48f4-92b1-3355c9a3b502: 52 chunks; 1.4 s; peak memory 348 MiB.
2026-10-06T07:03:30Z INFO [75/500] 44730d2b-1b64-4f76-9c33-089e81d8cb14: 48 chunks; 1.5 s; peak memory 348 MiB.
2026-10-06T07:03:32Z INFO [76/500] 44734561-ca85-4df6-b5f5-ee8724770033: 112 chunks; 1.8 s; peak memory 348 MiB.
2026-10-06T07:03:33Z INFO [77/500] 44741cee-1a4d-4717-ac72-22b29b7704a1: 112 chunks; 1.6 s; peak memory 348 MiB.
2026-10-06T07:03:36Z INFO [78/500] 4474c11e-b0bb-4fea-98bb-1033f1f38de1: 124 chunks; 2.2 s; peak memory 348 MiB.
2026-10-06T07:03:39Z INFO [79/500] 4474e9ba-5702-4585-8224-bee4c54a54dc: 116 chunks; 3.2 s; peak memory 348 MiB.
2026-10-06T07:03:40Z INFO [80/500] 4474f892-bb90-48cf-8bcd-d35467ad48a5: 48 chunks; 1.3 s; peak memory 348 MiB.
2026-10-06T07:03:41Z INFO [81/500] 44750d6d-d11b-4d82-b2e6-a31c819edcf1: 41 chunks; 1.2 s; peak memory 348 MiB.
2026-10-06T07:03:43Z INFO [82/500] 44752c6b-fd63-43e2-915f-b1aa7a0d128c: 48 chunks; 1.4 s; peak memory 348 MiB.
2026-10-06T07:03:44Z INFO [83/500] 44761f49-6154-4e28-9b90-556917ce96a0: 48 chunks; 1.4 s; peak memory 348 MiB.
2026-10-06T07:03:45Z INFO [84/500] 44763bb1-a25c-462b-9afa-1a82ea0626d6: 48 chunks; 1.3 s; peak memory 348 MiB.
2026-10-06T07:03:47Z INFO [85/500] 447650b8-8d4e-4e44-ada1-f7458e575ac9: 110 chunks; 1.8 s; peak memory 348 MiB.
2026-10-06T07:03:54Z INFO [86/500] 4476f3ee-a04f-4fd3-ae2a-edbc3e190c76: 2923 chunks; 7.4 s; peak memory 348 MiB.
2026-10-06T07:04:12Z INFO [87/500] 447717f5-14b4-436e-9d05-706f8cf12492: 4634 chunks; 18.0 s; peak memory 348 MiB.
2026-10-06T07:04:14Z INFO [88/500] 447785d6-a726-4c6c-bf8f-17437aa1e098: 48 chunks; 1.4 s; peak memory 348 MiB.
2026-10-06T07:04:15Z INFO [89/500] 4477cf45-d4f3-4dc8-a24c-a4e3aef9587d: 52 chunks; 1.4 s; peak memory 348 MiB.
2026-10-06T07:04:17Z INFO [90/500] 447ab2d1-b2da-4cb0-97e7-3f094f1fcbae: 74 chunks; 1.4 s; peak memory 348 MiB.
2026-10-06T07:04:32Z INFO [91/500] 447b21a9-9c91-4230-a11b-5b7f714ba498: 271 chunks; 15.3 s; peak memory 348 MiB.
2026-10-06T07:04:33Z INFO [92/500] 447b52b2-66d0-4803-9e12-3191deeb60eb: 48 chunks; 1.4 s; peak memory 348 MiB.
2026-10-06T07:04:35Z INFO [93/500] 447b90cb-67a6-466e-9855-069e83d22f5c: 112 chunks; 1.8 s; peak memory 348 MiB.
2026-10-06T07:04:37Z INFO [94/500] 447bd01a-ec54-4e72-b259-53f32329aeaa: 46 chunks; 1.3 s; peak memory 348 MiB.
2026-10-06T07:04:38Z INFO [95/500] 447bde26-4006-41ab-8e4a-896af2a54988: 46 chunks; 1.1 s; peak memory 348 MiB.
2026-10-06T07:04:39Z INFO [96/500] 447c647e-d0f9-488c-92a0-6453ea59d9f3: 48 chunks; 1.4 s; peak memory 348 MiB.
2026-10-06T07:04:41Z INFO [97/500] 447c9980-eed1-48ff-941f-59a9e312cdba: 69 chunks; 2.3 s; peak memory 348 MiB.
2026-10-06T07:04:44Z INFO [98/500] 447d19f2-e73a-4565-9ca3-58580f467aa5: 78 chunks; 2.3 s; peak memory 348 MiB.
2026-10-06T07:04:45Z INFO [99/500] 447d73a9-143d-4b0e-96ca-66f71c72d80a: 46 chunks; 1.0 s; peak memory 348 MiB.
2026-10-06T07:04:49Z INFO [100/500] 447dd07c-d969-468c-9da0-d3a3368f28f5: 1987 chunks; 4.0 s; peak memory 348 MiB.
2026-10-06T07:04:49Z INFO [100/500] 447dd07c-d969-468c-9da0-d3a3368f28f5: checkpointed 79934 records.
2026-10-06T07:04:50Z INFO [101/500] 447ddf6b-fc35-4d60-abbc-39e9ca72a3ff: 46 chunks; 0.9 s; peak memory 348 MiB.
2026-10-06T07:04:51Z INFO [102/500] 447e49fa-9e71-41c0-9b0c-e311237cf147: 117 chunks; 1.5 s; peak memory 348 MiB.
2026-10-06T07:04:53Z INFO [103/500] 447e9d1c-10b6-419c-b49d-9fea8b6d2397: 48 chunks; 1.3 s; peak memory 348 MiB.
2026-10-06T07:04:54Z INFO [104/500] 447eb3f7-6165-4384-81f4-f95cfc05152f: 46 chunks; 0.9 s; peak memory 348 MiB.
2026-10-06T07:04:59Z INFO [105/500] 447f62e1-0c02-4f2e-93a6-71bee7af59b2: 208 chunks; 5.9 s; peak memory 348 MiB.
2026-10-06T07:05:37Z INFO [106/500] 44806c5b-254a-4090-a3af-1c5c16430f56: 16441 chunks; 37.9 s; peak memory 348 MiB.
2026-10-06T07:05:50Z INFO [107/500] 448071b5-5a9d-42c0-bd85-20d9c8916c16: 355 chunks; 12.7 s; peak memory 348 MiB.
2026-10-06T07:05:52Z INFO [108/500] 448079a8-02a2-4893-b3a8-406d04dd4292: 71 chunks; 2.1 s; peak memory 348 MiB.
2026-10-06T07:05:54Z INFO [109/500] 448129a1-a366-4586-9a3b-87d9eb975e3d: 66 chunks; 1.9 s; peak memory 348 MiB.
2026-10-06T07:05:55Z INFO [110/500] 4481a4a2-25de-40cd-80ae-012d61987bb9: 48 chunks; 1.5 s; peak memory 348 MiB.
2026-10-06T07:05:57Z INFO [111/500] 4482231d-47e0-440b-a62a-dfb2ba8086ab: 48 chunks; 1.4 s; peak memory 348 MiB.
2026-10-06T07:06:04Z INFO [112/500] 44831cf1-7eda-4b2b-a635-6a032ac60cc9: 2923 chunks; 7.6 s; peak memory 348 MiB.
2026-10-06T07:06:07Z INFO [113/500] 4483d344-ae66-4588-8e4c-15e1f842560a: 105 chunks; 2.3 s; peak memory 348 MiB.
2026-10-06T07:06:08Z INFO [114/500] 4483ff57-bc6b-4cf0-ab03-0afe4241cbcc: 69 chunks; 1.6 s; peak memory 348 MiB.
2026-10-06T07:06:09Z INFO [115/500] 4484817e-f4ef-4ed3-affc-2475edd9d66f: 46 chunks; 1.0 s; peak memory 348 MiB.
2026-10-06T07:06:11Z INFO [116/500] 4485bef7-f2be-43dd-a420-d7e42d32a4da: 47 chunks; 1.8 s; peak memory 348 MiB.
2026-10-06T07:06:13Z INFO [117/500] 4485f579-d224-4611-94cf-f9b865f336be: 105 chunks; 2.0 s; peak memory 348 MiB.
2026-10-06T07:06:15Z INFO [118/500] 448686f9-987f-4786-9ff0-9de7bb7a248d: 112 chunks; 1.4 s; peak memory 348 MiB.
2026-10-06T07:06:18Z INFO [119/500] 448691f1-fa2e-4b43-88b1-fa9da1fbf535: 744 chunks; 3.9 s; peak memory 348 MiB.
2026-10-06T07:06:20Z INFO [120/500] 4486979b-ac20-48b6-89df-dc9169f2db9d: 48 chunks; 1.3 s; peak memory 348 MiB.
2026-10-06T07:06:30Z INFO [121/500] 4487a2ac-1f78-449a-90e6-932fa206012b: 4223 chunks; 10.4 s; peak memory 348 MiB.
2026-10-06T07:06:35Z INFO [122/500] 4487bfd6-d7bd-4434-8ed6-a7affa2583c0: 7985 chunks; 5.2 s; peak memory 348 MiB.
2026-10-06T07:06:37Z INFO [123/500] 44881576-91f5-4328-b2c6-8d723c203a4a: 66 chunks; 2.1 s; peak memory 348 MiB.
2026-10-06T07:06:39Z INFO [124/500] 4488b360-020e-46a5-bcba-3a1bfc270991: 110 chunks; 1.6 s; peak memory 348 MiB.
2026-10-06T07:06:40Z INFO [125/500] 448999f5-83b2-4399-930a-c755d7807790: 57 chunks; 1.0 s; peak memory 348 MiB.
2026-10-06T07:06:54Z INFO [126/500] 4489e17d-099b-4547-ac94-1398723152e6: 11796 chunks; 13.5 s; peak memory 348 MiB.
2026-10-06T07:06:55Z INFO [127/500] 448a0caf-ed79-4f38-8f35-c1bc5d31b38f: 48 chunks; 1.4 s; peak memory 348 MiB.
2026-10-06T07:06:57Z INFO [128/500] 448a23b6-cfaf-4998-ae6b-a3a13da1793d: 289 chunks; 1.9 s; peak memory 348 MiB.
2026-10-06T07:06:59Z INFO [129/500] 448b82a0-3622-4091-baa6-7a7df30f4e36: 112 chunks; 1.7 s; peak memory 348 MiB.
2026-10-06T07:07:05Z INFO [130/500] 448bc92d-6525-43ce-acf8-eb666f9ca9bc: 238 chunks; 6.3 s; peak memory 348 MiB.
2026-10-06T07:07:06Z INFO [131/500] 448d01fc-79e1-4d88-97ac-50f4da0f4189: 118 chunks; 1.5 s; peak memory 348 MiB.
2026-10-06T07:07:12Z INFO [132/500] 448df345-703e-4bf7-9976-59a50ce5c293: 9240 chunks; 5.6 s; peak memory 348 MiB.
2026-10-06T07:07:14Z INFO [133/500] 448e0b7c-c0e6-4b18-9673-a4a975988d0e: 69 chunks; 1.7 s; peak memory 348 MiB.
2026-10-06T07:07:15Z INFO [134/500] 448f0b48-ae8a-425e-8c9e-6eaead40c5da: 54 chunks; 1.1 s; peak memory 348 MiB.
2026-10-06T07:07:16Z INFO [135/500] 448f4c16-65f3-40c9-b6fb-b63a4005a238: 117 chunks; 1.5 s; peak memory 348 MiB.
2026-10-06T07:07:18Z INFO [136/500] 44902528-9423-4599-bb93-f50db2d903ed: 48 chunks; 1.4 s; peak memory 348 MiB.
2026-10-06T07:07:20Z INFO [137/500] 4490334e-e88d-49c2-8d56-f2b2dd313e0a: 124 chunks; 2.2 s; peak memory 348 MiB.
2026-10-06T07:07:21Z INFO [138/500] 44903511-fbfd-442a-8cd8-9c3f229cd14a: 46 chunks; 1.1 s; peak memory 348 MiB.
2026-10-06T07:07:23Z INFO [139/500] 4490bad9-be17-4d01-8971-2bcbb56190bd: 116 chunks; 1.6 s; peak memory 348 MiB.
2026-10-06T07:07:24Z INFO [140/500] 4490f768-ca9a-45fc-8565-dd7e4729bf51: 52 chunks; 1.2 s; peak memory 348 MiB.
2026-10-06T07:07:25Z INFO [141/500] 4491a312-191c-49fa-b81d-93442366655c: 48 chunks; 1.3 s; peak memory 348 MiB.
2026-10-06T07:07:27Z INFO [142/500] 4492577b-461b-47d7-b230-cee210ceeb05: 112 chunks; 1.7 s; peak memory 348 MiB.
2026-10-06T07:07:28Z INFO [143/500] 44935c34-da8c-4590-b7b7-2b2d41d34095: 116 chunks; 1.5 s; peak memory 348 MiB.
2026-10-06T07:07:31Z INFO [144/500] 44939f26-a7bb-48c5-ab68-7d6a50bec646: 71 chunks; 2.3 s; peak memory 348 MiB.
2026-10-06T07:07:32Z INFO [145/500] 4493ac03-984f-47e7-a0ba-e0e0f9a536d6: 69 chunks; 1.2 s; peak memory 348 MiB.
2026-10-06T07:07:34Z INFO [146/500] 4494e702-6886-431d-a9a9-dbdfca514849: 66 chunks; 1.8 s; peak memory 348 MiB.
2026-10-06T07:07:35Z INFO [147/500] 449692cb-f8c3-481b-8c92-911feb07a8e6: 48 chunks; 1.5 s; peak memory 348 MiB.
2026-10-06T07:07:37Z INFO [148/500] 4497fd3c-3f80-4139-856d-dfd6eaf69033: 66 chunks; 2.1 s; peak memory 348 MiB.
2026-10-06T07:07:38Z INFO [149/500] 44983f87-dbed-42eb-9877-e95bb2255564: 45 chunks; 1.0 s; peak memory 348 MiB.
2026-10-06T07:07:39Z INFO [150/500] 449ae0cc-5e7c-41af-b5e5-81247edee4bf: 53 chunks; 1.2 s; peak memory 348 MiB.
2026-10-06T07:07:40Z INFO [150/500] 449ae0cc-5e7c-41af-b5e5-81247edee4bf: checkpointed 79984 records.
2026-10-06T07:07:41Z INFO [151/500] 449cbae4-a521-4626-b3fd-5e0893a397d4: 117 chunks; 1.5 s; peak memory 348 MiB.
2026-10-06T07:07:51Z INFO [152/500] 449d32ac-8581-484c-9b91-c94a6c1a8495: 19009 chunks; 9.6 s; peak memory 348 MiB.
2026-10-06T07:07:54Z INFO [153/500] 449d3c71-3d20-44b9-89d0-b69ecbb938f8: 114 chunks; 3.2 s; peak memory 348 MiB.
2026-10-06T07:07:55Z INFO [154/500] 449d7065-0575-4d80-9b81-ede2529d0f77: 48 chunks; 1.3 s; peak memory 348 MiB.
2026-10-06T07:07:56Z INFO [155/500] 449d8be0-851e-4296-be4e-57c439b3abc7: 33 chunks; 1.0 s; peak memory 348 MiB.
2026-10-06T07:07:57Z INFO [156/500] 449da8d4-ed94-46bf-8e70-97af9e5838ff: 46 chunks; 1.1 s; peak memory 348 MiB.
2026-10-06T07:07:59Z INFO [157/500] 449e51b0-60f6-4a55-826b-5409368a411d: 33 chunks; 1.5 s; peak memory 348 MiB.
2026-10-06T07:08:14Z INFO [158/500] 449e6b70-e646-49ae-ae76-6586a2a63427: 13902 chunks; 15.1 s; peak memory 348 MiB.
2026-10-06T07:08:19Z INFO [159/500] 449e7e08-c7bb-477f-9b54-d749b1de1daa: 4176 chunks; 5.4 s; peak memory 348 MiB.
2026-10-06T07:08:21Z INFO [160/500] 449e7e72-5e5b-4293-8acd-05c55d7e75fa: 48 chunks; 1.3 s; peak memory 348 MiB.
2026-10-06T07:08:22Z INFO [161/500] 44a0afc7-f67e-4e36-9f9f-bf326ba0e3a0: 57 chunks; 1.1 s; peak memory 348 MiB.
2026-10-06T07:08:25Z INFO [162/500] 44a0b4db-9062-49c4-9acf-38bf72dacdc0: 156 chunks; 3.5 s; peak memory 348 MiB.
2026-10-06T07:08:28Z INFO [163/500] 44a17b6e-ef15-4b9a-877a-aab8cf217c6f: 138 chunks; 3.1 s; peak memory 348 MiB.
2026-10-06T07:08:35Z INFO [164/500] 44a21162-3d2d-4428-becc-7d097f1a1c38: 2923 chunks; 6.6 s; peak memory 348 MiB.
2026-10-06T07:08:37Z INFO [165/500] 44a24ea8-333d-48e5-9708-04230870b55d: 79 chunks; 1.7 s; peak memory 348 MiB.
2026-10-06T07:08:38Z INFO [166/500] 44a38f70-440b-4365-bf2a-1bc0eb438238: 117 chunks; 1.7 s; peak memory 348 MiB.
2026-10-06T07:08:46Z INFO [167/500] 44a45c8a-2a2b-4da0-a054-3f897985ad72: 14765 chunks; 7.4 s; peak memory 348 MiB.
2026-10-06T07:08:47Z INFO [168/500] 44a4752c-396a-4e82-b65e-40715feb0731: 52 chunks; 1.0 s; peak memory 348 MiB.
2026-10-06T07:08:48Z INFO [169/500] 44a4fa9a-a5d0-49ad-9233-271b2ac8f042: 48 chunks; 1.3 s; peak memory 348 MiB.
2026-10-06T07:08:51Z INFO [170/500] 44a51724-9ff9-41af-8d41-f355a3ed83d2: 997 chunks; 2.6 s; peak memory 348 MiB.
2026-10-06T07:08:55Z INFO [171/500] 44a594ad-ab3f-445a-8204-75658678c84e: 2327 chunks; 4.6 s; peak memory 348 MiB.
2026-10-06T07:09:01Z INFO [172/500] 44a60ae2-5887-471a-bdbd-bf7bb967ca9a: 468 chunks; 5.4 s; peak memory 348 MiB.
2026-10-06T07:09:02Z INFO [173/500] 44a644e8-485c-468b-a130-dae843a18ded: 70 chunks; 1.4 s; peak memory 348 MiB.
2026-10-06T07:09:04Z INFO [174/500] 44a6bb4e-2c8d-4e14-834e-8a0d04d2026c: 117 chunks; 1.5 s; peak memory 348 MiB.
2026-10-06T07:09:05Z INFO [175/500] 44a6e94a-ee60-4fb0-94f9-7abb2c49610b: 69 chunks; 1.4 s; peak memory 348 MiB.
2026-10-06T07:09:07Z INFO [176/500] 44a724cd-f551-462d-9011-a3dce62d2eaa: 116 chunks; 1.8 s; peak memory 348 MiB.
2026-10-06T07:09:10Z INFO [177/500] 44a7a240-a349-4fba-b96e-0556a6a4f9b7: 115 chunks; 2.9 s; peak memory 348 MiB.
2026-10-06T07:09:11Z INFO [178/500] 44a81a8b-946b-4ab5-80a2-7196b7299ce1: 48 chunks; 1.2 s; peak memory 348 MiB.
2026-10-06T07:09:12Z INFO [179/500] 44a89378-92ba-4890-b679-9f5929b22740: 52 chunks; 1.1 s; peak memory 348 MiB.
2026-10-06T07:09:14Z INFO [180/500] 44a8d1af-07a3-4a84-ba35-55ae12a4059f: 116 chunks; 1.5 s; peak memory 348 MiB.
2026-10-06T07:09:15Z INFO [181/500] 44a8f123-bb0a-467a-ae82-53e99fb672fd: 118 chunks; 1.5 s; peak memory 348 MiB.
2026-10-06T07:09:17Z INFO [182/500] 44a94af7-cdcd-4433-8ffe-c0dc2f212a1e: 118 chunks; 1.5 s; peak memory 348 MiB.
2026-10-06T07:09:29Z INFO [183/500] 44aa4d23-6d30-4cba-920f-3cc2ebf2112f: 17059 chunks; 12.6 s; peak memory 348 MiB.
2026-10-06T07:09:33Z INFO [184/500] 44aab664-73de-4289-95f2-2d15484d9d17: 199 chunks; 4.1 s; peak memory 348 MiB.
2026-10-06T07:09:35Z INFO [185/500] 44ad627d-bb9f-4944-8fb4-6b0cf2f5a8f4: 66 chunks; 1.9 s; peak memory 348 MiB.
2026-10-06T07:09:37Z INFO [186/500] 44adc3ed-b6f0-4e8c-a11e-4422dabd1431: 131 chunks; 2.2 s; peak memory 348 MiB.
2026-10-06T07:09:41Z INFO [187/500] 44add7fb-bcf6-4008-bf41-8dae30ed0deb: 381 chunks; 3.5 s; peak memory 348 MiB.
2026-10-06T07:09:42Z INFO [188/500] 44adecb1-2387-4ffd-8209-a7549922081b: 69 chunks; 1.5 s; peak memory 348 MiB.
2026-10-06T07:09:44Z INFO [189/500] 44ae2cd6-7a05-4478-a2c9-c865bdd6873c: 112 chunks; 1.9 s; peak memory 348 MiB.
2026-10-06T07:10:38Z INFO [190/500] 44ae3f03-20d5-4ac0-826a-ea4507ef2a8c: 24938 chunks; 53.5 s; peak memory 348 MiB.
2026-10-06T07:10:39Z INFO [191/500] 44aec2d3-6699-4d7f-9a6a-d1a407ab623f: 110 chunks; 1.3 s; peak memory 348 MiB.
2026-10-06T07:10:40Z INFO [192/500] 44afabfe-c206-4883-8c0e-9587161992e4: 57 chunks; 1.1 s; peak memory 348 MiB.
2026-10-06T07:10:42Z INFO [193/500] 44b06858-bb45-4b12-bd0e-efe024d14162: 367 chunks; 2.1 s; peak memory 348 MiB.
2026-10-06T07:10:44Z INFO [194/500] 44b0fc2d-7de4-49b7-be8c-8a808dd876d5: 117 chunks; 1.7 s; peak memory 348 MiB.
2026-10-06T07:10:46Z INFO [195/500] 44b181c5-1bdd-417a-99f1-b92e4d5128f6: 112 chunks; 1.7 s; peak memory 348 MiB.
2026-10-06T07:10:47Z INFO [196/500] 44b22324-0573-4f4a-9e03-084cf1d7e22a: 112 chunks; 1.5 s; peak memory 348 MiB.
2026-10-06T07:10:49Z INFO [197/500] 44b2322d-8323-4a11-aff5-4630d5ebaeb7: 112 chunks; 1.9 s; peak memory 348 MiB.
2026-10-06T07:10:51Z INFO [198/500] 44b2df7b-1b23-4c93-a7b3-e730c53af9f4: 112 chunks; 1.6 s; peak memory 348 MiB.
2026-10-06T07:10:52Z INFO [199/500] 44b39666-3827-4f3a-a3b1-005aca554d28: 52 chunks; 1.5 s; peak memory 348 MiB.
2026-10-06T07:10:55Z INFO [200/500] 44b3976c-32c4-4821-a5d1-314ee7031146: 74 chunks; 2.1 s; peak memory 348 MiB.
2026-10-06T07:10:55Z INFO [200/500] 44b3976c-32c4-4821-a5d1-314ee7031146: checkpointed 80034 records.
2026-10-06T07:10:57Z INFO [201/500] 44b44ddf-3ee6-4344-b959-8a82fa3e0a13: 66 chunks; 1.9 s; peak memory 348 MiB.
2026-10-06T07:10:59Z INFO [202/500] 44b45436-506a-4d1c-bb09-1970b6d62038: 71 chunks; 2.6 s; peak memory 348 MiB.
2026-10-06T07:11:01Z INFO [203/500] 44b4ab5a-c706-4394-b65a-da3da4754cba: 275 chunks; 2.1 s; peak memory 348 MiB.
2026-10-06T07:11:16Z INFO [204/500] 44b4baf4-45e8-4b8e-ac8d-1f842c401a63: 271 chunks; 14.4 s; peak memory 348 MiB.
2026-10-06T07:11:17Z INFO [205/500] 44b4e668-6abc-49b6-89a1-b227a03bd367: 117 chunks; 1.6 s; peak memory 348 MiB.
2026-10-06T07:11:19Z INFO [206/500] 44b63ee7-0417-4a26-ac49-323b517a583a: 116 chunks; 1.6 s; peak memory 348 MiB.
2026-10-06T07:11:20Z INFO [207/500] 44b68721-8ebf-4ca0-8e20-837df980f581: 48 chunks; 1.3 s; peak memory 348 MiB.
2026-10-06T07:11:22Z INFO [208/500] 44b76263-5375-4e03-aef1-1479314ea802: 83 chunks; 1.6 s; peak memory 348 MiB.
2026-10-06T07:11:31Z INFO [209/500] 44b76755-c390-427c-aed4-0deb0a1d4086: 1082 chunks; 8.9 s; peak memory 348 MiB.
2026-10-06T07:11:32Z INFO [210/500] 44b77c59-cfb8-4028-91e2-b8a2a64aa8a1: 41 chunks; 1.4 s; peak memory 348 MiB.
2026-10-06T07:12:36Z INFO [211/500] 44b792bf-c64f-4586-9f14-06ca21577bd0: 2188 chunks; 63.9 s; peak memory 348 MiB.
2026-10-06T07:12:38Z INFO [212/500] 44b7d953-6701-49cf-b66a-612654732644: 52 chunks; 1.4 s; peak memory 348 MiB.
2026-10-06T07:12:45Z INFO [213/500] 44b7e452-9459-4a7b-912c-cba8b466744f: 194 chunks; 7.3 s; peak memory 348 MiB.
2026-10-06T07:12:47Z INFO [214/500] 44b901d8-345d-40ba-ae04-9c409d40f724: 124 chunks; 2.5 s; peak memory 348 MiB.
2026-10-06T07:12:49Z INFO [215/500] 44b9a337-a268-4766-97d4-b6faa25bce1b: 71 chunks; 2.1 s; peak memory 348 MiB.
2026-10-06T07:12:51Z INFO [216/500] 44ba0a3c-b20c-4836-a843-2143ff57b200: 110 chunks; 1.9 s; peak memory 348 MiB.
2026-10-06T07:12:52Z INFO [217/500] 44bb088b-d465-44f8-8ba0-f45de901d1e0: 57 chunks; 1.1 s; peak memory 348 MiB.
2026-10-06T07:12:54Z INFO [218/500] 44bc1a96-3372-4011-8049-1df4cf83452f: 118 chunks; 1.5 s; peak memory 348 MiB.
2026-10-06T07:12:55Z INFO [219/500] 44bc280b-7a9b-4e85-9769-b936fe1864af: 48 chunks; 1.3 s; peak memory 348 MiB.
2026-10-06T07:12:58Z INFO [220/500] 44bc4a78-4f9d-43da-9601-130f965f891e: 71 chunks; 2.6 s; peak memory 348 MiB.
2026-10-06T07:12:59Z INFO [221/500] 44bca91e-c3e9-4cc7-bdda-a5ac8f4c7afa: 116 chunks; 1.6 s; peak memory 348 MiB.
2026-10-06T07:13:03Z INFO [222/500] 44bd399d-ec60-491c-b844-50394419f00c: 156 chunks; 3.7 s; peak memory 348 MiB.
2026-10-06T07:13:05Z INFO [223/500] 44bdf747-0e36-45f7-a925-0985eacfe2c7: 66 chunks; 1.8 s; peak memory 348 MiB.
2026-10-06T07:13:14Z INFO [224/500] 44be51c0-a189-4b9c-80db-3a5c5f0d15da: 5095 chunks; 8.9 s; peak memory 348 MiB.
2026-10-06T07:13:21Z INFO [225/500] 44bef941-fd8e-4293-9359-02373e85f10e: 643 chunks; 7.4 s; peak memory 348 MiB.
2026-10-06T07:13:22Z INFO [226/500] 44c06225-92cb-403c-b5d3-67edf026b2b9: 48 chunks; 1.3 s; peak memory 348 MiB.
2026-10-06T07:13:24Z INFO [227/500] 44c22b03-d75e-4c48-a057-b5168a39b81d: 48 chunks; 1.3 s; peak memory 348 MiB.
2026-10-06T07:13:25Z INFO [228/500] 44c26d9a-adba-49e6-890d-730501175cd8: 115 chunks; 1.7 s; peak memory 348 MiB.
2026-10-06T07:13:27Z INFO [229/500] 44c2b893-4f1d-4d23-856f-fa62b5167ca9: 117 chunks; 1.6 s; peak memory 348 MiB.
2026-10-06T07:13:28Z INFO [230/500] 44c2cc59-d1e8-4caa-9c78-654708335d76: 48 chunks; 1.3 s; peak memory 348 MiB.
2026-10-06T07:13:30Z INFO [231/500] 44c2d08b-ca87-4e0f-9fd5-f21c3cc031b3: 84 chunks; 1.7 s; peak memory 348 MiB.
2026-10-06T07:13:31Z INFO [232/500] 44c49686-9254-49f6-81b4-e64a5db995fb: 46 chunks; 1.0 s; peak memory 348 MiB.
2026-10-06T07:13:33Z INFO [233/500] 44c4e348-9a0f-45c8-a888-89c96a3a9c17: 132 chunks; 1.6 s; peak memory 348 MiB.
2026-10-06T07:13:34Z INFO [234/500] 44c4faa9-b45e-4a4c-90a9-abdaef242d49: 41 chunks; 1.2 s; peak memory 348 MiB.
2026-10-06T07:13:35Z INFO [235/500] 44c624c0-89c7-46c8-81ba-01cbcdfa8657: 48 chunks; 1.4 s; peak memory 348 MiB.
2026-10-06T07:13:36Z INFO [236/500] 44c6a011-09b8-4c74-ba9e-34615e94cf9e: 48 chunks; 1.2 s; peak memory 348 MiB.
2026-10-06T07:13:39Z INFO [237/500] 44c6e7e8-d6c7-4bbd-b374-a823aae99520: 997 chunks; 2.7 s; peak memory 348 MiB.
2026-10-06T07:13:41Z INFO [238/500] 44c708ea-d038-4a5f-803b-aa7b9bade225: 79 chunks; 1.6 s; peak memory 348 MiB.
2026-10-06T07:13:43Z INFO [239/500] 44c77e64-c998-42ba-b1e6-9883e2df6f45: 289 chunks; 1.7 s; peak memory 348 MiB.
2026-10-06T07:13:44Z INFO [240/500] 44c7dfdd-f1b6-45b8-855e-d35c36e45302: 31 chunks; 1.1 s; peak memory 348 MiB.
2026-10-06T07:13:45Z INFO [241/500] 44c8bb52-462f-4c05-816c-f7440a2c2194: 61 chunks; 1.7 s; peak memory 348 MiB.
2026-10-06T07:13:47Z INFO [242/500] 44c8d790-51a3-4fbd-90ed-607bd1804b8f: 48 chunks; 1.5 s; peak memory 348 MiB.
2026-10-06T07:13:48Z INFO [243/500] 44c924e5-a983-4dc0-8012-de13c87be632: 117 chunks; 1.5 s; peak memory 348 MiB.
2026-10-06T07:13:50Z INFO [244/500] 44caa0be-38ec-451c-90e8-b3e28e24ce24: 115 chunks; 1.6 s; peak memory 348 MiB.
2026-10-06T07:13:57Z INFO [245/500] 44cb2693-ad39-4d2e-8fec-76739b44325b: 6487 chunks; 6.6 s; peak memory 348 MiB.
2026-10-06T07:14:04Z INFO [246/500] 44cb277a-3018-454e-9ec5-08248488bcc5: 1155 chunks; 7.0 s; peak memory 348 MiB.
2026-10-06T07:14:05Z INFO [247/500] 44cc0870-42ca-4814-aea2-f99366693202: 48 chunks; 1.4 s; peak memory 348 MiB.
2026-10-06T07:14:06Z INFO [248/500] 44cd1fae-9eed-4256-93c1-619e79e73d49: 48 chunks; 1.3 s; peak memory 348 MiB.
2026-10-06T07:14:07Z INFO [249/500] 44cd3de4-b792-48ac-92e2-c4486f5bfe83: 48 chunks; 1.3 s; peak memory 348 MiB.
2026-10-06T07:14:09Z INFO [250/500] 44ce47b6-5bdb-47e4-bf18-32cf83039211: 48 chunks; 1.3 s; peak memory 348 MiB.
2026-10-06T07:14:09Z INFO [250/500] 44ce47b6-5bdb-47e4-bf18-32cf83039211: checkpointed 80084 records.
2026-10-06T07:14:10Z INFO [251/500] 44cf9d6e-fda7-4ada-960c-71d9388a0a46: 46 chunks; 1.1 s; peak memory 348 MiB.
2026-10-06T07:14:12Z INFO [252/500] 44d04730-71dd-4d9f-b924-6cd154b3910b: 112 chunks; 1.9 s; peak memory 348 MiB.
2026-10-06T07:14:35Z INFO [253/500] 44d090d6-3ead-4e61-9274-95c72f48b873: 6041 chunks; 22.6 s; peak memory 348 MiB.
2026-10-06T07:14:36Z INFO [254/500] 44d0f504-0587-4a86-aaf0-7571849cfe19: 117 chunks; 1.4 s; peak memory 348 MiB.
2026-10-06T07:14:38Z INFO [255/500] 44d10c53-8d6a-4dc0-a29c-d7ce0f4fe656: 66 chunks; 1.6 s; peak memory 348 MiB.
2026-10-06T07:14:41Z INFO [256/500] 44d22694-2c55-4e93-b381-057d878a638a: 119 chunks; 2.9 s; peak memory 348 MiB.
2026-10-06T07:14:42Z INFO [257/500] 44d2a103-b7a9-4d0a-a2ea-a5b20b38605d: 48 chunks; 1.3 s; peak memory 348 MiB.
2026-10-06T07:14:43Z INFO [258/500] 44d2feb2-acf0-4491-9069-422213e23061: 48 chunks; 1.4 s; peak memory 348 MiB.
2026-10-06T07:14:45Z INFO [259/500] 44d36ad2-6d19-4727-a492-68b90f86b277: 134 chunks; 1.7 s; peak memory 348 MiB.
2026-10-06T07:14:47Z INFO [260/500] 44d3fe5d-2e42-4163-b5be-3a8e7de29e85: 71 chunks; 1.8 s; peak memory 348 MiB.
2026-10-06T07:14:49Z INFO [261/500] 44d4043d-a9ba-4fcd-af56-502fa9774aa6: 106 chunks; 1.9 s; peak memory 348 MiB.
2026-10-06T07:15:34Z INFO [262/500] 44d45740-96e7-44f0-88a6-29f11fe72d8c: 2906 chunks; 45.2 s; peak memory 348 MiB.
2026-10-06T07:15:35Z INFO [263/500] 44d49b18-ebff-48a4-9792-05618f44f649: 69 chunks; 1.3 s; peak memory 348 MiB.
2026-10-06T07:15:37Z INFO [264/500] 44d5344a-d1d9-4390-83cd-ba3e48d81685: 118 chunks; 1.5 s; peak memory 348 MiB.
2026-10-06T07:15:38Z INFO [265/500] 44d5c5b3-1394-415c-9876-f092fdabd49f: 52 chunks; 1.3 s; peak memory 348 MiB.
2026-10-06T07:15:39Z INFO [266/500] 44d616c7-f11e-4321-82b2-7764a73445f7: 112 chunks; 1.4 s; peak memory 348 MiB.
2026-10-06T07:15:41Z INFO [267/500] 44d65f4e-160a-437f-a695-4bbf08bdab8d: 48 chunks; 1.4 s; peak memory 348 MiB.
2026-10-06T07:15:43Z INFO [268/500] 44d91bea-4026-4313-a4c6-dca1f8c0b9ce: 78 chunks; 2.1 s; peak memory 348 MiB.
2026-10-06T07:15:44Z INFO [269/500] 44d9a932-a5d9-4586-b59e-82d162e33ed4: 48 chunks; 1.4 s; peak memory 348 MiB.
2026-10-06T07:15:57Z INFO [270/500] 44da3867-1805-4925-b05f-0cc70e4d26e9: 27505 chunks; 12.4 s; peak memory 348 MiB.
2026-10-06T07:15:59Z INFO [271/500] 44dae3ea-bf92-436d-9aba-b1c43b9162d6: 66 chunks; 2.0 s; peak memory 348 MiB.
2026-10-06T07:16:05Z INFO [272/500] 44db0817-e04d-4744-b289-1989165a3fab: 2922 chunks; 6.4 s; peak memory 348 MiB.
2026-10-06T07:16:08Z INFO [273/500] 44db9c87-fe8f-41d3-945d-688a4c3b6ec7: 115 chunks; 3.0 s; peak memory 348 MiB.
2026-10-06T07:16:09Z INFO [274/500] 44dd0772-f8f9-4dad-9273-98b63b735644: 48 chunks; 1.3 s; peak memory 348 MiB.
2026-10-06T07:16:11Z INFO [275/500] 44dd3d1d-abca-40c5-84b8-063f6fc8467a: 69 chunks; 1.2 s; peak memory 348 MiB.
2026-10-06T07:16:12Z INFO [276/500] 44dd837a-fd61-40be-b8db-d16765fba141: 112 chunks; 1.8 s; peak memory 348 MiB.
2026-10-06T07:16:15Z INFO [277/500] 44dec1f1-f8ba-4038-b9ff-0f4c2cd3e46f: 67 chunks; 2.0 s; peak memory 348 MiB.
2026-10-06T07:17:13Z INFO [278/500] 44df0886-2345-4bc5-bd26-e42ca89edae7: 24373 chunks; 58.4 s; peak memory 348 MiB.
2026-10-06T07:17:20Z INFO [279/500] 44df2a17-e9d4-40be-84e3-0ecbd3c9acd2: 9907 chunks; 7.2 s; peak memory 348 MiB.
2026-10-06T07:17:22Z INFO [280/500] 44e0d706-b5c3-4af9-bdfa-de43c7cdd311: 118 chunks; 1.5 s; peak memory 348 MiB.
2026-10-06T07:17:23Z INFO [281/500] 44e0de9a-6046-4071-977f-e5d5c38f1525: 48 chunks; 1.3 s; peak memory 348 MiB.
2026-10-06T07:17:26Z INFO [282/500] 44e10741-46db-4a68-b534-34cb8278015f: 116 chunks; 3.0 s; peak memory 348 MiB.
2026-10-06T07:17:27Z INFO [283/500] 44e16157-5dae-4d46-b807-b57b151877d7: 57 chunks; 1.1 s; peak memory 348 MiB.
2026-10-06T07:17:28Z INFO [284/500] 44e1bc87-95bb-47c8-b7b4-a5c9e1f5476a: 48 chunks; 1.3 s; peak memory 348 MiB.
2026-10-06T07:20:02Z INFO [285/500] 44e23861-3d88-451d-b14f-0b60a1146d82: 41007 chunks; 153.7 s; peak memory 358 MiB.
2026-10-06T07:20:03Z INFO [286/500] 44e24c0f-a5ce-4ef4-9c71-81e9f1fb1d2c: 52 chunks; 1.4 s; peak memory 358 MiB.
2026-10-06T07:20:05Z INFO [287/500] 44e3f9e8-f2d7-45be-8f0d-a6a091ac4025: 261 chunks; 1.9 s; peak memory 358 MiB.
2026-10-06T07:20:14Z INFO [288/500] 44e4ee57-5758-48f4-9636-d4bec260fb96: 14316 chunks; 8.8 s; peak memory 358 MiB.
2026-10-06T07:24:57Z INFO [289/500] 44e4f9a1-88fd-4848-b9e2-baa6e2307051: 47211 chunks; 282.6 s; peak memory 442 MiB.
2026-10-06T07:25:00Z INFO [290/500] 44e5d6da-63f9-4baf-b70d-385d924a48d3: 115 chunks; 3.0 s; peak memory 442 MiB.
2026-10-06T07:25:02Z INFO [291/500] 44e6f9de-9795-405e-9723-9251861dd884: 112 chunks; 1.9 s; peak memory 442 MiB.
2026-10-06T07:25:03Z INFO [292/500] 44e73d70-0156-429c-b87b-211591697fc1: 46 chunks; 1.0 s; peak memory 442 MiB.
2026-10-06T09:00:48Z INFO [293/500] 44e7c5da-dbce-4356-9d0e-a95e373d457d: 819494 chunks; 5745.2 s; peak memory 1202 MiB.
2026-10-06T09:00:49Z INFO [294/500] 44e84439-1a36-4938-9b84-48e5df46eb64: 33 chunks; 1.4 s; peak memory 1202 MiB.
2026-10-06T09:00:51Z INFO [295/500] 44e86c74-d5b4-4fe3-8ef4-a7f740df3e9e: 118 chunks; 1.6 s; peak memory 1202 MiB.
2026-10-06T09:00:53Z INFO [296/500] 44e97198-99f0-4ca6-ac78-cd6e53c13f21: 549 chunks; 2.1 s; peak memory 1202 MiB.
2026-10-06T09:00:54Z INFO [297/500] 44e985cc-dd99-4b6f-9b45-1b17f0b22800: 48 chunks; 1.3 s; peak memory 1202 MiB.
2026-10-06T09:00:56Z INFO [298/500] 44e9ea4c-c398-4bb3-8366-f1badeedbbc5: 68 chunks; 1.5 s; peak memory 1202 MiB.
2026-10-06T09:01:00Z INFO [299/500] 44ea1591-37ea-4678-96f7-5e4df70c7702: 156 chunks; 3.8 s; peak memory 1202 MiB.
2026-10-06T09:01:01Z INFO [300/500] 44eab17d-f956-4955-a6e3-98bf83d98ad8: 48 chunks; 1.4 s; peak memory 1202 MiB.
2026-10-06T09:01:01Z INFO [300/500] 44eab17d-f956-4955-a6e3-98bf83d98ad8: checkpointed 80134 records.
2026-10-06T09:01:02Z INFO [301/500] 44eb7b90-d966-4dde-b3bf-9cdd36e0f2e4: 54 chunks; 1.1 s; peak memory 1202 MiB.
2026-10-06T09:01:19Z INFO [302/500] 44eb9a95-1ce1-4e9d-9866-e928b26b557f: 432 chunks; 16.6 s; peak memory 1202 MiB.
2026-10-06T09:01:20Z INFO [303/500] 44ebba96-096e-479c-abca-00c3dbe96c68: 116 chunks; 1.5 s; peak memory 1202 MiB.
2026-10-06T09:01:33Z INFO [304/500] 44ec2a9d-b8af-454a-8c9c-592e643047ef: 14532 chunks; 12.3 s; peak memory 1202 MiB.
2026-10-06T09:03:54Z INFO [305/500] 44ecec1f-3f55-4cf6-bd0a-b53f6771eae7: 37869 chunks; 140.8 s; peak memory 1202 MiB.
2026-10-06T09:03:55Z INFO [306/500] 44ed1437-eeff-4c72-8807-3cabbd64e6da: 117 chunks; 1.5 s; peak memory 1202 MiB.
2026-10-06T09:03:57Z INFO [307/500] 44ed4264-9f89-4251-a529-1af0c693b03b: 66 chunks; 1.8 s; peak memory 1202 MiB.
2026-10-06T09:03:58Z INFO [308/500] 44ed5757-dfc7-4450-bb40-162bff7eae4c: 48 chunks; 1.3 s; peak memory 1202 MiB.
2026-10-06T09:03:59Z INFO [309/500] 44edf15b-156a-415b-a67a-ed8a8a42d859: 48 chunks; 1.3 s; peak memory 1202 MiB.
2026-10-06T09:04:01Z INFO [310/500] 44eee19b-cf26-4c3f-9cf5-307988a2797b: 116 chunks; 1.6 s; peak memory 1202 MiB.
2026-10-06T09:04:34Z INFO [311/500] 44f04af8-c5dd-4da2-88db-8c729a2867d0: 7252 chunks; 33.0 s; peak memory 1202 MiB.
2026-10-06T09:04:35Z INFO [312/500] 44f0798f-3176-4335-98d0-b31241c6f0d3: 114 chunks; 1.4 s; peak memory 1202 MiB.
2026-10-06T09:05:33Z INFO [313/500] 44f0ed3d-645e-4419-be64-4242c7bba535: 24626 chunks; 57.2 s; peak memory 1202 MiB.
2026-10-06T09:05:43Z INFO [314/500] 44f244df-e84d-4f6c-898c-ec8c5ce78c57: 5995 chunks; 10.5 s; peak memory 1202 MiB.
2026-10-06T09:05:45Z INFO [315/500] 44f27f8a-e32f-489b-91fb-00ebae241804: 62 chunks; 1.9 s; peak memory 1202 MiB.
2026-10-06T09:05:47Z INFO [316/500] 44f293a1-77a7-430b-9f99-f38f4df1502c: 117 chunks; 1.6 s; peak memory 1202 MiB.
2026-10-06T09:05:48Z INFO [317/500] 44f2b730-bf94-4430-bf19-187716e0180e: 69 chunks; 1.3 s; peak memory 1202 MiB.
2026-10-06T09:05:49Z INFO [318/500] 44f3fb02-4638-42d5-b3bb-475664475805: 57 chunks; 1.1 s; peak memory 1202 MiB.
2026-10-06T09:05:51Z INFO [319/500] 44f43737-b2b2-4563-ace5-b8543a6c851b: 117 chunks; 1.6 s; peak memory 1202 MiB.
2026-10-06T09:05:52Z INFO [320/500] 44f46444-9799-4768-a065-963864bb344b: 116 chunks; 1.8 s; peak memory 1202 MiB.
2026-10-06T09:05:54Z INFO [321/500] 44f4872f-5058-481a-a976-06151db31444: 33 chunks; 1.5 s; peak memory 1202 MiB.
2026-10-06T09:06:13Z INFO [322/500] 44f56080-11cb-439a-b1d1-ca6ac1cb3658: 28382 chunks; 19.6 s; peak memory 1202 MiB.
2026-10-06T09:06:15Z INFO [323/500] 44f630cb-b6dc-4e97-8e83-897653e0f4de: 116 chunks; 1.6 s; peak memory 1202 MiB.
2026-10-06T09:06:16Z INFO [324/500] 44f63518-a6bb-4d1e-8186-0cbec9f79d1b: 58 chunks; 1.1 s; peak memory 1202 MiB.
2026-10-06T09:06:18Z INFO [325/500] 44f688f4-22a8-490b-b4e1-e20f8961b35a: 52 chunks; 1.5 s; peak memory 1202 MiB.
2026-10-06T09:06:19Z INFO [326/500] 44f7c340-2ad4-48f3-9887-b8c792ba87b8: 48 chunks; 1.4 s; peak memory 1202 MiB.
2026-10-06T09:09:27Z INFO [327/500] 44f7c866-8f40-455a-909e-b17e7c82fa32: 28789 chunks; 187.8 s; peak memory 1202 MiB.
2026-10-06T09:09:28Z INFO [328/500] 44f8d4c8-9999-415a-92fb-9d0ed9cc7738: 92 chunks; 1.4 s; peak memory 1202 MiB.
2026-10-06T10:34:25Z INFO [329/500] 44f953f9-0855-4a29-9e03-c7c028577a37: 753956 chunks; 5097.1 s; peak memory 1217 MiB.
2026-10-06T10:34:28Z INFO [330/500] 44f954cf-c112-4ea7-859d-fee461cf0fcf: 168 chunks; 2.9 s; peak memory 1217 MiB.
2026-10-06T10:34:30Z INFO [331/500] 44f96fc2-4dc5-4884-88d3-a94a9bfbd4d0: 64 chunks; 1.8 s; peak memory 1217 MiB.
2026-10-06T10:34:31Z INFO [332/500] 44fabac5-041a-42ee-b8d5-c2f01e79ec93: 48 chunks; 1.5 s; peak memory 1217 MiB.
2026-10-06T10:34:34Z INFO [333/500] 44fad6c2-2255-45c1-acea-10f8e3c2fc94: 155 chunks; 2.5 s; peak memory 1217 MiB.
2026-10-06T10:34:35Z INFO [334/500] 44fbb10f-b3c9-4f0f-b291-75162e101db3: 69 chunks; 1.2 s; peak memory 1217 MiB.
2026-10-06T10:37:01Z INFO [335/500] 44fbde95-2e8c-4d1b-b572-e037fe4da5e3: 40695 chunks; 145.4 s; peak memory 1217 MiB.
2026-10-06T10:37:03Z INFO [336/500] 44fe3480-3a83-40c1-a0b4-9c3371fe6152: 66 chunks; 2.2 s; peak memory 1217 MiB.
2026-10-06T10:37:05Z INFO [337/500] 44ff19bd-ed10-4f07-9cdc-e64081173efe: 66 chunks; 2.0 s; peak memory 1217 MiB.
2026-10-06T10:37:08Z INFO [338/500] 44ff6f80-d1bc-498e-ae18-96772a7c99e9: 115 chunks; 3.0 s; peak memory 1217 MiB.
2026-10-06T10:37:15Z INFO [339/500] 44fff8ae-de80-435c-a1d0-df2d05b514f6: 18746 chunks; 7.7 s; peak memory 1217 MiB.
2026-10-06T10:37:17Z INFO [340/500] 450043cf-b732-4d86-8154-2ad5463c3681: 48 chunks; 1.4 s; peak memory 1217 MiB.
2026-10-06T10:37:18Z INFO [341/500] 4500c22d-deee-46f1-8a48-71f580c89b4b: 45 chunks; 1.0 s; peak memory 1217 MiB.
2026-10-06T10:37:24Z INFO [342/500] 45014b94-1b8c-4971-8c4a-74081de61e2b: 740 chunks; 6.3 s; peak memory 1217 MiB.
2026-10-06T10:37:28Z INFO [343/500] 4502451c-70c6-4a99-88e5-5c6a3364315e: 2310 chunks; 4.1 s; peak memory 1217 MiB.
2026-10-06T10:37:30Z INFO [344/500] 4502e0b3-ab88-4ad6-b01a-e37c2f5ff88c: 117 chunks; 1.6 s; peak memory 1217 MiB.
2026-10-06T10:37:31Z INFO [345/500] 450317cd-57db-40fe-92fa-559de9c0137f: 116 chunks; 1.6 s; peak memory 1217 MiB.
2026-10-06T10:37:33Z INFO [346/500] 4503681c-bbe5-402b-8275-6bb152ded132: 50 chunks; 1.2 s; peak memory 1217 MiB.
2026-10-06T10:37:38Z INFO [347/500] 45038ae2-6bcd-4d7b-94f8-147646b72ee8: 1304 chunks; 5.5 s; peak memory 1217 MiB.
2026-10-06T10:37:40Z INFO [348/500] 450408df-2f48-4a7d-9b0b-1b58c0059ba6: 48 chunks; 1.4 s; peak memory 1217 MiB.
2026-10-06T10:37:42Z INFO [349/500] 45044abf-60bb-492b-86e9-fcdd53dcbd65: 119 chunks; 2.4 s; peak memory 1217 MiB.
2026-10-06T10:37:44Z INFO [350/500] 45050592-1cd8-48f7-ac13-4b7e6fe11bdd: 62 chunks; 1.7 s; peak memory 1217 MiB.
2026-10-06T10:37:44Z INFO [350/500] 45050592-1cd8-48f7-ac13-4b7e6fe11bdd: checkpointed 80184 records.
2026-10-06T10:37:46Z INFO [351/500] 4506ba5f-4fd4-4b06-830f-aaee98383bf5: 48 chunks; 1.7 s; peak memory 1217 MiB.
2026-10-06T10:37:48Z INFO [352/500] 4506e31c-97b8-412d-9697-657eee986e02: 115 chunks; 2.9 s; peak memory 1217 MiB.
2026-10-06T10:37:50Z INFO [353/500] 4506e46b-bc49-46d6-8288-8202fb77670e: 118 chunks; 1.8 s; peak memory 1217 MiB.
2026-10-06T10:37:51Z INFO [354/500] 450a1d14-2289-4fa9-bad4-1323e4b2b130: 49 chunks; 1.0 s; peak memory 1217 MiB.
2026-10-06T10:37:53Z INFO [355/500] 450a2726-d47d-4b8b-9fa6-258a8f667242: 112 chunks; 2.1 s; peak memory 1217 MiB.
2026-10-06T10:37:55Z INFO [356/500] 450aa975-bb37-482e-99f5-8b33389be911: 118 chunks; 1.5 s; peak memory 1217 MiB.
2026-10-06T10:37:57Z INFO [357/500] 450ab8bd-209b-46df-aa55-88a83fa91868: 70 chunks; 1.8 s; peak memory 1217 MiB.
2026-10-06T10:37:58Z INFO [358/500] 450ac851-3298-4d07-8361-87b06c872bcc: 72 chunks; 1.5 s; peak memory 1217 MiB.
2026-10-06T10:37:59Z INFO [359/500] 450bbc6b-378b-4eef-b3e6-c9f2569ac61e: 45 chunks; 1.0 s; peak memory 1217 MiB.
2026-10-06T10:38:01Z INFO [360/500] 450c40be-b416-4bd5-8b64-9dbbac1f54ba: 106 chunks; 2.0 s; peak memory 1217 MiB.
2026-10-06T10:38:03Z INFO [361/500] 450c4b97-d301-42b5-a2ec-9cb7ee044938: 117 chunks; 1.4 s; peak memory 1217 MiB.
2026-10-06T10:38:06Z INFO [362/500] 450c9b9f-f734-4186-92a4-40f97af7d6e0: 156 chunks; 3.6 s; peak memory 1217 MiB.
2026-10-06T10:38:09Z INFO [363/500] 450d6b84-e204-4a2d-a68c-51a5cd62da03: 1061 chunks; 3.1 s; peak memory 1217 MiB.
2026-10-06T10:38:17Z INFO [364/500] 450f12f3-a8a5-4c45-a779-26016540b502: 2179 chunks; 7.9 s; peak memory 1217 MiB.
2026-10-06T10:38:19Z INFO [365/500] 450f8341-1dde-4d10-90c1-435379176430: 112 chunks; 1.9 s; peak memory 1217 MiB.
2026-10-06T10:38:21Z INFO [366/500] 4510c4c8-774d-4888-84e7-2b74f69c82ec: 49 chunks; 1.6 s; peak memory 1217 MiB.
2026-10-06T10:38:24Z INFO [367/500] 4512158b-dcab-4297-a245-887804939be4: 154 chunks; 3.1 s; peak memory 1217 MiB.
2026-10-06T10:38:30Z INFO [368/500] 451219a7-d171-40ca-856d-ce57d392e99a: 708 chunks; 5.9 s; peak memory 1217 MiB.
2026-10-06T10:38:35Z INFO [369/500] 45135feb-19e4-4a30-bc3c-b517e587833a: 2085 chunks; 5.0 s; peak memory 1217 MiB.
2026-10-06T10:38:59Z INFO [370/500] 4515b266-2c49-443c-be26-dda62d547581: 6140 chunks; 24.2 s; peak memory 1217 MiB.
2026-10-06T10:39:00Z INFO [371/500] 451676fe-1666-4fe4-8282-dfd01522d077: 41 chunks; 1.2 s; peak memory 1217 MiB.
2026-10-06T10:39:56Z INFO [372/500] 4516caa8-ea91-4e5d-8f61-11508dacc814: 25141 chunks; 55.9 s; peak memory 1217 MiB.
2026-10-06T10:39:57Z INFO [373/500] 45174d81-05b2-42cd-bc92-e8279dea5611: 48 chunks; 1.4 s; peak memory 1217 MiB.
2026-10-06T10:39:59Z INFO [374/500] 4517c1d1-519c-4e76-8d4a-d9f20c2b3902: 115 chunks; 1.7 s; peak memory 1217 MiB.
2026-10-06T10:40:00Z INFO [375/500] 4517ea6e-4a7a-47ea-a05d-2a029538a053: 118 chunks; 1.6 s; peak memory 1217 MiB.
2026-10-06T10:40:02Z INFO [376/500] 4518453a-e4bd-4bf8-add2-39ed9b918ed9: 52 chunks; 1.6 s; peak memory 1217 MiB.
2026-10-06T10:40:06Z INFO [377/500] 45184d10-8e95-47e6-b38b-acb2e8e72f9b: 119 chunks; 3.4 s; peak memory 1217 MiB.
2026-10-06T10:40:07Z INFO [378/500] 451897c1-ddc7-4367-b4c1-32d94266a0df: 48 chunks; 1.4 s; peak memory 1217 MiB.
2026-10-06T10:40:08Z INFO [379/500] 451926d8-da7b-427c-b113-ee5061057d3e: 45 chunks; 1.0 s; peak memory 1217 MiB.
2026-10-06T10:40:10Z INFO [380/500] 4519b932-4445-4a93-accd-3eac742e0aa3: 66 chunks; 1.9 s; peak memory 1217 MiB.
2026-10-06T10:40:12Z INFO [381/500] 451a239d-155f-44a8-96e6-1dfb2a1eb547: 118 chunks; 1.6 s; peak memory 1217 MiB.
2026-10-06T10:40:13Z INFO [382/500] 451b2673-2265-4ac1-87e7-535ea307bc9b: 52 chunks; 1.3 s; peak memory 1217 MiB.
2026-10-06T10:40:14Z INFO [383/500] 451c88c5-df19-4de7-86e3-6e6503aa21ba: 117 chunks; 1.6 s; peak memory 1217 MiB.
2026-10-06T10:40:16Z INFO [384/500] 451c8ad8-bde3-4312-ad34-fb993b6abe5f: 117 chunks; 1.4 s; peak memory 1217 MiB.
2026-10-06T10:40:19Z INFO [385/500] 451d0f07-9826-432e-abb8-962a5272505c: 146 chunks; 2.8 s; peak memory 1217 MiB.
2026-10-06T10:40:25Z INFO [386/500] 451dc893-adf8-4cc0-ad9e-f72d14ffac8c: 356 chunks; 5.9 s; peak memory 1217 MiB.
2026-10-06T10:40:27Z INFO [387/500] 451def53-edfe-4241-a44b-c2e24f01514b: 71 chunks; 2.2 s; peak memory 1217 MiB.
2026-10-06T10:40:28Z INFO [388/500] 451ea3fb-343a-4d8f-9212-e1c2cc25040a: 48 chunks; 1.3 s; peak memory 1217 MiB.
2026-10-06T10:40:31Z INFO [389/500] 451f2547-374b-4448-a44d-4d8d3fc09f7d: 115 chunks; 3.2 s; peak memory 1217 MiB.
2026-10-06T10:40:33Z INFO [390/500] 451f7ecc-13f2-48f5-879a-405ec9b4fe8d: 112 chunks; 1.9 s; peak memory 1217 MiB.
2026-10-06T10:40:35Z INFO [391/500] 451ffa6c-c5d1-40d6-9adc-061b28e96675: 48 chunks; 1.3 s; peak memory 1217 MiB.
2026-10-06T10:40:53Z INFO [392/500] 45209cbc-112a-499b-942f-a4671f1c707a: 21698 chunks; 18.3 s; peak memory 1217 MiB.
2026-10-06T10:41:16Z INFO [393/500] 4520e87b-2d4e-4c2e-9a46-8d5a663269b2: 6124 chunks; 23.3 s; peak memory 1217 MiB.
2026-10-06T10:41:18Z INFO [394/500] 45210cdd-049e-49bd-b29d-18b8a6b0de9d: 59 chunks; 1.6 s; peak memory 1217 MiB.
2026-10-06T10:41:19Z INFO [395/500] 4521190f-9d7e-4a4e-8949-bf5ee866462e: 52 chunks; 1.4 s; peak memory 1217 MiB.
2026-10-06T10:41:22Z INFO [396/500] 45226179-0357-4c83-9e39-25ca3fccd68b: 71 chunks; 2.6 s; peak memory 1217 MiB.
2026-10-06T10:41:36Z INFO [397/500] 4523b010-3f2b-4d14-bf15-a3f8df1e23d0: 19719 chunks; 14.0 s; peak memory 1217 MiB.
2026-10-06T10:41:37Z INFO [398/500] 4524a23c-8b37-49ad-8711-ffa24eafb4b6: 117 chunks; 1.6 s; peak memory 1217 MiB.
2026-10-06T10:41:43Z INFO [399/500] 4524c5b1-a56f-4e87-85b8-78dc5afce0b3: 238 chunks; 6.1 s; peak memory 1217 MiB.
2026-10-06T10:41:51Z INFO [400/500] 4524e249-e7a3-4a85-a0db-4ba01203d699: 313 chunks; 7.6 s; peak memory 1217 MiB.
2026-10-06T10:41:51Z INFO [400/500] 4524e249-e7a3-4a85-a0db-4ba01203d699: checkpointed 80234 records.
2026-10-06T10:41:53Z INFO [401/500] 4524eedb-1278-477e-931e-e2209674b3dc: 112 chunks; 2.0 s; peak memory 1217 MiB.
2026-10-06T10:41:55Z INFO [402/500] 45263189-c082-43ab-83ec-52b8fed064d5: 48 chunks; 1.4 s; peak memory 1217 MiB.
2026-10-06T10:41:56Z INFO [403/500] 4526e9ea-62fa-4f68-b89f-d1ac703923eb: 116 chunks; 1.6 s; peak memory 1217 MiB.
2026-10-06T10:41:58Z INFO [404/500] 4527c55e-e8e6-47c9-91db-1ed328dd9490: 112 chunks; 1.6 s; peak memory 1217 MiB.
2026-10-06T10:41:59Z INFO [405/500] 4527ff72-a184-4860-903f-c5ebd1fa6866: 46 chunks; 0.9 s; peak memory 1217 MiB.
2026-10-06T10:42:02Z INFO [406/500] 4528a418-1d3f-42dc-8941-27fcea24b27c: 150 chunks; 2.9 s; peak memory 1217 MiB.
2026-10-06T10:42:12Z INFO [407/500] 4528a9ae-cdc4-4b6c-a45f-a1aa3dc79d84: 10930 chunks; 10.4 s; peak memory 1217 MiB.
2026-10-06T10:42:13Z INFO [408/500] 4528b4d4-1365-4a00-b8fe-b2982cbb8334: 48 chunks; 1.2 s; peak memory 1217 MiB.
2026-10-06T10:42:15Z INFO [409/500] 452943e3-2efa-4d4a-9251-df61f46467e9: 112 chunks; 1.6 s; peak memory 1217 MiB.
2026-10-06T10:42:16Z INFO [410/500] 45295a5d-7c36-47ca-98f6-fa2d9b956794: 48 chunks; 1.3 s; peak memory 1217 MiB.
2026-10-06T10:42:17Z INFO [411/500] 452984f3-4774-4637-a960-906628df63fa: 114 chunks; 1.2 s; peak memory 1217 MiB.
2026-10-06T10:42:19Z INFO [412/500] 452987b1-085a-4783-8c6f-1a0c0c0b375a: 117 chunks; 1.4 s; peak memory 1217 MiB.
2026-10-06T10:42:20Z INFO [413/500] 4529a37c-9b58-4517-b0f6-af6834f9591d: 74 chunks; 1.3 s; peak memory 1217 MiB.
2026-10-06T10:42:27Z INFO [414/500] 452a8286-7a97-456d-98c8-9a9bb2dc82b3: 246 chunks; 6.6 s; peak memory 1217 MiB.
2026-10-06T10:42:28Z INFO [415/500] 452b21b4-1df5-4900-8f88-044346871a52: 116 chunks; 1.4 s; peak memory 1217 MiB.
2026-10-06T10:42:30Z INFO [416/500] 452b3e05-66f6-4b34-85df-e46b1def3c70: 112 chunks; 1.8 s; peak memory 1217 MiB.
2026-10-06T10:42:31Z INFO [417/500] 452bc455-a6b8-46a2-8b3a-2d27b3e12aec: 21 chunks; 1.0 s; peak memory 1217 MiB.
2026-10-06T10:42:33Z INFO [418/500] 452c4d19-4f3f-4050-b2c3-08c7a33011ec: 66 chunks; 1.7 s; peak memory 1217 MiB.
2026-10-06T10:42:34Z INFO [419/500] 452e1de9-b1f8-4ccb-9612-33f513fee6a1: 112 chunks; 1.8 s; peak memory 1217 MiB.
2026-10-06T10:44:46Z INFO [420/500] 452e1e12-7124-413a-a6b1-43f792de6d83: 38004 chunks; 132.0 s; peak memory 1217 MiB.
2026-10-06T10:44:48Z INFO [421/500] 452fc598-b0e5-48f8-8cb4-986d085d3c98: 112 chunks; 1.8 s; peak memory 1217 MiB.
2026-10-06T10:44:49Z INFO [422/500] 453028c7-f1f0-4037-a366-d3a20b35f2fd: 46 chunks; 1.0 s; peak memory 1217 MiB.
2026-10-06T10:44:51Z INFO [423/500] 4531e40a-fc01-4348-a67c-16c80cf8a92d: 117 chunks; 1.5 s; peak memory 1217 MiB.
2026-10-06T10:44:52Z INFO [424/500] 45331fd8-0fa5-4cc4-a262-a86dda20a3e1: 46 chunks; 1.1 s; peak memory 1217 MiB.
2026-10-06T10:45:06Z INFO [425/500] 453340bb-faed-46b6-bb06-b407d8b2c70a: 18866 chunks; 13.8 s; peak memory 1217 MiB.
2026-10-06T10:45:07Z INFO [426/500] 45336ac8-8861-4077-95f5-ce3faaab72ec: 48 chunks; 1.3 s; peak memory 1217 MiB.
2026-10-06T10:45:14Z INFO [427/500] 4533d64b-bcbc-413c-a4a5-b368cb86d7b2: 2923 chunks; 7.1 s; peak memory 1217 MiB.
2026-10-06T10:45:41Z INFO [428/500] 453409f9-1266-4167-afbc-830e585b0df8: 4988 chunks; 26.8 s; peak memory 1217 MiB.
2026-10-06T10:45:42Z INFO [429/500] 45344cbe-b236-4b60-8e7a-97410635c408: 118 chunks; 1.4 s; peak memory 1217 MiB.
2026-10-06T10:45:43Z INFO [430/500] 45354ffd-5393-486a-8edf-febc3647f8bf: 112 chunks; 1.3 s; peak memory 1217 MiB.
2026-10-06T10:45:47Z INFO [431/500] 4535514d-498b-4952-88e4-77dfcbd6bf33: 156 chunks; 3.4 s; peak memory 1217 MiB.
2026-10-06T10:45:48Z INFO [432/500] 453587fb-2ed7-46d6-a9a9-d0dc6ed81b1a: 112 chunks; 1.5 s; peak memory 1217 MiB.
2026-10-06T10:45:50Z INFO [433/500] 4535d938-28bd-4cf7-b60a-738042dcbf62: 76 chunks; 1.7 s; peak memory 1217 MiB.
2026-10-06T10:45:52Z INFO [434/500] 453736eb-2792-4a59-8fe7-92e402111169: 230 chunks; 1.5 s; peak memory 1217 MiB.
2026-10-06T10:45:53Z INFO [435/500] 4537ebab-15fc-4bcf-95b5-a01896e2d58e: 78 chunks; 1.6 s; peak memory 1217 MiB.
2026-10-06T10:45:54Z INFO [436/500] 453863fc-43fb-4bd6-82a7-332ac8138c50: 48 chunks; 1.3 s; peak memory 1217 MiB.
2026-10-06T10:45:56Z INFO [437/500] 45391e36-2c32-44c6-a3c7-49df1bd3a261: 52 chunks; 1.5 s; peak memory 1217 MiB.
2026-10-06T10:45:57Z INFO [438/500] 4539bf82-3268-4949-be12-192c9b31e38a: 66 chunks; 1.3 s; peak memory 1217 MiB.
2026-10-06T10:45:59Z INFO [439/500] 453a532f-105a-4cb3-8cd1-f21bfb8a0f24: 116 chunks; 1.4 s; peak memory 1217 MiB.
2026-10-06T10:46:01Z INFO [440/500] 453b174b-75c8-409d-b905-88d160eaf941: 389 chunks; 2.8 s; peak memory 1217 MiB.
2026-10-06T10:46:03Z INFO [441/500] 453b3870-9f18-4078-8d8d-307075b6cb05: 116 chunks; 1.5 s; peak memory 1217 MiB.
2026-10-06T10:46:04Z INFO [442/500] 453bf596-2887-48a5-846e-d1e317899862: 48 chunks; 1.2 s; peak memory 1217 MiB.
2026-10-06T10:46:06Z INFO [443/500] 453ce993-7153-4e7d-9c47-99195772ca84: 117 chunks; 1.5 s; peak memory 1217 MiB.
2026-10-06T10:46:09Z INFO [444/500] 453d18b9-f6ee-4272-93f9-185704836d53: 153 chunks; 3.4 s; peak memory 1217 MiB.
2026-10-06T10:46:15Z INFO [445/500] 453d2549-8d05-4bd3-9dc9-22243ade4dd6: 168 chunks; 5.7 s; peak memory 1217 MiB.
2026-10-06T10:46:16Z INFO [446/500] 453d2bf8-5b5d-42bb-a459-7d2303b6df63: 171 chunks; 1.3 s; peak memory 1217 MiB.
2026-10-06T10:46:18Z INFO [447/500] 453d3d65-7b5d-4acb-ab30-38c35eccdd23: 48 chunks; 1.4 s; peak memory 1217 MiB.
2026-10-06T10:46:19Z INFO [448/500] 453d8e61-5720-49fa-8c9d-d52efbfd7047: 112 chunks; 2.0 s; peak memory 1217 MiB.
2026-10-06T10:46:22Z INFO [449/500] 453e17b4-3790-4a03-822b-fe9905b17cf4: 69 chunks; 2.1 s; peak memory 1217 MiB.
2026-10-06T10:46:23Z INFO [450/500] 453e6a38-a434-4cb6-82ca-093efcea3d19: 64 chunks; 1.6 s; peak memory 1217 MiB.
2026-10-06T10:46:23Z INFO [450/500] 453e6a38-a434-4cb6-82ca-093efcea3d19: checkpointed 80284 records.
2026-10-06T10:46:25Z INFO [451/500] 453ea9de-41c0-4f0f-944e-db89b3546136: 49 chunks; 1.5 s; peak memory 1217 MiB.
2026-10-06T10:46:26Z INFO [452/500] 453ef23f-340f-4c2a-98e7-6cc9c0b56b8e: 37 chunks; 1.0 s; peak memory 1217 MiB.
2026-10-06T10:46:28Z INFO [453/500] 453f12de-71c7-44f4-8c6e-88f33770cdf8: 117 chunks; 1.6 s; peak memory 1217 MiB.
2026-10-06T10:46:29Z INFO [454/500] 45401c96-a88e-42b5-98d0-bc8393340be8: 109 chunks; 1.8 s; peak memory 1217 MiB.
2026-10-06T10:46:31Z INFO [455/500] 4540976e-98c1-413d-8064-236ecdd0f0a8: 48 chunks; 1.3 s; peak memory 1217 MiB.
2026-10-06T10:46:33Z INFO [456/500] 4540cca6-af20-42c0-9f31-ad6f66b309c4: 69 chunks; 2.2 s; peak memory 1217 MiB.
2026-10-06T10:46:34Z INFO [457/500] 4541732a-b2d8-489b-8680-75035be8f2b7: 48 chunks; 1.2 s; peak memory 1217 MiB.
2026-10-06T10:46:35Z INFO [458/500] 45419639-93c3-49f3-ade2-ee731e4c04ce: 42 chunks; 1.4 s; peak memory 1217 MiB.
2026-10-06T10:46:37Z INFO [459/500] 4542acf7-46db-4ea3-b92c-c07fa3570e69: 117 chunks; 1.6 s; peak memory 1217 MiB.
2026-10-06T10:46:38Z INFO [460/500] 45436e5a-bf83-40e7-9b22-f4ea75f63dfb: 40 chunks; 1.5 s; peak memory 1217 MiB.
2026-10-06T10:46:40Z INFO [461/500] 45438b50-00c3-4997-aed3-5f1ff51310bc: 48 chunks; 1.3 s; peak memory 1217 MiB.
2026-10-06T10:46:42Z INFO [462/500] 45439dac-5005-4a08-8736-507d38af44ae: 126 chunks; 2.7 s; peak memory 1217 MiB.
2026-10-06T10:46:44Z INFO [463/500] 4545622e-b175-434f-bede-ec1a8874ac49: 117 chunks; 1.5 s; peak memory 1217 MiB.
2026-10-06T10:46:46Z INFO [464/500] 4545ee43-d926-4898-a486-cd54f2c1dffd: 112 chunks; 1.9 s; peak memory 1217 MiB.
2026-10-06T10:46:47Z INFO [465/500] 4546621e-a7c1-46fb-9f0f-2eceb9e725d8: 46 chunks; 1.0 s; peak memory 1217 MiB.
2026-10-06T10:46:48Z INFO [466/500] 45475c57-f1c2-4161-afac-a9b730795a12: 112 chunks; 1.5 s; peak memory 1217 MiB.
2026-10-06T10:46:51Z INFO [467/500] 4547d910-a203-4c7f-bec1-2e54bce2e100: 114 chunks; 3.0 s; peak memory 1217 MiB.
2026-10-06T10:46:56Z INFO [468/500] 4547eb13-8367-4c9f-87f4-64b35939aec4: 7323 chunks; 5.0 s; peak memory 1217 MiB.
2026-10-06T10:47:01Z INFO [469/500] 45480a93-822c-4ec7-bc28-f8dbcb526646: 10035 chunks; 4.8 s; peak memory 1217 MiB.
2026-10-06T10:47:14Z INFO [470/500] 45481e36-cd98-48d7-b4d6-5d580a7cc6ba: 869 chunks; 12.3 s; peak memory 1217 MiB.
2026-10-06T10:47:15Z INFO [471/500] 4548b364-ab79-4b06-a50a-596af4dae272: 118 chunks; 1.5 s; peak memory 1217 MiB.
2026-10-06T10:47:18Z INFO [472/500] 4548dc5f-834f-4040-be26-33220d6a4779: 115 chunks; 3.0 s; peak memory 1217 MiB.
2026-10-06T10:47:20Z INFO [473/500] 45496115-7ddf-4f72-862e-4d063dfa4cb1: 66 chunks; 2.0 s; peak memory 1217 MiB.
2026-10-06T10:47:23Z INFO [474/500] 45496f30-8a86-4d95-ba6f-59418aba068c: 119 chunks; 3.2 s; peak memory 1217 MiB.
2026-10-06T10:47:24Z INFO [475/500] 4549921d-f867-447b-9863-ead1c63022b4: 48 chunks; 1.2 s; peak memory 1217 MiB.
2026-10-06T10:47:26Z INFO [476/500] 4549c3d6-70c7-4ec4-98d8-a345f1bca76d: 51 chunks; 1.6 s; peak memory 1217 MiB.
2026-10-06T10:47:27Z INFO [477/500] 454a8812-abde-40a2-bf7d-844a1af06495: 48 chunks; 1.4 s; peak memory 1217 MiB.
2026-10-06T10:47:29Z INFO [478/500] 454aa4a7-2a99-49c8-9b0a-9a64c2cc85c7: 48 chunks; 1.2 s; peak memory 1217 MiB.
2026-10-06T10:47:30Z INFO [479/500] 454caf30-59f6-4327-8c20-ef5f3b0c88ce: 48 chunks; 1.3 s; peak memory 1217 MiB.
2026-10-06T10:47:31Z INFO [480/500] 454dd535-badd-429e-8c3c-a127a8342680: 48 chunks; 1.3 s; peak memory 1217 MiB.
2026-10-06T10:47:54Z INFO [481/500] 454ff758-b529-4f04-8b81-10a75e764490: 6054 chunks; 22.9 s; peak memory 1217 MiB.
2026-10-06T10:47:56Z INFO [482/500] 45502384-1b8e-47e9-b19d-8943e2c84821: 48 chunks; 1.3 s; peak memory 1217 MiB.
2026-10-06T10:47:57Z INFO [483/500] 4550c60c-bbea-4d6e-9169-252af589fb7b: 52 chunks; 1.5 s; peak memory 1217 MiB.
2026-10-06T10:47:58Z INFO [484/500] 4550d571-e481-445f-b52b-0be8100e51fe: 56 chunks; 1.1 s; peak memory 1217 MiB.
2026-10-06T10:48:00Z INFO [485/500] 45511b3b-cb9e-4765-a88b-245488613f6e: 116 chunks; 1.6 s; peak memory 1217 MiB.
2026-10-06T10:48:02Z INFO [486/500] 45515c47-9547-4554-b241-92078d070364: 75 chunks; 2.5 s; peak memory 1217 MiB.
2026-10-06T10:48:03Z INFO [487/500] 4551adc1-70ca-4d04-9830-d44feee9e7b2: 56 chunks; 1.0 s; peak memory 1217 MiB.
2026-10-06T10:48:04Z INFO [488/500] 455224e3-79eb-4c35-bb59-230738c6ef10: 48 chunks; 1.3 s; peak memory 1217 MiB.
2026-10-06T10:48:27Z INFO [489/500] 45529306-8321-4a6f-ad25-d76abe052579: 42823 chunks; 23.0 s; peak memory 1217 MiB.
2026-10-06T10:48:29Z INFO [490/500] 4552a48e-3fd5-44b1-b950-202f0850ff7b: 113 chunks; 1.8 s; peak memory 1217 MiB.
2026-10-06T10:48:31Z INFO [491/500] 45531f82-4fa3-4e3e-a580-e6f7e70e11cb: 52 chunks; 1.4 s; peak memory 1217 MiB.
2026-10-06T10:48:32Z INFO [492/500] 4553261e-4803-47c2-a66e-5c7dbecdb01f: 131 chunks; 1.8 s; peak memory 1217 MiB.
2026-10-06T10:48:34Z INFO [493/500] 4553c4c6-9f17-448e-933a-a69785f21f3a: 117 chunks; 1.5 s; peak memory 1217 MiB.
2026-10-06T10:48:36Z INFO [494/500] 4553ddd9-6d26-47e9-b327-427c1bcfffd6: 131 chunks; 1.5 s; peak memory 1217 MiB.
2026-10-06T10:48:37Z INFO [495/500] 45542504-f3b5-4d97-a0a9-60a22b5889d6: 48 chunks; 1.3 s; peak memory 1217 MiB.
2026-10-06T10:48:38Z INFO [496/500] 4554b638-d00b-4525-bdef-41db55b51a3d: 118 chunks; 1.6 s; peak memory 1217 MiB.
2026-10-06T10:49:02Z INFO [497/500] 45550cb4-dd11-475e-8b16-d4b33fe1cfa5: 6140 chunks; 23.8 s; peak memory 1217 MiB.
2026-10-06T10:49:04Z INFO [498/500] 455526d5-ee82-4a98-b274-fc5a6621fa6f: 48 chunks; 1.3 s; peak memory 1217 MiB.
2026-10-06T10:49:05Z INFO [499/500] 45556b10-5d3e-42af-8422-9b63ef67cb71: 303 chunks; 1.9 s; peak memory 1217 MiB.
2026-10-06T10:49:07Z INFO [500/500] 45558173-c638-400e-a0c2-92d39a819105: 112 chunks; 1.4 s; peak memory 1217 MiB.
2026-10-06T10:49:07Z INFO [500/500] 45558173-c638-400e-a0c2-92d39a819105: checkpointed 80334 records.
2026-10-06T10:49:07Z INFO Wrote 80334 records to /tmp/derivatives/valid_nwb_file_to_chunk_stats.jsonl (500 new, 0 failed) in 233.1 min (peak memory 1217 MiB).
