2026-10-05T04:47:35Z INFO Logging to /tmp/logs/update_2026-10-05T04-47-35Z.log.
2026-10-05T04:47:35Z INFO Update valid-nwb-file-to-chunk-stats (base directory /tmp).
2026-10-05T04:47:35Z INFO Processing 500 items (71834 already recorded).
2026-10-05T04:47:37Z INFO [1/500] 336de3de-f164-4db3-a3d6-51816d87edfb: 79 chunks; 1.3 s; peak memory 164 MiB.
2026-10-05T04:47:38Z INFO [2/500] 336fb63c-b740-48a4-a96f-a67acb3bcf13: 119 chunks; 1.5 s; peak memory 165 MiB.
2026-10-05T04:47:39Z INFO [3/500] 33700d47-82a1-4ec0-ade7-601b7490ab9a: 46 chunks; 0.6 s; peak memory 166 MiB.
2026-10-05T04:47:39Z INFO [4/500] 33718647-3979-48dd-bd4e-e324faec3d28: 56 chunks; 0.7 s; peak memory 166 MiB.
2026-10-05T04:47:40Z INFO [5/500] 3371fdfc-a196-43e4-92eb-4db041382fa7: 117 chunks; 0.9 s; peak memory 167 MiB.
2026-10-05T04:47:41Z INFO [6/500] 3372b357-5b5b-41de-8bbd-d3b796d0eaf6: 46 chunks; 0.7 s; peak memory 167 MiB.
2026-10-05T04:47:42Z INFO [7/500] 3374399c-8129-405a-af5e-0feb9f9f5033: 117 chunks; 0.8 s; peak memory 167 MiB.
2026-10-05T04:47:43Z INFO [8/500] 33743f75-c140-4e9d-8553-382e820843d1: 142 chunks; 1.5 s; peak memory 170 MiB.
2026-10-05T04:47:44Z INFO [9/500] 33744b02-5503-4e7d-8c44-971e305e3b22: 51 chunks; 1.0 s; peak memory 170 MiB.
2026-10-05T04:47:45Z INFO [10/500] 3374746e-a775-4eec-8703-d01169eab8c3: 66 chunks; 1.1 s; peak memory 170 MiB.
2026-10-05T04:48:02Z INFO [11/500] 3374cef1-cd8b-4b54-a0a5-00c880c1c7a3: 6592 chunks; 17.1 s; peak memory 192 MiB.
2026-10-05T04:48:03Z INFO [12/500] 3374e287-cec0-4cc9-b6eb-f3596206ec57: 117 chunks; 0.9 s; peak memory 192 MiB.
2026-10-05T04:48:04Z INFO [13/500] 3375aad3-44c4-4e4d-a3a6-4143954d4cf6: 48 chunks; 1.0 s; peak memory 192 MiB.
2026-10-05T04:48:05Z INFO [14/500] 337701b5-afaa-4e9c-b394-6e7e2fb9df7d: 112 chunks; 1.1 s; peak memory 192 MiB.
2026-10-05T04:48:06Z INFO [15/500] 337729e2-a7e2-43c4-b49f-eae98b6c5fd0: 112 chunks; 1.0 s; peak memory 192 MiB.
2026-10-05T04:48:09Z INFO [16/500] 33783854-9dee-4646-a941-aaf3bc8def26: 133 chunks; 2.2 s; peak memory 192 MiB.
2026-10-05T04:48:12Z INFO [17/500] 3378c97b-e00e-4fe2-ac9f-063a28e74e43: 2085 chunks; 3.0 s; peak memory 192 MiB.
2026-10-05T04:48:14Z INFO [18/500] 33793dcc-36ee-438d-88cc-f61ba9b7d22d: 308 chunks; 2.9 s; peak memory 192 MiB.
2026-10-05T04:48:17Z INFO [19/500] 33793ed4-e78f-432b-9cc7-ec59624195b7: 1585 chunks; 2.6 s; peak memory 192 MiB.
2026-10-05T04:48:18Z INFO [20/500] 3379f0d8-283d-4452-9f9d-9e588c7b19da: 66 chunks; 1.2 s; peak memory 192 MiB.
2026-10-05T04:48:19Z INFO [21/500] 337a22be-d5bc-46e4-a392-af7894ea4d7e: 48 chunks; 0.8 s; peak memory 192 MiB.
2026-10-05T04:48:20Z INFO [22/500] 337a49ec-160d-4fa1-bb5c-76c9f71175bd: 70 chunks; 1.1 s; peak memory 192 MiB.
2026-10-05T04:48:21Z INFO [23/500] 337ab704-21f5-46d6-bf6c-2befd65e4c84: 48 chunks; 0.7 s; peak memory 192 MiB.
2026-10-05T04:48:24Z INFO [24/500] 337acec5-312b-4dc3-bf8c-c53ef718f8ed: 111 chunks; 2.8 s; peak memory 192 MiB.
2026-10-05T04:48:27Z INFO [25/500] 337ad73e-5f7e-444d-8293-8398b871a7a0: 8581 chunks; 2.9 s; peak memory 192 MiB.
2026-10-05T04:48:27Z INFO [26/500] 337b5276-cd27-4c41-b920-e2d6b10934ba: 48 chunks; 0.8 s; peak memory 192 MiB.
2026-10-05T04:48:28Z INFO [27/500] 337b9567-71a6-407d-9d14-28e39d0696cc: 45 chunks; 0.6 s; peak memory 192 MiB.
2026-10-05T04:48:29Z INFO [28/500] 337cfe8f-4013-47f3-a369-3d3823d08dab: 114 chunks; 0.7 s; peak memory 192 MiB.
2026-10-05T04:48:30Z INFO [29/500] 337d33c0-0c72-4925-bbaf-21e6f1288433: 70 chunks; 1.0 s; peak memory 192 MiB.
2026-10-05T04:48:32Z INFO [30/500] 337d84cc-ef7a-44cf-b545-070ff531fbef: 1922 chunks; 2.3 s; peak memory 192 MiB.
2026-10-05T04:48:33Z INFO [31/500] 337e9aad-7983-488b-a7fb-59dca3f74715: 59 chunks; 1.0 s; peak memory 192 MiB.
2026-10-05T04:48:34Z INFO [32/500] 337f1885-2ec6-4483-b7a7-f5b00e8d61ba: 937 chunks; 1.3 s; peak memory 192 MiB.
2026-10-05T04:48:35Z INFO [33/500] 337f37db-c3bb-4fcb-ad89-11d574e60cc9: 84 chunks; 1.1 s; peak memory 192 MiB.
2026-10-05T04:48:36Z INFO [34/500] 337fee6f-a416-4bdc-ab91-883798debca0: 56 chunks; 0.6 s; peak memory 192 MiB.
2026-10-05T04:48:37Z INFO [35/500] 3380d8b3-6093-48c3-87ce-a2c84d8270af: 160 chunks; 1.5 s; peak memory 192 MiB.
2026-10-05T04:48:38Z INFO [36/500] 3382109c-af7a-4f04-9979-4bd574f0f51e: 69 chunks; 0.8 s; peak memory 192 MiB.
2026-10-05T04:48:39Z INFO [37/500] 3382cb26-7603-4a46-98ca-daa4edcbcbde: 48 chunks; 0.8 s; peak memory 192 MiB.
2026-10-05T04:48:42Z INFO [38/500] 3382ef0e-ea35-4e73-a7c9-5f6c958d6f97: 133 chunks; 2.6 s; peak memory 192 MiB.
2026-10-05T04:48:49Z INFO [39/500] 3383a57d-0310-4e2a-ad5f-72e76f06eb94: 511 chunks; 7.2 s; peak memory 197 MiB.
2026-10-05T04:48:50Z INFO [40/500] 3383edb3-dae0-426a-8769-cb71a2d7e515: 65 chunks; 0.8 s; peak memory 197 MiB.
2026-10-05T04:48:56Z INFO [41/500] 33860045-cf41-4ded-9627-e18ae9d3eeb1: 9180 chunks; 6.2 s; peak memory 206 MiB.
2026-10-05T04:49:06Z INFO [42/500] 3387126d-862b-4df8-b86b-0850fef29d86: 4556 chunks; 10.2 s; peak memory 215 MiB.
2026-10-05T04:49:08Z INFO [43/500] 3387d37a-b082-4452-90af-6d288b490578: 153 chunks; 2.1 s; peak memory 215 MiB.
2026-10-05T04:49:09Z INFO [44/500] 3387d9fe-ba77-4ec7-aeeb-1655e4a4bf0b: 45 chunks; 0.7 s; peak memory 215 MiB.
2026-10-05T04:49:12Z INFO [45/500] 33891c8c-c412-4f04-a09d-22b65f264af1: 255 chunks; 3.6 s; peak memory 215 MiB.
2026-10-05T04:49:13Z INFO [46/500] 3389c417-c42b-4b94-a2dd-92b810ce8206: 48 chunks; 0.8 s; peak memory 215 MiB.
2026-10-05T04:49:14Z INFO [47/500] 338a31d1-abe7-4a32-b841-b15676a30fb9: 48 chunks; 0.8 s; peak memory 215 MiB.
2026-10-05T04:49:18Z INFO [48/500] 338a84ef-43b1-43c5-a189-5f74bd6be6cd: 2922 chunks; 3.6 s; peak memory 215 MiB.
2026-10-05T04:51:00Z INFO [49/500] 338ac46a-11ae-47c7-88d5-6dbf4c1711b5: 42537 chunks; 102.2 s; peak memory 356 MiB.
2026-10-05T04:51:01Z INFO [50/500] 338bac3a-c6ba-496c-a3ef-8f29d9d5caae: 113 chunks; 1.0 s; peak memory 356 MiB.
2026-10-05T04:51:01Z INFO [50/500] 338bac3a-c6ba-496c-a3ef-8f29d9d5caae: checkpointed 71884 records.
2026-10-05T04:51:02Z INFO [51/500] 338bd8bf-2d28-4b2b-8e3c-435dd929433b: 48 chunks; 0.7 s; peak memory 356 MiB.
2026-10-05T04:51:03Z INFO [52/500] 338c4f6b-ba3e-4e39-8bd6-8c148135a083: 50 chunks; 0.9 s; peak memory 356 MiB.
2026-10-05T04:51:03Z INFO [53/500] 338c5d0f-8b8a-4adb-a23f-0fdd6c000ed3: 48 chunks; 0.8 s; peak memory 356 MiB.
2026-10-05T04:51:28Z INFO [54/500] 338c9acf-9652-42bb-98d5-4c711eee3238: 12335 chunks; 24.5 s; peak memory 356 MiB.
2026-10-05T04:51:29Z INFO [55/500] 338d0e63-085d-4646-924c-077a140ad205: 63 chunks; 0.7 s; peak memory 356 MiB.
2026-10-05T04:51:30Z INFO [56/500] 338d15a6-41f7-421d-a53c-8acfc5fd116d: 66 chunks; 1.1 s; peak memory 356 MiB.
2026-10-05T04:51:31Z INFO [57/500] 338d1fd2-3e70-4f21-b6ff-67947a6524fa: 937 chunks; 1.2 s; peak memory 356 MiB.
2026-10-05T04:51:31Z INFO [58/500] 338dcd78-f16d-4d11-b41e-f43a8eb9eba4: 46 chunks; 0.5 s; peak memory 356 MiB.
2026-10-05T04:51:32Z INFO [59/500] 338e5d1e-3888-49c2-b769-a874cf33bc0a: 48 chunks; 0.6 s; peak memory 356 MiB.
2026-10-05T04:51:35Z INFO [60/500] 338f2020-79cb-439f-a5a2-d7e120f30fe5: 10170 chunks; 3.3 s; peak memory 356 MiB.
2026-10-05T04:51:39Z INFO [61/500] 33906798-be05-4bb6-aa3b-be1bd934800c: 775 chunks; 4.0 s; peak memory 356 MiB.
2026-10-05T04:51:40Z INFO [62/500] 3390778c-740d-4f37-b935-dbe4f064e302: 119 chunks; 0.6 s; peak memory 356 MiB.
2026-10-05T04:51:44Z INFO [63/500] 3392556c-846d-42bc-ae35-15e5c3efd94c: 252 chunks; 4.2 s; peak memory 356 MiB.
2026-10-05T04:51:47Z INFO [64/500] 3393d611-260f-4953-9d13-4e0c8f9fecf6: 11569 chunks; 3.3 s; peak memory 356 MiB.
2026-10-05T04:51:49Z INFO [65/500] 339453f8-d4b2-470e-a9d7-a2a8a6a673e6: 133 chunks; 1.4 s; peak memory 356 MiB.
2026-10-05T04:51:49Z INFO [66/500] 3394aab8-2b97-41a9-8d2f-de9b73071ca0: 52 chunks; 0.8 s; peak memory 356 MiB.
2026-10-05T04:51:50Z INFO [67/500] 3394d6e6-e3db-4024-a23a-494e568cb40f: 116 chunks; 0.8 s; peak memory 356 MiB.
2026-10-05T04:51:58Z INFO [68/500] 339525ce-cbd6-4fb1-9232-ce4cb63d1275: 11602 chunks; 7.6 s; peak memory 356 MiB.
2026-10-05T04:51:58Z INFO [69/500] 339652e6-6868-4f54-bbe1-973cf658a4af: 41 chunks; 0.6 s; peak memory 356 MiB.
2026-10-05T04:51:59Z INFO [70/500] 33967e79-9f9d-4dc4-b3f2-6c5ad49607a0: 116 chunks; 0.7 s; peak memory 356 MiB.
2026-10-05T04:52:00Z INFO [71/500] 33973079-c318-44f7-a24d-befe6dd8b064: 70 chunks; 1.0 s; peak memory 356 MiB.
2026-10-05T04:52:01Z INFO [72/500] 33973b2b-fff6-4fff-b6ee-a8d9c68860d5: 85 chunks; 1.1 s; peak memory 356 MiB.
2026-10-05T04:52:08Z INFO [73/500] 33975be8-fd9a-44a2-b209-4cf350d7d9e0: 11646 chunks; 7.2 s; peak memory 356 MiB.
2026-10-05T04:52:09Z INFO [74/500] 33987ba3-9778-4a7d-aba7-99c4519ca00b: 116 chunks; 0.8 s; peak memory 356 MiB.
2026-10-05T04:52:10Z INFO [75/500] 339972b6-1a77-4f9a-9af0-5f50d34c8b7c: 48 chunks; 0.8 s; peak memory 356 MiB.
2026-10-05T04:52:11Z INFO [76/500] 339b0c50-13f3-4ce5-a52a-003500043fab: 110 chunks; 0.8 s; peak memory 356 MiB.
2026-10-05T04:52:14Z INFO [77/500] 339b81af-4dfd-4239-8374-59d28ecff4e4: 1220 chunks; 3.6 s; peak memory 356 MiB.
2026-10-05T04:52:15Z INFO [78/500] 339b921f-72c0-40da-a149-1ce980268211: 33 chunks; 0.7 s; peak memory 356 MiB.
2026-10-05T04:53:53Z INFO [79/500] 339d7246-a94c-4ee2-8c80-201842c79e03: 41136 chunks; 97.6 s; peak memory 356 MiB.
2026-10-05T04:53:53Z INFO [80/500] 339d9f35-2fac-4051-a365-2b1109f097a4: 112 chunks; 0.9 s; peak memory 356 MiB.
2026-10-05T04:53:54Z INFO [81/500] 339dc6ba-5bfe-4f38-9085-a36acacbcdaa: 48 chunks; 0.8 s; peak memory 356 MiB.
2026-10-05T04:53:55Z INFO [82/500] 339e3551-3ad4-43f8-be73-1ef818eb4388: 118 chunks; 0.9 s; peak memory 356 MiB.
2026-10-05T04:53:56Z INFO [83/500] 339e75fc-41aa-40e8-a4e3-46a4d83cac12: 275 chunks; 1.1 s; peak memory 356 MiB.
2026-10-05T04:54:01Z INFO [84/500] 339f6ea0-1517-41f1-aa0a-62e1be1b6fa1: 255 chunks; 4.6 s; peak memory 356 MiB.
2026-10-05T04:54:02Z INFO [85/500] 339f8f89-8475-473d-9c03-1c55dd2bc5eb: 48 chunks; 0.9 s; peak memory 356 MiB.
2026-10-05T04:54:06Z INFO [86/500] 339fe698-5faf-4d76-9436-1688592fa817: 193 chunks; 4.5 s; peak memory 356 MiB.
2026-10-05T04:54:07Z INFO [87/500] 33a01d2d-f172-4ec0-a2a0-91bf5d6ddb0f: 117 chunks; 0.8 s; peak memory 356 MiB.
2026-10-05T04:54:08Z INFO [88/500] 33a12221-48ab-43a7-94a9-e77e77dbdd26: 48 chunks; 0.8 s; peak memory 356 MiB.
2026-10-05T04:54:14Z INFO [89/500] 33a148e3-3e8f-49b3-b5ea-cb5bc8b92cb3: 16098 chunks; 6.6 s; peak memory 356 MiB.
2026-10-05T04:54:15Z INFO [90/500] 33a17034-2343-40dd-a01b-0ac35cfe4fdd: 116 chunks; 0.8 s; peak memory 356 MiB.
2026-10-05T04:54:16Z INFO [91/500] 33a20607-fce1-482d-ac6f-47a120d14b86: 46 chunks; 0.5 s; peak memory 356 MiB.
2026-10-05T05:01:05Z INFO [92/500] 33a3103c-383e-434b-9d57-50de6c9679ff: 734885 chunks; 409.0 s; peak memory 1202 MiB.
2026-10-05T05:01:06Z INFO [93/500] 33a43bf2-7435-4921-9f71-12caab76f596: 69 chunks; 1.0 s; peak memory 1202 MiB.
2026-10-05T05:01:07Z INFO [94/500] 33a45fa6-5187-4000-af23-53e7c9c0e70a: 117 chunks; 0.9 s; peak memory 1202 MiB.
2026-10-05T05:01:08Z INFO [95/500] 33a578b2-a7a5-4a5b-8179-2dfed3989db5: 48 chunks; 0.8 s; peak memory 1202 MiB.
2026-10-05T05:01:09Z INFO [96/500] 33a5a463-c337-4768-9100-345759b9e05f: 119 chunks; 1.7 s; peak memory 1202 MiB.
2026-10-05T05:01:11Z INFO [97/500] 33a5f3f8-e375-47e8-8dcc-5a662db3ecc4: 66 chunks; 1.5 s; peak memory 1202 MiB.
2026-10-05T05:01:12Z INFO [98/500] 33a7a5e7-4c1e-48c1-8429-d4cae9a92234: 68 chunks; 0.9 s; peak memory 1202 MiB.
2026-10-05T05:01:12Z INFO [99/500] 33a8f1e4-ce94-4150-9f94-87d0cce25d6e: 46 chunks; 0.6 s; peak memory 1202 MiB.
2026-10-05T05:01:13Z INFO [100/500] 33a92a02-73e3-422c-9352-e6763ceb38cc: 46 chunks; 0.7 s; peak memory 1202 MiB.
2026-10-05T05:01:13Z INFO [100/500] 33a92a02-73e3-422c-9352-e6763ceb38cc: checkpointed 71934 records.
2026-10-05T05:01:14Z INFO [101/500] 33a9cc80-e399-41cd-b082-444746069373: 49 chunks; 1.1 s; peak memory 1202 MiB.
2026-10-05T05:01:16Z INFO [102/500] 33aa9e7c-9156-46c7-8d7c-86f4510ba469: 123 chunks; 1.9 s; peak memory 1202 MiB.
2026-10-05T05:01:18Z INFO [103/500] 33aaa5f1-5164-4e15-a25d-62aeefac3b6b: 2128 chunks; 2.1 s; peak memory 1202 MiB.
2026-10-05T05:01:19Z INFO [104/500] 33aacbc3-3f44-46b9-bf95-8b4935d70046: 48 chunks; 0.7 s; peak memory 1202 MiB.
2026-10-05T05:01:25Z INFO [105/500] 33ab48b6-08a3-4dde-bf68-858acbc39209: 336 chunks; 6.3 s; peak memory 1202 MiB.
2026-10-05T05:01:26Z INFO [106/500] 33abbe2f-fbce-4c96-893e-d3fb0191f930: 56 chunks; 0.5 s; peak memory 1202 MiB.
2026-10-05T05:01:26Z INFO [107/500] 33acacf4-8a9d-46a5-b515-8bf7cc1cc0ba: 50 chunks; 0.7 s; peak memory 1202 MiB.
2026-10-05T05:01:33Z INFO [108/500] 33acb88a-22a2-4368-a880-29413004ae32: 5443 chunks; 6.8 s; peak memory 1202 MiB.
2026-10-05T05:01:34Z INFO [109/500] 33ae9547-9af7-4bed-b413-f2be812437a0: 48 chunks; 0.7 s; peak memory 1202 MiB.
2026-10-05T05:01:35Z INFO [110/500] 33b05888-bc54-4426-8973-08850502fec2: 112 chunks; 1.2 s; peak memory 1202 MiB.
2026-10-05T05:01:36Z INFO [111/500] 33b065a1-b136-4834-9c7d-5a405213f385: 41 chunks; 0.7 s; peak memory 1202 MiB.
2026-10-05T05:01:37Z INFO [112/500] 33b0cfb3-ecff-4b37-92f9-db6bea4321e5: 62 chunks; 1.3 s; peak memory 1202 MiB.
2026-10-05T05:01:38Z INFO [113/500] 33b199a6-1536-48df-9afe-2051325e25d9: 186 chunks; 1.3 s; peak memory 1202 MiB.
2026-10-05T05:01:39Z INFO [114/500] 33b27183-a6ab-4f63-83d3-21552f85a875: 71 chunks; 1.0 s; peak memory 1202 MiB.
2026-10-05T05:01:40Z INFO [115/500] 33b2bc25-b5b0-40ec-8862-0976c6313f40: 118 chunks; 0.9 s; peak memory 1202 MiB.
2026-10-05T05:01:41Z INFO [116/500] 33b2d633-cabb-479f-ae6c-363223b8bfc4: 112 chunks; 1.0 s; peak memory 1202 MiB.
2026-10-05T05:01:42Z INFO [117/500] 33b3ea37-6679-4167-b928-22d9a1e59148: 76 chunks; 0.9 s; peak memory 1202 MiB.
2026-10-05T05:01:44Z INFO [118/500] 33b57e22-3f66-4dd7-b792-d9a9f91c4e52: 168 chunks; 1.5 s; peak memory 1202 MiB.
2026-10-05T05:01:46Z INFO [119/500] 33b5a221-3c84-41e9-9bcd-46d7f5491647: 90 chunks; 2.1 s; peak memory 1202 MiB.
2026-10-05T05:01:46Z INFO [120/500] 33b5da02-d63f-46b4-ba7b-db9ff35ab583: 54 chunks; 0.6 s; peak memory 1202 MiB.
2026-10-05T05:01:47Z INFO [121/500] 33b61447-52fa-4f9f-bb60-9c2281306b39: 52 chunks; 0.7 s; peak memory 1202 MiB.
2026-10-05T05:01:48Z INFO [122/500] 33b63364-8323-4cda-be4f-f565254eb5d1: 48 chunks; 0.7 s; peak memory 1202 MiB.
2026-10-05T05:01:50Z INFO [123/500] 33b6bce5-1d4b-4485-a852-56ad30e34353: 115 chunks; 1.7 s; peak memory 1202 MiB.
2026-10-05T05:01:50Z INFO [124/500] 33b74475-1c86-4397-9be5-d79ee7a57f73: 33 chunks; 0.5 s; peak memory 1202 MiB.
2026-10-05T05:01:56Z INFO [125/500] 33b7458c-71a0-4d26-8f7d-5992d17f4284: 391 chunks; 5.6 s; peak memory 1202 MiB.
2026-10-05T05:01:56Z INFO [126/500] 33b76c8d-3d14-4485-91a2-79ae0b5c7809: 56 chunks; 0.8 s; peak memory 1202 MiB.
2026-10-05T05:01:57Z INFO [127/500] 33b7b07d-c954-40ea-a775-35986903819f: 46 chunks; 0.7 s; peak memory 1202 MiB.
2026-10-05T05:05:08Z INFO [128/500] 33b8d652-5bd9-4523-9d9a-0f3e2fe0d46e: 1916257 chunks; 190.7 s; peak memory 1372 MiB.
2026-10-05T05:05:09Z INFO [129/500] 33b8ff20-8b2a-4fff-9d12-30600f2bb0e0: 117 chunks; 0.8 s; peak memory 1372 MiB.
2026-10-05T05:05:15Z INFO [130/500] 33b91c1b-5db6-493f-83c2-87fde387f3e6: 10063 chunks; 6.1 s; peak memory 1372 MiB.
2026-10-05T05:05:16Z INFO [131/500] 33b95a2e-5e80-4821-a65e-c74527a856c3: 117 chunks; 0.8 s; peak memory 1372 MiB.
2026-10-05T05:05:17Z INFO [132/500] 33ba064a-efcb-41c3-8473-18839dcdb240: 113 chunks; 1.2 s; peak memory 1372 MiB.
2026-10-05T05:05:18Z INFO [133/500] 33ba4aa3-e50d-4e3c-be0a-dd731e8a523a: 62 chunks; 1.1 s; peak memory 1372 MiB.
2026-10-05T05:05:19Z INFO [134/500] 33ba9d3f-b664-44d9-9a21-884d91447591: 118 chunks; 0.8 s; peak memory 1372 MiB.
2026-10-05T05:05:19Z INFO [135/500] 33baa098-d9b1-455f-b10c-03c04bd034d7: 48 chunks; 0.7 s; peak memory 1372 MiB.
2026-10-05T05:05:20Z INFO [136/500] 33bacd9e-dd46-413d-ab73-4deb6c4f5ae1: 37 chunks; 0.6 s; peak memory 1372 MiB.
2026-10-05T05:05:22Z INFO [137/500] 33bb11f2-1223-49ca-bef3-f8bcb6c131fe: 111 chunks; 1.5 s; peak memory 1372 MiB.
2026-10-05T05:05:22Z INFO [138/500] 33bb4696-4dec-4491-b995-58bdaaff9206: 117 chunks; 0.8 s; peak memory 1372 MiB.
2026-10-05T05:05:30Z INFO [139/500] 33bbb844-5e28-49e2-becc-4bc83695708d: 22236 chunks; 7.2 s; peak memory 1372 MiB.
2026-10-05T05:05:31Z INFO [140/500] 33bc00f2-3f80-4a0c-9e5b-0fda065b6525: 119 chunks; 1.9 s; peak memory 1372 MiB.
2026-10-05T05:05:42Z INFO [141/500] 33bc2639-95ef-4f1f-baf4-e73e1868c017: 8229 chunks; 11.0 s; peak memory 1372 MiB.
2026-10-05T05:05:43Z INFO [142/500] 33bdd54d-d070-4274-879b-e6ad001a782d: 52 chunks; 0.6 s; peak memory 1372 MiB.
2026-10-05T05:05:44Z INFO [143/500] 33be0f47-6b6f-41ad-a99a-a461f68ce6a7: 155 chunks; 1.4 s; peak memory 1372 MiB.
2026-10-05T05:05:45Z INFO [144/500] 33bf8901-953e-4fe9-8675-148672c19c31: 48 chunks; 0.8 s; peak memory 1372 MiB.
2026-10-05T05:05:46Z INFO [145/500] 33bf8a4d-1cd3-4771-bd8b-8ed35da405b0: 117 chunks; 0.9 s; peak memory 1372 MiB.
2026-10-05T05:05:48Z INFO [146/500] 33bfa3f7-9fa3-4f20-93b5-6aeada987943: 115 chunks; 1.7 s; peak memory 1372 MiB.
2026-10-05T05:05:49Z INFO [147/500] 33c07fa2-664a-426f-83da-45bd0b50adb8: 69 chunks; 1.1 s; peak memory 1372 MiB.
2026-10-05T05:05:51Z INFO [148/500] 33c0a71e-ca61-4110-b4c6-c10f04a89256: 111 chunks; 2.7 s; peak memory 1372 MiB.
2026-10-05T05:05:52Z INFO [149/500] 33c0d8fa-9767-4bc2-95c8-86173c1a6b58: 112 chunks; 1.0 s; peak memory 1372 MiB.
2026-10-05T05:05:53Z INFO [150/500] 33c18e91-cce0-4700-8df2-92776b124c1d: 112 chunks; 1.0 s; peak memory 1372 MiB.
2026-10-05T05:05:54Z INFO [150/500] 33c18e91-cce0-4700-8df2-92776b124c1d: checkpointed 71984 records.
2026-10-05T05:05:57Z INFO [151/500] 33c1b15e-0a52-4825-9d4a-c498fe47c97c: 1092 chunks; 3.7 s; peak memory 1372 MiB.
2026-10-05T05:06:00Z INFO [152/500] 33c27bfa-bdca-4359-a1e8-44b008c64f7b: 868 chunks; 3.0 s; peak memory 1372 MiB.
2026-10-05T05:06:01Z INFO [153/500] 33c29fb6-5c56-4717-baa1-886558900aea: 115 chunks; 0.8 s; peak memory 1372 MiB.
2026-10-05T05:06:02Z INFO [154/500] 33c2ed3b-433f-4ef4-90af-b1a410bdaee8: 117 chunks; 0.8 s; peak memory 1372 MiB.
2026-10-05T05:06:03Z INFO [155/500] 33c3b466-c060-4a4e-be48-d3d744ab27ef: 48 chunks; 0.7 s; peak memory 1372 MiB.
2026-10-05T05:06:04Z INFO [156/500] 33c45a2f-6976-4332-a75f-8a5da4718ba0: 115 chunks; 1.6 s; peak memory 1372 MiB.
2026-10-05T05:06:05Z INFO [157/500] 33c5026e-33e4-4e3f-9f45-a0645e087386: 117 chunks; 0.8 s; peak memory 1372 MiB.
2026-10-05T05:06:06Z INFO [158/500] 33c62f5e-ae7e-4612-a9ed-697534a73614: 132 chunks; 1.2 s; peak memory 1372 MiB.
2026-10-05T05:06:07Z INFO [159/500] 33c64178-cbfe-409e-816d-0c6eff556b47: 48 chunks; 0.6 s; peak memory 1372 MiB.
2026-10-05T05:06:25Z INFO [160/500] 33c6b262-549a-49f8-9149-187c5d270b0d: 6594 chunks; 18.0 s; peak memory 1372 MiB.
2026-10-05T05:06:26Z INFO [161/500] 33c73968-a461-4b3e-b239-eb11b3a47cda: 106 chunks; 1.2 s; peak memory 1372 MiB.
2026-10-05T05:06:30Z INFO [162/500] 33c73f38-3cf8-46c7-a8de-0e08f6186aea: 314 chunks; 3.7 s; peak memory 1372 MiB.
2026-10-05T05:06:31Z INFO [163/500] 33c85b2d-1112-4d6c-b240-414f5e165afc: 118 chunks; 0.8 s; peak memory 1372 MiB.
2026-10-05T05:06:33Z INFO [164/500] 33c8e7f6-ca72-4150-a727-2454fcd0e986: 2496 chunks; 2.4 s; peak memory 1372 MiB.
2026-10-05T05:06:34Z INFO [165/500] 33c903c0-a1e2-4ba7-bee0-ce9f7a6c5b03: 110 chunks; 1.0 s; peak memory 1372 MiB.
2026-10-05T05:06:34Z INFO [166/500] 33c99a58-800b-4148-8986-04ff53ac5a68: 46 chunks; 0.4 s; peak memory 1372 MiB.
2026-10-05T05:06:35Z INFO [167/500] 33c9b0cc-41a4-4c05-8227-efc0208a64f1: 118 chunks; 0.9 s; peak memory 1372 MiB.
2026-10-05T05:06:53Z INFO [168/500] 33ca056e-c143-4107-9c95-c1cc5aaa7a34: 6055 chunks; 17.3 s; peak memory 1372 MiB.
2026-10-05T05:06:54Z INFO [169/500] 33ca8213-9ffe-43a2-9e13-1af027869d4a: 112 chunks; 1.0 s; peak memory 1372 MiB.
2026-10-05T05:06:55Z INFO [170/500] 33cb4b61-2af8-44ca-8c1a-112b37fd495e: 112 chunks; 1.0 s; peak memory 1372 MiB.
2026-10-05T05:06:55Z INFO [171/500] 33ccca6a-b180-4cd2-b56c-d4eb33268bb7: 48 chunks; 0.7 s; peak memory 1372 MiB.
2026-10-05T05:06:57Z INFO [172/500] 33cd1624-fe10-4611-8418-2bacc58916e2: 116 chunks; 1.7 s; peak memory 1372 MiB.
2026-10-05T05:06:58Z INFO [173/500] 33cf734b-0617-49d9-a8ff-b5f45e02de86: 48 chunks; 0.7 s; peak memory 1372 MiB.
2026-10-05T05:06:59Z INFO [174/500] 33d03c86-3920-442e-a4d9-bab9fe98c6d1: 116 chunks; 0.8 s; peak memory 1372 MiB.
2026-10-05T05:06:59Z INFO [175/500] 33d08e19-45d2-4e45-990d-58a253593a7a: 52 chunks; 0.6 s; peak memory 1372 MiB.
2026-10-05T05:07:17Z INFO [176/500] 33d14d92-4645-43ba-8d33-0e340f2a014a: 6040 chunks; 17.9 s; peak memory 1372 MiB.
2026-10-05T05:07:18Z INFO [177/500] 33d1579d-0e7f-47b1-aad5-22a8dfe75bc0: 46 chunks; 0.6 s; peak memory 1372 MiB.
2026-10-05T05:07:22Z INFO [178/500] 33d1780d-7d6f-4d62-90ee-f8c3fad45c73: 14171 chunks; 4.0 s; peak memory 1372 MiB.
2026-10-05T05:07:24Z INFO [179/500] 33d1a5c6-84c1-4a07-8584-748ed9ae9faf: 153 chunks; 1.8 s; peak memory 1372 MiB.
2026-10-05T05:07:24Z INFO [180/500] 33d1bc72-78e1-4699-b4ef-138b8987c9da: 56 chunks; 0.6 s; peak memory 1372 MiB.
2026-10-05T05:07:25Z INFO [181/500] 33d1e7e0-56de-4f8f-8bb2-e0ea5493797f: 112 chunks; 1.2 s; peak memory 1372 MiB.
2026-10-05T05:07:26Z INFO [182/500] 33d20062-5ca9-42ab-aaa1-848745e61769: 116 chunks; 0.8 s; peak memory 1372 MiB.
2026-10-05T05:07:27Z INFO [183/500] 33d21ae0-eba7-4d64-94f6-3a43cf2fee17: 69 chunks; 0.7 s; peak memory 1372 MiB.
2026-10-05T05:07:28Z INFO [184/500] 33d2886e-f730-4d8d-9214-b76a3b1edd52: 112 chunks; 0.9 s; peak memory 1372 MiB.
2026-10-05T05:07:34Z INFO [185/500] 33d2d345-e788-4ad5-8df5-be58f75f0d7b: 339 chunks; 6.2 s; peak memory 1372 MiB.
2026-10-05T05:07:35Z INFO [186/500] 33d2d9b5-bc46-46ad-bceb-575ffb477a65: 48 chunks; 0.8 s; peak memory 1372 MiB.
2026-10-05T05:07:39Z INFO [187/500] 33d59d41-4193-41a8-b8b2-16235684857a: 193 chunks; 4.4 s; peak memory 1372 MiB.
2026-10-05T05:07:40Z INFO [188/500] 33d60ce7-d368-4338-aef2-714b38084a69: 66 chunks; 1.2 s; peak memory 1372 MiB.
2026-10-05T05:07:41Z INFO [189/500] 33d71790-1ea0-4399-ae7d-cad845838a2b: 46 chunks; 0.6 s; peak memory 1372 MiB.
2026-10-05T05:07:42Z INFO [190/500] 33d723a4-9776-4cdf-aadb-365e8def443f: 62 chunks; 1.0 s; peak memory 1372 MiB.
2026-10-05T05:07:43Z INFO [191/500] 33d74923-1fa6-4bff-a05e-9ebd5968c8fc: 48 chunks; 0.7 s; peak memory 1372 MiB.
2026-10-05T05:07:44Z INFO [192/500] 33d76060-4748-466a-9d8a-24700977c7ed: 117 chunks; 0.8 s; peak memory 1372 MiB.
2026-10-05T05:07:44Z INFO [193/500] 33d7bde3-d766-4dbe-8d7b-46cbc805cc40: 117 chunks; 0.9 s; peak memory 1372 MiB.
2026-10-05T05:07:45Z INFO [194/500] 33d85df6-8079-4dc7-b404-00de21156b96: 117 chunks; 0.8 s; peak memory 1372 MiB.
2026-10-05T05:07:46Z INFO [195/500] 33d980e2-fb20-4579-9fb7-f68ce9ab1077: 117 chunks; 0.8 s; peak memory 1372 MiB.
2026-10-05T05:07:47Z INFO [196/500] 33d9bae7-6571-401a-942d-01e1b8696767: 48 chunks; 0.7 s; peak memory 1372 MiB.
2026-10-05T05:08:00Z INFO [197/500] 33d9c385-2f66-4add-95c8-c4802ca3cd99: 428 chunks; 12.9 s; peak memory 1372 MiB.
2026-10-05T05:08:01Z INFO [198/500] 33da7fe5-6163-49f8-8ab8-5103022d5215: 112 chunks; 0.9 s; peak memory 1372 MiB.
2026-10-05T05:08:04Z INFO [199/500] 33daf653-fa2f-437e-ae78-7e6fad555592: 1188 chunks; 3.7 s; peak memory 1372 MiB.
2026-10-05T05:08:05Z INFO [200/500] 33db7eb7-81bd-4baf-b7aa-d1d269951ecf: 46 chunks; 0.5 s; peak memory 1372 MiB.
2026-10-05T05:08:05Z INFO [200/500] 33db7eb7-81bd-4baf-b7aa-d1d269951ecf: checkpointed 72034 records.
2026-10-05T05:08:07Z INFO [201/500] 33dbb348-ac5b-4dd7-8509-20d7551ccdc3: 116 chunks; 1.9 s; peak memory 1372 MiB.
2026-10-05T05:08:08Z INFO [202/500] 33dce7d8-6def-43b2-be92-d772623193e2: 48 chunks; 0.6 s; peak memory 1372 MiB.
2026-10-05T05:08:08Z INFO [203/500] 33dcf845-6226-4f82-8c78-e65de03a45d7: 121 chunks; 0.6 s; peak memory 1372 MiB.
2026-10-05T05:08:10Z INFO [204/500] 33dfb656-cf42-4388-b6bb-9a12571bce36: 115 chunks; 1.6 s; peak memory 1372 MiB.
2026-10-05T05:08:11Z INFO [205/500] 33dfc7bd-805a-485e-8970-776ccab16014: 112 chunks; 1.1 s; peak memory 1372 MiB.
2026-10-05T05:08:14Z INFO [206/500] 33dffe71-3db7-4441-a160-1decc1fdfac6: 8765 chunks; 3.6 s; peak memory 1372 MiB.
2026-10-05T05:08:16Z INFO [207/500] 33e01ad7-9e5f-4e8c-8338-61d53d8749bd: 112 chunks; 1.3 s; peak memory 1372 MiB.
2026-10-05T05:08:17Z INFO [208/500] 33e01d4f-0687-4194-a82b-ef245553c890: 64 chunks; 1.1 s; peak memory 1372 MiB.
2026-10-05T05:08:18Z INFO [209/500] 33e0966f-3b1c-4746-b929-03d52e23f97b: 204 chunks; 1.3 s; peak memory 1372 MiB.
2026-10-05T05:08:19Z INFO [210/500] 33e0e441-10da-4ac0-be49-e6b29e098ca0: 118 chunks; 0.8 s; peak memory 1372 MiB.
2026-10-05T05:08:20Z INFO [211/500] 33e1aa7b-7dba-4dc4-9796-f11f2a99ca5d: 112 chunks; 0.8 s; peak memory 1372 MiB.
2026-10-05T05:08:20Z INFO [212/500] 33e20675-d5aa-4aa6-8d9d-360d93116a3c: 48 chunks; 0.7 s; peak memory 1372 MiB.
2026-10-05T05:08:21Z INFO [213/500] 33e23fb3-355e-427d-9012-20477146eccf: 37 chunks; 0.6 s; peak memory 1372 MiB.
2026-10-05T05:08:22Z INFO [214/500] 33e2dbee-80eb-4d63-a83d-17edc9356bba: 128 chunks; 1.4 s; peak memory 1372 MiB.
2026-10-05T05:08:26Z INFO [215/500] 33e48883-0707-496b-b790-e1d1750741ac: 2085 chunks; 3.4 s; peak memory 1372 MiB.
2026-10-05T05:08:26Z INFO [216/500] 33e4d5f0-e571-4c97-b427-a8955295db65: 46 chunks; 0.5 s; peak memory 1372 MiB.
2026-10-05T05:08:36Z INFO [217/500] 33e4e510-a994-46a8-9b88-edce0bffe752: 4414 chunks; 9.3 s; peak memory 1372 MiB.
2026-10-05T05:08:37Z INFO [218/500] 33e585a5-970b-4d44-8fb3-25aefaba51c8: 48 chunks; 0.9 s; peak memory 1372 MiB.
2026-10-05T05:08:38Z INFO [219/500] 33e605cc-de49-4a33-994a-41c184179525: 71 chunks; 1.1 s; peak memory 1372 MiB.
2026-10-05T05:08:39Z INFO [220/500] 33e628ea-d4a6-404f-9679-da27ff2e8402: 48 chunks; 0.9 s; peak memory 1372 MiB.
2026-10-05T05:08:40Z INFO [221/500] 33e6c5a5-ebbf-4c28-89bc-3773c7eee7e5: 112 chunks; 0.9 s; peak memory 1372 MiB.
2026-10-05T05:08:40Z INFO [222/500] 33e6d2ef-93c9-4a85-a451-4ea8b95a284a: 45 chunks; 0.4 s; peak memory 1372 MiB.
2026-10-05T05:08:41Z INFO [223/500] 33e6f880-4dd4-4e11-997d-d2c5a271a054: 51 chunks; 0.9 s; peak memory 1372 MiB.
2026-10-05T05:08:42Z INFO [224/500] 33e7cf09-7c0d-469b-8ce0-93c6c229a8e2: 112 chunks; 0.9 s; peak memory 1372 MiB.
2026-10-05T05:08:43Z INFO [225/500] 33e7d846-408b-476d-9543-6094df2ae2b3: 48 chunks; 0.8 s; peak memory 1372 MiB.
2026-10-05T05:08:43Z INFO [226/500] 33e81d4a-6d59-4524-b354-d097372c13f8: 50 chunks; 0.6 s; peak memory 1372 MiB.
2026-10-05T05:08:45Z INFO [227/500] 33e850d6-9a8a-4732-b1d0-1ad767212461: 118 chunks; 1.4 s; peak memory 1372 MiB.
2026-10-05T05:08:46Z INFO [228/500] 33e94c75-302c-4f91-80ce-d7f287bf82c9: 71 chunks; 1.5 s; peak memory 1372 MiB.
2026-10-05T05:08:47Z INFO [229/500] 33e9a397-fef5-4ce2-ac64-5ce2293596d4: 48 chunks; 0.8 s; peak memory 1372 MiB.
2026-10-05T05:08:51Z INFO [230/500] 33ea40aa-5736-4194-a467-a8a12d894f35: 8625 chunks; 3.9 s; peak memory 1372 MiB.
2026-10-05T05:08:52Z INFO [231/500] 33eb3287-fe67-478d-bb2f-f46ef154e25e: 116 chunks; 0.9 s; peak memory 1372 MiB.
2026-10-05T05:08:55Z INFO [232/500] 33ebc3e1-3d43-441b-84c1-27b5cbff5653: 2923 chunks; 3.1 s; peak memory 1372 MiB.
2026-10-05T05:08:57Z INFO [233/500] 33ec9144-f1be-4706-9065-6d8e6f4cb780: 1641 chunks; 2.2 s; peak memory 1372 MiB.
2026-10-05T05:08:58Z INFO [234/500] 33ee1c7f-0454-4a23-bf3a-dee139253ff2: 170 chunks; 0.9 s; peak memory 1372 MiB.
2026-10-05T05:09:09Z INFO [235/500] 33ee3184-0286-431e-adef-f872c1d5d75a: 29134 chunks; 11.2 s; peak memory 1372 MiB.
2026-10-05T05:09:10Z INFO [236/500] 33f1f3a9-d3c8-4f0f-8f63-e7dd1113e872: 119 chunks; 1.4 s; peak memory 1372 MiB.
2026-10-05T05:09:11Z INFO [237/500] 33f218df-c9cb-4641-abf5-c8cb161b3e2b: 112 chunks; 0.8 s; peak memory 1372 MiB.
2026-10-05T05:09:12Z INFO [238/500] 33f23955-fa96-442c-b164-ad13bbecb0a8: 52 chunks; 0.8 s; peak memory 1372 MiB.
2026-10-05T05:09:13Z INFO [239/500] 33f3372f-891c-4302-a21d-48cf896f288f: 117 chunks; 0.7 s; peak memory 1372 MiB.
2026-10-05T05:09:13Z INFO [240/500] 33f3b34a-3d1b-4a89-b931-d00ad985982c: 44 chunks; 0.6 s; peak memory 1372 MiB.
2026-10-05T05:09:14Z INFO [241/500] 33f3bc95-0afc-4f2f-a283-4744f4455bcc: 66 chunks; 1.0 s; peak memory 1372 MiB.
2026-10-05T05:10:51Z INFO [242/500] 33f63db5-2acc-4cf3-98e2-63fcf6b9a249: 37856 chunks; 96.6 s; peak memory 1372 MiB.
2026-10-05T05:10:53Z INFO [243/500] 33f7ebdd-bf31-4c30-8b74-f9e8ef2366dd: 90 chunks; 2.0 s; peak memory 1372 MiB.
2026-10-05T05:10:54Z INFO [244/500] 33f7f112-3366-4574-9777-857ba75d0662: 165 chunks; 1.5 s; peak memory 1372 MiB.
2026-10-05T05:10:55Z INFO [245/500] 33f82873-bb1d-4ab4-bfea-cfe838d01cab: 48 chunks; 0.8 s; peak memory 1372 MiB.
2026-10-05T05:10:58Z INFO [246/500] 33f88587-c18a-4ba7-8188-4171b8dfb1c4: 192 chunks; 3.0 s; peak memory 1372 MiB.
2026-10-05T05:10:59Z INFO [247/500] 33f8de4c-ff23-49f7-804d-8535f2f01ddb: 54 chunks; 0.6 s; peak memory 1372 MiB.
2026-10-05T05:11:00Z INFO [248/500] 33f927ab-3dc3-43b3-a8d5-6d4bbfa44fcf: 118 chunks; 0.8 s; peak memory 1372 MiB.
2026-10-05T05:11:01Z INFO [249/500] 33f9c036-a248-47e0-a1da-704f3ad2ebe2: 69 chunks; 1.0 s; peak memory 1372 MiB.
2026-10-05T05:11:01Z INFO [250/500] 33f9fe9d-46c8-436d-bd1b-a1c3639189b6: 114 chunks; 0.6 s; peak memory 1372 MiB.
2026-10-05T05:11:02Z INFO [250/500] 33f9fe9d-46c8-436d-bd1b-a1c3639189b6: checkpointed 72084 records.
2026-10-05T05:11:19Z INFO [251/500] 33fa29bc-fbf9-404c-a330-d693b58e73af: 6126 chunks; 17.4 s; peak memory 1372 MiB.
2026-10-05T05:11:20Z INFO [252/500] 33fa5bce-27bf-4d30-875f-2853a6ea1c8f: 112 chunks; 1.0 s; peak memory 1372 MiB.
2026-10-05T05:11:22Z INFO [253/500] 33fc397d-bd47-4e92-8b9d-5b17e7b1bf26: 118 chunks; 1.8 s; peak memory 1372 MiB.
2026-10-05T05:11:23Z INFO [254/500] 33fca63f-c67c-4a15-a370-ba8ce11eab03: 68 chunks; 1.0 s; peak memory 1372 MiB.
2026-10-05T05:11:39Z INFO [255/500] 33fea77a-0013-40db-99fc-1a26112ebbd0: 6139 chunks; 16.8 s; peak memory 1372 MiB.
2026-10-05T05:11:40Z INFO [256/500] 33ff9dc3-ee7c-4e06-8a05-e98d3d20fd75: 112 chunks; 0.6 s; peak memory 1372 MiB.
2026-10-05T05:11:41Z INFO [257/500] 3401237f-a5cf-472e-a615-541523fc269c: 48 chunks; 0.9 s; peak memory 1372 MiB.
2026-10-05T05:11:42Z INFO [258/500] 34017499-2afd-44a9-9049-30ff584d0dda: 158 chunks; 1.2 s; peak memory 1372 MiB.
2026-10-05T05:11:47Z INFO [259/500] 3402beb7-02a4-4354-8622-4786106c373c: 1598 chunks; 4.8 s; peak memory 1372 MiB.
2026-10-05T05:11:48Z INFO [260/500] 3402c26b-65f1-412b-aaf4-dfe6cf33d724: 69 chunks; 0.9 s; peak memory 1372 MiB.
2026-10-05T05:11:49Z INFO [261/500] 34031140-d649-4d31-a4cc-07c974cbda5e: 52 chunks; 0.8 s; peak memory 1372 MiB.
2026-10-05T05:11:50Z INFO [262/500] 34034197-aaf1-4f02-9b92-3e1b126c9f91: 119 chunks; 1.2 s; peak memory 1372 MiB.
2026-10-05T05:11:52Z INFO [263/500] 34036d7d-40a9-4adb-acdd-99ccf0b7b7a8: 254 chunks; 2.1 s; peak memory 1372 MiB.
2026-10-05T05:11:53Z INFO [264/500] 34039a76-38ed-491b-aa1b-6247536a2165: 112 chunks; 0.9 s; peak memory 1372 MiB.
2026-10-05T05:11:54Z INFO [265/500] 3403c168-4816-4b75-80c8-b32c56f4da36: 117 chunks; 0.9 s; peak memory 1372 MiB.
2026-10-05T05:11:54Z INFO [266/500] 340440e5-1b1c-4e6b-b003-f8e6c5738cd8: 48 chunks; 0.6 s; peak memory 1372 MiB.
2026-10-05T05:11:55Z INFO [267/500] 340461d6-6001-42d6-bfd3-602eb28028fd: 48 chunks; 0.7 s; peak memory 1372 MiB.
2026-10-05T05:12:02Z INFO [268/500] 34046520-9c5d-4767-94e8-fe14310a27f6: 439 chunks; 6.6 s; peak memory 1372 MiB.
2026-10-05T05:12:03Z INFO [269/500] 3404aaa6-619d-44df-bddd-71fd6c9055fa: 67 chunks; 1.4 s; peak memory 1372 MiB.
2026-10-05T05:12:06Z INFO [270/500] 3404aecf-a083-4137-9402-788e67229e63: 8984 chunks; 3.2 s; peak memory 1372 MiB.
2026-10-05T05:12:07Z INFO [271/500] 3404df1b-5b16-446d-849f-5c5ac2fa6e68: 112 chunks; 1.1 s; peak memory 1372 MiB.
2026-10-05T05:12:08Z INFO [272/500] 3405baee-cc3c-40e1-a5b2-f55b8be2a918: 69 chunks; 0.6 s; peak memory 1372 MiB.
2026-10-05T05:12:09Z INFO [273/500] 3406047f-ed2b-4ee8-8a89-d13055d5ac96: 118 chunks; 0.8 s; peak memory 1372 MiB.
2026-10-05T05:12:13Z INFO [274/500] 3406acca-9d97-4f2b-ad19-7bcca4d093c3: 2923 chunks; 4.2 s; peak memory 1372 MiB.
2026-10-05T05:12:14Z INFO [275/500] 3406f1c6-563e-45d2-b291-7a45259eb6ac: 77 chunks; 0.8 s; peak memory 1372 MiB.
2026-10-05T05:12:14Z INFO [276/500] 34078a62-8d22-42eb-9674-bc6516c897b0: 37 chunks; 0.6 s; peak memory 1372 MiB.
2026-10-05T05:12:16Z INFO [277/500] 34079455-dfd8-431b-84a5-6702c1205ddc: 110 chunks; 1.2 s; peak memory 1372 MiB.
2026-10-05T05:12:16Z INFO [278/500] 3408c448-5ac8-41b3-a07d-f0bf51b2c65f: 117 chunks; 0.7 s; peak memory 1372 MiB.
2026-10-05T05:12:18Z INFO [279/500] 34095b48-ddff-4cb5-b3c6-f052a492cbc1: 1061 chunks; 1.8 s; peak memory 1372 MiB.
2026-10-05T05:12:19Z INFO [280/500] 34096687-7692-4f59-ae8d-034bcf40e071: 48 chunks; 0.7 s; peak memory 1372 MiB.
2026-10-05T05:12:21Z INFO [281/500] 3409ae07-501d-4aa9-8a98-d34e0924e4d7: 156 chunks; 2.3 s; peak memory 1372 MiB.
2026-10-05T05:12:22Z INFO [282/500] 3409d867-38af-4250-97e6-8c8fd61f16d2: 68 chunks; 0.8 s; peak memory 1372 MiB.
2026-10-05T05:12:23Z INFO [283/500] 340a3c82-86c0-4dfc-a172-f288c646af85: 112 chunks; 0.9 s; peak memory 1372 MiB.
2026-10-05T05:12:24Z INFO [284/500] 340a4ce3-10b2-4bdf-8c02-833e5a05ea8b: 557 chunks; 0.8 s; peak memory 1372 MiB.
2026-10-05T05:12:25Z INFO [285/500] 340b0c7a-698f-45a7-98b1-84755adf4740: 112 chunks; 1.1 s; peak memory 1372 MiB.
2026-10-05T05:12:25Z INFO [286/500] 340c0984-a570-4983-9535-af00c0cb9929: 117 chunks; 0.8 s; peak memory 1372 MiB.
2026-10-05T05:12:27Z INFO [287/500] 340c1723-5a80-4bad-9630-2fb5993202e3: 112 chunks; 1.2 s; peak memory 1372 MiB.
2026-10-05T05:12:28Z INFO [288/500] 340e18bb-81f8-440b-981f-952b9d7934e3: 117 chunks; 1.0 s; peak memory 1372 MiB.
2026-10-05T05:12:29Z INFO [289/500] 340e3418-d02e-4767-8871-a67fec1914e1: 98 chunks; 0.9 s; peak memory 1372 MiB.
2026-10-05T05:12:31Z INFO [290/500] 340e67dc-214e-4aa2-a7b4-dc18607ece88: 797 chunks; 2.4 s; peak memory 1372 MiB.
2026-10-05T05:12:32Z INFO [291/500] 340eaad0-d183-4750-97a0-748eb8ee8973: 48 chunks; 0.8 s; peak memory 1372 MiB.
2026-10-05T05:12:33Z INFO [292/500] 340f3783-b9fc-49b7-a0bd-c0f0ee342f07: 118 chunks; 0.7 s; peak memory 1372 MiB.
2026-10-05T05:12:34Z INFO [293/500] 340f8646-53a1-44bd-85d8-334b15651a44: 997 chunks; 1.4 s; peak memory 1372 MiB.
2026-10-05T05:12:34Z INFO [294/500] 34100806-01e4-4679-a444-479906de89ec: 46 chunks; 0.5 s; peak memory 1372 MiB.
2026-10-05T05:12:35Z INFO [295/500] 3410b141-7bac-4dc6-b05e-f4967b8f5596: 116 chunks; 0.8 s; peak memory 1372 MiB.
2026-10-05T05:12:36Z INFO [296/500] 34113a3c-5a64-45cb-98ec-ef0dd09a59a1: 48 chunks; 0.6 s; peak memory 1372 MiB.
2026-10-05T05:12:37Z INFO [297/500] 34114819-6194-42fd-9fdd-9ee2a44d83d7: 62 chunks; 1.0 s; peak memory 1372 MiB.
2026-10-05T05:12:38Z INFO [298/500] 341215e4-3752-400d-9aa2-73e748feab3c: 112 chunks; 1.0 s; peak memory 1372 MiB.
2026-10-05T05:12:39Z INFO [299/500] 3412221c-f59d-4cfa-a5ef-164a357fa678: 51 chunks; 0.9 s; peak memory 1372 MiB.
2026-10-05T05:12:43Z INFO [300/500] 341222e7-9523-4404-963c-c07d4e54b37e: 16846 chunks; 4.3 s; peak memory 1372 MiB.
2026-10-05T05:12:43Z INFO [300/500] 341222e7-9523-4404-963c-c07d4e54b37e: checkpointed 72134 records.
2026-10-05T05:12:44Z INFO [301/500] 34123ebd-f5a4-40a8-999e-60168f73555d: 117 chunks; 0.7 s; peak memory 1372 MiB.
2026-10-05T05:12:45Z INFO [302/500] 34132e7d-e459-41e3-a679-a23d1dc14a4d: 110 chunks; 0.9 s; peak memory 1372 MiB.
2026-10-05T05:12:46Z INFO [303/500] 34132ee7-ca5e-45f5-a3b1-45d8cc1f998c: 66 chunks; 1.1 s; peak memory 1372 MiB.
2026-10-05T05:12:50Z INFO [304/500] 3413f913-fac5-428e-a64c-1324b4252dd6: 6229 chunks; 4.0 s; peak memory 1372 MiB.
2026-10-05T05:13:04Z INFO [305/500] 34140ca7-63c9-4ffe-993e-f1431cb58555: 282 chunks; 14.3 s; peak memory 1372 MiB.
2026-10-05T05:13:11Z INFO [306/500] 34148080-c1a6-4fbf-949f-0ed0e76f80c6: 11561 chunks; 6.8 s; peak memory 1372 MiB.
2026-10-05T05:13:15Z INFO [307/500] 34154a53-7b13-47b8-9c04-558f0b9ad9a0: 10060 chunks; 3.8 s; peak memory 1372 MiB.
2026-10-05T05:13:16Z INFO [308/500] 3415dfda-fbbb-40ba-bdc7-c3127ab4d480: 48 chunks; 0.8 s; peak memory 1372 MiB.
2026-10-05T05:13:17Z INFO [309/500] 34162988-4727-4e38-a2bd-ac2c35a0dee2: 71 chunks; 1.2 s; peak memory 1372 MiB.
2026-10-05T05:13:18Z INFO [310/500] 341665fe-343e-43df-a733-58bf70457c06: 66 chunks; 1.2 s; peak memory 1372 MiB.
2026-10-05T05:13:19Z INFO [311/500] 341666e2-9031-47be-8fa8-48db9c915ec6: 118 chunks; 1.0 s; peak memory 1372 MiB.
2026-10-05T05:13:23Z INFO [312/500] 341670b0-f595-48e5-bffc-a7ad438c5d6e: 4151 chunks; 4.4 s; peak memory 1372 MiB.
2026-10-05T05:13:25Z INFO [313/500] 341708b8-8ce2-45cc-aa3e-79f31e1de2d8: 153 chunks; 1.8 s; peak memory 1372 MiB.
2026-10-05T05:15:07Z INFO [314/500] 3417fd95-2085-4ad1-a79b-25e22514e047: 38374 chunks; 101.4 s; peak memory 1372 MiB.
2026-10-05T05:15:08Z INFO [315/500] 34180682-be12-4709-be63-04a9a1dc3ebd: 62 chunks; 1.0 s; peak memory 1372 MiB.
2026-10-05T05:15:09Z INFO [316/500] 3418160e-0a1f-4b3e-b40d-c32269cc7476: 115 chunks; 1.8 s; peak memory 1372 MiB.
2026-10-05T05:15:10Z INFO [317/500] 34183376-e125-4666-9d0b-f0a44a6aa63f: 112 chunks; 0.7 s; peak memory 1372 MiB.
2026-10-05T05:15:11Z INFO [318/500] 34186d18-0bb0-4b8a-a5be-0f346b497e85: 112 chunks; 1.0 s; peak memory 1372 MiB.
2026-10-05T05:15:22Z INFO [319/500] 3418d2dd-bea5-4880-b80a-8c396deae119: 24114 chunks; 10.6 s; peak memory 1372 MiB.
2026-10-05T05:15:23Z INFO [320/500] 341936d3-4a3c-4708-a20f-9d6735898309: 112 chunks; 1.1 s; peak memory 1372 MiB.
2026-10-05T05:15:25Z INFO [321/500] 3419c57d-941b-446e-b09b-029b7bba5a5b: 115 chunks; 1.6 s; peak memory 1372 MiB.
2026-10-05T05:15:25Z INFO [322/500] 341a01c8-5047-4aee-8486-e98d5c2ddfc0: 116 chunks; 0.8 s; peak memory 1372 MiB.
2026-10-05T05:15:26Z INFO [323/500] 341a4062-1992-4229-8e6f-45e3da301922: 41 chunks; 0.7 s; peak memory 1372 MiB.
2026-10-05T05:15:27Z INFO [324/500] 341af562-6cb1-4c74-9f64-5b1d532d9fc9: 116 chunks; 0.8 s; peak memory 1372 MiB.
2026-10-05T05:15:28Z INFO [325/500] 341b7614-2733-4643-9779-4b0790a22a11: 112 chunks; 1.0 s; peak memory 1372 MiB.
2026-10-05T05:15:29Z INFO [326/500] 341b9836-ca79-4d37-b13e-0c146d222179: 95 chunks; 1.0 s; peak memory 1372 MiB.
2026-10-05T05:15:30Z INFO [327/500] 341b9c55-e7dc-418a-9ce2-457180e3b09e: 48 chunks; 0.8 s; peak memory 1372 MiB.
2026-10-05T05:15:30Z INFO [328/500] 341bc933-5dba-4371-ac6d-a8b8ee950bbc: 121 chunks; 0.8 s; peak memory 1372 MiB.
2026-10-05T05:15:31Z INFO [329/500] 341bf5e7-93a1-4d2c-98ff-a5c1f26bc34d: 230 chunks; 1.1 s; peak memory 1372 MiB.
2026-10-05T05:15:32Z INFO [330/500] 341c6d4f-992f-4235-8403-c919b78fb04a: 35 chunks; 0.6 s; peak memory 1372 MiB.
2026-10-05T05:15:33Z INFO [331/500] 341c8bd9-f7f0-4b7e-9efe-d464b58097a5: 52 chunks; 0.8 s; peak memory 1372 MiB.
2026-10-05T05:15:34Z INFO [332/500] 341dc11d-eb31-4eab-8685-ad0ef0a84210: 66 chunks; 1.2 s; peak memory 1372 MiB.
2026-10-05T05:15:35Z INFO [333/500] 341de7fe-b551-4ca1-b4ea-0b416f7c4124: 117 chunks; 0.8 s; peak memory 1372 MiB.
2026-10-05T05:15:37Z INFO [334/500] 341e9649-896f-4d75-843e-b0821b93b573: 193 chunks; 2.0 s; peak memory 1372 MiB.
2026-10-05T05:15:39Z INFO [335/500] 341ed9a0-21c1-4d56-bbaa-ee88518319ce: 114 chunks; 1.7 s; peak memory 1372 MiB.
2026-10-05T05:15:40Z INFO [336/500] 341f65e4-afcb-42a2-b536-289dd132bce3: 112 chunks; 1.1 s; peak memory 1372 MiB.
2026-10-05T05:15:53Z INFO [337/500] 341f87ad-bf54-457f-9a49-c7f5531e4716: 4732 chunks; 12.9 s; peak memory 1372 MiB.
2026-10-05T05:15:53Z INFO [338/500] 341fed54-8eee-470c-a226-e53cd2f845b1: 56 chunks; 0.6 s; peak memory 1372 MiB.
2026-10-05T05:15:54Z INFO [339/500] 34201ef8-6aaf-4aee-bae6-7775bb419d47: 46 chunks; 0.5 s; peak memory 1372 MiB.
2026-10-05T05:15:55Z INFO [340/500] 3420d0a5-4500-4e6e-b0c7-fa37aafda65e: 48 chunks; 0.9 s; peak memory 1372 MiB.
2026-10-05T05:15:55Z INFO [341/500] 3420d599-6311-4bcc-ad16-103495e1bf01: 48 chunks; 0.8 s; peak memory 1372 MiB.
2026-10-05T05:15:58Z INFO [342/500] 3420f48a-8750-4a4e-9dc5-cb1cd71a9e80: 2246 chunks; 2.4 s; peak memory 1372 MiB.
2026-10-05T05:15:59Z INFO [343/500] 3421671f-2367-4323-9b78-a5f370d614f8: 150 chunks; 1.7 s; peak memory 1372 MiB.
2026-10-05T05:16:01Z INFO [344/500] 342188e8-5e8b-4e13-8f7e-a5e2148ea8a5: 47 chunks; 1.3 s; peak memory 1372 MiB.
2026-10-05T05:16:07Z INFO [345/500] 3421e83e-3c5a-4b91-9a7a-6f47cdc5f478: 9196 chunks; 6.2 s; peak memory 1372 MiB.
2026-10-05T05:16:08Z INFO [346/500] 3422d141-757f-45f3-bde9-60400515afa0: 112 chunks; 0.8 s; peak memory 1372 MiB.
2026-10-05T05:16:08Z INFO [347/500] 3422eb5e-10c0-40c1-936f-e5c8eb776291: 57 chunks; 0.5 s; peak memory 1372 MiB.
2026-10-05T05:16:09Z INFO [348/500] 3423c3a9-7880-4351-a0ec-bddb6dddbd73: 48 chunks; 0.7 s; peak memory 1372 MiB.
2026-10-05T05:16:10Z INFO [349/500] 34249e74-af48-476e-8089-b34451e8ec4b: 60 chunks; 0.9 s; peak memory 1372 MiB.
2026-10-05T05:16:15Z INFO [350/500] 3424f39a-4434-4722-8714-9b15efb52217: 336 chunks; 5.2 s; peak memory 1372 MiB.
2026-10-05T05:16:15Z INFO [350/500] 3424f39a-4434-4722-8714-9b15efb52217: checkpointed 72184 records.
2026-10-05T05:16:16Z INFO [351/500] 34251317-4fe7-4aac-b8b2-91cf25519ccb: 118 chunks; 0.8 s; peak memory 1372 MiB.
2026-10-05T05:16:17Z INFO [352/500] 342515e0-d92e-43be-a885-6ac2ad560f58: 133 chunks; 0.7 s; peak memory 1372 MiB.
2026-10-05T05:16:18Z INFO [353/500] 34252450-def2-4f31-83c0-a2131dc9198d: 48 chunks; 0.8 s; peak memory 1372 MiB.
2026-10-05T05:16:25Z INFO [354/500] 342541e8-af15-4e93-9ea2-d2a2dbfeada8: 20463 chunks; 6.9 s; peak memory 1372 MiB.
2026-10-05T05:16:26Z INFO [355/500] 34256181-28f0-4990-afd3-26bd25b29e5e: 69 chunks; 1.2 s; peak memory 1372 MiB.
2026-10-05T05:16:27Z INFO [356/500] 342577fa-6738-47da-9221-ebb2b88d3ec3: 48 chunks; 0.8 s; peak memory 1372 MiB.
2026-10-05T05:16:28Z INFO [357/500] 3426139f-73af-486d-9944-85d4e5184e24: 124 chunks; 1.3 s; peak memory 1372 MiB.
2026-10-05T05:16:30Z INFO [358/500] 342627bc-d5e9-46f8-a23c-d0d7adfc0946: 90 chunks; 1.9 s; peak memory 1372 MiB.
2026-10-05T05:16:31Z INFO [359/500] 3426ef4f-12ee-406d-a1de-7088c02ee607: 118 chunks; 0.9 s; peak memory 1372 MiB.
2026-10-05T05:16:34Z INFO [360/500] 34272f14-4c3f-493d-83af-4857ac87609f: 512 chunks; 3.4 s; peak memory 1372 MiB.
2026-10-05T05:16:35Z INFO [361/500] 3427b922-f02a-4630-977d-ce73d03693cd: 74 chunks; 1.1 s; peak memory 1372 MiB.
2026-10-05T05:16:36Z INFO [362/500] 3427bc40-f1b1-47bc-95c8-f31b320e5e72: 301 chunks; 0.7 s; peak memory 1372 MiB.
2026-10-05T05:16:40Z INFO [363/500] 3427d300-e341-462d-a8a7-a800842fd8da: 704 chunks; 3.8 s; peak memory 1372 MiB.
2026-10-05T05:16:41Z INFO [364/500] 342883b5-598d-4b50-b71f-19f48c03158b: 71 chunks; 1.0 s; peak memory 1372 MiB.
2026-10-05T05:16:50Z INFO [365/500] 34289961-0275-4ec8-8e04-548c126fb108: 588 chunks; 9.2 s; peak memory 1372 MiB.
2026-10-05T05:16:51Z INFO [366/500] 3428f542-031d-4fbe-8112-3255791a9ec1: 69 chunks; 1.3 s; peak memory 1372 MiB.
2026-10-05T05:17:01Z INFO [367/500] 3428fdcc-beff-4b13-82da-03accd65ddf7: 4586 chunks; 10.3 s; peak memory 1372 MiB.
2026-10-05T05:17:05Z INFO [368/500] 34296965-317c-4836-a627-b5ff3e290f81: 2923 chunks; 3.8 s; peak memory 1372 MiB.
2026-10-05T05:17:06Z INFO [369/500] 3429f778-8468-4706-8d01-8eaef560ece1: 35 chunks; 0.6 s; peak memory 1372 MiB.
2026-10-05T05:17:07Z INFO [370/500] 342a2317-d6d1-446d-a811-925c5b6cabfa: 48 chunks; 0.8 s; peak memory 1372 MiB.
2026-10-05T05:17:08Z INFO [371/500] 342a8fce-08e4-4b7c-817c-8d7a979de712: 112 chunks; 0.9 s; peak memory 1372 MiB.
2026-10-05T05:17:10Z INFO [372/500] 342b7fb5-a6b5-41c1-a0e8-33ae6843e229: 115 chunks; 2.0 s; peak memory 1372 MiB.
2026-10-05T05:17:11Z INFO [373/500] 342c4be3-6757-4d31-b4d8-85c78c4a1cc1: 153 chunks; 1.4 s; peak memory 1372 MiB.
2026-10-05T05:17:12Z INFO [374/500] 342c5e0a-59e0-4c64-b025-02121d838d69: 48 chunks; 0.8 s; peak memory 1372 MiB.
2026-10-05T05:17:12Z INFO [375/500] 342d0092-e5da-4f61-86ab-eff34f95c060: 48 chunks; 0.7 s; peak memory 1372 MiB.
2026-10-05T05:17:18Z INFO [376/500] 342d11b1-e545-431f-bc46-5d2b4eb1eac7: 339 chunks; 5.3 s; peak memory 1372 MiB.
2026-10-05T05:18:08Z INFO [377/500] 342e4190-1203-4186-aad2-4ab227154cad: 24940 chunks; 50.5 s; peak memory 1372 MiB.
2026-10-05T05:18:09Z INFO [378/500] 342e5283-ff7e-4647-b430-94ab80f682b3: 48 chunks; 0.8 s; peak memory 1372 MiB.
2026-10-05T05:18:10Z INFO [379/500] 342ebcbe-3d20-47a2-9e72-5ed582543e8d: 112 chunks; 0.9 s; peak memory 1372 MiB.
2026-10-05T05:18:12Z INFO [380/500] 342fa6d2-5702-41ab-ab65-f3f3e66647af: 150 chunks; 1.6 s; peak memory 1372 MiB.
2026-10-05T05:18:17Z INFO [381/500] 34308c8a-6927-4fa5-8c00-23e08b790b81: 4151 chunks; 5.1 s; peak memory 1372 MiB.
2026-10-05T05:18:18Z INFO [382/500] 3430919a-3cba-457d-8b1b-9da6399ac57d: 56 chunks; 1.0 s; peak memory 1372 MiB.
2026-10-05T05:18:18Z INFO [383/500] 3430b00b-c4ec-4932-903a-6dbdf0f673aa: 46 chunks; 0.5 s; peak memory 1372 MiB.
2026-10-05T05:18:19Z INFO [384/500] 3430dc6c-99b5-443b-b902-889688126de0: 118 chunks; 1.0 s; peak memory 1372 MiB.
2026-10-05T05:18:28Z INFO [385/500] 34316edc-4fa9-4ca9-a1d2-be84ce38275e: 15354 chunks; 8.7 s; peak memory 1372 MiB.
2026-10-05T05:18:29Z INFO [386/500] 34317c66-ceda-4c70-af8a-65bb407e7f15: 51 chunks; 1.0 s; peak memory 1372 MiB.
2026-10-05T05:18:30Z INFO [387/500] 3431e7c8-48a1-4f82-9a1e-24ba5724e3ff: 275 chunks; 1.0 s; peak memory 1372 MiB.
2026-10-05T05:18:31Z INFO [388/500] 3431fc4e-4861-4496-a8a3-e298dfe80ce7: 71 chunks; 1.3 s; peak memory 1372 MiB.
2026-10-05T05:18:32Z INFO [389/500] 3432c126-ab01-44f1-81bc-6af08a562f40: 56 chunks; 0.6 s; peak memory 1372 MiB.
2026-10-05T05:18:32Z INFO [390/500] 34335003-0cfb-4a00-bf5a-ba79d39fd28e: 117 chunks; 0.7 s; peak memory 1372 MiB.
2026-10-05T05:18:33Z INFO [391/500] 34336bf7-b8ee-45e8-ad7c-be7d74d30a7c: 116 chunks; 0.9 s; peak memory 1372 MiB.
2026-10-05T05:18:34Z INFO [392/500] 3433ddbc-7e50-4d44-a51f-c086aee9f66a: 46 chunks; 0.6 s; peak memory 1372 MiB.
2026-10-05T05:18:34Z INFO [393/500] 343475d5-d7e4-4280-8ca3-91ba0f2687f4: 47 chunks; 0.5 s; peak memory 1372 MiB.
2026-10-05T05:18:35Z INFO [394/500] 34352006-f4b8-4ed3-a6e3-fbd70b4faf27: 52 chunks; 0.8 s; peak memory 1372 MiB.
2026-10-05T05:18:36Z INFO [395/500] 3435497d-4dfa-4c08-af19-8f8d2a1b6856: 48 chunks; 0.6 s; peak memory 1372 MiB.
2026-10-05T05:20:21Z INFO [396/500] 3435a673-e596-4677-ad77-1e0d9dd02fe5: 61607 chunks; 105.4 s; peak memory 1372 MiB.
2026-10-05T05:20:22Z INFO [397/500] 3435c989-606c-44ab-b00a-b2e8a7f05e45: 102 chunks; 0.7 s; peak memory 1372 MiB.
2026-10-05T05:20:28Z INFO [398/500] 3435d630-cc7b-4baa-a9fb-103549459a96: 20693 chunks; 6.3 s; peak memory 1372 MiB.
2026-10-05T05:20:29Z INFO [399/500] 34366c08-308f-4c33-82ba-8f4a2279a223: 45 chunks; 0.6 s; peak memory 1372 MiB.
2026-10-05T05:20:36Z INFO [400/500] 34367b9f-c8b9-4416-8e76-920df7deff64: 13640 chunks; 6.6 s; peak memory 1372 MiB.
2026-10-05T05:20:36Z INFO [400/500] 34367b9f-c8b9-4416-8e76-920df7deff64: checkpointed 72234 records.
2026-10-05T05:22:26Z INFO [401/500] 34373e4e-2096-4f3e-8790-779424f6d8d3: 40622 chunks; 110.4 s; peak memory 1372 MiB.
2026-10-05T05:22:27Z INFO [402/500] 34379281-f97b-418d-8f39-99c5a9ab68bb: 46 chunks; 0.5 s; peak memory 1372 MiB.
2026-10-05T05:22:28Z INFO [403/500] 3437be98-e1bb-4d57-b289-550f9f125db2: 118 chunks; 0.8 s; peak memory 1372 MiB.
2026-10-05T05:22:31Z INFO [404/500] 3438d120-facf-4f4d-b2e9-a4617588cd16: 452 chunks; 3.7 s; peak memory 1372 MiB.
2026-10-05T05:22:34Z INFO [405/500] 343ac5d0-ea43-4838-ab64-3372c3c5b0e0: 253 chunks; 2.9 s; peak memory 1372 MiB.
2026-10-05T05:22:35Z INFO [406/500] 343ae774-8e7f-4789-8bbe-72bb34c09b6c: 46 chunks; 0.6 s; peak memory 1372 MiB.
2026-10-05T05:22:36Z INFO [407/500] 343b0dda-6cbc-4a9f-beb3-fc1b5a7fa62b: 48 chunks; 0.9 s; peak memory 1372 MiB.
2026-10-05T05:22:37Z INFO [408/500] 343bcbc4-e49a-4e21-9c85-36b404510474: 117 chunks; 0.9 s; peak memory 1372 MiB.
2026-10-05T05:22:38Z INFO [409/500] 343cac24-51db-45a7-ae5c-5aff199a5b53: 117 chunks; 1.1 s; peak memory 1372 MiB.
2026-10-05T05:22:39Z INFO [410/500] 343ed959-d43b-468e-9cba-664a018e7602: 71 chunks; 1.6 s; peak memory 1372 MiB.
2026-10-05T05:22:41Z INFO [411/500] 343f2174-6a7c-46ed-b52f-a505e2f295c6: 141 chunks; 1.8 s; peak memory 1372 MiB.
2026-10-05T05:22:42Z INFO [412/500] 34408b0d-b018-4c33-9f7f-510ce1ea95d1: 48 chunks; 1.0 s; peak memory 1372 MiB.
2026-10-05T05:22:43Z INFO [413/500] 344134f8-125a-45fd-896c-4f9bdcfb9401: 116 chunks; 0.9 s; peak memory 1372 MiB.
2026-10-05T05:22:44Z INFO [414/500] 3441889d-d6ed-40dd-a97d-d1c97999c87d: 71 chunks; 1.2 s; peak memory 1372 MiB.
2026-10-05T05:23:57Z INFO [415/500] 34419705-90c1-4e7e-be4e-a5c77293737e: 14624 chunks; 72.4 s; peak memory 1372 MiB.
2026-10-05T05:23:57Z INFO [416/500] 34428f20-1765-4543-ac7b-d0f29a08241c: 72 chunks; 0.7 s; peak memory 1372 MiB.
2026-10-05T05:23:59Z INFO [417/500] 3442ce7f-3c7c-4636-ae23-128599c6ed2c: 105 chunks; 1.3 s; peak memory 1372 MiB.
2026-10-05T05:24:02Z INFO [418/500] 34430ee0-558d-4c9a-a322-4c1f6947c8df: 2922 chunks; 3.7 s; peak memory 1372 MiB.
2026-10-05T05:24:04Z INFO [419/500] 3443ac41-e4cc-45a9-9cce-666f7600919e: 116 chunks; 1.8 s; peak memory 1372 MiB.
2026-10-05T05:24:05Z INFO [420/500] 3443b47b-981f-4a5f-bf48-cca575efec43: 74 chunks; 1.3 s; peak memory 1372 MiB.
2026-10-05T05:24:07Z INFO [421/500] 3443ef0e-b90d-45a2-a27e-75fa9a264996: 566 chunks; 1.3 s; peak memory 1372 MiB.
2026-10-05T05:24:09Z INFO [422/500] 3444275f-e37c-4e91-a71a-1b720282ffb3: 99 chunks; 2.5 s; peak memory 1372 MiB.
2026-10-05T05:24:10Z INFO [423/500] 344686c7-bf3f-49ff-b9d0-32523bb1f06f: 117 chunks; 0.8 s; peak memory 1372 MiB.
2026-10-05T05:24:11Z INFO [424/500] 3446885b-88e8-4089-91a0-982bbf807864: 37 chunks; 0.6 s; peak memory 1372 MiB.
2026-10-05T05:24:12Z INFO [425/500] 34469c22-824f-4248-8b39-2b7aeb26a342: 997 chunks; 1.5 s; peak memory 1372 MiB.
2026-10-05T05:24:20Z INFO [426/500] 3446ef4e-16c9-41e6-82b7-b42e610ea9cb: 11567 chunks; 7.7 s; peak memory 1372 MiB.
2026-10-05T05:24:21Z INFO [427/500] 3446f58d-3458-4c34-88e6-a6bd421b0a50: 48 chunks; 0.8 s; peak memory 1372 MiB.
2026-10-05T05:24:27Z INFO [428/500] 34480ff8-cc32-46de-98ff-e604a697b591: 336 chunks; 5.9 s; peak memory 1372 MiB.
2026-10-05T05:24:28Z INFO [429/500] 34486106-312d-4fb1-9917-67c0edc2cb81: 71 chunks; 1.5 s; peak memory 1372 MiB.
2026-10-05T05:24:29Z INFO [430/500] 34487413-2dd1-4be3-ad1f-87f62921a907: 48 chunks; 0.8 s; peak memory 1372 MiB.
2026-10-05T05:24:31Z INFO [431/500] 3449251e-4da8-46fc-9c0a-3d481169d36b: 114 chunks; 1.9 s; peak memory 1372 MiB.
2026-10-05T05:24:32Z INFO [432/500] 344a1477-9bcc-4fe0-8f38-4b234459915b: 118 chunks; 0.8 s; peak memory 1372 MiB.
2026-10-05T05:24:33Z INFO [433/500] 344a1821-b71f-4488-8095-d807fdabd205: 66 chunks; 1.0 s; peak memory 1372 MiB.
2026-10-05T05:24:33Z INFO [434/500] 344b0c8e-c0ee-4129-ae63-b20d70acf2ae: 303 chunks; 0.9 s; peak memory 1372 MiB.
2026-10-05T05:24:40Z INFO [435/500] 344b209a-4324-4d8b-9cc6-d68dafca9e7a: 6352 chunks; 6.4 s; peak memory 1372 MiB.
2026-10-05T05:24:47Z INFO [436/500] 344b362a-0eee-4a52-a4fa-67ebfb2e4e99: 12905 chunks; 7.6 s; peak memory 1372 MiB.
2026-10-05T05:24:48Z INFO [437/500] 344b58df-631f-4166-81a2-625b47da8df4: 48 chunks; 0.7 s; peak memory 1372 MiB.
2026-10-05T05:24:49Z INFO [438/500] 344be881-89ed-42bf-ad81-1fb9f5f8ae32: 117 chunks; 0.9 s; peak memory 1372 MiB.
2026-10-05T05:24:50Z INFO [439/500] 344c0236-86e3-449a-9942-add360148480: 116 chunks; 0.7 s; peak memory 1372 MiB.
2026-10-05T05:24:51Z INFO [440/500] 344c922e-455d-4478-b386-07258c0d916c: 71 chunks; 1.5 s; peak memory 1372 MiB.
2026-10-05T05:24:52Z INFO [441/500] 344cab26-edd1-4cb5-a774-5a46fd0b87ab: 48 chunks; 0.9 s; peak memory 1372 MiB.
2026-10-05T05:24:57Z INFO [442/500] 344cb280-004e-4e88-bbe4-530a539daa99: 4151 chunks; 5.3 s; peak memory 1372 MiB.
2026-10-05T05:25:04Z INFO [443/500] 344e5fdb-f96c-4cdd-bf13-78d3abfec8a0: 9710 chunks; 7.0 s; peak memory 1372 MiB.
2026-10-05T05:26:50Z INFO [444/500] 344ee11c-c653-4a96-8772-1c209afcf17f: 40316 chunks; 105.5 s; peak memory 1372 MiB.
2026-10-05T05:26:55Z INFO [445/500] 344f8721-3783-442f-a0d9-a69c4f10cb61: 4151 chunks; 4.8 s; peak memory 1372 MiB.
2026-10-05T05:27:08Z INFO [446/500] 344fa188-1e80-4e76-ade6-03d7cb762d95: 3734 chunks; 13.7 s; peak memory 1372 MiB.
2026-10-05T05:27:09Z INFO [447/500] 345187c3-0c50-447c-9f45-adf9d16d8b08: 48 chunks; 0.7 s; peak memory 1372 MiB.
2026-10-05T05:27:10Z INFO [448/500] 3451f9d4-9b6b-4df4-8286-ea5045587172: 204 chunks; 1.2 s; peak memory 1372 MiB.
2026-10-05T05:27:12Z INFO [449/500] 3452138e-c68d-466e-b963-ffaf9be29dea: 117 chunks; 1.5 s; peak memory 1372 MiB.
2026-10-05T05:27:19Z INFO [450/500] 34523077-9971-4187-9df1-791c907499e4: 27171 chunks; 6.9 s; peak memory 1372 MiB.
2026-10-05T05:27:19Z INFO [450/500] 34523077-9971-4187-9df1-791c907499e4: checkpointed 72284 records.
2026-10-05T05:27:20Z INFO [451/500] 34528039-d97f-4d5b-962c-9d7405dfe321: 110 chunks; 1.2 s; peak memory 1372 MiB.
2026-10-05T05:27:21Z INFO [452/500] 3452dd5c-3380-4700-ace5-6dcf1bbd2737: 117 chunks; 0.8 s; peak memory 1372 MiB.
2026-10-05T05:27:22Z INFO [453/500] 3452f71a-f70b-4550-b188-628f68c4c79d: 46 chunks; 0.8 s; peak memory 1372 MiB.
2026-10-05T05:27:23Z INFO [454/500] 34547035-a5e8-4032-9f78-3d52c452b49f: 71 chunks; 1.1 s; peak memory 1372 MiB.
2026-10-05T05:27:28Z INFO [455/500] 3454d6e3-f6f3-441f-bb1a-91304e8d4f4b: 339 chunks; 5.5 s; peak memory 1372 MiB.
2026-10-05T05:27:29Z INFO [456/500] 34551e9d-6835-4e7c-aa6f-d0a80024bdaa: 48 chunks; 0.8 s; peak memory 1372 MiB.
2026-10-05T05:27:30Z INFO [457/500] 3455c598-4da5-4dab-9cd1-daa599fd7538: 44 chunks; 0.7 s; peak memory 1372 MiB.
2026-10-05T05:27:31Z INFO [458/500] 345602da-a917-420b-9dc9-0afae8ac9348: 48 chunks; 0.9 s; peak memory 1372 MiB.
2026-10-05T05:27:31Z INFO [459/500] 34560936-ba81-4cc2-a0de-a84fc69ceb4b: 112 chunks; 0.7 s; peak memory 1372 MiB.
2026-10-05T05:27:33Z INFO [460/500] 3456e699-6bd6-4010-8d9c-ca2f9a229313: 127 chunks; 1.2 s; peak memory 1372 MiB.
2026-10-05T05:27:33Z INFO [461/500] 34587524-bed7-4aa0-a997-4cd500b754b2: 108 chunks; 0.8 s; peak memory 1372 MiB.
2026-10-05T05:27:44Z INFO [462/500] 34588206-6dcb-4bfa-bf0e-e57a7ce9dd27: 432 chunks; 11.1 s; peak memory 1372 MiB.
2026-10-05T05:29:28Z INFO [463/500] 3458849a-d126-47ec-9960-ce2c2418ad39: 40568 chunks; 103.4 s; peak memory 1372 MiB.
2026-10-05T06:19:57Z INFO [464/500] 3458fa33-e987-42a9-8040-587aa98b21cb: 1543596 chunks; 3028.6 s; peak memory 1372 MiB.
2026-10-05T06:19:57Z INFO [465/500] 345a412f-2d31-4f62-a19a-a4b3e667e0b1: 48 chunks; 0.9 s; peak memory 1372 MiB.
2026-10-05T06:20:02Z INFO [466/500] 345b7cd2-240d-4686-b1cc-64258b3fdd49: 193 chunks; 4.8 s; peak memory 1372 MiB.
2026-10-05T06:20:03Z INFO [467/500] 345c1afa-046f-4123-9250-2c35efbb194c: 117 chunks; 1.1 s; peak memory 1372 MiB.
2026-10-05T06:20:06Z INFO [468/500] 345cf111-eef0-4247-bb08-06153750858b: 156 chunks; 2.2 s; peak memory 1372 MiB.
2026-10-05T06:20:08Z INFO [469/500] 345d8ee3-a8d0-4cc6-b8e3-1c11dc35d6a0: 101 chunks; 2.4 s; peak memory 1372 MiB.
2026-10-05T06:20:09Z INFO [470/500] 345df8e4-4a89-4a58-a8e6-db4d8e66188d: 105 chunks; 1.2 s; peak memory 1372 MiB.
2026-10-05T06:20:11Z INFO [471/500] 345e1dd2-85a1-4105-8a10-3e9c50c0eff2: 71 chunks; 1.5 s; peak memory 1372 MiB.
2026-10-05T06:20:11Z INFO [472/500] 345ee4be-6be5-441a-af52-e0b575532bb3: 48 chunks; 0.7 s; peak memory 1372 MiB.
2026-10-05T06:20:12Z INFO [473/500] 345fcea1-2d19-4608-bc46-25ca77104f32: 48 chunks; 0.8 s; peak memory 1372 MiB.
2026-10-05T06:20:14Z INFO [474/500] 34603c1f-dcf2-4d6d-aa57-7e89fc1df029: 156 chunks; 2.2 s; peak memory 1372 MiB.
2026-10-05T06:20:15Z INFO [475/500] 346254e8-bed6-443f-8c2e-9597eff0f0fe: 114 chunks; 0.7 s; peak memory 1372 MiB.
2026-10-05T06:20:16Z INFO [476/500] 3462f78f-c1d2-44ec-a350-e70a7630b1b9: 117 chunks; 0.8 s; peak memory 1372 MiB.
2026-10-05T06:20:32Z INFO [477/500] 346356b8-29f9-4ed8-962f-19c321b0daf2: 5648 chunks; 15.7 s; peak memory 1372 MiB.
2026-10-05T06:20:32Z INFO [478/500] 34635a6b-60f0-44b5-b3be-7891f8fe64f1: 46 chunks; 0.7 s; peak memory 1372 MiB.
2026-10-05T06:22:24Z INFO [479/500] 3463fdf6-0307-4c98-add2-06b8a5299853: 61607 chunks; 111.3 s; peak memory 1372 MiB.
2026-10-05T06:22:29Z INFO [480/500] 3465c9df-8007-4543-9860-736265b74f9e: 16940 chunks; 5.2 s; peak memory 1372 MiB.
2026-10-05T06:22:30Z INFO [481/500] 34666ce1-ac74-4af2-869f-2a160073dbfa: 62 chunks; 1.2 s; peak memory 1372 MiB.
2026-10-05T06:22:32Z INFO [482/500] 3466960b-f85f-41b2-b680-77bb5fbb8dab: 115 chunks; 1.6 s; peak memory 1372 MiB.
2026-10-05T06:22:33Z INFO [483/500] 3466fcb7-948e-4adc-9213-300f873c2c6b: 66 chunks; 1.1 s; peak memory 1372 MiB.
2026-10-05T06:22:35Z INFO [484/500] 3467d429-ab17-42a8-87e1-3f68db2fb753: 156 chunks; 2.0 s; peak memory 1372 MiB.
2026-10-05T06:22:43Z INFO [485/500] 3468095d-6ce0-4110-bebc-400ef1e4f579: 19618 chunks; 8.3 s; peak memory 1372 MiB.
2026-10-05T06:22:46Z INFO [486/500] 34688697-aad3-462a-bbb2-406a16e03d70: 3100 chunks; 2.6 s; peak memory 1372 MiB.
2026-10-05T06:22:47Z INFO [487/500] 3468db9a-e916-4762-bcf4-452427e8b6ee: 112 chunks; 1.1 s; peak memory 1372 MiB.
2026-10-05T06:23:01Z INFO [488/500] 3468ef46-b875-4007-9050-d9da8919be7d: 5640 chunks; 14.4 s; peak memory 1372 MiB.
2026-10-05T06:23:02Z INFO [489/500] 3468ef51-30b5-4687-b50d-1d32725867f0: 48 chunks; 0.9 s; peak memory 1372 MiB.
2026-10-05T06:23:03Z INFO [490/500] 34697305-005e-4e98-bcbd-7776d16e69d3: 117 chunks; 0.7 s; peak memory 1372 MiB.
2026-10-05T06:23:04Z INFO [491/500] 3469bf1f-4453-420f-8325-2635805f4ef2: 48 chunks; 0.8 s; peak memory 1372 MiB.
2026-10-05T06:23:05Z INFO [492/500] 346a3882-441d-4051-8560-fae53243adfd: 71 chunks; 1.5 s; peak memory 1372 MiB.
2026-10-05T06:23:05Z INFO [493/500] 346a9342-89af-4734-a6e1-60e7ab8f4f49: 46 chunks; 0.4 s; peak memory 1372 MiB.
2026-10-05T06:23:09Z INFO [494/500] 346b3c40-ed9a-416d-b7ca-4e2a6d6131d0: 7983 chunks; 3.7 s; peak memory 1372 MiB.
2026-10-05T06:23:10Z INFO [495/500] 346b666a-2509-4aae-8f3c-96383a6da9f2: 112 chunks; 1.1 s; peak memory 1372 MiB.
2026-10-05T06:23:11Z INFO [496/500] 346c7308-94b7-4cf8-967c-7c3c832bc682: 52 chunks; 0.8 s; peak memory 1372 MiB.
2026-10-05T06:23:12Z INFO [497/500] 346d1cfc-9fb7-469a-be43-6351010ee517: 71 chunks; 1.4 s; peak memory 1372 MiB.
2026-10-05T06:23:13Z INFO [498/500] 346e2f4f-933c-49a8-92fd-1ab8ff7e8232: 59 chunks; 0.9 s; peak memory 1372 MiB.
2026-10-05T06:23:15Z INFO [499/500] 346ed071-7d29-4910-8c0b-b81cf6e8ded8: 123 chunks; 1.7 s; peak memory 1372 MiB.
2026-10-05T06:23:17Z INFO [500/500] 346f7d33-c5f1-4145-9160-a28162f87fe1: 997 chunks; 1.6 s; peak memory 1372 MiB.
2026-10-05T06:23:17Z INFO [500/500] 346f7d33-c5f1-4145-9160-a28162f87fe1: checkpointed 72334 records.
2026-10-05T06:23:17Z INFO Wrote 72334 records to /tmp/derivatives/valid_nwb_file_to_chunk_stats.jsonl (500 new, 0 failed) in 95.7 min (peak memory 1372 MiB).
