2026-10-09T17:01:28Z INFO Logging to /tmp/logs/update_2026-10-09T17-01-28Z.log.
2026-10-09T17:01:28Z INFO Update valid-nwb-file-to-chunk-stats (base directory /tmp).
2026-10-09T17:01:28Z INFO Processing 500 items (98334 already recorded).
2026-10-09T17:01:30Z INFO [1/500] 6a81e763-db06-4cee-ad46-17c6845c2494: 49 chunks; 1.8 s; peak memory 201 MiB.
2026-10-09T17:01:31Z INFO [2/500] 6a82445d-48e9-40b8-bda9-0736454e3b84: 48 chunks; 1.3 s; peak memory 201 MiB.
2026-10-09T17:01:38Z INFO [3/500] 6a8354c0-5bed-4416-8370-29929cbb849f: 174 chunks; 6.5 s; peak memory 205 MiB.
2026-10-09T17:01:40Z INFO [4/500] 6a838d46-e434-49b8-b5a0-2fbdd55d6f9a: 112 chunks; 1.8 s; peak memory 206 MiB.
2026-10-09T17:01:42Z INFO [5/500] 6a84d730-d2a7-47c2-a9b5-937fcb91394b: 132 chunks; 2.3 s; peak memory 206 MiB.
2026-10-09T17:01:43Z INFO [6/500] 6a84e4e1-2e03-46f7-9ccd-117ef7066917: 118 chunks; 1.4 s; peak memory 206 MiB.
2026-10-09T17:01:45Z INFO [7/500] 6a859c63-9cda-4189-a85e-ce462399e0bf: 118 chunks; 1.6 s; peak memory 207 MiB.
2026-10-09T17:01:46Z INFO [8/500] 6a875bee-06b9-476e-9f73-a8612b18d8ec: 48 chunks; 1.2 s; peak memory 207 MiB.
2026-10-09T17:01:47Z INFO [9/500] 6a881135-8741-40f1-82d2-daafbed0adcc: 48 chunks; 1.3 s; peak memory 207 MiB.
2026-10-09T17:01:49Z INFO [10/500] 6a881868-90fd-4228-920e-2b6d69f77abd: 117 chunks; 1.8 s; peak memory 207 MiB.
2026-10-09T17:01:51Z INFO [11/500] 6a885919-50e4-4c2a-8507-957aaf4d1619: 66 chunks; 2.1 s; peak memory 207 MiB.
2026-10-09T17:01:53Z INFO [12/500] 6a8903e8-3d5d-44f4-8459-5b21f99161af: 62 chunks; 2.0 s; peak memory 207 MiB.
2026-10-09T17:01:55Z INFO [13/500] 6a8a2b92-d77f-49c2-a515-f19e6ed08c1f: 48 chunks; 1.4 s; peak memory 207 MiB.
2026-10-09T17:01:56Z INFO [14/500] 6a8aacf0-89f9-447c-a5fd-b814e3476946: 39 chunks; 1.3 s; peak memory 207 MiB.
2026-10-09T17:01:57Z INFO [15/500] 6a8af27c-4c52-4015-a8b6-a3feed431e5b: 46 chunks; 1.3 s; peak memory 207 MiB.
2026-10-09T17:01:59Z INFO [16/500] 6a8b1636-ef7e-4306-9c6a-65c77d214bcf: 113 chunks; 1.6 s; peak memory 208 MiB.
2026-10-09T17:02:03Z INFO [17/500] 6a8b57e2-5cf0-4968-95c2-7cf943603786: 133 chunks; 3.9 s; peak memory 211 MiB.
2026-10-09T17:02:04Z INFO [18/500] 6a8ba9a1-a980-4467-9208-26538a23fe74: 48 chunks; 1.4 s; peak memory 212 MiB.
2026-10-09T17:02:10Z INFO [19/500] 6a8bda43-2c2e-4cb2-a74d-7bb7431d5e8a: 1598 chunks; 5.9 s; peak memory 225 MiB.
2026-10-09T17:02:11Z INFO [20/500] 6a8c7c61-0ca3-4495-bbf0-d6e719c3c2d9: 121 chunks; 1.2 s; peak memory 225 MiB.
2026-10-09T17:02:13Z INFO [21/500] 6a8cbc30-0835-4b75-870c-37a1e0c57602: 49 chunks; 1.8 s; peak memory 225 MiB.
2026-10-09T17:02:15Z INFO [22/500] 6a8d39f2-b6fe-4b74-a5de-556f4a7cd4ca: 48 chunks; 1.4 s; peak memory 225 MiB.
2026-10-09T17:02:29Z INFO [23/500] 6a8d8236-ccd0-406c-8005-dcc598a1b355: 326 chunks; 14.7 s; peak memory 234 MiB.
2026-10-09T17:02:31Z INFO [24/500] 6a8da1f8-34a8-43f0-8b0b-2acdfd819517: 110 chunks; 1.7 s; peak memory 234 MiB.
2026-10-09T17:02:33Z INFO [25/500] 6a8dccdd-2f54-4a40-8d00-9739d66b3c3a: 118 chunks; 2.4 s; peak memory 234 MiB.
2026-10-09T17:02:37Z INFO [26/500] 6a8dd4cc-f263-46de-b6cb-093f55cd39e6: 156 chunks; 3.6 s; peak memory 234 MiB.
2026-10-09T17:02:39Z INFO [27/500] 6a8de07b-7ca9-4d31-a8e9-8723cdbc5b15: 62 chunks; 2.1 s; peak memory 234 MiB.
2026-10-09T17:02:41Z INFO [28/500] 6a8e60ed-37b2-4779-9fa6-0dea5d56b84e: 69 chunks; 2.0 s; peak memory 234 MiB.
2026-10-09T17:02:42Z INFO [29/500] 6a8e92d2-7487-4878-b7e5-42a16c2d5bf4: 102 chunks; 1.2 s; peak memory 234 MiB.
2026-10-09T17:02:44Z INFO [30/500] 6a8ef1f7-f337-401e-9918-02dba772b065: 113 chunks; 1.8 s; peak memory 234 MiB.
2026-10-09T17:02:46Z INFO [31/500] 6a8f0bb6-3b94-4a74-b5ec-ea419db11e07: 112 chunks; 1.7 s; peak memory 234 MiB.
2026-10-09T17:02:47Z INFO [32/500] 6a91096a-16b5-4a1e-9e53-d188e97e18de: 117 chunks; 1.5 s; peak memory 234 MiB.
2026-10-09T17:02:49Z INFO [33/500] 6a9109ed-7cbe-4ac6-9f1a-82393a2feac3: 116 chunks; 1.4 s; peak memory 234 MiB.
2026-10-09T17:02:58Z INFO [34/500] 6a911d61-ef05-4a42-85f6-525a6c24590e: 11168 chunks; 9.0 s; peak memory 234 MiB.
2026-10-09T17:03:01Z INFO [35/500] 6a9127f2-b764-41f9-b72d-0e0012820c14: 156 chunks; 3.7 s; peak memory 234 MiB.
2026-10-09T17:03:22Z INFO [36/500] 6a91c11b-d9e6-4e9e-a062-210a2bbcbef0: 22666 chunks; 20.7 s; peak memory 260 MiB.
2026-10-09T17:03:23Z INFO [37/500] 6a91f212-ed22-4c85-b26d-0a0afb5c8e90: 48 chunks; 1.3 s; peak memory 260 MiB.
2026-10-09T17:03:25Z INFO [38/500] 6a924887-a256-4887-a332-b942fe781d4f: 118 chunks; 1.7 s; peak memory 260 MiB.
2026-10-09T17:03:27Z INFO [39/500] 6a92b48f-fcd4-4ccc-aad2-120de9e933e2: 66 chunks; 1.7 s; peak memory 260 MiB.
2026-10-09T17:03:32Z INFO [40/500] 6a92e25d-2f18-4e32-a18f-f0464c229b19: 817 chunks; 5.5 s; peak memory 260 MiB.
2026-10-09T17:03:40Z INFO [41/500] 6a9340c6-4a9a-4d09-9f89-fd273fe3d99d: 282 chunks; 7.8 s; peak memory 260 MiB.
2026-10-09T17:03:41Z INFO [42/500] 6a936e03-2c54-40f7-a3c8-e94a2437168d: 48 chunks; 1.3 s; peak memory 260 MiB.
2026-10-09T17:03:45Z INFO [43/500] 6a944de1-3d64-4752-b8cf-d3f31636b681: 157 chunks; 3.6 s; peak memory 260 MiB.
2026-10-09T17:03:54Z INFO [44/500] 6a949a3a-78f6-4475-b07a-f772b05b63f2: 27404 chunks; 8.9 s; peak memory 261 MiB.
2026-10-09T17:03:55Z INFO [45/500] 6a94a1c7-aa41-4042-9325-17594cf0f7f1: 118 chunks; 1.6 s; peak memory 261 MiB.
2026-10-09T17:03:57Z INFO [46/500] 6a94c6b2-a2eb-45cc-b382-890e0bf5ef23: 46 chunks; 1.1 s; peak memory 261 MiB.
2026-10-09T17:04:36Z INFO [47/500] 6a957dc3-69e0-4877-9326-8ef8f3cbebd5: 16441 chunks; 39.7 s; peak memory 271 MiB.
2026-10-09T17:04:38Z INFO [48/500] 6a95dadf-ec42-41f1-b678-6d250c5b4305: 66 chunks; 1.8 s; peak memory 271 MiB.
2026-10-09T17:04:40Z INFO [49/500] 6a95f51d-da63-4088-b08d-fa896c191a89: 117 chunks; 1.7 s; peak memory 271 MiB.
2026-10-09T17:04:41Z INFO [50/500] 6a9619bb-7a7a-4096-95ba-899bc1c72d97: 48 chunks; 1.3 s; peak memory 271 MiB.
2026-10-09T17:04:41Z INFO [50/500] 6a9619bb-7a7a-4096-95ba-899bc1c72d97: checkpointed 98384 new records.
2026-10-09T17:04:46Z INFO [51/500] 6a964e1f-4289-48ad-bb20-aec1e17179d1: 241 chunks; 4.5 s; peak memory 271 MiB.
2026-10-09T17:04:47Z INFO [52/500] 6a967bd8-ccb8-46e9-8391-af431db200c7: 52 chunks; 1.4 s; peak memory 271 MiB.
2026-10-09T17:04:49Z INFO [53/500] 6a97147d-c327-4000-bf18-231f1471c172: 114 chunks; 1.4 s; peak memory 271 MiB.
2026-10-09T17:04:50Z INFO [54/500] 6a97366f-bb6d-428f-ae54-4978bc52fc2b: 45 chunks; 1.1 s; peak memory 271 MiB.
2026-10-09T17:04:51Z INFO [55/500] 6a975d73-065b-4e4a-809e-00ec1a2dce8c: 48 chunks; 1.4 s; peak memory 271 MiB.
2026-10-09T17:04:52Z INFO [56/500] 6a97ca5e-003d-4d9a-afa2-2fd476b571db: 50 chunks; 1.1 s; peak memory 271 MiB.
2026-10-09T17:04:54Z INFO [57/500] 6a980184-702c-4581-9a62-ec3c4e357408: 63 chunks; 1.4 s; peak memory 271 MiB.
2026-10-09T17:04:56Z INFO [58/500] 6a997180-d683-4d9d-9b90-05b7dc97c11c: 128 chunks; 2.4 s; peak memory 271 MiB.
2026-10-09T17:04:58Z INFO [59/500] 6a9a91ee-00c8-4a9f-8c3f-570cb1b1d402: 118 chunks; 1.5 s; peak memory 271 MiB.
2026-10-09T17:04:59Z INFO [60/500] 6a9aaa15-943c-40ec-b7d0-39b63cdaa61c: 110 chunks; 1.8 s; peak memory 271 MiB.
2026-10-09T17:05:00Z INFO [61/500] 6a9ac982-6d28-48a2-8190-c8cfc92b71e0: 46 chunks; 1.1 s; peak memory 271 MiB.
2026-10-09T17:05:02Z INFO [62/500] 6a9baed3-8df9-48ac-9b3e-1ef9dd8a7708: 112 chunks; 2.1 s; peak memory 271 MiB.
2026-10-09T17:05:04Z INFO [63/500] 6a9bb4ed-9c6c-4375-9b6d-6b1292649d88: 117 chunks; 1.5 s; peak memory 271 MiB.
2026-10-09T17:05:55Z INFO [64/500] 6a9bca79-b943-449e-b98c-c6e440b04380: 22322 chunks; 51.1 s; peak memory 289 MiB.
2026-10-09T17:05:56Z INFO [65/500] 6a9c6d59-f0a6-49af-8eb9-b4d929036213: 48 chunks; 1.4 s; peak memory 289 MiB.
2026-10-09T17:05:58Z INFO [66/500] 6a9c9732-ecb8-415a-8f0b-b26df83b46e8: 62 chunks; 1.9 s; peak memory 289 MiB.
2026-10-09T17:06:00Z INFO [67/500] 6a9d5c7f-ac17-4f13-8284-4485c39621c5: 117 chunks; 1.7 s; peak memory 290 MiB.
2026-10-09T17:06:02Z INFO [68/500] 6a9e09e7-ee76-4899-b07e-56f6b3d91dfc: 132 chunks; 1.6 s; peak memory 290 MiB.
2026-10-09T17:06:03Z INFO [69/500] 6a9e13ac-89e4-4539-9195-7d23f8c1d3c9: 48 chunks; 1.3 s; peak memory 290 MiB.
2026-10-09T17:06:04Z INFO [70/500] 6a9e7171-197a-4176-8178-3aad1c9e339b: 48 chunks; 1.3 s; peak memory 290 MiB.
2026-10-09T17:06:11Z INFO [71/500] 6a9e7196-2ee3-4e64-aed4-5be1781b1b4f: 2923 chunks; 7.3 s; peak memory 290 MiB.
2026-10-09T17:06:13Z INFO [72/500] 6a9e853f-175d-4290-900c-dbf339b7624d: 48 chunks; 1.2 s; peak memory 290 MiB.
2026-10-09T17:06:14Z INFO [73/500] 6a9f0986-f280-4e73-959a-83a2beb37bd3: 48 chunks; 1.3 s; peak memory 290 MiB.
2026-10-09T17:09:09Z INFO [74/500] 6a9fe132-6273-4cf9-b592-48791a49b0db: 42690 chunks; 174.6 s; peak memory 387 MiB.
2026-10-09T17:11:50Z INFO [75/500] 6aa0d1f9-abc9-42ac-b4e0-437c867f34f8: 38039 chunks; 161.2 s; peak memory 387 MiB.
2026-10-09T17:11:52Z INFO [76/500] 6aa11544-8c21-4c97-9432-c52406459d18: 121 chunks; 2.7 s; peak memory 387 MiB.
2026-10-09T17:11:54Z INFO [77/500] 6aa1d314-0e30-4361-901c-54fba5627361: 117 chunks; 1.4 s; peak memory 387 MiB.
2026-10-09T17:11:57Z INFO [78/500] 6aa24786-1753-4900-8b3a-13e461f7f0fa: 114 chunks; 3.6 s; peak memory 387 MiB.
2026-10-09T17:11:59Z INFO [79/500] 6aa2d4c9-9069-4c03-b158-68f7eb380c93: 112 chunks; 1.8 s; peak memory 387 MiB.
2026-10-09T17:12:01Z INFO [80/500] 6aa5fe7d-f61f-43a1-aa12-f328e8bf9ebb: 78 chunks; 2.0 s; peak memory 387 MiB.
2026-10-09T17:12:13Z INFO [81/500] 6aa62ec0-a1b5-437b-8b03-8d3e6c0950c4: 5801 chunks; 11.2 s; peak memory 387 MiB.
2026-10-09T17:12:14Z INFO [82/500] 6aa6b56f-7bcf-4264-9cfa-8844b56e6cda: 289 chunks; 1.8 s; peak memory 387 MiB.
2026-10-09T17:12:17Z INFO [83/500] 6aa6bd0b-2ee9-4b1c-ae04-8288b68d12ff: 123 chunks; 2.4 s; peak memory 387 MiB.
2026-10-09T17:12:29Z INFO [84/500] 6aa6f300-4a85-4dd7-810a-33e9b70e1ecf: 20134 chunks; 12.0 s; peak memory 387 MiB.
2026-10-09T17:12:30Z INFO [85/500] 6aa70126-6f69-4e04-8364-28424dff5682: 48 chunks; 1.5 s; peak memory 387 MiB.
2026-10-09T17:13:00Z INFO [86/500] 6aa73762-1f3a-4452-8291-041388f4e2c1: 6140 chunks; 30.0 s; peak memory 387 MiB.
2026-10-09T17:13:02Z INFO [87/500] 6aa74275-adb9-4622-9352-b808417b62f2: 117 chunks; 2.0 s; peak memory 387 MiB.
2026-10-09T17:13:04Z INFO [88/500] 6aa797e4-c16d-4c4a-881a-3bc9097480a8: 71 chunks; 2.1 s; peak memory 387 MiB.
2026-10-09T17:13:06Z INFO [89/500] 6aa7a880-ea33-4543-99eb-20fd78ee6b96: 48 chunks; 1.3 s; peak memory 387 MiB.
2026-10-09T17:13:16Z INFO [90/500] 6aa7e541-90a2-4ef0-ba83-4b5ccb1d2d7c: 1053 chunks; 10.4 s; peak memory 387 MiB.
2026-10-09T17:13:17Z INFO [91/500] 6aa8e4f6-d406-4d21-874d-989d9deccbaa: 116 chunks; 1.4 s; peak memory 387 MiB.
2026-10-09T17:13:21Z INFO [92/500] 6aa98ddc-32de-4159-8b44-224c95aef57b: 156 chunks; 3.9 s; peak memory 387 MiB.
2026-10-09T17:13:23Z INFO [93/500] 6aaa36ea-d4e5-4fa3-904d-616f0a1140bc: 46 chunks; 1.3 s; peak memory 387 MiB.
2026-10-09T17:13:24Z INFO [94/500] 6aaa7fe7-e7cb-4cc5-87c1-ed145759c926: 41 chunks; 1.3 s; peak memory 387 MiB.
2026-10-09T17:13:25Z INFO [95/500] 6aaafb98-47e9-4c9c-b80a-0a5bb833a7a5: 48 chunks; 1.5 s; peak memory 387 MiB.
2026-10-09T17:13:27Z INFO [96/500] 6aab5387-f2d3-4f09-a861-9f22895474eb: 48 chunks; 1.4 s; peak memory 387 MiB.
2026-10-09T17:13:28Z INFO [97/500] 6aabc63e-a915-4156-9195-c30182cc6643: 48 chunks; 1.2 s; peak memory 387 MiB.
2026-10-09T17:13:29Z INFO [98/500] 6aac0592-7bf7-4632-8d42-3f0cabcd04de: 58 chunks; 1.1 s; peak memory 387 MiB.
2026-10-09T17:13:30Z INFO [99/500] 6aac9c17-bbc5-4502-a32d-d2a9473f06f1: 47 chunks; 1.2 s; peak memory 387 MiB.
2026-10-09T17:13:32Z INFO [100/500] 6aacade7-a9ba-40ae-baa7-9a9436538314: 112 chunks; 1.8 s; peak memory 387 MiB.
2026-10-09T17:13:32Z INFO [100/500] 6aacade7-a9ba-40ae-baa7-9a9436538314: checkpointed 98434 new records.
2026-10-09T17:13:34Z INFO [101/500] 6aad0aac-7726-4847-ae19-0436ff7188ff: 112 chunks; 1.9 s; peak memory 387 MiB.
2026-10-09T17:13:36Z INFO [102/500] 6aad1c2f-c139-4397-9d60-8c64eb9f1051: 67 chunks; 1.6 s; peak memory 387 MiB.
2026-10-09T17:13:37Z INFO [103/500] 6aad62db-5c99-4139-8a05-8af1f175afa8: 132 chunks; 1.4 s; peak memory 387 MiB.
2026-10-09T17:13:39Z INFO [104/500] 6aad859b-8d1d-4557-859e-b2da277e1a14: 118 chunks; 1.7 s; peak memory 387 MiB.
2026-10-09T17:13:42Z INFO [105/500] 6aae1939-4782-4088-b5f7-42ef42d4db39: 123 chunks; 2.5 s; peak memory 387 MiB.
2026-10-09T17:13:43Z INFO [106/500] 6aae6651-554d-4b37-9ca5-45803eccd42c: 72 chunks; 1.2 s; peak memory 387 MiB.
2026-10-09T17:13:44Z INFO [107/500] 6aaeb2ea-6de7-44d0-8631-e16aec9fbd1f: 117 chunks; 1.5 s; peak memory 387 MiB.
2026-10-09T17:13:46Z INFO [108/500] 6aaf4165-f614-4ef6-8c54-791d5749ba19: 48 chunks; 1.4 s; peak memory 387 MiB.
2026-10-09T17:13:47Z INFO [109/500] 6aaffbfc-75f3-4812-8375-acdab08340f3: 42 chunks; 1.2 s; peak memory 387 MiB.
2026-10-09T17:13:48Z INFO [110/500] 6ab0cca9-0db9-4c59-8c1a-f2845e1f9486: 117 chunks; 1.5 s; peak memory 387 MiB.
2026-10-09T17:13:50Z INFO [111/500] 6ab1289b-8659-4195-a4cc-0b355d21738e: 114 chunks; 1.6 s; peak memory 387 MiB.
2026-10-09T17:13:51Z INFO [112/500] 6ab13fdd-11b0-40e3-9496-994e76de91bc: 118 chunks; 1.5 s; peak memory 387 MiB.
2026-10-09T17:13:53Z INFO [113/500] 6ab17da4-d9f0-45c0-befa-175e24ee7fd7: 112 chunks; 1.9 s; peak memory 387 MiB.
2026-10-09T17:13:54Z INFO [114/500] 6ab1c815-93c0-40e1-862a-aac1e7945768: 45 chunks; 1.0 s; peak memory 387 MiB.
2026-10-09T17:13:56Z INFO [115/500] 6ab239b2-cee4-4ad3-abde-f3a724607d5f: 117 chunks; 1.8 s; peak memory 387 MiB.
2026-10-09T17:14:04Z INFO [116/500] 6ab32b5c-624d-4239-8872-37f72fe1ca69: 16592 chunks; 8.0 s; peak memory 387 MiB.
2026-10-09T17:14:07Z INFO [117/500] 6ab3dd6e-9529-4410-8f77-6a269fa7a477: 123 chunks; 3.2 s; peak memory 387 MiB.
2026-10-09T17:14:09Z INFO [118/500] 6ab41ae2-1433-478e-be93-53dc4aa9130b: 69 chunks; 2.0 s; peak memory 387 MiB.
2026-10-09T17:14:11Z INFO [119/500] 6ab4bdca-c2a7-4c39-b76c-c1c792f0955c: 84 chunks; 2.0 s; peak memory 387 MiB.
2026-10-09T17:14:13Z INFO [120/500] 6ab53786-79a0-4e12-b9d3-6ce2bb2bdc93: 78 chunks; 1.5 s; peak memory 387 MiB.
2026-10-09T17:14:14Z INFO [121/500] 6ab5a0d3-a274-464e-a897-e5201bd43de3: 48 chunks; 1.4 s; peak memory 387 MiB.
2026-10-09T17:14:16Z INFO [122/500] 6ab60fe8-ac55-4220-87d5-35a226940132: 48 chunks; 1.3 s; peak memory 387 MiB.
2026-10-09T17:14:17Z INFO [123/500] 6ab7116d-5d69-4824-a02d-fb140b92d08e: 142 chunks; 1.5 s; peak memory 387 MiB.
2026-10-09T17:14:18Z INFO [124/500] 6ab76ef3-767c-4d5c-861a-5237b7e4793b: 48 chunks; 1.5 s; peak memory 387 MiB.
2026-10-09T17:14:32Z INFO [125/500] 6ab79a4e-d8f4-444e-8cb5-f8adcab1f955: 17303 chunks; 13.9 s; peak memory 387 MiB.
2026-10-09T17:14:34Z INFO [126/500] 6ab7a8b8-88c1-488e-bb4f-cdb2b3e7055c: 48 chunks; 1.3 s; peak memory 387 MiB.
2026-10-09T17:14:36Z INFO [127/500] 6ab85ca2-acc9-4142-8230-0f6fb5ab0aed: 112 chunks; 1.8 s; peak memory 387 MiB.
2026-10-09T17:14:37Z INFO [128/500] 6ab9056b-dd15-4084-805e-339b5f6c70fc: 48 chunks; 1.2 s; peak memory 387 MiB.
2026-10-09T17:14:39Z INFO [129/500] 6ab993c1-07b3-4aeb-bec9-d1d2dd195d2e: 59 chunks; 1.8 s; peak memory 387 MiB.
2026-10-09T17:14:56Z INFO [130/500] 6ab9d82f-eb2c-433b-b043-b8e09a749639: 8229 chunks; 17.7 s; peak memory 387 MiB.
2026-10-09T17:14:59Z INFO [131/500] 6aba624b-04d8-4b9b-8038-6ebae225ad52: 71 chunks; 3.1 s; peak memory 387 MiB.
2026-10-09T17:15:01Z INFO [132/500] 6abaaf46-0df5-4278-ac6f-0dbce052f5bb: 43 chunks; 1.3 s; peak memory 387 MiB.
2026-10-09T17:15:02Z INFO [133/500] 6abb0bf2-d9b2-4488-b7a6-b93177947480: 45 chunks; 1.7 s; peak memory 387 MiB.
2026-10-09T17:15:04Z INFO [134/500] 6abbaee8-825e-4e6b-b667-4cc5cca3d3ae: 48 chunks; 1.3 s; peak memory 387 MiB.
2026-10-09T17:15:05Z INFO [135/500] 6abc331f-76bd-45fe-a64e-85b92117c07f: 46 chunks; 1.0 s; peak memory 387 MiB.
2026-10-09T17:15:21Z INFO [136/500] 6abc7f02-ebe6-476b-bdf5-3d39a4898159: 3270 chunks; 16.3 s; peak memory 387 MiB.
2026-10-09T17:15:22Z INFO [137/500] 6abddd36-563b-4583-97a7-26088b0a5e9c: 48 chunks; 1.3 s; peak memory 387 MiB.
2026-10-09T17:15:25Z INFO [138/500] 6abfe0f5-88ac-4219-b40a-4d801982aca7: 115 chunks; 3.2 s; peak memory 387 MiB.
2026-10-09T17:15:27Z INFO [139/500] 6abffd6e-f5a4-42cd-a146-96250e62ea86: 112 chunks; 1.7 s; peak memory 387 MiB.
2026-10-09T17:15:35Z INFO [140/500] 6ac101bb-45f1-4a70-8ddf-59c12dc9a4f3: 451 chunks; 8.1 s; peak memory 387 MiB.
2026-10-09T17:15:38Z INFO [141/500] 6ac15dc3-b1da-49ba-a330-8cbcc0b4ddff: 71 chunks; 2.6 s; peak memory 387 MiB.
2026-10-09T17:15:40Z INFO [142/500] 6ac1bae4-73cb-4d7f-a068-a2776229aab4: 53 chunks; 2.6 s; peak memory 387 MiB.
2026-10-09T17:15:42Z INFO [143/500] 6ac1f9fd-8eda-4e3b-bf59-c7243748248e: 49 chunks; 1.6 s; peak memory 387 MiB.
2026-10-09T17:15:44Z INFO [144/500] 6ac2c11d-5f13-458f-b34b-6cce5c273cb8: 92 chunks; 1.5 s; peak memory 387 MiB.
2026-10-09T17:15:46Z INFO [145/500] 6ac30518-3731-4aac-8aa4-ebf3b398306d: 112 chunks; 2.3 s; peak memory 387 MiB.
2026-10-09T17:15:48Z INFO [146/500] 6ac3369a-1ad8-4532-866a-d0b405c5b183: 116 chunks; 1.7 s; peak memory 387 MiB.
2026-10-09T17:15:49Z INFO [147/500] 6ac47f62-31e6-4625-96a8-5657a44a6e69: 58 chunks; 1.2 s; peak memory 387 MiB.
2026-10-09T17:15:50Z INFO [148/500] 6ac5859c-69bb-4649-8854-2d81b4459f93: 48 chunks; 1.2 s; peak memory 387 MiB.
2026-10-09T17:16:03Z INFO [149/500] 6ac5e439-1fee-434f-86d9-d93105c9ad05: 2560 chunks; 13.3 s; peak memory 387 MiB.
2026-10-09T17:16:05Z INFO [150/500] 6ac6496f-23ea-4562-9865-e786d802c87e: 117 chunks; 1.6 s; peak memory 387 MiB.
2026-10-09T17:16:05Z INFO [150/500] 6ac6496f-23ea-4562-9865-e786d802c87e: checkpointed 98484 new records.
2026-10-09T17:16:06Z INFO [151/500] 6ac658f4-2f1d-4b38-8158-f02540e5d84e: 46 chunks; 1.3 s; peak memory 387 MiB.
2026-10-09T17:16:07Z INFO [152/500] 6ac76eb4-d008-4c96-a441-9b100cd2cda8: 52 chunks; 1.0 s; peak memory 387 MiB.
2026-10-09T17:16:12Z INFO [153/500] 6ac7964e-0ded-436f-abff-7fe809234824: 2655 chunks; 4.8 s; peak memory 387 MiB.
2026-10-09T17:16:14Z INFO [154/500] 6ac7ceb1-c549-4a39-bd9c-81da382d33c7: 48 chunks; 1.4 s; peak memory 387 MiB.
2026-10-09T17:16:21Z INFO [155/500] 6ac7dd0a-f0ba-4b41-b080-402d494a0a3c: 8746 chunks; 7.5 s; peak memory 387 MiB.
2026-10-09T17:16:23Z INFO [156/500] 6ac8c42a-9d46-4f8d-8541-2b9ea8f008e2: 153 chunks; 1.6 s; peak memory 387 MiB.
2026-10-09T17:16:24Z INFO [157/500] 6aca1fe7-be80-40b3-86ab-c5a2dcf6b33c: 112 chunks; 1.7 s; peak memory 387 MiB.
2026-10-09T17:16:28Z INFO [158/500] 6acafd6d-83fa-44e4-a5c8-2a5f4697b06f: 156 chunks; 3.8 s; peak memory 387 MiB.
2026-10-09T17:16:31Z INFO [159/500] 6acb1f0f-2dc6-42e1-a822-1c6ab6dc7351: 204 chunks; 2.3 s; peak memory 387 MiB.
2026-10-09T17:16:32Z INFO [160/500] 6acbf27b-3a01-4722-9e23-c8c55103846c: 48 chunks; 1.3 s; peak memory 387 MiB.
2026-10-09T17:16:33Z INFO [161/500] 6acbf33b-752e-4edf-932e-d4a42688e88a: 48 chunks; 1.2 s; peak memory 387 MiB.
2026-10-09T17:16:34Z INFO [162/500] 6acbfa7a-656e-46ac-adf1-eb33234cb7e4: 48 chunks; 1.3 s; peak memory 387 MiB.
2026-10-09T17:16:36Z INFO [163/500] 6acc2201-1ab6-4a4e-baf0-fac407d89d5b: 112 chunks; 1.9 s; peak memory 387 MiB.
2026-10-09T17:16:38Z INFO [164/500] 6acc4217-b779-45c6-8726-a9556d22f09f: 117 chunks; 1.7 s; peak memory 387 MiB.
2026-10-09T17:16:39Z INFO [165/500] 6acc4d32-cf4d-41bc-964f-55d63b638100: 102 chunks; 1.3 s; peak memory 387 MiB.
2026-10-09T17:16:40Z INFO [166/500] 6accef6a-dbf7-4e62-9ff8-88c849f92635: 48 chunks; 1.2 s; peak memory 387 MiB.
2026-10-09T17:16:42Z INFO [167/500] 6accfa3e-436f-4346-9a3a-8523f4c8a445: 52 chunks; 1.4 s; peak memory 387 MiB.
2026-10-09T17:16:44Z INFO [168/500] 6acd0901-c5a6-423e-83b3-7d845f175d69: 275 chunks; 1.9 s; peak memory 387 MiB.
2026-10-09T17:16:58Z INFO [169/500] 6acd4364-8cef-4c4b-8d08-4f175ff0f0bb: 16270 chunks; 13.8 s; peak memory 387 MiB.
2026-10-09T17:16:59Z INFO [170/500] 6acd63e7-3ddc-46df-a827-99da8b4e671a: 49 chunks; 1.8 s; peak memory 387 MiB.
2026-10-09T17:17:02Z INFO [171/500] 6ace9119-3c49-4e43-8535-216d093ddb7f: 477 chunks; 3.1 s; peak memory 387 MiB.
2026-10-09T17:17:04Z INFO [172/500] 6ace9a4f-4037-49f2-913b-2964642ca47f: 118 chunks; 1.6 s; peak memory 387 MiB.
2026-10-09T17:17:08Z INFO [173/500] 6acea976-8269-4ec5-bb61-a217727f448a: 115 chunks; 3.6 s; peak memory 387 MiB.
2026-10-09T17:17:09Z INFO [174/500] 6ad1526d-33d2-43a0-b6dd-c92ca51b56f1: 48 chunks; 1.5 s; peak memory 387 MiB.
2026-10-09T17:17:10Z INFO [175/500] 6ad1b19d-fbbb-4b67-87c3-94a2ae1f5461: 48 chunks; 1.4 s; peak memory 387 MiB.
2026-10-09T17:17:12Z INFO [176/500] 6ad1b34f-5e41-4bb6-bdf3-c9215d9566d2: 48 chunks; 1.5 s; peak memory 387 MiB.
2026-10-09T17:17:13Z INFO [177/500] 6ad2c5b5-1289-4f68-90a2-eee3221f112c: 48 chunks; 1.3 s; peak memory 387 MiB.
2026-10-09T17:17:46Z INFO [178/500] 6ad2f1f0-4020-4a48-ab18-701e68fb505a: 6054 chunks; 32.5 s; peak memory 387 MiB.
2026-10-09T17:17:53Z INFO [179/500] 6ad4a044-729d-4f25-b63a-0ec24db44406: 2922 chunks; 7.1 s; peak memory 387 MiB.
2026-10-09T17:17:54Z INFO [180/500] 6ad4a2fc-e94e-43c1-9e83-03b84033e3ee: 48 chunks; 1.5 s; peak memory 387 MiB.
2026-10-09T17:17:58Z INFO [181/500] 6ad4eab5-6b6d-4009-a5c1-043534a9a099: 156 chunks; 3.8 s; peak memory 387 MiB.
2026-10-09T17:18:14Z INFO [182/500] 6ad5da65-c0cb-4ecc-85b5-23fd4ff27171: 20732 chunks; 15.6 s; peak memory 387 MiB.
2026-10-09T17:18:15Z INFO [183/500] 6ad607e1-e3b6-4b1e-9598-5fb00a762d19: 65 chunks; 1.4 s; peak memory 387 MiB.
2026-10-09T17:18:17Z INFO [184/500] 6ad63fac-0206-4652-99c2-b0dcd938d49d: 48 chunks; 1.4 s; peak memory 387 MiB.
2026-10-09T17:18:18Z INFO [185/500] 6ad6a270-efc2-40d9-8317-95b2919b523f: 52 chunks; 1.8 s; peak memory 387 MiB.
2026-10-09T17:18:20Z INFO [186/500] 6ad86b17-d490-458e-bc2e-14b5e4ca74b3: 48 chunks; 1.3 s; peak memory 387 MiB.
2026-10-09T17:18:21Z INFO [187/500] 6ad88e30-8167-4184-a6f0-4cfa9332b88b: 48 chunks; 1.3 s; peak memory 387 MiB.
2026-10-09T17:18:26Z INFO [188/500] 6ad8a21f-5376-43c3-85e4-4fb8cb272f70: 7551 chunks; 5.3 s; peak memory 387 MiB.
2026-10-09T17:18:28Z INFO [189/500] 6ad8ff8b-a0c9-4378-aeee-638bc1f20fcf: 60 chunks; 1.6 s; peak memory 387 MiB.
2026-10-09T17:18:29Z INFO [190/500] 6ad9109c-a9c0-4319-bd53-0079786ab2f5: 116 chunks; 1.5 s; peak memory 387 MiB.
2026-10-09T17:18:31Z INFO [191/500] 6ad9a8dd-7b3f-4352-9e53-5e4489eae5b4: 48 chunks; 1.3 s; peak memory 387 MiB.
2026-10-09T17:18:32Z INFO [192/500] 6adb5ee4-338b-4db8-b0ff-1e9b245f8e01: 112 chunks; 1.9 s; peak memory 387 MiB.
2026-10-09T17:18:39Z INFO [193/500] 6adb70ff-5bdf-48e8-8397-93502f4e2f41: 238 chunks; 6.5 s; peak memory 387 MiB.
2026-10-09T17:18:40Z INFO [194/500] 6adbf7dd-a5c6-4e59-9fba-9ebfb3b3ce0f: 62 chunks; 1.3 s; peak memory 387 MiB.
2026-10-09T17:18:42Z INFO [195/500] 6adc5c62-4ee2-45b0-9b0a-43c33f018bb0: 52 chunks; 1.4 s; peak memory 387 MiB.
2026-10-09T17:18:45Z INFO [196/500] 6adcbeb1-5795-4de3-8e5a-f91dab01ec2d: 156 chunks; 3.9 s; peak memory 387 MiB.
2026-10-09T17:18:48Z INFO [197/500] 6add4001-43cc-475b-b1ec-73e9a12a8e6a: 94 chunks; 2.8 s; peak memory 387 MiB.
2026-10-09T17:18:50Z INFO [198/500] 6add7961-a134-4ea9-8c92-0ec67a890d5b: 46 chunks; 1.3 s; peak memory 387 MiB.
2026-10-09T17:18:51Z INFO [199/500] 6adfad72-d1ce-4405-96df-13384e13ffc5: 56 chunks; 1.1 s; peak memory 387 MiB.
2026-10-09T17:18:52Z INFO [200/500] 6ae07cfe-03b8-4563-bf60-bb5ff5b3158e: 48 chunks; 1.4 s; peak memory 387 MiB.
2026-10-09T17:18:52Z INFO [200/500] 6ae07cfe-03b8-4563-bf60-bb5ff5b3158e: checkpointed 98534 new records.
2026-10-09T17:18:54Z INFO [201/500] 6ae086a0-87df-40f8-878a-f875bfe5afcc: 117 chunks; 1.5 s; peak memory 387 MiB.
2026-10-09T17:18:55Z INFO [202/500] 6ae22ea4-50ac-45fa-94a6-c98e32c4a610: 113 chunks; 1.7 s; peak memory 387 MiB.
2026-10-09T17:18:57Z INFO [203/500] 6ae23f99-98ff-436a-9b23-cf3a1c59014d: 52 chunks; 1.4 s; peak memory 387 MiB.
2026-10-09T17:18:58Z INFO [204/500] 6ae26070-c558-4abb-a004-10ca5a3ad1b5: 48 chunks; 1.2 s; peak memory 387 MiB.
2026-10-09T17:18:59Z INFO [205/500] 6ae29965-ed8a-43fc-9baa-6858954c8ac0: 119 chunks; 1.3 s; peak memory 387 MiB.
2026-10-09T17:19:16Z INFO [206/500] 6ae2b1d4-f704-4171-ba53-2a93f73bf555: 8229 chunks; 17.1 s; peak memory 387 MiB.
2026-10-09T17:19:18Z INFO [207/500] 6ae2c727-fad7-415f-a0f3-7814030026a5: 52 chunks; 1.6 s; peak memory 387 MiB.
2026-10-09T17:19:19Z INFO [208/500] 6ae3505d-b0b1-4bea-932a-a09d844236ef: 116 chunks; 1.5 s; peak memory 387 MiB.
2026-10-09T17:19:21Z INFO [209/500] 6ae4b4a0-5afa-4094-922f-9aae40720e41: 118 chunks; 1.6 s; peak memory 387 MiB.
2026-10-09T17:19:22Z INFO [210/500] 6ae4b926-06b1-423c-88d2-83c827844450: 48 chunks; 1.3 s; peak memory 387 MiB.
2026-10-09T17:19:24Z INFO [211/500] 6ae4fa3d-49b3-459b-9106-d162e8e6f99a: 48 chunks; 1.4 s; peak memory 387 MiB.
2026-10-09T17:19:26Z INFO [212/500] 6ae545bd-0c24-41be-a20d-a471622bba98: 71 chunks; 2.4 s; peak memory 387 MiB.
2026-10-09T17:19:36Z INFO [213/500] 6ae77a67-4209-45c6-b0c0-746765eab109: 300 chunks; 9.9 s; peak memory 387 MiB.
2026-10-09T17:19:39Z INFO [214/500] 6ae7e659-dc70-4e57-95e3-ebca599988fa: 115 chunks; 2.9 s; peak memory 387 MiB.
2026-10-09T17:19:40Z INFO [215/500] 6ae7e6e7-f841-48f0-b569-e04b3b96323c: 48 chunks; 1.4 s; peak memory 387 MiB.
2026-10-09T17:19:42Z INFO [216/500] 6ae82587-88dc-4791-9c08-8977989309af: 48 chunks; 1.4 s; peak memory 387 MiB.
2026-10-09T17:19:44Z INFO [217/500] 6ae86523-d434-40b0-82ab-b72b7b30f26a: 110 chunks; 1.9 s; peak memory 387 MiB.
2026-10-09T17:19:45Z INFO [218/500] 6ae8b421-abee-4359-9ccb-41d806da19e4: 48 chunks; 1.4 s; peak memory 387 MiB.
2026-10-09T17:19:46Z INFO [219/500] 6ae8e7e6-a2e9-446d-880a-aa7e9d11befb: 48 chunks; 1.3 s; peak memory 387 MiB.
2026-10-09T17:19:48Z INFO [220/500] 6ae91359-57eb-4f02-9412-b69d15ec10a9: 50 chunks; 1.2 s; peak memory 387 MiB.
2026-10-09T17:20:45Z INFO [221/500] 6aea0675-8771-4674-ba3e-05dbad5436c5: 20721 chunks; 57.8 s; peak memory 387 MiB.
2026-10-09T17:20:47Z INFO [222/500] 6aea73c1-03dc-4ce0-9c04-fb9a4b0d2c7b: 112 chunks; 1.7 s; peak memory 387 MiB.
2026-10-09T17:20:50Z INFO [223/500] 6aea99e3-225a-411c-8842-a2c64d4d339c: 119 chunks; 3.0 s; peak memory 387 MiB.
2026-10-09T17:20:52Z INFO [224/500] 6aeba2ec-be37-4a90-8c5e-6e969afcf3d2: 116 chunks; 1.5 s; peak memory 387 MiB.
2026-10-09T17:20:54Z INFO [225/500] 6aebbeee-6915-493b-9b81-2f7ccbc8c721: 110 chunks; 1.9 s; peak memory 387 MiB.
2026-10-09T17:20:55Z INFO [226/500] 6aebcb44-00cc-42c1-ba0f-a5f3ea7542e8: 112 chunks; 1.6 s; peak memory 387 MiB.
2026-10-09T17:21:02Z INFO [227/500] 6aed0f3d-9d56-4c39-8eff-0e131c4ffaba: 1188 chunks; 6.9 s; peak memory 387 MiB.
2026-10-09T17:21:04Z INFO [228/500] 6aed68f2-d0da-4cfd-8a1e-871618afd592: 117 chunks; 1.5 s; peak memory 387 MiB.
2026-10-09T17:21:06Z INFO [229/500] 6aefa992-b346-40a8-b92a-cd363c24c1d3: 64 chunks; 2.0 s; peak memory 387 MiB.
2026-10-09T17:21:24Z INFO [230/500] 6aefae66-6516-4705-bd7d-4f737cab484d: 432 chunks; 18.8 s; peak memory 387 MiB.
2026-10-09T17:24:10Z INFO [231/500] 6af2422c-1f7f-4f7c-8fa8-d9fd7456b90a: 41080 chunks; 165.6 s; peak memory 387 MiB.
2026-10-09T17:24:12Z INFO [232/500] 6af24315-47f1-4606-82f1-7a1eb0e93072: 112 chunks; 1.9 s; peak memory 387 MiB.
2026-10-09T17:24:13Z INFO [233/500] 6af2701d-e7c2-4373-969c-c10eca1091c2: 72 chunks; 1.5 s; peak memory 387 MiB.
2026-10-09T17:24:15Z INFO [234/500] 6af2c580-21e8-4385-9715-140c4c00ab32: 48 chunks; 1.2 s; peak memory 387 MiB.
2026-10-09T17:24:18Z INFO [235/500] 6af3a96b-627d-46a6-80f8-c0c979172054: 115 chunks; 3.5 s; peak memory 387 MiB.
2026-10-09T17:24:25Z INFO [236/500] 6af47a8d-2cfe-4039-a3aa-74c8e18686c5: 13058 chunks; 6.8 s; peak memory 387 MiB.
2026-10-09T17:24:26Z INFO [237/500] 6af48a8b-e09c-4e4c-8cb8-765399484343: 118 chunks; 1.7 s; peak memory 387 MiB.
2026-10-09T17:24:34Z INFO [238/500] 6af48f90-147f-48d2-b6d5-8c626bc46aa2: 1124 chunks; 7.0 s; peak memory 387 MiB.
2026-10-09T17:24:35Z INFO [239/500] 6af4c30a-e23b-495c-bf7d-45eaf1f15e8d: 48 chunks; 1.3 s; peak memory 387 MiB.
2026-10-09T17:24:43Z INFO [240/500] 6af55ab5-2025-4f1c-8051-6730d72b155c: 9088 chunks; 8.4 s; peak memory 387 MiB.
2026-10-09T17:24:45Z INFO [241/500] 6af59f99-da47-483c-b47f-1815f36085de: 66 chunks; 1.7 s; peak memory 387 MiB.
2026-10-09T17:24:46Z INFO [242/500] 6af6f402-1119-4797-a38d-8fde98e5738b: 48 chunks; 1.3 s; peak memory 387 MiB.
2026-10-09T17:24:48Z INFO [243/500] 6af745d1-7219-4f2b-83f7-b18a1a746dc1: 117 chunks; 1.4 s; peak memory 387 MiB.
2026-10-09T17:24:50Z INFO [244/500] 6af7d5c7-1de3-49b0-8c65-30c2fd360c0b: 158 chunks; 2.3 s; peak memory 387 MiB.
2026-10-09T17:24:51Z INFO [245/500] 6af94eef-2381-48e7-9f0b-fe77dbad7c99: 78 chunks; 1.4 s; peak memory 387 MiB.
2026-10-09T17:24:53Z INFO [246/500] 6af9c4b7-ce45-4287-9760-8b6b64361529: 117 chunks; 1.6 s; peak memory 387 MiB.
2026-10-09T17:24:54Z INFO [247/500] 6afa1bfe-1237-44cf-9c12-17c04ad33290: 118 chunks; 1.5 s; peak memory 387 MiB.
2026-10-09T17:25:03Z INFO [248/500] 6afa5e42-b821-4330-8b88-5b9ada9b5d72: 11550 chunks; 8.5 s; peak memory 387 MiB.
2026-10-09T17:25:04Z INFO [249/500] 6afa63af-3baf-47ef-bb67-6b3a966a644b: 109 chunks; 1.4 s; peak memory 387 MiB.
2026-10-09T17:25:06Z INFO [250/500] 6afb571e-e0d9-4b95-be6a-840912b41ddc: 117 chunks; 1.6 s; peak memory 387 MiB.
2026-10-09T17:25:06Z INFO [250/500] 6afb571e-e0d9-4b95-be6a-840912b41ddc: checkpointed 98584 new records.
2026-10-09T17:25:08Z INFO [251/500] 6afca364-f00c-4a8d-aa27-9b1326f2ee8d: 117 chunks; 1.4 s; peak memory 387 MiB.
2026-10-09T17:30:17Z INFO [252/500] 6afd158c-6d26-4a1f-9e8c-e7a478a2b6f3: 77305 chunks; 309.1 s; peak memory 526 MiB.
2026-10-09T17:30:34Z INFO [253/500] 6afd417b-9f80-427d-b26d-290a34196a1a: 2199 chunks; 16.9 s; peak memory 526 MiB.
2026-10-09T17:30:35Z INFO [254/500] 6afd5230-fc70-47bb-ae42-608b0835a22a: 48 chunks; 1.5 s; peak memory 526 MiB.
2026-10-09T17:30:37Z INFO [255/500] 6afd8a66-724a-462c-88b8-fae5b7cb028c: 117 chunks; 1.7 s; peak memory 526 MiB.
2026-10-09T17:30:40Z INFO [256/500] 6afe2168-911b-4b66-bc46-312ec618b4cd: 115 chunks; 2.9 s; peak memory 526 MiB.
2026-10-09T17:30:42Z INFO [257/500] 6afea254-ebe4-48e7-a0c0-398d22a482af: 110 chunks; 2.2 s; peak memory 526 MiB.
2026-10-09T17:30:43Z INFO [258/500] 6afecd5f-c815-4df7-b6ed-15007131bb65: 48 chunks; 1.3 s; peak memory 526 MiB.
2026-10-09T17:30:45Z INFO [259/500] 6b00b5d5-dd59-4041-aead-9c4ea872fefd: 48 chunks; 1.3 s; peak memory 526 MiB.
2026-10-09T17:30:46Z INFO [260/500] 6b01f9eb-2456-43a5-8951-f8f506cb7343: 41 chunks; 1.2 s; peak memory 526 MiB.
2026-10-09T17:35:41Z INFO [261/500] 6b023df1-aa0f-476c-ab21-1a9e58c49f51: 75234 chunks; 295.3 s; peak memory 526 MiB.
2026-10-09T17:35:43Z INFO [262/500] 6b03a18c-2622-46e4-9e26-a4d2983ab563: 69 chunks; 1.5 s; peak memory 526 MiB.
2026-10-09T17:35:50Z INFO [263/500] 6b042a8f-09de-4d54-a8fb-9a66eb80e5de: 2142 chunks; 7.4 s; peak memory 526 MiB.
2026-10-09T17:35:54Z INFO [264/500] 6b06e80d-3ed6-4b71-8a1c-e5a0f90bf461: 328 chunks; 4.0 s; peak memory 526 MiB.
2026-10-09T17:36:00Z INFO [265/500] 6b073be2-87a9-44a8-977f-27360d47f434: 6949 chunks; 6.1 s; peak memory 526 MiB.
2026-10-09T17:36:02Z INFO [266/500] 6b0744ee-720c-47a5-a82b-c4ca5289f8ad: 52 chunks; 1.8 s; peak memory 526 MiB.
2026-10-09T17:36:04Z INFO [267/500] 6b07cedc-fcf1-4451-886a-e319947124fe: 117 chunks; 1.5 s; peak memory 526 MiB.
2026-10-09T17:36:05Z INFO [268/500] 6b0829f7-e214-4d54-b197-b1c1a2fa929b: 21 chunks; 1.0 s; peak memory 526 MiB.
2026-10-09T17:36:06Z INFO [269/500] 6b09a040-8193-43db-93c1-110cc40b3ed1: 48 chunks; 1.4 s; peak memory 526 MiB.
2026-10-09T17:36:07Z INFO [270/500] 6b09d389-5021-4352-8712-c7f756117077: 48 chunks; 1.3 s; peak memory 526 MiB.
2026-10-09T17:36:09Z INFO [271/500] 6b0ae72f-16e4-4965-97e4-11b599d60a2d: 48 chunks; 1.3 s; peak memory 526 MiB.
2026-10-09T17:36:10Z INFO [272/500] 6b0b66eb-e7fc-4b22-a891-d7ff814e94ad: 118 chunks; 1.6 s; peak memory 526 MiB.
2026-10-09T17:36:12Z INFO [273/500] 6b0c5db4-15b9-4cbd-b4e4-5acfeb5e20f3: 116 chunks; 1.7 s; peak memory 526 MiB.
2026-10-09T17:36:13Z INFO [274/500] 6b0d1968-8dd9-4d1a-b21b-a5e42d47c295: 116 chunks; 1.6 s; peak memory 526 MiB.
2026-10-09T17:36:14Z INFO [275/500] 6b0d8f2d-ea63-4c1a-ab87-b78b0f4be799: 57 chunks; 1.1 s; peak memory 526 MiB.
2026-10-09T17:36:28Z INFO [276/500] 6b0df919-5829-4dfe-9f73-6f90a00471e6: 16477 chunks; 14.0 s; peak memory 526 MiB.
2026-10-09T17:36:30Z INFO [277/500] 6b0e7fc4-5b43-425c-a227-86e1e1f725ef: 118 chunks; 1.5 s; peak memory 526 MiB.
2026-10-09T17:36:36Z INFO [278/500] 6b0e9aad-0c0c-452f-9b4a-79920c086d2a: 436 chunks; 5.5 s; peak memory 526 MiB.
2026-10-09T17:39:38Z INFO [279/500] 6b0f2314-e6ab-40f3-af48-f22bdf90661c: 44883 chunks; 182.9 s; peak memory 526 MiB.
2026-10-09T17:39:40Z INFO [280/500] 6b100e2c-5d7d-4ec8-8e5c-6adf20926b03: 99 chunks; 1.2 s; peak memory 526 MiB.
2026-10-09T17:39:42Z INFO [281/500] 6b103be9-3877-45be-91f4-250bd799c87a: 66 chunks; 2.6 s; peak memory 526 MiB.
2026-10-09T17:39:44Z INFO [282/500] 6b10f8f7-9be7-4b81-b1a3-30a9f556132c: 117 chunks; 1.7 s; peak memory 526 MiB.
2026-10-09T17:39:45Z INFO [283/500] 6b115ebd-068e-40ee-904e-e0286f992a6e: 48 chunks; 1.3 s; peak memory 526 MiB.
2026-10-09T17:39:56Z INFO [284/500] 6b11ea29-deb4-413e-a480-afc5caa88ce9: 624 chunks; 10.4 s; peak memory 526 MiB.
2026-10-09T17:39:57Z INFO [285/500] 6b130d08-6fde-42e0-b722-b4ad03213f9a: 46 chunks; 1.2 s; peak memory 526 MiB.
2026-10-09T17:39:58Z INFO [286/500] 6b1327e5-449b-4b5a-9fcf-21670e4511e5: 116 chunks; 1.5 s; peak memory 526 MiB.
2026-10-09T17:40:10Z INFO [287/500] 6b13a3d9-5bb9-4d34-98fd-6e08fb2f3120: 10311 chunks; 11.9 s; peak memory 526 MiB.
2026-10-09T17:42:50Z INFO [288/500] 6b13b853-6e33-4370-8ead-8baaabac2332: 41103 chunks; 160.2 s; peak memory 526 MiB.
2026-10-09T17:42:52Z INFO [289/500] 6b13bed0-0b0c-4b9e-8d31-ff33e6838be5: 116 chunks; 1.5 s; peak memory 526 MiB.
2026-10-09T17:42:53Z INFO [290/500] 6b145350-a401-4d56-a417-f26a34645a3f: 48 chunks; 1.2 s; peak memory 526 MiB.
2026-10-09T17:42:56Z INFO [291/500] 6b1463df-caf8-46a0-96e6-2c4821a85650: 80 chunks; 3.2 s; peak memory 526 MiB.
2026-10-09T17:42:58Z INFO [292/500] 6b14e4e3-9f78-456f-9466-621993efba9a: 63 chunks; 1.2 s; peak memory 526 MiB.
2026-10-09T17:43:08Z INFO [293/500] 6b1604db-f2ff-4d59-a897-ad27b744f1ec: 1346 chunks; 10.0 s; peak memory 526 MiB.
2026-10-09T17:43:15Z INFO [294/500] 6b16bc6b-e20e-45c6-8a42-93dfb9909433: 12901 chunks; 7.5 s; peak memory 526 MiB.
2026-10-09T17:43:17Z INFO [295/500] 6b171663-0c46-465a-9857-e344f09c889e: 71 chunks; 2.0 s; peak memory 526 MiB.
2026-10-09T17:43:19Z INFO [296/500] 6b175d86-fbfd-4d3f-ba37-b3f4d9f4165b: 110 chunks; 1.4 s; peak memory 526 MiB.
2026-10-09T17:43:33Z INFO [297/500] 6b18621f-cc50-4c42-98e8-b8a8f57db9fb: 18701 chunks; 14.4 s; peak memory 526 MiB.
2026-10-09T17:43:34Z INFO [298/500] 6b18b9cb-aeac-495a-ad35-ea81cd2561cc: 48 chunks; 1.2 s; peak memory 526 MiB.
2026-10-09T17:43:35Z INFO [299/500] 6b194db0-fe55-441d-a3ef-736c0a2370b7: 53 chunks; 1.1 s; peak memory 526 MiB.
2026-10-09T17:43:36Z INFO [300/500] 6b1a42e7-53ec-445c-ac7b-5a1ff0c4c635: 45 chunks; 1.1 s; peak memory 526 MiB.
2026-10-09T17:43:37Z INFO [300/500] 6b1a42e7-53ec-445c-ac7b-5a1ff0c4c635: checkpointed 98634 new records.
2026-10-09T17:43:39Z INFO [301/500] 6b1a532f-411e-4ab3-99bb-db1cef68f4e3: 71 chunks; 2.4 s; peak memory 526 MiB.
2026-10-09T17:43:55Z INFO [302/500] 6b1add40-a6ae-4143-bacb-84f3ed9f5dec: 13050 chunks; 15.8 s; peak memory 526 MiB.
2026-10-09T17:43:57Z INFO [303/500] 6b1afebc-677f-4c39-8c4e-7087daa90754: 110 chunks; 1.7 s; peak memory 526 MiB.
2026-10-09T17:43:58Z INFO [304/500] 6b1b7389-c6d7-4421-bb0c-d59ec1411c63: 113 chunks; 1.7 s; peak memory 526 MiB.
2026-10-09T17:44:00Z INFO [305/500] 6b1b8904-2abb-4c25-b5fa-dd2495138028: 118 chunks; 1.5 s; peak memory 526 MiB.
2026-10-09T17:44:03Z INFO [306/500] 6b1ce9ce-6ab8-4c01-afe5-42ec292e8eaf: 80 chunks; 3.0 s; peak memory 526 MiB.
2026-10-09T17:44:04Z INFO [307/500] 6b1d150b-6256-4553-b055-eaa0c0fb26d4: 48 chunks; 1.2 s; peak memory 526 MiB.
2026-10-09T17:44:05Z INFO [308/500] 6b1ec896-cacf-4d30-80da-41b88d9098c9: 118 chunks; 1.4 s; peak memory 526 MiB.
2026-10-09T17:44:06Z INFO [309/500] 6b200d3e-4d52-4680-be94-90ffb2470e2e: 48 chunks; 1.1 s; peak memory 526 MiB.
2026-10-09T17:44:08Z INFO [310/500] 6b20b0d2-ebc8-46c2-a5ef-bba75021b9eb: 66 chunks; 1.9 s; peak memory 526 MiB.
2026-10-09T17:44:10Z INFO [311/500] 6b2125fb-2c47-43af-9715-bd4911ce776b: 114 chunks; 1.4 s; peak memory 526 MiB.
2026-10-09T17:44:11Z INFO [312/500] 6b213f8b-30f9-4d8e-9b6a-d6afa013222a: 48 chunks; 1.4 s; peak memory 526 MiB.
2026-10-09T17:44:12Z INFO [313/500] 6b22a717-0b8f-4901-b89b-28366afb4725: 50 chunks; 1.1 s; peak memory 526 MiB.
2026-10-09T17:44:14Z INFO [314/500] 6b22c618-7c1e-445b-acb5-59b8dd21feab: 592 chunks; 2.0 s; peak memory 526 MiB.
2026-10-09T17:44:24Z INFO [315/500] 6b22dba8-bc11-401d-a638-76dfb5e1f78a: 19277 chunks; 9.3 s; peak memory 526 MiB.
2026-10-09T17:44:27Z INFO [316/500] 6b233824-c87c-4f65-b3ad-c7901bb54da7: 156 chunks; 3.5 s; peak memory 526 MiB.
2026-10-09T17:44:28Z INFO [317/500] 6b234fc0-cb86-4108-891d-dec8c4421f75: 57 chunks; 1.0 s; peak memory 526 MiB.
2026-10-09T17:44:30Z INFO [318/500] 6b238a83-f98c-4013-97d4-2d9357d0725d: 114 chunks; 1.6 s; peak memory 526 MiB.
2026-10-09T17:44:32Z INFO [319/500] 6b23e454-210a-41c2-b622-6c1f4f56c1b6: 110 chunks; 1.9 s; peak memory 526 MiB.
2026-10-09T17:44:33Z INFO [320/500] 6b23fb22-0453-412d-baa1-6080cf57c5b6: 48 chunks; 1.3 s; peak memory 526 MiB.
2026-10-09T17:44:34Z INFO [321/500] 6b258c43-b7d6-40de-872f-c609f59fb442: 48 chunks; 1.3 s; peak memory 526 MiB.
2026-10-09T17:46:59Z INFO [322/500] 6b25eda2-2739-46df-9364-dbbcd73ba7f6: 37765 chunks; 144.9 s; peak memory 526 MiB.
2026-10-09T17:47:01Z INFO [323/500] 6b26bb1e-e915-44be-8d0c-afd1b9659163: 116 chunks; 1.6 s; peak memory 526 MiB.
2026-10-09T17:47:04Z INFO [324/500] 6b275de7-ad8f-477f-b8f3-1ecc0684ac68: 115 chunks; 3.5 s; peak memory 526 MiB.
2026-10-09T17:47:06Z INFO [325/500] 6b278d2c-8e76-4498-92fe-98444ff9b51d: 71 chunks; 2.0 s; peak memory 526 MiB.
2026-10-09T17:47:08Z INFO [326/500] 6b27ea7a-8e17-4bc1-bacf-0d23aa412cf3: 66 chunks; 1.8 s; peak memory 526 MiB.
2026-10-09T17:47:10Z INFO [327/500] 6b29186b-753e-476b-b231-9daa97544788: 110 chunks; 1.6 s; peak memory 526 MiB.
2026-10-09T17:47:11Z INFO [328/500] 6b29648d-8a7d-4679-a12b-dcb995fdb621: 83 chunks; 1.2 s; peak memory 526 MiB.
2026-10-09T17:47:12Z INFO [329/500] 6b2b003d-503f-436c-97e2-31b717ff58ce: 48 chunks; 1.3 s; peak memory 526 MiB.
2026-10-09T17:47:13Z INFO [330/500] 6b2b357e-87bc-423b-a240-f80133ee3800: 48 chunks; 1.4 s; peak memory 526 MiB.
2026-10-09T17:47:15Z INFO [331/500] 6b2c54cb-ab8a-489c-a825-ed29783cc8a8: 66 chunks; 2.0 s; peak memory 526 MiB.
2026-10-09T17:47:20Z INFO [332/500] 6b2ca30f-4554-4795-80fd-35eb976c8b49: 1910 chunks; 4.6 s; peak memory 526 MiB.
2026-10-09T17:47:23Z INFO [333/500] 6b2d7d9b-e08a-4559-b902-4f5cab666566: 933 chunks; 2.6 s; peak memory 526 MiB.
2026-10-09T17:47:24Z INFO [334/500] 6b2ef159-5e41-4af4-ab66-c79e20c4a277: 46 chunks; 1.1 s; peak memory 526 MiB.
2026-10-09T17:47:26Z INFO [335/500] 6b2f9940-089b-4801-9cfd-a2a1e119694f: 71 chunks; 2.5 s; peak memory 526 MiB.
2026-10-09T17:47:28Z INFO [336/500] 6b303803-6e0a-481e-a2f8-d0b151c06d78: 118 chunks; 1.5 s; peak memory 526 MiB.
2026-10-09T17:47:29Z INFO [337/500] 6b31508b-0879-47c8-a095-43e83c17af5a: 116 chunks; 1.5 s; peak memory 526 MiB.
2026-10-09T17:47:35Z INFO [338/500] 6b332af2-2786-4ae3-a9f7-531f0c51a240: 260 chunks; 5.4 s; peak memory 526 MiB.
2026-10-09T17:47:36Z INFO [339/500] 6b3334c8-30b3-46fa-a90e-a515d1875450: 116 chunks; 1.5 s; peak memory 526 MiB.
2026-10-09T17:47:38Z INFO [340/500] 6b3395cf-32b0-4cc3-98a5-b1fce5c34508: 114 chunks; 1.4 s; peak memory 526 MiB.
2026-10-09T17:47:39Z INFO [341/500] 6b33aa67-b345-49e6-b4e8-b309b7e414cb: 117 chunks; 1.7 s; peak memory 526 MiB.
2026-10-09T17:48:01Z INFO [342/500] 6b353512-f41e-429a-b44d-19cd1d7492fa: 709 chunks; 22.2 s; peak memory 526 MiB.
2026-10-09T17:48:08Z INFO [343/500] 6b3601e5-aea7-48be-8849-7917c36d4ea2: 174 chunks; 6.2 s; peak memory 526 MiB.
2026-10-09T17:48:09Z INFO [344/500] 6b3621c4-c1c1-4d40-b26a-f88a417babed: 52 chunks; 1.1 s; peak memory 526 MiB.
2026-10-09T17:48:17Z INFO [345/500] 6b36a510-4252-48a3-b86d-c499893ac4f2: 11547 chunks; 7.9 s; peak memory 526 MiB.
2026-10-09T17:48:18Z INFO [346/500] 6b36c9b4-b7ab-41c6-97f3-178182b5d783: 46 chunks; 1.0 s; peak memory 526 MiB.
2026-10-09T17:48:19Z INFO [347/500] 6b370cba-a0e2-46a0-a76c-b6e1599a6bed: 117 chunks; 1.5 s; peak memory 526 MiB.
2026-10-09T17:48:22Z INFO [348/500] 6b389973-660a-408f-8c68-1dc71f5a3b8e: 115 chunks; 2.9 s; peak memory 526 MiB.
2026-10-09T17:48:30Z INFO [349/500] 6b39b5e5-eba6-40f3-bdd4-6c050066b0ae: 2923 chunks; 7.8 s; peak memory 526 MiB.
2026-10-09T17:48:44Z INFO [350/500] 6b3a61cd-3ea6-49fd-9e36-e80a1b9bce43: 12324 chunks; 14.4 s; peak memory 526 MiB.
2026-10-09T17:48:44Z INFO [350/500] 6b3a61cd-3ea6-49fd-9e36-e80a1b9bce43: checkpointed 98684 new records.
2026-10-09T17:48:46Z INFO [351/500] 6b3a8ec3-691c-4fe9-991e-5a82b6564fc0: 48 chunks; 1.2 s; peak memory 526 MiB.
2026-10-09T17:48:47Z INFO [352/500] 6b3a9c4b-fb8f-49ba-8daa-e459ccf19655: 69 chunks; 1.8 s; peak memory 526 MiB.
2026-10-09T17:48:49Z INFO [353/500] 6b3ae75c-e6bc-402e-a76a-b571796502fb: 112 chunks; 1.3 s; peak memory 526 MiB.
2026-10-09T17:50:16Z INFO [354/500] 6b3b0e01-4325-474f-9553-08b0f190f486: 32816 chunks; 87.0 s; peak memory 526 MiB.
2026-10-09T17:50:18Z INFO [355/500] 6b3b32aa-8d67-49b9-a9eb-59bef64261e5: 112 chunks; 1.9 s; peak memory 526 MiB.
2026-10-09T17:50:24Z INFO [356/500] 6b3b5380-21f2-4671-b1fc-0a20cf979ce9: 424 chunks; 6.7 s; peak memory 526 MiB.
2026-10-09T17:55:07Z INFO [357/500] 6b3c8ba5-2217-40d5-b8bf-2da19f9ec89e: 87865 chunks; 282.5 s; peak memory 539 MiB.
2026-10-09T17:55:08Z INFO [358/500] 6b3c9610-e486-479c-9608-e83c80c35e8f: 46 chunks; 1.0 s; peak memory 539 MiB.
2026-10-09T17:55:10Z INFO [359/500] 6b3ca086-41d0-428a-8dc6-7de4fc5170bb: 117 chunks; 1.6 s; peak memory 539 MiB.
2026-10-09T17:55:11Z INFO [360/500] 6b3cd3b1-c169-4ef1-a26a-2cf293e1631e: 117 chunks; 1.5 s; peak memory 539 MiB.
2026-10-09T17:55:19Z INFO [361/500] 6b3dabeb-da68-45dd-9b3f-b7a88c1bcde0: 1742 chunks; 8.1 s; peak memory 539 MiB.
2026-10-09T17:55:20Z INFO [362/500] 6b3e2858-4611-43f5-9723-44900d91a8e9: 48 chunks; 1.4 s; peak memory 539 MiB.
2026-10-09T17:55:22Z INFO [363/500] 6b3e5c66-c62c-4940-bcbe-55cc82d2ae12: 116 chunks; 1.5 s; peak memory 539 MiB.
2026-10-09T17:55:23Z INFO [364/500] 6b3eed8b-71ef-4b7a-ad08-e70a38b0c956: 57 chunks; 1.1 s; peak memory 539 MiB.
2026-10-09T17:55:24Z INFO [365/500] 6b3f914d-4e1a-4efa-9c09-1799a65a12a7: 72 chunks; 1.5 s; peak memory 539 MiB.
2026-10-09T17:55:31Z INFO [366/500] 6b3fd65f-b126-4010-8c6b-e1afadf2db87: 242 chunks; 6.3 s; peak memory 539 MiB.
2026-10-09T17:55:33Z INFO [367/500] 6b405934-b9cd-4551-8ffe-a814aa9d038e: 112 chunks; 1.9 s; peak memory 539 MiB.
2026-10-09T17:55:44Z INFO [368/500] 6b405af9-48d7-4b7e-8a4c-1a0a93f37d76: 396 chunks; 11.8 s; peak memory 539 MiB.
2026-10-09T17:55:46Z INFO [369/500] 6b407447-69ac-459f-bb77-142a87d8d11a: 66 chunks; 2.0 s; peak memory 539 MiB.
2026-10-09T17:55:48Z INFO [370/500] 6b4170b9-cbca-45b8-9672-03c1b1cf6465: 48 chunks; 1.2 s; peak memory 539 MiB.
2026-10-09T17:55:50Z INFO [371/500] 6b432286-8c4e-4b1b-be9c-fb5c8b657ed8: 76 chunks; 2.1 s; peak memory 539 MiB.
2026-10-09T17:55:58Z INFO [372/500] 6b43868a-4276-49cc-bbe6-7d7dcde6755c: 2923 chunks; 7.7 s; peak memory 539 MiB.
2026-10-09T17:55:59Z INFO [373/500] 6b43a2b3-3ae5-4cce-a2a5-4fa35354412a: 48 chunks; 1.3 s; peak memory 539 MiB.
2026-10-09T17:56:09Z INFO [374/500] 6b43dbc6-52c1-4149-94c5-3c15186c7e43: 12286 chunks; 9.9 s; peak memory 539 MiB.
2026-10-09T17:56:10Z INFO [375/500] 6b440cc1-4a1b-4a1f-8254-e89ed4d9429e: 48 chunks; 1.3 s; peak memory 539 MiB.
2026-10-09T17:56:11Z INFO [376/500] 6b44a5de-5e9c-476f-9dab-735b7f82d973: 48 chunks; 1.3 s; peak memory 539 MiB.
2026-10-09T17:56:12Z INFO [377/500] 6b4513bb-e221-464b-80b3-2335254ae96e: 37 chunks; 1.1 s; peak memory 539 MiB.
2026-10-09T17:56:14Z INFO [378/500] 6b45cb86-e8f8-420d-9c81-fb87484e62f0: 61 chunks; 1.8 s; peak memory 539 MiB.
2026-10-09T17:56:16Z INFO [379/500] 6b45d431-011b-42ae-8d55-26b28c54585c: 70 chunks; 1.7 s; peak memory 539 MiB.
2026-10-09T17:56:17Z INFO [380/500] 6b463cda-95d7-4e93-85b9-9291eafe9cde: 112 chunks; 1.6 s; peak memory 539 MiB.
2026-10-09T17:56:19Z INFO [381/500] 6b464bde-85ac-4375-8b6f-a3d880fe3c5c: 60 chunks; 1.2 s; peak memory 539 MiB.
2026-10-09T17:56:20Z INFO [382/500] 6b4706ee-f7f1-49ae-a2f0-21724ee47aaa: 48 chunks; 1.4 s; peak memory 539 MiB.
2026-10-09T17:56:22Z INFO [383/500] 6b4712f6-1587-4915-9642-74ef217285fb: 105 chunks; 2.1 s; peak memory 539 MiB.
2026-10-09T17:56:35Z INFO [384/500] 6b47185d-14c4-4520-9360-1ee4650a6854: 10891 chunks; 13.0 s; peak memory 539 MiB.
2026-10-09T17:56:36Z INFO [385/500] 6b4797f9-484d-4794-87fb-da7c6acdd6ee: 72 chunks; 1.4 s; peak memory 539 MiB.
2026-10-09T17:56:38Z INFO [386/500] 6b47d8df-8195-43f8-9afa-c2498ba9ff5b: 48 chunks; 1.4 s; peak memory 539 MiB.
2026-10-09T17:56:52Z INFO [387/500] 6b482904-dc05-4052-9c87-21e196cf8b55: 2199 chunks; 14.6 s; peak memory 539 MiB.
2026-10-09T17:56:54Z INFO [388/500] 6b489b15-bdb3-4210-a3dd-d98950387e82: 48 chunks; 1.2 s; peak memory 539 MiB.
2026-10-09T17:56:55Z INFO [389/500] 6b48abf4-8ce0-4287-a592-19ca8bc7e532: 164 chunks; 1.3 s; peak memory 539 MiB.
2026-10-09T17:56:56Z INFO [390/500] 6b48c5fd-0408-4ddb-947f-4c8ddabfb337: 69 chunks; 1.1 s; peak memory 539 MiB.
2026-10-09T17:56:57Z INFO [391/500] 6b49b768-d293-48d6-a4a9-061440b0cf8a: 48 chunks; 1.3 s; peak memory 539 MiB.
2026-10-09T17:56:59Z INFO [392/500] 6b4aad39-3a27-4eaa-9312-c4710d181bf0: 117 chunks; 1.6 s; peak memory 539 MiB.
2026-10-09T17:57:01Z INFO [393/500] 6b4afc65-9bcc-4172-86c9-05c97ba689d4: 289 chunks; 1.9 s; peak memory 539 MiB.
2026-10-09T17:57:02Z INFO [394/500] 6b4b7763-4d15-4372-b035-42c7c9e4a44a: 48 chunks; 1.3 s; peak memory 539 MiB.
2026-10-09T17:57:14Z INFO [395/500] 6b4bec42-1eb5-4238-8669-2a45c42bd5d4: 16473 chunks; 11.8 s; peak memory 539 MiB.
2026-10-09T17:57:15Z INFO [396/500] 6b4c056d-d695-4cdf-9f2c-0efea0da92f0: 48 chunks; 1.4 s; peak memory 539 MiB.
2026-10-09T17:57:17Z INFO [397/500] 6b4d1b23-d93c-4553-9a4f-5f6980f194a6: 121 chunks; 1.3 s; peak memory 539 MiB.
2026-10-09T17:57:18Z INFO [398/500] 6b4d3e19-4878-4be0-8468-5a231a7e97bb: 76 chunks; 1.9 s; peak memory 539 MiB.
2026-10-09T17:57:20Z INFO [399/500] 6b4d44f0-8442-428d-976b-e05736b7da9e: 117 chunks; 1.5 s; peak memory 539 MiB.
2026-10-09T17:57:21Z INFO [400/500] 6b4e7bf2-897b-45c1-b90b-ba7017e9e580: 118 chunks; 1.5 s; peak memory 539 MiB.
2026-10-09T17:57:22Z INFO [400/500] 6b4e7bf2-897b-45c1-b90b-ba7017e9e580: checkpointed 98734 new records.
2026-10-09T18:41:05Z INFO [401/500] 6b4f5cc5-8c24-4322-84c0-50ee03a71b5f: 326152 chunks; 2623.2 s; peak memory 1211 MiB.
2026-10-09T18:41:10Z INFO [402/500] 6b4fe683-51f4-4d9e-807d-a56c6a4e1150: 340 chunks; 5.2 s; peak memory 1211 MiB.
2026-10-09T18:41:11Z INFO [403/500] 6b505b74-1468-4794-bdbb-e6a205a02806: 48 chunks; 1.2 s; peak memory 1211 MiB.
2026-10-09T18:41:18Z INFO [404/500] 6b5194a9-b75d-42fd-8b18-bda4ad367bd4: 6025 chunks; 6.5 s; peak memory 1211 MiB.
2026-10-09T18:41:19Z INFO [405/500] 6b51bb68-e9fe-4c18-9fd6-ee6839177098: 118 chunks; 1.5 s; peak memory 1211 MiB.
2026-10-09T18:41:21Z INFO [406/500] 6b51bffc-17b4-496a-b8a8-66477d95fb2b: 704 chunks; 1.8 s; peak memory 1211 MiB.
2026-10-09T18:41:24Z INFO [407/500] 6b52e4ab-27e0-4636-8e8a-1197b260ee79: 119 chunks; 2.4 s; peak memory 1211 MiB.
2026-10-09T18:41:25Z INFO [408/500] 6b539367-20b9-4d5b-812f-dfa087c9e10c: 112 chunks; 1.8 s; peak memory 1211 MiB.
2026-10-09T18:41:27Z INFO [409/500] 6b53bc60-33b2-42b9-81c4-d92272c3baa0: 48 chunks; 1.2 s; peak memory 1211 MiB.
2026-10-09T18:41:28Z INFO [410/500] 6b5589b4-d378-4874-8b41-73160ce0224a: 117 chunks; 1.4 s; peak memory 1211 MiB.
2026-10-09T18:41:29Z INFO [411/500] 6b5797e7-5374-4cfc-bbaa-bbf14f992a5b: 48 chunks; 1.3 s; peak memory 1211 MiB.
2026-10-09T18:41:31Z INFO [412/500] 6b57dd62-7751-458b-b3cf-87c654b76a42: 69 chunks; 1.6 s; peak memory 1211 MiB.
2026-10-09T18:44:10Z INFO [413/500] 6b582373-fb08-474f-a2d5-47b415e89286: 38023 chunks; 159.3 s; peak memory 1211 MiB.
2026-10-09T18:44:14Z INFO [414/500] 6b5895a7-f2d8-406d-a143-f3a05769726f: 156 chunks; 3.9 s; peak memory 1211 MiB.
2026-10-09T18:44:15Z INFO [415/500] 6b58df7d-916e-4862-9f37-66f58cc9f931: 46 chunks; 1.0 s; peak memory 1211 MiB.
2026-10-09T18:44:17Z INFO [416/500] 6b591f60-564c-40da-b631-b8571af47cf8: 84 chunks; 1.5 s; peak memory 1211 MiB.
2026-10-09T18:44:18Z INFO [417/500] 6b5960a0-7f7e-4c8e-b9cb-9c0755d1b9ed: 48 chunks; 1.3 s; peak memory 1211 MiB.
2026-10-09T18:44:20Z INFO [418/500] 6b59eeb0-5326-406a-baf4-b9abb550bc8e: 110 chunks; 2.0 s; peak memory 1211 MiB.
2026-10-09T18:44:22Z INFO [419/500] 6b5ae1be-d066-4ec4-b3b8-686631f90fab: 59 chunks; 1.7 s; peak memory 1211 MiB.
2026-10-09T18:44:23Z INFO [420/500] 6b5b005e-f6e4-4347-b221-6aa54962916d: 59 chunks; 1.6 s; peak memory 1211 MiB.
2026-10-09T18:44:32Z INFO [421/500] 6b5be40a-9a3d-47e7-9150-70686f85fd5d: 4151 chunks; 8.9 s; peak memory 1211 MiB.
2026-10-09T18:44:35Z INFO [422/500] 6b5befdb-fff5-47c5-b419-41eed1318251: 71 chunks; 2.7 s; peak memory 1211 MiB.
2026-10-09T18:44:43Z INFO [423/500] 6b5bf411-4675-4309-81e2-d9c03884271a: 319 chunks; 8.3 s; peak memory 1211 MiB.
2026-10-09T18:44:45Z INFO [424/500] 6b5c2bb7-db21-4dda-ab15-f1a73d16febf: 117 chunks; 1.5 s; peak memory 1211 MiB.
2026-10-09T18:44:46Z INFO [425/500] 6b5ceb38-bd9f-428f-8450-b421ad20ee2f: 48 chunks; 1.3 s; peak memory 1211 MiB.
2026-10-09T18:44:48Z INFO [426/500] 6b5cf9d7-6b84-4258-bac4-74d22889bbb2: 720 chunks; 2.1 s; peak memory 1211 MiB.
2026-10-09T18:44:54Z INFO [427/500] 6b5d4cd9-2276-431d-bd87-ef4c2d0647fd: 174 chunks; 5.8 s; peak memory 1211 MiB.
2026-10-09T18:44:55Z INFO [428/500] 6b5d898e-7168-4f80-a32d-c3d287bb5f31: 112 chunks; 1.7 s; peak memory 1211 MiB.
2026-10-09T18:44:57Z INFO [429/500] 6b5db24a-eb00-4ed4-b50e-5a6e4352006f: 117 chunks; 1.6 s; peak memory 1211 MiB.
2026-10-09T18:44:58Z INFO [430/500] 6b5ddfc7-0223-416c-99b4-c1d16a476612: 46 chunks; 1.0 s; peak memory 1211 MiB.
2026-10-09T18:45:00Z INFO [431/500] 6b5e4e67-04f9-4db4-a613-069743a1bb2c: 110 chunks; 1.6 s; peak memory 1211 MiB.
2026-10-09T18:45:02Z INFO [432/500] 6b5e540b-ffd1-4429-8b83-9f5de2d2d7c1: 112 chunks; 2.0 s; peak memory 1211 MiB.
2026-10-09T18:45:03Z INFO [433/500] 6b5e7034-1312-4192-8c49-fca5516f71e8: 117 chunks; 1.5 s; peak memory 1211 MiB.
2026-10-09T18:45:04Z INFO [434/500] 6b5ee055-6d01-4c76-935a-e1b33ff5df6b: 52 chunks; 1.4 s; peak memory 1211 MiB.
2026-10-09T18:45:06Z INFO [435/500] 6b5ff914-3181-4679-9972-c6e433883d90: 115 chunks; 1.5 s; peak memory 1211 MiB.
2026-10-09T18:45:07Z INFO [436/500] 6b60a00c-e3b7-4b79-a1ea-e2cc23739ed4: 48 chunks; 1.4 s; peak memory 1211 MiB.
2026-10-09T19:00:30Z INFO [437/500] 6b60b812-004a-4d4f-8348-b744519aa318: 222967 chunks; 922.3 s; peak memory 1211 MiB.
2026-10-09T19:00:31Z INFO [438/500] 6b61132f-0a38-48c8-b654-1ddbc90c8ee9: 118 chunks; 1.5 s; peak memory 1211 MiB.
2026-10-09T19:00:36Z INFO [439/500] 6b6114da-2fdd-4bb5-8328-bb8230a243f9: 2119 chunks; 4.5 s; peak memory 1211 MiB.
2026-10-09T19:00:37Z INFO [440/500] 6b61a459-3a2d-4afd-adb5-6994c740fe64: 117 chunks; 1.6 s; peak memory 1211 MiB.
2026-10-09T19:00:40Z INFO [441/500] 6b61ac1a-73ed-4b4b-ae9d-4845b2f9417a: 933 chunks; 2.6 s; peak memory 1211 MiB.
2026-10-09T19:00:41Z INFO [442/500] 6b61d4bb-e129-4288-9ba7-51cbb465863e: 48 chunks; 1.3 s; peak memory 1211 MiB.
2026-10-09T19:00:48Z INFO [443/500] 6b62e2e4-d253-4f56-818f-37cfcbe3dba1: 2923 chunks; 7.2 s; peak memory 1211 MiB.
2026-10-09T19:00:53Z INFO [444/500] 6b62ff83-beba-4bd7-93f3-cc897f584aa1: 285 chunks; 4.8 s; peak memory 1211 MiB.
2026-10-09T19:00:58Z INFO [445/500] 6b63513a-43dd-4f29-87e0-9a99db62910c: 8133 chunks; 5.3 s; peak memory 1211 MiB.
2026-10-09T19:01:00Z INFO [446/500] 6b63d61d-77bf-43b1-b778-e6f2ece8cc48: 48 chunks; 1.3 s; peak memory 1211 MiB.
2026-10-09T19:01:02Z INFO [447/500] 6b63f90d-6056-4d6a-bb1f-b1eaf3545a3d: 158 chunks; 2.5 s; peak memory 1211 MiB.
2026-10-09T19:01:04Z INFO [448/500] 6b63f9aa-ca74-47d5-8728-c9e36bd6d07c: 69 chunks; 1.5 s; peak memory 1211 MiB.
2026-10-09T19:01:05Z INFO [449/500] 6b6420e1-5d34-453c-b2f1-98802dc0f744: 112 chunks; 1.7 s; peak memory 1211 MiB.
2026-10-09T19:01:07Z INFO [450/500] 6b6496b4-20e5-484c-b366-bf0d37097328: 112 chunks; 1.8 s; peak memory 1211 MiB.
2026-10-09T19:01:08Z INFO [450/500] 6b6496b4-20e5-484c-b366-bf0d37097328: checkpointed 98784 new records.
2026-10-09T19:01:24Z INFO [451/500] 6b65dc8e-7467-4f7a-aab4-091215e8d0b5: 407 chunks; 16.3 s; peak memory 1211 MiB.
2026-10-09T19:01:25Z INFO [452/500] 6b6671b0-2826-4a77-bd48-d17f5c0e2eae: 116 chunks; 1.6 s; peak memory 1211 MiB.
2026-10-09T19:01:29Z INFO [453/500] 6b676738-297a-4be2-8462-8ac0621507f2: 156 chunks; 3.6 s; peak memory 1211 MiB.
2026-10-09T19:01:30Z INFO [454/500] 6b68480a-de8a-4d6f-abba-643f8922ac7b: 45 chunks; 1.0 s; peak memory 1211 MiB.
2026-10-09T19:01:31Z INFO [455/500] 6b69bb91-4173-4e83-9771-3cd37a2a26c6: 48 chunks; 1.3 s; peak memory 1211 MiB.
2026-10-09T19:01:33Z INFO [456/500] 6b6b1657-0eee-43bc-9a52-ea084797c86d: 117 chunks; 1.6 s; peak memory 1211 MiB.
2026-10-09T19:01:34Z INFO [457/500] 6b6b2100-d751-4adc-bedd-b03bb5791427: 164 chunks; 1.4 s; peak memory 1211 MiB.
2026-10-09T19:01:36Z INFO [458/500] 6b6c492f-b19a-40d5-a703-02422bef8896: 48 chunks; 1.3 s; peak memory 1211 MiB.
2026-10-09T19:01:48Z INFO [459/500] 6b6c5335-807c-4acc-9cbe-92529ae0381a: 21136 chunks; 12.6 s; peak memory 1211 MiB.
2026-10-09T19:01:49Z INFO [460/500] 6b6cbb12-2da6-4ffe-9386-7ed039152695: 46 chunks; 1.2 s; peak memory 1211 MiB.
2026-10-09T19:01:51Z INFO [461/500] 6b6d2e3b-0e53-4470-b4d7-b8c15182cf92: 48 chunks; 1.3 s; peak memory 1211 MiB.
2026-10-09T19:01:52Z INFO [462/500] 6b6e2591-4395-4aca-884a-005df67524b6: 118 chunks; 1.7 s; peak memory 1211 MiB.
2026-10-09T19:01:53Z INFO [463/500] 6b6f49bb-f1d2-4d17-bdcf-53e796c1e34d: 56 chunks; 1.0 s; peak memory 1211 MiB.
2026-10-09T19:01:55Z INFO [464/500] 6b709994-52e3-4f8c-898b-7813fd971607: 49 chunks; 1.6 s; peak memory 1211 MiB.
2026-10-09T19:01:57Z INFO [465/500] 6b70c49c-6df6-4f86-8f1d-08f87af826dc: 62 chunks; 2.0 s; peak memory 1211 MiB.
2026-10-09T19:01:59Z INFO [466/500] 6b70fb59-b311-4deb-b746-16cd4fb9b839: 112 chunks; 1.7 s; peak memory 1211 MiB.
2026-10-09T19:02:52Z INFO [467/500] 6b722c84-6b4a-4dc1-9974-8265097afcbe: 22837 chunks; 53.1 s; peak memory 1211 MiB.
2026-10-09T19:02:53Z INFO [468/500] 6b7231de-e0c5-4a69-8644-e795c12b6567: 48 chunks; 1.4 s; peak memory 1211 MiB.
2026-10-09T19:02:55Z INFO [469/500] 6b730503-1b6a-4cfb-8047-1d23213e7887: 46 chunks; 1.4 s; peak memory 1211 MiB.
2026-10-09T19:02:56Z INFO [470/500] 6b730942-ddad-47c7-ae5e-17c8ddeadc01: 48 chunks; 1.2 s; peak memory 1211 MiB.
2026-10-09T19:02:57Z INFO [471/500] 6b73ae82-05dd-45c5-a83a-2d015c2c2fc0: 48 chunks; 1.2 s; peak memory 1211 MiB.
2026-10-09T19:03:05Z INFO [472/500] 6b741504-0cb0-435e-b96d-36f021c96433: 4151 chunks; 8.5 s; peak memory 1211 MiB.
2026-10-09T19:03:08Z INFO [473/500] 6b7482d9-7dd2-471a-9170-63b16080c6d9: 123 chunks; 2.7 s; peak memory 1211 MiB.
2026-10-09T19:03:10Z INFO [474/500] 6b7502c9-9f6c-4d54-9148-c8d2a783a3c9: 112 chunks; 1.7 s; peak memory 1211 MiB.
2026-10-09T19:03:11Z INFO [475/500] 6b75c83b-305d-4607-bb0f-bf09185801e2: 48 chunks; 1.2 s; peak memory 1211 MiB.
2026-10-09T19:03:13Z INFO [476/500] 6b7643e8-838b-432c-b040-a3bb23583974: 48 chunks; 1.4 s; peak memory 1211 MiB.
2026-10-09T19:03:14Z INFO [477/500] 6b766d44-192e-46b0-9a29-53ebc2bf835d: 118 chunks; 1.5 s; peak memory 1211 MiB.
2026-10-09T19:03:18Z INFO [478/500] 6b77bbf4-778f-48b6-a0b0-18b728a90e3a: 156 chunks; 3.6 s; peak memory 1211 MiB.
2026-10-09T19:03:20Z INFO [479/500] 6b77fce6-c413-4562-946b-d823417d4f20: 66 chunks; 2.6 s; peak memory 1211 MiB.
2026-10-09T19:03:22Z INFO [480/500] 6b786e35-aecf-4e02-a216-d4d592798bf7: 48 chunks; 1.4 s; peak memory 1211 MiB.
2026-10-09T19:03:41Z INFO [481/500] 6b7aa5e8-2878-426f-a738-9da32379d47f: 8229 chunks; 19.6 s; peak memory 1211 MiB.
2026-10-09T19:03:43Z INFO [482/500] 6b7af0cb-1497-4a9f-91ed-8b727a56248b: 71 chunks; 1.2 s; peak memory 1211 MiB.
2026-10-09T19:03:44Z INFO [483/500] 6b7bc28e-bf53-45b2-bee1-f207d49c4388: 48 chunks; 1.4 s; peak memory 1211 MiB.
2026-10-09T19:03:45Z INFO [484/500] 6b7bd41e-e443-48a3-9d19-934e150f1970: 112 chunks; 1.6 s; peak memory 1211 MiB.
2026-10-09T19:03:49Z INFO [485/500] 6b7cae28-884d-4737-bdcf-6540200795de: 116 chunks; 3.1 s; peak memory 1211 MiB.
2026-10-09T19:03:50Z INFO [486/500] 6b7cb179-e7f4-4324-8c84-2e064996a985: 84 chunks; 1.7 s; peak memory 1211 MiB.
2026-10-09T19:03:54Z INFO [487/500] 6b7d1a9e-d3e1-491e-8a92-053fd665e091: 116 chunks; 3.5 s; peak memory 1211 MiB.
2026-10-09T19:03:58Z INFO [488/500] 6b7d4e48-9ff9-4ca6-b9f8-eb4346f73fc5: 245 chunks; 4.2 s; peak memory 1211 MiB.
2026-10-09T19:04:00Z INFO [489/500] 6b7de3e0-1dcd-4533-b3d9-c71ce87ac9c3: 118 chunks; 1.7 s; peak memory 1211 MiB.
2026-10-09T19:04:01Z INFO [490/500] 6b7debac-3a72-4c49-8fc5-a50061600b1c: 46 chunks; 1.3 s; peak memory 1211 MiB.
2026-10-09T19:04:02Z INFO [491/500] 6b7e090b-5226-4c15-b9ff-9d7e6b73295f: 48 chunks; 1.3 s; peak memory 1211 MiB.
2026-10-09T19:04:04Z INFO [492/500] 6b7e76d4-5599-4644-b258-2d2aa8ff2f62: 52 chunks; 1.4 s; peak memory 1211 MiB.
2026-10-09T19:04:05Z INFO [493/500] 6b7febc7-1380-4468-b25a-d0d2f2ca7667: 117 chunks; 1.4 s; peak memory 1211 MiB.
2026-10-09T19:05:56Z INFO [494/500] 6b8206bd-2829-48d9-95fc-e713cb3d363a: 33024 chunks; 110.8 s; peak memory 1211 MiB.
2026-10-09T19:05:57Z INFO [495/500] 6b820739-6955-4ea0-80ea-0cad36269e92: 48 chunks; 1.3 s; peak memory 1211 MiB.
2026-10-09T19:05:59Z INFO [496/500] 6b8483aa-7076-4489-95c2-2d86a85d1fa0: 71 chunks; 2.4 s; peak memory 1211 MiB.
2026-10-09T19:06:15Z INFO [497/500] 6b84e62a-c6e1-4d74-8546-84656e3e6bf8: 18617 chunks; 15.3 s; peak memory 1211 MiB.
2026-10-09T19:06:17Z INFO [498/500] 6b860524-1054-4e45-88b2-d7e0748d828a: 336 chunks; 1.8 s; peak memory 1211 MiB.
2026-10-09T19:06:18Z INFO [499/500] 6b86309d-58a2-461b-97ed-bc4671a94379: 46 chunks; 1.3 s; peak memory 1211 MiB.
2026-10-09T19:06:20Z INFO [500/500] 6b8666f9-1096-46c8-8359-b565729fcb72: 112 chunks; 2.0 s; peak memory 1211 MiB.
2026-10-09T19:06:20Z INFO [500/500] 6b8666f9-1096-46c8-8359-b565729fcb72: checkpointed 98834 new records.
2026-10-09T19:06:20Z INFO Wrote 98834 records to /tmp/derivatives/valid_nwb_file_to_chunk_stats.jsonl (500 new, 0 failed) in 124.9 min (peak memory 1211 MiB).
