2026-10-02T21:16:47Z INFO Logging to /tmp/logs/update_2026-10-02T21-16-47Z.log.
2026-10-02T21:16:47Z INFO Update valid-nwb-file-to-chunk-stats (base directory /tmp).
2026-10-02T21:16:47Z INFO Processing 500 items (64834 already recorded).
2026-10-02T21:17:07Z INFO [1/500] 252275a9-0fbb-4c85-9a5c-3c4c47c7c394: 29058 chunks; 19.4 s; peak memory 210 MiB.
2026-10-02T21:17:09Z INFO [2/500] 2523313a-6282-4dd1-ad8d-0b5977bf3b25: 46 chunks; 1.9 s; peak memory 210 MiB.
2026-10-02T21:17:10Z INFO [3/500] 2523ec21-7698-4136-adb1-350da972a48c: 112 chunks; 1.9 s; peak memory 211 MiB.
2026-10-02T21:17:19Z INFO [4/500] 25242d9b-951c-4c19-82ab-78e24a731407: 15494 chunks; 8.5 s; peak memory 212 MiB.
2026-10-02T21:17:21Z INFO [5/500] 252448ec-1df2-4c38-a304-2820933fb30a: 289 chunks; 1.9 s; peak memory 212 MiB.
2026-10-02T21:17:34Z INFO [6/500] 2525261a-5de4-4408-bd17-f3c93b0f09c7: 19148 chunks; 13.6 s; peak memory 212 MiB.
2026-10-02T21:17:50Z INFO [7/500] 252530e5-ee50-4b8a-a70e-033ed6aba2d4: 4993 chunks; 15.3 s; peak memory 234 MiB.
2026-10-02T21:17:51Z INFO [8/500] 25255897-9f6a-464a-ae98-16df9a081e50: 48 chunks; 1.4 s; peak memory 234 MiB.
2026-10-02T21:17:53Z INFO [9/500] 2525a919-4d7e-4de5-9126-1f4801f6c808: 42 chunks; 1.4 s; peak memory 234 MiB.
2026-10-02T21:17:54Z INFO [10/500] 2526dc41-06f0-4e66-8099-3c8be99d5b1d: 46 chunks; 1.0 s; peak memory 234 MiB.
2026-10-02T21:17:56Z INFO [11/500] 25279643-aaa9-4a1d-afa1-84a2ed599d1f: 289 chunks; 1.9 s; peak memory 234 MiB.
2026-10-02T21:17:57Z INFO [12/500] 25280305-f981-4d92-ab90-bbfc746859b3: 109 chunks; 1.8 s; peak memory 234 MiB.
2026-10-02T21:17:59Z INFO [13/500] 252839de-1305-406d-b6f2-cc5df22ae2df: 117 chunks; 1.8 s; peak memory 234 MiB.
2026-10-02T21:18:07Z INFO [14/500] 25291aaf-52de-410e-bb6c-40c571eb2d2e: 283 chunks; 8.1 s; peak memory 234 MiB.
2026-10-02T21:18:09Z INFO [15/500] 25294e22-8996-4f5c-bd9c-7d460aad7c89: 66 chunks; 2.0 s; peak memory 234 MiB.
2026-10-02T21:18:12Z INFO [16/500] 25296bbf-1c23-4def-932b-1bd1faa54c0a: 125 chunks; 3.1 s; peak memory 234 MiB.
2026-10-02T21:18:30Z INFO [17/500] 252a1abe-1a2c-4131-9bb4-2ac1621a7603: 6193 chunks; 17.9 s; peak memory 235 MiB.
2026-10-02T21:18:32Z INFO [18/500] 252acb44-b0bd-4839-a6de-4a7a687639dd: 117 chunks; 1.6 s; peak memory 235 MiB.
2026-10-02T21:18:34Z INFO [19/500] 252be741-ab5d-4f91-92fe-712d2cc90caa: 116 chunks; 1.8 s; peak memory 235 MiB.
2026-10-02T21:18:37Z INFO [20/500] 252c98e7-8408-47b0-89c2-2ab9396449e8: 114 chunks; 3.8 s; peak memory 235 MiB.
2026-10-02T21:18:44Z INFO [21/500] 252ddea2-004f-4846-812b-69fef4cf7ade: 6248 chunks; 6.2 s; peak memory 235 MiB.
2026-10-02T21:18:45Z INFO [22/500] 252de2ee-272e-41e2-b9f2-5c8da2b4afc3: 48 chunks; 1.3 s; peak memory 235 MiB.
2026-10-02T21:18:56Z INFO [23/500] 252f5948-2189-441a-9c42-f881cd383d8c: 339 chunks; 11.2 s; peak memory 235 MiB.
2026-10-02T21:18:57Z INFO [24/500] 252ffaa6-a930-4346-9403-9f50d4a922d2: 48 chunks; 1.3 s; peak memory 235 MiB.
2026-10-02T21:18:59Z INFO [25/500] 25300e28-b481-4d70-9225-36b84d93a227: 48 chunks; 1.3 s; peak memory 235 MiB.
2026-10-02T21:19:00Z INFO [26/500] 2530c99b-a218-4e0f-8ebf-b5e0f61e50f6: 66 chunks; 1.6 s; peak memory 235 MiB.
2026-10-02T21:19:03Z INFO [27/500] 25313063-de64-4b06-a9a0-72917a5e074f: 94 chunks; 2.7 s; peak memory 235 MiB.
2026-10-02T21:19:09Z INFO [28/500] 2531b717-654f-47cc-8426-6d0e1b77b8db: 6441 chunks; 6.2 s; peak memory 235 MiB.
2026-10-02T21:19:11Z INFO [29/500] 2531bd32-d78f-48c3-aff8-f15d1d9f17c2: 111 chunks; 1.9 s; peak memory 235 MiB.
2026-10-02T21:19:12Z INFO [30/500] 25325df2-ce83-4cbe-982c-28e4d0857bcf: 35 chunks; 1.1 s; peak memory 235 MiB.
2026-10-02T21:19:14Z INFO [31/500] 2532aabc-83dc-4438-90e9-c0445b2b8ae3: 112 chunks; 1.9 s; peak memory 235 MiB.
2026-10-02T21:19:15Z INFO [32/500] 25332af4-3198-493c-b520-7941e5ce5668: 46 chunks; 1.2 s; peak memory 235 MiB.
2026-10-02T21:19:17Z INFO [33/500] 25336ea2-a71b-405c-aab1-f5ae983a9eed: 49 chunks; 1.6 s; peak memory 235 MiB.
2026-10-02T21:19:18Z INFO [34/500] 2533c3af-034a-4fe2-a131-338855b4610e: 42 chunks; 1.6 s; peak memory 235 MiB.
2026-10-02T21:19:20Z INFO [35/500] 2535cfe5-0890-4660-ad52-8e6cf169686f: 118 chunks; 1.5 s; peak memory 235 MiB.
2026-10-02T21:19:21Z INFO [36/500] 2535d949-cbf9-430c-8c75-0252f5082fa1: 58 chunks; 1.1 s; peak memory 235 MiB.
2026-10-02T21:19:27Z INFO [37/500] 2535eb4d-d47d-4706-bf8e-f65caa4aaf81: 208 chunks; 5.9 s; peak memory 235 MiB.
2026-10-02T21:19:40Z INFO [38/500] 253657d4-58b0-49b1-805e-5604d4032eee: 12249 chunks; 13.3 s; peak memory 235 MiB.
2026-10-02T21:19:42Z INFO [39/500] 253686f2-c626-4bf9-9b9b-ec736d98c94b: 303 chunks; 1.9 s; peak memory 235 MiB.
2026-10-02T21:19:43Z INFO [40/500] 2536dd5c-1b7d-4ac3-86cf-445bdbf6445b: 48 chunks; 1.3 s; peak memory 235 MiB.
2026-10-02T21:19:45Z INFO [41/500] 25370ec6-1904-46f6-8f63-3d0d8df9a659: 42 chunks; 1.5 s; peak memory 235 MiB.
2026-10-02T21:19:48Z INFO [42/500] 25387641-e710-4172-8ac7-86c4102bca37: 115 chunks; 3.1 s; peak memory 235 MiB.
2026-10-02T21:19:49Z INFO [43/500] 25397246-a7c0-48a8-9b01-77ade50f9961: 50 chunks; 1.3 s; peak memory 235 MiB.
2026-10-02T22:11:56Z INFO [44/500] 2539c107-4f11-496f-b6f7-d954737137ff: 959713 chunks; 3126.8 s; peak memory 1176 MiB.
2026-10-02T22:11:59Z INFO [45/500] 2539c964-d6cc-448c-892c-dd70e381de2a: 199 chunks; 3.2 s; peak memory 1176 MiB.
2026-10-02T22:12:01Z INFO [46/500] 2539cadd-53b8-4481-ba6d-dbea59361a82: 118 chunks; 1.7 s; peak memory 1176 MiB.
2026-10-02T22:12:03Z INFO [47/500] 2539f05f-d349-43c9-83ea-2f2eb9978c12: 117 chunks; 1.6 s; peak memory 1176 MiB.
2026-10-02T22:12:09Z INFO [48/500] 253af908-a49a-469f-82dc-5bcf9515e093: 231 chunks; 6.5 s; peak memory 1176 MiB.
2026-10-02T22:12:11Z INFO [49/500] 253b2feb-f9b7-4eae-b257-dd87c9da9ed5: 132 chunks; 1.3 s; peak memory 1176 MiB.
2026-10-02T22:12:12Z INFO [50/500] 253b6f0c-0876-470f-a1a1-253132f57055: 48 chunks; 1.4 s; peak memory 1176 MiB.
2026-10-02T22:12:12Z INFO [50/500] 253b6f0c-0876-470f-a1a1-253132f57055: checkpointed 64884 records.
2026-10-02T22:12:14Z INFO [51/500] 253c8fa2-655b-42ec-a365-dc9e4995469a: 112 chunks; 2.3 s; peak memory 1176 MiB.
2026-10-02T22:12:16Z INFO [52/500] 253cd2b8-d8d3-41d8-80af-21d72bbb9775: 117 chunks; 1.8 s; peak memory 1176 MiB.
2026-10-02T22:12:17Z INFO [53/500] 253d5e02-d414-4ca2-b39f-9f158508018f: 33 chunks; 1.1 s; peak memory 1176 MiB.
2026-10-02T22:12:19Z INFO [54/500] 253dd247-6216-4a06-bd31-f8aff54cbd04: 112 chunks; 2.0 s; peak memory 1176 MiB.
2026-10-02T22:12:21Z INFO [55/500] 253de891-9489-491f-b5a3-5988a5d25da5: 48 chunks; 1.4 s; peak memory 1176 MiB.
2026-10-02T22:12:23Z INFO [56/500] 253dfcff-9a8b-4625-886f-e1ef93d53d3f: 112 chunks; 2.0 s; peak memory 1176 MiB.
2026-10-02T22:12:24Z INFO [57/500] 253ed8b6-6304-4f51-8aa8-538d212d0fbe: 68 chunks; 1.4 s; peak memory 1176 MiB.
2026-10-02T22:12:25Z INFO [58/500] 25406642-31c6-4e13-8253-8c1587ccfe59: 48 chunks; 1.5 s; peak memory 1176 MiB.
2026-10-02T22:12:28Z INFO [59/500] 25408b18-3867-4e1b-81a2-623797590698: 75 chunks; 2.3 s; peak memory 1176 MiB.
2026-10-02T22:12:29Z INFO [60/500] 25409951-63b1-4623-8bdc-1542fbe2f958: 48 chunks; 1.3 s; peak memory 1176 MiB.
2026-10-02T22:12:31Z INFO [61/500] 2540ace9-d645-4adc-bdd4-1d357ad738f5: 112 chunks; 1.9 s; peak memory 1176 MiB.
2026-10-02T22:12:32Z INFO [62/500] 2541742d-1043-4fc2-b74c-28c94d045f84: 48 chunks; 1.4 s; peak memory 1176 MiB.
2026-10-02T22:12:33Z INFO [63/500] 2541a2d0-bbb5-413c-b046-8f8b51110616: 37 chunks; 1.2 s; peak memory 1176 MiB.
2026-10-02T22:12:35Z INFO [64/500] 2541e2f2-bbc1-4211-b951-34ca3f48eef3: 48 chunks; 1.5 s; peak memory 1176 MiB.
2026-10-02T22:12:36Z INFO [65/500] 254337f7-0a16-4daa-8225-a8309d745747: 48 chunks; 1.4 s; peak memory 1176 MiB.
2026-10-02T22:12:37Z INFO [66/500] 25435e16-d7f6-4f2a-8578-ab0c78d013dd: 46 chunks; 1.0 s; peak memory 1176 MiB.
2026-10-02T22:12:39Z INFO [67/500] 2543abec-f0f9-42fe-b261-2f6c13d86be7: 118 chunks; 1.5 s; peak memory 1176 MiB.
2026-10-02T22:12:41Z INFO [68/500] 254410c7-d598-4014-a00b-e6af5031c676: 112 chunks; 1.7 s; peak memory 1176 MiB.
2026-10-02T22:12:42Z INFO [69/500] 254575cb-911f-4995-a49a-fef0e982a3c5: 57 chunks; 1.1 s; peak memory 1176 MiB.
2026-10-02T22:12:59Z INFO [70/500] 2545a4a1-4edf-4dc2-9947-52aef78ed829: 428 chunks; 17.2 s; peak memory 1176 MiB.
2026-10-02T22:13:01Z INFO [71/500] 2545c837-5f1c-4ea2-9451-bec2a69b4d18: 116 chunks; 1.7 s; peak memory 1176 MiB.
2026-10-02T22:13:16Z INFO [72/500] 2545e2d7-6fb2-4ece-ae64-57de27dd345b: 20617 chunks; 15.5 s; peak memory 1176 MiB.
2026-10-02T22:13:18Z INFO [73/500] 254643cc-1a11-4a7a-ba46-a446d1d2584e: 133 chunks; 2.4 s; peak memory 1176 MiB.
2026-10-02T22:13:35Z INFO [74/500] 25471c0a-93c3-425e-90a5-2dc1098a7a37: 22424 chunks; 16.4 s; peak memory 1176 MiB.
2026-10-02T22:13:36Z INFO [75/500] 25495c8e-2268-4738-a062-d326417e650c: 112 chunks; 1.6 s; peak memory 1176 MiB.
2026-10-02T22:13:38Z INFO [76/500] 254962e9-ebfa-4a21-8a38-1cd70c4a92c6: 112 chunks; 2.0 s; peak memory 1176 MiB.
2026-10-02T22:13:40Z INFO [77/500] 2549704f-eb8b-4903-8f0e-efe6c8ee8d13: 111 chunks; 1.6 s; peak memory 1176 MiB.
2026-10-02T22:13:42Z INFO [78/500] 254ae16f-cced-47d3-96a4-4610e2451d8e: 64 chunks; 1.7 s; peak memory 1176 MiB.
2026-10-02T22:13:43Z INFO [79/500] 254b60b7-a755-4641-8aa4-634801a8820c: 52 chunks; 1.4 s; peak memory 1176 MiB.
2026-10-02T22:13:46Z INFO [80/500] 254be5db-2093-4d7d-adc7-d945c66cedcc: 367 chunks; 2.5 s; peak memory 1176 MiB.
2026-10-02T22:13:48Z INFO [81/500] 254dffa6-74dd-4816-9bec-cf5460c7f906: 112 chunks; 2.0 s; peak memory 1176 MiB.
2026-10-02T22:13:49Z INFO [82/500] 254e9963-f255-4a02-86d1-f35a9e9be021: 50 chunks; 1.7 s; peak memory 1176 MiB.
2026-10-02T22:13:51Z INFO [83/500] 254ea0e3-cee8-4254-ac69-a660a8ad5ac2: 117 chunks; 1.9 s; peak memory 1176 MiB.
2026-10-02T22:13:55Z INFO [84/500] 254ef370-ba10-448d-ac7f-ffcace1466db: 1626 chunks; 4.1 s; peak memory 1176 MiB.
2026-10-02T22:13:57Z INFO [85/500] 254f34cf-d827-413d-83dc-33bde8a9cd8c: 48 chunks; 1.4 s; peak memory 1176 MiB.
2026-10-02T22:14:07Z INFO [86/500] 254f3ad1-414a-4ba9-a383-45ecebed327f: 6087 chunks; 10.8 s; peak memory 1176 MiB.
2026-10-02T22:14:09Z INFO [87/500] 254f7329-b58e-43e2-bb1f-e3089ad70028: 112 chunks; 1.8 s; peak memory 1176 MiB.
2026-10-02T22:14:14Z INFO [88/500] 254f8b3e-0566-4b4d-abc6-6e7370589b9e: 1714 chunks; 4.5 s; peak memory 1176 MiB.
2026-10-02T22:14:16Z INFO [89/500] 255026ff-0d1c-4fce-833c-00d78db146e6: 110 chunks; 2.1 s; peak memory 1176 MiB.
2026-10-02T22:14:18Z INFO [90/500] 255147a9-75be-4f1f-bcd6-6e5d793e4781: 117 chunks; 1.6 s; peak memory 1176 MiB.
2026-10-02T22:14:23Z INFO [91/500] 25517ed5-6389-40d2-b726-82eaf496f213: 2085 chunks; 5.5 s; peak memory 1176 MiB.
2026-10-02T22:14:24Z INFO [92/500] 255188af-a599-4aff-9ddc-21ddc1c3d1a6: 46 chunks; 1.0 s; peak memory 1176 MiB.
2026-10-02T22:15:29Z INFO [93/500] 25520678-8c57-4a43-938f-b5128debcafb: 25653 chunks; 64.6 s; peak memory 1176 MiB.
2026-10-02T22:15:30Z INFO [94/500] 25522488-1030-41b5-9f82-78e162b0156b: 48 chunks; 1.4 s; peak memory 1176 MiB.
2026-10-02T22:15:31Z INFO [95/500] 255272a8-ecc3-4bfc-8b1f-d8e938a976e0: 46 chunks; 1.0 s; peak memory 1176 MiB.
2026-10-02T22:15:32Z INFO [96/500] 2553fffc-a352-412d-bf3c-5ad4d5de561a: 48 chunks; 1.4 s; peak memory 1176 MiB.
2026-10-02T22:15:34Z INFO [97/500] 255483db-e7af-4a10-a994-02e36cb5548e: 118 chunks; 1.7 s; peak memory 1176 MiB.
2026-10-02T22:15:36Z INFO [98/500] 2554fa4d-fa08-48ff-89f7-c441eefc751b: 49 chunks; 1.5 s; peak memory 1176 MiB.
2026-10-02T22:15:38Z INFO [99/500] 25552553-cddc-481f-ab72-2b0e54d87207: 112 chunks; 2.5 s; peak memory 1176 MiB.
2026-10-02T22:15:39Z INFO [100/500] 2555376a-e90a-4d6d-bbe7-3dff01076836: 57 chunks; 1.1 s; peak memory 1176 MiB.
2026-10-02T22:15:39Z INFO [100/500] 2555376a-e90a-4d6d-bbe7-3dff01076836: checkpointed 64934 records.
2026-10-02T22:15:43Z INFO [101/500] 2556bde7-1088-41fe-93dd-cbfcaa41368e: 114 chunks; 3.2 s; peak memory 1176 MiB.
2026-10-02T22:15:45Z INFO [102/500] 25575ae0-b3e9-4bb7-89ac-e764732c085e: 112 chunks; 2.1 s; peak memory 1176 MiB.
2026-10-02T22:15:46Z INFO [103/500] 2559197a-83c3-4e1b-b445-eab7955d4b97: 48 chunks; 1.4 s; peak memory 1176 MiB.
2026-10-02T22:15:48Z INFO [104/500] 25596353-0baa-45f5-bb3e-afea71ebcd01: 48 chunks; 1.4 s; peak memory 1176 MiB.
2026-10-02T22:15:49Z INFO [105/500] 255a1e7f-176c-411a-ab98-fa576ae98ca9: 74 chunks; 1.5 s; peak memory 1176 MiB.
2026-10-02T22:15:50Z INFO [106/500] 255b8a26-197d-4363-bb61-19675dc27632: 56 chunks; 1.1 s; peak memory 1176 MiB.
2026-10-02T22:15:52Z INFO [107/500] 255c364e-5373-45ef-8dcc-3215852f7ab4: 112 chunks; 1.7 s; peak memory 1176 MiB.
2026-10-02T22:15:59Z INFO [108/500] 255c3763-d84b-4d5e-80d2-c54e20526798: 1434 chunks; 7.2 s; peak memory 1176 MiB.
2026-10-02T22:35:33Z INFO [109/500] 255daa79-7ecb-4f95-a936-9a6806b3f741: 291681 chunks; 1174.1 s; peak memory 1176 MiB.
2026-10-02T22:35:40Z INFO [110/500] 255e581d-6737-4b01-a58d-61bedcf204e6: 238 chunks; 6.7 s; peak memory 1176 MiB.
2026-10-02T22:35:41Z INFO [111/500] 255e6ee5-ea54-4cde-8c20-72645f4ed075: 112 chunks; 1.7 s; peak memory 1176 MiB.
2026-10-02T22:35:43Z INFO [112/500] 255f4894-f144-4108-bcbb-87d88442c76f: 117 chunks; 1.7 s; peak memory 1176 MiB.
2026-10-02T22:35:44Z INFO [113/500] 25604d36-714c-40db-a802-b208adf2a2d2: 48 chunks; 1.3 s; peak memory 1176 MiB.
2026-10-02T22:35:47Z INFO [114/500] 2560e27c-ad6b-4306-bbd9-cf23f5d963bc: 110 chunks; 2.2 s; peak memory 1176 MiB.
2026-10-02T22:35:48Z INFO [115/500] 25614ced-6712-48ce-9735-a663c7b15825: 48 chunks; 1.3 s; peak memory 1176 MiB.
2026-10-02T22:35:49Z INFO [116/500] 25621d21-22ed-47df-ad0c-f1bdfbbc290a: 48 chunks; 1.3 s; peak memory 1176 MiB.
2026-10-02T22:35:55Z INFO [117/500] 25622743-b98a-4456-88c4-c569566bd938: 404 chunks; 5.4 s; peak memory 1176 MiB.
2026-10-02T22:35:56Z INFO [118/500] 25630554-b7e1-4159-83d8-062adf63e0f4: 48 chunks; 1.5 s; peak memory 1176 MiB.
2026-10-02T22:35:59Z INFO [119/500] 25634125-e02e-4ab6-98e3-a1c2d2966360: 64 chunks; 2.5 s; peak memory 1176 MiB.
2026-10-02T22:36:02Z INFO [120/500] 256358ec-ebab-41b6-8736-b3acd184a013: 123 chunks; 3.6 s; peak memory 1176 MiB.
2026-10-02T22:36:05Z INFO [121/500] 2564a46c-e23b-4119-bf5c-7ed85d173af8: 71 chunks; 2.9 s; peak memory 1176 MiB.
2026-10-02T22:36:07Z INFO [122/500] 2564c929-9834-4e2e-9cd1-aa65a58c23d5: 35 chunks; 1.1 s; peak memory 1176 MiB.
2026-10-02T22:36:09Z INFO [123/500] 2565b451-cea1-4f55-a570-b388f45198cf: 121 chunks; 2.6 s; peak memory 1176 MiB.
2026-10-02T22:36:42Z INFO [124/500] 256661be-c6bd-4f05-b010-8dae342bd3a9: 5410 chunks; 32.6 s; peak memory 1176 MiB.
2026-10-02T22:36:44Z INFO [125/500] 25675176-9c10-4fa6-aa0c-0d05035dc3f0: 119 chunks; 2.6 s; peak memory 1176 MiB.
2026-10-02T22:36:46Z INFO [126/500] 2567b566-1925-468c-8bb2-71adf6a5de41: 110 chunks; 1.7 s; peak memory 1176 MiB.
2026-10-02T22:36:48Z INFO [127/500] 2567dff3-9e0a-41b6-8a9b-6a4ebded2631: 112 chunks; 1.7 s; peak memory 1176 MiB.
2026-10-02T22:36:55Z INFO [128/500] 2567fa48-0b91-4641-8df6-22b160fecfc0: 2923 chunks; 7.5 s; peak memory 1176 MiB.
2026-10-02T22:36:57Z INFO [129/500] 25690f85-a921-4d64-8bfa-62dc1862c01b: 116 chunks; 1.4 s; peak memory 1176 MiB.
2026-10-02T22:36:58Z INFO [130/500] 25695ce2-6c49-4c87-970c-449d3583caa4: 48 chunks; 1.4 s; peak memory 1176 MiB.
2026-10-02T22:37:01Z INFO [131/500] 256a00f5-bd56-4b5e-aeef-a9f4cfdb8cb6: 71 chunks; 2.5 s; peak memory 1176 MiB.
2026-10-02T22:37:02Z INFO [132/500] 256ca5d5-9c2d-45ee-986c-471f4f7f1965: 117 chunks; 1.7 s; peak memory 1176 MiB.
2026-10-02T22:37:04Z INFO [133/500] 256ce708-3b1d-499a-ae4a-3f7d51db289f: 48 chunks; 1.5 s; peak memory 1176 MiB.
2026-10-02T22:37:05Z INFO [134/500] 256dd79c-f595-49d6-a6ea-ddc8de0f6b5d: 48 chunks; 1.3 s; peak memory 1176 MiB.
2026-10-02T22:37:07Z INFO [135/500] 256e4f57-d694-4ea0-bae6-27cc7202dc99: 112 chunks; 1.6 s; peak memory 1176 MiB.
2026-10-02T22:39:56Z INFO [136/500] 256e8b53-ed16-49ee-909d-4b8b477ee877: 42577 chunks; 169.3 s; peak memory 1176 MiB.
2026-10-02T22:39:57Z INFO [137/500] 256f5ada-2668-4c8f-9846-0d0e36f3070f: 50 chunks; 1.1 s; peak memory 1176 MiB.
2026-10-02T22:40:09Z INFO [138/500] 256f9459-202f-4d92-9de2-867bb60690cb: 20176 chunks; 11.8 s; peak memory 1176 MiB.
2026-10-02T22:40:24Z INFO [139/500] 256fc3af-16f0-4860-9bf1-eefc74ac43f5: 20110 chunks; 15.6 s; peak memory 1176 MiB.
2026-10-02T23:45:39Z INFO [140/500] 2570ebcf-425a-4593-ae71-e580aadbea77: 557306 chunks; 3914.2 s; peak memory 1182 MiB.
2026-10-02T23:45:40Z INFO [141/500] 25726d4f-9f33-4518-8306-1f211b984054: 52 chunks; 1.4 s; peak memory 1182 MiB.
2026-10-02T23:45:42Z INFO [142/500] 25729e80-675a-4a2e-beb2-8ef844e21809: 84 chunks; 1.7 s; peak memory 1182 MiB.
2026-10-02T23:45:43Z INFO [143/500] 257394c3-5f9c-4b16-bc6e-20a1e0af09b0: 48 chunks; 1.4 s; peak memory 1182 MiB.
2026-10-02T23:50:09Z INFO [144/500] 25747750-62de-4385-afc1-c86c2dd9318a: 75439 chunks; 266.2 s; peak memory 1182 MiB.
2026-10-02T23:50:11Z INFO [145/500] 2575668a-e101-4b79-b484-83598a08a860: 48 chunks; 1.4 s; peak memory 1182 MiB.
2026-10-02T23:50:12Z INFO [146/500] 25782508-c2dc-4084-94b3-1b7eeaa967d5: 48 chunks; 1.4 s; peak memory 1182 MiB.
2026-10-02T23:50:14Z INFO [147/500] 25791431-30a2-40bd-9f20-e409840c329d: 66 chunks; 1.8 s; peak memory 1182 MiB.
2026-10-02T23:50:22Z INFO [148/500] 25793550-cf11-41f2-a553-d3925abea7b8: 330 chunks; 8.2 s; peak memory 1182 MiB.
2026-10-02T23:50:24Z INFO [149/500] 257a58b1-55b9-42f5-b06b-2dbe113bd537: 112 chunks; 1.6 s; peak memory 1182 MiB.
2026-10-02T23:50:28Z INFO [150/500] 257b36a9-d8de-4196-ac02-645c4eb94801: 156 chunks; 3.8 s; peak memory 1182 MiB.
2026-10-02T23:50:28Z INFO [150/500] 257b36a9-d8de-4196-ac02-645c4eb94801: checkpointed 64984 records.
2026-10-02T23:50:29Z INFO [151/500] 257bd0e1-5994-482d-a5a8-7589d81f0efb: 112 chunks; 1.4 s; peak memory 1182 MiB.
2026-10-02T23:50:31Z INFO [152/500] 257d554b-4027-4be2-a349-066ada3d32a6: 103 chunks; 2.2 s; peak memory 1182 MiB.
2026-10-02T23:50:33Z INFO [153/500] 257d6e5d-3135-47f2-9f9e-34fddd0a383a: 48 chunks; 1.4 s; peak memory 1182 MiB.
2026-10-02T23:50:34Z INFO [154/500] 257dce32-fd4e-4a9c-bc93-f442def04396: 48 chunks; 1.4 s; peak memory 1182 MiB.
2026-10-02T23:50:37Z INFO [155/500] 257e47c1-3e7e-46b0-a11c-9861271aacd2: 1065 chunks; 3.1 s; peak memory 1182 MiB.
2026-10-02T23:50:38Z INFO [156/500] 257eb343-ce1e-4e6a-b737-91bc44eb02f4: 48 chunks; 1.3 s; peak memory 1182 MiB.
2026-10-02T23:50:40Z INFO [157/500] 257ffeef-0d2d-4456-8247-e75dba264145: 46 chunks; 1.2 s; peak memory 1182 MiB.
2026-10-02T23:50:42Z INFO [158/500] 25805ff1-a1ea-414d-bd68-8a23d8b9ca90: 70 chunks; 2.1 s; peak memory 1182 MiB.
2026-10-02T23:50:43Z INFO [159/500] 25808165-8634-44fa-a267-83eb95a3e85d: 48 chunks; 1.2 s; peak memory 1182 MiB.
2026-10-02T23:50:45Z INFO [160/500] 25809532-b116-4efa-acba-f105c7ee6b1a: 66 chunks; 2.1 s; peak memory 1182 MiB.
2026-10-02T23:50:48Z INFO [161/500] 25810525-d9ee-4de4-9523-ebb30d82fad2: 123 chunks; 3.5 s; peak memory 1182 MiB.
2026-10-02T23:50:50Z INFO [162/500] 25813752-1e5e-4d55-8ad0-80fa0803c6b4: 48 chunks; 1.4 s; peak memory 1182 MiB.
2026-10-02T23:50:53Z INFO [163/500] 25817d36-604d-4e38-b67a-95dba564b7cb: 141 chunks; 3.1 s; peak memory 1182 MiB.
2026-10-02T23:51:06Z INFO [164/500] 25818be9-700b-4eb0-8457-33297618df65: 20538 chunks; 12.8 s; peak memory 1182 MiB.
2026-10-02T23:51:07Z INFO [165/500] 2581b458-f1a2-4ea8-9e83-b9dfa07947d2: 118 chunks; 1.7 s; peak memory 1182 MiB.
2026-10-02T23:51:28Z INFO [166/500] 2581d0e0-85bb-4995-b03a-d51af329f8b5: 10243 chunks; 20.1 s; peak memory 1182 MiB.
2026-10-02T23:51:29Z INFO [167/500] 258272e4-0894-4d64-bf30-cb2aa8e72dbb: 54 chunks; 1.1 s; peak memory 1182 MiB.
2026-10-02T23:51:30Z INFO [168/500] 2582c9ea-ba9a-49a4-8253-ae6b8474c2cd: 48 chunks; 1.3 s; peak memory 1182 MiB.
2026-10-02T23:51:32Z INFO [169/500] 2582cd85-ac49-4ace-83ef-938239dc572b: 117 chunks; 1.7 s; peak memory 1182 MiB.
2026-10-02T23:51:45Z INFO [170/500] 2583c850-bbcd-40ff-9862-fc050ffda447: 1056 chunks; 13.6 s; peak memory 1182 MiB.
2026-10-02T23:51:48Z INFO [171/500] 2583f4b0-ea22-48f3-9ff3-bef55745257a: 105 chunks; 2.3 s; peak memory 1182 MiB.
2026-10-02T23:51:49Z INFO [172/500] 2584e40f-b13a-4c46-b60e-749cb84814fa: 48 chunks; 1.3 s; peak memory 1182 MiB.
2026-10-02T23:51:50Z INFO [173/500] 25850b40-9f93-4dbc-9bba-ca94a644824b: 45 chunks; 1.1 s; peak memory 1182 MiB.
2026-10-02T23:51:56Z INFO [174/500] 2585c00e-c608-4134-b174-e5964319b75a: 1152 chunks; 6.4 s; peak memory 1182 MiB.
2026-10-02T23:51:58Z INFO [175/500] 25862b7b-81ca-4ca8-9920-e95c88b1ca4c: 116 chunks; 1.8 s; peak memory 1182 MiB.
2026-10-02T23:52:02Z INFO [176/500] 2586e7a1-a380-42cf-b491-2118b49ffc21: 85 chunks; 3.7 s; peak memory 1182 MiB.
2026-10-02T23:52:03Z INFO [177/500] 25877486-7435-4638-8525-43f21389f0da: 48 chunks; 1.4 s; peak memory 1182 MiB.
2026-10-02T23:52:05Z INFO [178/500] 25878bb1-3827-46ed-b003-f7ab34c9c6ec: 118 chunks; 1.5 s; peak memory 1182 MiB.
2026-10-02T23:52:07Z INFO [179/500] 2587c56f-9a32-40bb-bc0d-97f79f83611f: 112 chunks; 2.0 s; peak memory 1182 MiB.
2026-10-02T23:52:15Z INFO [180/500] 2587cae2-6ab2-40f1-9e9d-c37a357b945a: 20361 chunks; 8.2 s; peak memory 1182 MiB.
2026-10-02T23:52:17Z INFO [181/500] 2587ec15-ecec-4196-8617-c0bf657b32f8: 112 chunks; 1.8 s; peak memory 1182 MiB.
2026-10-02T23:52:18Z INFO [182/500] 25883346-1804-4269-8eed-e74fa92811fa: 112 chunks; 1.7 s; peak memory 1182 MiB.
2026-10-02T23:52:20Z INFO [183/500] 25884964-78e9-4bd9-bac8-34e0d0262ba8: 116 chunks; 1.6 s; peak memory 1182 MiB.
2026-10-02T23:52:22Z INFO [184/500] 25886d9b-fd42-4f0b-a394-f524acb74b5a: 117 chunks; 1.5 s; peak memory 1182 MiB.
2026-10-02T23:52:27Z INFO [185/500] 25888034-2d27-4297-99fe-a36698385972: 2884 chunks; 5.6 s; peak memory 1182 MiB.
2026-10-02T23:52:31Z INFO [186/500] 25888bbf-3d18-4bf1-9807-2c2f67928beb: 85 chunks; 3.5 s; peak memory 1182 MiB.
2026-10-02T23:52:32Z INFO [187/500] 2588aebb-81b0-4cc0-b0ee-08668652b17a: 49 chunks; 1.3 s; peak memory 1182 MiB.
2026-10-02T23:52:33Z INFO [188/500] 25892847-4e16-4992-b3fd-225ac8de3423: 48 chunks; 1.4 s; peak memory 1182 MiB.
2026-10-02T23:55:17Z INFO [189/500] 2589b7cd-f6fe-4d17-b410-8bb9c92e8053: 46226 chunks; 163.2 s; peak memory 1182 MiB.
2026-10-02T23:55:19Z INFO [190/500] 258a3113-d6ab-4686-8896-48dc3ce724d1: 66 chunks; 2.5 s; peak memory 1182 MiB.
2026-10-02T23:55:21Z INFO [191/500] 258a6217-a024-441e-b467-828f26445655: 112 chunks; 1.8 s; peak memory 1182 MiB.
2026-10-02T23:55:23Z INFO [192/500] 258a72d3-6e79-4e22-b342-8ca382612562: 79 chunks; 1.7 s; peak memory 1182 MiB.
2026-10-02T23:55:24Z INFO [193/500] 258bbb37-a606-4b77-88e7-b29ada3a42f3: 48 chunks; 1.2 s; peak memory 1182 MiB.
2026-10-02T23:55:25Z INFO [194/500] 258be913-cea6-4168-8e1c-b0d983d402f5: 48 chunks; 1.3 s; peak memory 1182 MiB.
2026-10-02T23:55:27Z INFO [195/500] 258c162a-e41f-4472-8157-6f6f21aa6b9b: 66 chunks; 1.9 s; peak memory 1182 MiB.
2026-10-02T23:55:28Z INFO [196/500] 258d3c02-e721-4401-8453-01add36ed8d1: 121 chunks; 1.3 s; peak memory 1182 MiB.
2026-10-02T23:55:30Z INFO [197/500] 258dd141-5317-4a62-896b-46e2a6069fb3: 112 chunks; 1.7 s; peak memory 1182 MiB.
2026-10-03T00:19:51Z INFO [198/500] 258e1157-2c78-4ac3-9e8c-e017476832ec: 1916257 chunks; 1460.7 s; peak memory 1230 MiB.
2026-10-03T00:19:53Z INFO [199/500] 258f14a4-3f12-4d6d-9ab4-35bc2c79587e: 76 chunks; 1.9 s; peak memory 1230 MiB.
2026-10-03T00:20:02Z INFO [200/500] 25927e76-aa6d-41cc-b2af-d61fe397d061: 1968 chunks; 8.9 s; peak memory 1230 MiB.
2026-10-03T00:20:02Z INFO [200/500] 25927e76-aa6d-41cc-b2af-d61fe397d061: checkpointed 65034 records.
2026-10-03T00:20:03Z INFO [201/500] 25929771-cf60-4d84-b61f-9e94a1a4e393: 48 chunks; 1.4 s; peak memory 1230 MiB.
2026-10-03T00:20:05Z INFO [202/500] 25934a2b-e29c-4ee3-a0ed-2629a2c6eb8a: 116 chunks; 1.6 s; peak memory 1230 MiB.
2026-10-03T00:20:06Z INFO [203/500] 25941dfb-8958-4d9c-9406-cc8aa883adbe: 45 chunks; 1.2 s; peak memory 1230 MiB.
2026-10-03T00:20:07Z INFO [204/500] 259482ea-838c-492a-9bf6-9cf8c20936b5: 33 chunks; 1.0 s; peak memory 1230 MiB.
2026-10-03T00:20:10Z INFO [205/500] 259684a6-e044-4bce-b54d-126e8ed0a332: 115 chunks; 3.3 s; peak memory 1230 MiB.
2026-10-03T00:20:12Z INFO [206/500] 25976be7-42a9-48ce-bd0e-e9da40a978ef: 48 chunks; 1.3 s; peak memory 1230 MiB.
2026-10-03T00:20:15Z INFO [207/500] 25989fa3-5d85-4c53-b700-3fc0c1c8d326: 119 chunks; 3.3 s; peak memory 1230 MiB.
2026-10-03T00:20:17Z INFO [208/500] 25999597-5eb8-4171-a997-0bd53419df74: 112 chunks; 2.0 s; peak memory 1230 MiB.
2026-10-03T00:20:18Z INFO [209/500] 259b65d2-fb22-41e1-af2c-00bb48b019d5: 35 chunks; 1.0 s; peak memory 1230 MiB.
2026-10-03T00:20:19Z INFO [210/500] 259bd273-702f-4821-9db7-c7e0c7b4fbc6: 55 chunks; 1.2 s; peak memory 1230 MiB.
2026-10-03T00:20:30Z INFO [211/500] 259cb2b3-0b58-4a0f-9d3d-e97ffe139163: 5840 chunks; 11.0 s; peak memory 1230 MiB.
2026-10-03T00:20:35Z INFO [212/500] 259cd674-8e34-4cdc-b182-a408fbffece6: 111 chunks; 4.7 s; peak memory 1230 MiB.
2026-10-03T00:20:36Z INFO [213/500] 259d7d38-1553-47a2-8a5c-e5830f6c5566: 46 chunks; 1.2 s; peak memory 1230 MiB.
2026-10-03T00:20:40Z INFO [214/500] 259f3dee-43e9-4294-a0b4-eb784037db74: 152 chunks; 3.3 s; peak memory 1230 MiB.
2026-10-03T00:20:41Z INFO [215/500] 25a03eb9-3b7b-4d29-b9aa-de9aa70e2997: 66 chunks; 1.8 s; peak memory 1230 MiB.
2026-10-03T00:20:45Z INFO [216/500] 25a0be0e-7d56-4e55-be5c-567daf9ce9b2: 156 chunks; 3.7 s; peak memory 1230 MiB.
2026-10-03T00:20:47Z INFO [217/500] 25a0cc47-6482-4a6f-bda2-9e7c7b82d097: 116 chunks; 1.6 s; peak memory 1230 MiB.
2026-10-03T00:20:49Z INFO [218/500] 25a1229e-48e3-4864-8c06-54aa9fdafcc7: 112 chunks; 2.0 s; peak memory 1230 MiB.
2026-10-03T00:20:50Z INFO [219/500] 25a1be49-9128-47eb-a6e0-e0e8cf9bfd23: 290 chunks; 1.6 s; peak memory 1230 MiB.
2026-10-03T00:20:54Z INFO [220/500] 25a1da35-ad5a-4a72-88ee-75839424dace: 254 chunks; 4.0 s; peak memory 1230 MiB.
2026-10-03T00:20:58Z INFO [221/500] 25a1e3dd-4619-458f-baea-623d826cae9a: 115 chunks; 3.4 s; peak memory 1230 MiB.
2026-10-03T00:21:00Z INFO [222/500] 25a27935-0cbc-4dc8-abb1-add6ebf6c095: 69 chunks; 2.2 s; peak memory 1230 MiB.
2026-10-03T00:21:01Z INFO [223/500] 25a3c0e8-abac-48f2-b764-e4f2c6c274f4: 31 chunks; 1.3 s; peak memory 1230 MiB.
2026-10-03T00:21:02Z INFO [224/500] 25a4c412-64bb-4243-baf9-505824acb0ff: 45 chunks; 1.2 s; peak memory 1230 MiB.
2026-10-03T00:21:03Z INFO [225/500] 25a5aa57-810a-4551-810d-6791654a14fb: 48 chunks; 1.3 s; peak memory 1230 MiB.
2026-10-03T00:21:05Z INFO [226/500] 25a5bdb2-0641-4afe-b79b-c704b6363b13: 69 chunks; 1.1 s; peak memory 1230 MiB.
2026-10-03T00:23:32Z INFO [227/500] 25a6bccb-6a81-4c5e-aa8f-8efee43b0dd4: 38320 chunks; 147.4 s; peak memory 1230 MiB.
2026-10-03T00:23:34Z INFO [228/500] 25a771f5-fa17-457f-9c03-f8c00b784a28: 112 chunks; 1.7 s; peak memory 1230 MiB.
2026-10-03T00:23:42Z INFO [229/500] 25a7dad7-a418-45bd-b7aa-68b3822ef8b0: 1219 chunks; 8.8 s; peak memory 1230 MiB.
2026-10-03T00:23:44Z INFO [230/500] 25a8461a-7698-41e7-918d-eecba48d9305: 62 chunks; 1.8 s; peak memory 1230 MiB.
2026-10-03T00:23:47Z INFO [231/500] 25a8ae0b-d99c-433f-b7be-c2977d2b3689: 115 chunks; 3.1 s; peak memory 1230 MiB.
2026-10-03T00:23:48Z INFO [232/500] 25a94cc8-46ef-4f1d-a430-ac89492426e9: 69 chunks; 1.2 s; peak memory 1230 MiB.
2026-10-03T00:23:50Z INFO [233/500] 25a973ce-4515-43ed-a801-a6f6f38ed03e: 48 chunks; 1.4 s; peak memory 1230 MiB.
2026-10-03T00:23:52Z INFO [234/500] 25a9b776-cde8-4ab1-9d6c-463b683c35c8: 78 chunks; 2.0 s; peak memory 1230 MiB.
2026-10-03T00:23:54Z INFO [235/500] 25aa22de-ef3f-4c74-98de-1718eab97c37: 117 chunks; 1.6 s; peak memory 1230 MiB.
2026-10-03T00:23:56Z INFO [236/500] 25abc5e2-e25e-4b3e-916c-b64cf21f6458: 71 chunks; 2.4 s; peak memory 1230 MiB.
2026-10-03T00:24:02Z INFO [237/500] 25abf05c-b269-4256-8332-5c0d9a94841f: 10204 chunks; 6.1 s; peak memory 1230 MiB.
2026-10-03T00:24:05Z INFO [238/500] 25ac18a4-3dbe-4d78-b6e7-2e9b5982deca: 997 chunks; 2.8 s; peak memory 1230 MiB.
2026-10-03T00:24:07Z INFO [239/500] 25ac85ad-0287-4e4d-bd39-ae8004c69ea7: 109 chunks; 2.0 s; peak memory 1230 MiB.
2026-10-03T00:24:09Z INFO [240/500] 25acbdc1-74a8-462f-b33b-e2550c701e59: 78 chunks; 2.7 s; peak memory 1230 MiB.
2026-10-03T00:24:11Z INFO [241/500] 25acdf4d-540b-4f23-94d2-a7b11a23973e: 48 chunks; 1.4 s; peak memory 1230 MiB.
2026-10-03T00:24:13Z INFO [242/500] 25ad47a3-8e5b-4b15-8136-0dd416dfe495: 110 chunks; 1.9 s; peak memory 1230 MiB.
2026-10-03T00:24:16Z INFO [243/500] 25ad50ec-adbe-4115-9007-0160fe08d6ec: 80 chunks; 2.8 s; peak memory 1230 MiB.
2026-10-03T00:24:19Z INFO [244/500] 25adad7c-d771-4824-8197-15cbe9d2d952: 168 chunks; 2.9 s; peak memory 1230 MiB.
2026-10-03T00:24:20Z INFO [245/500] 25ae98bb-fb51-4f60-93fa-43a8767a4207: 117 chunks; 1.7 s; peak memory 1230 MiB.
2026-10-03T00:24:22Z INFO [246/500] 25aee35d-279a-4869-be2a-a89a90115be8: 117 chunks; 1.5 s; peak memory 1230 MiB.
2026-10-03T00:24:24Z INFO [247/500] 25aee3a3-b192-4557-a39c-080b2011ca9d: 64 chunks; 1.7 s; peak memory 1230 MiB.
2026-10-03T00:24:25Z INFO [248/500] 25aff559-8a7f-401a-9e9e-896f7003667b: 57 chunks; 1.0 s; peak memory 1230 MiB.
2026-10-03T00:24:31Z INFO [249/500] 25b098d8-643c-412f-9d61-5aae219974cd: 168 chunks; 6.1 s; peak memory 1230 MiB.
2026-10-03T00:24:33Z INFO [250/500] 25b0e004-0793-4cad-90b3-7138e9960bac: 157 chunks; 2.0 s; peak memory 1230 MiB.
2026-10-03T00:24:33Z INFO [250/500] 25b0e004-0793-4cad-90b3-7138e9960bac: checkpointed 65084 records.
2026-10-03T00:24:34Z INFO [251/500] 25b17087-35de-4b66-9db0-4d0750dcda11: 117 chunks; 1.4 s; peak memory 1230 MiB.
2026-10-03T00:24:36Z INFO [252/500] 25b22942-9759-45e3-8d6d-604894dd507c: 47 chunks; 1.2 s; peak memory 1230 MiB.
2026-10-03T00:24:37Z INFO [253/500] 25b27097-4d75-4f9a-8da4-456dfa14fc17: 48 chunks; 1.5 s; peak memory 1230 MiB.
2026-10-03T00:24:39Z INFO [254/500] 25b299f5-5a59-4f3a-bbdd-ecfe38faf36c: 66 chunks; 1.8 s; peak memory 1230 MiB.
2026-10-03T00:24:40Z INFO [255/500] 25b2cd11-21fc-4cb3-a591-e678a7e10dfc: 110 chunks; 1.5 s; peak memory 1230 MiB.
2026-10-03T00:24:42Z INFO [256/500] 25b2d13e-7b0f-408b-94c8-b6a99d7bfa6c: 118 chunks; 1.7 s; peak memory 1230 MiB.
2026-10-03T00:24:48Z INFO [257/500] 25b3eab8-09a5-4808-b3a7-a83bc720b968: 7252 chunks; 5.7 s; peak memory 1230 MiB.
2026-10-03T00:24:49Z INFO [258/500] 25b42ed3-b206-4ce2-a2e3-c4b106b753b9: 112 chunks; 1.8 s; peak memory 1230 MiB.
2026-10-03T00:24:53Z INFO [259/500] 25b484ad-0681-4369-9d80-1c071e62cf10: 477 chunks; 3.3 s; peak memory 1230 MiB.
2026-10-03T00:24:55Z INFO [260/500] 25b54d73-0812-4ff6-a20d-0b5fc02c2e1d: 110 chunks; 2.3 s; peak memory 1230 MiB.
2026-10-03T00:24:56Z INFO [261/500] 25b59f2f-124d-4677-855e-2a29f9a80eeb: 52 chunks; 1.1 s; peak memory 1230 MiB.
2026-10-03T00:24:57Z INFO [262/500] 25b716da-ad94-4088-9d39-4b1d03774423: 54 chunks; 1.1 s; peak memory 1230 MiB.
2026-10-03T00:24:59Z INFO [263/500] 25b717f9-6187-46e0-b3e0-91edf312ed75: 48 chunks; 1.3 s; peak memory 1230 MiB.
2026-10-03T00:25:00Z INFO [264/500] 25b77234-4163-4707-be99-b19d1ae78979: 117 chunks; 1.6 s; peak memory 1230 MiB.
2026-10-03T00:25:10Z INFO [265/500] 25b7948a-b40b-49dd-a726-b6afea0fe48a: 369 chunks; 10.0 s; peak memory 1230 MiB.
2026-10-03T00:25:11Z INFO [266/500] 25b7c178-f69c-4b24-a78d-57bb44b10af8: 98 chunks; 1.2 s; peak memory 1230 MiB.
2026-10-03T00:25:13Z INFO [267/500] 25b8490d-8d2b-481d-b243-b6de8ca36e2a: 112 chunks; 1.8 s; peak memory 1230 MiB.
2026-10-03T00:25:15Z INFO [268/500] 25b84eae-0331-4ed2-9738-d4b47ea1e00a: 58 chunks; 2.0 s; peak memory 1230 MiB.
2026-10-03T00:25:17Z INFO [269/500] 25b90891-1788-418b-bd24-11b2f1b9da3c: 71 chunks; 2.3 s; peak memory 1230 MiB.
2026-10-03T00:25:19Z INFO [270/500] 25b92422-679a-4bfa-b0db-d0b6ecb7afef: 118 chunks; 1.7 s; peak memory 1230 MiB.
2026-10-03T00:25:21Z INFO [271/500] 25b994fa-788a-4884-847e-fe933cfc9256: 65 chunks; 1.6 s; peak memory 1230 MiB.
2026-10-03T00:25:24Z INFO [272/500] 25ba07e9-b8cc-41e2-84a3-9506fa19d67e: 118 chunks; 3.3 s; peak memory 1230 MiB.
2026-10-03T00:25:25Z INFO [273/500] 25ba4d53-ac2d-4506-941b-89082fe683d5: 118 chunks; 1.4 s; peak memory 1230 MiB.
2026-10-03T00:25:27Z INFO [274/500] 25bafe1a-bea5-4a7f-bd30-4436eef4c527: 117 chunks; 1.5 s; peak memory 1230 MiB.
2026-10-03T00:25:29Z INFO [275/500] 25bd10f9-19f7-4c19-9795-d12984027c35: 112 chunks; 2.5 s; peak memory 1230 MiB.
2026-10-03T00:25:31Z INFO [276/500] 25bd69f9-f479-4f88-a6e7-5afe81fcdcc3: 117 chunks; 1.6 s; peak memory 1230 MiB.
2026-10-03T00:25:33Z INFO [277/500] 25bde758-2503-4753-bd69-1cd83ed06d8e: 112 chunks; 1.8 s; peak memory 1230 MiB.
2026-10-03T00:25:35Z INFO [278/500] 25bdfc7e-05a9-48d3-abb5-a2ea29d00d25: 107 chunks; 2.4 s; peak memory 1230 MiB.
2026-10-03T00:25:37Z INFO [279/500] 25be854b-f2f1-4201-8a92-9edcf9c9e4b5: 117 chunks; 1.6 s; peak memory 1230 MiB.
2026-10-03T00:25:38Z INFO [280/500] 25bf06df-fdf1-4ba8-aea9-509b2b6ea1e4: 57 chunks; 1.0 s; peak memory 1230 MiB.
2026-10-03T00:25:39Z INFO [281/500] 25bf1403-a096-49b6-8415-4555a2618fb2: 52 chunks; 1.0 s; peak memory 1230 MiB.
2026-10-03T00:25:40Z INFO [282/500] 25bf1544-b969-480e-be0e-7fad1cb195b9: 110 chunks; 1.7 s; peak memory 1230 MiB.
2026-10-03T00:25:42Z INFO [283/500] 25bf6974-9a41-4658-92cb-57641b87e309: 118 chunks; 1.6 s; peak memory 1230 MiB.
2026-10-03T00:25:44Z INFO [284/500] 25bfb1fa-b2a3-4b32-8c98-40f53d26f80a: 117 chunks; 1.6 s; peak memory 1230 MiB.
2026-10-03T00:25:45Z INFO [285/500] 25c0f4a6-ecbd-49e3-b737-f2e2c7abd240: 48 chunks; 1.3 s; peak memory 1230 MiB.
2026-10-03T00:25:47Z INFO [286/500] 25c322c2-93b5-4432-aecf-5a8abc651e2e: 275 chunks; 1.9 s; peak memory 1230 MiB.
2026-10-03T00:25:49Z INFO [287/500] 25c3388d-51cc-41f5-8660-ccd809d2ce3c: 116 chunks; 1.7 s; peak memory 1230 MiB.
2026-10-03T00:28:05Z INFO [288/500] 25c3d5ca-d020-4e69-a706-606cc259ffb6: 38299 chunks; 136.3 s; peak memory 1230 MiB.
2026-10-03T00:47:01Z INFO [289/500] 25c3f428-5685-4ac0-85ed-90c4b6b7d474: 291681 chunks; 1136.1 s; peak memory 1230 MiB.
2026-10-03T00:47:02Z INFO [290/500] 25c478c2-fd89-44fe-933d-a1efec75490c: 48 chunks; 1.4 s; peak memory 1230 MiB.
2026-10-03T00:47:06Z INFO [291/500] 25c4a825-321a-408f-aafd-c17d8243ec5e: 156 chunks; 3.7 s; peak memory 1230 MiB.
2026-10-03T00:47:07Z INFO [292/500] 25c5acbe-b6ba-4cca-a8fa-4d45387e5a3c: 48 chunks; 1.4 s; peak memory 1230 MiB.
2026-10-03T00:47:09Z INFO [293/500] 25c5fec1-49ae-4bff-9af1-0bf68978bdef: 31 chunks; 1.1 s; peak memory 1230 MiB.
2026-10-03T00:47:10Z INFO [294/500] 25c61c30-397b-49db-8d13-d5af96a68639: 117 chunks; 1.6 s; peak memory 1230 MiB.
2026-10-03T00:47:28Z INFO [295/500] 25c6238a-a6a0-47da-975e-99b08f6d857e: 14653 chunks; 17.4 s; peak memory 1230 MiB.
2026-10-03T00:47:30Z INFO [296/500] 25c6e7a7-64cb-497a-bb54-86f25d2fde7c: 112 chunks; 2.0 s; peak memory 1230 MiB.
2026-10-03T00:49:47Z INFO [297/500] 25c75e18-3c02-493d-8bb9-c9550f3f5e6c: 40654 chunks; 137.8 s; peak memory 1230 MiB.
2026-10-03T00:49:49Z INFO [298/500] 25c764aa-9795-4ee9-ab3a-cdfa9fc42794: 170 chunks; 1.6 s; peak memory 1230 MiB.
2026-10-03T00:49:51Z INFO [299/500] 25c77e13-0e1c-40f3-93ee-96c56d681bfc: 112 chunks; 1.7 s; peak memory 1230 MiB.
2026-10-03T00:49:52Z INFO [300/500] 25c79163-53dd-48b5-80db-a3f99d63a53c: 71 chunks; 1.7 s; peak memory 1230 MiB.
2026-10-03T00:49:53Z INFO [300/500] 25c79163-53dd-48b5-80db-a3f99d63a53c: checkpointed 65134 records.
2026-10-03T00:49:54Z INFO [301/500] 25c7d2b6-e1ca-42b3-9a6a-3eb1fb596c35: 112 chunks; 1.6 s; peak memory 1230 MiB.
2026-10-03T00:49:56Z INFO [302/500] 25c7ec9b-090d-4a44-a39e-98cee4be76d3: 69 chunks; 1.9 s; peak memory 1230 MiB.
2026-10-03T00:49:57Z INFO [303/500] 25c87b10-822b-4a32-a22d-72cec68946b9: 46 chunks; 1.0 s; peak memory 1230 MiB.
2026-10-03T00:49:59Z INFO [304/500] 25c89321-e70d-41d3-b157-527113122210: 64 chunks; 1.8 s; peak memory 1230 MiB.
2026-10-03T00:50:02Z INFO [305/500] 25c8de6c-9f34-402d-8e88-f328d10bcde0: 146 chunks; 2.9 s; peak memory 1230 MiB.
2026-10-03T00:50:04Z INFO [306/500] 25c9954e-fe98-48e5-9fb1-1046a85cd003: 116 chunks; 1.7 s; peak memory 1230 MiB.
2026-10-03T00:50:11Z INFO [307/500] 25c9bc46-7751-44ac-a6be-a466c92f3962: 193 chunks; 7.4 s; peak memory 1230 MiB.
2026-10-03T00:50:12Z INFO [308/500] 25caf1a0-eaf1-4c25-be22-73fb08506eb2: 48 chunks; 1.5 s; peak memory 1230 MiB.
2026-10-03T00:50:14Z INFO [309/500] 25caf592-d50b-4bf1-b9f3-a56dde6b01b9: 69 chunks; 2.0 s; peak memory 1230 MiB.
2026-10-03T00:50:16Z INFO [310/500] 25caf600-3b7d-45c2-a12b-d3f195e22f47: 48 chunks; 1.4 s; peak memory 1230 MiB.
2026-10-03T00:50:18Z INFO [311/500] 25cb9132-bd17-4ac0-8214-7c5c554f57b5: 117 chunks; 1.7 s; peak memory 1230 MiB.
2026-10-03T00:50:20Z INFO [312/500] 25cba5f3-1cb6-48df-96c8-a34705e1956d: 70 chunks; 2.1 s; peak memory 1230 MiB.
2026-10-03T00:50:21Z INFO [313/500] 25cbb77e-f9cf-4694-82dc-a28c6bd30f66: 112 chunks; 1.8 s; peak memory 1230 MiB.
2026-10-03T00:50:23Z INFO [314/500] 25cc11fe-1aa8-4504-8a73-cfd219e52550: 47 chunks; 1.3 s; peak memory 1230 MiB.
2026-10-03T00:50:24Z INFO [315/500] 25cd275b-1366-4ad0-800d-2dbfcb49734a: 57 chunks; 1.2 s; peak memory 1230 MiB.
2026-10-03T00:50:26Z INFO [316/500] 25cd6981-d6a5-49e5-a8eb-f479e4c26932: 85 chunks; 2.0 s; peak memory 1230 MiB.
2026-10-03T00:50:27Z INFO [317/500] 25ce1ddc-6990-45cf-bc01-f2435207cd52: 68 chunks; 1.5 s; peak memory 1230 MiB.
2026-10-03T00:50:28Z INFO [318/500] 25ce24a8-f5b5-46a8-99d8-38b78d8cf88b: 46 chunks; 1.0 s; peak memory 1230 MiB.
2026-10-03T00:50:33Z INFO [319/500] 25ce441a-c567-4fb9-a7a7-6d9e30e4748f: 184 chunks; 4.5 s; peak memory 1230 MiB.
2026-10-03T00:50:34Z INFO [320/500] 25cf30f0-700e-4965-8a30-945f62176674: 117 chunks; 1.6 s; peak memory 1230 MiB.
2026-10-03T00:50:51Z INFO [321/500] 25cf7514-dc25-44c9-885d-3c28b02890af: 4648 chunks; 16.7 s; peak memory 1230 MiB.
2026-10-03T00:50:53Z INFO [322/500] 25d02572-79f3-4d0a-bd37-712a0db0fd8b: 112 chunks; 1.7 s; peak memory 1230 MiB.
2026-10-03T00:50:59Z INFO [323/500] 25d06697-509f-43d1-98f9-d39cbc07f93b: 9839 chunks; 6.5 s; peak memory 1230 MiB.
2026-10-03T00:51:01Z INFO [324/500] 25d0e598-40e4-4542-a775-b3f50a25146a: 116 chunks; 1.5 s; peak memory 1230 MiB.
2026-10-03T00:51:03Z INFO [325/500] 25d1176a-55d1-4764-bd59-369372cc9f44: 64 chunks; 1.9 s; peak memory 1230 MiB.
2026-10-03T00:51:08Z INFO [326/500] 25d2dd05-b4d0-4f16-8d78-f3b7f628f764: 548 chunks; 5.6 s; peak memory 1230 MiB.
2026-10-03T00:51:09Z INFO [327/500] 25d37b0e-432a-4725-8fd8-dcf6ce975cc8: 48 chunks; 1.3 s; peak memory 1230 MiB.
2026-10-03T00:51:11Z INFO [328/500] 25d4e692-526b-4403-8199-1b7f26a17c26: 48 chunks; 1.3 s; peak memory 1230 MiB.
2026-10-03T00:51:12Z INFO [329/500] 25d64d90-0281-453a-ace2-a3007db65299: 52 chunks; 1.4 s; peak memory 1230 MiB.
2026-10-03T00:51:16Z INFO [330/500] 25d6690f-011e-4835-9e87-c557bf69213e: 156 chunks; 3.6 s; peak memory 1230 MiB.
2026-10-03T00:51:18Z INFO [331/500] 25d6c473-3e0b-4424-b13a-35a10d328c0a: 133 chunks; 2.2 s; peak memory 1230 MiB.
2026-10-03T00:51:20Z INFO [332/500] 25d6db11-f46c-4bf0-a3c5-bc66fbd28a8a: 118 chunks; 1.5 s; peak memory 1230 MiB.
2026-10-03T00:51:21Z INFO [333/500] 25d6f028-0f13-4aa9-a681-21ee163e903a: 46 chunks; 1.1 s; peak memory 1230 MiB.
2026-10-03T00:51:22Z INFO [334/500] 25d76353-d26d-49b0-98be-11b15ef2c633: 46 chunks; 1.0 s; peak memory 1230 MiB.
2026-10-03T00:53:49Z INFO [335/500] 25d7c552-61fd-4582-8d73-354e20729939: 75873 chunks; 147.5 s; peak memory 1230 MiB.
2026-10-03T00:53:50Z INFO [336/500] 25d884cb-8646-44bd-889f-c71c89ceea4d: 37 chunks; 1.0 s; peak memory 1230 MiB.
2026-10-03T00:53:52Z INFO [337/500] 25d9069c-d81e-4b6d-85fa-6ee8a5fc1504: 48 chunks; 1.3 s; peak memory 1230 MiB.
2026-10-03T00:54:00Z INFO [338/500] 25da410b-a0ce-49af-8355-adb76a2e8e5d: 643 chunks; 8.4 s; peak memory 1230 MiB.
2026-10-03T00:54:02Z INFO [339/500] 25daf4a6-80b5-49ad-8dc0-8885eefce888: 117 chunks; 1.6 s; peak memory 1230 MiB.
2026-10-03T00:54:03Z INFO [340/500] 25db818a-34cd-46ac-82f9-ea46b340d46b: 52 chunks; 1.4 s; peak memory 1230 MiB.
2026-10-03T00:54:04Z INFO [341/500] 25db9fcd-b161-4740-b095-23dc554f846d: 69 chunks; 1.3 s; peak memory 1230 MiB.
2026-10-03T00:54:07Z INFO [342/500] 25dc4640-44a0-4aac-a861-b161fdbef2c2: 71 chunks; 2.6 s; peak memory 1230 MiB.
2026-10-03T00:54:08Z INFO [343/500] 25dc8707-0b91-4f58-84dc-c14002eb6223: 46 chunks; 1.0 s; peak memory 1230 MiB.
2026-10-03T00:54:10Z INFO [344/500] 25dc9016-0a66-45ef-b3fc-7bea87970592: 197 chunks; 2.3 s; peak memory 1230 MiB.
2026-10-03T00:54:14Z INFO [345/500] 25dce494-ada5-4308-a09d-f68de2cc6da9: 96 chunks; 3.7 s; peak memory 1230 MiB.
2026-10-03T00:54:16Z INFO [346/500] 25ddd0b2-e804-45bd-9426-8d179017f556: 112 chunks; 2.0 s; peak memory 1230 MiB.
2026-10-03T00:54:17Z INFO [347/500] 25df10ce-f677-48f9-8d64-a7d2c67b32a0: 46 chunks; 1.2 s; peak memory 1230 MiB.
2026-10-03T00:54:18Z INFO [348/500] 25df3431-5053-495d-95f4-c912b3b9befd: 48 chunks; 1.4 s; peak memory 1230 MiB.
2026-10-03T00:54:20Z INFO [349/500] 25df45a8-310f-4309-858a-f0df4b5c5af2: 117 chunks; 1.5 s; peak memory 1230 MiB.
2026-10-03T00:54:22Z INFO [350/500] 25df63d7-ad62-46c2-bc5b-f80bd837a63c: 105 chunks; 2.0 s; peak memory 1230 MiB.
2026-10-03T00:54:22Z INFO [350/500] 25df63d7-ad62-46c2-bc5b-f80bd837a63c: checkpointed 65184 records.
2026-10-03T00:54:23Z INFO [351/500] 25e07a07-1a23-47b2-8cb2-a242d4e51e59: 41 chunks; 1.2 s; peak memory 1230 MiB.
2026-10-03T00:54:33Z INFO [352/500] 25e0defe-b39f-4a1d-a87e-7a7157514684: 391 chunks; 10.1 s; peak memory 1230 MiB.
2026-10-03T00:54:41Z INFO [353/500] 25e10bdd-8bb6-4aac-9f16-c10268fd1711: 2919 chunks; 7.9 s; peak memory 1230 MiB.
2026-10-03T00:54:53Z INFO [354/500] 25e113cc-8c52-4d53-ab6b-a98c31b7619f: 2211 chunks; 11.9 s; peak memory 1230 MiB.
2026-10-03T00:54:55Z INFO [355/500] 25e2125b-9304-4c78-8d47-d0114e063b46: 289 chunks; 2.2 s; peak memory 1230 MiB.
2026-10-03T00:54:57Z INFO [356/500] 25e25703-b009-454e-aade-966a4289159e: 48 chunks; 1.4 s; peak memory 1230 MiB.
2026-10-03T00:55:03Z INFO [357/500] 25e2aa24-55f2-4280-ac67-b5801720468d: 16356 chunks; 6.7 s; peak memory 1230 MiB.
2026-10-03T00:55:05Z INFO [358/500] 25e2dc41-d7ca-45b4-9fcb-446efc459999: 110 chunks; 1.7 s; peak memory 1230 MiB.
2026-10-03T00:55:08Z INFO [359/500] 25e3258c-81d4-4ec5-964b-04c68cc3b19b: 125 chunks; 3.2 s; peak memory 1230 MiB.
2026-10-03T00:55:21Z INFO [360/500] 25e34b43-e240-4e6b-a8ce-ece85a3d6362: 420 chunks; 13.2 s; peak memory 1230 MiB.
2026-10-03T00:55:25Z INFO [361/500] 25e4cec5-9c12-44b7-9a03-be8146d29866: 152 chunks; 3.7 s; peak memory 1230 MiB.
2026-10-03T00:55:27Z INFO [362/500] 25e572db-f887-401f-b42d-d169a1fbc215: 78 chunks; 2.1 s; peak memory 1230 MiB.
2026-10-03T00:55:29Z INFO [363/500] 25e59521-e6e6-4066-99b8-aed8cd1669df: 60 chunks; 1.3 s; peak memory 1230 MiB.
2026-10-03T00:55:31Z INFO [364/500] 25e5d1ee-7b51-4e5c-9e0a-94c5ce009738: 71 chunks; 2.5 s; peak memory 1230 MiB.
2026-10-03T00:55:33Z INFO [365/500] 25e5d92b-8cf5-4818-9d06-9b00f36316b7: 71 chunks; 2.4 s; peak memory 1230 MiB.
2026-10-03T00:55:35Z INFO [366/500] 25e64d4b-f5f0-4106-9006-6d0410d86bbd: 116 chunks; 1.8 s; peak memory 1230 MiB.
2026-10-03T00:55:37Z INFO [367/500] 25e67f71-1720-4795-8381-b758b9378a20: 48 chunks; 1.4 s; peak memory 1230 MiB.
2026-10-03T00:55:38Z INFO [368/500] 25e7266b-a34d-4641-b9b3-0f35e9e7b0db: 69 chunks; 1.5 s; peak memory 1230 MiB.
2026-10-03T00:55:40Z INFO [369/500] 25e7bded-baf7-48bf-81be-8bf9b3bb3fd1: 74 chunks; 1.6 s; peak memory 1230 MiB.
2026-10-03T00:55:41Z INFO [370/500] 25e7c7c2-9b9c-4ad1-806e-ea27acb03c00: 48 chunks; 1.3 s; peak memory 1230 MiB.
2026-10-03T00:55:42Z INFO [371/500] 25e83484-9a50-4edd-83ae-3eee365c5288: 48 chunks; 1.2 s; peak memory 1230 MiB.
2026-10-03T00:55:44Z INFO [372/500] 25e9c38b-78d1-4df9-8f28-b4c6f3c2c816: 117 chunks; 1.9 s; peak memory 1230 MiB.
2026-10-03T00:55:46Z INFO [373/500] 25ea03b6-d6f2-43ad-b11d-7709293f4ae7: 118 chunks; 1.6 s; peak memory 1230 MiB.
2026-10-03T00:55:49Z INFO [374/500] 25ea2dec-7472-4687-a3ba-91d3166cb345: 138 chunks; 3.2 s; peak memory 1230 MiB.
2026-10-03T00:55:50Z INFO [375/500] 25eaa2b1-c24f-4663-9399-80ddf39c237b: 46 chunks; 0.9 s; peak memory 1230 MiB.
2026-10-03T00:55:51Z INFO [376/500] 25eb9ab6-34c5-49ec-8ee7-a30ecf690524: 119 chunks; 1.2 s; peak memory 1230 MiB.
2026-10-03T00:55:53Z INFO [377/500] 25ebc9c0-89b2-4f2a-b0df-c3fb9c94e949: 74 chunks; 1.7 s; peak memory 1230 MiB.
2026-10-03T00:55:56Z INFO [378/500] 25ec874c-8776-4ac5-8f8a-4921a6d45c4f: 116 chunks; 3.0 s; peak memory 1230 MiB.
2026-10-03T00:55:57Z INFO [379/500] 25ed94de-37dd-44a3-91d4-9104d0ffcbeb: 43 chunks; 1.4 s; peak memory 1230 MiB.
2026-10-03T00:55:59Z INFO [380/500] 25ee17f6-d9cd-4a6c-a0ca-5de55929815d: 67 chunks; 1.5 s; peak memory 1230 MiB.
2026-10-03T00:56:00Z INFO [381/500] 25ee5ec4-76b3-4ab2-99f9-e75ed27f8eca: 46 chunks; 1.3 s; peak memory 1230 MiB.
2026-10-03T00:56:01Z INFO [382/500] 25ee603a-6aa6-4dec-8844-04231dcb968d: 46 chunks; 1.2 s; peak memory 1230 MiB.
2026-10-03T00:56:05Z INFO [383/500] 25ee90bf-6c00-492d-81fc-1714e581fcb0: 186 chunks; 3.9 s; peak memory 1230 MiB.
2026-10-03T00:58:30Z INFO [384/500] 25eefd49-eb39-4fe5-8df3-ac8baa575b5f: 40587 chunks; 145.1 s; peak memory 1230 MiB.
2026-10-03T00:58:31Z INFO [385/500] 25ef6431-a740-4a44-8c5e-00427864bed9: 45 chunks; 1.1 s; peak memory 1230 MiB.
2026-10-03T00:58:35Z INFO [386/500] 25efd663-2aec-47a6-ae3e-1dc253eda2fe: 116 chunks; 3.4 s; peak memory 1230 MiB.
2026-10-03T00:58:38Z INFO [387/500] 25efdd88-774a-404d-bacf-0ce02ba20125: 188 chunks; 3.5 s; peak memory 1230 MiB.
2026-10-03T00:58:40Z INFO [388/500] 25f0458b-d7a5-4181-bd08-bbe745cfe4ef: 77 chunks; 1.5 s; peak memory 1230 MiB.
2026-10-03T00:58:41Z INFO [389/500] 25f05136-7577-4d7f-90be-64ff490af45a: 117 chunks; 1.6 s; peak memory 1230 MiB.
2026-10-03T00:58:43Z INFO [390/500] 25f05425-757a-4622-9c12-30bc5fcc9ed3: 261 chunks; 1.8 s; peak memory 1230 MiB.
2026-10-03T00:58:45Z INFO [391/500] 25f094cd-47f8-43a0-8c6e-9feb403c5fff: 59 chunks; 1.8 s; peak memory 1230 MiB.
2026-10-03T00:58:51Z INFO [392/500] 25f17b31-4ae8-4eb9-8455-bc48fde1364f: 992 chunks; 6.3 s; peak memory 1230 MiB.
2026-10-03T00:58:53Z INFO [393/500] 25f1c686-fe52-4b23-81c6-6226aa23267f: 48 chunks; 1.3 s; peak memory 1230 MiB.
2026-10-03T00:58:54Z INFO [394/500] 25f27347-4de2-4bfc-a3c5-e39c8af65fa6: 71 chunks; 2.0 s; peak memory 1230 MiB.
2026-10-03T00:58:58Z INFO [395/500] 25f35d26-cde8-4454-a66e-0f4fddf9db6e: 123 chunks; 3.3 s; peak memory 1230 MiB.
2026-10-03T00:59:01Z INFO [396/500] 25f383ac-2ebe-4feb-91e2-700c3f7f402f: 186 chunks; 3.3 s; peak memory 1230 MiB.
2026-10-03T00:59:05Z INFO [397/500] 25f38bc9-cc48-4a6f-9a7c-9b86810ffc95: 381 chunks; 3.6 s; peak memory 1230 MiB.
2026-10-03T00:59:06Z INFO [398/500] 25f3f4f0-683a-4b60-afee-4d30c970e195: 117 chunks; 1.7 s; peak memory 1230 MiB.
2026-10-03T00:59:08Z INFO [399/500] 25f45fdf-311b-410c-8a6c-47207579b9e9: 52 chunks; 1.4 s; peak memory 1230 MiB.
2026-10-03T00:59:09Z INFO [400/500] 25f4775f-8de2-426d-bb2c-34d72579c5ec: 48 chunks; 1.3 s; peak memory 1230 MiB.
2026-10-03T00:59:09Z INFO [400/500] 25f4775f-8de2-426d-bb2c-34d72579c5ec: checkpointed 65234 records.
2026-10-03T00:59:11Z INFO [401/500] 25f56705-567e-49b3-b4a4-ebec988a5981: 48 chunks; 1.3 s; peak memory 1230 MiB.
2026-10-03T00:59:11Z INFO [402/500] 25f5c248-a02b-4f77-bfd1-0895e505ad1a: 46 chunks; 0.9 s; peak memory 1230 MiB.
2026-10-03T00:59:13Z INFO [403/500] 25f5c817-2255-4025-8f54-60f647af51a2: 48 chunks; 1.3 s; peak memory 1230 MiB.
2026-10-03T00:59:14Z INFO [404/500] 25f67218-09fb-4827-862e-88d24d8c746c: 48 chunks; 1.3 s; peak memory 1230 MiB.
2026-10-03T00:59:16Z INFO [405/500] 25f69341-a419-4c98-9725-194f7489ac9a: 112 chunks; 1.8 s; peak memory 1230 MiB.
2026-10-03T00:59:17Z INFO [406/500] 25f6b796-7c17-46e7-95b3-70d1acb9e89a: 48 chunks; 1.3 s; peak memory 1230 MiB.
2026-10-03T00:59:18Z INFO [407/500] 25f772e2-0823-485c-aa36-60531481eaeb: 56 chunks; 1.2 s; peak memory 1230 MiB.
2026-10-03T00:59:25Z INFO [408/500] 25f7bb12-f99a-47ad-ad51-159960012d0e: 2382 chunks; 6.8 s; peak memory 1230 MiB.
2026-10-03T00:59:27Z INFO [409/500] 25f8197c-4050-4739-b3c1-cfaed1492202: 66 chunks; 1.8 s; peak memory 1230 MiB.
2026-10-03T00:59:48Z INFO [410/500] 25f84e97-f297-4e76-980b-2ec2a932ba62: 278 chunks; 21.4 s; peak memory 1230 MiB.
2026-10-03T00:59:50Z INFO [411/500] 25f8a72b-bd33-4a7e-be31-f5deec864d75: 275 chunks; 1.9 s; peak memory 1230 MiB.
2026-10-03T00:59:52Z INFO [412/500] 25f90d87-1eb6-4246-ad18-47c3748e104b: 112 chunks; 2.0 s; peak memory 1230 MiB.
2026-10-03T00:59:54Z INFO [413/500] 25fa0b1f-7d14-4fb6-9c3c-1f4605a813b0: 112 chunks; 1.9 s; peak memory 1230 MiB.
2026-10-03T00:59:56Z INFO [414/500] 25fa1910-c228-4562-8cf9-2c831f9657cf: 66 chunks; 1.7 s; peak memory 1230 MiB.
2026-10-03T00:59:57Z INFO [415/500] 25fa3b11-1622-489e-9e2e-9a4f3f839ce4: 48 chunks; 1.4 s; peak memory 1230 MiB.
2026-10-03T00:59:58Z INFO [416/500] 25fb1f26-eb83-4929-97fd-abffe8e0cc50: 57 chunks; 1.1 s; peak memory 1230 MiB.
2026-10-03T01:00:07Z INFO [417/500] 25fb79bd-6f9e-457f-8c66-25b9a4974f2c: 13157 chunks; 9.0 s; peak memory 1230 MiB.
2026-10-03T01:00:09Z INFO [418/500] 25fc083e-a98e-4f10-94c4-ed2b02289305: 117 chunks; 1.7 s; peak memory 1230 MiB.
2026-10-03T01:00:14Z INFO [419/500] 25fcde6d-288a-4fdc-ac4d-53f6ae76ddc1: 6273 chunks; 5.3 s; peak memory 1230 MiB.
2026-10-03T01:00:16Z INFO [420/500] 25fd0c10-500e-4200-964e-8011b2c0eac9: 72 chunks; 1.5 s; peak memory 1230 MiB.
2026-10-03T01:00:30Z INFO [421/500] 25fe6e19-a2eb-45d6-9e04-e2166d02d203: 12280 chunks; 14.1 s; peak memory 1230 MiB.
2026-10-03T01:00:31Z INFO [422/500] 25ff557c-9aa2-48c6-9bbf-9a965b3a591c: 48 chunks; 1.3 s; peak memory 1230 MiB.
2026-10-03T01:00:33Z INFO [423/500] 25ff5a7a-3032-4366-b426-7721147ffab8: 110 chunks; 2.1 s; peak memory 1230 MiB.
2026-10-03T01:00:35Z INFO [424/500] 25ffc83c-e87b-4b32-90ce-a37d5a955c46: 90 chunks; 2.0 s; peak memory 1230 MiB.
2026-10-03T01:00:36Z INFO [425/500] 26002b1e-8aa6-42f1-b11b-9abac45a8480: 46 chunks; 1.2 s; peak memory 1230 MiB.
2026-10-03T01:00:40Z INFO [426/500] 26007c5e-78ab-49e1-b925-09c6dd73fd83: 123 chunks; 3.3 s; peak memory 1230 MiB.
2026-10-03T01:00:41Z INFO [427/500] 2601c7a7-40cf-459d-8312-5b64f2d006c1: 48 chunks; 1.5 s; peak memory 1230 MiB.
2026-10-03T01:00:42Z INFO [428/500] 260216e7-1cd1-40fe-9288-7cc1589f66dd: 48 chunks; 1.3 s; peak memory 1230 MiB.
2026-10-03T01:00:45Z INFO [429/500] 26027b75-31c8-47df-a95c-fab17a3ba273: 122 chunks; 3.0 s; peak memory 1230 MiB.
2026-10-03T01:00:47Z INFO [430/500] 260336dc-2458-4f4d-821a-6f4b968126af: 113 chunks; 1.6 s; peak memory 1230 MiB.
2026-10-03T01:00:49Z INFO [431/500] 2603761f-a204-451f-b06a-d737df0de812: 72 chunks; 1.9 s; peak memory 1230 MiB.
2026-10-03T01:00:50Z INFO [432/500] 26039198-1126-4e89-a7cf-9e8f71659755: 66 chunks; 1.6 s; peak memory 1230 MiB.
2026-10-03T01:00:52Z INFO [433/500] 26049a2a-70bb-40ad-a539-047729be04dc: 62 chunks; 1.3 s; peak memory 1230 MiB.
2026-10-03T01:00:53Z INFO [434/500] 2604c70f-4dc0-4ed6-88eb-70493e57395c: 46 chunks; 1.1 s; peak memory 1230 MiB.
2026-10-03T01:00:54Z INFO [435/500] 26051cd1-85c1-4ef4-a3fb-b9e2831174f2: 116 chunks; 1.5 s; peak memory 1230 MiB.
2026-10-03T01:00:56Z INFO [436/500] 26056c88-e0e7-4e73-beef-b778e20205de: 118 chunks; 1.5 s; peak memory 1230 MiB.
2026-10-03T01:01:57Z INFO [437/500] 2605d601-54f7-4dfd-b92f-bcb110bb09ac: 8891 chunks; 61.2 s; peak memory 1230 MiB.
2026-10-03T01:01:58Z INFO [438/500] 26064365-4ca8-41c9-8eae-499c7975a176: 48 chunks; 1.3 s; peak memory 1230 MiB.
2026-10-03T01:02:00Z INFO [439/500] 2606a9fb-4590-467e-958a-4370c08ea88e: 48 chunks; 1.4 s; peak memory 1230 MiB.
2026-10-03T01:02:01Z INFO [440/500] 26076298-9d29-4d13-b60c-5cb2ccbbe3ab: 118 chunks; 1.5 s; peak memory 1230 MiB.
2026-10-03T01:02:22Z INFO [441/500] 26082105-fd5b-4a6e-b5fa-66b1c982acae: 5681 chunks; 20.6 s; peak memory 1230 MiB.
2026-10-03T01:02:23Z INFO [442/500] 2608bf9d-3406-49fe-b4c0-f4bea944b180: 48 chunks; 1.5 s; peak memory 1230 MiB.
2026-10-03T01:02:25Z INFO [443/500] 2608eeb5-9cd2-44d3-8ccd-164b6705ef22: 112 chunks; 1.7 s; peak memory 1230 MiB.
2026-10-03T01:07:04Z INFO [444/500] 260938b3-b27e-4d0f-90bd-81afbb0c0f2b: 76477 chunks; 279.1 s; peak memory 1230 MiB.
2026-10-03T01:07:06Z INFO [445/500] 2609d693-3866-403e-98a3-abe16f73d0c7: 117 chunks; 1.5 s; peak memory 1230 MiB.
2026-10-03T01:07:18Z INFO [446/500] 260a1a1d-0719-4759-9509-ca4cf7f409bb: 17084 chunks; 12.2 s; peak memory 1230 MiB.
2026-10-03T01:07:34Z INFO [447/500] 260ac2f2-2b05-4ce8-abca-09cd67390acd: 18461 chunks; 15.9 s; peak memory 1230 MiB.
2026-10-03T01:07:35Z INFO [448/500] 260afd5b-fb72-4b24-a99b-e6972641001b: 61 chunks; 1.3 s; peak memory 1230 MiB.
2026-10-03T01:07:41Z INFO [449/500] 260b6dc8-3560-4e59-9298-85be50f37960: 468 chunks; 6.2 s; peak memory 1230 MiB.
2026-10-03T01:07:43Z INFO [450/500] 260cc648-9a61-4393-a8e3-c8b0f9a5bf45: 117 chunks; 1.9 s; peak memory 1230 MiB.
2026-10-03T01:07:43Z INFO [450/500] 260cc648-9a61-4393-a8e3-c8b0f9a5bf45: checkpointed 65284 records.
2026-10-03T01:07:45Z INFO [451/500] 260da597-e35d-430a-a5aa-faeadbfb14e7: 48 chunks; 1.4 s; peak memory 1230 MiB.
2026-10-03T01:07:46Z INFO [452/500] 260e9031-e5ea-4411-a3fa-b4b032eda162: 117 chunks; 1.7 s; peak memory 1230 MiB.
2026-10-03T01:07:48Z INFO [453/500] 260f3c39-1d0c-45bc-8436-57e5fc93992f: 116 chunks; 1.5 s; peak memory 1230 MiB.
2026-10-03T01:07:50Z INFO [454/500] 2610367f-54a8-4042-8b81-bb4c629fc8ea: 112 chunks; 2.0 s; peak memory 1230 MiB.
2026-10-03T01:07:53Z INFO [455/500] 26107bea-a4a5-413c-9646-d281bda19ae1: 115 chunks; 3.1 s; peak memory 1230 MiB.
2026-10-03T01:07:55Z INFO [456/500] 261109b5-c626-48ce-9820-7dd46a76cb7e: 64 chunks; 2.0 s; peak memory 1230 MiB.
2026-10-03T01:07:57Z INFO [457/500] 26113dc5-f0a9-417b-a9af-9bae1f269788: 116 chunks; 1.6 s; peak memory 1230 MiB.
2026-10-03T01:28:17Z INFO [458/500] 26116641-d316-4e43-9d9f-8053e1e7c923: 346361 chunks; 1220.2 s; peak memory 1230 MiB.
2026-10-03T01:28:18Z INFO [459/500] 26118104-34ef-4cb4-9757-2dc6d7a9f4a0: 118 chunks; 1.6 s; peak memory 1230 MiB.
2026-10-03T01:29:28Z INFO [460/500] 2611a969-fca5-4613-bb8b-67de975ce5ae: 24940 chunks; 69.6 s; peak memory 1230 MiB.
2026-10-03T01:29:30Z INFO [461/500] 261220bc-501f-44a1-8d6d-d73518b2cae8: 115 chunks; 1.5 s; peak memory 1230 MiB.
2026-10-03T01:29:34Z INFO [462/500] 261264d5-ae3f-4a83-8628-cc5a2ea8cbfc: 282 chunks; 4.0 s; peak memory 1230 MiB.
2026-10-03T01:29:47Z INFO [463/500] 26132cf0-00fe-4229-8a1d-5fa688432e8e: 2199 chunks; 13.8 s; peak memory 1230 MiB.
2026-10-03T01:29:48Z INFO [464/500] 26142be5-ea47-49b5-9cf1-bd9d0357c9d3: 69 chunks; 1.1 s; peak memory 1230 MiB.
2026-10-03T01:29:50Z INFO [465/500] 26144388-85ac-4ea3-88f2-d2e919b9e6c6: 48 chunks; 1.3 s; peak memory 1230 MiB.
2026-10-03T01:29:53Z INFO [466/500] 26144a25-8924-4a83-9e7f-619719dd7b1a: 619 chunks; 2.8 s; peak memory 1230 MiB.
2026-10-03T01:29:54Z INFO [467/500] 26159dc9-adeb-43ee-83a7-ad313184e359: 109 chunks; 1.7 s; peak memory 1230 MiB.
2026-10-03T01:29:57Z INFO [468/500] 26176d81-3e46-4eca-9bf3-f1b6830396a0: 112 chunks; 2.3 s; peak memory 1230 MiB.
2026-10-03T01:29:59Z INFO [469/500] 26181ed7-4efe-451c-8696-ed4f5da378de: 71 chunks; 2.2 s; peak memory 1230 MiB.
2026-10-03T01:30:00Z INFO [470/500] 26185612-5d62-468b-9dc0-72f1c0fc3ac9: 48 chunks; 1.4 s; peak memory 1230 MiB.
2026-10-03T01:30:02Z INFO [471/500] 2619224c-8794-48d6-9ca3-5bcb560ec251: 68 chunks; 1.5 s; peak memory 1230 MiB.
2026-10-03T01:30:05Z INFO [472/500] 2619813a-4423-4492-a794-fe6432527c8c: 150 chunks; 3.2 s; peak memory 1230 MiB.
2026-10-03T01:30:06Z INFO [473/500] 2619b791-d944-40da-a08f-7d0e6b5fb635: 52 chunks; 1.4 s; peak memory 1230 MiB.
2026-10-03T01:30:14Z INFO [474/500] 261a98e9-609d-481a-9a6d-b633c6597e12: 2923 chunks; 7.4 s; peak memory 1230 MiB.
2026-10-03T01:30:15Z INFO [475/500] 261abf76-1be0-49c4-ae60-da62700b1a59: 48 chunks; 1.3 s; peak memory 1230 MiB.
2026-10-03T01:30:16Z INFO [476/500] 261b1f65-0151-483a-b2ed-7bd544689b3e: 48 chunks; 1.4 s; peak memory 1230 MiB.
2026-10-03T01:30:22Z INFO [477/500] 261b4360-4e09-4888-9f99-de67aa505738: 318 chunks; 5.9 s; peak memory 1230 MiB.
2026-10-03T01:30:24Z INFO [478/500] 261ba73c-e6d8-4bc2-9735-62dd91b23c27: 117 chunks; 1.5 s; peak memory 1230 MiB.
2026-10-03T01:30:26Z INFO [479/500] 261be473-f29d-4340-a752-8ae8909ebae5: 71 chunks; 2.0 s; peak memory 1230 MiB.
2026-10-03T01:30:27Z INFO [480/500] 261c9f47-cab6-4e82-8b28-2abc3af8ffc6: 46 chunks; 1.3 s; peak memory 1230 MiB.
2026-10-03T01:30:35Z INFO [481/500] 261d4800-e043-4c50-a8d1-7fa434789357: 19485 chunks; 7.9 s; peak memory 1230 MiB.
2026-10-03T01:30:36Z INFO [482/500] 261e4c17-e46e-4c86-b16d-b88c5a535072: 95 chunks; 1.3 s; peak memory 1230 MiB.
2026-10-03T01:30:38Z INFO [483/500] 261e8dbf-d8a9-4ada-8a67-df7cf28eed33: 48 chunks; 1.4 s; peak memory 1230 MiB.
2026-10-03T01:30:39Z INFO [484/500] 261ecdec-192d-428e-af4f-b9b80e4822d8: 48 chunks; 1.4 s; peak memory 1230 MiB.
2026-10-03T01:30:55Z INFO [485/500] 261f196e-6997-4156-8ea2-8e10c888446c: 19304 chunks; 15.8 s; peak memory 1230 MiB.
2026-10-03T01:30:58Z INFO [486/500] 261f6c43-23fb-47a3-a056-3a5865baf67a: 90 chunks; 3.3 s; peak memory 1230 MiB.
2026-10-03T01:31:01Z INFO [487/500] 2620533d-b388-4324-a2fe-ca97b2ca4ddd: 154 chunks; 3.0 s; peak memory 1230 MiB.
2026-10-03T01:31:04Z INFO [488/500] 2620887c-153e-4198-a3cd-eb409e5654d2: 71 chunks; 2.8 s; peak memory 1230 MiB.
2026-10-03T01:31:10Z INFO [489/500] 2620a904-4c8a-4f26-ad49-bd7c5f683f0f: 6739 chunks; 5.7 s; peak memory 1230 MiB.
2026-10-03T01:31:13Z INFO [490/500] 26217408-60df-45bd-abd0-f8193ff8c24d: 126 chunks; 2.9 s; peak memory 1230 MiB.
2026-10-03T01:31:14Z INFO [491/500] 26223f4e-379d-4457-afe3-c84a92fdce80: 51 chunks; 1.6 s; peak memory 1230 MiB.
2026-10-03T01:31:23Z INFO [492/500] 26226d32-e4a1-4c21-bf8f-53dcae9cfb54: 2923 chunks; 8.3 s; peak memory 1230 MiB.
2026-10-03T01:31:24Z INFO [493/500] 2622d8a6-4be2-4303-b682-e4a2e38125d8: 117 chunks; 1.4 s; peak memory 1230 MiB.
2026-10-03T01:31:25Z INFO [494/500] 262490e8-b656-415a-9a0b-4eafdc0410a8: 47 chunks; 1.4 s; peak memory 1230 MiB.
2026-10-03T01:31:27Z INFO [495/500] 26249220-40ca-49f9-83cb-34a5974497e5: 48 chunks; 1.4 s; peak memory 1230 MiB.
2026-10-03T01:31:36Z INFO [496/500] 2624bca2-8d05-4244-ad1f-f52b6685f010: 300 chunks; 9.0 s; peak memory 1230 MiB.
2026-10-03T01:31:38Z INFO [497/500] 2624fcae-3ee8-4e7e-bcb0-117e5c6d37e5: 71 chunks; 2.7 s; peak memory 1230 MiB.
2026-10-03T01:31:40Z INFO [498/500] 2625670f-bada-4269-b35d-f4e0dcf2100b: 48 chunks; 1.3 s; peak memory 1230 MiB.
2026-10-03T01:31:41Z INFO [499/500] 2625f186-7edf-498f-87c9-b88caca6d355: 84 chunks; 1.7 s; peak memory 1230 MiB.
2026-10-03T01:31:47Z INFO [500/500] 262657f2-2336-4d47-846f-2186b2d4a886: 9033 chunks; 5.6 s; peak memory 1230 MiB.
2026-10-03T01:31:47Z INFO [500/500] 262657f2-2336-4d47-846f-2186b2d4a886: checkpointed 65334 records.
2026-10-03T01:31:47Z INFO Wrote 65334 records to /tmp/derivatives/valid_nwb_file_to_chunk_stats.jsonl (500 new, 0 failed) in 255.0 min (peak memory 1230 MiB).
