2026-10-08T17:46:28Z INFO Logging to /tmp/logs/update_2026-10-08T17-46-28Z.log.
2026-10-08T17:46:28Z INFO Update valid-nwb-file-to-chunk-stats (base directory /tmp).
2026-10-08T17:46:28Z INFO Processing 500 items (92334 already recorded).
2026-10-08T17:46:29Z INFO [1/500] 5deeea31-2298-43c2-9d5a-aca6b22a12a6: 46 chunks; 0.9 s; peak memory 191 MiB.
2026-10-08T17:46:30Z INFO [2/500] 5deefc08-93c2-4934-962c-07c28a53fcf4: 48 chunks; 0.8 s; peak memory 192 MiB.
2026-10-08T17:46:31Z INFO [3/500] 5def36e9-be92-4b3e-970d-b56bff0ca184: 48 chunks; 0.9 s; peak memory 192 MiB.
2026-10-08T17:46:33Z INFO [4/500] 5defb958-7129-434f-8251-5ae249b63fc0: 997 chunks; 2.3 s; peak memory 195 MiB.
2026-10-08T17:46:34Z INFO [5/500] 5deff8e3-d28a-4123-b384-40cdb17a2cbc: 46 chunks; 0.7 s; peak memory 195 MiB.
2026-10-08T17:46:35Z INFO [6/500] 5df10c7e-c90e-4e70-ba93-4f9034371927: 46 chunks; 1.0 s; peak memory 195 MiB.
2026-10-08T17:46:37Z INFO [7/500] 5df1ebb8-1f4f-43ab-a86e-6f474692565f: 118 chunks; 1.8 s; peak memory 195 MiB.
2026-10-08T17:46:38Z INFO [8/500] 5df34d88-9c4c-4ae8-af53-18846ea8c965: 112 chunks; 1.0 s; peak memory 196 MiB.
2026-10-08T17:46:38Z INFO [9/500] 5df40fee-dd87-4f25-9ee9-2d0e2545810d: 69 chunks; 0.8 s; peak memory 196 MiB.
2026-10-08T17:46:39Z INFO [10/500] 5df4ce8d-4b3f-44f4-bd21-0baa3603ed03: 48 chunks; 0.8 s; peak memory 196 MiB.
2026-10-08T17:46:40Z INFO [11/500] 5df5a330-a31c-4df3-aec2-112839cb780c: 118 chunks; 1.2 s; peak memory 196 MiB.
2026-10-08T17:47:21Z INFO [12/500] 5df6fef4-4fa8-4f77-a2fb-6c1c2fb63552: 24403 chunks; 40.5 s; peak memory 291 MiB.
2026-10-08T17:47:22Z INFO [13/500] 5df73b0c-7550-4bbd-a326-e8dd4b46a058: 112 chunks; 1.0 s; peak memory 291 MiB.
2026-10-08T17:47:23Z INFO [14/500] 5df7e703-f14c-48b8-9de9-dc686cc65dcb: 121 chunks; 0.7 s; peak memory 291 MiB.
2026-10-08T17:47:24Z INFO [15/500] 5df7f5f5-798c-45e6-bde5-5ba0bacf97ad: 69 chunks; 1.5 s; peak memory 291 MiB.
2026-10-08T17:47:25Z INFO [16/500] 5df8cd86-6a6f-4f7e-a209-175d3217d980: 57 chunks; 0.6 s; peak memory 291 MiB.
2026-10-08T17:47:26Z INFO [17/500] 5df91ae7-0d9d-429e-b8ae-3c1bce909ebe: 48 chunks; 0.9 s; peak memory 291 MiB.
2026-10-08T17:47:41Z INFO [18/500] 5df9e8fa-50a0-473f-b08b-33b28dd45ac6: 2404 chunks; 15.1 s; peak memory 292 MiB.
2026-10-08T17:49:29Z INFO [19/500] 5dfae8a0-4ee2-4254-acc8-0dde1cd0e20e: 26940 chunks; 108.1 s; peak memory 321 MiB.
2026-10-08T17:49:30Z INFO [20/500] 5dfb5d45-0631-459f-be68-6e0191ad0a73: 52 chunks; 1.3 s; peak memory 321 MiB.
2026-10-08T17:49:31Z INFO [21/500] 5dfc3ae8-b07d-45db-ab7a-3af5e7a84f27: 48 chunks; 1.2 s; peak memory 321 MiB.
2026-10-08T17:49:40Z INFO [22/500] 5dfc5fa1-4a21-410c-a0ab-7732d45a12f1: 2428 chunks; 8.4 s; peak memory 321 MiB.
2026-10-08T17:49:41Z INFO [23/500] 5dfc987d-8413-4bda-a12a-54895b308d7b: 112 chunks; 1.3 s; peak memory 321 MiB.
2026-10-08T17:49:51Z INFO [24/500] 5dfd42bc-1f7f-40d7-aa18-41f317a16938: 420 chunks; 9.8 s; peak memory 321 MiB.
2026-10-08T17:49:52Z INFO [25/500] 5dfd4511-6287-4b1f-bdcc-cfd7142b1ff5: 92 chunks; 1.3 s; peak memory 321 MiB.
2026-10-08T17:49:54Z INFO [26/500] 5dfd6071-3e6b-4c77-a5b9-0950b4b51293: 1541 chunks; 2.1 s; peak memory 321 MiB.
2026-10-08T17:49:56Z INFO [27/500] 5dfd6c1d-bb1c-46a8-a7e2-a38f50e5e2b8: 49 chunks; 1.2 s; peak memory 321 MiB.
2026-10-08T17:49:57Z INFO [28/500] 5dfdde9b-2a2c-4169-b8b4-7fbe880851b0: 77 chunks; 1.2 s; peak memory 321 MiB.
2026-10-08T17:49:58Z INFO [29/500] 5dfeb079-cf74-4ffe-8ae4-18971de9b7aa: 275 chunks; 1.0 s; peak memory 321 MiB.
2026-10-08T17:49:59Z INFO [30/500] 5dff09fe-f9e6-4736-951c-bccaa3faae19: 118 chunks; 1.5 s; peak memory 321 MiB.
2026-10-08T17:50:00Z INFO [31/500] 5e000809-438d-4c3e-957f-1d9dbb43293f: 48 chunks; 1.0 s; peak memory 321 MiB.
2026-10-08T17:50:02Z INFO [32/500] 5e0046e2-e0e4-462d-9a34-7a14990bef16: 112 chunks; 1.6 s; peak memory 321 MiB.
2026-10-08T17:50:03Z INFO [33/500] 5e0053b4-9d51-4f18-aff6-2461f549eec6: 48 chunks; 1.1 s; peak memory 321 MiB.
2026-10-08T17:51:56Z INFO [34/500] 5e00cd92-2160-4c2e-bbf0-f9cd665f21f2: 48437 chunks; 113.3 s; peak memory 390 MiB.
2026-10-08T17:51:58Z INFO [35/500] 5e00d450-fe8b-4f01-b763-aa7f894b661e: 115 chunks; 2.0 s; peak memory 390 MiB.
2026-10-08T17:51:59Z INFO [36/500] 5e02389f-cbc5-4696-92fb-60b718180914: 95 chunks; 0.9 s; peak memory 390 MiB.
2026-10-08T17:52:01Z INFO [37/500] 5e02d72c-a534-4a5b-bf3d-987e5a0ada23: 156 chunks; 2.4 s; peak memory 390 MiB.
2026-10-08T17:52:02Z INFO [38/500] 5e03d896-461b-4b6c-8d67-362be87abfb5: 69 chunks; 1.0 s; peak memory 390 MiB.
2026-10-08T17:52:07Z INFO [39/500] 5e03fcce-bb81-4f7b-806e-a3168e63f3b6: 2919 chunks; 4.4 s; peak memory 390 MiB.
2026-10-08T17:52:08Z INFO [40/500] 5e044010-1acb-4e43-af4d-44bad5212a91: 46 chunks; 0.9 s; peak memory 390 MiB.
2026-10-08T17:52:08Z INFO [41/500] 5e04b2fd-a20a-4e2c-a56b-3553d134b97c: 57 chunks; 0.7 s; peak memory 390 MiB.
2026-10-08T17:52:09Z INFO [42/500] 5e04b3c0-9f59-4f97-bb30-18ba893d3d2d: 46 chunks; 0.7 s; peak memory 390 MiB.
2026-10-08T17:52:10Z INFO [43/500] 5e04dd21-5c90-4890-8cca-c7b5de6802fd: 48 chunks; 1.1 s; peak memory 390 MiB.
2026-10-08T17:52:11Z INFO [44/500] 5e04eaac-6d12-44c0-a3fb-78d8f200963c: 48 chunks; 0.9 s; peak memory 390 MiB.
2026-10-08T17:52:12Z INFO [45/500] 5e0626a8-b523-4e7f-87a4-ee8fc030c545: 52 chunks; 0.9 s; peak memory 390 MiB.
2026-10-08T17:52:13Z INFO [46/500] 5e0652c1-cadd-444a-8a68-261d2fe201c7: 48 chunks; 0.9 s; peak memory 390 MiB.
2026-10-08T17:52:32Z INFO [47/500] 5e075b81-d2fe-48cc-a6a7-f5a160168ed4: 8738 chunks; 19.3 s; peak memory 390 MiB.
2026-10-08T17:52:33Z INFO [48/500] 5e078ca7-fa16-4dac-8e7c-6685e7329866: 48 chunks; 0.7 s; peak memory 390 MiB.
2026-10-08T17:52:34Z INFO [49/500] 5e07ad3e-acaf-4e3b-9f98-4c0dba1d8e25: 110 chunks; 1.0 s; peak memory 390 MiB.
2026-10-08T17:52:35Z INFO [50/500] 5e0807e1-5931-4bdb-9183-5224bdc458ef: 48 chunks; 0.9 s; peak memory 390 MiB.
2026-10-08T17:52:35Z INFO [50/500] 5e0807e1-5931-4bdb-9183-5224bdc458ef: checkpointed 92384 new records.
2026-10-08T17:52:36Z INFO [51/500] 5e081379-9c75-4c9d-b2b9-905c96124661: 35 chunks; 0.7 s; peak memory 390 MiB.
2026-10-08T17:52:37Z INFO [52/500] 5e090acb-98f3-495c-ab9a-a266b5f1cae9: 116 chunks; 1.0 s; peak memory 390 MiB.
2026-10-08T17:52:38Z INFO [53/500] 5e0912b6-24e9-4620-8c15-01fd22fa3268: 117 chunks; 0.8 s; peak memory 390 MiB.
2026-10-08T17:52:38Z INFO [54/500] 5e09a2f9-5b7d-45ff-af8e-1b506ba3253e: 46 chunks; 0.8 s; peak memory 390 MiB.
2026-10-08T17:52:39Z INFO [55/500] 5e09bcd9-411d-451d-acdf-6433a69d161c: 117 chunks; 1.0 s; peak memory 390 MiB.
2026-10-08T17:52:41Z INFO [56/500] 5e0a4789-987a-4b9a-b671-52cf2b08685d: 9510 chunks; 1.9 s; peak memory 390 MiB.
2026-10-08T17:52:42Z INFO [57/500] 5e0aa067-315b-451e-ad1e-2a7b44df8239: 51 chunks; 1.0 s; peak memory 390 MiB.
2026-10-08T17:52:43Z INFO [58/500] 5e0cf5d3-8f16-4c42-b0f1-1479a9e28183: 48 chunks; 0.9 s; peak memory 390 MiB.
2026-10-08T17:52:44Z INFO [59/500] 5e0dc455-1ec8-47cf-9050-6cdcfcc33d27: 47 chunks; 0.7 s; peak memory 390 MiB.
2026-10-08T17:52:45Z INFO [60/500] 5e0e4abf-1c61-41a6-8840-8b23f0f94d1c: 117 chunks; 1.0 s; peak memory 390 MiB.
2026-10-08T17:52:46Z INFO [61/500] 5e0e5c9c-8628-41ed-9b9d-5d5939e061a7: 48 chunks; 1.0 s; peak memory 390 MiB.
2026-10-08T17:52:47Z INFO [62/500] 5e0eb519-64b8-4cb2-bb89-db0623e78659: 64 chunks; 1.4 s; peak memory 390 MiB.
2026-10-08T17:52:49Z INFO [63/500] 5e0eda9f-8e49-4e76-871c-2edfa459679a: 116 chunks; 1.9 s; peak memory 390 MiB.
2026-10-08T17:52:50Z INFO [64/500] 5e0fa4df-a3f3-47f9-8246-d09e47e7c81a: 116 chunks; 1.0 s; peak memory 390 MiB.
2026-10-08T17:52:51Z INFO [65/500] 5e100425-a8e7-473a-a32a-b95d734166a2: 275 chunks; 1.0 s; peak memory 390 MiB.
2026-10-08T17:52:52Z INFO [66/500] 5e10168b-ea37-411d-8852-6a73745081bc: 117 chunks; 1.1 s; peak memory 390 MiB.
2026-10-08T17:52:59Z INFO [67/500] 5e111dc9-086f-4416-a0d3-fc45c9291bef: 4151 chunks; 6.6 s; peak memory 390 MiB.
2026-10-08T17:53:00Z INFO [68/500] 5e1123cb-219f-491d-b95c-2c33bbab815a: 116 chunks; 1.1 s; peak memory 390 MiB.
2026-10-08T17:53:01Z INFO [69/500] 5e11dd72-93d5-4192-8a6a-6b81fe4a0438: 48 chunks; 0.9 s; peak memory 390 MiB.
2026-10-08T17:53:02Z INFO [70/500] 5e11ffcc-3182-47e4-b893-5ac50fabac14: 118 chunks; 1.1 s; peak memory 390 MiB.
2026-10-08T17:53:03Z INFO [71/500] 5e121e6c-cfbc-4f2d-81b3-951948049a0c: 56 chunks; 0.8 s; peak memory 390 MiB.
2026-10-08T17:53:13Z INFO [72/500] 5e12ae61-185e-42dd-a93a-a97f84e205b9: 25187 chunks; 10.7 s; peak memory 390 MiB.
2026-10-08T17:53:14Z INFO [73/500] 5e1379f6-7e55-4e29-b90c-8f6edf8a2afd: 45 chunks; 0.7 s; peak memory 390 MiB.
2026-10-08T17:53:20Z INFO [74/500] 5e138c2f-7504-4ab1-8ce8-2025b5c6152f: 17416 chunks; 5.8 s; peak memory 390 MiB.
2026-10-08T17:53:21Z INFO [75/500] 5e143178-7d37-4c85-884e-71fb1f6f5da9: 48 chunks; 0.9 s; peak memory 390 MiB.
2026-10-08T17:53:22Z INFO [76/500] 5e149b44-8c8f-483c-b2b3-3651694ce3cb: 48 chunks; 1.0 s; peak memory 390 MiB.
2026-10-08T17:53:22Z INFO [77/500] 5e16a9b5-43f4-40a0-b1b7-c219f921e188: 48 chunks; 0.8 s; peak memory 390 MiB.
2026-10-08T17:53:32Z INFO [78/500] 5e17f016-c336-406e-8fb7-15f11ea324fb: 24644 chunks; 9.5 s; peak memory 390 MiB.
2026-10-08T17:53:33Z INFO [79/500] 5e18335b-bbe5-450f-8b84-3d20741056dc: 62 chunks; 1.2 s; peak memory 390 MiB.
2026-10-08T17:53:34Z INFO [80/500] 5e189700-b410-4111-9c3c-abf85c4aac72: 106 chunks; 0.7 s; peak memory 390 MiB.
2026-10-08T17:53:36Z INFO [81/500] 5e18a821-71eb-4dbb-a9ca-425306430e5c: 76 chunks; 1.7 s; peak memory 390 MiB.
2026-10-08T17:53:36Z INFO [82/500] 5e191da5-ec6a-4ce0-b675-4d5ebc2254e5: 51 chunks; 0.8 s; peak memory 390 MiB.
2026-10-08T17:56:03Z INFO [83/500] 5e1a06d6-c7fe-450c-8ca4-e8819c3cd736: 47314 chunks; 147.1 s; peak memory 399 MiB.
2026-10-08T17:56:07Z INFO [84/500] 5e1a96a8-c20f-4b09-bae6-1266b1cedbd1: 398 chunks; 3.5 s; peak memory 399 MiB.
2026-10-08T17:56:09Z INFO [85/500] 5e1ad294-d168-43f5-b383-5697341ccaf2: 71 chunks; 1.7 s; peak memory 399 MiB.
2026-10-08T17:56:10Z INFO [86/500] 5e1af488-b171-400d-a412-ed5454294db6: 114 chunks; 1.2 s; peak memory 399 MiB.
2026-10-08T17:56:12Z INFO [87/500] 5e1c5b59-e0d6-4ad9-8fab-51df55369899: 156 chunks; 2.4 s; peak memory 399 MiB.
2026-10-08T17:56:16Z INFO [88/500] 5e1cf5e0-2c2d-47ab-b692-6e329ac2cef9: 111 chunks; 3.2 s; peak memory 399 MiB.
2026-10-08T17:56:22Z INFO [89/500] 5e1d9fd7-b6f7-4e5b-b9a6-a4591d9946c7: 14120 chunks; 6.6 s; peak memory 399 MiB.
2026-10-08T17:56:23Z INFO [90/500] 5e1f374c-2190-407e-8b71-444063bfee54: 48 chunks; 1.1 s; peak memory 399 MiB.
2026-10-08T17:56:24Z INFO [91/500] 5e20040f-7212-493d-8a9f-f05f2e9b21a0: 64 chunks; 0.8 s; peak memory 399 MiB.
2026-10-08T17:56:36Z INFO [92/500] 5e217ab6-0f2e-4c92-b921-3d0c303b82b9: 6193 chunks; 12.4 s; peak memory 399 MiB.
2026-10-08T17:56:37Z INFO [93/500] 5e225b57-b075-4e10-a70b-ffc95387a923: 66 chunks; 1.0 s; peak memory 399 MiB.
2026-10-08T17:56:38Z INFO [94/500] 5e22e43d-a67c-4be1-b28a-e4f25c0d1526: 48 chunks; 0.9 s; peak memory 399 MiB.
2026-10-08T17:56:40Z INFO [95/500] 5e23a6cd-5d24-4587-89b3-b8044f8a66a9: 112 chunks; 1.2 s; peak memory 399 MiB.
2026-10-08T17:56:40Z INFO [96/500] 5e23e621-ab9e-4591-a58f-c4476024a4e1: 46 chunks; 0.6 s; peak memory 399 MiB.
2026-10-08T17:56:42Z INFO [97/500] 5e240a4b-e607-4d90-b3ff-2f39b16eaab1: 119 chunks; 1.4 s; peak memory 399 MiB.
2026-10-08T17:56:42Z INFO [98/500] 5e2488ac-0675-4f9f-a48e-c08b6dedc21d: 57 chunks; 0.5 s; peak memory 399 MiB.
2026-10-08T17:56:55Z INFO [99/500] 5e250784-4ddd-44c8-99e8-8fe2d9a0ffd6: 26028 chunks; 12.8 s; peak memory 399 MiB.
2026-10-08T17:56:57Z INFO [100/500] 5e2535f8-7568-4f32-90d9-367c366a0000: 119 chunks; 1.9 s; peak memory 399 MiB.
2026-10-08T17:56:57Z INFO [100/500] 5e2535f8-7568-4f32-90d9-367c366a0000: checkpointed 92434 new records.
2026-10-08T17:56:58Z INFO [101/500] 5e25bd10-d857-450b-af2b-31d5f8ca40c1: 116 chunks; 1.2 s; peak memory 399 MiB.
2026-10-08T17:56:59Z INFO [102/500] 5e25ec0a-8227-44f9-b426-186ae42c9016: 72 chunks; 1.1 s; peak memory 399 MiB.
2026-10-08T17:57:01Z INFO [103/500] 5e2635af-ac41-4f6d-b4d0-ba0c7c5b3a24: 71 chunks; 1.9 s; peak memory 399 MiB.
2026-10-08T17:57:07Z INFO [104/500] 5e26a8c4-e9ad-45fb-b2d0-9e7fa8070cb4: 12027 chunks; 5.8 s; peak memory 399 MiB.
2026-10-08T17:57:09Z INFO [105/500] 5e26d075-4600-4f73-9d5b-178692aee1e2: 115 chunks; 2.0 s; peak memory 399 MiB.
2026-10-08T17:57:10Z INFO [106/500] 5e27da8a-5577-4448-b350-be53f24bd1b7: 48 chunks; 0.9 s; peak memory 399 MiB.
2026-10-08T17:57:11Z INFO [107/500] 5e2b1a10-7e54-4a35-a3cd-71746f807139: 79 chunks; 1.2 s; peak memory 399 MiB.
2026-10-08T17:57:12Z INFO [108/500] 5e2cb0e0-aeb0-4f51-aff5-7e71e0463e5b: 117 chunks; 1.2 s; peak memory 399 MiB.
2026-10-08T17:59:17Z INFO [109/500] 5e2d1b7a-04dc-4cb3-b666-87b880faf6dc: 37821 chunks; 124.5 s; peak memory 399 MiB.
2026-10-08T17:59:18Z INFO [110/500] 5e2e01e8-a54e-44df-aab3-e47d9d95c309: 117 chunks; 0.9 s; peak memory 399 MiB.
2026-10-08T17:59:19Z INFO [111/500] 5e2e2f04-4191-4ece-9a97-cdcc8a9f717d: 48 chunks; 0.8 s; peak memory 399 MiB.
2026-10-08T17:59:20Z INFO [112/500] 5e2e6352-efa6-4367-9ae4-e773dccd35de: 74 chunks; 1.2 s; peak memory 399 MiB.
2026-10-08T17:59:21Z INFO [113/500] 5e2f7f48-5944-4cc3-822f-60d2f1129343: 103 chunks; 1.3 s; peak memory 399 MiB.
2026-10-08T17:59:22Z INFO [114/500] 5e3116fb-a7a6-4964-b760-7c7cd086e98c: 48 chunks; 0.9 s; peak memory 399 MiB.
2026-10-08T17:59:23Z INFO [115/500] 5e318277-b837-46d4-810f-627afe346f79: 62 chunks; 0.7 s; peak memory 399 MiB.
2026-10-08T17:59:24Z INFO [116/500] 5e320567-7c7d-45fb-97b6-e1eea3111d74: 48 chunks; 1.1 s; peak memory 399 MiB.
2026-10-08T17:59:25Z INFO [117/500] 5e321441-405e-49f6-9f73-70668847d371: 997 chunks; 1.5 s; peak memory 399 MiB.
2026-10-08T17:59:26Z INFO [118/500] 5e323eb0-d84e-4530-bc7c-b5573140b412: 48 chunks; 0.8 s; peak memory 399 MiB.
2026-10-08T17:59:27Z INFO [119/500] 5e32cbc0-92a8-4e1c-bfc0-18e5dbd646fa: 117 chunks; 1.1 s; peak memory 399 MiB.
2026-10-08T17:59:44Z INFO [120/500] 5e32e1cc-2ff2-4de4-b4e4-0498a9b0ea99: 772 chunks; 16.6 s; peak memory 399 MiB.
2026-10-08T17:59:45Z INFO [121/500] 5e3313d5-6f68-4c7a-9519-3b1693f0f526: 112 chunks; 1.2 s; peak memory 399 MiB.
2026-10-08T17:59:50Z INFO [122/500] 5e33b932-bc60-4de1-a969-5025e5ffae02: 1092 chunks; 4.7 s; peak memory 399 MiB.
2026-10-08T17:59:51Z INFO [123/500] 5e344141-d554-45b2-81d6-e5a2bbe27835: 59 chunks; 1.1 s; peak memory 399 MiB.
2026-10-08T17:59:52Z INFO [124/500] 5e350222-b78e-45e4-baf7-15505a0ee468: 117 chunks; 0.8 s; peak memory 399 MiB.
2026-10-08T17:59:58Z INFO [125/500] 5e35062d-777b-48bc-98b6-adec0204743f: 193 chunks; 6.4 s; peak memory 399 MiB.
2026-10-08T17:59:59Z INFO [126/500] 5e352e8a-9486-43c5-ba7e-6036897728e4: 48 chunks; 0.9 s; peak memory 399 MiB.
2026-10-08T18:17:31Z INFO [127/500] 5e35929e-1494-4b1b-98fd-a73a8ab9168b: 278742 chunks; 1052.4 s; peak memory 1195 MiB.
2026-10-08T18:17:34Z INFO [128/500] 5e36da28-6af0-4f0a-94fa-fdb3ea559208: 394 chunks; 2.7 s; peak memory 1195 MiB.
2026-10-08T18:18:18Z INFO [129/500] 5e36f725-f085-4321-860c-588c198721e2: 29492 chunks; 44.0 s; peak memory 1195 MiB.
2026-10-08T18:18:19Z INFO [130/500] 5e3744dd-af7a-4b41-b4b4-726646d43d79: 116 chunks; 1.0 s; peak memory 1195 MiB.
2026-10-08T18:18:20Z INFO [131/500] 5e378e8c-309a-41b3-9e38-8567b5bed39f: 118 chunks; 1.1 s; peak memory 1195 MiB.
2026-10-08T18:18:22Z INFO [132/500] 5e37e55d-4991-4b4f-9116-36d5f311987d: 71 chunks; 1.7 s; peak memory 1195 MiB.
2026-10-08T18:18:23Z INFO [133/500] 5e38156d-e2f7-4ce4-8bbb-146052591b61: 66 chunks; 1.3 s; peak memory 1195 MiB.
2026-10-08T18:18:24Z INFO [134/500] 5e382d01-9c88-4299-a39a-09bae1350191: 48 chunks; 0.9 s; peak memory 1195 MiB.
2026-10-08T18:18:30Z INFO [135/500] 5e3867b1-d71d-489d-82c8-f161d60d12dc: 336 chunks; 6.2 s; peak memory 1195 MiB.
2026-10-08T18:18:31Z INFO [136/500] 5e395091-b404-4352-b9fa-fb071efc365f: 48 chunks; 1.0 s; peak memory 1195 MiB.
2026-10-08T18:18:32Z INFO [137/500] 5e39ebd0-abda-430c-9ca2-fc6905393203: 63 chunks; 0.9 s; peak memory 1195 MiB.
2026-10-08T18:18:33Z INFO [138/500] 5e3b87fa-5c5c-4ed6-b2ad-82301ac90286: 112 chunks; 1.4 s; peak memory 1195 MiB.
2026-10-08T18:18:38Z INFO [139/500] 5e3cfdaa-8905-4827-964e-5e9daf776621: 1214 chunks; 4.6 s; peak memory 1195 MiB.
2026-10-08T18:18:51Z INFO [140/500] 5e3df7a7-67c1-4139-9f50-e4171e31076b: 4670 chunks; 12.9 s; peak memory 1195 MiB.
2026-10-08T18:18:53Z INFO [141/500] 5e3df88b-c310-4b6c-be8f-15b2a333b33e: 115 chunks; 2.2 s; peak memory 1195 MiB.
2026-10-08T18:18:54Z INFO [142/500] 5e3e2957-0130-4f79-9103-a4e4a9c409d9: 117 chunks; 1.2 s; peak memory 1195 MiB.
2026-10-08T18:18:56Z INFO [143/500] 5e3e9fb4-f514-48be-b904-53741c1bcbd8: 110 chunks; 1.4 s; peak memory 1195 MiB.
2026-10-08T18:18:57Z INFO [144/500] 5e3ec4d6-60b4-4dde-b555-80d18e4bcb25: 114 chunks; 0.9 s; peak memory 1195 MiB.
2026-10-08T18:18:57Z INFO [145/500] 5e3f5eda-bed7-4a9d-bd29-8578d9c2cb8b: 46 chunks; 0.5 s; peak memory 1195 MiB.
2026-10-08T18:22:56Z INFO [146/500] 5e409259-f0cd-4948-b724-e751193ef0dd: 199642 chunks; 238.7 s; peak memory 1195 MiB.
2026-10-08T18:23:06Z INFO [147/500] 5e40945a-a7ec-48b7-be5d-2b1d83a27328: 23529 chunks; 10.3 s; peak memory 1195 MiB.
2026-10-08T18:23:10Z INFO [148/500] 5e40ebc6-cef1-4358-a467-0cdd9dcea5e8: 2923 chunks; 3.8 s; peak memory 1195 MiB.
2026-10-08T18:23:16Z INFO [149/500] 5e41b238-737c-49f0-902b-a33f93fce83c: 19242 chunks; 6.5 s; peak memory 1195 MiB.
2026-10-08T18:23:20Z INFO [150/500] 5e427048-e1e0-46dd-8aed-2123cac52d58: 2305 chunks; 3.2 s; peak memory 1195 MiB.
2026-10-08T18:23:20Z INFO [150/500] 5e427048-e1e0-46dd-8aed-2123cac52d58: checkpointed 92484 new records.
2026-10-08T18:23:21Z INFO [151/500] 5e433dbe-d350-435a-8c78-2d6a1f4fdf10: 68 chunks; 1.0 s; peak memory 1195 MiB.
2026-10-08T18:23:22Z INFO [152/500] 5e436c0a-398e-423a-9e27-2381d3571b15: 110 chunks; 1.2 s; peak memory 1195 MiB.
2026-10-08T18:23:24Z INFO [153/500] 5e4398d2-3dff-44a3-9e6d-10126e589629: 116 chunks; 1.3 s; peak memory 1195 MiB.
2026-10-08T18:23:24Z INFO [154/500] 5e43ecd4-eacf-46b2-b3fb-f8747c83cd36: 79 chunks; 1.0 s; peak memory 1195 MiB.
2026-10-08T18:23:25Z INFO [155/500] 5e443b3a-43d3-4252-b9b5-3cf167e03ba2: 117 chunks; 0.8 s; peak memory 1195 MiB.
2026-10-08T18:23:31Z INFO [156/500] 5e44d639-31c4-4fe4-9eea-bad60b3954b7: 1188 chunks; 5.8 s; peak memory 1195 MiB.
2026-10-08T18:23:33Z INFO [157/500] 5e45136f-aa51-4380-afb2-ab553aac813f: 115 chunks; 2.2 s; peak memory 1195 MiB.
2026-10-08T18:23:35Z INFO [158/500] 5e451de7-807b-4d4e-abd1-c1c82be0fa00: 116 chunks; 2.2 s; peak memory 1195 MiB.
2026-10-08T18:23:37Z INFO [159/500] 5e45309a-0901-4bfd-8715-c170f1b50674: 71 chunks; 1.9 s; peak memory 1195 MiB.
2026-10-08T18:23:39Z INFO [160/500] 5e4566a5-1ec5-4355-9fa3-dd386f476acc: 47 chunks; 1.3 s; peak memory 1195 MiB.
2026-10-08T18:23:42Z INFO [161/500] 5e465eeb-c5af-45bb-b6d4-8d626f39054d: 305 chunks; 3.5 s; peak memory 1195 MiB.
2026-10-08T18:23:43Z INFO [162/500] 5e4664b8-efed-43fa-a97b-bfdee40c0e52: 31 chunks; 0.5 s; peak memory 1195 MiB.
2026-10-08T18:23:44Z INFO [163/500] 5e466cda-5a57-480f-b51c-6a9af93192ab: 117 chunks; 0.9 s; peak memory 1195 MiB.
2026-10-08T18:23:46Z INFO [164/500] 5e4701e8-378f-4a42-8f56-c879370e0669: 71 chunks; 1.9 s; peak memory 1195 MiB.
2026-10-08T18:23:47Z INFO [165/500] 5e48fa04-6e06-4df9-b017-2f99ca15ce56: 117 chunks; 1.0 s; peak memory 1195 MiB.
2026-10-08T18:23:49Z INFO [166/500] 5e49b775-70f1-482e-a815-6e4824139856: 115 chunks; 2.2 s; peak memory 1195 MiB.
2026-10-08T18:23:50Z INFO [167/500] 5e4abdc4-5441-4db2-8c9d-28ed89cc9761: 66 chunks; 1.6 s; peak memory 1195 MiB.
2026-10-08T18:23:51Z INFO [168/500] 5e4b5605-9cb7-48aa-88fb-23c4a794e5eb: 117 chunks; 0.8 s; peak memory 1195 MiB.
2026-10-08T18:23:53Z INFO [169/500] 5e4b5a8c-13c6-4059-a99c-84a3e75ab316: 138 chunks; 1.8 s; peak memory 1195 MiB.
2026-10-08T18:23:54Z INFO [170/500] 5e4b6984-2f9c-4a04-bcac-89a546281f03: 121 chunks; 0.8 s; peak memory 1195 MiB.
2026-10-08T18:23:59Z INFO [171/500] 5e4b9f1a-933e-47a9-ba09-cf6eba931f23: 512 chunks; 5.0 s; peak memory 1195 MiB.
2026-10-08T18:24:00Z INFO [172/500] 5e4bef7e-6429-463d-b986-c36e5bc1fc41: 66 chunks; 0.9 s; peak memory 1195 MiB.
2026-10-08T18:24:01Z INFO [173/500] 5e4c2661-9871-4ebe-a0a1-0379bcda0b7c: 33 chunks; 0.8 s; peak memory 1195 MiB.
2026-10-08T18:24:07Z INFO [174/500] 5e4cc468-df89-4293-9c61-a54acab27f8a: 1914 chunks; 6.0 s; peak memory 1195 MiB.
2026-10-08T18:24:07Z INFO [175/500] 5e4f5122-c5f3-4b31-9bd5-709335a6226e: 230 chunks; 1.0 s; peak memory 1195 MiB.
2026-10-08T18:24:09Z INFO [176/500] 5e513e4a-3ea5-4b32-b090-0610f5f78ac5: 68 chunks; 1.1 s; peak memory 1195 MiB.
2026-10-08T18:24:10Z INFO [177/500] 5e521f6a-2c8a-4d8e-aae6-155a5173767e: 289 chunks; 1.2 s; peak memory 1195 MiB.
2026-10-08T18:24:20Z INFO [178/500] 5e528e68-d9a8-4897-85e5-fe65585159bd: 420 chunks; 10.7 s; peak memory 1195 MiB.
2026-10-08T18:24:28Z INFO [179/500] 5e52a943-c8f3-43e2-af7e-8cf9cf03a0db: 1578 chunks; 7.3 s; peak memory 1195 MiB.
2026-10-08T18:24:29Z INFO [180/500] 5e545ec1-9c19-4f74-a810-c9dbf211007d: 71 chunks; 1.0 s; peak memory 1195 MiB.
2026-10-08T18:24:30Z INFO [181/500] 5e54b4c6-801e-4e1f-a236-e691240d031c: 69 chunks; 1.2 s; peak memory 1195 MiB.
2026-10-08T18:24:31Z INFO [182/500] 5e556b7b-81c4-4ab9-8879-0461838aed0f: 48 chunks; 1.0 s; peak memory 1195 MiB.
2026-10-08T18:24:32Z INFO [183/500] 5e5624dd-947f-48dd-917e-ba860e8bfc18: 48 chunks; 0.9 s; peak memory 1195 MiB.
2026-10-08T18:24:33Z INFO [184/500] 5e566181-4509-4253-9226-cb10e6646478: 117 chunks; 0.9 s; peak memory 1195 MiB.
2026-10-08T18:24:34Z INFO [185/500] 5e566b87-b74b-46ff-b792-5f096fadbaa3: 48 chunks; 0.9 s; peak memory 1195 MiB.
2026-10-08T18:24:35Z INFO [186/500] 5e57174a-5add-47dd-a498-08939d484d7e: 49 chunks; 0.8 s; peak memory 1195 MiB.
2026-10-08T18:24:36Z INFO [187/500] 5e575bf7-21a6-4426-ba1d-7d7c8fee7eae: 117 chunks; 1.2 s; peak memory 1195 MiB.
2026-10-08T18:24:38Z INFO [188/500] 5e57c007-257a-4bd2-8f95-f53f4a249e2c: 101 chunks; 2.6 s; peak memory 1195 MiB.
2026-10-08T18:24:40Z INFO [189/500] 5e58446a-712b-49fc-af14-5eae568a33ce: 69 chunks; 1.6 s; peak memory 1195 MiB.
2026-10-08T18:24:41Z INFO [190/500] 5e58bb5e-da62-4a2c-b4f1-0deba3bca7e4: 204 chunks; 1.5 s; peak memory 1195 MiB.
2026-10-08T18:24:42Z INFO [191/500] 5e58e821-83b4-4fec-b930-3a38225ebbc8: 48 chunks; 0.8 s; peak memory 1195 MiB.
2026-10-08T18:24:43Z INFO [192/500] 5e591141-0e88-44c4-9213-e63aabc6166a: 116 chunks; 1.2 s; peak memory 1195 MiB.
2026-10-08T18:24:44Z INFO [193/500] 5e5943d6-6ea9-4550-8af1-4fb43b6009c3: 117 chunks; 1.0 s; peak memory 1195 MiB.
2026-10-08T18:24:46Z INFO [194/500] 5e5ac2e6-e9b4-4ddd-86eb-423e512cf2f7: 112 chunks; 1.4 s; peak memory 1195 MiB.
2026-10-08T18:24:47Z INFO [195/500] 5e5b318f-331d-4c95-a951-c3bb08aa242c: 71 chunks; 1.3 s; peak memory 1195 MiB.
2026-10-08T18:24:48Z INFO [196/500] 5e5b5ed9-685c-4a6f-90c6-8c64c39ea74a: 48 chunks; 0.8 s; peak memory 1195 MiB.
2026-10-08T18:24:50Z INFO [197/500] 5e5c5bcf-d698-4b10-b935-103ac5d96521: 168 chunks; 1.9 s; peak memory 1195 MiB.
2026-10-08T18:24:51Z INFO [198/500] 5e5c9398-3fba-49c4-9a92-66244c3f1abc: 48 chunks; 0.9 s; peak memory 1195 MiB.
2026-10-08T18:25:17Z INFO [199/500] 5e5e1a8b-b98f-4482-ac12-f1decf98806a: 6139 chunks; 25.9 s; peak memory 1195 MiB.
2026-10-08T18:25:23Z INFO [200/500] 5e5ff5c9-b018-4a08-a355-1e5ba949ac2d: 330 chunks; 6.2 s; peak memory 1195 MiB.
2026-10-08T18:25:23Z INFO [200/500] 5e5ff5c9-b018-4a08-a355-1e5ba949ac2d: checkpointed 92534 new records.
2026-10-08T18:25:24Z INFO [201/500] 5e603b4a-1a43-4c48-91c9-0f4fffc32036: 50 chunks; 1.2 s; peak memory 1195 MiB.
2026-10-08T18:25:25Z INFO [202/500] 5e60b16e-3957-4f61-81a7-027f6e4b4ba5: 117 chunks; 1.0 s; peak memory 1195 MiB.
2026-10-08T18:28:03Z INFO [203/500] 5e6144e6-16a3-49bd-b135-07440fa8139a: 44621 chunks; 157.8 s; peak memory 1195 MiB.
2026-10-08T18:28:04Z INFO [204/500] 5e61cb49-2074-46bd-9214-11651fe4fa56: 117 chunks; 1.1 s; peak memory 1195 MiB.
2026-10-08T18:28:06Z INFO [205/500] 5e620873-96db-41b8-b74a-41f98e24f564: 167 chunks; 1.2 s; peak memory 1195 MiB.
2026-10-08T18:28:09Z INFO [206/500] 5e6303d7-626a-4beb-9bf2-d15829579e96: 779 chunks; 3.3 s; peak memory 1195 MiB.
2026-10-08T18:28:10Z INFO [207/500] 5e6316b3-bd81-4e9c-8797-185bb816e796: 112 chunks; 1.3 s; peak memory 1195 MiB.
2026-10-08T18:28:11Z INFO [208/500] 5e63ccbc-969b-4da2-a1ad-c80b3f149d77: 117 chunks; 1.0 s; peak memory 1195 MiB.
2026-10-08T18:29:15Z INFO [209/500] 5e641520-dd29-44e9-a675-fadecc25ce38: 6047 chunks; 63.5 s; peak memory 1195 MiB.
2026-10-08T18:29:29Z INFO [210/500] 5e65268c-635a-4732-83c3-c1f96d8b9a8d: 2199 chunks; 14.4 s; peak memory 1195 MiB.
2026-10-08T18:29:30Z INFO [211/500] 5e665243-b4b3-46c9-bcaf-9d263d8f5c45: 116 chunks; 0.9 s; peak memory 1195 MiB.
2026-10-08T18:29:31Z INFO [212/500] 5e676276-a9b7-431d-8a83-3589cb26ec16: 112 chunks; 1.2 s; peak memory 1195 MiB.
2026-10-08T18:29:32Z INFO [213/500] 5e67bd0c-6ef7-430c-be3c-413e340022b9: 112 chunks; 1.1 s; peak memory 1195 MiB.
2026-10-08T18:29:34Z INFO [214/500] 5e6847a7-eaba-488d-bedd-413aa254965c: 69 chunks; 1.3 s; peak memory 1195 MiB.
2026-10-08T18:29:35Z INFO [215/500] 5e693a1d-78bc-486a-8b47-ad341f2431ec: 71 chunks; 1.4 s; peak memory 1195 MiB.
2026-10-08T18:29:50Z INFO [216/500] 5e694597-6bb4-4b6e-a9c1-b96c8db9ad3c: 23950 chunks; 15.5 s; peak memory 1195 MiB.
2026-10-08T18:29:51Z INFO [217/500] 5e69749f-ecec-44c6-8fc2-4de592c790f3: 117 chunks; 0.9 s; peak memory 1195 MiB.
2026-10-08T18:29:53Z INFO [218/500] 5e6a5150-9f79-4581-9cfb-7d05187a4f33: 118 chunks; 1.2 s; peak memory 1195 MiB.
2026-10-08T18:29:53Z INFO [219/500] 5e6aaaa6-8006-42a0-bbe7-922160f674e9: 116 chunks; 0.9 s; peak memory 1195 MiB.
2026-10-08T18:29:54Z INFO [220/500] 5e6b05cd-d750-4221-81b0-504ec11a14bd: 48 chunks; 0.9 s; peak memory 1195 MiB.
2026-10-08T18:29:55Z INFO [221/500] 5e6b701d-f66c-4412-9d5c-253f54bb2a67: 117 chunks; 0.9 s; peak memory 1195 MiB.
2026-10-08T18:29:56Z INFO [222/500] 5e6d3771-7657-45d6-a720-338edef06492: 48 chunks; 1.0 s; peak memory 1195 MiB.
2026-10-08T18:29:57Z INFO [223/500] 5e6dd1b1-0ca1-4d48-8780-d8a40d7df2e0: 48 chunks; 0.9 s; peak memory 1195 MiB.
2026-10-08T18:29:58Z INFO [224/500] 5e6e9069-a1e9-42c1-89ee-4b59d849c387: 48 chunks; 0.7 s; peak memory 1195 MiB.
2026-10-08T18:30:00Z INFO [225/500] 5e6ebaf0-29a7-447a-abd6-48d549c70957: 156 chunks; 2.8 s; peak memory 1195 MiB.
2026-10-08T18:30:04Z INFO [226/500] 5e6f7f64-2b88-4952-ab09-fce589e77308: 2085 chunks; 3.0 s; peak memory 1195 MiB.
2026-10-08T18:30:05Z INFO [227/500] 5e719817-adfc-4862-8358-bd5d4d0026c4: 117 chunks; 1.0 s; peak memory 1195 MiB.
2026-10-08T18:30:10Z INFO [228/500] 5e721a62-e726-4ad4-8bbd-f7c08648687a: 17680 chunks; 5.7 s; peak memory 1195 MiB.
2026-10-08T18:30:43Z INFO [229/500] 5e727db0-9bfc-43de-ab02-855334a619b1: 29338 chunks; 33.0 s; peak memory 1195 MiB.
2026-10-08T18:30:53Z INFO [230/500] 5e730663-6124-4e40-ac52-f8613d402f81: 1533 chunks; 10.0 s; peak memory 1195 MiB.
2026-10-08T18:30:54Z INFO [231/500] 5e73ae49-f4db-47b4-9bd4-5452b15def7e: 48 chunks; 0.9 s; peak memory 1195 MiB.
2026-10-08T18:30:55Z INFO [232/500] 5e73de41-5d67-43d6-95cd-2dffee7446d1: 114 chunks; 0.8 s; peak memory 1195 MiB.
2026-10-08T18:31:21Z INFO [233/500] 5e75469f-feaf-4831-a5f5-b6196bb3cc3d: 6039 chunks; 26.3 s; peak memory 1195 MiB.
2026-10-08T18:31:28Z INFO [234/500] 5e75ac31-9185-4949-ba82-40f64ff9c42f: 2836 chunks; 7.0 s; peak memory 1195 MiB.
2026-10-08T18:31:30Z INFO [235/500] 5e771f74-7fa9-4115-b216-47d3fa76d6cd: 112 chunks; 1.6 s; peak memory 1195 MiB.
2026-10-08T18:31:31Z INFO [236/500] 5e777a46-c7fb-4f8c-9274-5fb32e188e40: 48 chunks; 1.1 s; peak memory 1195 MiB.
2026-10-08T18:31:33Z INFO [237/500] 5e77d65d-c69c-4522-9fa0-0e0f15a3931d: 115 chunks; 2.1 s; peak memory 1195 MiB.
2026-10-08T18:31:34Z INFO [238/500] 5e79e43c-78f3-48f9-a255-d722c8197ebd: 117 chunks; 1.2 s; peak memory 1195 MiB.
2026-10-08T18:31:35Z INFO [239/500] 5e7a9387-6076-405b-a5b4-2ccc53aab8e2: 48 chunks; 1.0 s; peak memory 1195 MiB.
2026-10-08T18:31:37Z INFO [240/500] 5e7af98d-e6e5-43be-9b78-6c5f673ef8e1: 186 chunks; 2.1 s; peak memory 1195 MiB.
2026-10-08T18:31:39Z INFO [241/500] 5e7c5791-6ac9-4093-bc1c-9883d81283ba: 168 chunks; 2.0 s; peak memory 1195 MiB.
2026-10-08T18:31:41Z INFO [242/500] 5e7cd3ec-bb02-4904-a9c0-13675b879729: 289 chunks; 1.3 s; peak memory 1195 MiB.
2026-10-08T18:31:42Z INFO [243/500] 5e7db37a-bdb3-4533-843e-59132307c005: 48 chunks; 1.0 s; peak memory 1195 MiB.
2026-10-08T18:31:44Z INFO [244/500] 5e7dcade-f7db-4839-b7f8-5b78f3c4dc3d: 114 chunks; 1.9 s; peak memory 1195 MiB.
2026-10-08T18:31:45Z INFO [245/500] 5e7de258-b483-4814-a0a4-b49f3d2cfc22: 117 chunks; 1.1 s; peak memory 1195 MiB.
2026-10-08T18:31:46Z INFO [246/500] 5e7f8acd-a0c8-4b3c-b2ac-67e468300353: 69 chunks; 1.0 s; peak memory 1195 MiB.
2026-10-08T18:31:47Z INFO [247/500] 5e806754-69ff-4e70-ab4c-a27b4c6cecfe: 57 chunks; 0.9 s; peak memory 1195 MiB.
2026-10-08T18:31:49Z INFO [248/500] 5e80c19e-b500-41b7-bd21-7ac2872a2cf7: 69 chunks; 2.6 s; peak memory 1195 MiB.
2026-10-08T18:31:57Z INFO [249/500] 5e8128e5-7c75-4613-9afa-61d64e9a2cc9: 1149 chunks; 7.6 s; peak memory 1195 MiB.
2026-10-08T18:31:58Z INFO [250/500] 5e8163c1-2ad2-4233-96ec-a47a0ff43c86: 116 chunks; 0.9 s; peak memory 1195 MiB.
2026-10-08T18:31:58Z INFO [250/500] 5e8163c1-2ad2-4233-96ec-a47a0ff43c86: checkpointed 92584 new records.
2026-10-08T18:32:05Z INFO [251/500] 5e81bd5f-5995-4500-a558-b6156375e86e: 713 chunks; 7.4 s; peak memory 1195 MiB.
2026-10-08T18:32:06Z INFO [252/500] 5e8268a2-26ae-4258-bf6c-47337f87c0dc: 46 chunks; 0.8 s; peak memory 1195 MiB.
2026-10-08T18:32:07Z INFO [253/500] 5e8279e3-8d7c-4d24-83a0-a5d2b3f2d735: 48 chunks; 1.1 s; peak memory 1195 MiB.
2026-10-08T18:32:11Z INFO [254/500] 5e82dafa-16b5-4735-8ca7-e07aadae9941: 11361 chunks; 3.4 s; peak memory 1195 MiB.
2026-10-08T18:32:12Z INFO [255/500] 5e82dd2b-7994-4d77-bd01-103230f9e9c0: 59 chunks; 1.2 s; peak memory 1195 MiB.
2026-10-08T18:32:13Z INFO [256/500] 5e8318d0-16d7-4f04-ae23-7f1272fe0f48: 116 chunks; 1.0 s; peak memory 1195 MiB.
2026-10-08T18:32:14Z INFO [257/500] 5e835b33-451e-4b75-bac1-fb7fe6aff784: 43 chunks; 1.1 s; peak memory 1195 MiB.
2026-10-08T18:32:15Z INFO [258/500] 5e83cce5-b2c1-4e12-9a39-888416507aeb: 46 chunks; 0.7 s; peak memory 1195 MiB.
2026-10-08T18:32:15Z INFO [259/500] 5e8438bc-6e34-4025-8bb0-e109258b2995: 48 chunks; 0.7 s; peak memory 1195 MiB.
2026-10-08T18:32:16Z INFO [260/500] 5e848581-cd01-4da6-890b-e880796a370d: 118 chunks; 0.9 s; peak memory 1195 MiB.
2026-10-08T18:32:17Z INFO [261/500] 5e871d83-d110-471d-9fea-d5cfa8b229e8: 112 chunks; 0.8 s; peak memory 1195 MiB.
2026-10-08T18:32:18Z INFO [262/500] 5e8773ff-8a6a-414a-84f0-4eca68a13f99: 118 chunks; 0.9 s; peak memory 1195 MiB.
2026-10-08T18:32:19Z INFO [263/500] 5e87af7d-d882-46d8-9f8b-44a52cbb6359: 52 chunks; 0.9 s; peak memory 1195 MiB.
2026-10-08T18:32:20Z INFO [264/500] 5e88f962-5ba1-4e9f-975c-f4d6228e7fcc: 70 chunks; 1.3 s; peak memory 1195 MiB.
2026-10-08T18:32:47Z INFO [265/500] 5e89a672-31d0-43cc-b522-8cd7e0c96f79: 1243 chunks; 27.1 s; peak memory 1195 MiB.
2026-10-08T18:32:53Z INFO [266/500] 5e89f14f-dabd-4b21-83ba-8823281bc4ca: 17986 chunks; 5.8 s; peak memory 1195 MiB.
2026-10-08T18:32:55Z INFO [267/500] 5e8af1ec-2438-41e3-b6a9-8bdf752be046: 154 chunks; 2.4 s; peak memory 1195 MiB.
2026-10-08T18:32:57Z INFO [268/500] 5e8b6267-9595-4dbb-afdc-e5c65a122488: 69 chunks; 1.4 s; peak memory 1195 MiB.
2026-10-08T18:32:58Z INFO [269/500] 5e8bc0f3-b4c2-4d45-8124-557cd660d1f7: 112 chunks; 1.3 s; peak memory 1195 MiB.
2026-10-08T18:32:59Z INFO [270/500] 5e8bd45f-bc36-4fdf-89d3-5601d2effaad: 69 chunks; 1.2 s; peak memory 1195 MiB.
2026-10-08T18:33:00Z INFO [271/500] 5e8ce37e-0443-4570-8b17-a51828532f53: 112 chunks; 1.1 s; peak memory 1195 MiB.
2026-10-08T18:33:01Z INFO [272/500] 5e8e1cf0-0630-4883-acc8-f1957f18ed70: 48 chunks; 0.9 s; peak memory 1195 MiB.
2026-10-08T18:33:03Z INFO [273/500] 5e8f4b7a-d4b9-4edf-9615-b1e69ae3855f: 148 chunks; 2.1 s; peak memory 1195 MiB.
2026-10-08T18:33:04Z INFO [274/500] 5e9009f3-f607-4691-b4f2-50bbba1e8eb2: 56 chunks; 0.6 s; peak memory 1195 MiB.
2026-10-08T18:33:05Z INFO [275/500] 5e90263a-809e-4ae0-9530-ae3f4b2ddd81: 112 chunks; 1.4 s; peak memory 1195 MiB.
2026-10-08T18:33:08Z INFO [276/500] 5e906541-3d7f-4971-a357-d25c7edc1bc8: 101 chunks; 2.7 s; peak memory 1195 MiB.
2026-10-08T18:33:09Z INFO [277/500] 5e90929d-038d-4e7b-a0e6-5086b9357080: 118 chunks; 1.4 s; peak memory 1195 MiB.
2026-10-08T18:33:10Z INFO [278/500] 5e919b9b-0434-4cea-9d5c-4b96294cfd56: 118 chunks; 1.0 s; peak memory 1195 MiB.
2026-10-08T18:33:12Z INFO [279/500] 5e91f739-c052-4a28-9c44-37e2f16c1267: 68 chunks; 1.1 s; peak memory 1195 MiB.
2026-10-08T18:33:13Z INFO [280/500] 5e932b73-7d4a-4d93-8e62-610f00fcf1ce: 117 chunks; 0.9 s; peak memory 1195 MiB.
2026-10-08T18:33:14Z INFO [281/500] 5e9373a9-43d6-4d8c-8893-80149559a102: 48 chunks; 1.0 s; peak memory 1195 MiB.
2026-10-08T18:33:15Z INFO [282/500] 5e93b314-c592-4ccf-aba1-d146014a1ee5: 48 chunks; 1.1 s; peak memory 1195 MiB.
2026-10-08T18:33:15Z INFO [283/500] 5e94bb14-9540-4c4a-8d7b-39ec951c9fdb: 48 chunks; 0.8 s; peak memory 1195 MiB.
2026-10-08T18:33:16Z INFO [284/500] 5e95569c-bcb5-4647-bab5-3abc0ae49416: 118 chunks; 0.8 s; peak memory 1195 MiB.
2026-10-08T18:33:17Z INFO [285/500] 5e95e54f-4003-4128-ac78-39dfaee4ce3e: 48 chunks; 0.8 s; peak memory 1195 MiB.
2026-10-08T18:33:18Z INFO [286/500] 5e960049-1b7b-47e1-b720-69773456d53d: 112 chunks; 0.9 s; peak memory 1195 MiB.
2026-10-08T18:33:29Z INFO [287/500] 5e97aaf1-34af-4162-9ae0-34dc5a19238b: 1533 chunks; 10.7 s; peak memory 1195 MiB.
2026-10-08T18:33:29Z INFO [288/500] 5e980670-5bbc-4118-b83e-428ea7c2aefb: 48 chunks; 0.8 s; peak memory 1195 MiB.
2026-10-08T18:33:41Z INFO [289/500] 5e982987-e0cf-432a-90da-6aa073bbdae8: 23843 chunks; 11.5 s; peak memory 1195 MiB.
2026-10-08T18:47:43Z INFO [290/500] 5e993be3-55c3-483a-9b70-bb789c430c4d: 1916257 chunks; 841.8 s; peak memory 1300 MiB.
2026-10-08T18:47:44Z INFO [291/500] 5e9970d3-6b82-47c5-8274-c2542fe22a19: 84 chunks; 1.2 s; peak memory 1300 MiB.
2026-10-08T18:47:45Z INFO [292/500] 5e9ab6c3-1326-42cf-a8e3-f9eeabf95ed7: 112 chunks; 1.3 s; peak memory 1300 MiB.
2026-10-08T18:47:48Z INFO [293/500] 5e9b80a9-670c-4a00-b787-5b501fa23acc: 1707 chunks; 2.3 s; peak memory 1300 MiB.
2026-10-08T18:47:49Z INFO [294/500] 5e9beaa3-d83b-409d-b238-a5e25728fffb: 69 chunks; 1.1 s; peak memory 1300 MiB.
2026-10-08T18:47:50Z INFO [295/500] 5e9c8da9-c8dd-459f-8869-a7f1d3d50ebe: 116 chunks; 0.9 s; peak memory 1300 MiB.
2026-10-08T18:47:51Z INFO [296/500] 5e9da209-e950-4cc3-8a64-a414aa0caf4a: 118 chunks; 1.6 s; peak memory 1300 MiB.
2026-10-08T18:47:52Z INFO [297/500] 5e9ebbe7-23cc-4bf5-8426-f32026f21681: 63 chunks; 0.8 s; peak memory 1300 MiB.
2026-10-08T18:47:53Z INFO [298/500] 5e9f2ea5-466b-4a48-8419-cd097c3231c9: 48 chunks; 0.9 s; peak memory 1300 MiB.
2026-10-08T18:47:57Z INFO [299/500] 5e9f95cb-d36c-4c75-8e9e-e93a2b3073b0: 4056 chunks; 3.8 s; peak memory 1300 MiB.
2026-10-08T18:47:58Z INFO [300/500] 5ea2014c-9fb3-4ac5-8150-6ea13cd6f1c5: 48 chunks; 0.9 s; peak memory 1300 MiB.
2026-10-08T18:47:58Z INFO [300/500] 5ea2014c-9fb3-4ac5-8150-6ea13cd6f1c5: checkpointed 92634 new records.
2026-10-08T18:47:59Z INFO [301/500] 5ea2690c-5ca9-4e3e-96ce-7d325cdda278: 48 chunks; 0.8 s; peak memory 1300 MiB.
2026-10-08T18:48:00Z INFO [302/500] 5ea28dda-a705-4c27-8b46-75e06c6eed21: 48 chunks; 0.8 s; peak memory 1300 MiB.
2026-10-08T18:48:12Z INFO [303/500] 5ea39a2a-7f7d-40b7-8f2a-2444d4e0e336: 13823 chunks; 12.1 s; peak memory 1300 MiB.
2026-10-08T18:48:13Z INFO [304/500] 5ea39b84-31c8-4376-964e-97f72a712b85: 117 chunks; 1.0 s; peak memory 1300 MiB.
2026-10-08T18:48:13Z INFO [305/500] 5ea3b6d3-97fb-4f60-9347-7246f5e0378b: 52 chunks; 0.6 s; peak memory 1300 MiB.
2026-10-08T18:48:14Z INFO [306/500] 5ea42bd9-7d75-414f-9788-25011187c9f1: 48 chunks; 0.8 s; peak memory 1300 MiB.
2026-10-08T18:48:16Z INFO [307/500] 5ea534e9-d69a-42bf-a7ce-d128f3ed6c23: 1714 chunks; 2.0 s; peak memory 1300 MiB.
2026-10-08T18:48:17Z INFO [308/500] 5ea5449b-0664-4a16-8e27-164f3bfe3339: 48 chunks; 0.8 s; peak memory 1300 MiB.
2026-10-08T18:48:18Z INFO [309/500] 5ea68f69-3172-427a-861b-163341a32755: 48 chunks; 0.9 s; peak memory 1300 MiB.
2026-10-08T18:48:19Z INFO [310/500] 5ea6a26e-6228-4eb9-8245-813dd65fdc1f: 46 chunks; 0.9 s; peak memory 1300 MiB.
2026-10-08T18:48:25Z INFO [311/500] 5ea6d4ba-c59d-4db3-a6c4-b7ea267ebf68: 1197 chunks; 6.4 s; peak memory 1300 MiB.
2026-10-08T18:48:27Z INFO [312/500] 5ea6ecfb-132a-4131-93cd-9a4f884e9fe8: 163 chunks; 1.8 s; peak memory 1300 MiB.
2026-10-08T18:48:28Z INFO [313/500] 5ea761c1-94d2-4624-b029-15194f2576af: 63 chunks; 1.0 s; peak memory 1300 MiB.
2026-10-08T18:48:29Z INFO [314/500] 5ea7a8e6-ce61-4296-b3b5-b25e129d9ee8: 114 chunks; 0.7 s; peak memory 1300 MiB.
2026-10-08T18:48:30Z INFO [315/500] 5ea7df4d-5abe-45bf-bb89-115e41e7b33b: 112 chunks; 1.2 s; peak memory 1300 MiB.
2026-10-08T18:48:39Z INFO [316/500] 5ea82603-fe4c-487d-88a3-63ccd451803a: 7342 chunks; 9.5 s; peak memory 1300 MiB.
2026-10-08T18:48:40Z INFO [317/500] 5ea87d8f-9451-45c3-b8bb-65b0eedeff32: 52 chunks; 1.1 s; peak memory 1300 MiB.
2026-10-08T18:48:41Z INFO [318/500] 5ea8ab58-f957-46b3-a913-61f9b8313be3: 48 chunks; 0.9 s; peak memory 1300 MiB.
2026-10-08T18:48:42Z INFO [319/500] 5ea8aec1-b135-4335-92f5-30c5b1701d28: 51 chunks; 1.1 s; peak memory 1300 MiB.
2026-10-08T18:51:03Z INFO [320/500] 5ea8d937-da9a-4d6f-8283-66ffd3221911: 40593 chunks; 140.1 s; peak memory 1300 MiB.
2026-10-08T18:51:47Z INFO [321/500] 5ea9f9c7-714a-4369-9eee-4bb2c53892bc: 25394 chunks; 44.1 s; peak memory 1300 MiB.
2026-10-08T18:51:48Z INFO [322/500] 5eaa2a85-5d0f-4828-a546-279a20829506: 117 chunks; 0.8 s; peak memory 1300 MiB.
2026-10-08T18:51:49Z INFO [323/500] 5eaafea0-c3f4-453e-a0d8-bfcbc808be5e: 997 chunks; 1.8 s; peak memory 1300 MiB.
2026-10-08T18:52:12Z INFO [324/500] 5eac6dfb-9b37-497e-8ab0-ea4a2f50e5d4: 5715 chunks; 23.1 s; peak memory 1300 MiB.
2026-10-08T18:52:14Z INFO [325/500] 5eac7c09-1a10-4177-b299-eea17f3bca39: 117 chunks; 1.1 s; peak memory 1300 MiB.
2026-10-08T18:52:19Z INFO [326/500] 5eac9d14-8acd-4fc8-8dac-e1139fce9377: 10761 chunks; 5.2 s; peak memory 1300 MiB.
2026-10-08T18:52:20Z INFO [327/500] 5ead1662-42a3-4b17-94dd-7d7b8d34dd86: 117 chunks; 1.1 s; peak memory 1300 MiB.
2026-10-08T18:52:21Z INFO [328/500] 5ead75ca-f6da-4e49-8bd8-0f6ebac7eddf: 117 chunks; 1.0 s; peak memory 1300 MiB.
2026-10-08T18:52:22Z INFO [329/500] 5eade909-81ea-49d0-a381-26261932543d: 48 chunks; 0.9 s; peak memory 1300 MiB.
2026-10-08T18:52:23Z INFO [330/500] 5eaeddd5-ec9a-4fa2-9f4b-45e41b378f09: 48 chunks; 0.8 s; peak memory 1300 MiB.
2026-10-08T18:52:24Z INFO [331/500] 5eaf6263-27d5-49f3-b757-22d22f472013: 79 chunks; 0.8 s; peak memory 1300 MiB.
2026-10-08T18:52:24Z INFO [332/500] 5eafd173-3c4e-4d43-aa83-7f481ef94d70: 48 chunks; 0.8 s; peak memory 1300 MiB.
2026-10-08T18:52:28Z INFO [333/500] 5eb15f37-3492-4ea1-bffc-7e2f83c2be73: 2936 chunks; 3.3 s; peak memory 1300 MiB.
2026-10-08T18:52:29Z INFO [334/500] 5eb17aaf-d197-46a5-a57e-0aa90e0edfab: 62 chunks; 1.2 s; peak memory 1300 MiB.
2026-10-08T18:52:34Z INFO [335/500] 5eb3218b-048f-4ead-8834-fd683c3fddd3: 1916 chunks; 5.6 s; peak memory 1300 MiB.
2026-10-08T18:52:37Z INFO [336/500] 5eb36bd2-83b2-422f-8671-415554a52918: 997 chunks; 2.1 s; peak memory 1300 MiB.
2026-10-08T18:54:54Z INFO [337/500] 5eb3e27d-1625-4a00-a148-ea2811458f1f: 40620 chunks; 137.2 s; peak memory 1300 MiB.
2026-10-08T18:54:57Z INFO [338/500] 5eb45300-0425-44a6-b663-1f54a6e87fd4: 156 chunks; 3.2 s; peak memory 1300 MiB.
2026-10-08T18:54:58Z INFO [339/500] 5eb4df62-70aa-4af2-9a85-4576dbd80304: 48 chunks; 0.9 s; peak memory 1300 MiB.
2026-10-08T18:54:58Z INFO [340/500] 5eb6468d-cf3f-4a15-b1db-64d111167b84: 52 chunks; 0.6 s; peak memory 1300 MiB.
2026-10-08T18:55:00Z INFO [341/500] 5eb64726-1c06-47dd-8bed-5db7c6ba3b2f: 116 chunks; 1.1 s; peak memory 1300 MiB.
2026-10-08T18:55:01Z INFO [342/500] 5eb6a0a0-9559-46e9-973c-96c5946ba2c9: 106 chunks; 1.3 s; peak memory 1300 MiB.
2026-10-08T18:55:02Z INFO [343/500] 5eb6b245-d6fe-43ea-921b-a9bdbaa7c752: 48 chunks; 1.0 s; peak memory 1300 MiB.
2026-10-08T18:55:03Z INFO [344/500] 5eb6b5b7-5f62-4604-9f3b-42fb6cf7ff48: 118 chunks; 0.9 s; peak memory 1300 MiB.
2026-10-08T18:55:04Z INFO [345/500] 5eb72ca2-9c00-4676-805e-1c582d75f0dc: 116 chunks; 1.1 s; peak memory 1300 MiB.
2026-10-08T18:55:05Z INFO [346/500] 5eb73dad-19fc-4fdb-a560-83267f5a4fec: 112 chunks; 0.9 s; peak memory 1300 MiB.
2026-10-08T18:55:06Z INFO [347/500] 5eb765f7-5f22-46c6-981c-16ba8201bcbc: 112 chunks; 1.3 s; peak memory 1300 MiB.
2026-10-08T18:55:07Z INFO [348/500] 5eb7b9ea-83c4-4ccd-92bf-a74fc066d0e4: 64 chunks; 1.1 s; peak memory 1300 MiB.
2026-10-08T18:55:08Z INFO [349/500] 5eb7c5a3-4fda-4de7-aaa1-8ef8b5a00201: 48 chunks; 1.1 s; peak memory 1300 MiB.
2026-10-08T18:55:10Z INFO [350/500] 5eb8820d-3545-4e23-83c0-75fb171acab9: 48 chunks; 1.2 s; peak memory 1300 MiB.
2026-10-08T18:55:10Z INFO [350/500] 5eb8820d-3545-4e23-83c0-75fb171acab9: checkpointed 92684 new records.
2026-10-08T18:55:20Z INFO [351/500] 5eb8d6ff-14e7-4a3a-892f-14560880229b: 1072 chunks; 10.6 s; peak memory 1300 MiB.
2026-10-08T18:55:21Z INFO [352/500] 5ebbfa76-8200-4535-a7ed-1b009b52e06b: 65 chunks; 1.0 s; peak memory 1300 MiB.
2026-10-08T18:55:23Z INFO [353/500] 5ebc9021-51eb-42f5-9a1a-ce49f0adfbfa: 106 chunks; 1.4 s; peak memory 1300 MiB.
2026-10-08T18:55:30Z INFO [354/500] 5ebcbf90-da5b-45fc-a4b9-dcb14df25946: 21704 chunks; 7.5 s; peak memory 1300 MiB.
2026-10-08T18:55:32Z INFO [355/500] 5ebd41b7-b88d-4ac4-81da-c797a42b70fa: 110 chunks; 1.3 s; peak memory 1300 MiB.
2026-10-08T18:55:32Z INFO [356/500] 5ebd4e67-381e-47c8-aae4-5ca8bceb6a0d: 48 chunks; 0.8 s; peak memory 1300 MiB.
2026-10-08T18:55:35Z INFO [357/500] 5ebde99c-c70a-443b-a5f3-8fdafd3b3102: 152 chunks; 2.2 s; peak memory 1300 MiB.
2026-10-08T18:59:53Z INFO [358/500] 5ebea5cd-0dcb-49d1-baaf-62608695c002: 266768 chunks; 258.0 s; peak memory 1300 MiB.
2026-10-08T18:59:54Z INFO [359/500] 5ebed038-857b-4c18-9fd9-8a9eaa87ccf4: 71 chunks; 1.1 s; peak memory 1300 MiB.
2026-10-08T18:59:59Z INFO [360/500] 5ebf9ad7-28c2-4cce-b3ed-774e97d7e8d1: 343 chunks; 5.5 s; peak memory 1300 MiB.
2026-10-08T19:00:04Z INFO [361/500] 5ebfa87f-9e86-44c8-88cb-de50652960ec: 18018 chunks; 5.1 s; peak memory 1300 MiB.
2026-10-08T19:00:12Z INFO [362/500] 5ec046c8-7da6-4eb1-abca-48feba993cae: 1053 chunks; 8.1 s; peak memory 1300 MiB.
2026-10-08T19:00:13Z INFO [363/500] 5ec1415c-1072-472b-b09c-702651a814ef: 37 chunks; 0.6 s; peak memory 1300 MiB.
2026-10-08T19:00:14Z INFO [364/500] 5ec2e825-b89f-4b38-a059-168276ab838a: 83 chunks; 0.9 s; peak memory 1300 MiB.
2026-10-08T19:00:19Z INFO [365/500] 5ec37ca6-7e9f-4677-99cb-caaf6668f626: 1252 chunks; 4.9 s; peak memory 1300 MiB.
2026-10-08T19:00:32Z INFO [366/500] 5ec424b0-af8b-4ad6-9d3c-5fa98b7f93e3: 8229 chunks; 13.5 s; peak memory 1300 MiB.
2026-10-08T19:00:33Z INFO [367/500] 5ec43905-e329-49df-8d4b-54766cf58b30: 48 chunks; 1.0 s; peak memory 1300 MiB.
2026-10-08T19:00:34Z INFO [368/500] 5ec47b54-2257-429b-8d40-9abcf61969ad: 63 chunks; 1.0 s; peak memory 1300 MiB.
2026-10-08T19:00:35Z INFO [369/500] 5ec55bfd-a119-41bb-b6f7-7f9ca91bc99e: 70 chunks; 0.9 s; peak memory 1300 MiB.
2026-10-08T19:01:00Z INFO [370/500] 5ec6513d-f1dd-4ca6-af4e-d4e8fcd47adf: 5111 chunks; 24.3 s; peak memory 1300 MiB.
2026-10-08T19:01:01Z INFO [371/500] 5ec7c090-8918-4265-80d0-68cac477f0fa: 48 chunks; 0.9 s; peak memory 1300 MiB.
2026-10-08T19:01:01Z INFO [372/500] 5ec856fd-ae14-4e75-aa32-a3be17d51a0f: 112 chunks; 0.9 s; peak memory 1300 MiB.
2026-10-08T19:01:02Z INFO [373/500] 5ec8cd56-4a3d-46c3-a2bb-f1f7dd7894f5: 116 chunks; 1.0 s; peak memory 1300 MiB.
2026-10-08T19:01:04Z INFO [374/500] 5ec929b7-8cc1-4a92-a196-b04893836ba8: 118 chunks; 1.1 s; peak memory 1300 MiB.
2026-10-08T19:01:06Z INFO [375/500] 5eca5fb9-1a0a-48c8-9dfe-33aed37ea61b: 156 chunks; 2.5 s; peak memory 1300 MiB.
2026-10-08T19:01:12Z INFO [376/500] 5eca8052-d85c-4d43-89e0-3e1e1b3d5663: 386 chunks; 6.5 s; peak memory 1300 MiB.
2026-10-08T19:01:14Z INFO [377/500] 5ecab410-bc36-4d56-b506-1154da61e4c1: 69 chunks; 1.1 s; peak memory 1300 MiB.
2026-10-08T19:01:14Z INFO [378/500] 5ecb54ce-3683-4f4b-b6be-1053ccadfb1d: 117 chunks; 0.9 s; peak memory 1300 MiB.
2026-10-08T19:01:20Z INFO [379/500] 5ecb8863-1173-46e6-8fbf-63a5cddfbd44: 2534 chunks; 5.3 s; peak memory 1300 MiB.
2026-10-08T19:01:28Z INFO [380/500] 5ecbce94-6aeb-427b-924e-adc3fe3b000e: 24530 chunks; 8.3 s; peak memory 1300 MiB.
2026-10-08T19:01:42Z INFO [381/500] 5ecc34c9-7f7f-4f57-b06c-48f17969feea: 25670 chunks; 13.9 s; peak memory 1300 MiB.
2026-10-08T19:01:43Z INFO [382/500] 5ece540d-38ef-4615-8cf8-7fd27b496262: 48 chunks; 0.9 s; peak memory 1300 MiB.
2026-10-08T19:01:44Z INFO [383/500] 5ecf1381-6a85-46b7-801d-930cf4d322f8: 48 chunks; 1.0 s; peak memory 1300 MiB.
2026-10-08T19:01:45Z INFO [384/500] 5ecfd79d-3a9f-46cd-bd3f-7e4598b08365: 46 chunks; 0.6 s; peak memory 1300 MiB.
2026-10-08T19:02:38Z INFO [385/500] 5ed02d4e-82d5-440f-b26a-d574adb5dc64: 20420 chunks; 54.0 s; peak memory 1300 MiB.
2026-10-08T19:02:40Z INFO [386/500] 5ed04958-9b2a-4b2b-afe9-d8c26b2a40f7: 433 chunks; 1.4 s; peak memory 1300 MiB.
2026-10-08T19:02:45Z INFO [387/500] 5ed095df-7952-4100-ad5b-8b57f3f8fca0: 2923 chunks; 4.7 s; peak memory 1300 MiB.
2026-10-08T19:02:47Z INFO [388/500] 5ed1e605-e2f0-4864-9b87-00f1ccbed7e2: 150 chunks; 2.2 s; peak memory 1300 MiB.
2026-10-08T19:02:54Z INFO [389/500] 5ed3e74a-8404-4e77-83bf-8bc15bbb1ef5: 11639 chunks; 7.6 s; peak memory 1300 MiB.
2026-10-08T19:02:56Z INFO [390/500] 5ed423da-fce5-4d67-87c8-682183d1725b: 66 chunks; 1.3 s; peak memory 1300 MiB.
2026-10-08T19:02:57Z INFO [391/500] 5ed4bb6f-83f9-4640-bd7c-9fab312db71d: 48 chunks; 1.0 s; peak memory 1300 MiB.
2026-10-08T19:02:58Z INFO [392/500] 5ed4c5cc-d19d-4c9c-932a-4072627c7d34: 117 chunks; 1.1 s; peak memory 1300 MiB.
2026-10-08T19:02:59Z INFO [393/500] 5ed59e33-3e3d-44bc-ab9b-6071472e695f: 117 chunks; 0.9 s; peak memory 1300 MiB.
2026-10-08T19:03:00Z INFO [394/500] 5ed60361-19df-433d-a394-68bc3ee579d1: 289 chunks; 1.3 s; peak memory 1300 MiB.
2026-10-08T19:03:01Z INFO [395/500] 5ed74a3b-3962-4f41-b41d-19c45f03a480: 112 chunks; 0.9 s; peak memory 1300 MiB.
2026-10-08T19:03:02Z INFO [396/500] 5ed74efb-955a-476d-82a7-e40bc98a441b: 48 chunks; 1.0 s; peak memory 1300 MiB.
2026-10-08T19:03:03Z INFO [397/500] 5ed7522a-90a2-4d61-8665-502905fa1698: 48 chunks; 1.0 s; peak memory 1300 MiB.
2026-10-08T19:03:04Z INFO [398/500] 5ed76cce-9663-4130-a458-557b8cc06d95: 48 chunks; 1.0 s; peak memory 1300 MiB.
2026-10-08T19:03:05Z INFO [399/500] 5ed79f83-aac2-431a-93e3-dab70f9861dc: 48 chunks; 1.1 s; peak memory 1300 MiB.
2026-10-08T19:03:06Z INFO [400/500] 5ed862f8-7c57-48f7-a846-fa8bd6a9f9e3: 69 chunks; 1.2 s; peak memory 1300 MiB.
2026-10-08T19:03:06Z INFO [400/500] 5ed862f8-7c57-48f7-a846-fa8bd6a9f9e3: checkpointed 92734 new records.
2026-10-08T19:03:08Z INFO [401/500] 5ed88ace-78fa-46a0-a06b-45a6e8f9ccdf: 117 chunks; 1.2 s; peak memory 1300 MiB.
2026-10-08T19:03:09Z INFO [402/500] 5ed8cfa8-a3d4-4159-80c4-dd2880aeb917: 71 chunks; 1.1 s; peak memory 1300 MiB.
2026-10-08T19:03:10Z INFO [403/500] 5ed9cc80-8680-4237-81c9-ab0a1adc2e6d: 112 chunks; 1.1 s; peak memory 1300 MiB.
2026-10-08T19:03:11Z INFO [404/500] 5ed9d6bb-4385-4ba7-a872-bfbf026208c6: 117 chunks; 1.0 s; peak memory 1300 MiB.
2026-10-08T19:03:12Z INFO [405/500] 5ed9d7e1-09c6-4b9f-929e-8e53707148ff: 117 chunks; 0.9 s; peak memory 1300 MiB.
2026-10-08T19:03:14Z INFO [406/500] 5edb0b31-3b5a-4843-8888-37eb7fec42bd: 41 chunks; 1.9 s; peak memory 1300 MiB.
2026-10-08T19:03:14Z INFO [407/500] 5edb50f6-cb6d-4f30-8959-3da98d0986ea: 45 chunks; 0.7 s; peak memory 1300 MiB.
2026-10-08T19:03:16Z INFO [408/500] 5edb8aa8-26de-4222-818e-4c139fffe001: 112 chunks; 1.3 s; peak memory 1300 MiB.
2026-10-08T19:03:17Z INFO [409/500] 5edc0cb4-b919-488a-ae0a-9d62e02f87c2: 48 chunks; 1.1 s; peak memory 1300 MiB.
2026-10-08T19:03:19Z INFO [410/500] 5edc18cc-f2a7-4b3f-bdde-4048429d942a: 116 chunks; 2.3 s; peak memory 1300 MiB.
2026-10-08T19:03:20Z INFO [411/500] 5edd4443-0b57-49e3-8755-c1f8b2caa467: 52 chunks; 0.6 s; peak memory 1300 MiB.
2026-10-08T19:03:20Z INFO [412/500] 5edea41e-6448-411d-a6ba-043f33c3e234: 114 chunks; 0.8 s; peak memory 1300 MiB.
2026-10-08T19:03:21Z INFO [413/500] 5edec275-b1d5-4542-88c8-30d143d3bfb2: 112 chunks; 0.8 s; peak memory 1300 MiB.
2026-10-08T19:03:22Z INFO [414/500] 5eded3dd-e3ec-47dd-af6b-2f84ddb43edd: 116 chunks; 1.1 s; peak memory 1300 MiB.
2026-10-08T19:03:24Z INFO [415/500] 5ededa5f-0303-439d-9128-7b3ad024eb1a: 112 chunks; 1.3 s; peak memory 1300 MiB.
2026-10-08T19:03:26Z INFO [416/500] 5edeed7a-3fde-49cb-94df-f7c12a78799c: 138 chunks; 2.2 s; peak memory 1300 MiB.
2026-10-08T19:03:26Z INFO [417/500] 5edf94c9-a367-440b-b4e7-9da77628d74a: 46 chunks; 0.6 s; peak memory 1300 MiB.
2026-10-08T19:03:28Z INFO [418/500] 5edfe36c-64af-455e-a733-0e7992b2ec49: 119 chunks; 1.9 s; peak memory 1300 MiB.
2026-10-08T19:03:32Z INFO [419/500] 5edff63b-da4c-45c2-973b-9a6945d42b2b: 468 chunks; 4.0 s; peak memory 1300 MiB.
2026-10-08T19:03:33Z INFO [420/500] 5ee07b38-2013-45da-b1c5-6f44349e5f6e: 48 chunks; 0.9 s; peak memory 1300 MiB.
2026-10-08T19:03:35Z INFO [421/500] 5ee08541-83d3-40a6-8b84-b3b16fef2437: 71 chunks; 1.6 s; peak memory 1300 MiB.
2026-10-08T19:03:36Z INFO [422/500] 5ee08dbe-4a02-4b40-92e2-11fbd7740c5a: 117 chunks; 1.0 s; peak memory 1300 MiB.
2026-10-08T19:03:37Z INFO [423/500] 5ee0e537-c0be-4e04-9d42-c41c39742a9e: 48 chunks; 0.7 s; peak memory 1300 MiB.
2026-10-08T19:03:38Z INFO [424/500] 5ee231be-c419-42f7-bbe2-6cff2ee2e5d6: 110 chunks; 1.1 s; peak memory 1300 MiB.
2026-10-08T19:03:41Z INFO [425/500] 5ee3027c-d1d5-429a-8c60-7441ebf48e34: 174 chunks; 3.6 s; peak memory 1300 MiB.
2026-10-08T19:03:42Z INFO [426/500] 5ee34f40-59cb-461c-a09f-cf29851d79a4: 48 chunks; 0.8 s; peak memory 1300 MiB.
2026-10-08T19:03:44Z INFO [427/500] 5ee35450-777e-4fe0-b90d-cda1013c943e: 115 chunks; 2.2 s; peak memory 1300 MiB.
2026-10-08T19:03:45Z INFO [428/500] 5ee3a2c0-a15e-4c20-87cd-8e65713ef17b: 70 chunks; 1.2 s; peak memory 1300 MiB.
2026-10-08T19:03:47Z INFO [429/500] 5ee48cec-4c85-4f68-96cf-e5249a70c1e7: 71 chunks; 1.7 s; peak memory 1300 MiB.
2026-10-08T19:03:48Z INFO [430/500] 5ee4bea9-705a-4716-b795-217c534bec74: 70 chunks; 1.0 s; peak memory 1300 MiB.
2026-10-08T19:03:49Z INFO [431/500] 5ee4db2b-07a5-4261-a79d-9827817ddda6: 117 chunks; 1.1 s; peak memory 1300 MiB.
2026-10-08T19:03:50Z INFO [432/500] 5ee4e177-41bd-4f0b-b034-f0b60dd1974b: 41 chunks; 0.8 s; peak memory 1300 MiB.
2026-10-08T19:03:51Z INFO [433/500] 5ee51471-2c8c-41c2-a242-cd0a35986ade: 117 chunks; 1.0 s; peak memory 1300 MiB.
2026-10-08T19:04:18Z INFO [434/500] 5ee531ce-4136-40d1-a103-2fbf680f5cd3: 6137 chunks; 26.9 s; peak memory 1300 MiB.
2026-10-08T19:04:19Z INFO [435/500] 5ee53fa0-979f-468c-b785-a2b40030560e: 48 chunks; 1.0 s; peak memory 1300 MiB.
2026-10-08T19:04:20Z INFO [436/500] 5ee7266b-4369-46d0-89f1-8fb351e325ce: 48 chunks; 1.0 s; peak memory 1300 MiB.
2026-10-08T19:04:30Z INFO [437/500] 5ee8ca85-c4d6-4878-806e-c85934aabc76: 13469 chunks; 10.1 s; peak memory 1300 MiB.
2026-10-08T19:04:42Z INFO [438/500] 5ee9609f-0ae3-47b6-b2ee-dd3644afabd6: 21914 chunks; 11.8 s; peak memory 1300 MiB.
2026-10-08T19:04:43Z INFO [439/500] 5ee9d598-f7ed-44ec-a3fe-514def85a0b9: 66 chunks; 1.4 s; peak memory 1300 MiB.
2026-10-08T19:04:44Z INFO [440/500] 5ee9d720-9952-48d0-b869-6cb9fb88b7a4: 112 chunks; 1.2 s; peak memory 1300 MiB.
2026-10-08T19:04:45Z INFO [441/500] 5eea95e0-5517-4d7d-8cc7-623d2a9b2a5b: 117 chunks; 1.0 s; peak memory 1300 MiB.
2026-10-08T19:04:48Z INFO [442/500] 5eeb3c49-6246-4458-9584-dbfbe3c381d5: 71 chunks; 2.4 s; peak memory 1300 MiB.
2026-10-08T19:04:49Z INFO [443/500] 5eeb4f63-8840-4e91-abc6-aef393d7e9b2: 71 chunks; 1.5 s; peak memory 1300 MiB.
2026-10-08T19:04:50Z INFO [444/500] 5eebc652-f178-408f-a9f1-4a84a6763cce: 48 chunks; 0.8 s; peak memory 1300 MiB.
2026-10-08T19:04:51Z INFO [445/500] 5eebda73-3ef8-4117-86b2-692f58f687b9: 112 chunks; 0.9 s; peak memory 1300 MiB.
2026-10-08T19:04:53Z INFO [446/500] 5eebfab6-13fd-4892-ad55-d9b8990a7de1: 156 chunks; 2.0 s; peak memory 1300 MiB.
2026-10-08T19:05:00Z INFO [447/500] 5eec03ee-b6b7-4697-857d-da5d64c14033: 1053 chunks; 7.3 s; peak memory 1300 MiB.
2026-10-08T19:05:01Z INFO [448/500] 5eec4da4-3482-4b74-8cd8-1e536d4ccc12: 112 chunks; 1.2 s; peak memory 1300 MiB.
2026-10-08T19:05:02Z INFO [449/500] 5eec9b59-2a1f-4d03-bbea-409a6f332bd1: 48 chunks; 1.0 s; peak memory 1300 MiB.
2026-10-08T19:05:04Z INFO [450/500] 5eed1ffa-cbec-4ecb-baa6-61486977f1c3: 997 chunks; 1.4 s; peak memory 1300 MiB.
2026-10-08T19:05:04Z INFO [450/500] 5eed1ffa-cbec-4ecb-baa6-61486977f1c3: checkpointed 92784 new records.
2026-10-08T19:05:05Z INFO [451/500] 5eee3e10-29a2-416f-b88d-3c2d45ee677a: 116 chunks; 1.2 s; peak memory 1300 MiB.
2026-10-08T19:05:06Z INFO [452/500] 5eef6214-137b-4637-a70e-08bf998c30f2: 118 chunks; 0.9 s; peak memory 1300 MiB.
2026-10-08T19:05:07Z INFO [453/500] 5ef1ecfd-4e00-4615-a3f2-04bb14a96d16: 48 chunks; 0.9 s; peak memory 1300 MiB.
2026-10-08T19:05:09Z INFO [454/500] 5ef2357c-7fcc-4d31-b711-23efb0209452: 48 chunks; 1.3 s; peak memory 1300 MiB.
2026-10-08T19:05:09Z INFO [455/500] 5ef54fe7-8ccd-43f6-a225-0960f3d65faf: 67 chunks; 0.9 s; peak memory 1300 MiB.
2026-10-08T19:05:22Z INFO [456/500] 5ef5937f-68d5-41f1-b127-67f7db0e36d1: 4075 chunks; 12.2 s; peak memory 1300 MiB.
2026-10-08T19:05:23Z INFO [457/500] 5ef61806-4e19-48d7-b257-06e44f9c8fb2: 367 chunks; 1.4 s; peak memory 1300 MiB.
2026-10-08T19:05:30Z INFO [458/500] 5ef63813-5f12-41cb-8cba-4dc903ba37a5: 336 chunks; 6.9 s; peak memory 1300 MiB.
2026-10-08T19:05:31Z INFO [459/500] 5ef63a8c-f637-40ce-8c81-5e907c343027: 48 chunks; 0.8 s; peak memory 1300 MiB.
2026-10-08T19:05:33Z INFO [460/500] 5ef6f303-ff72-456f-8f07-452361387490: 71 chunks; 2.0 s; peak memory 1300 MiB.
2026-10-08T19:05:34Z INFO [461/500] 5ef7184d-88aa-4ee0-ae1a-3aae443dcfcf: 50 chunks; 0.8 s; peak memory 1300 MiB.
2026-10-08T19:05:35Z INFO [462/500] 5ef754ff-26c3-4e57-943d-8cf424734078: 112 chunks; 1.0 s; peak memory 1300 MiB.
2026-10-08T19:06:00Z INFO [463/500] 5ef80348-a2d1-43cc-8385-2093776c33e0: 6040 chunks; 25.7 s; peak memory 1300 MiB.
2026-10-08T19:06:01Z INFO [464/500] 5ef8a8c7-ecbb-466c-abc6-e23dbf134cdf: 48 chunks; 0.7 s; peak memory 1300 MiB.
2026-10-08T19:06:02Z INFO [465/500] 5ef95019-8fe9-4cae-9f7e-3605c00ac65f: 84 chunks; 1.1 s; peak memory 1300 MiB.
2026-10-08T19:06:27Z INFO [466/500] 5ef9d0a9-2071-4e55-ad14-684e58b9c9a1: 6040 chunks; 25.1 s; peak memory 1300 MiB.
2026-10-08T19:06:28Z INFO [467/500] 5efac2c3-2abb-4535-9aca-54d5075fe0ad: 117 chunks; 0.9 s; peak memory 1300 MiB.
2026-10-08T19:06:44Z INFO [468/500] 5efada96-b830-470d-a690-d2cf0349510a: 28890 chunks; 15.8 s; peak memory 1300 MiB.
2026-10-08T19:06:45Z INFO [469/500] 5efb6ce8-1bb2-432e-957c-1121cf910149: 118 chunks; 1.1 s; peak memory 1300 MiB.
2026-10-08T19:06:46Z INFO [470/500] 5efbd88c-520d-416d-89a8-e59aacc41caa: 46 chunks; 0.6 s; peak memory 1300 MiB.
2026-10-08T19:06:47Z INFO [471/500] 5efcb8a7-1160-4c73-8264-cfe835ad61ea: 48 chunks; 1.0 s; peak memory 1300 MiB.
2026-10-08T19:06:47Z INFO [472/500] 5efcca12-4215-4513-a8d4-b09db37310ac: 52 chunks; 0.8 s; peak memory 1300 MiB.
2026-10-08T19:06:50Z INFO [473/500] 5efce0cb-722b-475d-81e7-7327c4131533: 102 chunks; 2.3 s; peak memory 1300 MiB.
2026-10-08T19:06:51Z INFO [474/500] 5efcfef7-9956-4fe3-bd5a-c86e0f2d595a: 142 chunks; 1.0 s; peak memory 1300 MiB.
2026-10-08T19:06:51Z INFO [475/500] 5efd99fd-7937-4cd3-9ea9-ce26e7683d1d: 77 chunks; 0.7 s; peak memory 1300 MiB.
2026-10-08T19:06:53Z INFO [476/500] 5efdba4c-b4a4-4500-810d-fc5a68e76328: 84 chunks; 1.1 s; peak memory 1300 MiB.
2026-10-08T19:06:53Z INFO [477/500] 5efdd841-37ac-4cb3-a9d3-7e848318be16: 45 chunks; 0.6 s; peak memory 1300 MiB.
2026-10-08T19:06:59Z INFO [478/500] 5efef09c-dc48-4800-a18e-befc0fdbe5f8: 1019 chunks; 5.7 s; peak memory 1300 MiB.
2026-10-08T19:07:01Z INFO [479/500] 5eff8e00-e925-454d-b951-f0af8d4b83f4: 115 chunks; 2.3 s; peak memory 1300 MiB.
2026-10-08T19:08:06Z INFO [480/500] 5effe831-e53d-4116-9f42-d871f64378f2: 26459 chunks; 64.7 s; peak memory 1300 MiB.
2026-10-08T19:08:07Z INFO [481/500] 5efff321-fce6-427d-bef3-803ce84dea20: 48 chunks; 1.0 s; peak memory 1300 MiB.
2026-10-08T19:08:08Z INFO [482/500] 5f000b0b-ba03-468c-9516-af307559b2b5: 112 chunks; 1.2 s; peak memory 1300 MiB.
2026-10-08T19:08:09Z INFO [483/500] 5f010fc8-0833-4bf8-80d6-70ee629a05ce: 46 chunks; 0.8 s; peak memory 1300 MiB.
2026-10-08T19:08:10Z INFO [484/500] 5f0155f6-5aa4-4d75-90ad-bebc305c9891: 21 chunks; 0.6 s; peak memory 1300 MiB.
2026-10-08T19:08:11Z INFO [485/500] 5f017672-6031-41ea-9540-f357ffb74ffa: 112 chunks; 1.3 s; peak memory 1300 MiB.
2026-10-08T19:08:12Z INFO [486/500] 5f01e044-1ebd-49dd-8713-a875d8c2ff76: 99 chunks; 0.8 s; peak memory 1300 MiB.
2026-10-08T19:08:18Z INFO [487/500] 5f02a85b-42ff-4873-941c-e6923c1d9e5c: 391 chunks; 6.2 s; peak memory 1300 MiB.
2026-10-08T19:08:19Z INFO [488/500] 5f02faea-31a4-44d4-853b-033cf6d81bb3: 117 chunks; 0.9 s; peak memory 1300 MiB.
2026-10-08T19:08:21Z INFO [489/500] 5f0392d6-d403-4e60-8008-2da3f3c3126d: 41 chunks; 2.6 s; peak memory 1300 MiB.
2026-10-08T19:08:22Z INFO [490/500] 5f049bb1-16fa-4fb3-bd57-b70ee062421c: 48 chunks; 1.0 s; peak memory 1300 MiB.
2026-10-08T19:08:24Z INFO [491/500] 5f055904-4f16-42a9-9721-f775cb071713: 937 chunks; 1.4 s; peak memory 1300 MiB.
2026-10-08T19:08:25Z INFO [492/500] 5f05bc95-5097-44ce-a3e4-ef383b616e0b: 117 chunks; 1.0 s; peak memory 1300 MiB.
2026-10-08T19:08:26Z INFO [493/500] 5f063fa1-b913-474f-9ec3-dafa10cdb5fd: 48 chunks; 1.0 s; peak memory 1300 MiB.
2026-10-08T19:08:27Z INFO [494/500] 5f06f812-f889-4157-9283-9d8157019ceb: 70 chunks; 1.6 s; peak memory 1300 MiB.
2026-10-08T19:08:33Z INFO [495/500] 5f083b3c-e7e9-47ef-b07c-a314e4965143: 4151 chunks; 5.9 s; peak memory 1300 MiB.
2026-10-08T19:08:35Z INFO [496/500] 5f0acdca-bad3-40a8-b88a-1912c52d0b3f: 52 chunks; 1.3 s; peak memory 1300 MiB.
2026-10-08T19:08:38Z INFO [497/500] 5f0b171c-e67e-4b52-9778-192e84cf349e: 174 chunks; 3.4 s; peak memory 1300 MiB.
2026-10-08T19:08:40Z INFO [498/500] 5f0b8c9f-a854-4f7a-a0b7-1a740c8f194c: 71 chunks; 1.6 s; peak memory 1300 MiB.
2026-10-08T19:08:40Z INFO [499/500] 5f0bd8ef-e373-40ce-88bd-d813d0d5c775: 52 chunks; 0.9 s; peak memory 1300 MiB.
2026-10-08T19:08:42Z INFO [500/500] 5f0c3588-9e44-471b-8393-df526ac8c7c5: 116 chunks; 1.9 s; peak memory 1300 MiB.
2026-10-08T19:08:43Z INFO [500/500] 5f0c3588-9e44-471b-8393-df526ac8c7c5: checkpointed 92834 new records.
2026-10-08T19:08:43Z INFO Wrote 92834 records to /tmp/derivatives/valid_nwb_file_to_chunk_stats.jsonl (500 new, 0 failed) in 82.2 min (peak memory 1300 MiB).
