2026-09-30T21:06:44Z INFO Logging to /tmp/logs/update_2026-09-30T21-06-44Z.log.
2026-09-30T21:06:44Z INFO Update valid-nwb-file-to-chunk-stats (base directory /tmp).
2026-09-30T21:06:44Z INFO Processing 363 items (62474 already recorded).
2026-09-30T21:06:45Z INFO [1/363] 2032a3f6-f75d-4db2-9850-533673a89d46: 52 chunks; 1.1 s; peak memory 151 MiB.
2026-09-30T21:06:46Z INFO [2/363] 203439c8-de6c-414d-ad0b-1846d725f774: 48 chunks; 0.9 s; peak memory 152 MiB.
2026-09-30T21:06:47Z INFO [3/363] 203447e7-0e7b-4c7f-b957-0dccf4473443: 48 chunks; 0.9 s; peak memory 152 MiB.
2026-09-30T21:06:48Z INFO [4/363] 203582d2-c68d-43cb-9d95-ee18765469c6: 46 chunks; 0.7 s; peak memory 152 MiB.
2026-09-30T21:06:49Z INFO [5/363] 203594f7-864e-4acd-b2ad-1181c759bb4a: 48 chunks; 0.9 s; peak memory 153 MiB.
2026-09-30T21:06:55Z INFO [6/363] 20364ec2-4d1e-4dc0-9b67-eb6e865fcc11: 32458 chunks; 6.4 s; peak memory 191 MiB.
2026-09-30T21:06:56Z INFO [7/363] 2036786f-6b50-437e-a12a-c3cdf4f8c503: 233 chunks; 1.1 s; peak memory 191 MiB.
2026-09-30T21:06:59Z INFO [8/363] 20375507-d31c-4dd1-bff2-99d23d7de818: 90 chunks; 2.5 s; peak memory 192 MiB.
2026-09-30T21:07:01Z INFO [9/363] 203797a1-8c24-4d97-a6a9-d78e1e4761df: 114 chunks; 2.3 s; peak memory 192 MiB.
2026-09-30T21:07:02Z INFO [10/363] 2037ae1d-1398-4ad4-96d2-bd32c85ae51b: 48 chunks; 1.0 s; peak memory 192 MiB.
2026-09-30T21:07:05Z INFO [11/363] 2037cf86-5043-43a7-9427-a7bb07d00b0f: 1585 chunks; 3.3 s; peak memory 193 MiB.
2026-09-30T21:07:12Z INFO [12/363] 203902b6-51dc-490f-8155-8af2ce0cbeaf: 336 chunks; 6.6 s; peak memory 193 MiB.
2026-09-30T21:07:13Z INFO [13/363] 20393534-cb5c-4c68-8bce-6bfcae1c9a91: 49 chunks; 1.0 s; peak memory 193 MiB.
2026-09-30T21:07:14Z INFO [14/363] 2039d379-4498-43d1-8e51-74242c9239ce: 46 chunks; 0.8 s; peak memory 193 MiB.
2026-09-30T21:07:15Z INFO [15/363] 203b32d4-5523-44b4-81c3-882061443ab8: 48 chunks; 0.9 s; peak memory 193 MiB.
2026-09-30T21:07:16Z INFO [16/363] 203c6599-aedd-423f-837b-d08f88d391af: 48 chunks; 1.0 s; peak memory 193 MiB.
2026-09-30T21:07:17Z INFO [17/363] 203c7fae-8b50-4298-9697-d1638facc267: 66 chunks; 1.4 s; peak memory 193 MiB.
2026-09-30T21:07:18Z INFO [18/363] 203cd54c-c843-43d1-9322-87adcbda9842: 112 chunks; 0.9 s; peak memory 193 MiB.
2026-09-30T21:07:19Z INFO [19/363] 203d56e3-4525-47f4-a2d5-6076b203a4b3: 46 chunks; 0.7 s; peak memory 193 MiB.
2026-09-30T21:07:23Z INFO [20/363] 203d6b48-2d7a-4831-b8ed-0fdb21e0d1a1: 2923 chunks; 4.3 s; peak memory 193 MiB.
2026-09-30T21:07:24Z INFO [21/363] 203dc6eb-ae67-4dc7-a4b2-d0ddc7f4cc08: 116 chunks; 1.0 s; peak memory 193 MiB.
2026-09-30T21:07:25Z INFO [22/363] 203df233-eaca-4f45-ab11-8b5842f7fad0: 48 chunks; 0.8 s; peak memory 193 MiB.
2026-09-30T21:07:26Z INFO [23/363] 203e9dc7-b56e-4283-9b79-8f74fe57fc9c: 132 chunks; 1.1 s; peak memory 193 MiB.
2026-09-30T21:07:26Z INFO [24/363] 203eb9b4-d2d2-44a6-9bbe-ad28bb8008d0: 46 chunks; 0.7 s; peak memory 193 MiB.
2026-09-30T21:07:28Z INFO [25/363] 203f3987-8c3f-4611-b4e2-a7e071024079: 48 chunks; 1.1 s; peak memory 193 MiB.
2026-09-30T21:07:28Z INFO [26/363] 20406238-fdd2-4744-9f0e-c006e6e2abd8: 48 chunks; 0.8 s; peak memory 193 MiB.
2026-09-30T21:07:32Z INFO [27/363] 20407de7-0066-4590-ae1c-1bffc44a0490: 2875 chunks; 3.9 s; peak memory 193 MiB.
2026-09-30T21:07:33Z INFO [28/363] 2040d2af-91ee-46bf-bdac-8f3083928ce5: 83 chunks; 1.1 s; peak memory 193 MiB.
2026-09-30T21:07:34Z INFO [29/363] 204153d7-8de2-4088-a58e-e80f450ca403: 48 chunks; 0.9 s; peak memory 193 MiB.
2026-09-30T21:07:35Z INFO [30/363] 2043fc46-45be-49b0-a14e-ef7618132819: 117 chunks; 1.1 s; peak memory 193 MiB.
2026-09-30T21:07:36Z INFO [31/363] 20444315-4680-49e8-8c1c-5a7f3c519b46: 112 chunks; 0.9 s; peak memory 193 MiB.
2026-09-30T21:07:37Z INFO [32/363] 2044bc3b-d2c4-46c1-8e16-7d78e8884770: 67 chunks; 1.0 s; peak memory 193 MiB.
2026-09-30T21:07:38Z INFO [33/363] 2044d7dc-ca9c-4daa-b126-7d12fea6ee2b: 52 chunks; 1.0 s; peak memory 193 MiB.
2026-09-30T21:07:39Z INFO [34/363] 2044e3cb-ed0b-4e97-8a8a-a6d244c739d4: 48 chunks; 0.8 s; peak memory 193 MiB.
2026-09-30T21:07:40Z INFO [35/363] 20454c2b-406b-4f99-8f06-b8193aa31a4d: 62 chunks; 0.9 s; peak memory 193 MiB.
2026-09-30T21:07:41Z INFO [36/363] 204566f6-4eba-4997-b5e0-9392814c4659: 48 chunks; 0.8 s; peak memory 193 MiB.
2026-09-30T21:07:45Z INFO [37/363] 204632a0-52f6-41c8-ada2-f0251e678e15: 10312 chunks; 4.1 s; peak memory 194 MiB.
2026-09-30T21:07:46Z INFO [38/363] 20463720-5ac1-4cd7-9067-52ebcd5e69ea: 48 chunks; 0.8 s; peak memory 194 MiB.
2026-09-30T21:07:48Z INFO [39/363] 20464a16-cf7c-4069-a52e-8877b89b6111: 157 chunks; 2.5 s; peak memory 194 MiB.
2026-09-30T21:07:49Z INFO [40/363] 20465271-7513-4c8d-af01-059a27ebc923: 117 chunks; 0.8 s; peak memory 194 MiB.
2026-09-30T21:07:50Z INFO [41/363] 20467e57-d60a-43e4-89d7-2c8b7832f40d: 68 chunks; 1.0 s; peak memory 194 MiB.
2026-09-30T21:07:51Z INFO [42/363] 2046fac3-173b-4768-80fe-cff6a1b5ff8e: 126 chunks; 1.3 s; peak memory 194 MiB.
2026-09-30T21:07:52Z INFO [43/363] 20476015-10c3-4c90-9d42-d9816ba1c864: 112 chunks; 1.2 s; peak memory 194 MiB.
2026-09-30T21:07:53Z INFO [44/363] 20480087-7c8d-4fb3-8399-b61c50c40960: 117 chunks; 1.0 s; peak memory 194 MiB.
2026-09-30T21:07:54Z INFO [45/363] 2048d53b-d41a-4761-8425-3fd0c1904f15: 50 chunks; 0.8 s; peak memory 194 MiB.
2026-09-30T21:07:55Z INFO [46/363] 2048f323-ade4-430e-ad2c-5c936ca2396a: 46 chunks; 0.5 s; peak memory 194 MiB.
2026-09-30T21:07:57Z INFO [47/363] 204982b5-d148-4d3c-abca-4c966d17c1b4: 114 chunks; 2.4 s; peak memory 194 MiB.
2026-09-30T21:07:58Z INFO [48/363] 20499306-0dd1-408d-99d3-66fab884d133: 117 chunks; 1.1 s; peak memory 194 MiB.
2026-09-30T21:07:59Z INFO [49/363] 204a7247-6737-4b37-a7d6-131edb43a807: 111 chunks; 1.1 s; peak memory 194 MiB.
2026-09-30T21:08:00Z INFO [50/363] 204ad1d0-edd5-4971-83db-d69531a84d35: 46 chunks; 0.7 s; peak memory 194 MiB.
2026-09-30T21:08:00Z INFO [50/363] 204ad1d0-edd5-4971-83db-d69531a84d35: checkpointed 62524 records.
2026-09-30T21:08:01Z INFO [51/363] 204bf96d-6367-4631-bd06-29af924a8841: 85 chunks; 0.9 s; peak memory 194 MiB.
2026-09-30T21:08:02Z INFO [52/363] 204d80ff-76df-47f4-82ef-6036fd62c64b: 51 chunks; 0.5 s; peak memory 194 MiB.
2026-09-30T21:08:03Z INFO [53/363] 204e2583-922c-4bc5-a30f-b2ef8a26150d: 92 chunks; 0.9 s; peak memory 194 MiB.
2026-09-30T21:08:05Z INFO [54/363] 204e2df9-51c1-45db-bf9f-e45ef81ba3da: 186 chunks; 2.1 s; peak memory 194 MiB.
2026-09-30T21:08:05Z INFO [55/363] 204eb818-2a1b-4937-9029-c6df7209834b: 69 chunks; 0.7 s; peak memory 194 MiB.
2026-09-30T21:08:06Z INFO [56/363] 204eca07-1bdf-4df8-9ee4-82ab6a068511: 117 chunks; 1.0 s; peak memory 194 MiB.
2026-09-30T21:08:07Z INFO [57/363] 204f5a98-6843-47c4-97a8-055f1cb1cb1e: 117 chunks; 0.9 s; peak memory 194 MiB.
2026-09-30T21:08:11Z INFO [58/363] 20501a6b-2ae5-47b3-9aea-14e873a43d15: 15147 chunks; 4.1 s; peak memory 200 MiB.
2026-09-30T21:08:13Z INFO [59/363] 205062a4-7ff0-4709-bd2d-b669e3bbd8c1: 112 chunks; 1.2 s; peak memory 200 MiB.
2026-09-30T21:08:15Z INFO [60/363] 2050ac1b-ae04-4435-8c85-ceec3f107aae: 115 chunks; 2.1 s; peak memory 200 MiB.
2026-09-30T21:08:17Z INFO [61/363] 2050d6b2-bc42-4a95-ac0a-1b478d5d74c2: 186 chunks; 1.9 s; peak memory 200 MiB.
2026-09-30T21:08:18Z INFO [62/363] 2051839b-98cb-4220-b6e6-50a346492367: 48 chunks; 0.9 s; peak memory 200 MiB.
2026-09-30T21:08:18Z INFO [63/363] 2052fb31-15f0-4292-9c2d-80c512d0fd8e: 110 chunks; 1.0 s; peak memory 200 MiB.
2026-09-30T21:08:20Z INFO [64/363] 20532cb6-838c-47c6-8dda-2cdd4a9a2472: 115 chunks; 1.9 s; peak memory 200 MiB.
2026-09-30T21:08:22Z INFO [65/363] 2053a1b3-078a-4821-a46f-66e6511a9f39: 62 chunks; 1.2 s; peak memory 200 MiB.
2026-09-30T21:08:23Z INFO [66/363] 2053bd29-2de1-4038-837e-48f69a2ade42: 112 chunks; 1.2 s; peak memory 200 MiB.
2026-09-30T21:08:23Z INFO [67/363] 205407a7-3d93-4ec1-85a7-0e449aed8571: 56 chunks; 0.6 s; peak memory 200 MiB.
2026-09-30T21:08:24Z INFO [68/363] 2054446c-a9fd-433c-a54f-129d57ed04c0: 48 chunks; 0.8 s; peak memory 200 MiB.
2026-09-30T21:10:22Z INFO [69/363] 20547bcd-5f4c-4d1d-82a4-e8bdcc49b401: 40359 chunks; 117.4 s; peak memory 318 MiB.
2026-09-30T21:10:26Z INFO [70/363] 20551047-37dc-4f6f-9652-07864cb6fb1d: 1060 chunks; 4.7 s; peak memory 318 MiB.
2026-09-30T21:10:27Z INFO [71/363] 2055843e-5327-4c13-ba1f-83c6fad65c6d: 117 chunks; 0.9 s; peak memory 318 MiB.
2026-09-30T21:10:33Z INFO [72/363] 205617f0-5b53-40e5-b472-cf72abd582e0: 263 chunks; 6.1 s; peak memory 318 MiB.
2026-09-30T21:10:34Z INFO [73/363] 2056f2c6-eacb-4a4d-b80e-bcd27ee2ec0a: 116 chunks; 1.1 s; peak memory 318 MiB.
2026-09-30T21:10:45Z INFO [74/363] 2057229d-3d05-4b73-b07e-611c12345803: 21536 chunks; 10.6 s; peak memory 318 MiB.
2026-09-30T21:10:46Z INFO [75/363] 2057d785-9d56-4232-84c9-2435d761be01: 117 chunks; 0.9 s; peak memory 318 MiB.
2026-09-30T21:10:47Z INFO [76/363] 20589c0e-f11a-4c74-84b8-e4f16fadb153: 45 chunks; 0.9 s; peak memory 318 MiB.
2026-09-30T21:10:56Z INFO [77/363] 2058c101-95cc-458b-8795-6171fdd36716: 6548 chunks; 9.1 s; peak memory 318 MiB.
2026-09-30T21:10:57Z INFO [78/363] 205995b6-3dd5-4123-9ca0-d622122e780e: 112 chunks; 1.0 s; peak memory 318 MiB.
2026-09-30T21:11:01Z INFO [79/363] 205a2b17-476b-464d-af02-2adbe1bce913: 452 chunks; 3.9 s; peak memory 318 MiB.
2026-09-30T21:11:19Z INFO [80/363] 205ca96b-b009-438a-92fb-9d4a45ee36c6: 38275 chunks; 17.9 s; peak memory 318 MiB.
2026-09-30T21:11:20Z INFO [81/363] 205cd5ad-6334-4771-b5ca-3af9dfac66ce: 48 chunks; 0.8 s; peak memory 318 MiB.
2026-09-30T21:11:21Z INFO [82/363] 205d0627-550c-41b5-9873-b46fc271e410: 115 chunks; 1.8 s; peak memory 318 MiB.
2026-09-30T21:11:22Z INFO [83/363] 205d73db-bbc7-4ca2-8400-26c0f3b12419: 46 chunks; 0.9 s; peak memory 318 MiB.
2026-09-30T21:11:26Z INFO [84/363] 205fea38-87d9-4ccc-997a-2c6c0848d003: 1230 chunks; 4.0 s; peak memory 318 MiB.
2026-09-30T21:11:27Z INFO [85/363] 206053f5-0ada-4549-ae0a-cf7ad7162a7c: 48 chunks; 0.9 s; peak memory 318 MiB.
2026-09-30T21:11:28Z INFO [86/363] 20608100-2b61-4051-8c00-bb6f008fcd77: 37 chunks; 0.6 s; peak memory 318 MiB.
2026-09-30T21:11:29Z INFO [87/363] 2061a426-1d0c-4174-bf6e-f8f24878b994: 48 chunks; 0.8 s; peak memory 318 MiB.
2026-09-30T21:11:40Z INFO [88/363] 2061ad33-fff2-4c10-a2ab-0ff88755fabb: 8229 chunks; 11.9 s; peak memory 318 MiB.
2026-09-30T21:11:43Z INFO [89/363] 20620afa-142d-4478-883c-4638914df772: 156 chunks; 2.4 s; peak memory 318 MiB.
2026-09-30T21:11:44Z INFO [90/363] 2063d9e0-7226-47b2-8144-10f48753bbb6: 195 chunks; 1.2 s; peak memory 318 MiB.
2026-09-30T21:11:45Z INFO [91/363] 20655caf-f734-42d0-9f0b-d1f1f442d958: 118 chunks; 0.9 s; peak memory 318 MiB.
2026-09-30T21:11:46Z INFO [92/363] 2065ab79-7d3b-4fdd-9b67-932c2a82698b: 48 chunks; 1.1 s; peak memory 318 MiB.
2026-09-30T21:11:47Z INFO [93/363] 206603d8-f8f8-44c0-98ae-339e90c4e006: 557 chunks; 1.1 s; peak memory 318 MiB.
2026-09-30T21:11:49Z INFO [94/363] 2066bb72-7c97-4762-997e-214a4fd21ccb: 153 chunks; 2.2 s; peak memory 318 MiB.
2026-09-30T21:11:50Z INFO [95/363] 206734c4-61ab-49c0-9206-d83898669d92: 76 chunks; 0.9 s; peak memory 318 MiB.
2026-09-30T21:11:51Z INFO [96/363] 2067360f-7163-4d40-a61e-5f1579f36b75: 48 chunks; 0.9 s; peak memory 318 MiB.
2026-09-30T21:11:52Z INFO [97/363] 206821ed-0909-4654-89f9-0b28541ca057: 69 chunks; 1.2 s; peak memory 318 MiB.
2026-09-30T21:11:54Z INFO [98/363] 206842ad-7106-412c-8ebc-5101f2f17fee: 168 chunks; 1.8 s; peak memory 318 MiB.
2026-09-30T21:12:08Z INFO [99/363] 2068b939-153f-4d6e-a8ab-806771ae4bd4: 7797 chunks; 13.8 s; peak memory 318 MiB.
2026-09-30T21:12:09Z INFO [100/363] 20693b27-388f-4bcb-b01a-09f14137de4b: 110 chunks; 1.1 s; peak memory 318 MiB.
2026-09-30T21:12:09Z INFO [100/363] 20693b27-388f-4bcb-b01a-09f14137de4b: checkpointed 62574 records.
2026-09-30T21:12:11Z INFO [101/363] 2069439e-bf39-4d3d-9422-d78ff2435d2a: 129 chunks; 1.3 s; peak memory 318 MiB.
2026-09-30T21:12:12Z INFO [102/363] 2069ae01-16f3-4dd4-9403-a224e77e5a34: 48 chunks; 1.0 s; peak memory 318 MiB.
2026-09-30T21:12:12Z INFO [103/363] 2069bf45-7051-4717-845d-08db380a9430: 46 chunks; 0.6 s; peak memory 318 MiB.
2026-09-30T21:12:13Z INFO [104/363] 2069f4c1-29a4-42f6-979a-1fbd27d12c94: 110 chunks; 1.1 s; peak memory 318 MiB.
2026-09-30T21:12:26Z INFO [105/363] 206c4c96-7fa8-47d9-894c-45ca6d03cd29: 4006 chunks; 12.6 s; peak memory 318 MiB.
2026-09-30T21:12:27Z INFO [106/363] 206d0e34-6c5c-4b0f-af98-4d545a401e83: 48 chunks; 0.8 s; peak memory 318 MiB.
2026-09-30T21:12:28Z INFO [107/363] 206d7a81-d148-4808-b366-9900d6f5d000: 112 chunks; 1.0 s; peak memory 318 MiB.
2026-09-30T21:12:30Z INFO [108/363] 206e12d3-27a1-4d29-9012-4a0795bc7e95: 138 chunks; 1.9 s; peak memory 318 MiB.
2026-09-30T21:12:31Z INFO [109/363] 206eeeec-44e1-4dee-8720-c9bcd74ce56f: 118 chunks; 1.2 s; peak memory 318 MiB.
2026-09-30T21:12:32Z INFO [110/363] 206f6634-baf8-4995-b428-9216a6abdd96: 116 chunks; 1.0 s; peak memory 318 MiB.
2026-09-30T21:12:36Z INFO [111/363] 206f870b-7f74-465f-bc3a-6f03cd516036: 10477 chunks; 3.6 s; peak memory 318 MiB.
2026-09-30T21:12:37Z INFO [112/363] 206f905b-fa87-4099-87da-d7e728a57ae4: 71 chunks; 1.1 s; peak memory 318 MiB.
2026-09-30T21:12:37Z INFO [113/363] 206fe122-e174-486c-af1d-7187d5340582: 69 chunks; 0.7 s; peak memory 318 MiB.
2026-09-30T21:12:38Z INFO [114/363] 206feb02-6388-4fef-9aa5-4a654b865be3: 48 chunks; 0.7 s; peak memory 318 MiB.
2026-09-30T21:12:39Z INFO [115/363] 20702c27-5d19-4db3-948e-a530284ae1d8: 59 chunks; 0.9 s; peak memory 318 MiB.
2026-09-30T21:12:40Z INFO [116/363] 20704302-130c-4b71-adc4-7fa68e3b18cf: 132 chunks; 0.9 s; peak memory 318 MiB.
2026-09-30T21:12:41Z INFO [117/363] 20711286-f694-46e9-a3ba-0e90dc929815: 118 chunks; 1.1 s; peak memory 318 MiB.
2026-09-30T21:12:50Z INFO [118/363] 20728762-d5d0-4261-981e-ef2fc60f054a: 16478 chunks; 9.0 s; peak memory 318 MiB.
2026-09-30T21:12:51Z INFO [119/363] 2072b41d-f987-4fb0-ab0e-baf4c9776896: 48 chunks; 1.0 s; peak memory 318 MiB.
2026-09-30T21:12:54Z INFO [120/363] 2073a741-47b7-4d9e-a063-e12478b608f7: 2698 chunks; 3.0 s; peak memory 318 MiB.
2026-09-30T21:12:55Z INFO [121/363] 2073eb3a-4522-4ae5-a6aa-ed1e5b56f3df: 48 chunks; 1.0 s; peak memory 318 MiB.
2026-09-30T21:12:56Z INFO [122/363] 20750227-745c-4e68-8e2f-55eccf1270a4: 112 chunks; 0.9 s; peak memory 318 MiB.
2026-09-30T21:12:57Z INFO [123/363] 2075756f-7a4f-437b-8fd5-bf28b0a2db2e: 48 chunks; 0.7 s; peak memory 318 MiB.
2026-09-30T21:12:59Z INFO [124/363] 2076369a-747d-4cef-93ca-0f17f60ddd71: 150 chunks; 2.4 s; peak memory 318 MiB.
2026-09-30T21:13:02Z INFO [125/363] 20767ee0-0250-4a1d-9283-45f07c724d92: 260 chunks; 3.3 s; peak memory 318 MiB.
2026-09-30T21:13:03Z INFO [126/363] 2076aa5f-4c86-4608-b86f-903352046046: 112 chunks; 1.1 s; peak memory 318 MiB.
2026-09-30T21:13:04Z INFO [127/363] 2076c3d6-2788-47ff-b477-e7d049eb7e7e: 112 chunks; 1.2 s; peak memory 318 MiB.
2026-09-30T21:13:06Z INFO [128/363] 20783248-03ec-4a89-bd80-0723eadd34e3: 71 chunks; 1.3 s; peak memory 318 MiB.
2026-09-30T21:13:10Z INFO [129/363] 2078794c-b9b4-432b-9e21-79689307aaaf: 14220 chunks; 4.7 s; peak memory 318 MiB.
2026-09-30T21:13:11Z INFO [130/363] 2078c28b-00a5-45f1-abd6-e0cef36e7da4: 112 chunks; 1.0 s; peak memory 318 MiB.
2026-09-30T21:13:12Z INFO [131/363] 207a1616-1960-45cf-a680-d5bb2b88f89a: 51 chunks; 1.0 s; peak memory 318 MiB.
2026-09-30T21:13:13Z INFO [132/363] 207a19d2-1673-494f-ba6b-b1bafee60fc2: 117 chunks; 0.9 s; peak memory 318 MiB.
2026-09-30T21:13:14Z INFO [133/363] 207a4e08-ff6f-4bea-a7b8-79fa855aa9e6: 48 chunks; 0.7 s; peak memory 318 MiB.
2026-09-30T21:13:15Z INFO [134/363] 207aba2b-4c0e-4bd7-a3e0-91dfa4608afe: 48 chunks; 0.8 s; peak memory 318 MiB.
2026-09-30T21:13:16Z INFO [135/363] 207ad8e0-1f21-4d7e-979b-90f520caa9cf: 112 chunks; 1.2 s; peak memory 318 MiB.
2026-09-30T21:13:17Z INFO [136/363] 207af058-c48d-4e03-87b1-35f69d44713f: 45 chunks; 0.6 s; peak memory 318 MiB.
2026-09-30T21:13:17Z INFO [137/363] 207b1d86-f563-4fea-af73-64c892f26ffd: 48 chunks; 0.7 s; peak memory 318 MiB.
2026-09-30T21:13:18Z INFO [138/363] 207bb2e2-cdd1-4497-b514-7da5177f9dda: 42 chunks; 0.9 s; peak memory 318 MiB.
2026-09-30T21:13:20Z INFO [139/363] 207c0a8e-47b8-42ab-8a19-219f958c6eba: 119 chunks; 2.0 s; peak memory 318 MiB.
2026-09-30T21:13:21Z INFO [140/363] 207d0c1d-ecaf-44f7-8f84-e4ce9ba52791: 117 chunks; 0.9 s; peak memory 318 MiB.
2026-09-30T21:13:22Z INFO [141/363] 207de00f-b4a2-4606-9cb8-e1c01939932c: 50 chunks; 0.8 s; peak memory 318 MiB.
2026-09-30T21:20:32Z INFO [142/363] 207eedcd-5058-43fc-ac68-3d5ba83b3f7e: 1916257 chunks; 429.5 s; peak memory 1369 MiB.
2026-09-30T21:20:33Z INFO [143/363] 207f60f3-4c34-49c1-86f9-658b8443efae: 79 chunks; 1.1 s; peak memory 1369 MiB.
2026-09-30T21:21:11Z INFO [144/363] 207f6263-bff2-4aae-9b37-259577199d2d: 24885 chunks; 38.3 s; peak memory 1369 MiB.
2026-09-30T21:21:12Z INFO [145/363] 207f8b33-f695-4924-b36c-b4ddd1003dfd: 131 chunks; 1.2 s; peak memory 1369 MiB.
2026-09-30T21:21:14Z INFO [146/363] 20812a01-7102-45d9-b702-b9d984af6b1c: 143 chunks; 1.7 s; peak memory 1369 MiB.
2026-09-30T21:21:15Z INFO [147/363] 20821f39-16d9-49f7-9566-10f5aded2b28: 289 chunks; 1.1 s; peak memory 1369 MiB.
2026-09-30T21:21:16Z INFO [148/363] 208220a5-8501-4a99-ab3b-69ecba3627fb: 48 chunks; 0.8 s; peak memory 1369 MiB.
2026-09-30T21:21:27Z INFO [149/363] 208276d9-84c2-4827-9b46-02a60cea5ef9: 8229 chunks; 11.0 s; peak memory 1369 MiB.
2026-09-30T21:21:32Z INFO [150/363] 20835ae8-c99e-4c3f-9e85-3ed008883447: 19105 chunks; 5.6 s; peak memory 1369 MiB.
2026-09-30T21:21:33Z INFO [150/363] 20835ae8-c99e-4c3f-9e85-3ed008883447: checkpointed 62624 records.
2026-09-30T21:21:34Z INFO [151/363] 2083cd01-1090-4885-af44-922ac62b887e: 112 chunks; 1.0 s; peak memory 1369 MiB.
2026-09-30T21:21:36Z INFO [152/363] 2084609f-afb5-4dc4-80f4-7eee4c11f102: 156 chunks; 2.3 s; peak memory 1369 MiB.
2026-09-30T21:21:37Z INFO [153/363] 20853f16-592e-4b8d-98e9-6eba951bca71: 84 chunks; 0.9 s; peak memory 1369 MiB.
2026-09-30T21:22:11Z INFO [154/363] 20856110-83a9-4746-9a78-dad754f12064: 32919 chunks; 33.7 s; peak memory 1369 MiB.
2026-09-30T21:22:11Z INFO [155/363] 2085720e-75c8-4045-b46c-bb3b991d0da6: 72 chunks; 0.8 s; peak memory 1369 MiB.
2026-09-30T21:22:12Z INFO [156/363] 2085e157-5f38-4f99-8b59-9d6832ea1da6: 112 chunks; 1.0 s; peak memory 1369 MiB.
2026-09-30T21:22:13Z INFO [157/363] 2085ed7e-770a-4da5-9891-de963274a9aa: 56 chunks; 0.6 s; peak memory 1369 MiB.
2026-09-30T21:22:23Z INFO [158/363] 2086fa10-46bb-486a-8646-7adb0cda92c8: 18856 chunks; 10.4 s; peak memory 1369 MiB.
2026-09-30T21:22:24Z INFO [159/363] 208847ad-0dad-44ff-9ceb-14a6a09eedd3: 57 chunks; 0.7 s; peak memory 1369 MiB.
2026-09-30T21:22:25Z INFO [160/363] 20884be9-214e-4e0b-bde2-3333ce4354f4: 112 chunks; 0.9 s; peak memory 1369 MiB.
2026-09-30T21:22:26Z INFO [161/363] 20895b90-d1d7-44cb-8fff-06ee5048b31f: 84 chunks; 1.0 s; peak memory 1369 MiB.
2026-09-30T21:22:27Z INFO [162/363] 208967cc-8181-4ef5-b2bf-12e97008cd99: 48 chunks; 0.8 s; peak memory 1369 MiB.
2026-09-30T21:22:36Z INFO [163/363] 2089de89-83c1-4bc8-830c-b7d737fe170b: 24086 chunks; 8.8 s; peak memory 1369 MiB.
2026-09-30T21:22:37Z INFO [164/363] 208abab4-7734-4373-81a9-82d68a5c35f9: 48 chunks; 0.9 s; peak memory 1369 MiB.
2026-09-30T21:22:41Z INFO [165/363] 208b16b6-93a8-46ef-bac1-1bc99a951090: 5676 chunks; 4.0 s; peak memory 1369 MiB.
2026-09-30T21:22:41Z INFO [166/363] 208b2c71-48f5-4dd4-9af9-d49b944f7a1e: 48 chunks; 0.8 s; peak memory 1369 MiB.
2026-09-30T21:22:43Z INFO [167/363] 208b92a0-c1d8-4683-96b8-8019769ffb3a: 71 chunks; 1.4 s; peak memory 1369 MiB.
2026-09-30T21:22:45Z INFO [168/363] 208ba5c4-f29c-4faa-bfb5-28a371412ca0: 90 chunks; 1.8 s; peak memory 1369 MiB.
2026-09-30T21:22:46Z INFO [169/363] 208c9e16-146a-4e7c-98d4-a3da515976ac: 117 chunks; 1.0 s; peak memory 1369 MiB.
2026-09-30T21:22:47Z INFO [170/363] 208dd029-e43a-470c-a05f-1879d4b89822: 112 chunks; 1.2 s; peak memory 1369 MiB.
2026-09-30T21:22:59Z INFO [171/363] 208e263e-16d8-4d23-8237-be1787bb1799: 8229 chunks; 12.1 s; peak memory 1369 MiB.
2026-09-30T21:23:01Z INFO [172/363] 208e822f-5aa8-461f-8122-8a5d479bb5a5: 71 chunks; 1.6 s; peak memory 1369 MiB.
2026-09-30T21:23:01Z INFO [173/363] 208f1094-dd56-4be6-8627-28972b367ad1: 99 chunks; 0.6 s; peak memory 1369 MiB.
2026-09-30T21:23:04Z INFO [174/363] 20902427-07a2-4bb3-9c3e-c69bfbf0d99e: 4079 chunks; 3.1 s; peak memory 1369 MiB.
2026-09-30T21:23:05Z INFO [175/363] 20908db3-ba85-4469-99ff-1dab08289f84: 117 chunks; 0.8 s; peak memory 1369 MiB.
2026-09-30T21:23:06Z INFO [176/363] 2091157f-d7d8-4215-8564-1e21f21891a8: 52 chunks; 1.0 s; peak memory 1369 MiB.
2026-09-30T21:23:13Z INFO [177/363] 20919bcb-3693-4f99-8cbc-342ebd150d31: 11567 chunks; 7.4 s; peak memory 1369 MiB.
2026-09-30T21:23:17Z INFO [178/363] 209428e1-08f7-4c05-afbc-36f7bf6f74f1: 204 chunks; 3.6 s; peak memory 1369 MiB.
2026-09-30T21:23:18Z INFO [179/363] 2095117e-b3cf-42f3-9197-9edb20ba557d: 117 chunks; 1.0 s; peak memory 1369 MiB.
2026-09-30T21:23:35Z INFO [180/363] 20959f3b-ad98-4564-8517-bb099c289501: 5624 chunks; 16.8 s; peak memory 1369 MiB.
2026-09-30T21:23:36Z INFO [181/363] 2095c5a8-17a3-4446-b3dc-7235e2dd4e9f: 48 chunks; 0.8 s; peak memory 1369 MiB.
2026-09-30T21:23:36Z INFO [182/363] 2096e471-a575-4988-bf56-e61d8d98f295: 48 chunks; 0.7 s; peak memory 1369 MiB.
2026-09-30T21:23:37Z INFO [183/363] 20970ea7-ccdb-40e8-95e8-25a8c409dd8d: 117 chunks; 0.9 s; peak memory 1369 MiB.
2026-09-30T21:23:39Z INFO [184/363] 209780e9-6192-436c-9f3f-997be23120cb: 997 chunks; 1.9 s; peak memory 1369 MiB.
2026-09-30T21:23:40Z INFO [185/363] 2098d1c5-98d6-4566-83aa-e38da6113ebf: 56 chunks; 0.8 s; peak memory 1369 MiB.
2026-09-30T21:23:41Z INFO [186/363] 20990b79-d6b9-49fa-b95e-e051c930a76b: 68 chunks; 0.8 s; peak memory 1369 MiB.
2026-09-30T21:23:42Z INFO [187/363] 209976fa-0465-422b-8c1e-a878bbf4e153: 70 chunks; 1.4 s; peak memory 1369 MiB.
2026-09-30T21:23:47Z INFO [188/363] 209a7259-c5c6-42bd-b21c-dfd7613390ca: 675 chunks; 5.3 s; peak memory 1369 MiB.
2026-09-30T21:23:51Z INFO [189/363] 209aaaea-ddfd-4f31-8d5d-4b79ccb1fc39: 7337 chunks; 3.5 s; peak memory 1369 MiB.
2026-09-30T21:23:52Z INFO [190/363] 209ad3d0-0fff-408d-9426-85a8752a8553: 118 chunks; 1.0 s; peak memory 1369 MiB.
2026-09-30T21:23:54Z INFO [191/363] 209b794b-15b8-4bd0-9868-d22c0d4d8e47: 85 chunks; 2.1 s; peak memory 1369 MiB.
2026-09-30T21:23:55Z INFO [192/363] 209be6d0-f24e-4181-8354-ed671a150235: 84 chunks; 1.1 s; peak memory 1369 MiB.
2026-09-30T21:23:57Z INFO [193/363] 209ca129-d21c-42b2-933e-9210bcbb9623: 115 chunks; 1.9 s; peak memory 1369 MiB.
2026-09-30T21:23:58Z INFO [194/363] 209cfcd4-f9b7-4dab-9955-9d4c1593ae2d: 62 chunks; 1.2 s; peak memory 1369 MiB.
2026-09-30T21:23:59Z INFO [195/363] 209d786c-2ca0-4c7c-94fe-8ef6c854175d: 46 chunks; 0.7 s; peak memory 1369 MiB.
2026-09-30T21:24:00Z INFO [196/363] 209d7dd1-4efe-4e20-8610-05a1e99944fb: 48 chunks; 0.9 s; peak memory 1369 MiB.
2026-09-30T21:24:02Z INFO [197/363] 209eb427-e3c1-4b25-a3ff-47866165763d: 115 chunks; 1.9 s; peak memory 1369 MiB.
2026-09-30T21:24:03Z INFO [198/363] 209fba6f-f30c-4957-b611-405800ad2962: 48 chunks; 0.8 s; peak memory 1369 MiB.
2026-09-30T21:24:03Z INFO [199/363] 209fca75-07e3-4ae4-8625-21681dbcf30e: 117 chunks; 0.8 s; peak memory 1369 MiB.
2026-09-30T21:24:06Z INFO [200/363] 20a0af9a-a16f-4e08-84b5-1825960d6a63: 1061 chunks; 2.1 s; peak memory 1369 MiB.
2026-09-30T21:24:06Z INFO [200/363] 20a0af9a-a16f-4e08-84b5-1825960d6a63: checkpointed 62674 records.
2026-09-30T21:24:06Z INFO [201/363] 20a0bf25-c827-4f64-9c2e-6c13f228bb99: 48 chunks; 0.7 s; peak memory 1369 MiB.
2026-09-30T21:24:07Z INFO [202/363] 20a1a965-c75d-4984-94a5-541f37d768e2: 114 chunks; 0.7 s; peak memory 1369 MiB.
2026-09-30T21:24:09Z INFO [203/363] 20a1d4a3-12c0-4d3c-9851-67297f5d5a3e: 101 chunks; 1.9 s; peak memory 1369 MiB.
2026-09-30T21:24:10Z INFO [204/363] 20a2761c-5ccb-4f88-a353-d52c53909859: 118 chunks; 0.9 s; peak memory 1369 MiB.
2026-09-30T21:24:11Z INFO [205/363] 20a2a816-f21e-4e11-aa73-00c866bd43dd: 71 chunks; 1.4 s; peak memory 1369 MiB.
2026-09-30T21:24:12Z INFO [206/363] 20a34b22-380f-48de-9f25-8167b9d956de: 31 chunks; 0.6 s; peak memory 1369 MiB.
2026-09-30T21:24:13Z INFO [207/363] 20a419ef-2a4c-47c5-8cdc-10604343acfc: 124 chunks; 1.3 s; peak memory 1369 MiB.
2026-09-30T21:24:14Z INFO [208/363] 20a543df-c723-4813-a010-e2d7b5138499: 289 chunks; 1.1 s; peak memory 1369 MiB.
2026-09-30T21:24:15Z INFO [209/363] 20a55384-769c-4c15-bf67-b1013572c869: 70 chunks; 0.8 s; peak memory 1369 MiB.
2026-09-30T21:24:16Z INFO [210/363] 20a613ce-85ee-4b11-a870-a72460301006: 66 chunks; 1.1 s; peak memory 1369 MiB.
2026-09-30T21:24:17Z INFO [211/363] 20a6f365-c56f-45ca-83d4-0ca459cc00fe: 46 chunks; 0.5 s; peak memory 1369 MiB.
2026-09-30T21:24:18Z INFO [212/363] 20a6fd02-161f-4d4f-af04-e1edb4c93d91: 114 chunks; 1.0 s; peak memory 1369 MiB.
2026-09-30T21:24:19Z INFO [213/363] 20a7230b-94f6-4435-8db1-52f6a4993a3f: 48 chunks; 0.9 s; peak memory 1369 MiB.
2026-09-30T21:24:20Z INFO [214/363] 20a76c5b-e300-4092-832c-2f3441ef2010: 117 chunks; 0.9 s; peak memory 1369 MiB.
2026-09-30T21:24:23Z INFO [215/363] 20a7ec4a-0669-49f5-888a-0f5b7e250e60: 21330 chunks; 3.8 s; peak memory 1369 MiB.
2026-09-30T21:24:24Z INFO [216/363] 20a80851-41cc-41b8-bace-07107be9d15d: 170 chunks; 0.9 s; peak memory 1369 MiB.
2026-09-30T21:24:25Z INFO [217/363] 20a8a897-dd3b-4d58-9c10-1e646b17ddba: 48 chunks; 0.9 s; peak memory 1369 MiB.
2026-09-30T21:24:26Z INFO [218/363] 20a8e1b7-41b8-47ae-bb7e-fca8242f1fa0: 114 chunks; 1.0 s; peak memory 1369 MiB.
2026-09-30T21:24:27Z INFO [219/363] 20a97d2c-7b23-4304-9dd3-84d955c3d2f5: 48 chunks; 0.8 s; peak memory 1369 MiB.
2026-09-30T21:24:29Z INFO [220/363] 20a9d155-499d-4ba4-8f96-a75750e426ca: 115 chunks; 1.9 s; peak memory 1369 MiB.
2026-09-30T21:24:30Z INFO [221/363] 20ab14a5-2d33-49e3-a908-b308e16fc006: 52 chunks; 0.8 s; peak memory 1369 MiB.
2026-09-30T21:24:32Z INFO [222/363] 20ab4ea7-98cc-43ce-b9d4-078a0256cb99: 156 chunks; 2.2 s; peak memory 1369 MiB.
2026-09-30T21:24:33Z INFO [223/363] 20abc756-b9ed-49af-976d-53db6169018b: 117 chunks; 0.9 s; peak memory 1369 MiB.
2026-09-30T21:24:34Z INFO [224/363] 20abf11c-800b-41b7-aadc-d476d15a757f: 112 chunks; 1.0 s; peak memory 1369 MiB.
2026-09-30T21:24:49Z INFO [225/363] 20accf91-e528-4d9d-a8ed-8bac6fd5ccec: 5527 chunks; 15.4 s; peak memory 1369 MiB.
2026-09-30T21:24:50Z INFO [226/363] 20acd42b-3844-4ee8-8d82-f1c4e75ed070: 69 chunks; 1.2 s; peak memory 1369 MiB.
2026-09-30T21:24:51Z INFO [227/363] 20ae0ea5-1197-4b8f-9a85-e073da897561: 48 chunks; 0.7 s; peak memory 1369 MiB.
2026-09-30T21:24:52Z INFO [228/363] 20ae6bd0-35fe-43c7-acf3-16499ed26618: 117 chunks; 0.9 s; peak memory 1369 MiB.
2026-09-30T21:24:53Z INFO [229/363] 20aec471-f397-442c-858a-4df39a1de60a: 48 chunks; 0.8 s; peak memory 1369 MiB.
2026-09-30T21:25:00Z INFO [230/363] 20b00958-4e6d-4c04-9945-35197ebfe839: 19673 chunks; 7.7 s; peak memory 1369 MiB.
2026-09-30T21:25:01Z INFO [231/363] 20b0da3b-c799-4dc3-9ae3-3541ec7c668e: 116 chunks; 0.9 s; peak memory 1369 MiB.
2026-09-30T21:25:05Z INFO [232/363] 20b0e71a-f9d6-426e-b967-24c3749b04bc: 168 chunks; 3.5 s; peak memory 1369 MiB.
2026-09-30T21:25:07Z INFO [233/363] 20b10724-46ae-4805-a097-9bda8ccc0b3c: 179 chunks; 2.4 s; peak memory 1369 MiB.
2026-09-30T21:25:08Z INFO [234/363] 20b1a664-084a-4406-96b2-8bad0e1fdf22: 35 chunks; 0.7 s; peak memory 1369 MiB.
2026-09-30T21:25:21Z INFO [235/363] 20b20ec1-cab0-4591-8cb7-56e7706acff7: 33764 chunks; 12.7 s; peak memory 1369 MiB.
2026-09-30T21:25:21Z INFO [236/363] 20b233a4-317d-4e72-9b46-0870f991052e: 48 chunks; 0.8 s; peak memory 1369 MiB.
2026-09-30T21:25:22Z INFO [237/363] 20b292bf-1548-4ce2-bcc7-6756370c7aef: 46 chunks; 0.6 s; peak memory 1369 MiB.
2026-09-30T21:25:23Z INFO [238/363] 20b3179f-2fe7-4c17-acb6-531a5615b2e3: 70 chunks; 1.1 s; peak memory 1369 MiB.
2026-09-30T21:25:29Z INFO [239/363] 20b48698-7883-4d9e-894d-f5ce2e6c1701: 26860 chunks; 5.5 s; peak memory 1369 MiB.
2026-09-30T21:25:29Z INFO [240/363] 20b5d1f9-bde7-428d-a41d-51b5b3deb666: 68 chunks; 0.8 s; peak memory 1369 MiB.
2026-09-30T21:25:31Z INFO [241/363] 20b5d243-5a61-4246-a5d5-ac9d9068183d: 123 chunks; 1.3 s; peak memory 1369 MiB.
2026-09-30T21:25:32Z INFO [242/363] 20b64d33-7a8d-4966-aeac-0a1aecdc66b5: 117 chunks; 1.0 s; peak memory 1369 MiB.
2026-09-30T21:25:33Z INFO [243/363] 20b69528-1ea2-4a2d-9712-8b3be5c0bd42: 48 chunks; 0.8 s; peak memory 1369 MiB.
2026-09-30T21:25:33Z INFO [244/363] 20b6c7f2-9b7e-4a24-87e3-d3fb6740975a: 48 chunks; 0.8 s; peak memory 1369 MiB.
2026-09-30T21:25:37Z INFO [245/363] 20b76737-3915-4bc3-a817-fe66eaee72cd: 292 chunks; 3.4 s; peak memory 1369 MiB.
2026-09-30T21:25:38Z INFO [246/363] 20b8bf70-befb-4d41-9856-bf5a9f786786: 117 chunks; 0.9 s; peak memory 1369 MiB.
2026-09-30T21:25:54Z INFO [247/363] 20b8f1d0-aa64-47f9-84f2-e54ce385de05: 5643 chunks; 16.0 s; peak memory 1369 MiB.
2026-09-30T21:25:54Z INFO [248/363] 20bb334b-133b-4954-955f-0e802fb8a289: 46 chunks; 0.7 s; peak memory 1369 MiB.
2026-09-30T21:25:55Z INFO [249/363] 20bb4f88-c21c-41fb-809f-34bd305f66b4: 48 chunks; 0.8 s; peak memory 1369 MiB.
2026-09-30T21:26:02Z INFO [250/363] 20bc42b4-9199-4f42-a405-76aab2501855: 118 chunks; 6.7 s; peak memory 1369 MiB.
2026-09-30T21:26:02Z INFO [250/363] 20bc42b4-9199-4f42-a405-76aab2501855: checkpointed 62724 records.
2026-09-30T21:26:03Z INFO [251/363] 20bc929a-4687-4a01-a251-516d6f7529f1: 71 chunks; 1.2 s; peak memory 1369 MiB.
2026-09-30T21:26:38Z INFO [252/363] 20bd8a6d-947d-4864-a655-cfcc2080c389: 20786 chunks; 34.9 s; peak memory 1369 MiB.
2026-09-30T21:26:39Z INFO [253/363] 20bdb4f9-8d2b-4735-9a17-8f28dcd80398: 69 chunks; 1.1 s; peak memory 1369 MiB.
2026-09-30T21:26:40Z INFO [254/363] 20bdfc90-64fe-4d90-991c-9d347c9cb5ae: 112 chunks; 1.1 s; peak memory 1369 MiB.
2026-09-30T21:26:41Z INFO [255/363] 20be0872-3bd7-432c-baf4-400ac752349e: 46 chunks; 0.5 s; peak memory 1369 MiB.
2026-09-30T21:26:47Z INFO [256/363] 20be0a26-0485-49e9-affa-a85560ed1979: 391 chunks; 5.9 s; peak memory 1369 MiB.
2026-09-30T21:26:48Z INFO [257/363] 20be4b54-2b39-49c6-a05b-33fdbef20abd: 118 chunks; 0.9 s; peak memory 1369 MiB.
2026-09-30T21:26:49Z INFO [258/363] 20bea5f2-29bf-4c94-89ac-77f921532582: 69 chunks; 1.4 s; peak memory 1369 MiB.
2026-09-30T21:26:50Z INFO [259/363] 20bec433-2c1a-4012-b182-a4623bdc353d: 69 chunks; 1.1 s; peak memory 1369 MiB.
2026-09-30T21:26:51Z INFO [260/363] 20bf0387-04b0-4450-999a-fa926bcb30a8: 41 chunks; 0.6 s; peak memory 1369 MiB.
2026-09-30T21:26:52Z INFO [261/363] 20bf848f-7266-45a3-abcc-5a14e4abe59f: 163 chunks; 1.5 s; peak memory 1369 MiB.
2026-09-30T21:26:53Z INFO [262/363] 20c0375b-4aa0-479b-b06d-6149322905a2: 117 chunks; 1.0 s; peak memory 1369 MiB.
2026-09-30T21:26:54Z INFO [263/363] 20c1b884-bf2f-4fdb-a7de-20271bc67592: 52 chunks; 0.6 s; peak memory 1369 MiB.
2026-09-30T21:26:54Z INFO [264/363] 20c26283-76ee-4a56-bdf4-c8ae6bb91efb: 31 chunks; 0.7 s; peak memory 1369 MiB.
2026-09-30T21:26:57Z INFO [265/363] 20c2c3ea-6789-4c0f-b06e-25b78e904048: 1585 chunks; 2.9 s; peak memory 1369 MiB.
2026-09-30T21:26:58Z INFO [266/363] 20c3ca95-2f38-4544-972a-bcb0b78136c6: 48 chunks; 0.7 s; peak memory 1369 MiB.
2026-09-30T21:26:59Z INFO [267/363] 20c50d6f-acc0-4556-af41-0713fbd2f58b: 69 chunks; 1.2 s; peak memory 1369 MiB.
2026-09-30T21:27:00Z INFO [268/363] 20c5932b-ef95-41fa-bb45-a659d60121c9: 48 chunks; 0.7 s; peak memory 1369 MiB.
2026-09-30T21:27:01Z INFO [269/363] 20c758fb-4f6c-4ab2-b637-e20d693b37d9: 54 chunks; 0.6 s; peak memory 1369 MiB.
2026-09-30T21:27:02Z INFO [270/363] 20c778c6-0710-4efb-98fd-5ae8e3ff3d8e: 71 chunks; 1.7 s; peak memory 1369 MiB.
2026-09-30T21:27:03Z INFO [271/363] 20c78c5d-9eda-4d8a-8ffa-92d1b0ce5bb4: 72 chunks; 0.9 s; peak memory 1369 MiB.
2026-09-30T21:27:04Z INFO [272/363] 20c80762-d4a8-48fa-860c-81ae4be467c0: 33 chunks; 0.7 s; peak memory 1369 MiB.
2026-09-30T21:27:05Z INFO [273/363] 20c84172-13e6-40e0-835b-19211a8da500: 48 chunks; 0.8 s; peak memory 1369 MiB.
2026-09-30T21:27:06Z INFO [274/363] 20c86655-eeb1-4b84-878f-3ba0031d910f: 69 chunks; 1.1 s; peak memory 1369 MiB.
2026-09-30T21:27:07Z INFO [275/363] 20c8cfc0-91c4-4380-9e67-826ff4b1bbba: 112 chunks; 1.0 s; peak memory 1369 MiB.
2026-09-30T21:27:08Z INFO [276/363] 20c8e7d6-e2fd-496a-a715-af3674e2c046: 80 chunks; 1.8 s; peak memory 1369 MiB.
2026-09-30T21:27:10Z INFO [277/363] 20c97d11-13f7-4fd0-a6f3-1ae63389f65a: 118 chunks; 1.7 s; peak memory 1369 MiB.
2026-09-30T21:27:11Z INFO [278/363] 20c9efc9-a645-4117-a59d-b05713d1b5ec: 66 chunks; 1.1 s; peak memory 1369 MiB.
2026-09-30T21:29:12Z INFO [279/363] 20ca0c21-48d5-4056-b76f-3597443a1bf8: 44912 chunks; 120.7 s; peak memory 1369 MiB.
2026-09-30T21:29:13Z INFO [280/363] 20cb189d-f38e-4791-abea-5de7b9640337: 58 chunks; 0.7 s; peak memory 1369 MiB.
2026-09-30T21:29:14Z INFO [281/363] 20cc5f75-b657-4829-999f-93d04b6e292e: 997 chunks; 1.8 s; peak memory 1369 MiB.
2026-09-30T21:29:15Z INFO [282/363] 20cd508e-5894-4f36-aa1b-2f60f9deb7f6: 48 chunks; 0.9 s; peak memory 1369 MiB.
2026-09-30T21:29:16Z INFO [283/363] 20ce44b0-f772-44d9-a7e5-f411aba42b72: 118 chunks; 1.0 s; peak memory 1369 MiB.
2026-09-30T21:29:18Z INFO [284/363] 20cebf90-faba-4412-a90f-a4851987a882: 71 chunks; 1.8 s; peak memory 1369 MiB.
2026-09-30T21:29:19Z INFO [285/363] 20cf6edd-2bd4-4b22-88d4-cad8f83f48ee: 110 chunks; 1.2 s; peak memory 1369 MiB.
2026-09-30T21:29:29Z INFO [286/363] 20d08a6a-9a0f-4dea-877e-88b5e5576e3e: 1897 chunks; 10.1 s; peak memory 1369 MiB.
2026-09-30T21:29:30Z INFO [287/363] 20d0bd63-3414-4018-a2fd-f8c6f999c19b: 48 chunks; 0.8 s; peak memory 1369 MiB.
2026-09-30T21:29:31Z INFO [288/363] 20d14776-1eb7-4053-bfce-adcf49b47211: 117 chunks; 1.0 s; peak memory 1369 MiB.
2026-09-30T21:29:43Z INFO [289/363] 20d1b64f-107a-4d3b-b05f-19d747dc7031: 8227 chunks; 12.0 s; peak memory 1369 MiB.
2026-09-30T21:29:47Z INFO [290/363] 20d215fe-1d61-4675-9681-1c669f4c13de: 388 chunks; 3.8 s; peak memory 1369 MiB.
2026-09-30T21:35:46Z INFO [291/363] 20d23c63-a94b-480a-8df6-2c3110fdd2bc: 83377 chunks; 358.9 s; peak memory 1369 MiB.
2026-09-30T21:35:47Z INFO [292/363] 20d266c9-e393-4ca6-9c90-265869efe701: 112 chunks; 1.2 s; peak memory 1369 MiB.
2026-09-30T21:35:48Z INFO [293/363] 20d268db-5ae4-43ae-a6e0-a45c2486b97c: 66 chunks; 1.3 s; peak memory 1369 MiB.
2026-09-30T21:35:50Z INFO [294/363] 20d2f72f-bab9-4edf-a202-178c521c1d8e: 71 chunks; 1.5 s; peak memory 1369 MiB.
2026-09-30T21:35:51Z INFO [295/363] 20d3c598-5e48-4a19-8a9e-7a23fe80d040: 71 chunks; 1.5 s; peak memory 1369 MiB.
2026-09-30T21:35:52Z INFO [296/363] 20d405d1-b152-4998-abc0-17eb344e0a26: 48 chunks; 0.9 s; peak memory 1369 MiB.
2026-09-30T21:35:53Z INFO [297/363] 20d4f5fe-d595-4ee2-9882-bd29e89611de: 112 chunks; 0.9 s; peak memory 1369 MiB.
2026-09-30T21:35:54Z INFO [298/363] 20d64ab2-24e4-43c6-8753-ef45fd38cc0f: 48 chunks; 0.9 s; peak memory 1369 MiB.
2026-09-30T21:35:59Z INFO [299/363] 20d6bb13-9ab4-4367-9305-4e587718e5fd: 707 chunks; 4.9 s; peak memory 1369 MiB.
2026-09-30T21:36:00Z INFO [300/363] 20d6eeb4-42a5-40f2-8ec9-04995105ef1a: 46 chunks; 0.6 s; peak memory 1369 MiB.
2026-09-30T21:36:00Z INFO [300/363] 20d6eeb4-42a5-40f2-8ec9-04995105ef1a: checkpointed 62774 records.
2026-09-30T21:36:05Z INFO [301/363] 20d7162a-4221-4aca-9cb4-2b22c5d24dc7: 8302 chunks; 5.1 s; peak memory 1369 MiB.
2026-09-30T21:36:06Z INFO [302/363] 20d84147-63d6-4c6e-83bc-6a8a6314ccd8: 116 chunks; 0.9 s; peak memory 1369 MiB.
2026-09-30T21:36:07Z INFO [303/363] 20d8dd31-6af9-492d-a65c-8285ccff8f4e: 45 chunks; 0.7 s; peak memory 1369 MiB.
2026-09-30T21:36:07Z INFO [304/363] 20d94f85-48be-42fa-9ebb-db4134655cff: 66 chunks; 0.9 s; peak memory 1369 MiB.
2026-09-30T21:36:08Z INFO [305/363] 20da7b2f-e540-48b5-bbd8-59b280d0dfd9: 121 chunks; 0.9 s; peak memory 1369 MiB.
2026-09-30T21:36:09Z INFO [306/363] 20daf99e-3d4d-4f62-abdd-1aebc37a9dbf: 52 chunks; 0.6 s; peak memory 1369 MiB.
2026-09-30T21:36:10Z INFO [307/363] 20db3825-7a8c-4f12-9e7d-ce91a4fa6498: 48 chunks; 0.8 s; peak memory 1369 MiB.
2026-09-30T21:36:11Z INFO [308/363] 20db7394-aea0-4292-b27b-a3732354760b: 118 chunks; 0.8 s; peak memory 1369 MiB.
2026-09-30T21:36:11Z INFO [309/363] 20dbbd71-0c3e-4ff3-97f7-eb6a220095d8: 117 chunks; 0.9 s; peak memory 1369 MiB.
2026-09-30T21:36:14Z INFO [310/363] 20dbe4a1-8c69-49b1-aea9-661c2aad2721: 133 chunks; 2.5 s; peak memory 1369 MiB.
2026-09-30T21:36:19Z INFO [311/363] 20dc8709-fa56-47c0-b09d-4c13f967d415: 4133 chunks; 5.2 s; peak memory 1369 MiB.
2026-09-30T21:36:20Z INFO [312/363] 20dcbae1-9873-4048-8651-a7614f7cd2dd: 31 chunks; 0.6 s; peak memory 1369 MiB.
2026-09-30T21:36:20Z INFO [313/363] 20dd5515-46eb-419c-ac6f-7a5054e5833a: 57 chunks; 0.5 s; peak memory 1369 MiB.
2026-09-30T21:36:21Z INFO [314/363] 20dd6193-3788-45a0-9945-2632966297c5: 48 chunks; 0.8 s; peak memory 1369 MiB.
2026-09-30T21:36:22Z INFO [315/363] 20de6258-817c-4eee-acde-cfcc19d0cbd9: 118 chunks; 1.0 s; peak memory 1369 MiB.
2026-09-30T21:36:23Z INFO [316/363] 20dea5c4-af4e-48f7-9fbd-4136efa7e30b: 48 chunks; 0.9 s; peak memory 1369 MiB.
2026-09-30T21:36:24Z INFO [317/363] 20e2c85c-d070-4e33-9401-4fcdccec1ff6: 117 chunks; 0.9 s; peak memory 1369 MiB.
2026-09-30T21:36:25Z INFO [318/363] 20e46fe6-5704-40e9-b9f5-c76cb1707d48: 59 chunks; 1.0 s; peak memory 1369 MiB.
2026-09-30T21:36:26Z INFO [319/363] 20e4b649-b593-4ee3-bd02-f0645aad7021: 123 chunks; 1.5 s; peak memory 1369 MiB.
2026-09-30T21:36:27Z INFO [320/363] 20e51ad9-819b-46a4-91fe-09c1c17a8f02: 48 chunks; 0.9 s; peak memory 1369 MiB.
2026-09-30T21:36:28Z INFO [321/363] 20e5329f-1cb9-4d41-9502-5d0ba2179f4c: 117 chunks; 0.9 s; peak memory 1369 MiB.
2026-09-30T21:36:29Z INFO [322/363] 20e5aba8-5ab3-47af-8511-94f5c6da08ca: 45 chunks; 0.6 s; peak memory 1369 MiB.
2026-09-30T21:36:29Z INFO [323/363] 20e5f42d-e6de-45be-9cb0-d033b580db54: 48 chunks; 0.7 s; peak memory 1369 MiB.
2026-09-30T21:36:32Z INFO [324/363] 20e60060-898a-4cb1-a96c-f61903af5bbe: 157 chunks; 2.4 s; peak memory 1369 MiB.
2026-09-30T21:36:33Z INFO [325/363] 20e66bd1-9945-4dbf-af08-4965eccb1d7c: 117 chunks; 1.0 s; peak memory 1369 MiB.
2026-09-30T21:36:34Z INFO [326/363] 20e67ddf-15b3-4144-b230-d755248e662d: 84 chunks; 0.8 s; peak memory 1369 MiB.
2026-09-30T21:36:34Z INFO [327/363] 20e714fe-0660-48b1-85e5-b2c6f39307b3: 52 chunks; 0.9 s; peak memory 1369 MiB.
2026-09-30T21:36:35Z INFO [328/363] 20e74e59-c26d-4a6a-a88d-526471fcf5fe: 45 chunks; 0.9 s; peak memory 1369 MiB.
2026-09-30T21:36:36Z INFO [329/363] 20e8eef5-5404-455a-98aa-262b5f2681b9: 112 chunks; 1.1 s; peak memory 1369 MiB.
2026-09-30T21:36:38Z INFO [330/363] 20e90e98-54bb-457b-9509-e1b9373d800a: 71 chunks; 1.4 s; peak memory 1369 MiB.
2026-09-30T21:36:39Z INFO [331/363] 20e98d85-6d8f-4ac8-8c98-d8cb8a26a209: 289 chunks; 1.1 s; peak memory 1369 MiB.
2026-09-30T21:36:40Z INFO [332/363] 20e9e71d-fdda-4926-b63a-bb20548d0ee3: 141 chunks; 1.6 s; peak memory 1369 MiB.
2026-09-30T21:36:43Z INFO [333/363] 20eacf97-ef36-4768-8b0c-06e601ddeed6: 144 chunks; 2.1 s; peak memory 1369 MiB.
2026-09-30T21:36:43Z INFO [334/363] 20eb34f5-359f-4095-8606-83c8ad4369f1: 48 chunks; 0.8 s; peak memory 1369 MiB.
2026-09-30T21:36:44Z INFO [335/363] 20eb7f1b-3690-4d4d-89a3-251912c1cb7f: 48 chunks; 0.9 s; peak memory 1369 MiB.
2026-09-30T21:36:45Z INFO [336/363] 20ebcc6c-afdd-4ea5-a61f-83111c96c772: 48 chunks; 0.8 s; peak memory 1369 MiB.
2026-09-30T21:36:51Z INFO [337/363] 20ec1018-989f-47f6-b23a-8a4d222f2480: 10914 chunks; 6.1 s; peak memory 1369 MiB.
2026-09-30T21:36:52Z INFO [338/363] 20ec1ea7-e441-4404-acd4-06712fdc10e9: 48 chunks; 0.8 s; peak memory 1369 MiB.
2026-09-30T21:36:53Z INFO [339/363] 20ec8bb4-ed6d-430a-9648-21c9a182737b: 112 chunks; 0.9 s; peak memory 1369 MiB.
2026-09-30T21:36:54Z INFO [340/363] 20ed9dc6-2341-4c5f-9a44-f173758280c0: 48 chunks; 0.9 s; peak memory 1369 MiB.
2026-09-30T21:36:54Z INFO [341/363] 20ee1f40-7d95-4bf3-8fd9-3e58a836e681: 48 chunks; 0.8 s; peak memory 1369 MiB.
2026-09-30T21:36:55Z INFO [342/363] 20ee563e-113e-469b-a2de-e1a9a065d1cb: 557 chunks; 1.1 s; peak memory 1369 MiB.
2026-09-30T21:36:59Z INFO [343/363] 20eed207-dea2-4245-b1f5-f17b3a73949d: 1288 chunks; 3.8 s; peak memory 1369 MiB.
2026-09-30T21:37:00Z INFO [344/363] 20f0dbef-bea2-43a1-bed5-5ab3f756a21a: 58 chunks; 0.7 s; peak memory 1369 MiB.
2026-09-30T21:37:02Z INFO [345/363] 20f238bc-fa39-43a6-949a-645b4fc40857: 71 chunks; 1.7 s; peak memory 1369 MiB.
2026-09-30T21:37:02Z INFO [346/363] 20f27754-8118-417b-adfc-cb9b73e8065d: 48 chunks; 0.9 s; peak memory 1369 MiB.
2026-09-30T21:37:03Z INFO [347/363] 20f27d09-b864-410c-a0ba-d081d9283cf8: 65 chunks; 1.0 s; peak memory 1369 MiB.
2026-09-30T21:37:04Z INFO [348/363] 20f36085-3c98-4118-8118-0a4c632c7c16: 132 chunks; 0.8 s; peak memory 1369 MiB.
2026-09-30T21:37:05Z INFO [349/363] 20f37975-8453-438d-bbe3-810d6ec57ff9: 46 chunks; 0.5 s; peak memory 1369 MiB.
2026-09-30T21:37:06Z INFO [350/363] 20f3beff-6380-4043-abe7-dfd8110d1e02: 117 chunks; 1.0 s; peak memory 1369 MiB.
2026-09-30T21:37:06Z INFO [350/363] 20f3beff-6380-4043-abe7-dfd8110d1e02: checkpointed 62824 records.
2026-09-30T21:37:07Z INFO [351/363] 20f44680-6809-4d75-b584-675efd6c1c2d: 117 chunks; 0.9 s; peak memory 1369 MiB.
2026-09-30T21:37:08Z INFO [352/363] 20f4ee9f-38f7-4e31-9747-57895a429779: 48 chunks; 0.9 s; peak memory 1369 MiB.
2026-09-30T21:37:08Z INFO [353/363] 20f54000-5f79-4777-a708-b7aea4b54be2: 48 chunks; 0.8 s; peak memory 1369 MiB.
2026-09-30T21:37:09Z INFO [354/363] 20f5b1d8-20db-4d2a-b0ce-8b507716d770: 46 chunks; 0.7 s; peak memory 1369 MiB.
2026-09-30T21:37:20Z INFO [355/363] 20f5b740-4bd3-4e58-9778-14dab90e9921: 432 chunks; 10.4 s; peak memory 1369 MiB.
2026-09-30T21:37:21Z INFO [356/363] 20f5ff1f-2a60-4654-9d69-262e5767f9ea: 937 chunks; 1.4 s; peak memory 1369 MiB.
2026-09-30T21:37:22Z INFO [357/363] 20f641a4-0fb2-4a75-9ecd-92b12c9cadd5: 117 chunks; 0.9 s; peak memory 1369 MiB.
2026-09-30T21:38:05Z INFO [358/363] 20f68f8b-cbab-4c07-94ef-1c45c73a815d: 26674 chunks; 43.4 s; peak memory 1369 MiB.
2026-09-30T21:38:06Z INFO [359/363] 20f9007e-e43c-45cf-95b3-f2c0f07b6968: 117 chunks; 1.1 s; peak memory 1369 MiB.
2026-09-30T21:38:10Z INFO [360/363] 20f93032-dc8d-45f6-bfbd-0e04c0265395: 260 chunks; 3.4 s; peak memory 1369 MiB.
2026-09-30T21:38:11Z INFO [361/363] 20f96918-31a3-4a01-ae48-60966ae8a559: 65 chunks; 1.2 s; peak memory 1369 MiB.
2026-09-30T21:38:12Z INFO [362/363] 20f9c20d-ba7c-4030-a095-cb9dee8ef30c: 117 chunks; 0.9 s; peak memory 1369 MiB.
2026-09-30T21:38:13Z INFO [363/363] 20fa5424-458e-4b58-b3e8-2b53ff954b84: 42 chunks; 0.7 s; peak memory 1369 MiB.
2026-09-30T21:38:13Z INFO Wrote 62837 records to /tmp/derivatives/valid_nwb_file_to_chunk_stats.jsonl (363 new, 0 failed) in 31.5 min (peak memory 1369 MiB).
