2026-10-06T02:46:39Z INFO Logging to /tmp/logs/update_2026-10-06T02-46-39Z.log.
2026-10-06T02:46:39Z INFO Update valid-nwb-file-to-chunk-stats (base directory /tmp).
2026-10-06T02:46:40Z INFO Processing 500 items (77834 already recorded).
2026-10-06T02:46:47Z INFO [1/500] 400780fa-9802-49fa-b61c-757fa82e598e: 2344 chunks; 7.6 s; peak memory 175 MiB.
2026-10-06T02:46:49Z INFO [2/500] 4008ea4b-e3d2-49b5-b705-32a1c319e6b0: 158 chunks; 1.8 s; peak memory 175 MiB.
2026-10-06T02:46:52Z INFO [3/500] 4009007c-a0ab-4610-9d57-911b8f4c09fc: 8014 chunks; 3.3 s; peak memory 189 MiB.
2026-10-06T02:46:53Z INFO [4/500] 400902cd-3d94-43ed-8d49-fd67757de6bc: 59 chunks; 1.0 s; peak memory 189 MiB.
2026-10-06T02:46:54Z INFO [5/500] 400ac1a6-2888-4b83-b597-36cf0c11888b: 117 chunks; 1.1 s; peak memory 189 MiB.
2026-10-06T02:46:56Z INFO [6/500] 400ad79b-697a-4a0d-a967-e5352c41905e: 163 chunks; 1.8 s; peak memory 189 MiB.
2026-10-06T02:46:57Z INFO [7/500] 400b451a-235b-4058-ac42-e1f2fa83cb97: 52 chunks; 0.7 s; peak memory 189 MiB.
2026-10-06T02:47:09Z INFO [8/500] 400bc835-03a2-4430-9553-d1ca894f32b9: 598 chunks; 11.9 s; peak memory 199 MiB.
2026-10-06T02:47:10Z INFO [9/500] 400c3d48-493b-4184-ae38-b211a88887eb: 116 chunks; 0.9 s; peak memory 199 MiB.
2026-10-06T02:47:11Z INFO [10/500] 400cd98d-4f36-453f-9cc1-3cd592bed967: 77 chunks; 0.9 s; peak memory 199 MiB.
2026-10-06T02:47:11Z INFO [11/500] 400d4622-ead7-4f8c-ba95-2feab6dc3382: 46 chunks; 0.5 s; peak memory 199 MiB.
2026-10-06T02:47:12Z INFO [12/500] 400d5c86-86c2-4c84-8260-1a9ad0ec1cb0: 118 chunks; 1.3 s; peak memory 199 MiB.
2026-10-06T02:47:13Z INFO [13/500] 400dd3cd-175b-4051-8ef5-1307818e71a4: 132 chunks; 0.8 s; peak memory 199 MiB.
2026-10-06T02:47:14Z INFO [14/500] 400e3b5c-1326-488c-917c-0d1c0283fbec: 117 chunks; 0.8 s; peak memory 199 MiB.
2026-10-06T02:47:15Z INFO [15/500] 400e6357-1d0a-4448-9357-fdc170a7d635: 112 chunks; 1.1 s; peak memory 199 MiB.
2026-10-06T02:47:16Z INFO [16/500] 400f4af2-e113-4d8b-8c84-ff31b7ec1034: 48 chunks; 0.7 s; peak memory 199 MiB.
2026-10-06T02:47:17Z INFO [17/500] 400f8592-72bb-49c6-99f3-9bc93a0b7fa4: 112 chunks; 0.9 s; peak memory 199 MiB.
2026-10-06T02:47:17Z INFO [18/500] 400fdf75-656f-4efa-8445-a06fbe141282: 48 chunks; 0.7 s; peak memory 199 MiB.
2026-10-06T02:47:18Z INFO [19/500] 40102726-79d6-4022-9c6c-0006c759b2f2: 63 chunks; 0.6 s; peak memory 199 MiB.
2026-10-06T02:47:19Z INFO [20/500] 4010da21-86ff-41b2-8b79-c0b949ed3f93: 48 chunks; 0.7 s; peak memory 199 MiB.
2026-10-06T02:47:20Z INFO [21/500] 40119369-9343-4899-a98c-7675cc31feda: 117 chunks; 1.0 s; peak memory 199 MiB.
2026-10-06T02:47:22Z INFO [22/500] 401212d9-0544-4c92-be74-c13acc7e36e8: 4417 chunks; 2.8 s; peak memory 199 MiB.
2026-10-06T02:47:24Z INFO [23/500] 4012528b-bf15-4dfb-a412-069be0876953: 68 chunks; 1.1 s; peak memory 199 MiB.
2026-10-06T02:47:25Z INFO [24/500] 4014025a-06e5-4317-8eca-3e20d60d09e7: 112 chunks; 1.0 s; peak memory 199 MiB.
2026-10-06T02:47:25Z INFO [25/500] 4014ec37-b59b-4a9b-a920-d571248157da: 48 chunks; 0.7 s; peak memory 199 MiB.
2026-10-06T02:47:30Z INFO [26/500] 401501f6-645a-423b-92d5-e85c541dceb2: 4151 chunks; 4.5 s; peak memory 199 MiB.
2026-10-06T02:47:33Z INFO [27/500] 4015b2af-a1dd-4b1f-af59-6ff4ef28c172: 468 chunks; 3.3 s; peak memory 199 MiB.
2026-10-06T02:47:34Z INFO [28/500] 4016d40f-2110-432d-b88b-563c811bd37e: 69 chunks; 0.8 s; peak memory 199 MiB.
2026-10-06T02:47:42Z INFO [29/500] 4017d07a-be81-43f5-99ac-8af80ca5794a: 23298 chunks; 8.5 s; peak memory 232 MiB.
2026-10-06T02:47:43Z INFO [30/500] 40181646-cd05-4cbe-afd2-ad10569b091a: 48 chunks; 0.9 s; peak memory 232 MiB.
2026-10-06T02:47:45Z INFO [31/500] 40190ba3-aeb3-4a23-b6ad-9a9a1d9a79f1: 57 chunks; 1.5 s; peak memory 232 MiB.
2026-10-06T02:47:46Z INFO [32/500] 40192553-7c5c-4429-89cf-6debc6c52d51: 48 chunks; 0.8 s; peak memory 232 MiB.
2026-10-06T02:47:47Z INFO [33/500] 40198eac-742d-4f21-8fae-10787ebb5495: 71 chunks; 1.3 s; peak memory 232 MiB.
2026-10-06T02:47:48Z INFO [34/500] 401a78cc-2a23-43d3-8ad2-ed841bcdaa77: 117 chunks; 0.7 s; peak memory 232 MiB.
2026-10-06T02:47:48Z INFO [35/500] 401a83c5-e0f4-4395-befc-501aae64b5c3: 58 chunks; 0.6 s; peak memory 232 MiB.
2026-10-06T02:47:49Z INFO [36/500] 401a98b4-7785-453a-9838-8638f2ff7c83: 48 chunks; 0.8 s; peak memory 232 MiB.
2026-10-06T02:47:50Z INFO [37/500] 401af263-8de9-4847-beee-d3c1e1dab1fc: 67 chunks; 1.1 s; peak memory 232 MiB.
2026-10-06T02:47:51Z INFO [38/500] 401c1315-2436-4bd3-9046-1e941d188662: 46 chunks; 0.7 s; peak memory 232 MiB.
2026-10-06T02:47:51Z INFO [39/500] 401c2c54-e232-49d1-9981-0d7aa3e92043: 48 chunks; 0.6 s; peak memory 232 MiB.
2026-10-06T02:47:53Z INFO [40/500] 401c33df-dbca-4272-a67f-38b54aa289ef: 203 chunks; 1.7 s; peak memory 232 MiB.
2026-10-06T02:47:54Z INFO [41/500] 401c9e7d-d7e2-40b4-8057-f935ad179bcb: 52 chunks; 0.5 s; peak memory 232 MiB.
2026-10-06T02:47:55Z INFO [42/500] 401ce5df-a8b0-4d2a-97c3-9f6d3100c053: 117 chunks; 1.1 s; peak memory 232 MiB.
2026-10-06T02:47:55Z INFO [43/500] 401dad5e-37be-4c92-a3f0-46cd8e1f645c: 62 chunks; 0.6 s; peak memory 232 MiB.
2026-10-06T02:47:56Z INFO [44/500] 401db600-2e91-443b-b5d7-10ee1fd5fc07: 48 chunks; 0.8 s; peak memory 232 MiB.
2026-10-06T02:47:57Z INFO [45/500] 401f27ea-092d-4881-a064-f06261a8f485: 66 chunks; 1.1 s; peak memory 232 MiB.
2026-10-06T02:47:58Z INFO [46/500] 402035e7-ce35-47ff-af30-16ecfbcc6bf0: 48 chunks; 0.8 s; peak memory 232 MiB.
2026-10-06T02:47:59Z INFO [47/500] 40207dd0-ec5c-4caa-8650-db079bb71bcb: 121 chunks; 0.7 s; peak memory 232 MiB.
2026-10-06T02:47:59Z INFO [48/500] 40212060-357e-48a6-bc64-d6d2822471d7: 46 chunks; 0.5 s; peak memory 232 MiB.
2026-10-06T02:48:02Z INFO [49/500] 40237020-8843-4a1d-b9ed-8272430afd44: 229 chunks; 2.5 s; peak memory 232 MiB.
2026-10-06T02:48:07Z INFO [50/500] 4023df42-4c6c-4de3-99ff-8fd61c8eab7d: 20681 chunks; 5.5 s; peak memory 233 MiB.
2026-10-06T02:48:07Z INFO [50/500] 4023df42-4c6c-4de3-99ff-8fd61c8eab7d: checkpointed 77884 records.
2026-10-06T02:48:08Z INFO [51/500] 40244018-4bcd-4cf8-ac2a-0786173e8ecb: 118 chunks; 0.8 s; peak memory 233 MiB.
2026-10-06T02:48:09Z INFO [52/500] 40251ae8-5260-44b5-b7b7-20edb48f370a: 46 chunks; 0.4 s; peak memory 233 MiB.
2026-10-06T02:48:09Z INFO [53/500] 40259674-1a50-4d9d-8c1b-17421fff10dd: 48 chunks; 0.8 s; peak memory 233 MiB.
2026-10-06T02:48:10Z INFO [54/500] 40259b43-e2b2-454a-9069-2154e547dc28: 48 chunks; 0.7 s; peak memory 233 MiB.
2026-10-06T02:48:13Z INFO [55/500] 40280c2f-5922-49d4-9e41-c7269501ef52: 372 chunks; 3.3 s; peak memory 233 MiB.
2026-10-06T02:48:14Z INFO [56/500] 4028e238-a6ee-47a8-8d46-6b638982ab22: 66 chunks; 1.1 s; peak memory 233 MiB.
2026-10-06T02:48:15Z INFO [57/500] 40293261-8624-45e5-b05b-d5eba98c21cc: 118 chunks; 0.8 s; peak memory 233 MiB.
2026-10-06T02:48:17Z INFO [58/500] 4029455b-d65d-4fe8-b311-e8272e645525: 90 chunks; 1.8 s; peak memory 233 MiB.
2026-10-06T02:48:18Z INFO [59/500] 402a5c9d-1784-40d3-8e35-f8b4acdf65ff: 33 chunks; 0.8 s; peak memory 233 MiB.
2026-10-06T02:48:19Z INFO [60/500] 402a9935-5775-4ee9-be64-7cf4155fc5ff: 118 chunks; 0.8 s; peak memory 234 MiB.
2026-10-06T02:48:19Z INFO [61/500] 402b0c21-8911-4a4d-91ee-306806ee4e90: 48 chunks; 0.6 s; peak memory 234 MiB.
2026-10-06T02:48:20Z INFO [62/500] 402b79bc-0474-4940-bce1-10a464f8eeed: 48 chunks; 0.8 s; peak memory 234 MiB.
2026-10-06T02:48:21Z INFO [63/500] 402b9990-4fb5-4641-8307-5e75a55f2171: 117 chunks; 0.8 s; peak memory 234 MiB.
2026-10-06T02:48:23Z INFO [64/500] 402e119c-4463-4559-ad9b-898a594ba564: 218 chunks; 2.4 s; peak memory 234 MiB.
2026-10-06T02:48:24Z INFO [65/500] 402f8ac3-c9dd-4f50-8c74-98b4c1084e54: 112 chunks; 1.0 s; peak memory 234 MiB.
2026-10-06T02:48:28Z INFO [66/500] 402fa986-02f9-4fd6-9472-5cf51b364887: 182 chunks; 3.8 s; peak memory 234 MiB.
2026-10-06T02:48:29Z INFO [67/500] 403017b0-6b82-4106-8b6f-ff2a0a0212a5: 117 chunks; 0.8 s; peak memory 234 MiB.
2026-10-06T02:48:30Z INFO [68/500] 403062f2-2c25-4607-8923-aaf07584a0e1: 112 chunks; 0.9 s; peak memory 234 MiB.
2026-10-06T02:48:31Z INFO [69/500] 4031598c-ed9c-4e1d-8462-2b19aa58fe56: 309 chunks; 1.8 s; peak memory 234 MiB.
2026-10-06T02:48:33Z INFO [70/500] 40315ce5-03e0-4793-8d8a-09a213968a12: 126 chunks; 1.5 s; peak memory 234 MiB.
2026-10-06T02:48:34Z INFO [71/500] 40316c61-4102-4478-9685-adb3c1e4e029: 69 chunks; 1.0 s; peak memory 234 MiB.
2026-10-06T02:48:40Z INFO [72/500] 4032db16-9793-4e8b-bff1-9f69f9a2bf62: 20451 chunks; 6.5 s; peak memory 234 MiB.
2026-10-06T02:48:42Z INFO [73/500] 4034ac84-731d-4d53-b753-c02fa1cfa13c: 168 chunks; 1.4 s; peak memory 234 MiB.
2026-10-06T02:50:44Z INFO [74/500] 4034ee55-8af1-4e94-9ac5-9b85abc4ddcc: 45045 chunks; 121.9 s; peak memory 364 MiB.
2026-10-06T02:50:45Z INFO [75/500] 4035d4fa-3f07-4cea-9934-a741c0c48625: 112 chunks; 1.0 s; peak memory 364 MiB.
2026-10-06T02:50:46Z INFO [76/500] 4036dd1b-72ca-4a04-b3e7-f832167b573d: 116 chunks; 0.9 s; peak memory 364 MiB.
2026-10-06T02:50:50Z INFO [77/500] 403730b3-79fa-4f6a-a174-580b65b7a54d: 312 chunks; 4.7 s; peak memory 364 MiB.
2026-10-06T02:50:51Z INFO [78/500] 40374452-dcfd-4fa3-ae3d-f9dba87f3ee6: 107 chunks; 1.1 s; peak memory 364 MiB.
2026-10-06T02:50:52Z INFO [79/500] 4038cf21-acb0-474e-8dcb-fb0c14dde307: 45 chunks; 1.0 s; peak memory 364 MiB.
2026-10-06T02:50:53Z INFO [80/500] 4039ad4c-a2ef-4db0-8419-2ea8f98d5168: 74 chunks; 0.8 s; peak memory 364 MiB.
2026-10-06T02:50:56Z INFO [81/500] 4039ccee-6a91-45c5-a571-3295bace6a5d: 145 chunks; 2.4 s; peak memory 364 MiB.
2026-10-06T02:50:56Z INFO [82/500] 403a58a3-f8d7-4ff2-8662-ebbebc82b3bd: 132 chunks; 0.8 s; peak memory 364 MiB.
2026-10-06T02:50:58Z INFO [83/500] 403a6790-d2f3-4bc5-b016-db96aa080169: 66 chunks; 1.4 s; peak memory 364 MiB.
2026-10-06T02:50:59Z INFO [84/500] 403abdd5-b9ba-43cf-adea-567dfa5461e8: 66 chunks; 1.2 s; peak memory 364 MiB.
2026-10-06T02:51:00Z INFO [85/500] 403b21b5-36a7-4401-9bce-d104d7305f6a: 112 chunks; 0.8 s; peak memory 364 MiB.
2026-10-06T02:51:01Z INFO [86/500] 403be4a7-2464-439a-939f-820ed5944365: 42 chunks; 0.9 s; peak memory 364 MiB.
2026-10-06T02:51:03Z INFO [87/500] 403c33d1-f868-47da-8d43-d2c823404253: 115 chunks; 1.8 s; peak memory 364 MiB.
2026-10-06T02:51:05Z INFO [88/500] 403d6a82-47da-433f-83e8-71601f401553: 2048 chunks; 2.3 s; peak memory 364 MiB.
2026-10-06T02:51:07Z INFO [89/500] 403e27c2-e305-40a4-8042-49c6138a490e: 115 chunks; 1.7 s; peak memory 364 MiB.
2026-10-06T02:51:07Z INFO [90/500] 403ee761-abe7-4982-9349-e4b44c9d400e: 69 chunks; 0.8 s; peak memory 364 MiB.
2026-10-06T02:51:09Z INFO [91/500] 403f17bb-5fd9-428a-862e-3b1cea101506: 115 chunks; 1.7 s; peak memory 364 MiB.
2026-10-06T02:51:10Z INFO [92/500] 40405ff8-24d4-4172-af23-60e9fd35d29f: 118 chunks; 1.4 s; peak memory 364 MiB.
2026-10-06T02:51:12Z INFO [93/500] 4040c62d-0c6e-4b94-9dda-19ebb36bcdf4: 53 chunks; 1.5 s; peak memory 364 MiB.
2026-10-06T02:51:14Z INFO [94/500] 4040e83b-3c88-4781-b21c-e48451312406: 2566 chunks; 2.5 s; peak memory 364 MiB.
2026-10-06T02:51:16Z INFO [95/500] 404157ee-62c9-49ee-9931-a157a35c7e2f: 94 chunks; 1.5 s; peak memory 364 MiB.
2026-10-06T02:51:17Z INFO [96/500] 4043183a-c02b-4c2a-aecf-759900dc654c: 72 chunks; 0.7 s; peak memory 364 MiB.
2026-10-06T02:51:20Z INFO [97/500] 40435ff8-4b2d-4a89-ba69-6965bfb52cd0: 612 chunks; 3.5 s; peak memory 364 MiB.
2026-10-06T02:51:21Z INFO [98/500] 4043bf36-624f-441f-9f9b-6b6d0346cc44: 48 chunks; 0.8 s; peak memory 364 MiB.
2026-10-06T02:51:22Z INFO [99/500] 4043e44f-1568-4709-b9ab-0f8af5ae8beb: 118 chunks; 0.8 s; peak memory 364 MiB.
2026-10-06T02:51:22Z INFO [100/500] 404462f5-0f2e-4e44-9c27-a0fcaad7a88e: 48 chunks; 0.6 s; peak memory 364 MiB.
2026-10-06T02:51:23Z INFO [100/500] 404462f5-0f2e-4e44-9c27-a0fcaad7a88e: checkpointed 77934 records.
2026-10-06T02:51:23Z INFO [101/500] 4044abfd-f201-46d8-8a42-ac12cc4a6656: 117 chunks; 0.7 s; peak memory 364 MiB.
2026-10-06T02:51:24Z INFO [102/500] 40454126-c4dc-4c4c-a8b0-5239bb6a3bf5: 52 chunks; 0.5 s; peak memory 364 MiB.
2026-10-06T02:51:28Z INFO [103/500] 404614e1-03b5-471c-923c-b780019fac13: 323 chunks; 3.9 s; peak memory 364 MiB.
2026-10-06T02:51:30Z INFO [104/500] 40464948-1d0c-49ed-92eb-e79161b6d94d: 156 chunks; 2.2 s; peak memory 364 MiB.
2026-10-06T02:51:31Z INFO [105/500] 404650fc-991f-42c1-8f4e-e38b84eb0233: 66 chunks; 1.4 s; peak memory 364 MiB.
2026-10-06T02:51:32Z INFO [106/500] 4047a4a4-1298-4d2c-8c37-65fa8c621634: 48 chunks; 0.7 s; peak memory 364 MiB.
2026-10-06T02:51:33Z INFO [107/500] 4047baf4-4c68-463f-9ae1-d97410164397: 66 chunks; 1.2 s; peak memory 364 MiB.
2026-10-06T02:51:34Z INFO [108/500] 4048a44a-9c48-4201-aaa6-04275ce11d2b: 52 chunks; 0.7 s; peak memory 364 MiB.
2026-10-06T02:51:40Z INFO [109/500] 4049ad46-2e4b-4234-b6fe-a37095c011a5: 336 chunks; 5.7 s; peak memory 364 MiB.
2026-10-06T02:51:41Z INFO [110/500] 4049f1b3-fa31-4ada-ba9e-85d6f86c5467: 112 chunks; 1.0 s; peak memory 364 MiB.
2026-10-06T02:51:41Z INFO [111/500] 404a6fac-b2d2-4323-9dce-b1b56f0ed197: 48 chunks; 0.7 s; peak memory 364 MiB.
2026-10-06T02:51:43Z INFO [112/500] 404abf7f-74f0-4128-b316-bf559a266767: 222 chunks; 1.5 s; peak memory 364 MiB.
2026-10-06T02:51:44Z INFO [113/500] 404c9487-37c8-4bd5-9ee1-5875d1e4de95: 48 chunks; 0.7 s; peak memory 364 MiB.
2026-10-06T02:51:44Z INFO [114/500] 404d51b3-f9ac-425b-aba5-e1ef76f1899a: 81 chunks; 0.7 s; peak memory 364 MiB.
2026-10-06T02:51:48Z INFO [115/500] 404efa41-97a9-42ed-8c73-28fa4f09ba89: 238 chunks; 4.0 s; peak memory 364 MiB.
2026-10-06T02:51:49Z INFO [116/500] 404f9c5d-3e59-465e-acb0-6a5364952412: 69 chunks; 0.7 s; peak memory 364 MiB.
2026-10-06T02:51:50Z INFO [117/500] 404fd5d0-4203-435a-9a9a-b74a5337e623: 79 chunks; 0.9 s; peak memory 364 MiB.
2026-10-06T02:51:51Z INFO [118/500] 405069ba-38e7-47f4-a5ff-f6974bdbbb81: 367 chunks; 1.3 s; peak memory 364 MiB.
2026-10-06T02:51:52Z INFO [119/500] 40510750-8bd0-4c94-8b99-219eb87b486f: 71 chunks; 0.9 s; peak memory 364 MiB.
2026-10-06T02:51:53Z INFO [120/500] 4051688d-9e2b-4869-9b49-1f4b4b710110: 119 chunks; 1.3 s; peak memory 364 MiB.
2026-10-06T02:51:54Z INFO [121/500] 40529cf2-1e55-42ba-bae4-580389f01129: 46 chunks; 0.4 s; peak memory 364 MiB.
2026-10-06T02:51:58Z INFO [122/500] 40537476-561a-4606-9408-6337189ad0f2: 304 chunks; 4.1 s; peak memory 364 MiB.
2026-10-06T02:52:00Z INFO [123/500] 40545025-8aaa-4cc2-bf3e-6a553404564d: 157 chunks; 1.7 s; peak memory 364 MiB.
2026-10-06T02:52:04Z INFO [124/500] 40550f72-bc6b-44ca-9efa-50cbbfbc208c: 7861 chunks; 4.0 s; peak memory 364 MiB.
2026-10-06T02:52:05Z INFO [125/500] 4055cc15-771d-4e7f-82b7-d251b38d42ee: 112 chunks; 0.9 s; peak memory 364 MiB.
2026-10-06T02:52:06Z INFO [126/500] 4055d21d-1459-48e2-9d42-bf0eba9acc0b: 112 chunks; 1.0 s; peak memory 364 MiB.
2026-10-06T02:53:57Z INFO [127/500] 40560895-dcc9-4166-8f33-327404285470: 41092 chunks; 111.2 s; peak memory 364 MiB.
2026-10-06T02:53:58Z INFO [128/500] 4056449b-3fc6-4971-9e8e-cf9d0fe9b235: 93 chunks; 1.0 s; peak memory 364 MiB.
2026-10-06T02:54:02Z INFO [129/500] 4057f05f-196c-4c89-a989-7141c2337831: 2922 chunks; 3.9 s; peak memory 364 MiB.
2026-10-06T02:54:03Z INFO [130/500] 4057f254-dea3-496d-bd16-b5353a21d316: 48 chunks; 0.7 s; peak memory 364 MiB.
2026-10-06T02:54:03Z INFO [131/500] 40584bf2-87be-4ae5-853c-5e966ae7a72b: 48 chunks; 0.6 s; peak memory 364 MiB.
2026-10-06T02:54:04Z INFO [132/500] 40599874-3511-47e9-8a39-b9e97c45db70: 49 chunks; 0.8 s; peak memory 364 MiB.
2026-10-06T02:54:05Z INFO [133/500] 4059c4ce-9163-47c6-a001-96c403b98880: 48 chunks; 0.7 s; peak memory 364 MiB.
2026-10-06T02:54:06Z INFO [134/500] 4059d68b-2bf8-4db6-8539-2e9f1fada6d5: 146 chunks; 1.8 s; peak memory 364 MiB.
2026-10-06T02:54:19Z INFO [135/500] 405a3891-2e1a-48ad-8bef-493c5023dfde: 16743 chunks; 12.7 s; peak memory 364 MiB.
2026-10-06T02:54:20Z INFO [136/500] 405a4352-f636-48b6-873c-a9c61995953a: 69 chunks; 0.5 s; peak memory 364 MiB.
2026-10-06T02:54:24Z INFO [137/500] 405a6036-465c-49ba-a33d-b5f7f0a8a92e: 2923 chunks; 3.9 s; peak memory 364 MiB.
2026-10-06T02:54:41Z INFO [138/500] 405aaa91-52fd-4945-8bb3-3c98e6cee1e7: 6052 chunks; 17.8 s; peak memory 364 MiB.
2026-10-06T02:54:42Z INFO [139/500] 405ab933-12ec-4dbd-923b-dd8f2a35c857: 116 chunks; 0.9 s; peak memory 364 MiB.
2026-10-06T02:54:43Z INFO [140/500] 405af47f-0a04-4c99-b410-1f744ee96de1: 50 chunks; 0.7 s; peak memory 364 MiB.
2026-10-06T02:54:44Z INFO [141/500] 405cc68a-1795-4a75-895f-34cc7387cdce: 46 chunks; 0.5 s; peak memory 364 MiB.
2026-10-06T02:54:45Z INFO [142/500] 405d7d1d-a843-43ab-8f9b-b61ebfd7b3d5: 112 chunks; 1.1 s; peak memory 364 MiB.
2026-10-06T02:54:45Z INFO [143/500] 405d8821-7497-4b9c-a2c5-a9cce60a2507: 48 chunks; 0.7 s; peak memory 364 MiB.
2026-10-06T02:54:49Z INFO [144/500] 405f3d6d-5bda-4925-975d-b00d81719818: 435 chunks; 4.0 s; peak memory 364 MiB.
2026-10-06T02:54:50Z INFO [145/500] 405f6d8e-e764-495f-9454-f155b0f03d17: 41 chunks; 0.6 s; peak memory 364 MiB.
2026-10-06T02:54:51Z INFO [146/500] 405fa6a0-8051-43b1-b648-72fcc1d61699: 338 chunks; 1.0 s; peak memory 364 MiB.
2026-10-06T02:54:55Z INFO [147/500] 406040f5-2bcb-40ed-97ef-3297d1dc6ca2: 193 chunks; 3.7 s; peak memory 364 MiB.
2026-10-06T02:54:55Z INFO [148/500] 4060474d-15a8-4312-add8-b10e63162cc7: 117 chunks; 0.9 s; peak memory 364 MiB.
2026-10-06T02:54:56Z INFO [149/500] 40608581-ffe6-4716-b7ae-c24cd2ea6c36: 46 chunks; 0.6 s; peak memory 364 MiB.
2026-10-06T02:54:57Z INFO [150/500] 4060bac3-b8f2-4814-8bee-7427651ef074: 112 chunks; 0.9 s; peak memory 364 MiB.
2026-10-06T02:54:57Z INFO [150/500] 4060bac3-b8f2-4814-8bee-7427651ef074: checkpointed 77984 records.
2026-10-06T02:54:59Z INFO [151/500] 406266b0-9544-4342-bb52-874d11b38a7e: 2232 chunks; 2.1 s; peak memory 364 MiB.
2026-10-06T02:55:00Z INFO [152/500] 4063d7ae-c67b-46a0-8358-7d6504613ac2: 46 chunks; 0.8 s; peak memory 364 MiB.
2026-10-06T02:55:01Z INFO [153/500] 40642748-ba2d-4595-a9d4-1d177355ffc5: 112 chunks; 1.0 s; peak memory 364 MiB.
2026-10-06T02:55:09Z INFO [154/500] 40644385-d4a8-41fb-9826-e58dbe5ac133: 420 chunks; 7.9 s; peak memory 364 MiB.
2026-10-06T02:55:10Z INFO [155/500] 4064d2ed-283f-48fd-9d9b-556fc3782b57: 117 chunks; 0.7 s; peak memory 364 MiB.
2026-10-06T02:55:13Z INFO [156/500] 4065805e-c2a2-4377-8a86-df094353b96b: 398 chunks; 3.4 s; peak memory 364 MiB.
2026-10-06T02:55:14Z INFO [157/500] 4065a338-497a-43d5-ac54-2f611e1526ab: 48 chunks; 0.7 s; peak memory 364 MiB.
2026-10-06T02:55:14Z INFO [158/500] 4065a7b9-193e-4baa-839e-e741fbe34d8b: 46 chunks; 0.6 s; peak memory 364 MiB.
2026-10-06T02:55:25Z INFO [159/500] 40660d63-7df3-44ea-88c0-9b8e73da079c: 2199 chunks; 10.6 s; peak memory 364 MiB.
2026-10-06T02:55:31Z INFO [160/500] 40660f75-2a1a-4403-a9d5-8e45169deb2a: 5697 chunks; 5.6 s; peak memory 364 MiB.
2026-10-06T02:55:32Z INFO [161/500] 40661cae-9a21-4601-b20d-600362b677cf: 115 chunks; 1.7 s; peak memory 364 MiB.
2026-10-06T02:55:33Z INFO [162/500] 40676110-0969-4445-b617-fe1711190176: 92 chunks; 1.0 s; peak memory 364 MiB.
2026-10-06T02:55:34Z INFO [163/500] 4068707f-3581-4b5f-ac32-38bb5b0613e5: 71 chunks; 0.9 s; peak memory 364 MiB.
2026-10-06T02:55:35Z INFO [164/500] 4068bec5-666d-4783-b323-8d2d05a6cb0e: 46 chunks; 0.5 s; peak memory 364 MiB.
2026-10-06T02:55:46Z INFO [165/500] 4069567e-9fe3-4015-b85a-75ab0997c549: 278 chunks; 11.5 s; peak memory 364 MiB.
2026-10-06T02:55:51Z INFO [166/500] 4069770e-4ce5-44ab-a153-66dfacb348e3: 13527 chunks; 4.7 s; peak memory 364 MiB.
2026-10-06T02:56:06Z INFO [167/500] 40697bef-2183-46cc-bd42-17e64ec44fe4: 280 chunks; 15.3 s; peak memory 364 MiB.
2026-10-06T02:56:07Z INFO [168/500] 4069bad4-ccc2-4528-aa42-c2d3f2af0a14: 117 chunks; 1.0 s; peak memory 364 MiB.
2026-10-06T02:56:16Z INFO [169/500] 406a5ada-84fd-4d72-806e-f4643d91cb63: 13892 chunks; 8.5 s; peak memory 364 MiB.
2026-10-06T02:56:17Z INFO [170/500] 406a6ca6-3456-460c-becf-92c947ad75f8: 112 chunks; 0.8 s; peak memory 364 MiB.
2026-10-06T02:56:18Z INFO [171/500] 406b3b03-db7b-4e7c-945e-09fda51ce777: 66 chunks; 1.0 s; peak memory 364 MiB.
2026-10-06T02:56:18Z INFO [172/500] 406be9b3-c1f3-4265-acd2-9f61d9775eb0: 48 chunks; 0.6 s; peak memory 364 MiB.
2026-10-06T02:56:19Z INFO [173/500] 406c580f-6cba-43d4-abc9-df5bef24a20c: 117 chunks; 0.9 s; peak memory 364 MiB.
2026-10-06T02:56:20Z INFO [174/500] 406d167c-7d6b-42c0-8818-0fab36680f7b: 118 chunks; 1.4 s; peak memory 364 MiB.
2026-10-06T02:56:21Z INFO [175/500] 406d433f-367e-43cd-8c38-b3ee532f4ccb: 112 chunks; 0.9 s; peak memory 364 MiB.
2026-10-06T02:56:23Z INFO [176/500] 406daa06-62bc-41ac-8a36-1fdcca481998: 71 chunks; 1.5 s; peak memory 364 MiB.
2026-10-06T02:56:24Z INFO [177/500] 406e2766-fdcb-4a36-8b79-c62e2f32c564: 69 chunks; 1.0 s; peak memory 364 MiB.
2026-10-06T02:56:25Z INFO [178/500] 406eb467-484f-4b0b-8ae9-c2ff476e3d16: 70 chunks; 0.9 s; peak memory 364 MiB.
2026-10-06T02:56:26Z INFO [179/500] 406edc87-d1fd-4f8d-b6c1-6ae9f3f907ba: 48 chunks; 0.8 s; peak memory 364 MiB.
2026-10-06T02:56:27Z INFO [180/500] 406effba-2d6a-437a-927a-0d62013cee19: 933 chunks; 1.3 s; peak memory 364 MiB.
2026-10-06T02:56:28Z INFO [181/500] 406fc5d7-4f09-40c6-8a0f-2a005e628f60: 69 chunks; 1.3 s; peak memory 364 MiB.
2026-10-06T02:56:29Z INFO [182/500] 406fe0ee-9299-4a68-a21e-173e827cbda2: 46 chunks; 0.6 s; peak memory 364 MiB.
2026-10-06T02:56:29Z INFO [183/500] 4070070a-9201-46f5-a2b1-11d0f8273b1d: 48 chunks; 0.7 s; peak memory 364 MiB.
2026-10-06T02:56:30Z INFO [184/500] 40705b8d-59eb-4266-853e-fb05322c6646: 48 chunks; 0.6 s; peak memory 364 MiB.
2026-10-06T02:56:31Z INFO [185/500] 4070b438-4d99-49d3-ad5d-bd490d10c54d: 71 chunks; 1.1 s; peak memory 364 MiB.
2026-10-06T02:56:33Z INFO [186/500] 4071ad72-7446-4134-b3fb-0d14485d6927: 114 chunks; 1.7 s; peak memory 364 MiB.
2026-10-06T02:56:33Z INFO [187/500] 4071b4e5-7b5c-49f5-81fd-c06fe730fab0: 46 chunks; 0.5 s; peak memory 364 MiB.
2026-10-06T02:56:38Z INFO [188/500] 4071fc26-80a9-4de6-9361-b7be52027277: 12729 chunks; 4.9 s; peak memory 364 MiB.
2026-10-06T02:56:39Z INFO [189/500] 40721233-7765-49ff-9e8b-351a1a647243: 110 chunks; 1.1 s; peak memory 364 MiB.
2026-10-06T02:56:40Z INFO [190/500] 4072f165-6862-45c3-a18c-7246214e4ca2: 48 chunks; 0.9 s; peak memory 364 MiB.
2026-10-06T02:56:41Z INFO [191/500] 4074b492-50d4-44aa-9f69-6f4f0e0aa358: 46 chunks; 0.7 s; peak memory 364 MiB.
2026-10-06T02:56:47Z INFO [192/500] 40757a16-db39-4b37-862f-504cf2fcc4e0: 6113 chunks; 5.6 s; peak memory 364 MiB.
2026-10-06T02:56:47Z INFO [193/500] 4075817b-7a93-4aa0-bb67-c18b8efa89e8: 48 chunks; 0.7 s; peak memory 364 MiB.
2026-10-06T02:56:48Z INFO [194/500] 4075adfe-3e0b-4bcb-9a85-2fd5b02b5152: 52 chunks; 0.8 s; peak memory 364 MiB.
2026-10-06T02:56:49Z INFO [195/500] 4075e42b-b5b5-4115-b6cf-efcfcae55e6e: 71 chunks; 1.3 s; peak memory 364 MiB.
2026-10-06T02:56:50Z INFO [196/500] 407600e4-f339-4f3b-a6b7-cd84540b8f31: 112 chunks; 0.9 s; peak memory 364 MiB.
2026-10-06T02:56:51Z INFO [197/500] 40767235-6a82-4634-848c-8afc8b8e0156: 48 chunks; 0.7 s; peak memory 364 MiB.
2026-10-06T02:56:52Z INFO [198/500] 4076ef6c-ee5f-4b30-9ac7-cd563ebb4517: 116 chunks; 0.9 s; peak memory 364 MiB.
2026-10-06T02:56:52Z INFO [199/500] 40778232-1e9f-45cd-978a-8c84018a5f68: 46 chunks; 0.5 s; peak memory 364 MiB.
2026-10-06T02:56:53Z INFO [200/500] 4077a5c2-5235-4432-ad20-ab0d503ca0c9: 47 chunks; 1.2 s; peak memory 364 MiB.
2026-10-06T02:56:54Z INFO [200/500] 4077a5c2-5235-4432-ad20-ab0d503ca0c9: checkpointed 78034 records.
2026-10-06T02:56:54Z INFO [201/500] 4077c44b-05ff-4199-8ccc-1e10c49635b6: 68 chunks; 0.7 s; peak memory 364 MiB.
2026-10-06T02:56:55Z INFO [202/500] 4078a04e-80bf-40dd-8554-602bb1d34c3d: 112 chunks; 1.0 s; peak memory 364 MiB.
2026-10-06T02:56:57Z INFO [203/500] 4078a687-79cd-44df-b744-9c5e432ecba5: 138 chunks; 1.6 s; peak memory 364 MiB.
2026-10-06T02:57:02Z INFO [204/500] 40792c8b-4c7a-4798-a3ce-7a43d60b3871: 339 chunks; 5.4 s; peak memory 364 MiB.
2026-10-06T02:57:06Z INFO [205/500] 407a4141-acce-4306-abd0-d830066925de: 8590 chunks; 3.6 s; peak memory 364 MiB.
2026-10-06T02:57:10Z INFO [206/500] 407aa0c8-508c-4fc9-b9de-d23a6d668d6c: 9001 chunks; 4.2 s; peak memory 364 MiB.
2026-10-06T02:57:11Z INFO [207/500] 407acdfb-9a0b-4d6d-b341-231bff471d8c: 112 chunks; 0.9 s; peak memory 364 MiB.
2026-10-06T02:57:12Z INFO [208/500] 407b405f-ad8a-4198-bb93-7812bccaa07d: 66 chunks; 1.1 s; peak memory 364 MiB.
2026-10-06T02:57:13Z INFO [209/500] 407ba5ad-4814-41c3-8e1f-e672c7cdf188: 48 chunks; 0.8 s; peak memory 364 MiB.
2026-10-06T02:57:15Z INFO [210/500] 407bbbde-43ee-49a3-8396-5cd8be23ab27: 115 chunks; 1.9 s; peak memory 364 MiB.
2026-10-06T02:57:15Z INFO [211/500] 407bff80-d5b5-4995-b1c9-c79c0dc90165: 56 chunks; 0.6 s; peak memory 364 MiB.
2026-10-06T02:57:16Z INFO [212/500] 407d543c-3ad3-4c52-899e-374ff17e384b: 110 chunks; 0.8 s; peak memory 364 MiB.
2026-10-06T02:57:17Z INFO [213/500] 408056a2-0136-46c2-91be-0df6fe784dc6: 48 chunks; 0.7 s; peak memory 364 MiB.
2026-10-06T02:57:19Z INFO [214/500] 4080a3e3-5cbe-4186-9ba8-a4ec64b8ea10: 7153 chunks; 2.5 s; peak memory 364 MiB.
2026-10-06T02:57:21Z INFO [215/500] 4080a46e-9059-4f52-a343-d0fdc6f6c15a: 114 chunks; 2.0 s; peak memory 364 MiB.
2026-10-06T02:57:22Z INFO [216/500] 4080c4aa-9e56-4a8e-9fc2-4c61660064f9: 112 chunks; 0.9 s; peak memory 364 MiB.
2026-10-06T02:57:23Z INFO [217/500] 4081042a-7c20-4974-93df-f084b69d5b19: 112 chunks; 0.9 s; peak memory 364 MiB.
2026-10-06T02:57:24Z INFO [218/500] 40816671-7e71-4c2b-b13a-60cac84e0561: 46 chunks; 0.5 s; peak memory 364 MiB.
2026-10-06T02:57:25Z INFO [219/500] 408200d6-9286-4862-8bb1-02d2b62c4cf4: 114 chunks; 0.9 s; peak memory 364 MiB.
2026-10-06T02:57:27Z INFO [220/500] 40823f17-841e-488b-9272-3e7349532529: 90 chunks; 1.9 s; peak memory 364 MiB.
2026-10-06T02:57:27Z INFO [221/500] 4082b0fa-06a1-4eb4-abfa-162fde7da4bf: 48 chunks; 0.8 s; peak memory 364 MiB.
2026-10-06T02:57:29Z INFO [222/500] 40834061-18cc-489b-b6a2-7048222b5873: 62 chunks; 1.2 s; peak memory 364 MiB.
2026-10-06T02:57:30Z INFO [223/500] 40847481-4d04-4e7c-ac06-72acf0ce280e: 91 chunks; 1.4 s; peak memory 364 MiB.
2026-10-06T02:57:34Z INFO [224/500] 408623a5-9988-4173-9af9-9190ad2d7dec: 261 chunks; 4.0 s; peak memory 364 MiB.
2026-10-06T02:57:36Z INFO [225/500] 4086a7dd-1ddf-4270-a5a5-984439e7ae97: 1595 chunks; 2.0 s; peak memory 364 MiB.
2026-10-06T02:57:37Z INFO [226/500] 40872bff-a0d1-46f2-89c1-4de59f0e6201: 112 chunks; 0.8 s; peak memory 364 MiB.
2026-10-06T02:57:38Z INFO [227/500] 4088ace4-b27a-4ac1-b79a-e41b0dea3ad2: 117 chunks; 0.9 s; peak memory 364 MiB.
2026-10-06T02:57:38Z INFO [228/500] 40897bba-2219-4972-97b5-d52fae566f10: 61 chunks; 0.5 s; peak memory 364 MiB.
2026-10-06T02:57:39Z INFO [229/500] 408a4d6b-dc56-4cd4-a97f-cede00556b23: 48 chunks; 0.8 s; peak memory 364 MiB.
2026-10-06T02:57:45Z INFO [230/500] 408a62c7-9dd5-4b09-8e2d-6ce9c707aed2: 1277 chunks; 5.7 s; peak memory 364 MiB.
2026-10-06T02:57:45Z INFO [231/500] 408c2b06-cfff-413e-93fe-927608363364: 117 chunks; 0.8 s; peak memory 364 MiB.
2026-10-06T02:57:46Z INFO [232/500] 408c3a00-a663-4f72-8525-e7dd9c1b8b1a: 48 chunks; 0.7 s; peak memory 364 MiB.
2026-10-06T02:57:47Z INFO [233/500] 408c74ef-be6e-45e9-8a77-c98307a9c589: 48 chunks; 0.8 s; peak memory 364 MiB.
2026-10-06T02:57:54Z INFO [234/500] 408c9b93-4185-4e5d-bf84-5e79c65572c9: 16478 chunks; 7.5 s; peak memory 364 MiB.
2026-10-06T02:57:55Z INFO [235/500] 408cd7bd-cc7d-4c51-87fc-36f413d27d50: 116 chunks; 0.9 s; peak memory 364 MiB.
2026-10-06T02:58:01Z INFO [236/500] 408d3688-4c50-4b9b-9eb2-4c4a09cd28f0: 11575 chunks; 5.9 s; peak memory 364 MiB.
2026-10-06T02:58:02Z INFO [237/500] 408da0b0-717d-44e9-865c-b2018f0e1956: 48 chunks; 0.8 s; peak memory 364 MiB.
2026-10-06T02:58:04Z INFO [238/500] 408da48f-47b0-4f85-aa9c-b445dabb83a3: 80 chunks; 2.1 s; peak memory 364 MiB.
2026-10-06T02:58:05Z INFO [239/500] 408dbc74-d47d-4a13-8711-ed0fceab52a3: 46 chunks; 1.1 s; peak memory 364 MiB.
2026-10-06T02:58:06Z INFO [240/500] 408e8623-e991-499c-8039-7b67e86457d8: 48 chunks; 0.7 s; peak memory 364 MiB.
2026-10-06T02:58:11Z INFO [241/500] 408eaeb7-7aff-4488-b48f-08116220f872: 1082 chunks; 5.4 s; peak memory 364 MiB.
2026-10-06T02:58:12Z INFO [242/500] 408efb1b-dfe6-495c-ae2a-f925342e3408: 117 chunks; 0.8 s; peak memory 364 MiB.
2026-10-06T02:58:19Z INFO [243/500] 408f647f-f3e9-4611-bc31-85d6dfa38d5a: 19487 chunks; 7.2 s; peak memory 364 MiB.
2026-10-06T02:58:20Z INFO [244/500] 40916b0a-885c-4dc0-9a9e-88c8dfccb2da: 48 chunks; 0.8 s; peak memory 364 MiB.
2026-10-06T02:58:26Z INFO [245/500] 4091713e-b5fb-4229-a0cc-0c6584a2d6ef: 503 chunks; 5.5 s; peak memory 364 MiB.
2026-10-06T02:58:26Z INFO [246/500] 4091efbc-8463-40c2-a1f7-71c223db8846: 118 chunks; 0.7 s; peak memory 364 MiB.
2026-10-06T02:58:27Z INFO [247/500] 40923849-6e1f-4ee9-84b7-956f47c4fde1: 48 chunks; 0.8 s; peak memory 364 MiB.
2026-10-06T02:58:32Z INFO [248/500] 409272dc-5c56-4d48-90bd-f3472b85ce54: 193 chunks; 4.6 s; peak memory 364 MiB.
2026-10-06T02:58:34Z INFO [249/500] 40932596-a8ae-4349-85dc-2d4406081170: 101 chunks; 2.1 s; peak memory 364 MiB.
2026-10-06T02:58:37Z INFO [250/500] 40933e00-7f9e-43a0-9a2e-2e8679078860: 6580 chunks; 3.2 s; peak memory 364 MiB.
2026-10-06T02:58:37Z INFO [250/500] 40933e00-7f9e-43a0-9a2e-2e8679078860: checkpointed 78084 records.
2026-10-06T02:58:39Z INFO [251/500] 4093b7b4-0b23-4c57-bea6-8d637b5229e2: 69 chunks; 1.4 s; peak memory 364 MiB.
2026-10-06T02:58:40Z INFO [252/500] 409469ec-259d-4171-9508-8db760d39288: 71 chunks; 1.0 s; peak memory 364 MiB.
2026-10-06T02:58:46Z INFO [253/500] 4095a33c-c903-44a3-b175-d79d14f715f8: 16690 chunks; 6.3 s; peak memory 364 MiB.
2026-10-06T02:58:47Z INFO [254/500] 4095bf3c-94e6-486e-ab58-d0677bba3fd5: 62 chunks; 1.1 s; peak memory 364 MiB.
2026-10-06T02:58:48Z INFO [255/500] 409628d4-d857-4215-98e5-7968bc50566a: 48 chunks; 0.7 s; peak memory 364 MiB.
2026-10-06T02:58:49Z INFO [256/500] 40968477-0d70-4c0a-b933-53fb4b36e728: 118 chunks; 1.6 s; peak memory 364 MiB.
2026-10-06T02:58:50Z INFO [257/500] 4096a999-a4ff-4306-adce-df3ce8f8c9af: 57 chunks; 0.6 s; peak memory 364 MiB.
2026-10-06T02:59:03Z INFO [258/500] 4096e294-9cb0-4318-a09d-955aa4a99623: 8227 chunks; 13.0 s; peak memory 364 MiB.
2026-10-06T02:59:05Z INFO [259/500] 4097de26-ca89-4377-8d9d-85f5b6c32a7e: 116 chunks; 1.9 s; peak memory 364 MiB.
2026-10-06T02:59:06Z INFO [260/500] 409992b7-2223-4f71-b3ed-770ee985cfb9: 69 chunks; 1.1 s; peak memory 364 MiB.
2026-10-06T02:59:07Z INFO [261/500] 40999587-4d93-407e-bbe9-5240ccd7b80c: 48 chunks; 0.8 s; peak memory 364 MiB.
2026-10-06T03:01:05Z INFO [262/500] 4099a27f-5803-41dd-9fa1-d3f8dcc59dbf: 40972 chunks; 117.9 s; peak memory 364 MiB.
2026-10-06T03:01:06Z INFO [263/500] 4099fe17-c343-466a-b6b9-dccb02e7802c: 204 chunks; 1.2 s; peak memory 364 MiB.
2026-10-06T03:01:09Z INFO [264/500] 409b019d-8f34-4582-a6f0-86b336ee24ae: 3518 chunks; 2.9 s; peak memory 364 MiB.
2026-10-06T03:01:15Z INFO [265/500] 409c0e95-6054-4e2b-b07b-e3be96cccbf2: 18723 chunks; 6.4 s; peak memory 364 MiB.
2026-10-06T03:01:20Z INFO [266/500] 409c1fcd-d39f-477b-a1d7-3ac9837cc142: 1053 chunks; 5.3 s; peak memory 364 MiB.
2026-10-06T03:01:21Z INFO [267/500] 409c723a-8c26-4253-b13d-be454e6f5409: 51 chunks; 0.7 s; peak memory 364 MiB.
2026-10-06T03:01:22Z INFO [268/500] 409d2593-c071-4fa8-97e7-cdab4840b13e: 56 chunks; 0.5 s; peak memory 364 MiB.
2026-10-06T03:01:22Z INFO [269/500] 409d314e-d47e-480a-b5d5-81cbb83e8135: 65 chunks; 0.6 s; peak memory 364 MiB.
2026-10-06T03:01:23Z INFO [270/500] 409d77c7-ad09-419b-b99c-50001569ff38: 112 chunks; 1.0 s; peak memory 364 MiB.
2026-10-06T03:01:24Z INFO [271/500] 409e7c1e-780b-4fbd-812c-d033f791b322: 63 chunks; 0.6 s; peak memory 364 MiB.
2026-10-06T03:01:25Z INFO [272/500] 409ebf12-046b-40e0-ba44-21c4efcfd3b5: 113 chunks; 0.8 s; peak memory 364 MiB.
2026-10-06T03:01:25Z INFO [273/500] 409ec2e2-3bbb-4166-ba6c-2f41438ed32c: 41 chunks; 0.6 s; peak memory 364 MiB.
2026-10-06T03:01:26Z INFO [274/500] 409ff91c-5595-4ceb-97d9-90d624699fe1: 117 chunks; 0.7 s; peak memory 364 MiB.
2026-10-06T03:01:26Z INFO [275/500] 40a011ac-7fe0-4052-82ba-37af42fa0a11: 46 chunks; 0.5 s; peak memory 364 MiB.
2026-10-06T03:01:27Z INFO [276/500] 40a0989f-4804-4a82-81d5-90bef73b2a3e: 48 chunks; 0.8 s; peak memory 364 MiB.
2026-10-06T03:01:29Z INFO [277/500] 40a0b6fe-2bff-4eee-af21-74a3977f44ab: 168 chunks; 1.5 s; peak memory 364 MiB.
2026-10-06T03:01:30Z INFO [278/500] 40a220f3-ddf1-4ec0-8997-3e1579ebacfe: 116 chunks; 0.9 s; peak memory 364 MiB.
2026-10-06T03:01:30Z INFO [279/500] 40a239e2-a334-4668-8bc4-995f44af4579: 48 chunks; 0.7 s; peak memory 364 MiB.
2026-10-06T03:01:31Z INFO [280/500] 40a383c1-52cb-4d58-9efc-b60573653dd9: 36 chunks; 0.5 s; peak memory 364 MiB.
2026-10-06T03:01:32Z INFO [281/500] 40a3fe46-47c8-4007-a5cc-15a39db06589: 48 chunks; 0.8 s; peak memory 364 MiB.
2026-10-06T03:01:33Z INFO [282/500] 40a49504-953f-4d4f-bb7e-aea6438b4fd5: 118 chunks; 0.9 s; peak memory 364 MiB.
2026-10-06T03:01:33Z INFO [283/500] 40a4d549-e03c-48f3-a95c-e9fd7d0f896a: 48 chunks; 0.7 s; peak memory 364 MiB.
2026-10-06T03:01:34Z INFO [284/500] 40a4f57a-ee62-4e0b-b3db-f80a61754f77: 48 chunks; 0.7 s; peak memory 364 MiB.
2026-10-06T03:01:35Z INFO [285/500] 40a65bf1-e38e-45a8-a8c2-19d18153183e: 118 chunks; 1.5 s; peak memory 364 MiB.
2026-10-06T03:01:36Z INFO [286/500] 40a757e0-6f89-409c-b2da-37710bbd440e: 48 chunks; 0.7 s; peak memory 364 MiB.
2026-10-06T03:01:37Z INFO [287/500] 40a76751-db1f-4b60-a1e3-39d30c4d43cd: 46 chunks; 0.5 s; peak memory 364 MiB.
2026-10-06T03:01:37Z INFO [288/500] 40a86975-f1f9-4f15-9658-e9a16ffb5224: 48 chunks; 0.7 s; peak memory 364 MiB.
2026-10-06T03:01:38Z INFO [289/500] 40a89150-00e7-470a-8ff4-d9dfbc3ce198: 70 chunks; 0.9 s; peak memory 364 MiB.
2026-10-06T03:01:39Z INFO [290/500] 40aafa14-4c00-4c57-bc40-e48b30723194: 69 chunks; 0.9 s; peak memory 364 MiB.
2026-10-06T03:01:40Z INFO [291/500] 40ab83dd-e4ad-45c4-84e1-539edca79888: 48 chunks; 0.7 s; peak memory 364 MiB.
2026-10-06T03:01:42Z INFO [292/500] 40ab8e52-f784-47a4-953e-5b58d7a5595b: 115 chunks; 1.8 s; peak memory 364 MiB.
2026-10-06T03:01:43Z INFO [293/500] 40ac6fd2-03cd-4a39-a344-5d5d36786b29: 71 chunks; 1.3 s; peak memory 364 MiB.
2026-10-06T03:01:44Z INFO [294/500] 40ac712f-a4f3-4ef5-981a-8da81ea6e0a5: 114 chunks; 0.8 s; peak memory 364 MiB.
2026-10-06T03:01:45Z INFO [295/500] 40ad52a1-11b0-4b6f-aff0-82f8a839c8a0: 48 chunks; 0.8 s; peak memory 364 MiB.
2026-10-06T03:01:45Z INFO [296/500] 40ad6f9c-7adb-449c-8d5f-b39953eff372: 48 chunks; 0.7 s; peak memory 364 MiB.
2026-10-06T03:05:40Z INFO [297/500] 40ad74f3-9136-441d-bae9-962e8eb2addf: 76287 chunks; 234.9 s; peak memory 487 MiB.
2026-10-06T03:05:51Z INFO [298/500] 40ad7634-79c6-435b-9ce4-9946ec37e58c: 4679 chunks; 11.2 s; peak memory 487 MiB.
2026-10-06T03:05:52Z INFO [299/500] 40ad8084-83ca-417f-9226-501ba2d9e80f: 52 chunks; 0.9 s; peak memory 487 MiB.
2026-10-06T03:05:53Z INFO [300/500] 40adcd8f-8480-4ee7-a072-bc3f64dd070f: 48 chunks; 0.9 s; peak memory 487 MiB.
2026-10-06T03:05:53Z INFO [300/500] 40adcd8f-8480-4ee7-a072-bc3f64dd070f: checkpointed 78134 records.
2026-10-06T03:05:54Z INFO [301/500] 40ae436b-a474-4080-b527-894e7edc11ec: 117 chunks; 0.9 s; peak memory 487 MiB.
2026-10-06T03:07:53Z INFO [302/500] 40aef687-9166-4f62-894c-d610bdeee001: 37973 chunks; 118.6 s; peak memory 487 MiB.
2026-10-06T03:07:54Z INFO [303/500] 40af48fb-0414-4e50-b54f-a84fde573045: 36 chunks; 0.8 s; peak memory 487 MiB.
2026-10-06T03:07:55Z INFO [304/500] 40b01812-e617-4694-b107-7a87baf3415e: 117 chunks; 1.0 s; peak memory 487 MiB.
2026-10-06T03:07:56Z INFO [305/500] 40b06091-fa3e-4cc8-8560-ca9245bb69a9: 116 chunks; 0.9 s; peak memory 487 MiB.
2026-10-06T03:07:57Z INFO [306/500] 40b0d34e-ca12-40ca-969c-1162a2f90e5f: 66 chunks; 1.2 s; peak memory 487 MiB.
2026-10-06T03:07:58Z INFO [307/500] 40b0f675-2d19-4081-8766-caa1a3be8369: 51 chunks; 1.0 s; peak memory 487 MiB.
2026-10-06T03:07:59Z INFO [308/500] 40b1e077-30f0-469d-b465-08db8cc4b462: 71 chunks; 1.1 s; peak memory 487 MiB.
2026-10-06T03:08:01Z INFO [309/500] 40b3ce78-c0e9-495f-9438-510f8de2df03: 115 chunks; 1.6 s; peak memory 487 MiB.
2026-10-06T03:08:17Z INFO [310/500] 40b46abc-cadb-4201-9072-cae401d4cfe3: 14437 chunks; 15.9 s; peak memory 487 MiB.
2026-10-06T03:08:17Z INFO [311/500] 40b50c24-162f-4dfc-a609-daf11d61b4f2: 52 chunks; 0.8 s; peak memory 487 MiB.
2026-10-06T03:08:18Z INFO [312/500] 40b5362f-7538-4096-99f5-e2cd919fc27d: 112 chunks; 0.6 s; peak memory 487 MiB.
2026-10-06T03:08:19Z INFO [313/500] 40b83666-5b9d-4031-9068-195e9290fab2: 48 chunks; 0.8 s; peak memory 487 MiB.
2026-10-06T03:08:25Z INFO [314/500] 40b84f8e-b723-4dab-bf82-4ce1209fd92e: 2100 chunks; 6.6 s; peak memory 487 MiB.
2026-10-06T03:09:06Z INFO [315/500] 40b87b04-182b-46a3-b370-b94512bf84d0: 13095 chunks; 40.7 s; peak memory 487 MiB.
2026-10-06T03:09:07Z INFO [316/500] 40b890c5-8482-48d3-abd6-b1530036bb7c: 85 chunks; 0.8 s; peak memory 487 MiB.
2026-10-06T03:09:11Z INFO [317/500] 40b8a198-73a0-4d97-93b3-0be4f1b85104: 26940 chunks; 4.3 s; peak memory 487 MiB.
2026-10-06T03:09:14Z INFO [318/500] 40b90ebf-7340-4cae-97c4-e4469b6e2d55: 168 chunks; 3.1 s; peak memory 487 MiB.
2026-10-06T03:09:15Z INFO [319/500] 40b9138d-6616-4e35-9fd3-0e7eff91db88: 48 chunks; 0.7 s; peak memory 487 MiB.
2026-10-06T03:09:16Z INFO [320/500] 40b9ab7a-b6d8-4414-8e3a-f4d55dc94a51: 66 chunks; 1.4 s; peak memory 487 MiB.
2026-10-06T03:09:17Z INFO [321/500] 40b9d9e9-156b-4966-b6f3-02819ffa54b0: 69 chunks; 1.0 s; peak memory 487 MiB.
2026-10-06T03:09:18Z INFO [322/500] 40ba0492-553d-4e19-b757-89215b98d6c4: 48 chunks; 0.9 s; peak memory 487 MiB.
2026-10-06T03:09:20Z INFO [323/500] 40baf5cc-064a-4a0b-81c4-64467c34f9d7: 119 chunks; 1.4 s; peak memory 487 MiB.
2026-10-06T03:09:20Z INFO [324/500] 40bb4596-67a8-4a19-8a79-75f4af7b5fc5: 116 chunks; 0.7 s; peak memory 487 MiB.
2026-10-06T03:09:21Z INFO [325/500] 40bd1436-ddf6-4c7a-946b-c69d395138ff: 155 chunks; 0.9 s; peak memory 487 MiB.
2026-10-06T03:09:22Z INFO [326/500] 40bd74fe-1bb0-4616-a298-43f850c9e62a: 56 chunks; 0.5 s; peak memory 487 MiB.
2026-10-06T03:09:23Z INFO [327/500] 40bd9061-511e-4e81-9a32-9d4ad8d410f7: 48 chunks; 0.8 s; peak memory 487 MiB.
2026-10-06T03:09:23Z INFO [328/500] 40bda4e2-6f59-4c02-bf67-bfa20c4a9471: 31 chunks; 0.5 s; peak memory 487 MiB.
2026-10-06T03:09:28Z INFO [329/500] 40be72c6-70b5-4e8f-ba7a-345803dc9702: 422 chunks; 4.5 s; peak memory 487 MiB.
2026-10-06T03:09:28Z INFO [330/500] 40bf7791-e4cd-45b8-929b-30aca7f67c28: 46 chunks; 0.5 s; peak memory 487 MiB.
2026-10-06T03:09:30Z INFO [331/500] 40bf9f8f-5adf-4f76-aca5-b58feba16e46: 115 chunks; 1.7 s; peak memory 487 MiB.
2026-10-06T03:09:31Z INFO [332/500] 40bfc9f7-b0e6-4ebf-8f3c-ad0991d79194: 48 chunks; 0.7 s; peak memory 487 MiB.
2026-10-06T03:09:31Z INFO [333/500] 40bff950-198d-4bcf-97d2-c0889a4c5cb1: 69 chunks; 0.9 s; peak memory 487 MiB.
2026-10-06T03:09:32Z INFO [334/500] 40c00edc-9d9f-468a-870c-f1a764939247: 50 chunks; 0.7 s; peak memory 487 MiB.
2026-10-06T03:09:33Z INFO [335/500] 40c0f01f-4e54-4489-91b5-8e442bf346b9: 118 chunks; 0.9 s; peak memory 487 MiB.
2026-10-06T03:09:34Z INFO [336/500] 40c0fe7c-f248-4996-bd7b-845a8750996d: 118 chunks; 0.8 s; peak memory 487 MiB.
2026-10-06T03:10:04Z INFO [337/500] 40c18492-8298-4953-8491-876ecf8ea52a: 16419 chunks; 30.5 s; peak memory 487 MiB.
2026-10-06T03:10:06Z INFO [338/500] 40c1aa2e-33b6-4549-9d40-2ce9cdc5ffa7: 152 chunks; 1.4 s; peak memory 487 MiB.
2026-10-06T03:10:07Z INFO [339/500] 40c1d8c1-e786-4148-a049-a5a68b181aac: 68 chunks; 0.8 s; peak memory 487 MiB.
2026-10-06T03:10:10Z INFO [340/500] 40c38f72-d4a9-496f-b400-55c1146adc2a: 640 chunks; 3.7 s; peak memory 487 MiB.
2026-10-06T03:10:11Z INFO [341/500] 40c4b3c1-c6f8-4b44-8c6d-b08a91fd0e3b: 50 chunks; 0.6 s; peak memory 487 MiB.
2026-10-06T03:10:11Z INFO [342/500] 40c626de-f637-4ee3-8fa9-877d52e8f539: 46 chunks; 0.5 s; peak memory 487 MiB.
2026-10-06T03:10:12Z INFO [343/500] 40c66180-60d4-4075-bc4b-e6a5343616c6: 46 chunks; 0.5 s; peak memory 487 MiB.
2026-10-06T03:10:13Z INFO [344/500] 40c66542-b5c2-41e6-84e0-3739686dae51: 127 chunks; 0.7 s; peak memory 487 MiB.
2026-10-06T03:10:13Z INFO [345/500] 40c7d354-efac-47d6-8c48-854eddf0d989: 50 chunks; 0.6 s; peak memory 487 MiB.
2026-10-06T03:10:14Z INFO [346/500] 40c98249-0a1f-41a8-ad9a-1ac0421bfbc1: 69 chunks; 1.1 s; peak memory 487 MiB.
2026-10-06T03:10:15Z INFO [347/500] 40ca7209-5d7e-475a-9ec8-6650c91bb61a: 71 chunks; 1.1 s; peak memory 487 MiB.
2026-10-06T03:10:16Z INFO [348/500] 40cb022c-977a-4f32-a893-93d1b91b12e4: 290 chunks; 0.9 s; peak memory 487 MiB.
2026-10-06T03:10:17Z INFO [349/500] 40cb9e60-ead3-454a-81b9-13191ddac5c0: 116 chunks; 0.8 s; peak memory 487 MiB.
2026-10-06T03:10:20Z INFO [350/500] 40cbae89-be3a-4d99-b059-f43ed3735ebd: 2519 chunks; 2.5 s; peak memory 487 MiB.
2026-10-06T03:10:20Z INFO [350/500] 40cbae89-be3a-4d99-b059-f43ed3735ebd: checkpointed 78184 records.
2026-10-06T03:10:31Z INFO [351/500] 40cbd77c-1e8e-459d-a498-0e193fc89696: 555 chunks; 11.3 s; peak memory 487 MiB.
2026-10-06T03:10:32Z INFO [352/500] 40cc1238-7231-4191-946e-98391319706b: 46 chunks; 0.4 s; peak memory 487 MiB.
2026-10-06T03:10:33Z INFO [353/500] 40cc53d1-1044-4496-be26-093047bd5160: 118 chunks; 0.9 s; peak memory 487 MiB.
2026-10-06T03:10:43Z INFO [354/500] 40ccca36-79e9-4c10-822b-8811d8f4b7ef: 8227 chunks; 10.7 s; peak memory 487 MiB.
2026-10-06T03:10:44Z INFO [355/500] 40cd2705-b8b8-4c2b-8d15-13ca5f9f2fea: 48 chunks; 0.9 s; peak memory 487 MiB.
2026-10-06T03:10:47Z INFO [356/500] 40cd3cec-d47c-4ec1-9fca-118ed728c759: 4752 chunks; 3.3 s; peak memory 487 MiB.
2026-10-06T03:10:48Z INFO [357/500] 40ce5279-e0c6-499c-bcfe-d79914ffd9d4: 46 chunks; 0.4 s; peak memory 487 MiB.
2026-10-06T03:10:49Z INFO [358/500] 40ce6930-2d48-4e6e-ac26-1f1500fa59cb: 106 chunks; 1.1 s; peak memory 487 MiB.
2026-10-06T03:10:50Z INFO [359/500] 40ced6c4-d7f5-4055-bb94-ecb43b1d5f33: 84 chunks; 1.0 s; peak memory 487 MiB.
2026-10-06T03:10:51Z INFO [360/500] 40cf05ee-4b0c-40ba-998d-d1215b98cd30: 56 chunks; 0.7 s; peak memory 487 MiB.
2026-10-06T03:10:52Z INFO [361/500] 40d0a64c-b85a-4afc-b576-483c1582de51: 112 chunks; 0.8 s; peak memory 487 MiB.
2026-10-06T03:10:52Z INFO [362/500] 40d0f224-1912-4a2d-adc6-c89b6e58a727: 46 chunks; 0.7 s; peak memory 487 MiB.
2026-10-06T03:10:58Z INFO [363/500] 40d15097-63bf-4308-832a-44bb15f4a3bd: 6223 chunks; 5.7 s; peak memory 487 MiB.
2026-10-06T03:11:06Z INFO [364/500] 40d1e26c-8981-46cf-ab80-5557ec8d1783: 25738 chunks; 8.1 s; peak memory 487 MiB.
2026-10-06T03:11:07Z INFO [365/500] 40d2b959-720c-4039-bd4b-9a2bb8870b89: 48 chunks; 0.7 s; peak memory 487 MiB.
2026-10-06T03:11:08Z INFO [366/500] 40d581d9-c9c6-4172-9e71-166455ff0411: 66 chunks; 1.1 s; peak memory 487 MiB.
2026-10-06T03:11:08Z INFO [367/500] 40d59576-c139-4066-a804-a82779eb9fd1: 51 chunks; 0.6 s; peak memory 487 MiB.
2026-10-06T03:11:12Z INFO [368/500] 40d5d964-6f2f-423a-8374-aa8444d36ec6: 9032 chunks; 3.5 s; peak memory 487 MiB.
2026-10-06T03:11:13Z INFO [369/500] 40d61e8b-d2ce-4001-bf20-0092d1e5bae3: 117 chunks; 0.9 s; peak memory 487 MiB.
2026-10-06T03:11:16Z INFO [370/500] 40d69562-389a-421d-8f1b-c445b496dacc: 352 chunks; 3.3 s; peak memory 487 MiB.
2026-10-06T03:11:17Z INFO [371/500] 40d72896-219c-4b89-8230-5bbf3dfae537: 48 chunks; 0.8 s; peak memory 487 MiB.
2026-10-06T03:11:24Z INFO [372/500] 40d734a9-6a4a-4e65-bf5d-fd6c78b2c849: 18836 chunks; 6.7 s; peak memory 487 MiB.
2026-10-06T03:11:25Z INFO [373/500] 40d7f442-8923-4dd5-87cb-af432218c083: 143 chunks; 1.4 s; peak memory 487 MiB.
2026-10-06T03:11:26Z INFO [374/500] 40d7fd7d-aa7a-41ed-85cc-757db9a77ac1: 112 chunks; 1.1 s; peak memory 487 MiB.
2026-10-06T03:11:28Z INFO [375/500] 40d89de6-9f69-443d-835a-f6a1023b1c15: 156 chunks; 2.3 s; peak memory 487 MiB.
2026-10-06T03:11:33Z INFO [376/500] 40d9460b-9307-44f7-80be-fd5ca26daa99: 2923 chunks; 4.1 s; peak memory 487 MiB.
2026-10-06T03:11:34Z INFO [377/500] 40d9a579-d200-430b-bd85-df91427d7f06: 112 chunks; 1.1 s; peak memory 487 MiB.
2026-10-06T03:11:34Z INFO [378/500] 40d9f5a9-540b-4849-8310-04e05b11f111: 117 chunks; 0.8 s; peak memory 487 MiB.
2026-10-06T03:11:35Z INFO [379/500] 40da4db9-3023-47d7-9c8a-345224cd538b: 110 chunks; 0.9 s; peak memory 487 MiB.
2026-10-06T03:11:36Z INFO [380/500] 40dbfca1-5353-46de-88e9-336aea4c145f: 48 chunks; 0.7 s; peak memory 487 MiB.
2026-10-06T03:11:37Z INFO [381/500] 40dc0616-ddc4-4d1f-b46e-ca6ead576bea: 52 chunks; 1.0 s; peak memory 487 MiB.
2026-10-06T03:11:38Z INFO [382/500] 40dc38ed-5eb2-445e-9cf5-e7c4e5eb3eee: 48 chunks; 0.7 s; peak memory 487 MiB.
2026-10-06T03:11:39Z INFO [383/500] 40dcd52a-e120-4ec7-af64-f8c33c892244: 112 chunks; 0.9 s; peak memory 487 MiB.
2026-10-06T03:11:49Z INFO [384/500] 40dce04a-5ce7-4d3f-bc41-7acc753c50c4: 2658 chunks; 10.8 s; peak memory 487 MiB.
2026-10-06T03:11:51Z INFO [385/500] 40dd1310-5c4d-412c-8fc0-8beb2bc5538a: 1362 chunks; 1.9 s; peak memory 487 MiB.
2026-10-06T03:11:53Z INFO [386/500] 40dd17fe-965c-426a-83a4-004bdfd038ab: 62 chunks; 1.2 s; peak memory 487 MiB.
2026-10-06T03:11:53Z INFO [387/500] 40dd66e8-7e6e-4bb3-b440-a3007c3419e1: 46 chunks; 0.5 s; peak memory 487 MiB.
2026-10-06T03:11:54Z INFO [388/500] 40ddd4c2-cb6e-47bd-8037-df6a45711da1: 48 chunks; 1.0 s; peak memory 487 MiB.
2026-10-06T03:11:55Z INFO [389/500] 40deb917-a54b-4e5d-9e27-6f81060f2a31: 48 chunks; 0.7 s; peak memory 487 MiB.
2026-10-06T03:11:56Z INFO [390/500] 40df0893-5ed1-43f4-bd66-c87f3ce62409: 112 chunks; 0.9 s; peak memory 487 MiB.
2026-10-06T03:12:03Z INFO [391/500] 40df4909-fea2-4d80-b33e-ea3d38eba5b6: 12027 chunks; 7.0 s; peak memory 487 MiB.
2026-10-06T03:12:03Z INFO [392/500] 40df83a9-e900-41f4-a310-f3636fb8b1e7: 118 chunks; 0.8 s; peak memory 487 MiB.
2026-10-06T03:12:07Z INFO [393/500] 40dfdd6f-d0bb-435e-8264-895d97c36bfd: 8412 chunks; 3.2 s; peak memory 487 MiB.
2026-10-06T03:12:07Z INFO [394/500] 40dfe770-410e-4b03-8009-34109dbccd06: 48 chunks; 0.8 s; peak memory 487 MiB.
2026-10-06T03:12:08Z INFO [395/500] 40dffb9c-9bcf-47e5-8b17-29dd5d539167: 70 chunks; 0.9 s; peak memory 487 MiB.
2026-10-06T03:12:09Z INFO [396/500] 40e0b046-3fbb-4a21-a4ee-8eda6049aed6: 48 chunks; 0.8 s; peak memory 487 MiB.
2026-10-06T03:12:10Z INFO [397/500] 40e0ded2-ac7e-46a0-8f9a-d32d997091e4: 48 chunks; 0.8 s; peak memory 487 MiB.
2026-10-06T03:12:11Z INFO [398/500] 40e1a463-5eea-46c2-81a6-3ad74546ae55: 52 chunks; 0.9 s; peak memory 487 MiB.
2026-10-06T03:12:12Z INFO [399/500] 40e1de67-0296-4662-918a-25977c1cb07f: 62 chunks; 1.0 s; peak memory 487 MiB.
2026-10-06T03:12:12Z INFO [400/500] 40e2f8f1-53f7-4380-aee5-01ffbf4a2495: 46 chunks; 0.6 s; peak memory 487 MiB.
2026-10-06T03:12:13Z INFO [400/500] 40e2f8f1-53f7-4380-aee5-01ffbf4a2495: checkpointed 78234 records.
2026-10-06T03:12:14Z INFO [401/500] 40e35517-9316-4393-823a-4ed584507677: 52 chunks; 0.9 s; peak memory 487 MiB.
2026-10-06T03:12:15Z INFO [402/500] 40e37916-7636-40ea-b50c-472bafa6b878: 115 chunks; 1.7 s; peak memory 487 MiB.
2026-10-06T03:12:16Z INFO [403/500] 40e3ddb5-3a78-4095-841e-d64977655799: 49 chunks; 0.9 s; peak memory 487 MiB.
2026-10-06T03:12:17Z INFO [404/500] 40e41bdc-3e63-4909-bfb0-64681cb88839: 118 chunks; 0.8 s; peak memory 487 MiB.
2026-10-06T03:12:18Z INFO [405/500] 40e4665b-b2c2-421b-82b7-e3e815c5a289: 45 chunks; 0.6 s; peak memory 487 MiB.
2026-10-06T03:12:27Z INFO [406/500] 40e4f9ca-282d-4055-a9ce-45cedaaf47bb: 2436 chunks; 9.0 s; peak memory 487 MiB.
2026-10-06T03:12:27Z INFO [407/500] 40e52536-dabe-4b51-860c-40e70d97beee: 112 chunks; 0.9 s; peak memory 487 MiB.
2026-10-06T03:12:29Z INFO [408/500] 40e52f7d-65a1-4418-ba60-cd4cba70b8d7: 158 chunks; 1.2 s; peak memory 487 MiB.
2026-10-06T03:12:30Z INFO [409/500] 40e62d0d-c867-465e-88d0-35fa988530e0: 112 chunks; 0.8 s; peak memory 487 MiB.
2026-10-06T03:12:30Z INFO [410/500] 40e6376a-4593-4299-b3f6-7aef45ae4d44: 48 chunks; 0.9 s; peak memory 487 MiB.
2026-10-06T03:12:31Z INFO [411/500] 40e684ef-cfd7-45bc-b88d-19984c9850f9: 52 chunks; 0.8 s; peak memory 487 MiB.
2026-10-06T03:12:32Z INFO [412/500] 40e6ffe2-95e4-4ecf-a5cd-4624573dc1f6: 78 chunks; 0.8 s; peak memory 487 MiB.
2026-10-06T03:12:34Z INFO [413/500] 40e7260d-52bc-4228-aded-2bed2d05c2b3: 64 chunks; 1.5 s; peak memory 487 MiB.
2026-10-06T03:12:36Z INFO [414/500] 40e799d1-999e-4754-b682-6bb79e208492: 156 chunks; 2.1 s; peak memory 487 MiB.
2026-10-06T03:12:37Z INFO [415/500] 40e7c261-f3be-4af6-9fa5-035556f0e3ea: 66 chunks; 0.9 s; peak memory 487 MiB.
2026-10-06T03:12:37Z INFO [416/500] 40e7d2c9-1291-4f7a-98e0-8a594b1abc93: 48 chunks; 0.7 s; peak memory 487 MiB.
2026-10-06T03:12:38Z INFO [417/500] 40ea913c-32be-4b9b-988b-60b7362f7df5: 63 chunks; 0.7 s; peak memory 487 MiB.
2026-10-06T03:12:39Z INFO [418/500] 40eab330-4b9d-4914-afb5-2b622ce744d2: 116 chunks; 0.8 s; peak memory 487 MiB.
2026-10-06T03:12:39Z INFO [419/500] 40ec037b-849c-4edc-8eaf-8e14503fa748: 44 chunks; 0.6 s; peak memory 487 MiB.
2026-10-06T03:12:42Z INFO [420/500] 40ece2b4-edaa-4c1e-8f82-93b7e2b07b60: 3259 chunks; 2.7 s; peak memory 487 MiB.
2026-10-06T03:12:43Z INFO [421/500] 40ed6c72-9791-4a19-8891-65d1fe5c8c15: 117 chunks; 0.9 s; peak memory 487 MiB.
2026-10-06T03:12:44Z INFO [422/500] 40ed8223-0b68-4673-bea4-386d038b1be2: 112 chunks; 1.0 s; peak memory 487 MiB.
2026-10-06T03:12:45Z INFO [423/500] 40eda076-8100-4c43-aab7-8b19b276cd9e: 69 chunks; 0.9 s; peak memory 487 MiB.
2026-10-06T03:12:46Z INFO [424/500] 40edbfa8-99f4-48ed-a29a-7f6508c2c342: 204 chunks; 1.2 s; peak memory 487 MiB.
2026-10-06T03:12:47Z INFO [425/500] 40edc854-5a12-4d82-8996-1849dd10f9b5: 48 chunks; 0.8 s; peak memory 487 MiB.
2026-10-06T03:12:48Z INFO [426/500] 40ede2ba-ef48-4e25-adfa-ed5e3696290d: 52 chunks; 0.7 s; peak memory 487 MiB.
2026-10-06T03:12:49Z INFO [427/500] 40ee1d84-b011-4b26-b9f1-4a824771045e: 123 chunks; 1.6 s; peak memory 487 MiB.
2026-10-06T03:12:53Z INFO [428/500] 40eed083-69b6-460a-b501-fc6318db5aca: 3111 chunks; 3.6 s; peak memory 487 MiB.
2026-10-06T03:12:54Z INFO [429/500] 40eed3a6-0080-4859-8da6-d52775f8f846: 68 chunks; 0.8 s; peak memory 487 MiB.
2026-10-06T03:12:56Z INFO [430/500] 40eee9de-0e22-4a35-b772-6c7f904d34fa: 118 chunks; 2.1 s; peak memory 487 MiB.
2026-10-06T03:12:57Z INFO [431/500] 40ef84e8-9ce7-4542-a288-71f820e407ac: 112 chunks; 0.9 s; peak memory 487 MiB.
2026-10-06T03:13:05Z INFO [432/500] 40f005a1-8b9d-436c-969e-3997cc6854d6: 18792 chunks; 8.7 s; peak memory 487 MiB.
2026-10-06T03:13:06Z INFO [433/500] 40f084df-36f5-47be-b622-1191bb1e9379: 46 chunks; 0.7 s; peak memory 487 MiB.
2026-10-06T03:13:08Z INFO [434/500] 40f1dbfd-d276-45d1-80e7-ebba0ec00845: 90 chunks; 2.0 s; peak memory 487 MiB.
2026-10-06T03:13:12Z INFO [435/500] 40f291df-e4ba-4866-9e9c-b6da97b4d65f: 2923 chunks; 4.0 s; peak memory 487 MiB.
2026-10-06T03:13:13Z INFO [436/500] 40f41cf1-c14a-4c1d-a4ea-d0b2270e823b: 112 chunks; 0.9 s; peak memory 487 MiB.
2026-10-06T03:13:17Z INFO [437/500] 40f4a57f-dcf8-424c-95ea-1d418fa45489: 1156 chunks; 4.2 s; peak memory 487 MiB.
2026-10-06T03:14:33Z INFO [438/500] 40f51deb-833e-43a8-bbb5-2dbab014f5ef: 32825 chunks; 75.9 s; peak memory 487 MiB.
2026-10-06T03:14:37Z INFO [439/500] 40f5686f-b02a-4bfd-8874-2f5265a3fe3d: 2142 chunks; 4.1 s; peak memory 487 MiB.
2026-10-06T03:14:38Z INFO [440/500] 40f58e10-6882-4abc-8f8c-18561bc8fd1b: 45 chunks; 0.6 s; peak memory 487 MiB.
2026-10-06T03:14:39Z INFO [441/500] 40f61c2d-8ba9-449f-94b1-a2f2ffbc1cb1: 58 chunks; 1.4 s; peak memory 487 MiB.
2026-10-06T03:14:41Z INFO [442/500] 40f6856b-46b1-4531-9fb3-62c74e132a3d: 90 chunks; 1.9 s; peak memory 487 MiB.
2026-10-06T03:14:42Z INFO [443/500] 40f69446-96a0-4987-b80f-b52b9a66ae72: 41 chunks; 0.7 s; peak memory 487 MiB.
2026-10-06T03:14:43Z INFO [444/500] 40f6dd5c-efdb-42bc-84d0-51c68da78a83: 117 chunks; 0.8 s; peak memory 487 MiB.
2026-10-06T03:14:45Z INFO [445/500] 40f84f03-cc67-414a-a00d-cfa35fcc7aa2: 156 chunks; 2.0 s; peak memory 487 MiB.
2026-10-06T03:14:45Z INFO [446/500] 40f85c0e-0294-42d5-9829-5b51ac4978a1: 42 chunks; 0.7 s; peak memory 487 MiB.
2026-10-06T03:14:46Z INFO [447/500] 40f89f3e-368c-435e-be6d-28af994445e9: 76 chunks; 1.0 s; peak memory 487 MiB.
2026-10-06T03:14:47Z INFO [448/500] 40f9081d-cf35-449e-b99f-9b5f2b345d7b: 72 chunks; 0.8 s; peak memory 487 MiB.
2026-10-06T03:14:48Z INFO [449/500] 40f97e9b-ead1-4eee-b0fb-1e6746a3a2ab: 112 chunks; 1.1 s; peak memory 487 MiB.
2026-10-06T03:14:49Z INFO [450/500] 40fa4cb4-abe5-4e9c-9f9d-32aca0558f93: 69 chunks; 0.6 s; peak memory 487 MiB.
2026-10-06T03:14:49Z INFO [450/500] 40fa4cb4-abe5-4e9c-9f9d-32aca0558f93: checkpointed 78284 records.
2026-10-06T03:14:50Z INFO [451/500] 40fbc502-7f29-43b7-b977-17af3fdde463: 118 chunks; 0.8 s; peak memory 487 MiB.
2026-10-06T03:14:51Z INFO [452/500] 40fc7ace-9cd4-4695-8a04-4e6b833f6f4a: 66 chunks; 1.3 s; peak memory 487 MiB.
2026-10-06T03:14:52Z INFO [453/500] 40fc80cb-84d9-410a-a4dd-02983a0530ff: 112 chunks; 1.0 s; peak memory 487 MiB.
2026-10-06T03:14:54Z INFO [454/500] 40fd0287-988a-4b7b-9527-bed08303f98a: 71 chunks; 1.5 s; peak memory 487 MiB.
2026-10-06T03:14:54Z INFO [455/500] 40fe7754-f314-46de-a691-c38ccade76a8: 117 chunks; 0.7 s; peak memory 487 MiB.
2026-10-06T03:14:55Z INFO [456/500] 40feed04-1381-49bb-ab1f-0a21a8baab89: 117 chunks; 0.8 s; peak memory 487 MiB.
2026-10-06T03:14:56Z INFO [457/500] 40ff4a40-d26c-4c4d-a29a-578ba1ca6a4a: 84 chunks; 0.9 s; peak memory 487 MiB.
2026-10-06T03:14:58Z INFO [458/500] 40ff5689-f7e3-4a1f-8e0b-cd8fc574b0d1: 115 chunks; 1.8 s; peak memory 487 MiB.
2026-10-06T03:14:59Z INFO [459/500] 40fff543-0472-4244-aa21-7ee7d29a5753: 48 chunks; 0.7 s; peak memory 487 MiB.
2026-10-06T03:15:02Z INFO [460/500] 41008ff2-8217-4853-b78b-090499f391b0: 13461 chunks; 3.6 s; peak memory 487 MiB.
2026-10-06T03:15:03Z INFO [461/500] 4100f260-827c-416c-a662-3e416b5248e5: 69 chunks; 0.8 s; peak memory 487 MiB.
2026-10-06T03:15:04Z INFO [462/500] 41032d79-9f4b-4945-9ff5-8858192b0adf: 59 chunks; 1.0 s; peak memory 487 MiB.
2026-10-06T03:15:06Z INFO [463/500] 4103f403-19c2-45e5-ad75-dafd26aaf2ff: 115 chunks; 1.8 s; peak memory 487 MiB.
2026-10-06T03:15:06Z INFO [464/500] 41041564-f6a1-4cce-be48-a1fd6127344a: 48 chunks; 0.7 s; peak memory 487 MiB.
2026-10-06T03:15:07Z INFO [465/500] 41049fdb-8e81-4534-9ae2-d83f19c4df81: 46 chunks; 0.6 s; peak memory 487 MiB.
2026-10-06T03:15:10Z INFO [466/500] 41051abe-f4bb-4bc8-b440-511a01acb351: 7765 chunks; 2.8 s; peak memory 487 MiB.
2026-10-06T03:15:11Z INFO [467/500] 410559e7-c1d9-4675-9c10-50cd487d2289: 48 chunks; 0.8 s; peak memory 487 MiB.
2026-10-06T03:15:12Z INFO [468/500] 4105daae-34ab-4840-9e00-e64c5fb67ba4: 48 chunks; 0.8 s; peak memory 487 MiB.
2026-10-06T03:15:14Z INFO [469/500] 41064d67-21c4-4da4-a5fe-7e2dd0f408a3: 111 chunks; 2.8 s; peak memory 487 MiB.
2026-10-06T03:15:15Z INFO [470/500] 41066f66-755b-4c8b-9ec7-ad164c672af5: 109 chunks; 0.9 s; peak memory 487 MiB.
2026-10-06T03:18:57Z INFO [471/500] 4106994c-52ab-4fd5-802b-7d15cdce4c10: 75234 chunks; 222.0 s; peak memory 487 MiB.
2026-10-06T03:18:58Z INFO [472/500] 4107820d-0d36-4db6-8a8e-b60d924c8352: 66 chunks; 0.8 s; peak memory 487 MiB.
2026-10-06T03:18:59Z INFO [473/500] 4107f48c-9512-4d9f-bf66-1542be42050e: 117 chunks; 1.0 s; peak memory 487 MiB.
2026-10-06T03:19:00Z INFO [474/500] 41086bbb-ce02-4e31-9dfd-f85d74122cd4: 141 chunks; 0.7 s; peak memory 487 MiB.
2026-10-06T03:19:03Z INFO [475/500] 4108ee9e-46db-4701-a2c8-f17687d6f85f: 168 chunks; 3.3 s; peak memory 487 MiB.
2026-10-06T03:19:04Z INFO [476/500] 4109c3ec-03d2-495b-ada2-9952dcc0d90a: 48 chunks; 0.8 s; peak memory 487 MiB.
2026-10-06T03:19:05Z INFO [477/500] 410a6cd9-5e0f-4643-acf8-bc33ec3dc64e: 64 chunks; 0.8 s; peak memory 487 MiB.
2026-10-06T03:19:09Z INFO [478/500] 410a7088-5c54-49de-bfb2-10234d9f7f17: 546 chunks; 4.4 s; peak memory 487 MiB.
2026-10-06T03:19:10Z INFO [479/500] 410c613b-aabe-4dce-b772-98aa7c688b93: 48 chunks; 0.9 s; peak memory 487 MiB.
2026-10-06T03:19:16Z INFO [480/500] 410c6f72-9828-40bd-800f-c53d0d136bd9: 6053 chunks; 5.8 s; peak memory 487 MiB.
2026-10-06T03:19:17Z INFO [481/500] 410d86c8-c419-46a0-b79f-f2721a7c35f6: 48 chunks; 0.8 s; peak memory 487 MiB.
2026-10-06T03:19:17Z INFO [482/500] 410e3bb2-9fb5-4552-a9a0-c2d5c40cab2e: 37 chunks; 0.5 s; peak memory 487 MiB.
2026-10-06T03:19:18Z INFO [483/500] 410ec536-22c2-42a5-a88f-e90e23d7d29d: 48 chunks; 0.7 s; peak memory 487 MiB.
2026-10-06T03:19:19Z INFO [484/500] 410ecc3d-a670-4161-bb89-b0123bc9faa2: 70 chunks; 1.3 s; peak memory 487 MiB.
2026-10-06T03:19:20Z INFO [485/500] 410f1dfb-4149-4cbd-8dc6-5978e6f355bd: 48 chunks; 0.8 s; peak memory 487 MiB.
2026-10-06T03:19:34Z INFO [486/500] 410f3790-385d-4ed2-87e0-ff0d9d13c14a: 8227 chunks; 13.9 s; peak memory 487 MiB.
2026-10-06T03:19:35Z INFO [487/500] 410fa6e2-534a-45a0-8d22-eaacfde04a67: 112 chunks; 1.1 s; peak memory 487 MiB.
2026-10-06T03:19:53Z INFO [488/500] 410fc125-1ab3-4ab8-9626-296f258c4081: 6039 chunks; 18.3 s; peak memory 487 MiB.
2026-10-06T03:19:54Z INFO [489/500] 4110ff53-73f1-4fa8-b2fc-db92c830a6c6: 48 chunks; 0.6 s; peak memory 487 MiB.
2026-10-06T03:19:56Z INFO [490/500] 41114a74-e53e-4763-ba6c-4841dac31c2e: 114 chunks; 2.1 s; peak memory 487 MiB.
2026-10-06T03:19:57Z INFO [491/500] 41127209-4707-4eda-af39-38daa4b89475: 117 chunks; 0.9 s; peak memory 487 MiB.
2026-10-06T03:20:16Z INFO [492/500] 4113ff6b-661e-436d-8bf9-61bee7c69b76: 5639 chunks; 18.9 s; peak memory 487 MiB.
2026-10-06T03:20:28Z INFO [493/500] 4114931a-70f0-431f-99ea-d509242ddf8e: 8229 chunks; 12.0 s; peak memory 487 MiB.
2026-10-06T03:20:28Z INFO [494/500] 4114d74d-4406-4cd4-a41a-c12d4e769a0f: 112 chunks; 0.8 s; peak memory 487 MiB.
2026-10-06T03:20:29Z INFO [495/500] 4114db80-1bf5-4cbf-a4e0-1f193e11bc30: 112 chunks; 0.9 s; peak memory 487 MiB.
2026-10-06T03:20:30Z INFO [496/500] 4115a76b-1c0f-48ae-88d2-5a2b7a0dffd5: 48 chunks; 0.7 s; peak memory 487 MiB.
2026-10-06T03:20:38Z INFO [497/500] 4115faee-36ad-4a16-97c8-f2cf0003fbcb: 12396 chunks; 7.6 s; peak memory 487 MiB.
2026-10-06T03:20:38Z INFO [498/500] 41166ae1-03bc-4c73-8680-fc147f0d5731: 48 chunks; 0.8 s; peak memory 487 MiB.
2026-10-06T03:20:41Z INFO [499/500] 411707d8-a35d-48c0-8be3-9b2326dccbc1: 156 chunks; 2.3 s; peak memory 487 MiB.
2026-10-06T03:20:42Z INFO [500/500] 411820cd-33a5-4c36-9bc7-81afafba668a: 118 chunks; 0.9 s; peak memory 487 MiB.
2026-10-06T03:20:42Z INFO [500/500] 411820cd-33a5-4c36-9bc7-81afafba668a: checkpointed 78334 records.
2026-10-06T03:20:42Z INFO Wrote 78334 records to /tmp/derivatives/valid_nwb_file_to_chunk_stats.jsonl (500 new, 0 failed) in 34.0 min (peak memory 487 MiB).
