2026-10-06T10:50:33Z INFO Logging to /tmp/logs/update_2026-10-06T10-50-33Z.log.
2026-10-06T10:50:33Z INFO Update valid-nwb-file-to-chunk-stats (base directory /tmp).
2026-10-06T10:50:33Z INFO Processing 500 items (80334 already recorded).
2026-10-06T10:50:34Z INFO [1/500] 4555a45f-2771-45c3-9ea6-da6059a9e9e9: 49 chunks; 1.1 s; peak memory 172 MiB.
2026-10-06T10:50:53Z INFO [2/500] 4555a963-5f94-4967-88fa-85a1d2516c17: 6040 chunks; 19.2 s; peak memory 193 MiB.
2026-10-06T10:50:55Z INFO [3/500] 4556bfb8-4477-4b68-979a-df8481367ef0: 103 chunks; 1.3 s; peak memory 193 MiB.
2026-10-06T10:50:56Z INFO [4/500] 4557699b-a20b-4c81-b8d3-6903dfde756b: 74 chunks; 0.8 s; peak memory 193 MiB.
2026-10-06T10:51:00Z INFO [5/500] 45579275-9839-4a6b-9427-66a315058720: 8735 chunks; 4.0 s; peak memory 196 MiB.
2026-10-06T10:51:01Z INFO [6/500] 45589343-e078-4b23-afb1-141f7c794bf6: 62 chunks; 1.4 s; peak memory 196 MiB.
2026-10-06T10:51:02Z INFO [7/500] 4558981e-f433-488e-85f8-a0260a25ead6: 48 chunks; 0.8 s; peak memory 196 MiB.
2026-10-06T10:51:03Z INFO [8/500] 45589972-15d9-45b2-9569-102f0a17cd57: 51 chunks; 0.9 s; peak memory 196 MiB.
2026-10-06T10:51:03Z INFO [9/500] 4559dff1-3c5c-43c9-8147-e3f58d118302: 117 chunks; 0.7 s; peak memory 196 MiB.
2026-10-06T10:51:04Z INFO [10/500] 4559f711-2132-4416-b1a3-9992f1d78763: 71 chunks; 1.0 s; peak memory 197 MiB.
2026-10-06T10:51:05Z INFO [11/500] 455a2404-0891-4f38-acff-295a912afd9b: 112 chunks; 1.0 s; peak memory 197 MiB.
2026-10-06T10:51:06Z INFO [12/500] 455aaaa5-71fc-4a27-9577-3a7c33f8a0ed: 41 chunks; 0.7 s; peak memory 197 MiB.
2026-10-06T10:51:08Z INFO [13/500] 455b49b3-a608-46a3-88f2-79ec23e243cc: 80 chunks; 1.8 s; peak memory 198 MiB.
2026-10-06T10:51:09Z INFO [14/500] 455b506b-332e-4dd7-a2ea-cb6e33fd1782: 69 chunks; 1.3 s; peak memory 198 MiB.
2026-10-06T10:51:10Z INFO [15/500] 455c378d-2b35-4991-b564-e2a3304588b1: 52 chunks; 0.5 s; peak memory 198 MiB.
2026-10-06T10:51:11Z INFO [16/500] 455c9a6e-a126-46ab-854d-b9b36873aafe: 112 chunks; 0.8 s; peak memory 198 MiB.
2026-10-06T10:51:26Z INFO [17/500] 455cb761-d78a-4e3c-9380-bde4664c6d88: 5026 chunks; 15.8 s; peak memory 202 MiB.
2026-10-06T10:51:27Z INFO [18/500] 455e9adf-1fe9-4d8a-80ef-f2721f5229d2: 117 chunks; 0.8 s; peak memory 202 MiB.
2026-10-06T10:51:28Z INFO [19/500] 455f3bdd-b346-47c9-b358-1ae5937d2b6b: 66 chunks; 1.1 s; peak memory 202 MiB.
2026-10-06T10:51:29Z INFO [20/500] 45600142-5fdb-4ebb-b2d8-6ba8424a0b7a: 48 chunks; 0.8 s; peak memory 202 MiB.
2026-10-06T10:51:30Z INFO [21/500] 4560cbe3-379b-4d7d-ab9b-2bfdf6f73ef7: 112 chunks; 0.8 s; peak memory 203 MiB.
2026-10-06T10:51:32Z INFO [22/500] 45615a03-0b9f-45d3-823f-e59946ff4da1: 71 chunks; 1.7 s; peak memory 203 MiB.
2026-10-06T10:51:32Z INFO [23/500] 456198e4-3b31-43a1-bc40-b7bd86168002: 118 chunks; 0.8 s; peak memory 203 MiB.
2026-10-06T10:51:33Z INFO [24/500] 456267c6-4e26-45dc-8f7b-48a9c4cf6042: 47 chunks; 0.7 s; peak memory 203 MiB.
2026-10-06T10:51:35Z INFO [25/500] 4562cd96-b3b1-41b4-abd4-0efccd3c5c91: 114 chunks; 1.9 s; peak memory 203 MiB.
2026-10-06T10:51:35Z INFO [26/500] 4563c9bb-17d3-4524-8985-79b8b783507c: 48 chunks; 0.6 s; peak memory 203 MiB.
2026-10-06T10:51:36Z INFO [27/500] 4564fc42-f15f-46d9-98da-607662647bfe: 121 chunks; 0.7 s; peak memory 203 MiB.
2026-10-06T10:51:37Z INFO [28/500] 45650fd5-d068-4846-b981-e5b83bf00836: 112 chunks; 0.9 s; peak memory 203 MiB.
2026-10-06T10:51:38Z INFO [29/500] 4566402f-cae7-4100-93f8-94833287b14f: 48 chunks; 0.6 s; peak memory 203 MiB.
2026-10-06T10:51:38Z INFO [30/500] 45664cf2-eda9-4a84-b6e7-1f6c5cce9ecf: 48 chunks; 0.8 s; peak memory 203 MiB.
2026-10-06T10:51:42Z INFO [31/500] 45678aa4-20ca-41a3-9f33-3c13ef6e8698: 3685 chunks; 4.0 s; peak memory 234 MiB.
2026-10-06T10:51:44Z INFO [32/500] 456809d9-dbe7-40fc-bcc0-c612efa5a2a5: 115 chunks; 1.8 s; peak memory 234 MiB.
2026-10-06T10:51:46Z INFO [33/500] 45682bb0-a2e8-477c-9be5-f6a127c6e81f: 933 chunks; 1.4 s; peak memory 234 MiB.
2026-10-06T10:51:47Z INFO [34/500] 45684c83-8932-4434-8a80-c9b521101231: 933 chunks; 1.4 s; peak memory 234 MiB.
2026-10-06T10:51:57Z INFO [35/500] 4568705e-4443-4b8e-b7a2-3484ab40c034: 8229 chunks; 9.9 s; peak memory 234 MiB.
2026-10-06T10:51:58Z INFO [36/500] 45693587-b691-41c8-ad45-23a12e12b0de: 117 chunks; 0.8 s; peak memory 234 MiB.
2026-10-06T10:51:59Z INFO [37/500] 456a18a5-32d0-48eb-9d09-0896bf8c595f: 66 chunks; 1.0 s; peak memory 234 MiB.
2026-10-06T10:52:02Z INFO [38/500] 456a2863-047b-487c-a2fc-5374b4a17791: 2980 chunks; 3.1 s; peak memory 234 MiB.
2026-10-06T10:52:08Z INFO [39/500] 456a6ff4-c07b-40bf-8376-77f60fa84a2f: 7590 chunks; 6.3 s; peak memory 234 MiB.
2026-10-06T10:52:10Z INFO [40/500] 456b17d1-0f88-4237-ae88-2494dd3bebb2: 69 chunks; 1.3 s; peak memory 234 MiB.
2026-10-06T10:52:11Z INFO [41/500] 456b791d-6b28-4dcd-b288-e508f00d8502: 720 chunks; 1.2 s; peak memory 234 MiB.
2026-10-06T10:52:12Z INFO [42/500] 456bb2c5-d539-4423-a0ae-405a63d77691: 117 chunks; 0.9 s; peak memory 234 MiB.
2026-10-06T10:52:13Z INFO [43/500] 456c7643-2a7f-4079-a7bc-284a690bca6e: 112 chunks; 1.0 s; peak memory 234 MiB.
2026-10-06T10:52:18Z INFO [44/500] 456cba92-7974-4386-ae65-b9423f87b795: 391 chunks; 5.5 s; peak memory 234 MiB.
2026-10-06T10:53:31Z INFO [45/500] 456d16f0-10cd-4516-b0ad-b4154babed2e: 32825 chunks; 72.6 s; peak memory 317 MiB.
2026-10-06T10:53:32Z INFO [46/500] 456d866d-bacd-4c03-beb3-eb75c2d6c7f5: 997 chunks; 1.4 s; peak memory 317 MiB.
2026-10-06T10:53:33Z INFO [47/500] 456e621e-1c36-4625-a8a3-e0fafaf6ea82: 59 chunks; 0.7 s; peak memory 317 MiB.
2026-10-06T10:53:34Z INFO [48/500] 456eeecc-636b-446d-8719-ff50b66201bd: 48 chunks; 0.9 s; peak memory 317 MiB.
2026-10-06T10:53:35Z INFO [49/500] 456f09e9-65bd-4f15-92f5-f14bafbaa738: 112 chunks; 0.8 s; peak memory 317 MiB.
2026-10-06T10:53:37Z INFO [50/500] 456f2e21-469e-4f99-b7df-b8aaf3491823: 2862 chunks; 2.7 s; peak memory 317 MiB.
2026-10-06T10:53:37Z INFO [50/500] 456f2e21-469e-4f99-b7df-b8aaf3491823: checkpointed 80384 records.
2026-10-06T10:53:39Z INFO [51/500] 456f31e2-6934-4f35-9a7c-1e759723eb92: 57 chunks; 1.4 s; peak memory 317 MiB.
2026-10-06T10:53:40Z INFO [52/500] 456f36c4-fc8f-44ee-b922-9b0315a1e70f: 66 chunks; 1.0 s; peak memory 317 MiB.
2026-10-06T10:53:41Z INFO [53/500] 456f8b91-ab32-4a1e-a063-10ee1fc5d52c: 48 chunks; 0.7 s; peak memory 317 MiB.
2026-10-06T10:53:41Z INFO [54/500] 45729baf-4a9b-4172-ab8f-8dd3147fba8e: 48 chunks; 0.7 s; peak memory 317 MiB.
2026-10-06T10:53:42Z INFO [55/500] 457328a3-6c05-4264-9d5a-869fce3f96ce: 114 chunks; 0.6 s; peak memory 317 MiB.
2026-10-06T10:53:46Z INFO [56/500] 45733780-761c-4e9f-afde-09404c310854: 2568 chunks; 3.8 s; peak memory 317 MiB.
2026-10-06T10:53:47Z INFO [57/500] 4573541e-568c-47ef-9bd2-becf3dad79ac: 112 chunks; 0.9 s; peak memory 317 MiB.
2026-10-06T10:53:51Z INFO [58/500] 4573a079-7107-4a68-95b2-47459f6033ab: 2923 chunks; 3.9 s; peak memory 317 MiB.
2026-10-06T10:53:58Z INFO [59/500] 45744cfb-4c9d-46e8-ade9-0ab4f6b1131d: 12466 chunks; 7.3 s; peak memory 317 MiB.
2026-10-06T10:54:02Z INFO [60/500] 45749b0a-f470-47cc-beb2-2b93aaff7e20: 11903 chunks; 3.9 s; peak memory 317 MiB.
2026-10-06T10:54:02Z INFO [61/500] 45756afd-c277-43c7-931e-3710000abd15: 45 chunks; 0.5 s; peak memory 317 MiB.
2026-10-06T10:54:04Z INFO [62/500] 45765c3a-1b50-47ff-bb5d-87ed00caedd2: 114 chunks; 1.7 s; peak memory 317 MiB.
2026-10-06T10:54:05Z INFO [63/500] 45768f29-d9b2-4e19-aeba-386fa1f52cbd: 113 chunks; 1.0 s; peak memory 317 MiB.
2026-10-06T10:54:13Z INFO [64/500] 457752dd-1c7e-4079-bf56-6914ff324b8c: 23721 chunks; 7.7 s; peak memory 317 MiB.
2026-10-06T10:54:14Z INFO [65/500] 45778a72-88f8-4191-be24-c8a94485d3e5: 118 chunks; 0.8 s; peak memory 317 MiB.
2026-10-06T10:54:14Z INFO [66/500] 4577c5cc-bdf9-4221-b75d-5782ba789895: 43 chunks; 0.6 s; peak memory 317 MiB.
2026-10-06T10:54:15Z INFO [67/500] 4577efa5-b735-4f66-bf41-0df9cd166cf2: 50 chunks; 0.7 s; peak memory 317 MiB.
2026-10-06T10:54:16Z INFO [68/500] 4578596c-0c0b-4c35-bff2-aed0cbf7879d: 71 chunks; 1.2 s; peak memory 317 MiB.
2026-10-06T10:54:17Z INFO [69/500] 4578e0f5-ce6c-419e-944b-7490c0472958: 46 chunks; 0.5 s; peak memory 317 MiB.
2026-10-06T10:54:17Z INFO [70/500] 4579fe98-29f8-4548-95f5-bf5f6a720d9d: 51 chunks; 0.5 s; peak memory 317 MiB.
2026-10-06T10:54:18Z INFO [71/500] 457b68b2-53e4-4c2b-a6e4-ddf29485099f: 117 chunks; 0.8 s; peak memory 317 MiB.
2026-10-06T10:54:19Z INFO [72/500] 457bdc78-6168-47f4-b441-841a78cddfdf: 117 chunks; 0.8 s; peak memory 317 MiB.
2026-10-06T10:54:20Z INFO [73/500] 457cd8db-eca2-4726-99cf-9b1fdbbf927c: 275 chunks; 0.9 s; peak memory 317 MiB.
2026-10-06T10:54:21Z INFO [74/500] 457d37da-9c69-4fc5-909d-321b04cd005e: 112 chunks; 1.1 s; peak memory 317 MiB.
2026-10-06T10:54:25Z INFO [75/500] 457d6892-c8dd-47c8-95ab-2b8ba5dca274: 594 chunks; 4.7 s; peak memory 317 MiB.
2026-10-06T10:54:26Z INFO [76/500] 457df6a5-e9a9-4ec2-8792-c1b1d46a0f13: 52 chunks; 0.7 s; peak memory 317 MiB.
2026-10-06T10:54:27Z INFO [77/500] 457e6a37-ee85-4144-9ab7-9bda268c167d: 118 chunks; 0.8 s; peak memory 317 MiB.
2026-10-06T10:54:28Z INFO [78/500] 457eacfb-32bb-44bc-a098-58c97a88e672: 48 chunks; 0.8 s; peak memory 317 MiB.
2026-10-06T10:54:29Z INFO [79/500] 457f91f4-45df-47bd-a4dd-2b4d04706517: 110 chunks; 1.2 s; peak memory 317 MiB.
2026-10-06T10:54:30Z INFO [80/500] 457fed7d-42da-496d-bf4e-cdbf0221cc6f: 121 chunks; 1.2 s; peak memory 317 MiB.
2026-10-06T10:54:31Z INFO [81/500] 45807611-f911-45b5-879a-90c60f916ece: 79 chunks; 0.8 s; peak memory 317 MiB.
2026-10-06T10:54:32Z INFO [82/500] 45810ded-b1d2-4b78-a89f-13d81a2b2021: 72 chunks; 0.9 s; peak memory 317 MiB.
2026-10-06T10:54:32Z INFO [83/500] 458129ca-4de8-4628-8a1f-a1487f9047a3: 46 chunks; 0.6 s; peak memory 317 MiB.
2026-10-06T10:54:33Z INFO [84/500] 45819137-4076-4f3f-a298-cbf3547b9607: 48 chunks; 0.7 s; peak memory 317 MiB.
2026-10-06T10:54:34Z INFO [85/500] 4581f185-03cf-4b2d-9b5c-6655b641653b: 45 chunks; 0.9 s; peak memory 317 MiB.
2026-10-06T10:54:36Z INFO [86/500] 45827ca0-cc92-4ef4-95ee-e27c437b025e: 115 chunks; 1.7 s; peak memory 317 MiB.
2026-10-06T10:54:37Z INFO [87/500] 4583125a-b610-4be4-bed9-b7ca76d7c170: 48 chunks; 0.8 s; peak memory 317 MiB.
2026-10-06T10:54:37Z INFO [88/500] 45838082-1dfa-4eed-84d6-d25da9f9d10c: 112 chunks; 0.9 s; peak memory 317 MiB.
2026-10-06T10:54:38Z INFO [89/500] 4583bf2f-8da2-40f4-936d-5373389e72fb: 48 chunks; 0.9 s; peak memory 317 MiB.
2026-10-06T10:54:43Z INFO [90/500] 4583c273-53e5-41bf-8060-33326966870c: 19176 chunks; 4.6 s; peak memory 317 MiB.
2026-10-06T10:54:44Z INFO [91/500] 45843ce7-0d02-42d3-b0d2-9dbe45f43e2e: 66 chunks; 1.0 s; peak memory 317 MiB.
2026-10-06T10:54:45Z INFO [92/500] 45848979-8eff-418e-8187-07aa838e3c9a: 105 chunks; 1.5 s; peak memory 317 MiB.
2026-10-06T10:54:49Z INFO [93/500] 4584d168-1ec4-479a-86f8-b1a6a81abdb2: 1956 chunks; 3.7 s; peak memory 317 MiB.
2026-10-06T10:54:51Z INFO [94/500] 458557fb-d776-448a-a3d5-2d17bddaf4bf: 156 chunks; 2.0 s; peak memory 317 MiB.
2026-10-06T10:54:52Z INFO [95/500] 4585dba3-6a43-436e-b495-279cdf7f185a: 51 chunks; 0.6 s; peak memory 317 MiB.
2026-10-06T10:54:53Z INFO [96/500] 45860e5d-1ead-441e-86c6-a5b2d582cae5: 112 chunks; 0.8 s; peak memory 317 MiB.
2026-10-06T10:54:53Z INFO [97/500] 4586f997-6c87-47b3-9b5d-4328bb1b8e0c: 56 chunks; 0.7 s; peak memory 317 MiB.
2026-10-06T10:54:54Z INFO [98/500] 45870d5c-2e63-4898-9e74-ce539b790ac1: 43 chunks; 0.6 s; peak memory 317 MiB.
2026-10-06T10:54:58Z INFO [99/500] 458823b4-b2f9-4a18-b419-87043c97b4cd: 2923 chunks; 3.8 s; peak memory 317 MiB.
2026-10-06T10:55:14Z INFO [100/500] 4588f88a-0014-4bbb-b33a-9145cc569394: 6124 chunks; 16.7 s; peak memory 317 MiB.
2026-10-06T10:55:15Z INFO [100/500] 4588f88a-0014-4bbb-b33a-9145cc569394: checkpointed 80434 records.
2026-10-06T10:55:24Z INFO [101/500] 4589633e-436d-4ec6-b4e2-e62ee79ec937: 8229 chunks; 9.3 s; peak memory 317 MiB.
2026-10-06T10:55:25Z INFO [102/500] 45899175-5485-4d82-aa35-ba79184adeef: 66 chunks; 1.1 s; peak memory 317 MiB.
2026-10-06T10:55:37Z INFO [103/500] 45899fcc-65da-4711-94d1-f88936ac8f9a: 37940 chunks; 12.0 s; peak memory 317 MiB.
2026-10-06T10:55:48Z INFO [104/500] 4589e200-0f89-4564-859e-82e5c64071f6: 2257 chunks; 11.2 s; peak memory 317 MiB.
2026-10-06T10:55:49Z INFO [105/500] 4589ef58-60f2-45c2-8881-9bf74858bf2c: 71 chunks; 1.3 s; peak memory 317 MiB.
2026-10-06T10:55:57Z INFO [106/500] 458a02ac-85d5-4b81-befc-a140648b6bd2: 2919 chunks; 7.6 s; peak memory 317 MiB.
2026-10-06T10:56:05Z INFO [107/500] 458b6ca2-1b0a-422c-8383-f4b86d07eb20: 2269 chunks; 8.4 s; peak memory 317 MiB.
2026-10-06T10:56:06Z INFO [108/500] 458bed9b-0713-44b8-8fa9-68e8af74c6c3: 58 chunks; 0.5 s; peak memory 317 MiB.
2026-10-06T10:56:07Z INFO [109/500] 458da030-1962-4900-b2a7-35063493c933: 113 chunks; 0.8 s; peak memory 317 MiB.
2026-10-06T10:56:08Z INFO [110/500] 458e3ea0-50f9-4156-b7aa-38cc393ded6a: 48 chunks; 0.8 s; peak memory 317 MiB.
2026-10-06T10:56:08Z INFO [111/500] 458ef1bd-215b-427a-bf4c-9e7c17344845: 117 chunks; 0.9 s; peak memory 317 MiB.
2026-10-06T10:56:09Z INFO [112/500] 458fefcf-cf2c-495e-85ec-b9068929a031: 48 chunks; 0.7 s; peak memory 317 MiB.
2026-10-06T10:56:10Z INFO [113/500] 45902787-d0ab-4a35-a37e-6d76e4f5b145: 66 chunks; 1.1 s; peak memory 317 MiB.
2026-10-06T10:57:22Z INFO [114/500] 4591a539-e548-4d77-8461-5c0ea75be910: 5606 chunks; 72.0 s; peak memory 410 MiB.
2026-10-06T10:57:56Z INFO [115/500] 4591f64e-2c93-4499-9c4d-9494c81db874: 21810 chunks; 33.8 s; peak memory 410 MiB.
2026-10-06T10:57:57Z INFO [116/500] 459354a4-973c-48cf-93bc-c7452a85d216: 48 chunks; 0.9 s; peak memory 410 MiB.
2026-10-06T10:57:58Z INFO [117/500] 459496d3-1494-4803-ab2a-56168f7e33e1: 56 chunks; 0.6 s; peak memory 410 MiB.
2026-10-06T10:57:58Z INFO [118/500] 4594a8b5-8318-4b69-9d6e-614702a8665c: 117 chunks; 0.8 s; peak memory 410 MiB.
2026-10-06T10:57:59Z INFO [119/500] 4594eb9b-174e-4e05-b913-ca99e148117f: 116 chunks; 0.7 s; peak memory 410 MiB.
2026-10-06T10:58:01Z INFO [120/500] 45950a5f-bd0d-48aa-9340-5c3a52682354: 71 chunks; 1.5 s; peak memory 410 MiB.
2026-10-06T10:58:01Z INFO [121/500] 45960046-f1d6-45f3-9b27-83c309e3a1c5: 48 chunks; 0.9 s; peak memory 410 MiB.
2026-10-06T10:58:02Z INFO [122/500] 4596b3d5-bc35-41c2-8735-ed4950ff7f69: 118 chunks; 0.7 s; peak memory 410 MiB.
2026-10-06T10:58:35Z INFO [123/500] 45977f72-66fd-451c-a5ee-d24180500ac8: 5733 chunks; 32.7 s; peak memory 410 MiB.
2026-10-06T10:59:15Z INFO [124/500] 4597a4fc-14cc-4082-90b0-3ed69406b5b2: 2188 chunks; 39.7 s; peak memory 410 MiB.
2026-10-06T10:59:15Z INFO [125/500] 4597c2ee-08c5-4430-ae33-31fb03f5ece7: 48 chunks; 0.8 s; peak memory 410 MiB.
2026-10-06T10:59:23Z INFO [126/500] 45999b5d-d4e8-41ab-94be-4a160332e606: 19131 chunks; 8.0 s; peak memory 410 MiB.
2026-10-06T10:59:24Z INFO [127/500] 459a4e39-271d-4db6-af98-7aa307036997: 48 chunks; 0.8 s; peak memory 410 MiB.
2026-10-06T10:59:27Z INFO [128/500] 459a9de5-6866-4816-afb7-fef7a685ece9: 2131 chunks; 2.9 s; peak memory 410 MiB.
2026-10-06T10:59:28Z INFO [129/500] 459b1a88-934e-4440-a4c9-534a226c488e: 45 chunks; 0.8 s; peak memory 410 MiB.
2026-10-06T10:59:29Z INFO [130/500] 459b27e5-5ad3-4813-b463-5ac9b506e8d0: 48 chunks; 0.9 s; peak memory 410 MiB.
2026-10-06T10:59:30Z INFO [131/500] 459c342a-aa65-40a7-8f4d-765b916df355: 66 chunks; 1.0 s; peak memory 410 MiB.
2026-10-06T10:59:34Z INFO [132/500] 459c591a-3aae-42cc-acee-b1f5c4361e4e: 2919 chunks; 3.8 s; peak memory 410 MiB.
2026-10-06T10:59:34Z INFO [133/500] 459dabd1-6355-4970-8cd3-37c9d9669bdf: 112 chunks; 0.9 s; peak memory 410 MiB.
2026-10-06T10:59:36Z INFO [134/500] 459db2f6-cde9-493a-8f0f-bc9eb2c0b5c6: 71 chunks; 1.6 s; peak memory 410 MiB.
2026-10-06T10:59:37Z INFO [135/500] 459dec15-b4f1-483a-9cbb-09db1b82a928: 46 chunks; 0.5 s; peak memory 410 MiB.
2026-10-06T10:59:37Z INFO [136/500] 459e9358-12d6-4112-9be0-16b209bdce80: 48 chunks; 0.8 s; peak memory 410 MiB.
2026-10-06T10:59:38Z INFO [137/500] 459ead11-bc40-4496-a02c-feec11f5fb8f: 48 chunks; 0.7 s; peak memory 410 MiB.
2026-10-06T10:59:39Z INFO [138/500] 459f1ced-3a20-469a-a6bf-e5ec4334e01a: 52 chunks; 0.8 s; peak memory 410 MiB.
2026-10-06T10:59:40Z INFO [139/500] 45a04f1b-e206-4616-b1ae-e9a01375b4ef: 117 chunks; 0.8 s; peak memory 410 MiB.
2026-10-06T10:59:42Z INFO [140/500] 45a0a7f5-1448-4fff-a565-bf5d423d37f9: 156 chunks; 2.0 s; peak memory 410 MiB.
2026-10-06T10:59:42Z INFO [141/500] 45a0f37f-cf12-4635-8631-12f0490021ad: 48 chunks; 0.8 s; peak memory 410 MiB.
2026-10-06T10:59:49Z INFO [142/500] 45a17611-0210-47ba-8f44-d3d6a61891fa: 20167 chunks; 6.3 s; peak memory 410 MiB.
2026-10-06T10:59:55Z INFO [143/500] 45a1769d-2390-4b89-9668-c64eb62dbd54: 20583 chunks; 6.5 s; peak memory 410 MiB.
2026-10-06T10:59:57Z INFO [144/500] 45a1d0b8-43ab-478b-819d-e76e58727e20: 116 chunks; 1.9 s; peak memory 410 MiB.
2026-10-06T10:59:58Z INFO [145/500] 45a22e16-c040-41d3-a312-04b85c9104c8: 51 chunks; 1.0 s; peak memory 410 MiB.
2026-10-06T11:00:04Z INFO [146/500] 45a23332-8e93-4379-8ee7-8eb9d5431740: 889 chunks; 6.1 s; peak memory 410 MiB.
2026-10-06T11:00:06Z INFO [147/500] 45a23bf0-4799-429d-90d4-0aae4605ad51: 118 chunks; 1.7 s; peak memory 410 MiB.
2026-10-06T11:00:07Z INFO [148/500] 45a28541-79bc-434a-9a9a-f6dd32d634b5: 110 chunks; 1.0 s; peak memory 410 MiB.
2026-10-06T11:00:08Z INFO [149/500] 45a318c4-5445-41ca-8898-3a05866e969f: 91 chunks; 1.6 s; peak memory 410 MiB.
2026-10-06T11:00:09Z INFO [150/500] 45a37b26-ef05-43ea-8159-fd08f9279185: 48 chunks; 0.8 s; peak memory 410 MiB.
2026-10-06T11:00:10Z INFO [150/500] 45a37b26-ef05-43ea-8159-fd08f9279185: checkpointed 80484 records.
2026-10-06T11:00:10Z INFO [151/500] 45a3ebe4-1b9d-45a4-be25-0834e9803d76: 117 chunks; 0.9 s; peak memory 410 MiB.
2026-10-06T11:00:11Z INFO [152/500] 45a4c344-6fd6-4693-ad28-30aca078da38: 48 chunks; 0.9 s; peak memory 410 MiB.
2026-10-06T11:00:13Z INFO [153/500] 45a58e2f-4cae-4fd4-8015-768ed9ed055d: 204 chunks; 1.3 s; peak memory 410 MiB.
2026-10-06T11:00:13Z INFO [154/500] 45a5e8f4-d7b5-4bd0-836a-ddad0f2ebd9d: 49 chunks; 0.7 s; peak memory 410 MiB.
2026-10-06T11:00:14Z INFO [155/500] 45a630da-e976-43d1-a05c-fe7e23ec4de5: 70 chunks; 1.0 s; peak memory 410 MiB.
2026-10-06T11:00:15Z INFO [156/500] 45a6f667-b2f8-4a5c-8882-6fc65954f321: 116 chunks; 0.8 s; peak memory 410 MiB.
2026-10-06T11:00:25Z INFO [157/500] 45a71789-edf3-47d0-8167-e8ba48899ff0: 8232 chunks; 10.0 s; peak memory 410 MiB.
2026-10-06T11:00:27Z INFO [158/500] 45a7d6e1-ee2b-4e04-b1f9-5c8cb416dd40: 115 chunks; 1.7 s; peak memory 410 MiB.
2026-10-06T11:00:41Z INFO [159/500] 45a807bf-7cb9-46d1-9fe9-979c90a3dd40: 2338 chunks; 14.4 s; peak memory 410 MiB.
2026-10-06T11:00:42Z INFO [160/500] 45a982b7-fdde-4f29-8637-2f63ebf188b4: 48 chunks; 0.9 s; peak memory 410 MiB.
2026-10-06T11:00:43Z INFO [161/500] 45a9fc03-1851-4d41-8d80-df04aa6063df: 48 chunks; 0.8 s; peak memory 410 MiB.
2026-10-06T11:00:44Z INFO [162/500] 45aa3493-7a1b-4eec-9949-8f9d45a92680: 77 chunks; 0.9 s; peak memory 410 MiB.
2026-10-06T11:00:44Z INFO [163/500] 45aa5949-dc3e-4e3c-b238-0b08cc8b1e71: 57 chunks; 0.6 s; peak memory 410 MiB.
2026-10-06T11:00:45Z INFO [164/500] 45aa6979-dbbb-4c09-9d72-6646a7fc103a: 114 chunks; 0.9 s; peak memory 410 MiB.
2026-10-06T11:00:46Z INFO [165/500] 45aa8a81-5710-4750-b363-93355ce6f4be: 48 chunks; 0.7 s; peak memory 410 MiB.
2026-10-06T11:00:47Z INFO [166/500] 45aadc6d-1cd3-42ac-9cd4-cd00c0417532: 117 chunks; 0.8 s; peak memory 410 MiB.
2026-10-06T11:00:47Z INFO [167/500] 45ab2a30-cb8b-4831-963d-7def3f79c99e: 46 chunks; 0.5 s; peak memory 410 MiB.
2026-10-06T11:00:49Z INFO [168/500] 45ac309e-02ae-4525-9faf-d0c8a31eba97: 71 chunks; 1.7 s; peak memory 410 MiB.
2026-10-06T11:02:43Z INFO [169/500] 45ac9314-e75e-4e0a-a3ce-dcdb10c9bff6: 37949 chunks; 113.8 s; peak memory 410 MiB.
2026-10-06T11:02:43Z INFO [170/500] 45acd609-06b4-4c60-88e9-d5b4b5a8e897: 48 chunks; 0.8 s; peak memory 410 MiB.
2026-10-06T11:02:49Z INFO [171/500] 45acfd85-865f-42ff-a27c-8f3763f9c6b5: 1253 chunks; 5.1 s; peak memory 410 MiB.
2026-10-06T11:02:54Z INFO [172/500] 45ad15fd-8f76-4331-9fdd-18d6a3b4405d: 22937 chunks; 5.6 s; peak memory 410 MiB.
2026-10-06T11:02:58Z INFO [173/500] 45ad454a-06ab-481f-8e8c-a0a0dac53fe3: 2923 chunks; 3.6 s; peak memory 410 MiB.
2026-10-06T11:02:58Z INFO [174/500] 45ad6096-6cdc-4b3f-9204-be27290409da: 48 chunks; 0.8 s; peak memory 410 MiB.
2026-10-06T11:02:59Z INFO [175/500] 45ad76e6-c815-4fe9-ab83-7bf3d928252a: 112 chunks; 1.0 s; peak memory 410 MiB.
2026-10-06T11:03:01Z INFO [176/500] 45ad83b6-c2fa-466f-90bd-da161aa1225e: 106 chunks; 1.2 s; peak memory 410 MiB.
2026-10-06T11:03:01Z INFO [177/500] 45adb583-bee0-4499-acbc-07fcc6dccde0: 44 chunks; 0.6 s; peak memory 410 MiB.
2026-10-06T11:06:49Z INFO [178/500] 45add1d6-1263-4394-83c4-51c0aa231f5e: 75419 chunks; 227.4 s; peak memory 485 MiB.
2026-10-06T11:06:49Z INFO [179/500] 45ae0e3c-117b-482f-a98d-52ee11cc7046: 48 chunks; 0.8 s; peak memory 485 MiB.
2026-10-06T11:07:02Z INFO [180/500] 45ae273d-8904-4162-aaa2-898bab78cb0d: 816 chunks; 12.4 s; peak memory 485 MiB.
2026-10-06T11:07:03Z INFO [181/500] 45afa9ac-f9bc-4007-86fb-63221f06fa1b: 48 chunks; 0.8 s; peak memory 485 MiB.
2026-10-06T11:07:05Z INFO [182/500] 45b01598-36f5-48ea-ba6f-6a386df9ef6c: 156 chunks; 2.5 s; peak memory 485 MiB.
2026-10-06T11:07:06Z INFO [183/500] 45b0d873-48ad-4e50-b785-0afda8f10ebc: 275 chunks; 1.2 s; peak memory 485 MiB.
2026-10-06T11:07:07Z INFO [184/500] 45b172fd-f837-41d4-a1e3-0695954c32ef: 48 chunks; 0.9 s; peak memory 485 MiB.
2026-10-06T11:07:41Z INFO [185/500] 45b1bb25-ca1f-43a8-8cf8-60b28a691229: 18738 chunks; 34.3 s; peak memory 485 MiB.
2026-10-06T11:07:42Z INFO [186/500] 45b21563-a346-4f76-ba39-ede0a07e8c5f: 48 chunks; 0.7 s; peak memory 485 MiB.
2026-10-06T11:07:43Z INFO [187/500] 45b39c31-1d1e-4924-867b-dcfdba37f512: 114 chunks; 0.7 s; peak memory 485 MiB.
2026-10-06T11:07:44Z INFO [188/500] 45b4914f-4a75-40f1-83c7-d181a2887163: 52 chunks; 0.9 s; peak memory 485 MiB.
2026-10-06T11:07:45Z INFO [189/500] 45b52698-6726-42ae-b334-5de4fcd2c6d0: 71 chunks; 1.1 s; peak memory 485 MiB.
2026-10-06T11:07:46Z INFO [190/500] 45b53106-34dd-49e5-9564-69edb8c1b785: 70 chunks; 0.9 s; peak memory 485 MiB.
2026-10-06T11:07:55Z INFO [191/500] 45b55560-3f32-4cf1-9a90-5563f2a3a821: 4636 chunks; 8.9 s; peak memory 485 MiB.
2026-10-06T11:07:56Z INFO [192/500] 45b5903a-8eef-4140-9398-3cff0e9fc156: 99 chunks; 1.8 s; peak memory 485 MiB.
2026-10-06T11:07:57Z INFO [193/500] 45b62aff-ac03-48df-8103-7599566451dc: 46 chunks; 0.5 s; peak memory 485 MiB.
2026-10-06T11:07:58Z INFO [194/500] 45b695f3-7e3e-458e-9062-868fe1c1581a: 117 chunks; 1.5 s; peak memory 485 MiB.
2026-10-06T11:07:59Z INFO [195/500] 45b6deb2-0ef2-4258-8f1d-49527de2abaa: 48 chunks; 0.7 s; peak memory 485 MiB.
2026-10-06T11:08:02Z INFO [196/500] 45b7b4a0-42b8-4c44-ab41-922920050a7a: 550 chunks; 3.2 s; peak memory 485 MiB.
2026-10-06T11:08:08Z INFO [197/500] 45b7bcbb-5714-40b2-ba8c-e73c54d79f11: 16518 chunks; 5.7 s; peak memory 485 MiB.
2026-10-06T11:08:09Z INFO [198/500] 45b970f7-a99b-4e19-8f04-5009fee9e60b: 48 chunks; 0.8 s; peak memory 485 MiB.
2026-10-06T11:08:10Z INFO [199/500] 45ba07f5-8ee8-41d4-bcf1-92064b8b9906: 48 chunks; 0.8 s; peak memory 485 MiB.
2026-10-06T11:08:12Z INFO [200/500] 45bdc434-b8f4-4bd4-8951-97c7aaeff345: 233 chunks; 2.6 s; peak memory 485 MiB.
2026-10-06T11:08:13Z INFO [200/500] 45bdc434-b8f4-4bd4-8951-97c7aaeff345: checkpointed 80534 records.
2026-10-06T11:08:18Z INFO [201/500] 45be8b02-20c0-4d69-a79d-99b8f1c70e5f: 5697 chunks; 5.6 s; peak memory 485 MiB.
2026-10-06T11:08:19Z INFO [202/500] 45bfb1fe-cf25-44be-b9f6-1e0aeb777d70: 62 chunks; 0.6 s; peak memory 485 MiB.
2026-10-06T11:08:20Z INFO [203/500] 45bfb4f9-cbd1-411a-8a73-b193266756bd: 117 chunks; 0.9 s; peak memory 485 MiB.
2026-10-06T11:08:20Z INFO [204/500] 45c0dda2-6e85-4c8e-85f3-e515154ddbc1: 45 chunks; 0.6 s; peak memory 485 MiB.
2026-10-06T11:08:21Z INFO [205/500] 45c13e23-d1f4-4120-8318-f3d277cd9d63: 46 chunks; 0.6 s; peak memory 485 MiB.
2026-10-06T11:08:21Z INFO [206/500] 45c1d2ed-5bf2-40cc-a4df-67d7314af27e: 69 chunks; 0.6 s; peak memory 485 MiB.
2026-10-06T11:08:23Z INFO [207/500] 45c2cce8-492b-4b92-ae71-67b4ca6066ca: 204 chunks; 1.1 s; peak memory 485 MiB.
2026-10-06T11:08:23Z INFO [208/500] 45c2fff0-5464-4592-acff-f50b2d9243dd: 46 chunks; 0.5 s; peak memory 485 MiB.
2026-10-06T11:08:24Z INFO [209/500] 45c384f2-8d23-48c2-9344-17bbfe2828e3: 59 chunks; 1.0 s; peak memory 485 MiB.
2026-10-06T11:08:25Z INFO [210/500] 45c4722f-a5f6-4a5a-8e12-a15fa81443b4: 117 chunks; 0.9 s; peak memory 485 MiB.
2026-10-06T11:08:28Z INFO [211/500] 45c48141-c888-4285-9a14-78ca2601318f: 2674 chunks; 2.7 s; peak memory 485 MiB.
2026-10-06T11:08:32Z INFO [212/500] 45c4e887-a8bf-4fd6-adb1-10e3e124c2f5: 371 chunks; 4.7 s; peak memory 485 MiB.
2026-10-06T11:08:33Z INFO [213/500] 45c53445-3e8d-4076-b015-c93d538a8d83: 48 chunks; 0.9 s; peak memory 485 MiB.
2026-10-06T11:08:34Z INFO [214/500] 45c5817a-4b95-4f34-a1d1-ab3b39391062: 37 chunks; 0.6 s; peak memory 485 MiB.
2026-10-06T11:08:35Z INFO [215/500] 45c5a17c-aeaf-4cd0-bd7c-f87e48593772: 48 chunks; 0.8 s; peak memory 485 MiB.
2026-10-06T11:08:35Z INFO [216/500] 45c5cb6f-6dba-4992-aa77-64090cbc55a4: 48 chunks; 0.7 s; peak memory 485 MiB.
2026-10-06T11:08:36Z INFO [217/500] 45c5da83-964b-4f2d-8674-c07bb087236f: 118 chunks; 0.7 s; peak memory 485 MiB.
2026-10-06T11:08:58Z INFO [218/500] 45c641db-9e9a-4ebb-ab3a-4cabf0dae0c8: 6124 chunks; 21.4 s; peak memory 485 MiB.
2026-10-06T11:09:06Z INFO [219/500] 45c65802-beb4-4d70-94ec-ce61f52a4135: 30138 chunks; 8.4 s; peak memory 485 MiB.
2026-10-06T11:09:07Z INFO [220/500] 45c69e04-6473-41cb-adef-805806c01377: 117 chunks; 0.8 s; peak memory 485 MiB.
2026-10-06T11:09:07Z INFO [221/500] 45c6d446-1bac-4b10-bad7-0363fae2ada7: 69 chunks; 0.6 s; peak memory 485 MiB.
2026-10-06T11:09:09Z INFO [222/500] 45c74ce6-f1ef-454a-88cd-d64ae8f18cda: 71 chunks; 1.5 s; peak memory 485 MiB.
2026-10-06T11:09:17Z INFO [223/500] 45c793a0-f7a1-4228-b76e-2a0397cd685b: 4135 chunks; 8.2 s; peak memory 485 MiB.
2026-10-06T11:09:18Z INFO [224/500] 45c7a4b6-3116-4b6c-8342-af0b94ef3f58: 35 chunks; 0.6 s; peak memory 485 MiB.
2026-10-06T11:09:19Z INFO [225/500] 45c7fc4a-c0ee-452c-baf4-488f741822e3: 997 chunks; 1.6 s; peak memory 485 MiB.
2026-10-06T11:09:20Z INFO [226/500] 45c848cb-3086-4ccf-b831-911481fddb23: 117 chunks; 1.0 s; peak memory 485 MiB.
2026-10-06T11:09:21Z INFO [227/500] 45c8e728-869c-4eff-8e0f-c9eea6d848c5: 84 chunks; 0.9 s; peak memory 485 MiB.
2026-10-06T11:09:22Z INFO [228/500] 45c9a104-deb4-480b-8842-22d7c5fa79c2: 48 chunks; 0.7 s; peak memory 485 MiB.
2026-10-06T11:09:23Z INFO [229/500] 45ca890d-917f-4fc2-8372-33df2277b7e7: 48 chunks; 1.0 s; peak memory 485 MiB.
2026-10-06T11:09:25Z INFO [230/500] 45ca9146-1ea4-46f0-a42e-ae57e443df53: 115 chunks; 1.8 s; peak memory 485 MiB.
2026-10-06T11:09:26Z INFO [231/500] 45ca93ff-aebe-4c35-a322-e09cbe9177aa: 1061 chunks; 1.8 s; peak memory 485 MiB.
2026-10-06T11:09:32Z INFO [232/500] 45cbdd2f-20ab-4de8-9618-7e290bfec156: 15969 chunks; 5.1 s; peak memory 485 MiB.
2026-10-06T11:09:36Z INFO [233/500] 45cc1a2b-d095-4406-960b-5c26830e2545: 2923 chunks; 4.1 s; peak memory 485 MiB.
2026-10-06T11:09:37Z INFO [234/500] 45cca95e-1bcd-44b6-a7ae-c582850820c5: 112 chunks; 0.9 s; peak memory 485 MiB.
2026-10-06T11:09:39Z INFO [235/500] 45cd3f14-56c1-439e-9196-c6a88ba27706: 156 chunks; 2.0 s; peak memory 485 MiB.
2026-10-06T11:09:40Z INFO [236/500] 45cda9d3-92bb-4463-98a9-24c6e5fee888: 110 chunks; 1.0 s; peak memory 485 MiB.
2026-10-06T11:09:40Z INFO [237/500] 45cdc598-c91e-47bf-8c23-fbd002126047: 116 chunks; 0.8 s; peak memory 485 MiB.
2026-10-06T11:10:04Z INFO [238/500] 45cdea05-5e13-49e2-b465-f6294a06093f: 16419 chunks; 24.0 s; peak memory 485 MiB.
2026-10-06T11:10:05Z INFO [239/500] 45cebb70-7e50-4025-a940-cad6b1b88089: 48 chunks; 0.8 s; peak memory 485 MiB.
2026-10-06T11:10:06Z INFO [240/500] 45d0105f-6421-4368-93f9-dca645ca584c: 118 chunks; 1.0 s; peak memory 485 MiB.
2026-10-06T11:10:10Z INFO [241/500] 45d09b8a-c729-4cda-bafa-371b20738d61: 13615 chunks; 4.2 s; peak memory 485 MiB.
2026-10-06T11:10:12Z INFO [242/500] 45d1ba1e-7a03-4d4c-aff6-26f063929c3a: 204 chunks; 1.3 s; peak memory 485 MiB.
2026-10-06T11:10:12Z INFO [243/500] 45d233a6-47f2-44f8-ac5d-7dd523293335: 45 chunks; 0.9 s; peak memory 485 MiB.
2026-10-06T11:10:14Z INFO [244/500] 45d33049-43fa-43f8-be45-4ded15c72aa0: 51 chunks; 1.3 s; peak memory 485 MiB.
2026-10-06T11:10:15Z INFO [245/500] 45d37b4e-ea39-46dc-b44b-0835beb3deed: 71 chunks; 1.3 s; peak memory 485 MiB.
2026-10-06T11:10:16Z INFO [246/500] 45d3b727-dfc3-4756-9477-0456bac82861: 54 chunks; 0.5 s; peak memory 485 MiB.
2026-10-06T11:10:17Z INFO [247/500] 45d3c992-4026-4587-89bc-7d7627394f42: 114 chunks; 1.8 s; peak memory 485 MiB.
2026-10-06T11:10:19Z INFO [248/500] 45d3f8bf-05f3-4402-a0d2-cabf05044a61: 59 chunks; 1.2 s; peak memory 485 MiB.
2026-10-06T11:10:24Z INFO [249/500] 45d45972-e08b-4300-9b9d-12ec06077268: 330 chunks; 5.1 s; peak memory 485 MiB.
2026-10-06T11:10:44Z INFO [250/500] 45d4aa67-f75f-40ec-8e1b-5e0b6456001f: 6042 chunks; 20.3 s; peak memory 485 MiB.
2026-10-06T11:10:44Z INFO [250/500] 45d4aa67-f75f-40ec-8e1b-5e0b6456001f: checkpointed 80584 records.
2026-10-06T11:10:45Z INFO [251/500] 45d53c34-859f-4f19-be4f-1de293899521: 76 chunks; 1.0 s; peak memory 485 MiB.
2026-10-06T11:10:46Z INFO [252/500] 45d55695-576f-4ae1-ad06-150060ab75d9: 48 chunks; 0.8 s; peak memory 485 MiB.
2026-10-06T11:10:47Z INFO [253/500] 45d59419-da8b-4209-b979-7546d9220047: 41 chunks; 0.5 s; peak memory 485 MiB.
2026-10-06T11:10:49Z INFO [254/500] 45d5e536-64c1-4032-a144-4acf12d6a403: 184 chunks; 2.6 s; peak memory 485 MiB.
2026-10-06T11:10:54Z INFO [255/500] 45d5f13a-d26f-4686-a695-d593c4b9e48f: 12851 chunks; 4.7 s; peak memory 485 MiB.
2026-10-06T11:10:55Z INFO [256/500] 45d65bf2-d9e2-4dd3-90fb-57053e16697c: 52 chunks; 0.8 s; peak memory 485 MiB.
2026-10-06T11:10:55Z INFO [257/500] 45d6964e-63a0-4b1c-af2a-b719aa2d7969: 46 chunks; 0.5 s; peak memory 485 MiB.
2026-10-06T11:10:56Z INFO [258/500] 45d86027-784e-4965-ae07-46297d5bc39b: 118 chunks; 0.8 s; peak memory 485 MiB.
2026-10-06T11:10:57Z INFO [259/500] 45d88b60-bee5-44ff-a8f7-a6c68cbca82c: 41 chunks; 0.6 s; peak memory 485 MiB.
2026-10-06T11:10:58Z INFO [260/500] 45d89076-5cad-48eb-870c-f1919eb37e1a: 115 chunks; 1.6 s; peak memory 485 MiB.
2026-10-06T11:10:59Z INFO [261/500] 45d8b0e5-26be-48b6-89dc-9302798d24c1: 112 chunks; 1.1 s; peak memory 485 MiB.
2026-10-06T11:11:00Z INFO [262/500] 45da0b82-b445-4255-b832-059928b42852: 117 chunks; 0.7 s; peak memory 485 MiB.
2026-10-06T11:11:01Z INFO [263/500] 45da821d-623b-4995-b214-ab9bcb042d89: 48 chunks; 0.9 s; peak memory 485 MiB.
2026-10-06T11:11:02Z INFO [264/500] 45da8ebf-9954-4c43-bb1c-24108aa87b10: 47 chunks; 0.7 s; peak memory 485 MiB.
2026-10-06T11:11:03Z INFO [265/500] 45db304a-0257-4797-9424-b0711561a174: 69 chunks; 1.0 s; peak memory 485 MiB.
2026-10-06T11:11:03Z INFO [266/500] 45db315e-587d-4dde-91f6-4464a7f50c36: 43 chunks; 0.8 s; peak memory 485 MiB.
2026-10-06T11:11:04Z INFO [267/500] 45dcb2c5-50aa-48eb-96a7-660a4b6b1e3f: 112 chunks; 0.9 s; peak memory 485 MiB.
2026-10-06T11:11:18Z INFO [268/500] 45ddc51d-5298-4217-ae69-a4dc22689dff: 363 chunks; 13.3 s; peak memory 485 MiB.
2026-10-06T11:11:20Z INFO [269/500] 45de2c83-6d7b-4403-8659-95508d20ae3e: 71 chunks; 1.9 s; peak memory 485 MiB.
2026-10-06T11:11:20Z INFO [270/500] 45de2d95-983e-482c-9dbe-a8ea9864832b: 48 chunks; 0.7 s; peak memory 485 MiB.
2026-10-06T11:11:21Z INFO [271/500] 45de6b60-0891-4f3f-beab-8f2ed55726a5: 36 chunks; 0.7 s; peak memory 485 MiB.
2026-10-06T11:11:21Z INFO [272/500] 45ded475-75c5-435b-aeee-1ac3afa971e0: 57 chunks; 0.5 s; peak memory 485 MiB.
2026-10-06T11:11:22Z INFO [273/500] 45def5b4-42da-4f23-89a5-bb6436a0d2df: 117 chunks; 0.8 s; peak memory 485 MiB.
2026-10-06T11:11:23Z INFO [274/500] 45df6d8e-2f00-48bb-bf09-6dcd9adcdd9d: 48 chunks; 0.7 s; peak memory 485 MiB.
2026-10-06T11:11:34Z INFO [275/500] 45dfe85e-8e3c-4de8-9273-bdea2205d626: 8232 chunks; 11.2 s; peak memory 485 MiB.
2026-10-06T11:11:35Z INFO [276/500] 45e0559c-7f54-4f1f-a36d-a78634bd50ce: 69 chunks; 0.7 s; peak memory 485 MiB.
2026-10-06T11:11:36Z INFO [277/500] 45e0f563-4e45-4a68-a2a2-2d8bee0c4378: 117 chunks; 0.8 s; peak memory 485 MiB.
2026-10-06T11:11:36Z INFO [278/500] 45e1a677-17aa-4fef-b98f-b80fa62061df: 117 chunks; 0.7 s; peak memory 485 MiB.
2026-10-06T11:11:37Z INFO [279/500] 45e2a062-e55e-46f7-b12e-8b9b55dbc46b: 66 chunks; 0.9 s; peak memory 485 MiB.
2026-10-06T11:12:33Z INFO [280/500] 45e2c6f0-4669-4907-89ee-834e7bba1d69: 9598 chunks; 55.5 s; peak memory 485 MiB.
2026-10-06T11:12:34Z INFO [281/500] 45e2d1c1-15f0-4b9f-a23d-67cf2c8bace3: 112 chunks; 1.1 s; peak memory 485 MiB.
2026-10-06T11:12:38Z INFO [282/500] 45e2f95e-e2af-4d3e-b553-f4fe35bef36d: 2923 chunks; 4.1 s; peak memory 485 MiB.
2026-10-06T11:12:39Z INFO [283/500] 45e4ef71-9c74-4748-aa78-4d0a241d9162: 50 chunks; 0.7 s; peak memory 485 MiB.
2026-10-06T11:12:39Z INFO [284/500] 45e5513d-c688-47b0-9065-f6a88a0fb6cb: 52 chunks; 0.8 s; peak memory 485 MiB.
2026-10-06T11:12:41Z INFO [285/500] 45e5f0fa-08cd-44c9-9c0d-1099fb76ad2b: 71 chunks; 1.6 s; peak memory 485 MiB.
2026-10-06T11:52:52Z INFO [286/500] 45e62320-455c-49ad-b75f-72fabd50fe31: 888219 chunks; 2410.6 s; peak memory 1202 MiB.
2026-10-06T11:52:53Z INFO [287/500] 45e62375-6fbb-4b7d-b5b0-3ac3b0ef375c: 77 chunks; 1.2 s; peak memory 1202 MiB.
2026-10-06T11:52:54Z INFO [288/500] 45e6f9ca-8340-480a-b989-7f92dde4d6b3: 48 chunks; 0.8 s; peak memory 1202 MiB.
2026-10-06T11:52:54Z INFO [289/500] 45e86b7f-9adc-4280-ba86-a63a728bdb9e: 48 chunks; 0.7 s; peak memory 1202 MiB.
2026-10-06T11:52:55Z INFO [290/500] 45e8b1c1-5eb0-4afc-8630-d496762e8c9a: 48 chunks; 0.8 s; peak memory 1202 MiB.
2026-10-06T11:52:56Z INFO [291/500] 45e8e916-5b48-46d6-b655-aeca8fdcfd2c: 52 chunks; 0.8 s; peak memory 1202 MiB.
2026-10-06T11:52:57Z INFO [292/500] 45e95b54-a4da-4bd1-9057-42cb7ee89220: 62 chunks; 1.2 s; peak memory 1202 MiB.
2026-10-06T11:52:58Z INFO [293/500] 45e9cf26-6b77-4cc8-9ed4-36a84d320099: 48 chunks; 0.9 s; peak memory 1202 MiB.
2026-10-06T11:52:59Z INFO [294/500] 45ea3741-6273-4c67-a2c8-72d4b05007c7: 110 chunks; 0.7 s; peak memory 1202 MiB.
2026-10-06T11:53:00Z INFO [295/500] 45ea52f7-3acd-48a7-9bfb-478c2c9509ba: 71 chunks; 1.6 s; peak memory 1202 MiB.
2026-10-06T11:53:01Z INFO [296/500] 45ea6bbb-3cc4-4146-ab8e-9379e17bd8d3: 118 chunks; 0.9 s; peak memory 1202 MiB.
2026-10-06T11:53:02Z INFO [297/500] 45ea95be-ada5-446c-9090-7360e1da9d89: 52 chunks; 0.7 s; peak memory 1202 MiB.
2026-10-06T11:53:03Z INFO [298/500] 45eb1efb-c769-4b8b-b3c5-0a6ad9b4ce38: 57 chunks; 1.2 s; peak memory 1202 MiB.
2026-10-06T11:53:07Z INFO [299/500] 45eb7615-ebaa-4459-bd2a-ef61b26f6626: 255 chunks; 4.2 s; peak memory 1202 MiB.
2026-10-06T11:53:08Z INFO [300/500] 45ec03c8-2bb8-40f0-9926-165683bb2244: 116 chunks; 0.9 s; peak memory 1202 MiB.
2026-10-06T11:53:09Z INFO [300/500] 45ec03c8-2bb8-40f0-9926-165683bb2244: checkpointed 80634 records.
2026-10-06T11:53:09Z INFO [301/500] 45ed5d95-db0a-4d93-89c1-a57a27c1fc30: 49 chunks; 0.9 s; peak memory 1202 MiB.
2026-10-06T11:53:11Z INFO [302/500] 45ef13d5-074d-43c3-8715-cc2e88d7b814: 70 chunks; 1.1 s; peak memory 1202 MiB.
2026-10-06T11:53:11Z INFO [303/500] 45ef8b85-cedb-48a6-bfe3-6e6dd22927d5: 112 chunks; 0.8 s; peak memory 1202 MiB.
2026-10-06T11:53:12Z INFO [304/500] 45f306fb-d10b-4c3a-b5ca-3825822b7755: 45 chunks; 0.6 s; peak memory 1202 MiB.
2026-10-06T11:53:14Z INFO [305/500] 45f44a47-3a4e-4c4a-a7e9-a463e5ea9b9a: 85 chunks; 2.1 s; peak memory 1202 MiB.
2026-10-06T11:53:22Z INFO [306/500] 45f50dde-e1c6-4983-827d-dcb696d4300c: 11758 chunks; 7.9 s; peak memory 1202 MiB.
2026-10-06T11:53:23Z INFO [307/500] 45f52314-aaeb-4bfa-bba2-c61cb12c0b47: 118 chunks; 0.9 s; peak memory 1202 MiB.
2026-10-06T11:53:24Z INFO [308/500] 45f58784-260f-47d9-81a3-51d9ad24062a: 48 chunks; 0.7 s; peak memory 1202 MiB.
2026-10-06T11:53:24Z INFO [309/500] 45f602d1-1a73-439b-b8c3-2363af97f760: 48 chunks; 0.8 s; peak memory 1202 MiB.
2026-10-06T11:56:46Z INFO [310/500] 45f67eaf-47aa-4774-8236-c34d83f82dcc: 75648 chunks; 201.7 s; peak memory 1202 MiB.
2026-10-06T11:56:47Z INFO [311/500] 45f77b4a-c292-4f7e-8fbb-1661b2dc0afc: 71 chunks; 1.3 s; peak memory 1202 MiB.
2026-10-06T11:56:52Z INFO [312/500] 45f7cdd5-73a7-4d15-9dd7-c1f855ef166e: 5125 chunks; 4.7 s; peak memory 1202 MiB.
2026-10-06T11:56:53Z INFO [313/500] 45f7f806-7b53-4223-9caa-e7165c3c600f: 110 chunks; 1.1 s; peak memory 1202 MiB.
2026-10-06T11:56:54Z INFO [314/500] 45f83566-ab9a-4f67-8d59-036a3415345d: 48 chunks; 0.8 s; peak memory 1202 MiB.
2026-10-06T11:56:55Z INFO [315/500] 45f83a7f-d831-4ac1-b348-c713e7546a7b: 84 chunks; 0.7 s; peak memory 1202 MiB.
2026-10-06T12:00:47Z INFO [316/500] 45f8cd37-5178-4034-a62b-f0d3a930745d: 1916257 chunks; 231.9 s; peak memory 1381 MiB.
2026-10-06T12:00:48Z INFO [317/500] 45f92796-6952-4ae1-a74b-cdd794ffb528: 48 chunks; 1.0 s; peak memory 1381 MiB.
2026-10-06T12:00:52Z INFO [318/500] 45f93904-0033-4448-b729-09651a6de2d8: 235 chunks; 4.8 s; peak memory 1381 MiB.
2026-10-06T12:00:53Z INFO [319/500] 45fa2d3a-f424-4395-a421-7a95cee41bc5: 48 chunks; 0.9 s; peak memory 1381 MiB.
2026-10-06T12:01:00Z INFO [320/500] 45fa4c75-deb8-4b9c-810a-4a81c06488f3: 48764 chunks; 6.3 s; peak memory 1381 MiB.
2026-10-06T12:01:01Z INFO [321/500] 45fa7cb0-d477-466c-9590-68ef69a69ceb: 71 chunks; 1.6 s; peak memory 1381 MiB.
2026-10-06T12:01:02Z INFO [322/500] 45fad482-6438-4679-a430-d1de8eb0994f: 116 chunks; 0.9 s; peak memory 1381 MiB.
2026-10-06T12:01:09Z INFO [323/500] 45fae52b-e64f-460d-9bbf-44a05d16363e: 20129 chunks; 7.1 s; peak memory 1381 MiB.
2026-10-06T12:01:13Z INFO [324/500] 45fae588-22be-44df-8fc8-eca8ca281949: 4154 chunks; 3.4 s; peak memory 1381 MiB.
2026-10-06T12:01:14Z INFO [325/500] 45fcda97-a698-494c-aead-5f7c05f59b2f: 68 chunks; 1.0 s; peak memory 1381 MiB.
2026-10-06T12:01:30Z INFO [326/500] 45fcf05c-60e2-4322-a674-6f61c1e3121f: 428 chunks; 16.3 s; peak memory 1381 MiB.
2026-10-06T12:01:31Z INFO [327/500] 45fd597b-0f2a-4550-920c-d8932a6555f5: 112 chunks; 1.2 s; peak memory 1381 MiB.
2026-10-06T12:01:35Z INFO [328/500] 45fd5e60-2086-4b99-b07a-8a33e2e366c7: 4182 chunks; 3.8 s; peak memory 1381 MiB.
2026-10-06T12:01:40Z INFO [329/500] 45fd7356-6c67-4e25-8c17-7fdf671b7860: 263 chunks; 5.2 s; peak memory 1381 MiB.
2026-10-06T12:01:42Z INFO [330/500] 45fe1092-0387-4a0b-bf97-1a45e92845e5: 156 chunks; 2.3 s; peak memory 1381 MiB.
2026-10-06T12:01:43Z INFO [331/500] 45fe596b-b0e0-4a9b-80d6-3f048c5262a5: 48 chunks; 0.9 s; peak memory 1381 MiB.
2026-10-06T12:01:44Z INFO [332/500] 46007f1d-ea2f-495a-adc4-adba8251f6bb: 69 chunks; 0.7 s; peak memory 1381 MiB.
2026-10-06T12:01:45Z INFO [333/500] 4600da93-ff6a-434a-8962-678ecde5df81: 48 chunks; 1.0 s; peak memory 1381 MiB.
2026-10-06T12:01:47Z INFO [334/500] 4600ff42-0718-4f4a-a625-5e0a1512a361: 161 chunks; 1.9 s; peak memory 1381 MiB.
2026-10-06T12:01:49Z INFO [335/500] 460122dc-5a19-479d-b8fb-678bdbbdeda9: 115 chunks; 2.0 s; peak memory 1381 MiB.
2026-10-06T12:01:50Z INFO [336/500] 4601d8a3-ff49-4ec0-850a-8e0a873ee2e1: 48 chunks; 0.8 s; peak memory 1381 MiB.
2026-10-06T12:01:51Z INFO [337/500] 460287f3-3312-43ad-8a01-667cdf6c27ed: 59 chunks; 1.2 s; peak memory 1381 MiB.
2026-10-06T12:01:52Z INFO [338/500] 4602abe3-2537-4c9d-a911-5cb30fd9bffe: 118 chunks; 0.9 s; peak memory 1381 MiB.
2026-10-06T12:01:52Z INFO [339/500] 4603265c-0fcc-424d-91d9-e79307800444: 79 chunks; 0.9 s; peak memory 1381 MiB.
2026-10-06T12:01:53Z INFO [340/500] 4603e027-2248-4daf-a796-5fe9fafc2e13: 77 chunks; 0.8 s; peak memory 1381 MiB.
2026-10-06T12:02:17Z INFO [341/500] 460573cd-b6c8-49b1-a4cf-135003c3a5c3: 6592 chunks; 23.6 s; peak memory 1381 MiB.
2026-10-06T12:02:18Z INFO [342/500] 46058e49-7eab-4610-8177-8623e1ece889: 116 chunks; 0.8 s; peak memory 1381 MiB.
2026-10-06T12:02:19Z INFO [343/500] 4605eee1-3d3d-44d4-b56a-77651186b4dd: 118 chunks; 1.0 s; peak memory 1381 MiB.
2026-10-06T12:02:19Z INFO [344/500] 46066e5b-f1c3-499b-bc53-9d756595928c: 52 chunks; 0.7 s; peak memory 1381 MiB.
2026-10-06T12:02:22Z INFO [345/500] 4607da25-0918-476f-9356-7e88c532f893: 90 chunks; 2.1 s; peak memory 1381 MiB.
2026-10-06T12:02:26Z INFO [346/500] 460809c3-dfa3-4c36-bca9-9fb658d9d3b2: 464 chunks; 4.4 s; peak memory 1381 MiB.
2026-10-06T12:02:27Z INFO [347/500] 46084c08-fb02-4337-b2f9-716bb8708cca: 117 chunks; 0.7 s; peak memory 1381 MiB.
2026-10-06T12:02:33Z INFO [348/500] 460957b7-5fbb-4313-a43b-9d4388a8111b: 20583 chunks; 6.6 s; peak memory 1381 MiB.
2026-10-06T12:02:34Z INFO [349/500] 4609b366-86e5-4c52-8f2d-4c2a88ad286e: 117 chunks; 0.7 s; peak memory 1381 MiB.
2026-10-06T12:02:35Z INFO [350/500] 460b155c-f6ef-412c-8455-13272c4415d9: 48 chunks; 0.7 s; peak memory 1381 MiB.
2026-10-06T12:02:35Z INFO [350/500] 460b155c-f6ef-412c-8455-13272c4415d9: checkpointed 80684 records.
2026-10-06T12:02:36Z INFO [351/500] 460b3fe0-2283-4e9c-af7f-99c0a07ef400: 62 chunks; 1.2 s; peak memory 1381 MiB.
2026-10-06T12:02:44Z INFO [352/500] 460bbe41-4177-415c-acfa-f658706457dc: 13035 chunks; 7.3 s; peak memory 1381 MiB.
2026-10-06T12:02:44Z INFO [353/500] 460bdc5f-2424-459b-8326-14fa1997bf44: 50 chunks; 0.6 s; peak memory 1381 MiB.
2026-10-06T12:02:45Z INFO [354/500] 460be9fb-c49e-4356-905f-1935e275a073: 110 chunks; 1.0 s; peak memory 1381 MiB.
2026-10-06T12:02:46Z INFO [355/500] 460ca138-bde5-40e9-bdcb-13f9cf44cd70: 118 chunks; 0.9 s; peak memory 1381 MiB.
2026-10-06T12:02:47Z INFO [356/500] 460ca295-05a5-45d1-9d06-8c073c23cfc1: 112 chunks; 0.9 s; peak memory 1381 MiB.
2026-10-06T12:02:48Z INFO [357/500] 460d2d9e-f0fd-4ac6-9f68-b38567ccbe84: 170 chunks; 0.8 s; peak memory 1381 MiB.
2026-10-06T12:02:50Z INFO [358/500] 460e30ee-6b75-4863-a908-f8f5aa5a823f: 118 chunks; 1.8 s; peak memory 1381 MiB.
2026-10-06T12:02:50Z INFO [359/500] 460e8833-4b24-43ee-b64c-79fe84d0391a: 48 chunks; 0.7 s; peak memory 1381 MiB.
2026-10-06T12:02:51Z INFO [360/500] 460eb320-a4d7-4eaf-893f-e66a64469586: 50 chunks; 0.7 s; peak memory 1381 MiB.
2026-10-06T12:02:53Z INFO [361/500] 460fa42b-22ab-4eaf-993e-38dc020c4985: 116 chunks; 2.1 s; peak memory 1381 MiB.
2026-10-06T12:03:05Z INFO [362/500] 4610e995-7a0c-4af9-a928-26899f01f927: 11115 chunks; 12.4 s; peak memory 1381 MiB.
2026-10-06T12:03:06Z INFO [363/500] 46118300-e433-4432-990f-02b9ee38984a: 52 chunks; 0.7 s; peak memory 1381 MiB.
2026-10-06T12:03:07Z INFO [364/500] 4611e314-a833-47b0-81fb-8bcf0323db4d: 112 chunks; 1.0 s; peak memory 1381 MiB.
2026-10-06T12:03:13Z INFO [365/500] 46127332-0cdd-433f-91c1-a248776f2663: 20583 chunks; 6.2 s; peak memory 1381 MiB.
2026-10-06T12:03:14Z INFO [366/500] 4612fd41-17a0-40f1-8049-1cafddea0cbf: 66 chunks; 1.0 s; peak memory 1381 MiB.
2026-10-06T12:03:15Z INFO [367/500] 4613d288-aaf8-4f90-accf-c74fe03cb405: 48 chunks; 0.8 s; peak memory 1381 MiB.
2026-10-06T12:03:25Z INFO [368/500] 46143dfc-a830-42f3-89c7-06e063f41080: 5398 chunks; 9.7 s; peak memory 1381 MiB.
2026-10-06T12:05:24Z INFO [369/500] 46152a74-bed4-45b7-8b9b-096102d7bda7: 38150 chunks; 118.9 s; peak memory 1381 MiB.
2026-10-06T12:05:25Z INFO [370/500] 461637df-d633-4089-b642-0300cc7e0235: 52 chunks; 0.8 s; peak memory 1381 MiB.
2026-10-06T12:05:25Z INFO [371/500] 46163b74-f7c9-410b-9583-aab4b5e49b05: 48 chunks; 0.8 s; peak memory 1381 MiB.
2026-10-06T12:05:26Z INFO [372/500] 4616aa87-714d-407b-b06f-7e3d597cabb6: 48 chunks; 0.8 s; peak memory 1381 MiB.
2026-10-06T12:05:27Z INFO [373/500] 4616efb1-c859-4a4c-b878-b0e61dee4954: 112 chunks; 1.0 s; peak memory 1381 MiB.
2026-10-06T12:05:29Z INFO [374/500] 46182edb-4d95-4511-9420-0e976776ca2e: 119 chunks; 1.6 s; peak memory 1381 MiB.
2026-10-06T12:05:30Z INFO [375/500] 461905be-76ef-4a2b-9574-833d629fb203: 119 chunks; 1.5 s; peak memory 1381 MiB.
2026-10-06T12:05:31Z INFO [376/500] 4619c159-e123-4041-b4f4-4f1489b62b68: 112 chunks; 1.0 s; peak memory 1381 MiB.
2026-10-06T12:05:32Z INFO [377/500] 4619c20b-e64a-4d93-b3e0-e7bd76bd5e24: 77 chunks; 0.8 s; peak memory 1381 MiB.
2026-10-06T12:05:33Z INFO [378/500] 4619d01d-ece7-4bbb-bcc5-04265a8ada9b: 48 chunks; 0.8 s; peak memory 1381 MiB.
2026-10-06T12:05:41Z INFO [379/500] 461a11d6-77a9-416e-9d36-334da3e458a7: 1266 chunks; 8.4 s; peak memory 1381 MiB.
2026-10-06T12:06:31Z INFO [380/500] 461a2cb3-314e-4745-b416-13c2700f8909: 24265 chunks; 50.1 s; peak memory 1381 MiB.
2026-10-06T12:06:32Z INFO [381/500] 461a37c4-a9a4-42ad-b888-d2c97d8d7d74: 56 chunks; 0.7 s; peak memory 1381 MiB.
2026-10-06T12:06:37Z INFO [382/500] 461a61e2-9ffc-4c67-9b1f-84be2e468b78: 678 chunks; 4.9 s; peak memory 1381 MiB.
2026-10-06T12:06:38Z INFO [383/500] 461adc06-c97f-4b61-a02f-9136f9b2159e: 115 chunks; 1.6 s; peak memory 1381 MiB.
2026-10-06T12:06:42Z INFO [384/500] 461c4cd1-bc7c-44de-ae16-77153bcff4cb: 7385 chunks; 3.4 s; peak memory 1381 MiB.
2026-10-06T12:06:43Z INFO [385/500] 461ce1c9-d56d-4bbc-b286-187b5f36a0b5: 132 chunks; 0.8 s; peak memory 1381 MiB.
2026-10-06T12:06:43Z INFO [386/500] 461dd48e-7c21-443c-aac2-42bc46d1bbc8: 93 chunks; 0.9 s; peak memory 1381 MiB.
2026-10-06T12:06:44Z INFO [387/500] 461de6d4-43ed-4ef8-a5c7-6f078f68fa3f: 48 chunks; 0.7 s; peak memory 1381 MiB.
2026-10-06T12:06:45Z INFO [388/500] 461e3572-4d70-4a54-9edf-0b0214bdb80d: 46 chunks; 0.7 s; peak memory 1381 MiB.
2026-10-06T12:06:46Z INFO [389/500] 461f9618-df47-4586-aac2-d45088a5e99c: 66 chunks; 1.2 s; peak memory 1381 MiB.
2026-10-06T12:06:47Z INFO [390/500] 461f98d2-080c-48ef-aa03-1156cc755824: 117 chunks; 0.8 s; peak memory 1381 MiB.
2026-10-06T12:06:48Z INFO [391/500] 4620135a-1cba-46d1-afa8-018e0db3f815: 117 chunks; 0.8 s; peak memory 1381 MiB.
2026-10-06T12:06:49Z INFO [392/500] 46207bd1-67ea-412d-b252-dd9b8e346f1c: 112 chunks; 1.1 s; peak memory 1381 MiB.
2026-10-06T12:06:57Z INFO [393/500] 4620c13e-5700-442d-8eac-96e88e531129: 11870 chunks; 8.4 s; peak memory 1381 MiB.
2026-10-06T12:06:58Z INFO [394/500] 4623b507-2905-48a4-a226-63e657a38999: 48 chunks; 0.8 s; peak memory 1381 MiB.
2026-10-06T12:06:59Z INFO [395/500] 4623d2e5-f783-4ec4-baa5-67b3a4ce35f3: 112 chunks; 0.8 s; peak memory 1381 MiB.
2026-10-06T12:07:01Z INFO [396/500] 4623dc56-7098-48ff-98fc-bd932f2c4726: 1061 chunks; 2.1 s; peak memory 1381 MiB.
2026-10-06T12:07:02Z INFO [397/500] 4623e248-cd17-4de4-b27f-02a8ac610460: 57 chunks; 0.5 s; peak memory 1381 MiB.
2026-10-06T12:07:02Z INFO [398/500] 462431be-e07f-4328-ad02-fbcd819f81d4: 116 chunks; 0.8 s; peak memory 1381 MiB.
2026-10-06T12:07:03Z INFO [399/500] 46246b57-57cc-4993-89d6-f6cd01ee7fc9: 69 chunks; 1.1 s; peak memory 1381 MiB.
2026-10-06T12:07:04Z INFO [400/500] 46248875-0d6d-4a22-9617-e6b66e1de05a: 118 chunks; 0.9 s; peak memory 1381 MiB.
2026-10-06T12:07:05Z INFO [400/500] 46248875-0d6d-4a22-9617-e6b66e1de05a: checkpointed 80734 records.
2026-10-06T12:07:06Z INFO [401/500] 46253a2c-009c-4c88-b1ec-2717de5c71bd: 115 chunks; 1.6 s; peak memory 1381 MiB.
2026-10-06T12:07:07Z INFO [402/500] 4625628f-97e2-4b80-a4f5-1305806d9078: 118 chunks; 0.8 s; peak memory 1381 MiB.
2026-10-06T12:07:08Z INFO [403/500] 4625baca-0586-4262-9d00-d95f6b18305f: 112 chunks; 1.0 s; peak memory 1381 MiB.
2026-10-06T12:07:10Z INFO [404/500] 4626a217-388e-4d03-9ef4-f30f4c6db32b: 123 chunks; 1.7 s; peak memory 1381 MiB.
2026-10-06T12:07:13Z INFO [405/500] 4626c13a-6ddf-4582-9817-8aa1a1e07b65: 8746 chunks; 3.0 s; peak memory 1381 MiB.
2026-10-06T12:07:13Z INFO [406/500] 4627346e-0a83-48e0-a178-884265d660e0: 50 chunks; 0.5 s; peak memory 1381 MiB.
2026-10-06T12:07:14Z INFO [407/500] 4627b1a3-a9e0-47a1-9fc5-c5664ee958f4: 46 chunks; 0.5 s; peak memory 1381 MiB.
2026-10-06T12:07:15Z INFO [408/500] 462840d2-bf47-4b05-a72f-fde3c90cf241: 112 chunks; 1.0 s; peak memory 1381 MiB.
2026-10-06T12:07:16Z INFO [409/500] 46287be8-e413-4ea4-902a-b92a3a75a631: 78 chunks; 1.1 s; peak memory 1381 MiB.
2026-10-06T12:07:17Z INFO [410/500] 46289c6c-687e-4e0c-82f6-bffb9549f83d: 112 chunks; 1.0 s; peak memory 1381 MiB.
2026-10-06T12:07:18Z INFO [411/500] 4628d4da-f2a8-491f-b5aa-832627389c58: 112 chunks; 0.9 s; peak memory 1381 MiB.
2026-10-06T12:07:23Z INFO [412/500] 462921b1-649a-49ba-9310-b525b202a046: 193 chunks; 5.2 s; peak memory 1381 MiB.
2026-10-06T12:07:24Z INFO [413/500] 462a5ec7-ace1-4765-9c2a-03c300259a65: 37 chunks; 0.5 s; peak memory 1381 MiB.
2026-10-06T12:07:24Z INFO [414/500] 462a9247-5bd6-455b-9db2-f322f7e18a2a: 56 chunks; 0.5 s; peak memory 1381 MiB.
2026-10-06T12:07:25Z INFO [415/500] 462b4449-bc94-472f-b2b5-dfde49a4c9ca: 52 chunks; 0.7 s; peak memory 1381 MiB.
2026-10-06T12:07:26Z INFO [416/500] 462b8f6f-04aa-4c85-b7c4-dfe27006c623: 66 chunks; 1.2 s; peak memory 1381 MiB.
2026-10-06T12:07:27Z INFO [417/500] 462c0806-bbaa-4702-8b14-b625e5ff9cd5: 48 chunks; 0.8 s; peak memory 1381 MiB.
2026-10-06T12:07:29Z INFO [418/500] 462c28fc-7b88-4e7e-a61d-ea8a5d26af79: 278 chunks; 2.5 s; peak memory 1381 MiB.
2026-10-06T12:07:31Z INFO [419/500] 462c4a48-1c40-48ff-8015-3b6b0fc52782: 997 chunks; 1.5 s; peak memory 1381 MiB.
2026-10-06T12:07:32Z INFO [420/500] 462d145c-7c2d-4fe3-82df-ad5988f113d3: 43 chunks; 0.7 s; peak memory 1381 MiB.
2026-10-06T12:07:32Z INFO [421/500] 462d2d23-cf56-4927-bb66-f8700dc28026: 118 chunks; 0.9 s; peak memory 1381 MiB.
2026-10-06T12:07:33Z INFO [422/500] 462dbdb3-1810-4b56-a9d7-90a7e771ea0c: 112 chunks; 0.8 s; peak memory 1381 MiB.
2026-10-06T12:07:34Z INFO [423/500] 462ebb0c-ad56-4c77-a882-dcac9478c922: 48 chunks; 0.7 s; peak memory 1381 MiB.
2026-10-06T12:07:35Z INFO [424/500] 46305d48-e71c-4cd5-ac0f-6729919630fe: 48 chunks; 0.7 s; peak memory 1381 MiB.
2026-10-06T12:07:36Z INFO [425/500] 4630c94e-e5ca-4709-8d70-35691affcd63: 113 chunks; 0.8 s; peak memory 1381 MiB.
2026-10-06T12:07:37Z INFO [426/500] 4630f6b2-3537-44e2-b77a-509c250914fb: 112 chunks; 1.0 s; peak memory 1381 MiB.
2026-10-06T12:07:37Z INFO [427/500] 4631122f-e007-4277-bef5-0b2ecd3d2900: 48 chunks; 0.9 s; peak memory 1381 MiB.
2026-10-06T12:09:35Z INFO [428/500] 46315156-48e6-42bb-87cb-1abe5128db58: 37945 chunks; 117.4 s; peak memory 1381 MiB.
2026-10-06T12:09:36Z INFO [429/500] 463282f4-5259-4848-8d36-e49a4714e4ab: 116 chunks; 0.9 s; peak memory 1381 MiB.
2026-10-06T12:09:37Z INFO [430/500] 4632bfb4-a04e-491c-a4f0-813df601e77b: 48 chunks; 1.0 s; peak memory 1381 MiB.
2026-10-06T12:09:38Z INFO [431/500] 463350d4-3be5-45c4-a18b-dc4d55283a79: 62 chunks; 1.2 s; peak memory 1381 MiB.
2026-10-06T12:09:39Z INFO [432/500] 463380a0-5bbf-4ec5-bc67-bea07fd2e793: 118 chunks; 1.1 s; peak memory 1381 MiB.
2026-10-06T12:09:54Z INFO [433/500] 46344a61-a16c-4402-8275-df631a010039: 5092 chunks; 15.4 s; peak memory 1381 MiB.
2026-10-06T12:09:55Z INFO [434/500] 463673bc-54e1-4063-8e9f-435969523710: 48 chunks; 1.0 s; peak memory 1381 MiB.
2026-10-06T12:09:56Z INFO [435/500] 4636bbde-594c-4d4c-853b-90981aaf913d: 48 chunks; 0.8 s; peak memory 1381 MiB.
2026-10-06T12:09:57Z INFO [436/500] 4637d113-4656-470f-b927-9d3d4d7ce679: 112 chunks; 1.0 s; peak memory 1381 MiB.
2026-10-06T12:09:58Z INFO [437/500] 4637d87c-591a-4a7e-b360-2f2fc8b64409: 557 chunks; 1.0 s; peak memory 1381 MiB.
2026-10-06T12:09:59Z INFO [438/500] 4638152f-266a-4dd4-bac4-3d20fffd2d60: 84 chunks; 0.7 s; peak memory 1381 MiB.
2026-10-06T12:10:00Z INFO [439/500] 4638e8f3-f9a6-4655-81b8-c8b7dc599c3d: 117 chunks; 1.0 s; peak memory 1381 MiB.
2026-10-06T12:10:02Z INFO [440/500] 4638f9f3-50d5-40cc-8ba3-ce4943752bca: 138 chunks; 1.8 s; peak memory 1381 MiB.
2026-10-06T12:10:03Z INFO [441/500] 4639015d-28f6-4742-9dfc-9394b4fed929: 78 chunks; 1.3 s; peak memory 1381 MiB.
2026-10-06T12:10:04Z INFO [442/500] 46391962-9193-4fb0-9578-efe275fb8d97: 46 chunks; 0.6 s; peak memory 1381 MiB.
2026-10-06T12:10:04Z INFO [443/500] 4639b2cb-a25b-4c53-960b-d8e1b0c47934: 52 chunks; 0.7 s; peak memory 1381 MiB.
2026-10-06T12:10:05Z INFO [444/500] 4639eaf5-c3f3-44d4-8278-717c10b9d712: 48 chunks; 0.8 s; peak memory 1381 MiB.
2026-10-06T12:10:06Z INFO [445/500] 4639f640-47e3-443d-9507-5617b4733d57: 48 chunks; 0.8 s; peak memory 1381 MiB.
2026-10-06T12:10:07Z INFO [446/500] 4639fdd6-7fca-4c48-9f98-cd4792f0e655: 48 chunks; 0.8 s; peak memory 1381 MiB.
2026-10-06T12:10:07Z INFO [447/500] 463a29db-77f7-4354-8ff6-397eec5f1795: 46 chunks; 0.6 s; peak memory 1381 MiB.
2026-10-06T12:10:08Z INFO [448/500] 463a37b2-8960-476b-94f6-29c6a73bd999: 48 chunks; 0.9 s; peak memory 1381 MiB.
2026-10-06T12:10:09Z INFO [449/500] 463a3956-53b5-4267-8e9d-3b89d53c19c3: 61 chunks; 1.0 s; peak memory 1381 MiB.
2026-10-06T12:10:10Z INFO [450/500] 463a774c-0f8a-446e-9e20-738650299d80: 48 chunks; 0.7 s; peak memory 1381 MiB.
2026-10-06T12:10:10Z INFO [450/500] 463a774c-0f8a-446e-9e20-738650299d80: checkpointed 80784 records.
2026-10-06T12:10:11Z INFO [451/500] 463b4310-af01-461f-8505-2fb58c66d5cb: 116 chunks; 0.7 s; peak memory 1381 MiB.
2026-10-06T12:10:12Z INFO [452/500] 463ca0cc-a4aa-4311-9a6c-4800ea933bfd: 109 chunks; 0.8 s; peak memory 1381 MiB.
2026-10-06T12:10:19Z INFO [453/500] 463d5e40-5f5e-4743-b252-a2357402e4cc: 22553 chunks; 7.4 s; peak memory 1381 MiB.
2026-10-06T12:10:20Z INFO [454/500] 463db8b7-d2d9-4445-af60-9077286d4be7: 46 chunks; 0.8 s; peak memory 1381 MiB.
2026-10-06T12:10:26Z INFO [455/500] 463dccf9-e8d4-4d92-bc3b-f771a2f8da54: 1492 chunks; 6.4 s; peak memory 1381 MiB.
2026-10-06T12:10:27Z INFO [456/500] 463eff0b-2c5b-4b4b-b693-2d9e38bce508: 112 chunks; 0.9 s; peak memory 1381 MiB.
2026-10-06T12:10:31Z INFO [457/500] 463f1e0a-3d4d-4d65-9d21-6ceb94cda230: 2923 chunks; 4.1 s; peak memory 1381 MiB.
2026-10-06T12:10:32Z INFO [458/500] 463f89a3-4cd6-43ce-8096-60c80e4f366e: 99 chunks; 0.6 s; peak memory 1381 MiB.
2026-10-06T12:10:36Z INFO [459/500] 464016f3-9d60-4120-9e3e-f392602189b7: 484 chunks; 3.9 s; peak memory 1381 MiB.
2026-10-06T13:02:04Z INFO [460/500] 4640691a-4965-4632-8047-c2f3572dd1b5: 540892 chunks; 3088.3 s; peak memory 1381 MiB.
2026-10-06T13:02:27Z INFO [461/500] 4641cee3-9280-4418-a24e-4ea4ec1bb6da: 6140 chunks; 23.0 s; peak memory 1381 MiB.
2026-10-06T13:02:29Z INFO [462/500] 464219e0-ba1c-4954-8ae7-f39794374640: 157 chunks; 2.1 s; peak memory 1381 MiB.
2026-10-06T13:02:30Z INFO [463/500] 4642bbc4-1138-4fde-a68a-39b635746253: 116 chunks; 0.7 s; peak memory 1381 MiB.
2026-10-06T13:02:31Z INFO [464/500] 4642ce85-1d4b-4f50-aba1-fddcce817b90: 46 chunks; 0.6 s; peak memory 1381 MiB.
2026-10-06T13:02:31Z INFO [465/500] 46430eb6-ec32-48f3-9185-f8724ddb576f: 116 chunks; 0.9 s; peak memory 1381 MiB.
2026-10-06T13:02:32Z INFO [466/500] 46432f51-5efa-4f04-83ed-810b71588720: 117 chunks; 0.9 s; peak memory 1381 MiB.
2026-10-06T13:02:34Z INFO [467/500] 46435156-d835-4442-933f-965bbf7fcd69: 131 chunks; 1.2 s; peak memory 1381 MiB.
2026-10-06T13:02:35Z INFO [468/500] 4643ec03-06eb-4dce-b64b-69fee453c0a6: 48 chunks; 1.0 s; peak memory 1381 MiB.
2026-10-06T13:02:35Z INFO [469/500] 464548fb-e0ae-490d-8936-563dcc2ffe04: 33 chunks; 0.6 s; peak memory 1381 MiB.
2026-10-06T13:02:37Z INFO [470/500] 464571d9-466a-4a20-aa98-cdb63dd35579: 57 chunks; 1.5 s; peak memory 1381 MiB.
2026-10-06T13:02:38Z INFO [471/500] 464795e6-2621-45ac-aec3-dd297271c5a9: 557 chunks; 0.9 s; peak memory 1381 MiB.
2026-10-06T13:02:46Z INFO [472/500] 46485275-81e1-48cb-9bde-0f06d3045bc3: 1039 chunks; 8.6 s; peak memory 1381 MiB.
2026-10-06T13:02:47Z INFO [473/500] 464869e2-c50f-465e-baa1-7c84956d8b82: 69 chunks; 0.7 s; peak memory 1381 MiB.
2026-10-06T13:02:48Z INFO [474/500] 4649353c-1add-4861-adab-63680aa935e3: 46 chunks; 0.8 s; peak memory 1381 MiB.
2026-10-06T13:02:50Z INFO [475/500] 4649d85e-eb1e-4edc-97e0-2f2c64453cc4: 122 chunks; 1.8 s; peak memory 1381 MiB.
2026-10-06T13:02:53Z INFO [476/500] 464a3018-cf1b-4ed0-b69c-dd2f6325462b: 6522 chunks; 3.3 s; peak memory 1381 MiB.
2026-10-06T13:02:54Z INFO [477/500] 464a5319-3647-46a7-9dbb-5a51c0117b7e: 69 chunks; 0.9 s; peak memory 1381 MiB.
2026-10-06T13:02:55Z INFO [478/500] 464ac320-886d-41bf-8d8e-355f7c75edc4: 112 chunks; 1.2 s; peak memory 1381 MiB.
2026-10-06T13:02:56Z INFO [479/500] 464b62bc-4a68-4e24-af21-62d654c507a9: 49 chunks; 0.9 s; peak memory 1381 MiB.
2026-10-06T13:03:03Z INFO [480/500] 464bd9d2-6ef6-4b36-936a-9cc31d2b9448: 21054 chunks; 6.8 s; peak memory 1381 MiB.
2026-10-06T13:03:11Z INFO [481/500] 464be8e2-62fc-424b-8ab3-4a7e728e8736: 17619 chunks; 8.1 s; peak memory 1381 MiB.
2026-10-06T13:03:11Z INFO [482/500] 464c4b71-67cc-4035-8f6b-af0080ce6145: 48 chunks; 0.8 s; peak memory 1381 MiB.
2026-10-06T14:15:22Z INFO [483/500] 464d038f-aa58-40dd-ac6d-9dc745bc4456: 964723 chunks; 4330.3 s; peak memory 1381 MiB.
2026-10-06T14:15:24Z INFO [484/500] 464f742c-3649-43d8-b275-a5c25d3b6771: 156 chunks; 2.5 s; peak memory 1381 MiB.
2026-10-06T14:15:25Z INFO [485/500] 464f8317-8151-4025-a5de-b13973d6527a: 52 chunks; 0.8 s; peak memory 1381 MiB.
2026-10-06T14:15:34Z INFO [486/500] 46507562-407f-4ba5-8205-e6e411dd9788: 21512 chunks; 9.2 s; peak memory 1381 MiB.
2026-10-06T14:15:36Z INFO [487/500] 4650bdf6-8943-4c29-aaeb-96c2321462b4: 71 chunks; 1.3 s; peak memory 1381 MiB.
2026-10-06T14:15:37Z INFO [488/500] 4651b1d7-8a10-4d9a-8a1c-fcac12992887: 46 chunks; 1.3 s; peak memory 1381 MiB.
2026-10-06T14:15:38Z INFO [489/500] 46524aa8-1967-4cfb-8beb-b66bd98514c4: 48 chunks; 0.8 s; peak memory 1381 MiB.
2026-10-06T14:15:40Z INFO [490/500] 4653e017-c923-4bb4-ae77-45c525ee6df7: 311 chunks; 2.0 s; peak memory 1381 MiB.
2026-10-06T14:15:41Z INFO [491/500] 4655612d-7cac-45a3-a07f-09005815a87a: 204 chunks; 1.4 s; peak memory 1381 MiB.
2026-10-06T14:15:42Z INFO [492/500] 4656bb48-f71d-43c2-97a9-5afc8e814a5b: 50 chunks; 0.7 s; peak memory 1381 MiB.
2026-10-06T14:15:43Z INFO [493/500] 4658085b-8a0c-44df-9d36-9752aa5a7587: 124 chunks; 1.2 s; peak memory 1381 MiB.
2026-10-06T14:15:44Z INFO [494/500] 4658c4fc-b084-40e8-bdba-1efb4358d287: 112 chunks; 0.8 s; peak memory 1381 MiB.
2026-10-06T14:15:45Z INFO [495/500] 4659c573-6947-42a4-b690-d7702d9fe0f1: 48 chunks; 0.9 s; peak memory 1381 MiB.
2026-10-06T14:15:50Z INFO [496/500] 4659d96b-478b-42e4-84a3-a958bb2ac008: 12354 chunks; 5.5 s; peak memory 1381 MiB.
2026-10-06T14:15:52Z INFO [497/500] 4659ea12-f81b-4c21-af65-bedd05b6a687: 168 chunks; 1.6 s; peak memory 1381 MiB.
2026-10-06T14:15:53Z INFO [498/500] 465a7e9b-5832-40df-92a3-cc8176861753: 112 chunks; 0.8 s; peak memory 1381 MiB.
2026-10-06T14:15:54Z INFO [499/500] 465a80e1-b49a-400a-a049-2ab6c0473674: 119 chunks; 1.8 s; peak memory 1381 MiB.
2026-10-06T14:15:55Z INFO [500/500] 465a81d3-7007-4571-ba49-ae6869ac3880: 55 chunks; 0.7 s; peak memory 1381 MiB.
2026-10-06T14:15:55Z INFO [500/500] 465a81d3-7007-4571-ba49-ae6869ac3880: checkpointed 80834 records.
2026-10-06T14:15:56Z INFO Wrote 80834 records to /tmp/derivatives/valid_nwb_file_to_chunk_stats.jsonl (500 new, 0 failed) in 205.4 min (peak memory 1381 MiB).
