2026-10-05T22:31:25Z INFO Logging to /tmp/logs/update_2026-10-05T22-31-25Z.log.
2026-10-05T22:31:25Z INFO Update valid-nwb-file-to-chunk-stats (base directory /tmp).
2026-10-05T22:31:26Z INFO Processing 500 items (76334 already recorded).
2026-10-05T22:31:27Z INFO [1/500] 3cecf618-4a92-47e3-9284-f8cb1c2475cd: 48 chunks; 1.4 s; peak memory 170 MiB.
2026-10-05T22:31:50Z INFO [2/500] 3cecfc2c-fd45-4005-b13d-6613c466476e: 6054 chunks; 22.9 s; peak memory 193 MiB.
2026-10-05T22:31:51Z INFO [3/500] 3cedafef-4260-4e46-881a-642c80fba230: 117 chunks; 1.3 s; peak memory 193 MiB.
2026-10-05T22:31:52Z INFO [4/500] 3cee939b-1dc7-48bc-b368-149b423092ba: 117 chunks; 1.3 s; peak memory 193 MiB.
2026-10-05T22:31:53Z INFO [5/500] 3ceed02d-008c-4dd5-abb6-4ffdb005a94a: 48 chunks; 1.1 s; peak memory 193 MiB.
2026-10-05T22:31:56Z INFO [6/500] 3cef3723-dbb3-4eff-a8bd-f0428c47c120: 116 chunks; 3.0 s; peak memory 193 MiB.
2026-10-05T22:31:58Z INFO [7/500] 3cef65b4-9fe0-47ad-847b-85d59fd0aa42: 65 chunks; 1.3 s; peak memory 193 MiB.
2026-10-05T22:31:59Z INFO [8/500] 3cefc88c-f55f-4e75-84aa-89106b93fc94: 118 chunks; 1.2 s; peak memory 193 MiB.
2026-10-05T22:32:00Z INFO [9/500] 3cf00018-9ec6-4b88-90f8-aa0376e59710: 52 chunks; 1.2 s; peak memory 193 MiB.
2026-10-05T22:32:01Z INFO [10/500] 3cf00f97-efbd-47b1-8ff4-77d71bc23266: 48 chunks; 1.1 s; peak memory 194 MiB.
2026-10-05T22:32:04Z INFO [11/500] 3cf03764-6314-4580-b225-c322c6a76578: 186 chunks; 3.1 s; peak memory 194 MiB.
2026-10-05T22:32:06Z INFO [12/500] 3cf0ea9b-bbb9-4556-8f62-ebc382d80e3a: 90 chunks; 1.3 s; peak memory 194 MiB.
2026-10-05T22:32:07Z INFO [13/500] 3cf15853-fae0-4c27-9cbc-a052235f97b8: 111 chunks; 1.8 s; peak memory 194 MiB.
2026-10-05T22:32:17Z INFO [14/500] 3cf175a6-2575-43ff-80cc-025115e57c20: 15961 chunks; 10.0 s; peak memory 211 MiB.
2026-10-05T22:32:19Z INFO [15/500] 3cf284ae-c582-414c-b7fb-a9683771957a: 112 chunks; 1.5 s; peak memory 211 MiB.
2026-10-05T22:32:20Z INFO [16/500] 3cf370d7-2d4d-427e-9bbc-b85a0f853930: 289 chunks; 1.5 s; peak memory 212 MiB.
2026-10-05T22:32:22Z INFO [17/500] 3cf3f504-ab55-4148-8a53-86c5454cd611: 71 chunks; 1.5 s; peak memory 212 MiB.
2026-10-05T22:32:23Z INFO [18/500] 3cf43061-a0eb-4a53-8e89-13d39b946e65: 117 chunks; 1.4 s; peak memory 212 MiB.
2026-10-05T22:32:30Z INFO [19/500] 3cf453c8-e92d-432f-bdc2-129b4981a114: 1253 chunks; 7.2 s; peak memory 212 MiB.
2026-10-05T22:32:32Z INFO [20/500] 3cf48d06-a6e6-492e-8142-19d259b3466d: 452 chunks; 1.6 s; peak memory 212 MiB.
2026-10-05T22:32:33Z INFO [21/500] 3cf4aa94-d215-4465-ae46-4036fef08436: 43 chunks; 1.1 s; peak memory 212 MiB.
2026-10-05T22:32:35Z INFO [22/500] 3cf4c0ae-ec88-49c4-880c-c2648cdc818c: 118 chunks; 1.4 s; peak memory 212 MiB.
2026-10-05T22:32:36Z INFO [23/500] 3cf4ca12-0e69-4377-a3df-f20cf3181a50: 48 chunks; 1.1 s; peak memory 212 MiB.
2026-10-05T22:32:37Z INFO [24/500] 3cf5c781-2ccc-4cce-b609-d2e9c57164d7: 48 chunks; 1.0 s; peak memory 212 MiB.
2026-10-05T22:32:38Z INFO [25/500] 3cf5c981-d47b-4741-8a47-e5f988192753: 118 chunks; 1.3 s; peak memory 212 MiB.
2026-10-05T22:32:39Z INFO [26/500] 3cf5ce7b-0a19-436f-9f46-9541f9b3abec: 52 chunks; 1.0 s; peak memory 212 MiB.
2026-10-05T22:32:57Z INFO [27/500] 3cf74b7d-92c2-4cce-ac49-e6218e0da2e0: 4783 chunks; 18.4 s; peak memory 213 MiB.
2026-10-05T22:32:58Z INFO [28/500] 3cf7fc12-c953-423f-8a27-8a51fe582e5d: 48 chunks; 1.0 s; peak memory 213 MiB.
2026-10-05T22:33:00Z INFO [29/500] 3cf8de80-211f-4767-a9f7-13e82dc3afdd: 112 chunks; 1.7 s; peak memory 213 MiB.
2026-10-05T22:33:01Z INFO [30/500] 3cf9bdf6-7f0d-449d-a8b7-ae2132ee5fcd: 114 chunks; 1.1 s; peak memory 213 MiB.
2026-10-05T22:33:02Z INFO [31/500] 3cfa8a77-1901-4c04-80fa-829fe68a0c37: 48 chunks; 1.1 s; peak memory 213 MiB.
2026-10-05T22:33:04Z INFO [32/500] 3cfaa0bc-3067-480d-bf66-87fcd45226c1: 112 chunks; 1.4 s; peak memory 213 MiB.
2026-10-05T22:33:05Z INFO [33/500] 3cfb1a4c-4d01-4dd9-9180-6582cd257b3d: 64 chunks; 1.6 s; peak memory 213 MiB.
2026-10-05T22:33:07Z INFO [34/500] 3cfbf3bd-0d4a-410a-abb8-538f6e09ef98: 549 chunks; 1.8 s; peak memory 213 MiB.
2026-10-05T22:33:11Z INFO [35/500] 3cfc79c4-2d33-4ac0-b356-bddc9529c462: 236 chunks; 3.7 s; peak memory 213 MiB.
2026-10-05T22:33:12Z INFO [36/500] 3cfd3113-8bb2-4bd9-8b85-0765a5c44800: 48 chunks; 1.0 s; peak memory 213 MiB.
2026-10-05T22:33:13Z INFO [37/500] 3cfd4081-5a34-4419-bc80-14c6b077fb3a: 101 chunks; 1.3 s; peak memory 213 MiB.
2026-10-05T22:33:15Z INFO [38/500] 3cfdaa3c-5bff-4879-97b7-04de0ea4762d: 64 chunks; 1.7 s; peak memory 213 MiB.
2026-10-05T22:33:16Z INFO [39/500] 3cfdb1d8-3751-4484-88ca-75a4e33e8623: 48 chunks; 1.1 s; peak memory 213 MiB.
2026-10-05T22:33:17Z INFO [40/500] 3cfe225b-f59a-41f3-9174-f1c5616cab56: 204 chunks; 1.5 s; peak memory 213 MiB.
2026-10-05T22:33:19Z INFO [41/500] 3cffedda-ad27-4e41-b2a7-e2b301e46f92: 66 chunks; 1.4 s; peak memory 213 MiB.
2026-10-05T22:33:40Z INFO [42/500] 3d0015fc-9e68-40d4-b47e-38d4e884d709: 6123 chunks; 21.6 s; peak memory 213 MiB.
2026-10-05T22:33:41Z INFO [43/500] 3d00cb13-50f1-41e7-9499-d1e3e2e9c236: 46 chunks; 0.8 s; peak memory 213 MiB.
2026-10-05T22:33:42Z INFO [44/500] 3d01a3f6-0cea-4a01-8ccb-856ded51af5d: 56 chunks; 0.9 s; peak memory 213 MiB.
2026-10-05T22:33:43Z INFO [45/500] 3d02a1d7-6a54-4f31-a722-7d19ab6140cc: 48 chunks; 1.0 s; peak memory 213 MiB.
2026-10-05T22:33:44Z INFO [46/500] 3d02a1fd-4288-4c89-a5d1-ebd52adab03f: 45 chunks; 0.8 s; peak memory 213 MiB.
2026-10-05T22:33:45Z INFO [47/500] 3d031091-cf1f-4cf5-ad7a-ead634232659: 53 chunks; 0.9 s; peak memory 213 MiB.
2026-10-05T22:33:46Z INFO [48/500] 3d03c0d8-21fa-4764-bb95-bc33ff90e001: 117 chunks; 1.2 s; peak memory 213 MiB.
2026-10-05T22:33:52Z INFO [49/500] 3d040460-d76a-46c4-ac0a-830194d48ac1: 804 chunks; 5.9 s; peak memory 213 MiB.
2026-10-05T22:33:53Z INFO [50/500] 3d04320b-70bd-4ecc-b0fc-4527d6c08105: 57 chunks; 0.9 s; peak memory 213 MiB.
2026-10-05T22:33:53Z INFO [50/500] 3d04320b-70bd-4ecc-b0fc-4527d6c08105: checkpointed 76384 records.
2026-10-05T22:33:54Z INFO [51/500] 3d0490e5-c7d7-4761-ba01-4840084fd9e3: 52 chunks; 1.3 s; peak memory 213 MiB.
2026-10-05T22:33:55Z INFO [52/500] 3d04c0e9-8222-478b-bf37-dbabe418f998: 46 chunks; 0.8 s; peak memory 213 MiB.
2026-10-05T22:33:57Z INFO [53/500] 3d04cab2-a08b-478e-86bc-686c6841442b: 71 chunks; 1.8 s; peak memory 213 MiB.
2026-10-05T22:33:58Z INFO [54/500] 3d066815-e131-4226-97aa-80b79dded38f: 116 chunks; 1.2 s; peak memory 213 MiB.
2026-10-05T22:33:59Z INFO [55/500] 3d071dbe-861f-4967-8814-ddc662d42f52: 46 chunks; 0.8 s; peak memory 213 MiB.
2026-10-05T22:34:06Z INFO [56/500] 3d0743a8-84a7-4e23-a1fb-dfb8cc48d842: 13283 chunks; 6.9 s; peak memory 214 MiB.
2026-10-05T22:34:17Z INFO [57/500] 3d07543d-906e-4d4d-b7d0-9fc195f0dc91: 12790 chunks; 11.2 s; peak memory 214 MiB.
2026-10-05T22:34:19Z INFO [58/500] 3d0784fe-36e2-4218-b457-1201a4068038: 70 chunks; 1.9 s; peak memory 214 MiB.
2026-10-05T22:34:21Z INFO [59/500] 3d08cbf1-ca67-4ccc-823e-8b8396374fdb: 158 chunks; 1.8 s; peak memory 214 MiB.
2026-10-05T22:34:22Z INFO [60/500] 3d08dc16-5879-4c78-a535-5899aed86ec9: 117 chunks; 1.2 s; peak memory 214 MiB.
2026-10-05T22:34:23Z INFO [61/500] 3d099b0b-2967-4dc4-a9f5-9a4f6c2f4f30: 117 chunks; 1.3 s; peak memory 214 MiB.
2026-10-05T22:34:24Z INFO [62/500] 3d0a6067-d07d-4204-93df-480c5245a0aa: 57 chunks; 0.9 s; peak memory 214 MiB.
2026-10-05T22:34:25Z INFO [63/500] 3d0a74c9-8898-427a-853f-740bb0139ed6: 112 chunks; 1.3 s; peak memory 214 MiB.
2026-10-05T22:34:29Z INFO [64/500] 3d0b44f4-542a-45fb-82f2-e231e81dbefa: 156 chunks; 3.2 s; peak memory 214 MiB.
2026-10-05T22:34:34Z INFO [65/500] 3d0b52bc-f82f-44f0-ad11-b8ef91f9029d: 493 chunks; 5.7 s; peak memory 214 MiB.
2026-10-05T22:34:36Z INFO [66/500] 3d0b906c-3b66-4748-a3d8-cd362d00d14b: 66 chunks; 1.6 s; peak memory 214 MiB.
2026-10-05T22:34:37Z INFO [67/500] 3d0c6c95-ea1c-4d72-b903-58d9a961ac36: 117 chunks; 1.2 s; peak memory 214 MiB.
2026-10-05T22:34:38Z INFO [68/500] 3d0ccb88-3833-4efb-91d4-09b812444a73: 117 chunks; 1.3 s; peak memory 215 MiB.
2026-10-05T22:34:41Z INFO [69/500] 3d0d91c0-75fe-495b-9c11-9f4e5ff4f070: 119 chunks; 2.5 s; peak memory 215 MiB.
2026-10-05T22:34:42Z INFO [70/500] 3d0daabd-bf68-45f9-9c05-ab773783c5d3: 117 chunks; 1.3 s; peak memory 215 MiB.
2026-10-05T22:34:43Z INFO [71/500] 3d0ec221-a42f-44bc-b360-b62f066eed5b: 53 chunks; 1.0 s; peak memory 215 MiB.
2026-10-05T22:34:48Z INFO [72/500] 3d101020-3a2d-47ce-b1af-4850d3aabc0c: 208 chunks; 4.9 s; peak memory 215 MiB.
2026-10-05T22:34:54Z INFO [73/500] 3d107a75-0b5d-4baf-b2ac-0e3a6bfb32af: 6132 chunks; 5.7 s; peak memory 215 MiB.
2026-10-05T22:34:55Z INFO [74/500] 3d119383-66e9-4f0a-9d56-c54d15714e4d: 59 chunks; 1.2 s; peak memory 215 MiB.
2026-10-05T22:34:57Z INFO [75/500] 3d11b3f3-56ef-41a9-815b-d39d819094f5: 66 chunks; 1.6 s; peak memory 215 MiB.
2026-10-05T22:34:58Z INFO [76/500] 3d1237bc-7fe4-4e2c-be75-586b95fe9ec7: 116 chunks; 1.1 s; peak memory 215 MiB.
2026-10-05T22:34:59Z INFO [77/500] 3d124b1a-8631-43e4-86ad-49caf2461bfa: 66 chunks; 1.1 s; peak memory 215 MiB.
2026-10-05T22:35:00Z INFO [78/500] 3d12a67d-6833-4cd3-89e9-3f20a1452353: 48 chunks; 1.2 s; peak memory 215 MiB.
2026-10-05T22:35:01Z INFO [79/500] 3d12b70c-9237-4d1b-b985-4daadf205be9: 48 chunks; 1.1 s; peak memory 215 MiB.
2026-10-05T22:35:03Z INFO [80/500] 3d13584b-bdb8-41b4-9ac7-158baef465d7: 71 chunks; 2.2 s; peak memory 215 MiB.
2026-10-05T22:35:05Z INFO [81/500] 3d139753-0079-461f-b559-f1ac420aa982: 62 chunks; 1.7 s; peak memory 215 MiB.
2026-10-05T22:35:06Z INFO [82/500] 3d1420eb-2acd-4db1-a8e3-9b34f751339d: 114 chunks; 1.0 s; peak memory 215 MiB.
2026-10-05T22:35:07Z INFO [83/500] 3d154a4d-9208-4420-ab45-795a62dc1851: 56 chunks; 0.9 s; peak memory 215 MiB.
2026-10-05T22:35:08Z INFO [84/500] 3d15d089-6481-4ad0-ac20-6b203626be9c: 48 chunks; 1.1 s; peak memory 215 MiB.
2026-10-05T22:35:10Z INFO [85/500] 3d179ef2-192e-439f-8f0e-0e6385d46564: 150 chunks; 2.5 s; peak memory 215 MiB.
2026-10-05T22:35:11Z INFO [86/500] 3d17df19-26f3-49c8-9867-cdff89a20fc1: 63 chunks; 0.9 s; peak memory 215 MiB.
2026-10-05T22:35:14Z INFO [87/500] 3d17e1f9-0884-4d96-824b-03cacca8380c: 115 chunks; 2.5 s; peak memory 215 MiB.
2026-10-05T22:35:15Z INFO [88/500] 3d17ed8d-2367-449e-b356-6d6aab3d0d77: 48 chunks; 1.2 s; peak memory 215 MiB.
2026-10-05T22:35:16Z INFO [89/500] 3d17fa68-da41-4249-9672-edc2f184f478: 53 chunks; 0.8 s; peak memory 215 MiB.
2026-10-05T22:35:17Z INFO [90/500] 3d183b7b-5275-42f5-8635-c77058ea2806: 116 chunks; 1.4 s; peak memory 215 MiB.
2026-10-05T22:35:40Z INFO [91/500] 3d18fc38-ff0a-4b23-83aa-474ee82dbaf4: 2627 chunks; 22.4 s; peak memory 250 MiB.
2026-10-05T22:35:41Z INFO [92/500] 3d193f83-86b8-44bd-b7b9-270da14b7b24: 64 chunks; 1.7 s; peak memory 250 MiB.
2026-10-05T22:35:42Z INFO [93/500] 3d19dac6-45a8-4b90-a0a4-4fe4c6fc5db1: 48 chunks; 1.0 s; peak memory 250 MiB.
2026-10-05T22:35:43Z INFO [94/500] 3d1a544a-e658-4017-95ad-99ef56e889d1: 48 chunks; 1.1 s; peak memory 250 MiB.
2026-10-05T22:35:45Z INFO [95/500] 3d1a69dc-adb4-47da-8c76-592bb92ed15f: 48 chunks; 1.1 s; peak memory 250 MiB.
2026-10-05T22:35:46Z INFO [96/500] 3d1af90a-fc9b-43e5-952d-8e6f777a171f: 117 chunks; 1.3 s; peak memory 250 MiB.
2026-10-05T22:35:47Z INFO [97/500] 3d1aff15-5b3a-4ee5-b7fe-5084f0649233: 50 chunks; 0.9 s; peak memory 250 MiB.
2026-10-05T22:35:48Z INFO [98/500] 3d1b366e-656c-4703-845e-6bd253d5c87a: 48 chunks; 1.1 s; peak memory 250 MiB.
2026-10-05T22:35:50Z INFO [99/500] 3d1bac64-d1ef-4dcc-9cff-c857f7052b8a: 119 chunks; 2.4 s; peak memory 250 MiB.
2026-10-05T22:35:51Z INFO [100/500] 3d1c057d-65db-4db5-9599-69f23938239f: 336 chunks; 1.1 s; peak memory 250 MiB.
2026-10-05T22:35:52Z INFO [100/500] 3d1c057d-65db-4db5-9599-69f23938239f: checkpointed 76434 records.
2026-10-05T22:35:53Z INFO [101/500] 3d1c1602-b249-4a73-ab06-2d54d3185b65: 48 chunks; 1.0 s; peak memory 250 MiB.
2026-10-05T22:35:54Z INFO [102/500] 3d1c1ad4-8529-4d63-9de1-4c335d329e75: 118 chunks; 1.1 s; peak memory 250 MiB.
2026-10-05T22:35:55Z INFO [103/500] 3d1c1cd8-082d-4e4e-b46c-83ecb457eaab: 48 chunks; 1.1 s; peak memory 250 MiB.
2026-10-05T22:36:03Z INFO [104/500] 3d1c85a8-584b-4dbc-adc6-1496be7ae44e: 11639 chunks; 8.6 s; peak memory 252 MiB.
2026-10-05T22:36:22Z INFO [105/500] 3d1cd7db-79fc-4879-969a-ac55d665bf70: 862 chunks; 19.0 s; peak memory 252 MiB.
2026-10-05T22:36:24Z INFO [106/500] 3d1d109c-a685-4dd4-a74a-c4b15d5b424e: 112 chunks; 1.3 s; peak memory 252 MiB.
2026-10-05T22:36:25Z INFO [107/500] 3d1e0165-7cd2-4cae-9c8c-5ccbd83faed7: 117 chunks; 1.3 s; peak memory 252 MiB.
2026-10-05T22:36:26Z INFO [108/500] 3d1e0e5c-7c59-42d0-bf30-b3bd0567bdc9: 117 chunks; 1.1 s; peak memory 252 MiB.
2026-10-05T22:36:27Z INFO [109/500] 3d1e5549-3c05-4a54-9c5a-6fcff6b3ec07: 45 chunks; 0.8 s; peak memory 252 MiB.
2026-10-05T22:36:28Z INFO [110/500] 3d1e6c58-faf8-42d0-809a-2a93a04fc8c4: 52 chunks; 1.0 s; peak memory 252 MiB.
2026-10-05T22:36:29Z INFO [111/500] 3d1ec59e-2078-4c5e-af8b-a56be70f38ec: 117 chunks; 1.1 s; peak memory 252 MiB.
2026-10-05T22:36:32Z INFO [112/500] 3d1eebad-69ab-4adc-bc97-ea69464e2bc3: 156 chunks; 3.3 s; peak memory 252 MiB.
2026-10-05T22:36:33Z INFO [113/500] 3d1eec0d-d9c2-4e8a-af6f-09012e716b89: 31 chunks; 0.7 s; peak memory 252 MiB.
2026-10-05T22:36:35Z INFO [114/500] 3d1f5cb4-8ee0-4f54-91e5-bc7c52de8023: 115 chunks; 2.3 s; peak memory 252 MiB.
2026-10-05T22:36:37Z INFO [115/500] 3d1f67b5-8706-4df7-86de-def2b468050f: 112 chunks; 1.6 s; peak memory 252 MiB.
2026-10-05T22:36:38Z INFO [116/500] 3d1fd8bc-a087-4d55-9ddf-084c44da36a9: 48 chunks; 1.1 s; peak memory 252 MiB.
2026-10-05T22:36:40Z INFO [117/500] 3d208aba-0e92-4e57-8884-6844e30147e4: 69 chunks; 1.6 s; peak memory 252 MiB.
2026-10-05T22:36:51Z INFO [118/500] 3d209f8e-c91b-4901-8868-3286e93cca0d: 2172 chunks; 10.9 s; peak memory 252 MiB.
2026-10-05T22:36:52Z INFO [119/500] 3d20abb3-c629-4f23-acbc-5a4e3120d87d: 52 chunks; 1.1 s; peak memory 252 MiB.
2026-10-05T22:36:53Z INFO [120/500] 3d20f3dc-b5bc-4a15-844e-e473344a8cd0: 48 chunks; 1.2 s; peak memory 252 MiB.
2026-10-05T22:36:54Z INFO [121/500] 3d2152cd-d4b6-4ca5-acbf-1358204313f8: 112 chunks; 1.2 s; peak memory 252 MiB.
2026-10-05T22:36:55Z INFO [122/500] 3d215676-930d-467d-9ce4-7e67df3990c4: 110 chunks; 1.3 s; peak memory 252 MiB.
2026-10-05T22:36:57Z INFO [123/500] 3d2373b5-2a07-4740-a0c0-36cc78209d48: 118 chunks; 1.2 s; peak memory 252 MiB.
2026-10-05T22:36:57Z INFO [124/500] 3d2462d8-cc28-4dc3-82f1-69dc8bbfcc02: 46 chunks; 0.8 s; peak memory 252 MiB.
2026-10-05T22:36:59Z INFO [125/500] 3d247eff-e4d8-4a55-8552-8e6ffb40c416: 112 chunks; 1.5 s; peak memory 252 MiB.
2026-10-05T22:37:00Z INFO [126/500] 3d25453e-64a1-40fd-9e5d-1327d46d4fc5: 117 chunks; 1.6 s; peak memory 252 MiB.
2026-10-05T22:37:01Z INFO [127/500] 3d262e33-bf6a-4da7-8745-6bc570dd72e6: 45 chunks; 0.8 s; peak memory 252 MiB.
2026-10-05T22:37:04Z INFO [128/500] 3d2644c3-4b82-46c8-95f8-9cbe5d79ab7a: 152 chunks; 2.7 s; peak memory 252 MiB.
2026-10-05T22:37:06Z INFO [129/500] 3d265b4f-1da9-450b-bd61-e0ba26128b1d: 70 chunks; 1.7 s; peak memory 252 MiB.
2026-10-05T22:37:08Z INFO [130/500] 3d2782c9-3ae8-4736-9a29-629c942019ef: 128 chunks; 2.1 s; peak memory 252 MiB.
2026-10-05T22:37:09Z INFO [131/500] 3d27d39d-003a-405a-b07a-b5640b02e1ab: 117 chunks; 1.3 s; peak memory 252 MiB.
2026-10-05T22:37:10Z INFO [132/500] 3d288a7f-1670-4792-875e-419c171b6b2f: 117 chunks; 1.1 s; peak memory 252 MiB.
2026-10-05T22:37:11Z INFO [133/500] 3d28e2cf-767f-45f1-bbce-95d3c718bc95: 67 chunks; 1.4 s; peak memory 252 MiB.
2026-10-05T22:37:13Z INFO [134/500] 3d2976da-464a-480d-803a-13a790d00495: 48 chunks; 1.1 s; peak memory 252 MiB.
2026-10-05T22:37:16Z INFO [135/500] 3d29d845-3f4c-4543-9bf3-83be0e4a4e97: 1611 chunks; 3.0 s; peak memory 252 MiB.
2026-10-05T22:37:32Z INFO [136/500] 3d2a0e8e-f180-4a67-8d9f-32793dd243da: 8229 chunks; 16.0 s; peak memory 252 MiB.
2026-10-05T22:37:32Z INFO [137/500] 3d2a3049-bc29-4f61-b2c7-def7ee6ea771: 46 chunks; 0.8 s; peak memory 252 MiB.
2026-10-05T22:39:45Z INFO [138/500] 3d2a9dfa-0ac2-47cb-83b0-8e3ab7b6cda9: 37756 chunks; 132.6 s; peak memory 355 MiB.
2026-10-05T22:39:46Z INFO [139/500] 3d2afadb-1d6e-49ea-a812-7475cc5bf42a: 45 chunks; 0.8 s; peak memory 355 MiB.
2026-10-05T22:39:48Z INFO [140/500] 3d2b2350-0e12-4be4-a7a8-d233ac01ea10: 118 chunks; 2.1 s; peak memory 355 MiB.
2026-10-05T22:39:50Z INFO [141/500] 3d2bafbe-3339-474f-ac36-28ca64e50b0f: 90 chunks; 2.6 s; peak memory 355 MiB.
2026-10-05T22:39:52Z INFO [142/500] 3d2d0f40-0479-42f8-9560-b0f1787a53a6: 118 chunks; 1.2 s; peak memory 355 MiB.
2026-10-05T22:39:53Z INFO [143/500] 3d2dc405-ee63-442b-a65c-97e3ac2161d7: 48 chunks; 1.2 s; peak memory 355 MiB.
2026-10-05T22:39:54Z INFO [144/500] 3d2dcab6-345c-4923-9acf-2eea7888589d: 117 chunks; 1.2 s; peak memory 355 MiB.
2026-10-05T22:39:55Z INFO [145/500] 3d2dde38-0f24-480d-b081-d1a8bdda180d: 46 chunks; 0.8 s; peak memory 355 MiB.
2026-10-05T22:39:56Z INFO [146/500] 3d2e70a7-40e2-4ef8-9a16-482a15c33ae7: 117 chunks; 1.4 s; peak memory 355 MiB.
2026-10-05T22:39:57Z INFO [147/500] 3d2ea040-690c-4875-895a-d1286f73b1f5: 48 chunks; 1.1 s; peak memory 355 MiB.
2026-10-05T22:39:59Z INFO [148/500] 3d2f2a15-98a1-495a-b7bc-93c1387dcb4e: 112 chunks; 1.5 s; peak memory 355 MiB.
2026-10-05T22:40:00Z INFO [149/500] 3d2f35bf-e2c9-4df7-b968-6d2895068a00: 48 chunks; 1.0 s; peak memory 355 MiB.
2026-10-05T22:40:01Z INFO [150/500] 3d2f5a32-d488-48c9-8ecd-fcafb17ac61d: 56 chunks; 0.8 s; peak memory 355 MiB.
2026-10-05T22:40:01Z INFO [150/500] 3d2f5a32-d488-48c9-8ecd-fcafb17ac61d: checkpointed 76484 records.
2026-10-05T22:40:55Z INFO [151/500] 3d2f6102-ee72-42d8-97e5-b4d48d1a2ef1: 2188 chunks; 54.4 s; peak memory 355 MiB.
2026-10-05T22:40:58Z INFO [152/500] 3d2f975c-886e-4a8a-86fe-d9fc60e66cc5: 997 chunks; 2.3 s; peak memory 355 MiB.
2026-10-05T22:40:59Z INFO [153/500] 3d30951d-ff89-4dc1-9779-b45d5c906142: 48 chunks; 1.1 s; peak memory 355 MiB.
2026-10-05T22:41:10Z INFO [154/500] 3d30fc4f-56a4-42a5-8214-24e30446ce94: 22760 chunks; 11.0 s; peak memory 355 MiB.
2026-10-05T22:41:12Z INFO [155/500] 3d318882-a4cc-483a-97b0-e31e3540d884: 103 chunks; 2.1 s; peak memory 355 MiB.
2026-10-05T22:41:59Z INFO [156/500] 3d31ca30-3c09-4409-b23e-678e258ca6e3: 24649 chunks; 47.4 s; peak memory 355 MiB.
2026-10-05T22:42:03Z INFO [157/500] 3d325479-2bc2-40f5-83e4-6c3de66d55bc: 2058 chunks; 4.0 s; peak memory 355 MiB.
2026-10-05T22:42:06Z INFO [158/500] 3d334ad7-a31d-4aaf-8282-25c41c683866: 116 chunks; 2.4 s; peak memory 355 MiB.
2026-10-05T22:42:12Z INFO [159/500] 3d3376d7-1083-4b39-9c11-36c46e4db05e: 1187 chunks; 5.9 s; peak memory 355 MiB.
2026-10-05T22:42:13Z INFO [160/500] 3d33e8ec-fe65-44fb-9c45-59298fd90e02: 48 chunks; 1.2 s; peak memory 355 MiB.
2026-10-05T22:42:14Z INFO [161/500] 3d341159-dab4-45fd-99d0-9c8728f0ab49: 114 chunks; 1.1 s; peak memory 355 MiB.
2026-10-05T22:42:15Z INFO [162/500] 3d34a319-6055-460b-b21e-ea636e5d3b74: 46 chunks; 1.3 s; peak memory 355 MiB.
2026-10-05T22:42:20Z INFO [163/500] 3d352c39-1497-4100-ba30-52b914a3e3b0: 276 chunks; 4.9 s; peak memory 355 MiB.
2026-10-05T22:42:22Z INFO [164/500] 3d353a83-676b-4e76-8db4-cfbbfae424ae: 113 chunks; 1.4 s; peak memory 355 MiB.
2026-10-05T22:42:23Z INFO [165/500] 3d35b59f-39ea-4f25-9cfc-6128b1d95a6a: 48 chunks; 1.1 s; peak memory 355 MiB.
2026-10-05T22:42:24Z INFO [166/500] 3d3607cf-814c-4106-9995-2fdf0347dfd9: 46 chunks; 0.9 s; peak memory 355 MiB.
2026-10-05T22:42:25Z INFO [167/500] 3d37a25b-b436-4756-85bb-2595d25c413b: 117 chunks; 1.3 s; peak memory 355 MiB.
2026-10-05T22:42:26Z INFO [168/500] 3d37e851-d5c2-4a12-8e72-5c24ba3abbaa: 35 chunks; 0.8 s; peak memory 355 MiB.
2026-10-05T22:42:27Z INFO [169/500] 3d385fab-127e-4c06-a3a2-6841d71874be: 33 chunks; 0.8 s; peak memory 355 MiB.
2026-10-05T22:42:35Z INFO [170/500] 3d387f00-01a6-44fb-8e2a-dafbe6352ca2: 17839 chunks; 8.8 s; peak memory 355 MiB.
2026-10-05T22:42:37Z INFO [171/500] 3d38afb6-a510-437f-a408-cfb8a879b4ed: 275 chunks; 1.6 s; peak memory 355 MiB.
2026-10-05T22:43:28Z INFO [172/500] 3d391e89-b2e5-4a1a-a61b-259eba30eacf: 23858 chunks; 50.6 s; peak memory 355 MiB.
2026-10-05T22:43:30Z INFO [173/500] 3d392b7a-1fc3-49f2-80e5-8709c5e1178b: 997 chunks; 2.0 s; peak memory 355 MiB.
2026-10-05T22:47:42Z INFO [174/500] 3d3b0471-61ef-46c8-b633-917a6add58e5: 75387 chunks; 252.0 s; peak memory 486 MiB.
2026-10-05T22:47:43Z INFO [175/500] 3d3b46cf-6c01-4c0d-af25-5a74712bd6cc: 48 chunks; 1.2 s; peak memory 486 MiB.
2026-10-05T22:47:44Z INFO [176/500] 3d3ceb74-dbce-40ac-a97c-3fed2de71968: 62 chunks; 1.5 s; peak memory 486 MiB.
2026-10-05T22:47:45Z INFO [177/500] 3d3dd51a-1dac-49c5-b477-c5def0e503ac: 48 chunks; 1.1 s; peak memory 486 MiB.
2026-10-05T22:47:47Z INFO [178/500] 3d3e543e-511d-4c36-9124-7368aaba261a: 112 chunks; 1.7 s; peak memory 486 MiB.
2026-10-05T22:47:49Z INFO [179/500] 3d3f4ce7-0e7e-45a7-bf0a-bf9b32fcaf27: 112 chunks; 1.4 s; peak memory 486 MiB.
2026-10-05T22:47:50Z INFO [180/500] 3d3fcbb8-df58-4054-82a6-4fe5196a1268: 118 chunks; 1.2 s; peak memory 486 MiB.
2026-10-05T22:47:51Z INFO [181/500] 3d3ffd27-c575-4848-87b9-d847d36af937: 117 chunks; 1.4 s; peak memory 486 MiB.
2026-10-05T22:47:52Z INFO [182/500] 3d402486-ea19-43a2-b7a7-6eba407d5b7c: 48 chunks; 1.0 s; peak memory 486 MiB.
2026-10-05T22:47:53Z INFO [183/500] 3d407b15-1737-4dc2-a424-51b6878b43a2: 48 chunks; 1.0 s; peak memory 486 MiB.
2026-10-05T22:47:54Z INFO [184/500] 3d414252-9689-4496-ab85-31753e89bddb: 46 chunks; 0.7 s; peak memory 486 MiB.
2026-10-05T22:47:55Z INFO [185/500] 3d41a8e8-28c4-4a80-b685-a7580fa46596: 66 chunks; 1.3 s; peak memory 486 MiB.
2026-10-05T22:47:57Z INFO [186/500] 3d41e296-cbe6-4f1e-a111-8f2902f19622: 118 chunks; 1.3 s; peak memory 486 MiB.
2026-10-05T22:47:58Z INFO [187/500] 3d42f4a4-99d2-464b-9eef-665299b0f7b6: 112 chunks; 1.2 s; peak memory 486 MiB.
2026-10-05T22:47:59Z INFO [188/500] 3d430edc-c8b1-4bf0-98b2-1f429e2afc86: 48 chunks; 1.0 s; peak memory 486 MiB.
2026-10-05T22:48:21Z INFO [189/500] 3d43d97f-9d01-47f4-a254-251a85346e01: 6138 chunks; 22.4 s; peak memory 486 MiB.
2026-10-05T22:48:38Z INFO [190/500] 3d445e29-5afb-4bf6-ad16-6e7167e770c6: 38990 chunks; 17.3 s; peak memory 486 MiB.
2026-10-05T22:48:40Z INFO [191/500] 3d446a6d-451c-42e3-8d00-3941f37cfc1e: 117 chunks; 1.2 s; peak memory 486 MiB.
2026-10-05T22:48:41Z INFO [192/500] 3d449375-a6e5-4f45-9121-043675336883: 112 chunks; 1.4 s; peak memory 486 MiB.
2026-10-05T22:48:42Z INFO [193/500] 3d44e029-34eb-48c6-9fa8-fc1bbf6472e0: 48 chunks; 1.1 s; peak memory 486 MiB.
2026-10-05T22:48:44Z INFO [194/500] 3d451b68-e124-4253-a5ca-1d62daa868b5: 117 chunks; 1.6 s; peak memory 486 MiB.
2026-10-05T22:48:44Z INFO [195/500] 3d45b11d-05b9-42bd-a557-234a9d1e2f06: 57 chunks; 0.8 s; peak memory 486 MiB.
2026-10-05T22:49:05Z INFO [196/500] 3d46a63e-1d9f-4867-b701-8b37b62fab27: 6054 chunks; 20.6 s; peak memory 486 MiB.
2026-10-05T22:49:06Z INFO [197/500] 3d46fe7b-ef6b-4b93-86ba-cafa0ef58edf: 117 chunks; 1.4 s; peak memory 486 MiB.
2026-10-05T22:49:09Z INFO [198/500] 3d488456-1f21-4a37-b341-71d46427a181: 186 chunks; 2.8 s; peak memory 486 MiB.
2026-10-05T22:49:12Z INFO [199/500] 3d48b7dd-6322-498b-add2-497342eac523: 116 chunks; 2.4 s; peak memory 486 MiB.
2026-10-05T22:49:13Z INFO [200/500] 3d490a42-2641-44a9-9420-3ca6d0a3cb6f: 116 chunks; 1.3 s; peak memory 486 MiB.
2026-10-05T22:49:13Z INFO [200/500] 3d490a42-2641-44a9-9420-3ca6d0a3cb6f: checkpointed 76534 records.
2026-10-05T22:49:14Z INFO [201/500] 3d4a1b76-79e8-4e88-a78a-48d65db74eb0: 48 chunks; 1.1 s; peak memory 486 MiB.
2026-10-05T22:49:16Z INFO [202/500] 3d4b3a64-0a8b-4ac6-809e-b36fbbedffad: 70 chunks; 1.4 s; peak memory 486 MiB.
2026-10-05T22:49:16Z INFO [203/500] 3d4b6081-8d3e-49fd-aae5-eb4c3e92c32e: 46 chunks; 0.7 s; peak memory 486 MiB.
2026-10-05T22:49:31Z INFO [204/500] 3d4bac48-dbbd-4f79-b0f3-ac1b7b14d7a6: 21442 chunks; 14.8 s; peak memory 486 MiB.
2026-10-05T22:49:42Z INFO [205/500] 3d4c7ea2-536e-4e3a-a485-8bf38972b6c7: 1209 chunks; 10.7 s; peak memory 486 MiB.
2026-10-05T22:49:43Z INFO [206/500] 3d4cd907-66f0-4f09-8134-6019649529a2: 48 chunks; 1.0 s; peak memory 486 MiB.
2026-10-05T22:49:44Z INFO [207/500] 3d4ce580-9249-4ab1-8ede-dbb05fe7c062: 41 chunks; 0.9 s; peak memory 486 MiB.
2026-10-05T22:49:45Z INFO [208/500] 3d4ceaca-f3f9-4708-8448-5e848432444d: 48 chunks; 1.1 s; peak memory 486 MiB.
2026-10-05T22:49:46Z INFO [209/500] 3d4d2f47-4b06-4957-92de-5fdff40464b8: 66 chunks; 1.5 s; peak memory 486 MiB.
2026-10-05T22:49:48Z INFO [210/500] 3d4d9bf1-04c0-410a-9a1c-a454c13393b1: 71 chunks; 2.1 s; peak memory 486 MiB.
2026-10-05T22:49:52Z INFO [211/500] 3d4dded9-46b2-4299-8c2b-38f155cfeff7: 5576 chunks; 3.9 s; peak memory 486 MiB.
2026-10-05T22:50:05Z INFO [212/500] 3d4de49a-320e-4e5e-8cda-d6606dac9f4a: 17167 chunks; 12.2 s; peak memory 486 MiB.
2026-10-05T22:50:06Z INFO [213/500] 3d4ee96b-b190-4649-a9bb-29c983f93cf2: 66 chunks; 1.4 s; peak memory 486 MiB.
2026-10-05T22:50:07Z INFO [214/500] 3d4f0e5c-3663-458c-8275-78471b11502c: 118 chunks; 1.2 s; peak memory 486 MiB.
2026-10-05T22:50:09Z INFO [215/500] 3d4f84f8-8169-4183-83f5-13760e0977d3: 110 chunks; 1.3 s; peak memory 486 MiB.
2026-10-05T22:50:10Z INFO [216/500] 3d4fcab5-4a4e-47a7-9cec-ffa65f66d207: 48 chunks; 1.0 s; peak memory 486 MiB.
2026-10-05T22:50:11Z INFO [217/500] 3d4fff25-c2ab-4285-9561-333a620225ca: 69 chunks; 1.4 s; peak memory 486 MiB.
2026-10-05T22:50:12Z INFO [218/500] 3d5048b8-7ea1-4ffb-b294-683d7141fbf7: 112 chunks; 1.0 s; peak memory 486 MiB.
2026-10-05T22:50:13Z INFO [219/500] 3d50bb7d-e615-49fc-81ff-c990d6c6963e: 46 chunks; 0.7 s; peak memory 486 MiB.
2026-10-05T22:50:14Z INFO [220/500] 3d514ae0-68d7-49e9-8c89-25a6f4f3578d: 117 chunks; 1.2 s; peak memory 486 MiB.
2026-10-05T22:50:15Z INFO [221/500] 3d51d5b2-8a46-482e-8d6c-3d020ca230e6: 117 chunks; 1.4 s; peak memory 486 MiB.
2026-10-05T22:50:16Z INFO [222/500] 3d51f678-0e41-4754-9dbb-900375d809bc: 117 chunks; 1.3 s; peak memory 486 MiB.
2026-10-05T22:50:18Z INFO [223/500] 3d523380-6d81-4f19-92ac-b839277a8749: 42 chunks; 1.1 s; peak memory 486 MiB.
2026-10-05T22:50:19Z INFO [224/500] 3d5264c7-77bd-4c6c-8d99-0bfbf63ee3d1: 59 chunks; 1.4 s; peak memory 486 MiB.
2026-10-05T22:50:21Z INFO [225/500] 3d546587-8860-49a1-94eb-533c869544af: 112 chunks; 1.8 s; peak memory 486 MiB.
2026-10-05T22:50:22Z INFO [226/500] 3d54bf68-cb78-49fb-8786-bad7c894c405: 113 chunks; 1.2 s; peak memory 486 MiB.
2026-10-05T22:50:23Z INFO [227/500] 3d5504bf-aff0-43aa-8630-45e20f433a1c: 48 chunks; 1.1 s; peak memory 486 MiB.
2026-10-05T22:50:24Z INFO [228/500] 3d554b3a-a54f-4caa-8671-77d1bc92749d: 114 chunks; 0.9 s; peak memory 486 MiB.
2026-10-05T22:50:25Z INFO [229/500] 3d561526-d2dc-40f7-8143-2ee7a8f20eaf: 41 chunks; 0.9 s; peak memory 486 MiB.
2026-10-05T22:50:26Z INFO [230/500] 3d581393-e5f0-4cb7-9582-113a13c1a92e: 48 chunks; 1.2 s; peak memory 486 MiB.
2026-10-05T22:50:27Z INFO [231/500] 3d582720-8163-4f2d-afef-429c0a9574d7: 48 chunks; 1.1 s; peak memory 486 MiB.
2026-10-05T22:50:28Z INFO [232/500] 3d59fe1d-097c-48f8-93c0-27be92a9be0a: 49 chunks; 1.2 s; peak memory 486 MiB.
2026-10-05T22:50:29Z INFO [233/500] 3d5a63f9-2065-4992-90e0-fa426e00d1da: 46 chunks; 0.8 s; peak memory 486 MiB.
2026-10-05T22:50:30Z INFO [234/500] 3d5b4224-077d-42aa-8704-83e1292bab39: 116 chunks; 1.0 s; peak memory 486 MiB.
2026-10-05T22:50:31Z INFO [235/500] 3d5c1077-3ca3-4ba2-87d2-77b366dfcb73: 45 chunks; 0.9 s; peak memory 486 MiB.
2026-10-05T22:50:32Z INFO [236/500] 3d5c3408-940f-4114-92c3-e00d0aafc6af: 117 chunks; 1.2 s; peak memory 486 MiB.
2026-10-05T22:50:38Z INFO [237/500] 3d5cd8f0-2bbf-4f9f-a227-39e9002d483b: 3853 chunks; 6.0 s; peak memory 486 MiB.
2026-10-05T22:50:41Z INFO [238/500] 3d5d262c-d724-482f-a01b-01fa3484d202: 156 chunks; 2.9 s; peak memory 486 MiB.
2026-10-05T22:50:42Z INFO [239/500] 3d5e2ff8-021d-4636-ab99-5a21155b685c: 118 chunks; 1.4 s; peak memory 486 MiB.
2026-10-05T22:50:43Z INFO [240/500] 3d5e818c-bdea-4e01-b72b-417dce0abac0: 151 chunks; 0.9 s; peak memory 486 MiB.
2026-10-05T23:10:24Z INFO [241/500] 3d5e9b88-649c-41df-bbec-36fd5cd48b9f: 473116 chunks; 1180.8 s; peak memory 1178 MiB.
2026-10-05T23:10:25Z INFO [242/500] 3d5ec2a0-cb00-4385-8e25-579f3fa3f8c0: 48 chunks; 1.2 s; peak memory 1178 MiB.
2026-10-05T23:10:27Z INFO [243/500] 3d5f377a-c258-4f38-9404-0bed040a1df8: 71 chunks; 1.7 s; peak memory 1178 MiB.
2026-10-05T23:10:28Z INFO [244/500] 3d5f9d3e-c544-432e-89ef-736fb93cf055: 46 chunks; 0.8 s; peak memory 1178 MiB.
2026-10-05T23:10:29Z INFO [245/500] 3d601955-dc86-4e0a-92e6-a7303aa372f5: 110 chunks; 1.3 s; peak memory 1178 MiB.
2026-10-05T23:10:40Z INFO [246/500] 3d605005-fb30-4eae-a972-d2e130927072: 11926 chunks; 11.3 s; peak memory 1178 MiB.
2026-10-05T23:10:42Z INFO [247/500] 3d62d707-351e-4546-8d1a-fbf65a62d6db: 112 chunks; 1.6 s; peak memory 1178 MiB.
2026-10-05T23:10:44Z INFO [248/500] 3d6314f1-4f69-47aa-8bcf-3e04208ae95a: 117 chunks; 1.6 s; peak memory 1178 MiB.
2026-10-05T23:10:45Z INFO [249/500] 3d631fef-c5c8-4094-8234-53173dce92f3: 112 chunks; 1.4 s; peak memory 1178 MiB.
2026-10-05T23:10:49Z INFO [250/500] 3d636be8-4ab9-4a6d-bbfb-b6e0b9c013d8: 2195 chunks; 4.2 s; peak memory 1178 MiB.
2026-10-05T23:10:50Z INFO [250/500] 3d636be8-4ab9-4a6d-bbfb-b6e0b9c013d8: checkpointed 76584 records.
2026-10-05T23:10:53Z INFO [251/500] 3d6424fa-c4e4-4efe-a8dc-98b1cd682187: 1641 chunks; 3.0 s; peak memory 1178 MiB.
2026-10-05T23:10:53Z INFO [252/500] 3d653511-883d-4c55-8778-bf059efa8e81: 46 chunks; 0.9 s; peak memory 1178 MiB.
2026-10-05T23:10:54Z INFO [253/500] 3d66065c-43d0-4ccd-9abd-c4b1711c248d: 48 chunks; 1.0 s; peak memory 1178 MiB.
2026-10-05T23:10:56Z INFO [254/500] 3d66663a-b10a-45b7-8ce6-3b3bbbfc7940: 48 chunks; 1.3 s; peak memory 1178 MiB.
2026-10-05T23:10:57Z INFO [255/500] 3d672bdc-7247-49a4-bafc-d32c9b096115: 66 chunks; 1.6 s; peak memory 1178 MiB.
2026-10-05T23:10:58Z INFO [256/500] 3d675d21-140d-4f07-8dcd-4c747c9d9d4d: 46 chunks; 1.1 s; peak memory 1178 MiB.
2026-10-05T23:11:00Z INFO [257/500] 3d67b677-eff4-445c-b4fb-5d022c365034: 112 chunks; 1.3 s; peak memory 1178 MiB.
2026-10-05T23:11:01Z INFO [258/500] 3d67c177-22de-4e19-8232-e7380e01b49f: 48 chunks; 1.2 s; peak memory 1178 MiB.
2026-10-05T23:11:06Z INFO [259/500] 3d686dc3-ac45-4f10-8b0f-1115c6cc35cf: 235 chunks; 5.1 s; peak memory 1178 MiB.
2026-10-05T23:11:16Z INFO [260/500] 3d686f17-34cd-441c-bcfe-c7f472de5411: 16477 chunks; 10.2 s; peak memory 1178 MiB.
2026-10-05T23:11:17Z INFO [261/500] 3d69d55f-783a-4630-9776-0db19f7c3174: 117 chunks; 1.2 s; peak memory 1178 MiB.
2026-10-05T23:11:19Z INFO [262/500] 3d6a5fab-7005-41b3-9620-c13e4b498f17: 46 chunks; 1.4 s; peak memory 1178 MiB.
2026-10-05T23:11:21Z INFO [263/500] 3d6ab418-4f1e-423f-9c93-21d84a378e05: 69 chunks; 1.7 s; peak memory 1178 MiB.
2026-10-05T23:11:21Z INFO [264/500] 3d6b2831-d325-4e41-a32d-de305d5113c3: 46 chunks; 0.9 s; peak memory 1178 MiB.
2026-10-05T23:11:25Z INFO [265/500] 3d6bdecb-d1df-437c-8f60-bd4cdc6747d7: 156 chunks; 3.3 s; peak memory 1178 MiB.
2026-10-05T23:11:26Z INFO [266/500] 3d6e6f22-4873-4f5b-bb02-8ee24aeeb560: 117 chunks; 1.3 s; peak memory 1178 MiB.
2026-10-05T23:12:23Z INFO [267/500] 3d6eee96-ae31-40f2-9f0e-0238126d4f03: 26674 chunks; 57.1 s; peak memory 1178 MiB.
2026-10-05T23:12:24Z INFO [268/500] 3d6f1a4e-4878-44c1-add9-a6a5567db373: 117 chunks; 1.3 s; peak memory 1178 MiB.
2026-10-05T23:12:26Z INFO [269/500] 3d6f9204-821e-4318-8118-59353a774b13: 117 chunks; 1.2 s; peak memory 1178 MiB.
2026-10-05T23:12:27Z INFO [270/500] 3d6ff87f-505f-4857-a2c1-e860341d897d: 48 chunks; 1.0 s; peak memory 1178 MiB.
2026-10-05T23:12:28Z INFO [271/500] 3d70d971-8fa9-4cd3-8457-3dacae8b0320: 158 chunks; 1.9 s; peak memory 1178 MiB.
2026-10-05T23:12:36Z INFO [272/500] 3d717d38-c83f-4dd6-b9aa-2a382f1470d0: 12827 chunks; 7.7 s; peak memory 1178 MiB.
2026-10-05T23:12:57Z INFO [273/500] 3d71e8ec-93ea-41fa-ac2c-4f8d7f825249: 602 chunks; 21.3 s; peak memory 1178 MiB.
2026-10-05T23:12:58Z INFO [274/500] 3d726a8c-60a4-45a0-bf3b-cab412244109: 46 chunks; 0.9 s; peak memory 1178 MiB.
2026-10-05T23:12:59Z INFO [275/500] 3d72bdc1-f122-4357-992f-b6fad337cc9e: 48 chunks; 1.0 s; peak memory 1178 MiB.
2026-10-05T23:13:03Z INFO [276/500] 3d72d221-e8b0-474f-8e45-bcfce56de2de: 549 chunks; 3.2 s; peak memory 1178 MiB.
2026-10-05T23:13:10Z INFO [277/500] 3d73486b-579f-4efd-a9fe-0ae7ac1fdd5e: 4151 chunks; 7.3 s; peak memory 1178 MiB.
2026-10-05T23:13:11Z INFO [278/500] 3d738645-5c3d-4578-bf1e-e92bdb6a28f3: 51 chunks; 0.8 s; peak memory 1178 MiB.
2026-10-05T23:13:17Z INFO [279/500] 3d7462aa-dbed-4f89-85a0-b6c1d703295c: 9646 chunks; 6.3 s; peak memory 1178 MiB.
2026-10-05T23:13:19Z INFO [280/500] 3d74d0b9-1460-4586-9762-29a85c44f9f2: 66 chunks; 1.7 s; peak memory 1178 MiB.
2026-10-05T23:13:20Z INFO [281/500] 3d753673-9c78-4c42-9b5c-d98f73b2744f: 110 chunks; 1.4 s; peak memory 1178 MiB.
2026-10-05T23:13:21Z INFO [282/500] 3d76b513-eb4b-4dbc-979c-8def86af7558: 48 chunks; 1.1 s; peak memory 1178 MiB.
2026-10-05T23:13:22Z INFO [283/500] 3d76d8f1-2a79-48ef-a3a9-2129047121dd: 48 chunks; 1.0 s; peak memory 1178 MiB.
2026-10-05T23:13:23Z INFO [284/500] 3d76e250-562e-4390-9598-928ef5b0c5fd: 59 chunks; 0.9 s; peak memory 1178 MiB.
2026-10-05T23:13:25Z INFO [285/500] 3d770189-c116-43f0-ac13-d60b918a9382: 116 chunks; 1.4 s; peak memory 1178 MiB.
2026-10-05T23:13:25Z INFO [286/500] 3d770639-6791-4db6-87c2-2950a9b30bd8: 44 chunks; 0.8 s; peak memory 1178 MiB.
2026-10-05T23:13:27Z INFO [287/500] 3d7775d0-fd04-4d2a-9576-307d4dd43531: 117 chunks; 1.2 s; peak memory 1178 MiB.
2026-10-05T23:13:28Z INFO [288/500] 3d7aab5f-7ba1-4771-a079-4db4a7020cfe: 116 chunks; 1.2 s; peak memory 1178 MiB.
2026-10-05T23:13:29Z INFO [289/500] 3d7b8e43-ee05-4be5-8e29-38a52216b2cd: 60 chunks; 0.9 s; peak memory 1178 MiB.
2026-10-05T23:13:30Z INFO [290/500] 3d7bdfb4-acba-4cf6-aecc-90293685e658: 65 chunks; 1.1 s; peak memory 1178 MiB.
2026-10-05T23:13:32Z INFO [291/500] 3d7c4f35-c33f-4ce2-98a4-681592bdb41e: 60 chunks; 1.8 s; peak memory 1178 MiB.
2026-10-05T23:13:36Z INFO [292/500] 3d7dabaf-a30d-42d5-83cb-bf6143bcc91d: 538 chunks; 4.7 s; peak memory 1178 MiB.
2026-10-05T23:13:39Z INFO [293/500] 3d7dd5f1-ed42-4fb3-948d-b12b69ae2bfb: 119 chunks; 2.5 s; peak memory 1178 MiB.
2026-10-05T23:13:40Z INFO [294/500] 3d7e30e5-ed1c-444f-90ff-34602f7097b9: 48 chunks; 1.1 s; peak memory 1178 MiB.
2026-10-05T23:13:53Z INFO [295/500] 3d7e43c6-3f43-405f-8905-0aaae4c097b4: 16158 chunks; 13.2 s; peak memory 1178 MiB.
2026-10-05T23:13:58Z INFO [296/500] 3d7e8ffd-7dac-417d-8641-a47651bc5ace: 174 chunks; 5.1 s; peak memory 1178 MiB.
2026-10-05T23:14:00Z INFO [297/500] 3d7eaaef-bc0a-499b-ba00-450613b79e87: 66 chunks; 1.5 s; peak memory 1178 MiB.
2026-10-05T23:14:01Z INFO [298/500] 3d804247-d048-4751-b0b6-61604895fac5: 158 chunks; 1.6 s; peak memory 1178 MiB.
2026-10-05T23:14:09Z INFO [299/500] 3d807751-7056-464b-918c-207b09ca58ea: 1005 chunks; 8.1 s; peak memory 1178 MiB.
2026-10-05T23:14:11Z INFO [300/500] 3d80b520-5f6b-4b90-ac1a-3e54a43a6825: 167 chunks; 1.9 s; peak memory 1178 MiB.
2026-10-05T23:14:12Z INFO [300/500] 3d80b520-5f6b-4b90-ac1a-3e54a43a6825: checkpointed 76634 records.
2026-10-05T23:14:16Z INFO [301/500] 3d80c4d3-d136-4a61-a8f1-93a485484bc6: 2556 chunks; 4.6 s; peak memory 1178 MiB.
2026-10-05T23:14:17Z INFO [302/500] 3d82da97-0a26-488a-9cf7-5630ba4909bd: 118 chunks; 1.3 s; peak memory 1178 MiB.
2026-10-05T23:18:18Z INFO [303/500] 3d842962-6de1-43e1-8ff6-01f266a1030a: 74994 chunks; 241.1 s; peak memory 1178 MiB.
2026-10-05T23:18:20Z INFO [304/500] 3d84be50-eae5-4d46-bab0-fd6f767aaeed: 52 chunks; 1.1 s; peak memory 1178 MiB.
2026-10-05T23:18:21Z INFO [305/500] 3d84c6b0-47b3-4796-a109-0213537dbe1b: 117 chunks; 1.3 s; peak memory 1178 MiB.
2026-10-05T23:19:42Z INFO [306/500] 3d859d6a-1f5f-4354-a4f6-f7e85502026f: 32825 chunks; 81.3 s; peak memory 1178 MiB.
2026-10-05T23:19:43Z INFO [307/500] 3d860371-7331-4080-a5e0-d6ce068207cc: 48 chunks; 1.2 s; peak memory 1178 MiB.
2026-10-05T23:19:45Z INFO [308/500] 3d862389-7656-40d5-b715-acd253db0ca5: 48 chunks; 1.3 s; peak memory 1178 MiB.
2026-10-05T23:22:07Z INFO [309/500] 3d87af76-2e90-4ce0-8d3e-bdc70cec5b11: 46322 chunks; 142.8 s; peak memory 1178 MiB.
2026-10-05T23:22:09Z INFO [310/500] 3d88a110-a94e-4af2-a6bc-ded427b16ccd: 48 chunks; 1.2 s; peak memory 1178 MiB.
2026-10-05T23:22:10Z INFO [311/500] 3d88f7eb-d1d8-41f5-b6dd-179429c50975: 48 chunks; 1.1 s; peak memory 1178 MiB.
2026-10-05T23:22:11Z INFO [312/500] 3d891e19-6ab5-4e89-afff-7b7e6b03eeab: 117 chunks; 1.3 s; peak memory 1178 MiB.
2026-10-05T23:22:12Z INFO [313/500] 3d8955b2-c545-4ac9-86fb-352887e2b2be: 112 chunks; 1.5 s; peak memory 1178 MiB.
2026-10-05T23:22:19Z INFO [314/500] 3d8986a8-dae8-4044-9094-516e91c0109b: 238 chunks; 6.3 s; peak memory 1178 MiB.
2026-10-05T23:22:20Z INFO [315/500] 3d89a924-4ac2-46a8-b372-e1cb3851e423: 46 chunks; 0.9 s; peak memory 1178 MiB.
2026-10-05T23:22:22Z INFO [316/500] 3d8aebe2-60b3-4de5-b459-83471c37b9ad: 144 chunks; 2.0 s; peak memory 1178 MiB.
2026-10-05T23:22:23Z INFO [317/500] 3d8b6ba7-6a97-48ba-9cb2-fafd0b07806f: 69 chunks; 1.2 s; peak memory 1178 MiB.
2026-10-05T23:22:24Z INFO [318/500] 3d8bbdf9-08da-4a62-be78-63f5452c364b: 46 chunks; 0.8 s; peak memory 1178 MiB.
2026-10-05T23:22:25Z INFO [319/500] 3d8bd148-5598-4858-b374-a63e0a759291: 117 chunks; 1.3 s; peak memory 1178 MiB.
2026-10-05T23:22:26Z INFO [320/500] 3d8c09c2-701c-4473-acf4-17b463ecfa62: 48 chunks; 1.1 s; peak memory 1178 MiB.
2026-10-05T23:22:31Z INFO [321/500] 3d8c91a5-703c-4d84-88c5-cb08a0f1838c: 208 chunks; 5.0 s; peak memory 1178 MiB.
2026-10-05T23:22:33Z INFO [322/500] 3d8d07b8-81c2-4f59-9884-29138339cc01: 115 chunks; 2.5 s; peak memory 1178 MiB.
2026-10-05T23:22:35Z INFO [323/500] 3d8d1d87-620d-4647-b3d5-920ad2d510e0: 52 chunks; 1.2 s; peak memory 1178 MiB.
2026-10-05T23:22:36Z INFO [324/500] 3d8d3bc3-e096-46aa-8ed1-21fd87c05e62: 47 chunks; 1.2 s; peak memory 1178 MiB.
2026-10-05T23:22:37Z INFO [325/500] 3d8dd4f4-ff3a-4f09-859c-5d0fcecc70f7: 46 chunks; 0.7 s; peak memory 1178 MiB.
2026-10-05T23:22:38Z INFO [326/500] 3d8e1b22-8764-448c-bc28-22d27c9434f0: 53 chunks; 0.9 s; peak memory 1178 MiB.
2026-10-05T23:22:39Z INFO [327/500] 3d8e1d31-06de-451e-8183-14e46993e474: 110 chunks; 1.3 s; peak memory 1178 MiB.
2026-10-05T23:22:40Z INFO [328/500] 3d8f9bd2-33f7-4149-a428-1957e2475d02: 48 chunks; 1.0 s; peak memory 1178 MiB.
2026-10-05T23:22:41Z INFO [329/500] 3d901c8a-df6a-4fd5-b6ed-8921bcce9e6d: 69 chunks; 1.3 s; peak memory 1178 MiB.
2026-10-05T23:22:43Z INFO [330/500] 3d903aee-9332-4293-95e0-e2c320673574: 121 chunks; 2.2 s; peak memory 1178 MiB.
2026-10-05T23:22:45Z INFO [331/500] 3d90d29a-0b5d-4f37-999f-67142b210c28: 118 chunks; 1.4 s; peak memory 1178 MiB.
2026-10-05T23:22:47Z INFO [332/500] 3d90df6f-48f8-44ef-a5e3-5117195e1af2: 168 chunks; 2.2 s; peak memory 1178 MiB.
2026-10-05T23:22:48Z INFO [333/500] 3d90f07c-da88-4244-a9db-a1a777358ead: 117 chunks; 1.3 s; peak memory 1178 MiB.
2026-10-05T23:22:49Z INFO [334/500] 3d91d61f-a26d-4313-949d-b9e578f60f4d: 48 chunks; 1.0 s; peak memory 1178 MiB.
2026-10-05T23:22:50Z INFO [335/500] 3d92cd39-6b01-471b-9aae-3db6e6dea804: 48 chunks; 1.1 s; peak memory 1178 MiB.
2026-10-05T23:22:52Z INFO [336/500] 3d93ec0c-40c1-44e2-b8c1-cfbcb432e78f: 117 chunks; 1.3 s; peak memory 1178 MiB.
2026-10-05T23:22:52Z INFO [337/500] 3d959b3b-f148-482c-9abb-68f7ea4b6299: 41 chunks; 0.6 s; peak memory 1178 MiB.
2026-10-05T23:22:54Z INFO [338/500] 3d96051f-f309-47fa-a603-bc067f4f41b2: 66 chunks; 1.3 s; peak memory 1178 MiB.
2026-10-05T23:22:54Z INFO [339/500] 3d96332c-257f-48ab-9221-a3a408db5509: 41 chunks; 0.9 s; peak memory 1178 MiB.
2026-10-05T23:22:56Z INFO [340/500] 3d96380b-2216-4c12-b045-b3fb3c9a4b32: 118 chunks; 1.2 s; peak memory 1178 MiB.
2026-10-05T23:22:57Z INFO [341/500] 3d96c021-046f-4088-94c7-51eed04b0d87: 48 chunks; 1.0 s; peak memory 1178 MiB.
2026-10-05T23:23:24Z INFO [342/500] 3d97c766-3db7-498a-aa67-79f486f4d41a: 7972 chunks; 27.1 s; peak memory 1178 MiB.
2026-10-05T23:23:25Z INFO [343/500] 3d987811-4b23-41af-a996-d8e1556560f6: 69 chunks; 0.9 s; peak memory 1178 MiB.
2026-10-05T23:23:26Z INFO [344/500] 3d989dcb-f5e1-4cf5-8b8f-51eb90175a1d: 66 chunks; 1.6 s; peak memory 1178 MiB.
2026-10-05T23:23:28Z INFO [345/500] 3d99e9f3-aaf8-404e-aab3-8a3eb016a5c4: 117 chunks; 1.4 s; peak memory 1178 MiB.
2026-10-05T23:23:29Z INFO [346/500] 3d9b0a83-d4e9-46aa-aad9-24234a8dcfa0: 48 chunks; 1.1 s; peak memory 1178 MiB.
2026-10-05T23:23:30Z INFO [347/500] 3d9b5699-bc2d-4615-a3d5-5de0e8a64e69: 57 chunks; 0.9 s; peak memory 1178 MiB.
2026-10-05T23:23:35Z INFO [348/500] 3d9b9c88-ee05-44fd-948b-f49750aaa667: 208 chunks; 5.1 s; peak memory 1178 MiB.
2026-10-05T23:23:36Z INFO [349/500] 3d9c41c2-b1a6-4c97-a1ec-0bc9539743e3: 46 chunks; 0.8 s; peak memory 1178 MiB.
2026-10-05T23:23:47Z INFO [350/500] 3d9d6b87-3426-428c-9f84-9b5a87478815: 4700 chunks; 11.5 s; peak memory 1178 MiB.
2026-10-05T23:23:47Z INFO [350/500] 3d9d6b87-3426-428c-9f84-9b5a87478815: checkpointed 76684 records.
2026-10-05T23:23:49Z INFO [351/500] 3d9e047d-0fce-4674-8532-96402e42c46f: 62 chunks; 1.6 s; peak memory 1178 MiB.
2026-10-05T23:23:50Z INFO [352/500] 3d9e11fd-afe6-4ec6-a1df-2a83ccdb595c: 117 chunks; 1.3 s; peak memory 1178 MiB.
2026-10-05T23:24:17Z INFO [353/500] 3d9eba63-75fd-47fd-ad94-250801ac4cab: 3715 chunks; 26.6 s; peak memory 1178 MiB.
2026-10-05T23:24:18Z INFO [354/500] 3d9ec76e-c5fe-4a13-9c2a-768891cc3bf9: 52 chunks; 1.3 s; peak memory 1178 MiB.
2026-10-05T23:24:20Z INFO [355/500] 3d9fb82c-bea6-4d13-8816-23c8358b77df: 112 chunks; 1.5 s; peak memory 1178 MiB.
2026-10-05T23:24:39Z INFO [356/500] 3d9fd4bc-c5ca-4653-b7d5-af63e389dad5: 40244 chunks; 19.4 s; peak memory 1178 MiB.
2026-10-05T23:24:40Z INFO [357/500] 3da13f5a-2e20-437a-9e6e-add89868813d: 112 chunks; 1.0 s; peak memory 1178 MiB.
2026-10-05T23:24:41Z INFO [358/500] 3da1d728-7c3d-4222-9237-17fc68f47ebe: 51 chunks; 1.3 s; peak memory 1178 MiB.
2026-10-05T23:24:43Z INFO [359/500] 3da227c0-7170-4cd0-ac0b-3e936fb4c7a4: 48 chunks; 1.2 s; peak memory 1178 MiB.
2026-10-05T23:24:44Z INFO [360/500] 3da24acf-55f5-4af4-9619-ccf64b2e85f3: 97 chunks; 1.0 s; peak memory 1178 MiB.
2026-10-05T23:24:45Z INFO [361/500] 3da26930-a7c7-46b5-95cb-78dd1fc26187: 66 chunks; 1.5 s; peak memory 1178 MiB.
2026-10-05T23:25:08Z INFO [362/500] 3da32bca-020a-44d6-b59d-cda08f4ee96c: 11358 chunks; 23.1 s; peak memory 1178 MiB.
2026-10-05T23:25:10Z INFO [363/500] 3da38ce2-51b6-4ee1-b9f8-389b8f18449a: 136 chunks; 2.0 s; peak memory 1178 MiB.
2026-10-05T23:25:11Z INFO [364/500] 3da452ea-e87f-4a25-ba1d-527fc0882950: 46 chunks; 1.1 s; peak memory 1178 MiB.
2026-10-05T23:25:22Z INFO [365/500] 3da4e9cc-48c0-4fae-8ee3-572edd9c928e: 25350 chunks; 10.7 s; peak memory 1178 MiB.
2026-10-05T23:25:23Z INFO [366/500] 3da53cec-6011-4d2f-9e73-3e61a3f3e4d1: 117 chunks; 1.1 s; peak memory 1178 MiB.
2026-10-05T23:25:24Z INFO [367/500] 3da5955e-8346-4a18-a985-4bfb8a0110b4: 117 chunks; 1.1 s; peak memory 1178 MiB.
2026-10-05T23:25:26Z INFO [368/500] 3da6f2ac-ea83-4852-929d-f8c3ba2443d9: 116 chunks; 1.2 s; peak memory 1178 MiB.
2026-10-05T23:25:27Z INFO [369/500] 3da70996-7234-470e-8388-3b596e5112fb: 117 chunks; 1.1 s; peak memory 1178 MiB.
2026-10-05T23:25:28Z INFO [370/500] 3da729ca-01ea-4808-8661-d37623afab6f: 132 chunks; 1.3 s; peak memory 1178 MiB.
2026-10-05T23:25:29Z INFO [371/500] 3da738ce-8f2a-4f27-8413-ed810f02ae81: 52 chunks; 1.2 s; peak memory 1178 MiB.
2026-10-05T23:25:30Z INFO [372/500] 3da74127-918b-442b-9166-c571e949d79e: 48 chunks; 1.0 s; peak memory 1178 MiB.
2026-10-05T23:25:31Z INFO [373/500] 3da8bb06-2f4a-4dc2-b42e-b61bdf2c733d: 48 chunks; 1.1 s; peak memory 1178 MiB.
2026-10-05T23:25:35Z INFO [374/500] 3daa9b5e-3ec2-4ca8-8329-4fc850186693: 3477 chunks; 3.7 s; peak memory 1178 MiB.
2026-10-05T23:25:36Z INFO [375/500] 3daabe22-37f6-4109-95d4-d6888512354d: 51 chunks; 1.5 s; peak memory 1178 MiB.
2026-10-05T23:25:37Z INFO [376/500] 3daadcae-6a13-477c-bffb-46b600951ab4: 48 chunks; 1.0 s; peak memory 1178 MiB.
2026-10-05T23:25:39Z INFO [377/500] 3dab236c-b5f9-4097-b89e-cd494f48426b: 66 chunks; 1.6 s; peak memory 1178 MiB.
2026-10-05T23:25:50Z INFO [378/500] 3dad3f2f-5808-4cf4-9057-5bd1705fd05d: 7655 chunks; 11.1 s; peak memory 1178 MiB.
2026-10-05T23:25:51Z INFO [379/500] 3dadb32f-291e-466a-be60-51fff645de63: 48 chunks; 1.0 s; peak memory 1178 MiB.
2026-10-05T23:25:52Z INFO [380/500] 3dadc8f8-71ef-4487-b76d-8383583da034: 118 chunks; 1.3 s; peak memory 1178 MiB.
2026-10-05T23:25:53Z INFO [381/500] 3dae4164-9e04-4343-9816-0d4a88f46132: 48 chunks; 1.0 s; peak memory 1178 MiB.
2026-10-05T23:25:54Z INFO [382/500] 3daea243-d13f-4a0f-91a9-0fe66fe53662: 48 chunks; 1.1 s; peak memory 1178 MiB.
2026-10-05T23:25:55Z INFO [383/500] 3daf69d0-db50-4b8d-8767-21cf4987a920: 48 chunks; 1.0 s; peak memory 1178 MiB.
2026-10-05T23:25:58Z INFO [384/500] 3dafb48e-8996-4546-b3d7-013a874a044d: 210 chunks; 3.0 s; peak memory 1178 MiB.
2026-10-05T23:25:59Z INFO [385/500] 3dafde6b-e846-483e-8638-df3dd6d8024a: 48 chunks; 1.1 s; peak memory 1178 MiB.
2026-10-05T23:26:01Z INFO [386/500] 3dafe5f4-704d-441b-90f5-8e1e3df03d5c: 48 chunks; 1.2 s; peak memory 1178 MiB.
2026-10-05T23:26:02Z INFO [387/500] 3db0c6f0-a6d6-405b-98d4-add750609a63: 48 chunks; 1.0 s; peak memory 1178 MiB.
2026-10-05T23:26:03Z INFO [388/500] 3db105c6-05b2-4302-966b-dade5b431d6f: 116 chunks; 1.2 s; peak memory 1178 MiB.
2026-10-05T23:26:19Z INFO [389/500] 3db10eac-efe0-4475-abff-e61655590218: 8232 chunks; 16.6 s; peak memory 1178 MiB.
2026-10-05T23:26:20Z INFO [390/500] 3db13df8-46ae-4beb-9903-898433782a51: 45 chunks; 0.9 s; peak memory 1178 MiB.
2026-10-05T23:26:21Z INFO [391/500] 3db1451f-ee1a-4b1c-ab3a-3f6a79a79f9f: 112 chunks; 1.1 s; peak memory 1178 MiB.
2026-10-05T23:26:23Z INFO [392/500] 3db1c451-f5c3-4502-a12b-6896b2a3e05c: 118 chunks; 1.3 s; peak memory 1178 MiB.
2026-10-05T23:26:25Z INFO [393/500] 3db1ecfd-ef96-4d05-bf9e-4a87c3cb29f2: 71 chunks; 1.8 s; peak memory 1178 MiB.
2026-10-05T23:26:26Z INFO [394/500] 3db2220e-95bf-473b-b80e-d66b2a8e57f7: 117 chunks; 1.0 s; peak memory 1178 MiB.
2026-10-05T23:26:27Z INFO [395/500] 3db23708-671b-40d9-bd42-f0bb92cb2c4b: 276 chunks; 1.7 s; peak memory 1178 MiB.
2026-10-05T23:26:28Z INFO [396/500] 3db25db0-aed6-42c4-a2f7-c554a646c958: 48 chunks; 1.1 s; peak memory 1178 MiB.
2026-10-05T23:26:30Z INFO [397/500] 3db3394e-7aaf-4c1c-8ee4-84c83145e250: 112 chunks; 1.7 s; peak memory 1178 MiB.
2026-10-05T23:26:31Z INFO [398/500] 3db38561-156c-4c84-9f96-03f62d685e69: 117 chunks; 1.2 s; peak memory 1178 MiB.
2026-10-05T23:27:06Z INFO [399/500] 3db608bf-ed78-45b4-8bae-a29a4c993f4a: 16419 chunks; 34.2 s; peak memory 1178 MiB.
2026-10-05T23:27:07Z INFO [400/500] 3db62732-94d5-4c74-b219-b4d73485f56c: 62 chunks; 1.6 s; peak memory 1178 MiB.
2026-10-05T23:27:07Z INFO [400/500] 3db62732-94d5-4c74-b219-b4d73485f56c: checkpointed 76734 records.
2026-10-05T23:27:09Z INFO [401/500] 3db68b7a-6ae4-4389-afdc-0e411c8f4c1d: 66 chunks; 1.3 s; peak memory 1178 MiB.
2026-10-05T23:27:10Z INFO [402/500] 3db71d43-1110-4641-bf6e-bda38a69099f: 117 chunks; 1.2 s; peak memory 1178 MiB.
2026-10-05T23:27:12Z INFO [403/500] 3db72de9-2504-43c7-aa16-93f36ae8704c: 71 chunks; 1.9 s; peak memory 1178 MiB.
2026-10-05T23:27:17Z INFO [404/500] 3db7afb2-54bc-454f-bf0c-bc05872bc9dd: 772 chunks; 4.9 s; peak memory 1178 MiB.
2026-10-05T23:27:18Z INFO [405/500] 3db84200-756f-4729-ac33-a93484acba4b: 66 chunks; 1.8 s; peak memory 1178 MiB.
2026-10-05T23:27:20Z INFO [406/500] 3db89c7a-7084-41fa-b098-8def679c627b: 110 chunks; 1.6 s; peak memory 1178 MiB.
2026-10-05T23:27:44Z INFO [407/500] 3db8ad01-386b-4d99-9614-c449ad2aa650: 77561 chunks; 23.8 s; peak memory 1178 MiB.
2026-10-05T23:27:45Z INFO [408/500] 3db8ea70-f4b1-4d97-8617-2b90070c1d14: 59 chunks; 1.4 s; peak memory 1178 MiB.
2026-10-05T23:27:46Z INFO [409/500] 3db98532-32d4-412b-8bf5-5be01c896872: 118 chunks; 1.1 s; peak memory 1178 MiB.
2026-10-05T23:27:48Z INFO [410/500] 3db9f663-9180-4e93-9c21-a1b343fedc9b: 79 chunks; 1.1 s; peak memory 1178 MiB.
2026-10-05T23:27:49Z INFO [411/500] 3dba252b-bcbc-4d0b-b0bd-750cb9689d17: 48 chunks; 1.0 s; peak memory 1178 MiB.
2026-10-05T23:27:49Z INFO [412/500] 3dba4f96-51de-4ff7-b884-588702d77473: 37 chunks; 0.7 s; peak memory 1178 MiB.
2026-10-05T23:27:51Z INFO [413/500] 3dbaa1aa-748b-434b-ae22-fa5bb3dce330: 112 chunks; 1.7 s; peak memory 1178 MiB.
2026-10-05T23:27:54Z INFO [414/500] 3dbc6369-b269-4c73-94fa-64ae34864abb: 156 chunks; 3.3 s; peak memory 1178 MiB.
2026-10-05T23:27:57Z INFO [415/500] 3dbcfffb-3492-40fa-a422-fe3206af076b: 152 chunks; 2.8 s; peak memory 1178 MiB.
2026-10-05T23:27:59Z INFO [416/500] 3dbd1649-3c8d-4a35-bc2f-5b8b41969bcf: 117 chunks; 1.5 s; peak memory 1178 MiB.
2026-10-05T23:28:00Z INFO [417/500] 3dbd74b8-9c1d-4804-b548-bd4ce5bdf200: 49 chunks; 1.6 s; peak memory 1178 MiB.
2026-10-05T23:28:01Z INFO [418/500] 3dbe7c4d-cc5c-496d-a959-6e7200c3aa8f: 118 chunks; 1.2 s; peak memory 1178 MiB.
2026-10-05T23:28:02Z INFO [419/500] 3dbf1d3d-9917-4d28-a139-c9b4dbe25f8e: 48 chunks; 1.0 s; peak memory 1178 MiB.
2026-10-05T23:28:07Z INFO [420/500] 3dbf7a9b-8094-4d13-8000-6aa9a69b7437: 640 chunks; 4.6 s; peak memory 1178 MiB.
2026-10-05T23:28:08Z INFO [421/500] 3dbf807b-7260-449c-b8a8-878226a76a71: 50 chunks; 0.8 s; peak memory 1178 MiB.
2026-10-05T23:28:09Z INFO [422/500] 3dbfd83c-c8cf-4730-a551-c45a0e38f880: 68 chunks; 1.3 s; peak memory 1178 MiB.
2026-10-05T23:28:10Z INFO [423/500] 3dc060fb-dddf-47c9-bb7b-baea996f4e95: 59 chunks; 1.2 s; peak memory 1178 MiB.
2026-10-05T23:28:11Z INFO [424/500] 3dc16a26-de6d-49df-ab0e-519175c4a81e: 48 chunks; 1.0 s; peak memory 1178 MiB.
2026-10-05T23:28:13Z INFO [425/500] 3dc1fe0a-a378-409b-aba6-95897f0a4997: 65 chunks; 1.2 s; peak memory 1178 MiB.
2026-10-05T23:28:33Z INFO [426/500] 3dc21d6e-e087-4b18-93ea-7f061d4db593: 6134 chunks; 20.0 s; peak memory 1178 MiB.
2026-10-05T23:28:34Z INFO [427/500] 3dc22ff0-65d2-4088-a4cb-8651112f4580: 83 chunks; 0.9 s; peak memory 1178 MiB.
2026-10-05T23:28:35Z INFO [428/500] 3dc29fc7-aafd-458b-8ffb-c81fcf8827fc: 112 chunks; 1.4 s; peak memory 1178 MiB.
2026-10-05T23:28:36Z INFO [429/500] 3dc2dacc-52bc-4eb7-b74f-392837c7036c: 49 chunks; 1.4 s; peak memory 1178 MiB.
2026-10-05T23:28:48Z INFO [430/500] 3dc344f1-6ddb-431b-b947-7990ab613fe0: 3294 chunks; 11.6 s; peak memory 1178 MiB.
2026-10-05T23:29:06Z INFO [431/500] 3dc354af-6b83-4b4a-b91e-dae50e00dca0: 23540 chunks; 18.1 s; peak memory 1178 MiB.
2026-10-05T23:29:07Z INFO [432/500] 3dc44ec7-4dd4-4c11-a841-45096fb19d3f: 112 chunks; 1.2 s; peak memory 1178 MiB.
2026-10-05T23:29:09Z INFO [433/500] 3dc4929b-026e-46cd-9bdc-e8ed186ad1ea: 119 chunks; 2.1 s; peak memory 1178 MiB.
2026-10-05T23:29:11Z INFO [434/500] 3dc589af-d5f0-4eb2-89f7-3a2b5a5a623d: 112 chunks; 1.3 s; peak memory 1178 MiB.
2026-10-05T23:29:12Z INFO [435/500] 3dc5addf-e0e4-456b-8305-9992b4b197ef: 112 chunks; 1.6 s; peak memory 1178 MiB.
2026-10-05T23:29:14Z INFO [436/500] 3dc5d2df-1bc0-4ef7-98fa-6dfc034ca186: 71 chunks; 2.0 s; peak memory 1178 MiB.
2026-10-05T23:29:15Z INFO [437/500] 3dc63f0b-cbfe-4b67-82f5-26e9d9152c6f: 48 chunks; 1.0 s; peak memory 1178 MiB.
2026-10-05T23:29:16Z INFO [438/500] 3dc6ad9c-4e9b-4037-bb86-cd6a821891aa: 48 chunks; 1.1 s; peak memory 1178 MiB.
2026-10-05T23:29:18Z INFO [439/500] 3dc817e0-9b86-45f6-858d-0c66db586686: 118 chunks; 1.3 s; peak memory 1178 MiB.
2026-10-05T23:29:20Z INFO [440/500] 3dc842fc-0241-4dc1-9d6a-7c63ee005fbb: 156 chunks; 2.7 s; peak memory 1178 MiB.
2026-10-05T23:29:21Z INFO [441/500] 3dc861f0-0784-46b8-9906-f3b4cd55bf84: 48 chunks; 1.2 s; peak memory 1178 MiB.
2026-10-05T23:29:23Z INFO [442/500] 3dc8b760-50a9-4357-9408-0fa70cff7dbb: 141 chunks; 1.3 s; peak memory 1178 MiB.
2026-10-05T23:29:24Z INFO [443/500] 3dc90878-f8a6-4b72-b3ad-f8202616af0c: 110 chunks; 1.7 s; peak memory 1178 MiB.
2026-10-05T23:29:29Z INFO [444/500] 3dc90e5f-b810-43b5-8ba2-765d5401332a: 462 chunks; 4.6 s; peak memory 1178 MiB.
2026-10-05T23:29:30Z INFO [445/500] 3dc92fdf-21f4-4930-a086-06cd8abe3862: 52 chunks; 1.1 s; peak memory 1178 MiB.
2026-10-05T23:29:31Z INFO [446/500] 3dc95275-8af3-4310-8ef0-9e4ab7fde44b: 41 chunks; 1.0 s; peak memory 1178 MiB.
2026-10-05T23:29:32Z INFO [447/500] 3dc99ea0-3176-4179-8b05-0e5336d4b9cd: 118 chunks; 1.1 s; peak memory 1178 MiB.
2026-10-05T23:29:35Z INFO [448/500] 3dca6386-794b-49cb-b96d-35dc068d66a6: 90 chunks; 3.3 s; peak memory 1178 MiB.
2026-10-05T23:29:37Z INFO [449/500] 3dcb5386-21f6-4383-ac5a-5b4391e0d0fc: 117 chunks; 1.1 s; peak memory 1178 MiB.
2026-10-05T23:29:38Z INFO [450/500] 3dcba052-7ed7-4d34-8f99-0f15103ef28b: 71 chunks; 1.8 s; peak memory 1178 MiB.
2026-10-05T23:29:39Z INFO [450/500] 3dcba052-7ed7-4d34-8f99-0f15103ef28b: checkpointed 76784 records.
2026-10-05T23:29:40Z INFO [451/500] 3dcbe673-e558-416e-808e-f4cf36dce2ab: 118 chunks; 1.5 s; peak memory 1178 MiB.
2026-10-05T23:29:41Z INFO [452/500] 3dcd078a-98a6-4457-8ec8-88c04b848e99: 118 chunks; 1.2 s; peak memory 1178 MiB.
2026-10-05T23:29:42Z INFO [453/500] 3dcdbac3-bc62-42a6-b1ce-5ec08a4e74df: 79 chunks; 1.1 s; peak memory 1178 MiB.
2026-10-05T23:29:45Z INFO [454/500] 3dce9d07-b250-454f-b8cd-85ee5cb46f8b: 1535 chunks; 2.9 s; peak memory 1178 MiB.
2026-10-05T23:29:47Z INFO [455/500] 3dcf6506-b0dd-4433-be65-e832498bafe0: 66 chunks; 1.2 s; peak memory 1178 MiB.
2026-10-05T23:29:47Z INFO [456/500] 3dcf703f-0a5d-4dcc-ad69-1be03d0fb425: 63 chunks; 0.9 s; peak memory 1178 MiB.
2026-10-05T23:29:50Z INFO [457/500] 3dcf9a48-9248-4e8c-b21e-894c44d7946b: 41 chunks; 2.3 s; peak memory 1178 MiB.
2026-10-05T23:29:52Z INFO [458/500] 3dcfa5d3-b6cc-4049-b317-9d7771939b9c: 997 chunks; 2.0 s; peak memory 1178 MiB.
2026-10-05T23:30:15Z INFO [459/500] 3dd020b1-0e39-444a-813e-e075d6c498ee: 6576 chunks; 23.5 s; peak memory 1178 MiB.
2026-10-05T23:30:23Z INFO [460/500] 3dd0c9ef-660b-45f3-a5ca-91c1d05cb32c: 9752 chunks; 7.5 s; peak memory 1178 MiB.
2026-10-05T23:30:24Z INFO [461/500] 3dd0dd4a-fce6-4f48-a8d7-6680857db164: 106 chunks; 1.1 s; peak memory 1178 MiB.
2026-10-05T23:30:25Z INFO [462/500] 3dd127d6-0b77-4154-a183-bb4b8f0aff15: 112 chunks; 1.5 s; peak memory 1178 MiB.
2026-10-05T23:30:27Z INFO [463/500] 3dd1b993-563b-4e12-b5fd-4c3d0565511b: 66 chunks; 1.5 s; peak memory 1178 MiB.
2026-10-05T23:32:38Z INFO [464/500] 3dd20f7e-7277-4529-b339-53ac66cea64f: 37756 chunks; 131.4 s; peak memory 1178 MiB.
2026-10-05T23:32:40Z INFO [465/500] 3dd236a8-11f3-427f-b216-b2da86d6fd4d: 69 chunks; 1.9 s; peak memory 1178 MiB.
2026-10-05T23:32:42Z INFO [466/500] 3dd236cc-e806-4bbf-935c-2feffbcb21e6: 118 chunks; 1.4 s; peak memory 1178 MiB.
2026-10-05T23:32:44Z INFO [467/500] 3dd3c46e-75e7-4c84-ac90-81429c1a0d9d: 66 chunks; 1.9 s; peak memory 1178 MiB.
2026-10-05T23:32:45Z INFO [468/500] 3dd43b89-db20-4c0a-b1fb-8724e9d0601e: 48 chunks; 1.1 s; peak memory 1178 MiB.
2026-10-05T23:32:46Z INFO [469/500] 3dd475e1-f8d5-497d-8fe3-d569be0cf7d7: 48 chunks; 1.2 s; peak memory 1178 MiB.
2026-10-05T23:32:47Z INFO [470/500] 3dd505a9-006a-4c9b-aaa7-8694a88967cd: 46 chunks; 0.7 s; peak memory 1178 MiB.
2026-10-05T23:32:48Z INFO [471/500] 3dd50f21-2e95-41ea-b7d6-dc961ab3983f: 59 chunks; 1.4 s; peak memory 1178 MiB.
2026-10-05T23:33:00Z INFO [472/500] 3dd58fa6-0326-4372-8e8b-c07b8eeb7c22: 11011 chunks; 11.7 s; peak memory 1178 MiB.
2026-10-05T23:33:01Z INFO [473/500] 3dd66d6b-3978-42b1-bc26-24341238adb5: 116 chunks; 1.1 s; peak memory 1178 MiB.
2026-10-05T23:33:07Z INFO [474/500] 3dd783ff-e18d-41f0-bbf5-b3bfd5edaf02: 9275 chunks; 6.3 s; peak memory 1178 MiB.
2026-10-05T23:33:18Z INFO [475/500] 3dd7c947-eb09-4ded-9073-a59ef5d908c6: 5843 chunks; 10.6 s; peak memory 1178 MiB.
2026-10-05T23:33:19Z INFO [476/500] 3dd816fd-9209-42b3-88d9-e9802ef72ff3: 48 chunks; 0.9 s; peak memory 1178 MiB.
2026-10-05T23:33:21Z INFO [477/500] 3dd86643-8ee3-4d19-889e-c258102e0b10: 102 chunks; 2.3 s; peak memory 1178 MiB.
2026-10-05T23:33:22Z INFO [478/500] 3dd8a2a0-067d-40b5-becc-cbfbb0ef1119: 69 chunks; 0.9 s; peak memory 1178 MiB.
2026-10-05T23:33:23Z INFO [479/500] 3dd95987-4e55-409e-925f-ec495c18e231: 53 chunks; 1.3 s; peak memory 1178 MiB.
2026-10-05T23:33:24Z INFO [480/500] 3dd9a2e6-0334-4f0d-a7da-72aecbfaf488: 117 chunks; 1.2 s; peak memory 1178 MiB.
2026-10-05T23:33:26Z INFO [481/500] 3ddb1ded-65b6-48a3-bad5-54370a985928: 66 chunks; 1.4 s; peak memory 1178 MiB.
2026-10-05T23:33:27Z INFO [482/500] 3ddb471d-f71c-4c52-806a-7ef456a6b44c: 48 chunks; 1.0 s; peak memory 1178 MiB.
2026-10-05T23:33:30Z INFO [483/500] 3ddbb40d-284e-4e6f-a650-e4593326771c: 1303 chunks; 2.7 s; peak memory 1178 MiB.
2026-10-05T23:33:35Z INFO [484/500] 3ddbbd06-3057-40b1-9ded-9d3ecbba636c: 250 chunks; 5.9 s; peak memory 1178 MiB.
2026-10-05T23:33:37Z INFO [485/500] 3ddc0b96-6bc9-43d0-9aef-bfa070221cb4: 110 chunks; 1.6 s; peak memory 1178 MiB.
2026-10-05T23:33:43Z INFO [486/500] 3ddc3c61-4c26-4135-8de0-9695a0df023f: 8158 chunks; 5.6 s; peak memory 1178 MiB.
2026-10-05T23:33:44Z INFO [487/500] 3ddc6153-446a-4c68-88f7-a5142d4e2e73: 116 chunks; 1.2 s; peak memory 1178 MiB.
2026-10-05T23:35:53Z INFO [488/500] 3ddc7902-054c-4f6d-8303-3373de21d124: 38260 chunks; 128.9 s; peak memory 1178 MiB.
2026-10-05T23:36:14Z INFO [489/500] 3ddd1522-9d72-40dc-a8c9-258ece6f6dec: 5611 chunks; 20.9 s; peak memory 1178 MiB.
2026-10-05T23:36:15Z INFO [490/500] 3dddcbb6-99c7-4286-be15-74321af3d21d: 65 chunks; 1.3 s; peak memory 1178 MiB.
2026-10-05T23:36:18Z INFO [491/500] 3dddd8eb-0a07-4958-bf7d-a32ab98e18aa: 823 chunks; 3.6 s; peak memory 1178 MiB.
2026-10-05T23:36:20Z INFO [492/500] 3dde4702-a0f5-4a5e-a908-d5ed52baed34: 41 chunks; 1.1 s; peak memory 1178 MiB.
2026-10-05T23:36:48Z INFO [493/500] 3dde7bb2-9215-403d-a8ca-9104888072ae: 16419 chunks; 28.8 s; peak memory 1178 MiB.
2026-10-05T23:36:49Z INFO [494/500] 3ddedfc8-2999-4ab5-8944-382e94680f32: 106 chunks; 1.1 s; peak memory 1178 MiB.
2026-10-05T23:36:51Z INFO [495/500] 3ddfc33a-ab72-4ddb-8701-ccfd35ef742c: 71 chunks; 1.7 s; peak memory 1178 MiB.
2026-10-05T23:36:52Z INFO [496/500] 3ddfd359-589d-49a8-9a4f-31145e1cc1a3: 117 chunks; 1.2 s; peak memory 1178 MiB.
2026-10-05T23:36:54Z INFO [497/500] 3de19d0e-1d9c-4d34-8b3e-42d18d210d23: 69 chunks; 1.6 s; peak memory 1178 MiB.
2026-10-05T23:39:26Z INFO [498/500] 3de356e8-ed14-4a82-8623-565985f11bc2: 49205 chunks; 152.0 s; peak memory 1178 MiB.
2026-10-05T23:39:27Z INFO [499/500] 3de49fcb-2fba-4ae7-9870-c13cceeb1394: 46 chunks; 0.8 s; peak memory 1178 MiB.
2026-10-05T23:41:48Z INFO [500/500] 3de60c22-77dc-45dd-98a1-fb266effa0e2: 42787 chunks; 141.1 s; peak memory 1178 MiB.
2026-10-05T23:41:48Z INFO [500/500] 3de60c22-77dc-45dd-98a1-fb266effa0e2: checkpointed 76834 records.
2026-10-05T23:41:48Z INFO Wrote 76834 records to /tmp/derivatives/valid_nwb_file_to_chunk_stats.jsonl (500 new, 0 failed) in 70.4 min (peak memory 1178 MiB).
