2026-10-07T07:47:01Z INFO Logging to /tmp/logs/update_2026-10-07T07-47-01Z.log.
2026-10-07T07:47:01Z INFO Update valid-nwb-file-to-chunk-stats (base directory /tmp).
2026-10-07T07:47:01Z INFO Processing 500 items (85334 already recorded).
2026-10-07T07:47:03Z INFO [1/500] 4f6b4045-d71d-4335-874b-b560c13e1a38: 121 chunks; 1.6 s; peak memory 178 MiB.
2026-10-07T07:47:05Z INFO [2/500] 4f6c9ff8-fa71-4b69-9402-3d634c99d10f: 71 chunks; 2.3 s; peak memory 181 MiB.
2026-10-07T08:05:40Z INFO [3/500] 4f6d185a-c253-4e7b-941c-2bfdeef41516: 278738 chunks; 1115.0 s; peak memory 1154 MiB.
2026-10-07T08:13:24Z INFO [4/500] 4f6d7438-f01e-47cb-b560-6d6a7a24ca72: 1916257 chunks; 463.6 s; peak memory 1404 MiB.
2026-10-07T08:13:25Z INFO [5/500] 4f6f8499-a3ab-4fc1-86fe-f457eb9cadb9: 117 chunks; 1.5 s; peak memory 1404 MiB.
2026-10-07T08:13:26Z INFO [6/500] 4f701bcc-11af-4a65-8dc9-654c1e0d4e34: 48 chunks; 1.3 s; peak memory 1404 MiB.
2026-10-07T08:13:36Z INFO [7/500] 4f70876c-3992-4723-a188-6bad8a1ba358: 299 chunks; 9.5 s; peak memory 1404 MiB.
2026-10-07T08:13:38Z INFO [8/500] 4f709fe8-8b45-4ef6-aa5b-50f050d2f236: 117 chunks; 1.8 s; peak memory 1404 MiB.
2026-10-07T08:13:39Z INFO [9/500] 4f717382-afe5-41de-af0f-a49dff59b017: 48 chunks; 1.3 s; peak memory 1404 MiB.
2026-10-07T08:13:41Z INFO [10/500] 4f7198a3-9ffd-4174-b8e7-a9ed0001c8e8: 112 chunks; 2.1 s; peak memory 1404 MiB.
2026-10-07T08:13:44Z INFO [11/500] 4f729548-0b7e-43dc-8a4b-7d66f5041a84: 71 chunks; 2.7 s; peak memory 1404 MiB.
2026-10-07T08:13:46Z INFO [12/500] 4f7385c5-b603-4d28-b5dd-d6f9ec347645: 112 chunks; 1.8 s; peak memory 1404 MiB.
2026-10-07T08:13:51Z INFO [13/500] 4f73ae92-cdc7-4267-8130-f77cd131ad9e: 292 chunks; 5.4 s; peak memory 1404 MiB.
2026-10-07T08:13:53Z INFO [14/500] 4f73b21f-cc48-4100-bcf1-1a4bf3fa94b9: 66 chunks; 2.3 s; peak memory 1404 MiB.
2026-10-07T08:13:55Z INFO [15/500] 4f73c152-7439-4ccf-9ebd-326653b67531: 303 chunks; 1.9 s; peak memory 1404 MiB.
2026-10-07T08:13:57Z INFO [16/500] 4f73cb7b-d03a-4ebc-b297-46ba3877f193: 71 chunks; 1.8 s; peak memory 1404 MiB.
2026-10-07T08:14:01Z INFO [17/500] 4f73fd83-82d5-4879-9c24-39d86a01404e: 2384 chunks; 4.1 s; peak memory 1404 MiB.
2026-10-07T08:14:02Z INFO [18/500] 4f7406a8-17a1-4406-9327-b23ee0634182: 45 chunks; 1.1 s; peak memory 1404 MiB.
2026-10-07T08:14:41Z INFO [19/500] 4f7473e2-479e-4ed7-bbfb-6149c6211b62: 8692 chunks; 38.7 s; peak memory 1404 MiB.
2026-10-07T08:14:44Z INFO [20/500] 4f750fb0-1065-47a7-894a-2710489cb9d9: 85 chunks; 3.3 s; peak memory 1404 MiB.
2026-10-07T08:14:45Z INFO [21/500] 4f758511-9aea-4b51-b91a-de356ef0bbb9: 46 chunks; 1.3 s; peak memory 1404 MiB.
2026-10-07T08:14:47Z INFO [22/500] 4f76379a-c5b5-4769-97c0-7b33c2fb961c: 112 chunks; 1.5 s; peak memory 1404 MiB.
2026-10-07T08:14:48Z INFO [23/500] 4f7665e0-ba09-41d5-ba82-4996787380d7: 117 chunks; 1.5 s; peak memory 1404 MiB.
2026-10-07T08:14:50Z INFO [24/500] 4f778f13-b64e-4fd0-9427-e1fdcdc3f398: 116 chunks; 1.6 s; peak memory 1404 MiB.
2026-10-07T08:14:52Z INFO [25/500] 4f77a906-4421-4aa9-a777-ae319540dbc6: 116 chunks; 1.5 s; peak memory 1404 MiB.
2026-10-07T08:14:54Z INFO [26/500] 4f77f598-fab1-4bf1-8851-a4a5e9c6b238: 71 chunks; 2.0 s; peak memory 1404 MiB.
2026-10-07T08:14:56Z INFO [27/500] 4f77faae-7f09-41ba-a9a6-993789e21247: 71 chunks; 2.7 s; peak memory 1404 MiB.
2026-10-07T08:14:58Z INFO [28/500] 4f7839c0-f970-446f-9b01-ec608d7080ae: 48 chunks; 1.4 s; peak memory 1404 MiB.
2026-10-07T08:14:59Z INFO [29/500] 4f784bd7-a494-4915-b318-0b56d04d2026: 69 chunks; 1.8 s; peak memory 1404 MiB.
2026-10-07T08:15:02Z INFO [30/500] 4f7876ee-3c53-4aa2-94cd-207454f964f5: 124 chunks; 2.2 s; peak memory 1404 MiB.
2026-10-07T08:15:03Z INFO [31/500] 4f7936ac-8bd5-4197-b04c-baeaf73aaef4: 78 chunks; 1.5 s; peak memory 1404 MiB.
2026-10-07T08:15:05Z INFO [32/500] 4f7af6c3-99d5-4af9-88aa-f77f3a90460b: 74 chunks; 1.9 s; peak memory 1404 MiB.
2026-10-07T08:15:06Z INFO [33/500] 4f7afae1-d2b7-41bb-8d9d-4e659db48445: 48 chunks; 1.3 s; peak memory 1404 MiB.
2026-10-07T08:15:08Z INFO [34/500] 4f7b1da0-2ba6-48fb-b4c5-999cb5c03347: 110 chunks; 1.8 s; peak memory 1404 MiB.
2026-10-07T08:15:09Z INFO [35/500] 4f7b3ec7-0a7f-449c-9740-78063d2e24c5: 52 chunks; 1.3 s; peak memory 1404 MiB.
2026-10-07T08:15:11Z INFO [36/500] 4f7b5203-921b-446b-a10d-6d0d2b83061d: 74 chunks; 1.5 s; peak memory 1404 MiB.
2026-10-07T08:15:12Z INFO [37/500] 4f7b8605-b4f3-43ae-a57d-fdfa268aafeb: 74 chunks; 1.5 s; peak memory 1404 MiB.
2026-10-07T08:15:14Z INFO [38/500] 4f7bd14f-92ce-47b5-89b4-cfcf7f2013dc: 112 chunks; 2.0 s; peak memory 1404 MiB.
2026-10-07T08:15:16Z INFO [39/500] 4f7c1c96-1ec0-4ef7-82c7-e6d043f9f712: 112 chunks; 1.9 s; peak memory 1404 MiB.
2026-10-07T08:15:36Z INFO [40/500] 4f7ceb62-3d2b-4fcf-b354-228eea1353f0: 8241 chunks; 20.0 s; peak memory 1404 MiB.
2026-10-07T08:15:38Z INFO [41/500] 4f7e69c4-f72d-48ee-b3e1-5a34af0bd4f0: 48 chunks; 1.3 s; peak memory 1404 MiB.
2026-10-07T08:15:39Z INFO [42/500] 4f7ecc40-75c1-4233-940f-91cb9526fc7c: 46 chunks; 1.3 s; peak memory 1404 MiB.
2026-10-07T08:15:47Z INFO [43/500] 4f801e1b-347e-4ccc-baca-f84f6dacf6a7: 10951 chunks; 8.2 s; peak memory 1404 MiB.
2026-10-07T08:15:49Z INFO [44/500] 4f8084a1-0cee-49d3-a2ff-df6dc715fe2b: 117 chunks; 1.4 s; peak memory 1404 MiB.
2026-10-07T08:15:50Z INFO [45/500] 4f80b7bd-3987-47d4-9e57-73f3e400fd42: 57 chunks; 1.1 s; peak memory 1404 MiB.
2026-10-07T08:15:51Z INFO [46/500] 4f81a8a7-ff7f-41db-bb9a-0490559aac31: 48 chunks; 1.2 s; peak memory 1404 MiB.
2026-10-07T08:15:53Z INFO [47/500] 4f81bc41-0cda-424e-9e2e-900b3d801325: 66 chunks; 2.3 s; peak memory 1404 MiB.
2026-10-07T08:15:54Z INFO [48/500] 4f823acf-541a-432e-baa4-b7ea7c47ccc8: 45 chunks; 1.0 s; peak memory 1404 MiB.
2026-10-07T08:15:56Z INFO [49/500] 4f827985-4e37-4417-9a5a-99c8082e08ab: 121 chunks; 1.6 s; peak memory 1404 MiB.
2026-10-07T08:15:57Z INFO [50/500] 4f8301c3-fccc-4a07-8825-5a1679887dbf: 45 chunks; 1.1 s; peak memory 1404 MiB.
2026-10-07T08:15:57Z INFO [50/500] 4f8301c3-fccc-4a07-8825-5a1679887dbf: checkpointed 85384 records.
2026-10-07T08:15:58Z INFO [51/500] 4f831b63-cedd-4885-a15e-3752b18434c9: 46 chunks; 1.0 s; peak memory 1404 MiB.
2026-10-07T08:16:00Z INFO [52/500] 4f83693e-1599-4c3f-9159-31b3c0eb5d11: 112 chunks; 1.7 s; peak memory 1404 MiB.
2026-10-07T08:16:07Z INFO [53/500] 4f83b54d-43db-4a53-8acd-837513c74c75: 1253 chunks; 7.2 s; peak memory 1404 MiB.
2026-10-07T08:16:08Z INFO [54/500] 4f84f99e-993c-48bf-b32a-850cc075cd13: 48 chunks; 1.3 s; peak memory 1404 MiB.
2026-10-07T08:16:10Z INFO [55/500] 4f8509c9-1a26-4671-9ff4-d22b0bc75f64: 110 chunks; 1.6 s; peak memory 1404 MiB.
2026-10-07T08:16:17Z INFO [56/500] 4f856e36-b2f3-480b-893f-9e3866334487: 9782 chunks; 6.7 s; peak memory 1404 MiB.
2026-10-07T08:16:37Z INFO [57/500] 4f856f66-a845-4634-83c7-d314f985a934: 10051 chunks; 20.1 s; peak memory 1404 MiB.
2026-10-07T08:16:38Z INFO [58/500] 4f858d9f-b0ce-47cc-b54f-582987bd29ea: 35 chunks; 1.1 s; peak memory 1404 MiB.
2026-10-07T08:17:05Z INFO [59/500] 4f85cde4-c1df-4f27-b768-5285ca5dd5f7: 5712 chunks; 27.3 s; peak memory 1404 MiB.
2026-10-07T08:17:07Z INFO [60/500] 4f85fda2-b3c0-418c-a388-ed923b45418d: 117 chunks; 1.7 s; peak memory 1404 MiB.
2026-10-07T08:17:11Z INFO [61/500] 4f867301-77ca-4d53-a058-6d086751d814: 410 chunks; 3.7 s; peak memory 1404 MiB.
2026-10-07T08:17:12Z INFO [62/500] 4f868e3e-dd13-4f42-b06b-2f04ed225145: 118 chunks; 1.5 s; peak memory 1404 MiB.
2026-10-07T08:17:23Z INFO [63/500] 4f86ea33-0351-440f-9318-1962671fe8f0: 21326 chunks; 10.5 s; peak memory 1404 MiB.
2026-10-07T08:17:24Z INFO [64/500] 4f86ffb1-2822-4651-bf86-dad8f3c7cea6: 117 chunks; 1.6 s; peak memory 1404 MiB.
2026-10-07T08:17:35Z INFO [65/500] 4f87f1d6-fb7d-4bb7-bff8-9facb3ba46eb: 23202 chunks; 11.1 s; peak memory 1404 MiB.
2026-10-07T08:17:40Z INFO [66/500] 4f88d80d-af75-45be-8e04-7f7c1fcaa592: 184 chunks; 4.8 s; peak memory 1404 MiB.
2026-10-07T08:17:41Z INFO [67/500] 4f88fd52-9a6a-4a88-ae5e-4e42af62a6c6: 48 chunks; 1.4 s; peak memory 1404 MiB.
2026-10-07T08:17:48Z INFO [68/500] 4f898279-7adc-4f39-817d-0ccbbfac3569: 174 chunks; 6.9 s; peak memory 1404 MiB.
2026-10-07T08:17:49Z INFO [69/500] 4f89f1b0-4a8d-49fb-a3af-7a5ca2ee822c: 46 chunks; 1.2 s; peak memory 1404 MiB.
2026-10-07T08:17:51Z INFO [70/500] 4f89f277-4d31-495b-a803-dc1894dad20b: 69 chunks; 1.7 s; peak memory 1404 MiB.
2026-10-07T08:17:52Z INFO [71/500] 4f8af685-2029-4a4c-9338-f22603486145: 117 chunks; 1.3 s; peak memory 1404 MiB.
2026-10-07T08:17:54Z INFO [72/500] 4f8b8f6b-80f4-484c-9d9b-2bb2fd987824: 79 chunks; 1.5 s; peak memory 1404 MiB.
2026-10-07T08:17:55Z INFO [73/500] 4f8ba2db-231b-42a7-b56a-54cbf45e7eec: 43 chunks; 1.2 s; peak memory 1404 MiB.
2026-10-07T08:17:57Z INFO [74/500] 4f8bdb54-5bac-416a-bf55-49c1db07befb: 117 chunks; 1.7 s; peak memory 1404 MiB.
2026-10-07T08:17:58Z INFO [75/500] 4f8d15c6-8cdb-43ae-98a7-829721a68222: 97 chunks; 1.7 s; peak memory 1404 MiB.
2026-10-07T08:18:06Z INFO [76/500] 4f8d1f19-7387-49e7-82b5-23de61b3783a: 654 chunks; 7.8 s; peak memory 1404 MiB.
2026-10-07T08:18:15Z INFO [77/500] 4f8eb4c4-07e3-43f6-89ff-a5cb7fa6fa34: 10912 chunks; 8.4 s; peak memory 1404 MiB.
2026-10-07T08:18:16Z INFO [78/500] 4f8ec017-11f9-48cf-a523-f328557db6d9: 118 chunks; 1.6 s; peak memory 1404 MiB.
2026-10-07T08:18:18Z INFO [79/500] 4f8f2e0a-39f2-4c03-b7fc-16d656ca75f0: 117 chunks; 1.6 s; peak memory 1404 MiB.
2026-10-07T08:18:20Z INFO [80/500] 4f8f59fa-6c4f-483f-b5a1-9b820b1894b3: 112 chunks; 1.8 s; peak memory 1404 MiB.
2026-10-07T08:18:21Z INFO [81/500] 4f8f5df6-dd2e-4449-9de7-dff6880504cd: 112 chunks; 1.7 s; peak memory 1404 MiB.
2026-10-07T08:18:23Z INFO [82/500] 4f8fbc83-5ebf-49ab-b9e2-4dddc98493ec: 290 chunks; 1.6 s; peak memory 1404 MiB.
2026-10-07T08:18:26Z INFO [83/500] 4f900b7e-02f8-4b09-b41c-3fbc705709b2: 1061 chunks; 3.1 s; peak memory 1404 MiB.
2026-10-07T08:18:27Z INFO [84/500] 4f902566-521f-4fc3-ba81-aca505d168c3: 48 chunks; 1.3 s; peak memory 1404 MiB.
2026-10-07T08:18:35Z INFO [85/500] 4f90469d-ea32-4357-a75a-b67ac1407a89: 10505 chunks; 7.9 s; peak memory 1404 MiB.
2026-10-07T08:18:37Z INFO [86/500] 4f909960-aa81-4c90-923c-50e7e0a28bfc: 48 chunks; 1.3 s; peak memory 1404 MiB.
2026-10-07T08:18:38Z INFO [87/500] 4f90a286-ae1a-40e3-b8a8-7edba46341d1: 46 chunks; 1.1 s; peak memory 1404 MiB.
2026-10-07T08:18:42Z INFO [88/500] 4f90e0b3-8fa4-4fb4-8b4c-483d6d4defa8: 156 chunks; 4.1 s; peak memory 1404 MiB.
2026-10-07T08:18:43Z INFO [89/500] 4f9248c5-0be5-4d1d-b455-b25ad31dff89: 46 chunks; 0.9 s; peak memory 1404 MiB.
2026-10-07T08:18:44Z INFO [90/500] 4f925a77-e2c4-4aa0-a19c-a065d225a170: 51 chunks; 1.0 s; peak memory 1404 MiB.
2026-10-07T08:18:45Z INFO [91/500] 4f92d0f5-a2c7-4da2-b739-9e5ec2c94615: 62 chunks; 1.8 s; peak memory 1404 MiB.
2026-10-07T08:18:47Z INFO [92/500] 4f9342fa-f80a-4581-96a7-5e365c0e50f4: 48 chunks; 1.2 s; peak memory 1404 MiB.
2026-10-07T08:18:48Z INFO [93/500] 4f93512a-0722-4a07-9824-2eb190ef3a49: 77 chunks; 1.3 s; peak memory 1404 MiB.
2026-10-07T08:18:50Z INFO [94/500] 4f945e1e-b2e0-4f6a-b1f2-187aac506995: 118 chunks; 1.6 s; peak memory 1404 MiB.
2026-10-07T08:18:51Z INFO [95/500] 4f9463e9-be94-4623-be7e-415af55b52b1: 118 chunks; 1.5 s; peak memory 1404 MiB.
2026-10-07T08:18:53Z INFO [96/500] 4f949766-6f85-41cf-96fe-60cc3505dd73: 52 chunks; 1.5 s; peak memory 1404 MiB.
2026-10-07T08:18:54Z INFO [97/500] 4f94cf9f-fb22-4906-836e-b909e650b65e: 41 chunks; 1.1 s; peak memory 1404 MiB.
2026-10-07T08:18:56Z INFO [98/500] 4f953aad-b7ac-4b8e-bb25-5197bb01d02b: 112 chunks; 2.0 s; peak memory 1404 MiB.
2026-10-07T08:18:57Z INFO [99/500] 4f957a4d-345c-4fca-9273-3de9038b0085: 116 chunks; 1.5 s; peak memory 1404 MiB.
2026-10-07T08:19:05Z INFO [100/500] 4f9610ad-83ed-4516-a2ee-96e30146d606: 16594 chunks; 7.3 s; peak memory 1404 MiB.
2026-10-07T08:19:05Z INFO [100/500] 4f9610ad-83ed-4516-a2ee-96e30146d606: checkpointed 85434 records.
2026-10-07T08:19:18Z INFO [101/500] 4f963793-7eb1-47ea-a1b2-98d1698e36bd: 16493 chunks; 12.9 s; peak memory 1404 MiB.
2026-10-07T08:19:27Z INFO [102/500] 4f96595c-9714-4b09-b2df-fc7e3288ea12: 294 chunks; 8.8 s; peak memory 1404 MiB.
2026-10-07T08:19:28Z INFO [103/500] 4f96a8a7-edc0-419b-9118-f012dc1ebe97: 48 chunks; 1.3 s; peak memory 1404 MiB.
2026-10-07T08:19:30Z INFO [104/500] 4f97199f-fbbe-42d6-ae4f-e74e3058fed8: 66 chunks; 2.2 s; peak memory 1404 MiB.
2026-10-07T08:19:32Z INFO [105/500] 4f972c01-0743-49a1-a35c-de633f89f8ae: 69 chunks; 2.1 s; peak memory 1404 MiB.
2026-10-07T08:19:34Z INFO [106/500] 4f973840-d4d4-4980-b686-1964814c4192: 117 chunks; 1.4 s; peak memory 1404 MiB.
2026-10-07T08:19:35Z INFO [107/500] 4f97f3b1-ed3b-4e6e-9ba3-d9b0024a039b: 48 chunks; 1.3 s; peak memory 1404 MiB.
2026-10-07T08:19:37Z INFO [108/500] 4f985ec9-ce06-4d48-a378-d193cd931d51: 117 chunks; 1.6 s; peak memory 1404 MiB.
2026-10-07T08:19:38Z INFO [109/500] 4f992467-3f22-43c8-bec9-18f04938e74d: 48 chunks; 1.3 s; peak memory 1404 MiB.
2026-10-07T08:22:08Z INFO [110/500] 4f9977aa-0f40-43e2-b724-c4cf56658f00: 37756 chunks; 149.9 s; peak memory 1404 MiB.
2026-10-07T08:22:09Z INFO [111/500] 4f999059-a179-4259-9a47-4b433a27a311: 48 chunks; 1.3 s; peak memory 1404 MiB.
2026-10-07T08:22:10Z INFO [112/500] 4f99a5ef-7cee-4c54-a6c5-e6339abfeaa1: 48 chunks; 1.4 s; peak memory 1404 MiB.
2026-10-07T08:22:12Z INFO [113/500] 4f99e604-3e61-4d87-8ff3-10817d17fcd9: 117 chunks; 1.5 s; peak memory 1404 MiB.
2026-10-07T08:22:14Z INFO [114/500] 4f99f22c-212c-4e12-9d08-3dd51136c42d: 76 chunks; 1.8 s; peak memory 1404 MiB.
2026-10-07T08:22:15Z INFO [115/500] 4f9a4db7-3bfe-4a98-a4f2-078a13799c3d: 118 chunks; 1.4 s; peak memory 1404 MiB.
2026-10-07T08:22:21Z INFO [116/500] 4f9af846-ae11-4878-9865-0cf8ff44f6e1: 260 chunks; 6.1 s; peak memory 1404 MiB.
2026-10-07T08:22:24Z INFO [117/500] 4f9b96e8-cfbd-4fa1-b7a8-c708d609b8b0: 71 chunks; 2.6 s; peak memory 1404 MiB.
2026-10-07T08:22:32Z INFO [118/500] 4f9beede-98cd-4462-b642-ee35e2276ad2: 10365 chunks; 7.9 s; peak memory 1404 MiB.
2026-10-07T08:22:34Z INFO [119/500] 4f9cb6e3-1238-424f-a7d5-38624b64ff4b: 70 chunks; 1.8 s; peak memory 1404 MiB.
2026-10-07T08:22:35Z INFO [120/500] 4f9cbc69-ac9b-456b-aaa6-ecb7954be2ce: 117 chunks; 1.6 s; peak memory 1404 MiB.
2026-10-07T08:22:36Z INFO [121/500] 4f9cf028-038b-4b46-a340-1a36ae2d7adf: 48 chunks; 1.3 s; peak memory 1404 MiB.
2026-10-07T08:22:38Z INFO [122/500] 4f9f44aa-a833-42ae-802a-2f966daf683b: 72 chunks; 1.5 s; peak memory 1404 MiB.
2026-10-07T08:22:41Z INFO [123/500] 4fa16c0d-ed5e-4dab-a402-fa4aa2965fbf: 1061 chunks; 3.0 s; peak memory 1404 MiB.
2026-10-07T08:22:42Z INFO [124/500] 4fa21ec2-6b36-439e-b17a-11e27902463b: 48 chunks; 1.4 s; peak memory 1404 MiB.
2026-10-07T08:22:44Z INFO [125/500] 4fa231c8-6d24-4f1c-967a-b453d5c89444: 118 chunks; 1.5 s; peak memory 1404 MiB.
2026-10-07T08:22:45Z INFO [126/500] 4fa33aa8-99f6-498f-aa2c-5746d8ef32e6: 84 chunks; 1.6 s; peak memory 1404 MiB.
2026-10-07T08:22:47Z INFO [127/500] 4fa35585-c34c-45e3-98f5-39ecc05006b1: 116 chunks; 1.6 s; peak memory 1404 MiB.
2026-10-07T08:22:49Z INFO [128/500] 4fa40fa6-434f-4526-8c4d-0f945b159d63: 112 chunks; 2.0 s; peak memory 1404 MiB.
2026-10-07T08:22:57Z INFO [129/500] 4fa427dd-9ce0-4f43-a7c8-d421ad96f6c2: 425 chunks; 7.7 s; peak memory 1404 MiB.
2026-10-07T08:23:14Z INFO [130/500] 4fa435f0-d4ba-42b5-a93c-be178625b072: 4709 chunks; 17.8 s; peak memory 1404 MiB.
2026-10-07T08:23:16Z INFO [131/500] 4fa482c0-9f5e-458b-98c0-deb65069a3ec: 48 chunks; 1.3 s; peak memory 1404 MiB.
2026-10-07T08:23:17Z INFO [132/500] 4fa54d21-2a36-4805-adf7-62f43bdd7597: 117 chunks; 1.5 s; peak memory 1404 MiB.
2026-10-07T08:23:18Z INFO [133/500] 4fa595ac-49bf-47b6-bca2-5d20ad8621fe: 44 chunks; 1.1 s; peak memory 1404 MiB.
2026-10-07T08:24:43Z INFO [134/500] 4fa5d2eb-95dd-478f-a3fa-bdb4c02d4d80: 18826 chunks; 84.4 s; peak memory 1404 MiB.
2026-10-07T08:24:44Z INFO [135/500] 4fa65c96-46b3-4897-873d-4d487990d509: 117 chunks; 1.6 s; peak memory 1404 MiB.
2026-10-07T08:24:46Z INFO [136/500] 4fa68fe0-5996-4b21-9d14-66fbcdf5c996: 112 chunks; 1.8 s; peak memory 1404 MiB.
2026-10-07T08:24:48Z INFO [137/500] 4fa7bbcc-30c7-4464-941a-ee19fff2165c: 117 chunks; 1.6 s; peak memory 1404 MiB.
2026-10-07T08:24:49Z INFO [138/500] 4faaa15d-4531-451d-ae88-73c6dfcebeb4: 117 chunks; 1.4 s; peak memory 1404 MiB.
2026-10-07T08:24:51Z INFO [139/500] 4fab9566-4ac9-41ad-8a80-af2cfef7cdc0: 112 chunks; 1.6 s; peak memory 1404 MiB.
2026-10-07T08:24:52Z INFO [140/500] 4fac168e-a2b3-480b-8b44-bea8899b6391: 69 chunks; 1.4 s; peak memory 1404 MiB.
2026-10-07T08:24:54Z INFO [141/500] 4fac9754-96fc-4951-a6ca-6c114dfeda50: 66 chunks; 2.1 s; peak memory 1404 MiB.
2026-10-07T08:27:31Z INFO [142/500] 4facf7f0-4d5f-43cb-adb1-7435d46373cb: 41037 chunks; 156.3 s; peak memory 1404 MiB.
2026-10-07T08:27:32Z INFO [143/500] 4faefb67-35c0-4aec-806a-076b790f67b1: 48 chunks; 1.2 s; peak memory 1404 MiB.
2026-10-07T08:27:34Z INFO [144/500] 4fb029f5-0568-464c-9063-ecbf103730e7: 110 chunks; 1.8 s; peak memory 1404 MiB.
2026-10-07T08:27:47Z INFO [145/500] 4fb06ab9-0076-46cc-b220-8e32dac24969: 11493 chunks; 13.1 s; peak memory 1404 MiB.
2026-10-07T08:27:48Z INFO [146/500] 4fb0d43f-621d-4860-8e4e-ccbf7faf2e5e: 48 chunks; 1.3 s; peak memory 1404 MiB.
2026-10-07T08:27:49Z INFO [147/500] 4fb0dca2-03e6-4f3f-a1a0-de9412171026: 46 chunks; 1.4 s; peak memory 1404 MiB.
2026-10-07T08:27:51Z INFO [148/500] 4fb11b07-fd5a-4a6c-be71-b4a93326e693: 204 chunks; 1.9 s; peak memory 1404 MiB.
2026-10-07T08:27:53Z INFO [149/500] 4fb39014-6279-474d-bbf0-45b68989d082: 118 chunks; 1.6 s; peak memory 1404 MiB.
2026-10-07T08:28:07Z INFO [150/500] 4fb3a54e-cd4f-4e8f-ab22-4649988ae499: 12544 chunks; 14.1 s; peak memory 1404 MiB.
2026-10-07T08:28:07Z INFO [150/500] 4fb3a54e-cd4f-4e8f-ab22-4649988ae499: checkpointed 85484 records.
2026-10-07T08:28:09Z INFO [151/500] 4fb3dcdd-7eae-495e-8d27-1ba162d11463: 112 chunks; 1.9 s; peak memory 1404 MiB.
2026-10-07T08:28:11Z INFO [152/500] 4fb43026-cf72-4571-a693-48c11911c9ab: 112 chunks; 1.8 s; peak memory 1404 MiB.
2026-10-07T08:28:21Z INFO [153/500] 4fb45abb-a6a1-42e0-9917-f36c67cf8929: 14311 chunks; 10.2 s; peak memory 1404 MiB.
2026-10-07T08:28:23Z INFO [154/500] 4fb5cc94-c4da-443f-bc3a-a6f09d6ba707: 62 chunks; 1.9 s; peak memory 1404 MiB.
2026-10-07T08:31:17Z INFO [155/500] 4fb60d53-bc0b-4626-a087-733fa9f101a5: 42537 chunks; 173.4 s; peak memory 1404 MiB.
2026-10-07T08:31:21Z INFO [156/500] 4fb633b2-1cc9-4161-b699-d98d2aa0150a: 2163 chunks; 4.6 s; peak memory 1404 MiB.
2026-10-07T08:31:23Z INFO [157/500] 4fb69600-35e5-44bd-84c9-dfa6bb9cbd7e: 110 chunks; 1.6 s; peak memory 1404 MiB.
2026-10-07T08:31:25Z INFO [158/500] 4fb71740-3ac2-460c-adf4-8a01080dfadc: 116 chunks; 2.0 s; peak memory 1404 MiB.
2026-10-07T08:31:31Z INFO [159/500] 4fb727fa-c6fb-4aef-9751-c6b1a7f8e672: 13009 chunks; 6.3 s; peak memory 1404 MiB.
2026-10-07T08:37:16Z INFO [160/500] 4fb7392f-d6c6-4d3c-94c7-c20bffbdd735: 114741 chunks; 345.1 s; peak memory 1404 MiB.
2026-10-07T08:37:39Z INFO [161/500] 4fb751ba-3363-49c6-a1d2-fe09172c3c1c: 4372 chunks; 23.2 s; peak memory 1404 MiB.
2026-10-07T08:37:41Z INFO [162/500] 4fb7d5e5-fcf9-465b-8d9a-f5d4dd3993f0: 166 chunks; 1.5 s; peak memory 1404 MiB.
2026-10-07T08:37:42Z INFO [163/500] 4fb7face-b9d0-4e3c-8776-4bb89dafcc08: 71 chunks; 1.6 s; peak memory 1404 MiB.
2026-10-07T08:37:44Z INFO [164/500] 4fb8191a-a2c3-4481-b053-b8051c800d1e: 275 chunks; 1.9 s; peak memory 1404 MiB.
2026-10-07T08:37:46Z INFO [165/500] 4fb9ee6b-32ea-4c14-bdf1-667b5e2fe1ad: 48 chunks; 1.3 s; peak memory 1404 MiB.
2026-10-07T08:37:47Z INFO [166/500] 4fbb35ac-b64e-410b-97d5-e0b7f6662d5c: 117 chunks; 1.3 s; peak memory 1404 MiB.
2026-10-07T08:38:03Z INFO [167/500] 4fbb81e1-39fd-4a0c-b905-918c3b10445b: 8229 chunks; 16.1 s; peak memory 1404 MiB.
2026-10-07T08:38:13Z INFO [168/500] 4fbbaa7b-d7b5-464b-b46e-1c945b45e797: 5760 chunks; 10.1 s; peak memory 1404 MiB.
2026-10-07T08:38:14Z INFO [169/500] 4fbbaca7-ec35-40b6-ab8f-770fe7da9898: 48 chunks; 1.2 s; peak memory 1404 MiB.
2026-10-07T08:38:16Z INFO [170/500] 4fbc3894-47c7-428b-8113-7f3e35cf8a98: 118 chunks; 1.5 s; peak memory 1404 MiB.
2026-10-07T08:38:17Z INFO [171/500] 4fbc5d76-5625-486e-a3ce-3f72677cc6c4: 117 chunks; 1.6 s; peak memory 1404 MiB.
2026-10-07T08:38:19Z INFO [172/500] 4fbc6fd4-910a-45ef-9849-fcf2c6dc514d: 48 chunks; 1.2 s; peak memory 1404 MiB.
2026-10-07T08:38:20Z INFO [173/500] 4fbcea81-b910-48b5-8826-d299bec283ce: 48 chunks; 1.3 s; peak memory 1404 MiB.
2026-10-07T08:38:21Z INFO [174/500] 4fbd0f24-f3ed-4942-85e5-e08644dcc5f1: 117 chunks; 1.4 s; peak memory 1404 MiB.
2026-10-07T08:38:23Z INFO [175/500] 4fbdf575-8110-4d2f-a12c-3dbf151fff5d: 49 chunks; 1.6 s; peak memory 1404 MiB.
2026-10-07T08:38:30Z INFO [176/500] 4fbe4300-a684-438e-b5a5-f820c1adc8d4: 15564 chunks; 7.0 s; peak memory 1404 MiB.
2026-10-07T08:38:32Z INFO [177/500] 4fbe6a61-9045-480a-9f6b-17fa22f9031e: 112 chunks; 2.3 s; peak memory 1404 MiB.
2026-10-07T08:38:39Z INFO [178/500] 4fbec369-c197-478f-9530-88b336bef7f2: 2087 chunks; 6.4 s; peak memory 1404 MiB.
2026-10-07T08:38:40Z INFO [179/500] 4fbee75f-e358-47e8-b7f6-39a22950d36d: 78 chunks; 2.0 s; peak memory 1404 MiB.
2026-10-07T08:39:42Z INFO [180/500] 4fc028f3-7864-4d06-af95-c6a80a6a88dd: 24940 chunks; 61.6 s; peak memory 1404 MiB.
2026-10-07T08:39:43Z INFO [181/500] 4fc09a16-7986-49b7-9bf8-0f931d42df3d: 46 chunks; 1.0 s; peak memory 1404 MiB.
2026-10-07T08:39:45Z INFO [182/500] 4fc1482c-ac5e-4b86-94db-8c848953af57: 112 chunks; 1.7 s; peak memory 1404 MiB.
2026-10-07T08:39:47Z INFO [183/500] 4fc1520d-bd5c-470d-90d4-99194303ee35: 142 chunks; 1.7 s; peak memory 1404 MiB.
2026-10-07T08:39:48Z INFO [184/500] 4fc20172-215d-4020-ad99-a1102d8b592d: 70 chunks; 1.7 s; peak memory 1404 MiB.
2026-10-07T08:39:50Z INFO [185/500] 4fc2a7ab-a0e0-49ee-b35e-b05f0a8b557b: 557 chunks; 1.5 s; peak memory 1404 MiB.
2026-10-07T08:39:52Z INFO [186/500] 4fc2e427-54db-4af6-b667-ff03276176d7: 69 chunks; 1.8 s; peak memory 1404 MiB.
2026-10-07T08:39:53Z INFO [187/500] 4fc30810-4769-4cb7-874e-c667c4b60feb: 79 chunks; 1.7 s; peak memory 1404 MiB.
2026-10-07T08:39:55Z INFO [188/500] 4fc3d78a-ddfb-47d0-9246-6d9e8a438ad9: 63 chunks; 1.3 s; peak memory 1404 MiB.
2026-10-07T08:39:56Z INFO [189/500] 4fc45719-f75c-4dfa-80c2-3ed8ebe524b8: 48 chunks; 1.3 s; peak memory 1404 MiB.
2026-10-07T08:39:58Z INFO [190/500] 4fc597be-6ab5-4608-870f-ca731b9f1d28: 62 chunks; 1.9 s; peak memory 1404 MiB.
2026-10-07T08:39:59Z INFO [191/500] 4fc5d4f2-8f18-4973-a513-3cf3490dcacd: 48 chunks; 1.3 s; peak memory 1404 MiB.
2026-10-07T08:40:09Z INFO [192/500] 4fc5dad3-8fe3-4a33-9c96-2eeee9688097: 2358 chunks; 9.8 s; peak memory 1404 MiB.
2026-10-07T08:40:10Z INFO [193/500] 4fc5f01c-f5a0-42bd-8943-a1bf47473c96: 191 chunks; 1.5 s; peak memory 1404 MiB.
2026-10-07T08:40:11Z INFO [194/500] 4fc666bd-5c3b-4f6c-a0f2-4e3f7eabc28f: 56 chunks; 1.0 s; peak memory 1404 MiB.
2026-10-07T08:40:13Z INFO [195/500] 4fc6949f-3dc8-4d9a-8abe-cc91a0f44fe5: 45 chunks; 1.5 s; peak memory 1404 MiB.
2026-10-07T08:40:17Z INFO [196/500] 4fc6c785-7a50-4346-b736-f97f385fbf82: 708 chunks; 3.8 s; peak memory 1404 MiB.
2026-10-07T08:40:18Z INFO [197/500] 4fc780dc-ba48-45f5-8cf9-07ccafecc8fe: 45 chunks; 1.0 s; peak memory 1404 MiB.
2026-10-07T08:40:18Z INFO [198/500] 4fc7f82a-3050-427f-aa32-9f8c35f18c30: 46 chunks; 1.0 s; peak memory 1404 MiB.
2026-10-07T08:40:20Z INFO [199/500] 4fc823f2-6152-4e5a-9459-bd4dd049b696: 118 chunks; 1.6 s; peak memory 1404 MiB.
2026-10-07T08:41:29Z INFO [200/500] 4fc917c6-2700-41c5-81d1-be3af1fb770d: 24948 chunks; 68.4 s; peak memory 1404 MiB.
2026-10-07T08:41:29Z INFO [200/500] 4fc917c6-2700-41c5-81d1-be3af1fb770d: checkpointed 85534 records.
2026-10-07T08:41:33Z INFO [201/500] 4fc92b61-0822-4e87-8ea2-5a79542aa9d9: 156 chunks; 3.9 s; peak memory 1404 MiB.
2026-10-07T08:41:35Z INFO [202/500] 4fc9831b-79e3-44d0-a63a-e3ef88da97c7: 66 chunks; 1.9 s; peak memory 1404 MiB.
2026-10-07T08:41:37Z INFO [203/500] 4fc99513-3790-46ac-90e6-5bf33ed0b572: 66 chunks; 2.1 s; peak memory 1404 MiB.
2026-10-07T08:41:40Z INFO [204/500] 4fc9b946-5e40-46a4-8449-8d27e90e0c78: 115 chunks; 2.8 s; peak memory 1404 MiB.
2026-10-07T08:41:43Z INFO [205/500] 4fca1e6b-152e-49cd-85de-2fb456cf95b4: 115 chunks; 3.0 s; peak memory 1404 MiB.
2026-10-07T08:41:44Z INFO [206/500] 4fcac843-cd0b-4619-bc8c-badf4d79480d: 48 chunks; 1.3 s; peak memory 1404 MiB.
2026-10-07T08:41:45Z INFO [207/500] 4fcb4f32-3e3d-42f8-94d9-96c02416de99: 52 chunks; 1.6 s; peak memory 1404 MiB.
2026-10-07T08:41:47Z INFO [208/500] 4fcb7668-8417-4a48-b13b-727982a44ba3: 48 chunks; 1.4 s; peak memory 1404 MiB.
2026-10-07T08:41:48Z INFO [209/500] 4fcbd1d5-8842-4b70-b195-7596778a6965: 48 chunks; 1.2 s; peak memory 1404 MiB.
2026-10-07T08:41:49Z INFO [210/500] 4fccd6f3-77a2-495f-b0ee-ca10b7f3c6ca: 62 chunks; 1.4 s; peak memory 1404 MiB.
2026-10-07T08:41:51Z INFO [211/500] 4fcd35c0-56d1-4401-8b33-b9230b750ddb: 112 chunks; 2.2 s; peak memory 1404 MiB.
2026-10-07T08:41:53Z INFO [212/500] 4fcd8062-1848-4624-a790-dc4f0d7c1bef: 117 chunks; 1.5 s; peak memory 1404 MiB.
2026-10-07T08:41:54Z INFO [213/500] 4fcd8cd3-dc2e-487e-bf84-b869b354ee96: 48 chunks; 1.3 s; peak memory 1404 MiB.
2026-10-07T08:41:57Z INFO [214/500] 4fceabb4-0cf9-4097-b865-8246ff779e12: 71 chunks; 2.3 s; peak memory 1404 MiB.
2026-10-07T08:42:11Z INFO [215/500] 4fcf2d80-56af-4c0f-83ad-6cc0ba495e74: 28342 chunks; 14.8 s; peak memory 1404 MiB.
2026-10-07T08:42:13Z INFO [216/500] 4fcf366f-acba-4f5f-b8ad-26a336454c99: 48 chunks; 1.3 s; peak memory 1404 MiB.
2026-10-07T08:42:16Z INFO [217/500] 4fcf834f-4ea1-4788-a84b-1594ab63aa6b: 1802 chunks; 3.7 s; peak memory 1404 MiB.
2026-10-07T08:42:17Z INFO [218/500] 4fd0dfe0-d238-46ec-b51e-96639bbc6254: 56 chunks; 1.1 s; peak memory 1404 MiB.
2026-10-07T08:42:19Z INFO [219/500] 4fd0fce9-4888-4208-9239-e8289c5ef54c: 110 chunks; 1.9 s; peak memory 1404 MiB.
2026-10-07T08:42:21Z INFO [220/500] 4fd182f4-5448-4496-a797-3d18c99c08aa: 48 chunks; 1.3 s; peak memory 1404 MiB.
2026-10-07T08:42:22Z INFO [221/500] 4fd1a10d-4f00-4acd-8385-a85f06b182fb: 48 chunks; 1.1 s; peak memory 1404 MiB.
2026-10-07T08:42:25Z INFO [222/500] 4fd1c47f-277d-497c-acf2-cb832a246ff2: 156 chunks; 3.6 s; peak memory 1404 MiB.
2026-10-07T08:42:32Z INFO [223/500] 4fd24617-3815-48d8-9425-86a6277d2651: 208 chunks; 6.7 s; peak memory 1404 MiB.
2026-10-07T08:42:35Z INFO [224/500] 4fd2881a-64b4-4761-a308-3dde08814c54: 126 chunks; 2.7 s; peak memory 1404 MiB.
2026-10-07T08:42:36Z INFO [225/500] 4fd339e4-51ef-430c-8447-a19ad78bb962: 289 chunks; 1.7 s; peak memory 1404 MiB.
2026-10-07T08:42:38Z INFO [226/500] 4fd3ef9a-0f99-456e-997d-927c2ae10125: 112 chunks; 1.9 s; peak memory 1404 MiB.
2026-10-07T08:42:40Z INFO [227/500] 4fd4e789-4e37-4a09-9af3-54056b272fb2: 112 chunks; 1.6 s; peak memory 1404 MiB.
2026-10-07T08:42:47Z INFO [228/500] 4fd56071-7eb4-4682-8e25-4eba30402960: 368 chunks; 7.3 s; peak memory 1404 MiB.
2026-10-07T08:42:49Z INFO [229/500] 4fd69b08-ab43-410d-b620-010da61971c4: 66 chunks; 1.8 s; peak memory 1404 MiB.
2026-10-07T08:42:52Z INFO [230/500] 4fd6b111-31f5-45ad-b3f5-6094536474a1: 116 chunks; 3.2 s; peak memory 1404 MiB.
2026-10-07T08:43:09Z INFO [231/500] 4fd7ed2f-2565-4630-a147-92227ad92793: 25963 chunks; 16.4 s; peak memory 1404 MiB.
2026-10-07T08:43:10Z INFO [232/500] 4fd80bae-7431-490f-bad5-63a65d1eb48f: 118 chunks; 1.6 s; peak memory 1404 MiB.
2026-10-07T08:43:11Z INFO [233/500] 4fd890db-3a81-483d-becf-bd8a7d46ca03: 56 chunks; 1.0 s; peak memory 1404 MiB.
2026-10-07T08:43:14Z INFO [234/500] 4fd951e0-609e-4217-bde0-a1c3deabe3c1: 71 chunks; 2.5 s; peak memory 1404 MiB.
2026-10-07T08:43:15Z INFO [235/500] 4fd9a635-94c4-441b-9c4d-cf0037d9b909: 42 chunks; 1.2 s; peak memory 1404 MiB.
2026-10-07T08:43:16Z INFO [236/500] 4fd9e085-0680-4503-9b20-90b4cff9aa00: 62 chunks; 1.3 s; peak memory 1404 MiB.
2026-10-07T08:43:18Z INFO [237/500] 4fd9ebe5-c3c0-4d1c-9410-ce90222ce37c: 66 chunks; 1.7 s; peak memory 1404 MiB.
2026-10-07T08:43:20Z INFO [238/500] 4fda31bb-cdc8-4297-ae95-5bd3dd00c833: 96 chunks; 1.9 s; peak memory 1404 MiB.
2026-10-07T08:43:23Z INFO [239/500] 4fda8725-dc6f-4c49-959d-663ab2b2a324: 379 chunks; 3.0 s; peak memory 1404 MiB.
2026-10-07T08:43:24Z INFO [240/500] 4fdac84d-12cf-456e-a4dc-0a0c311565a4: 48 chunks; 1.3 s; peak memory 1404 MiB.
2026-10-07T08:43:33Z INFO [241/500] 4fdae64a-8471-4631-bc5a-1ec37b58cfe0: 5986 chunks; 9.0 s; peak memory 1404 MiB.
2026-10-07T08:43:34Z INFO [242/500] 4fdb322f-6422-45dc-9d0c-d2860270c522: 48 chunks; 1.2 s; peak memory 1404 MiB.
2026-10-07T08:43:36Z INFO [243/500] 4fdbc9af-f618-41ae-bdaa-9e50876b4f05: 48 chunks; 1.3 s; peak memory 1404 MiB.
2026-10-07T08:43:37Z INFO [244/500] 4fdd39ef-fb78-48dc-8b03-282cf8906639: 48 chunks; 1.2 s; peak memory 1404 MiB.
2026-10-07T08:43:38Z INFO [245/500] 4fdda424-42b6-4359-b04c-9374a476c1b9: 119 chunks; 1.2 s; peak memory 1404 MiB.
2026-10-07T08:43:48Z INFO [246/500] 4fde0171-9f57-491a-a44f-450fb1659d37: 1814 chunks; 9.3 s; peak memory 1404 MiB.
2026-10-07T08:43:49Z INFO [247/500] 4fde884a-8bf7-453f-82b0-bb99c56573d1: 117 chunks; 1.5 s; peak memory 1404 MiB.
2026-10-07T08:43:50Z INFO [248/500] 4fdea899-c02c-4d4f-a43d-55b9e5b940ed: 48 chunks; 1.3 s; peak memory 1404 MiB.
2026-10-07T08:43:52Z INFO [249/500] 4fdfd841-d154-49a8-a535-55deb8273803: 48 chunks; 1.3 s; peak memory 1404 MiB.
2026-10-07T08:43:53Z INFO [250/500] 4fdffe42-8eb6-49d2-b98a-38da7b33ff24: 48 chunks; 1.3 s; peak memory 1404 MiB.
2026-10-07T08:43:53Z INFO [250/500] 4fdffe42-8eb6-49d2-b98a-38da7b33ff24: checkpointed 85584 records.
2026-10-07T08:43:56Z INFO [251/500] 4fe04c12-dd14-4389-ba5f-43c8a070e902: 80 chunks; 3.0 s; peak memory 1404 MiB.
2026-10-07T08:43:59Z INFO [252/500] 4fe075f2-8625-4af4-a9c7-4333423c81e9: 115 chunks; 2.9 s; peak memory 1404 MiB.
2026-10-07T08:44:01Z INFO [253/500] 4fe18360-9908-4b6d-bee1-7c7704520390: 71 chunks; 2.0 s; peak memory 1404 MiB.
2026-10-07T08:44:02Z INFO [254/500] 4fe1ab83-bbdf-4bb7-bb31-a406891dbdd4: 48 chunks; 1.2 s; peak memory 1404 MiB.
2026-10-07T08:44:09Z INFO [255/500] 4fe241cc-5df1-43bf-9129-1b1775f95bab: 7492 chunks; 7.0 s; peak memory 1404 MiB.
2026-10-07T08:44:10Z INFO [256/500] 4fe38cb4-db2d-4a9c-a104-1882cfd124df: 49 chunks; 1.1 s; peak memory 1404 MiB.
2026-10-07T08:44:12Z INFO [257/500] 4fe3b508-0ec7-4327-82cc-30e11865cd4a: 112 chunks; 1.7 s; peak memory 1404 MiB.
2026-10-07T08:44:13Z INFO [258/500] 4fe3ef01-6a61-49b2-92e8-993c9f94e03a: 117 chunks; 1.4 s; peak memory 1404 MiB.
2026-10-07T08:44:16Z INFO [259/500] 4fe644ed-276b-4a3b-ae5f-8476c025abb9: 119 chunks; 2.3 s; peak memory 1404 MiB.
2026-10-07T08:44:17Z INFO [260/500] 4fe66ec8-d645-4479-9a20-7df5216bbfb0: 48 chunks; 1.2 s; peak memory 1404 MiB.
2026-10-07T08:44:29Z INFO [261/500] 4fe6ece7-b353-4c8f-b2a6-8a07115523a5: 4700 chunks; 12.5 s; peak memory 1404 MiB.
2026-10-07T08:44:30Z INFO [262/500] 4fe723c1-f71c-4615-a6f5-b0061afc4d31: 46 chunks; 0.9 s; peak memory 1404 MiB.
2026-10-07T08:44:32Z INFO [263/500] 4fe7ad24-7091-4b55-ad3a-044f3c309f98: 92 chunks; 1.3 s; peak memory 1404 MiB.
2026-10-07T08:44:33Z INFO [264/500] 4fe7c278-23c5-4a67-8a54-8d33d492434d: 118 chunks; 1.4 s; peak memory 1404 MiB.
2026-10-07T08:44:34Z INFO [265/500] 4fe819b3-ac9e-4562-94a8-cfc95a1e03fa: 48 chunks; 1.2 s; peak memory 1404 MiB.
2026-10-07T08:44:36Z INFO [266/500] 4fe837d4-a26e-452f-a6e6-4089732b503f: 69 chunks; 1.8 s; peak memory 1404 MiB.
2026-10-07T08:44:42Z INFO [267/500] 4fe8c5df-ec33-4bb2-8880-515671095433: 8321 chunks; 6.0 s; peak memory 1404 MiB.
2026-10-07T08:44:43Z INFO [268/500] 4fe909c8-644a-42f0-ab3d-1acbb8f1416c: 46 chunks; 1.3 s; peak memory 1404 MiB.
2026-10-07T08:44:45Z INFO [269/500] 4fe95f09-f77a-4f6d-b3c0-5327ee7a9eaa: 48 chunks; 1.2 s; peak memory 1404 MiB.
2026-10-07T08:44:47Z INFO [270/500] 4fec1b96-fda4-403e-8de2-540553ac8235: 152 chunks; 2.6 s; peak memory 1404 MiB.
2026-10-07T08:44:52Z INFO [271/500] 4fed1832-208b-4612-8285-2209396882e1: 4187 chunks; 5.0 s; peak memory 1404 MiB.
2026-10-07T08:44:53Z INFO [272/500] 4fed7af7-bcdc-452a-a7c5-dbf8224d0014: 48 chunks; 1.2 s; peak memory 1404 MiB.
2026-10-07T08:44:55Z INFO [273/500] 4fedd5f3-2020-479a-af3c-f2a8e9889e44: 76 chunks; 1.7 s; peak memory 1404 MiB.
2026-10-07T08:44:57Z INFO [274/500] 4fede59c-ecce-44db-aa38-c0d21f49bb4e: 116 chunks; 1.5 s; peak memory 1404 MiB.
2026-10-07T08:44:58Z INFO [275/500] 4fedf29d-8833-448b-9c9e-2f3d5702d657: 48 chunks; 1.2 s; peak memory 1404 MiB.
2026-10-07T08:44:59Z INFO [276/500] 4fef18a8-432e-4de0-b630-9f14d5e4151e: 132 chunks; 1.2 s; peak memory 1404 MiB.
2026-10-07T08:45:02Z INFO [277/500] 4fefd146-da76-455d-9d0b-8dbb1f2362df: 820 chunks; 3.4 s; peak memory 1404 MiB.
2026-10-07T08:45:04Z INFO [278/500] 4ff06d2f-db45-4734-94f9-49b1eb123a18: 71 chunks; 2.0 s; peak memory 1404 MiB.
2026-10-07T08:45:06Z INFO [279/500] 4ff0c451-9ee5-467e-a9ea-d4ec0a72675e: 72 chunks; 1.4 s; peak memory 1404 MiB.
2026-10-07T08:45:12Z INFO [280/500] 4ff170ee-1b12-486e-b5c6-b659b3a884f8: 8630 chunks; 5.7 s; peak memory 1404 MiB.
2026-10-07T08:45:13Z INFO [281/500] 4ff21644-2d3b-45e5-876c-cf03d3697761: 48 chunks; 1.3 s; peak memory 1404 MiB.
2026-10-07T08:45:14Z INFO [282/500] 4ff262a6-c220-4585-9311-a26defc1eca3: 52 chunks; 1.3 s; peak memory 1404 MiB.
2026-10-07T08:45:16Z INFO [283/500] 4ff274d1-ec86-4748-953e-be85deb576a1: 112 chunks; 1.7 s; peak memory 1404 MiB.
2026-10-07T08:45:17Z INFO [284/500] 4ff28ba7-58f7-4a83-8c0d-3783cd87de14: 112 chunks; 1.6 s; peak memory 1404 MiB.
2026-10-07T08:45:18Z INFO [285/500] 4ff35f99-7940-4bb8-82a0-413d00c7ff7f: 62 chunks; 0.9 s; peak memory 1404 MiB.
2026-10-07T08:45:26Z INFO [286/500] 4ff3a992-3287-4ca1-95ff-9c02cdf9d6c2: 17672 chunks; 8.1 s; peak memory 1404 MiB.
2026-10-07T08:45:28Z INFO [287/500] 4ff4530d-0783-483e-904b-1d0e6cd3d6b2: 117 chunks; 1.6 s; peak memory 1404 MiB.
2026-10-07T08:45:29Z INFO [288/500] 4ff55093-cd5c-4140-b14e-6dc665a414df: 48 chunks; 1.2 s; peak memory 1404 MiB.
2026-10-07T08:45:39Z INFO [289/500] 4ff6c7bd-1613-496c-a144-831d1e5737b3: 22596 chunks; 9.3 s; peak memory 1404 MiB.
2026-10-07T08:45:39Z INFO [290/500] 4ff7894d-9aef-4c11-bd12-f8a8ac73cf66: 46 chunks; 1.0 s; peak memory 1404 MiB.
2026-10-07T08:45:41Z INFO [291/500] 4ff80e3f-0cd4-436c-9bf8-2a3bdfe65ec5: 48 chunks; 1.2 s; peak memory 1404 MiB.
2026-10-07T08:46:04Z INFO [292/500] 4ff8a213-9d7d-4259-80ef-c06cbcb05822: 14155 chunks; 23.6 s; peak memory 1404 MiB.
2026-10-07T08:46:07Z INFO [293/500] 4ff9198b-9469-4e58-b77d-9b04b6f7c09f: 119 chunks; 2.3 s; peak memory 1404 MiB.
2026-10-07T08:46:09Z INFO [294/500] 4ff975a7-48fd-4bae-a849-4a65619fe04c: 91 chunks; 2.6 s; peak memory 1404 MiB.
2026-10-07T08:46:15Z INFO [295/500] 4ffa4f48-050f-40a3-b8b6-17e26f286e35: 478 chunks; 5.4 s; peak memory 1404 MiB.
2026-10-07T08:46:28Z INFO [296/500] 4ffb6aa4-5cd0-4a80-834f-38a065ee561e: 9365 chunks; 13.0 s; peak memory 1404 MiB.
2026-10-07T08:46:35Z INFO [297/500] 4ffbfaaa-be93-4d2e-a2f8-8ddbf40eb2ff: 2923 chunks; 7.9 s; peak memory 1404 MiB.
2026-10-07T08:46:37Z INFO [298/500] 4ffc1695-584b-4535-8fca-6405e4a252dc: 117 chunks; 1.4 s; peak memory 1404 MiB.
2026-10-07T08:46:39Z INFO [299/500] 4ffc9204-7028-49a3-998a-c4b4c515ce3c: 118 chunks; 1.6 s; peak memory 1404 MiB.
2026-10-07T08:46:40Z INFO [300/500] 4ffceb51-8967-470f-81e9-18bd5ad36246: 48 chunks; 1.3 s; peak memory 1404 MiB.
2026-10-07T08:46:40Z INFO [300/500] 4ffceb51-8967-470f-81e9-18bd5ad36246: checkpointed 85634 records.
2026-10-07T08:46:48Z INFO [301/500] 4ffdc53c-fe78-4137-addb-034168a7d07b: 12624 chunks; 8.3 s; peak memory 1404 MiB.
2026-10-07T08:46:50Z INFO [302/500] 4ffdf038-9f46-423d-a114-72c7c3b0a330: 117 chunks; 1.6 s; peak memory 1404 MiB.
2026-10-07T08:46:52Z INFO [303/500] 4ffe5d5d-7b70-4021-914c-355df77a0c58: 63 chunks; 1.5 s; peak memory 1404 MiB.
2026-10-07T08:46:53Z INFO [304/500] 4ffe8c9f-06c8-4eb8-bb71-9659eb77d19b: 52 chunks; 1.4 s; peak memory 1404 MiB.
2026-10-07T08:47:06Z INFO [305/500] 4ffeb391-aff0-4d37-954f-2756fd8bceb1: 420 chunks; 13.3 s; peak memory 1404 MiB.
2026-10-07T08:47:08Z INFO [306/500] 4fff07f4-38f2-40cf-8610-36dc840aa514: 76 chunks; 2.0 s; peak memory 1404 MiB.
2026-10-07T08:47:10Z INFO [307/500] 4fff426f-0dca-4428-89e7-fcf79c0e394e: 106 chunks; 2.1 s; peak memory 1404 MiB.
2026-10-07T08:47:12Z INFO [308/500] 5000f19e-b53c-4c0c-8ff1-c3045eb29c64: 53 chunks; 1.1 s; peak memory 1404 MiB.
2026-10-07T08:47:14Z INFO [309/500] 50010191-d76a-46c4-ad6a-caed9a06fb6b: 71 chunks; 2.0 s; peak memory 1404 MiB.
2026-10-07T08:47:15Z INFO [310/500] 5001d6c1-e05d-4f7d-91bc-6ced0704e3a0: 48 chunks; 1.3 s; peak memory 1404 MiB.
2026-10-07T08:47:16Z INFO [311/500] 50020379-3887-4a24-87d3-02b7d3542e80: 48 chunks; 1.2 s; peak memory 1404 MiB.
2026-10-07T08:47:18Z INFO [312/500] 500246e4-47b3-451c-9d05-969664f2e264: 112 chunks; 1.6 s; peak memory 1404 MiB.
2026-10-07T08:47:32Z INFO [313/500] 50027cd2-dac6-4bce-a4c1-3fcd472e9082: 24886 chunks; 13.9 s; peak memory 1404 MiB.
2026-10-07T08:47:33Z INFO [314/500] 5002eced-bac9-409f-82d2-b05e64b5aab3: 117 chunks; 1.4 s; peak memory 1404 MiB.
2026-10-07T08:47:35Z INFO [315/500] 50030a46-6dff-445e-ae5a-f352298c06c4: 112 chunks; 1.9 s; peak memory 1404 MiB.
2026-10-07T08:47:36Z INFO [316/500] 5003b27c-3be1-4e72-9fe2-89de4d11a1d6: 48 chunks; 1.3 s; peak memory 1404 MiB.
2026-10-07T08:47:38Z INFO [317/500] 5003c529-398d-43c9-94b5-161f2ad47f2d: 112 chunks; 1.8 s; peak memory 1404 MiB.
2026-10-07T08:47:39Z INFO [318/500] 50047d11-1691-45a8-9074-1d64f4fc0a7b: 46 chunks; 1.0 s; peak memory 1404 MiB.
2026-10-07T08:47:45Z INFO [319/500] 50054435-d9b5-4da5-9a89-c14944eaf21f: 1366 chunks; 6.4 s; peak memory 1404 MiB.
2026-10-07T08:47:47Z INFO [320/500] 50055891-d935-4360-a93e-5a7888806323: 52 chunks; 1.5 s; peak memory 1404 MiB.
2026-10-07T08:47:49Z INFO [321/500] 5005e1d4-c695-4a37-b8af-6d0405dff85e: 112 chunks; 1.9 s; peak memory 1404 MiB.
2026-10-07T08:47:50Z INFO [322/500] 500629d1-b55c-4995-9ba9-d41e9019701c: 48 chunks; 1.3 s; peak memory 1404 MiB.
2026-10-07T08:47:56Z INFO [323/500] 50063d35-cb60-425c-9ac6-6b66b13c2428: 1118 chunks; 6.3 s; peak memory 1404 MiB.
2026-10-07T08:47:58Z INFO [324/500] 500647d8-dba0-4060-b6bf-027139747d53: 48 chunks; 1.2 s; peak memory 1404 MiB.
2026-10-07T08:48:07Z INFO [325/500] 5006e014-e7c1-4d3c-9071-7592b58cd00b: 13844 chunks; 9.6 s; peak memory 1404 MiB.
2026-10-07T08:48:09Z INFO [326/500] 5007bfed-cf80-43fe-9a6a-dc17e348119b: 112 chunks; 1.9 s; peak memory 1404 MiB.
2026-10-07T08:48:11Z INFO [327/500] 500855e6-3bf5-4e01-adaf-6325e2f451f0: 48 chunks; 1.3 s; peak memory 1404 MiB.
2026-10-07T08:48:12Z INFO [328/500] 5008909d-a83f-43fa-8de7-8978b718fa8a: 48 chunks; 1.3 s; peak memory 1404 MiB.
2026-10-07T08:48:13Z INFO [329/500] 5008b41b-4cc1-40f4-bffb-df15827a44dc: 69 chunks; 1.1 s; peak memory 1404 MiB.
2026-10-07T08:48:15Z INFO [330/500] 5008efab-86ff-4b5e-88e7-6beb3bf4e2a4: 117 chunks; 1.6 s; peak memory 1404 MiB.
2026-10-07T08:48:16Z INFO [331/500] 5009b311-2f20-45fe-aa39-f95ea6e90a69: 117 chunks; 1.5 s; peak memory 1404 MiB.
2026-10-07T08:48:17Z INFO [332/500] 500a2751-caf0-463c-8f30-546cda7729b7: 48 chunks; 1.3 s; peak memory 1404 MiB.
2026-10-07T08:48:28Z INFO [333/500] 500aab1c-52fe-436a-ba14-f6dbabf68165: 391 chunks; 10.3 s; peak memory 1404 MiB.
2026-10-07T08:48:29Z INFO [334/500] 500b5731-4205-4665-8f68-a534539b04cc: 52 chunks; 1.1 s; peak memory 1404 MiB.
2026-10-07T08:48:31Z INFO [335/500] 500c90d4-2447-4639-91bc-c077db59e011: 71 chunks; 2.3 s; peak memory 1404 MiB.
2026-10-07T08:48:33Z INFO [336/500] 500f5d23-5c61-4635-9192-05866a0decdb: 557 chunks; 1.5 s; peak memory 1404 MiB.
2026-10-07T08:48:49Z INFO [337/500] 500f7c0d-5703-40ec-ae48-e38b5f5db401: 588 chunks; 16.6 s; peak memory 1404 MiB.
2026-10-07T08:48:52Z INFO [338/500] 50102e7c-ddb5-4362-a8e6-d7e779a047f2: 156 chunks; 3.3 s; peak memory 1404 MiB.
2026-10-07T08:48:57Z INFO [339/500] 5010c78b-96ae-4f0f-9974-11efabe26737: 282 chunks; 4.2 s; peak memory 1404 MiB.
2026-10-07T08:48:58Z INFO [340/500] 5011c2df-1635-4894-acc3-c63af9034ec1: 66 chunks; 1.7 s; peak memory 1404 MiB.
2026-10-07T08:49:03Z INFO [341/500] 501298da-8492-40ca-bcfb-45f98abac41e: 202 chunks; 4.3 s; peak memory 1404 MiB.
2026-10-07T08:49:04Z INFO [342/500] 5012ff1c-a8cf-4110-93e7-3918c6a3c5da: 117 chunks; 1.4 s; peak memory 1404 MiB.
2026-10-07T08:49:06Z INFO [343/500] 50132d5e-afb7-4380-9e1e-965d2303e77c: 117 chunks; 1.4 s; peak memory 1404 MiB.
2026-10-07T08:49:13Z INFO [344/500] 5014473a-0b1c-466c-a3f8-3a84352f9d7b: 15586 chunks; 7.4 s; peak memory 1404 MiB.
2026-10-07T08:49:14Z INFO [345/500] 5014501b-fc55-4390-b34c-7d1e6dc41104: 84 chunks; 1.5 s; peak memory 1404 MiB.
2026-10-07T08:49:17Z INFO [346/500] 501613d6-508b-415f-96c1-4c56b676214e: 119 chunks; 3.1 s; peak memory 1404 MiB.
2026-10-07T08:49:19Z INFO [347/500] 501681c7-4358-49fe-944f-449055ab9855: 118 chunks; 1.6 s; peak memory 1404 MiB.
2026-10-07T08:49:20Z INFO [348/500] 50178a64-5802-466f-81b1-f54437871a5e: 48 chunks; 1.3 s; peak memory 1404 MiB.
2026-10-07T08:49:22Z INFO [349/500] 50184923-e7d0-41df-b045-0fbd717f529e: 48 chunks; 1.2 s; peak memory 1404 MiB.
2026-10-07T08:49:22Z INFO [350/500] 50184e38-fe77-4079-a49a-752837259ce9: 46 chunks; 0.9 s; peak memory 1404 MiB.
2026-10-07T08:49:23Z INFO [350/500] 50184e38-fe77-4079-a49a-752837259ce9: checkpointed 85684 records.
2026-10-07T08:49:30Z INFO [351/500] 50185b0a-5cc8-426c-a7a8-bda76bac0377: 311 chunks; 7.4 s; peak memory 1404 MiB.
2026-10-07T08:49:33Z INFO [352/500] 501899e7-4418-483c-9969-c6cde9f68111: 71 chunks; 2.3 s; peak memory 1404 MiB.
2026-10-07T08:49:48Z INFO [353/500] 5018f4e6-4033-4fc1-99a2-a3902725cf6f: 3292 chunks; 15.2 s; peak memory 1404 MiB.
2026-10-07T08:49:49Z INFO [354/500] 50193eb3-e956-4ddb-9b56-0bd1504997b6: 112 chunks; 1.6 s; peak memory 1404 MiB.
2026-10-07T08:49:51Z INFO [355/500] 501997e0-ebe2-4cb9-ac96-be14e20a013b: 112 chunks; 1.6 s; peak memory 1404 MiB.
2026-10-07T08:50:02Z INFO [356/500] 501a80b9-534a-476e-922f-e68cae643ffd: 24264 chunks; 11.0 s; peak memory 1404 MiB.
2026-10-07T08:50:04Z INFO [357/500] 501a9d1a-da55-4fbb-9749-6b2490b702a8: 112 chunks; 2.0 s; peak memory 1404 MiB.
2026-10-07T08:50:14Z INFO [358/500] 501b3e0d-c4f8-4a3e-abec-1a62e9c208f8: 22564 chunks; 9.8 s; peak memory 1404 MiB.
2026-10-07T08:50:16Z INFO [359/500] 501b5f83-c1cc-4627-b9c0-281119db8e0b: 110 chunks; 2.0 s; peak memory 1404 MiB.
2026-10-07T08:50:17Z INFO [360/500] 501b7ddd-e96d-4d72-b07c-dd228ebd1e9e: 35 chunks; 1.1 s; peak memory 1404 MiB.
2026-10-07T08:50:18Z INFO [361/500] 501ce0ed-a7ab-462d-88f0-8dff38104db4: 48 chunks; 1.2 s; peak memory 1404 MiB.
2026-10-07T08:50:19Z INFO [362/500] 501d18a5-1c7e-4c11-949f-1e89c795fe32: 48 chunks; 1.2 s; peak memory 1404 MiB.
2026-10-07T08:50:21Z INFO [363/500] 501e403e-036c-4256-a082-377719706dd3: 46 chunks; 1.3 s; peak memory 1404 MiB.
2026-10-07T08:50:32Z INFO [364/500] 501e537e-6fe5-4817-a95d-96d5022e942c: 16668 chunks; 11.8 s; peak memory 1404 MiB.
2026-10-07T08:50:34Z INFO [365/500] 501e70c9-750a-4e38-896f-6df905b5f45b: 46 chunks; 1.3 s; peak memory 1404 MiB.
2026-10-07T08:51:00Z INFO [366/500] 501ecdf7-bedb-4e03-9e28-ed699cd6677c: 6393 chunks; 25.9 s; peak memory 1404 MiB.
2026-10-07T08:51:01Z INFO [367/500] 501f0894-a613-42bc-9351-23cf36d210d0: 48 chunks; 1.3 s; peak memory 1404 MiB.
2026-10-07T08:51:02Z INFO [368/500] 501f12e2-3003-4531-bdb3-f8d803f46cad: 48 chunks; 1.4 s; peak memory 1404 MiB.
2026-10-07T08:51:05Z INFO [369/500] 5020b4f5-0b6f-4b64-8143-f69411fea0a9: 118 chunks; 2.8 s; peak memory 1404 MiB.
2026-10-07T08:51:06Z INFO [370/500] 50214aa3-7e04-4776-a065-fc613857d5af: 48 chunks; 1.4 s; peak memory 1404 MiB.
2026-10-07T08:51:09Z INFO [371/500] 5021bd3e-fecd-4ffa-bbef-5c313ddf5158: 57 chunks; 2.0 s; peak memory 1404 MiB.
2026-10-07T08:51:10Z INFO [372/500] 50220f3d-15cc-42fd-9b95-5e161b07a4f7: 48 chunks; 1.5 s; peak memory 1404 MiB.
2026-10-07T08:51:11Z INFO [373/500] 502211a6-b86d-4bb6-aa57-acb44fde3330: 44 chunks; 1.0 s; peak memory 1404 MiB.
2026-10-07T08:51:13Z INFO [374/500] 50222897-7518-417b-93bb-fdd631291da0: 66 chunks; 1.8 s; peak memory 1404 MiB.
2026-10-07T08:51:14Z INFO [375/500] 50228400-df85-4db8-aec7-b0e8c4dd3535: 84 chunks; 1.6 s; peak memory 1404 MiB.
2026-10-07T08:51:26Z INFO [376/500] 5022e09f-c5b1-407d-bc76-caabca02e9ed: 799 chunks; 11.9 s; peak memory 1404 MiB.
2026-10-07T08:51:29Z INFO [377/500] 50230378-3751-4064-8fff-5b0fe6ee9fa3: 115 chunks; 3.1 s; peak memory 1404 MiB.
2026-10-07T08:51:31Z INFO [378/500] 502359b3-cf0c-4ad7-b996-2de00c8a533c: 48 chunks; 1.3 s; peak memory 1404 MiB.
2026-10-07T08:51:32Z INFO [379/500] 502372e6-069e-499a-a868-33113fd0a8d9: 21 chunks; 1.2 s; peak memory 1404 MiB.
2026-10-07T08:51:34Z INFO [380/500] 50239f4f-7d2a-46a4-aaa1-7eaf39435d9c: 937 chunks; 2.1 s; peak memory 1404 MiB.
2026-10-07T08:51:36Z INFO [381/500] 5023a734-95e2-47de-8379-6321166b92b2: 112 chunks; 1.9 s; peak memory 1404 MiB.
2026-10-07T08:51:37Z INFO [382/500] 50245bfc-ecce-44db-8ac1-4d68ff4b9a41: 112 chunks; 1.6 s; peak memory 1404 MiB.
2026-10-07T08:51:39Z INFO [383/500] 50256926-7a6f-454f-b996-55c2791a09d7: 59 chunks; 1.8 s; peak memory 1404 MiB.
2026-10-07T08:51:40Z INFO [384/500] 5025b8e3-f8e8-415e-8e21-5a44c995a1e8: 52 chunks; 1.1 s; peak memory 1404 MiB.
2026-10-07T08:51:42Z INFO [385/500] 5026c60d-35c7-47dc-9735-14347c8fd029: 46 chunks; 1.5 s; peak memory 1404 MiB.
2026-10-07T08:51:48Z INFO [386/500] 502726d7-7e71-4de4-ba05-bf445cef5b3b: 2923 chunks; 6.4 s; peak memory 1404 MiB.
2026-10-07T08:51:49Z INFO [387/500] 502730a6-3b10-40c7-8136-c144f984028a: 48 chunks; 1.3 s; peak memory 1404 MiB.
2026-10-07T08:51:51Z INFO [388/500] 5027f781-fde5-4d79-87d6-a096fd1f880b: 48 chunks; 1.3 s; peak memory 1404 MiB.
2026-10-07T08:51:54Z INFO [389/500] 50286f99-03a3-4708-a99f-18980a0ec281: 114 chunks; 3.2 s; peak memory 1404 MiB.
2026-10-07T08:51:55Z INFO [390/500] 50289bc9-b986-4e7b-9980-fddef0cab14a: 46 chunks; 1.0 s; peak memory 1404 MiB.
2026-10-07T08:51:56Z INFO [391/500] 5028b632-bf05-4459-af93-b60fe32a99ab: 118 chunks; 1.4 s; peak memory 1404 MiB.
2026-10-07T08:54:25Z INFO [392/500] 5028d3a1-767a-4f92-a888-2456cbd42db7: 38717 chunks; 148.3 s; peak memory 1404 MiB.
2026-10-07T08:54:27Z INFO [393/500] 502955d9-6fc0-4be6-aefc-3923e2d71525: 112 chunks; 2.0 s; peak memory 1404 MiB.
2026-10-07T08:54:33Z INFO [394/500] 502a4d6e-b735-4b14-b9b5-ad4a8bcff3f0: 168 chunks; 6.2 s; peak memory 1404 MiB.
2026-10-07T08:54:39Z INFO [395/500] 502a564e-144f-45bc-8f3f-3b2e5c7cdf76: 287 chunks; 5.8 s; peak memory 1404 MiB.
2026-10-07T08:54:40Z INFO [396/500] 502b18e2-cd47-461f-9e03-ea55bf7f33cc: 117 chunks; 1.5 s; peak memory 1404 MiB.
2026-10-07T08:54:41Z INFO [397/500] 502bf671-3058-4511-a797-40f2ee209223: 117 chunks; 1.3 s; peak memory 1404 MiB.
2026-10-07T08:54:43Z INFO [398/500] 502c9579-adcd-4633-814a-3da55b0d4520: 48 chunks; 1.4 s; peak memory 1404 MiB.
2026-10-07T08:54:46Z INFO [399/500] 502d37d9-91e9-488f-9177-27fcda763dfe: 150 chunks; 3.3 s; peak memory 1404 MiB.
2026-10-07T08:54:48Z INFO [400/500] 502dcebc-2297-4fd3-961f-770235dd9b52: 71 chunks; 2.0 s; peak memory 1404 MiB.
2026-10-07T08:54:48Z INFO [400/500] 502dcebc-2297-4fd3-961f-770235dd9b52: checkpointed 85734 records.
2026-10-07T08:54:50Z INFO [401/500] 502ea861-5cd7-4d2b-a1f5-d4cff61c032d: 48 chunks; 1.2 s; peak memory 1404 MiB.
2026-10-07T08:54:51Z INFO [402/500] 502ecbec-7d0e-4abe-a21b-b69e456f0353: 48 chunks; 1.3 s; peak memory 1404 MiB.
2026-10-07T08:54:52Z INFO [403/500] 502edbda-6101-48e0-976e-da9112f99037: 119 chunks; 1.3 s; peak memory 1404 MiB.
2026-10-07T08:54:54Z INFO [404/500] 502ee13a-7021-4344-bd6f-4aa2df40c9bd: 85 chunks; 1.5 s; peak memory 1404 MiB.
2026-10-07T08:54:55Z INFO [405/500] 502ee910-77a0-409f-b18f-73acb178ea7c: 41 chunks; 1.2 s; peak memory 1404 MiB.
2026-10-07T08:54:57Z INFO [406/500] 502f07b5-337d-4293-ab47-7c21a0c670c8: 112 chunks; 1.9 s; peak memory 1404 MiB.
2026-10-07T08:55:00Z INFO [407/500] 502ff730-474e-4e8d-8b29-13597a00b883: 123 chunks; 3.1 s; peak memory 1404 MiB.
2026-10-07T08:55:01Z INFO [408/500] 503160a9-781a-4198-b60e-5840ea9dc1d4: 69 chunks; 1.2 s; peak memory 1404 MiB.
2026-10-07T08:55:03Z INFO [409/500] 50321b0e-1beb-4424-81c8-dedfce4ad277: 997 chunks; 2.6 s; peak memory 1404 MiB.
2026-10-07T08:55:06Z INFO [410/500] 503325cd-b85e-4378-ad4b-4e08a284f017: 99 chunks; 2.9 s; peak memory 1404 MiB.
2026-10-07T08:55:10Z INFO [411/500] 503512c9-65ea-4042-af90-19e41a07b017: 85 chunks; 3.4 s; peak memory 1404 MiB.
2026-10-07T08:55:11Z INFO [412/500] 50351c1e-8f07-4d79-8479-110e8793b505: 55 chunks; 1.0 s; peak memory 1404 MiB.
2026-10-07T08:55:12Z INFO [413/500] 5035622a-ee56-4caf-b5f8-b268bbd371f1: 69 chunks; 1.2 s; peak memory 1404 MiB.
2026-10-07T08:55:15Z INFO [414/500] 5035920e-6199-4863-b425-9b9118365ad4: 90 chunks; 2.7 s; peak memory 1404 MiB.
2026-10-07T08:55:27Z INFO [415/500] 50367f0b-1fb2-4419-b487-df57e1251cdd: 2762 chunks; 12.3 s; peak memory 1404 MiB.
2026-10-07T08:55:28Z INFO [416/500] 50368c43-ac5a-4b02-9699-11a630caacc2: 121 chunks; 1.2 s; peak memory 1404 MiB.
2026-10-07T08:55:32Z INFO [417/500] 503736e1-e4ac-4dec-9b2c-7967a4942b28: 254 chunks; 4.4 s; peak memory 1404 MiB.
2026-10-07T08:55:36Z INFO [418/500] 50373ef8-d654-4592-a516-0012173fdf9e: 101 chunks; 3.4 s; peak memory 1404 MiB.
2026-10-07T08:55:39Z INFO [419/500] 50386cb3-1206-4c56-93a4-1c262c9e7a0c: 119 chunks; 3.4 s; peak memory 1404 MiB.
2026-10-07T08:55:41Z INFO [420/500] 50394f7c-0f05-4a1d-b89d-f46dcf949b1b: 112 chunks; 1.8 s; peak memory 1404 MiB.
2026-10-07T08:55:42Z INFO [421/500] 50399b70-555b-4fbc-8d0a-b62540e5961a: 116 chunks; 1.5 s; peak memory 1404 MiB.
2026-10-07T08:55:44Z INFO [422/500] 5039b14c-a78b-48bf-a5f6-a1dabf4f1012: 110 chunks; 1.7 s; peak memory 1404 MiB.
2026-10-07T08:55:52Z INFO [423/500] 5039bd31-cac0-45b9-acf5-8f35aa0b4b84: 15784 chunks; 8.1 s; peak memory 1404 MiB.
2026-10-07T08:55:54Z INFO [424/500] 503a512b-f70c-4a78-b77a-74896b27b223: 112 chunks; 1.7 s; peak memory 1404 MiB.
2026-10-07T08:55:57Z INFO [425/500] 503b7188-2149-4f7b-a90e-39fccb18af50: 116 chunks; 3.0 s; peak memory 1404 MiB.
2026-10-07T08:55:58Z INFO [426/500] 503ca3a8-c3c9-4e10-a0be-dbae4ebbe29d: 48 chunks; 1.2 s; peak memory 1404 MiB.
2026-10-07T08:56:09Z INFO [427/500] 503cdc06-f0f1-42d5-8f61-08e761d70a14: 6832 chunks; 10.5 s; peak memory 1404 MiB.
2026-10-07T08:56:10Z INFO [428/500] 503e2d5f-30dc-41d8-8002-1d68cef1cbb2: 70 chunks; 1.8 s; peak memory 1404 MiB.
2026-10-07T08:56:12Z INFO [429/500] 503ecef3-9d88-4372-b1bc-7431f9da29fc: 112 chunks; 1.6 s; peak memory 1404 MiB.
2026-10-07T09:00:15Z INFO [430/500] 503f4d1e-212b-4c8a-ab4d-b8b5ba40ca47: 33794 chunks; 242.7 s; peak memory 1404 MiB.
2026-10-07T09:00:27Z INFO [431/500] 50400073-347a-4b07-90dc-33398356b80d: 20582 chunks; 12.1 s; peak memory 1404 MiB.
2026-10-07T09:00:29Z INFO [432/500] 5040e665-2095-4e14-b69c-846343d93811: 71 chunks; 2.4 s; peak memory 1404 MiB.
2026-10-07T09:00:31Z INFO [433/500] 50419b10-6bfc-4208-bd31-e275fd016536: 112 chunks; 1.7 s; peak memory 1404 MiB.
2026-10-07T09:00:32Z INFO [434/500] 5041bb57-7e7b-42fe-812b-dd9d0a657ca0: 46 chunks; 1.5 s; peak memory 1404 MiB.
2026-10-07T09:00:34Z INFO [435/500] 5041bd27-2e5d-408d-9a5f-c4646e97d9c1: 50 chunks; 1.1 s; peak memory 1404 MiB.
2026-10-07T09:00:35Z INFO [436/500] 5043b077-c2eb-49b3-ba6e-52ff2d36ea17: 64 chunks; 1.6 s; peak memory 1404 MiB.
2026-10-07T09:00:37Z INFO [437/500] 5043bdd0-6305-4f61-98ab-afae089c22ed: 48 chunks; 1.5 s; peak memory 1404 MiB.
2026-10-07T09:00:38Z INFO [438/500] 50449dab-afbf-45df-9e2f-97937df57d4a: 116 chunks; 1.6 s; peak memory 1404 MiB.
2026-10-07T09:00:41Z INFO [439/500] 5045c350-5804-4981-b15e-fb5a381704d9: 90 chunks; 3.1 s; peak memory 1404 MiB.
2026-10-07T09:00:43Z INFO [440/500] 50460810-952b-4206-8bd5-9a9c2d791f91: 48 chunks; 1.4 s; peak memory 1404 MiB.
2026-10-07T09:00:56Z INFO [441/500] 504622cb-21b8-4505-a20a-b17c55101ac9: 15824 chunks; 13.2 s; peak memory 1404 MiB.
2026-10-07T09:00:57Z INFO [442/500] 504683fa-f4c5-451c-ad8d-9ae364659a01: 48 chunks; 1.2 s; peak memory 1404 MiB.
2026-10-07T09:03:45Z INFO [443/500] 5046959f-88ef-413a-aecf-33be5a1fbcb0: 40663 chunks; 167.5 s; peak memory 1404 MiB.
2026-10-07T09:03:47Z INFO [444/500] 50479305-1dbd-493b-acc1-f22596fd3ce6: 112 chunks; 1.9 s; peak memory 1404 MiB.
2026-10-07T09:03:48Z INFO [445/500] 5047c631-ae14-4ede-a5c8-0eeef78a2e26: 110 chunks; 1.6 s; peak memory 1404 MiB.
2026-10-07T09:03:50Z INFO [446/500] 50488d49-f7b0-43cb-b6bb-16b53d1e8d69: 48 chunks; 1.3 s; peak memory 1404 MiB.
2026-10-07T09:03:52Z INFO [447/500] 504896e9-9a6b-45d0-b73b-12828f20b92d: 937 chunks; 2.4 s; peak memory 1404 MiB.
2026-10-07T09:03:53Z INFO [448/500] 5049166d-a259-45a5-bce6-2de141a6db36: 48 chunks; 1.4 s; peak memory 1404 MiB.
2026-10-07T09:03:58Z INFO [449/500] 50494d87-6d10-47e2-a5cf-f888121c0a84: 90 chunks; 4.2 s; peak memory 1404 MiB.
2026-10-07T09:04:01Z INFO [450/500] 504993d9-eb94-452b-8f80-855b505eacd6: 115 chunks; 3.1 s; peak memory 1404 MiB.
2026-10-07T09:04:01Z INFO [450/500] 504993d9-eb94-452b-8f80-855b505eacd6: checkpointed 85784 records.
2026-10-07T09:04:05Z INFO [451/500] 5049c578-22aa-4284-901f-8703d6d43505: 156 chunks; 3.7 s; peak memory 1404 MiB.
2026-10-07T09:04:07Z INFO [452/500] 504b3a82-22c9-4719-a711-49454c8f93ee: 112 chunks; 1.9 s; peak memory 1404 MiB.
2026-10-07T09:04:08Z INFO [453/500] 504b3c6f-ea9f-4054-85a6-67d4d3dc814d: 50 chunks; 1.2 s; peak memory 1404 MiB.
2026-10-07T09:04:09Z INFO [454/500] 504bdfc3-0943-4208-b849-acd692f6cbf9: 112 chunks; 1.5 s; peak memory 1404 MiB.
2026-10-07T09:04:11Z INFO [455/500] 504c8cc5-28d2-4be1-91fc-d45523c9e7b5: 69 chunks; 2.1 s; peak memory 1404 MiB.
2026-10-07T09:04:13Z INFO [456/500] 504c8f19-e748-4d5b-a279-ab64201369d5: 48 chunks; 1.2 s; peak memory 1404 MiB.
2026-10-07T09:04:15Z INFO [457/500] 504cbb32-7468-40f7-81fe-05c2a83448cb: 99 chunks; 2.3 s; peak memory 1404 MiB.
2026-10-07T09:04:16Z INFO [458/500] 504ccb41-828f-41ae-b51f-171159cf83eb: 48 chunks; 1.2 s; peak memory 1404 MiB.
2026-10-07T09:04:18Z INFO [459/500] 504cfbed-c47f-4b55-a7d2-393c9d883d8b: 63 chunks; 1.4 s; peak memory 1404 MiB.
2026-10-07T09:04:21Z INFO [460/500] 504e1f29-c02a-4b54-a728-f58388d610f3: 156 chunks; 3.5 s; peak memory 1404 MiB.
2026-10-07T09:04:23Z INFO [461/500] 504e2269-780c-4424-bfce-db4412cfa65f: 117 chunks; 2.1 s; peak memory 1404 MiB.
2026-10-07T09:04:26Z INFO [462/500] 504eb126-92f1-473a-89b6-57c28faaeb3f: 119 chunks; 2.3 s; peak memory 1404 MiB.
2026-10-07T09:04:28Z INFO [463/500] 5050430c-47c4-4422-9c4e-563120c66ee6: 71 chunks; 2.7 s; peak memory 1404 MiB.
2026-10-07T09:04:30Z INFO [464/500] 5050e300-c399-498a-b636-06e4f4cd65ab: 112 chunks; 1.6 s; peak memory 1404 MiB.
2026-10-07T09:04:34Z INFO [465/500] 5051ecfe-3550-4f38-875b-3fac299d06a2: 1585 chunks; 4.3 s; peak memory 1404 MiB.
2026-10-07T09:04:35Z INFO [466/500] 5052da38-00a2-4605-a1b6-df1198b5b150: 48 chunks; 1.2 s; peak memory 1404 MiB.
2026-10-07T09:04:38Z INFO [467/500] 5052f530-4789-4ff8-92d2-021526306521: 71 chunks; 2.2 s; peak memory 1404 MiB.
2026-10-07T09:04:39Z INFO [468/500] 5053d34b-79cc-409b-a140-1c5f1081f065: 49 chunks; 1.2 s; peak memory 1404 MiB.
2026-10-07T09:04:41Z INFO [469/500] 50545d18-c0af-4919-ab8a-aa3f49d91994: 66 chunks; 1.9 s; peak memory 1404 MiB.
2026-10-07T09:04:42Z INFO [470/500] 505460b3-9cb7-49d6-a9b6-bd4027e5126d: 45 chunks; 1.0 s; peak memory 1404 MiB.
2026-10-07T09:04:44Z INFO [471/500] 5054fc2f-d9db-4604-a99e-bbcc98d3ac64: 289 chunks; 1.9 s; peak memory 1404 MiB.
2026-10-07T09:04:45Z INFO [472/500] 5055075b-e88b-413e-9794-728f79094fc5: 48 chunks; 1.1 s; peak memory 1404 MiB.
2026-10-07T09:04:49Z INFO [473/500] 50553989-3a05-466e-969f-745b29eacf27: 8626 chunks; 4.1 s; peak memory 1404 MiB.
2026-10-07T09:04:50Z INFO [474/500] 5055e6dc-b7be-4ad6-aa91-77be9139a9f1: 422 chunks; 1.6 s; peak memory 1404 MiB.
2026-10-07T09:04:52Z INFO [475/500] 505645ef-8416-46f4-90d2-9833a8128166: 46 chunks; 1.2 s; peak memory 1404 MiB.
2026-10-07T09:04:53Z INFO [476/500] 50568b39-66c6-4e05-8fb0-4ee08ce8d4a9: 117 chunks; 1.4 s; peak memory 1404 MiB.
2026-10-07T09:04:55Z INFO [477/500] 505768fa-dd50-4f33-8936-a006d8752bb7: 117 chunks; 1.6 s; peak memory 1404 MiB.
2026-10-07T09:04:56Z INFO [478/500] 50578725-695b-4d0c-95d8-61c044e81886: 112 chunks; 1.6 s; peak memory 1404 MiB.
2026-10-07T09:05:02Z INFO [479/500] 505803f2-7d2e-4799-88f9-6e0a85e16cc1: 8637 chunks; 5.5 s; peak memory 1404 MiB.
2026-10-07T09:05:08Z INFO [480/500] 5058188c-6032-47a2-830a-c78b99f1f3df: 2923 chunks; 6.1 s; peak memory 1404 MiB.
2026-10-07T09:05:10Z INFO [481/500] 50593818-0aac-4383-b4bf-fb31628a5e81: 71 chunks; 2.2 s; peak memory 1404 MiB.
2026-10-07T09:05:12Z INFO [482/500] 50596c92-e9f6-4217-b0c6-27620d6c9903: 117 chunks; 1.5 s; peak memory 1404 MiB.
2026-10-07T09:05:13Z INFO [483/500] 5059c202-ad02-4d74-aa01-a4b8ee317d70: 46 chunks; 1.1 s; peak memory 1404 MiB.
2026-10-07T09:05:14Z INFO [484/500] 5059d190-c0f7-4c54-a537-96a585192878: 48 chunks; 1.2 s; peak memory 1404 MiB.
2026-10-07T09:05:17Z INFO [485/500] 505a24a4-44f4-4e59-b058-f8f07dc1b73e: 116 chunks; 3.4 s; peak memory 1404 MiB.
2026-10-07T09:05:19Z INFO [486/500] 505aa4ad-d6c3-4f59-83f8-d1ce9a87b974: 116 chunks; 1.6 s; peak memory 1404 MiB.
2026-10-07T09:05:20Z INFO [487/500] 505ab7ac-4d0d-4dd3-822b-dae3d951d869: 121 chunks; 1.4 s; peak memory 1404 MiB.
2026-10-07T09:05:21Z INFO [488/500] 505bd956-5aa4-4cc4-9320-d94bc14700b8: 48 chunks; 1.3 s; peak memory 1404 MiB.
2026-10-07T09:05:23Z INFO [489/500] 505c3c3b-81a0-480d-b65b-bd318b4d42a9: 48 chunks; 1.5 s; peak memory 1404 MiB.
2026-10-07T09:05:24Z INFO [490/500] 505c4a13-0f23-4385-b4ff-4a37e28d5071: 48 chunks; 1.2 s; peak memory 1404 MiB.
2026-10-07T09:05:26Z INFO [491/500] 505c67d8-0b55-4eb1-b289-d7f98ec0d381: 52 chunks; 1.4 s; peak memory 1404 MiB.
2026-10-07T09:05:31Z INFO [492/500] 505c7b39-c852-429c-9275-5ab217e32221: 8850 chunks; 5.6 s; peak memory 1404 MiB.
2026-10-07T09:05:35Z INFO [493/500] 505d99a4-a4c1-4b7f-abad-b1be2b36925b: 154 chunks; 4.2 s; peak memory 1404 MiB.
2026-10-07T09:05:37Z INFO [494/500] 505dffea-8ee1-465f-8263-613afc9ef224: 117 chunks; 1.5 s; peak memory 1404 MiB.
2026-10-07T09:05:38Z INFO [495/500] 505f3533-c6fa-4521-b477-d37082d2b98f: 48 chunks; 1.3 s; peak memory 1404 MiB.
2026-10-07T09:05:39Z INFO [496/500] 505fe3c2-0357-4f34-a15a-3cf5537d098d: 116 chunks; 1.3 s; peak memory 1404 MiB.
2026-10-07T09:05:41Z INFO [497/500] 506049ea-dc09-470b-9d9e-43f01ea16f1e: 48 chunks; 1.2 s; peak memory 1404 MiB.
2026-10-07T09:06:09Z INFO [498/500] 50610a40-184b-4035-9faa-1e6b80803fa6: 6126 chunks; 28.2 s; peak memory 1404 MiB.
2026-10-07T09:06:11Z INFO [499/500] 50615559-528b-4ec8-8b1d-56dde19cd7a7: 62 chunks; 1.9 s; peak memory 1404 MiB.
2026-10-07T09:06:12Z INFO [500/500] 506232a5-bb0b-40a4-ac45-9cef7dc5f436: 48 chunks; 1.3 s; peak memory 1404 MiB.
2026-10-07T09:06:12Z INFO [500/500] 506232a5-bb0b-40a4-ac45-9cef7dc5f436: checkpointed 85834 records.
2026-10-07T09:06:13Z INFO Wrote 85834 records to /tmp/derivatives/valid_nwb_file_to_chunk_stats.jsonl (500 new, 0 failed) in 79.2 min (peak memory 1404 MiB).
