2026-10-02T16:36:18Z INFO Logging to /tmp/logs/update_2026-10-02T16-36-18Z.log.
2026-10-02T16:36:18Z INFO Update valid-nwb-file-to-chunk-stats (base directory /tmp).
2026-10-02T16:36:19Z INFO Processing 500 items (64334 already recorded).
2026-10-02T16:36:20Z INFO [1/500] 241a0b6c-5f86-4289-8851-20fd4ffc276f: 49 chunks; 1.1 s; peak memory 154 MiB.
2026-10-02T16:36:21Z INFO [2/500] 241acd6b-5628-47d4-9381-bad97acac3f9: 117 chunks; 1.1 s; peak memory 156 MiB.
2026-10-02T16:36:22Z INFO [3/500] 241b8cc1-0830-467d-89b1-23615b8cd279: 118 chunks; 1.2 s; peak memory 157 MiB.
2026-10-02T16:36:25Z INFO [4/500] 241bcd77-45fe-41f3-a725-fcb3208c2cbe: 156 chunks; 2.8 s; peak memory 159 MiB.
2026-10-02T16:36:26Z INFO [5/500] 241bebbf-1213-4a8b-b837-d56794e8886e: 117 chunks; 1.1 s; peak memory 160 MiB.
2026-10-02T16:36:27Z INFO [6/500] 241c3d06-bb11-4666-9362-c9f615b60599: 48 chunks; 1.1 s; peak memory 160 MiB.
2026-10-02T16:36:29Z INFO [7/500] 241d07b1-1074-480a-9bcc-9f87b693d412: 66 chunks; 1.9 s; peak memory 160 MiB.
2026-10-02T16:36:40Z INFO [8/500] 241d6d5a-2204-44de-b442-4b13f5513e4c: 16477 chunks; 10.8 s; peak memory 187 MiB.
2026-10-02T16:36:45Z INFO [9/500] 241d6da2-da10-4258-8cf6-cf7f9dabff48: 341 chunks; 4.7 s; peak memory 187 MiB.
2026-10-02T16:36:46Z INFO [10/500] 241d84e8-9c75-496f-9ffc-7fd30d94532f: 112 chunks; 1.3 s; peak memory 187 MiB.
2026-10-02T16:36:47Z INFO [11/500] 241d8ea9-ad61-48cc-b6c0-519bd306224f: 117 chunks; 1.3 s; peak memory 187 MiB.
2026-10-02T16:36:48Z INFO [12/500] 241e078a-ff11-4701-bd6f-d727f370a80e: 48 chunks; 1.1 s; peak memory 187 MiB.
2026-10-02T16:36:49Z INFO [13/500] 241e13d9-1199-4675-a25b-5764740d6c8e: 48 chunks; 1.0 s; peak memory 187 MiB.
2026-10-02T16:36:50Z INFO [14/500] 241e8a33-f5a1-448c-b15d-b22683e15e63: 42 chunks; 1.0 s; peak memory 187 MiB.
2026-10-02T16:36:56Z INFO [15/500] 241f1281-5a95-4d6d-8dfc-bb5ae0b0ba30: 2923 chunks; 6.1 s; peak memory 188 MiB.
2026-10-02T16:36:59Z INFO [16/500] 241f1f49-42c1-4425-a172-b09ea6638a83: 138 chunks; 2.3 s; peak memory 188 MiB.
2026-10-02T16:37:01Z INFO [17/500] 241f5b26-8a8a-4fc0-8752-998346d2ed66: 126 chunks; 1.8 s; peak memory 188 MiB.
2026-10-02T16:37:02Z INFO [18/500] 241f7543-5ff2-4c46-8770-ae4e0622d686: 289 chunks; 1.5 s; peak memory 188 MiB.
2026-10-02T16:37:04Z INFO [19/500] 2420003b-b350-4a69-b1aa-b27f68179823: 198 chunks; 2.2 s; peak memory 188 MiB.
2026-10-02T16:53:34Z INFO [20/500] 24201add-8988-4508-aa90-c747d545c161: 412100 chunks; 990.2 s; peak memory 1145 MiB.
2026-10-02T16:53:36Z INFO [21/500] 24208bb3-801e-4116-972b-ef9b785f2439: 117 chunks; 1.1 s; peak memory 1145 MiB.
2026-10-02T16:53:37Z INFO [22/500] 24218b07-afd8-4d5b-9f17-063d9ef4f922: 112 chunks; 1.2 s; peak memory 1145 MiB.
2026-10-02T16:53:38Z INFO [23/500] 2421af46-05c5-4dc5-8176-a05d07da56c9: 76 chunks; 1.6 s; peak memory 1145 MiB.
2026-10-02T16:53:41Z INFO [24/500] 24229ef8-0674-422f-8cfe-6b36c0e360dd: 156 chunks; 3.0 s; peak memory 1145 MiB.
2026-10-02T16:53:44Z INFO [25/500] 2422d83a-3374-4bdd-85bc-66a959b6d3dd: 820 chunks; 2.9 s; peak memory 1145 MiB.
2026-10-02T16:53:46Z INFO [26/500] 2423639d-5ff0-4b42-accf-52437975fcb2: 52 chunks; 1.3 s; peak memory 1145 MiB.
2026-10-02T16:53:47Z INFO [27/500] 2423af33-afd5-4d4f-8405-e02e791a551b: 52 chunks; 1.1 s; peak memory 1145 MiB.
2026-10-02T16:53:52Z INFO [28/500] 242480c2-7010-424b-88d2-a80f22aae51f: 235 chunks; 4.9 s; peak memory 1145 MiB.
2026-10-02T16:53:53Z INFO [29/500] 2425a315-4508-4fc2-86fe-539e49919abd: 48 chunks; 1.0 s; peak memory 1145 MiB.
2026-10-02T16:53:54Z INFO [30/500] 24263030-6a42-4b93-b6d9-2a5d355e046e: 48 chunks; 1.0 s; peak memory 1145 MiB.
2026-10-02T16:53:55Z INFO [31/500] 24265617-c12c-433b-8bde-4efc718e33e2: 69 chunks; 1.3 s; peak memory 1145 MiB.
2026-10-02T16:54:01Z INFO [32/500] 24285fbc-68e6-4316-9d8b-a13a0919baa0: 2923 chunks; 6.5 s; peak memory 1145 MiB.
2026-10-02T16:54:07Z INFO [33/500] 2428c09a-3c15-41c2-aab0-11c4f483e08a: 4778 chunks; 5.7 s; peak memory 1145 MiB.
2026-10-02T16:54:08Z INFO [34/500] 2428ebd8-4461-4a50-8474-680bf7300c93: 114 chunks; 0.9 s; peak memory 1145 MiB.
2026-10-02T16:54:09Z INFO [35/500] 242941f9-bd86-4d12-a390-a77b46ec0890: 48 chunks; 0.7 s; peak memory 1145 MiB.
2026-10-02T16:54:09Z INFO [36/500] 242a0182-9a34-4da2-a722-3f7684e6501d: 55 chunks; 0.7 s; peak memory 1145 MiB.
2026-10-02T16:54:10Z INFO [37/500] 242a127c-0390-41c7-852b-ed22956c5e8a: 48 chunks; 0.9 s; peak memory 1145 MiB.
2026-10-02T16:54:12Z INFO [38/500] 242a7b06-3b17-49d8-bd89-ae8b97f7e5c9: 118 chunks; 1.3 s; peak memory 1145 MiB.
2026-10-02T16:54:14Z INFO [39/500] 242a9dcf-b23c-47b2-8e5d-585ad7b9cfbf: 822 chunks; 2.1 s; peak memory 1145 MiB.
2026-10-02T16:54:14Z INFO [40/500] 242ac3d4-080d-4ac8-b26c-d2e711731c7d: 45 chunks; 0.7 s; peak memory 1145 MiB.
2026-10-02T16:54:15Z INFO [41/500] 242ad32d-9570-4b9d-89a0-c8596b7c94fe: 112 chunks; 0.8 s; peak memory 1145 MiB.
2026-10-02T16:54:16Z INFO [42/500] 242c7520-ea89-48ed-8349-539ca635813e: 112 chunks; 1.2 s; peak memory 1145 MiB.
2026-10-02T16:54:18Z INFO [43/500] 242c77d0-bbfd-4ca7-ad91-5134090cd1bd: 67 chunks; 1.2 s; peak memory 1145 MiB.
2026-10-02T16:54:22Z INFO [44/500] 242ca802-bcfd-4d82-89d6-6e5429a7b566: 2919 chunks; 4.9 s; peak memory 1145 MiB.
2026-10-02T16:54:23Z INFO [45/500] 242cbc51-4a34-4f32-a13c-305db25acc6d: 52 chunks; 0.7 s; peak memory 1145 MiB.
2026-10-02T16:54:25Z INFO [46/500] 242d4296-95f1-4d6d-b513-c28755219ede: 147 chunks; 2.2 s; peak memory 1145 MiB.
2026-10-02T16:54:31Z INFO [47/500] 242ddf1a-4e3c-4498-8e10-1a32df3975de: 1216 chunks; 6.0 s; peak memory 1145 MiB.
2026-10-02T16:54:35Z INFO [48/500] 242e1104-ff10-46fc-99d8-de19825c7fb8: 1076 chunks; 3.2 s; peak memory 1145 MiB.
2026-10-02T16:54:36Z INFO [49/500] 242ebea9-3ebc-4dfe-ad74-13d143873ba4: 48 chunks; 1.0 s; peak memory 1145 MiB.
2026-10-02T16:54:37Z INFO [50/500] 242f0ebc-65cf-4385-9c2c-101f8ee79e5c: 112 chunks; 1.4 s; peak memory 1145 MiB.
2026-10-02T16:54:37Z INFO [50/500] 242f0ebc-65cf-4385-9c2c-101f8ee79e5c: checkpointed 64384 records.
2026-10-02T16:54:46Z INFO [51/500] 242f46a1-d2e1-4a4a-883e-38b28fbf7f3b: 17665 chunks; 8.9 s; peak memory 1145 MiB.
2026-10-02T16:54:47Z INFO [52/500] 242f680c-54dc-4316-a396-9eb44f006cff: 117 chunks; 1.1 s; peak memory 1145 MiB.
2026-10-02T16:54:48Z INFO [53/500] 24314553-402d-4d5e-a77a-0385a3183631: 42 chunks; 1.2 s; peak memory 1145 MiB.
2026-10-02T16:54:50Z INFO [54/500] 243192b2-a5a1-489c-942f-d4e8ad841abb: 275 chunks; 1.4 s; peak memory 1145 MiB.
2026-10-02T16:54:51Z INFO [55/500] 2432a904-25f9-4ef0-8dae-98c0cb950b8b: 110 chunks; 1.3 s; peak memory 1145 MiB.
2026-10-02T16:54:53Z INFO [56/500] 2432e335-a06e-4556-aaef-3ad051a25b4c: 112 chunks; 1.5 s; peak memory 1145 MiB.
2026-10-02T16:54:54Z INFO [57/500] 24331a3a-fd33-4826-be95-feb9d134582c: 118 chunks; 1.1 s; peak memory 1145 MiB.
2026-10-02T16:54:55Z INFO [58/500] 24334a5c-48d7-4737-b06a-c18b95df67d7: 110 chunks; 1.5 s; peak memory 1145 MiB.
2026-10-02T16:54:57Z INFO [59/500] 2433807f-79f4-49de-969e-c085f9f51b4e: 1062 chunks; 1.5 s; peak memory 1145 MiB.
2026-10-02T16:55:16Z INFO [60/500] 2433c3eb-c461-4695-b88f-2f0ecbc90241: 6126 chunks; 19.5 s; peak memory 1145 MiB.
2026-10-02T16:55:17Z INFO [61/500] 2433de0c-2b02-4f3c-8785-bba0d2bb02db: 48 chunks; 0.9 s; peak memory 1145 MiB.
2026-10-02T16:55:19Z INFO [62/500] 243478d9-347c-4e73-ab56-631a74d17c16: 109 chunks; 1.4 s; peak memory 1145 MiB.
2026-10-02T16:55:19Z INFO [63/500] 2434cdd5-df86-4c4f-bd62-fa932c11c624: 46 chunks; 0.7 s; peak memory 1145 MiB.
2026-10-02T16:55:21Z INFO [64/500] 24351d75-d8e0-4403-b92c-534c335ff02e: 62 chunks; 1.3 s; peak memory 1145 MiB.
2026-10-02T16:55:22Z INFO [65/500] 24363cbe-ef6c-4035-97d0-e4f8ffe8be46: 112 chunks; 1.3 s; peak memory 1145 MiB.
2026-10-02T16:55:23Z INFO [66/500] 2437151b-5a63-4c9b-9127-91f1ddcc68e4: 52 chunks; 1.0 s; peak memory 1145 MiB.
2026-10-02T16:55:34Z INFO [67/500] 24376a5c-badb-477d-a8c2-edab6e68be72: 12677 chunks; 11.4 s; peak memory 1145 MiB.
2026-10-02T16:55:36Z INFO [68/500] 2438034c-544e-487f-843c-1c08cc9f49e9: 66 chunks; 1.7 s; peak memory 1145 MiB.
2026-10-02T16:55:37Z INFO [69/500] 243957a0-5781-4ecf-b65e-cb17083dacfc: 112 chunks; 1.0 s; peak memory 1145 MiB.
2026-10-02T16:55:38Z INFO [70/500] 2439a9eb-0aef-4cc9-86f8-b6bb4fcb0c08: 48 chunks; 0.9 s; peak memory 1145 MiB.
2026-10-02T16:55:39Z INFO [71/500] 243a0efc-8603-400b-ac43-ff1209275808: 48 chunks; 1.1 s; peak memory 1145 MiB.
2026-10-02T16:55:40Z INFO [72/500] 243a2d10-9bc5-4f26-bf35-ed5a906e45bf: 66 chunks; 1.4 s; peak memory 1145 MiB.
2026-10-02T16:55:42Z INFO [73/500] 243a3419-a0e5-436b-87b0-dff1b5cdac79: 112 chunks; 1.1 s; peak memory 1145 MiB.
2026-10-02T16:55:43Z INFO [74/500] 243c4627-9b0e-4d13-b2ab-82218cdccd28: 112 chunks; 1.1 s; peak memory 1145 MiB.
2026-10-02T16:55:44Z INFO [75/500] 243cc244-a8b6-492d-a8bf-1f58a6768402: 71 chunks; 1.7 s; peak memory 1145 MiB.
2026-10-02T16:55:45Z INFO [76/500] 243d04f2-a0b0-4909-b872-09b629b46ded: 52 chunks; 0.8 s; peak memory 1145 MiB.
2026-10-02T16:55:47Z INFO [77/500] 243d933e-2f6a-4b7a-b22f-eb947d2aa859: 71 chunks; 1.5 s; peak memory 1145 MiB.
2026-10-02T16:55:49Z INFO [78/500] 243d9699-83b9-403b-85a3-bdceb1ec3108: 69 chunks; 1.9 s; peak memory 1145 MiB.
2026-10-02T16:55:58Z INFO [79/500] 243e1a5a-395d-4dfe-a867-e1443eb8f622: 20583 chunks; 8.9 s; peak memory 1145 MiB.
2026-10-02T16:55:59Z INFO [80/500] 243e2e26-01f1-45be-bf34-8654ca5d9d5b: 117 chunks; 1.2 s; peak memory 1145 MiB.
2026-10-02T16:56:00Z INFO [81/500] 243ed7b8-3329-4563-a45a-8338325e1ee8: 52 chunks; 1.0 s; peak memory 1145 MiB.
2026-10-02T16:56:06Z INFO [82/500] 243f0f89-1553-492b-b9d3-a9c01a81ad47: 387 chunks; 6.3 s; peak memory 1145 MiB.
2026-10-02T16:56:07Z INFO [83/500] 243f5fb7-4dfd-4251-ac01-eaac8d033e75: 48 chunks; 1.1 s; peak memory 1145 MiB.
2026-10-02T16:56:09Z INFO [84/500] 243f9169-5f0f-4779-a838-77cc36a754a2: 112 chunks; 1.6 s; peak memory 1145 MiB.
2026-10-02T16:56:10Z INFO [85/500] 244004c6-af4a-4345-9433-4c586c1d7fe0: 48 chunks; 1.1 s; peak memory 1145 MiB.
2026-10-02T16:56:13Z INFO [86/500] 2440c326-c3f0-4284-b6ad-a8a1faeecb75: 133 chunks; 3.4 s; peak memory 1145 MiB.
2026-10-02T16:56:14Z INFO [87/500] 24412750-8bad-4a0e-8cf7-351354fb1faf: 37 chunks; 0.6 s; peak memory 1145 MiB.
2026-10-02T16:56:15Z INFO [88/500] 244131fc-19fe-4eec-8491-d5b68b86e803: 48 chunks; 1.1 s; peak memory 1145 MiB.
2026-10-02T16:56:22Z INFO [89/500] 24428b36-3f95-47b3-b249-63e49fba3c26: 5879 chunks; 7.1 s; peak memory 1145 MiB.
2026-10-02T16:56:23Z INFO [90/500] 24439212-e8f1-4f78-bc0e-18dca1026889: 303 chunks; 1.4 s; peak memory 1145 MiB.
2026-10-02T16:56:25Z INFO [91/500] 2443fad0-4149-4540-bccd-b2833b937c0e: 64 chunks; 1.5 s; peak memory 1145 MiB.
2026-10-02T16:56:25Z INFO [92/500] 24445945-4b70-41d2-8e1e-31c59f3925b1: 46 chunks; 0.6 s; peak memory 1145 MiB.
2026-10-02T16:56:26Z INFO [93/500] 2444e048-9adc-4bc1-9fd8-80d806c30806: 48 chunks; 1.0 s; peak memory 1145 MiB.
2026-10-02T16:56:28Z INFO [94/500] 2444f63b-d804-46b8-98fb-ed5ff8d94e6f: 64 chunks; 1.2 s; peak memory 1145 MiB.
2026-10-02T16:56:33Z INFO [95/500] 244594a9-5e17-4031-a4d6-1aba7b9daf58: 2923 chunks; 5.3 s; peak memory 1145 MiB.
2026-10-02T16:56:34Z INFO [96/500] 2445a40c-7db2-4f0a-aaef-075051e7ed56: 48 chunks; 1.0 s; peak memory 1145 MiB.
2026-10-02T16:56:35Z INFO [97/500] 2447f504-4968-4ebd-afa1-aed506c83542: 45 chunks; 1.2 s; peak memory 1145 MiB.
2026-10-02T16:56:36Z INFO [98/500] 24493b51-de3c-47b2-84cf-0b2c0a62d75c: 118 chunks; 1.2 s; peak memory 1145 MiB.
2026-10-02T16:56:37Z INFO [99/500] 244a7a8f-ea06-4d5e-b4c4-09e6ec853f90: 116 chunks; 1.0 s; peak memory 1145 MiB.
2026-10-02T16:56:39Z INFO [100/500] 244b2bac-e404-4025-a8f5-59dd05868d0c: 102 chunks; 1.4 s; peak memory 1145 MiB.
2026-10-02T16:56:39Z INFO [100/500] 244b2bac-e404-4025-a8f5-59dd05868d0c: checkpointed 64434 records.
2026-10-02T16:56:40Z INFO [101/500] 244ca3d3-b94d-4622-be35-b534ffd820d1: 48 chunks; 1.1 s; peak memory 1145 MiB.
2026-10-02T16:56:41Z INFO [102/500] 244cc833-3a43-4124-a654-a5bfa533909e: 48 chunks; 1.0 s; peak memory 1145 MiB.
2026-10-02T16:56:42Z INFO [103/500] 244cdbe6-1368-4065-a06a-ef41b5c414cd: 117 chunks; 1.1 s; peak memory 1145 MiB.
2026-10-02T16:56:43Z INFO [104/500] 244d5fce-1f6f-45d3-a3ee-d55b70e54caa: 48 chunks; 1.0 s; peak memory 1145 MiB.
2026-10-02T16:56:44Z INFO [105/500] 244d8fcd-1e5a-481f-b1ea-5c7a91511b5c: 37 chunks; 0.7 s; peak memory 1145 MiB.
2026-10-02T16:56:45Z INFO [106/500] 244df883-0b23-4944-855d-3aeb6b4ae37f: 66 chunks; 1.5 s; peak memory 1145 MiB.
2026-10-02T16:56:47Z INFO [107/500] 244e4b94-02ad-42d5-bef1-5a6b8a4197c9: 74 chunks; 1.4 s; peak memory 1145 MiB.
2026-10-02T16:56:48Z INFO [108/500] 244eb1ad-9aae-4063-8535-13fd2dae52ba: 48 chunks; 1.1 s; peak memory 1145 MiB.
2026-10-02T16:56:48Z INFO [109/500] 244ee123-2179-46f2-a35b-e0ce7d67013b: 35 chunks; 0.6 s; peak memory 1145 MiB.
2026-10-02T16:56:50Z INFO [110/500] 244ef345-cf27-4f50-99ef-4d4d436515d8: 48 chunks; 1.0 s; peak memory 1145 MiB.
2026-10-02T16:56:55Z INFO [111/500] 244f1daa-7eb8-4b78-9f8a-32fedee8b6f9: 579 chunks; 5.7 s; peak memory 1145 MiB.
2026-10-02T16:56:56Z INFO [112/500] 244f53ea-0d35-4c9e-bcc8-0bea59deb3ed: 118 chunks; 1.1 s; peak memory 1145 MiB.
2026-10-02T16:56:57Z INFO [113/500] 244fc305-7e69-436c-94a3-0d9ce3334953: 117 chunks; 1.0 s; peak memory 1145 MiB.
2026-10-02T16:56:58Z INFO [114/500] 2450fdd7-8081-4782-ae4e-e221eda77aaa: 557 chunks; 1.2 s; peak memory 1145 MiB.
2026-10-02T16:57:00Z INFO [115/500] 245147f0-4230-47af-9fa5-72a1b18acb34: 112 chunks; 1.1 s; peak memory 1145 MiB.
2026-10-02T16:57:01Z INFO [116/500] 24515f9b-e0d1-42fc-a15e-cd7068e6fc44: 112 chunks; 1.3 s; peak memory 1145 MiB.
2026-10-02T17:01:12Z INFO [117/500] 24520976-e5b9-4bfe-a230-dfed677cc1ab: 87865 chunks; 251.4 s; peak memory 1145 MiB.
2026-10-02T17:01:13Z INFO [118/500] 2452a015-b354-4df2-bc8b-1a9002430c07: 56 chunks; 1.0 s; peak memory 1145 MiB.
2026-10-02T17:01:14Z INFO [119/500] 245350bc-4cb4-4f4a-96d8-8f4102dfc333: 48 chunks; 1.2 s; peak memory 1145 MiB.
2026-10-02T17:01:15Z INFO [120/500] 24545b2b-9f53-4ca7-a30f-28a8efb3bf0e: 41 chunks; 1.0 s; peak memory 1145 MiB.
2026-10-02T17:01:17Z INFO [121/500] 24545f4c-a9e2-4421-ab92-9d3a67e8ab66: 230 chunks; 1.2 s; peak memory 1145 MiB.
2026-10-02T17:01:19Z INFO [122/500] 24555f7c-2370-4076-b04e-91dfebf88aa4: 132 chunks; 1.9 s; peak memory 1145 MiB.
2026-10-02T17:01:20Z INFO [123/500] 2455cb66-20cd-440b-842c-aed34a83a69c: 153 chunks; 1.5 s; peak memory 1145 MiB.
2026-10-02T17:01:28Z INFO [124/500] 24598e95-c001-4ae9-badf-0d3873660198: 1944 chunks; 8.2 s; peak memory 1145 MiB.
2026-10-02T17:01:29Z INFO [125/500] 2459e41d-f61a-4fe6-b798-182a296a19e5: 112 chunks; 1.2 s; peak memory 1145 MiB.
2026-10-02T17:01:31Z INFO [126/500] 245c89ce-c514-43a2-bc90-d04337bf1260: 71 chunks; 1.9 s; peak memory 1145 MiB.
2026-10-02T17:01:32Z INFO [127/500] 246076f6-396a-4f2c-9b0b-1364c509568e: 41 chunks; 1.0 s; peak memory 1145 MiB.
2026-10-02T17:01:33Z INFO [128/500] 2461bc6d-986f-47fc-9d49-93a6a52b737a: 56 chunks; 0.8 s; peak memory 1145 MiB.
2026-10-02T17:01:34Z INFO [129/500] 246327f4-969e-4c38-96b6-4027bf030960: 72 chunks; 0.9 s; peak memory 1145 MiB.
2026-10-02T17:01:35Z INFO [130/500] 24638e40-6cd2-4444-bcd0-2070ff9068ce: 48 chunks; 1.0 s; peak memory 1145 MiB.
2026-10-02T17:01:36Z INFO [131/500] 24641fa3-ee66-424d-9ccb-ec31cb5a063b: 118 chunks; 1.2 s; peak memory 1145 MiB.
2026-10-02T17:01:37Z INFO [132/500] 2464a5b2-023e-476c-8a37-547f777b8bd1: 52 chunks; 1.2 s; peak memory 1145 MiB.
2026-10-02T17:01:38Z INFO [133/500] 2464aa5c-509b-45b8-9d14-173f47f5b531: 54 chunks; 0.8 s; peak memory 1145 MiB.
2026-10-02T17:01:44Z INFO [134/500] 24652a06-4c9b-45b2-95e3-8a6f95b0afb6: 2534 chunks; 6.2 s; peak memory 1145 MiB.
2026-10-02T17:01:46Z INFO [135/500] 24657a0f-2455-4b3c-b6ec-9b8dc7b8c6c1: 112 chunks; 1.2 s; peak memory 1145 MiB.
2026-10-02T17:01:52Z INFO [136/500] 24668de6-a470-428f-a6fa-dcc007740487: 152 chunks; 6.2 s; peak memory 1145 MiB.
2026-10-02T17:01:53Z INFO [137/500] 24682118-23b2-4504-964c-5dca1fd56f33: 110 chunks; 1.3 s; peak memory 1145 MiB.
2026-10-02T17:01:59Z INFO [138/500] 246835be-19f0-4d3d-a00f-430b70ac5765: 231 chunks; 5.7 s; peak memory 1145 MiB.
2026-10-02T17:01:59Z INFO [139/500] 246837a5-f768-4511-b888-3bdbf592ed55: 69 chunks; 0.8 s; peak memory 1145 MiB.
2026-10-02T17:02:02Z INFO [140/500] 2468c938-1eb4-48d6-860b-a239aaed343b: 156 chunks; 2.8 s; peak memory 1145 MiB.
2026-10-02T17:02:49Z INFO [141/500] 24696f11-66da-4c34-8679-27814a565c9f: 23093 chunks; 46.7 s; peak memory 1145 MiB.
2026-10-02T17:02:50Z INFO [142/500] 246996a2-b651-45da-9a74-100a09e1add4: 48 chunks; 1.0 s; peak memory 1145 MiB.
2026-10-02T17:02:51Z INFO [143/500] 246a3522-02cc-455e-a3d8-a8a0d2c07451: 48 chunks; 1.1 s; peak memory 1145 MiB.
2026-10-02T17:02:52Z INFO [144/500] 246aa7f6-be7a-479a-96ad-ac48385f80d7: 116 chunks; 1.0 s; peak memory 1145 MiB.
2026-10-02T17:02:54Z INFO [145/500] 246d04f7-f895-4550-bc6f-04b32fe8e723: 112 chunks; 1.5 s; peak memory 1145 MiB.
2026-10-02T17:02:55Z INFO [146/500] 246d08af-e553-4654-9d73-7d8c6faa5bc1: 117 chunks; 1.1 s; peak memory 1145 MiB.
2026-10-02T17:02:55Z INFO [147/500] 246d3eb9-570f-4fe9-8ce0-5fd04e070e94: 45 chunks; 0.6 s; peak memory 1145 MiB.
2026-10-02T17:02:56Z INFO [148/500] 246e1110-bebb-4047-9793-74934cd13fe4: 93 chunks; 1.0 s; peak memory 1145 MiB.
2026-10-02T17:02:57Z INFO [149/500] 246e4d3e-e484-4a27-8f57-06f1906e7716: 48 chunks; 1.0 s; peak memory 1145 MiB.
2026-10-02T17:02:59Z INFO [150/500] 246e865d-c423-4daf-9d11-b7bc92846b5f: 69 chunks; 1.3 s; peak memory 1145 MiB.
2026-10-02T17:02:59Z INFO [150/500] 246e865d-c423-4daf-9d11-b7bc92846b5f: checkpointed 64484 records.
2026-10-02T17:03:00Z INFO [151/500] 246f6c0b-3571-4776-a71c-99072143677f: 46 chunks; 0.7 s; peak memory 1145 MiB.
2026-10-02T17:03:01Z INFO [152/500] 24706487-8d6b-402d-b818-0718d98da84b: 118 chunks; 1.1 s; peak memory 1145 MiB.
2026-10-02T17:05:11Z INFO [153/500] 24712a7a-afec-4b07-b44c-2cc07717006a: 40975 chunks; 130.7 s; peak memory 1145 MiB.
2026-10-02T17:05:14Z INFO [154/500] 2471bdf4-dcab-404c-bde2-34b213b8e785: 114 chunks; 2.4 s; peak memory 1145 MiB.
2026-10-02T17:05:15Z INFO [155/500] 2471e822-e793-4221-ae43-7ce28aa0f331: 118 chunks; 1.2 s; peak memory 1145 MiB.
2026-10-02T17:05:18Z INFO [156/500] 24724790-2de9-4768-8b8e-c97c076ac599: 1639 chunks; 2.8 s; peak memory 1145 MiB.
2026-10-02T17:05:19Z INFO [157/500] 2473a270-1b71-49e3-9103-3d0b7cf1c594: 48 chunks; 1.0 s; peak memory 1145 MiB.
2026-10-02T17:05:20Z INFO [158/500] 247433b6-7663-4657-8e6a-10b36e3415e2: 112 chunks; 1.2 s; peak memory 1145 MiB.
2026-10-02T17:05:31Z INFO [159/500] 247542ad-8332-40a0-a0c8-0fb8f36fce44: 4700 chunks; 11.0 s; peak memory 1145 MiB.
2026-10-02T17:05:36Z INFO [160/500] 2475686e-5f53-401f-973a-4b454b0774a8: 1022 chunks; 4.8 s; peak memory 1145 MiB.
2026-10-02T17:05:37Z INFO [161/500] 24768c14-5eef-455d-aafb-98aa57a719f8: 48 chunks; 1.1 s; peak memory 1145 MiB.
2026-10-02T17:05:39Z INFO [162/500] 2476aaf4-f76f-4b05-9263-f8b7640c036a: 937 chunks; 2.0 s; peak memory 1145 MiB.
2026-10-02T17:05:42Z INFO [163/500] 2476c25f-79df-428e-b86c-970a26864561: 156 chunks; 2.8 s; peak memory 1145 MiB.
2026-10-02T17:05:53Z INFO [164/500] 2476d1fc-d2cc-483a-bf6c-38f8cdf53b2c: 38722 chunks; 11.4 s; peak memory 1145 MiB.
2026-10-02T17:05:54Z INFO [165/500] 2477b47b-5d21-4370-a432-3801353c3efa: 117 chunks; 1.1 s; peak memory 1145 MiB.
2026-10-02T17:05:55Z INFO [166/500] 2478c3d4-d33e-423d-a3c8-88eeb5251fdb: 48 chunks; 1.0 s; peak memory 1145 MiB.
2026-10-02T17:05:57Z INFO [167/500] 2479757b-3156-4a39-8616-de7919a30d43: 71 chunks; 1.8 s; peak memory 1145 MiB.
2026-10-02T17:05:58Z INFO [168/500] 2479d1eb-be57-422e-be49-aecb13ba2ad7: 61 chunks; 1.3 s; peak memory 1145 MiB.
2026-10-02T17:06:01Z INFO [169/500] 247a868b-aced-4ee3-8b66-b54c0b4dbb89: 123 chunks; 2.4 s; peak memory 1145 MiB.
2026-10-02T17:08:25Z INFO [170/500] 247b88bf-18ac-49be-9ad4-cc272090140d: 44860 chunks; 144.7 s; peak memory 1145 MiB.
2026-10-02T17:08:26Z INFO [171/500] 247ba227-adab-479d-86f7-6ef0f5eec481: 48 chunks; 1.0 s; peak memory 1145 MiB.
2026-10-02T17:08:46Z INFO [172/500] 247bce95-3284-4f01-a26d-8079e085f8f8: 6040 chunks; 19.6 s; peak memory 1145 MiB.
2026-10-02T17:08:47Z INFO [173/500] 247c70a5-b4c0-4c67-ad0e-490610c961aa: 57 chunks; 0.7 s; peak memory 1145 MiB.
2026-10-02T17:08:47Z INFO [174/500] 247d14f3-3ec8-4a3a-916b-1667ed9bf05f: 35 chunks; 0.7 s; peak memory 1145 MiB.
2026-10-02T17:08:48Z INFO [175/500] 247f26bc-cdbe-41e5-8ac0-56e385509e69: 112 chunks; 1.1 s; peak memory 1145 MiB.
2026-10-02T17:08:51Z INFO [176/500] 247f5233-8c1e-47bd-a1a5-69b6c2298828: 121 chunks; 2.0 s; peak memory 1145 MiB.
2026-10-02T17:08:52Z INFO [177/500] 24803bd2-52c2-40a1-9575-993ed9deea17: 48 chunks; 1.1 s; peak memory 1145 MiB.
2026-10-02T17:08:53Z INFO [178/500] 24809641-6280-41c0-82f7-13823587bba4: 67 chunks; 1.3 s; peak memory 1145 MiB.
2026-10-02T17:08:55Z INFO [179/500] 2480f592-0fc2-476f-a5af-b3dcba26fe1e: 115 chunks; 2.3 s; peak memory 1145 MiB.
2026-10-02T17:08:56Z INFO [180/500] 248116e0-da48-49e1-b02e-1f206b019e62: 65 chunks; 1.2 s; peak memory 1145 MiB.
2026-10-02T17:08:57Z INFO [181/500] 24812c97-995a-4459-85b8-4e07bca87d0c: 46 chunks; 0.9 s; peak memory 1145 MiB.
2026-10-02T17:08:58Z INFO [182/500] 2481899c-186a-4a0c-a02e-d780af149595: 118 chunks; 1.1 s; peak memory 1145 MiB.
2026-10-02T17:09:00Z INFO [183/500] 2481e495-133d-4705-91e3-c83497edf46d: 69 chunks; 1.5 s; peak memory 1145 MiB.
2026-10-02T17:09:05Z INFO [184/500] 24824fee-9321-4fa7-b1a0-396fc7015aa4: 238 chunks; 5.1 s; peak memory 1145 MiB.
2026-10-02T17:09:06Z INFO [185/500] 2482c85d-bd7a-42e8-8236-7075684b9d25: 48 chunks; 1.1 s; peak memory 1145 MiB.
2026-10-02T17:09:07Z INFO [186/500] 2483038f-d4da-4817-9d49-be51ea642e4e: 112 chunks; 1.2 s; peak memory 1145 MiB.
2026-10-02T17:09:09Z INFO [187/500] 2484561b-d51a-4333-97d2-faed45a1f2ad: 66 chunks; 1.4 s; peak memory 1145 MiB.
2026-10-02T17:09:10Z INFO [188/500] 2484aa75-6fd5-4441-bc43-27e3f57c92b7: 118 chunks; 1.0 s; peak memory 1145 MiB.
2026-10-02T17:09:11Z INFO [189/500] 24854228-0a30-4f5f-90c8-2058740d9b6e: 48 chunks; 1.2 s; peak memory 1145 MiB.
2026-10-02T17:09:20Z INFO [190/500] 24854b52-f8ff-4711-9f40-7c8bb6a3bc41: 749 chunks; 9.0 s; peak memory 1145 MiB.
2026-10-02T17:09:22Z INFO [191/500] 2486c812-89d3-43b5-a3a7-2c1a7eb79a4d: 156 chunks; 2.6 s; peak memory 1145 MiB.
2026-10-02T17:09:24Z INFO [192/500] 24879559-ee84-49e3-8799-b5735acfe2bd: 112 chunks; 1.3 s; peak memory 1145 MiB.
2026-10-02T17:09:25Z INFO [193/500] 2489857c-d057-4ce5-9acd-e28b16d6d5d9: 117 chunks; 1.0 s; peak memory 1145 MiB.
2026-10-02T17:09:26Z INFO [194/500] 248a00c8-614e-4e8b-b115-55ad41139379: 48 chunks; 1.1 s; peak memory 1145 MiB.
2026-10-02T17:09:33Z INFO [195/500] 248c1166-f305-45bf-9169-3cbb3c5e6eba: 290 chunks; 7.0 s; peak memory 1145 MiB.
2026-10-02T17:09:34Z INFO [196/500] 248c31ce-37ac-41f8-871a-6178bed09e2e: 48 chunks; 1.0 s; peak memory 1145 MiB.
2026-10-02T17:09:35Z INFO [197/500] 248cd6d2-8784-47ca-a6fb-d81713eeb0a1: 116 chunks; 1.1 s; peak memory 1145 MiB.
2026-10-02T17:09:36Z INFO [198/500] 248d69f3-1d44-4b30-81d1-45a6cd73908c: 69 chunks; 1.1 s; peak memory 1145 MiB.
2026-10-02T17:09:42Z INFO [199/500] 248eafb5-063d-4396-9835-0561df9d5c97: 2923 chunks; 5.4 s; peak memory 1145 MiB.
2026-10-02T17:09:43Z INFO [200/500] 248f16b0-c8ab-4ae3-81cf-132eca3faafe: 48 chunks; 1.1 s; peak memory 1145 MiB.
2026-10-02T17:09:43Z INFO [200/500] 248f16b0-c8ab-4ae3-81cf-132eca3faafe: checkpointed 64534 records.
2026-10-02T17:09:44Z INFO [201/500] 248faa1e-0687-4d07-88c2-446119ffe687: 69 chunks; 1.5 s; peak memory 1145 MiB.
2026-10-02T17:09:45Z INFO [202/500] 248fbc59-b4b1-46a7-b08e-cdc723c7b089: 48 chunks; 1.1 s; peak memory 1145 MiB.
2026-10-02T17:09:47Z INFO [203/500] 249085d3-1d53-435d-bb73-36012c7e90dd: 48 chunks; 1.1 s; peak memory 1145 MiB.
2026-10-02T17:09:48Z INFO [204/500] 2490a9bf-3632-4fbf-a77d-8583bd5195c5: 115 chunks; 1.1 s; peak memory 1145 MiB.
2026-10-02T17:09:49Z INFO [205/500] 2490e735-81ee-4d10-b1b9-b154f862e87a: 48 chunks; 0.9 s; peak memory 1145 MiB.
2026-10-02T17:09:50Z INFO [206/500] 2491f1d2-f05a-4cac-8801-ccb55c3d7bd0: 47 chunks; 1.7 s; peak memory 1145 MiB.
2026-10-02T17:09:51Z INFO [207/500] 2492828c-8505-4a6e-b996-113e5ece89a5: 117 chunks; 1.2 s; peak memory 1145 MiB.
2026-10-02T17:09:52Z INFO [208/500] 2493abae-d771-4439-86f2-eccd9f01d8ff: 50 chunks; 1.0 s; peak memory 1145 MiB.
2026-10-02T17:09:53Z INFO [209/500] 2493bf2e-90e4-41d0-b47d-ba0ef9de8cf8: 48 chunks; 1.0 s; peak memory 1145 MiB.
2026-10-02T17:09:54Z INFO [210/500] 2493fef8-8e16-459d-815a-8440605efbf9: 33 chunks; 0.6 s; peak memory 1145 MiB.
2026-10-02T17:09:55Z INFO [211/500] 2494d626-bc5e-4ed3-95f0-edfc7b528c57: 46 chunks; 0.9 s; peak memory 1145 MiB.
2026-10-02T17:09:56Z INFO [212/500] 2495512c-0746-4be7-be1c-baf9aca7f384: 52 chunks; 1.1 s; peak memory 1145 MiB.
2026-10-02T17:09:57Z INFO [213/500] 249554c8-a340-4e46-860c-bed7eab3deab: 45 chunks; 0.7 s; peak memory 1145 MiB.
2026-10-02T17:09:58Z INFO [214/500] 24984bb4-5643-45f7-8851-ea969e07ea30: 74 chunks; 1.1 s; peak memory 1145 MiB.
2026-10-02T17:09:59Z INFO [215/500] 2498e487-f825-48d8-9cf4-fce9def05303: 84 chunks; 1.6 s; peak memory 1145 MiB.
2026-10-02T17:10:07Z INFO [216/500] 24999746-90d5-4c5c-ab52-b8b520c7b5e8: 1920 chunks; 7.4 s; peak memory 1145 MiB.
2026-10-02T17:10:08Z INFO [217/500] 2499d490-e1ff-4ded-a66a-d14a999e05e2: 48 chunks; 1.1 s; peak memory 1145 MiB.
2026-10-02T17:10:19Z INFO [218/500] 249a2135-04d1-4f48-a3ba-dbb7a98d7e2a: 12491 chunks; 11.0 s; peak memory 1145 MiB.
2026-10-02T17:10:20Z INFO [219/500] 249aa2f5-9ae4-48d7-a8b4-86c3b69106e5: 70 chunks; 1.6 s; peak memory 1145 MiB.
2026-10-02T17:10:23Z INFO [220/500] 249b39cd-cb66-4cd0-a06d-519d8a677f1b: 172 chunks; 2.5 s; peak memory 1145 MiB.
2026-10-02T17:10:24Z INFO [221/500] 249b6e99-d461-4577-9922-a70cf187e0d4: 117 chunks; 1.3 s; peak memory 1145 MiB.
2026-10-02T17:10:25Z INFO [222/500] 249bfe62-6e72-4aea-a030-367da3e33724: 112 chunks; 1.0 s; peak memory 1145 MiB.
2026-10-02T17:10:27Z INFO [223/500] 249c8efb-13b7-4ed1-beb1-911a9c92767e: 66 chunks; 1.4 s; peak memory 1145 MiB.
2026-10-02T17:10:33Z INFO [224/500] 249eb4e0-ce4b-4592-85a8-032bacb62f49: 17176 chunks; 5.9 s; peak memory 1145 MiB.
2026-10-02T17:10:36Z INFO [225/500] 249ee126-2f86-4bc9-9310-209689dfc4e9: 85 chunks; 3.3 s; peak memory 1145 MiB.
2026-10-02T17:10:37Z INFO [226/500] 249f127f-3869-4403-a234-90cef13c659f: 69 chunks; 0.8 s; peak memory 1145 MiB.
2026-10-02T17:10:42Z INFO [227/500] 249f34f6-de7a-44ce-950e-ba3cbc25769a: 2923 chunks; 4.9 s; peak memory 1145 MiB.
2026-10-02T17:10:43Z INFO [228/500] 24a0fe58-3d5d-410a-8052-cb97d142806e: 48 chunks; 1.1 s; peak memory 1145 MiB.
2026-10-02T17:10:44Z INFO [229/500] 24a1ad06-c731-4bb1-aefb-a7d7a57f32d9: 110 chunks; 1.1 s; peak memory 1145 MiB.
2026-10-02T17:10:44Z INFO [230/500] 24a29f46-4805-49fa-9d51-c2c16f4d8754: 46 chunks; 0.8 s; peak memory 1145 MiB.
2026-10-02T17:12:53Z INFO [231/500] 24a34f13-3fe1-4711-9f79-ac6ba63e234f: 40462 chunks; 129.0 s; peak memory 1145 MiB.
2026-10-02T17:12:59Z INFO [232/500] 24a448bd-ae9a-4154-8946-003648badab8: 1092 chunks; 5.6 s; peak memory 1145 MiB.
2026-10-02T17:13:04Z INFO [233/500] 24a52a36-b4a6-4de0-9148-eedba3cce491: 480 chunks; 4.7 s; peak memory 1145 MiB.
2026-10-02T17:13:05Z INFO [234/500] 24a592f8-77c8-44b7-8b3f-1ca34ac71e39: 69 chunks; 1.6 s; peak memory 1145 MiB.
2026-10-02T17:13:06Z INFO [235/500] 24a59697-fd94-4d83-b228-11837fbb79ed: 57 chunks; 0.7 s; peak memory 1145 MiB.
2026-10-02T17:13:07Z INFO [236/500] 24a5e563-93de-4e9b-a864-27424de330eb: 52 chunks; 1.1 s; peak memory 1145 MiB.
2026-10-02T17:13:12Z INFO [237/500] 24a65db1-167b-4ca3-854a-acc4a76d2e22: 2923 chunks; 4.5 s; peak memory 1145 MiB.
2026-10-02T17:13:13Z INFO [238/500] 24a6b949-33a9-4656-8811-685dfb9b2dfe: 131 chunks; 1.3 s; peak memory 1145 MiB.
2026-10-02T17:13:14Z INFO [239/500] 24a6c0e6-fedd-4c7d-a0eb-8bbd9f2c4166: 48 chunks; 1.1 s; peak memory 1145 MiB.
2026-10-02T17:13:15Z INFO [240/500] 24a80d3b-bf44-4e85-bfd1-3fa0ba8cffa8: 46 chunks; 0.8 s; peak memory 1145 MiB.
2026-10-02T17:16:02Z INFO [241/500] 24a87fa4-a0da-47cb-9c0c-dd0b2addb919: 37805 chunks; 166.5 s; peak memory 1145 MiB.
2026-10-02T17:18:27Z INFO [242/500] 24a8b057-8a8a-4eb5-854f-1cb549202933: 45493 chunks; 145.4 s; peak memory 1145 MiB.
2026-10-02T17:18:28Z INFO [243/500] 24a92512-119d-42b2-8915-f78b8cb67eba: 48 chunks; 1.1 s; peak memory 1145 MiB.
2026-10-02T17:18:30Z INFO [244/500] 24aa386d-e047-4c67-bd38-30e382644840: 125 chunks; 1.9 s; peak memory 1145 MiB.
2026-10-02T17:18:33Z INFO [245/500] 24aaae22-b7f1-4033-8f05-b6a230ba7453: 138 chunks; 2.8 s; peak memory 1145 MiB.
2026-10-02T17:18:34Z INFO [246/500] 24aafd80-62c5-4e9e-b3f7-d6962d07c238: 46 chunks; 1.0 s; peak memory 1145 MiB.
2026-10-02T17:19:25Z INFO [247/500] 24ad07c6-2a49-4c76-902f-5ed0b0946420: 26162 chunks; 51.7 s; peak memory 1145 MiB.
2026-10-02T17:19:27Z INFO [248/500] 24ad32fa-dd2f-4da4-99f3-a34b1be1796c: 110 chunks; 1.3 s; peak memory 1145 MiB.
2026-10-02T17:19:28Z INFO [249/500] 24ae5722-a088-41b6-b746-0e76bb787f52: 46 chunks; 1.1 s; peak memory 1145 MiB.
2026-10-02T17:19:29Z INFO [250/500] 24af45fc-01fe-4b49-ae8e-f915c3e02827: 66 chunks; 1.2 s; peak memory 1145 MiB.
2026-10-02T17:19:29Z INFO [250/500] 24af45fc-01fe-4b49-ae8e-f915c3e02827: checkpointed 64584 records.
2026-10-02T17:21:26Z INFO [251/500] 24b10f12-7276-4468-9851-7d8717645c50: 37716 chunks; 116.9 s; peak memory 1145 MiB.
2026-10-02T17:21:31Z INFO [252/500] 24b1c3a9-2b2b-4f39-a76c-13edc9463a1e: 10733 chunks; 5.1 s; peak memory 1145 MiB.
2026-10-02T17:21:32Z INFO [253/500] 24b26828-1efa-4cb9-b09c-9b66bf877dca: 48 chunks; 1.1 s; peak memory 1145 MiB.
2026-10-02T17:21:33Z INFO [254/500] 24b27f47-e169-48ca-8e3e-f7ab5a10871b: 52 chunks; 1.1 s; peak memory 1145 MiB.
2026-10-02T17:21:34Z INFO [255/500] 24b280ea-38b6-40c8-bd21-4178f077bfe2: 48 chunks; 1.0 s; peak memory 1145 MiB.
2026-10-02T17:21:36Z INFO [256/500] 24b2ad43-4d4d-47a0-aaff-04ffdaf4e145: 78 chunks; 1.1 s; peak memory 1145 MiB.
2026-10-02T17:21:37Z INFO [257/500] 24b2e287-7192-463e-952b-efcb7ef1befe: 64 chunks; 1.8 s; peak memory 1145 MiB.
2026-10-02T17:21:38Z INFO [258/500] 24b2ee72-5dd8-4934-8118-b8e82b9e8b1a: 46 chunks; 0.7 s; peak memory 1145 MiB.
2026-10-02T17:21:44Z INFO [259/500] 24b345d9-5178-4cef-baa9-84e6e35a0fab: 22580 chunks; 6.0 s; peak memory 1145 MiB.
2026-10-02T17:21:55Z INFO [260/500] 24b38da3-c1b8-4254-865f-192c269d3cac: 1363 chunks; 11.3 s; peak memory 1145 MiB.
2026-10-02T17:21:57Z INFO [261/500] 24b4817c-e965-422c-8368-19be32db8788: 66 chunks; 1.9 s; peak memory 1145 MiB.
2026-10-02T17:22:18Z INFO [262/500] 24b4f361-1138-477d-b6b5-94fd2ec6ea7f: 137851 chunks; 20.7 s; peak memory 1145 MiB.
2026-10-02T17:24:16Z INFO [263/500] 24b51ec1-281c-4a41-8dcf-f8b7f85d76dd: 38398 chunks; 118.3 s; peak memory 1145 MiB.
2026-10-02T17:24:18Z INFO [264/500] 24b58848-27cd-4d4e-92b9-1804602df8ac: 70 chunks; 1.5 s; peak memory 1145 MiB.
2026-10-02T17:24:19Z INFO [265/500] 24b5cb77-7515-48b3-8815-40f024787106: 72 chunks; 1.2 s; peak memory 1145 MiB.
2026-10-02T17:24:27Z INFO [266/500] 24b703b5-530e-4ee1-9c3e-bef5bdc81fc0: 6299 chunks; 8.3 s; peak memory 1145 MiB.
2026-10-02T17:24:28Z INFO [267/500] 24b7ef72-4b36-47d8-a860-14c584901256: 48 chunks; 1.0 s; peak memory 1145 MiB.
2026-10-02T17:24:32Z INFO [268/500] 24b828c3-1dc6-491b-a201-ddb3f90fcad0: 2247 chunks; 3.7 s; peak memory 1145 MiB.
2026-10-02T17:24:34Z INFO [269/500] 24b8cd7f-f4fd-45ba-90af-ef4ba009e1ea: 70 chunks; 2.0 s; peak memory 1145 MiB.
2026-10-02T17:24:35Z INFO [270/500] 24b970be-8b4f-4383-ba72-408e461b9c10: 48 chunks; 1.0 s; peak memory 1145 MiB.
2026-10-02T17:24:37Z INFO [271/500] 24b9edb1-27a2-46e4-8210-40da316bc007: 66 chunks; 2.0 s; peak memory 1145 MiB.
2026-10-02T17:24:38Z INFO [272/500] 24bad2c2-ee4c-4996-bbad-2ec2bf662b0e: 52 chunks; 0.8 s; peak memory 1145 MiB.
2026-10-02T17:24:39Z INFO [273/500] 24bb6aa8-d04e-4954-93cc-97e0d60b3438: 48 chunks; 1.1 s; peak memory 1145 MiB.
2026-10-02T17:25:24Z INFO [274/500] 24bbbd32-6af7-4488-99df-243822d9b4d8: 22322 chunks; 45.5 s; peak memory 1145 MiB.
2026-10-02T17:25:28Z INFO [275/500] 24bd6187-bad3-4677-81fd-cfd525c4bb1c: 3386 chunks; 3.9 s; peak memory 1145 MiB.
2026-10-02T17:25:30Z INFO [276/500] 24bd7a5b-0537-42e6-a1d4-92e0ff9cec7a: 118 chunks; 1.2 s; peak memory 1145 MiB.
2026-10-02T17:25:31Z INFO [277/500] 24bda8ce-e324-4395-88d7-f27c32be1e58: 48 chunks; 1.0 s; peak memory 1145 MiB.
2026-10-02T17:25:36Z INFO [278/500] 24bdaede-5986-4583-8641-86c25f8f57fc: 350 chunks; 5.8 s; peak memory 1145 MiB.
2026-10-02T17:25:37Z INFO [279/500] 24bddffc-fb2f-438e-b2ba-c9a2fe566b0e: 69 chunks; 1.1 s; peak memory 1145 MiB.
2026-10-02T17:25:52Z INFO [280/500] 24be3e69-66d0-473d-ad1b-42800a4195f4: 8229 chunks; 14.8 s; peak memory 1145 MiB.
2026-10-02T17:25:55Z INFO [281/500] 24be9773-6a0b-4d5a-b2fe-612fc8648ee3: 119 chunks; 2.3 s; peak memory 1145 MiB.
2026-10-02T17:25:56Z INFO [282/500] 24bee6bb-6abd-4053-8c14-fcd72d08700a: 48 chunks; 1.1 s; peak memory 1145 MiB.
2026-10-02T17:25:56Z INFO [283/500] 24c084be-ea4a-4610-9e99-7408b1ec33fe: 37 chunks; 0.7 s; peak memory 1145 MiB.
2026-10-02T17:25:57Z INFO [284/500] 24c10471-c6c1-4710-9e9d-fc1f9c3e1fbf: 117 chunks; 1.1 s; peak memory 1145 MiB.
2026-10-02T17:25:58Z INFO [285/500] 24c1b9c3-60b2-488d-ab70-a283fcef05b7: 48 chunks; 1.0 s; peak memory 1145 MiB.
2026-10-02T17:26:00Z INFO [286/500] 24c2b712-626f-4564-b1db-d53928e0e482: 275 chunks; 1.4 s; peak memory 1145 MiB.
2026-10-02T17:26:01Z INFO [287/500] 24c3fe62-27e4-4160-a93e-57e45b19573b: 117 chunks; 1.0 s; peak memory 1145 MiB.
2026-10-02T17:26:02Z INFO [288/500] 24c434e7-4c8d-455d-9bab-08a1a223e5c3: 56 chunks; 0.7 s; peak memory 1145 MiB.
2026-10-02T17:26:02Z INFO [289/500] 24c45f12-e40c-4529-b836-09653b372265: 37 chunks; 0.6 s; peak memory 1145 MiB.
2026-10-02T17:26:03Z INFO [290/500] 24c463d1-bb70-45f4-8483-871f87f725f4: 62 chunks; 1.2 s; peak memory 1145 MiB.
2026-10-02T17:26:05Z INFO [291/500] 24c46e6c-2b39-4264-88ea-c6816cd147e8: 112 chunks; 1.4 s; peak memory 1145 MiB.
2026-10-02T17:26:06Z INFO [292/500] 24c504d4-335c-40de-8b2b-78c163cb0d68: 118 chunks; 1.1 s; peak memory 1145 MiB.
2026-10-02T17:26:07Z INFO [293/500] 24c52803-3622-480a-b69b-f2d5c9e89cdb: 46 chunks; 1.0 s; peak memory 1145 MiB.
2026-10-02T17:26:08Z INFO [294/500] 24c55cf4-9dff-422f-a629-d13c0842b869: 52 chunks; 1.0 s; peak memory 1145 MiB.
2026-10-02T17:26:10Z INFO [295/500] 24c5905c-20e9-471d-9e56-2321ce9f0646: 71 chunks; 2.3 s; peak memory 1145 MiB.
2026-10-02T17:26:12Z INFO [296/500] 24c5a47f-645c-4ec7-8d91-53da5997b931: 71 chunks; 1.5 s; peak memory 1145 MiB.
2026-10-02T17:26:34Z INFO [297/500] 24c5c341-386a-4878-a132-04009d5c9cb7: 6578 chunks; 22.1 s; peak memory 1145 MiB.
2026-10-02T17:26:35Z INFO [298/500] 24c60859-fa6f-4b66-ac1e-e95f586ee12c: 118 chunks; 1.3 s; peak memory 1145 MiB.
2026-10-02T17:26:37Z INFO [299/500] 24c66f3f-89bd-4fa1-aa6c-0341f1cbca73: 112 chunks; 1.5 s; peak memory 1145 MiB.
2026-10-02T17:28:40Z INFO [300/500] 24c6fab8-7f67-4a64-b975-6de3a6197639: 37802 chunks; 123.8 s; peak memory 1145 MiB.
2026-10-02T17:28:41Z INFO [300/500] 24c6fab8-7f67-4a64-b975-6de3a6197639: checkpointed 64634 records.
2026-10-02T17:28:42Z INFO [301/500] 24c740f0-2910-47f8-878e-8aa37a529f00: 52 chunks; 1.5 s; peak memory 1145 MiB.
2026-10-02T17:28:49Z INFO [302/500] 24c741ea-d62e-415f-a969-da85264fd6a0: 18422 chunks; 6.9 s; peak memory 1145 MiB.
2026-10-02T17:28:50Z INFO [303/500] 24c74446-eae3-4691-9f94-4b09f635378d: 117 chunks; 1.0 s; peak memory 1145 MiB.
2026-10-02T17:28:51Z INFO [304/500] 24c753da-5905-4224-b99f-34205c61efff: 52 chunks; 1.1 s; peak memory 1145 MiB.
2026-10-02T17:28:52Z INFO [305/500] 24ca8f6c-f124-455f-8f81-ecfbfe887750: 59 chunks; 1.0 s; peak memory 1145 MiB.
2026-10-02T17:28:53Z INFO [306/500] 24cb36fb-0de5-48df-91f3-89e181ad3a28: 48 chunks; 1.0 s; peak memory 1145 MiB.
2026-10-02T17:28:54Z INFO [307/500] 24cb435f-14d1-43b7-adad-a5a46b401031: 48 chunks; 1.0 s; peak memory 1145 MiB.
2026-10-02T17:28:56Z INFO [308/500] 24cc4891-5fd6-485b-ba81-83a6a270cc79: 107 chunks; 1.9 s; peak memory 1145 MiB.
2026-10-02T17:28:58Z INFO [309/500] 24cc5179-2b2d-4b5b-8668-0e3c5751fac6: 115 chunks; 2.4 s; peak memory 1145 MiB.
2026-10-02T17:29:01Z INFO [310/500] 24ccfa8f-67f9-4537-84b7-e5a8be6b1cda: 156 chunks; 2.8 s; peak memory 1145 MiB.
2026-10-02T17:29:03Z INFO [311/500] 24cd13df-26c1-42ad-ac9b-e7faec014d4c: 118 chunks; 2.0 s; peak memory 1145 MiB.
2026-10-02T17:31:18Z INFO [312/500] 24cd5441-6770-4b70-9460-0317ae441efd: 40558 chunks; 134.8 s; peak memory 1145 MiB.
2026-10-02T17:31:22Z INFO [313/500] 24cdc1ce-1b51-4a03-abdd-b61bcd6d37f9: 3218 chunks; 4.6 s; peak memory 1145 MiB.
2026-10-02T17:31:24Z INFO [314/500] 24ce0a86-6ee4-4480-910a-86e2406a5a38: 66 chunks; 1.9 s; peak memory 1145 MiB.
2026-10-02T17:31:25Z INFO [315/500] 24ced82e-8470-4f42-a8b2-53e399009fe2: 48 chunks; 1.0 s; peak memory 1145 MiB.
2026-10-02T17:31:26Z INFO [316/500] 24cedca9-d97f-4686-aeb2-539a980dd3d2: 112 chunks; 1.1 s; peak memory 1145 MiB.
2026-10-02T17:31:40Z INFO [317/500] 24cf2a1e-86e2-4bde-92c6-c0fc8809fc7e: 3799 chunks; 13.3 s; peak memory 1145 MiB.
2026-10-02T17:31:41Z INFO [318/500] 24cfabf3-a6bb-4ee0-8168-b2483cbfec74: 65 chunks; 1.0 s; peak memory 1145 MiB.
2026-10-02T17:31:42Z INFO [319/500] 24cfd316-ddfd-4f85-a2bb-938da3281e6f: 69 chunks; 0.9 s; peak memory 1145 MiB.
2026-10-02T17:31:43Z INFO [320/500] 24cfdaa5-683c-4ad9-9dd5-3a9c4ddf6b23: 48 chunks; 1.0 s; peak memory 1145 MiB.
2026-10-02T17:31:44Z INFO [321/500] 24d10584-5619-4688-bfd6-73addda44912: 117 chunks; 1.1 s; peak memory 1145 MiB.
2026-10-02T17:31:45Z INFO [322/500] 24d109b2-e7f4-425d-b6af-75725afd513a: 50 chunks; 1.4 s; peak memory 1145 MiB.
2026-10-02T17:32:08Z INFO [323/500] 24d142ce-7121-42fa-bece-eb2ae21a939f: 6139 chunks; 23.0 s; peak memory 1145 MiB.
2026-10-02T17:32:13Z INFO [324/500] 24d2472b-685f-4e5e-a13a-a1947e8842f5: 4535 chunks; 4.7 s; peak memory 1145 MiB.
2026-10-02T17:32:23Z INFO [325/500] 24d2b361-2bdb-41c5-b906-17e69c127f20: 2206 chunks; 9.8 s; peak memory 1145 MiB.
2026-10-02T17:32:24Z INFO [326/500] 24d32797-9e86-4672-b1e0-8f989334fbee: 112 chunks; 1.3 s; peak memory 1145 MiB.
2026-10-02T17:32:25Z INFO [327/500] 24d3ccf9-d5bb-4521-a7f5-97819ac46a64: 121 chunks; 1.0 s; peak memory 1145 MiB.
2026-10-02T17:32:26Z INFO [328/500] 24d3fbdf-6da4-4026-b63d-0e9a029e1ac2: 117 chunks; 1.1 s; peak memory 1145 MiB.
2026-10-02T17:32:31Z INFO [329/500] 24d47f1a-a69f-47b0-83ec-6fe9071326ac: 420 chunks; 5.3 s; peak memory 1145 MiB.
2026-10-02T17:33:36Z INFO [330/500] 24d4ed1e-cfe3-46af-888f-7792fe15b81b: 550 chunks; 65.0 s; peak memory 1145 MiB.
2026-10-02T17:33:38Z INFO [331/500] 24d51d79-b657-4cf8-9f00-1ec551608a10: 49 chunks; 1.3 s; peak memory 1145 MiB.
2026-10-02T17:33:39Z INFO [332/500] 24d63721-c441-46f6-9e49-ad819ff88c87: 48 chunks; 1.1 s; peak memory 1145 MiB.
2026-10-02T17:33:40Z INFO [333/500] 24d64f79-2f5c-4612-895a-2d968608c1b6: 69 chunks; 0.8 s; peak memory 1145 MiB.
2026-10-02T17:33:41Z INFO [334/500] 24d6b391-9c0e-421b-8190-aef257fe173b: 117 chunks; 1.1 s; peak memory 1145 MiB.
2026-10-02T17:33:41Z INFO [335/500] 24d72777-5ab9-4423-9d06-cfbf771e1498: 46 chunks; 0.7 s; peak memory 1145 MiB.
2026-10-02T17:33:42Z INFO [336/500] 24d86463-496e-422b-8ffa-439a2480e1f3: 48 chunks; 1.0 s; peak memory 1145 MiB.
2026-10-02T17:33:44Z INFO [337/500] 24d8cff2-0df5-4b23-898e-519f30ad6a70: 118 chunks; 1.3 s; peak memory 1145 MiB.
2026-10-02T17:33:45Z INFO [338/500] 24d98aa7-fc3a-45be-bcd8-07e9eed9fe83: 124 chunks; 1.6 s; peak memory 1145 MiB.
2026-10-02T17:33:46Z INFO [339/500] 24d9e72e-af5b-4d50-b2c5-5c990140b693: 46 chunks; 1.0 s; peak memory 1145 MiB.
2026-10-02T17:33:48Z INFO [340/500] 24da1db4-13c0-4147-8242-3ebd05d63a29: 74 chunks; 1.3 s; peak memory 1145 MiB.
2026-10-02T17:33:49Z INFO [341/500] 24da598b-9716-417b-99fc-b197eeb2952b: 118 chunks; 1.0 s; peak memory 1145 MiB.
2026-10-02T17:33:50Z INFO [342/500] 24da68bd-40fe-4716-a5c7-e707e8fae5a0: 112 chunks; 1.3 s; peak memory 1145 MiB.
2026-10-02T17:33:51Z INFO [343/500] 24daa636-ad4e-4cf9-8704-8f4c024cc8a6: 58 chunks; 0.8 s; peak memory 1145 MiB.
2026-10-02T17:33:52Z INFO [344/500] 24dbc55e-216c-492d-baf4-59b700a30a2d: 84 chunks; 1.0 s; peak memory 1145 MiB.
2026-10-02T17:33:53Z INFO [345/500] 24dc3c9e-c8dd-40af-9864-16a580398687: 48 chunks; 1.2 s; peak memory 1145 MiB.
2026-10-02T17:33:54Z INFO [346/500] 24dcefcd-8e43-4280-b04d-af12e4ba306a: 117 chunks; 1.1 s; peak memory 1145 MiB.
2026-10-02T17:33:56Z INFO [347/500] 24de7e04-70fd-412c-8c94-2de764a31ce2: 119 chunks; 2.0 s; peak memory 1145 MiB.
2026-10-02T17:33:57Z INFO [348/500] 24df33c1-0722-4be5-ba35-27f6b86cce19: 51 chunks; 1.3 s; peak memory 1145 MiB.
2026-10-02T17:33:59Z INFO [349/500] 24df40bc-5a5e-4a5b-8c4c-95f01f9e74ef: 48 chunks; 1.3 s; peak memory 1145 MiB.
2026-10-02T17:34:01Z INFO [350/500] 24df4bb4-73d5-4ca8-93e0-ebcf795915c3: 119 chunks; 2.8 s; peak memory 1145 MiB.
2026-10-02T17:34:02Z INFO [350/500] 24df4bb4-73d5-4ca8-93e0-ebcf795915c3: checkpointed 64684 records.
2026-10-02T17:34:03Z INFO [351/500] 24df934d-fcb9-4b1a-a839-1a989bdb788d: 114 chunks; 1.3 s; peak memory 1145 MiB.
2026-10-02T17:34:18Z INFO [352/500] 24dfa847-c982-4668-82e6-4f5b47ce53ad: 4615 chunks; 14.8 s; peak memory 1145 MiB.
2026-10-02T17:34:19Z INFO [353/500] 24dfb42d-cedc-402a-bd7f-f44f43115f2d: 47 chunks; 1.0 s; peak memory 1145 MiB.
2026-10-02T17:34:19Z INFO [354/500] 24e0fd1d-6df8-43b8-bc8c-ca950d05c73c: 46 chunks; 0.7 s; peak memory 1145 MiB.
2026-10-02T17:34:22Z INFO [355/500] 24e10b80-4322-4357-937d-0c9cd1ebc757: 156 chunks; 2.8 s; peak memory 1145 MiB.
2026-10-02T17:34:24Z INFO [356/500] 24e12d2f-587b-4004-a004-9534bc4f1d9b: 68 chunks; 1.3 s; peak memory 1145 MiB.
2026-10-02T17:34:25Z INFO [357/500] 24e2b2b4-918f-48a8-b331-844bba43c872: 106 chunks; 1.7 s; peak memory 1145 MiB.
2026-10-02T17:34:26Z INFO [358/500] 24e2e221-ad9a-48ae-a24f-6767a373b3fd: 57 chunks; 0.9 s; peak memory 1145 MiB.
2026-10-02T17:34:37Z INFO [359/500] 24e3570c-c553-420c-983d-0a0b8d10a834: 16478 chunks; 10.3 s; peak memory 1145 MiB.
2026-10-02T17:34:38Z INFO [360/500] 24e378b0-1e40-4136-a861-2d2696c7e8c1: 71 chunks; 1.6 s; peak memory 1145 MiB.
2026-10-02T17:34:39Z INFO [361/500] 24e4ead9-6a0b-410b-96c9-37d00442f115: 48 chunks; 1.2 s; peak memory 1145 MiB.
2026-10-02T17:34:41Z INFO [362/500] 24e51c45-0d13-4b29-b1ce-1b06ba121e77: 48 chunks; 1.2 s; peak memory 1145 MiB.
2026-10-02T17:36:39Z INFO [363/500] 24e5555a-12ab-4cd0-83b1-d03407de3063: 45365 chunks; 118.9 s; peak memory 1145 MiB.
2026-10-02T17:36:41Z INFO [364/500] 24e5be5d-afe7-4151-9a1a-e7ae24ada033: 79 chunks; 1.3 s; peak memory 1145 MiB.
2026-10-02T17:36:42Z INFO [365/500] 24e5efcb-a153-41c1-a90a-a3f4192d0871: 118 chunks; 1.2 s; peak memory 1145 MiB.
2026-10-02T17:36:43Z INFO [366/500] 24e641e5-45bd-4e2b-863c-5f4eeafd9bc0: 112 chunks; 1.4 s; peak memory 1145 MiB.
2026-10-02T17:36:44Z INFO [367/500] 24e8096c-18c2-44da-8257-684f4df6c1ed: 48 chunks; 1.1 s; peak memory 1145 MiB.
2026-10-02T17:36:46Z INFO [368/500] 24e8233c-46b6-4db6-bbed-61996c28c890: 71 chunks; 1.9 s; peak memory 1145 MiB.
2026-10-02T17:36:47Z INFO [369/500] 24e82e82-67f1-4617-9bab-215250f80fd2: 46 chunks; 0.9 s; peak memory 1145 MiB.
2026-10-02T17:36:49Z INFO [370/500] 24e94aaf-b2e9-4bbb-bd29-64ce2638ef4d: 50 chunks; 1.5 s; peak memory 1145 MiB.
2026-10-02T17:36:51Z INFO [371/500] 24eafe26-49ab-49bd-909e-60d1c1c56d42: 933 chunks; 2.0 s; peak memory 1145 MiB.
2026-10-02T17:37:42Z INFO [372/500] 24eb28b1-23ac-4c75-a2f8-75d0b5edc791: 25653 chunks; 51.3 s; peak memory 1145 MiB.
2026-10-02T17:37:44Z INFO [373/500] 24ecdcc0-80d8-4d35-a9dd-4662e6f8c773: 119 chunks; 2.1 s; peak memory 1145 MiB.
2026-10-02T17:37:46Z INFO [374/500] 24ed1219-2771-4ace-a30d-de17ea4ef663: 71 chunks; 1.5 s; peak memory 1145 MiB.
2026-10-02T17:37:47Z INFO [375/500] 24ed1d50-1a87-4b5c-bfa3-1320202bdf9b: 69 chunks; 1.2 s; peak memory 1145 MiB.
2026-10-02T17:37:48Z INFO [376/500] 24ed6191-8c09-41d0-9a42-e548c8994797: 57 chunks; 0.7 s; peak memory 1145 MiB.
2026-10-02T17:37:48Z INFO [377/500] 24ee3c86-1f12-43cc-9445-8e83f5b5ad8d: 46 chunks; 0.9 s; peak memory 1145 MiB.
2026-10-02T17:37:50Z INFO [378/500] 24ef981d-bfe9-492d-85a5-6fd4d383c400: 49 chunks; 1.2 s; peak memory 1145 MiB.
2026-10-02T17:37:50Z INFO [379/500] 24f0fe08-4570-4a4d-9f4a-fab97eb8052a: 46 chunks; 0.9 s; peak memory 1145 MiB.
2026-10-02T17:37:53Z INFO [380/500] 24f10bce-1ddc-43d4-ae9b-84195e27ec23: 163 chunks; 2.1 s; peak memory 1145 MiB.
2026-10-02T17:37:54Z INFO [381/500] 24f11e1d-6db3-40f5-9723-86f757450f6f: 116 chunks; 1.1 s; peak memory 1145 MiB.
2026-10-02T17:37:56Z INFO [382/500] 24f18712-d810-41ef-86de-7f7b79998d45: 115 chunks; 2.6 s; peak memory 1145 MiB.
2026-10-02T17:37:57Z INFO [383/500] 24f23399-1614-447d-9094-3dd85ae0419e: 116 chunks; 1.1 s; peak memory 1145 MiB.
2026-10-02T17:38:00Z INFO [384/500] 24f248c6-c229-48a7-8368-067f4f75b19d: 125 chunks; 2.5 s; peak memory 1145 MiB.
2026-10-02T17:38:09Z INFO [385/500] 24f2718c-4902-465c-9539-f4199c064c89: 9594 chunks; 9.3 s; peak memory 1145 MiB.
2026-10-02T17:39:50Z INFO [386/500] 24f32616-d078-4f7c-930d-2a7634037bda: 45935 chunks; 100.5 s; peak memory 1145 MiB.
2026-10-02T17:39:51Z INFO [387/500] 24f34fd3-7481-4f1b-9b0c-8f322e647bd6: 71 chunks; 1.6 s; peak memory 1145 MiB.
2026-10-02T17:39:52Z INFO [388/500] 24f36eed-c736-4a58-b483-560df55f30c9: 46 chunks; 0.8 s; peak memory 1145 MiB.
2026-10-02T17:39:53Z INFO [389/500] 24f388eb-c593-4445-9674-5baa854f3681: 48 chunks; 1.1 s; peak memory 1145 MiB.
2026-10-02T17:39:54Z INFO [390/500] 24f40564-5ef9-41b2-b40f-339f358c8697: 62 chunks; 1.4 s; peak memory 1145 MiB.
2026-10-02T17:39:56Z INFO [391/500] 24f4826b-3978-4472-ac46-c69eda785c46: 117 chunks; 1.0 s; peak memory 1145 MiB.
2026-10-02T17:40:01Z INFO [392/500] 24f53269-51b7-41a3-8ba9-66e4b4a5c4a6: 2923 chunks; 5.7 s; peak memory 1145 MiB.
2026-10-02T17:40:02Z INFO [393/500] 24f5a27f-79bf-4100-bdc2-99a1af5e4b5e: 117 chunks; 1.1 s; peak memory 1145 MiB.
2026-10-02T17:40:11Z INFO [394/500] 24f5bdd4-312f-4500-8103-8c67a00defab: 11594 chunks; 8.5 s; peak memory 1145 MiB.
2026-10-02T17:40:12Z INFO [395/500] 24f6778f-cea2-443f-bcfa-21df1849ed68: 67 chunks; 1.6 s; peak memory 1145 MiB.
2026-10-02T17:40:15Z INFO [396/500] 24f67bc7-ba0c-4b33-b944-725d3ea6cedb: 172 chunks; 2.9 s; peak memory 1145 MiB.
2026-10-02T17:40:16Z INFO [397/500] 24f72e24-c4ae-4dfb-afe1-4b9d4ebafc87: 191 chunks; 1.1 s; peak memory 1145 MiB.
2026-10-02T17:40:17Z INFO [398/500] 24f787d7-1c49-4a1b-b0cc-cdab5b28e010: 56 chunks; 0.8 s; peak memory 1145 MiB.
2026-10-02T17:40:19Z INFO [399/500] 24f8392e-ef87-433c-9c9d-0029a2460306: 112 chunks; 1.3 s; peak memory 1145 MiB.
2026-10-02T17:40:21Z INFO [400/500] 24f85fed-a1b1-4a63-8fe1-b8afdae88385: 90 chunks; 2.0 s; peak memory 1145 MiB.
2026-10-02T17:40:21Z INFO [400/500] 24f85fed-a1b1-4a63-8fe1-b8afdae88385: checkpointed 64734 records.
2026-10-02T17:40:22Z INFO [401/500] 24f8be91-2193-4851-8ced-4f43b20789e0: 66 chunks; 1.5 s; peak memory 1145 MiB.
2026-10-02T17:40:23Z INFO [402/500] 24f8f7d1-999f-43ae-960f-cea7868d7aa7: 37 chunks; 0.9 s; peak memory 1145 MiB.
2026-10-02T17:40:24Z INFO [403/500] 24f96476-79ad-4c08-a8b8-ba64f6b05afe: 56 chunks; 0.7 s; peak memory 1145 MiB.
2026-10-02T17:40:33Z INFO [404/500] 24fa0df4-f778-43d7-abde-5f039c1aa6cc: 20079 chunks; 9.5 s; peak memory 1145 MiB.
2026-10-02T17:40:35Z INFO [405/500] 24fa1a80-d0bf-4900-bed9-c70b068d44bd: 48 chunks; 1.2 s; peak memory 1145 MiB.
2026-10-02T17:40:36Z INFO [406/500] 24fa3408-7fdf-406c-af87-ae5cac95627c: 48 chunks; 1.0 s; peak memory 1145 MiB.
2026-10-02T17:40:37Z INFO [407/500] 24faa372-e42b-4b55-aa92-84f8590d4297: 66 chunks; 1.6 s; peak memory 1145 MiB.
2026-10-02T17:40:40Z INFO [408/500] 24fb3693-3d62-40ee-bb13-c2a230679adb: 156 chunks; 2.7 s; peak memory 1145 MiB.
2026-10-02T17:40:43Z INFO [409/500] 24fbc240-1ab4-43a1-b997-9ad9b5579b02: 116 chunks; 2.7 s; peak memory 1145 MiB.
2026-10-02T17:40:45Z INFO [410/500] 24fc8b49-23c4-4e4c-97d9-316239f7cd8f: 71 chunks; 2.2 s; peak memory 1145 MiB.
2026-10-02T17:40:48Z INFO [411/500] 24fc8f48-c353-4419-842b-940d3d8f7472: 293 chunks; 3.5 s; peak memory 1145 MiB.
2026-10-02T17:40:50Z INFO [412/500] 24fcc682-77b0-48f5-9b55-1601931959c1: 71 chunks; 1.5 s; peak memory 1145 MiB.
2026-10-02T17:40:51Z INFO [413/500] 24fceac7-a764-434d-886f-57810ae7764b: 117 chunks; 1.0 s; peak memory 1145 MiB.
2026-10-02T17:41:01Z INFO [414/500] 24fd13f0-d2e3-4d23-a613-004a39a5e612: 2179 chunks; 9.9 s; peak memory 1145 MiB.
2026-10-02T17:41:19Z INFO [415/500] 24fd3bda-6714-46ff-bb1a-8897b585c6a6: 17148 chunks; 18.3 s; peak memory 1145 MiB.
2026-10-02T17:41:20Z INFO [416/500] 24fd480b-040a-4280-9324-46297a357a4a: 45 chunks; 0.7 s; peak memory 1145 MiB.
2026-10-02T17:41:21Z INFO [417/500] 24fd4d80-5bed-4547-b4c2-a5372681755c: 48 chunks; 1.1 s; peak memory 1145 MiB.
2026-10-02T17:41:25Z INFO [418/500] 24fdb10a-14f6-4629-8420-6d0cae3b8531: 452 chunks; 4.5 s; peak memory 1145 MiB.
2026-10-02T17:41:26Z INFO [419/500] 24fdf08f-c25a-4923-a75a-963beb687677: 46 chunks; 0.8 s; peak memory 1145 MiB.
2026-10-02T17:41:27Z INFO [420/500] 24fe5485-cd19-46be-a119-d88f84f6801b: 41 chunks; 0.9 s; peak memory 1145 MiB.
2026-10-02T17:41:28Z INFO [421/500] 24fef8ec-1f87-4f35-a1e3-3c5fbeeccdf8: 117 chunks; 1.1 s; peak memory 1145 MiB.
2026-10-02T17:41:29Z INFO [422/500] 24ff2d4c-c08f-4ee9-a20b-94b54ce9e20b: 110 chunks; 1.2 s; peak memory 1145 MiB.
2026-10-02T17:41:30Z INFO [423/500] 24ff775a-fa0b-46d9-9e53-b0c39a0e8e6b: 117 chunks; 1.2 s; peak memory 1145 MiB.
2026-10-02T17:41:40Z INFO [424/500] 24ff9c57-2453-4153-83e7-306616c2f8e7: 10486 chunks; 9.8 s; peak memory 1145 MiB.
2026-10-02T17:41:41Z INFO [425/500] 25006aee-9db0-4ec6-ac0e-9f9a820da8f6: 112 chunks; 1.3 s; peak memory 1145 MiB.
2026-10-02T17:41:43Z INFO [426/500] 2501ce8d-cf10-4ac2-9537-e17606965dd9: 69 chunks; 1.4 s; peak memory 1145 MiB.
2026-10-02T17:41:44Z INFO [427/500] 250205a9-3bcb-4088-b5c9-f955d544c192: 62 chunks; 1.3 s; peak memory 1145 MiB.
2026-10-02T17:41:45Z INFO [428/500] 25024366-0d15-41a6-99e9-2295040adf5d: 58 chunks; 1.5 s; peak memory 1145 MiB.
2026-10-02T17:41:47Z INFO [429/500] 25025e9e-439d-4216-ba76-825dbbc45dbc: 76 chunks; 1.3 s; peak memory 1145 MiB.
2026-10-02T17:41:48Z INFO [430/500] 2502c4c2-5b39-4f0b-9d00-19f57073e068: 117 chunks; 1.2 s; peak memory 1145 MiB.
2026-10-02T17:41:49Z INFO [431/500] 2502e081-2174-4b55-9bb8-0f255e1d814c: 48 chunks; 1.0 s; peak memory 1145 MiB.
2026-10-02T17:41:53Z INFO [432/500] 25035d79-dc3d-492c-a740-2566da01bf72: 7667 chunks; 3.9 s; peak memory 1145 MiB.
2026-10-02T17:41:54Z INFO [433/500] 25037855-a6bd-4fe6-8acf-0012097b6b89: 548 chunks; 1.3 s; peak memory 1145 MiB.
2026-10-02T17:41:55Z INFO [434/500] 2503dc97-fdef-424d-8dc3-165d396171a8: 117 chunks; 1.1 s; peak memory 1145 MiB.
2026-10-02T17:41:56Z INFO [435/500] 2503dcfe-ecd0-48b5-a211-e104e8325760: 48 chunks; 1.1 s; peak memory 1145 MiB.
2026-10-02T17:41:57Z INFO [436/500] 25044bfb-18b9-46a4-bec4-37bc1f838a09: 116 chunks; 1.1 s; peak memory 1145 MiB.
2026-10-02T17:42:09Z INFO [437/500] 2505130e-c9f4-456b-813d-bf6ec8564bec: 31962 chunks; 11.6 s; peak memory 1145 MiB.
2026-10-02T17:42:10Z INFO [438/500] 25055f12-ac3a-4609-a63b-45b3153de3b5: 69 chunks; 1.3 s; peak memory 1145 MiB.
2026-10-02T17:42:16Z INFO [439/500] 25065ea8-8a12-46b4-8b4c-57d7a9ee2c74: 193 chunks; 6.3 s; peak memory 1145 MiB.
2026-10-02T17:42:18Z INFO [440/500] 2506c530-d5d7-4c19-8340-5d377670778c: 48 chunks; 1.1 s; peak memory 1145 MiB.
2026-10-02T17:42:20Z INFO [441/500] 25085990-85f5-4717-ba5d-5b3cd36225c2: 115 chunks; 2.9 s; peak memory 1145 MiB.
2026-10-02T17:42:27Z INFO [442/500] 25091e5a-9aae-4580-92ff-9caeaca7728e: 4151 chunks; 6.4 s; peak memory 1145 MiB.
2026-10-02T17:42:28Z INFO [443/500] 2509d8fd-3794-4686-9ad0-ba10dca5b899: 48 chunks; 0.9 s; peak memory 1145 MiB.
2026-10-02T17:42:29Z INFO [444/500] 250a164e-ce27-4984-8fc9-84036adb7939: 112 chunks; 1.5 s; peak memory 1145 MiB.
2026-10-02T17:42:30Z INFO [445/500] 250a2f12-6ddd-4c6c-adcc-edc107536f84: 48 chunks; 1.1 s; peak memory 1145 MiB.
2026-10-02T17:42:32Z INFO [446/500] 250bfd85-ba57-4f45-a286-23dc8a9daf78: 118 chunks; 1.3 s; peak memory 1145 MiB.
2026-10-02T17:42:33Z INFO [447/500] 250c1867-145a-468b-86f0-ba5396032da3: 112 chunks; 1.4 s; peak memory 1145 MiB.
2026-10-02T17:42:34Z INFO [448/500] 250c2b46-c9fc-4a9b-8751-98abf1c16e0b: 48 chunks; 1.1 s; peak memory 1145 MiB.
2026-10-02T18:35:13Z INFO [449/500] 250c54a3-fedc-40ae-a1d1-9a13742dd4c0: 1916257 chunks; 3159.2 s; peak memory 1222 MiB.
2026-10-02T18:35:15Z INFO [450/500] 250c8a38-c76e-4066-b155-0e7f96e3a05b: 116 chunks; 1.2 s; peak memory 1222 MiB.
2026-10-02T18:35:15Z INFO [450/500] 250c8a38-c76e-4066-b155-0e7f96e3a05b: checkpointed 64784 records.
2026-10-02T18:35:25Z INFO [451/500] 250c98a8-7f8c-48a1-aa53-507e1e2a9127: 1042 chunks; 10.6 s; peak memory 1222 MiB.
2026-10-02T18:35:27Z INFO [452/500] 250ca0c2-827c-46e7-9e1a-d456dcaae4e2: 117 chunks; 1.5 s; peak memory 1222 MiB.
2026-10-02T18:35:42Z INFO [453/500] 250cbacd-1ac6-4c09-ab9d-4b4ac83bab63: 8232 chunks; 15.1 s; peak memory 1222 MiB.
2026-10-02T18:35:43Z INFO [454/500] 250cc30e-1b50-401c-96a5-dc9b0245be58: 557 chunks; 1.2 s; peak memory 1222 MiB.
2026-10-02T18:35:44Z INFO [455/500] 250e41fb-5694-4a80-999a-4b05df58fb8a: 117 chunks; 1.2 s; peak memory 1222 MiB.
2026-10-02T18:35:45Z INFO [456/500] 250e46ba-2050-400e-8240-81766be9a54d: 48 chunks; 1.0 s; peak memory 1222 MiB.
2026-10-02T18:35:47Z INFO [457/500] 25101174-355e-4c52-b070-be3133b66ed2: 303 chunks; 1.4 s; peak memory 1222 MiB.
2026-10-02T18:36:08Z INFO [458/500] 251024e1-b7d3-4865-ae4a-bde60ccdf3e2: 6039 chunks; 20.9 s; peak memory 1222 MiB.
2026-10-02T18:36:09Z INFO [459/500] 251072e4-1919-4536-b214-bc77b1778aae: 261 chunks; 1.3 s; peak memory 1222 MiB.
2026-10-02T18:36:10Z INFO [460/500] 25111b7b-e13b-4ecb-b073-8fc6dac27f18: 56 chunks; 0.8 s; peak memory 1222 MiB.
2026-10-02T18:36:11Z INFO [461/500] 25118583-985d-4177-980f-43a574c3f471: 45 chunks; 1.1 s; peak memory 1222 MiB.
2026-10-02T18:36:19Z INFO [462/500] 251269c9-45fd-4c2a-a488-cbe94fe2cf86: 17215 chunks; 8.1 s; peak memory 1222 MiB.
2026-10-02T18:36:20Z INFO [463/500] 2512c616-098d-4631-a6c2-c70147d85145: 55 chunks; 0.8 s; peak memory 1222 MiB.
2026-10-02T18:36:21Z INFO [464/500] 2512fe41-c5c0-40a2-b18d-3457cb0d6efc: 69 chunks; 0.9 s; peak memory 1222 MiB.
2026-10-02T18:36:22Z INFO [465/500] 25140c0c-6fa4-4f81-8fd2-7f7ed4da9908: 50 chunks; 0.9 s; peak memory 1222 MiB.
2026-10-02T18:36:23Z INFO [466/500] 251493d8-5a82-4344-a4a8-1575d005e86d: 48 chunks; 0.9 s; peak memory 1222 MiB.
2026-10-02T18:36:24Z INFO [467/500] 2514a86c-9c9b-473e-a61f-aa2f1792a00c: 112 chunks; 1.3 s; peak memory 1222 MiB.
2026-10-02T18:36:26Z INFO [468/500] 2514bd12-6240-4d2f-9e74-cd5ec7fa30e1: 90 chunks; 2.1 s; peak memory 1222 MiB.
2026-10-02T18:37:44Z INFO [469/500] 2514bf40-85fb-45b6-a964-611e0058e180: 22802 chunks; 77.6 s; peak memory 1222 MiB.
2026-10-02T18:37:45Z INFO [470/500] 25164896-fc65-408d-a54a-814b98498013: 46 chunks; 1.0 s; peak memory 1222 MiB.
2026-10-02T18:37:46Z INFO [471/500] 25172e1f-97b9-438d-b315-3baf8aac46cd: 112 chunks; 1.2 s; peak memory 1222 MiB.
2026-10-02T18:37:47Z INFO [472/500] 2517f293-3daf-47ef-8b47-aeb4ef465828: 162 chunks; 1.3 s; peak memory 1222 MiB.
2026-10-02T18:37:48Z INFO [473/500] 2517f693-b3ad-4a72-943e-c2abf0026a45: 48 chunks; 1.1 s; peak memory 1222 MiB.
2026-10-02T18:37:49Z INFO [474/500] 25187360-9919-4cac-8423-ac267f56d0b1: 56 chunks; 0.8 s; peak memory 1222 MiB.
2026-10-02T18:37:53Z INFO [475/500] 2518f9ad-2487-463e-b431-2a8a83a5deef: 184 chunks; 3.4 s; peak memory 1222 MiB.
2026-10-02T18:37:54Z INFO [476/500] 2519361c-8b94-4855-8aa1-7022d75b91cd: 48 chunks; 1.1 s; peak memory 1222 MiB.
2026-10-02T18:37:55Z INFO [477/500] 2519dbcb-906c-432c-86a0-34765d944633: 117 chunks; 1.2 s; peak memory 1222 MiB.
2026-10-02T18:37:57Z INFO [478/500] 2519f273-f6a3-4cf3-b704-0ecf2c43aff8: 997 chunks; 2.0 s; peak memory 1222 MiB.
2026-10-02T18:37:58Z INFO [479/500] 251a0e98-f6a8-43b6-a98c-4cb528c7501f: 48 chunks; 1.0 s; peak memory 1222 MiB.
2026-10-02T18:37:59Z INFO [480/500] 251a6cc8-c2f3-4139-8324-b30790cda8ba: 109 chunks; 0.9 s; peak memory 1222 MiB.
2026-10-02T18:38:00Z INFO [481/500] 251ae991-5dbc-4961-a42b-bebbc3a19e8c: 48 chunks; 1.0 s; peak memory 1222 MiB.
2026-10-02T18:38:01Z INFO [482/500] 251bdd74-8049-441e-a1cf-e75640f3c0eb: 62 chunks; 1.2 s; peak memory 1222 MiB.
2026-10-02T18:38:06Z INFO [483/500] 251c704e-8ad2-45ed-b1a5-6f926b595452: 6556 chunks; 4.8 s; peak memory 1222 MiB.
2026-10-02T18:38:07Z INFO [484/500] 251d01d7-2005-4804-9963-33f60274ab59: 57 chunks; 0.8 s; peak memory 1222 MiB.
2026-10-02T18:38:08Z INFO [485/500] 251d36e0-68d3-4be1-9293-1558b640784d: 112 chunks; 1.4 s; peak memory 1222 MiB.
2026-10-02T18:38:09Z INFO [486/500] 251db417-96a8-484c-a430-9044774e60d3: 48 chunks; 1.1 s; peak memory 1222 MiB.
2026-10-02T18:38:10Z INFO [487/500] 251de4db-3649-48be-b0f5-2d688b43e6c8: 118 chunks; 1.2 s; peak memory 1222 MiB.
2026-10-02T18:38:15Z INFO [488/500] 251e3e34-18c8-417a-9497-047e041d2ddb: 174 chunks; 5.0 s; peak memory 1222 MiB.
2026-10-02T18:38:16Z INFO [489/500] 251e4c89-81b9-4042-b0ad-77d8ee30e629: 112 chunks; 1.2 s; peak memory 1222 MiB.
2026-10-02T18:38:17Z INFO [490/500] 251f119b-14f5-438f-994a-5bef119e5122: 69 chunks; 0.9 s; peak memory 1222 MiB.
2026-10-02T18:38:19Z INFO [491/500] 251f7b2e-9179-433e-8c71-079a4ab87c97: 74 chunks; 1.4 s; peak memory 1222 MiB.
2026-10-02T18:38:19Z INFO [492/500] 251fcfa0-386d-43eb-95cc-33a9700d7f45: 62 chunks; 0.8 s; peak memory 1222 MiB.
2026-10-02T18:38:31Z INFO [493/500] 252032a9-4393-4130-bbcb-c0144a25083e: 34262 chunks; 11.9 s; peak memory 1222 MiB.
2026-10-02T18:38:33Z INFO [494/500] 25205d70-c8a2-4431-8a98-e7dac2e6b99a: 48 chunks; 1.2 s; peak memory 1222 MiB.
2026-10-02T18:38:34Z INFO [495/500] 2520649a-6305-4379-b26c-233f28e05105: 64 chunks; 1.5 s; peak memory 1222 MiB.
2026-10-02T18:38:35Z INFO [496/500] 25206dc3-c42b-4327-8e95-a4a0fa265358: 118 chunks; 1.2 s; peak memory 1222 MiB.
2026-10-02T18:38:36Z INFO [497/500] 252083f8-7878-4cdc-8bb0-66b64ff4c374: 37 chunks; 0.8 s; peak memory 1222 MiB.
2026-10-02T18:38:37Z INFO [498/500] 2520ecf1-09f2-4843-8fa6-4f1af7c0ca10: 69 chunks; 1.4 s; peak memory 1222 MiB.
2026-10-02T18:38:38Z INFO [499/500] 2521fe46-e451-4313-ac51-7da14190b982: 46 chunks; 0.8 s; peak memory 1222 MiB.
2026-10-02T18:42:44Z INFO [500/500] 25223283-c726-4b94-bb2a-21f5ab9aedba: 48 chunks; 246.2 s; peak memory 1222 MiB.
2026-10-02T18:42:45Z INFO [500/500] 25223283-c726-4b94-bb2a-21f5ab9aedba: checkpointed 64834 records.
2026-10-02T18:42:45Z INFO Wrote 64834 records to /tmp/derivatives/valid_nwb_file_to_chunk_stats.jsonl (500 new, 0 failed) in 126.4 min (peak memory 1222 MiB).
