2026-10-01T21:31:14Z INFO Logging to /tmp/logs/update_2026-10-01T21-31-14Z.log.
2026-10-01T21:31:14Z INFO Update valid-nwb-file-to-chunk-stats (base directory /tmp).
2026-10-01T21:31:14Z INFO Processing 375 items (63582 already recorded).
2026-10-01T21:31:15Z INFO [1/375] 227dd027-1a38-43f9-b883-2674fb7d3c11: 41 chunks; 1.0 s; peak memory 153 MiB.
2026-10-01T21:31:16Z INFO [2/375] 227e324d-03bd-49ab-bc13-715b5873f8c8: 112 chunks; 0.9 s; peak memory 156 MiB.
2026-10-01T21:31:17Z INFO [3/375] 227e3f09-c433-4523-b14a-5cf8c159fa8b: 35 chunks; 0.7 s; peak memory 156 MiB.
2026-10-01T21:31:18Z INFO [4/375] 227ebc2b-78d6-475a-afdb-a17297af85d9: 41 chunks; 0.7 s; peak memory 156 MiB.
2026-10-01T21:31:19Z INFO [5/375] 227f79bc-db5c-469b-982d-471db18be816: 133 chunks; 1.6 s; peak memory 157 MiB.
2026-10-01T21:31:20Z INFO [6/375] 227fac2a-e8a4-4dc8-8bbc-22a2ca978e0a: 48 chunks; 0.9 s; peak memory 157 MiB.
2026-10-01T21:31:21Z INFO [7/375] 227fbb00-9d90-4bdb-8d30-77f000610522: 110 chunks; 1.0 s; peak memory 157 MiB.
2026-10-01T21:31:22Z INFO [8/375] 22812250-1120-4345-90e3-cbff9a02b913: 79 chunks; 0.8 s; peak memory 158 MiB.
2026-10-01T21:31:22Z INFO [9/375] 22825ceb-25e0-4ced-b9b6-3ec96bb8c336: 48 chunks; 0.7 s; peak memory 158 MiB.
2026-10-01T21:31:23Z INFO [10/375] 2282cf3d-cf58-4d79-9882-671d7b2d9b87: 52 chunks; 0.6 s; peak memory 158 MiB.
2026-10-01T21:31:24Z INFO [11/375] 2282d2c6-85f6-42db-86e4-c9901b11298e: 112 chunks; 0.6 s; peak memory 159 MiB.
2026-10-01T22:24:32Z INFO [12/375] 22833560-350d-4b1f-a5ac-4d3ae852ed54: 1086148 chunks; 3188.7 s; peak memory 1164 MiB.
2026-10-01T22:24:38Z INFO [13/375] 22838961-f90e-4c2b-a02e-bad47fdbf107: 5770 chunks; 5.3 s; peak memory 1164 MiB.
2026-10-01T22:24:38Z INFO [14/375] 2283b16a-75d8-443b-b759-c2eb75eaf8f7: 45 chunks; 0.6 s; peak memory 1164 MiB.
2026-10-01T22:24:39Z INFO [15/375] 2283f1ba-afa4-4251-8919-ad2fdb1f7413: 69 chunks; 0.9 s; peak memory 1164 MiB.
2026-10-01T22:24:40Z INFO [16/375] 22842583-c1dc-4f70-886c-6605cf70d12b: 57 chunks; 0.6 s; peak memory 1164 MiB.
2026-10-01T22:24:41Z INFO [17/375] 22849e9a-12da-495d-97fc-07ef35fc397a: 48 chunks; 0.8 s; peak memory 1164 MiB.
2026-10-01T22:24:54Z INFO [18/375] 2284f2d1-f551-4f3c-aa41-7db9c3ec546e: 5332 chunks; 13.0 s; peak memory 1164 MiB.
2026-10-01T22:24:55Z INFO [19/375] 2286ecd6-6c62-482f-b2e6-a3fd40c94ecd: 118 chunks; 1.0 s; peak memory 1164 MiB.
2026-10-01T22:24:56Z INFO [20/375] 228746af-fc20-4ae5-84e8-12b656baf2cd: 122 chunks; 0.9 s; peak memory 1164 MiB.
2026-10-01T22:24:56Z INFO [21/375] 228766aa-64fc-400d-8d54-fb06ee771e82: 60 chunks; 0.7 s; peak memory 1164 MiB.
2026-10-01T22:24:57Z INFO [22/375] 2287cbb0-01c2-4ea2-a3c7-dea1f5c827df: 69 chunks; 0.7 s; peak memory 1164 MiB.
2026-10-01T22:24:58Z INFO [23/375] 2287de89-a7e7-45f7-adb8-e129771408f7: 117 chunks; 0.8 s; peak memory 1164 MiB.
2026-10-01T22:24:59Z INFO [24/375] 2288457d-aeb3-44b8-9f5f-35cac39a3360: 170 chunks; 0.8 s; peak memory 1164 MiB.
2026-10-01T22:25:05Z INFO [25/375] 2288df6f-c0b9-4938-a2d4-8fbf55a8e7d5: 22222 chunks; 6.0 s; peak memory 1164 MiB.
2026-10-01T22:25:05Z INFO [26/375] 228b0249-77d3-4509-b368-e4a1476b897f: 112 chunks; 0.8 s; peak memory 1164 MiB.
2026-10-01T22:25:10Z INFO [27/375] 228cb7ca-82e6-4e6b-9baf-48ad8868802c: 18875 chunks; 5.0 s; peak memory 1164 MiB.
2026-10-01T22:25:11Z INFO [28/375] 228cd212-ed43-4051-bca0-ef43aab453c3: 118 chunks; 0.8 s; peak memory 1164 MiB.
2026-10-01T22:25:12Z INFO [29/375] 228d0e2e-13fc-4729-b022-b4326b43fd22: 112 chunks; 0.8 s; peak memory 1164 MiB.
2026-10-01T22:25:13Z INFO [30/375] 228de4fe-7d95-4b69-99b8-439713544856: 48 chunks; 0.8 s; peak memory 1164 MiB.
2026-10-01T22:25:14Z INFO [31/375] 228df68e-b05c-46be-81e3-d3a82ae6cd56: 118 chunks; 0.9 s; peak memory 1164 MiB.
2026-10-01T22:25:15Z INFO [32/375] 228e4ee5-1ec0-4b4d-ac37-f9b045d3808d: 66 chunks; 1.0 s; peak memory 1164 MiB.
2026-10-01T22:25:16Z INFO [33/375] 22902035-19b4-44ca-941e-37028ccdfea0: 458 chunks; 1.2 s; peak memory 1164 MiB.
2026-10-01T22:25:23Z INFO [34/375] 22903599-9a55-4676-9ed1-cc54835bb94f: 420 chunks; 7.3 s; peak memory 1164 MiB.
2026-10-01T22:25:24Z INFO [35/375] 2290b45f-8c6d-41f8-8e85-87bec2293550: 90 chunks; 0.7 s; peak memory 1164 MiB.
2026-10-01T22:25:25Z INFO [36/375] 2291048f-74d5-4a16-b7ac-856d2a4cb92f: 62 chunks; 1.3 s; peak memory 1164 MiB.
2026-10-01T22:25:26Z INFO [37/375] 229130c4-55bb-41e5-b390-a6352471414e: 48 chunks; 0.7 s; peak memory 1164 MiB.
2026-10-01T22:25:27Z INFO [38/375] 229149f5-a59c-41bc-b2bd-81e3fa29875f: 163 chunks; 1.3 s; peak memory 1164 MiB.
2026-10-01T22:25:28Z INFO [39/375] 22917b50-745c-4cd7-a42d-11b4a40a1cae: 48 chunks; 0.8 s; peak memory 1164 MiB.
2026-10-01T22:25:29Z INFO [40/375] 2291f918-18d3-4b01-a5eb-f5d9ed3a39ff: 106 chunks; 0.9 s; peak memory 1164 MiB.
2026-10-01T22:25:29Z INFO [41/375] 2292fadd-9115-4b88-aa61-6e3c187533e9: 48 chunks; 0.7 s; peak memory 1164 MiB.
2026-10-01T22:25:35Z INFO [42/375] 229344ad-aa8f-4bcb-823f-b2646a1ea9ff: 11547 chunks; 5.8 s; peak memory 1164 MiB.
2026-10-01T22:25:36Z INFO [43/375] 2293db2c-5888-4e70-96db-69afc3fe43b0: 46 chunks; 0.7 s; peak memory 1164 MiB.
2026-10-01T22:25:40Z INFO [44/375] 22942b86-1afd-4844-938f-3c8a56764653: 4995 chunks; 4.2 s; peak memory 1164 MiB.
2026-10-01T22:25:41Z INFO [45/375] 2294c05e-028c-41e4-8bbe-65bcb570a97c: 46 chunks; 0.7 s; peak memory 1164 MiB.
2026-10-01T22:25:42Z INFO [46/375] 22955058-802f-46d6-be8f-097d7ef7000f: 124 chunks; 1.1 s; peak memory 1164 MiB.
2026-10-01T22:25:44Z INFO [47/375] 22956aa7-9590-4f17-b65f-8ec12bc00ab7: 153 chunks; 1.6 s; peak memory 1164 MiB.
2026-10-01T22:25:49Z INFO [48/375] 22959d10-bec4-4d56-8abc-0157b1ad3252: 1082 chunks; 5.6 s; peak memory 1164 MiB.
2026-10-01T22:25:50Z INFO [49/375] 2295b549-26fe-4b1e-b93a-8ddbf32c6e63: 83 chunks; 0.8 s; peak memory 1164 MiB.
2026-10-01T22:25:50Z INFO [50/375] 2296621e-fd15-4db6-832e-c8858ee695ce: 46 chunks; 0.4 s; peak memory 1164 MiB.
2026-10-01T22:25:51Z INFO [50/375] 2296621e-fd15-4db6-832e-c8858ee695ce: checkpointed 63632 records.
2026-10-01T22:25:51Z INFO [51/375] 2296be40-4412-44d1-9715-0f7aad365bd8: 116 chunks; 0.9 s; peak memory 1164 MiB.
2026-10-01T22:25:53Z INFO [52/375] 2297b92e-14f7-4467-9b49-551dd1bd5b62: 289 chunks; 1.3 s; peak memory 1164 MiB.
2026-10-01T22:25:56Z INFO [53/375] 2297e358-c610-43fe-b1c5-d7f008ac9206: 2998 chunks; 3.7 s; peak memory 1164 MiB.
2026-10-01T22:25:57Z INFO [54/375] 229921cd-253c-4997-b12a-6806f237cf1b: 50 chunks; 0.4 s; peak memory 1164 MiB.
2026-10-01T22:25:58Z INFO [55/375] 2299ab6c-94c2-48bf-848c-4bce66adce96: 117 chunks; 1.0 s; peak memory 1164 MiB.
2026-10-01T22:25:58Z INFO [56/375] 229b08d3-ea56-490f-83ad-014176e75537: 46 chunks; 0.5 s; peak memory 1164 MiB.
2026-10-01T22:26:01Z INFO [57/375] 229b7f7e-5690-4fdf-9a88-8e72ba357f9e: 184 chunks; 2.5 s; peak memory 1164 MiB.
2026-10-01T22:26:02Z INFO [58/375] 229be09e-4425-4182-9e83-942e96416c58: 76 chunks; 0.9 s; peak memory 1164 MiB.
2026-10-01T22:26:03Z INFO [59/375] 229c90cb-8a85-4265-8b26-2027ec718050: 117 chunks; 0.8 s; peak memory 1164 MiB.
2026-10-01T22:26:03Z INFO [60/375] 229dc394-9805-4cf4-8d62-8e84ea20bfa8: 48 chunks; 0.7 s; peak memory 1164 MiB.
2026-10-01T22:26:04Z INFO [61/375] 229f2a96-b070-4fbc-9859-81a63915a62f: 117 chunks; 0.6 s; peak memory 1164 MiB.
2026-10-01T22:26:05Z INFO [62/375] 229f638a-75f1-44c9-ade7-65a73f95ce56: 112 chunks; 1.2 s; peak memory 1164 MiB.
2026-10-01T22:26:06Z INFO [63/375] 229fb1d0-5c8e-40d4-88d9-72ab51d028c3: 57 chunks; 0.5 s; peak memory 1164 MiB.
2026-10-01T22:26:16Z INFO [64/375] 22a225a4-9fc8-474f-b1db-84303195328d: 8229 chunks; 10.0 s; peak memory 1164 MiB.
2026-10-01T22:26:16Z INFO [65/375] 22a2a097-ae5c-4915-a468-82ea2658ece1: 48 chunks; 0.8 s; peak memory 1164 MiB.
2026-10-01T22:26:17Z INFO [66/375] 22a38991-b4ca-4c09-bda8-8da4197d41bd: 71 chunks; 1.0 s; peak memory 1164 MiB.
2026-10-01T22:26:19Z INFO [67/375] 22a3addb-ed84-4ad6-94dc-8f926cc4817d: 123 chunks; 1.5 s; peak memory 1164 MiB.
2026-10-01T22:26:20Z INFO [68/375] 22a45db5-f1d5-4029-900e-d8090eb3831a: 48 chunks; 0.7 s; peak memory 1164 MiB.
2026-10-01T22:26:20Z INFO [69/375] 22a52c93-bfa7-4d01-ac5a-b65c002ea6e0: 52 chunks; 0.7 s; peak memory 1164 MiB.
2026-10-01T22:26:21Z INFO [70/375] 22a5c776-9d4f-4a89-871e-138b1dec3f8b: 117 chunks; 0.9 s; peak memory 1164 MiB.
2026-10-01T22:26:25Z INFO [71/375] 22a6d7a2-e6ba-45f1-8ece-a05811a82bd2: 6632 chunks; 3.4 s; peak memory 1164 MiB.
2026-10-01T22:26:25Z INFO [72/375] 22a81088-71fa-4368-9973-68861f965993: 46 chunks; 0.4 s; peak memory 1164 MiB.
2026-10-01T22:26:30Z INFO [73/375] 22a86462-6df2-4553-a2b0-d60fb3e7b339: 707 chunks; 4.9 s; peak memory 1164 MiB.
2026-10-01T22:27:07Z INFO [74/375] 22aacecc-571e-4953-80ea-d928df281f87: 25653 chunks; 36.8 s; peak memory 1164 MiB.
2026-10-01T22:27:07Z INFO [75/375] 22aad800-d175-4dc3-9101-8158df2f496f: 48 chunks; 0.7 s; peak memory 1164 MiB.
2026-10-01T22:27:08Z INFO [76/375] 22ab2981-2da9-45a8-81ad-bd7ea9f65dc4: 111 chunks; 0.8 s; peak memory 1164 MiB.
2026-10-01T22:27:10Z INFO [77/375] 22ab5009-3274-47cb-b52c-203b1d1d6229: 105 chunks; 1.5 s; peak memory 1164 MiB.
2026-10-01T22:27:16Z INFO [78/375] 22abeb5e-1c57-4a63-aee5-54f52a4a213d: 5056 chunks; 6.8 s; peak memory 1164 MiB.
2026-10-01T22:27:18Z INFO [79/375] 22abfccf-cc34-47d6-87a0-7059de3c588e: 153 chunks; 1.7 s; peak memory 1164 MiB.
2026-10-01T22:27:20Z INFO [80/375] 22ac7066-d38c-49e2-8ef7-9843d4107c61: 80 chunks; 1.5 s; peak memory 1164 MiB.
2026-10-01T22:27:21Z INFO [81/375] 22acf4c9-57e3-4410-85f9-9577a8202501: 106 chunks; 1.1 s; peak memory 1164 MiB.
2026-10-01T22:27:22Z INFO [82/375] 22addd97-b942-4af0-a29c-faa35b3b2ff8: 66 chunks; 1.2 s; peak memory 1164 MiB.
2026-10-01T22:27:25Z INFO [83/375] 22adf55e-bebc-42aa-ac9f-503b77e37a8c: 6063 chunks; 3.2 s; peak memory 1164 MiB.
2026-10-01T22:27:27Z INFO [84/375] 22adff0c-b7a5-45bd-adc0-b0767d4d967f: 156 chunks; 2.0 s; peak memory 1164 MiB.
2026-10-01T22:27:28Z INFO [85/375] 22ae6679-0e8f-42d8-9d87-d59a291153b9: 48 chunks; 0.8 s; peak memory 1164 MiB.
2026-10-01T22:27:29Z INFO [86/375] 22ae9a93-772c-421a-87d3-78efc672b7fe: 104 chunks; 1.3 s; peak memory 1164 MiB.
2026-10-01T22:27:31Z INFO [87/375] 22b0aac0-5980-41a0-87fe-912778a91087: 71 chunks; 1.4 s; peak memory 1164 MiB.
2026-10-01T22:27:32Z INFO [88/375] 22b1087e-95f6-40e0-ad1f-818878654850: 69 chunks; 0.7 s; peak memory 1164 MiB.
2026-10-01T22:27:32Z INFO [89/375] 22b12b12-c4e8-4bad-8ac5-ef8d7c1e5ddb: 56 chunks; 0.6 s; peak memory 1164 MiB.
2026-10-01T22:27:33Z INFO [90/375] 22b15c01-762c-4144-8e71-22cccecb4ea7: 117 chunks; 1.0 s; peak memory 1164 MiB.
2026-10-01T22:27:34Z INFO [91/375] 22b191ec-47fc-4fb8-b06c-e7c6e777ed94: 261 chunks; 1.0 s; peak memory 1164 MiB.
2026-10-01T22:27:35Z INFO [92/375] 22b2601c-706f-4cc9-b759-8277cb841ff5: 46 chunks; 0.7 s; peak memory 1164 MiB.
2026-10-01T22:27:40Z INFO [93/375] 22b31a67-2d63-4ff7-87e6-e75b1a70f656: 7807 chunks; 4.8 s; peak memory 1164 MiB.
2026-10-01T22:27:40Z INFO [94/375] 22b38146-63b2-4fda-9360-0bba80ba66c8: 48 chunks; 0.7 s; peak memory 1164 MiB.
2026-10-01T22:27:41Z INFO [95/375] 22b4789f-4102-4d32-ad7d-d4e271f58a41: 48 chunks; 0.8 s; peak memory 1164 MiB.
2026-10-01T22:27:42Z INFO [96/375] 22b4c6f8-f7ae-492b-8dac-7955cf2e2156: 46 chunks; 0.5 s; peak memory 1164 MiB.
2026-10-01T22:27:43Z INFO [97/375] 22b572df-9979-4d20-97a0-e88cc6a4769f: 66 chunks; 1.2 s; peak memory 1164 MiB.
2026-10-01T22:27:47Z INFO [98/375] 22b5dd2f-89e5-42d1-a372-56014ea3db40: 814 chunks; 3.8 s; peak memory 1164 MiB.
2026-10-01T22:27:47Z INFO [99/375] 22b64207-9b0b-4099-aa5f-27fd3586da0b: 78 chunks; 0.8 s; peak memory 1164 MiB.
2026-10-01T22:27:51Z INFO [100/375] 22b65787-97f8-4af7-9f48-06a289eeab50: 238 chunks; 3.9 s; peak memory 1164 MiB.
2026-10-01T22:27:52Z INFO [100/375] 22b65787-97f8-4af7-9f48-06a289eeab50: checkpointed 63682 records.
2026-10-01T22:27:53Z INFO [101/375] 22b727f5-517c-4344-b9ed-e603d3379740: 115 chunks; 1.7 s; peak memory 1164 MiB.
2026-10-01T22:27:54Z INFO [102/375] 22b73388-be5f-4419-a6aa-ee7b5dae822e: 112 chunks; 1.1 s; peak memory 1164 MiB.
2026-10-01T22:27:55Z INFO [103/375] 22b77b59-3dc2-429e-aaf4-f84d74ca5222: 48 chunks; 0.9 s; peak memory 1164 MiB.
2026-10-01T22:27:56Z INFO [104/375] 22b8315b-e17b-448b-a6ae-2eb5847462dd: 112 chunks; 0.9 s; peak memory 1164 MiB.
2026-10-01T22:27:57Z INFO [105/375] 22b89af1-7ce6-4ef6-b47e-afdbd19d40b1: 37 chunks; 0.5 s; peak memory 1164 MiB.
2026-10-01T22:28:00Z INFO [106/375] 22b8cc5e-090e-46c1-9590-b2659dcec058: 16818 chunks; 3.8 s; peak memory 1164 MiB.
2026-10-01T22:28:01Z INFO [107/375] 22b94884-14ad-4373-b090-03d6ccbefb2e: 35 chunks; 0.5 s; peak memory 1164 MiB.
2026-10-01T22:28:13Z INFO [108/375] 22ba4176-ddf3-4f1c-b173-03e7b3784076: 8232 chunks; 11.8 s; peak memory 1164 MiB.
2026-10-01T22:28:14Z INFO [109/375] 22ba4489-28f4-46e8-8358-b5e68722ae2a: 48 chunks; 0.8 s; peak memory 1164 MiB.
2026-10-01T22:28:14Z INFO [110/375] 22bb4472-972a-41b1-850a-149b813a2016: 117 chunks; 0.9 s; peak memory 1164 MiB.
2026-10-01T22:28:16Z INFO [111/375] 22bb6549-5796-42a5-81bf-4bd8dad042c3: 66 chunks; 1.2 s; peak memory 1164 MiB.
2026-10-01T22:28:17Z INFO [112/375] 22bd4598-8b66-4187-847f-d61382079f59: 153 chunks; 1.5 s; peak memory 1164 MiB.
2026-10-01T22:28:18Z INFO [113/375] 22be7ba6-0caa-45ed-aeaa-d4fdfa5a9b41: 48 chunks; 0.7 s; peak memory 1164 MiB.
2026-10-01T22:28:19Z INFO [114/375] 22bed272-a566-415d-a610-471154e5eba5: 997 chunks; 1.5 s; peak memory 1164 MiB.
2026-10-01T22:28:20Z INFO [115/375] 22bedb6c-7426-4431-8b29-a5f38f4f5c9b: 84 chunks; 0.7 s; peak memory 1164 MiB.
2026-10-01T22:28:21Z INFO [116/375] 22bf2589-d7bf-493f-a3dc-8ac1c9ac7cd3: 52 chunks; 0.7 s; peak memory 1164 MiB.
2026-10-01T22:28:21Z INFO [117/375] 22bfb194-4dcf-42a8-aa30-b4915f2f5818: 52 chunks; 0.8 s; peak memory 1164 MiB.
2026-10-01T22:28:27Z INFO [118/375] 22bfbb1c-17ed-45e0-a6ea-b4a7816855cd: 20327 chunks; 5.7 s; peak memory 1164 MiB.
2026-10-01T22:28:28Z INFO [119/375] 22c01b86-befa-40b0-8223-2b9d9fb75ff3: 113 chunks; 0.9 s; peak memory 1164 MiB.
2026-10-01T22:28:30Z INFO [120/375] 22c01bd2-74f4-44c3-9274-6b07ad7339ea: 90 chunks; 1.7 s; peak memory 1164 MiB.
2026-10-01T22:28:31Z INFO [121/375] 22c02e47-8c3b-483e-9e86-f31c65e528dd: 48 chunks; 0.8 s; peak memory 1164 MiB.
2026-10-01T22:28:31Z INFO [122/375] 22c1d7c4-5b58-4294-b7a3-4b8d6e824c5d: 50 chunks; 0.6 s; peak memory 1164 MiB.
2026-10-01T22:28:32Z INFO [123/375] 22c25dd5-900d-486e-ba64-0a9ef5dd4449: 48 chunks; 0.6 s; peak memory 1164 MiB.
2026-10-01T22:28:33Z INFO [124/375] 22c2c04f-5a27-464c-8f4d-0f2482ddf86f: 48 chunks; 0.8 s; peak memory 1164 MiB.
2026-10-01T22:28:34Z INFO [125/375] 22c30017-98cd-4c1b-b7e6-371a52032b8a: 112 chunks; 0.9 s; peak memory 1164 MiB.
2026-10-01T22:28:34Z INFO [126/375] 22c3d2cb-b48c-488a-a76d-96bfeef61cc1: 48 chunks; 0.7 s; peak memory 1164 MiB.
2026-10-01T22:28:35Z INFO [127/375] 22c3f244-572d-4076-a0be-1c984a8ded6a: 48 chunks; 0.8 s; peak memory 1164 MiB.
2026-10-01T22:28:48Z INFO [128/375] 22c41451-75ce-4e27-a387-df96f8ee423c: 4628 chunks; 13.1 s; peak memory 1164 MiB.
2026-10-01T22:28:49Z INFO [129/375] 22c42d68-86cb-4bd9-9638-6c78fd28676b: 48 chunks; 0.7 s; peak memory 1164 MiB.
2026-10-01T22:28:50Z INFO [130/375] 22c484ed-2cd6-46f4-8f2c-ba4d285e2da4: 149 chunks; 1.5 s; peak memory 1164 MiB.
2026-10-01T22:28:51Z INFO [131/375] 22c5bbd6-11ec-47b3-ad84-d27ce7f78d80: 78 chunks; 1.0 s; peak memory 1164 MiB.
2026-10-01T22:28:53Z INFO [132/375] 22c5d90a-0ad0-4924-8821-3abf03032c94: 119 chunks; 1.4 s; peak memory 1164 MiB.
2026-10-01T22:28:54Z INFO [133/375] 22c5e9ee-f57b-4f28-bc3c-e55b214245f6: 112 chunks; 1.0 s; peak memory 1164 MiB.
2026-10-01T22:28:55Z INFO [134/375] 22c8354c-b95f-453d-b5fb-1e4cab1497c7: 115 chunks; 0.9 s; peak memory 1164 MiB.
2026-10-01T22:28:59Z INFO [135/375] 22c83a3c-2cce-4f88-9531-37697cc2185e: 11961 chunks; 4.4 s; peak memory 1164 MiB.
2026-10-01T23:06:30Z INFO [136/375] 22c96b2e-7b81-4e98-a408-63a2e3fd3ef6: 789700 chunks; 2251.0 s; peak memory 1178 MiB.
2026-10-01T23:06:31Z INFO [137/375] 22c99f74-b65c-4080-982c-746a8e54018c: 117 chunks; 0.8 s; peak memory 1178 MiB.
2026-10-01T23:06:32Z INFO [138/375] 22c9f361-bc52-4391-b553-43f5a6579e14: 103 chunks; 1.2 s; peak memory 1178 MiB.
2026-10-01T23:06:33Z INFO [139/375] 22ca7631-cbb6-408a-96f0-2c9e5c60fe90: 116 chunks; 1.0 s; peak memory 1178 MiB.
2026-10-01T23:06:34Z INFO [140/375] 22cad197-7239-49a4-98eb-1edf7607feb7: 230 chunks; 1.0 s; peak memory 1178 MiB.
2026-10-01T23:06:35Z INFO [141/375] 22cb6285-6b57-4077-8ddd-30d9c94a5338: 46 chunks; 0.6 s; peak memory 1178 MiB.
2026-10-01T23:06:43Z INFO [142/375] 22cbdb27-f086-4c60-9423-c775fd109342: 2528 chunks; 8.8 s; peak memory 1178 MiB.
2026-10-01T23:06:44Z INFO [143/375] 22ccd4f9-5399-4ca5-9194-e5268a471139: 112 chunks; 0.8 s; peak memory 1178 MiB.
2026-10-01T23:06:46Z INFO [144/375] 22cd4ee9-aa99-4cf7-8cbd-ba6e45f30277: 66 chunks; 1.5 s; peak memory 1178 MiB.
2026-10-01T23:06:52Z INFO [145/375] 22cd75cf-1148-4776-bf6e-4d2a5ac95dcd: 391 chunks; 6.0 s; peak memory 1178 MiB.
2026-10-01T23:06:55Z INFO [146/375] 22cda67d-1418-4cde-be2a-e5feda0b5bd6: 2085 chunks; 3.3 s; peak memory 1178 MiB.
2026-10-01T23:06:56Z INFO [147/375] 22ce32c2-e32c-49f8-a2c3-3687ea45d363: 117 chunks; 1.0 s; peak memory 1178 MiB.
2026-10-01T23:06:57Z INFO [148/375] 22ce5bc5-0dc5-4c08-9738-b4c24cac8a9b: 48 chunks; 0.6 s; peak memory 1178 MiB.
2026-10-01T23:06:58Z INFO [149/375] 22cef7fe-89db-4f4d-b02b-68bffcdfea79: 66 chunks; 1.5 s; peak memory 1178 MiB.
2026-10-01T23:07:06Z INFO [150/375] 22cf7d97-3628-4622-9967-f8a9040481df: 16477 chunks; 7.5 s; peak memory 1178 MiB.
2026-10-01T23:07:06Z INFO [150/375] 22cf7d97-3628-4622-9967-f8a9040481df: checkpointed 63732 records.
2026-10-01T23:07:12Z INFO [151/375] 22d04cb2-432e-4654-a767-362cc33d2e9a: 23654 chunks; 6.7 s; peak memory 1178 MiB.
2026-10-01T23:07:13Z INFO [152/375] 22d072ff-023d-434f-a74e-b7a8e5291fc8: 48 chunks; 0.7 s; peak memory 1178 MiB.
2026-10-01T23:07:14Z INFO [153/375] 22d19946-1c11-46e2-a503-7a97fcd2c03d: 46 chunks; 0.6 s; peak memory 1178 MiB.
2026-10-01T23:09:10Z INFO [154/375] 22d2e6a1-4dfa-4f22-af0f-9df8be9d68a8: 38360 chunks; 116.7 s; peak memory 1178 MiB.
2026-10-01T23:10:12Z INFO [155/375] 22d450b0-9c81-455d-9ee9-6581500aa60f: 66960 chunks; 61.9 s; peak memory 1178 MiB.
2026-10-01T23:10:14Z INFO [156/375] 22d518c7-188c-4570-bf0e-04c12db9386d: 1762 chunks; 1.7 s; peak memory 1178 MiB.
2026-10-01T23:10:16Z INFO [157/375] 22d689b1-41ce-4f65-baa6-2d58c1d904f9: 88 chunks; 1.7 s; peak memory 1178 MiB.
2026-10-01T23:10:19Z INFO [158/375] 22d74cbb-9565-419d-9a98-df849354868c: 208 chunks; 3.5 s; peak memory 1178 MiB.
2026-10-01T23:10:20Z INFO [159/375] 22da0803-692e-4993-a020-45586bd94d11: 48 chunks; 0.7 s; peak memory 1178 MiB.
2026-10-01T23:10:21Z INFO [160/375] 22da7129-995f-4ad3-9b73-d39787d6de0e: 116 chunks; 0.8 s; peak memory 1178 MiB.
2026-10-01T23:10:22Z INFO [161/375] 22db8aed-5e02-42f3-86b9-182b843f7629: 119 chunks; 1.3 s; peak memory 1178 MiB.
2026-10-01T23:10:31Z INFO [162/375] 22db926b-3a52-44ef-9302-856abf32882a: 24215 chunks; 8.8 s; peak memory 1178 MiB.
2026-10-01T23:10:38Z INFO [163/375] 22db9604-17ef-42be-ad18-f7187f340d5a: 22224 chunks; 6.8 s; peak memory 1178 MiB.
2026-10-01T23:10:38Z INFO [164/375] 22dbbc39-e64e-487b-b819-6a5b0eb96f38: 48 chunks; 0.7 s; peak memory 1178 MiB.
2026-10-01T23:10:40Z INFO [165/375] 22dbde36-a6d5-446b-b22f-5ef114591c19: 152 chunks; 1.9 s; peak memory 1178 MiB.
2026-10-01T23:10:41Z INFO [166/375] 22dbf3c4-21f6-437d-92fc-754b42210dd3: 112 chunks; 0.6 s; peak memory 1178 MiB.
2026-10-01T23:10:42Z INFO [167/375] 22dc03e0-7556-4de1-bc42-dfc4f1e146e3: 59 chunks; 1.2 s; peak memory 1178 MiB.
2026-10-01T23:10:43Z INFO [168/375] 22dd9c8a-08da-4965-ad12-3da3fa2a1d0d: 112 chunks; 1.0 s; peak memory 1178 MiB.
2026-10-01T23:10:44Z INFO [169/375] 22e01c46-7ba0-4b47-a31d-ed757a80937f: 60 chunks; 0.5 s; peak memory 1178 MiB.
2026-10-01T23:12:29Z INFO [170/375] 22e0b57b-c6c0-47ca-a6e7-573728b6dfe2: 37755 chunks; 104.9 s; peak memory 1178 MiB.
2026-10-01T23:12:29Z INFO [171/375] 22e35cdc-71bd-454f-b67e-63d0ceb51b67: 83 chunks; 0.8 s; peak memory 1178 MiB.
2026-10-01T23:12:35Z INFO [172/375] 22e3d155-f3ae-4049-80bc-22143c5d63de: 339 chunks; 5.6 s; peak memory 1178 MiB.
2026-10-01T23:12:36Z INFO [173/375] 22e3e500-1767-4616-b683-1fdbe95fdd67: 52 chunks; 0.8 s; peak memory 1178 MiB.
2026-10-01T23:12:37Z INFO [174/375] 22e3ece8-52b0-4ad4-9f3b-12b323f76296: 48 chunks; 0.8 s; peak memory 1178 MiB.
2026-10-01T23:12:38Z INFO [175/375] 22e43826-8c08-4e30-8d50-bf48ad53be7d: 109 chunks; 1.1 s; peak memory 1178 MiB.
2026-10-01T23:12:39Z INFO [176/375] 22e458a8-106a-42de-8a27-aa1797b79e95: 112 chunks; 1.0 s; peak memory 1178 MiB.
2026-10-01T23:12:39Z INFO [177/375] 22e46b7a-fbb3-40de-a996-cec4ee16d3e6: 110 chunks; 0.8 s; peak memory 1178 MiB.
2026-10-01T23:12:40Z INFO [178/375] 22e475f2-fb57-44f7-af36-57ecdfdf8a8e: 151 chunks; 0.7 s; peak memory 1178 MiB.
2026-10-01T23:14:33Z INFO [179/375] 22e4d4d0-c13e-466a-987b-63b19f16b352: 38022 chunks; 113.0 s; peak memory 1178 MiB.
2026-10-01T23:14:34Z INFO [180/375] 22e659c0-172d-4d0b-85a5-f45fa5ce2727: 71 chunks; 1.2 s; peak memory 1178 MiB.
2026-10-01T23:14:35Z INFO [181/375] 22e7f9c0-7beb-4bac-837c-c3850da5fe9d: 70 chunks; 1.0 s; peak memory 1178 MiB.
2026-10-01T23:14:36Z INFO [182/375] 22e80f4d-84b1-47c9-9748-1023c226b233: 117 chunks; 0.9 s; peak memory 1178 MiB.
2026-10-01T23:14:37Z INFO [183/375] 22e84abf-7d22-4745-a311-c24627514436: 69 chunks; 0.8 s; peak memory 1178 MiB.
2026-10-01T23:14:38Z INFO [184/375] 22e9ddcf-db6a-475b-a9e0-2e651b3def33: 997 chunks; 1.2 s; peak memory 1178 MiB.
2026-10-01T23:14:43Z INFO [185/375] 22e9f574-dd53-4eb2-883c-75e4572d0ef3: 355 chunks; 4.7 s; peak memory 1178 MiB.
2026-10-01T23:14:46Z INFO [186/375] 22eb438e-d5c3-4fa1-a2bf-6a8b60990354: 312 chunks; 3.1 s; peak memory 1178 MiB.
2026-10-01T23:14:47Z INFO [187/375] 22eb6201-ee10-4c97-b0b0-81fdbaa40011: 112 chunks; 0.9 s; peak memory 1178 MiB.
2026-10-01T23:14:48Z INFO [188/375] 22ebcf26-73fa-4486-8660-4c4ac91da80d: 117 chunks; 0.8 s; peak memory 1178 MiB.
2026-10-01T23:14:49Z INFO [189/375] 22ec8c4a-065f-468f-8411-955fbadde1bf: 52 chunks; 0.9 s; peak memory 1178 MiB.
2026-10-01T23:14:50Z INFO [190/375] 22ed2371-5996-4dff-a76c-bbf606df7f29: 69 chunks; 1.2 s; peak memory 1178 MiB.
2026-10-01T23:14:51Z INFO [191/375] 22ed8d39-b42d-469d-9d05-74dcdb960f48: 118 chunks; 0.8 s; peak memory 1178 MiB.
2026-10-01T23:14:51Z INFO [192/375] 22edcd96-defd-456c-9800-dac932975530: 48 chunks; 0.8 s; peak memory 1178 MiB.
2026-10-01T23:14:52Z INFO [193/375] 22ede0c6-ea27-487f-9cc8-f59dffe9fc35: 66 chunks; 1.0 s; peak memory 1178 MiB.
2026-10-01T23:14:53Z INFO [194/375] 22edea07-eed9-4e4a-a671-3e1a7f8e3e2e: 117 chunks; 0.8 s; peak memory 1178 MiB.
2026-10-01T23:14:55Z INFO [195/375] 22ee560e-bc87-462a-b76d-447f5fba205d: 71 chunks; 1.4 s; peak memory 1178 MiB.
2026-10-01T23:14:55Z INFO [196/375] 22eeb061-992b-4089-94ee-e2539e1ea4e3: 116 chunks; 0.7 s; peak memory 1178 MiB.
2026-10-01T23:14:56Z INFO [197/375] 22eeeab5-aec8-43db-80f4-10a0e492c825: 78 chunks; 0.7 s; peak memory 1178 MiB.
2026-10-01T23:14:57Z INFO [198/375] 22ef3c79-ab7b-43a4-8ee1-2097574890d0: 112 chunks; 1.2 s; peak memory 1178 MiB.
2026-10-01T23:14:58Z INFO [199/375] 22efcf95-9cf1-49d9-8102-45fb164e6a95: 48 chunks; 0.9 s; peak memory 1178 MiB.
2026-10-01T23:14:59Z INFO [200/375] 22f061f9-10e7-47ef-bdbd-89e8a7ba4bed: 41 chunks; 0.6 s; peak memory 1178 MiB.
2026-10-01T23:14:59Z INFO [200/375] 22f061f9-10e7-47ef-bdbd-89e8a7ba4bed: checkpointed 63782 records.
2026-10-01T23:15:00Z INFO [201/375] 22f07a97-2ab7-4cfa-9339-4b752e662085: 48 chunks; 0.6 s; peak memory 1178 MiB.
2026-10-01T23:15:01Z INFO [202/375] 22f09096-4756-4149-ac3a-e65664c430b1: 289 chunks; 0.9 s; peak memory 1178 MiB.
2026-10-01T23:15:02Z INFO [203/375] 22f10a92-bc12-4ddc-9014-d6e02c1b736b: 123 chunks; 1.4 s; peak memory 1178 MiB.
2026-10-01T23:15:04Z INFO [204/375] 22f1890c-cb57-4eed-af87-e9676e632c01: 1641 chunks; 2.1 s; peak memory 1178 MiB.
2026-10-01T23:15:11Z INFO [205/375] 22f18cfe-a9ab-4561-bbcf-7e6b8f2b9fa6: 429 chunks; 7.0 s; peak memory 1178 MiB.
2026-10-01T23:15:13Z INFO [206/375] 22f24abe-b207-442e-a3e1-34caa6a81287: 119 chunks; 1.8 s; peak memory 1178 MiB.
2026-10-01T23:15:39Z INFO [207/375] 22f2ef69-93c1-4f72-9043-9aa3cddfe433: 2906 chunks; 26.4 s; peak memory 1178 MiB.
2026-10-01T23:15:40Z INFO [208/375] 22f313c3-9aaa-4148-9396-42fc0f9598dd: 48 chunks; 0.7 s; peak memory 1178 MiB.
2026-10-01T23:15:46Z INFO [209/375] 22f362cc-e80c-4086-9ab4-9e4b599e599c: 21407 chunks; 6.0 s; peak memory 1178 MiB.
2026-10-01T23:15:47Z INFO [210/375] 22f41d4a-9f27-43f8-9fb5-972ac11e0529: 52 chunks; 0.7 s; peak memory 1178 MiB.
2026-10-01T23:15:49Z INFO [211/375] 22f498d4-bda2-48e7-a699-b99835df78ac: 9426 chunks; 2.3 s; peak memory 1178 MiB.
2026-10-01T23:15:51Z INFO [212/375] 22f623f9-30c8-4882-ae0e-db89bf58a0a8: 184 chunks; 2.2 s; peak memory 1178 MiB.
2026-10-01T23:15:57Z INFO [213/375] 22f686f1-dc76-47e7-9287-3214d145ae09: 20582 chunks; 5.7 s; peak memory 1178 MiB.
2026-10-01T23:16:01Z INFO [214/375] 22f742ad-d29f-4d17-b741-00e900e9d689: 3940 chunks; 3.9 s; peak memory 1178 MiB.
2026-10-01T23:16:02Z INFO [215/375] 22f78e47-5d0d-4ae4-bca0-f95e9810ed47: 52 chunks; 1.0 s; peak memory 1178 MiB.
2026-10-01T23:16:03Z INFO [216/375] 22f95711-7ce9-48b9-99c7-f333a7349c0a: 117 chunks; 1.1 s; peak memory 1178 MiB.
2026-10-01T23:16:03Z INFO [217/375] 22fa0c39-8cd0-40aa-95c2-c901b331eb95: 50 chunks; 0.7 s; peak memory 1178 MiB.
2026-10-01T23:16:04Z INFO [218/375] 22fa2867-ca24-41a9-a37d-0c8a6277d13f: 48 chunks; 0.8 s; peak memory 1178 MiB.
2026-10-01T23:16:05Z INFO [219/375] 22fa6567-ccce-4b89-a650-245b064b0848: 49 chunks; 0.7 s; peak memory 1178 MiB.
2026-10-01T23:16:06Z INFO [220/375] 22fad5a0-7c6b-4a9d-91e2-ca07f40d052f: 112 chunks; 1.0 s; peak memory 1178 MiB.
2026-10-01T23:16:07Z INFO [221/375] 22fc4d1d-24cd-4e81-a322-966eb4b5b849: 117 chunks; 0.8 s; peak memory 1178 MiB.
2026-10-01T23:16:08Z INFO [222/375] 22fc999e-18bc-4867-b45d-35147f8d729b: 70 chunks; 0.9 s; peak memory 1178 MiB.
2026-10-01T23:16:11Z INFO [223/375] 22fccbbe-d300-4b6d-8015-87e8ad55f625: 1700 chunks; 3.5 s; peak memory 1178 MiB.
2026-10-01T23:16:12Z INFO [224/375] 22fd70bf-0dea-4ae9-8dee-42af10712ad3: 50 chunks; 0.8 s; peak memory 1178 MiB.
2026-10-01T23:16:13Z INFO [225/375] 22fdd71a-4dbb-45af-a428-22de2c62a780: 66 chunks; 0.8 s; peak memory 1178 MiB.
2026-10-01T23:16:14Z INFO [226/375] 22fddffa-cdc4-4315-bb44-4f324da0aa3e: 112 chunks; 0.8 s; peak memory 1178 MiB.
2026-10-01T23:16:14Z INFO [227/375] 22fe4b81-86ce-47de-b3a7-631549cbe679: 116 chunks; 0.8 s; peak memory 1178 MiB.
2026-10-01T23:46:48Z INFO [228/375] 22fe8408-406a-4f76-a30a-817294f27ea8: 970258 chunks; 1833.5 s; peak memory 1221 MiB.
2026-10-01T23:46:53Z INFO [229/375] 22ff3e0b-65a9-4c91-83ad-3e15df795965: 23769 chunks; 4.9 s; peak memory 1221 MiB.
2026-10-01T23:46:54Z INFO [230/375] 22ff9063-02f7-45f3-98e6-e435dbf3dfd8: 117 chunks; 0.9 s; peak memory 1221 MiB.
2026-10-01T23:47:22Z INFO [231/375] 22ffb653-9f50-4176-b74b-7bce0146a888: 6906 chunks; 28.3 s; peak memory 1221 MiB.
2026-10-01T23:47:23Z INFO [232/375] 22fff86c-e9c1-4096-85d6-a11e14b0aed1: 56 chunks; 0.5 s; peak memory 1221 MiB.
2026-10-01T23:47:24Z INFO [233/375] 23002a2c-9b78-4678-be09-b28250de4a89: 67 chunks; 1.0 s; peak memory 1221 MiB.
2026-10-01T23:47:30Z INFO [234/375] 23004e3a-78d6-44c4-a272-8d4f42e88764: 11591 chunks; 6.9 s; peak memory 1221 MiB.
2026-10-01T23:47:40Z INFO [235/375] 2300d3a4-9d8f-4268-a2dd-a30bbf039cb5: 7208 chunks; 9.5 s; peak memory 1221 MiB.
2026-10-01T23:47:41Z INFO [236/375] 2301b25f-ee3e-44c6-9cd2-2f33420b3674: 66 chunks; 1.2 s; peak memory 1221 MiB.
2026-10-01T23:47:42Z INFO [237/375] 2301f71d-39f2-4eaa-960f-12cacd48c7af: 117 chunks; 1.1 s; peak memory 1221 MiB.
2026-10-01T23:47:43Z INFO [238/375] 23029953-6379-4c6a-afc3-52fa1d8e73b4: 112 chunks; 0.8 s; peak memory 1221 MiB.
2026-10-01T23:47:44Z INFO [239/375] 2303272d-ae7c-4f74-bfd8-65a3d8c6f494: 116 chunks; 0.8 s; peak memory 1221 MiB.
2026-10-01T23:47:45Z INFO [240/375] 2304d957-4967-40cd-93ec-57dbe8c1a649: 117 chunks; 0.7 s; peak memory 1221 MiB.
2026-10-01T23:47:45Z INFO [241/375] 2304f736-a322-43e6-a606-1f894765ad37: 112 chunks; 0.8 s; peak memory 1221 MiB.
2026-10-01T23:47:46Z INFO [242/375] 2305bc61-2b05-4a49-bd94-103595ee6f21: 117 chunks; 0.7 s; peak memory 1221 MiB.
2026-10-01T23:47:47Z INFO [243/375] 2305c477-8718-4410-8f1a-973e18b9c2eb: 35 chunks; 0.5 s; peak memory 1221 MiB.
2026-10-01T23:47:48Z INFO [244/375] 2305dd46-d765-41a7-b5a8-403b9bb3a79b: 83 chunks; 1.0 s; peak memory 1221 MiB.
2026-10-01T23:47:48Z INFO [245/375] 230648ca-3fc2-417e-bfb5-93bd66ed547d: 118 chunks; 0.8 s; peak memory 1221 MiB.
2026-10-01T23:47:49Z INFO [246/375] 23069a93-9a82-4534-a3d3-63e38ba43bd9: 48 chunks; 0.7 s; peak memory 1221 MiB.
2026-10-01T23:47:50Z INFO [247/375] 2306aae5-844f-4688-a0d9-c102f8a2bbbe: 62 chunks; 0.7 s; peak memory 1221 MiB.
2026-10-01T23:47:52Z INFO [248/375] 230753ea-2d9c-45e7-8fbd-5a0cd5544489: 156 chunks; 1.9 s; peak memory 1221 MiB.
2026-10-01T23:47:52Z INFO [249/375] 2307574d-fba9-4eb1-9cd6-6aa224c71edc: 84 chunks; 0.7 s; peak memory 1221 MiB.
2026-10-01T23:47:53Z INFO [250/375] 2307d37e-bce0-4181-b412-94446ffd0688: 69 chunks; 1.0 s; peak memory 1221 MiB.
2026-10-01T23:47:53Z INFO [250/375] 2307d37e-bce0-4181-b412-94446ffd0688: checkpointed 63832 records.
2026-10-01T23:47:54Z INFO [251/375] 23080da2-9ae1-403e-81e0-c141a3e04eed: 117 chunks; 0.7 s; peak memory 1221 MiB.
2026-10-01T23:47:55Z INFO [252/375] 230871d9-8adc-49e0-999c-bb441e04f56b: 48 chunks; 0.7 s; peak memory 1221 MiB.
2026-10-01T23:47:59Z INFO [253/375] 2308cd05-2a9e-4735-9d76-69944edaee00: 250 chunks; 3.8 s; peak memory 1221 MiB.
2026-10-01T23:47:59Z INFO [254/375] 23099e53-4a15-4e85-81ee-f8788159a566: 48 chunks; 0.6 s; peak memory 1221 MiB.
2026-10-01T23:48:00Z INFO [255/375] 230a25d3-a866-4de2-9aea-a66cd8352f20: 66 chunks; 1.1 s; peak memory 1221 MiB.
2026-10-01T23:48:01Z INFO [256/375] 230abade-d259-4894-8497-03c6a7387a16: 66 chunks; 1.0 s; peak memory 1221 MiB.
2026-10-01T23:48:02Z INFO [257/375] 230b3e12-3f35-41f0-a516-7910ada9da3e: 112 chunks; 0.9 s; peak memory 1221 MiB.
2026-10-01T23:48:03Z INFO [258/375] 230c6434-f61b-423c-af43-2e1eddbafaee: 118 chunks; 1.0 s; peak memory 1221 MiB.
2026-10-01T23:48:04Z INFO [259/375] 230c916f-7fb7-49a1-a760-ab5c0148d4b0: 56 chunks; 0.4 s; peak memory 1221 MiB.
2026-10-01T23:48:05Z INFO [260/375] 230ce45f-67b0-4358-af6e-98d462b6ae97: 112 chunks; 1.0 s; peak memory 1221 MiB.
2026-10-01T23:48:05Z INFO [261/375] 230d79db-54dc-49ce-b20e-c88ae070c933: 48 chunks; 0.7 s; peak memory 1221 MiB.
2026-10-01T23:48:06Z INFO [262/375] 230e4e9d-7929-47b6-b68f-d928b616845f: 48 chunks; 0.6 s; peak memory 1221 MiB.
2026-10-01T23:48:06Z INFO [263/375] 230f11d1-7336-41c6-8a6f-1cd545d534b7: 69 chunks; 0.5 s; peak memory 1221 MiB.
2026-10-01T23:48:11Z INFO [264/375] 230f8a41-6afb-4acf-9693-ab6800b45b0e: 1111 chunks; 4.9 s; peak memory 1221 MiB.
2026-10-02T00:52:57Z INFO [265/375] 2310125d-3596-445d-af64-583c7c236000: 646442 chunks; 3885.4 s; peak memory 1221 MiB.
2026-10-02T00:52:58Z INFO [266/375] 23109dd8-c9aa-40f4-af88-d84defabf197: 51 chunks; 1.0 s; peak memory 1221 MiB.
2026-10-02T00:52:58Z INFO [267/375] 2310f563-b48e-4182-92b5-a495c6ee767f: 46 chunks; 0.5 s; peak memory 1221 MiB.
2026-10-02T00:52:59Z INFO [268/375] 23110a90-0d5b-47f4-b2dd-9a18f8c3ce5b: 48 chunks; 0.7 s; peak memory 1221 MiB.
2026-10-02T00:53:00Z INFO [269/375] 2311370b-eb6d-41da-ac55-9634c6fb8894: 69 chunks; 1.0 s; peak memory 1221 MiB.
2026-10-02T00:53:01Z INFO [270/375] 23119f71-1c61-4701-9922-3a0821412236: 50 chunks; 0.8 s; peak memory 1221 MiB.
2026-10-02T00:53:01Z INFO [271/375] 23128312-cc38-4b30-97ff-317751b781bb: 52 chunks; 0.7 s; peak memory 1221 MiB.
2026-10-02T00:53:02Z INFO [272/375] 23134728-0df0-4338-91f1-9c5c63e493da: 289 chunks; 0.9 s; peak memory 1221 MiB.
2026-10-02T00:53:03Z INFO [273/375] 23136e5c-5861-410c-a4cf-8f30071f84ba: 48 chunks; 0.8 s; peak memory 1221 MiB.
2026-10-02T00:53:04Z INFO [274/375] 2313ac7c-800c-473f-ba10-e466faa1861c: 121 chunks; 0.6 s; peak memory 1221 MiB.
2026-10-02T00:53:06Z INFO [275/375] 2313fa0f-75e5-415a-87d1-9f4a5492b159: 178 chunks; 2.6 s; peak memory 1221 MiB.
2026-10-02T00:53:07Z INFO [276/375] 231402bc-9f2e-4c9c-a8b3-607de0786c6f: 48 chunks; 0.7 s; peak memory 1221 MiB.
2026-10-02T00:53:18Z INFO [277/375] 23140e7c-8d24-4e26-963c-d9fece72b9f6: 8232 chunks; 10.8 s; peak memory 1221 MiB.
2026-10-02T00:55:26Z INFO [278/375] 23147a80-58b6-4960-bab8-cf4daaa2f5c9: 44952 chunks; 128.4 s; peak memory 1221 MiB.
2026-10-02T00:55:27Z INFO [279/375] 2314b183-dfa8-4b0b-85fe-9fcf1b3c6e43: 112 chunks; 0.9 s; peak memory 1221 MiB.
2026-10-02T00:55:28Z INFO [280/375] 23156109-95d5-4f24-b716-0e67d450ff38: 66 chunks; 0.9 s; peak memory 1221 MiB.
2026-10-02T00:55:32Z INFO [281/375] 2315b671-08b0-448b-a5aa-36578ef42c9b: 804 chunks; 3.8 s; peak memory 1221 MiB.
2026-10-02T00:55:33Z INFO [282/375] 231605dc-cc63-45e6-9647-71968bde5e8f: 48 chunks; 0.8 s; peak memory 1221 MiB.
2026-10-02T00:55:33Z INFO [283/375] 2316ccf4-8d1c-487b-8a74-29d6115d1fe1: 57 chunks; 0.6 s; peak memory 1221 MiB.
2026-10-02T00:55:35Z INFO [284/375] 2317110e-a731-4738-91fa-25598022f8c2: 142 chunks; 1.4 s; peak memory 1221 MiB.
2026-10-02T00:55:35Z INFO [285/375] 23178ac0-2442-4933-8db9-f1620969a2c3: 118 chunks; 0.8 s; peak memory 1221 MiB.
2026-10-02T00:55:48Z INFO [286/375] 23179412-e99d-4591-a7a0-3db6a8ca1a2a: 8232 chunks; 12.1 s; peak memory 1221 MiB.
2026-10-02T00:55:49Z INFO [287/375] 23194ec5-cca2-4251-81f3-db053e67d8b9: 76 chunks; 0.9 s; peak memory 1221 MiB.
2026-10-02T00:55:50Z INFO [288/375] 23199143-1be8-4d5e-9741-43594495bf02: 115 chunks; 1.5 s; peak memory 1221 MiB.
2026-10-02T00:55:51Z INFO [289/375] 231a48b9-2c77-4cb1-8982-07373a99bfad: 117 chunks; 0.8 s; peak memory 1221 MiB.
2026-10-02T00:55:52Z INFO [290/375] 231a74e4-80ed-48f5-a2bb-adf440ea6839: 69 chunks; 1.0 s; peak memory 1221 MiB.
2026-10-02T00:57:47Z INFO [291/375] 231af817-e732-40ec-842b-d872848c56b5: 42690 chunks; 115.3 s; peak memory 1221 MiB.
2026-10-02T00:57:48Z INFO [292/375] 231b7d2e-02f2-4b6e-bfce-294214c6a0b1: 52 chunks; 0.9 s; peak memory 1221 MiB.
2026-10-02T00:57:49Z INFO [293/375] 231e8148-e434-42c7-9365-1f1ac0f26a92: 54 chunks; 0.5 s; peak memory 1221 MiB.
2026-10-02T00:57:50Z INFO [294/375] 231ed342-39af-456f-98b8-27dc86a3712f: 112 chunks; 0.9 s; peak memory 1221 MiB.
2026-10-02T00:57:51Z INFO [295/375] 2320642e-5d2a-40ec-a0d0-b89999c7c8c1: 66 chunks; 1.2 s; peak memory 1221 MiB.
2026-10-02T00:59:16Z INFO [296/375] 23207573-3039-40bb-a398-0b8fce1acb61: 26689 chunks; 85.0 s; peak memory 1221 MiB.
2026-10-02T01:02:07Z INFO [297/375] 23215879-db3c-4ea9-8991-14e68a572562: 37805 chunks; 171.0 s; peak memory 1221 MiB.
2026-10-02T01:02:07Z INFO [298/375] 23216090-9ae7-4f0c-bdee-5ac52e79bc0b: 46 chunks; 0.7 s; peak memory 1221 MiB.
2026-10-02T01:02:08Z INFO [299/375] 232185cc-313a-4edf-b3f6-11b2e804740b: 48 chunks; 1.0 s; peak memory 1221 MiB.
2026-10-02T01:02:15Z INFO [300/375] 23219884-1bc8-48dd-ab5f-03d210607f0a: 24855 chunks; 6.1 s; peak memory 1221 MiB.
2026-10-02T01:02:15Z INFO [300/375] 23219884-1bc8-48dd-ab5f-03d210607f0a: checkpointed 63882 records.
2026-10-02T01:02:15Z INFO [301/375] 23221cc2-717e-40f1-925a-e03aea91bb98: 31 chunks; 0.5 s; peak memory 1221 MiB.
2026-10-02T01:02:17Z INFO [302/375] 23240d2f-4300-494a-a648-ec7486630530: 119 chunks; 1.7 s; peak memory 1221 MiB.
2026-10-02T01:02:26Z INFO [303/375] 2324503c-e3cc-4f21-8bde-c4fef5c142a8: 25064 chunks; 9.2 s; peak memory 1221 MiB.
2026-10-02T01:02:27Z INFO [304/375] 2324774a-48f0-449f-bb7f-d8ab440e3351: 48 chunks; 1.0 s; peak memory 1221 MiB.
2026-10-02T01:02:28Z INFO [305/375] 23249618-5881-4c8c-9eef-aa5fd7ecb53c: 46 chunks; 0.6 s; peak memory 1221 MiB.
2026-10-02T01:02:28Z INFO [306/375] 2324d5f3-e42b-4794-8b15-21f17cc92ef0: 46 chunks; 0.6 s; peak memory 1221 MiB.
2026-10-02T01:02:34Z INFO [307/375] 23250105-cc94-449f-aa28-e71f7137919c: 10018 chunks; 5.7 s; peak memory 1221 MiB.
2026-10-02T01:02:35Z INFO [308/375] 2325c06a-28ed-400e-bdda-085a23828dd5: 71 chunks; 1.5 s; peak memory 1221 MiB.
2026-10-02T01:02:36Z INFO [309/375] 23272c8c-5a59-470c-9e13-f08dc1d546d1: 48 chunks; 0.6 s; peak memory 1221 MiB.
2026-10-02T01:02:37Z INFO [310/375] 23289e8c-5589-4234-9f44-6e447006f1bd: 50 chunks; 0.8 s; peak memory 1221 MiB.
2026-10-02T01:02:38Z INFO [311/375] 2329a60f-f4e3-4554-bb56-d20e5613afbd: 822 chunks; 1.6 s; peak memory 1221 MiB.
2026-10-02T01:02:39Z INFO [312/375] 232ac883-c0d7-4873-a735-3e29d88165d3: 56 chunks; 0.7 s; peak memory 1221 MiB.
2026-10-02T01:02:40Z INFO [313/375] 232c83a0-a1ba-4e04-9982-a408e46028ce: 48 chunks; 0.7 s; peak memory 1221 MiB.
2026-10-02T01:02:42Z INFO [314/375] 232c982c-fa06-49ac-815d-2d16f838503c: 3196 chunks; 2.5 s; peak memory 1221 MiB.
2026-10-02T01:02:44Z INFO [315/375] 232d0f9f-727e-4bc3-a55a-c6ddfcd102b1: 101 chunks; 2.1 s; peak memory 1221 MiB.
2026-10-02T01:02:45Z INFO [316/375] 232df63d-9872-4037-a85f-7ce0d9962c5d: 48 chunks; 0.8 s; peak memory 1221 MiB.
2026-10-02T01:02:46Z INFO [317/375] 232fcbf9-86e8-4ed6-ab52-8a9f51475e2c: 62 chunks; 1.1 s; peak memory 1221 MiB.
2026-10-02T01:02:48Z INFO [318/375] 23304704-69ab-4df6-a71f-928a1ea2b0ef: 631 chunks; 1.9 s; peak memory 1221 MiB.
2026-10-02T01:02:49Z INFO [319/375] 23305db4-ad6b-42a7-a019-8d2389c456bd: 56 chunks; 0.5 s; peak memory 1221 MiB.
2026-10-02T01:02:50Z INFO [320/375] 23306e53-9271-4dee-8f9c-811eea31d28c: 117 chunks; 0.9 s; peak memory 1221 MiB.
2026-10-02T01:02:51Z INFO [321/375] 2330a601-d009-42b9-bba0-b6a702480596: 70 chunks; 1.0 s; peak memory 1221 MiB.
2026-10-02T01:02:51Z INFO [322/375] 233193de-14be-4d96-bbc4-00a8a01edbe7: 70 chunks; 0.8 s; peak memory 1221 MiB.
2026-10-02T01:02:55Z INFO [323/375] 2332e381-f8d3-47fb-abed-3331d6d94b50: 2923 chunks; 3.1 s; peak memory 1221 MiB.
2026-10-02T01:02:57Z INFO [324/375] 2332e549-536e-474d-884c-f5ad590335e4: 404 chunks; 2.9 s; peak memory 1221 MiB.
2026-10-02T01:02:58Z INFO [325/375] 2332f223-fb38-4b01-b880-6781a139a072: 37 chunks; 0.5 s; peak memory 1221 MiB.
2026-10-02T01:02:59Z INFO [326/375] 2333354d-b5e7-42a7-a9b5-637e9e668d77: 105 chunks; 1.2 s; peak memory 1221 MiB.
2026-10-02T01:03:00Z INFO [327/375] 23340068-09c6-4b89-a794-87b1466d2bb0: 70 chunks; 0.7 s; peak memory 1221 MiB.
2026-10-02T01:06:53Z INFO [328/375] 2334983b-fbe8-4c40-934d-a47c8a31097e: 126324 chunks; 233.3 s; peak memory 1221 MiB.
2026-10-02T01:08:43Z INFO [329/375] 233517e5-2199-4414-a775-302aa68cca16: 37869 chunks; 110.2 s; peak memory 1221 MiB.
2026-10-02T01:08:44Z INFO [330/375] 23357f78-dab1-4642-bc1b-a5e4bf902d1f: 78 chunks; 0.9 s; peak memory 1221 MiB.
2026-10-02T01:08:45Z INFO [331/375] 23359d91-85ba-4bb3-9b65-9109223dca86: 48 chunks; 0.8 s; peak memory 1221 MiB.
2026-10-02T01:08:46Z INFO [332/375] 2335d6dc-7e5f-4071-8c74-854bc8eba258: 50 chunks; 0.8 s; peak memory 1221 MiB.
2026-10-02T01:08:47Z INFO [333/375] 233642a5-b522-4332-a76e-b842a25c9f1d: 109 chunks; 1.0 s; peak memory 1221 MiB.
2026-10-02T01:08:48Z INFO [334/375] 233653ac-58a8-4f11-9aa1-7d08bbb104df: 117 chunks; 0.9 s; peak memory 1221 MiB.
2026-10-02T01:09:09Z INFO [335/375] 23367ca6-5165-4f8f-91c0-c66f36c71691: 6576 chunks; 21.5 s; peak memory 1221 MiB.
2026-10-02T01:09:15Z INFO [336/375] 23368180-d18a-478f-8915-df729fe989b8: 372 chunks; 5.7 s; peak memory 1221 MiB.
2026-10-02T01:09:17Z INFO [337/375] 23381042-32e3-43c0-a7a9-5f2bd13035d5: 85 chunks; 2.0 s; peak memory 1221 MiB.
2026-10-02T01:09:17Z INFO [338/375] 233842d0-d9ed-482c-857e-bbd0e9d383f4: 101 chunks; 0.7 s; peak memory 1221 MiB.
2026-10-02T01:09:18Z INFO [339/375] 23393911-4370-4084-9f9a-d565f8d7a33f: 52 chunks; 0.6 s; peak memory 1221 MiB.
2026-10-02T01:09:19Z INFO [340/375] 233959a0-bdf2-42ee-a79d-b4679a731cd8: 112 chunks; 0.7 s; peak memory 1221 MiB.
2026-10-02T01:09:20Z INFO [341/375] 23399f1b-a9ee-4b86-a43a-2f966ca45775: 52 chunks; 0.8 s; peak memory 1221 MiB.
2026-10-02T01:09:20Z INFO [342/375] 233a28fe-4e9a-4d3b-9ab0-51d6500199b6: 50 chunks; 0.6 s; peak memory 1221 MiB.
2026-10-02T01:09:22Z INFO [343/375] 233c4d05-b5e7-41f9-873e-209aba96966c: 115 chunks; 1.8 s; peak memory 1221 MiB.
2026-10-02T01:09:23Z INFO [344/375] 233cc1f0-02b5-4e55-88f0-2a6ce5a897e4: 126 chunks; 1.3 s; peak memory 1221 MiB.
2026-10-02T01:09:24Z INFO [345/375] 233cd170-3b75-4b26-a700-903683c74a3a: 64 chunks; 1.2 s; peak memory 1221 MiB.
2026-10-02T01:09:25Z INFO [346/375] 233cf459-a509-4acd-8f53-89cecab1d0ca: 59 chunks; 0.8 s; peak memory 1221 MiB.
2026-10-02T01:09:26Z INFO [347/375] 233d056e-bf6a-42e3-adec-30af31042af2: 112 chunks; 0.8 s; peak memory 1221 MiB.
2026-10-02T01:09:27Z INFO [348/375] 233e3bac-dcbf-4c5d-8c1e-d4b698de286f: 48 chunks; 0.8 s; peak memory 1221 MiB.
2026-10-02T01:09:27Z INFO [349/375] 233e4396-0d3c-451c-894c-67d0fc2e01d8: 117 chunks; 0.6 s; peak memory 1221 MiB.
2026-10-02T01:09:29Z INFO [350/375] 233e83d7-6e2a-49cc-9a4f-dc9231a04ba6: 74 chunks; 1.1 s; peak memory 1221 MiB.
2026-10-02T01:09:29Z INFO [350/375] 233e83d7-6e2a-49cc-9a4f-dc9231a04ba6: checkpointed 63932 records.
2026-10-02T01:09:30Z INFO [351/375] 233fdfef-2c62-46f4-8ffe-45f4dcb56b63: 48 chunks; 0.8 s; peak memory 1221 MiB.
2026-10-02T01:09:30Z INFO [352/375] 234008dc-951b-44f4-8cd6-673d52afc689: 48 chunks; 0.9 s; peak memory 1221 MiB.
2026-10-02T01:09:31Z INFO [353/375] 23401e39-a51d-4d04-9c28-4cc599236d41: 59 chunks; 0.7 s; peak memory 1221 MiB.
2026-10-02T01:09:32Z INFO [354/375] 23407771-633c-42d0-8c71-996b67ca5190: 71 chunks; 1.4 s; peak memory 1221 MiB.
2026-10-02T01:09:38Z INFO [355/375] 23407e99-4b35-48b1-b6c0-91490a6ffdfa: 11550 chunks; 5.9 s; peak memory 1221 MiB.
2026-10-02T01:09:39Z INFO [356/375] 23409a1b-6565-4ce7-9850-933e8a628b23: 48 chunks; 0.8 s; peak memory 1221 MiB.
2026-10-02T01:09:42Z INFO [357/375] 2340a694-588f-4ec2-83a4-f79ff0d0799b: 6566 chunks; 2.4 s; peak memory 1221 MiB.
2026-10-02T01:09:42Z INFO [358/375] 2340bae2-2d60-4706-929e-242167694af0: 45 chunks; 0.6 s; peak memory 1221 MiB.
2026-10-02T01:09:43Z INFO [359/375] 23414e39-b7b0-4ab3-bcd0-e02afac44d61: 66 chunks; 1.1 s; peak memory 1221 MiB.
2026-10-02T01:09:44Z INFO [360/375] 2341ac7c-effb-4c87-a42c-0c56a0fe2118: 118 chunks; 0.9 s; peak memory 1221 MiB.
2026-10-02T01:09:50Z INFO [361/375] 234288c3-a4d8-4369-9e58-8a6d8d26a303: 5443 chunks; 6.1 s; peak memory 1221 MiB.
2026-10-02T01:09:51Z INFO [362/375] 2342aa70-28a1-421a-9a22-051195df0dcf: 64 chunks; 1.0 s; peak memory 1221 MiB.
2026-10-02T01:09:52Z INFO [363/375] 23439a94-1b37-4cd1-83c1-aa6996652f9f: 112 chunks; 0.9 s; peak memory 1221 MiB.
2026-10-02T01:09:53Z INFO [364/375] 2343f89b-ae24-47ef-bb83-a96212f90bbb: 48 chunks; 0.8 s; peak memory 1221 MiB.
2026-10-02T01:09:54Z INFO [365/375] 234403a1-5a1c-4ae2-8339-f51d75401d51: 117 chunks; 0.8 s; peak memory 1221 MiB.
2026-10-02T01:09:55Z INFO [366/375] 2344224d-50bd-4b95-95f4-ba642fce9932: 119 chunks; 1.6 s; peak memory 1221 MiB.
2026-10-02T01:09:56Z INFO [367/375] 23442c39-ad5a-4623-bde2-7fb35eaead98: 117 chunks; 0.7 s; peak memory 1221 MiB.
2026-10-02T01:09:57Z INFO [368/375] 2344bc3f-2554-4023-b429-dc8d182e19cf: 71 chunks; 0.9 s; peak memory 1221 MiB.
2026-10-02T01:10:35Z INFO [369/375] 234571f4-e926-47ef-b3bc-8b712ad47c32: 20786 chunks; 37.6 s; peak memory 1221 MiB.
2026-10-02T01:10:35Z INFO [370/375] 2345989b-3a61-4778-a0ee-6cdca78414a5: 48 chunks; 0.7 s; peak memory 1221 MiB.
2026-10-02T01:10:36Z INFO [371/375] 23459f25-670e-4206-838f-56e686054032: 117 chunks; 0.8 s; peak memory 1221 MiB.
2026-10-02T01:10:40Z INFO [372/375] 23465920-a4d4-48a3-944b-96e107da6a45: 193 chunks; 4.4 s; peak memory 1221 MiB.
2026-10-02T01:10:41Z INFO [373/375] 2346ed5e-256d-4b19-8a16-6785f4cba2ea: 48 chunks; 0.7 s; peak memory 1221 MiB.
2026-10-02T01:10:46Z INFO [374/375] 23481694-4c1f-4dc2-b718-485e9cda3f57: 4133 chunks; 5.2 s; peak memory 1221 MiB.
2026-10-02T01:10:48Z INFO [375/375] 2348281c-408b-4fce-acfd-bd31619b1a0e: 115 chunks; 1.7 s; peak memory 1221 MiB.
2026-10-02T01:10:48Z INFO Wrote 63957 records to /tmp/derivatives/valid_nwb_file_to_chunk_stats.jsonl (375 new, 0 failed) in 219.6 min (peak memory 1221 MiB).
