2026-10-08T09:30:19Z INFO Logging to /tmp/logs/update_2026-10-08T09-30-19Z.log.
2026-10-08T09:30:19Z INFO Update valid-nwb-file-to-chunk-stats (base directory /tmp).
2026-10-08T09:30:19Z INFO Processing 500 items (90334 already recorded).
2026-10-08T09:30:21Z INFO [1/500] 59c5d747-0070-4998-ad91-b2712a7d699b: 44 chunks; 1.3 s; peak memory 188 MiB.
2026-10-08T09:30:24Z INFO [2/500] 59c6c768-e207-48db-96ba-f6b9413cb95d: 115 chunks; 3.0 s; peak memory 190 MiB.
2026-10-08T09:30:25Z INFO [3/500] 59c806b4-a6bc-4fb3-8f04-5cc49b374051: 35 chunks; 1.1 s; peak memory 190 MiB.
2026-10-08T09:30:26Z INFO [4/500] 59c819ce-a874-440e-86f0-21588ae16886: 45 chunks; 1.1 s; peak memory 190 MiB.
2026-10-08T09:30:29Z INFO [5/500] 59c8354e-24e8-4144-a84f-c7559e404d30: 184 chunks; 2.8 s; peak memory 193 MiB.
2026-10-08T09:30:38Z INFO [6/500] 59c85599-1121-4135-ae74-e14bc0e4eadf: 4133 chunks; 9.0 s; peak memory 204 MiB.
2026-10-08T09:30:39Z INFO [7/500] 59c875c7-6a14-45a7-98b3-785e1b22471d: 68 chunks; 1.6 s; peak memory 204 MiB.
2026-10-08T09:30:40Z INFO [8/500] 59c96d1c-f22e-4a96-82ac-6c20fe6708ae: 48 chunks; 1.3 s; peak memory 204 MiB.
2026-10-08T09:30:43Z INFO [9/500] 59c98e27-3d5a-41f8-a0ef-31c473ca016a: 113 chunks; 2.6 s; peak memory 204 MiB.
2026-10-08T09:30:44Z INFO [10/500] 59c98e2a-3dd4-4b04-b903-d68a35dbcc1f: 46 chunks; 1.0 s; peak memory 204 MiB.
2026-10-08T09:30:46Z INFO [11/500] 59c9976a-a888-4cbf-9f91-8516a1e28500: 66 chunks; 2.0 s; peak memory 204 MiB.
2026-10-08T09:30:48Z INFO [12/500] 59c9acd4-8359-4d1d-8357-613f0ceb41b1: 112 chunks; 1.6 s; peak memory 204 MiB.
2026-10-08T09:30:51Z INFO [13/500] 59c9b857-21c2-4342-a168-39006e907533: 101 chunks; 3.1 s; peak memory 204 MiB.
2026-10-08T09:30:55Z INFO [14/500] 59c9f019-8c0b-4e8d-8f83-66f5fe10bfcf: 253 chunks; 4.2 s; peak memory 204 MiB.
2026-10-08T09:30:56Z INFO [15/500] 59ca48fa-3c3a-438b-8b3a-87ecf0f7757b: 56 chunks; 1.2 s; peak memory 204 MiB.
2026-10-08T09:30:58Z INFO [16/500] 59cad54b-b526-40f5-95c7-f4009143da16: 117 chunks; 1.6 s; peak memory 204 MiB.
2026-10-08T09:33:49Z INFO [17/500] 59cb8f6e-3df3-4d5e-afb9-8b75d21986ba: 65730 chunks; 171.5 s; peak memory 435 MiB.
2026-10-08T09:33:51Z INFO [18/500] 59cc12f2-87a4-41bb-b5ff-ba280b764fc3: 99 chunks; 2.1 s; peak memory 435 MiB.
2026-10-08T09:33:53Z INFO [19/500] 59cc2456-2f56-4f75-9fe7-e1aa868a3ec7: 110 chunks; 1.8 s; peak memory 435 MiB.
2026-10-08T09:34:03Z INFO [20/500] 59cc555c-cb18-435d-9e7a-0f1532901d68: 10434 chunks; 10.3 s; peak memory 435 MiB.
2026-10-08T09:34:15Z INFO [21/500] 59ccce03-5c25-499d-9c34-cfcae024ff15: 5843 chunks; 11.9 s; peak memory 435 MiB.
2026-10-08T09:34:18Z INFO [22/500] 59ce0dfd-20f9-4f9a-9186-d7f9461064ab: 116 chunks; 3.0 s; peak memory 435 MiB.
2026-10-08T09:34:20Z INFO [23/500] 59ce8c58-29cb-4099-a77f-d12c2f9b74eb: 84 chunks; 1.2 s; peak memory 435 MiB.
2026-10-08T09:34:21Z INFO [24/500] 59cedc70-f28a-4a82-8296-35395e8ceca7: 48 chunks; 1.3 s; peak memory 435 MiB.
2026-10-08T09:34:32Z INFO [25/500] 59ceefcb-edd1-4ab6-95e5-4a20b6455190: 2528 chunks; 11.5 s; peak memory 435 MiB.
2026-10-08T09:34:34Z INFO [26/500] 59cf6ccf-f09a-41f0-a303-0cba4574a0de: 167 chunks; 1.6 s; peak memory 435 MiB.
2026-10-08T09:34:36Z INFO [27/500] 59cfa8a4-3630-4a3f-a84f-977dfbef2ef2: 131 chunks; 2.3 s; peak memory 435 MiB.
2026-10-08T09:34:43Z INFO [28/500] 59d0612b-e100-4186-9722-3d4ca73a78c3: 2020 chunks; 7.2 s; peak memory 435 MiB.
2026-10-08T09:34:45Z INFO [29/500] 59d155dc-0837-4287-87fb-7ac97e3bb0dc: 69 chunks; 1.7 s; peak memory 435 MiB.
2026-10-08T09:34:47Z INFO [30/500] 59d184cf-e719-474c-ae7e-5ac258be964e: 112 chunks; 1.8 s; peak memory 435 MiB.
2026-10-08T09:34:48Z INFO [31/500] 59d1cdf0-9074-4afa-be49-7a576384c9d5: 117 chunks; 1.6 s; peak memory 435 MiB.
2026-10-08T09:34:51Z INFO [32/500] 59d2736a-c825-44ea-9272-5ef7f220d481: 997 chunks; 2.8 s; peak memory 435 MiB.
2026-10-08T09:34:53Z INFO [33/500] 59d2fb65-4744-420f-a165-00cc9689a28a: 62 chunks; 1.7 s; peak memory 435 MiB.
2026-10-08T09:34:54Z INFO [34/500] 59d42e1d-6d2b-4aff-8570-afebe4958823: 48 chunks; 1.4 s; peak memory 435 MiB.
2026-10-08T09:34:56Z INFO [35/500] 59d5a321-cf62-45f4-8a52-8a786f296f98: 92 chunks; 1.9 s; peak memory 435 MiB.
2026-10-08T09:34:58Z INFO [36/500] 59d6f64c-f091-426a-a123-9cb8feea0806: 46 chunks; 1.4 s; peak memory 435 MiB.
2026-10-08T09:35:01Z INFO [37/500] 59d712a4-a514-4e7b-8606-63cea8e9d9a6: 156 chunks; 3.9 s; peak memory 435 MiB.
2026-10-08T09:35:03Z INFO [38/500] 59d756fc-e2b2-458b-9d31-418b64433778: 116 chunks; 1.7 s; peak memory 435 MiB.
2026-10-08T09:35:04Z INFO [39/500] 59d78b02-8020-4c5c-a20c-5d713000b3dc: 63 chunks; 1.2 s; peak memory 435 MiB.
2026-10-08T09:35:08Z INFO [40/500] 59d7ac72-c7df-41a6-9148-bc55ce2516b9: 650 chunks; 4.0 s; peak memory 435 MiB.
2026-10-08T09:35:10Z INFO [41/500] 59d86068-e98e-4b02-a9b8-0b0695ef2f15: 117 chunks; 1.3 s; peak memory 435 MiB.
2026-10-08T09:35:19Z INFO [42/500] 59d9303e-45b4-473e-a59e-025edec3802c: 14618 chunks; 9.2 s; peak memory 435 MiB.
2026-10-08T09:35:20Z INFO [43/500] 59d9c01c-619d-4730-913c-e74113c5ed95: 49 chunks; 1.2 s; peak memory 435 MiB.
2026-10-08T09:35:21Z INFO [44/500] 59d9d76a-4bee-4113-8109-c32004fb54bc: 48 chunks; 1.4 s; peak memory 435 MiB.
2026-10-08T09:35:23Z INFO [45/500] 59da5c94-eff2-45d1-b4fd-8894178f2bf2: 69 chunks; 1.7 s; peak memory 435 MiB.
2026-10-08T09:35:43Z INFO [46/500] 59da6ab2-056e-4d5b-a153-70cf98860e4d: 428 chunks; 20.3 s; peak memory 435 MiB.
2026-10-08T09:35:45Z INFO [47/500] 59da8957-536c-4626-8c0c-f9cd66d17798: 118 chunks; 1.5 s; peak memory 435 MiB.
2026-10-08T09:35:46Z INFO [48/500] 59da9f7d-316d-4e14-b9b5-0ce918f7c3f6: 48 chunks; 1.3 s; peak memory 435 MiB.
2026-10-08T09:35:48Z INFO [49/500] 59dcaff5-4b83-4990-97fa-5d7094743f4c: 112 chunks; 1.6 s; peak memory 435 MiB.
2026-10-08T09:35:55Z INFO [50/500] 59deaee4-d199-4b58-bbac-12f471e66441: 643 chunks; 7.4 s; peak memory 435 MiB.
2026-10-08T09:35:56Z INFO [50/500] 59deaee4-d199-4b58-bbac-12f471e66441: checkpointed 90384 records.
2026-10-08T09:40:47Z INFO [51/500] 59df5d92-95d6-4a98-be9e-1aa56fa0eddf: 75044 chunks; 291.3 s; peak memory 473 MiB.
2026-10-08T09:40:50Z INFO [52/500] 59df6b39-e6c1-40f9-8049-59e13c8bb896: 114 chunks; 3.1 s; peak memory 473 MiB.
2026-10-08T09:40:56Z INFO [53/500] 59dfed76-7e52-4ed7-a861-683c1b043901: 1446 chunks; 5.6 s; peak memory 473 MiB.
2026-10-08T09:40:57Z INFO [54/500] 59e01519-72df-4dcb-b882-c6a0b675fcf3: 57 chunks; 1.1 s; peak memory 473 MiB.
2026-10-08T09:40:59Z INFO [55/500] 59e0ae59-2749-4222-8b7a-61414150fae8: 119 chunks; 2.5 s; peak memory 473 MiB.
2026-10-08T09:41:01Z INFO [56/500] 59e16722-cd2e-4c35-87b9-27841357b7eb: 117 chunks; 1.5 s; peak memory 473 MiB.
2026-10-08T09:41:04Z INFO [57/500] 59e1f096-8186-4aa3-9f56-b44acdbbf6d3: 156 chunks; 3.7 s; peak memory 473 MiB.
2026-10-08T09:41:06Z INFO [58/500] 59e2ac94-2c34-42f2-8581-ab993e70bef0: 112 chunks; 1.6 s; peak memory 473 MiB.
2026-10-08T09:41:07Z INFO [59/500] 59e2c352-1488-43fe-a8e9-64a08e440d92: 48 chunks; 1.3 s; peak memory 473 MiB.
2026-10-08T09:41:14Z INFO [60/500] 59e30edb-9805-47b6-ab29-2ef560fa1ad2: 2270 chunks; 6.6 s; peak memory 473 MiB.
2026-10-08T09:41:15Z INFO [61/500] 59e4e45a-190c-4edf-8a6b-7be12c73a2a4: 48 chunks; 1.3 s; peak memory 473 MiB.
2026-10-08T09:41:18Z INFO [62/500] 59e56e3a-d1a6-4429-81b8-070fc19a5214: 115 chunks; 3.0 s; peak memory 473 MiB.
2026-10-08T09:41:21Z INFO [63/500] 59e6e273-6641-4a3e-860c-5e11dffab127: 115 chunks; 2.9 s; peak memory 473 MiB.
2026-10-08T09:41:22Z INFO [64/500] 59e7e668-f48e-40c4-8ee3-d6039bc06055: 48 chunks; 1.3 s; peak memory 473 MiB.
2026-10-08T09:41:24Z INFO [65/500] 59e84ff9-80cb-432e-9ec2-cb73c5695537: 66 chunks; 1.9 s; peak memory 473 MiB.
2026-10-08T09:41:40Z INFO [66/500] 59e86d10-7dc8-4486-9748-0354e85a6f08: 3043 chunks; 15.6 s; peak memory 473 MiB.
2026-10-08T09:41:42Z INFO [67/500] 59e91e8b-1fdb-4e5f-a9b0-0933a22e7f81: 116 chunks; 1.7 s; peak memory 473 MiB.
2026-10-08T09:41:43Z INFO [68/500] 59ea2c08-0716-4780-9156-a336ad79b147: 55 chunks; 1.0 s; peak memory 473 MiB.
2026-10-08T09:41:44Z INFO [69/500] 59eadecf-d3a6-4aff-b8f5-e8e0de0896ba: 117 chunks; 1.5 s; peak memory 473 MiB.
2026-10-08T09:41:49Z INFO [70/500] 59ebd367-9eb4-4a22-856e-442894c2b099: 283 chunks; 4.4 s; peak memory 473 MiB.
2026-10-08T09:41:56Z INFO [71/500] 59ebf9b7-bb77-4725-8f15-908dc4705a72: 18111 chunks; 7.7 s; peak memory 473 MiB.
2026-10-08T09:41:58Z INFO [72/500] 59ebfe05-706b-42ec-a679-ab8bab1aedce: 132 chunks; 1.7 s; peak memory 473 MiB.
2026-10-08T09:41:59Z INFO [73/500] 59ec3f2a-0074-4ddc-82ab-fffa722c73a6: 48 chunks; 1.4 s; peak memory 473 MiB.
2026-10-08T09:42:28Z INFO [74/500] 59ec7c47-4190-49ed-b31c-1afa48ad6356: 6125 chunks; 28.9 s; peak memory 473 MiB.
2026-10-08T09:42:30Z INFO [75/500] 59ec9a43-704f-4d1c-ac3e-21032b935f0b: 71 chunks; 2.0 s; peak memory 473 MiB.
2026-10-08T09:42:32Z INFO [76/500] 59ecb230-e7a6-46c1-97c9-b40fa1e6648f: 112 chunks; 1.6 s; peak memory 473 MiB.
2026-10-08T09:42:33Z INFO [77/500] 59ee347b-8fa3-447b-aa33-a05dff299876: 48 chunks; 1.2 s; peak memory 473 MiB.
2026-10-08T09:42:34Z INFO [78/500] 59eef640-53f0-4e63-a7a0-1bc400c9c242: 52 chunks; 1.4 s; peak memory 473 MiB.
2026-10-08T09:42:38Z INFO [79/500] 59ef64ea-7434-4970-bfde-9b6997510dab: 156 chunks; 3.5 s; peak memory 473 MiB.
2026-10-08T09:42:42Z INFO [80/500] 59efeba9-9739-42d3-b974-f1a8c457a6cb: 156 chunks; 3.7 s; peak memory 473 MiB.
2026-10-08T09:42:44Z INFO [81/500] 59f006db-0d09-400e-b595-ff0c5c56682d: 64 chunks; 2.0 s; peak memory 473 MiB.
2026-10-08T09:42:45Z INFO [82/500] 59f0638a-0ca6-492d-83d1-c51c0aa32e02: 66 chunks; 1.7 s; peak memory 473 MiB.
2026-10-08T09:42:47Z INFO [83/500] 59f0b527-78e1-4972-a764-470ece6a2f36: 48 chunks; 1.3 s; peak memory 473 MiB.
2026-10-08T09:42:50Z INFO [84/500] 59f1dda2-b62c-4cf7-b497-3027f005ae32: 114 chunks; 3.1 s; peak memory 473 MiB.
2026-10-08T09:42:51Z INFO [85/500] 59f20a69-dfd2-4d12-8789-be01a7e5c184: 77 chunks; 1.4 s; peak memory 473 MiB.
2026-10-08T09:42:52Z INFO [86/500] 59f2a988-73d8-4e5c-8be8-fd667fc26dde: 48 chunks; 1.3 s; peak memory 473 MiB.
2026-10-08T09:42:55Z INFO [87/500] 59f2c5e7-3a9d-4ab7-ac46-7c3774c1dd2d: 74 chunks; 2.1 s; peak memory 473 MiB.
2026-10-08T09:42:56Z INFO [88/500] 59f38b74-b9cb-4f78-bc69-d08bf28d6208: 112 chunks; 1.4 s; peak memory 473 MiB.
2026-10-08T09:42:59Z INFO [89/500] 59f3ddc9-accc-416a-8d4d-87df4e6abff5: 997 chunks; 2.9 s; peak memory 473 MiB.
2026-10-08T09:43:01Z INFO [90/500] 59f3ea51-d936-45fb-8f32-ef078ee15725: 75 chunks; 1.8 s; peak memory 473 MiB.
2026-10-08T09:43:02Z INFO [91/500] 59f3fd22-e2c9-49d7-8ede-7a208c44b589: 116 chunks; 1.5 s; peak memory 473 MiB.
2026-10-08T09:43:03Z INFO [92/500] 59f40ba1-1ba3-4c87-9973-bde3fdcc3357: 48 chunks; 1.3 s; peak memory 473 MiB.
2026-10-08T09:43:20Z INFO [93/500] 59f440e2-b62a-4253-b419-43ba402e155c: 24989 chunks; 17.0 s; peak memory 473 MiB.
2026-10-08T09:43:22Z INFO [94/500] 59f447c5-50f2-4741-b51b-c88e192a7158: 117 chunks; 1.6 s; peak memory 473 MiB.
2026-10-08T09:43:33Z INFO [95/500] 59f627c4-652c-4bfb-bcd3-5674c86b0a6e: 11631 chunks; 11.1 s; peak memory 473 MiB.
2026-10-08T09:43:35Z INFO [96/500] 59f6375e-1155-4b9f-9be0-4e95e2d7d3b9: 116 chunks; 1.3 s; peak memory 473 MiB.
2026-10-08T09:43:36Z INFO [97/500] 59f6fc74-ef58-4211-b272-a5b40f57d8e7: 53 chunks; 1.3 s; peak memory 473 MiB.
2026-10-08T09:43:37Z INFO [98/500] 59f7e3e7-6dae-4fe1-b2ba-8e4d04babf0a: 118 chunks; 1.5 s; peak memory 473 MiB.
2026-10-08T09:43:40Z INFO [99/500] 59f875fa-2eb4-4ffc-af38-4f1e5ffe85d3: 115 chunks; 3.1 s; peak memory 473 MiB.
2026-10-08T09:43:42Z INFO [100/500] 59f91a53-e7bf-4a91-9541-6dc6542b93b7: 48 chunks; 1.2 s; peak memory 473 MiB.
2026-10-08T09:43:42Z INFO [100/500] 59f91a53-e7bf-4a91-9541-6dc6542b93b7: checkpointed 90434 records.
2026-10-08T09:43:44Z INFO [101/500] 59f98978-a3ae-4340-9aa4-69f06de2e57e: 112 chunks; 2.0 s; peak memory 473 MiB.
2026-10-08T09:43:45Z INFO [102/500] 59fb11e0-f642-475e-bb0f-14dad1da982d: 48 chunks; 1.4 s; peak memory 473 MiB.
2026-10-08T09:43:47Z INFO [103/500] 59fc3290-98de-4d5e-a5fe-4a4854066c68: 48 chunks; 1.3 s; peak memory 473 MiB.
2026-10-08T09:43:49Z INFO [104/500] 59fd1612-eb21-410f-8647-23007cd914f1: 71 chunks; 2.5 s; peak memory 473 MiB.
2026-10-08T09:43:51Z INFO [105/500] 59fdccf0-de0a-4b2d-8abe-7cf94b922007: 42 chunks; 1.6 s; peak memory 473 MiB.
2026-10-08T09:43:52Z INFO [106/500] 59fe0140-a6df-4e06-8545-0449d0ebeab6: 37 chunks; 1.2 s; peak memory 473 MiB.
2026-10-08T09:43:53Z INFO [107/500] 59fe40af-e8b6-4cd7-ba99-7c9304e3fc9b: 46 chunks; 1.3 s; peak memory 473 MiB.
2026-10-08T09:43:57Z INFO [108/500] 59ff1e65-9ea9-4853-b8f1-ea5b0aa1b019: 153 chunks; 3.6 s; peak memory 473 MiB.
2026-10-08T09:43:59Z INFO [109/500] 59ff92d3-75dc-4c7d-9b1f-973015591a5a: 112 chunks; 1.8 s; peak memory 473 MiB.
2026-10-08T09:44:00Z INFO [110/500] 5a00fd6c-a9d4-4d04-9108-50529e790eac: 118 chunks; 1.5 s; peak memory 473 MiB.
2026-10-08T09:44:07Z INFO [111/500] 5a01055c-3036-4546-8660-c42db8891b6a: 1091 chunks; 7.1 s; peak memory 473 MiB.
2026-10-08T09:47:03Z INFO [112/500] 5a0195a1-b5fd-458f-8a05-65c15ef5a1c1: 44575 chunks; 175.3 s; peak memory 473 MiB.
2026-10-08T09:47:04Z INFO [113/500] 5a027826-6ca3-4c51-bb48-724fbbf20713: 48 chunks; 1.3 s; peak memory 473 MiB.
2026-10-08T09:47:05Z INFO [114/500] 5a02fb51-99bc-43bb-8b12-28d34c70d79c: 69 chunks; 1.6 s; peak memory 473 MiB.
2026-10-08T09:47:09Z INFO [115/500] 5a042d1d-6e7a-4a06-99a8-d518e7b6d9dc: 115 chunks; 3.1 s; peak memory 473 MiB.
2026-10-08T09:47:11Z INFO [116/500] 5a046a74-0d55-448c-a7a6-9ac0d2836e08: 110 chunks; 1.9 s; peak memory 473 MiB.
2026-10-08T09:47:12Z INFO [117/500] 5a048ea4-0532-4f19-af9f-94b69bcc88ab: 51 chunks; 1.8 s; peak memory 473 MiB.
2026-10-08T09:47:14Z INFO [118/500] 5a055763-8249-4ed5-8932-527e5eb7ed63: 66 chunks; 1.8 s; peak memory 473 MiB.
2026-10-08T09:47:15Z INFO [119/500] 5a0557f8-cca7-4674-ab45-67838a57af79: 46 chunks; 0.9 s; peak memory 473 MiB.
2026-10-08T09:47:16Z INFO [120/500] 5a05d524-c254-4e82-8b3b-26be76a0611b: 48 chunks; 1.3 s; peak memory 473 MiB.
2026-10-08T09:47:18Z INFO [121/500] 5a063e55-0474-4eaa-a43f-2e8e5e9bf5ad: 121 chunks; 1.3 s; peak memory 473 MiB.
2026-10-08T09:47:19Z INFO [122/500] 5a0691e3-4272-4747-98b0-24acef2cd1a2: 48 chunks; 1.3 s; peak memory 473 MiB.
2026-10-08T09:47:37Z INFO [123/500] 5a06d459-d420-4142-af38-60b545702276: 432 chunks; 18.4 s; peak memory 473 MiB.
2026-10-08T09:47:39Z INFO [124/500] 5a079ea7-ba33-49fb-86e3-ce4441b8ddaf: 48 chunks; 1.3 s; peak memory 473 MiB.
2026-10-08T09:47:41Z INFO [125/500] 5a08003e-9844-45ac-9951-73b7e8cee845: 112 chunks; 2.0 s; peak memory 473 MiB.
2026-10-08T09:47:51Z INFO [126/500] 5a08817f-4797-4848-be51-d9ed2cc961eb: 1644 chunks; 10.5 s; peak memory 473 MiB.
2026-10-08T09:47:52Z INFO [127/500] 5a08b674-6cf0-4e03-a7a6-32d281b34038: 48 chunks; 1.3 s; peak memory 473 MiB.
2026-10-08T09:47:54Z INFO [128/500] 5a090d95-c580-4f2b-bd47-0faa0ad6ec16: 79 chunks; 1.6 s; peak memory 473 MiB.
2026-10-08T09:47:56Z INFO [129/500] 5a0954ee-cda4-4408-8832-edaa5dda929a: 106 chunks; 2.0 s; peak memory 473 MiB.
2026-10-08T09:47:58Z INFO [130/500] 5a09578c-5192-4ed6-bf08-88c8e7167ad1: 112 chunks; 2.0 s; peak memory 473 MiB.
2026-10-08T09:47:59Z INFO [131/500] 5a09949c-9b1a-47e0-b628-e3870b5be5fb: 48 chunks; 1.2 s; peak memory 473 MiB.
2026-10-08T09:48:01Z INFO [132/500] 5a09dd44-f7d9-4611-9843-e2454371cda7: 52 chunks; 1.5 s; peak memory 473 MiB.
2026-10-08T09:48:02Z INFO [133/500] 5a0aabff-c22e-4451-96ca-0e212d92931e: 52 chunks; 1.1 s; peak memory 473 MiB.
2026-10-08T09:48:04Z INFO [134/500] 5a0bbc39-a237-4025-954e-2268a2a70f17: 118 chunks; 1.7 s; peak memory 473 MiB.
2026-10-08T09:48:05Z INFO [135/500] 5a0c7e88-2be5-4f01-bf11-e9717e3892fe: 116 chunks; 1.5 s; peak memory 473 MiB.
2026-10-08T09:48:32Z INFO [136/500] 5a0cdc28-0ff8-4be4-b1ac-00b2043ae9a1: 6141 chunks; 27.0 s; peak memory 473 MiB.
2026-10-08T09:48:33Z INFO [137/500] 5a0d31b6-7624-4baa-bbc6-ad6e70f7e1a6: 46 chunks; 0.9 s; peak memory 473 MiB.
2026-10-08T09:48:35Z INFO [138/500] 5a0e7cc1-208a-4d84-82de-0f16e576c030: 112 chunks; 1.8 s; peak memory 473 MiB.
2026-10-08T09:48:38Z INFO [139/500] 5a0f9f58-d014-4654-bab0-12a3cd5d9894: 115 chunks; 3.2 s; peak memory 473 MiB.
2026-10-08T09:48:39Z INFO [140/500] 5a0fa3be-0c4b-46fe-8231-5967184af48e: 48 chunks; 1.3 s; peak memory 473 MiB.
2026-10-08T09:48:52Z INFO [141/500] 5a122190-a95f-4d9d-89a3-b772581ff537: 6648 chunks; 12.3 s; peak memory 473 MiB.
2026-10-08T09:48:54Z INFO [142/500] 5a1381d7-055f-4c1a-8f1a-a83873419efd: 71 chunks; 2.2 s; peak memory 473 MiB.
2026-10-08T09:48:55Z INFO [143/500] 5a138ad2-bf95-4093-861c-7abdcd6be936: 74 chunks; 1.5 s; peak memory 473 MiB.
2026-10-08T09:48:57Z INFO [144/500] 5a13de66-5d21-4e74-82ab-e2aaec99ca35: 116 chunks; 1.4 s; peak memory 473 MiB.
2026-10-08T09:48:58Z INFO [145/500] 5a1452f2-1a24-4df1-8d11-d4f465219664: 48 chunks; 1.3 s; peak memory 473 MiB.
2026-10-08T09:49:01Z INFO [146/500] 5a148070-9efe-4906-9cd0-c95ffe7e99e3: 71 chunks; 2.5 s; peak memory 473 MiB.
2026-10-08T09:49:02Z INFO [147/500] 5a14ad20-a739-47a4-b12a-f03bd7b8caed: 48 chunks; 1.3 s; peak memory 473 MiB.
2026-10-08T09:49:04Z INFO [148/500] 5a15119a-2d6a-4843-8912-f29d472f25b8: 71 chunks; 2.5 s; peak memory 473 MiB.
2026-10-08T09:49:06Z INFO [149/500] 5a15e946-8d37-48d9-8b57-53e25497d32c: 62 chunks; 1.7 s; peak memory 473 MiB.
2026-10-08T09:49:16Z INFO [150/500] 5a1705b5-c96f-4b31-a1da-e1e2c0beeafb: 23128 chunks; 9.7 s; peak memory 473 MiB.
2026-10-08T09:49:16Z INFO [150/500] 5a1705b5-c96f-4b31-a1da-e1e2c0beeafb: checkpointed 90484 records.
2026-10-08T09:49:19Z INFO [151/500] 5a1747db-79c1-438d-abdf-d079744f1267: 118 chunks; 2.6 s; peak memory 473 MiB.
2026-10-08T09:49:20Z INFO [152/500] 5a175559-2e1f-4d25-b689-8c08910d0cb6: 65 chunks; 1.3 s; peak memory 473 MiB.
2026-10-08T09:49:22Z INFO [153/500] 5a175df3-301e-49a7-8e45-12839e23c657: 117 chunks; 1.7 s; peak memory 473 MiB.
2026-10-08T09:54:58Z INFO [154/500] 5a179ea4-fdcf-4fc1-8c9a-37e88fe0e84a: 89016 chunks; 336.1 s; peak memory 546 MiB.
2026-10-08T09:55:00Z INFO [155/500] 5a186be7-9491-48cf-8d78-ed4d810ae297: 55 chunks; 1.9 s; peak memory 546 MiB.
2026-10-08T09:55:01Z INFO [156/500] 5a18ee09-abb9-4da0-b80e-99be3c80d100: 48 chunks; 1.2 s; peak memory 546 MiB.
2026-10-08T09:55:02Z INFO [157/500] 5a19e621-541f-46a0-aafa-e045aa076a3b: 46 chunks; 1.1 s; peak memory 546 MiB.
2026-10-08T09:55:03Z INFO [158/500] 5a1abdb6-73d1-4280-9ef3-ec601b30b551: 301 chunks; 1.4 s; peak memory 546 MiB.
2026-10-08T09:55:05Z INFO [159/500] 5a1b4592-a808-4bde-aac4-eeec8ba8baf0: 112 chunks; 1.5 s; peak memory 546 MiB.
2026-10-08T09:55:07Z INFO [160/500] 5a1bb398-ade6-4a4a-a645-1c071c38738f: 125 chunks; 2.4 s; peak memory 546 MiB.
2026-10-08T09:55:09Z INFO [161/500] 5a1c0520-9aa3-496b-a3f6-65cf72ec19b5: 51 chunks; 1.6 s; peak memory 546 MiB.
2026-10-08T09:55:11Z INFO [162/500] 5a1c234b-68f3-4494-8abc-b7179c14cd69: 71 chunks; 1.8 s; peak memory 546 MiB.
2026-10-08T09:55:12Z INFO [163/500] 5a1cb121-4090-4617-86f7-46b98661e682: 69 chunks; 1.1 s; peak memory 546 MiB.
2026-10-08T09:55:14Z INFO [164/500] 5a1e00f9-f115-4c50-88be-dd8615e1be23: 61 chunks; 1.6 s; peak memory 546 MiB.
2026-10-08T09:55:15Z INFO [165/500] 5a1eb836-7d7c-4faa-9cd2-a896c6095213: 46 chunks; 1.0 s; peak memory 546 MiB.
2026-10-08T09:55:17Z INFO [166/500] 5a1edefc-e76b-4611-ba36-28222d1fc36d: 87 chunks; 2.5 s; peak memory 546 MiB.
2026-10-08T09:55:19Z INFO [167/500] 5a1f205c-3868-4602-bd6b-9942ee115b1b: 42 chunks; 1.5 s; peak memory 546 MiB.
2026-10-08T09:55:21Z INFO [168/500] 5a200bd1-90f8-4dc9-a797-2f02affef1c7: 112 chunks; 2.0 s; peak memory 546 MiB.
2026-10-08T09:55:22Z INFO [169/500] 5a2028cc-e739-472f-a61a-df83eb1be2a9: 275 chunks; 1.9 s; peak memory 546 MiB.
2026-10-08T09:55:24Z INFO [170/500] 5a20c36e-fb0d-4b25-9017-186a9afa2a5b: 52 chunks; 1.1 s; peak memory 546 MiB.
2026-10-08T09:55:25Z INFO [171/500] 5a22128d-eefc-4e3f-ab9f-6bc9ee391a60: 46 chunks; 1.0 s; peak memory 546 MiB.
2026-10-08T09:55:26Z INFO [172/500] 5a22689e-c6b8-43c3-aa71-82f6d2ec25a6: 117 chunks; 1.5 s; peak memory 546 MiB.
2026-10-08T09:55:29Z INFO [173/500] 5a23b2be-c3cc-465b-8b77-15deaa71e8ea: 116 chunks; 3.0 s; peak memory 546 MiB.
2026-10-08T09:55:31Z INFO [174/500] 5a24338e-4c15-4b84-b8d6-8dbbd2c8f09c: 71 chunks; 2.2 s; peak memory 546 MiB.
2026-10-08T09:55:33Z INFO [175/500] 5a2451dc-3df0-462b-bc3b-976c6450415f: 117 chunks; 1.6 s; peak memory 546 MiB.
2026-10-08T09:55:39Z INFO [176/500] 5a245c52-edd5-4e99-aad5-b9564feb38fd: 208 chunks; 6.4 s; peak memory 546 MiB.
2026-10-08T09:55:41Z INFO [177/500] 5a24a952-a025-4b3d-a618-08b020850fdb: 52 chunks; 1.3 s; peak memory 546 MiB.
2026-10-08T09:55:42Z INFO [178/500] 5a24b31e-070d-4dd2-8733-31d2ed30d283: 116 chunks; 1.5 s; peak memory 546 MiB.
2026-10-08T09:55:44Z INFO [179/500] 5a24dced-5dd1-4b76-bf34-4f19b86b73ce: 65 chunks; 1.7 s; peak memory 546 MiB.
2026-10-08T09:55:45Z INFO [180/500] 5a25f400-d92c-424a-8331-0eee6183582a: 116 chunks; 1.6 s; peak memory 546 MiB.
2026-10-08T09:55:47Z INFO [181/500] 5a2674ee-a244-46b2-9158-ecb529045a64: 48 chunks; 1.3 s; peak memory 546 MiB.
2026-10-08T09:55:48Z INFO [182/500] 5a267c25-f747-4f09-9bca-60d107429288: 116 chunks; 1.5 s; peak memory 546 MiB.
2026-10-08T09:55:52Z INFO [183/500] 5a26bb2d-5ac6-4e95-b0ca-c7381f030aa1: 85 chunks; 4.0 s; peak memory 546 MiB.
2026-10-08T09:55:54Z INFO [184/500] 5a2711d0-149c-439d-939f-44423ed22402: 78 chunks; 1.5 s; peak memory 546 MiB.
2026-10-08T09:55:55Z INFO [185/500] 5a279489-38f6-4d94-a458-c6577a42f16c: 46 chunks; 1.0 s; peak memory 546 MiB.
2026-10-08T09:55:57Z INFO [186/500] 5a2812cf-7be7-4dc4-a696-060e16b6eb6a: 105 chunks; 2.9 s; peak memory 546 MiB.
2026-10-08T09:55:59Z INFO [187/500] 5a282bc6-92d6-4ed2-b925-eac126d37862: 112 chunks; 1.6 s; peak memory 546 MiB.
2026-10-08T09:56:01Z INFO [188/500] 5a283a20-eab3-40b4-b246-87e01b90c6cd: 117 chunks; 1.4 s; peak memory 546 MiB.
2026-10-08T09:56:02Z INFO [189/500] 5a288849-26a4-4942-9e94-65b0e6a4681c: 46 chunks; 1.3 s; peak memory 546 MiB.
2026-10-08T09:56:09Z INFO [190/500] 5a29dc87-a928-4864-a7b2-592737520777: 2923 chunks; 7.1 s; peak memory 546 MiB.
2026-10-08T09:56:20Z INFO [191/500] 5a2a1714-8340-48de-8702-d0191af27991: 10910 chunks; 11.4 s; peak memory 546 MiB.
2026-10-08T09:56:30Z INFO [192/500] 5a2a30bf-437f-426e-b56f-bdab5385d419: 1956 chunks; 9.2 s; peak memory 546 MiB.
2026-10-08T09:57:22Z INFO [193/500] 5a2a3ac6-0c32-44e3-a3a2-e70370aab514: 7433 chunks; 52.7 s; peak memory 546 MiB.
2026-10-08T09:57:24Z INFO [194/500] 5a2a4b02-0469-4153-8117-e2926635238d: 48 chunks; 1.3 s; peak memory 546 MiB.
2026-10-08T09:57:25Z INFO [195/500] 5a2b4491-98b6-4a64-a7de-e69d59d57c4c: 117 chunks; 1.6 s; peak memory 546 MiB.
2026-10-08T09:57:27Z INFO [196/500] 5a2b557c-cacc-4058-8db7-a4e71f5e64e1: 78 chunks; 1.5 s; peak memory 546 MiB.
2026-10-08T09:57:28Z INFO [197/500] 5a2d1eb2-d660-4e05-ad72-f1d4e87b574c: 48 chunks; 1.3 s; peak memory 546 MiB.
2026-10-08T09:57:29Z INFO [198/500] 5a2dcc59-6e30-41ed-8794-69d0cae3f084: 46 chunks; 1.1 s; peak memory 546 MiB.
2026-10-08T09:59:04Z INFO [199/500] 5a2e6887-16f5-4791-b3d7-9a20edcb15bc: 32825 chunks; 94.9 s; peak memory 546 MiB.
2026-10-08T09:59:05Z INFO [200/500] 5a2fc430-683d-474a-a1cf-b1d1d1e62e38: 51 chunks; 1.6 s; peak memory 546 MiB.
2026-10-08T09:59:06Z INFO [200/500] 5a2fc430-683d-474a-a1cf-b1d1d1e62e38: checkpointed 90534 records.
2026-10-08T09:59:35Z INFO [201/500] 5a307164-6f8f-4f43-b90d-29e3e5e9bb68: 6592 chunks; 28.8 s; peak memory 546 MiB.
2026-10-08T11:06:00Z INFO [202/500] 5a30724a-846f-4c17-aa40-980a6c7b34b7: 1291134 chunks; 3985.5 s; peak memory 1269 MiB.
2026-10-08T11:06:01Z INFO [203/500] 5a3076cf-aded-48dd-94e3-8a5c90ceae39: 118 chunks; 1.4 s; peak memory 1269 MiB.
2026-10-08T11:06:05Z INFO [204/500] 5a30e29c-aa57-42da-89e6-58492c4dc4e8: 71 chunks; 3.1 s; peak memory 1269 MiB.
2026-10-08T11:06:07Z INFO [205/500] 5a321828-7a44-4505-a0c2-33abe92ff908: 112 chunks; 1.9 s; peak memory 1269 MiB.
2026-10-08T11:06:08Z INFO [206/500] 5a322074-4d01-416d-a541-a5e0aa6fe504: 56 chunks; 1.1 s; peak memory 1269 MiB.
2026-10-08T11:06:16Z INFO [207/500] 5a326d15-2ab0-4666-b18e-9201a2578799: 11832 chunks; 8.3 s; peak memory 1269 MiB.
2026-10-08T11:06:24Z INFO [208/500] 5a32df4a-3a2b-44fd-a52b-5a05f983996e: 18948 chunks; 7.7 s; peak memory 1269 MiB.
2026-10-08T11:06:25Z INFO [209/500] 5a32e98f-37d5-4805-bf87-7e2e0f1a4813: 116 chunks; 1.5 s; peak memory 1269 MiB.
2026-10-08T11:06:27Z INFO [210/500] 5a32fc56-b104-4128-88e9-805d5f5eb976: 116 chunks; 1.5 s; peak memory 1269 MiB.
2026-10-08T11:06:30Z INFO [211/500] 5a33c95a-7c3e-45fa-be0f-a6c2e1706049: 114 chunks; 3.3 s; peak memory 1269 MiB.
2026-10-08T11:06:31Z INFO [212/500] 5a33c9b3-a97e-4e5b-8178-89e450c125e8: 117 chunks; 1.5 s; peak memory 1269 MiB.
2026-10-08T11:06:33Z INFO [213/500] 5a34d6f2-21c8-47fa-9e53-3f919f194efc: 118 chunks; 1.4 s; peak memory 1269 MiB.
2026-10-08T11:06:34Z INFO [214/500] 5a35ba8f-3e61-4112-b07a-f71982854de6: 48 chunks; 1.2 s; peak memory 1269 MiB.
2026-10-08T11:06:46Z INFO [215/500] 5a35c719-b81b-44b2-8d13-89ce9ba1a9cb: 19935 chunks; 12.0 s; peak memory 1269 MiB.
2026-10-08T11:06:47Z INFO [216/500] 5a3601f4-1be2-469e-99d0-0bc2a3ce1af4: 48 chunks; 1.3 s; peak memory 1269 MiB.
2026-10-08T11:06:49Z INFO [217/500] 5a36249b-bb52-442d-9b70-4246036a7e8b: 118 chunks; 1.9 s; peak memory 1269 MiB.
2026-10-08T11:06:51Z INFO [218/500] 5a3762d8-7afa-47c1-bf2d-0661a492ee74: 112 chunks; 2.0 s; peak memory 1269 MiB.
2026-10-08T11:06:53Z INFO [219/500] 5a37b323-dc6f-47bf-903e-0328e8495c7f: 48 chunks; 1.3 s; peak memory 1269 MiB.
2026-10-08T11:09:46Z INFO [220/500] 5a37fa85-5265-4ff4-bd25-4c435df59b56: 41167 chunks; 173.6 s; peak memory 1269 MiB.
2026-10-08T11:09:47Z INFO [221/500] 5a3940a8-287d-4305-859f-3e2b578711de: 55 chunks; 1.1 s; peak memory 1269 MiB.
2026-10-08T11:09:49Z INFO [222/500] 5a398e66-fa9a-492a-9bb4-c03861ec5e64: 48 chunks; 1.4 s; peak memory 1269 MiB.
2026-10-08T11:09:50Z INFO [223/500] 5a399490-af5b-4a3c-9453-29d4041361c1: 70 chunks; 1.7 s; peak memory 1269 MiB.
2026-10-08T11:09:52Z INFO [224/500] 5a39c61e-a26e-48b5-b00d-a27a360899cc: 43 chunks; 1.3 s; peak memory 1269 MiB.
2026-10-08T11:09:54Z INFO [225/500] 5a3a25e4-591e-47d8-8d62-e654a63280ae: 66 chunks; 2.0 s; peak memory 1269 MiB.
2026-10-08T11:09:55Z INFO [226/500] 5a3abf87-0168-49a0-8a6e-24e10732faac: 48 chunks; 1.4 s; peak memory 1269 MiB.
2026-10-08T11:10:11Z INFO [227/500] 5a3ade54-f8af-4a0b-8561-bb521d1a19c9: 24156 chunks; 15.7 s; peak memory 1269 MiB.
2026-10-08T11:10:12Z INFO [228/500] 5a3ae88f-7e23-428f-b3d5-63cecec2aae6: 48 chunks; 1.3 s; peak memory 1269 MiB.
2026-10-08T11:10:14Z INFO [229/500] 5a3b39ef-31f6-4bf1-adf1-ab6d1e7c7c7a: 71 chunks; 1.9 s; peak memory 1269 MiB.
2026-10-08T11:10:20Z INFO [230/500] 5a3c4ff4-8596-402b-bc80-9b2f043a3f43: 235 chunks; 6.2 s; peak memory 1269 MiB.
2026-10-08T11:10:29Z INFO [231/500] 5a3c5cb7-8726-4062-930c-107efd183fd7: 282 chunks; 8.6 s; peak memory 1269 MiB.
2026-10-08T11:10:30Z INFO [232/500] 5a3df9ea-f007-44ae-b0ef-e9a869519ee2: 48 chunks; 1.4 s; peak memory 1269 MiB.
2026-10-08T11:10:32Z INFO [233/500] 5a3e7851-5522-423f-aa0e-dff9a6fc51a1: 116 chunks; 1.7 s; peak memory 1269 MiB.
2026-10-08T11:10:34Z INFO [234/500] 5a4101df-6be7-4793-b9c3-b1acdbc7d449: 118 chunks; 1.7 s; peak memory 1269 MiB.
2026-10-08T11:11:05Z INFO [235/500] 5a41410a-5db3-4081-a21c-6d7551aafeca: 27224 chunks; 31.1 s; peak memory 1269 MiB.
2026-10-08T11:11:11Z INFO [236/500] 5a421614-ee8b-4f84-8e47-b83b090a8018: 168 chunks; 5.8 s; peak memory 1269 MiB.
2026-10-08T11:11:12Z INFO [237/500] 5a427167-ff9c-4557-a457-07ea001b1d65: 84 chunks; 1.4 s; peak memory 1269 MiB.
2026-10-08T11:11:13Z INFO [238/500] 5a42e9aa-396c-4ff7-92bd-697a3bf81295: 48 chunks; 1.3 s; peak memory 1269 MiB.
2026-10-08T11:11:15Z INFO [239/500] 5a43b59d-de38-4cec-8582-6c937981cdc2: 70 chunks; 1.5 s; peak memory 1269 MiB.
2026-10-08T11:11:16Z INFO [240/500] 5a43c37f-4cd8-4fab-a171-d62f6428d81b: 121 chunks; 1.2 s; peak memory 1269 MiB.
2026-10-08T11:11:17Z INFO [241/500] 5a441207-d904-44ee-ab22-6a596e4e529a: 45 chunks; 1.1 s; peak memory 1269 MiB.
2026-10-08T11:11:19Z INFO [242/500] 5a442bb7-7e1f-4c1c-a5f9-18df5984a1a9: 71 chunks; 2.0 s; peak memory 1269 MiB.
2026-10-08T11:11:21Z INFO [243/500] 5a4470ac-18ac-4afb-86af-84018f401fea: 64 chunks; 2.0 s; peak memory 1269 MiB.
2026-10-08T12:16:05Z INFO [244/500] 5a457c2d-da67-4667-9f96-c4487cb7ba0f: 1916257 chunks; 3883.4 s; peak memory 1269 MiB.
2026-10-08T12:16:07Z INFO [245/500] 5a464eb0-7057-45b0-92e8-d8f505e212ae: 146 chunks; 2.8 s; peak memory 1269 MiB.
2026-10-08T12:16:09Z INFO [246/500] 5a4652e1-0e70-4acf-b7ad-a995f14ff063: 95 chunks; 1.5 s; peak memory 1269 MiB.
2026-10-08T12:16:10Z INFO [247/500] 5a467092-0a47-4293-878f-5777c92283ec: 117 chunks; 1.6 s; peak memory 1269 MiB.
2026-10-08T12:16:12Z INFO [248/500] 5a4720eb-c719-43c0-90bd-3802454fe882: 48 chunks; 1.4 s; peak memory 1269 MiB.
2026-10-08T12:16:13Z INFO [249/500] 5a472d59-0a2a-4669-b24d-7298e9b23e9d: 118 chunks; 1.6 s; peak memory 1269 MiB.
2026-10-08T12:16:15Z INFO [250/500] 5a474389-b325-45ea-ab62-7cc996db4623: 112 chunks; 1.7 s; peak memory 1269 MiB.
2026-10-08T12:16:15Z INFO [250/500] 5a474389-b325-45ea-ab62-7cc996db4623: checkpointed 90584 records.
2026-10-08T12:16:17Z INFO [251/500] 5a4778f5-dddf-4b72-8154-5e6bf8cbad00: 114 chunks; 1.4 s; peak memory 1269 MiB.
2026-10-08T12:16:18Z INFO [252/500] 5a4789b4-e00a-4171-9ac6-18b28644c149: 48 chunks; 1.4 s; peak memory 1269 MiB.
2026-10-08T12:16:20Z INFO [253/500] 5a47977e-2797-4a6e-96cb-a80b2d73dc65: 42 chunks; 1.3 s; peak memory 1269 MiB.
2026-10-08T12:16:21Z INFO [254/500] 5a485292-8049-458c-9a77-059a9734ade5: 112 chunks; 1.7 s; peak memory 1269 MiB.
2026-10-08T12:16:35Z INFO [255/500] 5a493f0b-9575-49f5-97bd-5b1d21853cb7: 43108 chunks; 13.8 s; peak memory 1269 MiB.
2026-10-08T12:19:18Z INFO [256/500] 5a4a684e-27bc-4390-bdb4-4d98aec830ac: 40995 chunks; 163.3 s; peak memory 1269 MiB.
2026-10-08T12:19:20Z INFO [257/500] 5a4b1f4c-5b40-4af3-8a0b-cd99f2aaea58: 117 chunks; 1.5 s; peak memory 1269 MiB.
2026-10-08T12:19:24Z INFO [258/500] 5a4bd2a4-2994-455e-99d9-96b1a8cbd5a3: 788 chunks; 4.6 s; peak memory 1269 MiB.
2026-10-08T12:19:26Z INFO [259/500] 5a4c0212-8b5f-43ea-bbb2-6d04216c4e81: 117 chunks; 1.6 s; peak memory 1269 MiB.
2026-10-08T12:19:27Z INFO [260/500] 5a4c3505-554e-48a9-bd41-9c76059cc71a: 48 chunks; 1.4 s; peak memory 1269 MiB.
2026-10-08T12:19:29Z INFO [261/500] 5a4c4d51-3254-426a-a418-95f8a52bca4a: 84 chunks; 1.7 s; peak memory 1269 MiB.
2026-10-08T12:19:31Z INFO [262/500] 5a4e4129-8cdd-4502-93c7-509a49654f79: 116 chunks; 1.6 s; peak memory 1269 MiB.
2026-10-08T12:20:18Z INFO [263/500] 5a4fe7f6-dc07-4e4c-a5db-81d17cf3886f: 19250 chunks; 47.8 s; peak memory 1269 MiB.
2026-10-08T12:20:20Z INFO [264/500] 5a514d4a-3b66-42cf-b0e8-6f7bcc17d740: 117 chunks; 1.4 s; peak memory 1269 MiB.
2026-10-08T12:20:28Z INFO [265/500] 5a51aca0-d1a5-46a1-b011-89fe0f57a048: 12225 chunks; 8.2 s; peak memory 1269 MiB.
2026-10-08T12:20:30Z INFO [266/500] 5a52090b-95aa-4f90-b3dd-9679fbc71cf6: 116 chunks; 1.6 s; peak memory 1269 MiB.
2026-10-08T12:20:31Z INFO [267/500] 5a52a2b1-8c4a-48b4-9115-3c683915724a: 110 chunks; 1.3 s; peak memory 1269 MiB.
2026-10-08T12:20:43Z INFO [268/500] 5a532f6e-418e-4705-bb67-42e596e28b3a: 6177 chunks; 11.4 s; peak memory 1269 MiB.
2026-10-08T12:20:44Z INFO [269/500] 5a5351b4-dc7c-4041-9c6e-74f6d5a98a0c: 48 chunks; 1.4 s; peak memory 1269 MiB.
2026-10-08T12:20:46Z INFO [270/500] 5a53df1f-2bb5-4ac5-8e3a-475d524c60c0: 59 chunks; 1.6 s; peak memory 1269 MiB.
2026-10-08T12:20:48Z INFO [271/500] 5a5427d6-dd5a-49ef-b15e-d521a2f683ea: 106 chunks; 2.4 s; peak memory 1269 MiB.
2026-10-08T12:20:49Z INFO [272/500] 5a548f6a-7799-4cd8-b1d2-5e8b990b4e5f: 294 chunks; 1.2 s; peak memory 1269 MiB.
2026-10-08T12:21:04Z INFO [273/500] 5a55639c-5f85-4601-9ffc-c9de8aaf8eaf: 6193 chunks; 15.4 s; peak memory 1269 MiB.
2026-10-08T12:21:07Z INFO [274/500] 5a55f189-5c52-4348-81ea-ac6fea759cb6: 144 chunks; 2.5 s; peak memory 1269 MiB.
2026-10-08T12:21:09Z INFO [275/500] 5a561d53-63aa-43df-88b4-8e66dddfab8b: 112 chunks; 1.7 s; peak memory 1269 MiB.
2026-10-08T12:21:38Z INFO [276/500] 5a563112-b338-4650-9f6f-cd9b2a33e4ad: 30558 chunks; 29.1 s; peak memory 1269 MiB.
2026-10-08T12:21:39Z INFO [277/500] 5a56792c-95a2-4d8f-9647-5b9341c6287a: 46 chunks; 1.1 s; peak memory 1269 MiB.
2026-10-08T12:21:40Z INFO [278/500] 5a5873c1-6e2c-4a7e-bcfc-66180b88d4ff: 118 chunks; 1.5 s; peak memory 1269 MiB.
2026-10-08T12:21:42Z INFO [279/500] 5a5a0d97-d1dd-40ee-807f-6b54afe670aa: 112 chunks; 2.0 s; peak memory 1269 MiB.
2026-10-08T12:21:44Z INFO [280/500] 5a5aec38-a77e-4b43-a481-1bf5c6a098c5: 112 chunks; 1.8 s; peak memory 1269 MiB.
2026-10-08T12:21:46Z INFO [281/500] 5a5b4135-406a-4328-804d-125ca4ee966e: 112 chunks; 1.5 s; peak memory 1269 MiB.
2026-10-08T12:21:48Z INFO [282/500] 5a5b4777-a324-45f8-841b-92445a35ddfc: 105 chunks; 2.2 s; peak memory 1269 MiB.
2026-10-08T12:21:49Z INFO [283/500] 5a5c2cc1-7738-4325-a354-1eea3800d72b: 56 chunks; 1.1 s; peak memory 1269 MiB.
2026-10-08T12:21:52Z INFO [284/500] 5a5d04b1-86b1-4809-9a9e-ef0ee88267bd: 201 chunks; 3.0 s; peak memory 1269 MiB.
2026-10-08T12:21:53Z INFO [285/500] 5a5d701c-16e1-48af-bbd0-2f1f3f673fe6: 48 chunks; 1.4 s; peak memory 1269 MiB.
2026-10-08T12:21:55Z INFO [286/500] 5a5e5e7d-9022-4739-8721-bf9e58b5e8c9: 112 chunks; 1.9 s; peak memory 1269 MiB.
2026-10-08T12:21:57Z INFO [287/500] 5a5f6101-8d5a-4cb1-8e63-97be24fb95d6: 69 chunks; 2.0 s; peak memory 1269 MiB.
2026-10-08T12:21:59Z INFO [288/500] 5a5f8cdd-9f50-4bb6-980a-4350b685c73a: 69 chunks; 1.2 s; peak memory 1269 MiB.
2026-10-08T12:22:00Z INFO [289/500] 5a5fc867-9b7e-4f10-b456-f8441682b029: 56 chunks; 1.0 s; peak memory 1269 MiB.
2026-10-08T12:22:01Z INFO [290/500] 5a6032a2-7e08-4b43-a70f-98615c44fe6d: 110 chunks; 1.9 s; peak memory 1269 MiB.
2026-10-08T12:22:03Z INFO [291/500] 5a606831-4b85-4673-b033-fe4746f434f5: 117 chunks; 1.5 s; peak memory 1269 MiB.
2026-10-08T12:24:17Z INFO [292/500] 5a606a52-4196-48bc-ba02-10e61f0c2980: 27093 chunks; 134.5 s; peak memory 1269 MiB.
2026-10-08T12:24:19Z INFO [293/500] 5a60c8ca-feb5-4c27-9d3d-cc0989c666ec: 117 chunks; 1.5 s; peak memory 1269 MiB.
2026-10-08T12:24:21Z INFO [294/500] 5a60d639-a26b-4100-b55c-2ef64df1de71: 118 chunks; 1.6 s; peak memory 1269 MiB.
2026-10-08T12:24:22Z INFO [295/500] 5a61a6b0-d506-45ae-a959-cbaa8b411eea: 48 chunks; 1.3 s; peak memory 1269 MiB.
2026-10-08T12:24:25Z INFO [296/500] 5a61c60e-ad23-41a1-928b-27f52a29d9be: 119 chunks; 2.7 s; peak memory 1269 MiB.
2026-10-08T12:24:26Z INFO [297/500] 5a61e3bf-31a1-423f-be2e-2d7caf901b1f: 48 chunks; 1.3 s; peak memory 1269 MiB.
2026-10-08T12:24:28Z INFO [298/500] 5a61f021-87b0-4e07-9164-0e071144dd72: 112 chunks; 1.8 s; peak memory 1269 MiB.
2026-10-08T12:24:30Z INFO [299/500] 5a623f7e-774b-47a7-a158-0c4ffbe6a593: 119 chunks; 2.5 s; peak memory 1269 MiB.
2026-10-08T12:24:36Z INFO [300/500] 5a62aa14-b921-4e5e-ba11-e54b5a6f17b5: 10842 chunks; 5.5 s; peak memory 1269 MiB.
2026-10-08T12:24:36Z INFO [300/500] 5a62aa14-b921-4e5e-ba11-e54b5a6f17b5: checkpointed 90634 records.
2026-10-08T12:24:38Z INFO [301/500] 5a634b61-3503-407e-b09e-ad09daef6155: 112 chunks; 1.6 s; peak memory 1269 MiB.
2026-10-08T12:24:45Z INFO [302/500] 5a63b799-6865-457c-9331-58b832c9ba6f: 1916 chunks; 7.8 s; peak memory 1269 MiB.
2026-10-08T12:24:47Z INFO [303/500] 5a63e40a-e8d3-4dc9-b24b-8de3097c8649: 63 chunks; 1.4 s; peak memory 1269 MiB.
2026-10-08T12:24:48Z INFO [304/500] 5a63faa3-4a52-4851-baa8-eebb9f771f12: 42 chunks; 1.6 s; peak memory 1269 MiB.
2026-10-08T12:24:49Z INFO [305/500] 5a64737a-fefe-46b5-a8ab-e810a27ecf9c: 35 chunks; 1.1 s; peak memory 1269 MiB.
2026-10-08T12:24:51Z INFO [306/500] 5a64ed94-2ade-434e-861b-bc9eefa32d38: 48 chunks; 1.3 s; peak memory 1269 MiB.
2026-10-08T12:24:52Z INFO [307/500] 5a651f11-9ca2-4bbf-8761-c2eaaa307c78: 52 chunks; 1.5 s; peak memory 1269 MiB.
2026-10-08T12:24:53Z INFO [308/500] 5a6545a4-7229-43f3-aa03-946c3cab2037: 48 chunks; 1.3 s; peak memory 1269 MiB.
2026-10-08T12:24:56Z INFO [309/500] 5a656eaf-e78c-4198-b1e3-e49e02b5f83a: 132 chunks; 2.4 s; peak memory 1269 MiB.
2026-10-08T12:25:02Z INFO [310/500] 5a659f74-4a8b-47ee-8eb1-fd2eddee1956: 6722 chunks; 6.1 s; peak memory 1269 MiB.
2026-10-08T12:25:04Z INFO [311/500] 5a664fd6-bcec-40b8-801f-0e21696d89e4: 68 chunks; 1.8 s; peak memory 1269 MiB.
2026-10-08T12:25:05Z INFO [312/500] 5a669bad-37db-44b5-a0db-e27578f121f4: 53 chunks; 1.0 s; peak memory 1269 MiB.
2026-10-08T12:25:15Z INFO [313/500] 5a66eaee-5704-42b5-b774-c5ea2d44e07a: 339 chunks; 10.5 s; peak memory 1269 MiB.
2026-10-08T12:25:16Z INFO [314/500] 5a673cb5-ca38-43be-9e35-420660b6d769: 41 chunks; 1.2 s; peak memory 1269 MiB.
2026-10-08T12:25:19Z INFO [315/500] 5a67d965-3661-442e-9d33-31db1b0d94d2: 112 chunks; 2.1 s; peak memory 1269 MiB.
2026-10-08T12:25:20Z INFO [316/500] 5a680357-8e06-48a2-b9df-cb5f9d4a7ca0: 117 chunks; 1.7 s; peak memory 1269 MiB.
2026-10-08T12:25:21Z INFO [317/500] 5a68a37e-7444-45c3-a8db-8869f30bfbf1: 84 chunks; 1.3 s; peak memory 1269 MiB.
2026-10-08T12:25:24Z INFO [318/500] 5a694814-69e7-4ebb-b58e-671e057db0bf: 69 chunks; 2.6 s; peak memory 1269 MiB.
2026-10-08T12:25:44Z INFO [319/500] 5a699de5-79b7-44d6-8cc9-db13e349466e: 10243 chunks; 20.3 s; peak memory 1269 MiB.
2026-10-08T12:25:46Z INFO [320/500] 5a69af0b-4937-472b-b0b6-03e4c8779280: 117 chunks; 1.5 s; peak memory 1269 MiB.
2026-10-08T12:25:49Z INFO [321/500] 5a69c085-0935-40eb-ac0f-6ebc25924e80: 116 chunks; 3.1 s; peak memory 1269 MiB.
2026-10-08T12:25:52Z INFO [322/500] 5a69edb5-0460-4992-bfb9-7cd698212066: 118 chunks; 3.4 s; peak memory 1269 MiB.
2026-10-08T12:25:54Z INFO [323/500] 5a6b1aa0-13d6-422b-a7e4-890d52f30bfa: 48 chunks; 1.3 s; peak memory 1269 MiB.
2026-10-08T12:25:55Z INFO [324/500] 5a6c270b-336a-41f0-9465-bcec886c255f: 112 chunks; 1.8 s; peak memory 1269 MiB.
2026-10-08T12:25:57Z INFO [325/500] 5a6c3fd5-f0e3-46bf-9ed1-380ab1aa6c0a: 117 chunks; 1.6 s; peak memory 1269 MiB.
2026-10-08T12:25:59Z INFO [326/500] 5a6c7275-ac27-4013-9529-7ea8f2bf89f8: 71 chunks; 2.1 s; peak memory 1269 MiB.
2026-10-08T12:26:03Z INFO [327/500] 5a6db783-5723-458d-bc2a-3b00d6997cfb: 115 chunks; 3.4 s; peak memory 1269 MiB.
2026-10-08T12:26:30Z INFO [328/500] 5a6dbf02-cf8d-4390-a766-0ccefb9a6f51: 6040 chunks; 27.3 s; peak memory 1269 MiB.
2026-10-08T12:26:32Z INFO [329/500] 5a6dc0ec-b1ad-4e1c-8970-04c7b817e02e: 71 chunks; 2.0 s; peak memory 1269 MiB.
2026-10-08T12:26:42Z INFO [330/500] 5a6e5081-6e42-436c-bd06-ebba74a4cbb1: 339 chunks; 10.1 s; peak memory 1269 MiB.
2026-10-08T12:26:44Z INFO [331/500] 5a6f2cf0-26b1-44e1-a85d-20768d2b63bf: 117 chunks; 1.5 s; peak memory 1269 MiB.
2026-10-08T12:26:46Z INFO [332/500] 5a6f6add-8f9a-4e3f-bd2a-37f8549a89d4: 158 chunks; 2.6 s; peak memory 1269 MiB.
2026-10-08T12:26:48Z INFO [333/500] 5a6f7e43-1f4b-4713-bfcb-654ac2239a23: 48 chunks; 1.3 s; peak memory 1269 MiB.
2026-10-08T12:26:50Z INFO [334/500] 5a70b5c1-783d-4297-ad62-74899b8f5896: 71 chunks; 2.4 s; peak memory 1269 MiB.
2026-10-08T12:29:25Z INFO [335/500] 5a713240-9e1d-4fb8-b1c6-a306ccd520a6: 40652 chunks; 155.6 s; peak memory 1269 MiB.
2026-10-08T12:29:27Z INFO [336/500] 5a72abff-066f-459d-8507-84d9f2cecd78: 72 chunks; 1.7 s; peak memory 1269 MiB.
2026-10-08T12:29:29Z INFO [337/500] 5a752ac8-1f30-47f1-b0c2-0489aca01ce4: 48 chunks; 1.4 s; peak memory 1269 MiB.
2026-10-08T12:29:38Z INFO [338/500] 5a75911e-291b-474b-aefc-74fdd1675854: 300 chunks; 9.2 s; peak memory 1269 MiB.
2026-10-08T12:29:39Z INFO [339/500] 5a76c634-9c63-4e4d-8e3b-51b4de7ee0d8: 48 chunks; 1.4 s; peak memory 1269 MiB.
2026-10-08T12:29:41Z INFO [340/500] 5a77527f-8246-433a-a18d-e8fd4cb791ac: 48 chunks; 1.4 s; peak memory 1269 MiB.
2026-10-08T12:29:42Z INFO [341/500] 5a77db85-9ae5-4379-9e9b-db857ac183c2: 59 chunks; 1.6 s; peak memory 1269 MiB.
2026-10-08T12:29:44Z INFO [342/500] 5a77e97b-f9a2-48cf-b6b8-2323c9363392: 118 chunks; 1.5 s; peak memory 1269 MiB.
2026-10-08T12:29:45Z INFO [343/500] 5a77fbf5-d826-4be6-80e8-b7236c748806: 117 chunks; 1.6 s; peak memory 1269 MiB.
2026-10-08T12:29:47Z INFO [344/500] 5a793c83-49a9-4842-884a-f406b0ea7854: 117 chunks; 1.5 s; peak memory 1269 MiB.
2026-10-08T12:29:48Z INFO [345/500] 5a79bd57-dde1-4a92-96e3-87bc25f6e9d4: 59 chunks; 1.4 s; peak memory 1269 MiB.
2026-10-08T12:29:50Z INFO [346/500] 5a7a3a60-d92d-44ec-9dec-cb2b50c2e5c7: 52 chunks; 1.3 s; peak memory 1269 MiB.
2026-10-08T12:39:09Z INFO [347/500] 5a7b7744-d081-4a28-8368-a2fe7f5d2d82: 158265 chunks; 559.9 s; peak memory 1269 MiB.
2026-10-08T12:39:11Z INFO [348/500] 5a7b8379-f3d2-4730-aa5c-5f2d7dbd52ba: 46 chunks; 1.2 s; peak memory 1269 MiB.
2026-10-08T12:39:12Z INFO [349/500] 5a7b9785-e0ec-4ead-bd46-ee6507ed8d0c: 118 chunks; 1.7 s; peak memory 1269 MiB.
2026-10-08T12:39:14Z INFO [350/500] 5a7ba73d-adf9-45f3-9c40-502a17aab410: 116 chunks; 1.6 s; peak memory 1269 MiB.
2026-10-08T12:39:14Z INFO [350/500] 5a7ba73d-adf9-45f3-9c40-502a17aab410: checkpointed 90684 records.
2026-10-08T12:39:16Z INFO [351/500] 5a7c1f0c-2c29-4203-87ae-061dc2b490ce: 45 chunks; 1.7 s; peak memory 1269 MiB.
2026-10-08T12:39:17Z INFO [352/500] 5a7c5bb2-5069-4254-8ffe-228b9d49a173: 48 chunks; 1.3 s; peak memory 1269 MiB.
2026-10-08T12:39:19Z INFO [353/500] 5a7cbcc3-e879-4fcf-93d3-f187d8e6ebac: 48 chunks; 1.4 s; peak memory 1269 MiB.
2026-10-08T12:39:21Z INFO [354/500] 5a7d0d86-cf16-4c9c-95d9-4a8acc1d8e40: 821 chunks; 2.0 s; peak memory 1269 MiB.
2026-10-08T12:39:22Z INFO [355/500] 5a7decc5-24e4-4b11-8fbd-9e20b811f086: 46 chunks; 1.0 s; peak memory 1269 MiB.
2026-10-08T12:39:23Z INFO [356/500] 5a7e3616-3cd3-44fe-9822-83962ec5cc8f: 47 chunks; 1.2 s; peak memory 1269 MiB.
2026-10-08T12:39:26Z INFO [357/500] 5a7e5a95-37ac-4f42-8f7a-7c92cddf626e: 116 chunks; 3.2 s; peak memory 1269 MiB.
2026-10-08T12:39:33Z INFO [358/500] 5a7ec80b-e39b-4ad3-a5f0-2e35ce87d2cf: 1124 chunks; 6.5 s; peak memory 1269 MiB.
2026-10-08T12:39:34Z INFO [359/500] 5a7f80a2-309b-46e2-8902-aa2a43ac807a: 121 chunks; 1.3 s; peak memory 1269 MiB.
2026-10-08T12:39:36Z INFO [360/500] 5a7fcdb8-948a-4f32-8759-a82247fd0f1b: 69 chunks; 1.9 s; peak memory 1269 MiB.
2026-10-08T12:39:37Z INFO [361/500] 5a812451-7ff2-4a5d-8b5d-cd05a1aec15e: 55 chunks; 1.0 s; peak memory 1269 MiB.
2026-10-08T12:39:38Z INFO [362/500] 5a816dc8-da01-4f5e-8094-123ba53c8083: 36 chunks; 1.3 s; peak memory 1269 MiB.
2026-10-08T12:39:49Z INFO [363/500] 5a819922-81ff-4673-9e70-72d9a739efc7: 5964 chunks; 10.7 s; peak memory 1269 MiB.
2026-10-08T12:40:02Z INFO [364/500] 5a819bcb-c175-412f-9a0c-9a7a7edca95f: 20583 chunks; 12.7 s; peak memory 1269 MiB.
2026-10-08T12:40:03Z INFO [365/500] 5a81b764-04fd-4322-b797-cf73f5b572f2: 48 chunks; 1.3 s; peak memory 1269 MiB.
2026-10-08T12:40:05Z INFO [366/500] 5a81db94-cbb7-491c-8d07-c2857201c16c: 66 chunks; 1.8 s; peak memory 1269 MiB.
2026-10-08T12:40:07Z INFO [367/500] 5a82f72f-1bdf-4849-ab97-606258758b62: 110 chunks; 1.8 s; peak memory 1269 MiB.
2026-10-08T12:40:08Z INFO [368/500] 5a832e09-9037-4e52-bc6e-0d287d97c2ea: 117 chunks; 1.5 s; peak memory 1269 MiB.
2026-10-08T12:40:11Z INFO [369/500] 5a83993f-e133-41f8-be51-c49e21c48f41: 165 chunks; 2.9 s; peak memory 1269 MiB.
2026-10-08T12:40:13Z INFO [370/500] 5a847f58-88f0-4b0e-9f13-4ddfc994b39b: 66 chunks; 1.8 s; peak memory 1269 MiB.
2026-10-08T12:40:14Z INFO [371/500] 5a84c911-07e4-44b0-9447-57a43a828dfe: 63 chunks; 1.2 s; peak memory 1269 MiB.
2026-10-08T12:40:15Z INFO [372/500] 5a85488f-aea9-46aa-a5aa-6fec668307e6: 48 chunks; 1.2 s; peak memory 1269 MiB.
2026-10-08T12:40:17Z INFO [373/500] 5a85957a-af21-49c6-8f3b-b54eed2aebca: 66 chunks; 1.7 s; peak memory 1269 MiB.
2026-10-08T12:40:19Z INFO [374/500] 5a85a57e-85a4-4ae7-af44-86be39bad26b: 116 chunks; 1.7 s; peak memory 1269 MiB.
2026-10-08T12:40:20Z INFO [375/500] 5a85afe0-98c2-461e-9b2f-b0a81b8665f4: 48 chunks; 1.3 s; peak memory 1269 MiB.
2026-10-08T12:40:21Z INFO [376/500] 5a8696db-1fdf-46ce-8195-7e033eb5725a: 41 chunks; 1.3 s; peak memory 1269 MiB.
2026-10-08T12:40:31Z INFO [377/500] 5a86a276-0650-4b51-916e-47636cae2503: 16269 chunks; 9.2 s; peak memory 1269 MiB.
2026-10-08T12:40:38Z INFO [378/500] 5a873feb-904a-409f-8a68-23d5ee362461: 255 chunks; 7.0 s; peak memory 1269 MiB.
2026-10-08T12:40:39Z INFO [379/500] 5a877dad-cfc4-4632-83d6-0ef62b55f107: 116 chunks; 1.6 s; peak memory 1269 MiB.
2026-10-08T12:40:55Z INFO [380/500] 5a878a0c-fac9-4017-834c-f7dc20f88810: 11801 chunks; 15.9 s; peak memory 1269 MiB.
2026-10-08T12:40:58Z INFO [381/500] 5a87955c-14ef-41d6-bf88-bee425213422: 116 chunks; 3.2 s; peak memory 1269 MiB.
2026-10-08T12:41:01Z INFO [382/500] 5a87ab1d-4f52-40b3-a128-8ebcb3e0a797: 110 chunks; 2.4 s; peak memory 1269 MiB.
2026-10-08T12:41:02Z INFO [383/500] 5a880419-678d-4a6e-8fab-87ad1b7e723f: 118 chunks; 1.5 s; peak memory 1269 MiB.
2026-10-08T12:41:04Z INFO [384/500] 5a885af1-c6be-456f-b422-742ee2cd3405: 50 chunks; 1.2 s; peak memory 1269 MiB.
2026-10-08T12:41:05Z INFO [385/500] 5a8873ce-9d38-4b2c-af9a-1147add19660: 48 chunks; 1.3 s; peak memory 1269 MiB.
2026-10-08T12:41:06Z INFO [386/500] 5a88755b-1c1e-4631-ae5e-240e9b73fba5: 48 chunks; 1.3 s; peak memory 1269 MiB.
2026-10-08T12:41:07Z INFO [387/500] 5a8941e1-565e-4fd2-901e-40d67b187f69: 46 chunks; 1.0 s; peak memory 1269 MiB.
2026-10-08T12:41:09Z INFO [388/500] 5a8b7670-ceda-4c2d-a7d9-24c88c046d68: 118 chunks; 1.5 s; peak memory 1269 MiB.
2026-10-08T12:41:10Z INFO [389/500] 5a8ce1c1-7803-4656-89aa-235bb9def2e7: 48 chunks; 1.3 s; peak memory 1269 MiB.
2026-10-08T12:42:15Z INFO [390/500] 5a8d1a3d-6cae-457c-b275-d861b85f3c5d: 13382 chunks; 64.6 s; peak memory 1269 MiB.
2026-10-08T12:42:16Z INFO [391/500] 5a8d9ed8-52ce-4a50-af75-4f156c31dde5: 44 chunks; 1.0 s; peak memory 1269 MiB.
2026-10-08T12:42:17Z INFO [392/500] 5a8dbaf7-8eeb-4631-a717-b0de675a04e3: 46 chunks; 1.1 s; peak memory 1269 MiB.
2026-10-08T12:42:19Z INFO [393/500] 5a8fa9ad-dc5e-4bf9-abc4-05eb50db6c21: 78 chunks; 2.2 s; peak memory 1269 MiB.
2026-10-08T12:42:20Z INFO [394/500] 5a9067af-5b32-4699-8b59-fd310894bf50: 45 chunks; 1.4 s; peak memory 1269 MiB.
2026-10-08T12:42:22Z INFO [395/500] 5a90ee80-9d63-4875-896c-ba0345997a99: 118 chunks; 2.0 s; peak memory 1269 MiB.
2026-10-08T12:42:24Z INFO [396/500] 5a91ff71-385b-40a7-b8dd-3e19839e6d11: 118 chunks; 1.4 s; peak memory 1269 MiB.
2026-10-08T12:42:25Z INFO [397/500] 5a9210b4-3bbe-4629-b18d-7b0167e46cfb: 69 chunks; 1.5 s; peak memory 1269 MiB.
2026-10-08T12:42:28Z INFO [398/500] 5a923ca4-30ce-4f04-84fd-cf333d567a88: 141 chunks; 2.7 s; peak memory 1269 MiB.
2026-10-08T12:42:29Z INFO [399/500] 5a92e56a-6b3b-4c8b-b0a7-e5b67307c6ae: 118 chunks; 1.5 s; peak memory 1269 MiB.
2026-10-08T12:42:31Z INFO [400/500] 5a933888-da7c-4272-b2df-b17d9c73c269: 48 chunks; 1.3 s; peak memory 1269 MiB.
2026-10-08T12:42:31Z INFO [400/500] 5a933888-da7c-4272-b2df-b17d9c73c269: checkpointed 90734 records.
2026-10-08T12:42:33Z INFO [401/500] 5a93b1e2-b062-4948-acba-561e9d5e1c2a: 62 chunks; 1.8 s; peak memory 1269 MiB.
2026-10-08T12:42:34Z INFO [402/500] 5a946d5d-2e1b-4bd4-a2ee-9c629105187c: 46 chunks; 1.0 s; peak memory 1269 MiB.
2026-10-08T12:42:35Z INFO [403/500] 5a94da39-6447-4dc9-b388-a73c833a4591: 52 chunks; 1.4 s; peak memory 1269 MiB.
2026-10-08T12:42:37Z INFO [404/500] 5a95546d-90a6-48a9-81fa-045435f28cc9: 112 chunks; 1.9 s; peak memory 1269 MiB.
2026-10-08T12:42:39Z INFO [405/500] 5a967ff2-b631-47e5-b436-e4ff42076179: 112 chunks; 1.9 s; peak memory 1269 MiB.
2026-10-08T12:42:41Z INFO [406/500] 5a96a6e7-5f4a-44d6-874c-33d03252ae0f: 69 chunks; 2.0 s; peak memory 1269 MiB.
2026-10-08T12:42:43Z INFO [407/500] 5a96af19-ec76-47e7-9f39-5498500706e0: 117 chunks; 1.4 s; peak memory 1269 MiB.
2026-10-08T12:42:44Z INFO [408/500] 5a96cc34-2ec2-4720-b745-dec36d03f20d: 118 chunks; 1.7 s; peak memory 1269 MiB.
2026-10-08T12:42:46Z INFO [409/500] 5a975b15-6d40-45d5-a478-0f1409b5781c: 112 chunks; 1.8 s; peak memory 1269 MiB.
2026-10-08T12:42:47Z INFO [410/500] 5a976612-f6f2-49fc-bdea-2d6dfd232f89: 48 chunks; 1.4 s; peak memory 1269 MiB.
2026-10-08T12:42:51Z INFO [411/500] 5a97a5d4-7bb7-4beb-99ba-58b8f886e2e3: 1641 chunks; 4.0 s; peak memory 1269 MiB.
2026-10-08T12:42:53Z INFO [412/500] 5a9b1c22-e575-4330-a889-a122fccead55: 112 chunks; 1.6 s; peak memory 1269 MiB.
2026-10-08T12:43:10Z INFO [413/500] 5a9b2862-3fa0-4025-a7ad-d491408396ab: 21248 chunks; 17.2 s; peak memory 1269 MiB.
2026-10-08T12:43:12Z INFO [414/500] 5a9cb4f7-b0ad-4fe6-bb5c-f80d4b7a96b1: 48 chunks; 1.4 s; peak memory 1269 MiB.
2026-10-08T12:43:17Z INFO [415/500] 5a9cda0e-f1bf-42d7-9925-63eca9d0ad30: 2311 chunks; 5.8 s; peak memory 1269 MiB.
2026-10-08T12:43:39Z INFO [416/500] 5a9df112-dc28-4609-bfb6-47908eb7e129: 5681 chunks; 21.2 s; peak memory 1269 MiB.
2026-10-08T12:43:40Z INFO [417/500] 5a9e51c1-067e-4760-858b-33bacd1c97de: 74 chunks; 1.3 s; peak memory 1269 MiB.
2026-10-08T12:43:42Z INFO [418/500] 5a9ef31b-696b-46b5-8310-069f6173fe19: 112 chunks; 1.6 s; peak memory 1269 MiB.
2026-10-08T12:43:43Z INFO [419/500] 5a9ef5a8-8fff-4518-86f1-7abb06ac9656: 48 chunks; 1.3 s; peak memory 1269 MiB.
2026-10-08T12:43:45Z INFO [420/500] 5aa1321f-a95e-4179-be67-ccefb6743896: 112 chunks; 1.7 s; peak memory 1269 MiB.
2026-10-08T12:43:46Z INFO [421/500] 5aa1d2d7-eea0-4d13-99fb-dedf56d3313b: 112 chunks; 1.8 s; peak memory 1269 MiB.
2026-10-08T12:43:50Z INFO [422/500] 5aa1d64e-9992-4cb8-b30b-90304dbf813b: 245 chunks; 4.0 s; peak memory 1269 MiB.
2026-10-08T12:43:52Z INFO [423/500] 5aa2cdf1-ed88-43ce-9f87-24c2572f2467: 116 chunks; 1.5 s; peak memory 1269 MiB.
2026-10-08T12:43:58Z INFO [424/500] 5aa39768-5f74-442c-a88e-5af3141a285f: 676 chunks; 5.8 s; peak memory 1269 MiB.
2026-10-08T12:43:59Z INFO [425/500] 5aa397d1-d6f7-4356-97c8-9693ba23222a: 95 chunks; 1.4 s; peak memory 1269 MiB.
2026-10-08T12:44:00Z INFO [426/500] 5aa4bfcb-fb73-41f0-9190-c5c7ac7a3a91: 48 chunks; 1.3 s; peak memory 1269 MiB.
2026-10-08T12:44:02Z INFO [427/500] 5aa4d8f6-4e07-4475-9f29-f7d04df13f10: 112 chunks; 1.9 s; peak memory 1269 MiB.
2026-10-08T12:44:05Z INFO [428/500] 5aa4dc6d-24b6-45b9-afc5-eadabf258cb9: 119 chunks; 2.6 s; peak memory 1269 MiB.
2026-10-08T12:44:13Z INFO [429/500] 5aa569a3-6568-45bd-be37-5aaba04a7590: 15258 chunks; 7.9 s; peak memory 1269 MiB.
2026-10-08T12:44:15Z INFO [430/500] 5aa65be3-54dc-4efd-9eae-08bf51cc747a: 71 chunks; 1.9 s; peak memory 1269 MiB.
2026-10-08T12:44:20Z INFO [431/500] 5aa67b79-acff-421a-94b4-b51d689d32ae: 2265 chunks; 5.8 s; peak memory 1269 MiB.
2026-10-08T12:44:49Z INFO [432/500] 5aa69b5a-7776-4ecb-8723-e8034c9830e6: 6135 chunks; 28.2 s; peak memory 1269 MiB.
2026-10-08T12:44:50Z INFO [433/500] 5aa69d45-bd1e-45f4-b49e-aa6b3642c489: 48 chunks; 1.3 s; peak memory 1269 MiB.
2026-10-08T12:44:51Z INFO [434/500] 5aa75ad4-62e9-4d9f-8b20-fee95c133aa7: 46 chunks; 1.0 s; peak memory 1269 MiB.
2026-10-08T12:44:52Z INFO [435/500] 5aa79812-ee5a-4435-aa7d-e8a322a6692b: 46 chunks; 1.1 s; peak memory 1269 MiB.
2026-10-08T12:44:53Z INFO [436/500] 5aa7d2c7-2d3a-4831-9869-4a53bf43f617: 48 chunks; 1.4 s; peak memory 1269 MiB.
2026-10-08T12:44:55Z INFO [437/500] 5aa823d4-7cac-425b-b73e-525ee9cb691e: 112 chunks; 2.1 s; peak memory 1269 MiB.
2026-10-08T12:47:28Z INFO [438/500] 5aa83732-7d7a-4710-b18a-56ac21afb8ed: 38295 chunks; 152.5 s; peak memory 1269 MiB.
2026-10-08T12:47:29Z INFO [439/500] 5aa95ac6-d0c9-4ddb-be39-ed7ebb4d2f50: 48 chunks; 1.4 s; peak memory 1269 MiB.
2026-10-08T12:47:31Z INFO [440/500] 5aaa518d-a825-478e-81ea-9b46c56a0ebe: 69 chunks; 1.2 s; peak memory 1269 MiB.
2026-10-08T12:47:32Z INFO [441/500] 5aab2b65-9a47-4060-b19e-24f306441aa4: 46 chunks; 1.0 s; peak memory 1269 MiB.
2026-10-08T12:47:33Z INFO [442/500] 5aac86ca-dcf5-4774-90dc-25438da93058: 116 chunks; 1.5 s; peak memory 1269 MiB.
2026-10-08T12:47:34Z INFO [443/500] 5aacbbd8-d313-4b8f-8416-4fa1e11b7970: 48 chunks; 1.4 s; peak memory 1269 MiB.
2026-10-08T12:47:36Z INFO [444/500] 5aacee16-2ea4-4494-80d5-adf4e7a99783: 48 chunks; 1.3 s; peak memory 1269 MiB.
2026-10-08T12:47:44Z INFO [445/500] 5aad4e8f-30d1-42b8-a54f-efbe352f5c48: 2923 chunks; 8.2 s; peak memory 1269 MiB.
2026-10-08T12:47:45Z INFO [446/500] 5aad77dd-b132-45e6-be49-e54a5d7bb90b: 57 chunks; 1.1 s; peak memory 1269 MiB.
2026-10-08T12:47:47Z INFO [447/500] 5aadc9f7-818f-415e-8f17-8b2cf02b78ee: 62 chunks; 1.6 s; peak memory 1269 MiB.
2026-10-08T12:47:48Z INFO [448/500] 5aae2e1e-9941-44a9-91a7-79dcca600b93: 77 chunks; 1.7 s; peak memory 1269 MiB.
2026-10-08T12:47:50Z INFO [449/500] 5aae6041-dfcc-47a9-a904-0aa268916744: 110 chunks; 1.8 s; peak memory 1269 MiB.
2026-10-08T12:47:51Z INFO [450/500] 5aaea9bd-d4aa-47c5-b5be-621e225e250a: 48 chunks; 1.2 s; peak memory 1269 MiB.
2026-10-08T12:47:52Z INFO [450/500] 5aaea9bd-d4aa-47c5-b5be-621e225e250a: checkpointed 90784 records.
2026-10-08T12:47:53Z INFO [451/500] 5aaec78f-f63c-4515-a331-e34e6c331cbd: 63 chunks; 1.2 s; peak memory 1269 MiB.
2026-10-08T12:48:59Z INFO [452/500] 5aaf2431-af09-45ee-a699-64afeafe776d: 24686 chunks; 65.8 s; peak memory 1269 MiB.
2026-10-08T12:49:00Z INFO [453/500] 5aaf84cb-cb5c-4149-a37a-0be782f0ce49: 114 chunks; 1.5 s; peak memory 1269 MiB.
2026-10-08T12:49:23Z INFO [454/500] 5ab0c168-9154-44d1-abff-e94eb404df6b: 31759 chunks; 23.0 s; peak memory 1269 MiB.
2026-10-08T12:49:28Z INFO [455/500] 5ab16a29-7ff5-48d1-950e-73796b5e24ef: 814 chunks; 5.3 s; peak memory 1269 MiB.
2026-10-08T12:49:30Z INFO [456/500] 5ab221f1-f523-481b-9ee0-be1d5fb30830: 48 chunks; 1.5 s; peak memory 1269 MiB.
2026-10-08T12:49:31Z INFO [457/500] 5ab273a7-474a-4d26-a2b0-65cc789b7046: 116 chunks; 1.4 s; peak memory 1269 MiB.
2026-10-08T12:49:39Z INFO [458/500] 5ab284a4-7de0-4f06-ae37-2138aec452b0: 630 chunks; 7.9 s; peak memory 1269 MiB.
2026-10-08T12:49:46Z INFO [459/500] 5ab2a18e-85a2-4ccf-b6a5-f5759f84673b: 9056 chunks; 6.5 s; peak memory 1269 MiB.
2026-10-08T12:49:48Z INFO [460/500] 5ab38562-876c-4d20-9659-135edcb08960: 112 chunks; 2.0 s; peak memory 1269 MiB.
2026-10-08T12:49:49Z INFO [461/500] 5ab40928-02a2-441c-958b-4dc2c362236d: 46 chunks; 1.7 s; peak memory 1269 MiB.
2026-10-08T12:49:56Z INFO [462/500] 5ab43020-c46c-4103-83d0-30d44dd757ea: 9278 chunks; 6.8 s; peak memory 1269 MiB.
2026-10-08T12:49:59Z INFO [463/500] 5ab4af6f-2976-4e14-ac9e-580353b57b5e: 115 chunks; 3.1 s; peak memory 1269 MiB.
2026-10-08T12:50:01Z INFO [464/500] 5ab4b9d5-0696-4c0e-a89b-2e3b12c44222: 48 chunks; 1.3 s; peak memory 1269 MiB.
2026-10-08T12:50:02Z INFO [465/500] 5ab50784-2db0-48fe-9f8f-f60966b2c6ba: 69 chunks; 1.1 s; peak memory 1269 MiB.
2026-10-08T12:50:16Z INFO [466/500] 5ab5d15f-30f9-4b88-b39e-95bae1e98d08: 324 chunks; 14.5 s; peak memory 1269 MiB.
2026-10-08T12:50:36Z INFO [467/500] 5ab64055-0c19-4791-8463-1c2d3cba049a: 8229 chunks; 19.2 s; peak memory 1269 MiB.
2026-10-08T12:50:37Z INFO [468/500] 5ab6739f-dbee-4a03-a294-515e6b275e7f: 46 chunks; 1.4 s; peak memory 1269 MiB.
2026-10-08T12:50:38Z INFO [469/500] 5ab676a1-c036-4ae0-a91f-f59068010204: 48 chunks; 1.4 s; peak memory 1269 MiB.
2026-10-08T12:50:42Z INFO [470/500] 5ab6a2b5-0028-421e-84b8-7e34b421b6c0: 123 chunks; 3.3 s; peak memory 1269 MiB.
2026-10-08T12:50:43Z INFO [471/500] 5ab6da10-c8b3-4350-ac72-3d04775eddc0: 131 chunks; 1.7 s; peak memory 1269 MiB.
2026-10-08T12:50:45Z INFO [472/500] 5ab7eeb8-d007-499e-80e7-e92290b9609a: 37 chunks; 1.3 s; peak memory 1269 MiB.
2026-10-08T12:50:55Z INFO [473/500] 5ab849fa-ff53-4565-80ed-6debbff2f8e1: 22492 chunks; 10.8 s; peak memory 1269 MiB.
2026-10-08T12:50:57Z INFO [474/500] 5ab8c0e5-5aa6-4c8a-ad75-b6306e12d390: 48 chunks; 1.4 s; peak memory 1269 MiB.
2026-10-08T12:50:58Z INFO [475/500] 5ab8c7e6-53b9-4770-902e-4e8e571f0bcd: 111 chunks; 1.6 s; peak memory 1269 MiB.
2026-10-08T12:51:09Z INFO [476/500] 5ab99512-e9c7-4c2e-81a3-9a18d2532681: 5443 chunks; 10.8 s; peak memory 1269 MiB.
2026-10-08T12:51:11Z INFO [477/500] 5abb4dbd-1ede-4f3b-a196-560f193ed1a2: 48 chunks; 1.3 s; peak memory 1269 MiB.
2026-10-08T12:51:12Z INFO [478/500] 5abb9541-8d9f-472d-8532-cc0dfd6976d1: 48 chunks; 1.4 s; peak memory 1269 MiB.
2026-10-08T12:51:13Z INFO [479/500] 5abbd072-6d0f-4376-b855-ba8e6bae22b9: 52 chunks; 1.4 s; peak memory 1269 MiB.
2026-10-08T12:51:28Z INFO [480/500] 5abc0809-2d89-4a88-af40-5bd78fb2e67f: 21209 chunks; 14.4 s; peak memory 1269 MiB.
2026-10-08T12:51:30Z INFO [481/500] 5abc1921-d3aa-47ac-995d-74715900cf4f: 71 chunks; 2.1 s; peak memory 1269 MiB.
2026-10-08T12:51:48Z INFO [482/500] 5abd038c-b5ac-4e25-b6ef-47d08c85d74d: 8229 chunks; 18.3 s; peak memory 1269 MiB.
2026-10-08T12:51:49Z INFO [483/500] 5abd4863-adc7-41ee-ad65-1f840321979f: 56 chunks; 1.1 s; peak memory 1269 MiB.
2026-10-08T12:51:51Z INFO [484/500] 5abd486e-abef-4263-a942-e6a5459042eb: 168 chunks; 1.5 s; peak memory 1269 MiB.
2026-10-08T12:51:53Z INFO [485/500] 5abd5776-9f78-4983-8f0d-92bb8824152a: 71 chunks; 2.0 s; peak memory 1269 MiB.
2026-10-08T12:51:54Z INFO [486/500] 5abd5e24-0c08-4bb8-9f59-bab054d230d6: 117 chunks; 1.6 s; peak memory 1269 MiB.
2026-10-08T12:51:55Z INFO [487/500] 5abd93d3-0cc8-4f14-8ba2-710e07de8fe8: 69 chunks; 1.2 s; peak memory 1269 MiB.
2026-10-08T12:54:31Z INFO [488/500] 5abd9f94-9d06-4892-92e0-626e69cebee9: 42530 chunks; 155.8 s; peak memory 1269 MiB.
2026-10-08T12:54:33Z INFO [489/500] 5abdeae8-e0bf-47a3-b6f6-69be3812a479: 118 chunks; 1.4 s; peak memory 1269 MiB.
2026-10-08T12:54:34Z INFO [490/500] 5abfc2c4-7d7e-449a-9697-5e8a59e3aff8: 54 chunks; 1.0 s; peak memory 1269 MiB.
2026-10-08T12:54:44Z INFO [491/500] 5ac09a80-cb62-4752-bc05-39469c784ead: 11550 chunks; 10.4 s; peak memory 1269 MiB.
2026-10-08T12:54:45Z INFO [492/500] 5ac0de63-22b5-4162-8385-10e1aa7df517: 117 chunks; 1.5 s; peak memory 1269 MiB.
2026-10-08T12:54:47Z INFO [493/500] 5ac1690c-0d61-49cd-9ef0-3621d2cd6451: 170 chunks; 1.6 s; peak memory 1269 MiB.
2026-10-08T12:54:48Z INFO [494/500] 5ac20492-4470-4989-96a6-6e713efb0b24: 48 chunks; 1.4 s; peak memory 1269 MiB.
2026-10-08T12:54:57Z INFO [495/500] 5ac21673-c221-449f-a48a-f783ad0e3b9a: 15741 chunks; 8.1 s; peak memory 1269 MiB.
2026-10-08T12:54:58Z INFO [496/500] 5ac21b94-2b2c-4ba5-b40b-dbbc704f6bd9: 54 chunks; 1.0 s; peak memory 1269 MiB.
2026-10-08T12:54:59Z INFO [497/500] 5ac2dcde-10de-4b31-972e-5520c92a7003: 48 chunks; 1.3 s; peak memory 1269 MiB.
2026-10-08T12:55:00Z INFO [498/500] 5ac305aa-6be9-454f-b7f9-f4e6ae2175f3: 52 chunks; 1.5 s; peak memory 1269 MiB.
2026-10-08T12:55:02Z INFO [499/500] 5ac30e06-24f5-4492-b755-7b0860bbfb70: 48 chunks; 1.3 s; peak memory 1269 MiB.
2026-10-08T12:55:03Z INFO [500/500] 5ac48592-4aca-4bf1-8714-ddf7b807a77c: 48 chunks; 1.4 s; peak memory 1269 MiB.
2026-10-08T12:55:03Z INFO [500/500] 5ac48592-4aca-4bf1-8714-ddf7b807a77c: checkpointed 90834 records.
2026-10-08T12:55:04Z INFO Wrote 90834 records to /tmp/derivatives/valid_nwb_file_to_chunk_stats.jsonl (500 new, 0 failed) in 204.7 min (peak memory 1269 MiB).
