2026-10-10T02:15:20Z INFO Logging to /tmp/logs/update_2026-10-10T02-15-20Z.log.
2026-10-10T02:15:20Z INFO Update valid-nwb-file-to-chunk-stats (base directory /tmp).
2026-10-10T02:15:21Z INFO Processing 500 items (101334 already recorded).
2026-10-10T02:15:23Z INFO [1/500] 70c5a66d-5ec6-4b46-a2db-44148da29a55: 59 chunks; 2.0 s; peak memory 204 MiB.
2026-10-10T02:15:25Z INFO [2/500] 70c6430c-5bf3-4faf-adeb-d992b977ab75: 112 chunks; 2.0 s; peak memory 205 MiB.
2026-10-10T02:15:26Z INFO [3/500] 70c71252-4dc4-4f1f-8dc0-09e50df05004: 46 chunks; 1.0 s; peak memory 205 MiB.
2026-10-10T02:15:29Z INFO [4/500] 70c7f552-5df8-4c34-8027-90eb63de4fd6: 119 chunks; 3.1 s; peak memory 207 MiB.
2026-10-10T02:15:30Z INFO [5/500] 70c842dd-5ea9-448e-a6c7-532a7bdab4a6: 117 chunks; 1.6 s; peak memory 207 MiB.
2026-10-10T02:15:49Z INFO [6/500] 70c8e73a-805d-412d-8564-99052233b4a6: 8229 chunks; 18.5 s; peak memory 228 MiB.
2026-10-10T02:15:50Z INFO [7/500] 70c9822f-3900-425f-b757-1ab22670dc0b: 48 chunks; 1.3 s; peak memory 228 MiB.
2026-10-10T02:15:51Z INFO [8/500] 70cac9c5-c46d-45e0-9c8c-4454e24c7d7d: 71 chunks; 1.4 s; peak memory 228 MiB.
2026-10-10T02:16:10Z INFO [9/500] 70cacce2-6d77-4340-864a-93cd8c1f2d0c: 432 chunks; 18.4 s; peak memory 228 MiB.
2026-10-10T02:16:11Z INFO [10/500] 70cad502-a73a-4636-976c-2a6b31979d49: 117 chunks; 1.4 s; peak memory 228 MiB.
2026-10-10T02:16:14Z INFO [11/500] 70cb63b3-7a20-4765-bdb6-54ccabd9f3b4: 997 chunks; 2.9 s; peak memory 228 MiB.
2026-10-10T02:16:15Z INFO [12/500] 70cbe5ff-75f0-49ea-b568-1957b7b9ed1c: 46 chunks; 1.1 s; peak memory 229 MiB.
2026-10-10T02:16:19Z INFO [13/500] 70cbf240-0976-4a9a-8d56-c5a4ab6f6de7: 156 chunks; 3.6 s; peak memory 229 MiB.
2026-10-10T02:16:20Z INFO [14/500] 70cbff64-c3e4-4235-ad8c-506a6c9c28ce: 48 chunks; 1.3 s; peak memory 229 MiB.
2026-10-10T02:16:22Z INFO [15/500] 70cc51d9-ff5f-4120-8b7f-6220e9e6aa21: 153 chunks; 1.7 s; peak memory 229 MiB.
2026-10-10T02:16:24Z INFO [16/500] 70cd87bc-8e61-4ef7-bf0a-0260212be8fa: 557 chunks; 1.6 s; peak memory 230 MiB.
2026-10-10T02:16:25Z INFO [17/500] 70cd9305-cbf3-4b47-afab-60efda538773: 48 chunks; 1.3 s; peak memory 230 MiB.
2026-10-10T02:16:26Z INFO [18/500] 70ce2181-52c2-4eec-a912-cfc638be9c41: 48 chunks; 1.3 s; peak memory 230 MiB.
2026-10-10T02:16:29Z INFO [19/500] 70cec5dd-abdc-49d9-9ca7-33a7baf78359: 569 chunks; 3.2 s; peak memory 230 MiB.
2026-10-10T02:16:30Z INFO [20/500] 70cf2225-3ade-4fa4-a4f1-110d8cda1a8f: 46 chunks; 1.0 s; peak memory 230 MiB.
2026-10-10T02:16:32Z INFO [21/500] 70cfad6a-8a95-48ea-b221-0157d843353d: 56 chunks; 1.1 s; peak memory 230 MiB.
2026-10-10T02:16:33Z INFO [22/500] 70cfb348-b7d9-4912-b75c-36e93516a58f: 46 chunks; 1.0 s; peak memory 230 MiB.
2026-10-10T02:16:34Z INFO [23/500] 70d365ad-1172-4a76-8e99-d510e97b8728: 84 chunks; 1.7 s; peak memory 230 MiB.
2026-10-10T02:16:36Z INFO [24/500] 70d3696b-2310-4caf-9d38-ed2205ecb303: 112 chunks; 1.4 s; peak memory 230 MiB.
2026-10-10T02:16:37Z INFO [25/500] 70d3b0cb-041d-4d3f-ba6e-752aecb51124: 56 chunks; 1.0 s; peak memory 230 MiB.
2026-10-10T02:16:38Z INFO [26/500] 70d41309-aa1d-47b7-8911-88f14a1c40fa: 48 chunks; 1.3 s; peak memory 230 MiB.
2026-10-10T02:16:40Z INFO [27/500] 70d4728a-d912-420a-b64e-c168a9a9c9c7: 152 chunks; 2.0 s; peak memory 230 MiB.
2026-10-10T02:16:50Z INFO [28/500] 70d53442-7aa0-4f27-9415-8a8ce1306e80: 391 chunks; 9.6 s; peak memory 230 MiB.
2026-10-10T02:16:51Z INFO [29/500] 70d57289-ba9b-41cd-91af-8a8ac0d4a208: 116 chunks; 1.6 s; peak memory 230 MiB.
2026-10-10T02:16:53Z INFO [30/500] 70d60a9f-201e-4523-92f3-de4ace4f27e2: 69 chunks; 1.8 s; peak memory 230 MiB.
2026-10-10T02:16:59Z INFO [31/500] 70d6c5c2-6721-4fec-a221-713fa2f63de2: 669 chunks; 6.5 s; peak memory 230 MiB.
2026-10-10T02:17:02Z INFO [32/500] 70d6cb8a-c0dc-4fb2-ac66-27c7f5545cb0: 133 chunks; 2.4 s; peak memory 230 MiB.
2026-10-10T02:18:17Z INFO [33/500] 70d76709-79df-41ea-8927-03bd841b1568: 39234 chunks; 75.3 s; peak memory 355 MiB.
2026-10-10T02:18:19Z INFO [34/500] 70d7a92d-cc3d-490b-847c-2145321ad54f: 289 chunks; 1.9 s; peak memory 355 MiB.
2026-10-10T02:18:21Z INFO [35/500] 70d7ad07-ff1d-4cb1-ba20-6b460ff136f0: 117 chunks; 1.5 s; peak memory 355 MiB.
2026-10-10T02:18:27Z INFO [36/500] 70d7b642-dff5-4253-bc59-42c716c2e0b5: 1246 chunks; 6.4 s; peak memory 355 MiB.
2026-10-10T02:18:30Z INFO [37/500] 70d7e50a-6258-4a2a-8c56-dcda5dbb539c: 115 chunks; 3.0 s; peak memory 355 MiB.
2026-10-10T02:18:31Z INFO [38/500] 70d82773-5777-47cd-bc67-835cf6080e3d: 41 chunks; 1.2 s; peak memory 355 MiB.
2026-10-10T02:18:33Z INFO [39/500] 70d8ca51-874f-4012-81d7-09d02edfac9f: 70 chunks; 1.5 s; peak memory 355 MiB.
2026-10-10T02:18:35Z INFO [40/500] 70d90233-5cb8-4e7f-89f5-3419cade170d: 67 chunks; 1.7 s; peak memory 355 MiB.
2026-10-10T02:18:40Z INFO [41/500] 70d94d63-bd75-4bb6-af19-4cd4f541d7e8: 174 chunks; 5.6 s; peak memory 355 MiB.
2026-10-10T02:18:42Z INFO [42/500] 70d9cdb6-e62d-4380-a592-f0487a6c3cb4: 117 chunks; 1.6 s; peak memory 355 MiB.
2026-10-10T02:18:45Z INFO [43/500] 70dabb9d-18b7-4006-b956-0020abc8b12c: 85 chunks; 3.4 s; peak memory 355 MiB.
2026-10-10T02:18:47Z INFO [44/500] 70db7390-21d4-47eb-b8c0-1f2bd8165c8d: 66 chunks; 2.1 s; peak memory 355 MiB.
2026-10-10T02:18:49Z INFO [45/500] 70dc4e9a-dcc8-4642-a2fd-08716d062bde: 117 chunks; 1.4 s; peak memory 355 MiB.
2026-10-10T02:18:50Z INFO [46/500] 70dce266-f5a0-4dde-96a0-85c655a6d4d7: 46 chunks; 1.1 s; peak memory 355 MiB.
2026-10-10T02:18:57Z INFO [47/500] 70dd0a5b-87b9-4698-8fce-9983ffc7f45e: 2922 chunks; 7.7 s; peak memory 355 MiB.
2026-10-10T02:18:59Z INFO [48/500] 70dde784-b52d-4a87-bace-accff0e52712: 117 chunks; 1.9 s; peak memory 355 MiB.
2026-10-10T02:19:01Z INFO [49/500] 70ded1a7-dd83-4b76-b977-53c272dd474c: 110 chunks; 2.1 s; peak memory 355 MiB.
2026-10-10T02:19:07Z INFO [50/500] 70dfaecc-4ca9-44cc-89cb-b0709f8e6726: 276 chunks; 5.7 s; peak memory 355 MiB.
2026-10-10T02:19:07Z INFO [50/500] 70dfaecc-4ca9-44cc-89cb-b0709f8e6726: checkpointed 101384 new records.
2026-10-10T02:19:09Z INFO [51/500] 70dfd581-373c-47f2-9475-48ba91ae778b: 112 chunks; 1.5 s; peak memory 355 MiB.
2026-10-10T02:19:10Z INFO [52/500] 70e0b234-b1b7-4309-82ad-8ba795fa51b3: 33 chunks; 1.3 s; peak memory 355 MiB.
2026-10-10T02:19:17Z INFO [53/500] 70e1e3c4-606c-47be-856a-2fc6e88eeea7: 2923 chunks; 7.0 s; peak memory 355 MiB.
2026-10-10T02:19:19Z INFO [54/500] 70e1e759-d711-4a75-96ed-c7449244ad26: 46 chunks; 1.2 s; peak memory 355 MiB.
2026-10-10T02:19:20Z INFO [55/500] 70e1f819-2c67-4603-a3e8-bfc19506c94c: 48 chunks; 1.2 s; peak memory 355 MiB.
2026-10-10T02:19:21Z INFO [56/500] 70e1fc9c-0f2d-4d56-ba0c-79a11beab707: 133 chunks; 1.4 s; peak memory 355 MiB.
2026-10-10T02:19:22Z INFO [57/500] 70e20744-65f5-456c-ad99-c6e2cd0e3d4d: 61 chunks; 1.3 s; peak memory 355 MiB.
2026-10-10T02:19:24Z INFO [58/500] 70e24aa9-a918-4467-a41b-08b1f363329a: 48 chunks; 1.2 s; peak memory 355 MiB.
2026-10-10T02:19:26Z INFO [59/500] 70e46d56-1563-4f14-aa05-5741014f8886: 112 chunks; 2.1 s; peak memory 355 MiB.
2026-10-10T02:19:28Z INFO [60/500] 70e4757b-e7cb-48db-8677-a12cb8ffc607: 71 chunks; 2.1 s; peak memory 355 MiB.
2026-10-10T02:19:30Z INFO [61/500] 70e530e7-d508-49f3-b45a-aa9f92ef3755: 112 chunks; 1.7 s; peak memory 355 MiB.
2026-10-10T02:19:31Z INFO [62/500] 70e5ed97-aeb5-49c3-a8c1-833b65c7d861: 48 chunks; 1.2 s; peak memory 355 MiB.
2026-10-10T02:19:32Z INFO [63/500] 70e5fc92-f7c9-4daa-9d40-dd74efe1ff42: 48 chunks; 1.3 s; peak memory 355 MiB.
2026-10-10T02:19:36Z INFO [64/500] 70e61f3a-3213-47ba-82c4-9c3f1e153b1d: 156 chunks; 3.6 s; peak memory 355 MiB.
2026-10-10T02:19:37Z INFO [65/500] 70e65efc-5493-4f47-85a4-2c30b330f603: 48 chunks; 1.3 s; peak memory 355 MiB.
2026-10-10T02:19:39Z INFO [66/500] 70e6c609-b3d4-4569-858a-b0fc1b90e270: 69 chunks; 2.0 s; peak memory 355 MiB.
2026-10-10T02:21:48Z INFO [67/500] 70e6f130-de3f-4c79-9cf2-7314153a3514: 37756 chunks; 129.5 s; peak memory 364 MiB.
2026-10-10T02:22:04Z INFO [68/500] 70e7055d-420e-4658-bf97-8fc29a32aac8: 19642 chunks; 15.4 s; peak memory 364 MiB.
2026-10-10T02:22:06Z INFO [69/500] 70e7056a-8718-4e28-a7e9-dd1809921ec0: 116 chunks; 1.7 s; peak memory 364 MiB.
2026-10-10T02:22:08Z INFO [70/500] 70e7f244-45c0-48dd-b014-63ebdbdf0239: 71 chunks; 2.2 s; peak memory 364 MiB.
2026-10-10T02:22:09Z INFO [71/500] 70e822c8-30a9-4e01-a3d2-5cb5cf9e8d22: 48 chunks; 1.3 s; peak memory 364 MiB.
2026-10-10T02:22:11Z INFO [72/500] 70e8af4d-09bf-453d-9802-1cc3efda407c: 59 chunks; 1.7 s; peak memory 364 MiB.
2026-10-10T02:22:12Z INFO [73/500] 70e8f250-799b-46a7-ae9d-ff134d9236d0: 46 chunks; 1.2 s; peak memory 364 MiB.
2026-10-10T02:22:17Z INFO [74/500] 70e9304c-da1f-4e40-b3b2-b183eb95b547: 12309 chunks; 5.4 s; peak memory 364 MiB.
2026-10-10T02:22:19Z INFO [75/500] 70e9373f-7a4d-434d-bdb2-ae93f541cf44: 107 chunks; 1.6 s; peak memory 364 MiB.
2026-10-10T02:22:20Z INFO [76/500] 70e9760b-79e7-4800-9edd-ff98501f556d: 48 chunks; 1.4 s; peak memory 364 MiB.
2026-10-10T02:22:22Z INFO [77/500] 70e98f8f-665a-4dbd-ba0f-f2ab57f22f52: 132 chunks; 1.3 s; peak memory 364 MiB.
2026-10-10T02:22:23Z INFO [78/500] 70ea5257-bfcc-4454-af14-b348d130fe06: 60 chunks; 1.4 s; peak memory 364 MiB.
2026-10-10T02:22:30Z INFO [79/500] 70ea54b0-47d7-4479-8905-6eaa19f38371: 6514 chunks; 6.8 s; peak memory 364 MiB.
2026-10-10T02:22:31Z INFO [80/500] 70ead5b2-ce45-4e91-bb90-2e14a5358b01: 110 chunks; 1.6 s; peak memory 364 MiB.
2026-10-10T02:22:33Z INFO [81/500] 70ec24e2-b05b-4940-a023-f7ad119df3b3: 118 chunks; 1.5 s; peak memory 364 MiB.
2026-10-10T02:22:34Z INFO [82/500] 70ec3b09-b1d3-4c21-9d4c-6a47bb6c0849: 117 chunks; 1.5 s; peak memory 364 MiB.
2026-10-10T02:22:37Z INFO [83/500] 70ec6cd0-b112-4278-a02e-160c8f74324d: 71 chunks; 2.3 s; peak memory 364 MiB.
2026-10-10T02:22:38Z INFO [84/500] 70ec7047-eee9-46d2-8bb0-f25f9fed26cb: 114 chunks; 1.4 s; peak memory 364 MiB.
2026-10-10T02:22:39Z INFO [85/500] 70ed50c3-f83d-4b94-86c6-ecbe2550d801: 39 chunks; 0.8 s; peak memory 364 MiB.
2026-10-10T02:22:40Z INFO [86/500] 70ed9ae1-b1d5-4f47-bfdb-b57d606c56fa: 48 chunks; 1.3 s; peak memory 364 MiB.
2026-10-10T02:22:42Z INFO [87/500] 70ee7795-e373-4c23-8f2c-0348c9f2cb48: 71 chunks; 2.2 s; peak memory 364 MiB.
2026-10-10T02:22:44Z INFO [88/500] 70efd990-32e1-44d5-aa8b-2d2029acbca1: 48 chunks; 1.3 s; peak memory 364 MiB.
2026-10-10T02:22:45Z INFO [89/500] 70f0167f-4173-434e-8fe4-9564b1608d86: 112 chunks; 1.5 s; peak memory 364 MiB.
2026-10-10T02:22:47Z INFO [90/500] 70f06170-a7fe-41c0-a58d-28fd89c59de5: 116 chunks; 1.4 s; peak memory 364 MiB.
2026-10-10T02:22:48Z INFO [91/500] 70f0adce-6f06-4dad-ac66-17fb20ccf25f: 41 chunks; 1.1 s; peak memory 364 MiB.
2026-10-10T02:22:49Z INFO [92/500] 70f1723c-106f-4ef1-ae5f-c794f87123f1: 116 chunks; 1.7 s; peak memory 364 MiB.
2026-10-10T02:22:51Z INFO [93/500] 70f1fd3f-ee6c-4c96-a117-bdbfd3dc4f86: 48 chunks; 1.3 s; peak memory 364 MiB.
2026-10-10T02:23:01Z INFO [94/500] 70f21d81-5610-410f-9365-fb4b6864aaf0: 11943 chunks; 10.2 s; peak memory 364 MiB.
2026-10-10T02:23:03Z INFO [95/500] 70f25fc4-76eb-4829-ba0b-8b9bac15bfb9: 66 chunks; 1.8 s; peak memory 364 MiB.
2026-10-10T02:23:04Z INFO [96/500] 70f4cd25-6597-4f6e-81f1-374d1aa28f71: 116 chunks; 1.4 s; peak memory 364 MiB.
2026-10-10T02:23:06Z INFO [97/500] 70f56599-992e-486c-95b9-8e621f92c9b2: 51 chunks; 1.5 s; peak memory 364 MiB.
2026-10-10T02:23:07Z INFO [98/500] 70f7abe4-7aff-4ffb-8765-038dbdcf2903: 57 chunks; 1.0 s; peak memory 364 MiB.
2026-10-10T02:23:09Z INFO [99/500] 70f7c882-1397-4010-a0ba-f30a0104cab3: 119 chunks; 2.8 s; peak memory 364 MiB.
2026-10-10T02:23:11Z INFO [100/500] 70f81c5a-f090-4c8d-bbb8-4e1d2dbafe91: 174 chunks; 2.0 s; peak memory 364 MiB.
2026-10-10T02:23:12Z INFO [100/500] 70f81c5a-f090-4c8d-bbb8-4e1d2dbafe91: checkpointed 101434 new records.
2026-10-10T02:23:14Z INFO [101/500] 70f83e87-4bc1-4e8b-a061-a1e31fbda60e: 204 chunks; 1.7 s; peak memory 364 MiB.
2026-10-10T02:23:16Z INFO [102/500] 70f8b670-bdf4-4006-b839-590d4a0dc821: 119 chunks; 2.5 s; peak memory 364 MiB.
2026-10-10T02:23:18Z INFO [103/500] 70f97a47-6dc3-414a-b528-74fe879e2647: 112 chunks; 1.8 s; peak memory 364 MiB.
2026-10-10T02:23:19Z INFO [104/500] 70fa4b25-d029-481c-8f9d-9ac1c1223cfe: 74 chunks; 1.6 s; peak memory 364 MiB.
2026-10-10T02:25:54Z INFO [105/500] 70fa58b6-f27e-482a-a234-3986902f373b: 44864 chunks; 154.2 s; peak memory 389 MiB.
2026-10-10T02:25:55Z INFO [106/500] 70fac71c-a9e4-498b-9df8-00fef31056d0: 118 chunks; 1.5 s; peak memory 389 MiB.
2026-10-10T02:25:57Z INFO [107/500] 70fb3a5e-ebbe-483a-b915-001cda2493db: 118 chunks; 1.6 s; peak memory 389 MiB.
2026-10-10T02:25:59Z INFO [108/500] 70fc68bb-5e78-4a5e-9f48-059ddd06cb66: 112 chunks; 1.8 s; peak memory 389 MiB.
2026-10-10T02:26:00Z INFO [109/500] 70fcf0a5-d360-44f4-b243-12e3475c628e: 52 chunks; 1.5 s; peak memory 389 MiB.
2026-10-10T02:26:02Z INFO [110/500] 70fd3432-2cef-4bc9-9094-54c947047952: 66 chunks; 2.0 s; peak memory 389 MiB.
2026-10-10T02:28:18Z INFO [111/500] 70fe9335-2702-4e2a-aca3-4989ce2f4e8e: 38101 chunks; 135.5 s; peak memory 389 MiB.
2026-10-10T02:28:21Z INFO [112/500] 70fec8ba-5360-4144-bcdc-f38f027b8c54: 156 chunks; 3.9 s; peak memory 389 MiB.
2026-10-10T02:28:23Z INFO [113/500] 70ff36fb-f68a-435f-8419-d6e64080316a: 52 chunks; 1.7 s; peak memory 389 MiB.
2026-10-10T02:28:25Z INFO [114/500] 70ff452a-48ed-4cb8-bfe5-1ceaf28dcbc9: 117 chunks; 1.5 s; peak memory 389 MiB.
2026-10-10T02:28:39Z INFO [115/500] 70ffad02-7fd9-412c-b0e0-50ad69058fcb: 12773 chunks; 14.1 s; peak memory 389 MiB.
2026-10-10T02:28:49Z INFO [116/500] 70ffafa9-23b8-49f9-b783-ff570d97430f: 19077 chunks; 10.3 s; peak memory 389 MiB.
2026-10-10T02:28:55Z INFO [117/500] 71012562-23dd-43e6-9c1e-bd6479712613: 6261 chunks; 6.3 s; peak memory 389 MiB.
2026-10-10T02:28:56Z INFO [118/500] 71019a88-611e-4059-966a-bcaa0936b310: 55 chunks; 1.0 s; peak memory 389 MiB.
2026-10-10T02:28:59Z INFO [119/500] 710291df-3de5-48c5-a324-a4dfbcdf72d9: 53 chunks; 2.2 s; peak memory 389 MiB.
2026-10-10T02:29:00Z INFO [120/500] 71031de0-0c73-4bd8-813b-6cb3df15c271: 48 chunks; 1.4 s; peak memory 389 MiB.
2026-10-10T02:29:01Z INFO [121/500] 7103217b-de9d-4512-ba01-8544d12a702b: 41 chunks; 1.2 s; peak memory 389 MiB.
2026-10-10T02:31:18Z INFO [122/500] 710337c3-d427-4d2a-baf8-b622bf50ddd2: 75873 chunks; 137.3 s; peak memory 480 MiB.
2026-10-10T02:31:19Z INFO [123/500] 710494db-7135-4a93-b202-624826060438: 46 chunks; 1.0 s; peak memory 480 MiB.
2026-10-10T02:31:21Z INFO [124/500] 71052c28-fed1-41ed-a2d3-665fe6387161: 48 chunks; 1.2 s; peak memory 480 MiB.
2026-10-10T02:31:22Z INFO [125/500] 71057fcd-8ffa-4070-8c77-21564bc0aad5: 36 chunks; 1.2 s; peak memory 480 MiB.
2026-10-10T02:31:23Z INFO [126/500] 71059025-9226-4c10-a00d-e00f0ccaf0db: 57 chunks; 1.1 s; peak memory 480 MiB.
2026-10-10T02:31:25Z INFO [127/500] 7105cdef-1512-458d-ada4-25e4ee235326: 71 chunks; 1.9 s; peak memory 480 MiB.
2026-10-10T02:31:26Z INFO [128/500] 7105d79b-4200-4758-b467-1b57f45c905a: 48 chunks; 1.2 s; peak memory 480 MiB.
2026-10-10T02:31:28Z INFO [129/500] 7105fc9b-2946-4b88-8560-cda77510f091: 117 chunks; 1.7 s; peak memory 480 MiB.
2026-10-10T02:31:31Z INFO [130/500] 710672ca-1f6c-4511-8b58-816947ee2127: 168 chunks; 2.9 s; peak memory 480 MiB.
2026-10-10T02:31:32Z INFO [131/500] 71069eec-8b6d-4393-8279-379a49ec5321: 48 chunks; 1.2 s; peak memory 480 MiB.
2026-10-10T02:31:33Z INFO [132/500] 71073cc2-7ad7-49d1-a2ff-5134f89f755b: 46 chunks; 1.2 s; peak memory 480 MiB.
2026-10-10T02:31:43Z INFO [133/500] 7107ac2e-7d9b-4aca-be1c-b4de7427b145: 11631 chunks; 10.1 s; peak memory 480 MiB.
2026-10-10T02:31:45Z INFO [134/500] 7107e7e7-0746-41ff-b890-2aac1db411ed: 48 chunks; 1.3 s; peak memory 480 MiB.
2026-10-10T02:31:46Z INFO [135/500] 710842de-add2-47fd-9f82-1edb71e397ac: 62 chunks; 1.7 s; peak memory 480 MiB.
2026-10-10T02:35:59Z INFO [136/500] 71084fe0-c903-46d2-b441-f06e151ec200: 75234 chunks; 252.8 s; peak memory 520 MiB.
2026-10-10T02:36:00Z INFO [137/500] 71091a65-3698-447a-bbbf-c5756d54d00d: 48 chunks; 1.5 s; peak memory 520 MiB.
2026-10-10T02:36:03Z INFO [138/500] 71097669-98b9-4b07-9443-b1e6842e6601: 112 chunks; 2.4 s; peak memory 520 MiB.
2026-10-10T02:36:07Z INFO [139/500] 710a3e0f-4a83-410f-8d16-1c022b0419c5: 126 chunks; 3.8 s; peak memory 520 MiB.
2026-10-10T02:36:10Z INFO [140/500] 710a41c1-2b25-470b-9045-73119fae72a9: 186 chunks; 2.9 s; peak memory 520 MiB.
2026-10-10T02:36:11Z INFO [141/500] 710a5bf0-f939-41e7-b704-d7822152f7f8: 48 chunks; 1.2 s; peak memory 520 MiB.
2026-10-10T02:36:12Z INFO [142/500] 710aa5a6-dab8-4aae-ac7d-1c54ea989596: 49 chunks; 1.5 s; peak memory 520 MiB.
2026-10-10T02:36:14Z INFO [143/500] 710b247f-2051-4c92-aaf7-738df3f0dfb7: 48 chunks; 1.4 s; peak memory 520 MiB.
2026-10-10T02:36:15Z INFO [144/500] 710b46a5-465f-4abe-baa4-b18303f4bedb: 117 chunks; 1.8 s; peak memory 520 MiB.
2026-10-10T02:36:17Z INFO [145/500] 710b482d-94b4-454a-bf24-7a40455e6ed6: 48 chunks; 1.3 s; peak memory 520 MiB.
2026-10-10T02:36:18Z INFO [146/500] 710ba7c1-b59d-49a1-bf2c-2ce8d6224d5a: 117 chunks; 1.5 s; peak memory 520 MiB.
2026-10-10T02:36:20Z INFO [147/500] 710c4628-0f94-404f-acfa-793f21a1118f: 117 chunks; 1.4 s; peak memory 520 MiB.
2026-10-10T02:36:24Z INFO [148/500] 710c4ffa-dd18-46f0-8e65-cd555a3cb38b: 9110 chunks; 4.6 s; peak memory 520 MiB.
2026-10-10T02:36:28Z INFO [149/500] 710d569c-41b6-490b-8796-674058ce0f4d: 2241 chunks; 3.7 s; peak memory 520 MiB.
2026-10-10T02:36:29Z INFO [150/500] 710ef0c5-fe29-4f08-bb97-fa25d93f7a98: 56 chunks; 1.0 s; peak memory 520 MiB.
2026-10-10T02:36:29Z INFO [150/500] 710ef0c5-fe29-4f08-bb97-fa25d93f7a98: checkpointed 101484 new records.
2026-10-10T02:36:40Z INFO [151/500] 71104051-6d8e-4dd9-9f2c-500d29a2ef6e: 1053 chunks; 10.3 s; peak memory 520 MiB.
2026-10-10T02:36:42Z INFO [152/500] 7110d5cb-bce0-4ca4-96a6-f3739b542f2a: 997 chunks; 2.7 s; peak memory 520 MiB.
2026-10-10T02:36:44Z INFO [153/500] 7110dc8f-5313-4f40-8ece-6d5c4815f488: 117 chunks; 1.4 s; peak memory 520 MiB.
2026-10-10T02:36:46Z INFO [154/500] 7111a331-4684-4f17-8e89-232a3b9fc094: 149 chunks; 1.9 s; peak memory 520 MiB.
2026-10-10T02:36:47Z INFO [155/500] 7112e0f6-a51d-4fd9-bcee-d27ba7170e9c: 48 chunks; 1.2 s; peak memory 520 MiB.
2026-10-10T02:36:48Z INFO [156/500] 7113654f-730b-433e-82f0-280999d2055c: 48 chunks; 1.3 s; peak memory 520 MiB.
2026-10-10T02:36:50Z INFO [157/500] 711367b0-a26b-4df3-bedc-ba90de60718a: 117 chunks; 1.5 s; peak memory 520 MiB.
2026-10-10T02:36:51Z INFO [158/500] 71142ff2-7502-41cc-92f4-a3feb035a55b: 59 chunks; 1.6 s; peak memory 520 MiB.
2026-10-10T02:36:52Z INFO [159/500] 7114e995-0473-4adb-9300-5537fcbb95fe: 57 chunks; 1.0 s; peak memory 520 MiB.
2026-10-10T02:36:55Z INFO [160/500] 711637a2-cf19-4e6d-a54e-e9053e189d9f: 144 chunks; 2.3 s; peak memory 520 MiB.
2026-10-10T02:36:59Z INFO [161/500] 71166140-592b-4131-bef9-983df7fcef87: 147 chunks; 4.3 s; peak memory 520 MiB.
2026-10-10T02:37:01Z INFO [162/500] 71167370-b4cc-4399-be11-c61988f0af93: 90 chunks; 2.4 s; peak memory 520 MiB.
2026-10-10T02:37:02Z INFO [163/500] 71167d37-6ec8-4344-9511-b38261b7535c: 48 chunks; 1.2 s; peak memory 520 MiB.
2026-10-10T02:37:06Z INFO [164/500] 7116d8a7-72b8-418e-b284-d83388bf8559: 156 chunks; 3.6 s; peak memory 520 MiB.
2026-10-10T02:37:09Z INFO [165/500] 711703dd-fdd8-4fc6-898a-d1422922a5e9: 115 chunks; 3.0 s; peak memory 520 MiB.
2026-10-10T02:37:19Z INFO [166/500] 71179e53-504c-4430-bc3d-ec60a778769e: 18264 chunks; 9.6 s; peak memory 520 MiB.
2026-10-10T02:37:20Z INFO [167/500] 7117a0a0-e2e1-4b11-8936-3b3f546d6df6: 48 chunks; 1.2 s; peak memory 520 MiB.
2026-10-10T02:39:12Z INFO [168/500] 7117e2c3-5716-43e3-830f-74c4e0531b54: 27094 chunks; 112.2 s; peak memory 520 MiB.
2026-10-10T02:39:13Z INFO [169/500] 7118716b-4493-4fef-9b38-02c68d4e0335: 48 chunks; 1.3 s; peak memory 520 MiB.
2026-10-10T02:39:15Z INFO [170/500] 71196b6a-186d-49be-9ae1-7fedfb97ab7d: 112 chunks; 1.7 s; peak memory 520 MiB.
2026-10-10T02:39:17Z INFO [171/500] 7119ad93-acd6-4143-8e7a-6fc9d2d81b93: 71 chunks; 2.1 s; peak memory 520 MiB.
2026-10-10T02:39:19Z INFO [172/500] 7119b3f2-8a9a-486c-854b-338711967538: 117 chunks; 1.6 s; peak memory 520 MiB.
2026-10-10T02:39:20Z INFO [173/500] 711a31ed-9854-414d-a243-3957ce62f6a9: 48 chunks; 1.4 s; peak memory 520 MiB.
2026-10-10T02:39:21Z INFO [174/500] 711a80a6-1c73-44f1-a2dd-2d3a9d20c859: 48 chunks; 1.2 s; peak memory 520 MiB.
2026-10-10T02:39:24Z INFO [175/500] 711b5d71-6293-4c0d-a2b0-e88afa0a4b0d: 71 chunks; 2.1 s; peak memory 520 MiB.
2026-10-10T02:39:25Z INFO [176/500] 711b6784-1f58-4980-a898-ee2504532160: 39 chunks; 1.2 s; peak memory 520 MiB.
2026-10-10T02:39:26Z INFO [177/500] 711b7e35-190a-4435-8b81-aa0801e26254: 52 chunks; 1.4 s; peak memory 520 MiB.
2026-10-10T02:39:27Z INFO [178/500] 711b80ac-201b-4279-bb84-1404e681d0d2: 46 chunks; 1.3 s; peak memory 520 MiB.
2026-10-10T02:39:51Z INFO [179/500] 711b86a8-2b00-499b-818e-494c441d149c: 6039 chunks; 23.6 s; peak memory 520 MiB.
2026-10-10T02:39:53Z INFO [180/500] 711c74ae-d3ab-4089-a7de-f37c6100eee9: 52 chunks; 1.5 s; peak memory 520 MiB.
2026-10-10T02:39:56Z INFO [181/500] 711d4a7c-cc19-4a4b-ab41-7abb7e60e2aa: 102 chunks; 3.4 s; peak memory 520 MiB.
2026-10-10T02:40:23Z INFO [182/500] 711d6428-c0e2-4637-af0d-8dd76b2e6de5: 4372 chunks; 27.2 s; peak memory 520 MiB.
2026-10-10T02:40:32Z INFO [183/500] 711da3d0-e3c4-4a6a-9c48-dcae9b1a18f5: 23197 chunks; 9.0 s; peak memory 520 MiB.
2026-10-10T02:40:47Z INFO [184/500] 711dffc4-70f4-46eb-b876-e5621051767d: 2856 chunks; 14.5 s; peak memory 520 MiB.
2026-10-10T02:40:48Z INFO [185/500] 711e04b4-c8d4-40d0-8261-d329eaf2e9ff: 46 chunks; 1.2 s; peak memory 520 MiB.
2026-10-10T02:40:49Z INFO [186/500] 711e13e6-b084-4841-b565-debe466621f6: 48 chunks; 1.2 s; peak memory 520 MiB.
2026-10-10T02:40:51Z INFO [187/500] 711f94af-fd4d-402a-85a8-558f8372ee86: 69 chunks; 1.9 s; peak memory 520 MiB.
2026-10-10T02:40:54Z INFO [188/500] 711fc23b-b115-4e85-a76a-1d8d2a66b227: 85 chunks; 3.6 s; peak memory 520 MiB.
2026-10-10T02:41:05Z INFO [189/500] 71203f38-0506-4c1d-a94c-8494a0b1e9d0: 11702 chunks; 11.0 s; peak memory 520 MiB.
2026-10-10T02:41:07Z INFO [190/500] 7120e73f-4135-41ac-b0ff-acd2ac2127b0: 74 chunks; 2.0 s; peak memory 520 MiB.
2026-10-10T02:41:09Z INFO [191/500] 7120fc44-5363-46f6-bbe5-7193d8bfec65: 48 chunks; 1.2 s; peak memory 520 MiB.
2026-10-10T02:41:10Z INFO [192/500] 7122229e-f448-484e-be4d-f6014d6223eb: 48 chunks; 1.2 s; peak memory 520 MiB.
2026-10-10T02:41:11Z INFO [193/500] 7122f4ad-f23b-480d-85ba-3648184b63a7: 48 chunks; 1.3 s; peak memory 520 MiB.
2026-10-10T02:41:13Z INFO [194/500] 71237f23-28e2-4db8-b28e-fee5fa988c83: 76 chunks; 2.3 s; peak memory 520 MiB.
2026-10-10T02:41:15Z INFO [195/500] 712482c4-9992-4165-90f1-21b9b77ef0df: 48 chunks; 1.3 s; peak memory 520 MiB.
2026-10-10T02:41:24Z INFO [196/500] 71249a19-1cba-4a05-95b2-aee8cce6b6ef: 15721 chunks; 9.4 s; peak memory 520 MiB.
2026-10-10T02:41:25Z INFO [197/500] 7126dae4-4b58-441a-a551-127024abd86b: 69 chunks; 1.3 s; peak memory 520 MiB.
2026-10-10T02:41:34Z INFO [198/500] 7126e3ad-cbd1-4355-83f3-040ced5e38fa: 20847 chunks; 8.6 s; peak memory 520 MiB.
2026-10-10T02:41:35Z INFO [199/500] 71274d48-971c-4f27-a389-e452b6a92e02: 51 chunks; 1.1 s; peak memory 520 MiB.
2026-10-10T02:41:38Z INFO [200/500] 71277ead-626d-4420-837b-1be278d3855c: 1085 chunks; 3.2 s; peak memory 520 MiB.
2026-10-10T02:41:39Z INFO [200/500] 71277ead-626d-4420-837b-1be278d3855c: checkpointed 101534 new records.
2026-10-10T02:41:41Z INFO [201/500] 7127a508-92ba-44bd-b0a2-9f9e235285df: 71 chunks; 2.5 s; peak memory 520 MiB.
2026-10-10T02:41:42Z INFO [202/500] 7129a7bd-69be-43b1-a363-e75a4d6527b7: 56 chunks; 1.0 s; peak memory 520 MiB.
2026-10-10T02:41:45Z INFO [203/500] 712a0a70-7f12-41e1-85ad-f5527e9c189d: 119 chunks; 2.5 s; peak memory 520 MiB.
2026-10-10T02:41:46Z INFO [204/500] 712ab0c7-252c-43c1-8f8c-c361f9f7a15b: 109 chunks; 1.2 s; peak memory 520 MiB.
2026-10-10T02:41:50Z INFO [205/500] 712b0971-e9e2-4f00-8c92-835dfc851569: 1775 chunks; 4.0 s; peak memory 520 MiB.
2026-10-10T02:41:51Z INFO [206/500] 712bf785-5ec9-42d2-bda3-2cd3ffdc2d91: 118 chunks; 1.5 s; peak memory 520 MiB.
2026-10-10T02:41:52Z INFO [207/500] 712bf7eb-ad83-45e9-8f94-2c40a359f0ec: 46 chunks; 1.0 s; peak memory 520 MiB.
2026-10-10T02:41:53Z INFO [208/500] 712c4b27-0087-4a69-904e-46a9d0d96b3c: 46 chunks; 1.0 s; peak memory 520 MiB.
2026-10-10T02:41:55Z INFO [209/500] 712c76c4-21f2-461a-ad7e-d8433bab109d: 118 chunks; 1.5 s; peak memory 520 MiB.
2026-10-10T02:41:57Z INFO [210/500] 712ccfab-d0ef-4374-b359-a1a862e0c96d: 112 chunks; 1.8 s; peak memory 520 MiB.
2026-10-10T02:41:58Z INFO [211/500] 712d2da8-2ba4-468a-a928-89d5f695b506: 110 chunks; 1.7 s; peak memory 520 MiB.
2026-10-10T02:42:02Z INFO [212/500] 712d4d04-ac8a-4183-a9ab-7ac2728ad8fd: 119 chunks; 3.3 s; peak memory 520 MiB.
2026-10-10T02:42:03Z INFO [213/500] 712dec8d-baab-41cc-9a32-6f57fe43360c: 131 chunks; 1.3 s; peak memory 520 MiB.
2026-10-10T02:42:09Z INFO [214/500] 712e57b7-4a5b-417e-8bfe-92022084193e: 174 chunks; 6.3 s; peak memory 520 MiB.
2026-10-10T02:42:11Z INFO [215/500] 712e8fe8-c5ff-4520-b2e5-81b3f6d2b102: 112 chunks; 1.9 s; peak memory 520 MiB.
2026-10-10T02:42:13Z INFO [216/500] 712eb5c8-adbb-41ed-895d-a446626e50d6: 66 chunks; 1.9 s; peak memory 520 MiB.
2026-10-10T02:42:14Z INFO [217/500] 712ec1da-d5ed-430e-a826-9eaf9e2ac3ae: 48 chunks; 1.3 s; peak memory 520 MiB.
2026-10-10T02:42:25Z INFO [218/500] 712f98bf-42f9-4ba5-a561-8dc4a88e9c78: 5840 chunks; 10.2 s; peak memory 520 MiB.
2026-10-10T02:42:28Z INFO [219/500] 712fc68b-b4f8-44e0-919b-1b88988230d3: 293 chunks; 3.8 s; peak memory 520 MiB.
2026-10-10T02:42:31Z INFO [220/500] 713071b0-edac-4994-9ef5-fbbec6fdb740: 41 chunks; 2.5 s; peak memory 520 MiB.
2026-10-10T02:42:33Z INFO [221/500] 713156ed-3bbc-4cdb-a6bd-09e8a5cc8371: 119 chunks; 2.6 s; peak memory 520 MiB.
2026-10-10T02:42:35Z INFO [222/500] 7131c224-5cf6-4bf0-a7eb-5ffededfd0cf: 92 chunks; 1.7 s; peak memory 520 MiB.
2026-10-10T02:42:37Z INFO [223/500] 713248ae-e9ab-43c7-ad1f-b6d87bbc4c1c: 52 chunks; 1.4 s; peak memory 520 MiB.
2026-10-10T02:42:38Z INFO [224/500] 71326f8e-f82a-4e90-b5a6-2b2a8601c750: 46 chunks; 1.3 s; peak memory 520 MiB.
2026-10-10T02:42:40Z INFO [225/500] 7132e9ad-4c74-41a3-9432-67df83fb4724: 117 chunks; 1.7 s; peak memory 520 MiB.
2026-10-10T02:42:41Z INFO [226/500] 7132f034-e743-4390-af7a-4e4e9ad4273c: 112 chunks; 1.7 s; peak memory 520 MiB.
2026-10-10T02:42:43Z INFO [227/500] 71338f06-5e6f-4e62-8016-b65b3424e039: 112 chunks; 2.0 s; peak memory 520 MiB.
2026-10-10T02:42:52Z INFO [228/500] 71339dfc-f4c0-4098-aa08-3c7e23375e2a: 9219 chunks; 8.5 s; peak memory 520 MiB.
2026-10-10T02:42:53Z INFO [229/500] 71346738-c02e-4382-8f24-39b65bef818d: 118 chunks; 1.6 s; peak memory 520 MiB.
2026-10-10T02:42:55Z INFO [230/500] 713568f8-bdbf-45ed-944f-ac719df580e3: 70 chunks; 2.1 s; peak memory 520 MiB.
2026-10-10T02:43:49Z INFO [231/500] 7135a34e-7b77-4ad7-aa84-3d73a9f1b758: 7009 chunks; 53.9 s; peak memory 520 MiB.
2026-10-10T02:43:51Z INFO [232/500] 7135e4db-a97c-4fb1-bb77-4fbb84e3717d: 117 chunks; 1.7 s; peak memory 520 MiB.
2026-10-10T02:44:09Z INFO [233/500] 7136a742-669e-4c7f-8e13-4728aeb298bc: 5681 chunks; 18.2 s; peak memory 520 MiB.
2026-10-10T02:44:16Z INFO [234/500] 71378f3f-e69c-4bb7-b363-ffc99a54adfe: 13074 chunks; 6.9 s; peak memory 520 MiB.
2026-10-10T02:44:33Z INFO [235/500] 7137c99c-c655-40d8-b6e1-02038889fafc: 8229 chunks; 17.4 s; peak memory 520 MiB.
2026-10-10T02:44:35Z INFO [236/500] 7138a72f-c1b7-4327-941b-8c15fe6478c5: 117 chunks; 1.7 s; peak memory 520 MiB.
2026-10-10T02:44:38Z INFO [237/500] 7138f056-4552-4951-94cb-f0714dc19ec6: 115 chunks; 2.9 s; peak memory 520 MiB.
2026-10-10T02:44:40Z INFO [238/500] 71394c5d-cf12-43fc-a13b-8ebfaa5009a4: 110 chunks; 2.1 s; peak memory 520 MiB.
2026-10-10T02:44:48Z INFO [239/500] 7139ee3a-27fe-43da-80a8-0aaae57e7d99: 2923 chunks; 8.0 s; peak memory 520 MiB.
2026-10-10T02:44:49Z INFO [240/500] 713a4bf7-5997-469e-be08-b06f6b9e27f8: 62 chunks; 1.1 s; peak memory 520 MiB.
2026-10-10T02:44:55Z INFO [241/500] 713a62da-8e53-42df-a67f-8f0e27340739: 356 chunks; 5.8 s; peak memory 520 MiB.
2026-10-10T02:44:57Z INFO [242/500] 713af11f-82b3-4fb5-9d9b-069f843d199b: 112 chunks; 1.8 s; peak memory 520 MiB.
2026-10-10T02:44:58Z INFO [243/500] 713b31b6-9311-4e73-93e8-1045b4bc3735: 118 chunks; 1.5 s; peak memory 520 MiB.
2026-10-10T02:44:59Z INFO [244/500] 713b39da-915b-4e0c-861e-a401ea79c15e: 46 chunks; 1.0 s; peak memory 520 MiB.
2026-10-10T02:45:01Z INFO [245/500] 713c0252-fe51-4e75-8b8a-2f6032a09d3e: 112 chunks; 1.7 s; peak memory 520 MiB.
2026-10-10T02:45:03Z INFO [246/500] 713c109b-f43d-4747-ba32-3824aec3fd8a: 119 chunks; 2.4 s; peak memory 520 MiB.
2026-10-10T02:45:05Z INFO [247/500] 713c6e7c-7cbb-4828-8840-6e0f929ecee6: 48 chunks; 1.3 s; peak memory 520 MiB.
2026-10-10T02:45:06Z INFO [248/500] 713ca031-09cd-4f14-a794-a1ec6906cfed: 48 chunks; 1.3 s; peak memory 520 MiB.
2026-10-10T02:45:08Z INFO [249/500] 713cfa25-2263-42db-a245-490b3b93ac8d: 119 chunks; 2.3 s; peak memory 520 MiB.
2026-10-10T02:45:10Z INFO [250/500] 713d16de-93ca-4050-bb90-42b998cdeaf8: 48 chunks; 1.3 s; peak memory 520 MiB.
2026-10-10T02:45:10Z INFO [250/500] 713d16de-93ca-4050-bb90-42b998cdeaf8: checkpointed 101584 new records.
2026-10-10T02:45:12Z INFO [251/500] 713d40fa-c8a3-48b1-ae4b-6efe74eaaaed: 293 chunks; 2.4 s; peak memory 520 MiB.
2026-10-10T02:45:15Z INFO [252/500] 713d5413-e78f-405c-964c-37552765e3d0: 121 chunks; 2.8 s; peak memory 520 MiB.
2026-10-10T02:45:17Z INFO [253/500] 713f8b89-c544-46df-be48-c53031132ae5: 110 chunks; 1.4 s; peak memory 520 MiB.
2026-10-10T02:45:25Z INFO [254/500] 713fcbb1-6a78-42bb-bb19-03a55aadd0f2: 4151 chunks; 8.0 s; peak memory 520 MiB.
2026-10-10T02:45:26Z INFO [255/500] 71402f4f-7a6d-414f-9e97-58e52fd9c260: 112 chunks; 1.5 s; peak memory 520 MiB.
2026-10-10T02:45:28Z INFO [256/500] 71406e3d-a843-4164-921d-a0d367df147f: 51 chunks; 1.8 s; peak memory 520 MiB.
2026-10-10T02:45:29Z INFO [257/500] 7141c139-85e3-461b-8c8c-714c8e5e81f9: 69 chunks; 1.1 s; peak memory 520 MiB.
2026-10-10T02:45:31Z INFO [258/500] 7141cc4d-5ca1-43be-9767-ada983cfa721: 112 chunks; 1.7 s; peak memory 520 MiB.
2026-10-10T02:45:37Z INFO [259/500] 7142083f-0393-40b8-b922-f81212c29aa4: 1252 chunks; 6.7 s; peak memory 520 MiB.
2026-10-10T02:45:47Z INFO [260/500] 7142119b-4c12-44a0-932a-ab072f91295b: 5443 chunks; 10.1 s; peak memory 520 MiB.
2026-10-10T02:45:50Z INFO [261/500] 7143033e-e617-489b-85f0-a46128406786: 937 chunks; 2.2 s; peak memory 520 MiB.
2026-10-10T02:45:51Z INFO [262/500] 714403da-ffd1-4b76-a769-93a8077207cf: 117 chunks; 1.5 s; peak memory 520 MiB.
2026-10-10T02:45:53Z INFO [263/500] 71450534-fb28-4d02-b127-a02ab2642125: 112 chunks; 1.6 s; peak memory 520 MiB.
2026-10-10T02:46:03Z INFO [264/500] 71454784-2fd9-47cf-b940-aa695a3df9e9: 391 chunks; 10.6 s; peak memory 520 MiB.
2026-10-10T02:46:05Z INFO [265/500] 7145fc05-ea38-4d02-b0fa-ab9f28b85d57: 64 chunks; 1.7 s; peak memory 520 MiB.
2026-10-10T02:46:09Z INFO [266/500] 7146771d-9588-43fb-a3eb-575024d5c6a1: 133 chunks; 3.7 s; peak memory 520 MiB.
2026-10-10T02:46:10Z INFO [267/500] 7146a354-c4fd-435a-bafd-6474f43c8dd3: 21 chunks; 1.0 s; peak memory 520 MiB.
2026-10-10T02:46:11Z INFO [268/500] 7146f35c-f550-4767-a226-37ae119e155d: 56 chunks; 1.0 s; peak memory 520 MiB.
2026-10-10T02:46:12Z INFO [269/500] 7147e756-8fcc-41ec-92a6-2e9e44e76f41: 48 chunks; 1.2 s; peak memory 520 MiB.
2026-10-10T02:46:14Z INFO [270/500] 71480984-2cc0-4d99-ab88-c97deec8f169: 117 chunks; 1.9 s; peak memory 520 MiB.
2026-10-10T02:46:15Z INFO [271/500] 714848ac-30a7-45d7-a465-3e28237c7d5a: 48 chunks; 1.3 s; peak memory 520 MiB.
2026-10-10T02:46:17Z INFO [272/500] 7148f4d8-87b5-4ff9-a668-8d9dcf921c85: 117 chunks; 1.5 s; peak memory 520 MiB.
2026-10-10T02:46:18Z INFO [273/500] 71496940-92af-413f-af23-d4181b56cb40: 48 chunks; 1.3 s; peak memory 520 MiB.
2026-10-10T02:46:19Z INFO [274/500] 714a34d3-54e3-49f1-bb22-75b89604ed92: 118 chunks; 1.4 s; peak memory 520 MiB.
2026-10-10T02:46:21Z INFO [275/500] 714b6ea9-ad3f-4170-bf49-77a4bf283332: 48 chunks; 1.2 s; peak memory 520 MiB.
2026-10-10T02:46:26Z INFO [276/500] 714bf1b9-4226-4f1c-9837-a3c3422f6b0f: 2859 chunks; 5.0 s; peak memory 520 MiB.
2026-10-10T02:46:27Z INFO [277/500] 714c1062-3e11-4027-aadf-4c90f8158f23: 52 chunks; 1.3 s; peak memory 520 MiB.
2026-10-10T02:46:28Z INFO [278/500] 714c4a53-5f93-4a3d-bf32-390664090552: 117 chunks; 1.4 s; peak memory 520 MiB.
2026-10-10T02:46:31Z INFO [279/500] 714d19a2-1a6c-4cab-ae38-5d4379b60118: 114 chunks; 2.6 s; peak memory 520 MiB.
2026-10-10T02:46:33Z INFO [280/500] 714d2137-565c-447d-acc8-5a00f7353f5f: 289 chunks; 1.9 s; peak memory 520 MiB.
2026-10-10T02:46:35Z INFO [281/500] 714d2f48-99d9-4f06-a5d4-f4c057d19692: 71 chunks; 2.5 s; peak memory 520 MiB.
2026-10-10T02:46:37Z INFO [282/500] 714e3e5f-1a6e-4faa-8054-3dfbed1c803e: 118 chunks; 1.4 s; peak memory 520 MiB.
2026-10-10T02:46:38Z INFO [283/500] 714e550e-0f85-4cc1-8dd5-833cd8f817c3: 48 chunks; 1.3 s; peak memory 520 MiB.
2026-10-10T02:46:39Z INFO [284/500] 714ea18e-804f-4614-8b55-f66a49d04ef7: 58 chunks; 1.1 s; peak memory 520 MiB.
2026-10-10T02:46:41Z INFO [285/500] 714ec0b0-603e-4460-ba5e-8b5d1c71d8f3: 46 chunks; 1.4 s; peak memory 520 MiB.
2026-10-10T02:46:42Z INFO [286/500] 714ec5a2-fc07-491a-8f0a-c3ee0b54bb38: 48 chunks; 1.3 s; peak memory 520 MiB.
2026-10-10T02:46:44Z INFO [287/500] 714f79e7-19f6-420f-bac5-d689459b0e74: 69 chunks; 1.7 s; peak memory 520 MiB.
2026-10-10T02:46:46Z INFO [288/500] 71500a27-6ccc-4bc4-a53e-7805eb8b456e: 71 chunks; 2.7 s; peak memory 520 MiB.
2026-10-10T02:46:48Z INFO [289/500] 71506763-29d7-48bc-abfe-4943e225aa33: 118 chunks; 1.5 s; peak memory 520 MiB.
2026-10-10T02:46:55Z INFO [290/500] 71506d1c-647b-478a-8e8b-42919e52d776: 2923 chunks; 7.4 s; peak memory 520 MiB.
2026-10-10T02:46:57Z INFO [291/500] 71507eda-dbf7-40af-a0ae-826e91e5bfb5: 117 chunks; 1.5 s; peak memory 520 MiB.
2026-10-10T02:46:58Z INFO [292/500] 715082d8-3a6a-4451-825c-646fafc4e29d: 48 chunks; 1.3 s; peak memory 520 MiB.
2026-10-10T02:47:05Z INFO [293/500] 7150e1f9-50fc-41fc-9571-1f47b8e970aa: 2923 chunks; 7.1 s; peak memory 520 MiB.
2026-10-10T02:47:07Z INFO [294/500] 7151413c-9cb7-4934-a766-0ab9bade4ab4: 71 chunks; 1.9 s; peak memory 520 MiB.
2026-10-10T02:47:09Z INFO [295/500] 715193a5-4be5-4987-b06e-07fad51d949d: 116 chunks; 1.5 s; peak memory 520 MiB.
2026-10-10T02:47:19Z INFO [296/500] 71524801-f99b-4bc1-8c50-72c224b50726: 18526 chunks; 10.3 s; peak memory 520 MiB.
2026-10-10T02:47:20Z INFO [297/500] 7152efab-7a13-4c58-bb74-27299bcdae5c: 48 chunks; 1.4 s; peak memory 520 MiB.
2026-10-10T02:47:21Z INFO [298/500] 7153583a-c5e7-4dd7-b09c-0f253a70416a: 43 chunks; 1.2 s; peak memory 520 MiB.
2026-10-10T02:47:23Z INFO [299/500] 7153e9b6-2832-4035-bbdf-a736235f21f0: 112 chunks; 1.7 s; peak memory 520 MiB.
2026-10-10T02:47:27Z INFO [300/500] 715438c9-2f47-43bd-af70-5dfa9b5ad8aa: 237 chunks; 4.2 s; peak memory 520 MiB.
2026-10-10T02:47:28Z INFO [300/500] 715438c9-2f47-43bd-af70-5dfa9b5ad8aa: checkpointed 101634 new records.
2026-10-10T02:47:29Z INFO [301/500] 715653d6-ade9-4b90-9fcd-d8028e92f013: 41 chunks; 1.2 s; peak memory 520 MiB.
2026-10-10T02:47:30Z INFO [302/500] 7156cf74-d526-4e9b-9b31-b2f34d2eed55: 48 chunks; 1.3 s; peak memory 520 MiB.
2026-10-10T02:47:36Z INFO [303/500] 71579fe2-7092-45c5-b318-f2fd9509151f: 734 chunks; 6.4 s; peak memory 520 MiB.
2026-10-10T02:47:38Z INFO [304/500] 7157c881-918d-4935-b9c4-2ce5b1f8bfda: 118 chunks; 1.4 s; peak memory 520 MiB.
2026-10-10T02:47:39Z INFO [305/500] 7157cfd5-6bda-4909-b534-7cdd0b8c13f3: 69 chunks; 1.5 s; peak memory 520 MiB.
2026-10-10T02:47:41Z INFO [306/500] 71582b67-e149-44c2-8fc4-5f91bd2428d1: 48 chunks; 1.2 s; peak memory 520 MiB.
2026-10-10T02:47:47Z INFO [307/500] 71585ad4-133e-4756-acd8-2b27a110f622: 305 chunks; 6.2 s; peak memory 520 MiB.
2026-10-10T02:47:50Z INFO [308/500] 7158a614-6d73-4726-82b1-340f38f6313b: 564 chunks; 3.0 s; peak memory 520 MiB.
2026-10-10T02:47:51Z INFO [309/500] 7158d8ae-2460-42ad-88bb-d9c95df6540f: 112 chunks; 1.6 s; peak memory 520 MiB.
2026-10-10T02:47:53Z INFO [310/500] 71591fae-46ff-44fd-838a-84bfc58cb302: 51 chunks; 1.8 s; peak memory 520 MiB.
2026-10-10T02:47:55Z INFO [311/500] 71597e0e-fdcf-4841-af1e-c98837c0a16c: 111 chunks; 2.0 s; peak memory 520 MiB.
2026-10-10T02:47:58Z INFO [312/500] 7159a4af-5404-43e1-b71f-c600a31a0927: 119 chunks; 2.4 s; peak memory 520 MiB.
2026-10-10T02:47:59Z INFO [313/500] 7159c3dc-fe63-4b02-b74f-c4f1821aca60: 117 chunks; 1.5 s; peak memory 520 MiB.
2026-10-10T02:48:01Z INFO [314/500] 715a3142-9e3c-426d-92c3-2dbf733e1a20: 117 chunks; 1.6 s; peak memory 520 MiB.
2026-10-10T02:48:02Z INFO [315/500] 715a9461-0d82-44ee-94a7-887818693a41: 51 chunks; 1.0 s; peak memory 520 MiB.
2026-10-10T02:48:04Z INFO [316/500] 715ab053-cb17-4f37-ab08-2e608882b178: 58 chunks; 2.0 s; peak memory 520 MiB.
2026-10-10T02:48:06Z INFO [317/500] 715ad3f7-d570-499b-b8c1-c0ad85fd05a8: 155 chunks; 2.3 s; peak memory 520 MiB.
2026-10-10T02:48:13Z INFO [318/500] 715ad49e-2d30-4c7f-a5e8-8df88aaa5d95: 10420 chunks; 6.9 s; peak memory 520 MiB.
2026-10-10T02:48:15Z INFO [319/500] 715aec76-6baf-4729-9430-7711d5a53e54: 112 chunks; 2.0 s; peak memory 520 MiB.
2026-10-10T02:48:21Z INFO [320/500] 715b0438-24ac-4493-bdb5-5fe6f410e188: 4324 chunks; 6.5 s; peak memory 520 MiB.
2026-10-10T02:49:58Z INFO [321/500] 715b1034-d403-4534-b5c2-b01d2b49242f: 10966 chunks; 96.2 s; peak memory 520 MiB.
2026-10-10T02:50:18Z INFO [322/500] 715cb31d-3cb3-4640-959c-3942d15706db: 11858 chunks; 20.3 s; peak memory 520 MiB.
2026-10-10T02:54:08Z INFO [323/500] 715d50c5-53ce-4c52-84ff-6de51b073035: 98564 chunks; 230.7 s; peak memory 600 MiB.
2026-10-10T02:54:10Z INFO [324/500] 715d5d97-aa10-40ca-b893-b76144e0fd7b: 41 chunks; 1.1 s; peak memory 600 MiB.
2026-10-10T02:54:11Z INFO [325/500] 715d911d-9d57-414a-bcae-f50edf5a8597: 47 chunks; 1.3 s; peak memory 600 MiB.
2026-10-10T02:54:27Z INFO [326/500] 715d9559-f90e-4a81-9704-d8da067ebef6: 4622 chunks; 16.4 s; peak memory 600 MiB.
2026-10-10T02:54:29Z INFO [327/500] 715d97d4-b60c-4ce0-a81a-ac51113a9776: 41 chunks; 1.2 s; peak memory 600 MiB.
2026-10-10T02:54:30Z INFO [328/500] 715e1718-d7e6-4474-ae1c-d6dfb0440427: 48 chunks; 1.2 s; peak memory 600 MiB.
2026-10-10T02:54:31Z INFO [329/500] 715eb170-f6a4-4290-9aff-8f1875410cf1: 118 chunks; 1.4 s; peak memory 600 MiB.
2026-10-10T02:54:33Z INFO [330/500] 715f90e4-3c4b-427a-bdd2-42f4936832b4: 62 chunks; 1.8 s; peak memory 600 MiB.
2026-10-10T02:54:46Z INFO [331/500] 716030ce-5bf4-40cb-b8f7-025e76cc5076: 16263 chunks; 12.7 s; peak memory 600 MiB.
2026-10-10T02:54:55Z INFO [332/500] 716095ff-a9c2-4955-9660-7c1e631c5c6b: 306 chunks; 9.0 s; peak memory 600 MiB.
2026-10-10T02:54:56Z INFO [333/500] 7160d4e0-c31a-4302-bcd7-4e1f5e5ed767: 48 chunks; 1.3 s; peak memory 600 MiB.
2026-10-10T02:54:57Z INFO [334/500] 7161000b-2fc8-4402-987e-4c109a70c3f2: 51 chunks; 1.2 s; peak memory 600 MiB.
2026-10-10T02:54:59Z INFO [335/500] 71618fa7-d25f-4b44-985a-e0e7c799c301: 70 chunks; 2.0 s; peak memory 600 MiB.
2026-10-10T02:55:01Z INFO [336/500] 71620cd3-3538-4890-9e19-5dcaa163f659: 48 chunks; 1.4 s; peak memory 600 MiB.
2026-10-10T02:55:02Z INFO [337/500] 71623322-e729-4de9-b5e6-b9f01a06c310: 118 chunks; 1.5 s; peak memory 600 MiB.
2026-10-10T02:55:04Z INFO [338/500] 71628975-452c-4548-ad18-9d757f521283: 112 chunks; 1.8 s; peak memory 600 MiB.
2026-10-10T02:55:05Z INFO [339/500] 7163370b-6bc0-4952-a46d-c8cda29f80c4: 62 chunks; 1.6 s; peak memory 600 MiB.
2026-10-10T02:55:14Z INFO [340/500] 71638d4c-0397-448f-89b6-6f2d067d30c6: 9169 chunks; 8.6 s; peak memory 600 MiB.
2026-10-10T02:55:20Z INFO [341/500] 7163df7b-8a32-41e0-9d93-4b64e17b2810: 3224 chunks; 6.1 s; peak memory 600 MiB.
2026-10-10T02:55:22Z INFO [342/500] 7163f7ce-ff6e-419c-8b48-1b5f5cda0c2d: 116 chunks; 1.6 s; peak memory 600 MiB.
2026-10-10T02:55:23Z INFO [343/500] 71646029-eb85-483b-ac57-656fb513fc5e: 48 chunks; 1.2 s; peak memory 600 MiB.
2026-10-10T02:55:26Z INFO [344/500] 71677a69-af3a-4646-91e7-7c1572d3b053: 114 chunks; 3.0 s; peak memory 600 MiB.
2026-10-10T02:55:28Z INFO [345/500] 7168b1b1-188d-4b3d-b1ea-9f496dc68789: 112 chunks; 2.0 s; peak memory 600 MiB.
2026-10-10T02:55:29Z INFO [346/500] 7168e2c3-93b0-40cd-a44c-46333c9e0411: 116 chunks; 1.5 s; peak memory 600 MiB.
2026-10-10T02:55:31Z INFO [347/500] 7169780f-1d8c-495e-ab30-c48de188805f: 117 chunks; 1.4 s; peak memory 600 MiB.
2026-10-10T02:55:32Z INFO [348/500] 716a3096-a4fb-4361-aa13-f3398a1a4285: 46 chunks; 0.9 s; peak memory 600 MiB.
2026-10-10T02:55:33Z INFO [349/500] 716a4395-1478-4d7a-8807-c828f838ca05: 31 chunks; 1.0 s; peak memory 600 MiB.
2026-10-10T02:55:34Z INFO [350/500] 716ac07e-d2e3-492c-96fa-4a4235f6b730: 48 chunks; 1.2 s; peak memory 600 MiB.
2026-10-10T02:55:34Z INFO [350/500] 716ac07e-d2e3-492c-96fa-4a4235f6b730: checkpointed 101684 new records.
2026-10-10T02:55:38Z INFO [351/500] 716b889d-22b6-4c2a-ba4e-7b339423a53a: 158 chunks; 3.4 s; peak memory 600 MiB.
2026-10-10T02:57:52Z INFO [352/500] 716c7285-92f0-437f-8742-117203f6c484: 40316 chunks; 134.6 s; peak memory 600 MiB.
2026-10-10T02:57:54Z INFO [353/500] 716c8487-ab5d-4e45-ae95-fb32bee25e20: 114 chunks; 1.2 s; peak memory 600 MiB.
2026-10-10T02:57:55Z INFO [354/500] 716d92d2-b439-4460-a678-5f8b82b1131a: 112 chunks; 1.6 s; peak memory 600 MiB.
2026-10-10T02:57:56Z INFO [355/500] 716da1cc-2b85-435b-88be-8d5879f25cb9: 48 chunks; 1.2 s; peak memory 600 MiB.
2026-10-10T02:57:58Z INFO [356/500] 716ea9da-f574-45ac-8e60-8e4d3ecbad22: 116 chunks; 1.6 s; peak memory 600 MiB.
2026-10-10T02:57:59Z INFO [357/500] 716f14a4-e646-4c21-99ee-51dc518d61b8: 52 chunks; 1.4 s; peak memory 600 MiB.
2026-10-10T02:58:01Z INFO [358/500] 716ff419-2e09-44ae-bf0a-ca58a3a6a0e1: 49 chunks; 1.8 s; peak memory 600 MiB.
2026-10-10T02:58:03Z INFO [359/500] 7170ae23-c58b-4879-8191-11899ef47bd7: 117 chunks; 1.4 s; peak memory 600 MiB.
2026-10-10T02:58:05Z INFO [360/500] 7170e5fc-ecf2-4f37-af07-c61635c7c887: 66 chunks; 1.9 s; peak memory 600 MiB.
2026-10-10T02:58:06Z INFO [361/500] 717146bc-a5e2-42ec-9688-0ca57fe200c6: 116 chunks; 1.7 s; peak memory 600 MiB.
2026-10-10T02:58:08Z INFO [362/500] 71714cc5-ae98-43a4-af86-9951bd0973bb: 119 chunks; 2.3 s; peak memory 600 MiB.
2026-10-10T02:58:11Z INFO [363/500] 717165e5-36a0-4d42-8926-8ae139a0812a: 71 chunks; 2.0 s; peak memory 600 MiB.
2026-10-10T02:58:14Z INFO [364/500] 7171e71b-12dc-4c60-b3e8-2d0fe905cd86: 116 chunks; 3.1 s; peak memory 600 MiB.
2026-10-10T02:58:15Z INFO [365/500] 71722f06-b70f-434f-ad56-40546066ab00: 48 chunks; 1.3 s; peak memory 600 MiB.
2026-10-10T02:58:18Z INFO [366/500] 717285f9-a525-445b-84c4-8978ef8732d0: 115 chunks; 3.1 s; peak memory 600 MiB.
2026-10-10T02:58:19Z INFO [367/500] 71729856-6e27-47ce-9348-33b60d57ebea: 48 chunks; 1.3 s; peak memory 600 MiB.
2026-10-10T02:58:21Z INFO [368/500] 7172df36-1932-4b66-8a7e-fd64a2cbefec: 112 chunks; 2.2 s; peak memory 600 MiB.
2026-10-10T02:58:23Z INFO [369/500] 71734711-c490-41e3-9d6d-48739ecdf017: 90 chunks; 1.5 s; peak memory 600 MiB.
2026-10-10T02:58:25Z INFO [370/500] 7173b8f7-ad68-4ace-bbbd-6176ca3a8dff: 67 chunks; 2.1 s; peak memory 600 MiB.
2026-10-10T02:58:26Z INFO [371/500] 71753188-2b69-402d-acdf-d3045c06e9e2: 116 chunks; 1.4 s; peak memory 600 MiB.
2026-10-10T02:58:28Z INFO [372/500] 71765384-f2d7-4f47-9bd7-dca46ee85b0c: 48 chunks; 1.4 s; peak memory 600 MiB.
2026-10-10T02:58:34Z INFO [373/500] 7176978e-07a1-4817-a339-80d97f131c24: 9231 chunks; 6.6 s; peak memory 600 MiB.
2026-10-10T02:58:37Z INFO [374/500] 7176e824-eb50-428c-a22a-4161cf165d92: 136 chunks; 2.5 s; peak memory 600 MiB.
2026-10-10T02:58:38Z INFO [375/500] 71788a4e-27a5-4641-aeb6-b2df46eb0e63: 110 chunks; 1.5 s; peak memory 600 MiB.
2026-10-10T02:58:40Z INFO [376/500] 7178cc0f-8fb9-4970-8ed0-df324a9087b6: 118 chunks; 1.5 s; peak memory 600 MiB.
2026-10-10T02:58:42Z INFO [377/500] 71796918-067e-4101-9368-950a517b0cf9: 110 chunks; 1.9 s; peak memory 600 MiB.
2026-10-10T02:58:43Z INFO [378/500] 717a11fd-93d2-4f27-b3a7-565d73af76fa: 112 chunks; 1.6 s; peak memory 600 MiB.
2026-10-10T02:58:44Z INFO [379/500] 717a266e-085e-45ab-b225-720055f421ce: 48 chunks; 1.2 s; peak memory 600 MiB.
2026-10-10T02:58:46Z INFO [380/500] 717a8bfd-53a9-4cff-b6f7-aba04c90df71: 117 chunks; 1.4 s; peak memory 600 MiB.
2026-10-10T02:58:47Z INFO [381/500] 717b7cf1-70c0-4683-98a2-83efff0d9ddf: 48 chunks; 1.1 s; peak memory 600 MiB.
2026-10-10T02:58:49Z INFO [382/500] 717c6dda-87a2-40af-8c32-2a962c5e3db5: 117 chunks; 1.6 s; peak memory 600 MiB.
2026-10-10T02:58:51Z INFO [383/500] 717c7d7a-af01-4e5f-8d23-3da814ccc382: 66 chunks; 2.6 s; peak memory 600 MiB.
2026-10-10T02:58:52Z INFO [384/500] 717c9608-1bf1-47ea-a294-b8b5ace66846: 41 chunks; 1.3 s; peak memory 600 MiB.
2026-10-10T02:58:54Z INFO [385/500] 717cef3d-6628-4182-b154-4b4b9fae82b6: 48 chunks; 1.3 s; peak memory 600 MiB.
2026-10-10T02:58:55Z INFO [386/500] 717dd332-8138-4d0b-b4c3-52ab1e3972c3: 65 chunks; 1.3 s; peak memory 600 MiB.
2026-10-10T02:58:57Z INFO [387/500] 717de7fe-2573-45b2-b3f1-aa8a31744f1a: 65 chunks; 1.7 s; peak memory 600 MiB.
2026-10-10T02:58:59Z INFO [388/500] 717e51ab-6d8e-4245-943e-b98a62781ee3: 117 chunks; 2.3 s; peak memory 600 MiB.
2026-10-10T02:59:00Z INFO [389/500] 717f8f18-8d6b-4c86-976c-f8eb1fab1fff: 48 chunks; 1.2 s; peak memory 600 MiB.
2026-10-10T02:59:22Z INFO [390/500] 717fc3e9-a2d4-43f5-b124-9e298d2fc9ab: 24561 chunks; 22.2 s; peak memory 600 MiB.
2026-10-10T02:59:27Z INFO [391/500] 717fe13f-f68b-460b-8c77-62bfc92fb980: 2617 chunks; 4.7 s; peak memory 600 MiB.
2026-10-10T03:19:17Z INFO [392/500] 71800ee4-e1b8-4a6b-b484-d9296bb3e4bc: 394948 chunks; 1190.2 s; peak memory 1221 MiB.
2026-10-10T03:19:19Z INFO [393/500] 71803217-f1e9-4923-815f-c023f2238256: 112 chunks; 1.9 s; peak memory 1221 MiB.
2026-10-10T03:19:21Z INFO [394/500] 71807a52-dbfb-4e83-b11d-87bc1df2eb2a: 48 chunks; 1.2 s; peak memory 1221 MiB.
2026-10-10T03:21:37Z INFO [395/500] 7180d257-d578-4622-9cfe-6a1f19bad165: 40587 chunks; 136.4 s; peak memory 1221 MiB.
2026-10-10T03:21:38Z INFO [396/500] 7181c055-c81c-439a-b955-68c1945f04f0: 48 chunks; 1.3 s; peak memory 1221 MiB.
2026-10-10T03:21:40Z INFO [397/500] 7181efb8-3f0c-402a-aacd-2a223a13e156: 117 chunks; 1.5 s; peak memory 1221 MiB.
2026-10-10T03:21:41Z INFO [398/500] 7182daef-303f-4ebc-bae7-d407da9310b4: 46 chunks; 1.3 s; peak memory 1221 MiB.
2026-10-10T03:21:43Z INFO [399/500] 71834553-faa9-4c48-97c9-ca45ff1ea089: 103 chunks; 2.1 s; peak memory 1221 MiB.
2026-10-10T03:21:45Z INFO [400/500] 71834fee-31af-45d7-a66a-3a375c3f7d2f: 48 chunks; 1.3 s; peak memory 1221 MiB.
2026-10-10T03:21:45Z INFO [400/500] 71834fee-31af-45d7-a66a-3a375c3f7d2f: checkpointed 101734 new records.
2026-10-10T03:21:47Z INFO [401/500] 718353c6-6424-44da-8e44-68fe1fa68f60: 112 chunks; 1.7 s; peak memory 1221 MiB.
2026-10-10T03:21:49Z INFO [402/500] 7184b4e0-a932-4cb8-93c2-e2aa56093a40: 275 chunks; 1.9 s; peak memory 1221 MiB.
2026-10-10T03:21:51Z INFO [403/500] 7184bba2-19c6-40a9-96a0-8f61ab348f97: 90 chunks; 2.9 s; peak memory 1221 MiB.
2026-10-10T03:22:10Z INFO [404/500] 7184c2fb-c968-4df2-9d37-52140e13dce9: 14767 chunks; 18.9 s; peak memory 1221 MiB.
2026-10-10T03:22:27Z INFO [405/500] 71852a8b-eebe-408c-8b3c-020f3889d7cc: 20788 chunks; 16.3 s; peak memory 1221 MiB.
2026-10-10T03:24:39Z INFO [406/500] 71854d07-3517-4db8-b83f-e59f49b5df8a: 38255 chunks; 132.0 s; peak memory 1221 MiB.
2026-10-10T03:24:40Z INFO [407/500] 71856a25-afea-4f84-9157-7382fef48f22: 117 chunks; 1.6 s; peak memory 1221 MiB.
2026-10-10T03:24:42Z INFO [408/500] 71857ac6-2f9e-4599-afab-475f94831872: 71 chunks; 1.9 s; peak memory 1221 MiB.
2026-10-10T03:24:43Z INFO [409/500] 71878089-7a63-4731-9ecd-d5ecda851413: 62 chunks; 1.4 s; peak memory 1221 MiB.
2026-10-10T03:24:48Z INFO [410/500] 71884a68-23b6-4747-8d18-11d25a73240e: 7095 chunks; 4.9 s; peak memory 1221 MiB.
2026-10-10T03:24:50Z INFO [411/500] 71884be5-4160-4e2c-8c9f-a7e0bdc1edd3: 63 chunks; 1.2 s; peak memory 1221 MiB.
2026-10-10T03:25:01Z INFO [412/500] 718860c0-7811-4ef0-9fed-219255385931: 6668 chunks; 11.4 s; peak memory 1221 MiB.
2026-10-10T03:25:02Z INFO [413/500] 71890c6e-c810-4c97-b49a-2c1f1389636d: 45 chunks; 1.0 s; peak memory 1221 MiB.
2026-10-10T03:25:05Z INFO [414/500] 718a1d17-371d-4fd4-90c3-c0907a7288b2: 155 chunks; 2.6 s; peak memory 1221 MiB.
2026-10-10T03:25:06Z INFO [415/500] 718a7a21-c296-49bc-8438-ae5a87e0013e: 49 chunks; 1.2 s; peak memory 1221 MiB.
2026-10-10T03:25:08Z INFO [416/500] 718b31c3-21bd-4434-a08d-65613db7d55a: 112 chunks; 2.0 s; peak memory 1221 MiB.
2026-10-10T03:25:09Z INFO [417/500] 718bc005-78e8-4d93-800d-1a2f5b2d7b72: 48 chunks; 1.3 s; peak memory 1221 MiB.
2026-10-10T03:25:10Z INFO [418/500] 718c7baf-74fb-48d3-83b2-25776e9e97f3: 48 chunks; 1.3 s; peak memory 1221 MiB.
2026-10-10T03:27:24Z INFO [419/500] 718d1067-8bdf-4487-b71d-bf136811323d: 37821 chunks; 133.9 s; peak memory 1221 MiB.
2026-10-10T03:27:28Z INFO [420/500] 718db5c9-57af-40d6-a9aa-7c3d03f6c0b4: 1211 chunks; 3.7 s; peak memory 1221 MiB.
2026-10-10T03:27:35Z INFO [421/500] 718e5d7c-1c26-43e0-b380-9aa092de6112: 7524 chunks; 7.3 s; peak memory 1221 MiB.
2026-10-10T03:27:37Z INFO [422/500] 7190d7ad-ef8d-4a44-a870-bfe7142b709a: 261 chunks; 1.7 s; peak memory 1221 MiB.
2026-10-10T03:27:38Z INFO [423/500] 719188bc-2a5d-4c11-a067-1b2415c185f0: 49 chunks; 1.1 s; peak memory 1221 MiB.
2026-10-10T03:27:40Z INFO [424/500] 71930ad3-0cd4-40a8-a7d0-01e30576de8c: 164 chunks; 1.4 s; peak memory 1221 MiB.
2026-10-10T03:27:41Z INFO [425/500] 71941308-3e82-4a2a-9f3a-a4ee7e49cae3: 55 chunks; 1.0 s; peak memory 1221 MiB.
2026-10-10T03:27:42Z INFO [426/500] 71945719-154d-4986-abd5-58b7154f2617: 35 chunks; 1.0 s; peak memory 1221 MiB.
2026-10-10T03:27:44Z INFO [427/500] 71946dcf-6e67-428a-90a3-6c6759437803: 71 chunks; 2.5 s; peak memory 1221 MiB.
2026-10-10T03:27:46Z INFO [428/500] 71951181-2ef6-4ba4-b236-f2b8460753b4: 116 chunks; 1.5 s; peak memory 1221 MiB.
2026-10-10T03:27:48Z INFO [429/500] 71954a49-1930-4255-afc6-55cecf456770: 71 chunks; 2.0 s; peak memory 1221 MiB.
2026-10-10T03:27:49Z INFO [430/500] 7196f839-87c8-4d09-a826-e8265d5877c9: 48 chunks; 1.3 s; peak memory 1221 MiB.
2026-10-10T03:27:51Z INFO [431/500] 71976a08-3b81-4afe-a458-63fad1cd98f0: 77 chunks; 1.7 s; peak memory 1221 MiB.
2026-10-10T03:27:52Z INFO [432/500] 719770fd-1ca8-4eff-84db-4ce2e10ec5db: 44 chunks; 1.0 s; peak memory 1221 MiB.
2026-10-10T03:28:09Z INFO [433/500] 7197ad92-8440-45c3-b231-e43648c5ce81: 4689 chunks; 17.6 s; peak memory 1221 MiB.
2026-10-10T03:28:11Z INFO [434/500] 7197f0cc-3dc8-4841-80ac-a2fd11346b46: 114 chunks; 1.5 s; peak memory 1221 MiB.
2026-10-10T03:28:12Z INFO [435/500] 71989194-17ee-4adb-bde1-27134f2078ed: 118 chunks; 1.6 s; peak memory 1221 MiB.
2026-10-10T03:28:14Z INFO [436/500] 71991952-429b-4479-958d-7c67b91490de: 117 chunks; 1.6 s; peak memory 1221 MiB.
2026-10-10T03:28:15Z INFO [437/500] 7199634c-39fe-4b02-ad89-597216b2e335: 56 chunks; 1.0 s; peak memory 1221 MiB.
2026-10-10T03:28:16Z INFO [438/500] 719a4528-17d6-4e50-8a43-77d869b8667e: 48 chunks; 1.3 s; peak memory 1221 MiB.
2026-10-10T03:28:18Z INFO [439/500] 719aa385-d8b6-47cf-8950-dfed9f8ee39e: 66 chunks; 1.8 s; peak memory 1221 MiB.
2026-10-10T03:28:20Z INFO [440/500] 719b5682-997b-44ac-8998-088f18fe17cc: 116 chunks; 1.4 s; peak memory 1221 MiB.
2026-10-10T03:28:34Z INFO [441/500] 719d7257-cadc-4c74-95ca-3131c67c978d: 1485 chunks; 14.4 s; peak memory 1221 MiB.
2026-10-10T03:28:35Z INFO [442/500] 719e8369-8372-416d-b4a9-4002c98349a7: 48 chunks; 1.4 s; peak memory 1221 MiB.
2026-10-10T03:28:37Z INFO [443/500] 719f3548-1003-4656-89d7-562b5a23bc17: 112 chunks; 1.8 s; peak memory 1221 MiB.
2026-10-10T03:28:44Z INFO [444/500] 719f8c0a-7419-4ba3-99f3-161df8e0e881: 2923 chunks; 7.3 s; peak memory 1221 MiB.
2026-10-10T03:28:46Z INFO [445/500] 71a03a03-0e19-402e-9bdb-76ab15c76d2a: 112 chunks; 1.8 s; peak memory 1221 MiB.
2026-10-10T03:28:48Z INFO [446/500] 71a118f2-01c6-4eb8-a8c0-a57c693b8367: 117 chunks; 1.5 s; peak memory 1221 MiB.
2026-10-10T03:28:49Z INFO [447/500] 71a28b32-334c-4caf-91cc-fae176234908: 117 chunks; 1.4 s; peak memory 1221 MiB.
2026-10-10T03:28:52Z INFO [448/500] 71a3cf4f-7131-47ad-8223-c3813318030c: 118 chunks; 2.5 s; peak memory 1221 MiB.
2026-10-10T03:28:54Z INFO [449/500] 71a57d9c-6d4c-4c5b-a2e8-7d4348996c3e: 112 chunks; 2.1 s; peak memory 1221 MiB.
2026-10-10T03:28:56Z INFO [450/500] 71a5e6a2-d207-4302-a150-3cb428ebfbfa: 69 chunks; 1.9 s; peak memory 1221 MiB.
2026-10-10T03:28:56Z INFO [450/500] 71a5e6a2-d207-4302-a150-3cb428ebfbfa: checkpointed 101784 new records.
2026-10-10T03:28:58Z INFO [451/500] 71a61ca8-f1a5-4d66-9058-9d3f146afc3f: 66 chunks; 1.9 s; peak memory 1221 MiB.
2026-10-10T03:29:22Z INFO [452/500] 71a64dbc-578f-4355-911d-69403f9b3722: 70084 chunks; 23.6 s; peak memory 1221 MiB.
2026-10-10T03:29:23Z INFO [453/500] 71a799bd-43cc-4d77-b0c3-deeffbf6de17: 114 chunks; 1.3 s; peak memory 1221 MiB.
2026-10-10T03:31:54Z INFO [454/500] 71a7f2c9-2840-4f3b-8498-8c453ad59c3c: 42730 chunks; 151.1 s; peak memory 1221 MiB.
2026-10-10T03:31:55Z INFO [455/500] 71a7f968-c9e8-40e3-876f-942c70445646: 52 chunks; 1.4 s; peak memory 1221 MiB.
2026-10-10T03:31:57Z INFO [456/500] 71a872af-34bd-449c-801d-2cec6716b29f: 48 chunks; 1.3 s; peak memory 1221 MiB.
2026-10-10T03:31:58Z INFO [457/500] 71a8920f-30ec-4f82-815a-1ab3d9272687: 162 chunks; 1.7 s; peak memory 1221 MiB.
2026-10-10T03:31:59Z INFO [458/500] 71a8ef75-8610-4ed0-8d5f-4b5271a0bb9e: 55 chunks; 1.1 s; peak memory 1221 MiB.
2026-10-10T03:32:01Z INFO [459/500] 71a94f96-0aa3-49f1-938c-4d3695985b19: 46 chunks; 1.1 s; peak memory 1221 MiB.
2026-10-10T03:32:02Z INFO [460/500] 71abf384-1609-4342-99b9-7c2e92df86b2: 114 chunks; 1.4 s; peak memory 1221 MiB.
2026-10-10T03:32:05Z INFO [461/500] 71ac10e4-39ec-4577-bc1d-e48bc999e6a3: 119 chunks; 2.8 s; peak memory 1221 MiB.
2026-10-10T03:32:06Z INFO [462/500] 71ac3191-4b3c-4ce9-a45e-01ec56be1008: 48 chunks; 1.3 s; peak memory 1221 MiB.
2026-10-10T03:32:08Z INFO [463/500] 71ac7aa7-6490-450f-bc06-bf26a1f6bac6: 69 chunks; 1.8 s; peak memory 1221 MiB.
2026-10-10T03:32:17Z INFO [464/500] 71ad9140-5bff-4e5b-81f6-bd9b89c22675: 11562 chunks; 9.5 s; peak memory 1221 MiB.
2026-10-10T03:32:34Z INFO [465/500] 71adb470-3fc3-48d0-8a08-7ffda0431b3d: 8229 chunks; 16.8 s; peak memory 1221 MiB.
2026-10-10T03:32:35Z INFO [466/500] 71add98c-6f92-4b75-bb1f-4ec5caa55510: 48 chunks; 1.3 s; peak memory 1221 MiB.
2026-10-10T03:32:37Z INFO [467/500] 71ae35f0-c43f-44e9-91cd-184f10534a8f: 48 chunks; 1.3 s; peak memory 1221 MiB.
2026-10-10T03:33:02Z INFO [468/500] 71ae7630-d232-4d02-9419-f9dae67724ff: 602 chunks; 25.1 s; peak memory 1221 MiB.
2026-10-10T03:33:03Z INFO [469/500] 71aefb78-869a-419b-b836-7ac4372f03dc: 48 chunks; 1.2 s; peak memory 1221 MiB.
2026-10-10T03:33:05Z INFO [470/500] 71afee50-7b55-468d-8971-6a45c30cd236: 112 chunks; 1.8 s; peak memory 1221 MiB.
2026-10-10T03:33:17Z INFO [471/500] 71b08b03-df30-4bc3-b796-bbc6a8ddcac7: 19247 chunks; 12.1 s; peak memory 1221 MiB.
2026-10-10T03:33:18Z INFO [472/500] 71b16283-8d58-4dea-aadf-eaaa6c279d0c: 48 chunks; 1.3 s; peak memory 1221 MiB.
2026-10-10T03:35:34Z INFO [473/500] 71b18172-feed-40f7-8d2b-6ba4257c89c9: 38324 chunks; 135.9 s; peak memory 1221 MiB.
2026-10-10T03:35:35Z INFO [474/500] 71b1d9ec-2106-4d6c-9171-88e92db3e446: 69 chunks; 1.1 s; peak memory 1221 MiB.
2026-10-10T03:35:37Z INFO [475/500] 71b20327-55cf-402c-806c-640e3f05ee7a: 112 chunks; 1.8 s; peak memory 1221 MiB.
2026-10-10T03:35:43Z INFO [476/500] 71b21578-3c97-4a1e-9a4c-2c21ec50fd32: 350 chunks; 5.7 s; peak memory 1221 MiB.
2026-10-10T03:35:44Z INFO [477/500] 71b2d2f9-47c9-4152-83e2-889b3532c98f: 56 chunks; 1.1 s; peak memory 1221 MiB.
2026-10-10T03:35:46Z INFO [478/500] 71b63974-acdf-4362-aa42-150baa3085c7: 71 chunks; 2.2 s; peak memory 1221 MiB.
2026-10-10T03:35:48Z INFO [479/500] 71b6fb69-c576-43a3-99e7-2e57e60a6ae2: 117 chunks; 1.5 s; peak memory 1221 MiB.
2026-10-10T03:35:49Z INFO [480/500] 71b7b600-a215-48a4-9228-a930390b8f12: 117 chunks; 1.5 s; peak memory 1221 MiB.
2026-10-10T03:35:51Z INFO [481/500] 71b813e4-7c3e-4912-93b7-728e2777fa81: 112 chunks; 1.8 s; peak memory 1221 MiB.
2026-10-10T03:35:52Z INFO [482/500] 71ba3a99-3cd7-4e41-aad4-c7dbf641b021: 112 chunks; 1.5 s; peak memory 1221 MiB.
2026-10-10T03:35:54Z INFO [483/500] 71bc8dd6-3cf8-4349-8481-329dfc6c797e: 84 chunks; 2.0 s; peak memory 1221 MiB.
2026-10-10T03:35:56Z INFO [484/500] 71bce4b1-81b0-4ba7-a708-eccac4f1c7c0: 289 chunks; 1.8 s; peak memory 1221 MiB.
2026-10-10T03:39:13Z INFO [485/500] 71bcfb23-3fff-451a-8235-2ec0df66a439: 608021 chunks; 196.9 s; peak memory 1242 MiB.
2026-10-10T03:39:14Z INFO [486/500] 71bd1c9f-7439-4bda-a311-b407ca5f052c: 52 chunks; 1.4 s; peak memory 1242 MiB.
2026-10-10T03:39:32Z INFO [487/500] 71be7336-f742-4a67-8a63-b6185b8cbb07: 26523 chunks; 17.3 s; peak memory 1242 MiB.
2026-10-10T03:39:33Z INFO [488/500] 71bec4c7-17af-4853-848c-5c2da63d45fc: 48 chunks; 1.3 s; peak memory 1242 MiB.
2026-10-10T03:39:35Z INFO [489/500] 71c0bf56-fea3-431a-bf64-7303dc2da818: 60 chunks; 1.4 s; peak memory 1242 MiB.
2026-10-10T03:39:36Z INFO [490/500] 71c14ddd-185d-44fe-93a6-3dab27e0df77: 43 chunks; 1.0 s; peak memory 1242 MiB.
2026-10-10T03:39:37Z INFO [491/500] 71c17196-bee7-4543-90e7-8aee9dc93460: 66 chunks; 1.9 s; peak memory 1242 MiB.
2026-10-10T03:40:29Z INFO [492/500] 71c28764-f308-4695-85b7-20e92fe8ace2: 23605 chunks; 51.4 s; peak memory 1242 MiB.
2026-10-10T03:40:32Z INFO [493/500] 71c40527-3fa9-4292-acae-33ad5f63e998: 123 chunks; 3.1 s; peak memory 1242 MiB.
2026-10-10T03:40:46Z INFO [494/500] 71c58617-6fef-4738-8647-7e7bdc834c49: 420 chunks; 13.7 s; peak memory 1242 MiB.
2026-10-10T03:40:47Z INFO [495/500] 71c5f5e1-fe0b-43d4-af40-ab185abdd16f: 48 chunks; 1.3 s; peak memory 1242 MiB.
2026-10-10T03:40:55Z INFO [496/500] 71c755e0-4f88-4e0a-b263-5ba8c1d11990: 6449 chunks; 7.6 s; peak memory 1242 MiB.
2026-10-10T03:40:56Z INFO [497/500] 71c7a74f-fdac-46f7-9632-51016ff868a7: 48 chunks; 1.4 s; peak memory 1242 MiB.
2026-10-10T03:40:57Z INFO [498/500] 71c91f34-7893-4231-87b5-147aaefc4398: 116 chunks; 1.5 s; peak memory 1242 MiB.
2026-10-10T03:40:59Z INFO [499/500] 71c99c15-8de9-4697-909a-a1681b301568: 43 chunks; 1.4 s; peak memory 1242 MiB.
2026-10-10T03:41:00Z INFO [500/500] 71ca73a7-c253-4d12-8cff-925078f854bc: 33 chunks; 1.4 s; peak memory 1242 MiB.
2026-10-10T03:41:01Z INFO [500/500] 71ca73a7-c253-4d12-8cff-925078f854bc: checkpointed 101834 new records.
2026-10-10T03:41:01Z INFO Wrote 101834 records to /tmp/derivatives/valid_nwb_file_to_chunk_stats.jsonl (500 new, 0 failed) in 85.7 min (peak memory 1242 MiB).
