2026-10-06T06:01:09Z INFO Logging to /tmp/logs/update_2026-10-06T06-01-09Z.log.
2026-10-06T06:01:09Z INFO Update valid-nwb-file-to-chunk-stats (base directory /tmp).
2026-10-06T06:01:10Z INFO Processing 500 items (79334 already recorded).
2026-10-06T06:01:24Z INFO [1/500] 02b2d176-0fa0-455e-a8dc-196655254ae0: 363 chunks; 13.7 s; peak memory 195 MiB.
2026-10-06T06:01:43Z INFO [2/500] 10951cd6-3ceb-4525-bd9e-c839e5c121ba: 363 chunks; 19.6 s; peak memory 195 MiB.
2026-10-06T06:01:57Z INFO [3/500] 15c470da-0137-41d8-af56-dbb1b6a59d97: 363 chunks; 13.5 s; peak memory 195 MiB.
2026-10-06T06:02:01Z INFO [4/500] 1b407e00-750e-47b6-aa8f-e05af0a008a4: 218 chunks; 4.6 s; peak memory 196 MiB.
2026-10-06T06:02:03Z INFO [5/500] 2003ac16-bbe6-4d4c-bcd9-a51cae8feb47: 103 chunks; 1.9 s; peak memory 196 MiB.
2026-10-06T06:02:24Z INFO [6/500] 23179822-a192-45c0-a661-477405effb5c: 363 chunks; 20.7 s; peak memory 196 MiB.
2026-10-06T06:02:36Z INFO [7/500] 298e4b54-e4fa-4537-a1cd-9e1d7e3f4602: 363 chunks; 12.5 s; peak memory 196 MiB.
2026-10-06T06:02:48Z INFO [8/500] 3867b653-3f82-40e6-9e7d-4f469bdf1904: 363 chunks; 12.1 s; peak memory 198 MiB.
2026-10-06T06:02:49Z INFO [9/500] 433dcfee-4fab-4734-85ba-d66e032ddc02: 72 chunks; 0.8 s; peak memory 198 MiB.
2026-10-06T06:02:50Z INFO [10/500] 433dda96-07ae-4c7d-a01b-3a035cd64e4c: 46 chunks; 0.5 s; peak memory 199 MiB.
2026-10-06T06:02:51Z INFO [11/500] 433e0be4-a09c-4cd1-8714-a9d169eecc1c: 48 chunks; 0.9 s; peak memory 199 MiB.
2026-10-06T06:02:58Z INFO [12/500] 433ec0ae-549c-4eb5-8203-160b7a97f5ce: 25629 chunks; 7.7 s; peak memory 227 MiB.
2026-10-06T06:02:59Z INFO [13/500] 433eceb1-43b1-4953-b8eb-b71594d2d0d2: 118 chunks; 0.9 s; peak memory 227 MiB.
2026-10-06T06:03:00Z INFO [14/500] 433fad85-de67-4585-8478-f468baa51305: 52 chunks; 0.8 s; peak memory 227 MiB.
2026-10-06T06:03:01Z INFO [15/500] 43408960-8a4b-4171-b45c-c406fdbddf66: 33 chunks; 0.7 s; peak memory 228 MiB.
2026-10-06T06:03:02Z INFO [16/500] 4341baee-1aa2-4da0-8b96-627dffdd2895: 50 chunks; 1.0 s; peak memory 228 MiB.
2026-10-06T06:03:04Z INFO [17/500] 4341ea60-e419-4d79-8015-b65abefe6f14: 569 chunks; 1.8 s; peak memory 228 MiB.
2026-10-06T06:03:04Z INFO [18/500] 43427c90-9288-4877-bb67-7ed59462769a: 48 chunks; 0.9 s; peak memory 228 MiB.
2026-10-06T06:03:07Z INFO [19/500] 4342de5d-8bed-46eb-81e5-1d348314ab60: 157 chunks; 2.5 s; peak memory 228 MiB.
2026-10-06T06:03:08Z INFO [20/500] 4342fd14-f001-41e8-a18a-a65cadf1e81a: 84 chunks; 1.0 s; peak memory 228 MiB.
2026-10-06T06:03:09Z INFO [21/500] 4343820a-76fb-4735-b582-e1a4f2038ed5: 112 chunks; 0.9 s; peak memory 228 MiB.
2026-10-06T06:03:10Z INFO [22/500] 4343b383-ebe3-4e38-b73e-cc79b588ba10: 186 chunks; 1.6 s; peak memory 228 MiB.
2026-10-06T06:03:12Z INFO [23/500] 4344320f-cdbc-4d6d-a8dd-ae4338838e31: 933 chunks; 1.3 s; peak memory 228 MiB.
2026-10-06T06:03:12Z INFO [24/500] 4344811c-1dd4-4056-a3f6-29fea03846eb: 48 chunks; 0.7 s; peak memory 228 MiB.
2026-10-06T06:03:13Z INFO [25/500] 4347e644-a7b5-483c-b10b-fe2f6d9f84d1: 64 chunks; 0.9 s; peak memory 228 MiB.
2026-10-06T06:03:17Z INFO [26/500] 4348665b-a7f3-4370-8434-6a2eb98e75b5: 612 chunks; 3.5 s; peak memory 228 MiB.
2026-10-06T06:03:20Z INFO [27/500] 43488aa3-9d8c-4bcd-ae37-7f7a61e004f9: 546 chunks; 3.0 s; peak memory 228 MiB.
2026-10-06T06:03:21Z INFO [28/500] 4349a0cd-1c1f-4a02-bb30-a3395afafc8c: 51 chunks; 1.0 s; peak memory 228 MiB.
2026-10-06T06:03:23Z INFO [29/500] 434a2cbd-9c44-4fea-bc92-6baa63e69724: 2009 chunks; 2.5 s; peak memory 228 MiB.
2026-10-06T06:03:24Z INFO [30/500] 434b7195-1ac8-4f62-9139-7af1bad6f12f: 50 chunks; 0.6 s; peak memory 228 MiB.
2026-10-06T06:03:30Z INFO [31/500] 434ba82e-3b57-4929-8eb1-8e6db8f2dbf8: 14290 chunks; 6.1 s; peak memory 229 MiB.
2026-10-06T06:03:31Z INFO [32/500] 434c28c2-34fd-4959-90ee-12ee7e630ec3: 117 chunks; 0.9 s; peak memory 229 MiB.
2026-10-06T06:03:32Z INFO [33/500] 434c9855-b119-48b4-bdca-5be45752f25d: 48 chunks; 0.8 s; peak memory 229 MiB.
2026-10-06T06:03:39Z INFO [34/500] 434d71e8-e65c-4b5f-a30b-56f37762e1ba: 17782 chunks; 7.2 s; peak memory 229 MiB.
2026-10-06T06:03:44Z INFO [35/500] 434dda5b-3186-4b1e-8e6d-e025edcceffa: 1280 chunks; 4.9 s; peak memory 229 MiB.
2026-10-06T06:03:46Z INFO [36/500] 434eb136-4e5e-4f93-94a5-9971db022e90: 156 chunks; 2.2 s; peak memory 229 MiB.
2026-10-06T06:03:47Z INFO [37/500] 434ece69-53a5-4ab0-98b2-4ad93e077249: 51 chunks; 1.2 s; peak memory 229 MiB.
2026-10-06T06:03:48Z INFO [38/500] 434fe792-e5a1-4946-b5bb-ed063882c59d: 112 chunks; 0.9 s; peak memory 229 MiB.
2026-10-06T06:03:49Z INFO [39/500] 434ff1ca-b442-4f5d-9001-42e39277f3ad: 118 chunks; 1.0 s; peak memory 229 MiB.
2026-10-06T06:03:50Z INFO [40/500] 435008f4-5e53-4e60-b930-98097b81a862: 112 chunks; 1.1 s; peak memory 229 MiB.
2026-10-06T06:03:51Z INFO [41/500] 43502a23-5d74-4927-8317-19a1b8b2484a: 69 chunks; 0.7 s; peak memory 229 MiB.
2026-10-06T06:03:52Z INFO [42/500] 43512500-e854-457d-b396-b30b6cdcfe7e: 52 chunks; 0.8 s; peak memory 229 MiB.
2026-10-06T06:03:56Z INFO [43/500] 43513dae-2a5f-46db-ba37-779b47550e7c: 4132 chunks; 4.4 s; peak memory 229 MiB.
2026-10-06T06:03:57Z INFO [44/500] 43545710-d5b1-4c00-b7da-d9d7bfbff9b1: 75 chunks; 1.1 s; peak memory 229 MiB.
2026-10-06T06:04:07Z INFO [45/500] 43547ae4-103d-4f9d-83ff-7f6c6788a218: 439 chunks; 9.4 s; peak memory 231 MiB.
2026-10-06T06:04:08Z INFO [46/500] 43549e5a-ae1a-4059-913a-e915f1ee3c85: 118 chunks; 1.0 s; peak memory 231 MiB.
2026-10-06T06:04:09Z INFO [47/500] 43555c7f-58b4-4f8f-babe-db61e9e8fe32: 289 chunks; 1.0 s; peak memory 231 MiB.
2026-10-06T06:04:16Z INFO [48/500] 4355ff28-243f-4bd2-b9cf-c41c812e20c3: 16478 chunks; 7.8 s; peak memory 231 MiB.
2026-10-06T06:04:17Z INFO [49/500] 43565752-8ab4-40dd-ab0f-da45e593170e: 48 chunks; 0.9 s; peak memory 231 MiB.
2026-10-06T06:04:18Z INFO [50/500] 435660e6-0651-45c8-9291-2f1fdd309c4e: 46 chunks; 0.5 s; peak memory 231 MiB.
2026-10-06T06:04:18Z INFO [50/500] 435660e6-0651-45c8-9291-2f1fdd309c4e: checkpointed 79384 records.
2026-10-06T06:04:21Z INFO [51/500] 43571bfb-9085-4a57-8995-b1fdce4f254a: 218 chunks; 2.7 s; peak memory 231 MiB.
2026-10-06T06:04:22Z INFO [52/500] 43572b00-e8b7-46e9-aca5-a7c56ff08f4e: 123 chunks; 1.5 s; peak memory 231 MiB.
2026-10-06T06:04:23Z INFO [53/500] 43578407-3d31-48be-8c91-207f582db668: 52 chunks; 1.0 s; peak memory 231 MiB.
2026-10-06T06:04:25Z INFO [54/500] 43578462-aa9c-4738-9355-88de31f9879c: 997 chunks; 1.6 s; peak memory 231 MiB.
2026-10-06T06:04:26Z INFO [55/500] 43586e2a-d8cb-4321-a2e9-96f911088e69: 48 chunks; 0.8 s; peak memory 231 MiB.
2026-10-06T06:04:27Z INFO [56/500] 4358b6e8-8d43-4b59-b5d9-96cf0791181c: 153 chunks; 1.1 s; peak memory 231 MiB.
2026-10-06T06:04:28Z INFO [57/500] 4359533e-1fe0-438a-905b-1257e5ada910: 49 chunks; 0.9 s; peak memory 231 MiB.
2026-10-06T06:04:29Z INFO [58/500] 4359e7f5-9ddd-4ef5-a4a7-f583277b1dbc: 48 chunks; 0.7 s; peak memory 231 MiB.
2026-10-06T06:04:33Z INFO [59/500] 435a62a3-9af9-46e1-8059-490a0eb50b23: 15029 chunks; 4.1 s; peak memory 231 MiB.
2026-10-06T06:04:34Z INFO [60/500] 435a6a71-82ab-474f-8be1-3dcd56a57e71: 70 chunks; 1.0 s; peak memory 231 MiB.
2026-10-06T06:04:35Z INFO [61/500] 435b5ae5-33c5-4882-85bb-b910b213d8d9: 66 chunks; 1.4 s; peak memory 231 MiB.
2026-10-06T06:04:40Z INFO [62/500] 435bba40-beb1-4c50-83de-6f8cbb0adcd5: 2922 chunks; 4.5 s; peak memory 232 MiB.
2026-10-06T06:04:40Z INFO [63/500] 435c02f3-ff0f-4261-91fb-bd6ad9ecf762: 57 chunks; 0.6 s; peak memory 232 MiB.
2026-10-06T06:04:41Z INFO [64/500] 435c3e5e-6672-499a-9a5a-6fcc4e88bfbc: 116 chunks; 0.9 s; peak memory 232 MiB.
2026-10-06T06:04:45Z INFO [65/500] 435d9a4c-7a3a-4c9e-b786-8a67cf07dea7: 7001 chunks; 3.9 s; peak memory 232 MiB.
2026-10-06T06:04:47Z INFO [66/500] 435dca8d-3aa8-4d22-a619-ac75948b45f5: 2256 chunks; 2.4 s; peak memory 232 MiB.
2026-10-06T06:04:48Z INFO [67/500] 435e2be9-54ee-43a7-8dc3-e2484b7710e3: 51 chunks; 0.9 s; peak memory 232 MiB.
2026-10-06T06:04:49Z INFO [68/500] 435ec437-c492-4e82-8665-219d01caab27: 48 chunks; 0.7 s; peak memory 232 MiB.
2026-10-06T06:04:51Z INFO [69/500] 43609a8f-1005-4275-abe6-aaf9f3ea5778: 149 chunks; 2.1 s; peak memory 232 MiB.
2026-10-06T06:04:52Z INFO [70/500] 4360ac6b-774a-4102-aaa3-7e552af42534: 45 chunks; 0.7 s; peak memory 232 MiB.
2026-10-06T06:04:53Z INFO [71/500] 4360d461-a5aa-4720-ae85-ccb27885194c: 117 chunks; 0.8 s; peak memory 232 MiB.
2026-10-06T06:04:53Z INFO [72/500] 4360fbfc-b1f7-460e-8ad8-9a351d23d7d6: 48 chunks; 0.8 s; peak memory 232 MiB.
2026-10-06T06:05:00Z INFO [73/500] 43616677-8f2c-434c-8649-68f5c6b09273: 12702 chunks; 6.9 s; peak memory 232 MiB.
2026-10-06T06:05:01Z INFO [74/500] 43617136-62bd-4aab-b0a9-c806e5f88475: 117 chunks; 0.7 s; peak memory 232 MiB.
2026-10-06T06:05:08Z INFO [75/500] 43624974-6c2a-490f-bca0-3d4922408b0a: 12355 chunks; 7.2 s; peak memory 232 MiB.
2026-10-06T06:05:09Z INFO [76/500] 43625996-1760-44e7-80dd-e1565568bf9f: 69 chunks; 0.7 s; peak memory 232 MiB.
2026-10-06T06:05:10Z INFO [77/500] 4362bf30-5418-4d84-a222-917d84469086: 112 chunks; 1.0 s; peak memory 232 MiB.
2026-10-06T06:05:11Z INFO [78/500] 43635618-4e77-45be-9fe2-bc1bd8888995: 52 chunks; 0.7 s; peak memory 232 MiB.
2026-10-06T06:05:11Z INFO [79/500] 43637abf-ef73-48a5-a5c5-94581a8115cd: 86 chunks; 0.7 s; peak memory 232 MiB.
2026-10-06T06:07:47Z INFO [80/500] 4363a7e0-6e3b-4db0-ae72-43b8e951c848: 65593 chunks; 155.8 s; peak memory 413 MiB.
2026-10-06T06:07:51Z INFO [81/500] 4364509a-3ce1-4d3e-898f-29439578d888: 1252 chunks; 4.1 s; peak memory 413 MiB.
2026-10-06T06:07:52Z INFO [82/500] 43648d85-bf68-4018-bbf3-6fcb56396ab2: 59 chunks; 0.7 s; peak memory 413 MiB.
2026-10-06T06:07:53Z INFO [83/500] 4364a6b4-5909-451f-a397-18089f6bea92: 118 chunks; 0.9 s; peak memory 413 MiB.
2026-10-06T06:07:54Z INFO [84/500] 436569fa-a034-49a9-86e7-f958b2bf96f0: 46 chunks; 1.1 s; peak memory 413 MiB.
2026-10-06T06:07:55Z INFO [85/500] 4365a8b3-5151-4401-8d2a-6cc8b7769523: 48 chunks; 0.8 s; peak memory 413 MiB.
2026-10-06T06:07:56Z INFO [86/500] 43671c04-3b52-497d-8a25-dc9106b512ff: 157 chunks; 1.5 s; peak memory 413 MiB.
2026-10-06T06:07:57Z INFO [87/500] 43674402-9173-47e0-b7b8-a05dc67701fe: 48 chunks; 0.9 s; peak memory 413 MiB.
2026-10-06T06:07:58Z INFO [88/500] 4367d540-2982-4d95-ae09-f1be5f57df9e: 48 chunks; 0.7 s; peak memory 413 MiB.
2026-10-06T06:07:59Z INFO [89/500] 4367fe92-a15b-408b-acdc-e5102d83a7d5: 48 chunks; 0.9 s; peak memory 413 MiB.
2026-10-06T06:08:00Z INFO [90/500] 4369476d-7e92-456e-90ac-6dd708445897: 52 chunks; 0.9 s; peak memory 413 MiB.
2026-10-06T06:08:01Z INFO [91/500] 436992c7-1501-453e-86a9-7feafbfd6193: 71 chunks; 1.3 s; peak memory 413 MiB.
2026-10-06T06:08:03Z INFO [92/500] 436aa4b8-ccf9-43d1-a51a-ea2e48e05bd5: 85 chunks; 2.1 s; peak memory 413 MiB.
2026-10-06T06:08:04Z INFO [93/500] 436ae88b-74b3-47b7-a365-40b489c485c5: 58 chunks; 1.2 s; peak memory 413 MiB.
2026-10-06T06:08:05Z INFO [94/500] 436b3e03-023f-4b90-99ee-1befdf58cb30: 48 chunks; 0.7 s; peak memory 413 MiB.
2026-10-06T06:08:09Z INFO [95/500] 436b63f9-ade3-41ae-96a7-968d0f39a869: 13206 chunks; 4.2 s; peak memory 413 MiB.
2026-10-06T06:08:11Z INFO [96/500] 436b655c-0372-429f-a0fc-2640b4255fd0: 57 chunks; 1.4 s; peak memory 413 MiB.
2026-10-06T06:08:12Z INFO [97/500] 436fb40a-79ec-4952-b7d3-2e3cc5ed8e2a: 112 chunks; 0.9 s; peak memory 413 MiB.
2026-10-06T06:08:12Z INFO [98/500] 436ff440-ae2c-4cf2-9af6-6041addb3fd1: 48 chunks; 0.8 s; peak memory 413 MiB.
2026-10-06T06:08:13Z INFO [99/500] 43715af0-e575-4b22-bc20-0cc9e044186c: 55 chunks; 0.6 s; peak memory 413 MiB.
2026-10-06T06:08:15Z INFO [100/500] 4372a85e-b7e4-4b00-97b0-19b46ff00a3f: 1729 chunks; 1.9 s; peak memory 413 MiB.
2026-10-06T06:08:15Z INFO [100/500] 4372a85e-b7e4-4b00-97b0-19b46ff00a3f: checkpointed 79434 records.
2026-10-06T06:08:17Z INFO [101/500] 4373eb66-5f70-4861-aa31-ee926677768b: 71 chunks; 1.9 s; peak memory 413 MiB.
2026-10-06T06:08:18Z INFO [102/500] 43743162-5419-4486-8eb7-e85c56206607: 117 chunks; 0.9 s; peak memory 413 MiB.
2026-10-06T06:08:19Z INFO [103/500] 4374345e-9897-484b-9d96-ebeec31c9ae5: 48 chunks; 0.9 s; peak memory 413 MiB.
2026-10-06T06:08:20Z INFO [104/500] 4374563d-e1d7-4d50-b360-afd19e75291e: 51 chunks; 1.0 s; peak memory 413 MiB.
2026-10-06T06:08:21Z INFO [105/500] 4375b0b8-61f6-4f5e-907f-6819b0158835: 117 chunks; 0.7 s; peak memory 413 MiB.
2026-10-06T06:08:21Z INFO [106/500] 437674dd-56a8-4da6-aa28-52e9e729db0a: 48 chunks; 0.7 s; peak memory 413 MiB.
2026-10-06T06:08:32Z INFO [107/500] 43769d52-9704-4595-b17f-7ee22e1a477b: 2689 chunks; 10.8 s; peak memory 413 MiB.
2026-10-06T06:08:33Z INFO [108/500] 4376a4dd-1733-4c48-85e4-03ca6e0bf495: 997 chunks; 1.4 s; peak memory 413 MiB.
2026-10-06T06:08:34Z INFO [109/500] 43771d1f-ef64-4073-9e69-35d9fa799ccc: 48 chunks; 0.8 s; peak memory 413 MiB.
2026-10-06T06:08:35Z INFO [110/500] 43790a99-c9dc-439b-98f2-a33be79053a3: 74 chunks; 0.8 s; peak memory 413 MiB.
2026-10-06T06:08:36Z INFO [111/500] 4379448d-db5e-4b0e-a1b3-fe54ccf911cf: 110 chunks; 0.6 s; peak memory 413 MiB.
2026-10-06T06:08:39Z INFO [112/500] 437a7bdb-3cd3-4e40-ac94-95a662f1b82d: 544 chunks; 3.4 s; peak memory 413 MiB.
2026-10-06T06:08:40Z INFO [113/500] 437a8d18-9340-4c4a-a406-37067689a5d0: 112 chunks; 0.9 s; peak memory 413 MiB.
2026-10-06T06:08:41Z INFO [114/500] 437b093d-4a85-4c56-b0f2-9e973ab8f6ff: 117 chunks; 0.8 s; peak memory 413 MiB.
2026-10-06T06:08:42Z INFO [115/500] 437b7390-d0df-43f7-a296-1849225efa95: 112 chunks; 1.0 s; peak memory 413 MiB.
2026-10-06T06:08:44Z INFO [116/500] 437b9082-76de-4432-85a3-81a9fdb57518: 116 chunks; 2.0 s; peak memory 413 MiB.
2026-10-06T06:16:23Z INFO [117/500] 437c294b-b530-4168-b4d5-267d57f2af04: 710568 chunks; 458.7 s; peak memory 1197 MiB.
2026-10-06T06:16:23Z INFO [118/500] 437c6ee2-cb18-49c5-859b-4832e57a6788: 48 chunks; 0.8 s; peak memory 1197 MiB.
2026-10-06T06:16:24Z INFO [119/500] 437c73b3-68d1-4987-b9f2-b6541c34dae5: 117 chunks; 1.0 s; peak memory 1197 MiB.
2026-10-06T06:16:25Z INFO [120/500] 437d6077-f02e-465d-84d2-8657f6e0758e: 48 chunks; 0.8 s; peak memory 1197 MiB.
2026-10-06T06:16:26Z INFO [121/500] 437e6d1c-af84-458b-a52b-a73c9cbdf572: 65 chunks; 0.8 s; peak memory 1197 MiB.
2026-10-06T06:16:27Z INFO [122/500] 437e94e2-936d-44eb-947f-ffcbe08702c6: 52 chunks; 0.9 s; peak memory 1197 MiB.
2026-10-06T06:16:28Z INFO [123/500] 437f585b-4a8b-4e97-b2a7-0c4a643ec7c6: 116 chunks; 0.9 s; peak memory 1197 MiB.
2026-10-06T06:16:36Z INFO [124/500] 437fdb3d-4cf3-416c-a032-9e898a434034: 11262 chunks; 8.6 s; peak memory 1197 MiB.
2026-10-06T06:16:37Z INFO [125/500] 437ffd58-6b24-4523-81f0-0fd55c9d2963: 117 chunks; 1.0 s; peak memory 1197 MiB.
2026-10-06T06:16:38Z INFO [126/500] 43808ba4-e1ff-4861-92b2-ed037c320cbe: 48 chunks; 0.8 s; peak memory 1197 MiB.
2026-10-06T06:16:39Z INFO [127/500] 4380f701-4d62-4e6f-9be2-1187173a5bfa: 83 chunks; 1.0 s; peak memory 1197 MiB.
2026-10-06T06:16:40Z INFO [128/500] 4381284d-3421-4679-8f9c-93bca0f2056c: 116 chunks; 0.8 s; peak memory 1197 MiB.
2026-10-06T06:16:40Z INFO [129/500] 438160cf-fc55-43c0-b9cb-490fc5ce7516: 46 chunks; 0.6 s; peak memory 1197 MiB.
2026-10-06T06:16:41Z INFO [130/500] 43819e6d-1bfb-4fce-bdcf-f7cd8e17dafa: 48 chunks; 0.8 s; peak memory 1197 MiB.
2026-10-06T06:16:45Z INFO [131/500] 43824226-76d4-4315-bad2-c88c674d6b6c: 193 chunks; 4.2 s; peak memory 1197 MiB.
2026-10-06T06:16:46Z INFO [132/500] 43827e6a-8615-4a6f-b4d3-e320460b0043: 48 chunks; 0.9 s; peak memory 1197 MiB.
2026-10-06T06:16:47Z INFO [133/500] 4382932e-3f52-4753-8948-d2f230d94bd8: 112 chunks; 1.0 s; peak memory 1197 MiB.
2026-10-06T06:16:48Z INFO [134/500] 438344a6-dd20-4508-b653-ce39f9fcaaf1: 48 chunks; 0.9 s; peak memory 1197 MiB.
2026-10-06T06:16:51Z INFO [135/500] 43846b27-df9c-4852-ae85-996fa8f969f8: 922 chunks; 2.5 s; peak memory 1197 MiB.
2026-10-06T06:16:52Z INFO [136/500] 4384ec08-3d1b-49e3-a173-d817ce4e303d: 70 chunks; 1.0 s; peak memory 1197 MiB.
2026-10-06T06:16:53Z INFO [137/500] 43856711-7439-458c-a202-54d36456d605: 116 chunks; 0.9 s; peak memory 1197 MiB.
2026-10-06T06:16:53Z INFO [138/500] 4385adf2-ec49-425e-8d6f-ec880a498888: 116 chunks; 0.9 s; peak memory 1197 MiB.
2026-10-06T06:17:00Z INFO [139/500] 438609d6-9503-4856-9728-7176cf17986d: 14602 chunks; 6.6 s; peak memory 1197 MiB.
2026-10-06T06:17:01Z INFO [140/500] 43863ad6-7053-4750-8aac-9985e409bbcb: 131 chunks; 0.9 s; peak memory 1197 MiB.
2026-10-06T06:17:02Z INFO [141/500] 4386651d-1cea-48ea-b145-3a7a94c56122: 48 chunks; 0.7 s; peak memory 1197 MiB.
2026-10-06T06:17:03Z INFO [142/500] 43867711-63ae-4d4d-8ef3-3d9c112f7cf4: 117 chunks; 0.9 s; peak memory 1197 MiB.
2026-10-06T06:17:03Z INFO [143/500] 4386acf3-2dce-48c6-add1-cc80509d1e90: 46 chunks; 0.6 s; peak memory 1197 MiB.
2026-10-06T06:17:06Z INFO [144/500] 4386c360-a567-4f57-bd89-28c0edd86c0a: 219 chunks; 3.4 s; peak memory 1197 MiB.
2026-10-06T06:17:07Z INFO [145/500] 4386e909-2877-48cd-a530-309e497d2ef8: 48 chunks; 0.9 s; peak memory 1197 MiB.
2026-10-06T06:17:08Z INFO [146/500] 4387ba42-0e22-4daa-a0c0-5f66d4296c4f: 51 chunks; 0.9 s; peak memory 1197 MiB.
2026-10-06T06:17:44Z INFO [147/500] 43882c0b-d638-4012-af7c-09935e849ea9: 20786 chunks; 36.1 s; peak memory 1197 MiB.
2026-10-06T06:17:45Z INFO [148/500] 43883ff8-f8b5-4d65-bab4-0fe0f8c38f14: 46 chunks; 0.5 s; peak memory 1197 MiB.
2026-10-06T06:17:46Z INFO [149/500] 438a2bfd-e048-4919-8a9d-fb8a57a7d30e: 118 chunks; 0.8 s; peak memory 1197 MiB.
2026-10-06T06:17:46Z INFO [150/500] 438abf6d-6e1d-425d-badd-fb8a57f894be: 117 chunks; 0.8 s; peak memory 1197 MiB.
2026-10-06T06:17:47Z INFO [150/500] 438abf6d-6e1d-425d-badd-fb8a57f894be: checkpointed 79484 records.
2026-10-06T06:17:47Z INFO [151/500] 438aea05-8b05-4553-a4e4-96d9922e367b: 69 chunks; 0.5 s; peak memory 1197 MiB.
2026-10-06T06:17:48Z INFO [152/500] 438af3fe-d755-4291-92a2-59fa3cf48823: 48 chunks; 0.7 s; peak memory 1197 MiB.
2026-10-06T06:17:49Z INFO [153/500] 438b03f5-2e7e-4378-be21-906ddb5c6580: 48 chunks; 0.7 s; peak memory 1197 MiB.
2026-10-06T06:17:59Z INFO [154/500] 438ba913-f6da-4133-91e6-7c0e579ca818: 24264 chunks; 10.2 s; peak memory 1197 MiB.
2026-10-06T06:18:00Z INFO [155/500] 438c007c-bc4f-4897-adbc-450efb82c821: 112 chunks; 0.9 s; peak memory 1197 MiB.
2026-10-06T06:18:08Z INFO [156/500] 438d2eaf-0ac5-48bb-acbd-242978966d03: 1136 chunks; 8.6 s; peak memory 1197 MiB.
2026-10-06T06:18:13Z INFO [157/500] 438d5e2a-c7b3-41ff-b96e-ace49db47d5f: 12172 chunks; 4.1 s; peak memory 1197 MiB.
2026-10-06T06:18:13Z INFO [158/500] 438dc90d-f2a5-4250-aa9d-4b04bfa2a29e: 35 chunks; 0.6 s; peak memory 1197 MiB.
2026-10-06T06:18:15Z INFO [159/500] 438f2e38-50ff-4c85-9cdf-6bad8910c1af: 603 chunks; 1.8 s; peak memory 1197 MiB.
2026-10-06T06:18:16Z INFO [160/500] 438f8ebc-505d-492b-83b2-3c403461b74a: 45 chunks; 0.6 s; peak memory 1197 MiB.
2026-10-06T06:18:27Z INFO [161/500] 438ff96f-4d5d-470f-b626-47a761e57317: 31236 chunks; 11.9 s; peak memory 1197 MiB.
2026-10-06T06:18:28Z INFO [162/500] 43901645-5e36-499b-989e-9e4bdba4b2db: 46 chunks; 0.5 s; peak memory 1197 MiB.
2026-10-06T06:18:29Z INFO [163/500] 439061fd-3efd-4c5c-95d9-92461421185c: 48 chunks; 0.9 s; peak memory 1197 MiB.
2026-10-06T06:18:30Z INFO [164/500] 43906774-b149-49de-b746-a1b0592940c5: 48 chunks; 0.8 s; peak memory 1197 MiB.
2026-10-06T06:18:31Z INFO [165/500] 43925bbd-1a9b-4a87-991e-01690ae543e1: 112 chunks; 1.0 s; peak memory 1197 MiB.
2026-10-06T06:18:32Z INFO [166/500] 439311f4-9583-4114-8129-1a8ce0a4df23: 110 chunks; 1.1 s; peak memory 1197 MiB.
2026-10-06T06:18:33Z INFO [167/500] 439553b2-ed95-40b7-a258-f5da0cbf39a2: 48 chunks; 1.0 s; peak memory 1197 MiB.
2026-10-06T06:18:36Z INFO [168/500] 43956747-e70e-48d0-8f7f-194d3310be0d: 7906 chunks; 3.4 s; peak memory 1197 MiB.
2026-10-06T06:18:37Z INFO [169/500] 43957426-e03a-406f-8db4-2538ad521436: 91 chunks; 1.0 s; peak memory 1197 MiB.
2026-10-06T06:18:39Z INFO [170/500] 4395ef1d-1c4d-4458-a7e9-07b9e897c7d2: 168 chunks; 1.4 s; peak memory 1197 MiB.
2026-10-06T06:18:40Z INFO [171/500] 43964940-27da-47e0-81f6-2b286933d9bf: 152 chunks; 1.1 s; peak memory 1197 MiB.
2026-10-06T06:18:43Z INFO [172/500] 4396f824-bd27-4960-a56a-991cbd27a680: 320 chunks; 3.2 s; peak memory 1197 MiB.
2026-10-06T06:18:44Z INFO [173/500] 43972ac4-3802-49d0-98c3-60f99b112860: 48 chunks; 0.8 s; peak memory 1197 MiB.
2026-10-06T06:18:44Z INFO [174/500] 43978f2a-99df-432a-85e9-f34d8f2b38f3: 294 chunks; 0.7 s; peak memory 1197 MiB.
2026-10-06T06:18:45Z INFO [175/500] 439793d2-bc8c-4dfe-b05d-11545e0311fe: 48 chunks; 0.8 s; peak memory 1197 MiB.
2026-10-06T06:18:46Z INFO [176/500] 4397c6c7-ea88-414f-82a6-988fa1b78113: 69 chunks; 1.2 s; peak memory 1197 MiB.
2026-10-06T06:18:50Z INFO [177/500] 4397ece4-caec-4ff7-80d2-bde213967c26: 468 chunks; 3.3 s; peak memory 1197 MiB.
2026-10-06T06:18:50Z INFO [178/500] 43986d9a-dcb9-4c5c-a397-ae954a3cf2c8: 116 chunks; 0.7 s; peak memory 1197 MiB.
2026-10-06T06:18:51Z INFO [179/500] 4398a839-4cd6-4293-aca4-1dd28b4b4170: 50 chunks; 0.5 s; peak memory 1197 MiB.
2026-10-06T06:19:15Z INFO [180/500] 43991bd4-2027-46f0-ba58-3661cb56df5a: 13850 chunks; 24.5 s; peak memory 1197 MiB.
2026-10-06T06:19:16Z INFO [181/500] 43999bad-8020-4e8c-b9e7-52c13826022f: 56 chunks; 0.5 s; peak memory 1197 MiB.
2026-10-06T06:19:17Z INFO [182/500] 4399fdd6-09a4-4369-b26a-26fc0f02ebad: 48 chunks; 0.8 s; peak memory 1197 MiB.
2026-10-06T06:19:17Z INFO [183/500] 439aad59-ccdd-49d1-9a76-f19fec4ab890: 48 chunks; 0.7 s; peak memory 1197 MiB.
2026-10-06T06:19:18Z INFO [184/500] 439d7658-6af6-41c9-a0c7-90f0865ebc1c: 112 chunks; 0.9 s; peak memory 1197 MiB.
2026-10-06T06:19:19Z INFO [185/500] 439d958d-606d-45da-8d42-d0f6cb653443: 61 chunks; 0.8 s; peak memory 1197 MiB.
2026-10-06T06:19:20Z INFO [186/500] 439e95e4-a7e2-4ad3-87a5-0be0dbcbf7ef: 118 chunks; 0.9 s; peak memory 1197 MiB.
2026-10-06T06:19:21Z INFO [187/500] 439e9e7c-ee24-4c86-9c8e-71478a8c5f4a: 112 chunks; 0.9 s; peak memory 1197 MiB.
2026-10-06T06:19:22Z INFO [188/500] 439eb446-b29a-4ea2-bf23-45f23c6b9b37: 48 chunks; 0.8 s; peak memory 1197 MiB.
2026-10-06T06:19:40Z INFO [189/500] 439f9dda-6db8-4fe5-83cb-eb3ffe3ff108: 1155 chunks; 18.2 s; peak memory 1197 MiB.
2026-10-06T06:23:29Z INFO [190/500] 439fe512-2b5e-4730-ae8e-3627a1a4dcfd: 75380 chunks; 228.9 s; peak memory 1197 MiB.
2026-10-06T06:23:30Z INFO [191/500] 43a01631-cfe8-4827-931a-ab30f388d52e: 116 chunks; 0.9 s; peak memory 1197 MiB.
2026-10-06T06:23:31Z INFO [192/500] 43a07e28-b2a8-43d2-873c-e0b93bef37dd: 117 chunks; 1.1 s; peak memory 1197 MiB.
2026-10-06T06:23:34Z INFO [193/500] 43a0dc2c-b4f8-488e-815a-72f26a31c9b5: 2245 chunks; 3.2 s; peak memory 1197 MiB.
2026-10-06T06:23:35Z INFO [194/500] 43a0f714-1614-495d-90e5-e693d04e7fab: 67 chunks; 1.4 s; peak memory 1197 MiB.
2026-10-06T06:23:36Z INFO [195/500] 43a11c66-d964-4695-b498-1432a8b225bb: 48 chunks; 0.8 s; peak memory 1197 MiB.
2026-10-06T06:23:37Z INFO [196/500] 43a13f86-23d5-4a89-bfc5-67f1c16b7932: 56 chunks; 0.7 s; peak memory 1197 MiB.
2026-10-06T06:23:38Z INFO [197/500] 43a1598f-214d-41c6-bb16-eefcc9a3b138: 62 chunks; 1.1 s; peak memory 1197 MiB.
2026-10-06T06:35:21Z INFO [198/500] 43a16e38-8d92-4a10-8361-529f331234e9: 291681 chunks; 702.5 s; peak memory 1200 MiB.
2026-10-06T06:35:28Z INFO [199/500] 43a28a78-3a63-4f0c-963d-a0e8dbd77741: 1010 chunks; 7.3 s; peak memory 1200 MiB.
2026-10-06T06:35:29Z INFO [200/500] 43a35714-ee17-422d-bcc8-e5055d364adb: 118 chunks; 1.3 s; peak memory 1200 MiB.
2026-10-06T06:35:29Z INFO [200/500] 43a35714-ee17-422d-bcc8-e5055d364adb: checkpointed 79534 records.
2026-10-06T06:35:34Z INFO [201/500] 43a3a140-3312-4227-ba0a-4fce76e558fe: 4133 chunks; 5.1 s; peak memory 1200 MiB.
2026-10-06T06:35:39Z INFO [202/500] 43a3c08a-2862-41e4-9994-bbffaa149496: 2923 chunks; 4.1 s; peak memory 1200 MiB.
2026-10-06T06:35:40Z INFO [203/500] 43a3e442-b3b4-41dd-9d5c-c1ae8688b956: 112 chunks; 1.1 s; peak memory 1200 MiB.
2026-10-06T06:35:40Z INFO [204/500] 43a4c971-6348-4d05-8af6-f2d91c1c5c2b: 48 chunks; 0.7 s; peak memory 1200 MiB.
2026-10-06T06:35:41Z INFO [205/500] 43a4f87d-9e53-43d5-b0e4-66062c1442a0: 112 chunks; 1.0 s; peak memory 1200 MiB.
2026-10-06T06:35:42Z INFO [206/500] 43a61648-a554-4013-9399-2ccfff86ed4d: 48 chunks; 0.8 s; peak memory 1200 MiB.
2026-10-06T06:35:43Z INFO [207/500] 43a61ea8-efcb-412b-b363-9c442149cc6d: 69 chunks; 0.8 s; peak memory 1200 MiB.
2026-10-06T06:35:44Z INFO [208/500] 43a68409-e847-42ac-a33d-78cd098a9d49: 52 chunks; 0.6 s; peak memory 1200 MiB.
2026-10-06T06:35:45Z INFO [209/500] 43a68ad3-8a4f-44ae-b334-97a7b7d72611: 133 chunks; 1.8 s; peak memory 1200 MiB.
2026-10-06T06:40:00Z INFO [210/500] 43a695b0-58bb-4879-973b-cc6c08ffd337: 50083 chunks; 254.7 s; peak memory 1200 MiB.
2026-10-06T06:40:01Z INFO [211/500] 43a69fe5-ddb5-4518-8fd9-87d86079db8d: 48 chunks; 0.9 s; peak memory 1200 MiB.
2026-10-06T06:40:02Z INFO [212/500] 43a70161-bb34-4933-bfa1-331c427813c8: 118 chunks; 0.9 s; peak memory 1200 MiB.
2026-10-06T06:40:03Z INFO [213/500] 43a70dac-6dcb-4e97-b6cf-1801828511a6: 71 chunks; 1.2 s; peak memory 1200 MiB.
2026-10-06T06:40:04Z INFO [214/500] 43a8b5f5-0c82-4747-945f-197b4a452669: 48 chunks; 0.9 s; peak memory 1200 MiB.
2026-10-06T06:40:07Z INFO [215/500] 43a937fd-9aa9-4047-bd82-33d837772f8a: 4856 chunks; 3.0 s; peak memory 1200 MiB.
2026-10-06T06:40:11Z INFO [216/500] 43aa3281-f583-436a-ae13-f37cb6e82134: 287 chunks; 3.4 s; peak memory 1200 MiB.
2026-10-06T06:40:11Z INFO [217/500] 43aae4c0-25a1-4592-b680-caf4a2640d32: 46 chunks; 0.6 s; peak memory 1200 MiB.
2026-10-06T06:40:12Z INFO [218/500] 43ab2810-919c-4692-b671-c6b736392d80: 45 chunks; 0.5 s; peak memory 1200 MiB.
2026-10-06T06:40:14Z INFO [219/500] 43ab5c4e-fb0c-4724-843b-3193d4bf5cbb: 156 chunks; 2.1 s; peak memory 1200 MiB.
2026-10-06T06:40:15Z INFO [220/500] 43ac476c-591d-42be-9857-04658515f9c3: 103 chunks; 1.4 s; peak memory 1200 MiB.
2026-10-06T06:40:16Z INFO [221/500] 43acbeec-876d-4e44-8aff-c310a44e685d: 118 chunks; 0.8 s; peak memory 1200 MiB.
2026-10-06T06:40:17Z INFO [222/500] 43ad551c-054d-4b89-9363-1793e356fc7e: 84 chunks; 0.7 s; peak memory 1200 MiB.
2026-10-06T06:40:17Z INFO [223/500] 43ad8d98-f9c0-49aa-9ebc-1ecaf9f44cfd: 46 chunks; 0.4 s; peak memory 1200 MiB.
2026-10-06T06:40:18Z INFO [224/500] 43add4f9-3e83-4770-9eb7-a2e273064d35: 56 chunks; 0.7 s; peak memory 1200 MiB.
2026-10-06T06:40:19Z INFO [225/500] 43addd0b-0674-4137-8eaa-9df790dee1ce: 143 chunks; 1.4 s; peak memory 1200 MiB.
2026-10-06T06:40:21Z INFO [226/500] 43ae4d26-a0ff-4435-ad2b-bf98ef91e7f8: 115 chunks; 1.7 s; peak memory 1200 MiB.
2026-10-06T06:40:22Z INFO [227/500] 43aea1c1-fd89-4025-9f60-e172f6aa96ce: 116 chunks; 0.8 s; peak memory 1200 MiB.
2026-10-06T06:40:32Z INFO [228/500] 43aefa26-801b-429a-8a8e-8955cd8701da: 23023 chunks; 10.6 s; peak memory 1200 MiB.
2026-10-06T06:40:33Z INFO [229/500] 43b2392d-e9e6-4fb5-8564-e4c74fc61b4b: 46 chunks; 0.6 s; peak memory 1200 MiB.
2026-10-06T06:44:40Z INFO [230/500] 43b2485f-1ac6-4965-9466-789d04466c23: 90681 chunks; 246.7 s; peak memory 1200 MiB.
2026-10-06T06:44:41Z INFO [231/500] 43b25e6d-5107-4315-bdce-075166dc0786: 66 chunks; 1.3 s; peak memory 1200 MiB.
2026-10-06T06:44:42Z INFO [232/500] 43b2861f-73f3-4083-860b-b1b130b05689: 118 chunks; 1.0 s; peak memory 1200 MiB.
2026-10-06T06:44:48Z INFO [233/500] 43b370dd-0d3c-46f3-be87-9c261780901a: 11547 chunks; 6.1 s; peak memory 1200 MiB.
2026-10-06T06:44:48Z INFO [234/500] 43b3830d-8b1d-4a60-8f9f-66062bc34e0e: 45 chunks; 0.5 s; peak memory 1200 MiB.
2026-10-06T06:44:50Z INFO [235/500] 43b616ee-77a9-4f8c-b8f5-c29bdffa8af1: 90 chunks; 1.9 s; peak memory 1200 MiB.
2026-10-06T06:44:52Z INFO [236/500] 43b67f13-f765-4d3a-8efd-276d548b65df: 71 chunks; 1.2 s; peak memory 1200 MiB.
2026-10-06T06:44:52Z INFO [237/500] 43b690ec-9330-40c3-ba77-6afb54998c62: 33 chunks; 0.6 s; peak memory 1200 MiB.
2026-10-06T06:44:53Z INFO [238/500] 43b7167a-85e4-48ce-bcb8-18aab7d99329: 105 chunks; 1.1 s; peak memory 1200 MiB.
2026-10-06T06:44:55Z INFO [239/500] 43b72447-d21d-490d-b1e2-5d90595acf76: 119 chunks; 2.1 s; peak memory 1200 MiB.
2026-10-06T06:44:56Z INFO [240/500] 43b725dd-17f3-4580-87e7-1cf63a022777: 66 chunks; 1.2 s; peak memory 1200 MiB.
2026-10-06T06:44:57Z INFO [241/500] 43b93e3a-475e-4f3e-aee7-76f6c8a67028: 117 chunks; 0.9 s; peak memory 1200 MiB.
2026-10-06T06:44:58Z INFO [242/500] 43b98cf4-513e-4dd5-b827-306ccaff6977: 117 chunks; 0.8 s; peak memory 1200 MiB.
2026-10-06T06:44:59Z INFO [243/500] 43b9c5be-6acf-4046-9eca-cc947195bebf: 112 chunks; 1.3 s; peak memory 1200 MiB.
2026-10-06T06:45:04Z INFO [244/500] 43b9c699-644c-4282-a29e-3fbf0303dc2f: 12028 chunks; 4.4 s; peak memory 1200 MiB.
2026-10-06T06:45:05Z INFO [245/500] 43b9ed08-177c-439c-9ce5-242f4c8a8aa3: 112 chunks; 0.9 s; peak memory 1200 MiB.
2026-10-06T06:45:06Z INFO [246/500] 43ba4d6c-fc6a-4cc2-bbc5-f9b6b95c261b: 118 chunks; 0.9 s; peak memory 1200 MiB.
2026-10-06T06:45:07Z INFO [247/500] 43ba5b32-59e4-4f41-bb1c-fa5c9da75fe4: 66 chunks; 1.2 s; peak memory 1200 MiB.
2026-10-06T06:45:08Z INFO [248/500] 43ba6c50-d03a-4692-a509-e8a8455bc69d: 48 chunks; 0.8 s; peak memory 1200 MiB.
2026-10-06T06:45:08Z INFO [249/500] 43ba8134-1d91-4dc9-9e2d-5cba3117837b: 48 chunks; 0.8 s; peak memory 1200 MiB.
2026-10-06T06:45:09Z INFO [250/500] 43bb65a9-1f33-43d9-913d-e7a58cf53c99: 158 chunks; 0.9 s; peak memory 1200 MiB.
2026-10-06T06:45:10Z INFO [250/500] 43bb65a9-1f33-43d9-913d-e7a58cf53c99: checkpointed 79584 records.
2026-10-06T06:45:11Z INFO [251/500] 43bc0b81-0180-4fe0-80d1-f0d2b1e71990: 118 chunks; 0.8 s; peak memory 1200 MiB.
2026-10-06T06:45:14Z INFO [252/500] 43bc97c2-c8dc-4174-bb9f-7bc1257b66b5: 5910 chunks; 3.0 s; peak memory 1200 MiB.
2026-10-06T06:45:14Z INFO [253/500] 43be5ed5-418f-4cef-b86f-9d7d094aaeb1: 57 chunks; 0.6 s; peak memory 1200 MiB.
2026-10-06T06:45:15Z INFO [254/500] 43bfd247-8f34-49e4-800e-0f4814a3505e: 112 chunks; 0.8 s; peak memory 1200 MiB.
2026-10-06T06:45:16Z INFO [255/500] 43bff22f-ce3c-49a5-ab11-352aee564e11: 48 chunks; 0.7 s; peak memory 1200 MiB.
2026-10-06T06:45:17Z INFO [256/500] 43c0433e-5f4e-46ec-bdda-3a4bec0f275e: 112 chunks; 1.0 s; peak memory 1200 MiB.
2026-10-06T06:45:18Z INFO [257/500] 43c29508-d0ee-43fe-bdba-1b71aa3fee6a: 71 chunks; 1.5 s; peak memory 1200 MiB.
2026-10-06T06:45:19Z INFO [258/500] 43c2e7fb-1242-4caa-8403-a7beab6eef84: 105 chunks; 1.2 s; peak memory 1200 MiB.
2026-10-06T06:45:21Z INFO [259/500] 43c58764-ab43-4356-a6bc-001aafd64d75: 115 chunks; 2.0 s; peak memory 1200 MiB.
2026-10-06T06:45:22Z INFO [260/500] 43c59b71-f586-4f89-9969-ee08fa035b8e: 52 chunks; 0.9 s; peak memory 1200 MiB.
2026-10-06T06:45:23Z INFO [261/500] 43c5f120-555a-42be-8170-5f3656d8906e: 48 chunks; 0.6 s; peak memory 1200 MiB.
2026-10-06T06:45:24Z INFO [262/500] 43c60a73-b560-4ad4-a6ed-8abb40e0bbbc: 118 chunks; 0.7 s; peak memory 1200 MiB.
2026-10-06T06:45:24Z INFO [263/500] 43c6b215-a2a5-4d9e-8037-7168c682342e: 48 chunks; 0.8 s; peak memory 1200 MiB.
2026-10-06T06:45:25Z INFO [264/500] 43c6cba9-9103-43aa-a5f0-b30e408a378b: 52 chunks; 0.7 s; peak memory 1200 MiB.
2026-10-06T06:45:26Z INFO [265/500] 43c7c593-0c62-4d9e-99a6-3b9227468ae6: 122 chunks; 0.8 s; peak memory 1200 MiB.
2026-10-06T06:45:27Z INFO [266/500] 43c8109a-beec-4cf2-8a45-bc954621689e: 118 chunks; 1.2 s; peak memory 1200 MiB.
2026-10-06T06:45:29Z INFO [267/500] 43c8455d-6dc3-4a44-bb18-f06e2ee18586: 156 chunks; 1.9 s; peak memory 1200 MiB.
2026-10-06T06:45:30Z INFO [268/500] 43c893c8-92d0-44c4-9809-3ecda456d593: 48 chunks; 0.7 s; peak memory 1200 MiB.
2026-10-06T06:45:30Z INFO [269/500] 43c8c8ad-9ffd-4226-8b97-ee9c92c4e1c3: 33 chunks; 0.6 s; peak memory 1200 MiB.
2026-10-06T06:45:32Z INFO [270/500] 43c91d98-6050-41fa-976f-d3caa6f2c076: 126 chunks; 1.6 s; peak memory 1200 MiB.
2026-10-06T06:45:33Z INFO [271/500] 43c9c903-29e1-40cb-ac95-e00cf5ec3259: 84 chunks; 0.9 s; peak memory 1200 MiB.
2026-10-06T06:45:35Z INFO [272/500] 43cab682-a24d-4022-9269-935021ccc01b: 112 chunks; 2.0 s; peak memory 1200 MiB.
2026-10-06T06:45:36Z INFO [273/500] 43cb84b0-c8a6-4eb0-8073-eaad0fec076a: 48 chunks; 0.9 s; peak memory 1200 MiB.
2026-10-06T06:45:37Z INFO [274/500] 43cd8ffe-faa5-4bdb-a6b7-2c81841e987f: 111 chunks; 1.2 s; peak memory 1200 MiB.
2026-10-06T06:45:38Z INFO [275/500] 43ce0e3c-5e20-4bcb-91f0-fea31dfb5c05: 52 chunks; 0.8 s; peak memory 1200 MiB.
2026-10-06T06:45:39Z INFO [276/500] 43cf0e06-93e4-4bb7-8120-093a30ed15e7: 112 chunks; 0.9 s; peak memory 1200 MiB.
2026-10-06T06:45:40Z INFO [277/500] 43cf5462-de2c-40cb-a133-c34f691450bc: 66 chunks; 1.1 s; peak memory 1200 MiB.
2026-10-06T06:45:40Z INFO [278/500] 43cf89f3-f68b-480a-bdc2-f1724d0b708c: 48 chunks; 0.8 s; peak memory 1200 MiB.
2026-10-06T06:45:42Z INFO [279/500] 43cfa373-ee1b-41e2-980b-227349f245b9: 62 chunks; 1.3 s; peak memory 1200 MiB.
2026-10-06T06:45:43Z INFO [280/500] 43d06a25-231a-4be9-acda-8a566bc9d2a4: 112 chunks; 0.9 s; peak memory 1200 MiB.
2026-10-06T06:45:43Z INFO [281/500] 43d0bb86-c672-4d4a-a689-ae270f6c2337: 48 chunks; 0.8 s; peak memory 1200 MiB.
2026-10-06T06:45:44Z INFO [282/500] 43d145fc-33e5-487e-a20b-56f3209f6a33: 48 chunks; 0.6 s; peak memory 1200 MiB.
2026-10-06T06:45:45Z INFO [283/500] 43d165ef-3287-4120-bf8b-b53fd4879dc5: 117 chunks; 0.7 s; peak memory 1200 MiB.
2026-10-06T06:45:46Z INFO [284/500] 43d1a121-262b-44c5-a766-d01f4c1832a4: 118 chunks; 0.9 s; peak memory 1200 MiB.
2026-10-06T06:45:49Z INFO [285/500] 43d1b1f9-35a2-49fe-8fd9-63b21f39c701: 238 chunks; 3.7 s; peak memory 1200 MiB.
2026-10-06T06:45:50Z INFO [286/500] 43d35493-86ad-4618-8573-d26009c4ecb6: 21 chunks; 0.6 s; peak memory 1200 MiB.
2026-10-06T06:45:51Z INFO [287/500] 43d48dbc-b81e-404e-89a3-4af319b31815: 118 chunks; 0.8 s; peak memory 1200 MiB.
2026-10-06T06:45:51Z INFO [288/500] 43d492aa-40e8-4fbc-85cd-3a524b6952c5: 46 chunks; 0.5 s; peak memory 1200 MiB.
2026-10-06T06:45:53Z INFO [289/500] 43d4b5a2-1a3b-4f90-b63f-dcfc4e1c5987: 78 chunks; 1.4 s; peak memory 1200 MiB.
2026-10-06T06:45:53Z INFO [290/500] 43d4d153-fd9e-4e56-98ea-7d11f3880c26: 35 chunks; 0.5 s; peak memory 1200 MiB.
2026-10-06T06:45:54Z INFO [291/500] 43d4f2a8-8d42-4c13-8df4-a23982798cc4: 48 chunks; 0.7 s; peak memory 1200 MiB.
2026-10-06T06:45:55Z INFO [292/500] 43d58ea0-eb68-4e05-9f79-7ea3116b8ffd: 48 chunks; 0.8 s; peak memory 1200 MiB.
2026-10-06T06:45:56Z INFO [293/500] 43d69a93-f9f9-41ad-88be-0a357a7f4a6e: 71 chunks; 1.0 s; peak memory 1200 MiB.
2026-10-06T06:45:56Z INFO [294/500] 43d71cb6-200f-4cc8-bfee-125a660e66cc: 60 chunks; 0.8 s; peak memory 1200 MiB.
2026-10-06T06:45:57Z INFO [295/500] 43d7d1a4-2b74-4d08-a0dc-7fd68a6a5775: 117 chunks; 0.8 s; peak memory 1200 MiB.
2026-10-06T06:45:58Z INFO [296/500] 43d8bbba-5b3b-472f-acb7-ed6ae0c1b4d5: 52 chunks; 0.7 s; peak memory 1200 MiB.
2026-10-06T06:45:59Z INFO [297/500] 43d99988-57d9-4134-9551-1e968016d7cf: 56 chunks; 0.5 s; peak memory 1200 MiB.
2026-10-06T06:46:00Z INFO [298/500] 43da0a02-d0d4-4f1f-bc22-8c47f6afe167: 152 chunks; 1.3 s; peak memory 1200 MiB.
2026-10-06T06:46:08Z INFO [299/500] 43da1170-bf82-4add-8538-c88fa6788432: 3248 chunks; 8.1 s; peak memory 1200 MiB.
2026-10-06T06:46:09Z INFO [300/500] 43da1b2a-443a-4397-9f9b-f669a9b66c49: 37 chunks; 0.5 s; peak memory 1200 MiB.
2026-10-06T06:46:09Z INFO [300/500] 43da1b2a-443a-4397-9f9b-f669a9b66c49: checkpointed 79634 records.
2026-10-06T06:46:09Z INFO [301/500] 43dc8ecb-8c7b-4f3a-a84a-95b5ecaf418d: 52 chunks; 0.5 s; peak memory 1200 MiB.
2026-10-06T06:46:15Z INFO [302/500] 43dce357-955a-424c-8b96-e30c9463bda6: 34106 chunks; 5.5 s; peak memory 1200 MiB.
2026-10-06T06:48:28Z INFO [303/500] 43dd2443-556c-46e3-bb56-930da4f1eb85: 46289 chunks; 133.0 s; peak memory 1200 MiB.
2026-10-06T06:48:29Z INFO [304/500] 43dd55b9-62d2-4569-8b26-228490aaddde: 118 chunks; 0.8 s; peak memory 1200 MiB.
2026-10-06T06:48:30Z INFO [305/500] 43dde4ee-340c-4a24-a4c9-330395864934: 117 chunks; 0.9 s; peak memory 1200 MiB.
2026-10-06T06:48:30Z INFO [306/500] 43de9151-7400-481b-9e27-8fe5a7035c30: 72 chunks; 0.8 s; peak memory 1200 MiB.
2026-10-06T06:48:31Z INFO [307/500] 43de9299-8f89-477c-aa7f-f11230825fe5: 117 chunks; 1.0 s; peak memory 1200 MiB.
2026-10-06T06:48:32Z INFO [308/500] 43dea309-4ea3-49f3-a5cf-4723596466c0: 261 chunks; 1.1 s; peak memory 1200 MiB.
2026-10-06T06:48:33Z INFO [309/500] 43dea474-d073-47c3-a72d-5d6d5594c21f: 116 chunks; 0.9 s; peak memory 1200 MiB.
2026-10-06T06:48:38Z INFO [310/500] 43df5308-f7df-4a38-97cc-838bf179b33f: 15875 chunks; 4.6 s; peak memory 1200 MiB.
2026-10-06T06:48:39Z INFO [311/500] 43df9fd2-4427-4674-811f-e8fd20723de7: 71 chunks; 1.3 s; peak memory 1200 MiB.
2026-10-06T06:48:40Z INFO [312/500] 43dfa922-af85-4da5-8039-a16100b351bc: 48 chunks; 0.8 s; peak memory 1200 MiB.
2026-10-06T06:48:41Z INFO [313/500] 43dfe207-815e-440d-bcd6-d96889d54277: 77 chunks; 0.9 s; peak memory 1200 MiB.
2026-10-06T06:48:42Z INFO [314/500] 43e12de5-bcee-4b2e-b158-8414c6e99bb2: 139 chunks; 1.3 s; peak memory 1200 MiB.
2026-10-06T06:48:43Z INFO [315/500] 43e1531e-5ab5-4194-9b90-a9179cd0ab13: 117 chunks; 1.0 s; peak memory 1200 MiB.
2026-10-06T06:48:51Z INFO [316/500] 43e200d9-3248-40e5-b11f-977754432c11: 583 chunks; 7.6 s; peak memory 1200 MiB.
2026-10-06T06:48:52Z INFO [317/500] 43e2eaa9-a06b-4ed4-9486-cf3152cc24c2: 997 chunks; 1.6 s; peak memory 1200 MiB.
2026-10-06T06:48:53Z INFO [318/500] 43e2f163-63c2-489b-96e0-ae0efb913c6c: 46 chunks; 0.6 s; peak memory 1200 MiB.
2026-10-06T06:48:54Z INFO [319/500] 43e2f68d-fe6d-42d6-a556-463da9338be0: 69 chunks; 0.9 s; peak memory 1200 MiB.
2026-10-06T06:48:55Z INFO [320/500] 43e3ba0c-3b91-480e-b924-ba8cf35b45dd: 118 chunks; 0.9 s; peak memory 1200 MiB.
2026-10-06T06:48:56Z INFO [321/500] 43e51ec3-2575-44e6-bb43-db20a01ee2aa: 48 chunks; 0.9 s; peak memory 1200 MiB.
2026-10-06T06:48:57Z INFO [322/500] 43e55c99-83a9-4b2a-8a7d-87aad00c9c4a: 64 chunks; 1.1 s; peak memory 1200 MiB.
2026-10-06T06:48:58Z INFO [323/500] 43e59f32-ea8b-4b7f-aad4-e988387d3ee6: 112 chunks; 1.1 s; peak memory 1200 MiB.
2026-10-06T06:48:59Z INFO [324/500] 43e726ce-3df9-4d67-8eca-63df605518aa: 110 chunks; 0.8 s; peak memory 1200 MiB.
2026-10-06T06:49:00Z INFO [325/500] 43e7ff74-7612-4aa5-ba03-edc905ce593f: 116 chunks; 1.0 s; peak memory 1200 MiB.
2026-10-06T06:49:02Z INFO [326/500] 43e9a381-862f-414a-9940-45e37dd0bcf0: 156 chunks; 2.1 s; peak memory 1200 MiB.
2026-10-06T06:49:03Z INFO [327/500] 43e9a7fc-ce9f-437d-a59a-2c8981b55977: 49 chunks; 0.9 s; peak memory 1200 MiB.
2026-10-06T06:49:06Z INFO [328/500] 43e9bfcb-7e5e-4074-90f0-ffc16678773b: 8812 chunks; 3.5 s; peak memory 1200 MiB.
2026-10-06T06:49:07Z INFO [329/500] 43ea098d-6a14-4625-953a-70f685981238: 66 chunks; 0.9 s; peak memory 1200 MiB.
2026-10-06T06:49:08Z INFO [330/500] 43eaaa1a-9f64-4bf7-9c54-9625df556a3f: 84 chunks; 0.8 s; peak memory 1200 MiB.
2026-10-06T06:49:13Z INFO [331/500] 43ead1ef-479f-47a1-a524-309cc374ae19: 23274 chunks; 5.1 s; peak memory 1200 MiB.
2026-10-06T06:49:14Z INFO [332/500] 43ebe6db-8aef-4fc2-8d55-a2be05795bba: 63 chunks; 0.7 s; peak memory 1200 MiB.
2026-10-06T06:49:15Z INFO [333/500] 43ec02a2-a706-48f5-9585-69fe359a7e39: 69 chunks; 1.1 s; peak memory 1200 MiB.
2026-10-06T06:49:18Z INFO [334/500] 43ec0c75-bca1-47a7-a731-9267f5b358da: 235 chunks; 3.8 s; peak memory 1200 MiB.
2026-10-06T06:49:20Z INFO [335/500] 43ec8c57-2a24-4ca3-b62f-fe932909c3a0: 115 chunks; 2.0 s; peak memory 1200 MiB.
2026-10-06T06:49:28Z INFO [336/500] 43eca2ce-101a-4c9a-8246-04b995ca21c3: 2576 chunks; 7.7 s; peak memory 1200 MiB.
2026-10-06T06:49:30Z INFO [337/500] 43ecc4ce-fce9-464b-8eba-5bcafda8ed4a: 163 chunks; 1.8 s; peak memory 1200 MiB.
2026-10-06T06:49:31Z INFO [338/500] 43ed0188-191a-43ee-9856-176a48a4c2f3: 66 chunks; 1.3 s; peak memory 1200 MiB.
2026-10-06T06:49:32Z INFO [339/500] 43ed3504-fb4b-4afd-b4d3-78841e52ff22: 117 chunks; 0.8 s; peak memory 1200 MiB.
2026-10-06T06:49:33Z INFO [340/500] 43ee43f2-faec-4f29-bb43-70e47ef21d0c: 84 chunks; 0.9 s; peak memory 1200 MiB.
2026-10-06T06:49:41Z INFO [341/500] 43ee44e8-67f4-4a59-a316-7afcb4b8ae42: 16128 chunks; 8.3 s; peak memory 1200 MiB.
2026-10-06T06:49:42Z INFO [342/500] 43ef0464-73af-4b91-bac8-50746edae4b7: 557 chunks; 0.9 s; peak memory 1200 MiB.
2026-10-06T06:49:43Z INFO [343/500] 43ef8e5d-f360-418f-b822-967db9efb614: 48 chunks; 0.8 s; peak memory 1200 MiB.
2026-10-06T06:49:44Z INFO [344/500] 43effbf3-6c65-4673-991e-4ffe3db6d6b5: 71 chunks; 1.6 s; peak memory 1200 MiB.
2026-10-06T06:49:49Z INFO [345/500] 43f28f27-6143-4f0f-be83-3b1d5721cf6c: 12818 chunks; 4.8 s; peak memory 1200 MiB.
2026-10-06T06:49:50Z INFO [346/500] 43f2916c-8293-4ea0-9d5b-25faa004d760: 45 chunks; 0.9 s; peak memory 1200 MiB.
2026-10-06T06:49:53Z INFO [347/500] 43f2deb6-8d63-4a64-86f3-8a92288d791f: 218 chunks; 2.5 s; peak memory 1200 MiB.
2026-10-06T06:49:54Z INFO [348/500] 43f339f6-c8b4-41c2-941c-c1b8e6efbb33: 112 chunks; 0.9 s; peak memory 1200 MiB.
2026-10-06T06:49:54Z INFO [349/500] 43f38a7f-e86e-43f8-871d-f8e38b577b9b: 289 chunks; 1.0 s; peak memory 1200 MiB.
2026-10-06T06:49:55Z INFO [350/500] 43f3ad68-b7f7-4047-ba5a-87e5bf0a783a: 48 chunks; 0.6 s; peak memory 1200 MiB.
2026-10-06T06:49:55Z INFO [350/500] 43f3ad68-b7f7-4047-ba5a-87e5bf0a783a: checkpointed 79684 records.
2026-10-06T06:49:56Z INFO [351/500] 43f40b62-d57c-434f-aad2-d580c8a8aa91: 75 chunks; 1.0 s; peak memory 1200 MiB.
2026-10-06T06:49:57Z INFO [352/500] 43f422c9-e15f-494b-87e6-d82254424b9a: 117 chunks; 0.7 s; peak memory 1200 MiB.
2026-10-06T06:49:59Z INFO [353/500] 43f4812e-7406-4e15-98d9-3d706274f01c: 156 chunks; 2.0 s; peak memory 1200 MiB.
2026-10-06T06:50:00Z INFO [354/500] 43f593b0-8b9b-403c-bcd0-26162e3f24e5: 50 chunks; 0.6 s; peak memory 1200 MiB.
2026-10-06T06:50:07Z INFO [355/500] 43f6219f-ac6e-4c26-8f0a-ab382e47a240: 2388 chunks; 7.1 s; peak memory 1200 MiB.
2026-10-06T06:50:07Z INFO [356/500] 43f6389c-17cd-482c-a5a1-50993e7f89bb: 48 chunks; 0.6 s; peak memory 1200 MiB.
2026-10-06T06:50:08Z INFO [357/500] 43fa8501-137d-4bc8-b775-5c61f713777d: 49 chunks; 0.6 s; peak memory 1200 MiB.
2026-10-06T06:50:13Z INFO [358/500] 43fb9439-33b7-44b0-bc1b-d63cc718dc81: 23358 chunks; 5.3 s; peak memory 1200 MiB.
2026-10-06T06:50:14Z INFO [359/500] 43fb9945-4b3d-4441-840a-49651c00de69: 289 chunks; 1.1 s; peak memory 1200 MiB.
2026-10-06T06:50:17Z INFO [360/500] 43fbe02f-5492-4f3c-be99-4dada227b276: 3568 chunks; 2.8 s; peak memory 1200 MiB.
2026-10-06T06:50:18Z INFO [361/500] 43fe010d-9991-4672-bd6d-f53afdd44e29: 112 chunks; 1.1 s; peak memory 1200 MiB.
2026-10-06T06:50:19Z INFO [362/500] 43ff25f1-cf3b-42fc-bd81-12f092769663: 46 chunks; 0.7 s; peak memory 1200 MiB.
2026-10-06T06:50:20Z INFO [363/500] 44002a05-91d4-4b82-b72c-ea359c08c9cf: 48 chunks; 0.7 s; peak memory 1200 MiB.
2026-10-06T06:50:21Z INFO [364/500] 4400d000-9af7-4841-aef2-8656acb6fd9b: 184 chunks; 1.5 s; peak memory 1200 MiB.
2026-10-06T06:50:23Z INFO [365/500] 44011696-9c9f-4ac7-b558-ed24fb28bcc3: 1061 chunks; 1.8 s; peak memory 1200 MiB.
2026-10-06T06:50:24Z INFO [366/500] 44020a94-a64d-4177-b0d0-9b3c0a6ffee3: 48 chunks; 0.7 s; peak memory 1200 MiB.
2026-10-06T06:50:43Z INFO [367/500] 44023497-8ffb-40e8-b0ad-0ad0d9a0c117: 6137 chunks; 19.6 s; peak memory 1200 MiB.
2026-10-06T06:50:44Z INFO [368/500] 44029cc2-8deb-468e-ab60-beec215da9bb: 117 chunks; 0.9 s; peak memory 1200 MiB.
2026-10-06T06:50:45Z INFO [369/500] 4402acd1-c5c5-4882-a9b3-68d72607d6e1: 46 chunks; 1.1 s; peak memory 1200 MiB.
2026-10-06T06:50:46Z INFO [370/500] 4403547c-0e21-4b24-a151-4be6bfb06129: 69 chunks; 0.9 s; peak memory 1200 MiB.
2026-10-06T06:50:53Z INFO [371/500] 440502da-8d0e-4988-b46f-d9185f0d8eb3: 20278 chunks; 7.2 s; peak memory 1200 MiB.
2026-10-06T06:50:55Z INFO [372/500] 440576e4-d6a9-4008-909d-8770e0dde312: 58 chunks; 1.3 s; peak memory 1200 MiB.
2026-10-06T06:50:56Z INFO [373/500] 44079519-8f1e-46bd-919c-b13e3950b86d: 112 chunks; 0.9 s; peak memory 1200 MiB.
2026-10-06T06:50:59Z INFO [374/500] 4407a8a1-0b1d-48e8-b2be-d88c9859fabb: 484 chunks; 3.6 s; peak memory 1200 MiB.
2026-10-06T06:51:00Z INFO [375/500] 4408597a-6d4d-4d5f-8fd3-17d9ec0d074d: 41 chunks; 0.6 s; peak memory 1200 MiB.
2026-10-06T06:51:01Z INFO [376/500] 44092aed-d6fa-4e26-9637-32ad5dea5e08: 52 chunks; 0.8 s; peak memory 1200 MiB.
2026-10-06T06:51:01Z INFO [377/500] 44096ff8-b585-4867-9b9e-a5d4e11900ad: 48 chunks; 0.7 s; peak memory 1200 MiB.
2026-10-06T06:51:02Z INFO [378/500] 440974c7-5080-4eab-8358-cbf6b452f812: 118 chunks; 1.1 s; peak memory 1200 MiB.
2026-10-06T06:51:03Z INFO [379/500] 4409e7ff-f653-48c4-be52-6b4aa95cbb2b: 46 chunks; 0.5 s; peak memory 1200 MiB.
2026-10-06T06:51:04Z INFO [380/500] 4409e89b-348d-419e-90a0-506f28ebf36c: 116 chunks; 0.8 s; peak memory 1200 MiB.
2026-10-06T06:51:05Z INFO [381/500] 440a71b6-95eb-4b2f-b23d-ecf0c61be3c6: 110 chunks; 1.2 s; peak memory 1200 MiB.
2026-10-06T06:51:06Z INFO [382/500] 440b3529-5480-47f1-a57f-f7294b3178b2: 64 chunks; 1.1 s; peak memory 1200 MiB.
2026-10-06T06:51:14Z INFO [383/500] 440b6562-2fff-4c38-b437-4d3188fbbb44: 1533 chunks; 8.0 s; peak memory 1200 MiB.
2026-10-06T06:51:15Z INFO [384/500] 440b9674-53d2-4c84-8759-5c72ea6070d3: 48 chunks; 0.8 s; peak memory 1200 MiB.
2026-10-06T06:51:17Z INFO [385/500] 440bd9e7-c875-4ae3-9d22-8db9efdb5ee7: 2112 chunks; 2.4 s; peak memory 1200 MiB.
2026-10-06T06:51:24Z INFO [386/500] 440c449e-6284-415e-b6a8-9555dde19efb: 16746 chunks; 6.7 s; peak memory 1200 MiB.
2026-10-06T06:51:25Z INFO [387/500] 440c4be8-b050-4071-9f75-29c804e63d51: 117 chunks; 0.7 s; peak memory 1200 MiB.
2026-10-06T06:51:27Z INFO [388/500] 440c9c25-9164-4cca-a3df-1851c5639c58: 123 chunks; 1.9 s; peak memory 1200 MiB.
2026-10-06T06:51:27Z INFO [389/500] 440c9c47-09d6-41e3-b4c2-6bc4f101071a: 36 chunks; 0.6 s; peak memory 1200 MiB.
2026-10-06T06:51:30Z INFO [390/500] 440ccce5-12ed-44c9-961f-819ed9ae8d97: 111 chunks; 3.0 s; peak memory 1200 MiB.
2026-10-06T06:51:34Z INFO [391/500] 440d326e-6f0e-42ee-9467-6355a9a6f51e: 2923 chunks; 3.8 s; peak memory 1200 MiB.
2026-10-06T06:51:36Z INFO [392/500] 440d4fde-169c-4f44-aa32-806745464584: 156 chunks; 1.8 s; peak memory 1200 MiB.
2026-10-06T06:51:37Z INFO [393/500] 440e41c5-46c4-4432-8057-2c3ad3f9705f: 112 chunks; 0.9 s; peak memory 1200 MiB.
2026-10-06T06:51:39Z INFO [394/500] 440f8132-8a4c-40ff-a063-459bae3e8c62: 114 chunks; 2.1 s; peak memory 1200 MiB.
2026-10-06T06:51:39Z INFO [395/500] 440f9de0-e3c8-4965-986c-7e50827e142d: 116 chunks; 0.8 s; peak memory 1200 MiB.
2026-10-06T06:51:40Z INFO [396/500] 4410ffce-0b92-4849-b0f0-8a91d908f0cd: 48 chunks; 0.8 s; peak memory 1200 MiB.
2026-10-06T06:51:41Z INFO [397/500] 44110f1f-4f52-411a-b4c1-a73a5d0490ca: 46 chunks; 0.6 s; peak memory 1200 MiB.
2026-10-06T06:51:42Z INFO [398/500] 44121ae4-a4a9-4c6e-9e14-ffde9acb50d8: 117 chunks; 0.9 s; peak memory 1200 MiB.
2026-10-06T06:51:42Z INFO [399/500] 441260f8-2032-45e8-bca3-7584eefb37ec: 48 chunks; 0.7 s; peak memory 1200 MiB.
2026-10-06T06:51:43Z INFO [400/500] 44133491-53fc-46e2-98ba-21c449649b31: 46 chunks; 0.5 s; peak memory 1200 MiB.
2026-10-06T06:51:43Z INFO [400/500] 44133491-53fc-46e2-98ba-21c449649b31: checkpointed 79734 records.
2026-10-06T06:51:44Z INFO [401/500] 4413495c-a19a-4a72-bdbd-7ba9102d3878: 76 chunks; 0.8 s; peak memory 1200 MiB.
2026-10-06T06:51:45Z INFO [402/500] 441365a4-8055-45ed-9f55-0997b9dc3117: 48 chunks; 0.7 s; peak memory 1200 MiB.
2026-10-06T06:51:45Z INFO [403/500] 441390c7-f2e6-46e0-bb6f-42da321854a1: 117 chunks; 0.7 s; peak memory 1200 MiB.
2026-10-06T06:51:46Z INFO [404/500] 4415cb52-4d1f-4d1d-a400-4f605593db16: 112 chunks; 1.0 s; peak memory 1200 MiB.
2026-10-06T06:51:47Z INFO [405/500] 44166645-d68d-4bab-b41d-a25a10a67640: 204 chunks; 1.1 s; peak memory 1200 MiB.
2026-10-06T06:51:48Z INFO [406/500] 44167364-34fd-4315-a27e-037a83da1e9f: 48 chunks; 0.7 s; peak memory 1200 MiB.
2026-10-06T06:51:52Z INFO [407/500] 44173bc4-7d00-46ea-abf0-4638936634c5: 231 chunks; 3.8 s; peak memory 1200 MiB.
2026-10-06T06:51:53Z INFO [408/500] 44176ec8-2764-4d10-9334-351bdd53d057: 48 chunks; 0.7 s; peak memory 1200 MiB.
2026-10-06T06:51:54Z INFO [409/500] 44179968-2c75-48b9-ba6f-f7cd93a0ead4: 192 chunks; 1.6 s; peak memory 1200 MiB.
2026-10-06T06:51:56Z INFO [410/500] 4417d22f-9c8c-49d7-ad17-3327ca146f53: 168 chunks; 1.7 s; peak memory 1200 MiB.
2026-10-06T06:51:56Z INFO [411/500] 4419aec3-1dee-490f-b298-a8eeac58cd70: 46 chunks; 0.4 s; peak memory 1200 MiB.
2026-10-06T06:51:57Z INFO [412/500] 441a761f-d06e-434a-b74b-8920d614844c: 112 chunks; 0.9 s; peak memory 1200 MiB.
2026-10-06T06:52:01Z INFO [413/500] 441b082d-7be5-4543-a009-c47d19f40ea2: 7860 chunks; 4.1 s; peak memory 1200 MiB.
2026-10-06T06:52:02Z INFO [414/500] 441b662d-05db-4d54-8367-3dfbd6a950e0: 117 chunks; 1.0 s; peak memory 1200 MiB.
2026-10-06T06:52:03Z INFO [415/500] 441bad4d-7250-4e3a-8a6f-bf2a3e4b1796: 48 chunks; 0.7 s; peak memory 1200 MiB.
2026-10-06T06:52:08Z INFO [416/500] 441bb582-6afe-476f-9bc5-e38b3223a190: 152 chunks; 4.6 s; peak memory 1200 MiB.
2026-10-06T06:52:09Z INFO [417/500] 441c8d54-7a0e-469c-87c7-c019d6204baf: 289 chunks; 1.0 s; peak memory 1200 MiB.
2026-10-06T06:52:19Z INFO [418/500] 441d6c28-da32-45e6-ad06-ebc81aacdf1e: 8229 chunks; 10.4 s; peak memory 1200 MiB.
2026-10-06T06:52:20Z INFO [419/500] 441d7973-4e41-465e-90be-e2a4909333f8: 46 chunks; 0.5 s; peak memory 1200 MiB.
2026-10-06T06:52:20Z INFO [420/500] 441e6496-b49c-4850-8596-e70a32b4a048: 116 chunks; 0.7 s; peak memory 1200 MiB.
2026-10-06T06:52:21Z INFO [421/500] 441ec622-1e0a-40ae-82aa-62dbe9930b5c: 48 chunks; 0.7 s; peak memory 1200 MiB.
2026-10-06T06:52:22Z INFO [422/500] 441ee090-1352-405c-958c-76c9bcfe2c16: 48 chunks; 0.8 s; peak memory 1200 MiB.
2026-10-06T06:52:23Z INFO [423/500] 441f0bec-4389-47b7-aa4f-50174d0d9aaa: 112 chunks; 0.9 s; peak memory 1200 MiB.
2026-10-06T06:52:24Z INFO [424/500] 441f43cc-42ef-4ba9-b667-966080fd83ad: 112 chunks; 0.7 s; peak memory 1200 MiB.
2026-10-06T06:52:28Z INFO [425/500] 441ff008-a306-4d1c-aaa5-be1c8c9424a9: 14823 chunks; 4.4 s; peak memory 1200 MiB.
2026-10-06T06:52:29Z INFO [426/500] 44206623-e324-4acb-8bfc-b9166691fdbd: 66 chunks; 1.1 s; peak memory 1200 MiB.
2026-10-06T06:52:33Z INFO [427/500] 44216401-085e-461b-b025-6ad811c35379: 240 chunks; 4.0 s; peak memory 1200 MiB.
2026-10-06T06:52:34Z INFO [428/500] 442177a3-f322-497d-a6d3-f470f98506d6: 48 chunks; 0.7 s; peak memory 1200 MiB.
2026-10-06T06:52:35Z INFO [429/500] 4422b399-bc9f-4f61-b3e9-4f7f89434440: 46 chunks; 0.8 s; peak memory 1200 MiB.
2026-10-06T06:52:35Z INFO [430/500] 4422d9ad-ec67-4298-b3d0-739a582475f1: 48 chunks; 0.9 s; peak memory 1200 MiB.
2026-10-06T06:52:36Z INFO [431/500] 442319b6-767f-4715-adee-20003645fc6e: 42 chunks; 0.8 s; peak memory 1200 MiB.
2026-10-06T06:52:37Z INFO [432/500] 442373a5-de43-4da0-8a98-643fd43b3d1c: 45 chunks; 0.6 s; peak memory 1200 MiB.
2026-10-06T06:52:38Z INFO [433/500] 44246e59-b664-4018-9bd9-f48d7718f2e0: 76 chunks; 1.1 s; peak memory 1200 MiB.
2026-10-06T06:52:40Z INFO [434/500] 44259816-8392-4753-8659-b602c687b750: 115 chunks; 1.8 s; peak memory 1200 MiB.
2026-10-06T06:52:41Z INFO [435/500] 44259c4e-3458-4a4f-8ce0-255da4d090cf: 112 chunks; 1.1 s; peak memory 1200 MiB.
2026-10-06T06:52:42Z INFO [436/500] 4425c433-3f1a-42a7-a6ae-e00416407979: 557 chunks; 0.8 s; peak memory 1200 MiB.
2026-10-06T06:52:43Z INFO [437/500] 4425ff23-94d6-4fec-a969-3bcb414f94cd: 62 chunks; 1.3 s; peak memory 1200 MiB.
2026-10-06T06:52:44Z INFO [438/500] 44262b3f-3654-476e-8dfa-48ba863c85d0: 48 chunks; 0.7 s; peak memory 1200 MiB.
2026-10-06T06:52:45Z INFO [439/500] 4426b5c6-a89d-43c5-9e8b-1efc319bd861: 112 chunks; 0.8 s; peak memory 1200 MiB.
2026-10-06T06:52:45Z INFO [440/500] 4427b1ed-93de-4b44-9862-ee267be5f308: 168 chunks; 0.8 s; peak memory 1200 MiB.
2026-10-06T06:52:46Z INFO [441/500] 4427c256-7f48-436a-8454-13d4c4357d8b: 116 chunks; 0.8 s; peak memory 1200 MiB.
2026-10-06T06:52:47Z INFO [442/500] 44280349-ad19-4e24-b655-c79691f9cedc: 112 chunks; 0.9 s; peak memory 1200 MiB.
2026-10-06T06:52:48Z INFO [443/500] 4428563e-dd80-46cd-80f5-acc9dd4feb4c: 46 chunks; 0.5 s; peak memory 1200 MiB.
2026-10-06T06:52:48Z INFO [444/500] 4429887f-b216-429f-b47d-1318faecb707: 33 chunks; 0.6 s; peak memory 1200 MiB.
2026-10-06T06:52:49Z INFO [445/500] 4429fbd7-db87-41aa-8eec-c89572be3065: 72 chunks; 0.7 s; peak memory 1200 MiB.
2026-10-06T06:52:55Z INFO [446/500] 442a4633-51ed-45ff-a43b-223b8bc59690: 1149 chunks; 5.9 s; peak memory 1200 MiB.
2026-10-06T06:52:56Z INFO [447/500] 442c5666-a9ac-4a6a-b90d-e587f8fbc69d: 48 chunks; 0.8 s; peak memory 1200 MiB.
2026-10-06T06:52:58Z INFO [448/500] 442d6d5e-92dd-4424-aa07-8ee60eeeafd8: 2736 chunks; 2.5 s; peak memory 1200 MiB.
2026-10-06T06:53:00Z INFO [449/500] 442e703d-4c20-4189-8181-1cd25665a791: 71 chunks; 1.5 s; peak memory 1200 MiB.
2026-10-06T06:53:00Z INFO [450/500] 442f9127-20a7-459e-ab68-e2aaa81e7cc0: 48 chunks; 0.7 s; peak memory 1200 MiB.
2026-10-06T06:53:01Z INFO [450/500] 442f9127-20a7-459e-ab68-e2aaa81e7cc0: checkpointed 79784 records.
2026-10-06T06:53:02Z INFO [451/500] 442fb0fb-4295-4e6b-9059-04f8951e1514: 112 chunks; 1.0 s; peak memory 1200 MiB.
2026-10-06T06:53:05Z INFO [452/500] 442fd769-ca0e-49e6-b41b-48c8773a7a2b: 4006 chunks; 2.9 s; peak memory 1200 MiB.
2026-10-06T06:53:06Z INFO [453/500] 44302ab2-5447-400c-96ac-244b6102ef60: 48 chunks; 0.9 s; peak memory 1200 MiB.
2026-10-06T06:53:06Z INFO [454/500] 4430b76c-122d-4cae-9725-3f3394f9d26c: 112 chunks; 0.9 s; peak memory 1200 MiB.
2026-10-06T06:53:07Z INFO [455/500] 4430f205-4e2a-4011-aa20-8510380673ed: 48 chunks; 0.8 s; peak memory 1200 MiB.
2026-10-06T06:53:08Z INFO [456/500] 44312748-e0ee-4d74-b585-248cdd460a2f: 117 chunks; 0.9 s; peak memory 1200 MiB.
2026-10-06T06:53:09Z INFO [457/500] 44326d3c-fa84-49a3-ab65-85b498affeb3: 116 chunks; 0.7 s; peak memory 1200 MiB.
2026-10-06T06:53:21Z INFO [458/500] 44333275-dcd0-4665-b664-2711dbaebcab: 428 chunks; 11.8 s; peak memory 1200 MiB.
2026-10-06T06:53:21Z INFO [459/500] 4433c8a2-1d94-421b-84bc-e8ab8fe169d1: 112 chunks; 0.8 s; peak memory 1200 MiB.
2026-10-06T06:53:23Z INFO [460/500] 4435a843-3349-4783-b616-50f202c86c20: 118 chunks; 1.4 s; peak memory 1200 MiB.
2026-10-06T06:53:29Z INFO [461/500] 443693aa-8907-4e44-b0a2-48326f1b74b1: 19780 chunks; 6.2 s; peak memory 1200 MiB.
2026-10-06T06:53:30Z INFO [462/500] 4438d7ac-c3ec-42d4-b0d4-16761a719ec8: 52 chunks; 0.8 s; peak memory 1200 MiB.
2026-10-06T06:53:31Z INFO [463/500] 44396262-64ab-4a0c-bb39-1f88c5b03915: 69 chunks; 1.1 s; peak memory 1200 MiB.
2026-10-06T06:53:35Z INFO [464/500] 44397ff4-98c8-4023-9564-2fba6cd2d900: 11356 chunks; 3.8 s; peak memory 1200 MiB.
2026-10-06T06:53:36Z INFO [465/500] 4439a3a7-a919-4b0b-899e-af986b71a1d6: 66 chunks; 1.1 s; peak memory 1200 MiB.
2026-10-06T06:53:37Z INFO [466/500] 443a371f-1362-4c3f-9484-cc72acaf03de: 70 chunks; 1.1 s; peak memory 1200 MiB.
2026-10-06T06:53:37Z INFO [467/500] 443b6cde-388d-474b-82e1-31facc38e9af: 46 chunks; 0.5 s; peak memory 1200 MiB.
2026-10-06T06:53:39Z INFO [468/500] 443b967d-87a8-4c02-be6f-f790dc5cd926: 119 chunks; 1.5 s; peak memory 1200 MiB.
2026-10-06T06:53:39Z INFO [469/500] 443c7159-13b3-4ddf-b75e-d1e8b0445f29: 116 chunks; 0.7 s; peak memory 1200 MiB.
2026-10-06T06:53:40Z INFO [470/500] 443c8bfa-36bc-48bf-9222-40b0f339d6f5: 48 chunks; 0.9 s; peak memory 1200 MiB.
2026-10-06T06:53:41Z INFO [471/500] 443d29ba-6c62-4f49-8186-06a5813d3aa1: 63 chunks; 0.8 s; peak memory 1200 MiB.
2026-10-06T06:53:42Z INFO [472/500] 443f0887-7824-48dd-9bd5-9181a7f47f8c: 72 chunks; 0.7 s; peak memory 1200 MiB.
2026-10-06T06:53:49Z INFO [473/500] 443f603f-3ba3-4976-a6e3-5a2ac4d794e7: 24803 chunks; 6.7 s; peak memory 1200 MiB.
2026-10-06T06:53:49Z INFO [474/500] 443fbc41-2692-4ac6-9814-beaf69790c28: 46 chunks; 0.4 s; peak memory 1200 MiB.
2026-10-06T06:53:50Z INFO [475/500] 444007f8-3178-4069-9c71-e3f10132b3e8: 69 chunks; 0.9 s; peak memory 1200 MiB.
2026-10-06T06:53:51Z INFO [476/500] 444035d5-459b-49ec-9b5f-c73123a548c0: 118 chunks; 0.7 s; peak memory 1200 MiB.
2026-10-06T06:53:51Z INFO [477/500] 4440c9dd-0581-4879-b122-a3581cad3844: 84 chunks; 0.8 s; peak memory 1200 MiB.
2026-10-06T06:53:52Z INFO [478/500] 4441307e-00b4-472f-ab9c-29e3050b27ea: 48 chunks; 0.7 s; peak memory 1200 MiB.
2026-10-06T06:53:53Z INFO [479/500] 4441625c-2ac3-4fad-b695-a40cd3b54aff: 112 chunks; 1.0 s; peak memory 1200 MiB.
2026-10-06T06:53:54Z INFO [480/500] 444162d7-d9f5-4125-a8c4-9d5e56116754: 46 chunks; 0.6 s; peak memory 1200 MiB.
2026-10-06T06:53:54Z INFO [481/500] 44418587-a360-4781-b957-85420832075f: 48 chunks; 0.8 s; peak memory 1200 MiB.
2026-10-06T06:53:55Z INFO [482/500] 4441ede5-80b5-43f3-bfff-533941ab6d5d: 116 chunks; 0.8 s; peak memory 1200 MiB.
2026-10-06T06:53:56Z INFO [483/500] 444222fc-500f-434a-8f6a-d2ab0b786f4f: 48 chunks; 0.8 s; peak memory 1200 MiB.
2026-10-06T06:54:01Z INFO [484/500] 44429e27-b0dc-4244-b840-efb3c2eb2e05: 339 chunks; 5.5 s; peak memory 1200 MiB.
2026-10-06T06:54:02Z INFO [485/500] 4442a8ce-3b58-4dac-92a3-4d84d704a120: 289 chunks; 1.0 s; peak memory 1200 MiB.
2026-10-06T06:54:03Z INFO [486/500] 4442e79a-ac21-4fe6-a413-6452a2dec142: 58 chunks; 0.5 s; peak memory 1200 MiB.
2026-10-06T06:54:04Z INFO [487/500] 4443043c-74c5-4b89-8dee-cd2da011207a: 64 chunks; 1.2 s; peak memory 1200 MiB.
2026-10-06T06:54:12Z INFO [488/500] 444333b6-8248-4ac0-9164-b1467f14e079: 402 chunks; 7.7 s; peak memory 1200 MiB.
2026-10-06T06:54:13Z INFO [489/500] 4443cda5-d378-40c0-896f-1ab183eb7f1b: 48 chunks; 0.8 s; peak memory 1200 MiB.
2026-10-06T06:54:13Z INFO [490/500] 4443f640-3b4b-4dbf-9d7f-8b30b3f6d727: 46 chunks; 0.4 s; peak memory 1200 MiB.
2026-10-06T06:54:14Z INFO [491/500] 44441ded-2b0a-4b78-afb9-7e85f9f9d618: 118 chunks; 0.8 s; peak memory 1200 MiB.
2026-10-06T06:54:15Z INFO [492/500] 44442b8c-97fa-4831-b859-765263764814: 84 chunks; 0.9 s; peak memory 1200 MiB.
2026-10-06T06:54:16Z INFO [493/500] 44447fdd-5b1a-4855-a617-209ece1da830: 112 chunks; 1.1 s; peak memory 1200 MiB.
2026-10-06T06:54:17Z INFO [494/500] 4444fd23-254f-4fd0-a366-fa809f5bb8c6: 52 chunks; 0.7 s; peak memory 1200 MiB.
2026-10-06T06:54:18Z INFO [495/500] 4446cced-a176-4972-b9a2-7eaaeefca64b: 66 chunks; 1.5 s; peak memory 1200 MiB.
2026-10-06T06:54:19Z INFO [496/500] 4446da81-f7a5-4395-a27b-bc1ea3fdebf7: 48 chunks; 0.7 s; peak memory 1200 MiB.
2026-10-06T06:54:20Z INFO [497/500] 44472aed-e456-4aae-822f-e9a9c3825a5f: 66 chunks; 1.1 s; peak memory 1200 MiB.
2026-10-06T06:54:21Z INFO [498/500] 4447b7e0-516f-44a6-9e50-538336fe3251: 48 chunks; 0.7 s; peak memory 1200 MiB.
2026-10-06T06:54:25Z INFO [499/500] 4447f568-3080-44a0-9a9f-0345c00405fc: 670 chunks; 3.7 s; peak memory 1200 MiB.
2026-10-06T06:54:25Z INFO [500/500] 4448eca7-5ef1-4af7-87c0-aac0e53d3ce6: 48 chunks; 0.7 s; peak memory 1200 MiB.
2026-10-06T06:54:26Z INFO [500/500] 4448eca7-5ef1-4af7-87c0-aac0e53d3ce6: checkpointed 79834 records.
2026-10-06T06:54:26Z INFO Wrote 79834 records to /tmp/derivatives/valid_nwb_file_to_chunk_stats.jsonl (500 new, 0 failed) in 53.3 min (peak memory 1200 MiB).
