2026-10-09T05:09:30Z INFO Logging to /tmp/logs/update_2026-10-09T05-09-30Z.log.
2026-10-09T05:09:30Z INFO Update valid-nwb-file-to-chunk-stats (base directory /tmp).
2026-10-09T05:09:30Z INFO Processing 500 items (95834 already recorded).
2026-10-09T05:09:35Z INFO [1/500] 6575d418-a8db-4ce5-bc4f-04c1ebb946dd: 27006 chunks; 5.0 s; peak memory 241 MiB.
2026-10-09T05:09:36Z INFO [2/500] 65773f6a-6ebe-413c-9e56-4a5b1446cbd0: 112 chunks; 1.2 s; peak memory 241 MiB.
2026-10-09T05:09:37Z INFO [3/500] 6577ded2-0202-4eb0-b37f-47827b1873cf: 48 chunks; 0.9 s; peak memory 241 MiB.
2026-10-09T05:09:38Z INFO [4/500] 6578ac2b-7a71-4d4d-a0f7-dc9c1caff2c9: 52 chunks; 1.1 s; peak memory 242 MiB.
2026-10-09T05:09:39Z INFO [5/500] 6578bb4d-2975-4e43-8560-2948ff3ad299: 52 chunks; 1.0 s; peak memory 242 MiB.
2026-10-09T05:09:40Z INFO [6/500] 6579b460-d173-464a-b10e-3ebc8368f3e4: 48 chunks; 1.0 s; peak memory 242 MiB.
2026-10-09T05:09:41Z INFO [7/500] 657a4e22-83fb-4694-aba2-6e0a7af2843d: 69 chunks; 0.7 s; peak memory 242 MiB.
2026-10-09T05:09:42Z INFO [8/500] 657aa3e4-4f95-48ab-b0c3-bdea20206048: 64 chunks; 0.9 s; peak memory 242 MiB.
2026-10-09T05:09:50Z INFO [9/500] 657b073b-df33-4ec4-a3fe-abee9d639ecd: 14148 chunks; 8.7 s; peak memory 244 MiB.
2026-10-09T05:09:52Z INFO [10/500] 657bc3db-1437-405c-a9c2-9e199e1123e9: 112 chunks; 1.4 s; peak memory 244 MiB.
2026-10-09T05:09:53Z INFO [11/500] 657bc8e9-8013-4679-ae89-d4613602fb4e: 42 chunks; 1.0 s; peak memory 244 MiB.
2026-10-09T05:09:54Z INFO [12/500] 657cba50-61aa-4425-a43a-f65c4c2f9102: 69 chunks; 0.8 s; peak memory 244 MiB.
2026-10-09T05:09:55Z INFO [13/500] 657de212-2ad5-4dbb-a405-083b70ee511a: 118 chunks; 1.0 s; peak memory 244 MiB.
2026-10-09T05:17:54Z INFO [14/500] 657de593-1619-46f1-ab24-a733344561e8: 150502 chunks; 478.9 s; peak memory 748 MiB.
2026-10-09T05:17:55Z INFO [15/500] 657e541d-1d88-4e9d-b6ae-94de1541fbb2: 199 chunks; 1.9 s; peak memory 748 MiB.
2026-10-09T05:17:57Z INFO [16/500] 657f4241-6e0f-4169-979a-e348a96be93f: 62 chunks; 1.2 s; peak memory 748 MiB.
2026-10-09T05:17:57Z INFO [17/500] 658096f3-6170-4f13-aa36-7ba4793d8563: 48 chunks; 0.8 s; peak memory 748 MiB.
2026-10-09T05:18:02Z INFO [18/500] 6580ce91-9a93-43a5-ae8c-7121002f153f: 478 chunks; 4.3 s; peak memory 748 MiB.
2026-10-09T05:18:05Z INFO [19/500] 65812db3-47ff-4792-96f2-4e3c2f55d91e: 3467 chunks; 3.4 s; peak memory 748 MiB.
2026-10-09T05:18:06Z INFO [20/500] 658199d5-1df2-4b87-99ce-4e69ea209acb: 48 chunks; 1.0 s; peak memory 748 MiB.
2026-10-09T05:18:07Z INFO [21/500] 65820110-5c13-4b2f-a8ac-c2fc7d9f4f1f: 112 chunks; 1.2 s; peak memory 748 MiB.
2026-10-09T05:18:09Z INFO [22/500] 65831ce1-6fb4-43cf-b745-a5224c72200d: 112 chunks; 1.5 s; peak memory 748 MiB.
2026-10-09T05:18:10Z INFO [23/500] 658417dc-505d-40ed-970a-b0780d720fc8: 117 chunks; 1.0 s; peak memory 748 MiB.
2026-10-09T05:18:18Z INFO [24/500] 6585a7a7-c7a6-42bd-a992-f0073cb712f9: 7426 chunks; 7.6 s; peak memory 748 MiB.
2026-10-09T05:18:19Z INFO [25/500] 6586e9e1-f35f-4437-8472-d6b639534cad: 110 chunks; 1.3 s; peak memory 748 MiB.
2026-10-09T05:18:20Z INFO [26/500] 6586ef2a-ef01-40ea-a5ac-43e9ce8c117c: 118 chunks; 0.9 s; peak memory 748 MiB.
2026-10-09T05:18:20Z INFO [27/500] 6587465d-96e7-4f07-924a-50ec44af2f39: 48 chunks; 0.8 s; peak memory 748 MiB.
2026-10-09T05:18:22Z INFO [28/500] 6587d772-c4a9-450e-95ed-303e29323f5c: 112 chunks; 1.1 s; peak memory 748 MiB.
2026-10-09T05:18:26Z INFO [29/500] 6587e1d0-b307-4479-aace-10236aad685e: 14676 chunks; 4.7 s; peak memory 748 MiB.
2026-10-09T05:18:27Z INFO [30/500] 6588d453-7872-4f32-8661-28bb5bb5caac: 66 chunks; 1.1 s; peak memory 748 MiB.
2026-10-09T05:18:28Z INFO [31/500] 6589731d-c6c0-439b-bf57-520af85b454d: 48 chunks; 0.9 s; peak memory 748 MiB.
2026-10-09T05:18:36Z INFO [32/500] 65898a0a-126c-469e-8530-8313623d9e13: 4223 chunks; 7.8 s; peak memory 748 MiB.
2026-10-09T05:18:37Z INFO [33/500] 658b0c7d-0da0-4c78-b737-a7842e17f7d5: 59 chunks; 0.9 s; peak memory 748 MiB.
2026-10-09T05:18:39Z INFO [34/500] 658b5e22-b67b-4dd7-a969-57b74a168d86: 103 chunks; 2.0 s; peak memory 748 MiB.
2026-10-09T05:18:40Z INFO [35/500] 658b8aff-643b-4353-98a3-09437d4143b1: 69 chunks; 1.1 s; peak memory 748 MiB.
2026-10-09T05:18:41Z INFO [36/500] 658bf298-a785-4080-8cc9-e81ec3b605b2: 71 chunks; 1.1 s; peak memory 748 MiB.
2026-10-09T05:18:42Z INFO [37/500] 658bff2a-cd48-4f90-b8ac-d9d4499e0348: 51 chunks; 0.7 s; peak memory 748 MiB.
2026-10-09T05:18:43Z INFO [38/500] 658c12c7-c205-4b2d-a749-b57aafc6a30b: 62 chunks; 0.8 s; peak memory 748 MiB.
2026-10-09T05:18:44Z INFO [39/500] 658c1594-396d-4151-9038-9481c2f4920b: 48 chunks; 0.9 s; peak memory 748 MiB.
2026-10-09T05:18:49Z INFO [40/500] 658c58ef-34e5-4e1c-af59-c0af9209960a: 2919 chunks; 4.9 s; peak memory 748 MiB.
2026-10-09T05:19:58Z INFO [41/500] 658c6858-4fee-4211-9037-90e23cd43044: 45647 chunks; 69.0 s; peak memory 748 MiB.
2026-10-09T05:20:02Z INFO [42/500] 658da14e-4af1-4d39-99a3-26df1cfb1089: 740 chunks; 4.7 s; peak memory 748 MiB.
2026-10-09T05:20:03Z INFO [43/500] 658daf13-0ca7-4d5c-9150-cd7b9a727de1: 48 chunks; 0.8 s; peak memory 748 MiB.
2026-10-09T05:20:11Z INFO [44/500] 658f7ab4-209e-4a95-937e-697b9d883a25: 30460 chunks; 7.7 s; peak memory 748 MiB.
2026-10-09T05:20:11Z INFO [45/500] 658fa1d7-a211-4979-b306-6de316350f96: 46 chunks; 0.5 s; peak memory 748 MiB.
2026-10-09T05:20:12Z INFO [46/500] 658fa591-c42d-4c72-9028-fff000e5486f: 117 chunks; 0.9 s; peak memory 748 MiB.
2026-10-09T05:20:13Z INFO [47/500] 65901c2a-7c26-48c6-8ee1-3bd73e9bb9b7: 48 chunks; 0.7 s; peak memory 748 MiB.
2026-10-09T05:20:14Z INFO [48/500] 65907df2-aa84-4aa1-a93c-dbad00e07334: 69 chunks; 1.1 s; peak memory 748 MiB.
2026-10-09T05:20:17Z INFO [49/500] 6591bf38-dadc-4df2-967c-7a2b3786ad09: 184 chunks; 2.8 s; peak memory 748 MiB.
2026-10-09T05:20:18Z INFO [50/500] 6591f2c8-fec2-465c-890f-5dfafa78b421: 62 chunks; 1.1 s; peak memory 748 MiB.
2026-10-09T05:20:18Z INFO [50/500] 6591f2c8-fec2-465c-890f-5dfafa78b421: checkpointed 95884 new records.
2026-10-09T05:20:25Z INFO [51/500] 65922168-c9d8-4f21-9f8e-470675548a96: 16162 chunks; 6.4 s; peak memory 748 MiB.
2026-10-09T05:20:25Z INFO [52/500] 65937d9c-c8db-489f-bdd8-f49259e393a2: 46 chunks; 0.7 s; peak memory 748 MiB.
2026-10-09T05:20:39Z INFO [53/500] 6593e529-d2d6-4896-a52f-5b1942e01e6c: 8229 chunks; 13.5 s; peak memory 748 MiB.
2026-10-09T05:20:47Z INFO [54/500] 6593eeaa-e50c-499b-acb1-b9031aa2f67a: 13188 chunks; 7.8 s; peak memory 748 MiB.
2026-10-09T05:20:48Z INFO [55/500] 65944b2c-e50a-4c4e-a640-179dd974e7d0: 1061 chunks; 1.7 s; peak memory 748 MiB.
2026-10-09T05:20:49Z INFO [56/500] 6594759b-a817-4d3c-aea5-3c0f98bd204a: 66 chunks; 0.7 s; peak memory 748 MiB.
2026-10-09T05:20:50Z INFO [57/500] 6595109a-bb0a-4688-88af-d8a4e2344c46: 48 chunks; 0.9 s; peak memory 748 MiB.
2026-10-09T05:20:56Z INFO [58/500] 6595246f-9284-4817-9c7c-cf4609ef6136: 30954 chunks; 5.8 s; peak memory 748 MiB.
2026-10-09T05:20:57Z INFO [59/500] 65964cb2-02a3-4318-b4fe-64d40f60c452: 117 chunks; 1.1 s; peak memory 748 MiB.
2026-10-09T05:21:02Z INFO [60/500] 65965012-0eff-48fc-bff2-1959b449fba9: 11830 chunks; 5.1 s; peak memory 748 MiB.
2026-10-09T05:21:03Z INFO [61/500] 6597e2ec-6dde-402b-b0f6-b1849c57a2a0: 62 chunks; 1.3 s; peak memory 748 MiB.
2026-10-09T05:21:05Z INFO [62/500] 6597fe04-9a72-45b7-9890-0b8ff4e593db: 142 chunks; 1.5 s; peak memory 748 MiB.
2026-10-09T05:21:10Z INFO [63/500] 659812d3-16fd-435d-a135-068bfed62194: 4260 chunks; 5.3 s; peak memory 748 MiB.
2026-10-09T05:21:11Z INFO [64/500] 65986f82-8d74-4e0b-bad9-d3e26a797e42: 117 chunks; 1.0 s; peak memory 748 MiB.
2026-10-09T05:21:12Z INFO [65/500] 6598c540-92a7-41f1-b67d-9ba2f6db99d6: 112 chunks; 1.3 s; peak memory 748 MiB.
2026-10-09T05:21:13Z INFO [66/500] 659b0682-82e7-4d8e-bc62-1e42c780fb4e: 33 chunks; 0.7 s; peak memory 748 MiB.
2026-10-09T05:21:14Z INFO [67/500] 659b3663-7da6-4700-ba90-6518b981ad1a: 110 chunks; 0.9 s; peak memory 748 MiB.
2026-10-09T05:21:15Z INFO [68/500] 659b9404-fb26-4647-9668-dff1b8b8ecfd: 48 chunks; 0.8 s; peak memory 748 MiB.
2026-10-09T05:21:15Z INFO [69/500] 659bb2cd-67e3-434d-8132-3561db353e8d: 52 chunks; 0.8 s; peak memory 748 MiB.
2026-10-09T05:21:17Z INFO [70/500] 659bfe9d-e5dd-401b-9613-618e7f2653dd: 66 chunks; 1.2 s; peak memory 748 MiB.
2026-10-09T05:21:17Z INFO [71/500] 659c09d9-278e-4a7f-a372-755396415210: 121 chunks; 0.8 s; peak memory 748 MiB.
2026-10-09T05:21:18Z INFO [72/500] 659d2a8c-1747-4a4f-b783-bc217cf5f6da: 45 chunks; 0.8 s; peak memory 748 MiB.
2026-10-09T05:21:19Z INFO [73/500] 659e4939-7f3d-4f4d-9485-3d6b024bc7c2: 48 chunks; 0.7 s; peak memory 748 MiB.
2026-10-09T05:21:20Z INFO [74/500] 659f6034-0f89-4507-b8b9-a200456f8871: 48 chunks; 0.8 s; peak memory 748 MiB.
2026-10-09T05:21:21Z INFO [75/500] 65a01d3d-b56b-4cf7-9cc2-ec9607cbf31d: 51 chunks; 1.2 s; peak memory 748 MiB.
2026-10-09T05:21:22Z INFO [76/500] 65a04f74-4dd0-475e-9e25-3aa13b1dbe7b: 48 chunks; 0.7 s; peak memory 748 MiB.
2026-10-09T05:21:22Z INFO [77/500] 65a062c2-d948-448f-99d1-8519fb68e69b: 48 chunks; 0.8 s; peak memory 748 MiB.
2026-10-09T05:21:23Z INFO [78/500] 65a09b87-bb79-4b33-aaf4-84f07034d6cc: 52 chunks; 0.7 s; peak memory 748 MiB.
2026-10-09T05:21:24Z INFO [79/500] 65a358a6-71bc-4b87-a9d2-c869a66a9839: 74 chunks; 1.1 s; peak memory 748 MiB.
2026-10-09T05:21:40Z INFO [80/500] 65a3c4f2-c944-44cb-b5ac-42dbed7655ae: 1000 chunks; 15.9 s; peak memory 748 MiB.
2026-10-09T05:21:41Z INFO [81/500] 65a46024-3cbe-4162-bd07-f75671c89ddd: 48 chunks; 1.0 s; peak memory 748 MiB.
2026-10-09T05:21:43Z INFO [82/500] 65a4b51b-36d4-4040-a619-807bc728639b: 114 chunks; 2.2 s; peak memory 748 MiB.
2026-10-09T05:21:44Z INFO [83/500] 65a50799-eefe-451c-b6db-0402564d5cd9: 48 chunks; 0.7 s; peak memory 748 MiB.
2026-10-09T05:23:48Z INFO [84/500] 65a52685-f9d5-40a2-a5b5-dcd6261228e8: 38212 chunks; 123.6 s; peak memory 748 MiB.
2026-10-09T05:23:57Z INFO [85/500] 65a53a72-69f1-48b5-b792-8ec234ef2695: 3764 chunks; 8.9 s; peak memory 748 MiB.
2026-10-09T05:23:59Z INFO [86/500] 65a692bf-5949-434a-b5fe-33a4b9b0bb38: 156 chunks; 2.4 s; peak memory 748 MiB.
2026-10-09T05:24:01Z INFO [87/500] 65a69607-555b-4dfa-9f31-c63267ccc6f7: 938 chunks; 1.8 s; peak memory 748 MiB.
2026-10-09T05:24:16Z INFO [88/500] 65a6f82a-74f8-4d43-8f4d-b2cfc684cf5e: 27418 chunks; 14.7 s; peak memory 748 MiB.
2026-10-09T05:24:17Z INFO [89/500] 65a7d97f-7f64-410d-9e6f-bc451324857d: 77 chunks; 0.9 s; peak memory 748 MiB.
2026-10-09T05:24:17Z INFO [90/500] 65a8186b-e507-4d0a-8714-7cddbaab2064: 45 chunks; 0.9 s; peak memory 748 MiB.
2026-10-09T05:24:18Z INFO [91/500] 65a84b16-45b1-44b3-bc6d-c4f892fd69e7: 43 chunks; 0.8 s; peak memory 748 MiB.
2026-10-09T05:24:19Z INFO [92/500] 65aa2918-d512-4df7-a026-4661ad442b3f: 48 chunks; 0.9 s; peak memory 748 MiB.
2026-10-09T05:24:20Z INFO [93/500] 65aa9017-045a-4fce-bedd-2399ca439d00: 48 chunks; 0.8 s; peak memory 748 MiB.
2026-10-09T05:24:21Z INFO [94/500] 65abbeca-5f4e-4a70-b20d-42e609c85b1a: 71 chunks; 1.5 s; peak memory 748 MiB.
2026-10-09T05:24:22Z INFO [95/500] 65abc018-29ee-4fc9-a6e0-865e84615238: 42 chunks; 0.8 s; peak memory 748 MiB.
2026-10-09T05:24:35Z INFO [96/500] 65ac0b43-8d01-40df-bc5b-02f959dd08d0: 2800 chunks; 12.8 s; peak memory 748 MiB.
2026-10-09T05:24:36Z INFO [97/500] 65ac5a86-34e8-4ed2-89f1-f34a17ded7af: 66 chunks; 1.4 s; peak memory 748 MiB.
2026-10-09T05:24:37Z INFO [98/500] 65acd698-37f3-42f1-985a-a8a7864a2838: 43 chunks; 0.8 s; peak memory 748 MiB.
2026-10-09T05:24:38Z INFO [99/500] 65ace9ad-7290-464d-b739-11a55134f5fd: 118 chunks; 0.9 s; peak memory 748 MiB.
2026-10-09T05:24:39Z INFO [100/500] 65ad4689-0ecc-4b51-9cb8-82d5e142f890: 48 chunks; 1.1 s; peak memory 748 MiB.
2026-10-09T05:24:39Z INFO [100/500] 65ad4689-0ecc-4b51-9cb8-82d5e142f890: checkpointed 95934 new records.
2026-10-09T05:24:45Z INFO [101/500] 65ad5e05-50f6-4226-b47b-0ee649cb725c: 4151 chunks; 5.9 s; peak memory 748 MiB.
2026-10-09T05:24:52Z INFO [102/500] 65adbc53-d8d1-4f90-908e-03fc7a05e063: 18600 chunks; 6.6 s; peak memory 748 MiB.
2026-10-09T05:24:57Z INFO [103/500] 65ae15a8-b889-444f-b31c-2dcfee98120a: 336 chunks; 5.6 s; peak memory 748 MiB.
2026-10-09T05:24:58Z INFO [104/500] 65ae5cd6-da36-4981-9000-6b50aec317a6: 48 chunks; 0.8 s; peak memory 748 MiB.
2026-10-09T05:25:25Z INFO [105/500] 65ae8b78-9019-4f94-8cbe-51abd7d40c55: 6576 chunks; 26.4 s; peak memory 748 MiB.
2026-10-09T05:25:28Z INFO [106/500] 65aeb286-1fb2-41a1-a834-7f378447f98e: 156 chunks; 2.9 s; peak memory 748 MiB.
2026-10-09T05:25:29Z INFO [107/500] 65aeb7b4-9deb-426d-850f-2f4e810aaeac: 66 chunks; 1.2 s; peak memory 748 MiB.
2026-10-09T05:25:37Z INFO [108/500] 65b144ca-e424-46a1-a98b-d5609ad2f2ca: 20845 chunks; 8.6 s; peak memory 748 MiB.
2026-10-09T05:25:52Z INFO [109/500] 65b1ba92-37b7-4132-8330-06043607bd4c: 4677 chunks; 14.5 s; peak memory 748 MiB.
2026-10-09T05:25:57Z INFO [110/500] 65b20906-79d0-4ca0-937c-43672ea08631: 317 chunks; 5.0 s; peak memory 748 MiB.
2026-10-09T05:25:58Z INFO [111/500] 65b45628-b16b-4c57-ae3c-7ea92e9ebcc0: 110 chunks; 1.0 s; peak memory 748 MiB.
2026-10-09T05:26:03Z INFO [112/500] 65b4af06-4e86-4641-b08d-a4dc046bef29: 24296 chunks; 5.5 s; peak memory 748 MiB.
2026-10-09T05:26:05Z INFO [113/500] 65b4c3c3-1a72-460c-9ff4-4b2b3e80684d: 110 chunks; 1.0 s; peak memory 748 MiB.
2026-10-09T05:26:18Z INFO [114/500] 65b53c22-8ee8-4149-8a8e-9409bec93d0d: 2199 chunks; 13.3 s; peak memory 748 MiB.
2026-10-09T05:26:19Z INFO [115/500] 65b5e4df-b493-44c5-b625-27af8155a549: 117 chunks; 1.1 s; peak memory 748 MiB.
2026-10-09T05:26:23Z INFO [116/500] 65b6268a-b719-4bf7-b0ed-45e4ec31130e: 287 chunks; 4.4 s; peak memory 748 MiB.
2026-10-09T05:26:24Z INFO [117/500] 65b62a9c-1b21-41f1-ae64-198c4078a31b: 51 chunks; 0.8 s; peak memory 748 MiB.
2026-10-09T05:26:29Z INFO [118/500] 65b6913e-e239-4523-9dbc-4367470f1986: 10247 chunks; 4.8 s; peak memory 748 MiB.
2026-10-09T05:26:31Z INFO [119/500] 65b77c84-f663-41d6-8ec8-f3a191d40961: 139 chunks; 1.8 s; peak memory 748 MiB.
2026-10-09T05:26:32Z INFO [120/500] 65b878de-4d7b-4675-b0bd-e53277f134a8: 45 chunks; 0.8 s; peak memory 748 MiB.
2026-10-09T05:26:33Z INFO [121/500] 65b95457-efa1-4614-acba-dcecded62700: 48 chunks; 1.0 s; peak memory 748 MiB.
2026-10-09T05:26:34Z INFO [122/500] 65bad335-97cf-403c-b47c-ac33a3f54468: 84 chunks; 0.9 s; peak memory 748 MiB.
2026-10-09T05:26:35Z INFO [123/500] 65baebfb-8b69-4f3d-91ce-32ea76736775: 104 chunks; 1.3 s; peak memory 748 MiB.
2026-10-09T05:26:36Z INFO [124/500] 65bba1fc-1af0-4047-a117-43c971f8753b: 117 chunks; 0.8 s; peak memory 748 MiB.
2026-10-09T05:26:37Z INFO [125/500] 65bbd738-83f8-468f-8afd-435bc1119217: 66 chunks; 1.3 s; peak memory 748 MiB.
2026-10-09T05:26:40Z INFO [126/500] 65bc5223-a747-44d1-8773-69f6dc6d65d2: 116 chunks; 2.7 s; peak memory 748 MiB.
2026-10-09T05:26:40Z INFO [127/500] 65bc8510-0382-4481-8672-ff33b94ff4a5: 48 chunks; 0.8 s; peak memory 748 MiB.
2026-10-09T05:26:45Z INFO [128/500] 65bcb821-6580-46b9-83f9-e940e9d493d3: 24874 chunks; 4.9 s; peak memory 748 MiB.
2026-10-09T05:26:47Z INFO [129/500] 65bcbf8f-ab6a-448f-9da3-4b542f907318: 67 chunks; 1.2 s; peak memory 748 MiB.
2026-10-09T05:26:48Z INFO [130/500] 65bdc1a6-85e5-4a03-a72f-6e86df43b6e2: 69 chunks; 1.2 s; peak memory 748 MiB.
2026-10-09T05:26:49Z INFO [131/500] 65bde3ac-6fa5-46a4-9fda-1f83aca48adc: 48 chunks; 0.9 s; peak memory 748 MiB.
2026-10-09T05:26:50Z INFO [132/500] 65bf2aae-9b64-4234-b072-4b366a1a79bd: 112 chunks; 1.3 s; peak memory 748 MiB.
2026-10-09T05:26:51Z INFO [133/500] 65bfca47-0376-4b42-9aeb-b29910d29508: 118 chunks; 1.1 s; peak memory 748 MiB.
2026-10-09T05:26:52Z INFO [134/500] 65c02776-c6d3-44f1-83a5-bdc5cc79d6c9: 116 chunks; 0.8 s; peak memory 748 MiB.
2026-10-09T05:26:53Z INFO [135/500] 65c038c4-d363-4920-9feb-fbc75ecd2bbd: 51 chunks; 0.6 s; peak memory 748 MiB.
2026-10-09T05:26:53Z INFO [136/500] 65c14a6b-5dfc-4a17-b8f0-b40f0118b75c: 54 chunks; 0.7 s; peak memory 748 MiB.
2026-10-09T05:26:54Z INFO [137/500] 65c24ca9-748e-45b8-b81d-d0e1a06aeeb8: 48 chunks; 0.8 s; peak memory 748 MiB.
2026-10-09T05:26:59Z INFO [138/500] 65c27e4f-c16c-47b8-a3e4-9390a9a0571c: 15774 chunks; 4.6 s; peak memory 748 MiB.
2026-10-09T05:26:59Z INFO [139/500] 65c2ab89-a6ee-4341-8920-77e2765a7b57: 48 chunks; 0.8 s; peak memory 748 MiB.
2026-10-09T05:27:00Z INFO [140/500] 65c2c69e-f511-4768-b734-5379501b1a06: 33 chunks; 0.6 s; peak memory 748 MiB.
2026-10-09T05:27:01Z INFO [141/500] 65c43caf-514a-4257-952e-4457c8be5a61: 46 chunks; 0.6 s; peak memory 748 MiB.
2026-10-09T05:29:18Z INFO [142/500] 65c4a325-1989-42fe-a2ea-cc01395e4b86: 40535 chunks; 137.7 s; peak memory 748 MiB.
2026-10-09T05:31:48Z INFO [143/500] 65c52671-e850-431b-a3ef-ec7439f7bcc9: 44947 chunks; 150.2 s; peak memory 748 MiB.
2026-10-09T05:31:51Z INFO [144/500] 65c5f70e-798e-43f4-b1d4-e9a032ac5f7c: 150 chunks; 2.5 s; peak memory 748 MiB.
2026-10-09T05:31:52Z INFO [145/500] 65c6bfcf-c2fb-4b46-a87d-28510238a209: 937 chunks; 1.4 s; peak memory 748 MiB.
2026-10-09T05:31:53Z INFO [146/500] 65c7926a-af79-4ecd-9078-4bdf78dfd849: 117 chunks; 1.0 s; peak memory 748 MiB.
2026-10-09T05:31:58Z INFO [147/500] 65c8ed7d-db51-4e31-85bd-d740e3058aad: 4151 chunks; 5.2 s; peak memory 748 MiB.
2026-10-09T05:31:59Z INFO [148/500] 65ca8bb2-53f7-4a94-a8e5-5980e68d47c5: 48 chunks; 0.9 s; peak memory 748 MiB.
2026-10-09T05:32:00Z INFO [149/500] 65cb6417-6d3a-4431-b6a0-751263bc40d1: 48 chunks; 0.7 s; peak memory 748 MiB.
2026-10-09T05:32:01Z INFO [150/500] 65ccc0b7-a142-428b-91f2-0a1fcd3bc664: 69 chunks; 1.1 s; peak memory 748 MiB.
2026-10-09T05:32:01Z INFO [150/500] 65ccc0b7-a142-428b-91f2-0a1fcd3bc664: checkpointed 95984 new records.
2026-10-09T05:32:02Z INFO [151/500] 65ccf9ee-2442-43ce-9cee-61a273febb75: 48 chunks; 0.9 s; peak memory 748 MiB.
2026-10-09T05:32:04Z INFO [152/500] 65cd2c38-3270-4f21-8b05-6af14d2b6ad2: 112 chunks; 1.1 s; peak memory 748 MiB.
2026-10-09T05:32:06Z INFO [153/500] 65cf5be8-9dfe-45b6-bda4-74539770b2ae: 156 chunks; 2.9 s; peak memory 748 MiB.
2026-10-09T05:32:07Z INFO [154/500] 65cffb48-28b8-4944-ac6e-a64613202836: 48 chunks; 0.9 s; peak memory 748 MiB.
2026-10-09T05:32:08Z INFO [155/500] 65cffcb8-f358-4372-a9ca-e44f77dac7ba: 83 chunks; 1.1 s; peak memory 748 MiB.
2026-10-09T05:32:09Z INFO [156/500] 65d052d2-5a42-4abd-a62a-d1e4bb9f27a9: 66 chunks; 1.1 s; peak memory 748 MiB.
2026-10-09T05:32:13Z INFO [157/500] 65d08e2a-38d4-477e-bf49-e3cb7cdcfc24: 208 chunks; 3.6 s; peak memory 748 MiB.
2026-10-09T05:32:14Z INFO [158/500] 65d0bd73-b0c1-40a2-a2d6-0f07183a6f9a: 48 chunks; 0.8 s; peak memory 748 MiB.
2026-10-09T05:32:15Z INFO [159/500] 65d2307a-f0d4-4268-96f0-c6a92fd279b9: 52 chunks; 0.8 s; peak memory 748 MiB.
2026-10-09T05:32:16Z INFO [160/500] 65d24714-b94d-4680-9548-0e9b7ed4b597: 118 chunks; 1.1 s; peak memory 748 MiB.
2026-10-09T05:32:16Z INFO [161/500] 65d27b83-8967-4f8e-b1d0-c0743cfea44a: 46 chunks; 0.6 s; peak memory 748 MiB.
2026-10-09T05:32:17Z INFO [162/500] 65d2a73f-595b-4a91-8922-75d01d19c1c9: 48 chunks; 0.8 s; peak memory 748 MiB.
2026-10-09T05:32:18Z INFO [163/500] 65d312e0-79db-4838-8aff-ac0a2799b0ba: 52 chunks; 0.7 s; peak memory 748 MiB.
2026-10-09T05:32:19Z INFO [164/500] 65d44a16-cd46-4121-9cdf-ca517a0c8e79: 48 chunks; 1.0 s; peak memory 748 MiB.
2026-10-09T05:32:28Z INFO [165/500] 65d49bad-9801-411d-a957-f0f412b0f661: 24749 chunks; 9.7 s; peak memory 748 MiB.
2026-10-09T05:32:29Z INFO [166/500] 65d4e8e8-ba83-4d2b-97cc-b86f4e05ded7: 44 chunks; 0.8 s; peak memory 748 MiB.
2026-10-09T05:34:48Z INFO [167/500] 65d54014-efe3-46e5-882e-20b177c298a9: 608277 chunks; 139.0 s; peak memory 1248 MiB.
2026-10-09T05:34:57Z INFO [168/500] 65d54b9e-4dc1-4b85-bf23-89b090179e82: 6603 chunks; 8.7 s; peak memory 1248 MiB.
2026-10-09T05:34:58Z INFO [169/500] 65d5defd-2407-471b-8f23-6f9e5f8d4988: 48 chunks; 1.0 s; peak memory 1248 MiB.
2026-10-09T05:34:59Z INFO [170/500] 65d64dce-8200-4a1e-b39a-0923a7f299a1: 66 chunks; 1.3 s; peak memory 1248 MiB.
2026-10-09T05:35:00Z INFO [171/500] 65d65404-45dc-43a5-a7bb-cab87da902e1: 112 chunks; 1.1 s; peak memory 1248 MiB.
2026-10-09T05:35:08Z INFO [172/500] 65d677e8-bf53-4600-8fce-a3a8be49e9e2: 10542 chunks; 8.1 s; peak memory 1248 MiB.
2026-10-09T05:35:09Z INFO [173/500] 65d72ba2-8424-43c6-855e-77933250e898: 46 chunks; 0.8 s; peak memory 1248 MiB.
2026-10-09T05:35:10Z INFO [174/500] 65d82f32-ddc6-4798-99af-34694433a540: 37 chunks; 0.7 s; peak memory 1248 MiB.
2026-10-09T05:35:11Z INFO [175/500] 65d90a36-e8bf-481c-9eee-d7ad83d2089e: 51 chunks; 1.2 s; peak memory 1248 MiB.
2026-10-09T05:35:12Z INFO [176/500] 65d91bc4-b73b-449a-853b-032734711a02: 48 chunks; 1.0 s; peak memory 1248 MiB.
2026-10-09T05:35:13Z INFO [177/500] 65d939cb-7b65-4e04-ac2e-2752abeed637: 52 chunks; 1.0 s; peak memory 1248 MiB.
2026-10-09T05:35:14Z INFO [178/500] 65d96cdf-bf86-468c-bb21-cca90123edca: 78 chunks; 1.3 s; peak memory 1248 MiB.
2026-10-09T05:35:15Z INFO [179/500] 65d9eb34-2f6f-444f-9755-9b8e76df46ca: 289 chunks; 1.2 s; peak memory 1248 MiB.
2026-10-09T05:35:16Z INFO [180/500] 65da473d-76bb-4ae8-b08e-ec4a3ce21bb5: 112 chunks; 1.0 s; peak memory 1248 MiB.
2026-10-09T05:35:18Z INFO [181/500] 65da5bb1-73af-4380-98ee-7e3472aa4b57: 76 chunks; 1.1 s; peak memory 1248 MiB.
2026-10-09T05:35:19Z INFO [182/500] 65db4d43-d9dc-4487-87b9-e89141993aa5: 58 chunks; 1.3 s; peak memory 1248 MiB.
2026-10-09T05:35:20Z INFO [183/500] 65dc9c60-a91c-4e66-976b-3bcf654c9036: 48 chunks; 0.9 s; peak memory 1248 MiB.
2026-10-09T05:35:21Z INFO [184/500] 65dcdf30-c6c7-4f13-840e-d4cfcaa2ecc2: 50 chunks; 0.8 s; peak memory 1248 MiB.
2026-10-09T05:35:21Z INFO [185/500] 65dcfc65-45d0-44c8-a671-93129dac367a: 118 chunks; 0.9 s; peak memory 1248 MiB.
2026-10-09T05:35:24Z INFO [186/500] 65dd55ac-0861-4846-bce1-faccec99e196: 156 chunks; 2.3 s; peak memory 1248 MiB.
2026-10-09T05:35:25Z INFO [187/500] 65ddb5c4-7a90-4f3d-8829-e796539d83df: 117 chunks; 1.1 s; peak memory 1248 MiB.
2026-10-09T05:35:38Z INFO [188/500] 65de6e48-3adb-4aff-80dc-2b223a85573b: 4717 chunks; 13.6 s; peak memory 1248 MiB.
2026-10-09T05:35:39Z INFO [189/500] 65dec32b-7122-4089-ba9e-522223c601f9: 48 chunks; 0.7 s; peak memory 1248 MiB.
2026-10-09T05:35:41Z INFO [190/500] 65dfa2c6-bd93-49de-845f-59ffb7a35663: 1061 chunks; 2.1 s; peak memory 1248 MiB.
2026-10-09T05:35:42Z INFO [191/500] 65e05b33-0c14-4861-be0f-3dfc82084949: 112 chunks; 1.1 s; peak memory 1248 MiB.
2026-10-09T05:35:43Z INFO [192/500] 65e108f6-c0b8-472f-b0a1-69c885c11f5c: 112 chunks; 1.0 s; peak memory 1248 MiB.
2026-10-09T05:35:44Z INFO [193/500] 65e1720c-dc4a-4618-863b-296464c98daf: 48 chunks; 0.9 s; peak memory 1248 MiB.
2026-10-09T05:35:45Z INFO [194/500] 65e23ba6-1904-46ad-b75e-b2c6c5ddf28a: 117 chunks; 0.9 s; peak memory 1248 MiB.
2026-10-09T05:35:47Z INFO [195/500] 65e2a20d-1687-4bbb-929f-3f6ecf563edd: 133 chunks; 1.8 s; peak memory 1248 MiB.
2026-10-09T05:35:48Z INFO [196/500] 65e2c368-4a60-4f40-b861-46e7993e6457: 189 chunks; 1.5 s; peak memory 1248 MiB.
2026-10-09T05:35:50Z INFO [197/500] 65e32b6d-e7b9-4a21-b9d9-b780685c0ad0: 66 chunks; 1.2 s; peak memory 1248 MiB.
2026-10-09T05:35:51Z INFO [198/500] 65e3524d-aeda-4046-a774-93bf0e84e4d4: 117 chunks; 0.9 s; peak memory 1248 MiB.
2026-10-09T05:35:51Z INFO [199/500] 65e3eccf-fc54-4ecf-b5a6-42c3effd5f58: 110 chunks; 0.8 s; peak memory 1248 MiB.
2026-10-09T05:35:52Z INFO [200/500] 65e46b63-b67d-4398-9054-d0ea4f3ac3e2: 50 chunks; 0.8 s; peak memory 1248 MiB.
2026-10-09T05:35:52Z INFO [200/500] 65e46b63-b67d-4398-9054-d0ea4f3ac3e2: checkpointed 96034 new records.
2026-10-09T05:35:53Z INFO [201/500] 65e4f14d-2517-457a-b6d6-8cba8448c5cf: 48 chunks; 0.8 s; peak memory 1248 MiB.
2026-10-09T05:35:54Z INFO [202/500] 65e50e54-3b3b-42a7-b234-b893ea25e464: 112 chunks; 1.0 s; peak memory 1248 MiB.
2026-10-09T05:35:55Z INFO [203/500] 65e57159-3da2-44ec-adfe-5d49ee4ca874: 48 chunks; 0.8 s; peak memory 1248 MiB.
2026-10-09T05:35:56Z INFO [204/500] 65e5a7c0-2a04-47eb-b000-795e4c6057c4: 46 chunks; 0.5 s; peak memory 1248 MiB.
2026-10-09T05:35:57Z INFO [205/500] 65e5e211-1bd9-4041-aea4-6380616f91c3: 69 chunks; 1.2 s; peak memory 1248 MiB.
2026-10-09T05:35:58Z INFO [206/500] 65e6095d-d0e3-49ea-892d-bb61732ec36e: 45 chunks; 0.7 s; peak memory 1248 MiB.
2026-10-09T05:35:59Z INFO [207/500] 65e7e178-e622-41ca-a730-80a4a141c65c: 70 chunks; 1.1 s; peak memory 1248 MiB.
2026-10-09T05:36:26Z INFO [208/500] 65e86d25-3d52-405c-a64f-996f0dd9d464: 24933 chunks; 27.2 s; peak memory 1248 MiB.
2026-10-09T05:36:27Z INFO [209/500] 65e8f319-0c72-4558-bc1b-162b5afe99a2: 48 chunks; 0.8 s; peak memory 1248 MiB.
2026-10-09T05:36:27Z INFO [210/500] 65e9b8f2-ccbb-4145-bea3-b468809971f3: 50 chunks; 0.7 s; peak memory 1248 MiB.
2026-10-09T05:36:29Z INFO [211/500] 65eb0a3a-6ed6-441d-9e35-9db77c4b5832: 69 chunks; 1.4 s; peak memory 1248 MiB.
2026-10-09T05:36:30Z INFO [212/500] 65ecc688-66de-44ac-b72a-08bfdd31dd62: 69 chunks; 1.3 s; peak memory 1248 MiB.
2026-10-09T05:36:32Z INFO [213/500] 65ecd9fa-7a73-41b1-a78b-8a1eb8d31db8: 71 chunks; 2.0 s; peak memory 1248 MiB.
2026-10-09T05:36:33Z INFO [214/500] 65edd534-1c69-427a-80e6-5fa81e3f5fd6: 48 chunks; 0.9 s; peak memory 1248 MiB.
2026-10-09T05:36:35Z INFO [215/500] 65ee0ad7-195d-4c36-a232-22c25fa289ca: 71 chunks; 1.8 s; peak memory 1248 MiB.
2026-10-09T05:36:36Z INFO [216/500] 65ef4b87-295f-413e-ab74-6ae1aab4af25: 92 chunks; 1.1 s; peak memory 1248 MiB.
2026-10-09T05:36:42Z INFO [217/500] 65f0f1ce-ba20-47a6-9f02-67559c8b4575: 1102 chunks; 6.3 s; peak memory 1248 MiB.
2026-10-09T05:36:43Z INFO [218/500] 65f1e584-1917-40c2-9af6-8d37b1e9d5e8: 46 chunks; 0.6 s; peak memory 1248 MiB.
2026-10-09T05:36:44Z INFO [219/500] 65f22ae6-d68b-4f2f-989e-61e5a4d4a7c4: 69 chunks; 1.1 s; peak memory 1248 MiB.
2026-10-09T05:36:45Z INFO [220/500] 65f3bc6d-ce72-42b5-9b36-1220a31ce5ee: 48 chunks; 0.8 s; peak memory 1248 MiB.
2026-10-09T05:36:46Z INFO [221/500] 65f3d0fd-b5b2-4f5f-aef3-63ad16cf27d3: 112 chunks; 1.0 s; peak memory 1248 MiB.
2026-10-09T05:36:47Z INFO [222/500] 65f40066-45bc-4089-9f75-67b84e43660a: 112 chunks; 1.0 s; peak memory 1248 MiB.
2026-10-09T05:36:48Z INFO [223/500] 65f49c87-49b2-4ad9-a84b-5b7e3b960343: 48 chunks; 0.9 s; peak memory 1248 MiB.
2026-10-09T05:36:49Z INFO [224/500] 65f57b27-5a89-40d0-82f6-a9630501bbe3: 230 chunks; 1.7 s; peak memory 1248 MiB.
2026-10-09T05:36:51Z INFO [225/500] 65f5fb18-4c4a-498c-86ef-3cb3a85290ce: 1641 chunks; 2.2 s; peak memory 1248 MiB.
2026-10-09T05:36:52Z INFO [226/500] 65f84d6b-f000-4d7a-b9ac-4919af51a277: 118 chunks; 0.9 s; peak memory 1248 MiB.
2026-10-09T05:36:53Z INFO [227/500] 65f9417a-c954-4d3d-9cf3-6cf29ebc6789: 48 chunks; 0.9 s; peak memory 1248 MiB.
2026-10-09T05:36:54Z INFO [228/500] 65f94b45-a6e0-4378-985b-5159a542070e: 48 chunks; 1.0 s; peak memory 1248 MiB.
2026-10-09T05:36:55Z INFO [229/500] 65fa0ec5-ecad-4d29-bed2-2d71be05f88f: 46 chunks; 0.6 s; peak memory 1248 MiB.
2026-10-09T05:36:56Z INFO [230/500] 65fa22f5-5191-4450-8f8d-0bfb39147b30: 48 chunks; 1.0 s; peak memory 1248 MiB.
2026-10-09T05:36:57Z INFO [231/500] 65fc68ed-bd12-41bd-b728-4a11f767ca71: 68 chunks; 1.0 s; peak memory 1248 MiB.
2026-10-09T05:36:58Z INFO [232/500] 65fcc429-3e8d-4c74-8834-8fbc2a79b8a1: 49 chunks; 1.1 s; peak memory 1248 MiB.
2026-10-09T05:36:59Z INFO [233/500] 65fcea06-b63f-45d8-a130-f5170921c1b7: 46 chunks; 0.7 s; peak memory 1248 MiB.
2026-10-09T05:36:59Z INFO [234/500] 65fd3f74-7087-4a36-9111-24f1ff0d5b03: 57 chunks; 0.7 s; peak memory 1248 MiB.
2026-10-09T05:37:00Z INFO [235/500] 65fd51b8-2f2f-4cae-b90c-c7185b0fffc0: 48 chunks; 1.1 s; peak memory 1248 MiB.
2026-10-09T05:37:01Z INFO [236/500] 65fd8a59-5485-4403-8fca-863a25b1239d: 69 chunks; 1.0 s; peak memory 1248 MiB.
2026-10-09T05:37:03Z INFO [237/500] 65fe64a9-f249-4819-9b12-dc9a74ba2f00: 69 chunks; 1.2 s; peak memory 1248 MiB.
2026-10-09T05:37:03Z INFO [238/500] 65ff0575-6bf9-42a6-8b59-7ddaa73adf2f: 48 chunks; 0.8 s; peak memory 1248 MiB.
2026-10-09T05:37:04Z INFO [239/500] 66002970-1126-4fd7-9c7e-055af5e62fda: 83 chunks; 0.8 s; peak memory 1248 MiB.
2026-10-09T05:37:06Z INFO [240/500] 6600729a-19e6-44d9-a7f8-3aef25d9cbe2: 997 chunks; 1.5 s; peak memory 1248 MiB.
2026-10-09T05:37:11Z INFO [241/500] 66007c64-75f9-4b79-9824-d4e3491a92ef: 246 chunks; 4.9 s; peak memory 1248 MiB.
2026-10-09T05:37:13Z INFO [242/500] 6600946f-40f0-45d1-86b7-51d1bf971df5: 115 chunks; 2.6 s; peak memory 1248 MiB.
2026-10-09T05:37:21Z INFO [243/500] 66012795-cd99-4539-8d10-5ac5dbf52706: 13595 chunks; 7.4 s; peak memory 1248 MiB.
2026-10-09T05:37:21Z INFO [244/500] 66012b37-191a-48aa-bb85-f4bab9b6180d: 41 chunks; 0.8 s; peak memory 1248 MiB.
2026-10-09T05:37:22Z INFO [245/500] 66023fb6-2362-4b60-b18c-9ba6a027da04: 66 chunks; 1.0 s; peak memory 1248 MiB.
2026-10-09T05:37:23Z INFO [246/500] 66028e93-69f1-4ff8-97c6-d507cd80d84e: 48 chunks; 0.9 s; peak memory 1248 MiB.
2026-10-09T05:37:25Z INFO [247/500] 6602bd16-2df0-4b38-b054-d0e76f31b200: 1061 chunks; 2.1 s; peak memory 1248 MiB.
2026-10-09T05:37:49Z INFO [248/500] 660452fe-3d39-44a1-a542-a25342b4d99c: 6124 chunks; 23.9 s; peak memory 1248 MiB.
2026-10-09T05:37:50Z INFO [249/500] 66046057-02ce-4367-b7c1-db09db7b408d: 42 chunks; 0.7 s; peak memory 1248 MiB.
2026-10-09T05:37:51Z INFO [250/500] 66055702-b557-450a-b07e-81c558f68216: 75 chunks; 1.1 s; peak memory 1248 MiB.
2026-10-09T05:37:51Z INFO [250/500] 66055702-b557-450a-b07e-81c558f68216: checkpointed 96084 new records.
2026-10-09T05:38:10Z INFO [251/500] 6605b7e3-e0ef-48b0-b348-4545a22788b5: 30694 chunks; 18.5 s; peak memory 1248 MiB.
2026-10-09T05:38:10Z INFO [252/500] 6605ce2d-0953-4aef-a362-4599816e2b66: 69 chunks; 0.7 s; peak memory 1248 MiB.
2026-10-09T05:38:13Z INFO [253/500] 66060f29-3e00-4a16-a2ed-0e0e32b17d56: 201 chunks; 2.1 s; peak memory 1248 MiB.
2026-10-09T05:38:13Z INFO [254/500] 66062b21-e5df-49c9-a4b7-0eefacf92bbc: 78 chunks; 0.9 s; peak memory 1248 MiB.
2026-10-09T05:38:15Z INFO [255/500] 66063976-dcc1-4249-8bb2-b6a297fc2d9c: 71 chunks; 1.8 s; peak memory 1248 MiB.
2026-10-09T05:38:16Z INFO [256/500] 66065804-cb63-4ff3-992b-5b5b0cdf4497: 174 chunks; 1.1 s; peak memory 1248 MiB.
2026-10-09T05:38:18Z INFO [257/500] 6607f063-1f8e-4c25-9079-5bcbaf27a9bc: 121 chunks; 1.4 s; peak memory 1248 MiB.
2026-10-09T05:38:19Z INFO [258/500] 66084a55-0d35-4be2-b4f2-9ab9aed5c738: 112 chunks; 1.0 s; peak memory 1248 MiB.
2026-10-09T05:38:20Z INFO [259/500] 6608fd5b-8102-415b-9416-4f12a13726ff: 44 chunks; 1.0 s; peak memory 1248 MiB.
2026-10-09T05:38:21Z INFO [260/500] 66097314-411a-4575-b49d-8b126cf1e0ac: 124 chunks; 1.1 s; peak memory 1248 MiB.
2026-10-09T05:38:22Z INFO [261/500] 6609aed8-3bc9-47fb-988b-134bcb65cf7c: 116 chunks; 1.1 s; peak memory 1248 MiB.
2026-10-09T05:38:23Z INFO [262/500] 660adbdd-c15e-4981-8ac8-8e8fa4b6a2a5: 65 chunks; 0.8 s; peak memory 1248 MiB.
2026-10-09T05:38:24Z INFO [263/500] 660b4004-0226-4078-bd60-82d5bc70723b: 48 chunks; 0.9 s; peak memory 1248 MiB.
2026-10-09T05:38:24Z INFO [264/500] 660b64ef-d9c3-4a8f-985d-409ea0d5b210: 48 chunks; 0.9 s; peak memory 1248 MiB.
2026-10-09T05:38:25Z INFO [265/500] 660c6475-c1b4-4961-a2f2-2011f8b659f4: 69 chunks; 0.9 s; peak memory 1248 MiB.
2026-10-09T05:38:27Z INFO [266/500] 660deeed-2c8a-4910-9bcd-cd9d87911e3f: 53 chunks; 1.2 s; peak memory 1248 MiB.
2026-10-09T05:38:27Z INFO [267/500] 660eb831-e2ca-4c91-b7da-8a1dbbb15f20: 118 chunks; 0.7 s; peak memory 1248 MiB.
2026-10-09T05:38:29Z INFO [268/500] 660ebabd-3e0f-498b-a184-2137b45de44d: 71 chunks; 1.2 s; peak memory 1248 MiB.
2026-10-09T05:38:31Z INFO [269/500] 660f486b-669a-4fda-b466-e7855db9434b: 201 chunks; 2.3 s; peak memory 1248 MiB.
2026-10-09T05:38:32Z INFO [270/500] 660fd0a8-da82-436f-8350-3dc05149ba26: 66 chunks; 1.2 s; peak memory 1248 MiB.
2026-10-09T05:38:58Z INFO [271/500] 66101446-db4f-40b1-9557-64879cb3ea22: 6593 chunks; 26.0 s; peak memory 1248 MiB.
2026-10-09T05:39:00Z INFO [272/500] 6610bc0f-563c-43e1-8e24-78dfab61d0ee: 114 chunks; 1.9 s; peak memory 1248 MiB.
2026-10-09T05:39:01Z INFO [273/500] 661187f0-96a3-44cd-9d46-ea0ec170834c: 46 chunks; 0.7 s; peak memory 1248 MiB.
2026-10-09T05:39:02Z INFO [274/500] 661198ed-7352-4094-b557-fd5d6d2bf6ef: 133 chunks; 1.7 s; peak memory 1248 MiB.
2026-10-09T05:39:03Z INFO [275/500] 6611e60f-41c5-48a7-b951-f616bb007cb1: 46 chunks; 0.8 s; peak memory 1248 MiB.
2026-10-09T05:39:05Z INFO [276/500] 6611ef26-4ffb-4c8d-9273-cdefa6254331: 118 chunks; 2.1 s; peak memory 1248 MiB.
2026-10-09T05:39:13Z INFO [277/500] 66128aea-2637-4c06-86d9-dccfcbd8229d: 20582 chunks; 8.1 s; peak memory 1248 MiB.
2026-10-09T05:43:11Z INFO [278/500] 66138d84-db1c-47da-a1ef-9880f4a517b7: 75666 chunks; 237.6 s; peak memory 1248 MiB.
2026-10-09T05:43:12Z INFO [279/500] 6613a21c-7ce5-48b2-bb6f-242598583e0f: 68 chunks; 1.0 s; peak memory 1248 MiB.
2026-10-09T05:43:13Z INFO [280/500] 6613ce4d-e9d7-4fc0-aa41-3f15b1bbc42a: 74 chunks; 1.3 s; peak memory 1248 MiB.
2026-10-09T05:43:14Z INFO [281/500] 6614bac6-be31-44d7-9759-10aa34fc4487: 46 chunks; 0.6 s; peak memory 1248 MiB.
2026-10-09T05:43:15Z INFO [282/500] 66150f9c-39cf-45de-9a63-1633a4ffe13d: 48 chunks; 1.0 s; peak memory 1248 MiB.
2026-10-09T05:43:16Z INFO [283/500] 6615e5bb-8e85-442e-a1d8-cf3333d4575e: 46 chunks; 0.8 s; peak memory 1248 MiB.
2026-10-09T05:43:17Z INFO [284/500] 66169a7b-4aa1-4c7c-999b-13cdfed3bd44: 69 chunks; 1.3 s; peak memory 1248 MiB.
2026-10-09T05:43:18Z INFO [285/500] 66176d32-a77d-4dae-8baf-6f86c2aafe6e: 67 chunks; 1.3 s; peak memory 1248 MiB.
2026-10-09T05:43:22Z INFO [286/500] 6617b3dd-a424-43e9-a0aa-0a1bf9dd966b: 404 chunks; 3.7 s; peak memory 1248 MiB.
2026-10-09T05:43:24Z INFO [287/500] 6617bccd-f052-4c47-a328-6c07ef04e6e2: 115 chunks; 2.2 s; peak memory 1248 MiB.
2026-10-09T05:43:25Z INFO [288/500] 6617c9f8-b286-4f32-87bf-6950c4911da6: 50 chunks; 0.6 s; peak memory 1248 MiB.
2026-10-09T05:43:26Z INFO [289/500] 6618ba0f-9ef0-4e83-97a4-53566eb8f583: 46 chunks; 0.6 s; peak memory 1248 MiB.
2026-10-09T05:43:27Z INFO [290/500] 6619562f-77bc-4081-bf5a-178525a5128d: 71 chunks; 1.5 s; peak memory 1248 MiB.
2026-10-09T05:43:29Z INFO [291/500] 661a3908-2ce7-4c8f-9c44-3c9b6fbd94c4: 64 chunks; 1.8 s; peak memory 1248 MiB.
2026-10-09T05:43:31Z INFO [292/500] 661b767c-be92-44bc-92cc-3b599bc17d28: 156 chunks; 2.6 s; peak memory 1248 MiB.
2026-10-09T05:43:32Z INFO [293/500] 661b93e7-fb20-40ca-b2b4-925e11bd0067: 112 chunks; 1.0 s; peak memory 1248 MiB.
2026-10-09T05:43:33Z INFO [294/500] 661b9cde-08cc-4315-b814-2b6b450a99a3: 48 chunks; 0.9 s; peak memory 1248 MiB.
2026-10-09T05:59:09Z INFO [295/500] 661c22af-bb94-419d-be63-18a8cb4c5843: 295161 chunks; 935.9 s; peak memory 1248 MiB.
2026-10-09T05:59:18Z INFO [296/500] 661c9c75-de50-466d-a05d-dbab4b042fa0: 1638 chunks; 8.9 s; peak memory 1248 MiB.
2026-10-09T05:59:19Z INFO [297/500] 661d0c8f-c38a-488c-bb87-5bf2cdf2410e: 112 chunks; 1.0 s; peak memory 1248 MiB.
2026-10-09T05:59:20Z INFO [298/500] 6620c363-ab84-4e0d-8abb-06dce2ea7f72: 46 chunks; 0.8 s; peak memory 1248 MiB.
2026-10-09T05:59:26Z INFO [299/500] 66219a83-d194-4425-b89f-7cbff0b582e6: 1155 chunks; 6.3 s; peak memory 1248 MiB.
2026-10-09T05:59:29Z INFO [300/500] 6621a5ad-a26f-4d53-b0b1-3cd5db5c53f5: 156 chunks; 2.2 s; peak memory 1248 MiB.
2026-10-09T05:59:29Z INFO [300/500] 6621a5ad-a26f-4d53-b0b1-3cd5db5c53f5: checkpointed 96134 new records.
2026-10-09T05:59:40Z INFO [301/500] 6621bbd4-057a-4efd-bb74-bc93a297797f: 25948 chunks; 11.7 s; peak memory 1248 MiB.
2026-10-09T05:59:41Z INFO [302/500] 6621ef41-53e4-47ab-8de6-f584381385c7: 48 chunks; 1.0 s; peak memory 1248 MiB.
2026-10-09T05:59:43Z INFO [303/500] 66220aa9-2e83-445a-85a3-9765e305bc5e: 71 chunks; 1.2 s; peak memory 1248 MiB.
2026-10-09T05:59:44Z INFO [304/500] 66238d51-db6f-41d7-941e-c6148f57df57: 69 chunks; 1.4 s; peak memory 1248 MiB.
2026-10-09T05:59:45Z INFO [305/500] 6623c6fb-0cb0-4598-8862-015b2f6f43f6: 48 chunks; 0.8 s; peak memory 1248 MiB.
2026-10-09T05:59:45Z INFO [306/500] 662423de-ca92-46c5-ac99-3c17af45a18a: 46 chunks; 0.6 s; peak memory 1248 MiB.
2026-10-09T05:59:47Z INFO [307/500] 6624a844-efa0-412e-85dd-0022c6970754: 112 chunks; 1.1 s; peak memory 1248 MiB.
2026-10-09T05:59:47Z INFO [308/500] 662516cf-4655-4272-916c-cb0436e5fd2c: 48 chunks; 0.9 s; peak memory 1248 MiB.
2026-10-09T06:04:13Z INFO [309/500] 662539f8-74ce-428f-b454-9d73e8a469b9: 75355 chunks; 266.1 s; peak memory 1248 MiB.
2026-10-09T06:04:15Z INFO [310/500] 6625c549-500c-48e0-80ef-76bfeb0a37c8: 71 chunks; 1.3 s; peak memory 1248 MiB.
2026-10-09T06:04:24Z INFO [311/500] 6625d590-147a-489c-a0f9-ee0f9a087abc: 14543 chunks; 9.6 s; peak memory 1248 MiB.
2026-10-09T06:04:26Z INFO [312/500] 6625e0f4-15ee-4e6f-973b-107bd2f0ad1d: 117 chunks; 1.2 s; peak memory 1248 MiB.
2026-10-09T06:04:28Z INFO [313/500] 66260042-c92d-43bb-8e32-94d48811b495: 138 chunks; 2.0 s; peak memory 1248 MiB.
2026-10-09T06:04:28Z INFO [314/500] 6626bb09-2a6a-46f7-8103-be3cf299a99d: 53 chunks; 0.7 s; peak memory 1248 MiB.
2026-10-09T06:04:31Z INFO [315/500] 66274750-5bfa-4212-bd97-3edb54662c37: 156 chunks; 2.6 s; peak memory 1248 MiB.
2026-10-09T06:04:32Z INFO [316/500] 66278798-e1af-404e-ac1a-0870dcd0dbfd: 110 chunks; 1.0 s; peak memory 1248 MiB.
2026-10-09T06:04:33Z INFO [317/500] 6627bf6c-37de-44f9-bef4-89b493d460fd: 117 chunks; 1.1 s; peak memory 1248 MiB.
2026-10-09T06:04:34Z INFO [318/500] 6627ceff-b9e2-46df-b4b0-477cd1d4bfaa: 90 chunks; 0.8 s; peak memory 1248 MiB.
2026-10-09T06:04:35Z INFO [319/500] 662a07c5-8e5c-4cea-a4cb-d9a792ea2ab9: 72 chunks; 0.9 s; peak memory 1248 MiB.
2026-10-09T06:04:36Z INFO [320/500] 662aeb7f-6616-429c-89b9-1cc4fbfd049f: 48 chunks; 0.9 s; peak memory 1248 MiB.
2026-10-09T06:04:37Z INFO [321/500] 662b555e-6c31-4479-a899-6e0e6a31724c: 71 chunks; 1.4 s; peak memory 1248 MiB.
2026-10-09T06:04:38Z INFO [322/500] 662b5955-be91-4ee2-9716-0976d6dc68bd: 45 chunks; 0.7 s; peak memory 1248 MiB.
2026-10-09T06:04:40Z INFO [323/500] 662c7fe8-7ea9-439e-b88a-23a55a140773: 156 chunks; 2.8 s; peak memory 1248 MiB.
2026-10-09T06:05:17Z INFO [324/500] 662cac3f-3f46-47e8-b712-93751492d35d: 23508 chunks; 36.6 s; peak memory 1248 MiB.
2026-10-09T06:05:21Z INFO [325/500] 662d8db0-070d-45c6-a2fc-a2f0d69e155a: 2085 chunks; 4.2 s; peak memory 1248 MiB.
2026-10-09T06:05:23Z INFO [326/500] 662d9b9f-c9b7-4d7a-bff7-ac24a1d9b6a3: 71 chunks; 1.6 s; peak memory 1248 MiB.
2026-10-09T06:05:24Z INFO [327/500] 662dab64-ca49-4d88-9c4c-0956f6ed5b82: 48 chunks; 0.9 s; peak memory 1248 MiB.
2026-10-09T06:05:25Z INFO [328/500] 662e192d-947e-4375-9033-d974080d0157: 48 chunks; 1.0 s; peak memory 1248 MiB.
2026-10-09T06:05:27Z INFO [329/500] 662ec871-3a59-4ba1-ac0c-5232b02b8727: 114 chunks; 2.5 s; peak memory 1248 MiB.
2026-10-09T06:05:34Z INFO [330/500] 662fc6a6-5e3a-47dd-89ab-c1384beaad7e: 339 chunks; 6.6 s; peak memory 1248 MiB.
2026-10-09T06:05:35Z INFO [331/500] 66304680-3a61-4d7b-93a9-36ace0e51340: 48 chunks; 1.0 s; peak memory 1248 MiB.
2026-10-09T06:05:36Z INFO [332/500] 6630c373-d053-4dd7-bb6b-a0c11d19750d: 33 chunks; 0.7 s; peak memory 1248 MiB.
2026-10-09T06:05:37Z INFO [333/500] 6630ea5c-f482-494a-9d69-4dc8d861a01f: 153 chunks; 0.9 s; peak memory 1248 MiB.
2026-10-09T06:05:38Z INFO [334/500] 6630f958-3b60-4b30-8cca-01d9404aaf45: 117 chunks; 1.2 s; peak memory 1248 MiB.
2026-10-09T06:05:39Z INFO [335/500] 66322043-eb7e-4bd8-a4aa-4ac0b4f49bdc: 68 chunks; 0.9 s; peak memory 1248 MiB.
2026-10-09T06:05:40Z INFO [336/500] 6632c353-85ef-4335-b495-4b981fdfeab2: 33 chunks; 1.1 s; peak memory 1248 MiB.
2026-10-09T06:05:41Z INFO [337/500] 66334c2a-49fc-46a4-a3b2-9333f980a694: 48 chunks; 1.0 s; peak memory 1248 MiB.
2026-10-09T06:05:42Z INFO [338/500] 6633cdae-69c4-4500-ad18-d99fac901f4f: 69 chunks; 1.2 s; peak memory 1248 MiB.
2026-10-09T06:05:43Z INFO [339/500] 66344274-7742-4187-904a-6501f6cfe53b: 57 chunks; 0.6 s; peak memory 1248 MiB.
2026-10-09T06:05:44Z INFO [340/500] 6635c539-ba3e-48b3-83c2-a6899d35e16e: 66 chunks; 1.3 s; peak memory 1248 MiB.
2026-10-09T06:05:45Z INFO [341/500] 663622cb-8ad1-4494-ae89-b79f772b209a: 117 chunks; 0.8 s; peak memory 1248 MiB.
2026-10-09T06:05:51Z INFO [342/500] 663714c2-b36e-415d-9629-3e94a48565d4: 193 chunks; 6.2 s; peak memory 1248 MiB.
2026-10-09T06:06:23Z INFO [343/500] 663808f2-b362-4639-b505-8fa51ccbe91d: 32327 chunks; 32.4 s; peak memory 1248 MiB.
2026-10-09T06:06:25Z INFO [344/500] 6638230d-6400-4dcb-99c2-58c4715292f3: 112 chunks; 1.4 s; peak memory 1248 MiB.
2026-10-09T06:06:26Z INFO [345/500] 66390d10-c1fb-44ed-8cf1-908c2cadfe88: 69 chunks; 0.7 s; peak memory 1248 MiB.
2026-10-09T06:06:27Z INFO [346/500] 66397908-5df7-4e0e-a60d-2f3234beba92: 110 chunks; 1.2 s; peak memory 1248 MiB.
2026-10-09T06:06:28Z INFO [347/500] 6639b544-f18b-4061-9e09-76363bc545c8: 62 chunks; 1.3 s; peak memory 1248 MiB.
2026-10-09T06:06:29Z INFO [348/500] 663a97cf-8158-4e01-a7f5-d58c24fa65c0: 122 chunks; 1.1 s; peak memory 1248 MiB.
2026-10-09T06:06:41Z INFO [349/500] 663b846e-e7da-4f41-907e-cd3646602300: 8232 chunks; 12.3 s; peak memory 1248 MiB.
2026-10-09T06:06:44Z INFO [350/500] 663c4b38-e076-4075-b277-e7a7c72a3c1c: 116 chunks; 2.2 s; peak memory 1248 MiB.
2026-10-09T06:06:44Z INFO [350/500] 663c4b38-e076-4075-b277-e7a7c72a3c1c: checkpointed 96184 new records.
2026-10-09T06:06:45Z INFO [351/500] 663ccb7a-3636-401c-84f1-8a79a4aa6ff6: 52 chunks; 0.7 s; peak memory 1248 MiB.
2026-10-09T06:06:45Z INFO [352/500] 663d0625-c292-49f4-a3c5-516ba44b75ec: 33 chunks; 0.7 s; peak memory 1248 MiB.
2026-10-09T06:06:46Z INFO [353/500] 663d7818-99a2-4c04-90f0-6b2e9899b05c: 118 chunks; 1.2 s; peak memory 1248 MiB.
2026-10-09T06:06:48Z INFO [354/500] 663de3f6-af1f-4fbc-9529-471174fc0f85: 71 chunks; 1.6 s; peak memory 1248 MiB.
2026-10-09T06:06:52Z INFO [355/500] 663f2df6-8b83-4d04-9419-7c6d51d24780: 243 chunks; 4.3 s; peak memory 1248 MiB.
2026-10-09T06:06:53Z INFO [356/500] 663f77e8-f111-4088-bafe-d23bf1564fd0: 132 chunks; 0.8 s; peak memory 1248 MiB.
2026-10-09T06:06:55Z INFO [357/500] 663f8699-24b7-4299-be97-954288840916: 66 chunks; 1.5 s; peak memory 1248 MiB.
2026-10-09T06:06:57Z INFO [358/500] 663f9cf6-e06a-4686-92a2-e53a701f8d3e: 115 chunks; 2.4 s; peak memory 1248 MiB.
2026-10-09T06:06:58Z INFO [359/500] 66403274-827b-411f-9a5f-4b4e9e496fec: 117 chunks; 1.1 s; peak memory 1248 MiB.
2026-10-09T06:07:04Z INFO [360/500] 664035ef-f197-45cf-bab9-7d925550f181: 2923 chunks; 5.7 s; peak memory 1248 MiB.
2026-10-09T06:07:05Z INFO [361/500] 6640f2ad-bd4c-4d4a-a57c-9cd185ee7fc4: 103 chunks; 1.3 s; peak memory 1248 MiB.
2026-10-09T06:07:08Z INFO [362/500] 66431034-f3dc-4c28-a5d4-ce252c8bf29a: 156 chunks; 2.6 s; peak memory 1248 MiB.
2026-10-09T06:07:09Z INFO [363/500] 6643b719-407f-4732-87b6-15e20a26343c: 48 chunks; 0.9 s; peak memory 1248 MiB.
2026-10-09T06:07:11Z INFO [364/500] 66443866-0e8f-470a-9f64-60324b8d407e: 116 chunks; 2.0 s; peak memory 1248 MiB.
2026-10-09T06:07:16Z INFO [365/500] 66443b03-5266-48ba-af4b-f2fe4026acff: 15611 chunks; 5.3 s; peak memory 1248 MiB.
2026-10-09T06:07:17Z INFO [366/500] 664463c6-da32-42d2-bbcd-664d27e9bc58: 112 chunks; 1.3 s; peak memory 1248 MiB.
2026-10-09T06:07:19Z INFO [367/500] 6644753e-c21c-445b-98d2-84d3e23e67ad: 117 chunks; 1.3 s; peak memory 1248 MiB.
2026-10-09T06:07:20Z INFO [368/500] 6644886c-6112-418b-a905-b7dc77f3925b: 48 chunks; 1.0 s; peak memory 1248 MiB.
2026-10-09T06:07:20Z INFO [369/500] 6644bfa9-42cd-40f9-86c1-4324d48a534a: 33 chunks; 0.5 s; peak memory 1248 MiB.
2026-10-09T06:07:22Z INFO [370/500] 6644c3fc-953d-4ec0-8307-e03e0b1d2aad: 71 chunks; 2.0 s; peak memory 1248 MiB.
2026-10-09T06:07:23Z INFO [371/500] 6644fae9-17ec-4ee7-bd6d-74c4417ac57d: 66 chunks; 1.3 s; peak memory 1248 MiB.
2026-10-09T06:07:31Z INFO [372/500] 6645ea96-c7ee-4a10-880c-3a1b372a9372: 18199 chunks; 7.1 s; peak memory 1248 MiB.
2026-10-09T06:07:33Z INFO [373/500] 6646b117-7722-4cd5-9135-f31efa56d660: 116 chunks; 2.1 s; peak memory 1248 MiB.
2026-10-09T06:07:38Z INFO [374/500] 6646c7e0-c203-4f7f-8559-9d8f1561c12d: 2148 chunks; 5.2 s; peak memory 1248 MiB.
2026-10-09T06:07:39Z INFO [375/500] 6646e684-c4cd-4468-801d-beed5bde5873: 48 chunks; 0.9 s; peak memory 1248 MiB.
2026-10-09T06:07:40Z INFO [376/500] 6647a34f-7237-46ef-8fa8-83d2c90be606: 62 chunks; 1.4 s; peak memory 1248 MiB.
2026-10-09T06:07:41Z INFO [377/500] 6647aaa9-f9d8-4485-88c8-554d3043e41e: 116 chunks; 1.0 s; peak memory 1248 MiB.
2026-10-09T06:07:48Z INFO [378/500] 66480877-8ed7-49cb-892e-d1049d88b5e6: 5206 chunks; 6.4 s; peak memory 1248 MiB.
2026-10-09T06:07:48Z INFO [379/500] 66482900-c8c9-48f1-a8bc-eada97f2124f: 48 chunks; 0.8 s; peak memory 1248 MiB.
2026-10-09T06:07:50Z INFO [380/500] 66489296-cdd5-4777-aab8-d2006f96809c: 51 chunks; 1.5 s; peak memory 1248 MiB.
2026-10-09T06:07:51Z INFO [381/500] 66498b4e-e80f-41f8-adc6-c07f06e6c4ed: 117 chunks; 1.3 s; peak memory 1248 MiB.
2026-10-09T06:07:52Z INFO [382/500] 664994c2-0e4a-4012-a679-261a67c1b7f0: 117 chunks; 1.3 s; peak memory 1248 MiB.
2026-10-09T06:08:05Z INFO [383/500] 664acff3-27db-43e9-ba72-bd189725eadf: 10576 chunks; 12.0 s; peak memory 1248 MiB.
2026-10-09T06:08:06Z INFO [384/500] 664bc616-1b75-43e7-a8b6-15fd5284ad29: 70 chunks; 1.3 s; peak memory 1248 MiB.
2026-10-09T06:08:07Z INFO [385/500] 664c0bda-c931-4757-9ae3-2a7cb1e01d91: 48 chunks; 0.9 s; peak memory 1248 MiB.
2026-10-09T06:08:08Z INFO [386/500] 664c2f23-46cb-454b-baec-7b1a43bf247a: 48 chunks; 1.0 s; peak memory 1248 MiB.
2026-10-09T06:08:10Z INFO [387/500] 664d2e9a-aeeb-4d1f-9edc-3b65711c93e8: 115 chunks; 2.0 s; peak memory 1248 MiB.
2026-10-09T06:08:10Z INFO [388/500] 664e3408-856c-43ea-9e75-06e35abb2f34: 33 chunks; 0.7 s; peak memory 1248 MiB.
2026-10-09T06:08:11Z INFO [389/500] 664e6312-60c1-4a8f-878a-d5d397aa1eb0: 48 chunks; 1.0 s; peak memory 1248 MiB.
2026-10-09T06:08:16Z INFO [390/500] 664ee026-1ed0-486c-a42b-bf6340108e47: 241 chunks; 4.1 s; peak memory 1248 MiB.
2026-10-09T06:08:17Z INFO [391/500] 664f2c6c-9df0-4e23-bc83-91632b2b1e3c: 62 chunks; 1.2 s; peak memory 1248 MiB.
2026-10-09T06:08:18Z INFO [392/500] 664fe5ff-3b72-4997-9a3a-501efb4c6185: 118 chunks; 1.0 s; peak memory 1248 MiB.
2026-10-09T06:08:20Z INFO [393/500] 6653d170-bb1f-4ba0-ae3d-d52df3fe2e4f: 90 chunks; 2.1 s; peak memory 1248 MiB.
2026-10-09T06:08:21Z INFO [394/500] 6653feaf-1fd7-4482-bc23-de001aace061: 997 chunks; 1.6 s; peak memory 1248 MiB.
2026-10-09T06:08:22Z INFO [395/500] 6654ab97-629c-4538-b594-24c8a9df51da: 112 chunks; 0.7 s; peak memory 1248 MiB.
2026-10-09T06:09:09Z INFO [396/500] 66555b1b-cf6f-4b53-90fc-292fe58faa7d: 10376 chunks; 46.5 s; peak memory 1248 MiB.
2026-10-09T06:09:09Z INFO [397/500] 6655a5e1-a273-4794-a70e-4af7cace63a9: 48 chunks; 0.8 s; peak memory 1248 MiB.
2026-10-09T06:09:16Z INFO [398/500] 6655a850-02de-4e7e-b4b1-6d18d16b6d6d: 23249 chunks; 6.9 s; peak memory 1248 MiB.
2026-10-09T06:09:17Z INFO [399/500] 66561aab-e453-48e5-a1b4-be391589fbbc: 68 chunks; 1.1 s; peak memory 1248 MiB.
2026-10-09T06:09:19Z INFO [400/500] 665625a0-6ecf-4992-b8bb-1b3f2ef646ed: 117 chunks; 1.1 s; peak memory 1248 MiB.
2026-10-09T06:09:19Z INFO [400/500] 665625a0-6ecf-4992-b8bb-1b3f2ef646ed: checkpointed 96234 new records.
2026-10-09T06:09:20Z INFO [401/500] 66562ffb-e4d8-4263-84f1-a3719e5e9eca: 48 chunks; 0.9 s; peak memory 1248 MiB.
2026-10-09T06:09:20Z INFO [402/500] 6656aa88-3ab9-45e0-aecb-fa024d90db6c: 63 chunks; 0.8 s; peak memory 1248 MiB.
2026-10-09T06:09:22Z INFO [403/500] 66573ce0-04e9-4ca4-8c5c-8a854d47c0e2: 42 chunks; 1.1 s; peak memory 1248 MiB.
2026-10-09T06:09:28Z INFO [404/500] 6657570f-b1b7-4d39-b906-92858818ec04: 19448 chunks; 6.1 s; peak memory 1248 MiB.
2026-10-09T06:09:29Z INFO [405/500] 66577b7c-2a75-40e6-80a4-b8d123f8d812: 71 chunks; 1.3 s; peak memory 1248 MiB.
2026-10-09T06:09:30Z INFO [406/500] 66598f21-059a-43ab-9c33-5231e7dad1f1: 59 chunks; 1.0 s; peak memory 1248 MiB.
2026-10-09T06:09:35Z INFO [407/500] 6659ce85-9394-4b81-a4b8-09e5a9424a7a: 8355 chunks; 5.3 s; peak memory 1248 MiB.
2026-10-09T06:56:54Z INFO [408/500] 665bc84d-04b1-4ce3-8c8d-c0dd06195a24: 789700 chunks; 2838.5 s; peak memory 1250 MiB.
2026-10-09T06:56:57Z INFO [409/500] 665c2584-4024-4a5a-8d44-638742dd047d: 115 chunks; 2.8 s; peak memory 1250 MiB.
2026-10-09T06:57:04Z INFO [410/500] 665c5cee-4d04-4d8a-8bf0-9955f0d79f57: 28871 chunks; 6.9 s; peak memory 1250 MiB.
2026-10-09T06:57:04Z INFO [411/500] 665cda37-3a51-4e26-b2cb-7536677c29d5: 46 chunks; 0.9 s; peak memory 1250 MiB.
2026-10-09T06:57:06Z INFO [412/500] 665ceade-9638-4a8e-8d81-ffdbec7dd450: 112 chunks; 1.5 s; peak memory 1250 MiB.
2026-10-09T06:57:08Z INFO [413/500] 665eddc9-73e5-44f0-9140-c43f931ef4a5: 172 chunks; 1.7 s; peak memory 1250 MiB.
2026-10-09T06:57:09Z INFO [414/500] 665f2134-290c-467a-a154-a099c38f39fc: 117 chunks; 1.0 s; peak memory 1250 MiB.
2026-10-09T06:57:15Z INFO [415/500] 665f87ac-13fe-4e2c-acb5-c6406b98b19b: 1493 chunks; 6.6 s; peak memory 1250 MiB.
2026-10-09T06:57:16Z INFO [416/500] 665f8df5-a818-4cd0-8931-f2490af47311: 48 chunks; 1.1 s; peak memory 1250 MiB.
2026-10-09T06:57:18Z INFO [417/500] 666043d4-ffef-4f5b-b44a-85d5189caec6: 117 chunks; 1.2 s; peak memory 1250 MiB.
2026-10-09T06:57:18Z INFO [418/500] 66607bb1-4016-4c97-bc21-e1ceb587621d: 48 chunks; 0.9 s; peak memory 1250 MiB.
2026-10-09T06:57:20Z INFO [419/500] 66622d7e-4000-4bff-8944-9255d7520dd6: 124 chunks; 1.1 s; peak memory 1250 MiB.
2026-10-09T06:57:21Z INFO [420/500] 6662aa95-c53c-4eb2-9214-e66296851470: 48 chunks; 1.1 s; peak memory 1250 MiB.
2026-10-09T06:57:22Z INFO [421/500] 6662cc09-d986-4c23-a513-066ee7265c73: 117 chunks; 1.1 s; peak memory 1250 MiB.
2026-10-09T06:57:23Z INFO [422/500] 6662ce9d-845b-4ae8-8deb-3c2c439d6dd0: 52 chunks; 1.0 s; peak memory 1250 MiB.
2026-10-09T06:57:24Z INFO [423/500] 66630278-a205-4cd8-86cb-f8b623e454f4: 48 chunks; 1.0 s; peak memory 1250 MiB.
2026-10-09T06:57:25Z INFO [424/500] 66636045-e1c2-4b11-bd43-85628b2dfd79: 110 chunks; 1.6 s; peak memory 1250 MiB.
2026-10-09T06:57:35Z INFO [425/500] 666368c7-d65a-4a08-8aff-4d8978c95035: 2528 chunks; 10.1 s; peak memory 1250 MiB.
2026-10-09T06:57:42Z INFO [426/500] 6663a738-0416-4be3-9617-2d341f1ee2b8: 5443 chunks; 6.8 s; peak memory 1250 MiB.
2026-10-09T06:57:43Z INFO [427/500] 6663d28a-d3b9-449c-8586-0044e93ce655: 69 chunks; 1.0 s; peak memory 1250 MiB.
2026-10-09T06:57:44Z INFO [428/500] 666490d6-8cda-4cd8-9329-cf2de985b755: 48 chunks; 1.1 s; peak memory 1250 MiB.
2026-10-09T06:57:45Z INFO [429/500] 6664aaff-dd53-44ff-83cf-361d5a926d8f: 48 chunks; 0.9 s; peak memory 1250 MiB.
2026-10-09T06:57:51Z INFO [430/500] 6664c040-2a37-4443-94ec-c7b63afd7905: 2923 chunks; 5.8 s; peak memory 1250 MiB.
2026-10-09T06:57:52Z INFO [431/500] 6665f88d-3d73-44e3-8f28-643c5063f5b6: 52 chunks; 0.9 s; peak memory 1250 MiB.
2026-10-09T06:57:54Z INFO [432/500] 66667286-6875-4d1a-b64d-186073ed89cc: 119 chunks; 1.9 s; peak memory 1250 MiB.
2026-10-09T06:57:55Z INFO [433/500] 6666fd87-daf3-4290-bf77-16079810ff19: 289 chunks; 1.0 s; peak memory 1250 MiB.
2026-10-09T06:57:56Z INFO [434/500] 666716ae-b9d6-4dd6-a062-a104f65c8343: 54 chunks; 0.8 s; peak memory 1250 MiB.
2026-10-09T06:57:57Z INFO [435/500] 666748b2-69d2-417b-a01e-123ffacf2e15: 52 chunks; 1.1 s; peak memory 1250 MiB.
2026-10-09T06:58:06Z INFO [436/500] 6667a9a6-4480-47af-80cc-438f7caa0b00: 7961 chunks; 9.1 s; peak memory 1250 MiB.
2026-10-09T06:58:14Z INFO [437/500] 6668be5a-a742-421e-bd59-182d5305235c: 18337 chunks; 8.4 s; peak memory 1250 MiB.
2026-10-09T06:58:18Z INFO [438/500] 6668e091-5f39-4609-a280-5080298b3603: 276 chunks; 3.4 s; peak memory 1250 MiB.
2026-10-09T06:58:21Z INFO [439/500] 666a5b5a-fcfd-4ed1-aacc-6197875cff6e: 156 chunks; 3.0 s; peak memory 1250 MiB.
2026-10-09T06:58:36Z INFO [440/500] 666a87a2-6a1f-4daa-a0dc-61b60f91ebfa: 36729 chunks; 15.4 s; peak memory 1250 MiB.
2026-10-09T06:58:37Z INFO [441/500] 666aa692-6e2c-4dcd-b26d-19f13567f9b5: 48 chunks; 1.1 s; peak memory 1250 MiB.
2026-10-09T06:58:38Z INFO [442/500] 666af5a5-b354-46d2-a93d-6632c3ca2c93: 69 chunks; 0.6 s; peak memory 1250 MiB.
2026-10-09T06:58:39Z INFO [443/500] 666cf03b-6284-4dc9-b080-10db84f4da0e: 48 chunks; 0.9 s; peak memory 1250 MiB.
2026-10-09T06:58:39Z INFO [444/500] 666d8352-3c21-46bd-8783-65ae6624dcc7: 41 chunks; 0.8 s; peak memory 1250 MiB.
2026-10-09T06:58:50Z INFO [445/500] 666d89e7-9ddb-4c0b-ad6e-54c78ec3bb53: 23611 chunks; 10.5 s; peak memory 1250 MiB.
2026-10-09T06:58:51Z INFO [446/500] 6670c1eb-5414-41be-8a35-57bfa970c205: 117 chunks; 1.2 s; peak memory 1250 MiB.
2026-10-09T06:58:52Z INFO [447/500] 6670fdca-96a1-4571-9b0a-e499c0762ce7: 142 chunks; 0.8 s; peak memory 1250 MiB.
2026-10-09T06:58:53Z INFO [448/500] 6671e33b-0058-43c7-95e5-b188ce4194aa: 230 chunks; 1.1 s; peak memory 1250 MiB.
2026-10-09T06:58:54Z INFO [449/500] 667257be-7afa-4cc8-8f6a-9c8d0858d8a1: 112 chunks; 1.3 s; peak memory 1250 MiB.
2026-10-09T06:58:58Z INFO [450/500] 6673080b-20bb-4981-ae36-d12ab18bde6d: 156 chunks; 3.2 s; peak memory 1250 MiB.
2026-10-09T06:58:58Z INFO [450/500] 6673080b-20bb-4981-ae36-d12ab18bde6d: checkpointed 96284 new records.
2026-10-09T06:59:06Z INFO [451/500] 6673b5da-d187-43e8-9624-4693d010c888: 1066 chunks; 8.5 s; peak memory 1250 MiB.
2026-10-09T06:59:08Z INFO [452/500] 66740922-a3a8-4da8-95db-51f30eca88dd: 128 chunks; 2.0 s; peak memory 1250 MiB.
2026-10-09T06:59:09Z INFO [453/500] 6674edcc-968a-4602-ab4c-541e7b92e28d: 48 chunks; 0.9 s; peak memory 1250 MiB.
2026-10-09T06:59:10Z INFO [454/500] 667647cf-7c26-4e01-9171-760f28c03c47: 117 chunks; 0.9 s; peak memory 1250 MiB.
2026-10-09T06:59:18Z INFO [455/500] 6676a205-d294-4273-9985-ae4bc7a32e61: 16501 chunks; 8.1 s; peak memory 1250 MiB.
2026-10-09T06:59:19Z INFO [456/500] 6676fe6c-86d9-43a7-be3a-645d3afe681a: 48 chunks; 0.7 s; peak memory 1250 MiB.
2026-10-09T06:59:20Z INFO [457/500] 667742f2-3032-44e1-831f-324dc8354906: 71 chunks; 1.3 s; peak memory 1250 MiB.
2026-10-09T06:59:23Z INFO [458/500] 66783e03-772d-4e45-ab6c-36e8ea1ab704: 115 chunks; 2.6 s; peak memory 1250 MiB.
2026-10-09T06:59:24Z INFO [459/500] 6679221e-c8dd-4812-9a97-d8fa732c44c4: 69 chunks; 1.3 s; peak memory 1250 MiB.
2026-10-09T06:59:26Z INFO [460/500] 667a1482-204c-4354-a52b-59f31d4943cd: 116 chunks; 2.4 s; peak memory 1250 MiB.
2026-10-09T06:59:28Z INFO [461/500] 667a9e16-fc64-4a44-a67d-63aa8c37c2d7: 118 chunks; 1.2 s; peak memory 1250 MiB.
2026-10-09T06:59:28Z INFO [462/500] 667b6583-ffb4-4147-9882-ed32789eda48: 33 chunks; 0.7 s; peak memory 1250 MiB.
2026-10-09T06:59:30Z INFO [463/500] 667cf522-21dc-41c3-b271-1ec7a0597fba: 113 chunks; 1.9 s; peak memory 1250 MiB.
2026-10-09T06:59:32Z INFO [464/500] 667d75f1-a4d5-47bb-977a-65328441edeb: 114 chunks; 2.0 s; peak memory 1250 MiB.
2026-10-09T06:59:33Z INFO [465/500] 667d99a6-ea77-42e5-8728-974934d88e9e: 48 chunks; 0.7 s; peak memory 1250 MiB.
2026-10-09T06:59:34Z INFO [466/500] 667db2be-35fa-4975-ad20-0b0cbe150a17: 68 chunks; 1.0 s; peak memory 1250 MiB.
2026-10-09T06:59:35Z INFO [467/500] 667e429a-d27f-4ced-b54c-4571b7fe7c09: 204 chunks; 1.5 s; peak memory 1250 MiB.
2026-10-09T06:59:37Z INFO [468/500] 667f53fc-bb3c-4f15-b221-7e7c1956fc63: 116 chunks; 1.1 s; peak memory 1250 MiB.
2026-10-09T06:59:37Z INFO [469/500] 667f876c-42c7-46c6-acc6-88cd9a81e83f: 44 chunks; 0.8 s; peak memory 1250 MiB.
2026-10-09T06:59:39Z INFO [470/500] 66805348-c0e6-4c66-a802-b5ac661aa6a7: 89 chunks; 1.3 s; peak memory 1250 MiB.
2026-10-09T06:59:40Z INFO [471/500] 66810911-1261-4179-ad28-216069144326: 111 chunks; 1.0 s; peak memory 1250 MiB.
2026-10-09T06:59:41Z INFO [472/500] 66815b00-9b09-41ae-b679-ef4fef42ec24: 48 chunks; 1.0 s; peak memory 1250 MiB.
2026-10-09T06:59:41Z INFO [473/500] 66819349-50c0-4bf4-b009-f37282d32fe2: 52 chunks; 0.8 s; peak memory 1250 MiB.
2026-10-09T06:59:43Z INFO [474/500] 668340f0-6161-40f6-9686-fd0f17894cf2: 48 chunks; 1.1 s; peak memory 1250 MiB.
2026-10-09T06:59:44Z INFO [475/500] 66835bb7-4981-4b73-9c6c-60d766b452a5: 112 chunks; 1.1 s; peak memory 1250 MiB.
2026-10-09T06:59:45Z INFO [476/500] 6683613f-5c01-4129-99a5-07fc33aa8448: 50 chunks; 0.9 s; peak memory 1250 MiB.
2026-10-09T06:59:50Z INFO [477/500] 66839bb0-9c5c-4c4f-b90a-49e07602137f: 343 chunks; 5.9 s; peak memory 1250 MiB.
2026-10-09T06:59:58Z INFO [478/500] 66852280-c50a-42b1-8b78-aeda9f853918: 11956 chunks; 7.2 s; peak memory 1250 MiB.
2026-10-09T06:59:58Z INFO [479/500] 6686e68c-d29c-430b-8dc6-949171baaec4: 41 chunks; 0.8 s; peak memory 1250 MiB.
2026-10-09T07:00:05Z INFO [480/500] 6686f0fe-dff0-4c35-8774-345bf26df148: 6625 chunks; 6.5 s; peak memory 1250 MiB.
2026-10-09T07:00:06Z INFO [481/500] 668768c2-6ee4-4154-9818-64f022d2dae3: 112 chunks; 1.1 s; peak memory 1250 MiB.
2026-10-09T07:00:07Z INFO [482/500] 66878000-f0b7-42e3-b7fb-23a9f7fea246: 112 chunks; 1.4 s; peak memory 1250 MiB.
2026-10-09T07:00:11Z INFO [483/500] 6688d924-08a3-4248-a417-be8c784869c1: 388 chunks; 3.2 s; peak memory 1250 MiB.
2026-10-09T07:00:12Z INFO [484/500] 6689b35b-d24c-4b92-b1b1-d7e9bb33d734: 152 chunks; 1.6 s; peak memory 1250 MiB.
2026-10-09T07:00:15Z INFO [485/500] 668a33ed-c724-49b2-a0d6-0bc52404daef: 118 chunks; 2.3 s; peak memory 1250 MiB.
2026-10-09T07:00:15Z INFO [486/500] 668aa86a-6e88-439c-b97a-99ab97e68c37: 48 chunks; 0.7 s; peak memory 1250 MiB.
2026-10-09T07:00:16Z INFO [487/500] 668ad1ed-7507-45e5-a6e6-d527f4ef28e7: 48 chunks; 1.1 s; peak memory 1250 MiB.
2026-10-09T07:00:17Z INFO [488/500] 668c3899-6977-490d-a619-2bba5eac62aa: 45 chunks; 0.8 s; peak memory 1250 MiB.
2026-10-09T07:00:18Z INFO [489/500] 668d5fc5-3a97-4513-ace2-2cbb6b04fad8: 51 chunks; 0.7 s; peak memory 1250 MiB.
2026-10-09T07:00:19Z INFO [490/500] 668dceef-49d5-4510-84d7-7297ceb69daf: 117 chunks; 1.0 s; peak memory 1250 MiB.
2026-10-09T07:00:20Z INFO [491/500] 668df947-f879-4455-85e7-7921e11b46dd: 117 chunks; 1.2 s; peak memory 1250 MiB.
2026-10-09T07:00:22Z INFO [492/500] 668f7244-4572-4057-84e4-b300ad01f9b9: 156 chunks; 2.1 s; peak memory 1250 MiB.
2026-10-09T07:00:23Z INFO [493/500] 668f7c1f-f74f-4731-9a34-d588884cc9f3: 233 chunks; 1.1 s; peak memory 1250 MiB.
2026-10-09T07:00:24Z INFO [494/500] 669095cd-2175-45ad-8eae-9e902bfd7367: 46 chunks; 0.6 s; peak memory 1250 MiB.
2026-10-09T07:00:25Z INFO [495/500] 6690b84b-69fd-4c69-9be4-ad5f284fef2f: 241 chunks; 1.1 s; peak memory 1250 MiB.
2026-10-09T07:00:31Z INFO [496/500] 66911686-3bf1-480b-b5bf-45f48104b196: 1253 chunks; 5.9 s; peak memory 1250 MiB.
2026-10-09T07:00:32Z INFO [497/500] 66915eb7-83b8-412d-b7a8-025ac7e8e811: 45 chunks; 0.7 s; peak memory 1250 MiB.
2026-10-09T07:00:32Z INFO [498/500] 6691f7b3-00e6-4870-a57d-360d7809e858: 116 chunks; 0.9 s; peak memory 1250 MiB.
2026-10-09T07:00:33Z INFO [499/500] 669201ad-07fa-41c6-95a9-ea73e9641acf: 48 chunks; 0.7 s; peak memory 1250 MiB.
2026-10-09T07:00:34Z INFO [500/500] 66920e99-0bd3-4f9f-a21c-2921590bb72b: 116 chunks; 1.0 s; peak memory 1250 MiB.
2026-10-09T07:00:34Z INFO [500/500] 66920e99-0bd3-4f9f-a21c-2921590bb72b: checkpointed 96334 new records.
2026-10-09T07:00:35Z INFO Wrote 96334 records to /tmp/derivatives/valid_nwb_file_to_chunk_stats.jsonl (500 new, 0 failed) in 111.1 min (peak memory 1250 MiB).
