2026-10-10T05:23:18Z INFO Logging to /tmp/logs/update_2026-10-10T05-23-18Z.log.
2026-10-10T05:23:18Z INFO Update valid-nwb-file-to-chunk-stats (base directory /tmp).
2026-10-10T05:23:19Z INFO Processing 500 items (102834 already recorded).
2026-10-10T05:23:20Z INFO [1/500] 73d14f67-2f51-4f95-8032-58948e98309e: 48 chunks; 1.1 s; peak memory 205 MiB.
2026-10-10T05:23:21Z INFO [2/500] 73d1c04f-dcf5-4c64-9577-47c04ac4a7af: 100 chunks; 1.5 s; peak memory 206 MiB.
2026-10-10T05:23:23Z INFO [3/500] 73d20e74-49ba-46c8-9ec8-5ce152a12c2b: 259 chunks; 2.0 s; peak memory 206 MiB.
2026-10-10T05:23:37Z INFO [4/500] 73d25e8e-028d-4021-bf92-e8da89943163: 26508 chunks; 13.4 s; peak memory 262 MiB.
2026-10-10T05:23:38Z INFO [5/500] 73d28230-fa26-4ce0-a23a-dd856071cb36: 112 chunks; 1.2 s; peak memory 262 MiB.
2026-10-10T05:23:39Z INFO [6/500] 73d36499-57b0-425c-9d15-7a97fbbb685f: 48 chunks; 1.1 s; peak memory 262 MiB.
2026-10-10T05:23:40Z INFO [7/500] 73d577fc-8bef-47aa-a9d5-36315d72aa10: 69 chunks; 1.5 s; peak memory 262 MiB.
2026-10-10T05:23:41Z INFO [8/500] 73d73eb6-d8c6-4772-a59e-50a12cd92859: 48 chunks; 0.8 s; peak memory 262 MiB.
2026-10-10T05:23:42Z INFO [9/500] 73d755c1-33aa-4c29-92ea-060a9441036e: 45 chunks; 1.0 s; peak memory 263 MiB.
2026-10-10T05:23:43Z INFO [10/500] 73d82ea9-71f5-4a94-9e9f-4bac94ac7718: 52 chunks; 0.8 s; peak memory 263 MiB.
2026-10-10T05:23:44Z INFO [11/500] 73d87cb4-3644-4bd5-9f97-9cf229f7eb3b: 71 chunks; 1.4 s; peak memory 263 MiB.
2026-10-10T05:23:45Z INFO [12/500] 73da4ee5-a5ac-409d-b1ad-cbc270f5cdbb: 112 chunks; 1.0 s; peak memory 263 MiB.
2026-10-10T05:23:46Z INFO [13/500] 73da79a8-ad2e-4c88-98f3-a497c26e38e2: 46 chunks; 0.6 s; peak memory 263 MiB.
2026-10-10T05:23:47Z INFO [14/500] 73da879d-0bb1-4014-9adb-9571343fb692: 64 chunks; 1.3 s; peak memory 264 MiB.
2026-10-10T05:23:49Z INFO [15/500] 73db3930-97a3-438a-b555-f24313b9ae80: 275 chunks; 1.1 s; peak memory 264 MiB.
2026-10-10T05:23:50Z INFO [16/500] 73dc8e4e-047d-4fc6-bd1b-e0aae1fb43e8: 84 chunks; 1.1 s; peak memory 264 MiB.
2026-10-10T05:23:51Z INFO [17/500] 73dd4223-d5f3-46a6-830d-f159e5e6c43c: 117 chunks; 1.3 s; peak memory 264 MiB.
2026-10-10T05:23:52Z INFO [18/500] 73dda189-c0db-4232-ad17-b0fa88d6a21a: 118 chunks; 1.0 s; peak memory 264 MiB.
2026-10-10T05:23:53Z INFO [19/500] 73ddc003-bb4a-44fe-b98b-c616a5ae1805: 48 chunks; 0.9 s; peak memory 264 MiB.
2026-10-10T05:23:54Z INFO [20/500] 73ddde2d-61c8-41a7-9f33-089d428dae34: 112 chunks; 1.2 s; peak memory 264 MiB.
2026-10-10T05:23:55Z INFO [21/500] 73deb471-0087-4f3e-9e48-a0592540f29f: 48 chunks; 0.9 s; peak memory 264 MiB.
2026-10-10T05:23:56Z INFO [22/500] 73def424-d836-4112-adbc-bce7063e0c12: 90 chunks; 1.1 s; peak memory 264 MiB.
2026-10-10T05:23:57Z INFO [23/500] 73df2126-374d-4504-a58e-b5c2408b10c1: 118 chunks; 0.9 s; peak memory 264 MiB.
2026-10-10T05:23:57Z INFO [24/500] 73df7358-a24c-4378-902a-da26ff67909b: 33 chunks; 0.6 s; peak memory 264 MiB.
2026-10-10T05:23:58Z INFO [25/500] 73e00deb-574a-4fbe-bb69-19ccbdff6a12: 116 chunks; 0.9 s; peak memory 264 MiB.
2026-10-10T05:24:33Z INFO [26/500] 73e10d00-79bf-4eb4-905c-e8a0badffefc: 24373 chunks; 34.8 s; peak memory 299 MiB.
2026-10-10T05:25:13Z INFO [27/500] 73e178a0-2ab9-4c4f-b726-bf0c2e196a48: 28948 chunks; 39.5 s; peak memory 476 MiB.
2026-10-10T05:25:13Z INFO [28/500] 73e1861f-e3f6-4af2-a730-11c679abf13f: 33 chunks; 0.7 s; peak memory 476 MiB.
2026-10-10T05:25:15Z INFO [29/500] 73e223cd-20c2-47e3-859a-04e677127f9d: 1061 chunks; 2.0 s; peak memory 476 MiB.
2026-10-10T05:25:20Z INFO [30/500] 73e2f64f-2162-43f6-b975-df1b0915aafe: 2923 chunks; 4.6 s; peak memory 476 MiB.
2026-10-10T05:25:21Z INFO [31/500] 73e361c2-9370-44b9-a721-031517d7397e: 116 chunks; 0.9 s; peak memory 476 MiB.
2026-10-10T05:25:22Z INFO [32/500] 73e38234-a7ae-4aa9-8c36-d2c03eb0fe95: 132 chunks; 1.5 s; peak memory 476 MiB.
2026-10-10T05:25:23Z INFO [33/500] 73e38e45-951a-43d7-b44e-76df9cd50f6f: 48 chunks; 0.7 s; peak memory 476 MiB.
2026-10-10T05:25:24Z INFO [34/500] 73e3fcb0-ba86-4fc4-9e51-5da5cca0cb25: 115 chunks; 1.0 s; peak memory 476 MiB.
2026-10-10T05:25:25Z INFO [35/500] 73e44982-2b04-4e10-a091-970b79e63020: 48 chunks; 0.7 s; peak memory 476 MiB.
2026-10-10T05:25:26Z INFO [36/500] 73e45081-d1ea-4223-9f8b-6cc9387c1f76: 48 chunks; 0.8 s; peak memory 476 MiB.
2026-10-10T05:25:26Z INFO [37/500] 73e4939a-3de0-4eff-bece-8570fe87fd82: 51 chunks; 0.6 s; peak memory 476 MiB.
2026-10-10T05:25:35Z INFO [38/500] 73e4a021-8c89-4cee-a7cd-59a5ee7c69c3: 17719 chunks; 8.9 s; peak memory 476 MiB.
2026-10-10T05:25:36Z INFO [39/500] 73e4ebdd-361d-4b83-9b08-38df20dee6c5: 116 chunks; 1.1 s; peak memory 476 MiB.
2026-10-10T05:27:23Z INFO [40/500] 73e5236a-c07b-4804-8e33-f2e52de7c4e9: 37918 chunks; 107.2 s; peak memory 476 MiB.
2026-10-10T05:27:25Z INFO [41/500] 73e58edc-7b68-4b12-a11f-f896df8583ec: 117 chunks; 1.1 s; peak memory 476 MiB.
2026-10-10T05:27:44Z INFO [42/500] 73e5ffa6-f539-48a7-befe-17680fd08a1e: 6139 chunks; 19.9 s; peak memory 477 MiB.
2026-10-10T05:27:47Z INFO [43/500] 73e66609-9a7b-4c5a-9e1c-5b3ae7a2e2ce: 90 chunks; 2.1 s; peak memory 477 MiB.
2026-10-10T05:27:48Z INFO [44/500] 73e6ff2d-c062-4ac4-b426-0fd40838fa7b: 112 chunks; 1.2 s; peak memory 477 MiB.
2026-10-10T05:27:49Z INFO [45/500] 73e72907-015b-4879-b2c4-4153a5edc1df: 112 chunks; 1.3 s; peak memory 477 MiB.
2026-10-10T05:27:50Z INFO [46/500] 73e786d5-f9e3-4ac1-8ae5-c684ece69953: 67 chunks; 1.3 s; peak memory 477 MiB.
2026-10-10T05:27:52Z INFO [47/500] 73e78b8c-0dda-477d-8ffb-24ce49ac9bc6: 1061 chunks; 2.1 s; peak memory 477 MiB.
2026-10-10T05:27:53Z INFO [48/500] 73e9c24b-b42a-4daf-b127-09bd850ee7eb: 46 chunks; 0.8 s; peak memory 477 MiB.
2026-10-10T05:27:54Z INFO [49/500] 73ea5d99-39c6-41e0-822d-d8fd15666e89: 112 chunks; 1.1 s; peak memory 477 MiB.
2026-10-10T05:27:56Z INFO [50/500] 73ea827f-9367-4575-823f-b9fa404fd15a: 71 chunks; 2.0 s; peak memory 477 MiB.
2026-10-10T05:27:57Z INFO [50/500] 73ea827f-9367-4575-823f-b9fa404fd15a: checkpointed 102884 new records.
2026-10-10T05:27:58Z INFO [51/500] 73eac91c-2c27-4911-b842-f1333797aa4d: 112 chunks; 1.2 s; peak memory 477 MiB.
2026-10-10T05:27:59Z INFO [52/500] 73eaf412-8262-4c0e-9b79-a8e070f1292e: 110 chunks; 1.2 s; peak memory 477 MiB.
2026-10-10T05:28:03Z INFO [53/500] 73eb3469-b8b5-44db-b380-4ed7e71f9c8e: 7703 chunks; 3.6 s; peak memory 477 MiB.
2026-10-10T05:28:03Z INFO [54/500] 73eb4e3d-b794-41c0-868b-8ee2410756d5: 48 chunks; 0.8 s; peak memory 477 MiB.
2026-10-10T05:28:04Z INFO [55/500] 73eb5ad4-bf64-4e2d-a1fb-b5fa580c5d17: 48 chunks; 0.8 s; peak memory 477 MiB.
2026-10-10T05:28:05Z INFO [56/500] 73eb813f-aaf5-4a70-93f4-8c7b1a5e8a5a: 48 chunks; 0.8 s; peak memory 477 MiB.
2026-10-10T05:28:06Z INFO [57/500] 73eb97f6-9f45-4834-b0a8-20a77086241b: 117 chunks; 1.1 s; peak memory 477 MiB.
2026-10-10T05:28:18Z INFO [58/500] 73ec431f-abb7-42bb-adda-fab03653f494: 8232 chunks; 11.6 s; peak memory 477 MiB.
2026-10-10T05:28:19Z INFO [59/500] 73ec7efb-b0ce-47eb-ae10-feb776727b73: 117 chunks; 1.1 s; peak memory 477 MiB.
2026-10-10T05:28:20Z INFO [60/500] 73ed79cf-5bf5-4665-9c85-40aee06fd331: 52 chunks; 1.0 s; peak memory 477 MiB.
2026-10-10T05:29:34Z INFO [61/500] 73eda076-1fd6-4cb5-8bc6-d3757e0f195c: 45206 chunks; 74.0 s; peak memory 477 MiB.
2026-10-10T05:29:34Z INFO [62/500] 73ee1f79-43da-4ba1-8601-4b16a6ec2a4e: 46 chunks; 0.6 s; peak memory 477 MiB.
2026-10-10T05:29:40Z INFO [63/500] 73ee7060-e5f7-47fd-9d84-e65362177d79: 13967 chunks; 5.8 s; peak memory 477 MiB.
2026-10-10T05:29:41Z INFO [64/500] 73ef6b9c-6c37-46b0-a998-2e37a29c494e: 48 chunks; 0.9 s; peak memory 477 MiB.
2026-10-10T05:29:42Z INFO [65/500] 73f1e2df-bbb2-4e25-8506-4af36d90bfc4: 48 chunks; 0.9 s; peak memory 477 MiB.
2026-10-10T05:29:43Z INFO [66/500] 73f2180e-c05b-4a12-a05a-6930aeb5b327: 118 chunks; 0.9 s; peak memory 477 MiB.
2026-10-10T05:29:44Z INFO [67/500] 73f324e4-e0b4-43db-97bd-0f8e5ccd8ef1: 118 chunks; 1.2 s; peak memory 477 MiB.
2026-10-10T05:30:15Z INFO [68/500] 73f43c6e-4e3d-4926-bc09-e92c2da63d7c: 19844 chunks; 31.0 s; peak memory 477 MiB.
2026-10-10T05:30:16Z INFO [69/500] 73f48929-9689-4f15-8dac-6c81a0d25cd7: 230 chunks; 1.1 s; peak memory 477 MiB.
2026-10-10T05:30:17Z INFO [70/500] 73f52cdf-3fba-4608-bd25-3a0184e89142: 118 chunks; 0.9 s; peak memory 477 MiB.
2026-10-10T05:30:18Z INFO [71/500] 73f593ec-1a80-4393-9370-3d235224cfd2: 275 chunks; 1.1 s; peak memory 477 MiB.
2026-10-10T05:30:27Z INFO [72/500] 73f5acb1-1791-4f92-8b20-d5200150a571: 21470 chunks; 8.9 s; peak memory 477 MiB.
2026-10-10T05:30:28Z INFO [73/500] 73f5eb9c-99b9-48b7-be1f-f4a3d8ac1134: 33 chunks; 0.6 s; peak memory 477 MiB.
2026-10-10T05:30:29Z INFO [74/500] 73f5f0fc-be96-4402-b9a3-aa15be0ed961: 51 chunks; 1.1 s; peak memory 477 MiB.
2026-10-10T05:30:30Z INFO [75/500] 73f66402-5569-4687-a158-1be2063a6606: 48 chunks; 0.9 s; peak memory 477 MiB.
2026-10-10T05:30:31Z INFO [76/500] 73f7a653-1375-413f-bfb2-13ac179efc86: 112 chunks; 1.2 s; peak memory 477 MiB.
2026-10-10T05:30:32Z INFO [77/500] 73f7b965-3821-4476-9cbb-7c59e5ad52e5: 117 chunks; 0.9 s; peak memory 477 MiB.
2026-10-10T05:30:33Z INFO [78/500] 73f807df-c8ea-4012-8647-6b45ea570324: 528 chunks; 1.7 s; peak memory 477 MiB.
2026-10-10T05:30:34Z INFO [79/500] 73f8cf2c-bccf-4588-a5b8-52462c569eef: 48 chunks; 0.8 s; peak memory 477 MiB.
2026-10-10T05:30:35Z INFO [80/500] 73f92399-3856-4bdc-ace0-a6368626bec0: 118 chunks; 1.0 s; peak memory 477 MiB.
2026-10-10T05:30:36Z INFO [81/500] 73f92e93-3c13-4e5b-be30-29c94dc04e1c: 113 chunks; 1.1 s; peak memory 477 MiB.
2026-10-10T05:30:37Z INFO [82/500] 73fa0742-e956-4710-8dad-8da7a8f6ba98: 111 chunks; 1.0 s; peak memory 477 MiB.
2026-10-10T05:30:39Z INFO [83/500] 73fa7d67-07ec-402a-a6b0-4e08e766979b: 71 chunks; 1.4 s; peak memory 477 MiB.
2026-10-10T05:30:40Z INFO [84/500] 73fad987-074d-4784-8097-aa529405fdce: 116 chunks; 1.0 s; peak memory 477 MiB.
2026-10-10T05:30:41Z INFO [85/500] 73fb31bc-945b-4239-ade4-ff18dae2cea4: 48 chunks; 0.9 s; peak memory 477 MiB.
2026-10-10T05:30:41Z INFO [86/500] 73fbe554-7a0c-40a2-8767-23145c19cda6: 48 chunks; 0.8 s; peak memory 477 MiB.
2026-10-10T05:30:42Z INFO [87/500] 73fca37e-922b-45d2-b92b-430947827f48: 48 chunks; 0.9 s; peak memory 477 MiB.
2026-10-10T05:30:43Z INFO [88/500] 73fcc66d-50c9-4953-a333-9f0ba916906c: 45 chunks; 0.9 s; peak memory 477 MiB.
2026-10-10T05:30:44Z INFO [89/500] 73fcf167-789d-4899-934e-f6a912f0c65e: 48 chunks; 0.8 s; peak memory 477 MiB.
2026-10-10T05:30:45Z INFO [90/500] 73fde5ca-2408-4ada-abe8-68ee5fb27ad2: 59 chunks; 1.1 s; peak memory 477 MiB.
2026-10-10T05:30:46Z INFO [91/500] 73fdea64-6237-4f91-b893-4eb25c80dd32: 117 chunks; 1.0 s; peak memory 477 MiB.
2026-10-10T05:30:48Z INFO [92/500] 73fe1fc2-3728-4806-81ab-c5b439c90be1: 937 chunks; 1.5 s; peak memory 477 MiB.
2026-10-10T05:30:48Z INFO [93/500] 73fe2bdd-43d0-426c-949f-90053ba80ab5: 35 chunks; 0.7 s; peak memory 477 MiB.
2026-10-10T05:30:50Z INFO [94/500] 73fe7da5-e5ca-4a4b-9e53-b6ed15110faa: 114 chunks; 2.0 s; peak memory 477 MiB.
2026-10-10T05:30:51Z INFO [95/500] 73ffa6a5-6c2f-4713-95fb-02d2d85c3d3b: 64 chunks; 1.2 s; peak memory 477 MiB.
2026-10-10T05:30:52Z INFO [96/500] 73ffd28b-c088-4e0d-bc6a-17954eaeb738: 76 chunks; 0.9 s; peak memory 477 MiB.
2026-10-10T05:30:54Z INFO [97/500] 74003e97-8e16-4a41-9cf8-10388bfcec40: 70 chunks; 1.1 s; peak memory 477 MiB.
2026-10-10T05:30:55Z INFO [98/500] 740094b0-2016-48b4-8d36-b62dd24254c6: 144 chunks; 1.4 s; peak memory 477 MiB.
2026-10-10T05:30:56Z INFO [99/500] 74010dac-35a4-43f6-b640-e5e062343bcd: 48 chunks; 1.0 s; peak memory 477 MiB.
2026-10-10T05:30:57Z INFO [100/500] 74015152-69ae-43ca-8d7d-be48b3565ad4: 116 chunks; 0.9 s; peak memory 477 MiB.
2026-10-10T05:30:57Z INFO [100/500] 74015152-69ae-43ca-8d7d-be48b3565ad4: checkpointed 102934 new records.
2026-10-10T05:30:58Z INFO [101/500] 74017485-5980-4bd5-a3c4-22944a91394a: 52 chunks; 1.0 s; peak memory 477 MiB.
2026-10-10T05:31:03Z INFO [102/500] 7402790c-de4e-43cd-8f53-28cbfac3e176: 2270 chunks; 4.9 s; peak memory 477 MiB.
2026-10-10T05:31:05Z INFO [103/500] 7402879c-cf91-49c7-87be-7c796d97707d: 467 chunks; 1.7 s; peak memory 477 MiB.
2026-10-10T05:31:06Z INFO [104/500] 74032e24-4342-4a47-96d9-3b4ba4b5e96a: 116 chunks; 1.0 s; peak memory 477 MiB.
2026-10-10T05:31:08Z INFO [105/500] 7403bff3-5773-4ca1-8e15-5cc02b413227: 90 chunks; 2.1 s; peak memory 477 MiB.
2026-10-10T05:31:12Z INFO [106/500] 7403dc1b-4d71-4b74-911e-a7dfe262bbec: 708 chunks; 4.0 s; peak memory 477 MiB.
2026-10-10T05:31:14Z INFO [107/500] 7403f442-5739-496e-bc1b-fe8ecdf05a61: 201 chunks; 1.9 s; peak memory 477 MiB.
2026-10-10T05:31:18Z INFO [108/500] 74040b8b-a302-4cf9-8ec6-d2ce2d8515eb: 2923 chunks; 4.7 s; peak memory 477 MiB.
2026-10-10T05:31:20Z INFO [109/500] 74044ce4-4911-4b6b-80f7-88c6312f6228: 48 chunks; 1.1 s; peak memory 477 MiB.
2026-10-10T05:31:20Z INFO [110/500] 7405fe3d-1395-452b-a339-8fa3df7ac03a: 48 chunks; 0.8 s; peak memory 477 MiB.
2026-10-10T05:31:22Z INFO [111/500] 74067ffb-eb31-4e8d-a917-c4228278cfb1: 113 chunks; 1.3 s; peak memory 477 MiB.
2026-10-10T05:31:23Z INFO [112/500] 7407855f-2c6c-4e66-9e4f-34ab65b309de: 109 chunks; 1.0 s; peak memory 477 MiB.
2026-10-10T05:31:28Z INFO [113/500] 74084a61-b2d2-43df-a146-fc095a08c512: 13956 chunks; 5.1 s; peak memory 477 MiB.
2026-10-10T05:31:29Z INFO [114/500] 74085c57-892f-4204-b086-e884f2df94f1: 48 chunks; 0.8 s; peak memory 477 MiB.
2026-10-10T05:31:35Z INFO [115/500] 74099b9e-b036-4580-b0dd-dc8158ccd25d: 6745 chunks; 6.2 s; peak memory 477 MiB.
2026-10-10T05:31:37Z INFO [116/500] 7409f324-93e3-4372-9066-3d48c274212c: 114 chunks; 2.0 s; peak memory 477 MiB.
2026-10-10T05:31:38Z INFO [117/500] 740a1aa3-2f67-45fb-b509-75c487d17ef0: 112 chunks; 1.1 s; peak memory 477 MiB.
2026-10-10T05:31:42Z INFO [118/500] 740a336b-8398-44a3-900a-b348aab69588: 17493 chunks; 4.4 s; peak memory 477 MiB.
2026-10-10T05:31:43Z INFO [119/500] 740a4118-a374-4be1-9f49-d39530b1cfeb: 48 chunks; 0.8 s; peak memory 477 MiB.
2026-10-10T05:31:44Z INFO [120/500] 740a90fe-688f-4759-99e8-83bbfe8ee422: 110 chunks; 1.2 s; peak memory 477 MiB.
2026-10-10T05:31:45Z INFO [121/500] 740ad37d-ad7e-458c-afcb-40d8fc16c829: 50 chunks; 0.8 s; peak memory 477 MiB.
2026-10-10T05:31:56Z INFO [122/500] 740adb71-44de-4361-99f9-39e7f2239466: 8229 chunks; 10.6 s; peak memory 477 MiB.
2026-10-10T05:31:57Z INFO [123/500] 740b025a-cced-429b-99d4-74c9ae9596e7: 48 chunks; 0.8 s; peak memory 477 MiB.
2026-10-10T05:32:06Z INFO [124/500] 740bf846-e0dd-450c-860c-5ccbeb931639: 3338 chunks; 9.2 s; peak memory 477 MiB.
2026-10-10T05:32:10Z INFO [125/500] 740c8c1e-7818-4f29-9a86-6e514ec209fd: 7588 chunks; 3.7 s; peak memory 477 MiB.
2026-10-10T05:32:11Z INFO [126/500] 740de991-871f-4845-b872-bf1bd92b3ffa: 68 chunks; 1.0 s; peak memory 477 MiB.
2026-10-10T05:34:01Z INFO [127/500] 740e8971-8af8-4691-95c5-1617b18451a6: 38119 chunks; 110.1 s; peak memory 477 MiB.
2026-10-10T05:34:02Z INFO [128/500] 740f48ac-b988-4937-baa4-a80be0485610: 48 chunks; 0.9 s; peak memory 477 MiB.
2026-10-10T05:34:02Z INFO [129/500] 740f78f5-b788-4a37-9442-8d6fe4d92e26: 52 chunks; 0.7 s; peak memory 477 MiB.
2026-10-10T05:34:03Z INFO [130/500] 740f9404-0d27-4eda-9b38-f21eac68bd71: 46 chunks; 0.6 s; peak memory 477 MiB.
2026-10-10T05:34:24Z INFO [131/500] 740fd4e3-2704-4601-a841-276a4a82a2af: 6578 chunks; 21.4 s; peak memory 477 MiB.
2026-10-10T05:34:28Z INFO [132/500] 74104eaa-9d0e-42f3-9e84-1bc9f3773959: 548 chunks; 3.9 s; peak memory 477 MiB.
2026-10-10T05:36:29Z INFO [133/500] 741182a3-ff2c-43b9-b7bb-5eebeea1d699: 40269 chunks; 120.5 s; peak memory 478 MiB.
2026-10-10T05:36:29Z INFO [134/500] 74125f73-64ba-47b7-8023-c8fa59611a3b: 48 chunks; 0.8 s; peak memory 478 MiB.
2026-10-10T05:36:30Z INFO [135/500] 74127dd3-4cbe-47e9-94ea-74cbc31afe92: 47 chunks; 0.8 s; peak memory 478 MiB.
2026-10-10T05:36:38Z INFO [136/500] 741410c4-5ae2-484b-8dfa-067201207cbe: 339 chunks; 7.3 s; peak memory 478 MiB.
2026-10-10T05:36:38Z INFO [137/500] 7414713b-2978-4140-a625-801476192f06: 48 chunks; 0.8 s; peak memory 478 MiB.
2026-10-10T05:36:40Z INFO [138/500] 7415133a-0e33-4ca1-a789-565fd4c74905: 59 chunks; 1.2 s; peak memory 478 MiB.
2026-10-10T05:36:41Z INFO [139/500] 74152220-85db-4c84-b74c-a16318817577: 528 chunks; 1.6 s; peak memory 478 MiB.
2026-10-10T05:36:51Z INFO [140/500] 7415a88a-8255-4468-a7e3-94c716b8d558: 9523 chunks; 9.6 s; peak memory 478 MiB.
2026-10-10T05:36:53Z INFO [141/500] 7416d6ba-c23d-4e59-b9a9-717b8edbbae7: 1098 chunks; 2.1 s; peak memory 478 MiB.
2026-10-10T05:36:54Z INFO [142/500] 74170b6c-5b67-49aa-b574-664def9637d5: 118 chunks; 1.1 s; peak memory 478 MiB.
2026-10-10T05:36:55Z INFO [143/500] 7417cd47-5596-4f93-939d-573d6a11384a: 116 chunks; 1.0 s; peak memory 478 MiB.
2026-10-10T05:36:56Z INFO [144/500] 741856da-d4f2-4d42-ab6e-43985a7ee2b8: 51 chunks; 1.2 s; peak memory 478 MiB.
2026-10-10T05:36:58Z INFO [145/500] 7419f235-f21b-4443-9d09-d62765a4d731: 119 chunks; 1.6 s; peak memory 478 MiB.
2026-10-10T05:36:59Z INFO [146/500] 741abf3b-198f-4bde-aca6-bb9f763047dc: 112 chunks; 1.1 s; peak memory 478 MiB.
2026-10-10T05:37:00Z INFO [147/500] 741ac795-a956-473d-b37f-6b5f8ec9fb29: 118 chunks; 0.9 s; peak memory 478 MiB.
2026-10-10T05:37:03Z INFO [148/500] 741b0db8-ce3d-48c7-905b-12594697fa96: 157 chunks; 2.9 s; peak memory 478 MiB.
2026-10-10T05:37:05Z INFO [149/500] 741b4220-3664-47ca-b1f7-716ecabbad2e: 163 chunks; 2.7 s; peak memory 478 MiB.
2026-10-10T05:37:06Z INFO [150/500] 741cb81a-8ee0-4e74-a30b-a039e9062624: 46 chunks; 0.6 s; peak memory 478 MiB.
2026-10-10T05:37:06Z INFO [150/500] 741cb81a-8ee0-4e74-a30b-a039e9062624: checkpointed 102984 new records.
2026-10-10T05:37:07Z INFO [151/500] 741d3959-bfcd-44ea-b6a1-bbcd64307707: 48 chunks; 0.8 s; peak memory 478 MiB.
2026-10-10T05:37:08Z INFO [152/500] 741edd68-9a05-4965-ad71-75296d05f1b1: 41 chunks; 0.8 s; peak memory 478 MiB.
2026-10-10T05:37:09Z INFO [153/500] 741f79d2-477f-4e1c-b72d-4346a7ac7743: 45 chunks; 0.9 s; peak memory 478 MiB.
2026-10-10T05:37:10Z INFO [154/500] 741fd6ad-fc36-4760-986c-eb2c70282b6e: 76 chunks; 1.5 s; peak memory 478 MiB.
2026-10-10T05:37:31Z INFO [155/500] 74202863-c548-4970-8c42-6b2c7d6104b4: 6127 chunks; 21.0 s; peak memory 478 MiB.
2026-10-10T05:37:32Z INFO [156/500] 74207666-8e0b-4c16-9e6b-430296ba9102: 68 chunks; 1.0 s; peak memory 478 MiB.
2026-10-10T05:37:35Z INFO [157/500] 742082ac-161b-4859-9e62-f59d4bc8e908: 119 chunks; 2.2 s; peak memory 478 MiB.
2026-10-10T05:39:18Z INFO [158/500] 7421a825-768b-44a6-8b18-41c4074a87d8: 37933 chunks; 103.8 s; peak memory 478 MiB.
2026-10-10T05:39:20Z INFO [159/500] 7423660f-3e23-418a-a67b-273fcc9ff62d: 91 chunks; 2.0 s; peak memory 478 MiB.
2026-10-10T05:39:21Z INFO [160/500] 7423d124-ff12-49c7-9abf-04b9298c0d02: 48 chunks; 1.0 s; peak memory 478 MiB.
2026-10-10T05:39:25Z INFO [161/500] 74244814-8670-4cb4-8cf9-5389fd834642: 2083 chunks; 3.5 s; peak memory 478 MiB.
2026-10-10T05:39:26Z INFO [162/500] 74245ddf-71de-4e5a-b3ca-7324786e4d74: 112 chunks; 1.4 s; peak memory 478 MiB.
2026-10-10T05:39:27Z INFO [163/500] 74252356-ef89-400e-8b40-8545d33a2401: 110 chunks; 1.2 s; peak memory 478 MiB.
2026-10-10T05:39:32Z INFO [164/500] 74252967-39dd-432e-ba02-bddd0985c283: 16370 chunks; 4.9 s; peak memory 478 MiB.
2026-10-10T05:39:33Z INFO [165/500] 74261489-69b4-4c0b-9c6e-89ba190e8ab3: 118 chunks; 1.0 s; peak memory 478 MiB.
2026-10-10T05:39:34Z INFO [166/500] 742674ab-25ec-44cb-9ea2-552ba6e2ba7f: 84 chunks; 0.9 s; peak memory 478 MiB.
2026-10-10T05:39:35Z INFO [167/500] 7426bd71-8bae-4775-8a16-baff169e7334: 72 chunks; 1.1 s; peak memory 478 MiB.
2026-10-10T05:39:36Z INFO [168/500] 742716d7-5e5d-4bc3-8f3b-d01aefea43be: 83 chunks; 0.9 s; peak memory 478 MiB.
2026-10-10T05:39:37Z INFO [169/500] 74280348-9106-4e02-8695-228e078d3a10: 48 chunks; 0.9 s; peak memory 478 MiB.
2026-10-10T05:39:38Z INFO [170/500] 742818ab-e993-415a-a0bd-256270722024: 112 chunks; 1.3 s; peak memory 478 MiB.
2026-10-10T05:39:40Z INFO [171/500] 742913db-fa5a-43bb-b223-1ae7edf30837: 119 chunks; 1.6 s; peak memory 478 MiB.
2026-10-10T05:39:41Z INFO [172/500] 7429520c-d963-4f34-8951-16bd2a41ecd8: 45 chunks; 0.6 s; peak memory 478 MiB.
2026-10-10T05:39:41Z INFO [173/500] 7429c1e4-8539-4026-8dac-32f71945d211: 48 chunks; 0.8 s; peak memory 478 MiB.
2026-10-10T05:39:44Z INFO [174/500] 7429cf3d-8343-4b1d-a60c-6ac700995d04: 101 chunks; 2.6 s; peak memory 478 MiB.
2026-10-10T05:39:45Z INFO [175/500] 742a294b-249c-4427-8720-307877af0ef8: 48 chunks; 1.0 s; peak memory 478 MiB.
2026-10-10T05:39:46Z INFO [176/500] 742a43e6-ab7a-4018-81f9-d4436c8a8424: 71 chunks; 1.3 s; peak memory 478 MiB.
2026-10-10T05:39:47Z INFO [177/500] 742a6b7a-9a0c-4330-8da0-4773b7b88a33: 48 chunks; 0.9 s; peak memory 478 MiB.
2026-10-10T05:39:48Z INFO [178/500] 742a92e1-3b86-4c19-8cb8-1daed4a08990: 48 chunks; 0.9 s; peak memory 478 MiB.
2026-10-10T05:39:49Z INFO [179/500] 742b56a0-6ee7-4f1c-a6d0-246ef5dc78c1: 69 chunks; 0.8 s; peak memory 478 MiB.
2026-10-10T05:39:50Z INFO [180/500] 742bc1e0-353b-42a3-afd0-3dfdf82d9944: 48 chunks; 0.9 s; peak memory 478 MiB.
2026-10-10T05:39:52Z INFO [181/500] 742c5977-12cb-4e8f-8ea4-617163967e42: 116 chunks; 2.1 s; peak memory 478 MiB.
2026-10-10T05:39:53Z INFO [182/500] 742cf972-7f96-4f75-a64a-ae737b72cd9c: 52 chunks; 1.0 s; peak memory 478 MiB.
2026-10-10T05:39:54Z INFO [183/500] 742daaec-73ff-4e09-93ab-08fd2aadd057: 112 chunks; 1.1 s; peak memory 478 MiB.
2026-10-10T05:39:55Z INFO [184/500] 742dc11f-8db1-48bd-a2d1-fc77b145242d: 118 chunks; 1.5 s; peak memory 478 MiB.
2026-10-10T05:40:10Z INFO [185/500] 742e41c0-0627-4f4d-9dec-11f2b8592707: 13812 chunks; 14.8 s; peak memory 478 MiB.
2026-10-10T05:40:11Z INFO [186/500] 742e6637-2dc7-4012-a96b-1c5692ba1ee3: 48 chunks; 0.8 s; peak memory 478 MiB.
2026-10-10T05:40:12Z INFO [187/500] 742f0cd3-1f84-46d0-a7ec-194e984d4340: 49 chunks; 0.7 s; peak memory 478 MiB.
2026-10-10T05:40:14Z INFO [188/500] 742fb019-6ca5-4831-8878-6ba149a08a90: 997 chunks; 2.0 s; peak memory 478 MiB.
2026-10-10T05:40:15Z INFO [189/500] 74312253-d1d5-4382-a2e3-7fadd48284a6: 997 chunks; 1.7 s; peak memory 478 MiB.
2026-10-10T05:40:17Z INFO [190/500] 7431bac8-258e-43d1-8893-0950ebc19de4: 115 chunks; 2.1 s; peak memory 478 MiB.
2026-10-10T05:40:18Z INFO [191/500] 74320061-2d40-49c8-bfdf-c4a6331ca5f3: 48 chunks; 0.9 s; peak memory 478 MiB.
2026-10-10T05:40:19Z INFO [192/500] 74320b33-9be7-4b6a-8718-1d0c65da7aa1: 41 chunks; 0.6 s; peak memory 478 MiB.
2026-10-10T05:40:32Z INFO [193/500] 74321bab-38ab-4544-ae75-312f72d70c55: 5681 chunks; 13.1 s; peak memory 478 MiB.
2026-10-10T05:40:33Z INFO [194/500] 74326d17-87ad-43a2-8c2e-8b7786a07cb9: 48 chunks; 0.8 s; peak memory 478 MiB.
2026-10-10T05:40:34Z INFO [195/500] 74327ab1-8466-4688-89ca-49ac5ac27673: 48 chunks; 1.0 s; peak memory 478 MiB.
2026-10-10T05:40:35Z INFO [196/500] 7433faf2-11df-4079-825d-c41e744fd193: 118 chunks; 0.9 s; peak memory 478 MiB.
2026-10-10T05:40:36Z INFO [197/500] 743431ee-c30b-48b0-a62d-13ac393662b9: 112 chunks; 1.2 s; peak memory 478 MiB.
2026-10-10T05:40:37Z INFO [198/500] 74345feb-ba0c-4d17-95d7-68a6ffac2f09: 78 chunks; 1.1 s; peak memory 478 MiB.
2026-10-10T05:40:40Z INFO [199/500] 7434f4ba-749c-4b3a-a6d2-1d2f21b9c855: 1760 chunks; 2.6 s; peak memory 478 MiB.
2026-10-10T05:40:41Z INFO [200/500] 743547a3-f02e-4201-994f-55a1014247d9: 117 chunks; 1.0 s; peak memory 478 MiB.
2026-10-10T05:40:41Z INFO [200/500] 743547a3-f02e-4201-994f-55a1014247d9: checkpointed 103034 new records.
2026-10-10T05:40:42Z INFO [201/500] 743650bc-3c6b-4e71-b316-616baba709d7: 69 chunks; 1.2 s; peak memory 478 MiB.
2026-10-10T05:40:43Z INFO [202/500] 7436e404-af37-4691-9eca-c2de28550a0a: 59 chunks; 1.0 s; peak memory 478 MiB.
2026-10-10T05:40:47Z INFO [203/500] 7437cbc4-31ab-4dd7-9391-54f284fd0024: 278 chunks; 4.3 s; peak memory 478 MiB.
2026-10-10T05:40:49Z INFO [204/500] 7438d714-a725-4cb9-8c68-93ba1a972573: 114 chunks; 2.1 s; peak memory 478 MiB.
2026-10-10T05:40:50Z INFO [205/500] 743ade44-ad46-4bed-be12-72a532a8717e: 48 chunks; 0.9 s; peak memory 478 MiB.
2026-10-10T05:40:51Z INFO [206/500] 743b6e2d-7478-473f-90e3-496528643721: 117 chunks; 1.0 s; peak memory 478 MiB.
2026-10-10T05:40:52Z INFO [207/500] 743b88d4-445a-408b-bfdc-faeda7e8afd5: 51 chunks; 1.0 s; peak memory 478 MiB.
2026-10-10T05:40:53Z INFO [208/500] 743c1de0-3356-4c95-9791-d8955300f321: 48 chunks; 0.9 s; peak memory 478 MiB.
2026-10-10T05:40:54Z INFO [209/500] 743c7800-76bd-40e8-87bb-1faf86e68e5c: 117 chunks; 1.0 s; peak memory 478 MiB.
2026-10-10T05:40:56Z INFO [210/500] 743c9272-97f4-4ab0-bb28-3573e82c1153: 115 chunks; 2.2 s; peak memory 478 MiB.
2026-10-10T05:40:58Z INFO [211/500] 743ca4fa-e580-4e67-9c31-061840284173: 71 chunks; 1.6 s; peak memory 478 MiB.
2026-10-10T05:40:59Z INFO [212/500] 743d3f07-2db2-42c4-b4f4-1bbcdf3142eb: 132 chunks; 0.7 s; peak memory 478 MiB.
2026-10-10T05:41:00Z INFO [213/500] 743d907a-b6db-418b-af24-376bcb2748a3: 933 chunks; 1.7 s; peak memory 478 MiB.
2026-10-10T05:41:01Z INFO [214/500] 743dd078-9b72-4c18-807e-e31e59358a49: 48 chunks; 0.8 s; peak memory 478 MiB.
2026-10-10T05:41:07Z INFO [215/500] 743f0e47-8199-4719-bcdb-2c5bc0adb602: 21775 chunks; 6.3 s; peak memory 478 MiB.
2026-10-10T05:41:12Z INFO [216/500] 743f3f73-284b-40ee-abfb-e8bffd57a7bc: 676 chunks; 4.4 s; peak memory 478 MiB.
2026-10-10T05:41:13Z INFO [217/500] 743f58b4-7516-4764-bf13-3a0cc4ca1690: 117 chunks; 1.1 s; peak memory 478 MiB.
2026-10-10T05:41:14Z INFO [218/500] 743ff430-b287-494d-b3e3-69bbed772e99: 117 chunks; 1.1 s; peak memory 478 MiB.
2026-10-10T05:41:15Z INFO [219/500] 74405b57-c6ee-466a-9563-e579755e13ea: 62 chunks; 1.1 s; peak memory 478 MiB.
2026-10-10T05:41:16Z INFO [220/500] 7440d28f-c10b-46c2-aed1-4686abeb61bb: 115 chunks; 0.9 s; peak memory 478 MiB.
2026-10-10T05:41:19Z INFO [221/500] 7440efbf-3784-4960-897b-7c835962006d: 156 chunks; 2.6 s; peak memory 478 MiB.
2026-10-10T05:41:19Z INFO [222/500] 7440f3b5-ca48-40f6-bdff-87d5fdb31bc3: 48 chunks; 0.7 s; peak memory 478 MiB.
2026-10-10T05:41:20Z INFO [223/500] 744267a2-2cb7-4626-8af6-a33e7a152ce4: 46 chunks; 0.7 s; peak memory 478 MiB.
2026-10-10T05:41:22Z INFO [224/500] 74434d4e-911d-43bb-b7a1-b168bae24ef1: 125 chunks; 1.6 s; peak memory 478 MiB.
2026-10-10T05:41:22Z INFO [225/500] 74435beb-a290-428f-b222-945524df4662: 50 chunks; 0.8 s; peak memory 478 MiB.
2026-10-10T05:41:24Z INFO [226/500] 7444397f-5caa-44c8-86be-80dfacb63870: 118 chunks; 1.2 s; peak memory 478 MiB.
2026-10-10T05:41:24Z INFO [227/500] 74451c8e-f6f8-4d84-b49a-7b8a1826a9ae: 48 chunks; 0.8 s; peak memory 478 MiB.
2026-10-10T05:41:25Z INFO [228/500] 744658b2-cbb9-48b4-a1b9-61784faf34a5: 48 chunks; 1.0 s; peak memory 478 MiB.
2026-10-10T05:41:27Z INFO [229/500] 7446e64e-9846-441a-a80c-8e05d2f04d74: 112 chunks; 1.4 s; peak memory 478 MiB.
2026-10-10T05:41:28Z INFO [230/500] 7447619e-fc0f-470c-8b10-70605887ada9: 66 chunks; 1.6 s; peak memory 478 MiB.
2026-10-10T05:41:30Z INFO [231/500] 74485052-837f-4198-baf5-5d701eb4c732: 71 chunks; 1.4 s; peak memory 478 MiB.
2026-10-10T05:42:59Z INFO [232/500] 7448cc7a-5a5a-4f25-aa96-f55e8a3efc1f: 26940 chunks; 88.9 s; peak memory 478 MiB.
2026-10-10T05:42:59Z INFO [233/500] 7448edc2-197a-4e82-978c-aab18b69a63a: 69 chunks; 0.8 s; peak memory 478 MiB.
2026-10-10T05:43:07Z INFO [234/500] 744930e9-0967-455c-8547-b8bc567e00f2: 17871 chunks; 7.2 s; peak memory 478 MiB.
2026-10-10T05:43:08Z INFO [235/500] 74495202-5666-4ac0-ad13-8f8c7427015f: 110 chunks; 1.4 s; peak memory 478 MiB.
2026-10-10T05:43:09Z INFO [236/500] 7449616c-e38d-4463-91cf-4c9ce35d01eb: 112 chunks; 1.1 s; peak memory 478 MiB.
2026-10-10T05:43:10Z INFO [237/500] 74496b5a-17d4-4e55-865a-9897f6242a46: 48 chunks; 0.9 s; peak memory 478 MiB.
2026-10-10T05:43:12Z INFO [238/500] 744ac1e8-7325-4ba6-b1a4-35b8251fc5f0: 126 chunks; 1.6 s; peak memory 478 MiB.
2026-10-10T05:43:13Z INFO [239/500] 744b6647-f2e0-4855-8ed4-9bb3aedf6640: 48 chunks; 0.9 s; peak memory 478 MiB.
2026-10-10T05:43:13Z INFO [240/500] 744bcd05-9b35-46e9-8ec7-4ac08c52441c: 48 chunks; 0.9 s; peak memory 478 MiB.
2026-10-10T05:43:14Z INFO [241/500] 744c6306-4960-44e2-811a-336db9a0a14a: 117 chunks; 0.9 s; peak memory 478 MiB.
2026-10-10T05:43:17Z INFO [242/500] 744e3566-748c-4a30-b8c7-11224bee00cd: 1078 chunks; 2.9 s; peak memory 478 MiB.
2026-10-10T05:43:24Z INFO [243/500] 744f7794-7bec-4e04-99de-98898d71a0b6: 15340 chunks; 6.8 s; peak memory 478 MiB.
2026-10-10T05:43:43Z INFO [244/500] 744fa802-d7f4-4980-a09e-72927ad50e74: 6124 chunks; 19.4 s; peak memory 478 MiB.
2026-10-10T05:43:45Z INFO [245/500] 745006d9-1317-4a15-89c4-db94104241be: 69 chunks; 1.1 s; peak memory 478 MiB.
2026-10-10T05:43:47Z INFO [246/500] 7450409b-f344-490e-af8c-fe2b1c809152: 114 chunks; 2.4 s; peak memory 478 MiB.
2026-10-10T05:43:48Z INFO [247/500] 7450c6da-a5fe-4e95-8dce-5348878b2dec: 66 chunks; 1.5 s; peak memory 478 MiB.
2026-10-10T05:43:49Z INFO [248/500] 7450d48b-8791-4f89-a4a4-9926d65385ef: 48 chunks; 0.8 s; peak memory 478 MiB.
2026-10-10T05:43:51Z INFO [249/500] 7451cc12-49e3-42bf-ae16-c04a48c589ae: 114 chunks; 1.9 s; peak memory 478 MiB.
2026-10-10T05:43:53Z INFO [250/500] 74521684-3d84-4182-a42b-fd7505a7c7cb: 69 chunks; 1.3 s; peak memory 478 MiB.
2026-10-10T05:43:53Z INFO [250/500] 74521684-3d84-4182-a42b-fd7505a7c7cb: checkpointed 103084 new records.
2026-10-10T05:43:54Z INFO [251/500] 745264ab-395e-4750-a876-a7586385ff1b: 48 chunks; 1.0 s; peak memory 478 MiB.
2026-10-10T05:43:55Z INFO [252/500] 7452b2ef-c50e-4ee8-ae81-1da6478ed167: 78 chunks; 1.0 s; peak memory 478 MiB.
2026-10-10T05:43:56Z INFO [253/500] 74531cec-aed7-49b9-894b-8cc1a6d62e8b: 71 chunks; 1.1 s; peak memory 478 MiB.
2026-10-10T05:43:57Z INFO [254/500] 7453d616-ac10-4a18-abcd-0ce1472bafcc: 48 chunks; 1.0 s; peak memory 478 MiB.
2026-10-10T05:43:58Z INFO [255/500] 74540735-1f6b-4dca-8f74-e7f29fb509ce: 48 chunks; 0.8 s; peak memory 478 MiB.
2026-10-10T05:43:59Z INFO [256/500] 74545b7a-08b8-4328-bdbd-cc841bb04cad: 101 chunks; 1.0 s; peak memory 478 MiB.
2026-10-10T05:44:00Z INFO [257/500] 74553bad-2d29-4870-8724-eb2c331d29cd: 131 chunks; 1.1 s; peak memory 478 MiB.
2026-10-10T05:44:01Z INFO [258/500] 74558540-7f31-4ba6-b011-2d2dfad99ef7: 117 chunks; 0.9 s; peak memory 478 MiB.
2026-10-10T05:44:01Z INFO [259/500] 7455cf58-33c1-4c20-90c8-69e3fcdc4697: 48 chunks; 0.8 s; peak memory 478 MiB.
2026-10-10T05:44:03Z INFO [260/500] 745624b7-df67-4001-b5ec-3cf118c1fc97: 119 chunks; 2.0 s; peak memory 478 MiB.
2026-10-10T05:44:08Z INFO [261/500] 74567da7-7843-4081-92a5-6048770f543f: 2923 chunks; 4.9 s; peak memory 478 MiB.
2026-10-10T05:44:09Z INFO [262/500] 7456925b-26ad-408c-9df3-9a132e59d7b1: 70 chunks; 0.9 s; peak memory 478 MiB.
2026-10-10T05:44:10Z INFO [263/500] 74599f45-850c-47f3-9a6b-2f982f30672d: 48 chunks; 0.8 s; peak memory 478 MiB.
2026-10-10T05:44:12Z INFO [264/500] 7459beb1-78c5-4f68-a837-af924555bcb0: 168 chunks; 2.0 s; peak memory 478 MiB.
2026-10-10T05:44:13Z INFO [265/500] 745aaf3e-54e1-4e4d-93c9-f4b4f7108073: 48 chunks; 0.8 s; peak memory 478 MiB.
2026-10-10T05:44:14Z INFO [266/500] 745adfbd-7b16-4672-ac5c-69bd1556bb7b: 48 chunks; 0.8 s; peak memory 478 MiB.
2026-10-10T05:44:18Z INFO [267/500] 745b3e6f-90a8-4a33-91cb-443b550a8c54: 276 chunks; 3.8 s; peak memory 478 MiB.
2026-10-10T05:44:24Z INFO [268/500] 745cddf3-df44-47da-9c93-a20d87e41b77: 339 chunks; 6.2 s; peak memory 478 MiB.
2026-10-10T05:46:08Z INFO [269/500] 745d0704-4710-42a2-83e9-61258663d118: 37844 chunks; 103.9 s; peak memory 478 MiB.
2026-10-10T05:46:11Z INFO [270/500] 745e3610-48f5-45a3-aae0-a7fb96446327: 354 chunks; 3.1 s; peak memory 478 MiB.
2026-10-10T05:46:17Z INFO [271/500] 745efa0e-dca4-4914-9374-f5288b5850f3: 300 chunks; 5.9 s; peak memory 478 MiB.
2026-10-10T05:46:18Z INFO [272/500] 745efd2d-e67b-40be-b758-2636712590cd: 77 chunks; 0.9 s; peak memory 478 MiB.
2026-10-10T05:46:19Z INFO [273/500] 745f3ddb-5d9b-408c-871e-ca3513e651ec: 112 chunks; 1.2 s; peak memory 478 MiB.
2026-10-10T05:46:20Z INFO [274/500] 745fe416-d91a-4648-b890-3910b9b8331a: 48 chunks; 0.9 s; peak memory 478 MiB.
2026-10-10T05:46:20Z INFO [275/500] 74607b31-4b7f-4fd7-8224-a0d30a6ec9b0: 46 chunks; 0.6 s; peak memory 478 MiB.
2026-10-10T05:46:21Z INFO [276/500] 74617b4a-310a-4491-a5e4-6b7a27abb391: 33 chunks; 0.6 s; peak memory 478 MiB.
2026-10-10T05:46:22Z INFO [277/500] 74636e60-852b-4507-9a20-767305e2c126: 66 chunks; 1.2 s; peak memory 478 MiB.
2026-10-10T05:46:23Z INFO [278/500] 7464ea97-6aac-4bfd-98aa-e8598c1eb5f7: 48 chunks; 0.9 s; peak memory 478 MiB.
2026-10-10T05:46:24Z INFO [279/500] 7465353e-c1ad-4ab9-9aeb-93d1c82d571f: 116 chunks; 1.0 s; peak memory 478 MiB.
2026-10-10T05:46:25Z INFO [280/500] 7465e047-d5a8-4d65-96b1-744efb575f0c: 117 chunks; 0.9 s; peak memory 478 MiB.
2026-10-10T05:46:28Z INFO [281/500] 7469166e-c255-4dd8-969a-a6f6ef085c49: 7657 chunks; 3.3 s; peak memory 478 MiB.
2026-10-10T05:46:33Z INFO [282/500] 7469b39d-df18-492f-a42d-56ebf1402f68: 736 chunks; 5.1 s; peak memory 478 MiB.
2026-10-10T05:46:34Z INFO [283/500] 7469cd26-f790-40fe-a571-60fa429a44b2: 66 chunks; 1.2 s; peak memory 478 MiB.
2026-10-10T05:46:37Z INFO [284/500] 746a6581-03f3-476d-8a6f-4a95737ba221: 592 chunks; 2.7 s; peak memory 478 MiB.
2026-10-10T05:46:38Z INFO [285/500] 746a7653-0873-46cd-b986-25cf4f1144b6: 46 chunks; 0.9 s; peak memory 478 MiB.
2026-10-10T05:46:39Z INFO [286/500] 746af2d4-33da-4405-afbb-6c12fabfa9a6: 71 chunks; 1.4 s; peak memory 478 MiB.
2026-10-10T05:46:41Z INFO [287/500] 746b27a0-1017-4024-9c42-6b0f6f722ac9: 118 chunks; 1.4 s; peak memory 478 MiB.
2026-10-10T05:46:42Z INFO [288/500] 746b5b68-d1ac-47e4-8838-f8184958de79: 48 chunks; 0.8 s; peak memory 478 MiB.
2026-10-10T05:46:44Z INFO [289/500] 746b5d2a-80e0-4f78-944a-f1b705bf0f24: 90 chunks; 2.1 s; peak memory 478 MiB.
2026-10-10T05:46:54Z INFO [290/500] 746b8afb-f2a3-4337-bb69-59f15fd59c7e: 8742 chunks; 9.9 s; peak memory 478 MiB.
2026-10-10T05:46:55Z INFO [291/500] 746c0189-dc02-4b70-ab3c-a90dd51fe3e8: 116 chunks; 0.9 s; peak memory 478 MiB.
2026-10-10T05:46:55Z INFO [292/500] 746c6433-c305-4b08-836d-0563d40a9d8c: 118 chunks; 0.9 s; peak memory 478 MiB.
2026-10-10T05:46:56Z INFO [293/500] 746c9172-fe16-486e-94cb-405e4c3dfe44: 112 chunks; 1.0 s; peak memory 478 MiB.
2026-10-10T05:46:59Z INFO [294/500] 746e2cad-bdb5-47b6-bbd7-4b6a214edb02: 156 chunks; 2.7 s; peak memory 478 MiB.
2026-10-10T05:47:01Z INFO [295/500] 746efad5-61f8-442f-8220-948086fec02b: 121 chunks; 1.6 s; peak memory 478 MiB.
2026-10-10T05:47:08Z INFO [296/500] 746f87e8-fd32-45e4-a08c-7df5e57f3e5a: 263 chunks; 7.3 s; peak memory 478 MiB.
2026-10-10T05:47:09Z INFO [297/500] 7470ac83-9a52-41a2-8b41-988a3c8d9ef0: 116 chunks; 1.1 s; peak memory 478 MiB.
2026-10-10T05:47:10Z INFO [298/500] 7471ae44-1b3a-4abc-9ccf-2808bdcf9087: 52 chunks; 0.9 s; peak memory 478 MiB.
2026-10-10T05:47:11Z INFO [299/500] 7471fe76-7628-413b-8031-fe096a4b8190: 48 chunks; 0.7 s; peak memory 478 MiB.
2026-10-10T05:47:13Z INFO [300/500] 7473479e-ce54-4d55-96f1-c014334572bd: 115 chunks; 2.0 s; peak memory 478 MiB.
2026-10-10T05:47:13Z INFO [300/500] 7473479e-ce54-4d55-96f1-c014334572bd: checkpointed 103134 new records.
2026-10-10T05:47:15Z INFO [301/500] 7473825f-d37c-45e5-9c87-f40421510fa6: 1061 chunks; 2.1 s; peak memory 478 MiB.
2026-10-10T05:47:16Z INFO [302/500] 74741952-c96c-41fb-ab89-9897c39ad562: 46 chunks; 0.6 s; peak memory 478 MiB.
2026-10-10T05:47:16Z INFO [303/500] 74742e46-44d8-4d3e-8584-2f2fabc23e1e: 69 chunks; 0.7 s; peak memory 478 MiB.
2026-10-10T05:47:18Z INFO [304/500] 7474443c-9082-46a9-b574-3207e24dbf5f: 64 chunks; 1.3 s; peak memory 478 MiB.
2026-10-10T05:47:19Z INFO [305/500] 7474ef7d-91a8-4d9e-957a-3a2e21a4f70d: 67 chunks; 1.4 s; peak memory 478 MiB.
2026-10-10T05:47:20Z INFO [306/500] 747524c2-4641-4c33-b90f-851bda2beaaf: 117 chunks; 1.1 s; peak memory 478 MiB.
2026-10-10T05:47:21Z INFO [307/500] 74759505-e753-491f-b630-7441b6f3e4a6: 117 chunks; 0.8 s; peak memory 478 MiB.
2026-10-10T05:47:22Z INFO [308/500] 7475f007-5553-4d84-82e9-d5fa3d72caa8: 48 chunks; 0.8 s; peak memory 478 MiB.
2026-10-10T05:47:23Z INFO [309/500] 7475fef4-a5c5-4936-9a9f-92719144c013: 118 chunks; 0.9 s; peak memory 478 MiB.
2026-10-10T05:47:24Z INFO [310/500] 74763955-cee7-4e36-b5d8-f37ebf5d6528: 52 chunks; 0.9 s; peak memory 478 MiB.
2026-10-10T05:47:24Z INFO [311/500] 74775fa1-29ea-4d16-bd44-da046afe48a4: 39 chunks; 0.5 s; peak memory 478 MiB.
2026-10-10T05:49:13Z INFO [312/500] 7477a85f-83bc-4537-8589-ae4fff8c5d57: 37949 chunks; 109.0 s; peak memory 478 MiB.
2026-10-10T05:49:14Z INFO [313/500] 7477aad1-8d7c-4d66-a3ea-eba92cfdbdb3: 46 chunks; 0.8 s; peak memory 478 MiB.
2026-10-10T05:49:15Z INFO [314/500] 7479522b-1bd6-44d2-8a16-ed3e60621950: 118 chunks; 1.0 s; peak memory 478 MiB.
2026-10-10T05:49:16Z INFO [315/500] 74796f58-e919-42d2-bc5e-3271610d9212: 48 chunks; 0.8 s; peak memory 478 MiB.
2026-10-10T05:49:17Z INFO [316/500] 7479a2fe-9c2f-470f-8e74-07dc1f590312: 275 chunks; 1.5 s; peak memory 478 MiB.
2026-10-10T05:49:20Z INFO [317/500] 7479dca4-5a01-413e-af4d-d087b766bb81: 156 chunks; 2.4 s; peak memory 478 MiB.
2026-10-10T05:49:26Z INFO [318/500] 747a1f87-d046-437b-b596-352274dec282: 339 chunks; 6.1 s; peak memory 478 MiB.
2026-10-10T05:49:28Z INFO [319/500] 747a5469-367d-44b5-b917-66e41e0dbbd4: 116 chunks; 1.9 s; peak memory 478 MiB.
2026-10-10T05:49:28Z INFO [320/500] 747b9140-239e-4a36-8ec8-df4cf71c397f: 48 chunks; 0.8 s; peak memory 478 MiB.
2026-10-10T05:49:29Z INFO [321/500] 747c12b5-c344-4f77-b627-509b8338359a: 46 chunks; 0.9 s; peak memory 478 MiB.
2026-10-10T05:49:31Z INFO [322/500] 747c4665-fbdf-4ff7-8cb0-25c7855f99b8: 71 chunks; 1.6 s; peak memory 478 MiB.
2026-10-10T05:49:32Z INFO [323/500] 747d1e98-b349-4f47-891b-77cb0396ac2e: 56 chunks; 0.6 s; peak memory 478 MiB.
2026-10-10T05:49:34Z INFO [324/500] 747d5df0-5f18-4a4e-bb2f-f0c8b79e6f1a: 118 chunks; 2.4 s; peak memory 478 MiB.
2026-10-10T05:49:35Z INFO [325/500] 747d5fea-3513-4c20-ac7a-57af01fcddfb: 103 chunks; 1.4 s; peak memory 478 MiB.
2026-10-10T05:49:37Z INFO [326/500] 747dbb2a-a50d-4b1b-bc79-6cf97ab5890d: 112 chunks; 1.3 s; peak memory 478 MiB.
2026-10-10T05:49:39Z INFO [327/500] 747e4606-8985-4a32-b337-5e134b7272e0: 114 chunks; 2.1 s; peak memory 478 MiB.
2026-10-10T05:50:00Z INFO [328/500] 747e4c4a-f7f0-46ad-b111-5b37b7a8752d: 11358 chunks; 21.5 s; peak memory 478 MiB.
2026-10-10T05:50:01Z INFO [329/500] 747f111f-5db6-43d6-9de5-585ef7884c7e: 46 chunks; 0.7 s; peak memory 478 MiB.
2026-10-10T05:50:05Z INFO [330/500] 747f7411-9c1a-4e36-8a81-fd560fda12f8: 13416 chunks; 4.4 s; peak memory 478 MiB.
2026-10-10T05:50:06Z INFO [331/500] 747f7573-cf25-4e65-b1ea-86999c069f17: 71 chunks; 1.1 s; peak memory 478 MiB.
2026-10-10T05:50:07Z INFO [332/500] 74800efb-4f88-4815-923f-97d94aefb2f9: 48 chunks; 0.8 s; peak memory 478 MiB.
2026-10-10T05:50:14Z INFO [333/500] 74825b32-0f91-4df2-857e-c833dff90db5: 15419 chunks; 6.8 s; peak memory 478 MiB.
2026-10-10T05:50:15Z INFO [334/500] 74826037-f7fe-4ce1-9ec7-fd49baebd367: 116 chunks; 0.8 s; peak memory 478 MiB.
2026-10-10T05:50:15Z INFO [335/500] 7482bb84-0ae4-42b4-9a27-77625a659c7d: 37 chunks; 0.7 s; peak memory 478 MiB.
2026-10-10T05:50:16Z INFO [336/500] 7483dd6f-8076-41ac-b5ed-884551547c02: 48 chunks; 0.8 s; peak memory 478 MiB.
2026-10-10T05:50:17Z INFO [337/500] 74843c38-cd4c-4d49-a52c-681c9c7ae437: 46 chunks; 0.7 s; peak memory 478 MiB.
2026-10-10T05:50:22Z INFO [338/500] 74849e80-aee7-410f-b1a0-cab9eb9c2eba: 291 chunks; 4.8 s; peak memory 478 MiB.
2026-10-10T05:50:23Z INFO [339/500] 7484b38a-b0d5-4990-88d9-314e91de0b36: 289 chunks; 1.3 s; peak memory 478 MiB.
2026-10-10T05:50:27Z INFO [340/500] 7484ec7f-dc2e-41d6-bf0b-34c5df733764: 255 chunks; 4.0 s; peak memory 478 MiB.
2026-10-10T05:50:29Z INFO [341/500] 74856f9e-254f-4d8d-ba49-3e2d1f4af30d: 47 chunks; 1.5 s; peak memory 478 MiB.
2026-10-10T05:50:29Z INFO [342/500] 7486a78c-db66-442a-8371-fb3ade59c15e: 150 chunks; 0.9 s; peak memory 478 MiB.
2026-10-10T05:50:30Z INFO [343/500] 7486aed8-c320-45a7-b0d9-4e18d0c28b8b: 275 chunks; 1.0 s; peak memory 478 MiB.
2026-10-10T05:50:32Z INFO [344/500] 7486e1d7-b922-439d-9c2f-3c0ae350fe78: 112 chunks; 1.1 s; peak memory 478 MiB.
2026-10-10T05:50:35Z INFO [345/500] 748752b8-25ae-48f0-aa72-a8f7ba58588b: 168 chunks; 3.8 s; peak memory 478 MiB.
2026-10-10T05:50:36Z INFO [346/500] 7487ea69-df32-472b-9323-43cce7417111: 46 chunks; 0.8 s; peak memory 478 MiB.
2026-10-10T05:50:44Z INFO [347/500] 7487f0b1-32fe-4640-b479-a2cf6f3c85b8: 23464 chunks; 7.5 s; peak memory 478 MiB.
2026-10-10T05:50:51Z INFO [348/500] 74884097-2d31-4208-816b-4cb4cefbabc1: 336 chunks; 7.2 s; peak memory 478 MiB.
2026-10-10T05:50:51Z INFO [349/500] 7488bcfc-facc-49c3-b944-e424ba2ee2c6: 45 chunks; 0.7 s; peak memory 478 MiB.
2026-10-10T05:50:53Z INFO [350/500] 7488e4cf-15d2-4c56-a266-80a0337e17ed: 117 chunks; 1.2 s; peak memory 478 MiB.
2026-10-10T05:50:53Z INFO [350/500] 7488e4cf-15d2-4c56-a266-80a0337e17ed: checkpointed 103184 new records.
2026-10-10T05:50:54Z INFO [351/500] 74894937-3177-47d4-890f-0353bbdfccdc: 99 chunks; 1.3 s; peak memory 478 MiB.
2026-10-10T05:50:55Z INFO [352/500] 748ac765-d22e-44ef-ba3e-71693822fb40: 117 chunks; 0.9 s; peak memory 478 MiB.
2026-10-10T05:50:56Z INFO [353/500] 748bdddc-2674-483a-9e76-8036eb1a962b: 54 chunks; 0.6 s; peak memory 478 MiB.
2026-10-10T05:50:57Z INFO [354/500] 748c209f-e685-40d3-bbfe-267564cfbd69: 212 chunks; 0.7 s; peak memory 478 MiB.
2026-10-10T05:50:57Z INFO [355/500] 748d84ab-ca75-4e7c-9293-eda5cd1ec97c: 48 chunks; 0.9 s; peak memory 478 MiB.
2026-10-10T05:50:59Z INFO [356/500] 748d8ed5-9d8b-4dba-a155-6674db4ecc55: 74 chunks; 1.6 s; peak memory 478 MiB.
2026-10-10T05:51:00Z INFO [357/500] 748d9aab-518c-424d-997c-416b2a91b3e5: 117 chunks; 0.8 s; peak memory 478 MiB.
2026-10-10T05:51:01Z INFO [358/500] 748f8679-9975-44dc-9e12-19a46b57aeda: 49 chunks; 1.3 s; peak memory 478 MiB.
2026-10-10T05:51:02Z INFO [359/500] 74907609-624c-499b-99bc-90303c4fd852: 112 chunks; 1.4 s; peak memory 478 MiB.
2026-10-10T05:51:18Z INFO [360/500] 74909abd-2090-44f4-95c0-144a6c0c270a: 282 chunks; 15.2 s; peak memory 478 MiB.
2026-10-10T05:51:19Z INFO [361/500] 7490ce2a-7ab5-4823-bbd2-d6a7a3ec1a85: 118 chunks; 1.1 s; peak memory 478 MiB.
2026-10-10T05:51:20Z INFO [362/500] 7490d6b9-a66f-40c9-8854-f06d1a31d101: 69 chunks; 1.0 s; peak memory 478 MiB.
2026-10-10T05:51:21Z INFO [363/500] 7490f77a-897e-492f-80ce-245ad298f0a1: 52 chunks; 1.0 s; peak memory 478 MiB.
2026-10-10T05:51:22Z INFO [364/500] 7491035b-3b84-4152-82e1-4dab21f83e9b: 997 chunks; 1.7 s; peak memory 478 MiB.
2026-10-10T05:51:25Z INFO [365/500] 74910b7f-4884-4c6e-ab17-c0a61b0cd6a8: 156 chunks; 2.4 s; peak memory 478 MiB.
2026-10-10T05:51:26Z INFO [366/500] 7492af4d-3ea6-430c-b4e4-516e650791ed: 592 chunks; 1.2 s; peak memory 478 MiB.
2026-10-10T05:51:54Z INFO [367/500] 7492ea29-e4e4-4e87-a91b-c0d3704ad611: 5651 chunks; 28.2 s; peak memory 478 MiB.
2026-10-10T05:52:00Z INFO [368/500] 7493786b-9a43-4f01-a85b-92e818e0d4f5: 4095 chunks; 6.3 s; peak memory 478 MiB.
2026-10-10T05:52:02Z INFO [369/500] 7494f63f-a0ac-4080-bfed-5e83e42646d9: 150 chunks; 2.0 s; peak memory 478 MiB.
2026-10-10T05:52:06Z INFO [370/500] 74951ef2-e388-4951-bcc3-da0f8c2de4c7: 2504 chunks; 4.0 s; peak memory 478 MiB.
2026-10-10T05:52:08Z INFO [371/500] 74963fd2-410f-45f8-b56e-ba995e7b5c30: 112 chunks; 1.2 s; peak memory 478 MiB.
2026-10-10T05:52:09Z INFO [372/500] 749696a1-ea6e-4da1-8f4b-e9b4b5ff6c86: 63 chunks; 0.8 s; peak memory 478 MiB.
2026-10-10T05:52:09Z INFO [373/500] 7496e2d5-2df2-44cb-a0fa-0cc71b207eb1: 50 chunks; 0.8 s; peak memory 478 MiB.
2026-10-10T05:52:10Z INFO [374/500] 7497013e-baae-457c-9440-94ded8699d61: 117 chunks; 1.1 s; peak memory 478 MiB.
2026-10-10T05:52:13Z INFO [375/500] 74978f26-c5b5-459a-b39a-d2971dc9799a: 115 chunks; 2.3 s; peak memory 478 MiB.
2026-10-10T05:52:13Z INFO [376/500] 7497ad46-e8f7-4890-a2e1-f5833105e29f: 52 chunks; 0.6 s; peak memory 478 MiB.
2026-10-10T05:52:14Z INFO [377/500] 7497da48-eabe-4fd5-955c-dd4043d13a5d: 77 chunks; 0.8 s; peak memory 478 MiB.
2026-10-10T05:52:15Z INFO [378/500] 7498bd76-e66d-4ce9-9062-509254bb3d1c: 117 chunks; 0.9 s; peak memory 478 MiB.
2026-10-10T05:52:16Z INFO [379/500] 7498fb50-2262-4cc2-9373-29cc4656772a: 48 chunks; 0.8 s; peak memory 478 MiB.
2026-10-10T05:52:21Z INFO [380/500] 749a1673-f005-4fa3-95eb-576398d8acff: 15033 chunks; 5.5 s; peak memory 478 MiB.
2026-10-10T05:53:55Z INFO [381/500] 749b884d-55dd-4cbc-9794-db7af33d8f17: 50229 chunks; 93.8 s; peak memory 478 MiB.
2026-10-10T05:53:56Z INFO [382/500] 749b89dc-bcfa-43af-a3e4-7a131102c775: 626 chunks; 1.3 s; peak memory 478 MiB.
2026-10-10T05:53:57Z INFO [383/500] 749ba29f-b1e9-444c-bbff-b1505710f6b9: 48 chunks; 0.8 s; peak memory 478 MiB.
2026-10-10T05:53:58Z INFO [384/500] 749be9aa-73be-46d4-8981-a1e5e22ff894: 131 chunks; 1.2 s; peak memory 478 MiB.
2026-10-10T05:54:00Z INFO [385/500] 749d164e-4757-4d2c-a2ef-fe19ee7dfb03: 66 chunks; 1.2 s; peak memory 478 MiB.
2026-10-10T05:54:00Z INFO [386/500] 749db205-7903-4ba9-8b67-f887db6d2dec: 48 chunks; 0.9 s; peak memory 478 MiB.
2026-10-10T05:54:02Z INFO [387/500] 749e0a6e-f586-44c1-bdf6-bcedc6cab6ce: 69 chunks; 1.3 s; peak memory 478 MiB.
2026-10-10T05:54:03Z INFO [388/500] 749e5c94-760e-40b3-b334-5846c96b2a17: 102 chunks; 0.8 s; peak memory 478 MiB.
2026-10-10T05:54:03Z INFO [389/500] 749e7ab4-1707-4056-83e4-5ef42d662ac7: 52 chunks; 0.9 s; peak memory 478 MiB.
2026-10-10T05:54:04Z INFO [390/500] 749ea5a8-820f-464f-992c-c099350f871e: 112 chunks; 1.0 s; peak memory 478 MiB.
2026-10-10T05:54:06Z INFO [391/500] 74a00eb5-306a-4b5f-8f39-306a395992f4: 71 chunks; 1.2 s; peak memory 478 MiB.
2026-10-10T05:54:07Z INFO [392/500] 74a0d037-a06c-4e5e-82e6-fb0baca1ca27: 112 chunks; 1.1 s; peak memory 478 MiB.
2026-10-10T05:54:20Z INFO [393/500] 74a1b734-c5fa-4100-953c-4dce07868171: 26335 chunks; 13.1 s; peak memory 478 MiB.
2026-10-10T05:54:21Z INFO [394/500] 74a1e1ab-b93c-46eb-bd8e-f0d7169f009a: 48 chunks; 0.9 s; peak memory 478 MiB.
2026-10-10T05:54:28Z INFO [395/500] 74a25ac3-86a3-4dd6-897a-46bd97f03bc8: 14888 chunks; 7.6 s; peak memory 478 MiB.
2026-10-10T05:54:32Z INFO [396/500] 74a29965-ccbb-4247-aa13-110bbbb714cf: 242 chunks; 3.7 s; peak memory 478 MiB.
2026-10-10T05:54:37Z INFO [397/500] 74a2bc0a-6446-4c54-9109-d1eaf965e50d: 279 chunks; 5.5 s; peak memory 478 MiB.
2026-10-10T05:54:38Z INFO [398/500] 74a2f2c6-239e-494b-ba99-a69d9b013860: 33 chunks; 0.6 s; peak memory 478 MiB.
2026-10-10T05:54:39Z INFO [399/500] 74a31c80-b655-4ec7-9091-bbf5b38673df: 64 chunks; 1.3 s; peak memory 478 MiB.
2026-10-10T05:54:40Z INFO [400/500] 74a3989a-c417-41d8-96cd-2dcdf3be466d: 117 chunks; 1.0 s; peak memory 478 MiB.
2026-10-10T05:54:41Z INFO [400/500] 74a3989a-c417-41d8-96cd-2dcdf3be466d: checkpointed 103234 new records.
2026-10-10T05:54:42Z INFO [401/500] 74a544be-1476-40c2-8083-6f47e42ba588: 59 chunks; 1.1 s; peak memory 478 MiB.
2026-10-10T05:54:43Z INFO [402/500] 74a55b75-14e8-4f3a-805a-a90ba303d166: 118 chunks; 0.9 s; peak memory 478 MiB.
2026-10-10T05:54:43Z INFO [403/500] 74a58e3f-7f56-491a-ab85-64f088d8c3fd: 48 chunks; 0.8 s; peak memory 478 MiB.
2026-10-10T05:54:44Z INFO [404/500] 74a5f5cd-adc4-4a20-a1be-72d2875af186: 37 chunks; 0.7 s; peak memory 478 MiB.
2026-10-10T05:54:46Z INFO [405/500] 74a63505-c897-412b-9c7d-0eb90f4ba033: 71 chunks; 1.7 s; peak memory 478 MiB.
2026-10-10T05:54:46Z INFO [406/500] 74a6932c-2803-4656-af14-9824ab545c9b: 45 chunks; 0.7 s; peak memory 478 MiB.
2026-10-10T05:54:48Z INFO [407/500] 74a6e932-a156-4146-80c1-efd216d40938: 66 chunks; 1.3 s; peak memory 478 MiB.
2026-10-10T05:54:49Z INFO [408/500] 74a70aab-55a8-4595-9cb9-930d913cfd2b: 66 chunks; 1.2 s; peak memory 478 MiB.
2026-10-10T05:54:50Z INFO [409/500] 74a7230c-e566-4759-b3f1-0d0caad98d23: 112 chunks; 0.9 s; peak memory 478 MiB.
2026-10-10T05:54:50Z INFO [410/500] 74a74819-2954-43ab-aae5-5fe21cfaf81b: 51 chunks; 0.6 s; peak memory 478 MiB.
2026-10-10T05:55:29Z INFO [411/500] 74a843d7-78af-428d-99ec-db0519221b2a: 35416 chunks; 38.2 s; peak memory 478 MiB.
2026-10-10T05:55:32Z INFO [412/500] 74a860c2-b248-4b8b-a8e9-8b9a5417b75b: 7699 chunks; 3.8 s; peak memory 478 MiB.
2026-10-10T05:55:35Z INFO [413/500] 74a8b2f9-ba86-4480-bd60-6e1415e177a7: 118 chunks; 2.2 s; peak memory 478 MiB.
2026-10-10T05:55:36Z INFO [414/500] 74a8c0dc-ea97-495c-b1fb-dcb42e1e766c: 77 chunks; 1.1 s; peak memory 478 MiB.
2026-10-10T05:55:38Z INFO [415/500] 74aa619b-a5f8-4b7b-83f3-a9850e42b6bd: 71 chunks; 1.9 s; peak memory 478 MiB.
2026-10-10T05:55:40Z INFO [416/500] 74ab4ce9-8fb3-4e5e-90ef-db11641d4a54: 156 chunks; 2.7 s; peak memory 478 MiB.
2026-10-10T05:55:46Z INFO [417/500] 74abbaf8-245f-4998-a394-6411b4b1718a: 15884 chunks; 5.7 s; peak memory 478 MiB.
2026-10-10T05:56:06Z INFO [418/500] 74abe2b7-6bf4-4fd9-98e2-556b27dbab78: 6590 chunks; 20.2 s; peak memory 478 MiB.
2026-10-10T05:56:07Z INFO [419/500] 74abfc69-98f9-42de-924e-ede54f6372db: 112 chunks; 1.1 s; peak memory 478 MiB.
2026-10-10T05:56:08Z INFO [420/500] 74acd4ea-1f83-46e1-9f06-2b7d4e59d20e: 48 chunks; 0.9 s; peak memory 478 MiB.
2026-10-10T05:56:15Z INFO [421/500] 74ae2122-0504-4228-8a67-1a28f13cd6e8: 31178 chunks; 6.8 s; peak memory 478 MiB.
2026-10-10T05:56:16Z INFO [422/500] 74ae301c-c8e1-4da0-a636-569b8c5e649c: 66 chunks; 1.4 s; peak memory 478 MiB.
2026-10-10T05:56:17Z INFO [423/500] 74aed51b-1bb0-437a-8790-606aef22af53: 49 chunks; 1.1 s; peak memory 478 MiB.
2026-10-10T05:56:18Z INFO [424/500] 74af1639-e220-4740-8a4e-28ebdc254540: 48 chunks; 0.9 s; peak memory 478 MiB.
2026-10-10T05:56:20Z INFO [425/500] 74b01582-786c-4e36-b1a4-86dd4987f5df: 75 chunks; 1.4 s; peak memory 478 MiB.
2026-10-10T05:56:21Z INFO [426/500] 74b08d3e-e6b8-42df-8a9c-bc4209d242fc: 48 chunks; 1.0 s; peak memory 478 MiB.
2026-10-10T05:56:22Z INFO [427/500] 74b2dbbd-edaf-4822-a550-b92e6d37f890: 52 chunks; 1.1 s; peak memory 478 MiB.
2026-10-10T05:56:41Z INFO [428/500] 74b35997-0b5b-4437-97a9-740341e6ebe5: 6054 chunks; 18.8 s; peak memory 478 MiB.
2026-10-10T05:56:42Z INFO [429/500] 74b3bc6c-5ad3-40b4-82ec-7cb60a0beb2c: 52 chunks; 1.1 s; peak memory 478 MiB.
2026-10-10T05:56:42Z INFO [430/500] 74b3dc51-cbf4-413b-90f6-fae49d9064ad: 46 chunks; 0.6 s; peak memory 478 MiB.
2026-10-10T05:56:45Z INFO [431/500] 74b44c23-35a7-4472-8733-1263f2601b89: 85 chunks; 2.4 s; peak memory 478 MiB.
2026-10-10T05:56:46Z INFO [432/500] 74b44cac-1604-4bb9-bc92-287998c04c2e: 39 chunks; 0.9 s; peak memory 478 MiB.
2026-10-10T05:56:46Z INFO [433/500] 74b4cea6-ef76-473c-82ef-bc891441822e: 48 chunks; 0.8 s; peak memory 478 MiB.
2026-10-10T05:56:47Z INFO [434/500] 74b59adf-41b3-4b6f-b94a-35287d556756: 43 chunks; 0.8 s; peak memory 478 MiB.
2026-10-10T05:56:49Z INFO [435/500] 74b8a2c8-7943-4bc3-a8ed-9ed0511476c1: 71 chunks; 1.5 s; peak memory 478 MiB.
2026-10-10T05:56:50Z INFO [436/500] 74b8a8d7-f288-4965-827a-3c5ec199cb78: 118 chunks; 0.9 s; peak memory 478 MiB.
2026-10-10T05:56:51Z INFO [437/500] 74b8b94c-ab99-4fdf-91dd-a2ca0cfac1b0: 116 chunks; 0.9 s; peak memory 478 MiB.
2026-10-10T05:57:03Z INFO [438/500] 74b99d9a-c28c-42bd-8a8a-6a35fb5ae4ae: 10684 chunks; 12.0 s; peak memory 478 MiB.
2026-10-10T05:57:04Z INFO [439/500] 74ba0dbf-5524-4c87-ba80-d8a3631cb20a: 71 chunks; 1.5 s; peak memory 478 MiB.
2026-10-10T05:57:09Z INFO [440/500] 74ba49bc-9076-49c6-b0bf-44d7477182d1: 10181 chunks; 4.8 s; peak memory 478 MiB.
2026-10-10T05:57:10Z INFO [441/500] 74bbd983-0bb3-4d6b-af27-96b8cfee4816: 48 chunks; 0.8 s; peak memory 478 MiB.
2026-10-10T05:57:18Z INFO [442/500] 74bbfd9c-0b33-4202-9e8b-451834cf9ac3: 2439 chunks; 7.9 s; peak memory 478 MiB.
2026-10-10T06:41:10Z INFO [443/500] 74bc6ef5-ccbc-425b-9b27-e64aa9db7b07: 824004 chunks; 2632.6 s; peak memory 1229 MiB.
2026-10-10T06:41:11Z INFO [444/500] 74bd561e-078d-4a76-87c6-2f460fb0f6b3: 118 chunks; 1.1 s; peak memory 1229 MiB.
2026-10-10T06:41:12Z INFO [445/500] 74bd93e9-8696-41da-914c-eee80d13437e: 48 chunks; 0.8 s; peak memory 1229 MiB.
2026-10-10T06:41:26Z INFO [446/500] 74bdf502-fed2-4077-9c12-d6c296190c4c: 8232 chunks; 14.0 s; peak memory 1229 MiB.
2026-10-10T06:41:27Z INFO [447/500] 74be7482-8686-458b-8d67-0c7ec64e1a19: 48 chunks; 0.8 s; peak memory 1229 MiB.
2026-10-10T06:41:28Z INFO [448/500] 74bf1bcc-54d2-43a3-8104-e538b8891f5a: 46 chunks; 0.8 s; peak memory 1229 MiB.
2026-10-10T06:41:29Z INFO [449/500] 74bf6c8a-60d7-4d5d-9da6-0b5cbd2d2a29: 52 chunks; 0.9 s; peak memory 1229 MiB.
2026-10-10T06:41:31Z INFO [450/500] 74bfbdbe-c716-4751-99a2-eb8cda5bc907: 138 chunks; 1.8 s; peak memory 1229 MiB.
2026-10-10T06:41:31Z INFO [450/500] 74bfbdbe-c716-4751-99a2-eb8cda5bc907: checkpointed 103284 new records.
2026-10-10T06:41:32Z INFO [451/500] 74bfbf77-c9ed-454d-aca3-7467304f9182: 76 chunks; 1.2 s; peak memory 1229 MiB.
2026-10-10T06:41:33Z INFO [452/500] 74c04e47-950b-4bb2-a7a4-ff668827947e: 45 chunks; 0.8 s; peak memory 1229 MiB.
2026-10-10T06:41:34Z INFO [453/500] 74c06b7b-dbc1-4bb6-b821-28de0c65adce: 48 chunks; 0.8 s; peak memory 1229 MiB.
2026-10-10T06:41:34Z INFO [454/500] 74c0e6b2-c347-4de5-8851-1352f07ae870: 63 chunks; 0.9 s; peak memory 1229 MiB.
2026-10-10T06:41:36Z INFO [455/500] 74c0f9bf-cf49-43e1-893b-c0ba0528f110: 119 chunks; 1.6 s; peak memory 1229 MiB.
2026-10-10T06:41:37Z INFO [456/500] 74c24568-aa45-4e12-9240-8afc1583d79e: 110 chunks; 1.3 s; peak memory 1229 MiB.
2026-10-10T06:41:38Z INFO [457/500] 74c275fb-8dd5-4721-b62d-9637633863ed: 52 chunks; 0.8 s; peak memory 1229 MiB.
2026-10-10T06:41:40Z INFO [458/500] 74c2ed82-d545-4e1b-b5f5-763dda94b7bb: 125 chunks; 2.1 s; peak memory 1229 MiB.
2026-10-10T06:41:41Z INFO [459/500] 74c57467-bd01-4640-bb8a-f8eaddb41440: 48 chunks; 0.8 s; peak memory 1229 MiB.
2026-10-10T06:41:45Z INFO [460/500] 74c5ce4d-3acb-4a52-b0b1-c02b30b494d3: 9196 chunks; 3.7 s; peak memory 1229 MiB.
2026-10-10T06:41:46Z INFO [461/500] 74c6ea74-db62-4d62-9090-66ec13948d85: 117 chunks; 0.9 s; peak memory 1229 MiB.
2026-10-10T06:41:47Z INFO [462/500] 74c79dd7-d076-465e-be2b-1fcdbb724236: 66 chunks; 1.2 s; peak memory 1229 MiB.
2026-10-10T06:41:48Z INFO [463/500] 74c7b6ca-276f-4dee-a558-7a9ec7930292: 112 chunks; 1.2 s; peak memory 1229 MiB.
2026-10-10T06:41:49Z INFO [464/500] 74c826f6-341f-4fb1-a1f1-19844481d884: 41 chunks; 0.8 s; peak memory 1229 MiB.
2026-10-10T06:41:50Z INFO [465/500] 74c8cb3a-4e7c-4099-b944-f34a534774fd: 48 chunks; 0.8 s; peak memory 1229 MiB.
2026-10-10T06:42:09Z INFO [466/500] 74c9eec2-27c7-43fc-b3b9-936799dba1b4: 5207 chunks; 19.6 s; peak memory 1229 MiB.
2026-10-10T06:42:10Z INFO [467/500] 74ca9da9-1768-46c7-bd25-4ccd513fea50: 45 chunks; 0.6 s; peak memory 1229 MiB.
2026-10-10T06:42:11Z INFO [468/500] 74ca9ffa-569d-432d-aefd-1a34bae02859: 91 chunks; 1.0 s; peak memory 1229 MiB.
2026-10-10T06:42:12Z INFO [469/500] 74cbbbb2-85f1-4350-8423-e1f4e18df99f: 110 chunks; 1.0 s; peak memory 1229 MiB.
2026-10-10T06:42:13Z INFO [470/500] 74cbf8ae-5208-4e24-b68a-aac80c7665ea: 275 chunks; 1.2 s; peak memory 1229 MiB.
2026-10-10T06:42:14Z INFO [471/500] 74cc02bf-4b62-4442-822f-915f8740e5ce: 69 chunks; 1.1 s; peak memory 1229 MiB.
2026-10-10T06:42:15Z INFO [472/500] 74ce1ef6-78e1-42e2-af94-964682c68214: 46 chunks; 1.0 s; peak memory 1229 MiB.
2026-10-10T06:42:16Z INFO [473/500] 74ce8a1a-7e2c-4b16-8090-df0d64c0895f: 72 chunks; 1.1 s; peak memory 1229 MiB.
2026-10-10T06:42:18Z INFO [474/500] 74cee401-4f80-4f8c-b2fd-63dc27141827: 112 chunks; 1.1 s; peak memory 1229 MiB.
2026-10-10T06:42:18Z INFO [475/500] 74d02bac-5349-4c44-b126-ccf6ed41ee93: 48 chunks; 0.9 s; peak memory 1229 MiB.
2026-10-10T06:42:21Z INFO [476/500] 74d059b0-1ce6-4629-9c36-a6954f0f7166: 116 chunks; 2.4 s; peak memory 1229 MiB.
2026-10-10T06:42:29Z INFO [477/500] 74d07cc8-606f-4cde-8e65-08533e852108: 17857 chunks; 8.2 s; peak memory 1229 MiB.
2026-10-10T06:42:47Z INFO [478/500] 74d0d8ae-564f-4e9d-b397-ff6e0092b64d: 2512 chunks; 17.8 s; peak memory 1229 MiB.
2026-10-10T06:42:48Z INFO [479/500] 74d0de0f-ad56-4c52-aa2c-5f49b01afb9c: 52 chunks; 0.9 s; peak memory 1229 MiB.
2026-10-10T06:42:49Z INFO [480/500] 74d0f1c0-dc9d-4c96-abe3-1b7da155fddb: 112 chunks; 1.2 s; peak memory 1229 MiB.
2026-10-10T06:42:50Z INFO [481/500] 74d231ca-7f1d-49fa-8565-d90f1e63c34f: 71 chunks; 1.4 s; peak memory 1229 MiB.
2026-10-10T06:42:51Z INFO [482/500] 74d25786-8e25-45f4-b3d8-07d31ce9b9be: 112 chunks; 0.9 s; peak memory 1229 MiB.
2026-10-10T06:42:52Z INFO [483/500] 74d28b02-91e7-4df3-af1b-2bda51c02a21: 48 chunks; 0.8 s; peak memory 1229 MiB.
2026-10-10T06:42:53Z INFO [484/500] 74d31a01-d653-4645-83d8-0d3fe332397f: 48 chunks; 0.9 s; peak memory 1229 MiB.
2026-10-10T06:42:54Z INFO [485/500] 74d39961-4fe8-468d-98b0-bed046a3f21d: 69 chunks; 1.4 s; peak memory 1229 MiB.
2026-10-10T06:42:56Z INFO [486/500] 74d4464b-1d34-4993-90d4-89f2477729db: 69 chunks; 1.3 s; peak memory 1229 MiB.
2026-10-10T06:43:33Z INFO [487/500] 74d4a328-d8f0-4a9b-ba1d-247a5daa8948: 22322 chunks; 37.1 s; peak memory 1229 MiB.
2026-10-10T06:43:34Z INFO [488/500] 74d5ae29-0164-4123-83c0-bd59f038e084: 48 chunks; 0.8 s; peak memory 1229 MiB.
2026-10-10T06:43:34Z INFO [489/500] 74d5e838-5e03-4f80-b966-3e7cb071852e: 33 chunks; 0.6 s; peak memory 1229 MiB.
2026-10-10T06:43:38Z INFO [490/500] 74d5f002-9041-4ed1-8d61-8494a6785d1c: 208 chunks; 4.2 s; peak memory 1229 MiB.
2026-10-10T06:43:39Z INFO [491/500] 74d71d78-82f5-4f60-bad2-617dad4fc0a0: 48 chunks; 0.8 s; peak memory 1229 MiB.
2026-10-10T06:43:40Z INFO [492/500] 74d73c80-c156-44bd-9976-9f679f090d70: 48 chunks; 0.7 s; peak memory 1229 MiB.
2026-10-10T06:43:40Z INFO [493/500] 74d7841d-235c-463d-a44d-94fa44e333cf: 46 chunks; 0.5 s; peak memory 1229 MiB.
2026-10-10T06:43:42Z INFO [494/500] 74d7db91-72ff-4469-8991-771f43b9e810: 119 chunks; 1.6 s; peak memory 1229 MiB.
2026-10-10T06:43:43Z INFO [495/500] 74d7fa95-250c-466a-acb4-95ce8593fff1: 48 chunks; 0.8 s; peak memory 1229 MiB.
2026-10-10T06:43:55Z INFO [496/500] 74d880f7-001e-47aa-bfbb-e939e3889128: 8232 chunks; 11.9 s; peak memory 1229 MiB.
2026-10-10T06:43:56Z INFO [497/500] 74d90347-f334-40eb-a75c-e8df4d7f8bcb: 48 chunks; 0.7 s; peak memory 1229 MiB.
2026-10-10T06:43:57Z INFO [498/500] 74d99c77-13b2-45aa-8766-31625d794fe2: 118 chunks; 1.4 s; peak memory 1229 MiB.
2026-10-10T06:43:58Z INFO [499/500] 74d9e10c-d490-48c1-99c9-8079687dd786: 69 chunks; 1.1 s; peak memory 1229 MiB.
2026-10-10T06:43:59Z INFO [500/500] 74da5418-29a1-42f1-9178-0aa7d1fc4d66: 118 chunks; 1.0 s; peak memory 1229 MiB.
2026-10-10T06:43:59Z INFO [500/500] 74da5418-29a1-42f1-9178-0aa7d1fc4d66: checkpointed 103334 new records.
2026-10-10T06:44:00Z INFO Wrote 103334 records to /tmp/derivatives/valid_nwb_file_to_chunk_stats.jsonl (500 new, 0 failed) in 80.7 min (peak memory 1229 MiB).
