2026-10-04T21:14:12Z INFO Logging to /tmp/logs/update_2026-10-04T21-14-12Z.log.
2026-10-04T21:14:12Z INFO Update valid-nwb-file-to-chunk-stats (base directory /tmp).
2026-10-04T21:14:13Z INFO Processing 500 items (69334 already recorded).
2026-10-04T21:14:18Z INFO [1/500] 2e51ffa0-dcff-49b5-a1fb-670bffaabd38: 902 chunks; 5.8 s; peak memory 164 MiB.
2026-10-04T21:14:20Z INFO [2/500] 2e52af8b-2ac4-4e91-b0f9-045c7e600d9a: 112 chunks; 1.8 s; peak memory 165 MiB.
2026-10-04T21:14:22Z INFO [3/500] 2e530650-b5da-4a22-b002-dca68f625e03: 117 chunks; 1.7 s; peak memory 165 MiB.
2026-10-04T21:14:23Z INFO [4/500] 2e53f018-6392-4770-8d42-819eebc7465b: 48 chunks; 1.4 s; peak memory 165 MiB.
2026-10-04T21:14:25Z INFO [5/500] 2e540e30-44cc-4b7a-8fd4-16f94e9e7095: 50 chunks; 1.4 s; peak memory 165 MiB.
2026-10-04T21:14:26Z INFO [6/500] 2e550cd3-430e-4dea-968a-656db1615d9b: 116 chunks; 1.7 s; peak memory 166 MiB.
2026-10-04T21:14:28Z INFO [7/500] 2e556b53-65f9-45e5-9ac7-2f6a97792a54: 118 chunks; 1.6 s; peak memory 166 MiB.
2026-10-04T21:14:34Z INFO [8/500] 2e55aa77-fca6-4688-b4a4-611dd7517663: 992 chunks; 6.2 s; peak memory 170 MiB.
2026-10-04T21:14:36Z INFO [9/500] 2e56aeeb-5391-4215-ac83-6b91dca6635b: 117 chunks; 1.6 s; peak memory 170 MiB.
2026-10-04T21:14:37Z INFO [10/500] 2e56d6ef-4a14-4ce0-9fb2-b80d457d8a63: 48 chunks; 1.4 s; peak memory 170 MiB.
2026-10-04T21:14:39Z INFO [11/500] 2e57262e-3a94-43a9-ab0a-cb191c834199: 69 chunks; 1.7 s; peak memory 170 MiB.
2026-10-04T21:14:59Z INFO [12/500] 2e575160-d97f-45c9-a818-b20282304c75: 446 chunks; 19.7 s; peak memory 209 MiB.
2026-10-04T21:15:01Z INFO [13/500] 2e578935-c6d3-43ac-b44c-e92c6153a8fd: 71 chunks; 2.2 s; peak memory 209 MiB.
2026-10-04T21:15:02Z INFO [14/500] 2e57d241-972d-4d2a-b604-b0f3e4be1c63: 48 chunks; 1.4 s; peak memory 209 MiB.
2026-10-04T21:15:08Z INFO [15/500] 2e57df75-dd57-4e71-8cc7-4c52c951d3c8: 111 chunks; 5.1 s; peak memory 209 MiB.
2026-10-04T21:15:09Z INFO [16/500] 2e584aff-fd05-45ad-b064-24f5c28a2e2d: 69 chunks; 1.3 s; peak memory 209 MiB.
2026-10-04T21:15:17Z INFO [17/500] 2e585a84-a685-493c-8b67-0b9630b8b7fe: 2922 chunks; 8.7 s; peak memory 209 MiB.
2026-10-04T21:15:19Z INFO [18/500] 2e5868e0-2db6-4d30-8ec2-926dbc7a41e3: 37 chunks; 1.1 s; peak memory 209 MiB.
2026-10-04T21:15:21Z INFO [19/500] 2e59064a-b8de-4f7e-8af6-6e8710deda08: 117 chunks; 2.1 s; peak memory 209 MiB.
2026-10-04T21:15:22Z INFO [20/500] 2e593463-581d-418e-a90b-266ca129b917: 112 chunks; 1.6 s; peak memory 210 MiB.
2026-10-04T21:15:26Z INFO [21/500] 2e5a7355-29f3-4dbb-80e2-231ce2546f12: 603 chunks; 3.6 s; peak memory 210 MiB.
2026-10-04T21:15:27Z INFO [22/500] 2e5aaab5-96e4-4732-8cca-32cf4dc4728c: 48 chunks; 1.4 s; peak memory 210 MiB.
2026-10-04T21:15:28Z INFO [23/500] 2e5bd84c-5577-4ca1-8043-a1048b08a70b: 57 chunks; 1.2 s; peak memory 210 MiB.
2026-10-04T21:15:30Z INFO [24/500] 2e5ce688-05f6-4af3-8cd6-2ed5728968e7: 48 chunks; 1.2 s; peak memory 210 MiB.
2026-10-04T21:15:31Z INFO [25/500] 2e5d0cbc-80ec-4fd0-88d8-e5f36bedadd2: 48 chunks; 1.3 s; peak memory 210 MiB.
2026-10-04T21:15:37Z INFO [26/500] 2e5e07f2-c498-4243-bb40-ceb9aded5135: 1092 chunks; 6.1 s; peak memory 210 MiB.
2026-10-04T21:15:39Z INFO [27/500] 2e5e521a-aaf2-475c-ac4d-ec550d70079c: 64 chunks; 1.9 s; peak memory 210 MiB.
2026-10-04T21:15:41Z INFO [28/500] 2e5e7058-4880-46d3-90c4-23be7328ac94: 118 chunks; 1.7 s; peak memory 210 MiB.
2026-10-04T21:15:43Z INFO [29/500] 2e5f2613-ac72-4ce2-8d51-12622c8b36c5: 112 chunks; 2.0 s; peak memory 210 MiB.
2026-10-04T21:15:44Z INFO [30/500] 2e60dc16-9c3b-4a2b-951e-b1d5ec7f0c92: 294 chunks; 1.7 s; peak memory 210 MiB.
2026-10-04T21:15:46Z INFO [31/500] 2e60f720-ba3a-45dc-a501-757f167a8539: 71 chunks; 2.2 s; peak memory 210 MiB.
2026-10-04T21:15:48Z INFO [32/500] 2e61b278-bf88-42ed-98b0-d95102b0a0bb: 48 chunks; 1.2 s; peak memory 210 MiB.
2026-10-04T21:15:50Z INFO [33/500] 2e61e89e-1cf5-4c4d-a917-32a96292b97b: 66 chunks; 2.2 s; peak memory 210 MiB.
2026-10-04T21:15:52Z INFO [34/500] 2e62640a-0092-4dd6-844e-a3abaedd692c: 117 chunks; 1.7 s; peak memory 210 MiB.
2026-10-04T21:15:53Z INFO [35/500] 2e62c8cc-10b7-40e2-82c5-e6ce26083664: 48 chunks; 1.4 s; peak memory 210 MiB.
2026-10-04T21:15:56Z INFO [36/500] 2e63ddca-31ef-42c0-b3d6-0f1a0a023f18: 71 chunks; 2.8 s; peak memory 210 MiB.
2026-10-04T21:15:57Z INFO [37/500] 2e63ecf7-bf0b-407d-bffd-e0d2146d73d4: 118 chunks; 1.6 s; peak memory 210 MiB.
2026-10-04T21:16:01Z INFO [38/500] 2e65e938-ed36-48c6-90f6-c069396aa742: 87 chunks; 3.6 s; peak memory 210 MiB.
2026-10-04T21:16:03Z INFO [39/500] 2e65fffa-2770-4108-8662-1a883544dcb5: 52 chunks; 1.5 s; peak memory 210 MiB.
2026-10-04T21:16:05Z INFO [40/500] 2e66b7e3-5311-45cf-ae36-b349ca7f9510: 70 chunks; 2.0 s; peak memory 210 MiB.
2026-10-04T21:16:06Z INFO [41/500] 2e671e82-52af-4960-8df7-5bd4c64676e0: 48 chunks; 1.3 s; peak memory 210 MiB.
2026-10-04T21:16:12Z INFO [42/500] 2e672612-01dd-46db-a045-31fcc3ee7106: 398 chunks; 5.7 s; peak memory 210 MiB.
2026-10-04T21:16:13Z INFO [43/500] 2e67831a-7897-4fab-a143-8c8ab9b6caec: 48 chunks; 1.4 s; peak memory 210 MiB.
2026-10-04T21:16:14Z INFO [44/500] 2e6788f2-9670-490d-ba97-ff856192a3a9: 54 chunks; 1.1 s; peak memory 210 MiB.
2026-10-04T21:16:27Z INFO [45/500] 2e67afd0-b0a7-4678-90dc-2fbf1f10db96: 396 chunks; 12.6 s; peak memory 210 MiB.
2026-10-04T21:16:29Z INFO [46/500] 2e67bc77-f265-4a44-957d-41684d7f0bf8: 71 chunks; 2.5 s; peak memory 210 MiB.
2026-10-04T21:16:31Z INFO [47/500] 2e680bbc-1827-4389-8385-090b6cc5b5e7: 48 chunks; 1.4 s; peak memory 210 MiB.
2026-10-04T21:16:41Z INFO [48/500] 2e68295f-c1d7-4932-8077-3e7fc461c130: 4136 chunks; 10.5 s; peak memory 210 MiB.
2026-10-04T21:16:43Z INFO [49/500] 2e68b0ca-22a6-47c7-b6b8-3d512365e256: 46 chunks; 1.5 s; peak memory 210 MiB.
2026-10-04T21:16:48Z INFO [50/500] 2e68c1c0-c117-4f77-86b6-e9e0026b73ba: 2085 chunks; 4.9 s; peak memory 211 MiB.
2026-10-04T21:16:48Z INFO [50/500] 2e68c1c0-c117-4f77-86b6-e9e0026b73ba: checkpointed 69384 records.
2026-10-04T21:16:49Z INFO [51/500] 2e6a4ac9-8ae5-4543-bbb1-5d445da7d515: 117 chunks; 1.6 s; peak memory 211 MiB.
2026-10-04T21:19:20Z INFO [52/500] 2e6ac94a-3144-44c1-a1b8-c6799f39bf16: 75873 chunks; 150.9 s; peak memory 434 MiB.
2026-10-04T21:19:22Z INFO [53/500] 2e6cd9c2-ec7e-4d95-95be-bedb242b9377: 48 chunks; 1.4 s; peak memory 434 MiB.
2026-10-04T21:19:23Z INFO [54/500] 2e6d250e-b1dc-4ac9-90a0-6a5e96efe96d: 48 chunks; 1.4 s; peak memory 434 MiB.
2026-10-04T21:19:24Z INFO [55/500] 2e6d541b-225d-4c4c-b9cf-72eec742f893: 37 chunks; 1.2 s; peak memory 434 MiB.
2026-10-04T21:19:26Z INFO [56/500] 2e6d6177-42ff-48de-b973-67f2eb335ef4: 48 chunks; 1.4 s; peak memory 434 MiB.
2026-10-04T21:19:28Z INFO [57/500] 2e6d6a3e-fba7-4c4b-8497-cbc5299f6742: 204 chunks; 1.9 s; peak memory 434 MiB.
2026-10-04T21:21:12Z INFO [58/500] 2e6d92f8-6572-41e2-bd8f-263fd970945a: 27094 chunks; 103.9 s; peak memory 434 MiB.
2026-10-04T21:21:13Z INFO [59/500] 2e6df8fb-25c8-4b14-aad3-49974e6b5f59: 50 chunks; 1.7 s; peak memory 434 MiB.
2026-10-04T21:21:15Z INFO [60/500] 2e6f46e5-1b53-4245-992c-4e94f0412ceb: 64 chunks; 1.8 s; peak memory 434 MiB.
2026-10-04T21:21:23Z INFO [61/500] 2e6fb19a-51ab-4df4-81d2-64a44ebbd14e: 2923 chunks; 7.6 s; peak memory 434 MiB.
2026-10-04T21:21:24Z INFO [62/500] 2e70b656-d448-4048-851f-a9b74bc681b6: 48 chunks; 1.3 s; peak memory 434 MiB.
2026-10-04T21:21:32Z INFO [63/500] 2e737762-ceef-4c1c-ae60-08232eea14de: 675 chunks; 7.6 s; peak memory 434 MiB.
2026-10-04T21:21:33Z INFO [64/500] 2e743e50-984e-4207-b7d4-38c4df92697c: 52 chunks; 1.5 s; peak memory 434 MiB.
2026-10-04T21:21:34Z INFO [65/500] 2e748eca-2b4c-4a79-b5e8-15ededebbca7: 45 chunks; 1.1 s; peak memory 434 MiB.
2026-10-04T21:21:36Z INFO [66/500] 2e7495cf-d92c-45b1-8461-f1afd9abc6c1: 66 chunks; 1.9 s; peak memory 434 MiB.
2026-10-04T21:21:38Z INFO [67/500] 2e75146b-4b6b-44df-8ce5-97aeb8a353bc: 112 chunks; 1.6 s; peak memory 434 MiB.
2026-10-04T21:21:39Z INFO [68/500] 2e75842e-dc12-44cc-8306-637d5d7ecdae: 68 chunks; 1.6 s; peak memory 434 MiB.
2026-10-04T21:21:47Z INFO [69/500] 2e75c58e-7cf9-4a82-8a19-e0ffd2d69a32: 2923 chunks; 8.0 s; peak memory 434 MiB.
2026-10-04T21:21:51Z INFO [70/500] 2e7631aa-5ba6-43fd-9cdd-2278cd577bbf: 1061 chunks; 3.5 s; peak memory 434 MiB.
2026-10-04T21:21:52Z INFO [71/500] 2e763db7-8aee-47b0-aea8-029383ecdc8c: 48 chunks; 1.4 s; peak memory 434 MiB.
2026-10-04T21:21:59Z INFO [72/500] 2e769656-f1ab-4247-b7ef-d6ee9adbea29: 174 chunks; 6.8 s; peak memory 434 MiB.
2026-10-04T21:22:02Z INFO [73/500] 2e786842-1400-407b-ad5f-3f02cc9de480: 119 chunks; 3.0 s; peak memory 434 MiB.
2026-10-04T21:22:03Z INFO [74/500] 2e787832-ca0d-4c56-a9a9-ae102a1e847e: 48 chunks; 1.5 s; peak memory 434 MiB.
2026-10-04T21:22:05Z INFO [75/500] 2e789f68-f799-49fd-af33-480e8a400872: 48 chunks; 1.3 s; peak memory 434 MiB.
2026-10-04T21:22:37Z INFO [76/500] 2e78a8bc-0bec-4e9e-ae40-a27bc9ec1a87: 32857 chunks; 32.7 s; peak memory 434 MiB.
2026-10-04T21:22:40Z INFO [77/500] 2e794671-0cac-4c86-a459-de6ecefbbc99: 112 chunks; 2.4 s; peak memory 434 MiB.
2026-10-04T21:22:50Z INFO [78/500] 2e79db74-ea3f-426d-a55c-acda3b2b9b83: 757 chunks; 10.1 s; peak memory 434 MiB.
2026-10-04T21:22:52Z INFO [79/500] 2e7a520e-7656-4147-b5f5-8658b9380317: 117 chunks; 1.8 s; peak memory 434 MiB.
2026-10-04T21:22:53Z INFO [80/500] 2e7a87ff-b81f-45d3-a176-3f6bbc69fcf2: 48 chunks; 1.5 s; peak memory 434 MiB.
2026-10-04T21:22:58Z INFO [81/500] 2e7c39f6-77eb-4ac1-9a11-21e24d77ebb0: 2704 chunks; 5.1 s; peak memory 434 MiB.
2026-10-04T21:22:59Z INFO [82/500] 2e7ceb05-26e3-4c22-a090-87b758598fcd: 45 chunks; 1.1 s; peak memory 434 MiB.
2026-10-04T21:23:01Z INFO [83/500] 2e7d10e3-7068-4a0c-b367-49376711c94e: 48 chunks; 1.5 s; peak memory 434 MiB.
2026-10-04T21:23:07Z INFO [84/500] 2e7d2e7b-8cc9-479c-8116-2a125177f9a3: 208 chunks; 6.3 s; peak memory 434 MiB.
2026-10-04T21:23:09Z INFO [85/500] 2e7d84de-1bf0-4ed3-ac15-19ac4151185c: 117 chunks; 2.0 s; peak memory 434 MiB.
2026-10-04T21:23:11Z INFO [86/500] 2e7e2b8a-fea3-40e9-b956-e8450b31716c: 48 chunks; 1.4 s; peak memory 434 MiB.
2026-10-04T21:23:12Z INFO [87/500] 2e7e6419-ba3d-46cc-ab61-4b827aca3e89: 52 chunks; 1.7 s; peak memory 434 MiB.
2026-10-04T22:05:07Z INFO [88/500] 2e7ea814-6c42-4fb9-b4e5-b280ec80958d: 789700 chunks; 2514.8 s; peak memory 1170 MiB.
2026-10-04T22:05:08Z INFO [89/500] 2e7ef0c9-2973-4b01-9e4f-dc0d46b26d06: 48 chunks; 1.4 s; peak memory 1170 MiB.
2026-10-04T22:05:10Z INFO [90/500] 2e802496-fa3c-495d-a5e0-debff46c8c01: 48 chunks; 1.3 s; peak memory 1170 MiB.
2026-10-04T22:05:12Z INFO [91/500] 2e8080b0-3ba3-4a98-b17c-5c8e5674f4e9: 118 chunks; 1.7 s; peak memory 1170 MiB.
2026-10-04T22:07:39Z INFO [92/500] 2e81091d-38cc-43fa-9470-8e5889968c11: 44488 chunks; 147.4 s; peak memory 1170 MiB.
2026-10-04T22:07:41Z INFO [93/500] 2e816774-0eac-4a58-8eb9-efede45f97c6: 71 chunks; 2.4 s; peak memory 1170 MiB.
2026-10-04T22:07:45Z INFO [94/500] 2e8266d1-c340-4cd9-8dc4-5882abc46fcc: 116 chunks; 3.3 s; peak memory 1170 MiB.
2026-10-04T22:07:57Z INFO [95/500] 2e8268c3-a03c-468c-941c-dd3ca5703fbb: 6063 chunks; 11.9 s; peak memory 1170 MiB.
2026-10-04T22:07:58Z INFO [96/500] 2e850d48-18f3-4471-aeac-5d9b9d89017e: 48 chunks; 1.4 s; peak memory 1170 MiB.
2026-10-04T22:08:00Z INFO [97/500] 2e851380-8679-44c2-810e-e5cc79f68741: 117 chunks; 1.6 s; peak memory 1170 MiB.
2026-10-04T22:08:01Z INFO [98/500] 2e85ceb1-50b7-409d-8ec0-71994d23468e: 117 chunks; 1.8 s; peak memory 1170 MiB.
2026-10-04T22:08:03Z INFO [99/500] 2e85fb6b-3571-4fd6-abb9-d505f36825f0: 48 chunks; 1.4 s; peak memory 1170 MiB.
2026-10-04T22:08:04Z INFO [100/500] 2e86c494-953f-4b40-88bd-473d58f1bd4a: 45 chunks; 1.2 s; peak memory 1170 MiB.
2026-10-04T22:08:04Z INFO [100/500] 2e86c494-953f-4b40-88bd-473d58f1bd4a: checkpointed 69434 records.
2026-10-04T22:08:06Z INFO [101/500] 2e86e9e2-111e-4fc7-b0fc-7dadf844b61d: 66 chunks; 2.0 s; peak memory 1170 MiB.
2026-10-04T22:08:09Z INFO [102/500] 2e8975bf-6b2b-4f42-90c9-9fcae4d63316: 80 chunks; 3.2 s; peak memory 1170 MiB.
2026-10-04T22:08:13Z INFO [103/500] 2e8a0ed9-8c78-47e2-afaf-4fa8057783f3: 156 chunks; 3.9 s; peak memory 1170 MiB.
2026-10-04T22:08:15Z INFO [104/500] 2e8a937d-b303-4da9-9c8e-2873206de443: 48 chunks; 1.4 s; peak memory 1170 MiB.
2026-10-04T22:08:16Z INFO [105/500] 2e8b142c-b96b-4e0b-9e43-b7cb016d4b75: 46 chunks; 1.4 s; peak memory 1170 MiB.
2026-10-04T22:08:19Z INFO [106/500] 2e8c02d3-10aa-4664-b820-d5ef6366c6ab: 71 chunks; 2.4 s; peak memory 1170 MiB.
2026-10-04T22:09:35Z INFO [107/500] 2e8c2e17-434b-4b20-8e59-081982c59681: 32825 chunks; 76.3 s; peak memory 1170 MiB.
2026-10-04T22:09:36Z INFO [108/500] 2e8d0432-c85c-4c2d-9d1e-2440604af5b0: 47 chunks; 1.2 s; peak memory 1170 MiB.
2026-10-04T22:09:43Z INFO [109/500] 2e8f4a28-d720-4445-bc2a-cfe5ede375e7: 2148 chunks; 7.1 s; peak memory 1170 MiB.
2026-10-04T22:09:45Z INFO [110/500] 2e8f915c-33e4-4359-8673-d39f19fa55f4: 204 chunks; 1.8 s; peak memory 1170 MiB.
2026-10-04T22:09:46Z INFO [111/500] 2e8fe785-2e3b-4bf9-8308-dd61a40792f8: 48 chunks; 1.3 s; peak memory 1170 MiB.
2026-10-04T22:09:55Z INFO [112/500] 2e901c79-48cb-4987-bbef-50057ff774be: 9740 chunks; 8.3 s; peak memory 1170 MiB.
2026-10-04T22:09:57Z INFO [113/500] 2e906c76-ebe4-4b9d-83e5-00baf1647aaa: 119 chunks; 2.5 s; peak memory 1170 MiB.
2026-10-04T22:09:59Z INFO [114/500] 2e90ac13-60ee-49b0-b3ee-ca184891537a: 48 chunks; 1.4 s; peak memory 1170 MiB.
2026-10-04T22:10:01Z INFO [115/500] 2e90bc80-3511-44aa-a51f-f21824cf50ff: 112 chunks; 2.0 s; peak memory 1170 MiB.
2026-10-04T22:10:11Z INFO [116/500] 2e90e6d1-7b53-4490-a83d-065868ef813a: 11631 chunks; 10.9 s; peak memory 1170 MiB.
2026-10-04T22:10:13Z INFO [117/500] 2e9163ee-8598-4513-8e6d-44176bec7dd5: 48 chunks; 1.4 s; peak memory 1170 MiB.
2026-10-04T22:10:14Z INFO [118/500] 2e91fab9-6541-476c-b6b0-b6da407a54e8: 116 chunks; 1.7 s; peak memory 1170 MiB.
2026-10-04T22:10:17Z INFO [119/500] 2e922c24-e676-432a-bead-3b9c87204a06: 90 chunks; 3.0 s; peak memory 1170 MiB.
2026-10-04T22:10:25Z INFO [120/500] 2e922ee3-3e31-4889-8bae-c187410fba1d: 567 chunks; 7.9 s; peak memory 1170 MiB.
2026-10-04T22:10:32Z INFO [121/500] 2e92bf93-9696-4645-8ace-b6eb2e6d6718: 323 chunks; 6.4 s; peak memory 1170 MiB.
2026-10-04T22:10:33Z INFO [122/500] 2e94a6b2-b676-4b5d-891a-0d30f17b5978: 118 chunks; 1.7 s; peak memory 1170 MiB.
2026-10-04T22:10:35Z INFO [123/500] 2e95acdf-4fde-42d8-9d64-ea92f29e36ff: 112 chunks; 1.7 s; peak memory 1170 MiB.
2026-10-04T22:10:42Z INFO [124/500] 2e96746e-b803-4a3e-8aff-05a520da443c: 708 chunks; 6.5 s; peak memory 1170 MiB.
2026-10-04T22:10:43Z INFO [125/500] 2e96d3c8-6fc4-492a-9a5c-e3c0fb8b7d1b: 68 chunks; 1.6 s; peak memory 1170 MiB.
2026-10-04T22:10:45Z INFO [126/500] 2e9903f5-9dd0-4820-b29a-dafe3f95d3c2: 62 chunks; 1.9 s; peak memory 1170 MiB.
2026-10-04T22:10:47Z INFO [127/500] 2e99c279-b5e5-4c6b-b93c-c56ce30202a9: 48 chunks; 1.5 s; peak memory 1170 MiB.
2026-10-04T22:10:57Z INFO [128/500] 2e9aad8a-aa68-4478-a3c5-d4d6e47b1780: 11558 chunks; 10.7 s; peak memory 1170 MiB.
2026-10-04T22:10:59Z INFO [129/500] 2e9b5f0e-8a1b-4205-b4ea-f688175f62d9: 62 chunks; 1.2 s; peak memory 1170 MiB.
2026-10-04T22:11:00Z INFO [130/500] 2e9bf43e-20c5-4342-a0f9-2f620d6ed02c: 48 chunks; 1.4 s; peak memory 1170 MiB.
2026-10-04T22:11:02Z INFO [131/500] 2e9d7646-df3e-44fe-a776-5ccb7ae01bd0: 51 chunks; 2.0 s; peak memory 1170 MiB.
2026-10-04T22:11:04Z INFO [132/500] 2e9dd198-55d0-4b0a-9a59-088648660cdc: 69 chunks; 2.0 s; peak memory 1170 MiB.
2026-10-04T22:11:05Z INFO [133/500] 2e9dd254-6575-4fe3-a0d7-45e9b89ff6d5: 57 chunks; 1.2 s; peak memory 1170 MiB.
2026-10-04T22:11:08Z INFO [134/500] 2e9ddea6-b8d0-4cea-a180-40de57076366: 101 chunks; 2.9 s; peak memory 1170 MiB.
2026-10-04T22:11:10Z INFO [135/500] 2e9eead4-7e78-4c61-84b3-ff501eb92ebc: 183 chunks; 2.0 s; peak memory 1170 MiB.
2026-10-04T22:11:13Z INFO [136/500] 2e9fd3d6-688f-4c30-b321-7abb7bf18c2b: 125 chunks; 3.1 s; peak memory 1170 MiB.
2026-10-04T22:11:16Z INFO [137/500] 2e9fec99-925f-4343-b742-8560b9eb5aeb: 118 chunks; 2.5 s; peak memory 1170 MiB.
2026-10-04T22:11:17Z INFO [138/500] 2ea03fab-87ab-4695-8d91-69858c6b64e3: 46 chunks; 1.1 s; peak memory 1170 MiB.
2026-10-04T22:11:19Z INFO [139/500] 2ea07369-dee9-4627-a79d-8d6470676d41: 209 chunks; 2.7 s; peak memory 1170 MiB.
2026-10-04T22:11:21Z INFO [140/500] 2ea0cf47-1211-4e62-a64a-027fe9d0bf4b: 66 chunks; 1.8 s; peak memory 1170 MiB.
2026-10-04T22:11:23Z INFO [141/500] 2ea181c3-c560-469a-b679-235ca52131b0: 117 chunks; 1.6 s; peak memory 1170 MiB.
2026-10-04T22:11:24Z INFO [142/500] 2ea2224c-2cfc-462f-804e-5f4f79775e45: 121 chunks; 1.3 s; peak memory 1170 MiB.
2026-10-04T22:11:41Z INFO [143/500] 2ea25daf-de2a-4ce4-96cd-43220b31409f: 28068 chunks; 16.6 s; peak memory 1170 MiB.
2026-10-04T22:11:42Z INFO [144/500] 2ea26252-2997-4707-9a4c-8203f1aa14f5: 48 chunks; 1.3 s; peak memory 1170 MiB.
2026-10-04T22:11:43Z INFO [145/500] 2ea2c3d2-6c18-41b5-9b8a-841855dd9b8a: 52 chunks; 1.5 s; peak memory 1170 MiB.
2026-10-04T22:11:46Z INFO [146/500] 2ea37cd3-96a0-46db-ba39-91128694b359: 328 chunks; 2.2 s; peak memory 1170 MiB.
2026-10-04T22:11:47Z INFO [147/500] 2ea3eaab-be69-495a-9f09-9b5ec260633a: 41 chunks; 1.3 s; peak memory 1170 MiB.
2026-10-04T22:11:55Z INFO [148/500] 2ea571ae-1bfc-4790-afe8-275b3ae401f8: 298 chunks; 8.1 s; peak memory 1170 MiB.
2026-10-04T22:14:08Z INFO [149/500] 2ea67021-7dfb-4b26-8adf-4a9a6c2b2682: 38959 chunks; 133.3 s; peak memory 1170 MiB.
2026-10-04T22:14:19Z INFO [150/500] 2ea6f5b6-e724-42f6-9677-30f6cac155df: 391 chunks; 11.1 s; peak memory 1170 MiB.
2026-10-04T22:14:20Z INFO [150/500] 2ea6f5b6-e724-42f6-9677-30f6cac155df: checkpointed 69484 records.
2026-10-04T22:14:22Z INFO [151/500] 2ea6fd18-2218-46e0-9259-e43d6edd4cea: 289 chunks; 1.9 s; peak memory 1170 MiB.
2026-10-04T22:14:30Z INFO [152/500] 2ea771b0-dc65-4269-8dd1-9c52c8823d7e: 330 chunks; 7.9 s; peak memory 1170 MiB.
2026-10-04T22:14:31Z INFO [153/500] 2ea804a2-33bc-4e41-83a7-9c0710fc0ddf: 79 chunks; 1.8 s; peak memory 1170 MiB.
2026-10-04T22:14:34Z INFO [154/500] 2ea8b013-6a36-4921-bbd4-86fa2d511036: 71 chunks; 2.5 s; peak memory 1170 MiB.
2026-10-04T22:14:35Z INFO [155/500] 2ea8f65f-ebff-44e6-a94d-ec905092b21d: 48 chunks; 1.3 s; peak memory 1170 MiB.
2026-10-04T22:14:37Z INFO [156/500] 2ea94c9c-8012-47ad-a7bf-b268984b658c: 109 chunks; 1.6 s; peak memory 1170 MiB.
2026-10-04T22:14:39Z INFO [157/500] 2ea9b8a4-7148-4674-9ffc-d605b0ad423b: 106 chunks; 2.3 s; peak memory 1170 MiB.
2026-10-04T22:14:41Z INFO [158/500] 2eaa696e-204c-48bb-9d41-815f1a0559a2: 112 chunks; 1.8 s; peak memory 1170 MiB.
2026-10-04T22:14:42Z INFO [159/500] 2eaa75b0-d01a-4770-94e2-d939f6ac548c: 72 chunks; 1.6 s; peak memory 1170 MiB.
2026-10-04T22:14:45Z INFO [160/500] 2eaa8478-acf2-4644-b3ad-7eb509dba44f: 71 chunks; 2.4 s; peak memory 1170 MiB.
2026-10-04T22:14:47Z INFO [161/500] 2eab4860-f591-47b1-abfd-54630a481b97: 110 chunks; 2.0 s; peak memory 1170 MiB.
2026-10-04T22:14:48Z INFO [162/500] 2eac2228-2ed9-4193-9f11-4aa76786b6c3: 48 chunks; 1.4 s; peak memory 1170 MiB.
2026-10-04T22:14:50Z INFO [163/500] 2ead4642-2918-4c2d-83a3-bd3bc33bfa1b: 118 chunks; 1.6 s; peak memory 1170 MiB.
2026-10-04T22:14:51Z INFO [164/500] 2eae9dc2-599e-438b-964c-7ae7f24aea9e: 48 chunks; 1.3 s; peak memory 1170 MiB.
2026-10-04T22:14:52Z INFO [165/500] 2eaec42c-5eb8-476d-8365-12b0901d4e57: 45 chunks; 1.1 s; peak memory 1170 MiB.
2026-10-04T22:14:53Z INFO [166/500] 2eaf2058-9ec6-4f95-96b1-00aee5649440: 46 chunks; 1.0 s; peak memory 1170 MiB.
2026-10-04T22:14:55Z INFO [167/500] 2eb00d42-1c3e-4f58-81ad-5d7e8b09efaa: 70 chunks; 1.7 s; peak memory 1170 MiB.
2026-10-04T22:14:58Z INFO [168/500] 2eb05a6b-73b6-4689-a824-fc6f3d916719: 115 chunks; 3.1 s; peak memory 1170 MiB.
2026-10-04T22:15:15Z INFO [169/500] 2eb11d36-532f-4aad-b2c5-145a3009f32e: 5044 chunks; 16.7 s; peak memory 1170 MiB.
2026-10-04T22:15:16Z INFO [170/500] 2eb1942f-d3c1-4f38-8bcc-d58d270d23c7: 46 chunks; 1.3 s; peak memory 1170 MiB.
2026-10-04T22:15:36Z INFO [171/500] 2eb211e8-b5a7-4ea8-9245-3321c7993ce1: 5656 chunks; 19.8 s; peak memory 1170 MiB.
2026-10-04T22:15:37Z INFO [172/500] 2eb2301b-699b-46c7-a5fa-67d54d0206a7: 92 chunks; 1.5 s; peak memory 1170 MiB.
2026-10-04T22:15:39Z INFO [173/500] 2eb30919-9ce4-41cf-bf83-cb26695e6020: 69 chunks; 1.6 s; peak memory 1170 MiB.
2026-10-04T22:15:42Z INFO [174/500] 2eb30ea5-8cc5-4f51-be76-023013118617: 119 chunks; 2.5 s; peak memory 1170 MiB.
2026-10-04T22:15:43Z INFO [175/500] 2eb395bd-2528-45ef-a2e7-92ca7db61dc0: 116 chunks; 1.6 s; peak memory 1170 MiB.
2026-10-04T22:18:13Z INFO [176/500] 2eb3fc4b-df12-4e8d-b745-44d6ffd73675: 75873 chunks; 149.9 s; peak memory 1170 MiB.
2026-10-04T22:18:20Z INFO [177/500] 2eb40a77-3c81-4ac2-896a-abf560dfcd5a: 643 chunks; 7.4 s; peak memory 1170 MiB.
2026-10-04T22:18:23Z INFO [178/500] 2eb46225-13f0-48d5-86ff-434bffc66005: 152 chunks; 2.8 s; peak memory 1170 MiB.
2026-10-04T22:18:36Z INFO [179/500] 2eb59def-5f29-4380-83a3-70e4085b0eaf: 17548 chunks; 12.9 s; peak memory 1170 MiB.
2026-10-04T22:18:38Z INFO [180/500] 2eb7e965-3ab5-4ed6-8293-0095d88db98b: 48 chunks; 1.4 s; peak memory 1170 MiB.
2026-10-04T22:18:40Z INFO [181/500] 2eb94bbe-4f9b-4962-8f2e-60eb227b64f4: 71 chunks; 2.4 s; peak memory 1170 MiB.
2026-10-04T22:18:42Z INFO [182/500] 2eb98413-4050-40a6-ae93-b4970f925d39: 112 chunks; 2.3 s; peak memory 1170 MiB.
2026-10-04T22:18:49Z INFO [183/500] 2eb98789-3f3a-4579-9737-c528aed9e323: 13892 chunks; 6.6 s; peak memory 1170 MiB.
2026-10-04T22:18:52Z INFO [184/500] 2eba6bd5-52ee-42af-8777-1d165b736518: 933 chunks; 2.8 s; peak memory 1170 MiB.
2026-10-04T22:18:53Z INFO [185/500] 2ebad590-0556-4c8f-88ec-3226f489239c: 85 chunks; 1.6 s; peak memory 1170 MiB.
2026-10-04T22:19:01Z INFO [186/500] 2ebaf47f-3287-40fe-9613-46eb75ff0837: 250 chunks; 7.2 s; peak memory 1170 MiB.
2026-10-04T22:19:02Z INFO [187/500] 2ebb03f7-2994-4f6c-b70d-9c8d53f711c2: 50 chunks; 1.3 s; peak memory 1170 MiB.
2026-10-04T22:19:03Z INFO [188/500] 2ebb054a-52fb-4139-b148-ba5264595b36: 41 chunks; 1.3 s; peak memory 1170 MiB.
2026-10-04T22:19:05Z INFO [189/500] 2ebc6efa-0eba-4e0a-a9b6-c91f5ddcae20: 117 chunks; 1.6 s; peak memory 1170 MiB.
2026-10-04T22:19:06Z INFO [190/500] 2ebc825a-a723-4f23-96b8-d6bbe7844e32: 118 chunks; 1.8 s; peak memory 1170 MiB.
2026-10-04T22:19:17Z INFO [191/500] 2ebd7006-dcbd-4cce-ae7c-05686cbe35dd: 20440 chunks; 10.3 s; peak memory 1170 MiB.
2026-10-04T22:19:25Z INFO [192/500] 2ebd9aab-247b-4e9b-b971-f275549792b1: 2923 chunks; 7.8 s; peak memory 1170 MiB.
2026-10-04T22:19:26Z INFO [193/500] 2ebe05b6-80f9-44b4-9692-0d8f3adeaa95: 48 chunks; 1.3 s; peak memory 1170 MiB.
2026-10-04T22:19:28Z INFO [194/500] 2ebe19fa-0e9b-451e-8e21-5006c08bd040: 88 chunks; 1.9 s; peak memory 1170 MiB.
2026-10-04T22:19:29Z INFO [195/500] 2ebee549-44f5-4df3-abfc-f483df8e69fd: 48 chunks; 1.3 s; peak memory 1170 MiB.
2026-10-04T22:19:35Z INFO [196/500] 2ebee7dd-5b25-48d9-a1d1-5bb954cbb11a: 548 chunks; 6.0 s; peak memory 1170 MiB.
2026-10-04T22:19:37Z INFO [197/500] 2ebf481c-0e5b-420e-af69-e53c1285b239: 117 chunks; 1.7 s; peak memory 1170 MiB.
2026-10-04T22:19:39Z INFO [198/500] 2ec0d019-0a1f-4570-908b-f709775e1ac9: 51 chunks; 1.6 s; peak memory 1170 MiB.
2026-10-04T22:19:41Z INFO [199/500] 2ec0ec38-f026-4b07-9d0a-7496c35da831: 66 chunks; 2.8 s; peak memory 1170 MiB.
2026-10-04T22:19:43Z INFO [200/500] 2ec0fcfe-0e7b-49cf-987e-362d16d9b0bc: 118 chunks; 1.6 s; peak memory 1170 MiB.
2026-10-04T22:19:43Z INFO [200/500] 2ec0fcfe-0e7b-49cf-987e-362d16d9b0bc: checkpointed 69534 records.
2026-10-04T22:19:46Z INFO [201/500] 2ec20fb3-dbe3-4d2d-b1d9-4e351bb37890: 154 chunks; 2.9 s; peak memory 1170 MiB.
2026-10-04T22:19:49Z INFO [202/500] 2ec4449c-3371-4bc7-8399-6f19f426c59a: 115 chunks; 3.1 s; peak memory 1170 MiB.
2026-10-04T22:19:54Z INFO [203/500] 2ec66f44-db65-4a98-bf42-217c483f147b: 206 chunks; 4.6 s; peak memory 1170 MiB.
2026-10-04T22:19:55Z INFO [204/500] 2ec742af-e8b0-4137-a592-2a1cc1e7f1c6: 48 chunks; 1.4 s; peak memory 1170 MiB.
2026-10-04T22:19:57Z INFO [205/500] 2ec7f135-cde7-423c-986c-5a9fe746e985: 69 chunks; 1.9 s; peak memory 1170 MiB.
2026-10-04T22:19:58Z INFO [206/500] 2ec85010-c08e-4388-bb90-1bed9b88ade6: 69 chunks; 1.3 s; peak memory 1170 MiB.
2026-10-04T22:20:05Z INFO [207/500] 2ec85658-b25c-4eeb-96de-c9af8330822a: 174 chunks; 6.5 s; peak memory 1170 MiB.
2026-10-04T22:20:07Z INFO [208/500] 2ec8c26b-fcd8-4a1b-9b5a-7a399850bb62: 289 chunks; 2.0 s; peak memory 1170 MiB.
2026-10-04T22:20:09Z INFO [209/500] 2ec8f592-9a1f-43ab-ae04-d6737570a80a: 84 chunks; 1.7 s; peak memory 1170 MiB.
2026-10-04T22:20:23Z INFO [210/500] 2ec989d3-b6a0-41a5-bce1-f7ca9e1a23c8: 25369 chunks; 14.6 s; peak memory 1170 MiB.
2026-10-04T22:20:25Z INFO [211/500] 2ec9c020-3e6d-433a-9120-8749101be3cf: 118 chunks; 1.5 s; peak memory 1170 MiB.
2026-10-04T22:20:26Z INFO [212/500] 2eca04b6-f056-4aea-a310-b3b07f313566: 118 chunks; 1.4 s; peak memory 1170 MiB.
2026-10-04T22:20:28Z INFO [213/500] 2ecac856-697e-463b-b5da-8c8b061104eb: 62 chunks; 1.4 s; peak memory 1170 MiB.
2026-10-04T22:20:35Z INFO [214/500] 2ecaec3c-5333-42ef-a383-81c9719ce586: 368 chunks; 7.6 s; peak memory 1170 MiB.
2026-10-04T22:20:37Z INFO [215/500] 2eccc862-dfe9-4b16-ac47-49039bfa7888: 111 chunks; 1.8 s; peak memory 1170 MiB.
2026-10-04T22:20:39Z INFO [216/500] 2ece73cd-d2b5-4e3d-a285-2796635f4714: 117 chunks; 1.6 s; peak memory 1170 MiB.
2026-10-04T22:20:40Z INFO [217/500] 2ece8e62-b83d-4dae-b637-707367e6c320: 48 chunks; 1.4 s; peak memory 1170 MiB.
2026-10-04T22:21:19Z INFO [218/500] 2ed06f36-517a-4847-975c-281b4ec97671: 3295 chunks; 39.4 s; peak memory 1170 MiB.
2026-10-04T22:21:21Z INFO [219/500] 2ed0ee8e-2011-4646-9d01-fa165ef97c83: 112 chunks; 1.9 s; peak memory 1170 MiB.
2026-10-04T22:21:23Z INFO [220/500] 2ed13956-fc78-4409-b123-d9f561e1a2cd: 48 chunks; 1.4 s; peak memory 1170 MiB.
2026-10-04T22:21:36Z INFO [221/500] 2ed14e18-fc15-472f-a8bf-3cd7c69db8ad: 2913 chunks; 13.6 s; peak memory 1170 MiB.
2026-10-04T22:21:45Z INFO [222/500] 2ed2b1ca-5547-4cb3-b4f3-17434a71f90a: 4151 chunks; 8.7 s; peak memory 1170 MiB.
2026-10-04T22:21:47Z INFO [223/500] 2ed2e554-a350-448a-baeb-2a2fd2f0983f: 152 chunks; 2.1 s; peak memory 1170 MiB.
2026-10-04T22:21:48Z INFO [224/500] 2ed37b79-f2b7-4e2b-aeeb-48856df4934c: 37 chunks; 1.1 s; peak memory 1170 MiB.
2026-10-04T22:21:50Z INFO [225/500] 2ed3ed60-b07b-4f9d-8153-16963cec172d: 112 chunks; 1.8 s; peak memory 1170 MiB.
2026-10-04T22:21:51Z INFO [226/500] 2ed53bc7-245d-4e25-a016-4598c17630f1: 45 chunks; 1.2 s; peak memory 1170 MiB.
2026-10-04T22:22:14Z INFO [227/500] 2ed5c456-2614-4ca8-b091-68aaae4b9da6: 6055 chunks; 22.7 s; peak memory 1170 MiB.
2026-10-04T22:22:15Z INFO [228/500] 2ed5f227-cb1a-41b2-bc0b-6591f4758cc9: 69 chunks; 1.3 s; peak memory 1170 MiB.
2026-10-04T22:22:17Z INFO [229/500] 2ed63fa0-0e1e-410d-b96d-eeac8ddf513a: 48 chunks; 1.4 s; peak memory 1170 MiB.
2026-10-04T22:22:22Z INFO [230/500] 2ed64b20-dcbd-4179-a6f4-ed804a831e83: 244 chunks; 5.8 s; peak memory 1170 MiB.
2026-10-04T22:22:26Z INFO [231/500] 2ed6938e-b7f0-4741-82ff-e24db9407138: 156 chunks; 3.9 s; peak memory 1170 MiB.
2026-10-04T22:22:28Z INFO [232/500] 2ed6db19-fadd-4262-a1a4-c6398c0fca08: 112 chunks; 1.8 s; peak memory 1170 MiB.
2026-10-04T22:22:29Z INFO [233/500] 2ed6e6bd-6020-4bfb-b786-bc8b6e39f742: 45 chunks; 1.1 s; peak memory 1170 MiB.
2026-10-04T22:22:31Z INFO [234/500] 2ed76e4a-59b2-4183-b636-e490e3dc3f21: 110 chunks; 2.0 s; peak memory 1170 MiB.
2026-10-04T22:22:33Z INFO [235/500] 2ed80fa9-06d0-47ae-be0d-834ba1124369: 145 chunks; 1.9 s; peak memory 1170 MiB.
2026-10-04T22:22:34Z INFO [236/500] 2ed84c75-1921-484c-bea9-90637ca35632: 48 chunks; 1.3 s; peak memory 1170 MiB.
2026-10-04T22:22:50Z INFO [237/500] 2ed9ca5e-f95c-4caa-8db8-26183e5e7971: 20085 chunks; 15.7 s; peak memory 1170 MiB.
2026-10-04T22:22:54Z INFO [238/500] 2ed9cf2d-626d-4248-bf1b-70e2f1610c8a: 156 chunks; 3.8 s; peak memory 1170 MiB.
2026-10-04T22:22:57Z INFO [239/500] 2edaa27c-2ede-4f7e-a2b2-c2d5ac7e5040: 119 chunks; 2.6 s; peak memory 1170 MiB.
2026-10-04T22:23:07Z INFO [240/500] 2edabbe6-2ab7-4122-8be3-4c481a5e0a6d: 5656 chunks; 10.8 s; peak memory 1170 MiB.
2026-10-04T22:23:10Z INFO [241/500] 2edae55b-2505-4288-b9bd-aab705c06978: 119 chunks; 2.6 s; peak memory 1170 MiB.
2026-10-04T22:23:11Z INFO [242/500] 2edb257c-7405-403f-894e-ace9397bce95: 33 chunks; 1.1 s; peak memory 1170 MiB.
2026-10-04T22:23:13Z INFO [243/500] 2edb8306-0e0a-48f6-94d7-21df4dbb89ba: 71 chunks; 2.1 s; peak memory 1170 MiB.
2026-10-04T22:23:15Z INFO [244/500] 2edd4604-d521-48c7-bd26-fa7a51707ca6: 112 chunks; 1.8 s; peak memory 1170 MiB.
2026-10-04T22:23:17Z INFO [245/500] 2edf5ed2-f43c-4513-9eab-2430ceb82f99: 70 chunks; 1.8 s; peak memory 1170 MiB.
2026-10-04T22:23:19Z INFO [246/500] 2ee09467-dfcf-43f6-be4b-dc888a298a52: 71 chunks; 2.0 s; peak memory 1170 MiB.
2026-10-04T22:23:20Z INFO [247/500] 2ee120e9-f09d-4bd7-b749-f9c10ab1d191: 117 chunks; 1.5 s; peak memory 1170 MiB.
2026-10-04T22:23:22Z INFO [248/500] 2ee1932f-9fe8-48cc-8565-da6da232576c: 52 chunks; 1.6 s; peak memory 1170 MiB.
2026-10-04T22:23:26Z INFO [249/500] 2ee24369-1e20-495f-a6e4-fe5887e963d1: 163 chunks; 4.0 s; peak memory 1170 MiB.
2026-10-04T22:23:27Z INFO [250/500] 2ee2d759-1a2c-45fc-97be-686a60595818: 46 chunks; 1.1 s; peak memory 1170 MiB.
2026-10-04T22:23:27Z INFO [250/500] 2ee2d759-1a2c-45fc-97be-686a60595818: checkpointed 69584 records.
2026-10-04T22:23:35Z INFO [251/500] 2ee30cd0-7f75-4909-8db4-78f4d42f73bd: 2923 chunks; 7.7 s; peak memory 1170 MiB.
2026-10-04T22:23:37Z INFO [252/500] 2ee38cf0-fcc4-4cda-9314-9bd1f77369b8: 116 chunks; 1.7 s; peak memory 1170 MiB.
2026-10-04T22:23:38Z INFO [253/500] 2ee4903b-5d0b-45c2-9280-9e194341ac07: 46 chunks; 1.8 s; peak memory 1170 MiB.
2026-10-04T22:23:40Z INFO [254/500] 2ee53456-51b7-4b9e-8b60-c8f0df35f20f: 118 chunks; 1.7 s; peak memory 1170 MiB.
2026-10-04T22:23:42Z INFO [255/500] 2ee648bd-dfa4-425c-88c6-4a052a2fefad: 92 chunks; 1.6 s; peak memory 1170 MiB.
2026-10-04T22:23:44Z INFO [256/500] 2ee6b8e6-71aa-443a-a83c-545809b7fcea: 276 chunks; 2.0 s; peak memory 1170 MiB.
2026-10-04T22:23:45Z INFO [257/500] 2ee79991-e5a7-4970-9eac-1e13834330c1: 110 chunks; 1.4 s; peak memory 1170 MiB.
2026-10-04T22:23:54Z INFO [258/500] 2ee8aa72-42e7-46bd-a42a-665de469b881: 16775 chunks; 8.9 s; peak memory 1170 MiB.
2026-10-04T22:23:55Z INFO [259/500] 2ee8e247-9d70-42a9-86d7-8a523dda3639: 46 chunks; 1.1 s; peak memory 1170 MiB.
2026-10-04T22:23:57Z INFO [260/500] 2ee93e85-8ad3-4315-a906-3fb2743638b5: 116 chunks; 1.8 s; peak memory 1170 MiB.
2026-10-04T22:23:58Z INFO [261/500] 2eea6576-a1d9-4de4-87c4-80546046049a: 79 chunks; 1.7 s; peak memory 1170 MiB.
2026-10-04T22:24:00Z INFO [262/500] 2eea7a2e-2740-4f6f-9792-e2da8bde5e9d: 46 chunks; 1.1 s; peak memory 1170 MiB.
2026-10-04T22:24:02Z INFO [263/500] 2eed09c1-a146-4839-bcc1-2fc7244f4ecc: 115 chunks; 2.9 s; peak memory 1170 MiB.
2026-10-04T22:24:04Z INFO [264/500] 2eeda87a-279a-4420-a1e7-baba89adb9b9: 48 chunks; 1.4 s; peak memory 1170 MiB.
2026-10-04T22:24:05Z INFO [265/500] 2eee6129-82df-4b27-83f8-886b2fddba9a: 52 chunks; 1.5 s; peak memory 1170 MiB.
2026-10-04T22:24:07Z INFO [266/500] 2eee84d2-a95a-4b8c-b50f-5416ceb7d3d9: 112 chunks; 2.1 s; peak memory 1170 MiB.
2026-10-04T22:24:15Z INFO [267/500] 2eeed210-de35-4060-b3e6-891d6c8bce9e: 8187 chunks; 7.7 s; peak memory 1170 MiB.
2026-10-04T22:25:11Z INFO [268/500] 2eef123f-44f1-445a-b24c-55ada0216da6: 25653 chunks; 55.5 s; peak memory 1170 MiB.
2026-10-04T22:25:12Z INFO [269/500] 2eefad35-7b19-44ab-b506-13f26d88f624: 48 chunks; 1.4 s; peak memory 1170 MiB.
2026-10-04T22:25:14Z INFO [270/500] 2eeff729-66fd-4e2c-bf26-17de3ff47535: 117 chunks; 1.6 s; peak memory 1170 MiB.
2026-10-04T22:25:15Z INFO [271/500] 2ef06b36-0eef-4f86-8b66-7ca08af6f27d: 69 chunks; 1.5 s; peak memory 1170 MiB.
2026-10-04T22:25:19Z INFO [272/500] 2ef0eebe-a557-46d3-a2b7-2f94ba748322: 156 chunks; 3.9 s; peak memory 1170 MiB.
2026-10-04T22:25:22Z INFO [273/500] 2ef125fa-e305-46ad-9c0b-797449ad5d70: 71 chunks; 2.6 s; peak memory 1170 MiB.
2026-10-04T22:25:23Z INFO [274/500] 2ef15f0f-268f-4320-b056-bfe74fd725ea: 41 chunks; 1.3 s; peak memory 1170 MiB.
2026-10-04T22:25:24Z INFO [275/500] 2ef1ab24-ab0b-4354-a35a-9c5495b48ac1: 45 chunks; 1.2 s; peak memory 1170 MiB.
2026-10-04T22:25:28Z INFO [276/500] 2ef1d92b-ab96-46b9-b650-f156078d9020: 152 chunks; 3.7 s; peak memory 1170 MiB.
2026-10-04T22:25:29Z INFO [277/500] 2ef1ff5c-fcf1-4fcc-99d3-d9d03a422a04: 45 chunks; 1.2 s; peak memory 1170 MiB.
2026-10-04T22:25:30Z INFO [278/500] 2ef219bd-63f0-4b2f-b9fe-54ef375ccd3c: 46 chunks; 1.1 s; peak memory 1170 MiB.
2026-10-04T22:25:32Z INFO [279/500] 2ef2a144-42d2-4ea3-b86b-bf58185c2d71: 117 chunks; 1.7 s; peak memory 1170 MiB.
2026-10-04T22:25:55Z INFO [280/500] 2ef317c9-379c-4c8d-9006-b52c18fa5f3c: 4420 chunks; 23.0 s; peak memory 1170 MiB.
2026-10-04T22:25:56Z INFO [281/500] 2ef418b9-5817-43d7-b794-0e3513411c14: 48 chunks; 1.4 s; peak memory 1170 MiB.
2026-10-04T22:25:58Z INFO [282/500] 2ef47d83-be07-43de-a057-18925447e9fd: 69 chunks; 2.2 s; peak memory 1170 MiB.
2026-10-04T22:26:00Z INFO [283/500] 2ef4db1e-5f66-4281-a7b3-1a953544a502: 48 chunks; 1.4 s; peak memory 1170 MiB.
2026-10-04T22:26:02Z INFO [284/500] 2ef4e170-4376-4a61-b1a7-b19fa14d5274: 64 chunks; 1.8 s; peak memory 1170 MiB.
2026-10-04T22:26:03Z INFO [285/500] 2ef4e825-9a04-4e20-88e0-75cacd273bcf: 46 chunks; 1.4 s; peak memory 1170 MiB.
2026-10-04T22:26:04Z INFO [286/500] 2ef5f290-6326-4194-82b9-5076e945e9e8: 43 chunks; 1.4 s; peak memory 1170 MiB.
2026-10-04T22:26:12Z INFO [287/500] 2ef65201-d1c7-49bf-a4f9-63cb3e08b8d0: 319 chunks; 7.6 s; peak memory 1170 MiB.
2026-10-04T22:26:13Z INFO [288/500] 2ef67774-c22c-4cc5-a0f6-d5b2bcdc45a3: 45 chunks; 1.2 s; peak memory 1170 MiB.
2026-10-04T22:26:15Z INFO [289/500] 2ef71d23-9d5c-4b74-a3e8-18f57674e31d: 71 chunks; 1.9 s; peak memory 1170 MiB.
2026-10-04T22:26:27Z INFO [290/500] 2ef807d6-c9da-4c51-ab7b-a90ff1215fb7: 402 chunks; 12.2 s; peak memory 1170 MiB.
2026-10-04T22:26:29Z INFO [291/500] 2ef83cbc-e9a1-4092-81a7-49a8e0eebf18: 116 chunks; 1.6 s; peak memory 1170 MiB.
2026-10-04T22:26:31Z INFO [292/500] 2ef8638d-0a0e-4cc8-83bb-e1b7664eff08: 69 chunks; 1.8 s; peak memory 1170 MiB.
2026-10-04T22:26:32Z INFO [293/500] 2ef8a834-89f7-40e4-ade6-039454fe2a94: 118 chunks; 1.7 s; peak memory 1170 MiB.
2026-10-04T22:26:39Z INFO [294/500] 2ef8acb3-9b6d-4b67-947d-44ee49be6c35: 194 chunks; 6.8 s; peak memory 1170 MiB.
2026-10-04T22:26:41Z INFO [295/500] 2ef8c825-9a74-490c-ae98-04530afaa14b: 52 chunks; 1.5 s; peak memory 1170 MiB.
2026-10-04T22:26:42Z INFO [296/500] 2ef9051c-60cb-467a-a315-211df286b14b: 48 chunks; 1.2 s; peak memory 1170 MiB.
2026-10-04T22:26:44Z INFO [297/500] 2ef94fca-8c24-48fd-a616-8be858329f86: 169 chunks; 2.5 s; peak memory 1170 MiB.
2026-10-04T22:26:46Z INFO [298/500] 2ef9a03a-465c-45b0-b87d-96d2574d1978: 72 chunks; 1.6 s; peak memory 1170 MiB.
2026-10-04T22:26:50Z INFO [299/500] 2ef9ba17-b167-4f11-b512-9ab557c2e3f7: 157 chunks; 3.6 s; peak memory 1170 MiB.
2026-10-04T22:26:51Z INFO [300/500] 2efb7453-e0ba-413e-a338-84b3b055fe87: 48 chunks; 1.4 s; peak memory 1170 MiB.
2026-10-04T22:26:51Z INFO [300/500] 2efb7453-e0ba-413e-a338-84b3b055fe87: checkpointed 69634 records.
2026-10-04T22:26:56Z INFO [301/500] 2efc991e-9808-4351-b00d-cb6e24bd0414: 173 chunks; 5.1 s; peak memory 1170 MiB.
2026-10-04T22:26:58Z INFO [302/500] 2efdc7e4-32c5-48bb-bff6-b836212b248a: 48 chunks; 1.3 s; peak memory 1170 MiB.
2026-10-04T22:26:59Z INFO [303/500] 2efe14fb-67ab-411e-92dd-4d9ab550b380: 48 chunks; 1.3 s; peak memory 1170 MiB.
2026-10-04T22:27:02Z INFO [304/500] 2efe6984-bc0d-49c2-817c-2b4c513e6c19: 997 chunks; 2.7 s; peak memory 1170 MiB.
2026-10-04T22:27:03Z INFO [305/500] 2efe9ddb-e5c7-4878-9a98-2f4042021917: 112 chunks; 1.6 s; peak memory 1170 MiB.
2026-10-04T22:27:14Z INFO [306/500] 2efedac7-6d78-47ec-8d8c-6a9b5a696b85: 5740 chunks; 10.4 s; peak memory 1170 MiB.
2026-10-04T22:27:15Z INFO [307/500] 2effbcab-c546-4d40-ac01-174ac1147a07: 46 chunks; 1.1 s; peak memory 1170 MiB.
2026-10-04T22:27:16Z INFO [308/500] 2effce63-4d61-449b-92c7-b3e19543442c: 118 chunks; 1.6 s; peak memory 1170 MiB.
2026-10-04T22:27:18Z INFO [309/500] 2f003714-d1a9-4de4-88da-4d437c79cc5c: 118 chunks; 1.6 s; peak memory 1170 MiB.
2026-10-04T22:27:20Z INFO [310/500] 2f016891-10c6-45d3-ab4b-a1169dbbebf9: 117 chunks; 1.6 s; peak memory 1170 MiB.
2026-10-04T22:27:22Z INFO [311/500] 2f01ac46-89d3-43f3-af9a-50fbd1145088: 69 chunks; 2.2 s; peak memory 1170 MiB.
2026-10-04T22:28:14Z INFO [312/500] 2f031faa-b3d1-40f7-addd-b516e88be1e7: 23861 chunks; 52.6 s; peak memory 1170 MiB.
2026-10-04T22:28:31Z INFO [313/500] 2f0390f1-43e2-4acb-8152-696ca94b75d5: 5681 chunks; 16.9 s; peak memory 1170 MiB.
2026-10-04T22:28:33Z INFO [314/500] 2f03b127-dd59-4670-b76e-12565891c021: 118 chunks; 1.8 s; peak memory 1170 MiB.
2026-10-04T22:28:45Z INFO [315/500] 2f04d4f6-58fa-4046-913d-baee9b69d4e5: 336 chunks; 11.9 s; peak memory 1170 MiB.
2026-10-04T22:28:46Z INFO [316/500] 2f0515eb-8794-4d20-b49a-09b301864277: 118 chunks; 1.5 s; peak memory 1170 MiB.
2026-10-04T22:28:54Z INFO [317/500] 2f06aa88-d5ba-48fa-a339-7a85eef304e8: 13492 chunks; 7.6 s; peak memory 1170 MiB.
2026-10-04T22:28:55Z INFO [318/500] 2f074d5d-05b2-41ff-bb33-1f1bd18525d8: 48 chunks; 1.4 s; peak memory 1170 MiB.
2026-10-04T22:28:57Z INFO [319/500] 2f0803fc-18fe-4ed0-9193-6e589a6c71c4: 118 chunks; 1.6 s; peak memory 1170 MiB.
2026-10-04T22:28:59Z INFO [320/500] 2f085c16-a050-438e-9736-ea9ec2a1e09a: 117 chunks; 1.7 s; peak memory 1170 MiB.
2026-10-04T22:29:01Z INFO [321/500] 2f088ca8-deab-4a4f-81ff-e25d3f41c09c: 116 chunks; 1.8 s; peak memory 1170 MiB.
2026-10-04T22:29:02Z INFO [322/500] 2f08f971-d9a0-4301-b2f4-6f9b04b57403: 48 chunks; 1.5 s; peak memory 1170 MiB.
2026-10-04T22:29:05Z INFO [323/500] 2f0a19e1-f645-45ad-a966-a0af5c964944: 41 chunks; 2.6 s; peak memory 1170 MiB.
2026-10-04T22:29:07Z INFO [324/500] 2f0ac10d-5db0-41e3-95ad-08eb5994511e: 152 chunks; 2.2 s; peak memory 1170 MiB.
2026-10-04T22:29:09Z INFO [325/500] 2f0b38ba-3787-49cc-807f-b345d1e45652: 66 chunks; 2.0 s; peak memory 1170 MiB.
2026-10-04T22:29:10Z INFO [326/500] 2f0bf0ee-50e9-4351-a436-66e0decaed0e: 101 chunks; 1.7 s; peak memory 1170 MiB.
2026-10-04T22:29:12Z INFO [327/500] 2f0ca2df-2971-473f-9566-7af916a37335: 48 chunks; 1.3 s; peak memory 1170 MiB.
2026-10-04T22:29:14Z INFO [328/500] 2f0d6163-fba5-4c65-a835-22bfcee7331d: 66 chunks; 1.8 s; peak memory 1170 MiB.
2026-10-04T22:29:15Z INFO [329/500] 2f0eb560-be7d-4719-a6ca-17ecfdfbf7cf: 56 chunks; 1.2 s; peak memory 1170 MiB.
2026-10-04T22:29:16Z INFO [330/500] 2f0ee4f5-5cfe-49d9-9ef1-f42ee86c422b: 117 chunks; 1.7 s; peak memory 1170 MiB.
2026-10-04T22:29:18Z INFO [331/500] 2f0f097b-224f-49b0-b3d3-13c251bb47e2: 117 chunks; 1.6 s; peak memory 1170 MiB.
2026-10-04T22:29:20Z INFO [332/500] 2f0fa340-ba3a-4aa0-97d3-2c2715733331: 117 chunks; 1.7 s; peak memory 1170 MiB.
2026-10-04T22:29:23Z INFO [333/500] 2f0fc706-150e-4387-a353-8e550739b551: 115 chunks; 3.1 s; peak memory 1170 MiB.
2026-10-04T22:29:24Z INFO [334/500] 2f10566b-01b4-43e3-b649-576a112372c8: 48 chunks; 1.3 s; peak memory 1170 MiB.
2026-10-04T22:29:26Z INFO [335/500] 2f1232d1-53f5-463b-a3a4-591147af5bfb: 71 chunks; 2.1 s; peak memory 1170 MiB.
2026-10-04T22:29:28Z INFO [336/500] 2f1268b0-c611-4b5f-abb1-fcd26c81d46b: 48 chunks; 1.3 s; peak memory 1170 MiB.
2026-10-04T22:29:31Z INFO [337/500] 2f12acf6-cf49-4237-a46b-30734d645736: 115 chunks; 3.0 s; peak memory 1170 MiB.
2026-10-04T22:29:32Z INFO [338/500] 2f13035d-3f7d-4bb5-b9bc-199911960753: 69 chunks; 1.7 s; peak memory 1170 MiB.
2026-10-04T22:29:34Z INFO [339/500] 2f13520c-c278-4d8f-9f6c-65bbbcd31cb3: 118 chunks; 1.7 s; peak memory 1170 MiB.
2026-10-04T22:29:36Z INFO [340/500] 2f136a20-6155-4017-9cdd-b57d1e8b712d: 66 chunks; 2.0 s; peak memory 1170 MiB.
2026-10-04T22:29:37Z INFO [341/500] 2f13feb7-1453-4e56-9ad0-a2b0a073cc67: 48 chunks; 1.3 s; peak memory 1170 MiB.
2026-10-04T22:29:39Z INFO [342/500] 2f14e82e-b3a8-496a-9966-46ff8c7cae4b: 48 chunks; 1.4 s; peak memory 1170 MiB.
2026-10-04T22:29:40Z INFO [343/500] 2f158352-5324-4fca-859d-26422d2bd95c: 117 chunks; 1.6 s; peak memory 1170 MiB.
2026-10-04T22:29:42Z INFO [344/500] 2f15a7c2-634f-4a24-bf1a-52ebbd51606f: 92 chunks; 1.5 s; peak memory 1170 MiB.
2026-10-04T22:29:44Z INFO [345/500] 2f15e7db-face-4b0f-961d-61066f4b0db7: 112 chunks; 1.8 s; peak memory 1170 MiB.
2026-10-04T22:29:58Z INFO [346/500] 2f1616db-d713-4e1b-be99-38af4f79e2af: 10348 chunks; 14.1 s; peak memory 1170 MiB.
2026-10-04T22:29:59Z INFO [347/500] 2f16189e-233d-4cb6-890f-ccc0d0780afa: 48 chunks; 1.4 s; peak memory 1170 MiB.
2026-10-04T22:30:01Z INFO [348/500] 2f16301d-5731-440e-b34a-14fa75f370c5: 112 chunks; 1.6 s; peak memory 1170 MiB.
2026-10-04T22:30:02Z INFO [349/500] 2f16672e-488b-42ea-99d1-2de71cdbb2e6: 46 chunks; 1.1 s; peak memory 1170 MiB.
2026-10-04T22:30:14Z INFO [350/500] 2f16c3d0-8cd3-4813-aa62-1130f576226c: 4700 chunks; 12.5 s; peak memory 1170 MiB.
2026-10-04T22:30:14Z INFO [350/500] 2f16c3d0-8cd3-4813-aa62-1130f576226c: checkpointed 69684 records.
2026-10-04T22:30:18Z INFO [351/500] 2f16dc99-08a2-43e9-bd09-5db48e7827bf: 114 chunks; 3.3 s; peak memory 1170 MiB.
2026-10-04T22:30:37Z INFO [352/500] 2f176441-6b66-4a7c-b96a-a0400b346eba: 6191 chunks; 18.9 s; peak memory 1170 MiB.
2026-10-04T22:30:43Z INFO [353/500] 2f179647-0796-4661-8b05-c2d81511643c: 5990 chunks; 6.7 s; peak memory 1170 MiB.
2026-10-04T22:30:46Z INFO [354/500] 2f18a413-ed23-4a6d-a0e8-63045c2e2b9f: 124 chunks; 2.3 s; peak memory 1170 MiB.
2026-10-04T22:30:49Z INFO [355/500] 2f18dee6-6a39-43ee-b63c-3271528281f0: 90 chunks; 3.2 s; peak memory 1170 MiB.
2026-10-04T22:30:50Z INFO [356/500] 2f190b69-44e3-477d-9f97-9f22d2f06607: 48 chunks; 1.3 s; peak memory 1170 MiB.
2026-10-04T22:30:51Z INFO [357/500] 2f1936b9-1127-4f85-81d5-326fc5d788ff: 57 chunks; 1.2 s; peak memory 1170 MiB.
2026-10-04T22:30:53Z INFO [358/500] 2f1953f5-728c-4339-900c-e13e56a36aa7: 116 chunks; 1.7 s; peak memory 1170 MiB.
2026-10-04T22:30:54Z INFO [359/500] 2f1a51e2-8253-4f4b-a474-2e9699c9aa7b: 46 chunks; 1.3 s; peak memory 1170 MiB.
2026-10-04T22:30:56Z INFO [360/500] 2f1b2424-37d3-48b7-a020-9860e9712e9b: 52 chunks; 1.5 s; peak memory 1170 MiB.
2026-10-04T22:30:57Z INFO [361/500] 2f1b6026-9af7-4b57-a92f-83b7c0856285: 51 chunks; 1.1 s; peak memory 1170 MiB.
2026-10-04T22:30:58Z INFO [362/500] 2f1ba3b3-275a-4d52-a4b6-c63e53ae4a9d: 48 chunks; 1.3 s; peak memory 1170 MiB.
2026-10-04T22:31:05Z INFO [363/500] 2f1bcbee-fbec-4ec3-95f3-3683febe983e: 611 chunks; 7.2 s; peak memory 1170 MiB.
2026-10-04T22:31:07Z INFO [364/500] 2f1d5218-c3eb-4480-ba99-0ed7ce918577: 48 chunks; 1.4 s; peak memory 1170 MiB.
2026-10-04T22:31:08Z INFO [365/500] 2f1d77e3-a168-46ec-8e6f-8c01f49b151f: 48 chunks; 1.4 s; peak memory 1170 MiB.
2026-10-04T22:31:10Z INFO [366/500] 2f1d7e9c-572b-495c-8ecb-07663e98fe75: 70 chunks; 1.9 s; peak memory 1170 MiB.
2026-10-04T22:31:11Z INFO [367/500] 2f1e0058-f43f-4101-bad5-00f79b0509ed: 48 chunks; 1.4 s; peak memory 1170 MiB.
2026-10-04T22:31:18Z INFO [368/500] 2f20467a-b2be-4153-880e-5b1f1655e1cb: 2922 chunks; 6.9 s; peak memory 1170 MiB.
2026-10-04T22:31:20Z INFO [369/500] 2f20742b-748a-40c3-9f2a-becc7d2e3667: 48 chunks; 1.4 s; peak memory 1170 MiB.
2026-10-04T22:31:22Z INFO [370/500] 2f20c1d1-053d-4491-b5bd-d6d324793a21: 116 chunks; 1.9 s; peak memory 1170 MiB.
2026-10-04T22:31:24Z INFO [371/500] 2f211eb8-c5eb-4727-9e1e-cb46772ee21c: 69 chunks; 2.1 s; peak memory 1170 MiB.
2026-10-04T22:31:25Z INFO [372/500] 2f221172-73ef-4a3f-b20e-48ea541227e8: 112 chunks; 1.7 s; peak memory 1170 MiB.
2026-10-04T22:31:28Z INFO [373/500] 2f22b11a-7d81-4f10-a64d-94b6cbe7b3d4: 112 chunks; 2.2 s; peak memory 1170 MiB.
2026-10-04T22:31:29Z INFO [374/500] 2f23df11-1a36-4034-b78d-daddd956ab05: 48 chunks; 1.3 s; peak memory 1170 MiB.
2026-10-04T22:31:30Z INFO [375/500] 2f23f470-b3d5-4c90-8212-3951c219a838: 69 chunks; 1.5 s; peak memory 1170 MiB.
2026-10-04T22:31:32Z INFO [376/500] 2f244a7a-5906-4ad6-b4fc-e710a37d6151: 48 chunks; 1.4 s; peak memory 1170 MiB.
2026-10-04T22:31:34Z INFO [377/500] 2f24d0c2-48c7-4f53-bb44-0797590cabd9: 937 chunks; 2.6 s; peak memory 1170 MiB.
2026-10-04T22:31:36Z INFO [378/500] 2f25baa4-bbdf-4686-ad70-298d76321b23: 48 chunks; 1.3 s; peak memory 1170 MiB.
2026-10-04T22:31:37Z INFO [379/500] 2f266b7d-99c9-404a-a82d-159fb2139fcd: 48 chunks; 1.3 s; peak memory 1170 MiB.
2026-10-04T22:31:40Z INFO [380/500] 2f2676be-9d81-4cce-9894-978e96f39643: 119 chunks; 2.5 s; peak memory 1170 MiB.
2026-10-04T22:31:41Z INFO [381/500] 2f26a526-f4bc-4e3d-a2c1-630557050cf7: 66 chunks; 1.9 s; peak memory 1170 MiB.
2026-10-04T22:31:43Z INFO [382/500] 2f2786ed-583c-4b67-a516-2c89c6fb3b41: 66 chunks; 2.0 s; peak memory 1170 MiB.
2026-10-04T22:31:45Z INFO [383/500] 2f27ef6e-b794-4955-8a19-677e8b9c35bd: 48 chunks; 1.3 s; peak memory 1170 MiB.
2026-10-04T22:31:46Z INFO [384/500] 2f2805e1-3ad7-48f8-bc8b-dfd831bf0412: 106 chunks; 1.4 s; peak memory 1170 MiB.
2026-10-04T22:31:48Z INFO [385/500] 2f2885d5-17e3-4d62-9fbd-e445554ec718: 112 chunks; 1.9 s; peak memory 1170 MiB.
2026-10-04T22:31:49Z INFO [386/500] 2f2916dc-f965-4fad-8e6a-0b33166a1f8c: 57 chunks; 1.2 s; peak memory 1170 MiB.
2026-10-04T22:31:51Z INFO [387/500] 2f292d59-b718-414e-9ffd-17e0e0a1aa56: 69 chunks; 1.4 s; peak memory 1170 MiB.
2026-10-04T22:31:52Z INFO [388/500] 2f2943d4-ff93-45af-8431-d0a49b02d279: 83 chunks; 1.5 s; peak memory 1170 MiB.
2026-10-04T22:31:54Z INFO [389/500] 2f294ba7-16d8-4816-98b5-f83787d49255: 117 chunks; 1.6 s; peak memory 1170 MiB.
2026-10-04T22:31:58Z INFO [390/500] 2f2982da-72ce-4979-8bab-a7cf1c526c36: 85 chunks; 3.9 s; peak memory 1170 MiB.
2026-10-04T22:31:59Z INFO [391/500] 2f2a60a6-52d3-4a7f-914d-708fba4ef31a: 48 chunks; 1.3 s; peak memory 1170 MiB.
2026-10-04T22:32:01Z INFO [392/500] 2f2aa467-3bae-4460-8c43-b95507355343: 111 chunks; 1.8 s; peak memory 1170 MiB.
2026-10-04T22:32:03Z INFO [393/500] 2f2b70ee-5e50-4528-9977-01a96449cb1c: 69 chunks; 2.0 s; peak memory 1170 MiB.
2026-10-04T22:32:10Z INFO [394/500] 2f2c4bc1-8be2-4ffe-9dc8-8b6cbf8d0981: 2923 chunks; 7.4 s; peak memory 1170 MiB.
2026-10-04T22:32:13Z INFO [395/500] 2f2c4db9-614d-479f-bade-21152e1fa222: 123 chunks; 3.4 s; peak memory 1170 MiB.
2026-10-04T22:32:15Z INFO [396/500] 2f2c7649-ad03-4191-9517-c2f865d51246: 118 chunks; 1.6 s; peak memory 1170 MiB.
2026-10-04T22:32:17Z INFO [397/500] 2f2d971b-c8ae-4370-9525-a1c983f4e633: 112 chunks; 2.0 s; peak memory 1170 MiB.
2026-10-04T22:32:19Z INFO [398/500] 2f2de172-cb8f-442d-865b-4aa49e586e40: 71 chunks; 2.3 s; peak memory 1170 MiB.
2026-10-04T22:32:21Z INFO [399/500] 2f2deeb8-5988-45c2-a9a6-0230be3765e6: 84 chunks; 1.5 s; peak memory 1170 MiB.
2026-10-04T22:32:22Z INFO [400/500] 2f2e30b0-d039-4328-9fdc-db06710a2435: 48 chunks; 1.3 s; peak memory 1170 MiB.
2026-10-04T22:32:22Z INFO [400/500] 2f2e30b0-d039-4328-9fdc-db06710a2435: checkpointed 69734 records.
2026-10-04T22:32:24Z INFO [401/500] 2f2f2439-941f-4014-93f7-469fdfc4b9da: 117 chunks; 1.7 s; peak memory 1170 MiB.
2026-10-04T22:32:25Z INFO [402/500] 2f2f3816-e613-4adc-be68-0f96f784d872: 76 chunks; 1.3 s; peak memory 1170 MiB.
2026-10-04T22:32:29Z INFO [403/500] 2f2f4320-0483-4ef2-86c5-9a3ebc2c520d: 116 chunks; 3.2 s; peak memory 1170 MiB.
2026-10-04T22:32:31Z INFO [404/500] 2f2f9a1c-b729-4233-b5e6-28be79ba0cf2: 71 chunks; 2.6 s; peak memory 1170 MiB.
2026-10-04T22:32:40Z INFO [405/500] 2f2fce73-a53e-4b37-9d39-07656dc52785: 648 chunks; 8.7 s; peak memory 1170 MiB.
2026-10-04T22:32:41Z INFO [406/500] 2f302ddd-7709-4cff-b4de-48bc083588a0: 48 chunks; 1.4 s; peak memory 1170 MiB.
2026-10-04T22:33:01Z INFO [407/500] 2f30ffe6-1e5e-42b2-8587-41f303bc6748: 21134 chunks; 19.9 s; peak memory 1170 MiB.
2026-10-04T22:33:03Z INFO [408/500] 2f311ea6-7156-4412-bc59-38eaf02a36b5: 84 chunks; 1.8 s; peak memory 1170 MiB.
2026-10-04T22:33:05Z INFO [409/500] 2f31707b-f5e2-4802-b844-ffbc723b0122: 117 chunks; 1.7 s; peak memory 1170 MiB.
2026-10-04T22:33:08Z INFO [410/500] 2f31e928-bdfa-44d9-bcd6-7337c75c5021: 138 chunks; 3.3 s; peak memory 1170 MiB.
2026-10-04T22:33:10Z INFO [411/500] 2f31ecff-6f8d-4de5-9da3-7bd3b9102938: 64 chunks; 1.9 s; peak memory 1170 MiB.
2026-10-04T22:33:11Z INFO [412/500] 2f3223bb-b495-44e8-bb33-d904e01383b2: 119 chunks; 1.3 s; peak memory 1170 MiB.
2026-10-04T22:33:17Z INFO [413/500] 2f324ab6-c03c-446b-8b4c-f72e11260b55: 2085 chunks; 5.3 s; peak memory 1170 MiB.
2026-10-04T22:33:18Z INFO [414/500] 2f329e56-abac-403b-9d89-baa7cdf87c67: 48 chunks; 1.4 s; peak memory 1170 MiB.
2026-10-04T22:33:19Z INFO [415/500] 2f32f476-dab4-472b-869a-728a677034a6: 48 chunks; 1.4 s; peak memory 1170 MiB.
2026-10-04T22:33:22Z INFO [416/500] 2f33edc7-66cf-4a80-9908-a26f180da285: 136 chunks; 2.0 s; peak memory 1170 MiB.
2026-10-04T22:33:24Z INFO [417/500] 2f35501f-2b61-40a4-acd8-2e52b4f59daf: 95 chunks; 2.2 s; peak memory 1170 MiB.
2026-10-04T22:33:37Z INFO [418/500] 2f35731e-0b41-461a-8515-68155997b2b0: 10287 chunks; 13.1 s; peak memory 1170 MiB.
2026-10-04T22:33:50Z INFO [419/500] 2f359ec0-df33-489b-bc58-3357f09b841d: 4692 chunks; 12.7 s; peak memory 1170 MiB.
2026-10-04T22:33:52Z INFO [420/500] 2f36565d-964d-4321-868f-c309f62172df: 69 chunks; 2.5 s; peak memory 1170 MiB.
2026-10-04T22:33:53Z INFO [421/500] 2f3678c7-06e0-4910-a6d8-0f09d93dd58a: 48 chunks; 1.3 s; peak memory 1170 MiB.
2026-10-04T22:33:56Z INFO [422/500] 2f380983-0971-47a7-ac0a-a0e477315934: 71 chunks; 2.5 s; peak memory 1170 MiB.
2026-10-04T22:33:57Z INFO [423/500] 2f383eb8-a2e6-4cd6-a8bb-edd3f8efcc48: 48 chunks; 1.3 s; peak memory 1170 MiB.
2026-10-04T22:33:59Z INFO [424/500] 2f39b413-b43d-4152-a6ee-a178e0700ea6: 109 chunks; 1.9 s; peak memory 1170 MiB.
2026-10-04T22:34:02Z INFO [425/500] 2f3a47de-85f1-4b68-9247-c3a450fe59b8: 71 chunks; 2.4 s; peak memory 1170 MiB.
2026-10-04T22:34:03Z INFO [426/500] 2f3ad8b5-c584-461d-be5d-73ba0b7bdabf: 116 chunks; 1.5 s; peak memory 1170 MiB.
2026-10-04T22:34:05Z INFO [427/500] 2f3ad9b4-540e-4da0-bebb-1c454678ece2: 112 chunks; 1.7 s; peak memory 1170 MiB.
2026-10-04T22:34:06Z INFO [428/500] 2f3b94bc-78fa-4039-94f5-14fc93aeb66b: 117 chunks; 1.5 s; peak memory 1170 MiB.
2026-10-04T22:34:08Z INFO [429/500] 2f3bf754-7cf7-447a-811c-a579a17c6f5b: 112 chunks; 1.9 s; peak memory 1170 MiB.
2026-10-04T22:34:12Z INFO [430/500] 2f3c7629-a283-4e42-ac3e-a36585c00fb3: 118 chunks; 3.4 s; peak memory 1170 MiB.
2026-10-04T22:34:13Z INFO [431/500] 2f3cb872-9491-46e5-a2b6-c1547641f1f2: 48 chunks; 1.3 s; peak memory 1170 MiB.
2026-10-04T22:34:16Z INFO [432/500] 2f3d5d19-defc-4d62-b927-0034efbd8baa: 997 chunks; 2.7 s; peak memory 1170 MiB.
2026-10-04T22:34:18Z INFO [433/500] 2f3e16b0-394a-4535-bb3b-db3fe38376ed: 66 chunks; 1.9 s; peak memory 1170 MiB.
2026-10-04T22:34:19Z INFO [434/500] 2f3e469b-5b31-47d6-b2be-8ff162affb1b: 118 chunks; 1.5 s; peak memory 1170 MiB.
2026-10-04T22:34:26Z INFO [435/500] 2f3e630d-2a88-4aee-b900-60968ce94d84: 708 chunks; 6.5 s; peak memory 1170 MiB.
2026-10-04T22:34:27Z INFO [436/500] 2f3e656c-d3ba-40ea-93fa-2b6308053323: 46 chunks; 1.3 s; peak memory 1170 MiB.
2026-10-04T22:34:28Z INFO [437/500] 2f3edc58-b09e-4571-bb1c-1ffb2f768b57: 93 chunks; 1.3 s; peak memory 1170 MiB.
2026-10-04T22:34:30Z INFO [438/500] 2f3f0436-ba08-4d4c-802d-1d4cebf6dd4d: 48 chunks; 1.4 s; peak memory 1170 MiB.
2026-10-04T22:34:31Z INFO [439/500] 2f40523a-a115-4971-b790-65f5da538c5c: 117 chunks; 1.7 s; peak memory 1170 MiB.
2026-10-04T22:34:33Z INFO [440/500] 2f407657-f57c-4399-b16a-f9bb5fc12a0a: 48 chunks; 1.4 s; peak memory 1170 MiB.
2026-10-04T22:34:34Z INFO [441/500] 2f40b757-ba60-4c63-befc-ad15994531c2: 48 chunks; 1.4 s; peak memory 1170 MiB.
2026-10-04T22:34:35Z INFO [442/500] 2f40f7ba-b960-4106-9ac8-6d364b4759d3: 37 chunks; 1.2 s; peak memory 1170 MiB.
2026-10-04T22:37:03Z INFO [443/500] 2f41a04a-9ffe-49a2-8110-e966e1094e7e: 44952 chunks; 147.5 s; peak memory 1170 MiB.
2026-10-04T22:37:04Z INFO [444/500] 2f4234cf-8bae-4dee-9500-ecf366c39f3f: 48 chunks; 1.4 s; peak memory 1170 MiB.
2026-10-04T22:37:06Z INFO [445/500] 2f4280da-01b9-4e02-ae78-825172a0a57a: 72 chunks; 1.5 s; peak memory 1170 MiB.
2026-10-04T22:37:07Z INFO [446/500] 2f42ac2d-a024-4d37-a230-fd74bcf02942: 48 chunks; 1.4 s; peak memory 1170 MiB.
2026-10-04T22:37:09Z INFO [447/500] 2f4308f1-a0ce-4479-8d1e-c2170fe841d7: 46 chunks; 1.3 s; peak memory 1170 MiB.
2026-10-04T22:37:11Z INFO [448/500] 2f44728c-9c3f-4a3c-8700-9a27eacd0d01: 70 chunks; 2.1 s; peak memory 1170 MiB.
2026-10-04T22:37:13Z INFO [449/500] 2f4563b7-bb1b-482d-bed1-ddb81e66eda9: 112 chunks; 1.9 s; peak memory 1170 MiB.
2026-10-04T22:37:14Z INFO [450/500] 2f46689c-1ccc-4f44-b33a-8b14cf16366a: 116 chunks; 1.7 s; peak memory 1170 MiB.
2026-10-04T22:37:15Z INFO [450/500] 2f46689c-1ccc-4f44-b33a-8b14cf16366a: checkpointed 69784 records.
2026-10-04T22:37:16Z INFO [451/500] 2f46eaff-dede-4e8d-927d-fc23505179fd: 116 chunks; 1.9 s; peak memory 1170 MiB.
2026-10-04T22:37:18Z INFO [452/500] 2f471eee-918f-41cf-8772-d74ac3d34d4d: 50 chunks; 1.1 s; peak memory 1170 MiB.
2026-10-04T22:37:25Z INFO [453/500] 2f47bc82-abec-4d3c-9f34-409540312ec9: 193 chunks; 7.3 s; peak memory 1170 MiB.
2026-10-04T22:37:26Z INFO [454/500] 2f484be6-9818-4a27-b859-f68b6995e619: 45 chunks; 1.2 s; peak memory 1170 MiB.
2026-10-04T22:37:28Z INFO [455/500] 2f4a6a12-fb68-45dc-b699-c3944c5446f8: 71 chunks; 2.2 s; peak memory 1170 MiB.
2026-10-04T22:37:30Z INFO [456/500] 2f4ada86-2ada-427f-9e7d-c39e421d2ed7: 112 chunks; 2.2 s; peak memory 1170 MiB.
2026-10-04T22:37:32Z INFO [457/500] 2f4ae043-37f5-4179-bf94-e0ec5c0a123c: 112 chunks; 1.9 s; peak memory 1170 MiB.
2026-10-04T22:37:35Z INFO [458/500] 2f4b9350-f9e6-48d6-86a4-7057940949c3: 71 chunks; 2.4 s; peak memory 1170 MiB.
2026-10-04T22:37:39Z INFO [459/500] 2f4db86c-6c5d-41ae-af6b-154ded83bdcd: 1641 chunks; 4.3 s; peak memory 1170 MiB.
2026-10-04T22:37:41Z INFO [460/500] 2f4f25f4-e41c-49fd-be50-8012893ec3c2: 62 chunks; 1.7 s; peak memory 1170 MiB.
2026-10-04T22:37:43Z INFO [461/500] 2f506bdd-82f8-41c8-a1e4-3ebc69288de9: 64 chunks; 1.9 s; peak memory 1170 MiB.
2026-10-04T22:37:44Z INFO [462/500] 2f508d4e-d3d2-4466-b6bc-61099fd6353c: 113 chunks; 1.8 s; peak memory 1170 MiB.
2026-10-04T22:37:46Z INFO [463/500] 2f50ad5f-b0aa-40af-ad2f-3b634d6a9eda: 112 chunks; 1.7 s; peak memory 1170 MiB.
2026-10-04T22:37:48Z INFO [464/500] 2f50b2a6-dca0-456f-97a7-37dd9cfd0050: 112 chunks; 1.7 s; peak memory 1170 MiB.
2026-10-04T22:37:49Z INFO [465/500] 2f5145b0-2e1f-42b5-bf01-a17b1ee8ec7c: 36 chunks; 1.3 s; peak memory 1170 MiB.
2026-10-04T22:37:51Z INFO [466/500] 2f517be1-e40b-4dde-a28e-a7c2fe200bad: 112 chunks; 1.9 s; peak memory 1170 MiB.
2026-10-04T22:37:52Z INFO [467/500] 2f522ed8-6a29-4afd-a401-78b813164d75: 46 chunks; 1.4 s; peak memory 1170 MiB.
2026-10-04T22:37:55Z INFO [468/500] 2f52302e-542a-43e1-967d-5fbdc4a50cba: 69 chunks; 2.1 s; peak memory 1170 MiB.
2026-10-04T22:37:56Z INFO [469/500] 2f52747b-2875-4a83-bca2-6a24b4b07873: 48 chunks; 1.3 s; peak memory 1170 MiB.
2026-10-04T22:38:02Z INFO [470/500] 2f52ec14-783f-4722-9460-88b4cc0dbbca: 2532 chunks; 5.6 s; peak memory 1170 MiB.
2026-10-04T22:38:03Z INFO [471/500] 2f53bcc7-cfab-4c11-a116-ba5b4fb38184: 48 chunks; 1.4 s; peak memory 1170 MiB.
2026-10-04T22:38:04Z INFO [472/500] 2f546f45-43c1-4f23-9f1f-3713d1571d13: 45 chunks; 1.1 s; peak memory 1170 MiB.
2026-10-04T22:38:06Z INFO [473/500] 2f54f291-7ce6-424f-bb3e-7b0edccfc8f6: 117 chunks; 1.5 s; peak memory 1170 MiB.
2026-10-04T22:38:07Z INFO [474/500] 2f552b89-84da-4b7e-96e3-12730a55ac69: 74 chunks; 1.5 s; peak memory 1170 MiB.
2026-10-04T22:38:08Z INFO [475/500] 2f56eea3-745d-46cb-9c65-51df6e0ec81e: 46 chunks; 1.0 s; peak memory 1170 MiB.
2026-10-04T22:38:12Z INFO [476/500] 2f56fa3a-bceb-4b0b-9bc9-1fb415a08a43: 231 chunks; 3.5 s; peak memory 1170 MiB.
2026-10-04T22:38:13Z INFO [477/500] 2f57d455-2cff-453f-9d31-ce8d427be8d3: 41 chunks; 1.4 s; peak memory 1170 MiB.
2026-10-04T22:38:15Z INFO [478/500] 2f5888f3-20fc-496c-9821-dc7897584404: 112 chunks; 2.0 s; peak memory 1170 MiB.
2026-10-04T22:38:17Z INFO [479/500] 2f58e290-05f3-41a5-8f22-ca83cf6c1d54: 110 chunks; 2.0 s; peak memory 1170 MiB.
2026-10-04T22:38:18Z INFO [480/500] 2f5ac776-cada-43cf-9b27-8665fa497763: 48 chunks; 1.3 s; peak memory 1170 MiB.
2026-10-04T22:38:21Z INFO [481/500] 2f5d6166-bc2a-4f0b-8306-2822e49ec3a0: 71 chunks; 2.3 s; peak memory 1170 MiB.
2026-10-04T22:38:37Z INFO [482/500] 2f5dafc7-d22d-40db-8193-d3ed24f1ff33: 467 chunks; 16.5 s; peak memory 1170 MiB.
2026-10-04T22:38:39Z INFO [483/500] 2f5dc5a3-31f4-4224-b742-3ba41b576803: 117 chunks; 1.6 s; peak memory 1170 MiB.
2026-10-04T22:38:40Z INFO [484/500] 2f5dd9d7-4d06-4562-b283-db520cf6c353: 112 chunks; 1.5 s; peak memory 1170 MiB.
2026-10-04T22:38:43Z INFO [485/500] 2f5ea876-3687-4908-b01c-815207b3e1a9: 119 chunks; 2.6 s; peak memory 1170 MiB.
2026-10-04T22:38:44Z INFO [486/500] 2f5ead23-ed11-4481-8979-78af0e43b3d3: 48 chunks; 1.4 s; peak memory 1170 MiB.
2026-10-04T22:38:46Z INFO [487/500] 2f5edc0e-8c59-4b01-a5f6-7b24e8309e0b: 117 chunks; 1.7 s; peak memory 1170 MiB.
2026-10-04T22:38:48Z INFO [488/500] 2f5f03f8-9781-4ed5-8ffb-aba769c2f51b: 66 chunks; 1.8 s; peak memory 1170 MiB.
2026-10-04T22:38:50Z INFO [489/500] 2f5f4714-bf20-409a-9244-c8b16a39dfaa: 66 chunks; 2.0 s; peak memory 1170 MiB.
2026-10-04T22:38:52Z INFO [490/500] 2f604e8f-3cc0-498d-8421-d7161d4e45fa: 48 chunks; 2.0 s; peak memory 1170 MiB.
2026-10-04T22:38:53Z INFO [491/500] 2f6080b0-2604-4ef9-b0ed-c0c964a03735: 117 chunks; 1.5 s; peak memory 1170 MiB.
2026-10-04T22:38:55Z INFO [492/500] 2f60a392-097a-4150-8aaa-8a7d07f23734: 48 chunks; 1.3 s; peak memory 1170 MiB.
2026-10-04T22:38:57Z INFO [493/500] 2f60b471-b26e-4464-84fc-75fd44d11794: 117 chunks; 1.7 s; peak memory 1170 MiB.
2026-10-04T22:39:04Z INFO [494/500] 2f60b944-4fa3-4394-9d8c-c7bb1e9a3624: 250 chunks; 7.1 s; peak memory 1170 MiB.
2026-10-04T22:39:10Z INFO [495/500] 2f60fb0e-7456-4186-8e05-3c5ef186f31f: 2275 chunks; 6.2 s; peak memory 1170 MiB.
2026-10-04T22:39:12Z INFO [496/500] 2f61c227-fafd-4bef-9ed9-b1d8041498c9: 105 chunks; 2.4 s; peak memory 1170 MiB.
2026-10-04T22:39:14Z INFO [497/500] 2f626ce3-7e1b-4108-afc4-7c2773ca972b: 48 chunks; 1.4 s; peak memory 1170 MiB.
2026-10-04T22:39:17Z INFO [498/500] 2f639bfe-ea94-4f33-9854-79d294a57cc3: 115 chunks; 3.2 s; peak memory 1170 MiB.
2026-10-04T22:39:21Z INFO [499/500] 2f63c6fd-6f26-4b4c-8303-19491f5e46f3: 156 chunks; 3.9 s; peak memory 1170 MiB.
2026-10-04T22:39:22Z INFO [500/500] 2f648507-c96c-4afc-993c-84fb9d730f97: 48 chunks; 1.3 s; peak memory 1170 MiB.
2026-10-04T22:39:22Z INFO [500/500] 2f648507-c96c-4afc-993c-84fb9d730f97: checkpointed 69834 records.
2026-10-04T22:39:23Z INFO Wrote 69834 records to /tmp/derivatives/valid_nwb_file_to_chunk_stats.jsonl (500 new, 0 failed) in 85.2 min (peak memory 1170 MiB).
