2026-09-24T22:50:31Z INFO Logging to /tmp/logs/update_2026-09-24T22-50-31Z.log.
2026-09-24T22:50:31Z INFO Update valid-nwb-file-to-chunk-stats (base directory /tmp).
2026-09-24T22:50:32Z INFO Processing 381 items (56527 already recorded).
2026-09-24T22:50:35Z INFO [1/381] 140d6a19-4df5-4270-9d32-39f611e7cebd: 997 chunks; 3.1 s; peak memory 146 MiB.
2026-09-24T22:50:38Z INFO [2/381] 140daf18-4ba4-41e8-875b-b8754eb60902: 116 chunks; 3.4 s; peak memory 147 MiB.
2026-09-24T22:50:40Z INFO [3/381] 140df9e8-33d8-4d89-a32f-0e32db74ea50: 48 chunks; 1.3 s; peak memory 147 MiB.
2026-09-24T22:50:41Z INFO [4/381] 140f0506-6d4a-4a14-8a0a-6a20fa1b878f: 48 chunks; 1.3 s; peak memory 147 MiB.
2026-09-24T22:50:47Z INFO [5/381] 140fa8ec-d3b1-4ef4-8a99-0385d590e2c4: 3196 chunks; 6.4 s; peak memory 159 MiB.
2026-09-24T22:50:54Z INFO [6/381] 14106e74-30a8-4441-93f8-675f77c48049: 580 chunks; 6.4 s; peak memory 160 MiB.
2026-09-24T22:51:01Z INFO [7/381] 1411b7b2-a684-4685-8283-b5538a43937f: 7883 chunks; 7.2 s; peak memory 164 MiB.
2026-09-24T22:51:02Z INFO [8/381] 141350d6-de61-4640-a9ae-e4d9f3b8e5c7: 50 chunks; 1.1 s; peak memory 164 MiB.
2026-09-24T22:51:04Z INFO [9/381] 14135730-3943-48b0-9d5b-bfb27dc57cd6: 112 chunks; 2.0 s; peak memory 164 MiB.
2026-09-24T22:51:19Z INFO [10/381] 14136c6f-1509-4fa8-a79c-a5d7bd056274: 32184 chunks; 15.0 s; peak memory 205 MiB.
2026-09-24T22:51:21Z INFO [11/381] 1413d511-3397-444c-b6c8-6b80396ed000: 71 chunks; 2.2 s; peak memory 205 MiB.
2026-09-24T22:51:22Z INFO [12/381] 1414c708-f6d7-42cf-840a-d0ec24be54d0: 48 chunks; 1.3 s; peak memory 205 MiB.
2026-09-24T22:51:26Z INFO [13/381] 14158c79-4d4d-4ff9-b19f-ac7c4c57ba7c: 933 chunks; 3.1 s; peak memory 205 MiB.
2026-09-24T22:51:28Z INFO [14/381] 1415c6bf-4d6a-4749-a783-b34e0db7da5f: 64 chunks; 2.1 s; peak memory 206 MiB.
2026-09-24T22:51:29Z INFO [15/381] 14160f10-0bea-4ad6-af7f-560ee25a974b: 148 chunks; 1.5 s; peak memory 206 MiB.
2026-09-24T22:51:31Z INFO [16/381] 1416a241-85cf-46f3-92e3-e6e3f4644ea8: 48 chunks; 1.4 s; peak memory 206 MiB.
2026-09-24T22:51:32Z INFO [17/381] 1416bb56-22ee-48b1-a2b1-7e364608b579: 48 chunks; 1.3 s; peak memory 206 MiB.
2026-09-24T22:51:35Z INFO [18/381] 141752eb-3e85-453e-8c17-77a562bbbaa2: 116 chunks; 3.3 s; peak memory 206 MiB.
2026-09-24T22:51:37Z INFO [19/381] 1417ab7e-e29d-4772-9c21-132de4e57719: 112 chunks; 1.3 s; peak memory 206 MiB.
2026-09-24T22:51:38Z INFO [20/381] 14180e00-d42a-46cb-a756-321d0bbaced6: 117 chunks; 1.7 s; peak memory 206 MiB.
2026-09-24T22:51:40Z INFO [21/381] 14192d0c-b34c-4772-b377-abe77a24baff: 117 chunks; 1.6 s; peak memory 206 MiB.
2026-09-24T22:51:41Z INFO [22/381] 14195087-9eec-4ffd-a0af-1574e7814860: 37 chunks; 1.1 s; peak memory 206 MiB.
2026-09-24T22:51:42Z INFO [23/381] 14195c89-ce4a-4cb4-859d-6148d032e3da: 45 chunks; 1.1 s; peak memory 206 MiB.
2026-09-24T22:51:44Z INFO [24/381] 141c0b61-ceee-4005-b8b1-a92869bad548: 112 chunks; 1.8 s; peak memory 206 MiB.
2026-09-24T22:51:47Z INFO [25/381] 141cedab-9346-4da4-9ea7-48b588394798: 71 chunks; 2.6 s; peak memory 206 MiB.
2026-09-24T22:51:48Z INFO [26/381] 141daa27-99a5-46c7-9380-a8c23260535a: 112 chunks; 1.8 s; peak memory 206 MiB.
2026-09-24T22:51:53Z INFO [27/381] 141e5013-a599-4029-9076-c41ce25053cc: 90 chunks; 4.5 s; peak memory 206 MiB.
2026-09-24T22:51:54Z INFO [28/381] 141f23d9-9a0a-411c-8a98-c1f2392aec52: 33 chunks; 1.1 s; peak memory 207 MiB.
2026-09-24T22:51:58Z INFO [29/381] 141f5092-e684-4baa-9719-961a600b3d27: 218 chunks; 4.4 s; peak memory 207 MiB.
2026-09-24T22:51:59Z INFO [30/381] 141f7cf6-e92e-4d18-929b-4aa2ba8e3050: 69 chunks; 1.2 s; peak memory 207 MiB.
2026-09-24T22:52:01Z INFO [31/381] 141f8028-553e-4fdc-aa9b-693dcf2d7ab8: 48 chunks; 1.5 s; peak memory 207 MiB.
2026-09-24T22:52:02Z INFO [32/381] 142022cf-2aba-44bb-b2ea-ae1872222bcc: 46 chunks; 1.3 s; peak memory 207 MiB.
2026-09-24T22:52:05Z INFO [33/381] 1420b59b-f723-4d2e-8012-1e9e8e8eff34: 71 chunks; 2.4 s; peak memory 207 MiB.
2026-09-24T22:52:06Z INFO [34/381] 14210b38-a30b-47b1-8b1b-f7905a39eeea: 57 chunks; 1.1 s; peak memory 207 MiB.
2026-09-24T22:52:07Z INFO [35/381] 14210ce1-83ce-4e32-be97-64d4bfdb705d: 49 chunks; 1.7 s; peak memory 207 MiB.
2026-09-24T22:56:17Z INFO [36/381] 14211320-b91f-4dac-af94-b62a1814478e: 75611 chunks; 249.3 s; peak memory 443 MiB.
2026-09-24T22:56:18Z INFO [37/381] 142154bf-072a-4c6e-92bc-33b6b31367d5: 48 chunks; 1.3 s; peak memory 443 MiB.
2026-09-24T22:56:19Z INFO [38/381] 1421b1f7-ecef-4930-8a85-e1f4c4e9a6da: 48 chunks; 1.4 s; peak memory 443 MiB.
2026-09-24T22:56:21Z INFO [39/381] 1421e59e-b276-45fb-9c35-96eb9aeb0a32: 74 chunks; 2.0 s; peak memory 443 MiB.
2026-09-24T22:56:23Z INFO [40/381] 142236c6-913f-4016-878d-e2a317e7e607: 45 chunks; 1.5 s; peak memory 443 MiB.
2026-09-24T22:56:28Z INFO [41/381] 1422d6ff-410f-4470-aa64-4c2ee12e6b1f: 9651 chunks; 5.5 s; peak memory 443 MiB.
2026-09-24T22:56:31Z INFO [42/381] 1422eb3e-4bf2-42aa-ae0f-043615a6c4c8: 114 chunks; 3.0 s; peak memory 443 MiB.
2026-09-24T22:56:33Z INFO [43/381] 14238621-745a-4d5c-8f1a-4e341b1d8f5c: 112 chunks; 1.7 s; peak memory 443 MiB.
2026-09-24T22:56:34Z INFO [44/381] 1424bff1-1ac1-4e48-9e81-4428d68a80b2: 46 chunks; 1.4 s; peak memory 443 MiB.
2026-09-24T22:56:35Z INFO [45/381] 1425ac25-b42d-4fa0-b713-2a67011449f5: 56 chunks; 1.0 s; peak memory 443 MiB.
2026-09-24T22:56:39Z INFO [46/381] 1425d8d9-fd35-4488-933a-e76e0a7d3784: 156 chunks; 3.6 s; peak memory 443 MiB.
2026-09-24T22:56:41Z INFO [47/381] 14265deb-889d-489b-8738-397d842804a1: 71 chunks; 2.0 s; peak memory 443 MiB.
2026-09-24T22:56:43Z INFO [48/381] 1429063a-d901-4e59-b906-87c44e6f1216: 48 chunks; 1.4 s; peak memory 443 MiB.
2026-09-24T22:56:45Z INFO [49/381] 14293146-1521-481f-aaa0-0d4941ce6ee4: 71 chunks; 2.4 s; peak memory 443 MiB.
2026-09-24T22:56:46Z INFO [50/381] 14293adc-218b-4330-8098-27ddeff26dda: 112 chunks; 1.5 s; peak memory 443 MiB.
2026-09-24T22:56:47Z INFO [50/381] 14293adc-218b-4330-8098-27ddeff26dda: checkpointed 56577 records.
2026-09-24T22:56:48Z INFO [51/381] 1429b483-42eb-46f2-9c72-ba51074d14d7: 117 chunks; 1.5 s; peak memory 443 MiB.
2026-09-24T22:56:50Z INFO [52/381] 1429cec2-903f-4af0-856f-5c8726e1c8e6: 116 chunks; 1.6 s; peak memory 443 MiB.
2026-09-24T22:57:13Z INFO [53/381] 142a2883-0f91-4a69-914a-0487eba12ecf: 6055 chunks; 22.9 s; peak memory 443 MiB.
2026-09-24T22:57:14Z INFO [54/381] 142ad108-c964-4a69-a569-7ff5ac2fa97d: 117 chunks; 1.7 s; peak memory 443 MiB.
2026-09-24T22:57:22Z INFO [55/381] 142bb2b1-a2da-461f-b88f-476870fecd76: 707 chunks; 7.7 s; peak memory 443 MiB.
2026-09-24T22:57:30Z INFO [56/381] 142c56bf-4334-4a73-94f5-87b4f6804371: 2923 chunks; 7.7 s; peak memory 443 MiB.
2026-09-24T22:57:32Z INFO [57/381] 142c7041-d201-4884-b01c-8fce9dc6d127: 66 chunks; 1.8 s; peak memory 443 MiB.
2026-09-24T22:57:33Z INFO [58/381] 142c7634-d740-48fc-88d8-7975826416ff: 50 chunks; 1.2 s; peak memory 443 MiB.
2026-09-24T22:57:34Z INFO [59/381] 142cee98-7f20-4379-a972-825c49814703: 112 chunks; 1.6 s; peak memory 443 MiB.
2026-09-24T22:57:36Z INFO [60/381] 142f38bc-b586-438b-8746-c85624b4b295: 48 chunks; 1.2 s; peak memory 443 MiB.
2026-09-24T22:57:38Z INFO [61/381] 142f8415-8253-453e-bc8b-314f163d2a98: 66 chunks; 1.9 s; peak memory 443 MiB.
2026-09-24T22:57:39Z INFO [62/381] 142f9421-4632-4231-bf5c-2d2e3624c8ca: 46 chunks; 1.0 s; peak memory 443 MiB.
2026-09-24T22:57:41Z INFO [63/381] 14301114-4cbc-4056-97d4-784a1f226216: 71 chunks; 2.8 s; peak memory 443 MiB.
2026-09-24T22:57:43Z INFO [64/381] 143035b0-c1a8-42b3-8830-3cbffc4b6c0b: 48 chunks; 1.3 s; peak memory 443 MiB.
2026-09-24T22:57:51Z INFO [65/381] 1430a55c-3209-481a-a07b-79139bcc20c2: 16183 chunks; 8.8 s; peak memory 443 MiB.
2026-09-24T22:58:04Z INFO [66/381] 1430ea8f-aad9-4131-bd3e-ecec7084602f: 336 chunks; 12.4 s; peak memory 443 MiB.
2026-09-24T22:58:07Z INFO [67/381] 1430eece-7eac-407e-aa44-2db9ef940965: 115 chunks; 3.3 s; peak memory 443 MiB.
2026-09-24T22:58:10Z INFO [68/381] 14311d38-c22a-4db4-999f-fee68eb9c116: 119 chunks; 3.2 s; peak memory 443 MiB.
2026-09-24T22:58:12Z INFO [69/381] 1431357e-e364-49f3-95cb-b2491c2c5824: 48 chunks; 1.5 s; peak memory 443 MiB.
2026-09-24T22:58:15Z INFO [70/381] 14314181-47b3-4458-9bcf-7f22efdb33e9: 933 chunks; 2.9 s; peak memory 443 MiB.
2026-09-24T23:00:29Z INFO [71/381] 14318d45-0d44-4cc1-889b-b115e1ca5867: 40424 chunks; 134.0 s; peak memory 443 MiB.
2026-09-24T23:00:30Z INFO [72/381] 143214c4-99e7-4d28-81b2-7f295f3fe1d5: 119 chunks; 1.3 s; peak memory 443 MiB.
2026-09-24T23:00:32Z INFO [73/381] 14328230-c709-4e8d-86d8-d95a967a5f00: 112 chunks; 1.9 s; peak memory 443 MiB.
2026-09-24T23:00:55Z INFO [74/381] 1432c1af-2bf9-4d73-ba58-73fd88259918: 6593 chunks; 23.4 s; peak memory 443 MiB.
2026-09-24T23:00:57Z INFO [75/381] 1432ebb3-a9fa-409b-9279-aedb28aa4582: 118 chunks; 1.7 s; peak memory 443 MiB.
2026-09-24T23:00:59Z INFO [76/381] 1433a64a-3153-4458-80fc-6200754c7bd0: 124 chunks; 2.5 s; peak memory 443 MiB.
2026-09-24T23:01:01Z INFO [77/381] 1433dfaa-5064-4ec3-8b9b-ba88eb91300c: 48 chunks; 1.5 s; peak memory 443 MiB.
2026-09-24T23:01:03Z INFO [78/381] 1434e6e1-372a-419a-9ceb-7fa6ee326754: 66 chunks; 2.2 s; peak memory 443 MiB.
2026-09-24T23:01:06Z INFO [79/381] 14369bfc-b1ba-4545-9a0f-b8e236574813: 997 chunks; 3.0 s; peak memory 443 MiB.
2026-09-24T23:01:07Z INFO [80/381] 1436d8ff-7b07-4e64-b662-e6be93454f21: 50 chunks; 1.2 s; peak memory 443 MiB.
2026-09-24T23:01:09Z INFO [81/381] 14385566-1600-4689-bf01-a20bb49e7406: 48 chunks; 1.2 s; peak memory 443 MiB.
2026-09-24T23:01:16Z INFO [82/381] 14386d28-e976-4726-b6bc-7dff74cfa833: 3876 chunks; 7.3 s; peak memory 443 MiB.
2026-09-24T23:01:26Z INFO [83/381] 14394755-ea75-4ab7-8718-d9e5b69ed465: 982 chunks; 10.3 s; peak memory 443 MiB.
2026-09-24T23:01:27Z INFO [84/381] 14397d6a-f740-4e8b-b9f0-60aa35e40397: 35 chunks; 1.0 s; peak memory 443 MiB.
2026-09-24T23:01:42Z INFO [85/381] 1439c189-a12c-4bfe-bff3-aa9e5d001a42: 19331 chunks; 15.3 s; peak memory 443 MiB.
2026-09-24T23:01:44Z INFO [86/381] 143a05a3-6026-4cc1-8f74-b8d3195b99b1: 117 chunks; 1.6 s; peak memory 443 MiB.
2026-09-24T23:01:46Z INFO [87/381] 143ad812-5db9-48e7-b62b-bf38ee90d00e: 112 chunks; 2.1 s; peak memory 443 MiB.
2026-09-24T23:01:47Z INFO [88/381] 143af1df-857e-4a99-8561-b6ef18b02dfa: 48 chunks; 1.4 s; peak memory 443 MiB.
2026-09-24T23:01:49Z INFO [89/381] 143cab6a-d46e-4344-b9f5-39120fb67a45: 48 chunks; 1.4 s; peak memory 443 MiB.
2026-09-24T23:01:51Z INFO [90/381] 143db696-6fe8-43dd-acfa-0d4f6b3e5ac6: 66 chunks; 2.0 s; peak memory 443 MiB.
2026-09-24T23:01:55Z INFO [91/381] 143f9d5c-7813-4aca-b989-5fb9bdf5d7b3: 156 chunks; 4.1 s; peak memory 443 MiB.
2026-09-24T23:01:56Z INFO [92/381] 1440003d-74e8-4bf2-9af7-1af003abb106: 50 chunks; 1.1 s; peak memory 443 MiB.
2026-09-24T23:01:57Z INFO [93/381] 1440c99a-0c4d-4c22-b7bf-1a13e76598e4: 57 chunks; 1.0 s; peak memory 443 MiB.
2026-09-24T23:01:59Z INFO [94/381] 14410230-3897-49f4-8a10-b15b30f11791: 66 chunks; 1.8 s; peak memory 443 MiB.
2026-09-24T23:02:00Z INFO [95/381] 144121f7-775c-4675-917c-33666b4f5948: 49 chunks; 1.3 s; peak memory 443 MiB.
2026-09-24T23:02:02Z INFO [96/381] 144174a1-50f5-48d4-bff9-1ac24ccbf043: 48 chunks; 1.2 s; peak memory 443 MiB.
2026-09-24T23:02:03Z INFO [97/381] 1441832b-bc66-4b3f-9ad7-4311d6d83e80: 112 chunks; 1.9 s; peak memory 443 MiB.
2026-09-24T23:02:05Z INFO [98/381] 1441f2b4-3881-4b34-be22-8f32e11a7fe2: 48 chunks; 1.5 s; peak memory 443 MiB.
2026-09-24T23:02:20Z INFO [99/381] 14439162-c73a-4622-bc43-db62af7c9709: 22688 chunks; 15.4 s; peak memory 443 MiB.
2026-09-24T23:02:23Z INFO [100/381] 14456a3e-4527-41cd-a140-744445da59af: 69 chunks; 2.3 s; peak memory 443 MiB.
2026-09-24T23:02:23Z INFO [100/381] 14456a3e-4527-41cd-a140-744445da59af: checkpointed 56627 records.
2026-09-24T23:02:24Z INFO [101/381] 1445db39-2200-47d5-b59b-566465b8667b: 52 chunks; 1.6 s; peak memory 443 MiB.
2026-09-24T23:02:26Z INFO [102/381] 1445ddfd-6848-4785-8e5d-6721540fe096: 119 chunks; 1.4 s; peak memory 443 MiB.
2026-09-24T23:02:27Z INFO [103/381] 1445f449-327c-4908-a2fa-58212fdd72a4: 117 chunks; 1.6 s; peak memory 443 MiB.
2026-09-24T23:02:29Z INFO [104/381] 14463653-6487-496d-80f7-d9ecf89a878d: 57 chunks; 1.2 s; peak memory 443 MiB.
2026-09-24T23:02:30Z INFO [105/381] 14482f38-c2ce-4c2c-9ce3-fbfc72f76357: 51 chunks; 1.7 s; peak memory 443 MiB.
2026-09-24T23:02:32Z INFO [106/381] 14490e25-b027-497b-bc57-4450ccd39af0: 116 chunks; 1.7 s; peak memory 443 MiB.
2026-09-24T23:03:06Z INFO [107/381] 14496d41-7ac6-4777-840b-c3fed0e4599c: 38137 chunks; 34.4 s; peak memory 443 MiB.
2026-09-24T23:03:19Z INFO [108/381] 14499a2a-ab2d-4032-8e5a-34fc268824cb: 25787 chunks; 12.4 s; peak memory 443 MiB.
2026-09-24T23:03:28Z INFO [109/381] 1449d058-1611-40ef-9abb-e2f3515298c1: 14495 chunks; 9.4 s; peak memory 443 MiB.
2026-09-24T23:03:30Z INFO [110/381] 144a4947-562e-4f23-b532-74c5295b1c78: 69 chunks; 1.7 s; peak memory 443 MiB.
2026-09-24T23:03:31Z INFO [111/381] 144a76b0-e9b2-4bfe-882e-bde75f0a0030: 118 chunks; 1.5 s; peak memory 443 MiB.
2026-09-24T23:03:44Z INFO [112/381] 144aaef4-e30b-4f04-89c0-be830ed76be7: 336 chunks; 12.3 s; peak memory 443 MiB.
2026-09-24T23:03:45Z INFO [113/381] 144be729-2307-444d-b645-9ea7ad89e140: 118 chunks; 1.5 s; peak memory 443 MiB.
2026-09-24T23:03:47Z INFO [114/381] 144c90d2-d374-4ca6-9114-5e4322b5a25f: 48 chunks; 1.4 s; peak memory 443 MiB.
2026-09-24T23:03:48Z INFO [115/381] 144dd7a8-396d-4181-885f-936e935da850: 48 chunks; 1.5 s; peak memory 443 MiB.
2026-09-24T23:04:02Z INFO [116/381] 144ddfa9-4a16-459d-8ebc-18789679252d: 20174 chunks; 13.7 s; peak memory 443 MiB.
2026-09-24T23:04:03Z INFO [117/381] 144df344-bed2-4d6c-9218-0e2f946f1447: 56 chunks; 1.0 s; peak memory 443 MiB.
2026-09-24T23:04:14Z INFO [118/381] 144e6346-d362-4e31-b264-96cecbe63caa: 617 chunks; 11.5 s; peak memory 443 MiB.
2026-09-24T23:04:16Z INFO [119/381] 144f1e86-c770-4f06-9c24-632e1ff04d25: 118 chunks; 1.6 s; peak memory 443 MiB.
2026-09-24T23:04:17Z INFO [120/381] 145140e7-4623-496d-aba5-5bd094656065: 48 chunks; 1.3 s; peak memory 443 MiB.
2026-09-24T23:04:22Z INFO [121/381] 14518303-2c00-4221-b164-02cc460ca670: 142 chunks; 4.6 s; peak memory 443 MiB.
2026-09-24T23:04:31Z INFO [122/381] 14519175-409f-431c-bab2-fc42d31f0066: 9233 chunks; 9.5 s; peak memory 443 MiB.
2026-09-24T23:04:42Z INFO [123/381] 1451a30f-34a2-4d6e-afc6-3977cbd845bb: 339 chunks; 10.6 s; peak memory 443 MiB.
2026-09-24T23:04:44Z INFO [124/381] 14521ee1-b214-4c30-bfd6-c36cfb83d3a2: 69 chunks; 1.8 s; peak memory 443 MiB.
2026-09-24T23:04:45Z INFO [125/381] 14523624-247e-4a4a-8a74-9337787371b5: 117 chunks; 1.5 s; peak memory 443 MiB.
2026-09-24T23:05:03Z INFO [126/381] 14523d5a-ea53-49e6-9af1-fe2e03374193: 23245 chunks; 18.2 s; peak memory 443 MiB.
2026-09-24T23:05:04Z INFO [127/381] 14524907-1905-4b28-bf93-8f36f2c2b427: 35 chunks; 1.1 s; peak memory 443 MiB.
2026-09-24T23:05:19Z INFO [128/381] 14527ec0-fc77-4c07-9ecc-a075a9edf6c0: 822 chunks; 14.6 s; peak memory 443 MiB.
2026-09-24T23:05:20Z INFO [129/381] 14536600-423b-4e17-b589-a7d45fdbcc0b: 48 chunks; 1.5 s; peak memory 443 MiB.
2026-09-24T23:05:22Z INFO [130/381] 14544f81-40f9-4c04-8d9f-fbd15927c3bc: 48 chunks; 1.4 s; peak memory 443 MiB.
2026-09-24T23:05:25Z INFO [131/381] 14546d24-8fdb-41db-92a7-e60710feda6c: 80 chunks; 3.3 s; peak memory 443 MiB.
2026-09-24T23:05:34Z INFO [132/381] 1454aa68-ac74-4417-a9ef-ed8708a8ef88: 4403 chunks; 9.3 s; peak memory 443 MiB.
2026-09-24T23:05:36Z INFO [133/381] 1454bbcd-e285-411a-97c6-fe2452702942: 66 chunks; 2.0 s; peak memory 443 MiB.
2026-09-24T23:05:38Z INFO [134/381] 14552746-81f4-4930-8523-bc1154004546: 48 chunks; 1.3 s; peak memory 443 MiB.
2026-09-24T23:05:41Z INFO [135/381] 14555564-a291-42e3-9661-92dc951cbf37: 933 chunks; 3.0 s; peak memory 443 MiB.
2026-09-24T23:05:42Z INFO [136/381] 14555a6c-6e25-4e1e-897e-916c800da047: 48 chunks; 1.4 s; peak memory 443 MiB.
2026-09-24T23:05:48Z INFO [137/381] 1456d77f-913f-4727-aad7-1f7139ce0535: 2804 chunks; 5.7 s; peak memory 443 MiB.
2026-09-24T23:05:49Z INFO [138/381] 14573b4a-f153-42fb-b027-bdcedda82133: 48 chunks; 1.4 s; peak memory 443 MiB.
2026-09-24T23:05:51Z INFO [139/381] 1457b9f4-fbbf-4c1f-aff4-802169feca1a: 131 chunks; 1.7 s; peak memory 443 MiB.
2026-09-24T23:05:53Z INFO [140/381] 14582df9-ecc8-49a3-9c48-44f485aabd33: 41 chunks; 2.4 s; peak memory 443 MiB.
2026-09-24T23:05:55Z INFO [141/381] 145852a6-cd00-4df3-b9d7-5b69ad33fb77: 68 chunks; 1.5 s; peak memory 443 MiB.
2026-09-24T23:05:57Z INFO [142/381] 1458ae57-a10c-475c-baae-c775360f1ebe: 71 chunks; 2.7 s; peak memory 443 MiB.
2026-09-24T23:05:59Z INFO [143/381] 1458b979-ad3c-45bb-8838-90ed9c0b8cef: 92 chunks; 1.6 s; peak memory 443 MiB.
2026-09-24T23:06:01Z INFO [144/381] 1458c902-a5aa-43e8-82dd-65a918b3c6aa: 52 chunks; 1.5 s; peak memory 443 MiB.
2026-09-24T23:06:09Z INFO [145/381] 1458f713-a75c-4039-8a76-396150f2851b: 13743 chunks; 8.0 s; peak memory 443 MiB.
2026-09-24T23:06:11Z INFO [146/381] 1459573b-7a30-4078-84ce-8a3b6a7b3e1e: 69 chunks; 2.0 s; peak memory 443 MiB.
2026-09-24T23:06:12Z INFO [147/381] 1459a14a-2621-42f9-a3ac-d25458316a76: 48 chunks; 1.5 s; peak memory 443 MiB.
2026-09-24T23:06:14Z INFO [148/381] 145a3eca-ea9a-4c39-84f5-f8a5dd6e8bbd: 115 chunks; 1.5 s; peak memory 443 MiB.
2026-09-24T23:06:15Z INFO [149/381] 145a44f2-aa1b-441a-81fa-5c2609608fb9: 112 chunks; 1.8 s; peak memory 443 MiB.
2026-09-24T23:06:17Z INFO [150/381] 145ad727-f7d1-4c2f-ac49-1701ffbe89ce: 48 chunks; 1.5 s; peak memory 443 MiB.
2026-09-24T23:06:17Z INFO [150/381] 145ad727-f7d1-4c2f-ac49-1701ffbe89ce: checkpointed 56677 records.
2026-09-24T23:06:19Z INFO [151/381] 145ae025-577f-4f28-b14a-7ed32fc9137b: 48 chunks; 1.5 s; peak memory 443 MiB.
2026-09-24T23:06:20Z INFO [152/381] 145c0162-ea69-44f3-b0ba-1fe063c2b2f5: 317 chunks; 1.8 s; peak memory 443 MiB.
2026-09-24T23:06:23Z INFO [153/381] 145d38be-14c6-4c4a-8816-caa1acba5a5c: 112 chunks; 2.3 s; peak memory 443 MiB.
2026-09-24T23:06:24Z INFO [154/381] 145d8362-aa53-4ae2-81d1-a0ffc27787f4: 48 chunks; 1.4 s; peak memory 443 MiB.
2026-09-24T23:06:26Z INFO [155/381] 145e9ae8-0fe6-43ce-9aa5-147dcf336c90: 69 chunks; 1.9 s; peak memory 443 MiB.
2026-09-24T23:06:29Z INFO [156/381] 145f0481-5751-4e7c-b505-03a2185385fd: 119 chunks; 2.7 s; peak memory 443 MiB.
2026-09-24T23:06:36Z INFO [157/381] 145f68bc-b3f9-46b0-8633-f5769e1ffb2f: 2276 chunks; 7.7 s; peak memory 443 MiB.
2026-09-24T23:06:38Z INFO [158/381] 145fb65c-e38e-4de8-b88d-266352bedf2f: 116 chunks; 1.6 s; peak memory 443 MiB.
2026-09-24T23:06:40Z INFO [159/381] 145fb86e-e292-440a-b932-0c6915af075c: 69 chunks; 1.8 s; peak memory 443 MiB.
2026-09-24T23:06:41Z INFO [160/381] 14602657-faa7-4aac-9452-fd1f9a0a12ce: 47 chunks; 1.4 s; peak memory 443 MiB.
2026-09-24T23:06:43Z INFO [161/381] 14605711-d77b-49e0-89e0-957b3016147d: 112 chunks; 2.1 s; peak memory 443 MiB.
2026-09-24T23:06:46Z INFO [162/381] 14606fb3-7f59-405f-b818-e3729315aaa8: 125 chunks; 2.9 s; peak memory 443 MiB.
2026-09-24T23:06:47Z INFO [163/381] 1460c830-470a-4212-ba58-d06fed756d34: 46 chunks; 1.1 s; peak memory 443 MiB.
2026-09-24T23:06:58Z INFO [164/381] 1461d062-1ea5-4d07-9b47-aa459c31e62f: 1053 chunks; 10.9 s; peak memory 443 MiB.
2026-09-24T23:07:03Z INFO [165/381] 1462469a-2343-49ea-99b4-c1281b830e39: 187 chunks; 4.8 s; peak memory 443 MiB.
2026-09-24T23:07:04Z INFO [166/381] 14625349-7a4d-41bc-b565-539508d51549: 48 chunks; 1.4 s; peak memory 443 MiB.
2026-09-24T23:07:06Z INFO [167/381] 14634793-2328-4257-a49c-3283372d6715: 46 chunks; 1.4 s; peak memory 443 MiB.
2026-09-24T23:07:08Z INFO [168/381] 1463f4c5-c583-4771-bc1c-fee889be016a: 112 chunks; 1.8 s; peak memory 443 MiB.
2026-09-24T23:07:09Z INFO [169/381] 1464a5cd-dde6-4491-8fbc-a69d890511c7: 48 chunks; 1.5 s; peak memory 443 MiB.
2026-09-24T23:07:11Z INFO [170/381] 146533b2-867d-4177-9cce-ab53992d7c98: 74 chunks; 1.6 s; peak memory 443 MiB.
2026-09-24T23:07:12Z INFO [171/381] 14656b13-8de6-4297-a4c7-b5d1b8084616: 112 chunks; 1.6 s; peak memory 443 MiB.
2026-09-24T23:07:14Z INFO [172/381] 14657e96-fcd3-4e4e-a86c-0ba363193d77: 84 chunks; 1.9 s; peak memory 443 MiB.
2026-09-24T23:07:16Z INFO [173/381] 146589d7-d135-4ced-8825-19e43e3ce9ef: 76 chunks; 2.1 s; peak memory 443 MiB.
2026-09-24T23:07:18Z INFO [174/381] 1465f4e6-b442-49f3-8583-73f2ee5619b7: 48 chunks; 1.6 s; peak memory 443 MiB.
2026-09-24T23:07:20Z INFO [175/381] 14664b64-bc27-4049-95c0-e27766f6d7ec: 117 chunks; 1.7 s; peak memory 443 MiB.
2026-09-24T23:07:26Z INFO [176/381] 14668f53-94a5-4678-a1ed-6008068e4739: 17967 chunks; 6.3 s; peak memory 443 MiB.
2026-09-24T23:07:28Z INFO [177/381] 1466a069-0117-4f4b-99d3-9ac1a3f84c0f: 275 chunks; 2.1 s; peak memory 443 MiB.
2026-09-24T23:07:36Z INFO [178/381] 1467e9ca-26c6-4bd3-bf6b-5579fd9b4a4e: 2836 chunks; 7.7 s; peak memory 443 MiB.
2026-09-24T23:07:37Z INFO [179/381] 1467f7e8-a6a2-4e4c-962a-4f92de80e71c: 50 chunks; 1.6 s; peak memory 443 MiB.
2026-09-24T23:07:40Z INFO [180/381] 1469a1e6-1c59-4382-a7b3-8fe10c9dd63b: 71 chunks; 2.4 s; peak memory 443 MiB.
2026-09-24T23:07:42Z INFO [181/381] 1469a281-8b1b-40ea-a307-86d99f513640: 112 chunks; 2.2 s; peak memory 443 MiB.
2026-09-24T23:07:44Z INFO [182/381] 146a1d9b-0508-4479-8d5c-331a8504fcd3: 112 chunks; 1.8 s; peak memory 443 MiB.
2026-09-24T23:07:45Z INFO [183/381] 146ab697-689c-4646-b876-0fca62f184a1: 52 chunks; 1.2 s; peak memory 443 MiB.
2026-09-24T23:07:47Z INFO [184/381] 146bb835-e788-4b18-b0c1-bd5e0a6787fd: 117 chunks; 1.7 s; peak memory 443 MiB.
2026-09-24T23:07:48Z INFO [185/381] 146bba1d-be95-4aee-8e67-3a8817d675b7: 48 chunks; 1.4 s; peak memory 443 MiB.
2026-09-24T23:07:50Z INFO [186/381] 146c2140-1e24-4179-93ec-e28049762dc1: 105 chunks; 2.5 s; peak memory 443 MiB.
2026-09-24T23:07:53Z INFO [187/381] 146c87e3-a2db-4ddf-90f3-e4d42e2eb350: 66 chunks; 2.3 s; peak memory 443 MiB.
2026-09-24T23:07:58Z INFO [188/381] 146d79a6-2cf1-4184-8044-39b8c7b49ce1: 484 chunks; 5.7 s; peak memory 443 MiB.
2026-09-24T23:08:00Z INFO [189/381] 146dc9a3-c376-46cd-863b-58b920d6a50c: 48 chunks; 1.6 s; peak memory 443 MiB.
2026-09-24T23:08:01Z INFO [190/381] 146dcc47-577d-4c17-a263-446d4182548d: 105 chunks; 1.2 s; peak memory 443 MiB.
2026-09-24T23:08:04Z INFO [191/381] 146dea65-9927-435f-8dd9-53e074e3807c: 71 chunks; 2.3 s; peak memory 443 MiB.
2026-09-24T23:08:05Z INFO [192/381] 146e2afb-6264-4f2d-9719-87856e617435: 72 chunks; 1.8 s; peak memory 443 MiB.
2026-09-24T23:08:07Z INFO [193/381] 146edbac-f360-4ff2-a24e-e9313e87b79f: 110 chunks; 2.1 s; peak memory 443 MiB.
2026-09-24T23:08:09Z INFO [194/381] 146f179a-37f6-42bd-8a99-92f8c39924b2: 48 chunks; 1.2 s; peak memory 443 MiB.
2026-09-24T23:08:10Z INFO [195/381] 14705ee8-a818-4db4-8abc-ffc4597a2696: 48 chunks; 1.4 s; peak memory 443 MiB.
2026-09-24T23:08:11Z INFO [196/381] 14706e90-8e5a-4455-a5ec-81d2b51bb9f9: 48 chunks; 1.4 s; peak memory 443 MiB.
2026-09-24T23:08:14Z INFO [197/381] 147096e0-2d94-498f-bb30-20beb2cb9df5: 71 chunks; 2.5 s; peak memory 443 MiB.
2026-09-25T00:21:35Z INFO [198/381] 14726233-aa4c-457d-9e12-0de8b7375c6e: 1191468 chunks; 4401.5 s; peak memory 1162 MiB.
2026-09-25T00:21:37Z INFO [199/381] 1472f8c4-8188-419e-931f-39619d999fcf: 118 chunks; 1.5 s; peak memory 1162 MiB.
2026-09-25T00:21:43Z INFO [200/381] 14744765-ebe7-44a9-9a17-2cab9644c968: 1106 chunks; 5.9 s; peak memory 1162 MiB.
2026-09-25T00:21:43Z INFO [200/381] 14744765-ebe7-44a9-9a17-2cab9644c968: checkpointed 56727 records.
2026-09-25T00:21:44Z INFO [201/381] 147495ae-dae6-417d-8f0d-0803806376d9: 50 chunks; 1.2 s; peak memory 1162 MiB.
2026-09-25T00:21:46Z INFO [202/381] 1474b135-1327-4bf4-bc9e-114fbb414848: 117 chunks; 1.7 s; peak memory 1162 MiB.
2026-09-25T00:21:53Z INFO [203/381] 14751cba-5d30-46ea-94c3-e59695fbbbbc: 1028 chunks; 7.0 s; peak memory 1162 MiB.
2026-09-25T00:21:55Z INFO [204/381] 147524be-c4d4-4480-8a70-1ec7b345fa14: 112 chunks; 1.9 s; peak memory 1162 MiB.
2026-09-25T00:21:56Z INFO [205/381] 147543ff-4da5-472d-baa7-e45eddeb21f9: 48 chunks; 1.4 s; peak memory 1162 MiB.
2026-09-25T00:22:29Z INFO [206/381] 1475c587-309b-4f22-a3ed-08e28462b923: 17801 chunks; 32.9 s; peak memory 1162 MiB.
2026-09-25T00:22:31Z INFO [207/381] 1476dbfe-c87d-4959-8f19-7594061b4d58: 118 chunks; 2.1 s; peak memory 1162 MiB.
2026-09-25T00:22:40Z INFO [208/381] 1477c7cb-9b2a-4f43-969b-ba9b13f1c736: 5518 chunks; 9.1 s; peak memory 1162 MiB.
2026-09-25T00:22:45Z INFO [209/381] 1477efa2-4b90-499f-814a-2abece2dbc2f: 156 chunks; 4.2 s; peak memory 1162 MiB.
2026-09-25T00:22:46Z INFO [210/381] 147804c6-29a4-4a76-9300-84e102a83b29: 114 chunks; 1.7 s; peak memory 1162 MiB.
2026-09-25T00:23:00Z INFO [211/381] 14786717-8302-457b-8a9e-3a6bbb88e794: 20583 chunks; 13.8 s; peak memory 1162 MiB.
2026-09-25T00:23:01Z INFO [212/381] 14786d59-c3f8-4349-8b90-2552432ffa67: 72 chunks; 1.4 s; peak memory 1162 MiB.
2026-09-25T00:23:04Z INFO [213/381] 147a8e99-bc43-4c21-8c68-d0c53d700740: 112 chunks; 2.1 s; peak memory 1162 MiB.
2026-09-25T00:23:13Z INFO [214/381] 147adc4b-a56c-456a-b923-e70a656422d7: 5749 chunks; 9.4 s; peak memory 1162 MiB.
2026-09-25T00:23:15Z INFO [215/381] 147afd9c-809d-4959-ba8f-145504665fe4: 557 chunks; 1.8 s; peak memory 1162 MiB.
2026-09-25T00:23:17Z INFO [216/381] 147b30b3-961f-4a09-aa02-9ac4961c974e: 117 chunks; 1.8 s; peak memory 1162 MiB.
2026-09-25T00:23:18Z INFO [217/381] 147bc25e-3769-4c61-bdc2-2ed633bb06d5: 48 chunks; 1.3 s; peak memory 1162 MiB.
2026-09-25T00:23:19Z INFO [218/381] 147bdba2-de89-4f2f-bdad-1395936e781a: 58 chunks; 1.1 s; peak memory 1162 MiB.
2026-09-25T00:23:21Z INFO [219/381] 147c15d0-d61b-409b-bb70-0ee156b17c17: 112 chunks; 2.1 s; peak memory 1162 MiB.
2026-09-25T00:23:23Z INFO [220/381] 147c1758-ac27-4463-8cba-fd0b53175f5e: 117 chunks; 1.5 s; peak memory 1162 MiB.
2026-09-25T00:23:24Z INFO [221/381] 147c8016-12cf-4e0a-8368-b3658827c634: 48 chunks; 1.4 s; peak memory 1162 MiB.
2026-09-25T00:23:25Z INFO [222/381] 147cc99e-3e2b-435e-9bda-722d2bf73926: 117 chunks; 1.5 s; peak memory 1162 MiB.
2026-09-25T00:23:28Z INFO [223/381] 147e31a2-1143-4c9a-a584-536ce9bd4d3e: 112 chunks; 2.0 s; peak memory 1162 MiB.
2026-09-25T00:23:31Z INFO [224/381] 147e786d-5d82-4162-883c-61705ede9f50: 119 chunks; 3.4 s; peak memory 1162 MiB.
2026-09-25T00:23:33Z INFO [225/381] 147f072a-ad99-480d-86de-254787161eb9: 62 chunks; 1.7 s; peak memory 1162 MiB.
2026-09-25T00:23:36Z INFO [226/381] 147f0b9c-9f2c-46dd-839b-fc25bf036563: 688 chunks; 3.9 s; peak memory 1162 MiB.
2026-09-25T00:23:40Z INFO [227/381] 147f925f-36a2-4211-93ff-1aeea718d6d2: 154 chunks; 3.1 s; peak memory 1162 MiB.
2026-09-25T00:23:42Z INFO [228/381] 14800bdc-33b4-48e0-9da8-f0d2ae669055: 209 chunks; 2.7 s; peak memory 1162 MiB.
2026-09-25T00:23:44Z INFO [229/381] 14801ca5-55c2-4953-8053-354899c74b5c: 112 chunks; 1.7 s; peak memory 1162 MiB.
2026-09-25T00:23:50Z INFO [230/381] 148062cf-8bcb-4ebb-85a8-c2e7d65cfe78: 468 chunks; 6.1 s; peak memory 1162 MiB.
2026-09-25T00:23:52Z INFO [231/381] 1480c23a-e880-4fef-895a-d269fb1d51fd: 117 chunks; 1.8 s; peak memory 1162 MiB.
2026-09-25T00:23:54Z INFO [232/381] 1480c6d9-5b4c-40d7-8f98-6ebae60da1bd: 71 chunks; 2.3 s; peak memory 1162 MiB.
2026-09-25T00:23:56Z INFO [233/381] 1480cbd7-e90d-49cf-a981-bae516d85790: 48 chunks; 1.3 s; peak memory 1162 MiB.
2026-09-25T00:28:08Z INFO [234/381] 14812d34-f895-4abb-bf7c-d7fc7e072086: 75644 chunks; 252.4 s; peak memory 1162 MiB.
2026-09-25T00:28:10Z INFO [235/381] 1481c8c7-cd04-4411-9edd-4a16d1d1516c: 112 chunks; 2.2 s; peak memory 1162 MiB.
2026-09-25T00:28:12Z INFO [236/381] 14820909-0fcb-49b7-b847-b4b399f50656: 118 chunks; 1.6 s; peak memory 1162 MiB.
2026-09-25T00:28:13Z INFO [237/381] 14829ca7-fbba-43a2-a200-cfbbb9a15db6: 117 chunks; 1.6 s; peak memory 1162 MiB.
2026-09-25T00:28:15Z INFO [238/381] 1482a5aa-4c3a-46bf-a9c0-e74d9bf533df: 78 chunks; 1.9 s; peak memory 1162 MiB.
2026-09-25T00:28:18Z INFO [239/381] 148356c8-d877-43d2-81f8-97c2aaf9b6e1: 115 chunks; 3.2 s; peak memory 1162 MiB.
2026-09-25T00:28:20Z INFO [240/381] 1485a9d0-cb31-4a60-8d79-067fd9490971: 112 chunks; 1.8 s; peak memory 1162 MiB.
2026-09-25T00:28:22Z INFO [241/381] 1485c57f-3338-46be-ba7c-d84c1a6d8470: 118 chunks; 1.8 s; peak memory 1162 MiB.
2026-09-25T00:28:24Z INFO [242/381] 14868110-cc00-4719-ad1f-c9b34e0aec3e: 131 chunks; 2.2 s; peak memory 1162 MiB.
2026-09-25T00:28:26Z INFO [243/381] 14869e1f-c750-419e-8c4b-c95078d8fbf2: 71 chunks; 2.2 s; peak memory 1162 MiB.
2026-09-25T00:28:28Z INFO [244/381] 14878834-24d8-4ab5-b2d6-0ca781a053d0: 46 chunks; 1.1 s; peak memory 1162 MiB.
2026-09-25T00:28:35Z INFO [245/381] 1487b8b6-21c8-4ba2-a44a-f18d2c770437: 2923 chunks; 7.7 s; peak memory 1162 MiB.
2026-09-25T00:28:37Z INFO [246/381] 14889360-4312-4861-8a87-16844d2693fe: 112 chunks; 2.2 s; peak memory 1162 MiB.
2026-09-25T00:28:41Z INFO [247/381] 14893897-567e-4489-9862-7bd176fad1be: 156 chunks; 3.6 s; peak memory 1162 MiB.
2026-09-25T00:28:43Z INFO [248/381] 148975f9-a288-4482-b21c-a2b6eabd9cfa: 117 chunks; 1.9 s; peak memory 1162 MiB.
2026-09-25T00:28:44Z INFO [249/381] 1489d276-04e3-48bf-b551-6f1b0c3d5ecc: 48 chunks; 1.5 s; peak memory 1162 MiB.
2026-09-25T00:28:48Z INFO [250/381] 148a2ce0-20c0-425c-a735-bcfeaeac1b9d: 156 chunks; 3.9 s; peak memory 1162 MiB.
2026-09-25T00:28:49Z INFO [250/381] 148a2ce0-20c0-425c-a735-bcfeaeac1b9d: checkpointed 56777 records.
2026-09-25T00:28:59Z INFO [251/381] 148a3a2e-8dc3-4e89-bdba-1e7d18e694c0: 2237 chunks; 10.7 s; peak memory 1162 MiB.
2026-09-25T00:29:02Z INFO [252/381] 148a924e-6252-4059-b2b8-f6cb4fa7136e: 71 chunks; 3.1 s; peak memory 1162 MiB.
2026-09-25T00:29:04Z INFO [253/381] 148ac22e-bd6c-4729-8e5c-74ec71334d94: 74 chunks; 2.0 s; peak memory 1162 MiB.
2026-09-25T00:29:06Z INFO [254/381] 148bbb70-b4c0-4414-855b-114a299ee838: 117 chunks; 1.7 s; peak memory 1162 MiB.
2026-09-25T00:29:08Z INFO [255/381] 148c095f-a1a8-45cf-b570-a67814a0c9e7: 47 chunks; 1.5 s; peak memory 1162 MiB.
2026-09-25T00:29:11Z INFO [256/381] 148c871d-e2b3-43a4-819a-97f032cb0f76: 115 chunks; 3.0 s; peak memory 1162 MiB.
2026-09-25T00:29:27Z INFO [257/381] 148cd656-cf93-4eff-b2f0-5f2608f3b1ac: 10925 chunks; 16.0 s; peak memory 1162 MiB.
2026-09-25T00:29:30Z INFO [258/381] 148d85a3-a536-4925-92e9-80cef7d67819: 156 chunks; 3.6 s; peak memory 1162 MiB.
2026-09-25T00:29:31Z INFO [259/381] 148f2cbe-a85c-49b9-a850-c7cdfd3e5c11: 48 chunks; 1.2 s; peak memory 1162 MiB.
2026-09-25T00:29:33Z INFO [260/381] 148f66e9-02b4-486d-b126-6d5aba5d3b47: 48 chunks; 1.5 s; peak memory 1162 MiB.
2026-09-25T00:29:35Z INFO [261/381] 1490b36a-96d5-48a1-ac71-e1ce99d68adc: 557 chunks; 1.8 s; peak memory 1162 MiB.
2026-09-25T00:29:36Z INFO [262/381] 149121d3-14c4-460e-9482-3a2f63d262d5: 112 chunks; 1.8 s; peak memory 1162 MiB.
2026-09-25T00:29:38Z INFO [263/381] 1491bb37-fbde-4e98-94b0-7aa7d727672f: 45 chunks; 1.2 s; peak memory 1162 MiB.
2026-09-25T00:29:54Z INFO [264/381] 1492faff-7d7c-4b1f-a7b2-1e16b7ed5c6e: 5878 chunks; 16.1 s; peak memory 1162 MiB.
2026-09-25T00:29:56Z INFO [265/381] 1492fdc7-30ba-486e-a616-c5ce91ee1273: 64 chunks; 2.0 s; peak memory 1162 MiB.
2026-09-25T00:29:57Z INFO [266/381] 14935795-b2d7-454f-aa53-62ed08196a04: 48 chunks; 1.4 s; peak memory 1162 MiB.
2026-09-25T00:29:59Z INFO [267/381] 1493cd81-b2b3-4298-a590-b0293f4be50e: 109 chunks; 2.0 s; peak memory 1162 MiB.
2026-09-25T00:30:00Z INFO [268/381] 14953399-952f-41c1-a481-34fa8cae456f: 35 chunks; 1.1 s; peak memory 1162 MiB.
2026-09-25T00:30:09Z INFO [269/381] 14955ac9-5e06-4b41-99a5-573c39c13e7b: 15403 chunks; 9.0 s; peak memory 1162 MiB.
2026-09-25T00:30:11Z INFO [270/381] 14960fb2-4a3a-4552-8e1a-6a1243a96b09: 71 chunks; 2.1 s; peak memory 1162 MiB.
2026-09-25T00:30:13Z INFO [271/381] 149684e9-f3a0-43e3-ad03-9cd680cef8b4: 72 chunks; 1.4 s; peak memory 1162 MiB.
2026-09-25T00:30:18Z INFO [272/381] 14969e4e-3c67-4f68-8808-add72112b1b0: 302 chunks; 5.5 s; peak memory 1162 MiB.
2026-09-25T00:30:20Z INFO [273/381] 14983dff-b90e-48ef-ad55-cf0f03082613: 117 chunks; 1.8 s; peak memory 1162 MiB.
2026-09-25T00:30:52Z INFO [274/381] 14984dd1-938b-434f-9730-1d5680376f14: 3058 chunks; 31.3 s; peak memory 1162 MiB.
2026-09-25T00:30:53Z INFO [275/381] 14985c19-5ee2-4e18-922d-6c36a8b4f41f: 66 chunks; 1.9 s; peak memory 1162 MiB.
2026-09-25T00:30:55Z INFO [276/381] 1498c331-b16e-47e7-b457-b511a35b66d9: 112 chunks; 1.8 s; peak memory 1162 MiB.
2026-09-25T00:30:57Z INFO [277/381] 1498d544-93ca-494f-8fdc-f86d916842b1: 70 chunks; 1.9 s; peak memory 1162 MiB.
2026-09-25T00:31:00Z INFO [278/381] 1499459c-7455-4b72-8fa0-11e210b7c569: 349 chunks; 2.5 s; peak memory 1162 MiB.
2026-09-25T00:31:01Z INFO [279/381] 14997598-aea4-4db4-9b42-d85b79523d71: 110 chunks; 1.7 s; peak memory 1162 MiB.
2026-09-25T00:31:13Z INFO [280/381] 1499b0f7-7100-427a-98fd-73b55b2efcd6: 384 chunks; 11.6 s; peak memory 1162 MiB.
2026-09-25T00:31:15Z INFO [281/381] 1499ee6d-bd72-4c28-a86d-3d5eead635b6: 66 chunks; 2.0 s; peak memory 1162 MiB.
2026-09-25T00:31:17Z INFO [282/381] 149b0a8c-d791-4c91-b0aa-e14e89f31e51: 69 chunks; 2.2 s; peak memory 1162 MiB.
2026-09-25T00:31:20Z INFO [283/381] 149c2489-0bf4-4798-beae-298ef4066766: 115 chunks; 3.3 s; peak memory 1162 MiB.
2026-09-25T00:31:23Z INFO [284/381] 149cebe4-b324-4cd2-8640-22138f846f8f: 112 chunks; 2.1 s; peak memory 1162 MiB.
2026-09-25T00:31:24Z INFO [285/381] 149cfff9-8632-4998-a756-227798457695: 117 chunks; 1.8 s; peak memory 1162 MiB.
2026-09-25T00:31:27Z INFO [286/381] 149d0173-7aad-4518-ac94-61e72ce3801e: 119 chunks; 2.7 s; peak memory 1162 MiB.
2026-09-25T00:31:29Z INFO [287/381] 149de050-2bca-467f-8515-38fbc36ebbba: 67 chunks; 1.5 s; peak memory 1162 MiB.
2026-09-25T00:31:30Z INFO [288/381] 149dfd5c-8c4e-4c76-928f-aff91e28f01f: 66 chunks; 1.9 s; peak memory 1162 MiB.
2026-09-25T00:31:32Z INFO [289/381] 149e09a9-fd30-492b-bffe-d6372ea05815: 48 chunks; 1.2 s; peak memory 1162 MiB.
2026-09-25T00:31:43Z INFO [290/381] 149e0b35-f8e4-459c-8e54-08500056175d: 339 chunks; 11.5 s; peak memory 1162 MiB.
2026-09-25T00:31:44Z INFO [291/381] 149e3bde-923a-4fe6-9540-be7ee57d173a: 48 chunks; 1.3 s; peak memory 1162 MiB.
2026-09-25T00:31:46Z INFO [292/381] 149e6bbb-6298-4907-968f-70bd1a5a852d: 69 chunks; 1.8 s; peak memory 1162 MiB.
2026-09-25T00:31:48Z INFO [293/381] 149f762a-6a8d-4255-96df-9fa22fd24c55: 71 chunks; 2.0 s; peak memory 1162 MiB.
2026-09-25T00:31:50Z INFO [294/381] 14a0760e-a0bb-405b-9361-6dd5d3e90433: 118 chunks; 1.5 s; peak memory 1162 MiB.
2026-09-25T00:31:51Z INFO [295/381] 14a0f75e-8f3d-4108-85ad-a8f6bb4f9e35: 49 chunks; 1.7 s; peak memory 1162 MiB.
2026-09-25T00:31:53Z INFO [296/381] 14a1bae3-964b-4d1b-a505-6a5b3c962a45: 48 chunks; 1.3 s; peak memory 1162 MiB.
2026-09-25T00:32:01Z INFO [297/381] 14a205ea-306f-47fd-97e8-284a6f00626b: 1900 chunks; 7.8 s; peak memory 1162 MiB.
2026-09-25T00:32:02Z INFO [298/381] 14a29431-195f-4fa2-be65-9223543a4098: 70 chunks; 1.8 s; peak memory 1162 MiB.
2026-09-25T00:32:04Z INFO [299/381] 14a39e50-8b5e-4855-a935-ca88bd8c34ff: 116 chunks; 1.7 s; peak memory 1162 MiB.
2026-09-25T00:32:08Z INFO [300/381] 14a4d288-7eb1-4b6c-9272-e8a6e1a9e6eb: 797 chunks; 3.9 s; peak memory 1162 MiB.
2026-09-25T00:32:08Z INFO [300/381] 14a4d288-7eb1-4b6c-9272-e8a6e1a9e6eb: checkpointed 56827 records.
2026-09-25T00:32:11Z INFO [301/381] 14a6239a-7db2-45cc-a971-55824028c0b6: 66 chunks; 2.4 s; peak memory 1162 MiB.
2026-09-25T00:32:12Z INFO [302/381] 14a672c3-4012-4b91-86d1-173da3453d36: 48 chunks; 1.5 s; peak memory 1162 MiB.
2026-09-25T00:32:14Z INFO [303/381] 14a6ac4e-bf3e-4640-8485-9a3615b047c4: 117 chunks; 1.7 s; peak memory 1162 MiB.
2026-09-25T00:32:33Z INFO [304/381] 14a6d1d8-b02c-4345-bd62-570c859e1936: 5088 chunks; 18.9 s; peak memory 1162 MiB.
2026-09-25T00:32:35Z INFO [305/381] 14a6f301-4e70-4c48-82bc-0b7c2aa41b15: 125 chunks; 2.6 s; peak memory 1162 MiB.
2026-09-25T00:32:37Z INFO [306/381] 14a72bbe-71bc-4aa5-b3bd-7b043097332b: 48 chunks; 1.4 s; peak memory 1162 MiB.
2026-09-25T00:32:40Z INFO [307/381] 14a841e8-b7c4-4c61-8cc8-ab76ac99f810: 85 chunks; 3.7 s; peak memory 1162 MiB.
2026-09-25T00:32:42Z INFO [308/381] 14a919d1-ae52-47e6-8a9a-559237f73db3: 52 chunks; 1.2 s; peak memory 1162 MiB.
2026-09-25T00:32:49Z INFO [309/381] 14ab9c66-809f-4bb2-8d9b-ee47d1cc3196: 4196 chunks; 7.1 s; peak memory 1162 MiB.
2026-09-25T00:32:50Z INFO [310/381] 14ab9d11-2a96-421c-8d7c-3cf88c813a18: 54 chunks; 1.2 s; peak memory 1162 MiB.
2026-09-25T00:32:53Z INFO [311/381] 14abad58-5c07-4709-8821-ead184dbcbf5: 71 chunks; 2.7 s; peak memory 1162 MiB.
2026-09-25T00:35:28Z INFO [312/381] 14abe456-cd4c-4c53-9cf8-966f538a2739: 46192 chunks; 154.9 s; peak memory 1162 MiB.
2026-09-25T00:35:30Z INFO [313/381] 14ac065f-da0d-4002-8ef5-fd11430e0b3c: 70 chunks; 2.4 s; peak memory 1162 MiB.
2026-09-25T00:35:31Z INFO [314/381] 14ac396e-ef1e-4360-afc2-8dd5a2692f04: 54 chunks; 1.1 s; peak memory 1162 MiB.
2026-09-25T00:35:33Z INFO [315/381] 14ac9bee-7661-4344-931e-57563513418f: 69 chunks; 2.0 s; peak memory 1162 MiB.
2026-09-25T00:35:35Z INFO [316/381] 14ad032c-df3f-4dba-a304-d26e2f0fb8fc: 117 chunks; 2.3 s; peak memory 1162 MiB.
2026-09-25T00:35:36Z INFO [317/381] 14ad77ab-8db5-401c-81dc-2357d24223d9: 49 chunks; 1.1 s; peak memory 1162 MiB.
2026-09-25T00:35:38Z INFO [318/381] 14ad9104-0a92-4d1a-8a63-241391bf5e19: 46 chunks; 1.1 s; peak memory 1162 MiB.
2026-09-25T00:35:45Z INFO [319/381] 14ae69d0-ab59-444d-b11d-96c91d047ddc: 238 chunks; 7.1 s; peak memory 1162 MiB.
2026-09-25T00:35:46Z INFO [320/381] 14aff668-d696-498b-97ee-6cc93671b215: 51 chunks; 1.6 s; peak memory 1162 MiB.
2026-09-25T00:35:47Z INFO [321/381] 14b11606-7320-4295-a246-9bf11242e610: 46 chunks; 1.3 s; peak memory 1162 MiB.
2026-09-25T00:35:49Z INFO [322/381] 14b117d1-f6c6-457b-81db-544ed798d113: 46 chunks; 1.1 s; peak memory 1162 MiB.
2026-09-25T00:35:50Z INFO [323/381] 14b152c2-a12d-4977-a909-f903466d859d: 116 chunks; 1.5 s; peak memory 1162 MiB.
2026-09-25T00:35:52Z INFO [324/381] 14b1a8b1-1d29-4e55-8213-17796072c906: 117 chunks; 1.6 s; peak memory 1162 MiB.
2026-09-25T00:35:53Z INFO [325/381] 14b1b46d-adfc-4e0c-90c8-ebf0e67a3fe3: 41 chunks; 1.3 s; peak memory 1162 MiB.
2026-09-25T00:35:55Z INFO [326/381] 14b1da3e-a572-4afc-9cc2-ce1c3af8f439: 110 chunks; 2.0 s; peak memory 1162 MiB.
2026-09-25T00:36:00Z INFO [327/381] 14b1e226-88cf-4640-b65c-395eb7fc8b0a: 2055 chunks; 4.7 s; peak memory 1162 MiB.
2026-09-25T00:36:02Z INFO [328/381] 14b28e5c-1071-4e96-90eb-8259bd61e6b8: 452 chunks; 2.3 s; peak memory 1162 MiB.
2026-09-25T00:36:09Z INFO [329/381] 14b2941a-075e-4b56-a1ef-1cd41110cf8f: 6708 chunks; 7.2 s; peak memory 1162 MiB.
2026-09-25T00:36:18Z INFO [330/381] 14b39b77-b003-4ccd-b72e-da46e118adbe: 17795 chunks; 8.7 s; peak memory 1162 MiB.
2026-09-25T00:36:21Z INFO [331/381] 14b577ac-290a-4d1a-984f-1c84170c1eeb: 112 chunks; 2.8 s; peak memory 1162 MiB.
2026-09-25T00:36:22Z INFO [332/381] 14b5ab3b-9feb-40c6-9fae-7d17326e2c7a: 50 chunks; 1.2 s; peak memory 1162 MiB.
2026-09-25T00:36:24Z INFO [333/381] 14b5e1cd-b228-4855-a554-79e2d1dd9f15: 338 chunks; 2.1 s; peak memory 1162 MiB.
2026-09-25T00:36:25Z INFO [334/381] 14b6b242-062e-42c6-9754-b8d67c7505b3: 52 chunks; 1.3 s; peak memory 1162 MiB.
2026-09-25T00:36:27Z INFO [335/381] 14b6e295-0949-444d-bddf-2d78e0c7ffdb: 112 chunks; 1.8 s; peak memory 1162 MiB.
2026-09-25T00:36:51Z INFO [336/381] 14b7ca21-d708-4e5d-9eac-6d056d9f4bee: 6576 chunks; 23.7 s; peak memory 1162 MiB.
2026-09-25T00:36:52Z INFO [337/381] 14b7fba2-2a77-41d1-a9e3-99756bcc1c88: 48 chunks; 1.4 s; peak memory 1162 MiB.
2026-09-25T00:36:54Z INFO [338/381] 14b89456-39e7-4b40-af62-d630bdf70f7c: 174 chunks; 2.2 s; peak memory 1162 MiB.
2026-09-25T00:36:56Z INFO [339/381] 14b8f7f5-233e-4f6c-9d79-333db7b8856a: 112 chunks; 1.7 s; peak memory 1162 MiB.
2026-09-25T00:36:58Z INFO [340/381] 14b951b7-f989-4fdd-ae47-8000cf659f23: 117 chunks; 1.6 s; peak memory 1162 MiB.
2026-09-25T00:36:59Z INFO [341/381] 14b9aeb7-19ef-4ba6-83d4-0c35c8a96bcf: 84 chunks; 1.8 s; peak memory 1162 MiB.
2026-09-25T00:37:21Z INFO [342/381] 14ba2496-552d-4662-83c4-c163c738689b: 2548 chunks; 21.4 s; peak memory 1162 MiB.
2026-09-25T00:37:22Z INFO [343/381] 14bb50ca-ae7a-450c-9f9f-8c7512e6df34: 46 chunks; 1.0 s; peak memory 1162 MiB.
2026-09-25T00:37:25Z INFO [344/381] 14bc533f-715e-4338-ae66-81696753c0d0: 119 chunks; 2.6 s; peak memory 1162 MiB.
2026-09-25T00:37:32Z INFO [345/381] 14bc8f5e-16e7-48ea-922f-203aedec34a3: 13980 chunks; 7.9 s; peak memory 1162 MiB.
2026-09-25T00:37:34Z INFO [346/381] 14bc9b51-b185-4c4c-9602-18e0a45e51e4: 83 chunks; 1.3 s; peak memory 1162 MiB.
2026-09-25T00:37:35Z INFO [347/381] 14bcf3fd-57d9-477c-bbe3-b5a495cd94e2: 49 chunks; 1.5 s; peak memory 1162 MiB.
2026-09-25T00:37:37Z INFO [348/381] 14bcfbbc-d80a-4f2e-a2e6-6fe9c0dba55a: 48 chunks; 1.4 s; peak memory 1162 MiB.
2026-09-25T00:37:38Z INFO [349/381] 14bdb7be-9df5-425e-87a6-05e98452d47a: 48 chunks; 1.5 s; peak memory 1162 MiB.
2026-09-25T00:37:40Z INFO [350/381] 14be3e2b-2c88-4639-a796-75689a9886fc: 116 chunks; 1.6 s; peak memory 1162 MiB.
2026-09-25T00:37:40Z INFO [350/381] 14be3e2b-2c88-4639-a796-75689a9886fc: checkpointed 56877 records.
2026-09-25T00:37:42Z INFO [351/381] 14c03c65-05de-4965-9e9a-93cefe088d44: 49 chunks; 1.7 s; peak memory 1162 MiB.
2026-09-25T00:37:43Z INFO [352/381] 14c1340e-57ee-4429-b35c-821813fe52c7: 48 chunks; 1.4 s; peak memory 1162 MiB.
2026-09-25T00:38:43Z INFO [353/381] 14c1c2f1-e3a9-4565-8d31-4fa24954667b: 24117 chunks; 59.8 s; peak memory 1162 MiB.
2026-09-25T00:38:45Z INFO [354/381] 14c2ffa4-5090-49e8-b336-dc4c8ffef620: 84 chunks; 2.0 s; peak memory 1162 MiB.
2026-09-25T00:38:46Z INFO [355/381] 14c3031c-77bd-4add-945f-5e81aadb2605: 117 chunks; 1.7 s; peak memory 1162 MiB.
2026-09-25T00:38:48Z INFO [356/381] 14c30743-3908-48fa-858f-368356d35522: 56 chunks; 1.2 s; peak memory 1162 MiB.
2026-09-25T00:38:49Z INFO [357/381] 14c3825e-da51-48ab-b47d-726001b04bbb: 52 chunks; 1.5 s; peak memory 1162 MiB.
2026-09-25T00:38:50Z INFO [358/381] 14c3bc9a-5e8d-4656-9b65-7a6bb080575b: 48 chunks; 1.4 s; peak memory 1162 MiB.
2026-09-25T00:38:52Z INFO [359/381] 14c3e7c7-0bcc-47b9-be54-dadb61587de4: 117 chunks; 1.7 s; peak memory 1162 MiB.
2026-09-25T00:38:54Z INFO [360/381] 14c433d6-0270-4337-861c-6c89d9e829a4: 48 chunks; 1.4 s; peak memory 1162 MiB.
2026-09-25T00:38:56Z INFO [361/381] 14c468ac-9c1b-47cd-ba59-429c0c4528d9: 112 chunks; 2.3 s; peak memory 1162 MiB.
2026-09-25T00:38:58Z INFO [362/381] 14c4699b-c042-43da-8b5b-80f23868205c: 104 chunks; 2.6 s; peak memory 1162 MiB.
2026-09-25T00:39:00Z INFO [363/381] 14c533bf-ab70-4f2f-ac77-8bac7b9b0428: 44 chunks; 1.1 s; peak memory 1162 MiB.
2026-09-25T00:39:01Z INFO [364/381] 14c58627-e110-4953-968c-35d902632f8b: 46 chunks; 1.1 s; peak memory 1162 MiB.
2026-09-25T00:39:03Z INFO [365/381] 14c5f55b-861b-4b0a-a9af-d93ed218ab29: 170 chunks; 1.8 s; peak memory 1162 MiB.
2026-09-25T00:39:04Z INFO [366/381] 14c666ea-0ae9-4f3a-ab41-386002b741bf: 48 chunks; 1.4 s; peak memory 1162 MiB.
2026-09-25T00:39:06Z INFO [367/381] 14c6e5ab-52b8-4f4f-a314-edbf8b52112c: 66 chunks; 1.9 s; peak memory 1162 MiB.
2026-09-25T00:39:08Z INFO [368/381] 14c6e76b-5dad-45e9-ac4a-8354ce44251c: 69 chunks; 1.7 s; peak memory 1162 MiB.
2026-09-25T00:39:09Z INFO [369/381] 14c749ca-7cc9-45a8-a8db-d3f6824f91f8: 48 chunks; 1.3 s; peak memory 1162 MiB.
2026-09-25T00:39:10Z INFO [370/381] 14c7e601-d5fd-4e39-9fc4-9098d4fcc715: 37 chunks; 1.1 s; peak memory 1162 MiB.
2026-09-25T00:39:13Z INFO [371/381] 14c803d8-22b6-4d6c-9da7-69564aaf234d: 71 chunks; 2.6 s; peak memory 1162 MiB.
2026-09-25T00:41:25Z INFO [372/381] 14c80f67-12be-43ea-b0bc-296f8dac8efc: 38367 chunks; 133.0 s; peak memory 1162 MiB.
2026-09-25T00:41:27Z INFO [373/381] 14c82125-06f3-4752-914c-8fbf116307ee: 112 chunks; 1.8 s; peak memory 1162 MiB.
2026-09-25T00:41:29Z INFO [374/381] 14caa02f-67fd-4cd0-9b05-9beb865e5126: 112 chunks; 1.8 s; peak memory 1162 MiB.
2026-09-25T00:41:31Z INFO [375/381] 14cb93a7-ea13-4f01-ac04-b830e5d46874: 69 chunks; 1.6 s; peak memory 1162 MiB.
2026-09-25T00:41:33Z INFO [376/381] 14cc029a-763b-4771-b2ea-5432ac529450: 69 chunks; 2.0 s; peak memory 1162 MiB.
2026-09-25T00:41:34Z INFO [377/381] 14cc0c9e-a291-4e42-8260-7ad21e8450c1: 48 chunks; 1.3 s; peak memory 1162 MiB.
2026-09-25T00:41:36Z INFO [378/381] 14ccce35-8c84-4949-a387-7a29bed9addf: 62 chunks; 1.7 s; peak memory 1162 MiB.
2026-09-25T00:41:37Z INFO [379/381] 14ce8b04-aca6-42e7-985e-c179ff3a0dd6: 48 chunks; 1.5 s; peak memory 1162 MiB.
2026-09-25T00:41:39Z INFO [380/381] 14cef7ed-f932-4fc0-93e7-f81a12b39631: 52 chunks; 1.6 s; peak memory 1162 MiB.
2026-09-25T00:41:42Z INFO [381/381] 14cef8d3-aa20-455a-bf33-450d7f48e377: 140 chunks; 3.0 s; peak memory 1162 MiB.
2026-09-25T00:41:42Z INFO Wrote 56908 records to /tmp/derivatives/valid_nwb_file_to_chunk_stats.jsonl (381 new, 0 failed) in 111.2 min (peak memory 1162 MiB).
