2026-10-08T02:02:26Z INFO Logging to /tmp/logs/update_2026-10-08T02-02-26Z.log.
2026-10-08T02:02:26Z INFO Update valid-nwb-file-to-chunk-stats (base directory /tmp).
2026-10-08T02:02:26Z INFO Processing 500 items (88334 already recorded).
2026-10-08T02:02:28Z INFO [1/500] 558195e8-f901-4304-956b-e21c59be1c80: 161 chunks; 2.1 s; peak memory 189 MiB.
2026-10-08T02:02:29Z INFO [2/500] 55822211-5bac-4f53-b820-e833bc79c700: 48 chunks; 0.9 s; peak memory 189 MiB.
2026-10-08T02:02:30Z INFO [3/500] 558232f5-1957-4531-8f34-dc1e802704b7: 50 chunks; 0.9 s; peak memory 190 MiB.
2026-10-08T02:02:33Z INFO [4/500] 5582cd8f-7dec-4a4d-997d-b9ec7f6faf07: 7977 chunks; 3.2 s; peak memory 205 MiB.
2026-10-08T02:02:34Z INFO [5/500] 558303bb-8bce-4427-b22f-c89c1f581445: 48 chunks; 0.8 s; peak memory 205 MiB.
2026-10-08T02:02:35Z INFO [6/500] 5583e439-af5c-4ab2-9007-41a746e61719: 48 chunks; 1.1 s; peak memory 205 MiB.
2026-10-08T02:02:36Z INFO [7/500] 55847643-1c45-411b-8736-8d95ea8ea1d5: 52 chunks; 0.9 s; peak memory 206 MiB.
2026-10-08T02:04:50Z INFO [8/500] 5584b62a-5ac9-4580-ad79-f3058e8acd27: 41144 chunks; 133.8 s; peak memory 353 MiB.
2026-10-08T02:04:51Z INFO [9/500] 55850dd4-8b0d-4fe9-b016-d103a843cc47: 48 chunks; 0.8 s; peak memory 353 MiB.
2026-10-08T02:04:53Z INFO [10/500] 55856673-8bf9-4de7-8603-49cd9775881b: 863 chunks; 2.0 s; peak memory 353 MiB.
2026-10-08T02:04:54Z INFO [11/500] 558733ba-25bb-4e3a-a31a-c96d3fcee510: 112 chunks; 1.5 s; peak memory 353 MiB.
2026-10-08T02:04:55Z INFO [12/500] 55876b63-addd-497c-a5f6-fd6d3105a103: 117 chunks; 0.8 s; peak memory 353 MiB.
2026-10-08T02:05:13Z INFO [13/500] 55878dc7-1cf1-49ae-bbdb-2fab24c16f8a: 26311 chunks; 18.0 s; peak memory 353 MiB.
2026-10-08T02:05:14Z INFO [14/500] 5587ebe6-c13c-4ecb-8d1a-6b5c63011ad8: 48 chunks; 0.9 s; peak memory 353 MiB.
2026-10-08T02:05:15Z INFO [15/500] 558877ba-78fc-499b-9b15-35f89c3f2526: 69 chunks; 0.9 s; peak memory 353 MiB.
2026-10-08T02:05:16Z INFO [16/500] 5588ac36-2e54-4983-8200-0f8ea755c4a4: 119 chunks; 1.6 s; peak memory 353 MiB.
2026-10-08T02:05:33Z INFO [17/500] 5588c40f-b682-4f1e-8294-48f9f83b3eaf: 33188 chunks; 16.5 s; peak memory 353 MiB.
2026-10-08T02:05:34Z INFO [18/500] 55890f73-3309-4836-a235-ca246c103d9c: 116 chunks; 1.0 s; peak memory 353 MiB.
2026-10-08T02:05:35Z INFO [19/500] 55896f45-7380-491b-9908-d6bceb61d486: 117 chunks; 0.7 s; peak memory 353 MiB.
2026-10-08T02:05:35Z INFO [20/500] 5589babf-83f9-480c-9dd6-fd509fedc11c: 48 chunks; 0.7 s; peak memory 353 MiB.
2026-10-08T02:05:36Z INFO [21/500] 5589caa0-85a5-4ba7-ab98-3d3ead9acc09: 59 chunks; 1.1 s; peak memory 353 MiB.
2026-10-08T02:05:37Z INFO [22/500] 558a624f-d8a0-4043-bfa5-28fc61ccfed3: 48 chunks; 0.8 s; peak memory 353 MiB.
2026-10-08T02:05:39Z INFO [23/500] 558b605f-b027-436f-baad-f3e1658279e2: 119 chunks; 1.8 s; peak memory 353 MiB.
2026-10-08T02:05:40Z INFO [24/500] 558b8e65-36f0-45a7-baa1-be0431c685ee: 118 chunks; 0.9 s; peak memory 353 MiB.
2026-10-08T02:05:42Z INFO [25/500] 558b9941-511f-4e8e-be31-c2595eee27d6: 158 chunks; 1.7 s; peak memory 353 MiB.
2026-10-08T02:05:43Z INFO [26/500] 558bbfd3-255a-448b-ae0f-027425a8da8d: 71 chunks; 1.6 s; peak memory 353 MiB.
2026-10-08T02:05:44Z INFO [27/500] 558c70de-53fa-413d-89de-950dcc4ccbd4: 48 chunks; 0.9 s; peak memory 353 MiB.
2026-10-08T02:05:45Z INFO [28/500] 558d1a79-ebc7-448a-8ef6-18b8ec07c408: 112 chunks; 1.1 s; peak memory 353 MiB.
2026-10-08T02:05:46Z INFO [29/500] 558d59cf-c4d8-4005-ae9c-40157f00a299: 48 chunks; 0.9 s; peak memory 353 MiB.
2026-10-08T02:05:47Z INFO [30/500] 558e0216-618d-4ed1-934c-31e911fa27a2: 118 chunks; 0.6 s; peak memory 353 MiB.
2026-10-08T02:06:06Z INFO [31/500] 558e5f36-9413-4dff-8572-7748ad4f3f9e: 20661 chunks; 19.1 s; peak memory 353 MiB.
2026-10-08T02:06:15Z INFO [32/500] 558eab24-9513-489b-879c-434919056a3b: 6193 chunks; 9.5 s; peak memory 353 MiB.
2026-10-08T02:06:22Z INFO [33/500] 558f54c5-46a2-4e58-bcde-a6cce1629704: 391 chunks; 7.1 s; peak memory 353 MiB.
2026-10-08T02:06:23Z INFO [34/500] 55911a93-24b6-4368-84d2-62550755ebe2: 117 chunks; 0.8 s; peak memory 353 MiB.
2026-10-08T02:06:24Z INFO [35/500] 55920fcb-1445-47e6-9a2b-6d1da40406b1: 142 chunks; 0.9 s; peak memory 353 MiB.
2026-10-08T02:06:25Z INFO [36/500] 55933cc1-e35e-4167-933d-beeb26858548: 112 chunks; 1.0 s; peak memory 353 MiB.
2026-10-08T02:06:26Z INFO [37/500] 55948495-05b2-4f41-a7b1-d5120e02b95d: 41 chunks; 0.7 s; peak memory 353 MiB.
2026-10-08T02:06:27Z INFO [38/500] 5594c120-2770-46de-a8c0-361f813eedec: 48 chunks; 0.9 s; peak memory 353 MiB.
2026-10-08T02:06:28Z INFO [39/500] 55950abd-000b-4ee1-9041-156f74b3a127: 48 chunks; 0.8 s; peak memory 353 MiB.
2026-10-08T02:06:29Z INFO [40/500] 55951be3-05f0-4b61-9686-e4ef14e35ee7: 168 chunks; 1.5 s; peak memory 353 MiB.
2026-10-08T02:06:31Z INFO [41/500] 55951d4b-031f-49c6-a476-9e9739206198: 71 chunks; 1.8 s; peak memory 353 MiB.
2026-10-08T02:06:35Z INFO [42/500] 5595502c-a5bb-45df-818a-7c3bb5075055: 7244 chunks; 3.7 s; peak memory 353 MiB.
2026-10-08T02:06:35Z INFO [43/500] 5596d6d0-7576-4a0d-8fc3-57ca051e980e: 46 chunks; 0.6 s; peak memory 353 MiB.
2026-10-08T02:06:36Z INFO [44/500] 5596e333-0eae-49b6-a7a8-7dc98416a69c: 69 chunks; 0.8 s; peak memory 353 MiB.
2026-10-08T02:06:37Z INFO [45/500] 55972c92-0083-449b-bb94-9f4b9a5af0f5: 48 chunks; 0.8 s; peak memory 353 MiB.
2026-10-08T02:06:39Z INFO [46/500] 5598b386-707a-420d-9c81-9be54fc791bb: 115 chunks; 2.0 s; peak memory 353 MiB.
2026-10-08T02:06:39Z INFO [47/500] 5598fe4b-85f1-4c81-9ab5-dcd9247f1cb5: 47 chunks; 0.7 s; peak memory 353 MiB.
2026-10-08T02:06:40Z INFO [48/500] 559a9423-2839-49cc-b90f-7e5e0f08a301: 46 chunks; 0.8 s; peak memory 353 MiB.
2026-10-08T02:06:42Z INFO [49/500] 559ab044-ffb8-46a9-b0f9-9c90538c4af1: 1061 chunks; 2.2 s; peak memory 353 MiB.
2026-10-08T02:06:45Z INFO [50/500] 559b60bf-3686-4f1f-a54b-49e8e9807e5b: 245 chunks; 3.0 s; peak memory 353 MiB.
2026-10-08T02:06:46Z INFO [50/500] 559b60bf-3686-4f1f-a54b-49e8e9807e5b: checkpointed 88384 records.
2026-10-08T02:06:46Z INFO [51/500] 559c1c9a-ff27-4a4b-9b21-a089f6d8811f: 48 chunks; 0.7 s; peak memory 353 MiB.
2026-10-08T02:06:49Z INFO [52/500] 559ca3c0-456a-4699-aa7f-f471c311b8b1: 1641 chunks; 2.7 s; peak memory 353 MiB.
2026-10-08T02:06:52Z INFO [53/500] 559cf5d6-26dc-41bc-a2fd-cec54a370cc1: 85 chunks; 3.1 s; peak memory 353 MiB.
2026-10-08T02:06:53Z INFO [54/500] 559d2850-454d-4b3c-bffa-9b68e6435ac1: 92 chunks; 0.8 s; peak memory 353 MiB.
2026-10-08T02:06:56Z INFO [55/500] 559dd5f2-5852-4b5a-b300-8e1320f536e6: 1466 chunks; 3.1 s; peak memory 353 MiB.
2026-10-08T02:06:57Z INFO [56/500] 559f18ca-a4bf-4638-bef9-5077989a9014: 48 chunks; 0.8 s; peak memory 353 MiB.
2026-10-08T02:06:58Z INFO [57/500] 559f1990-4e31-4aed-b801-3dfacf6ffe78: 112 chunks; 0.8 s; peak memory 353 MiB.
2026-10-08T02:06:58Z INFO [58/500] 559fa962-e9f2-412e-ac52-b9e1bffda61e: 63 chunks; 0.8 s; peak memory 353 MiB.
2026-10-08T02:06:59Z INFO [59/500] 55a11c38-8614-48a2-9855-778aa5c88d09: 46 chunks; 0.6 s; peak memory 353 MiB.
2026-10-08T02:07:00Z INFO [60/500] 55a185b6-feef-4477-ac32-f80990b07233: 60 chunks; 1.0 s; peak memory 353 MiB.
2026-10-08T02:07:02Z INFO [61/500] 55a19bf8-432d-4dbf-aea2-8c3d5de61caf: 152 chunks; 2.2 s; peak memory 353 MiB.
2026-10-08T02:07:03Z INFO [62/500] 55a1eb7e-4715-40b0-a696-8f007953dc0a: 118 chunks; 0.8 s; peak memory 353 MiB.
2026-10-08T02:07:05Z INFO [63/500] 55a24fe2-3891-4ad5-b9f2-99b630f6180b: 156 chunks; 1.9 s; peak memory 353 MiB.
2026-10-08T02:07:06Z INFO [64/500] 55a3af95-311a-4529-99ed-4c4929cf5393: 112 chunks; 1.6 s; peak memory 353 MiB.
2026-10-08T02:07:12Z INFO [65/500] 55a3daa0-bee2-415d-98c3-c695013fecf2: 13380 chunks; 5.2 s; peak memory 353 MiB.
2026-10-08T02:07:14Z INFO [66/500] 55a46466-cc7b-4eb8-9df1-baa2fdce8d56: 115 chunks; 2.3 s; peak memory 353 MiB.
2026-10-08T02:07:15Z INFO [67/500] 55a4a5aa-cca2-487a-bf1f-6abc79f125b8: 112 chunks; 1.3 s; peak memory 353 MiB.
2026-10-08T02:07:16Z INFO [68/500] 55a52949-fc5d-40c3-8040-f016e1abac53: 48 chunks; 0.8 s; peak memory 353 MiB.
2026-10-08T02:07:22Z INFO [69/500] 55a52e38-9ab8-40a5-a04a-e4bffa3671a0: 4133 chunks; 5.9 s; peak memory 353 MiB.
2026-10-08T02:07:23Z INFO [70/500] 55a6157d-c83c-44a2-8fba-3cd2cac7768b: 117 chunks; 1.2 s; peak memory 353 MiB.
2026-10-08T02:07:24Z INFO [71/500] 55a6cc78-a7c9-4e57-8b36-b21adff7fea5: 48 chunks; 0.6 s; peak memory 353 MiB.
2026-10-08T02:07:25Z INFO [72/500] 55a6f864-a1fd-477f-b91c-effffe52d9b5: 112 chunks; 1.1 s; peak memory 353 MiB.
2026-10-08T02:07:26Z INFO [73/500] 55a8b5f7-320f-4089-afc2-eeae7f63848a: 48 chunks; 0.8 s; peak memory 353 MiB.
2026-10-08T02:07:26Z INFO [74/500] 55a91922-fd7e-4ebd-a5e3-f6dfe31e861e: 117 chunks; 0.8 s; peak memory 353 MiB.
2026-10-08T02:07:28Z INFO [75/500] 55a92f9d-652f-48ee-824d-2d9efd7d6298: 71 chunks; 1.2 s; peak memory 353 MiB.
2026-10-08T02:07:29Z INFO [76/500] 55a98510-7950-4e25-bbc6-4cd977554899: 117 chunks; 1.1 s; peak memory 353 MiB.
2026-10-08T02:07:29Z INFO [77/500] 55a9f08c-3050-4bf7-bc0b-efafaa2ec7d3: 56 chunks; 0.6 s; peak memory 353 MiB.
2026-10-08T02:07:30Z INFO [78/500] 55aa898e-8303-4801-9b64-ae5cf61164d8: 110 chunks; 1.0 s; peak memory 353 MiB.
2026-10-08T02:07:32Z INFO [79/500] 55ab3187-e11e-4ab9-946a-5744093782e4: 119 chunks; 1.7 s; peak memory 353 MiB.
2026-10-08T02:07:56Z INFO [80/500] 55ab6107-cc3a-453b-9b48-d76b85c4edd8: 6591 chunks; 24.5 s; peak memory 353 MiB.
2026-10-08T02:08:02Z INFO [81/500] 55ac394a-8eea-4b72-af9f-a8e77f1e907d: 193 chunks; 6.1 s; peak memory 353 MiB.
2026-10-08T02:08:05Z INFO [82/500] 55aca4dd-bdb3-4be4-a4b8-1c69ec7ac078: 152 chunks; 2.6 s; peak memory 353 MiB.
2026-10-08T02:08:06Z INFO [83/500] 55ad6d7d-eea3-4a1c-a7d1-eac0dbb1ff44: 118 chunks; 0.9 s; peak memory 353 MiB.
2026-10-08T02:08:07Z INFO [84/500] 55ad8d0e-34b6-4357-be21-36c242d474f4: 48 chunks; 0.9 s; peak memory 353 MiB.
2026-10-08T02:08:08Z INFO [85/500] 55ad9265-c26b-441d-804f-a6a9d1afbc2e: 56 chunks; 0.8 s; peak memory 353 MiB.
2026-10-08T02:08:09Z INFO [86/500] 55ade208-49b1-4fd5-a892-04f0bdda6614: 58 chunks; 1.1 s; peak memory 353 MiB.
2026-10-08T02:08:09Z INFO [87/500] 55aedbbf-dd85-4f46-81bc-28d29c62c6b4: 46 chunks; 0.7 s; peak memory 353 MiB.
2026-10-08T02:08:11Z INFO [88/500] 55af375d-1e59-4169-8f04-6628f8f71afc: 112 chunks; 1.3 s; peak memory 353 MiB.
2026-10-08T02:08:12Z INFO [89/500] 55b09e31-668b-45f4-b624-bbb0285d1222: 110 chunks; 1.2 s; peak memory 353 MiB.
2026-10-08T02:08:13Z INFO [90/500] 55b0c69d-a150-484f-9520-42ad758d2f65: 48 chunks; 1.1 s; peak memory 353 MiB.
2026-10-08T02:08:14Z INFO [91/500] 55b11228-6fbd-4734-a379-2ef7a9419de3: 275 chunks; 1.0 s; peak memory 353 MiB.
2026-10-08T02:08:15Z INFO [92/500] 55b223e2-3030-4084-878c-4e11a5f19722: 78 chunks; 0.9 s; peak memory 353 MiB.
2026-10-08T02:08:16Z INFO [93/500] 55b2288e-ba37-4869-a332-7170737621a5: 46 chunks; 0.7 s; peak memory 353 MiB.
2026-10-08T02:08:16Z INFO [94/500] 55b2b544-ee1b-4566-a352-07ad43f3b274: 48 chunks; 0.8 s; peak memory 353 MiB.
2026-10-08T02:08:18Z INFO [95/500] 55b396a5-1040-48bf-85fb-13bc87f568ac: 57 chunks; 1.6 s; peak memory 353 MiB.
2026-10-08T02:08:28Z INFO [96/500] 55b4e43a-3644-4958-8a3a-5fc638daabb8: 14015 chunks; 9.5 s; peak memory 353 MiB.
2026-10-08T02:08:28Z INFO [97/500] 55b50462-951d-4432-8b73-bac6a6cef6c6: 58 chunks; 0.6 s; peak memory 353 MiB.
2026-10-08T02:08:29Z INFO [98/500] 55b646ce-4e9b-465f-92e2-06ca77b8fe6d: 57 chunks; 0.6 s; peak memory 353 MiB.
2026-10-08T02:08:30Z INFO [99/500] 55b7c6fa-d635-42b3-ab61-0c649bf822b2: 118 chunks; 1.0 s; peak memory 353 MiB.
2026-10-08T02:08:31Z INFO [100/500] 55b8ec22-d988-4418-910b-e998e0f26be0: 119 chunks; 1.5 s; peak memory 353 MiB.
2026-10-08T02:08:32Z INFO [100/500] 55b8ec22-d988-4418-910b-e998e0f26be0: checkpointed 88434 records.
2026-10-08T02:08:33Z INFO [101/500] 55bb90bf-2206-40a6-9a3a-20ccc57d9a35: 997 chunks; 1.8 s; peak memory 353 MiB.
2026-10-08T02:09:43Z INFO [102/500] 55bbcd1e-c710-4030-bf7d-453cff10f68f: 14732 chunks; 70.2 s; peak memory 481 MiB.
2026-10-08T02:09:44Z INFO [103/500] 55bc0560-c741-4d34-b5a9-b5c6265ebea7: 117 chunks; 1.0 s; peak memory 481 MiB.
2026-10-08T02:09:45Z INFO [104/500] 55bc2b10-f7e7-4453-8d2e-43bd7b49ae31: 117 chunks; 1.0 s; peak memory 481 MiB.
2026-10-08T02:09:46Z INFO [105/500] 55bcc0ee-6e91-4782-b098-0c8c04bb58b6: 142 chunks; 1.0 s; peak memory 481 MiB.
2026-10-08T02:09:49Z INFO [106/500] 55bcfbd8-fe8a-4df2-bcc3-5673e656f8bd: 184 chunks; 3.1 s; peak memory 481 MiB.
2026-10-08T02:09:50Z INFO [107/500] 55bd2207-18f6-4f19-a1db-7f8175bbe8ba: 48 chunks; 0.9 s; peak memory 481 MiB.
2026-10-08T02:09:51Z INFO [108/500] 55be493e-33b9-44e9-a5fb-fa839247ec48: 47 chunks; 1.1 s; peak memory 481 MiB.
2026-10-08T02:09:55Z INFO [109/500] 55bf2aa6-bc91-4d4f-9b83-16d74d96c10c: 2923 chunks; 3.9 s; peak memory 481 MiB.
2026-10-08T02:10:02Z INFO [110/500] 55c0b640-a3d5-4f73-be36-e49dd49f9872: 4133 chunks; 6.8 s; peak memory 481 MiB.
2026-10-08T02:10:03Z INFO [111/500] 55c1ee7c-f34f-4924-a911-d5018265b597: 118 chunks; 0.9 s; peak memory 481 MiB.
2026-10-08T02:10:04Z INFO [112/500] 55c22216-79f4-4eb5-8258-b42782ba79e1: 112 chunks; 1.2 s; peak memory 481 MiB.
2026-10-08T02:10:09Z INFO [113/500] 55c2a913-66ad-441b-90b7-09c2a5295608: 391 chunks; 5.3 s; peak memory 481 MiB.
2026-10-08T02:10:15Z INFO [114/500] 55c2fd56-5905-46fc-bf27-408cffc9dbbb: 282 chunks; 5.7 s; peak memory 481 MiB.
2026-10-08T02:10:16Z INFO [115/500] 55c3c4f7-8f58-4e02-9e55-1a3feaf7db6f: 48 chunks; 0.7 s; peak memory 481 MiB.
2026-10-08T02:10:17Z INFO [116/500] 55c3ca31-6125-4dfb-9ea8-711ac812d51f: 48 chunks; 1.2 s; peak memory 481 MiB.
2026-10-08T02:10:18Z INFO [117/500] 55c45a30-6e38-430b-ad35-caebd8609dae: 46 chunks; 0.7 s; peak memory 481 MiB.
2026-10-08T02:10:19Z INFO [118/500] 55c47b71-0aae-43d9-b6cd-046f15c35dc3: 118 chunks; 1.0 s; peak memory 481 MiB.
2026-10-08T02:10:20Z INFO [119/500] 55c4a1f6-5ec8-4c82-bf3e-e260a1ec67e4: 83 chunks; 0.9 s; peak memory 481 MiB.
2026-10-08T02:10:29Z INFO [120/500] 55c517c5-a263-4d64-bab4-f1a0e2c12a21: 586 chunks; 9.1 s; peak memory 481 MiB.
2026-10-08T02:10:33Z INFO [121/500] 55c59130-00a2-487e-95ed-d78dccf2d599: 3671 chunks; 4.4 s; peak memory 481 MiB.
2026-10-08T02:10:34Z INFO [122/500] 55c5f703-3e31-4011-9db1-652d2d12d052: 170 chunks; 0.8 s; peak memory 481 MiB.
2026-10-08T02:10:35Z INFO [123/500] 55c70a3c-e713-4e99-98c9-27c392c3f291: 117 chunks; 1.1 s; peak memory 481 MiB.
2026-10-08T02:10:37Z INFO [124/500] 55c732bf-2a08-4850-b799-d62d12166248: 367 chunks; 1.6 s; peak memory 481 MiB.
2026-10-08T02:10:38Z INFO [125/500] 55c7848e-0b3f-484e-9583-6c8704c6552b: 66 chunks; 1.4 s; peak memory 481 MiB.
2026-10-08T02:10:39Z INFO [126/500] 55c79076-eb79-40a9-8233-85e28b51b38e: 69 chunks; 1.4 s; peak memory 481 MiB.
2026-10-08T02:10:44Z INFO [127/500] 55c7cd7c-9ace-4ba3-9751-161f723399a1: 327 chunks; 4.5 s; peak memory 481 MiB.
2026-10-08T02:10:45Z INFO [128/500] 55c7fa26-e6bc-4c2b-bcd9-2aef59873612: 112 chunks; 1.1 s; peak memory 481 MiB.
2026-10-08T02:10:46Z INFO [129/500] 55c8e992-6274-45e6-89e6-87b91be3a0ee: 289 chunks; 1.2 s; peak memory 481 MiB.
2026-10-08T02:10:47Z INFO [130/500] 55c92e6b-ebbf-40f8-ba62-223455b6f785: 116 chunks; 0.8 s; peak memory 481 MiB.
2026-10-08T02:10:48Z INFO [131/500] 55c985f9-4b21-4c1d-88c6-d35879ea5b7d: 48 chunks; 1.0 s; peak memory 481 MiB.
2026-10-08T02:10:49Z INFO [132/500] 55ca83c2-3f94-43ac-a80a-cf011f19df33: 118 chunks; 1.0 s; peak memory 481 MiB.
2026-10-08T02:10:52Z INFO [133/500] 55caba33-d9d1-48ae-8f20-cf2ea5f59468: 156 chunks; 2.9 s; peak memory 481 MiB.
2026-10-08T02:10:53Z INFO [134/500] 55cabe0c-1b55-4acd-b869-9c76c9730a57: 48 chunks; 0.7 s; peak memory 481 MiB.
2026-10-08T02:10:54Z INFO [135/500] 55cb93e8-46a5-478f-a5b2-d207c88efcb0: 48 chunks; 1.0 s; peak memory 481 MiB.
2026-10-08T02:11:02Z INFO [136/500] 55cc5f37-4931-4d2d-89ea-e1f43c6f7278: 20583 chunks; 8.4 s; peak memory 481 MiB.
2026-10-08T02:11:03Z INFO [137/500] 55cd1e74-6b1b-40a1-9ebd-2b86e96bbc30: 48 chunks; 0.8 s; peak memory 481 MiB.
2026-10-08T02:11:04Z INFO [138/500] 55cdf4c1-bce2-496d-982e-624a95e0c2d9: 117 chunks; 0.7 s; peak memory 481 MiB.
2026-10-08T02:11:05Z INFO [139/500] 55ce9270-a258-49f8-9d60-2d3a687025f8: 48 chunks; 0.9 s; peak memory 481 MiB.
2026-10-08T02:11:06Z INFO [140/500] 55cf1284-71ca-4965-8599-a1cba843c2b1: 112 chunks; 1.2 s; peak memory 481 MiB.
2026-10-08T02:11:07Z INFO [141/500] 55cfb3f9-c150-4434-82a2-36bafb67c677: 48 chunks; 0.8 s; peak memory 481 MiB.
2026-10-08T02:11:07Z INFO [142/500] 55d02335-7d57-4fe2-a0cc-42288ead118e: 52 chunks; 0.6 s; peak memory 481 MiB.
2026-10-08T02:11:09Z INFO [143/500] 55d0ffab-274b-4cb9-8fe8-28ea1025d04d: 99 chunks; 1.5 s; peak memory 481 MiB.
2026-10-08T02:11:15Z INFO [144/500] 55d19e32-0074-4b45-96bb-cd214c753c1f: 20835 chunks; 5.9 s; peak memory 481 MiB.
2026-10-08T02:11:16Z INFO [145/500] 55d2e588-2114-4afb-ade7-e4ea0a3efc11: 48 chunks; 0.8 s; peak memory 481 MiB.
2026-10-08T02:11:16Z INFO [146/500] 55d2f867-2e59-4242-be52-96163a41068c: 117 chunks; 0.8 s; peak memory 481 MiB.
2026-10-08T02:11:17Z INFO [147/500] 55d34307-6ef6-4d48-9750-d138bb4a670f: 46 chunks; 0.6 s; peak memory 481 MiB.
2026-10-08T02:11:18Z INFO [148/500] 55d365ea-1bc6-4e2b-b77a-0cd78948ccf7: 118 chunks; 0.8 s; peak memory 481 MiB.
2026-10-08T02:11:19Z INFO [149/500] 55d3bd10-7621-45fa-83d4-40e3560b7caf: 237 chunks; 1.3 s; peak memory 481 MiB.
2026-10-08T02:11:20Z INFO [150/500] 55d3c7c2-2635-481b-8a71-f029bfbaedd5: 117 chunks; 1.0 s; peak memory 481 MiB.
2026-10-08T02:11:20Z INFO [150/500] 55d3c7c2-2635-481b-8a71-f029bfbaedd5: checkpointed 88484 records.
2026-10-08T02:11:37Z INFO [151/500] 55d40255-8b25-43a0-b637-45fa7cf2f56d: 31738 chunks; 16.5 s; peak memory 481 MiB.
2026-10-08T02:11:38Z INFO [152/500] 55d4553d-73a5-40d0-a938-df58cd18bd02: 66 chunks; 1.2 s; peak memory 481 MiB.
2026-10-08T02:11:45Z INFO [153/500] 55d46605-6bbf-483c-a622-4a973b6a61bd: 995 chunks; 6.4 s; peak memory 481 MiB.
2026-10-08T02:11:45Z INFO [154/500] 55d4c005-3cd3-448e-93a7-73af24363e77: 48 chunks; 0.9 s; peak memory 481 MiB.
2026-10-08T02:11:52Z INFO [155/500] 55d4c952-3d8d-45ef-9789-0f85266afda9: 384 chunks; 6.7 s; peak memory 481 MiB.
2026-10-08T02:11:53Z INFO [156/500] 55d55c8f-7d79-4a82-a715-cedcd375358f: 116 chunks; 0.8 s; peak memory 481 MiB.
2026-10-08T02:11:54Z INFO [157/500] 55d7483c-6e37-49f3-877a-3a9ca25e3e82: 121 chunks; 1.3 s; peak memory 481 MiB.
2026-10-08T02:11:55Z INFO [158/500] 55d75d7a-13ac-48e0-b0bd-9715dd97ced5: 56 chunks; 0.6 s; peak memory 481 MiB.
2026-10-08T02:12:01Z INFO [159/500] 55d75ef5-691f-4d4d-b83a-85f6c619864e: 14938 chunks; 6.4 s; peak memory 481 MiB.
2026-10-08T02:12:02Z INFO [160/500] 55d7b2bc-71a7-4423-a4cf-d3ec6212e02d: 48 chunks; 0.9 s; peak memory 481 MiB.
2026-10-08T02:12:03Z INFO [161/500] 55d80de5-5316-4c88-870f-de9f9a1b3eba: 112 chunks; 1.1 s; peak memory 481 MiB.
2026-10-08T02:12:05Z INFO [162/500] 55d877bf-1bfe-47ce-b9f5-909c6dd5feff: 110 chunks; 1.2 s; peak memory 481 MiB.
2026-10-08T02:12:06Z INFO [163/500] 55d8b428-9106-4c32-86c2-2512a3802488: 69 chunks; 1.1 s; peak memory 481 MiB.
2026-10-08T02:12:07Z INFO [164/500] 55d93b68-cd0f-4d0a-91f7-caf3e86b6330: 165 chunks; 1.4 s; peak memory 481 MiB.
2026-10-08T02:12:09Z INFO [165/500] 55d9687f-53ef-4665-874f-41ad15a89516: 112 chunks; 1.4 s; peak memory 481 MiB.
2026-10-08T02:12:10Z INFO [166/500] 55dac1cc-341a-469c-a384-b86b83a21807: 112 chunks; 1.3 s; peak memory 481 MiB.
2026-10-08T02:12:11Z INFO [167/500] 55dbe352-397d-4fd9-91ab-303a3eb50aef: 68 chunks; 1.0 s; peak memory 481 MiB.
2026-10-08T02:12:12Z INFO [168/500] 55dd2131-e70e-40c8-b1e5-2aeec0f287d3: 48 chunks; 0.9 s; peak memory 481 MiB.
2026-10-08T02:12:13Z INFO [169/500] 55ddf8af-4c1e-44b4-ac41-78fefd2abab8: 118 chunks; 1.1 s; peak memory 481 MiB.
2026-10-08T02:12:14Z INFO [170/500] 55de3873-df6b-44a2-9253-5435435bf455: 112 chunks; 1.0 s; peak memory 481 MiB.
2026-10-08T02:12:15Z INFO [171/500] 55de68d9-8dd7-437d-9ee6-6c1f1181e8a7: 110 chunks; 1.5 s; peak memory 481 MiB.
2026-10-08T02:12:16Z INFO [172/500] 55ded763-dc63-452c-8868-a07f457a1a96: 56 chunks; 0.7 s; peak memory 481 MiB.
2026-10-08T02:12:17Z INFO [173/500] 55df1689-a823-4a0f-ba20-138fe6565789: 48 chunks; 0.9 s; peak memory 481 MiB.
2026-10-08T02:12:18Z INFO [174/500] 55e01c61-4627-4919-b510-264097a40fcd: 55 chunks; 0.7 s; peak memory 481 MiB.
2026-10-08T02:12:38Z INFO [175/500] 55e053d7-ff6b-456b-8210-3ef9f477b938: 1155 chunks; 20.7 s; peak memory 481 MiB.
2026-10-08T02:12:39Z INFO [176/500] 55e06630-8833-46ce-8b07-2d3aed21e25d: 46 chunks; 0.7 s; peak memory 481 MiB.
2026-10-08T02:12:51Z INFO [177/500] 55e0913b-1432-4c19-aa49-140c5ab23341: 5998 chunks; 12.5 s; peak memory 481 MiB.
2026-10-08T02:12:53Z INFO [178/500] 55e16123-ca44-45d5-8ba2-5d0deea55217: 110 chunks; 1.5 s; peak memory 481 MiB.
2026-10-08T02:12:57Z INFO [179/500] 55e291d7-9965-4bba-9e37-0f02ef429cda: 404 chunks; 3.8 s; peak memory 481 MiB.
2026-10-08T02:12:58Z INFO [180/500] 55e29b21-8daf-4514-bf4e-864a274da0e1: 117 chunks; 0.8 s; peak memory 481 MiB.
2026-10-08T02:12:59Z INFO [181/500] 55e3eaac-d897-49a2-995f-85a527c7cd3f: 112 chunks; 1.1 s; peak memory 481 MiB.
2026-10-08T02:13:00Z INFO [182/500] 55e44b61-d520-4724-b5c3-9980172ecfe3: 112 chunks; 0.9 s; peak memory 481 MiB.
2026-10-08T02:13:01Z INFO [183/500] 55e4b27f-682a-4a9e-a468-3c077f19424e: 131 chunks; 1.5 s; peak memory 481 MiB.
2026-10-08T02:13:04Z INFO [184/500] 55e53fd9-116a-46e3-8b54-aba74ce34d0a: 3347 chunks; 3.0 s; peak memory 481 MiB.
2026-10-08T02:13:05Z INFO [185/500] 55e5c4d1-4dfa-4895-8ca6-c318127edfb9: 48 chunks; 0.8 s; peak memory 481 MiB.
2026-10-08T02:13:06Z INFO [186/500] 55e6e2aa-58e2-42cd-a874-1da78f728a48: 76 chunks; 1.1 s; peak memory 481 MiB.
2026-10-08T02:13:07Z INFO [187/500] 55e714e9-81de-4f0f-9582-492f35033d51: 118 chunks; 0.9 s; peak memory 481 MiB.
2026-10-08T02:13:13Z INFO [188/500] 55e7fc28-2f15-4a0d-ab8d-d83b1728b0bb: 193 chunks; 5.6 s; peak memory 481 MiB.
2026-10-08T02:13:14Z INFO [189/500] 55e85e20-871a-4f19-a88d-8eff0c8ff617: 112 chunks; 1.0 s; peak memory 481 MiB.
2026-10-08T02:13:15Z INFO [190/500] 55e906a8-322f-4d8b-9aec-93cf9ef9e0c5: 156 chunks; 1.8 s; peak memory 481 MiB.
2026-10-08T02:13:16Z INFO [191/500] 55e973cb-2d8e-4ee6-bbf4-027281a92302: 48 chunks; 0.7 s; peak memory 481 MiB.
2026-10-08T02:13:17Z INFO [192/500] 55e9811a-d91b-4d08-bcb0-f09a4af704e4: 161 chunks; 0.6 s; peak memory 481 MiB.
2026-10-08T02:13:48Z INFO [193/500] 55e99931-7ad7-41e7-8a10-e6bc716eceac: 2906 chunks; 31.1 s; peak memory 481 MiB.
2026-10-08T02:13:48Z INFO [194/500] 55e9fb0f-e32a-4990-a3e3-de9d850b5f64: 46 chunks; 0.5 s; peak memory 481 MiB.
2026-10-08T02:13:49Z INFO [195/500] 55ec4302-b7ba-406d-a4f0-c7d73d3d4ac9: 112 chunks; 1.1 s; peak memory 481 MiB.
2026-10-08T02:13:59Z INFO [196/500] 55ed6ad3-914b-4cfb-bbf5-24e93666beca: 28716 chunks; 9.5 s; peak memory 481 MiB.
2026-10-08T02:14:00Z INFO [197/500] 55ee77a2-41d4-44fe-9558-f8b367ddd310: 116 chunks; 1.1 s; peak memory 481 MiB.
2026-10-08T02:14:01Z INFO [198/500] 55ee781f-7e66-440b-b403-263e4b343ecc: 41 chunks; 0.8 s; peak memory 481 MiB.
2026-10-08T02:14:02Z INFO [199/500] 55eec1ff-8c81-480a-9853-d1ce11a087de: 112 chunks; 0.9 s; peak memory 481 MiB.
2026-10-08T02:14:03Z INFO [200/500] 55ef69f3-be0c-44e5-ac87-547c03371bfb: 48 chunks; 0.8 s; peak memory 481 MiB.
2026-10-08T02:14:03Z INFO [200/500] 55ef69f3-be0c-44e5-ac87-547c03371bfb: checkpointed 88534 records.
2026-10-08T02:14:04Z INFO [201/500] 55ef95b3-17ba-47a0-852c-05da80edbcd7: 118 chunks; 0.8 s; peak memory 481 MiB.
2026-10-08T02:14:05Z INFO [202/500] 55efbffa-3392-41df-804f-9c1865beb9e2: 62 chunks; 1.2 s; peak memory 481 MiB.
2026-10-08T02:14:07Z INFO [203/500] 55f01f1c-8213-402f-88be-ffb5045b4183: 121 chunks; 1.7 s; peak memory 481 MiB.
2026-10-08T02:14:07Z INFO [204/500] 55f21d93-83db-4a7b-a6e2-4dc1520c5d32: 52 chunks; 0.9 s; peak memory 481 MiB.
2026-10-08T02:14:08Z INFO [205/500] 55f2327e-ee3c-4380-a559-b46fff1b1d2f: 112 chunks; 0.9 s; peak memory 481 MiB.
2026-10-08T02:14:09Z INFO [206/500] 55f23db4-b9ba-4ca9-901f-ce46492456fa: 112 chunks; 0.8 s; peak memory 481 MiB.
2026-10-08T02:14:12Z INFO [207/500] 55f27190-a22e-4f92-953c-25450c1ea810: 111 chunks; 3.0 s; peak memory 481 MiB.
2026-10-08T02:14:13Z INFO [208/500] 55f291f9-6013-4d5f-a053-8b28c12f2b65: 89 chunks; 1.2 s; peak memory 481 MiB.
2026-10-08T02:14:14Z INFO [209/500] 55f2bc85-1e7d-460b-b2e3-965029a7cc0a: 48 chunks; 0.7 s; peak memory 481 MiB.
2026-10-08T02:14:26Z INFO [210/500] 55f6692e-eddf-48fb-8c64-67559805b8e0: 16896 chunks; 12.5 s; peak memory 481 MiB.
2026-10-08T02:14:28Z INFO [211/500] 55f6dc0e-f770-41cf-8ee7-14344b46e026: 68 chunks; 1.6 s; peak memory 481 MiB.
2026-10-08T02:14:40Z INFO [212/500] 55f7b957-84ca-49c9-ac66-66483603fa06: 588 chunks; 12.0 s; peak memory 481 MiB.
2026-10-08T02:14:40Z INFO [213/500] 55f836a7-1cb1-4f90-9de1-445e58495b51: 46 chunks; 0.5 s; peak memory 481 MiB.
2026-10-08T02:14:42Z INFO [214/500] 55f87b03-0371-4e7b-a790-9ca69ca234ec: 204 chunks; 1.6 s; peak memory 481 MiB.
2026-10-08T02:14:47Z INFO [215/500] 55f8bbc6-41b1-4d08-9751-1cecad635b94: 4151 chunks; 4.6 s; peak memory 481 MiB.
2026-10-08T02:14:47Z INFO [216/500] 55fa1529-5518-43e4-a829-c544b8f98491: 84 chunks; 0.7 s; peak memory 481 MiB.
2026-10-08T02:14:49Z INFO [217/500] 55fa9f50-8174-4cc6-8e76-27be035619a6: 71 chunks; 1.3 s; peak memory 481 MiB.
2026-10-08T02:14:52Z INFO [218/500] 55faaa82-8011-449b-9651-f7f87516fcb5: 233 chunks; 3.0 s; peak memory 481 MiB.
2026-10-08T02:14:54Z INFO [219/500] 55fabb89-c907-43bf-866f-03edb0367d9c: 220 chunks; 2.1 s; peak memory 481 MiB.
2026-10-08T02:14:55Z INFO [220/500] 55fb4e7a-ed20-4997-9ab8-c2565715b5ab: 71 chunks; 1.7 s; peak memory 481 MiB.
2026-10-08T02:14:56Z INFO [221/500] 55fbea05-4081-4f4e-b035-0b86fe741aa2: 117 chunks; 0.8 s; peak memory 481 MiB.
2026-10-08T02:14:57Z INFO [222/500] 55fc5321-7feb-4401-8317-16c3e15fb6a2: 48 chunks; 0.9 s; peak memory 481 MiB.
2026-10-08T02:15:28Z INFO [223/500] 55fc8476-3017-486c-87a4-b4faeb74fa8d: 19509 chunks; 30.5 s; peak memory 481 MiB.
2026-10-08T02:15:30Z INFO [224/500] 55fc9761-5697-4d7d-a8e1-21242586583c: 138 chunks; 2.2 s; peak memory 481 MiB.
2026-10-08T02:15:31Z INFO [225/500] 55fd22cc-e266-4b01-8c77-fde2fff2289c: 57 chunks; 0.7 s; peak memory 481 MiB.
2026-10-08T02:15:33Z INFO [226/500] 55fe9928-63c4-4c64-b47a-128e8d3665ae: 115 chunks; 2.0 s; peak memory 481 MiB.
2026-10-08T02:15:34Z INFO [227/500] 55ff7b81-4618-4248-b4eb-4986fd94566e: 48 chunks; 1.0 s; peak memory 481 MiB.
2026-10-08T02:15:34Z INFO [228/500] 560001ca-9b7f-471b-96b9-bf43a2ffdeb4: 48 chunks; 0.9 s; peak memory 481 MiB.
2026-10-08T02:15:35Z INFO [229/500] 56006f63-ee6b-41ff-9b14-2add984374c9: 117 chunks; 0.8 s; peak memory 481 MiB.
2026-10-08T02:15:36Z INFO [230/500] 56015d0a-de5b-428e-b5c4-cf3d81ef59f9: 102 chunks; 0.8 s; peak memory 481 MiB.
2026-10-08T02:15:37Z INFO [231/500] 560256f3-bdfa-42ec-b442-53b37863df11: 112 chunks; 1.0 s; peak memory 481 MiB.
2026-10-08T02:15:38Z INFO [232/500] 5602bddd-1fc8-4a49-81aa-574ed40b3c64: 118 chunks; 0.8 s; peak memory 481 MiB.
2026-10-08T02:15:39Z INFO [233/500] 56030d70-96bf-465e-ac4f-d7c6d6e0c0ea: 69 chunks; 1.1 s; peak memory 481 MiB.
2026-10-08T02:15:40Z INFO [234/500] 5603777d-d3e0-463a-bcc4-3e96e0691a0f: 117 chunks; 1.0 s; peak memory 481 MiB.
2026-10-08T02:15:41Z INFO [235/500] 56046419-e2b1-46b0-813f-1a96f6f63980: 48 chunks; 0.8 s; peak memory 481 MiB.
2026-10-08T02:15:42Z INFO [236/500] 560471ac-4c5a-484d-9614-606509bd88fc: 46 chunks; 0.8 s; peak memory 481 MiB.
2026-10-08T02:15:43Z INFO [237/500] 56049900-f1e0-4d22-ad57-186fcb5bacf6: 59 chunks; 1.0 s; peak memory 481 MiB.
2026-10-08T02:15:44Z INFO [238/500] 5604f4a1-8505-40e5-8d4b-421dd335f5a8: 112 chunks; 1.4 s; peak memory 481 MiB.
2026-10-08T02:15:45Z INFO [239/500] 56062575-6720-4bc1-a222-cdb3d8b9a0d5: 112 chunks; 1.1 s; peak memory 481 MiB.
2026-10-08T02:15:46Z INFO [240/500] 560655ec-bf74-481b-acad-6caa44ec8ca4: 52 chunks; 1.0 s; peak memory 481 MiB.
2026-10-08T02:15:47Z INFO [241/500] 5606779d-2e0e-4520-bc32-8f028317ed49: 71 chunks; 1.2 s; peak memory 481 MiB.
2026-10-08T02:15:48Z INFO [242/500] 5606a256-fab9-4dcd-89b5-8dedda7bff19: 48 chunks; 0.7 s; peak memory 481 MiB.
2026-10-08T02:15:51Z INFO [243/500] 5606df75-4dd1-44e0-a89f-96ef93836c21: 3888 chunks; 2.6 s; peak memory 481 MiB.
2026-10-08T02:15:59Z INFO [244/500] 56074549-09c1-4d2b-bf1e-373141928c6d: 12550 chunks; 8.3 s; peak memory 481 MiB.
2026-10-08T02:16:21Z INFO [245/500] 56075350-3c48-40d3-9124-0f16810c50df: 6131 chunks; 22.5 s; peak memory 481 MiB.
2026-10-08T02:16:22Z INFO [246/500] 56086a5c-352c-44e3-a97d-b9e9710e0182: 48 chunks; 0.9 s; peak memory 481 MiB.
2026-10-08T02:16:23Z INFO [247/500] 560a5cc4-f732-4b37-8942-f0926b912ece: 117 chunks; 1.0 s; peak memory 481 MiB.
2026-10-08T02:16:24Z INFO [248/500] 560aeadd-ff00-47ff-9d38-d00cef4e341d: 112 chunks; 1.1 s; peak memory 481 MiB.
2026-10-08T02:16:26Z INFO [249/500] 560c299f-0f51-4565-bc65-7d485c981b4b: 115 chunks; 1.6 s; peak memory 481 MiB.
2026-10-08T02:16:27Z INFO [250/500] 560ca3de-d43b-432d-912f-05e748acdcf2: 48 chunks; 0.9 s; peak memory 481 MiB.
2026-10-08T02:16:27Z INFO [250/500] 560ca3de-d43b-432d-912f-05e748acdcf2: checkpointed 88584 records.
2026-10-08T02:16:33Z INFO [251/500] 560cc881-e095-48aa-ba94-9c18466b190b: 16836 chunks; 5.5 s; peak memory 481 MiB.
2026-10-08T02:16:34Z INFO [252/500] 560cd706-886e-48f9-8c17-31682a4c63a4: 289 chunks; 1.0 s; peak memory 481 MiB.
2026-10-08T02:16:34Z INFO [253/500] 560d259f-5088-4964-afd9-c0cbdb52c7e3: 48 chunks; 0.7 s; peak memory 481 MiB.
2026-10-08T02:16:35Z INFO [254/500] 560d8e0a-6675-4061-8bf7-910c675f9337: 112 chunks; 1.1 s; peak memory 481 MiB.
2026-10-08T02:16:36Z INFO [255/500] 560edc46-d15b-4522-9732-5e510ab0db1c: 51 chunks; 0.7 s; peak memory 481 MiB.
2026-10-08T02:16:37Z INFO [256/500] 560ef2c4-ceda-4cde-a979-0e163f997367: 48 chunks; 0.8 s; peak memory 481 MiB.
2026-10-08T02:16:38Z INFO [257/500] 560fb12d-d8ba-4eac-8342-f55bea7df2af: 48 chunks; 1.0 s; peak memory 481 MiB.
2026-10-08T02:16:39Z INFO [258/500] 560fc48f-4076-4f28-be11-28ed79cb7280: 71 chunks; 1.5 s; peak memory 481 MiB.
2026-10-08T02:16:40Z INFO [259/500] 560fddeb-2c36-4ccd-a5af-9222037c8f07: 71 chunks; 1.0 s; peak memory 481 MiB.
2026-10-08T02:16:41Z INFO [260/500] 56107389-7392-479d-ab21-a03121fda52c: 77 chunks; 0.9 s; peak memory 481 MiB.
2026-10-08T02:16:42Z INFO [261/500] 56108565-00af-4592-b447-96d1edc6a814: 48 chunks; 0.9 s; peak memory 481 MiB.
2026-10-08T02:16:44Z INFO [262/500] 5610b4f6-6ef2-438f-9279-11a4601cf140: 71 chunks; 1.6 s; peak memory 481 MiB.
2026-10-08T02:16:45Z INFO [263/500] 5610e20d-219f-4de1-8282-9a8eed09a553: 119 chunks; 1.1 s; peak memory 481 MiB.
2026-10-08T02:16:46Z INFO [264/500] 56119c82-386b-45ec-90d0-58dcb2c77835: 168 chunks; 1.7 s; peak memory 481 MiB.
2026-10-08T02:16:47Z INFO [265/500] 5611cdb9-e1ee-4c3f-9f8d-b4e4bda8e0be: 117 chunks; 1.0 s; peak memory 481 MiB.
2026-10-08T02:16:48Z INFO [266/500] 56123c07-c4d4-4eb4-a410-ed0adac34e53: 48 chunks; 0.7 s; peak memory 481 MiB.
2026-10-08T02:16:53Z INFO [267/500] 5612a839-576c-4b44-8bad-623344cab028: 570 chunks; 4.9 s; peak memory 481 MiB.
2026-10-08T02:16:54Z INFO [268/500] 56156e99-6b8e-4483-9e2e-c7499115d7fd: 79 chunks; 0.9 s; peak memory 481 MiB.
2026-10-08T02:16:55Z INFO [269/500] 56169247-259b-48be-ac1b-8fbeae858b5b: 48 chunks; 0.8 s; peak memory 481 MiB.
2026-10-08T02:16:56Z INFO [270/500] 5616f829-6058-4f36-b265-d048bebda8be: 48 chunks; 0.8 s; peak memory 481 MiB.
2026-10-08T02:16:56Z INFO [271/500] 56176277-e8cb-43a0-8b33-cf9595fcb744: 48 chunks; 0.9 s; peak memory 481 MiB.
2026-10-08T02:16:57Z INFO [272/500] 5617d561-2b63-4492-b847-446f9fedd570: 117 chunks; 0.9 s; peak memory 481 MiB.
2026-10-08T02:16:59Z INFO [273/500] 56190214-aec7-4139-a1ef-1e779c0ad84e: 66 chunks; 1.4 s; peak memory 481 MiB.
2026-10-08T02:17:00Z INFO [274/500] 56191d89-07c8-46e3-9416-3c12e18e0dea: 117 chunks; 0.9 s; peak memory 481 MiB.
2026-10-08T02:17:01Z INFO [275/500] 56192940-3970-4eff-9be5-09e55a72f2bb: 46 chunks; 1.0 s; peak memory 481 MiB.
2026-10-08T02:17:07Z INFO [276/500] 56197e4f-1b13-4e16-a647-a921957e60f7: 8544 chunks; 5.9 s; peak memory 481 MiB.
2026-10-08T02:17:10Z INFO [277/500] 561a8dd8-0738-4d94-bfc7-79a03ee65dc3: 644 chunks; 3.4 s; peak memory 481 MiB.
2026-10-08T02:17:11Z INFO [278/500] 561b427d-cf2e-4aa9-bf7f-b672cee1acea: 48 chunks; 0.8 s; peak memory 481 MiB.
2026-10-08T02:17:18Z INFO [279/500] 561c3fdc-a849-42e0-a417-89b618f31531: 6082 chunks; 7.1 s; peak memory 481 MiB.
2026-10-08T02:17:19Z INFO [280/500] 561d1910-0943-41ec-b7fa-faac651fc8b9: 112 chunks; 0.8 s; peak memory 481 MiB.
2026-10-08T02:17:23Z INFO [281/500] 561d2109-092f-4d59-ab5c-f4606dc4da1f: 862 chunks; 4.3 s; peak memory 481 MiB.
2026-10-08T02:17:24Z INFO [282/500] 561dca4b-7390-4f01-9818-1bcf5d52b9cf: 114 chunks; 0.7 s; peak memory 481 MiB.
2026-10-08T02:18:03Z INFO [283/500] 561e6a78-ed8e-4a1c-a2e1-fced296a1956: 22066 chunks; 39.3 s; peak memory 481 MiB.
2026-10-08T02:18:07Z INFO [284/500] 561ee204-9d4c-4fd8-b160-0472f9b9d6f7: 368 chunks; 3.9 s; peak memory 481 MiB.
2026-10-08T02:18:08Z INFO [285/500] 561f2d3f-2939-405d-9a7f-16ea584b65e8: 45 chunks; 0.7 s; peak memory 481 MiB.
2026-10-08T02:18:08Z INFO [286/500] 56205a27-6673-4b58-ab11-cfd99776a24e: 48 chunks; 0.9 s; peak memory 481 MiB.
2026-10-08T02:18:09Z INFO [287/500] 562066e7-8541-4dd6-a251-4a2fbabab3ea: 48 chunks; 0.8 s; peak memory 481 MiB.
2026-10-08T02:18:10Z INFO [288/500] 56206f2d-abc3-4b8f-8f90-b0064ccb431a: 110 chunks; 0.9 s; peak memory 481 MiB.
2026-10-08T02:18:11Z INFO [289/500] 5620a46b-e563-4361-b03f-ef4d05c19cb1: 48 chunks; 0.8 s; peak memory 481 MiB.
2026-10-08T02:18:12Z INFO [290/500] 5620f806-3267-42d0-9d54-fe23e07cf9d9: 46 chunks; 0.6 s; peak memory 481 MiB.
2026-10-08T02:18:13Z INFO [291/500] 56221cb6-a5c4-45ff-9126-d7059abe9fa4: 71 chunks; 1.6 s; peak memory 481 MiB.
2026-10-08T02:18:14Z INFO [292/500] 56222879-e0cd-4735-b8b9-ccae325e78d1: 230 chunks; 1.3 s; peak memory 481 MiB.
2026-10-08T02:18:16Z INFO [293/500] 5623723f-e282-4f03-8c00-3b54086196ed: 155 chunks; 2.0 s; peak memory 481 MiB.
2026-10-08T02:18:17Z INFO [294/500] 56238d9f-b2a3-400a-af57-904f2494d1cd: 48 chunks; 0.7 s; peak memory 481 MiB.
2026-10-08T02:18:18Z INFO [295/500] 56239f31-7003-4ed2-b378-cf35fcb2e352: 117 chunks; 0.8 s; peak memory 481 MiB.
2026-10-08T02:18:19Z INFO [296/500] 5624a801-e3c0-4b1c-aa9a-3ce5a504664e: 42 chunks; 0.8 s; peak memory 481 MiB.
2026-10-08T02:18:19Z INFO [297/500] 5624d890-4664-435e-a3bc-5758bddd93ed: 46 chunks; 0.5 s; peak memory 481 MiB.
2026-10-08T02:18:20Z INFO [298/500] 56251d4a-5eda-44a1-8c4c-c1d14e88c7b2: 112 chunks; 1.1 s; peak memory 481 MiB.
2026-10-08T02:18:21Z INFO [299/500] 56269fe9-bf17-4c17-b6d0-55c6ce56785f: 52 chunks; 0.9 s; peak memory 481 MiB.
2026-10-08T02:18:22Z INFO [300/500] 5626dd90-ce4d-499c-a283-4836c4f9d546: 52 chunks; 1.1 s; peak memory 481 MiB.
2026-10-08T02:18:23Z INFO [300/500] 5626dd90-ce4d-499c-a283-4836c4f9d546: checkpointed 88634 records.
2026-10-08T02:18:24Z INFO [301/500] 5629714d-fa9d-488f-992a-3b7eeed576f1: 117 chunks; 1.1 s; peak memory 481 MiB.
2026-10-08T02:18:26Z INFO [302/500] 5629b1ec-4578-4d71-8946-28cf93168ed0: 997 chunks; 1.9 s; peak memory 481 MiB.
2026-10-08T02:18:32Z INFO [303/500] 562a48f8-5c5f-426f-9d8d-1d55f4504b70: 5874 chunks; 5.9 s; peak memory 481 MiB.
2026-10-08T02:18:32Z INFO [304/500] 562b1288-e5b4-4c9c-a94e-f70ed6196085: 39 chunks; 0.9 s; peak memory 481 MiB.
2026-10-08T02:18:33Z INFO [305/500] 562b409f-e093-4bd9-863c-4e59bbff4de7: 117 chunks; 0.8 s; peak memory 481 MiB.
2026-10-08T02:18:38Z INFO [306/500] 562c4496-51a9-4796-b67b-e2b12815388c: 4151 chunks; 4.8 s; peak memory 481 MiB.
2026-10-08T02:18:39Z INFO [307/500] 562d466e-aa75-4d9f-b0ff-f19e80cba4b0: 48 chunks; 0.8 s; peak memory 481 MiB.
2026-10-08T02:18:40Z INFO [308/500] 562dc3bb-be99-48aa-b294-68f9284d694d: 69 chunks; 0.9 s; peak memory 481 MiB.
2026-10-08T02:18:41Z INFO [309/500] 562fa1e0-fb33-4707-9722-ec3840c73dcb: 48 chunks; 1.0 s; peak memory 481 MiB.
2026-10-08T02:18:41Z INFO [310/500] 563053b9-8bc1-4030-8f99-f3b4957f368f: 46 chunks; 0.6 s; peak memory 481 MiB.
2026-10-08T02:18:42Z INFO [311/500] 56305923-35c1-44d6-ac96-caa01b9971ca: 117 chunks; 0.9 s; peak memory 481 MiB.
2026-10-08T02:18:56Z INFO [312/500] 5630fa68-99d3-40c2-988b-49a06e4d9000: 25315 chunks; 13.7 s; peak memory 481 MiB.
2026-10-08T02:18:57Z INFO [313/500] 56310591-a880-45cd-a78f-d52ca0a45d9b: 48 chunks; 0.9 s; peak memory 481 MiB.
2026-10-08T02:18:58Z INFO [314/500] 5631949c-0e16-4fc3-8ea7-bf138a7e758e: 69 chunks; 1.3 s; peak memory 481 MiB.
2026-10-08T02:19:01Z INFO [315/500] 56321a19-40b8-4a09-b56a-5dd1c574ef28: 12315 chunks; 3.2 s; peak memory 481 MiB.
2026-10-08T02:19:02Z INFO [316/500] 56324f3e-bb26-4035-b73d-501c50a8a9c7: 41 chunks; 0.8 s; peak memory 481 MiB.
2026-10-08T02:19:03Z INFO [317/500] 5634756f-daec-4cd4-bd2e-671380332a1b: 68 chunks; 1.0 s; peak memory 481 MiB.
2026-10-08T02:19:04Z INFO [318/500] 5634853b-155d-4046-b9aa-c605c338ced0: 89 chunks; 0.7 s; peak memory 481 MiB.
2026-10-08T02:19:08Z INFO [319/500] 56349fa5-d4f6-409c-a805-f29b9215a9d8: 208 chunks; 4.1 s; peak memory 481 MiB.
2026-10-08T02:19:11Z INFO [320/500] 5634f189-adfb-4a98-9039-cf5cdc64d03c: 7840 chunks; 3.0 s; peak memory 481 MiB.
2026-10-08T02:19:12Z INFO [321/500] 563583a3-0b9a-4d36-920e-803616dd84e0: 46 chunks; 0.5 s; peak memory 481 MiB.
2026-10-08T02:19:15Z INFO [322/500] 5635ad8e-f355-45a5-9ab9-e6a8683a6dd9: 761 chunks; 3.6 s; peak memory 481 MiB.
2026-10-08T02:19:17Z INFO [323/500] 56370b52-3ea9-4bd9-9ff0-3a7cff07a4fa: 106 chunks; 1.6 s; peak memory 481 MiB.
2026-10-08T02:19:18Z INFO [324/500] 56380c34-b64c-4a0b-aa52-8530d108ea66: 117 chunks; 0.8 s; peak memory 481 MiB.
2026-10-08T02:19:18Z INFO [325/500] 56389d55-264d-4fed-a0b0-f2d2685f686a: 48 chunks; 0.9 s; peak memory 481 MiB.
2026-10-08T02:19:19Z INFO [326/500] 5638af94-8677-45a6-a52a-126299c20b6f: 69 chunks; 0.7 s; peak memory 481 MiB.
2026-10-08T02:19:21Z INFO [327/500] 56392d26-b23e-4824-a48f-846586af2678: 114 chunks; 1.9 s; peak memory 481 MiB.
2026-10-08T02:19:22Z INFO [328/500] 563a3bb6-d295-4855-a92d-4779268605bf: 112 chunks; 1.0 s; peak memory 481 MiB.
2026-10-08T02:19:23Z INFO [329/500] 563adb63-4b19-465a-9e04-0c10c3b2ef34: 117 chunks; 0.9 s; peak memory 481 MiB.
2026-10-08T02:19:24Z INFO [330/500] 563b4ca8-2fc2-4694-9908-b3b0e9ca91ab: 48 chunks; 1.0 s; peak memory 481 MiB.
2026-10-08T02:19:29Z INFO [331/500] 563d685b-0578-40f0-bb66-d26835c79397: 384 chunks; 5.1 s; peak memory 481 MiB.
2026-10-08T02:19:31Z INFO [332/500] 563da09f-3641-473a-85b3-f6bcdb612033: 115 chunks; 1.8 s; peak memory 481 MiB.
2026-10-08T02:19:32Z INFO [333/500] 563e33f9-fa5c-4b5e-a69d-4133079688fb: 84 chunks; 1.0 s; peak memory 481 MiB.
2026-10-08T02:19:33Z INFO [334/500] 563e49bd-411d-4705-bd19-d33166c19fff: 117 chunks; 0.9 s; peak memory 481 MiB.
2026-10-08T02:19:33Z INFO [335/500] 563e7e6c-d1d9-4c7c-9a94-c918226d4ba3: 48 chunks; 0.7 s; peak memory 481 MiB.
2026-10-08T02:19:34Z INFO [336/500] 563e96bf-b5e9-415d-acc4-e78b23bc8438: 48 chunks; 0.8 s; peak memory 481 MiB.
2026-10-08T02:19:41Z INFO [337/500] 563fa3e2-db42-41d7-a0ac-d7ba942717c4: 22655 chunks; 6.7 s; peak memory 481 MiB.
2026-10-08T02:19:42Z INFO [338/500] 563fcf9b-51fd-4e4d-a88d-5d9b073e914e: 69 chunks; 1.1 s; peak memory 481 MiB.
2026-10-08T02:19:47Z INFO [339/500] 563fff57-dd18-43fb-b966-5e153621416b: 13828 chunks; 4.7 s; peak memory 481 MiB.
2026-10-08T02:19:48Z INFO [340/500] 56407ded-1c09-4a9e-9ac0-31800c469834: 117 chunks; 1.0 s; peak memory 481 MiB.
2026-10-08T02:23:46Z INFO [341/500] 5640e425-5281-4e0b-9c1c-73a85a14cc58: 77183 chunks; 237.9 s; peak memory 506 MiB.
2026-10-08T02:23:47Z INFO [342/500] 5640f1c7-a1a4-4517-b27d-4f0a78f458ea: 48 chunks; 0.9 s; peak memory 506 MiB.
2026-10-08T02:23:47Z INFO [343/500] 5640f615-7ac8-44d1-b716-31cd048dafd4: 48 chunks; 0.9 s; peak memory 506 MiB.
2026-10-08T02:24:30Z INFO [344/500] 5642287a-cb09-420d-b63c-5a5fa058d7c3: 13391 chunks; 42.5 s; peak memory 506 MiB.
2026-10-08T02:24:31Z INFO [345/500] 564242e4-600e-4aeb-87e6-15c7178eb860: 117 chunks; 1.0 s; peak memory 506 MiB.
2026-10-08T02:24:32Z INFO [346/500] 5642dd72-1068-4318-ac2d-39c8f9ad2ae0: 48 chunks; 1.0 s; peak memory 506 MiB.
2026-10-08T02:24:33Z INFO [347/500] 56435068-67c9-4b26-8f0f-dc08ad3347d5: 66 chunks; 1.1 s; peak memory 506 MiB.
2026-10-08T02:24:34Z INFO [348/500] 564405b9-edf5-4e90-ac1a-4e7e564efd10: 117 chunks; 1.0 s; peak memory 506 MiB.
2026-10-08T02:24:46Z INFO [349/500] 564556c4-a212-427e-997a-ade5d1b7e821: 2660 chunks; 12.1 s; peak memory 506 MiB.
2026-10-08T02:24:47Z INFO [350/500] 5646417b-e404-45f8-bafd-e19ebef279bb: 74 chunks; 1.2 s; peak memory 506 MiB.
2026-10-08T02:24:48Z INFO [350/500] 5646417b-e404-45f8-bafd-e19ebef279bb: checkpointed 88684 records.
2026-10-08T02:24:56Z INFO [351/500] 5646726b-bb5b-44e1-b0d8-952b9e845cf7: 22151 chunks; 8.1 s; peak memory 506 MiB.
2026-10-08T02:25:07Z INFO [352/500] 5646966b-b522-42a1-8a27-d3f3f3c55e6b: 5681 chunks; 11.0 s; peak memory 506 MiB.
2026-10-08T02:25:08Z INFO [353/500] 56471acd-519c-45b1-8fbd-5f327fe4e3dc: 107 chunks; 0.9 s; peak memory 506 MiB.
2026-10-08T02:25:08Z INFO [354/500] 56472f6a-841a-4f99-afe1-ffead5f7187b: 42 chunks; 0.9 s; peak memory 506 MiB.
2026-10-08T02:25:16Z INFO [355/500] 56473e22-faf9-4cb6-bcf9-e2509284f885: 28087 chunks; 8.0 s; peak memory 506 MiB.
2026-10-08T02:25:17Z INFO [356/500] 5647a0de-a56c-416e-9128-fc8046004b27: 117 chunks; 0.8 s; peak memory 506 MiB.
2026-10-08T02:25:19Z INFO [357/500] 5647abe1-2f7d-46ae-8df1-63070246ae92: 113 chunks; 1.7 s; peak memory 506 MiB.
2026-10-08T02:25:20Z INFO [358/500] 5647ba25-361e-4afd-bf6a-32683e5b4d0f: 118 chunks; 0.8 s; peak memory 506 MiB.
2026-10-08T02:25:20Z INFO [359/500] 56490e63-084e-4c1c-8905-a937f7dae792: 48 chunks; 0.8 s; peak memory 506 MiB.
2026-10-08T02:25:21Z INFO [360/500] 564b28a8-5071-446f-86e2-09db9ed3d0ed: 48 chunks; 1.0 s; peak memory 506 MiB.
2026-10-08T02:25:23Z INFO [361/500] 564bfd56-06b4-4022-8458-6c7d6b38bf8d: 117 chunks; 1.3 s; peak memory 506 MiB.
2026-10-08T02:25:24Z INFO [362/500] 564c1f0d-f76c-4582-911a-a61dae6d5ac9: 62 chunks; 1.4 s; peak memory 506 MiB.
2026-10-08T02:25:25Z INFO [363/500] 564d4179-a379-4075-a3c9-c9b76e0f689e: 112 chunks; 1.1 s; peak memory 506 MiB.
2026-10-08T02:25:28Z INFO [364/500] 564d9bf3-e430-40bd-9161-48282a255b77: 145 chunks; 2.2 s; peak memory 506 MiB.
2026-10-08T02:25:29Z INFO [365/500] 564e04b5-67a2-4a75-b8a4-17d535232906: 112 chunks; 1.2 s; peak memory 506 MiB.
2026-10-08T02:25:29Z INFO [366/500] 564e533c-0738-4336-b38a-5e6b353cf7c3: 110 chunks; 0.8 s; peak memory 506 MiB.
2026-10-08T02:25:31Z INFO [367/500] 564e581a-0239-42c2-b81b-97270f71c92f: 62 chunks; 1.1 s; peak memory 506 MiB.
2026-10-08T02:25:31Z INFO [368/500] 564ee5d9-20e8-4a5e-a75d-43bfa4429d22: 69 chunks; 0.8 s; peak memory 506 MiB.
2026-10-08T02:25:32Z INFO [369/500] 564efe70-4e1b-4708-917c-202c30b1b3ca: 71 chunks; 1.2 s; peak memory 506 MiB.
2026-10-08T02:25:33Z INFO [370/500] 564f5611-252d-41d3-b045-645abb1073d9: 46 chunks; 0.6 s; peak memory 506 MiB.
2026-10-08T02:25:34Z INFO [371/500] 564f9231-3fef-4a22-87b4-7f207d045d62: 37 chunks; 0.6 s; peak memory 506 MiB.
2026-10-08T02:25:36Z INFO [372/500] 56515416-0a68-43b2-a052-60d7e71bafbc: 114 chunks; 1.8 s; peak memory 506 MiB.
2026-10-08T02:25:37Z INFO [373/500] 56527c3d-04b8-43ab-b058-3103947227ad: 191 chunks; 1.7 s; peak memory 506 MiB.
2026-10-08T02:25:38Z INFO [374/500] 5652886e-d486-4ea3-91e1-8884f470160a: 117 chunks; 0.8 s; peak memory 506 MiB.
2026-10-08T02:25:39Z INFO [375/500] 5653d8f8-6734-4797-8cc5-09cf975c944d: 50 chunks; 0.6 s; peak memory 506 MiB.
2026-10-08T02:25:40Z INFO [376/500] 5653dccc-f114-49c8-aa3c-b06326de3a6e: 997 chunks; 1.7 s; peak memory 506 MiB.
2026-10-08T02:25:41Z INFO [377/500] 5653e7c8-ac03-4c47-9ef2-b7181fddb4f1: 112 chunks; 1.1 s; peak memory 506 MiB.
2026-10-08T02:25:46Z INFO [378/500] 5654d331-5cbc-4c3f-8409-ba97f79b1f03: 1049 chunks; 4.1 s; peak memory 506 MiB.
2026-10-08T02:25:46Z INFO [379/500] 565537d8-1688-4d02-825c-d24763dde5ae: 43 chunks; 0.9 s; peak memory 506 MiB.
2026-10-08T02:25:47Z INFO [380/500] 56554e31-03d9-4681-80a8-2ade1cb972ed: 48 chunks; 0.9 s; peak memory 506 MiB.
2026-10-08T02:25:48Z INFO [381/500] 56557c00-4c4f-4aa2-b351-6b3766146e5a: 48 chunks; 0.8 s; peak memory 506 MiB.
2026-10-08T02:25:49Z INFO [382/500] 565592ab-64cb-45c5-bf34-04d095bb058e: 112 chunks; 1.0 s; peak memory 506 MiB.
2026-10-08T02:25:57Z INFO [383/500] 5656e307-0450-45db-aa62-0a6182e0273c: 17668 chunks; 7.4 s; peak memory 506 MiB.
2026-10-08T02:25:57Z INFO [384/500] 56576cfd-f85b-4a5f-bd1d-b256f06cf367: 35 chunks; 0.6 s; peak memory 506 MiB.
2026-10-08T02:25:58Z INFO [385/500] 5658495b-e45a-45c1-b0b8-f92c28459704: 48 chunks; 0.8 s; peak memory 506 MiB.
2026-10-08T02:25:59Z INFO [386/500] 56586bc2-586d-45a0-8b85-a4df66ddd013: 66 chunks; 1.4 s; peak memory 506 MiB.
2026-10-08T02:26:08Z INFO [387/500] 56586e26-585d-466c-8ae4-fde5d3e7de11: 19768 chunks; 8.7 s; peak memory 506 MiB.
2026-10-08T02:26:09Z INFO [388/500] 5658c2e2-0463-4341-b41c-3967139dd6a0: 48 chunks; 0.9 s; peak memory 506 MiB.
2026-10-08T02:26:10Z INFO [389/500] 56599377-d1aa-4e63-97dc-11fb9ad70ba4: 37 chunks; 0.9 s; peak memory 506 MiB.
2026-10-08T02:26:11Z INFO [390/500] 565a16ab-6a92-430e-97cf-72770693fd71: 48 chunks; 0.9 s; peak memory 506 MiB.
2026-10-08T02:26:12Z INFO [391/500] 565a3a78-68cf-4584-b668-d3c3e34aa43d: 117 chunks; 1.0 s; peak memory 506 MiB.
2026-10-08T02:26:14Z INFO [392/500] 565b85d5-eeae-4b7f-b979-e0833d14daf0: 69 chunks; 1.9 s; peak memory 506 MiB.
2026-10-08T02:26:14Z INFO [393/500] 565bf72e-6542-4fac-acd1-18afb5f917bc: 69 chunks; 0.8 s; peak memory 506 MiB.
2026-10-08T02:26:18Z INFO [394/500] 565c4e96-dd40-4b7c-bde2-531e8c881ebb: 2923 chunks; 4.1 s; peak memory 506 MiB.
2026-10-08T02:26:19Z INFO [395/500] 565c75ce-ef01-40c0-b6f4-1dca446a7b34: 57 chunks; 0.5 s; peak memory 506 MiB.
2026-10-08T02:26:36Z INFO [396/500] 565c9542-6bbd-4c8e-a134-f454806c32e6: 280 chunks; 16.7 s; peak memory 506 MiB.
2026-10-08T02:26:58Z INFO [397/500] 565d8c55-b5cf-46f8-b95b-d8e5f8764335: 6054 chunks; 22.4 s; peak memory 506 MiB.
2026-10-08T02:27:01Z INFO [398/500] 565da62b-0bab-4d01-9151-cfa30c2779ae: 5635 chunks; 2.9 s; peak memory 506 MiB.
2026-10-08T02:27:30Z INFO [399/500] 565df09d-ead6-4179-9f93-4ac32062b8a8: 16441 chunks; 29.4 s; peak memory 506 MiB.
2026-10-08T02:27:39Z INFO [400/500] 565df8ec-2182-4f71-9ff2-1e4d9ff60c63: 2218 chunks; 8.3 s; peak memory 506 MiB.
2026-10-08T02:27:39Z INFO [400/500] 565df8ec-2182-4f71-9ff2-1e4d9ff60c63: checkpointed 88734 records.
2026-10-08T02:27:41Z INFO [401/500] 565e35a6-d637-4bfe-9a48-0a90f858659d: 96 chunks; 1.7 s; peak memory 506 MiB.
2026-10-08T02:27:41Z INFO [402/500] 565e5f7a-996d-4df9-8841-a30f48a8725b: 48 chunks; 0.8 s; peak memory 506 MiB.
2026-10-08T02:27:42Z INFO [403/500] 565eb65d-55f6-4c7c-ab2d-78dc589cfb04: 116 chunks; 0.8 s; peak memory 506 MiB.
2026-10-08T02:27:43Z INFO [404/500] 565fccda-e75e-4955-94ab-6cc906036887: 46 chunks; 0.5 s; peak memory 506 MiB.
2026-10-08T02:27:43Z INFO [405/500] 565ff39f-a4fb-4001-b0a1-6e90be4acd75: 48 chunks; 0.8 s; peak memory 506 MiB.
2026-10-08T02:27:44Z INFO [406/500] 5660a66c-e5b6-4783-ada7-b5b001054ead: 117 chunks; 0.8 s; peak memory 506 MiB.
2026-10-08T02:27:45Z INFO [407/500] 56617cb1-77e9-4399-92ec-e980b1bfd97a: 100 chunks; 0.7 s; peak memory 506 MiB.
2026-10-08T02:27:46Z INFO [408/500] 566233e3-2a5d-402b-a386-f6c388f3d3c2: 117 chunks; 0.9 s; peak memory 506 MiB.
2026-10-08T02:27:47Z INFO [409/500] 5662e3f0-2f7e-426a-84f4-4700933cf52a: 117 chunks; 0.8 s; peak memory 506 MiB.
2026-10-08T02:27:48Z INFO [410/500] 56630b42-f4d7-4816-a4e2-3d4a045469f9: 118 chunks; 1.0 s; peak memory 506 MiB.
2026-10-08T02:27:48Z INFO [411/500] 56642d46-09c4-40b7-9cce-321607a598e9: 52 chunks; 0.6 s; peak memory 506 MiB.
2026-10-08T02:29:46Z INFO [412/500] 5664a880-b0d9-4828-9659-967e00fc4827: 37805 chunks; 117.5 s; peak memory 506 MiB.
2026-10-08T02:29:48Z INFO [413/500] 5664ae7a-18f8-4aa7-9786-a427a8d8db84: 165 chunks; 1.9 s; peak memory 506 MiB.
2026-10-08T02:29:49Z INFO [414/500] 5664db3a-3a3f-436f-af11-00a5d620c18c: 51 chunks; 1.0 s; peak memory 506 MiB.
2026-10-08T02:29:57Z INFO [415/500] 5666289a-3d2a-4d0f-be22-25b26f65ce29: 16478 chunks; 8.0 s; peak memory 506 MiB.
2026-10-08T02:29:58Z INFO [416/500] 56666e4e-a2a4-427b-bfa2-a90dc81a6332: 48 chunks; 1.0 s; peak memory 506 MiB.
2026-10-08T02:30:06Z INFO [417/500] 5666c72a-4a17-4e01-870c-9a26e3bef7ef: 18316 chunks; 7.9 s; peak memory 506 MiB.
2026-10-08T02:33:59Z INFO [418/500] 566804b6-f97b-4ee7-927a-87549060f1aa: 75664 chunks; 233.3 s; peak memory 507 MiB.
2026-10-08T02:34:00Z INFO [419/500] 566896cb-c716-4fa9-9279-5b125812a184: 56 chunks; 0.9 s; peak memory 507 MiB.
2026-10-08T02:34:01Z INFO [420/500] 5668a730-9372-4def-8737-ff5953023239: 195 chunks; 0.8 s; peak memory 507 MiB.
2026-10-08T02:34:02Z INFO [421/500] 5668cebc-536d-4c67-bcfc-659ec6aae102: 117 chunks; 1.0 s; peak memory 507 MiB.
2026-10-08T02:34:08Z INFO [422/500] 5668e3d1-8188-4d6d-96f1-6109230a0f72: 20582 chunks; 6.4 s; peak memory 507 MiB.
2026-10-08T02:34:10Z INFO [423/500] 5669763b-3a9f-4f15-8c7d-764a7b236185: 198 chunks; 2.1 s; peak memory 507 MiB.
2026-10-08T02:34:32Z INFO [424/500] 56699a40-a659-4b6d-b27d-9d92e72345c2: 6135 chunks; 22.2 s; peak memory 507 MiB.
2026-10-08T02:34:35Z INFO [425/500] 5669c36a-59a0-48ca-a1fd-371ba1ca3ccc: 90 chunks; 2.9 s; peak memory 507 MiB.
2026-10-08T02:34:43Z INFO [426/500] 5669d2bd-6d8b-4abf-8b44-db2a0822b5f4: 16477 chunks; 8.0 s; peak memory 507 MiB.
2026-10-08T02:34:44Z INFO [427/500] 5669e6ae-70a9-4418-a471-2960ec2db35a: 52 chunks; 0.6 s; peak memory 507 MiB.
2026-10-08T02:34:45Z INFO [428/500] 566a384b-aa14-4f9b-991c-2e35e0411b4d: 48 chunks; 0.9 s; peak memory 507 MiB.
2026-10-08T02:34:45Z INFO [429/500] 566a54a2-f0b1-4b29-8ed1-b72d5677e090: 42 chunks; 0.7 s; peak memory 507 MiB.
2026-10-08T02:34:48Z INFO [430/500] 566a8bd5-5a98-46a7-a40d-9bd1a0b1c230: 80 chunks; 2.5 s; peak memory 507 MiB.
2026-10-08T02:34:49Z INFO [431/500] 566ae3d6-fe9d-4e76-b7ff-52c513474d21: 48 chunks; 0.7 s; peak memory 507 MiB.
2026-10-08T02:34:50Z INFO [432/500] 566af0b6-b2df-439b-a734-cbb5413a772f: 71 chunks; 1.2 s; peak memory 507 MiB.
2026-10-08T02:34:51Z INFO [433/500] 566b698b-8e1b-4b4f-983d-cf2927999069: 118 chunks; 1.0 s; peak memory 507 MiB.
2026-10-08T02:34:52Z INFO [434/500] 566c3bc8-0dc8-410f-a6b2-3e2e0172bc88: 46 chunks; 0.8 s; peak memory 507 MiB.
2026-10-08T02:34:52Z INFO [435/500] 566c9e4a-2f3c-448a-ac8c-399f6f9ff0b6: 112 chunks; 1.0 s; peak memory 507 MiB.
2026-10-08T02:34:53Z INFO [436/500] 566cd772-0499-4f19-bf7f-444a185687ab: 48 chunks; 0.8 s; peak memory 507 MiB.
2026-10-08T02:34:54Z INFO [437/500] 566d4c31-6066-4a67-81cd-ff4ad24df1f0: 54 chunks; 0.7 s; peak memory 507 MiB.
2026-10-08T02:34:59Z INFO [438/500] 566dd6bd-a059-45cf-aa3f-73bb9ed1d335: 193 chunks; 5.2 s; peak memory 507 MiB.
2026-10-08T02:35:00Z INFO [439/500] 566e40c8-8744-4496-ba4e-8b345763395d: 48 chunks; 0.8 s; peak memory 507 MiB.
2026-10-08T02:35:02Z INFO [440/500] 566ef90b-8334-46a2-ad26-cdd9944513ba: 105 chunks; 1.7 s; peak memory 507 MiB.
2026-10-08T02:35:10Z INFO [441/500] 566f3025-b2db-458d-bbf9-c4f2d1545fd2: 643 chunks; 8.5 s; peak memory 507 MiB.
2026-10-08T02:36:12Z INFO [442/500] 566f98f3-47ba-4723-9ac1-701ee1e9aa51: 17776 chunks; 61.8 s; peak memory 507 MiB.
2026-10-08T02:36:14Z INFO [443/500] 566ff50f-e5f4-4b58-b432-6d337906ce8d: 997 chunks; 1.7 s; peak memory 507 MiB.
2026-10-08T02:36:15Z INFO [444/500] 5671956f-bb93-45f3-8eac-9f3ce83028af: 48 chunks; 0.9 s; peak memory 507 MiB.
2026-10-08T02:36:16Z INFO [445/500] 5672fd51-8bd9-4d62-9abd-0c96c52a4e28: 112 chunks; 1.0 s; peak memory 507 MiB.
2026-10-08T02:36:16Z INFO [446/500] 56730a9d-a30d-401b-bba3-0aad3cc3d517: 48 chunks; 0.7 s; peak memory 507 MiB.
2026-10-08T02:36:17Z INFO [447/500] 5673b206-c8d4-4772-8506-28bae426f0ed: 117 chunks; 1.1 s; peak memory 507 MiB.
2026-10-08T02:36:18Z INFO [448/500] 56744a4f-208c-4905-9ea5-31a948109793: 117 chunks; 0.8 s; peak memory 507 MiB.
2026-10-08T02:36:19Z INFO [449/500] 567466db-e3f9-4628-8dba-f94c4de68621: 83 chunks; 0.9 s; peak memory 507 MiB.
2026-10-08T02:36:21Z INFO [450/500] 5674de3d-aee5-4f9b-95b4-02d9fba8a275: 158 chunks; 1.7 s; peak memory 507 MiB.
2026-10-08T02:36:21Z INFO [450/500] 5674de3d-aee5-4f9b-95b4-02d9fba8a275: checkpointed 88784 records.
2026-10-08T02:36:22Z INFO [451/500] 56760d38-76c4-43e9-871b-62a6d89688f2: 117 chunks; 0.7 s; peak memory 507 MiB.
2026-10-08T02:36:23Z INFO [452/500] 5676a990-9ea8-4b71-9158-8b3faf39c114: 119 chunks; 1.5 s; peak memory 507 MiB.
2026-10-08T02:36:24Z INFO [453/500] 56773c38-47c6-49cb-8fc0-f328f745ea94: 33 chunks; 0.7 s; peak memory 507 MiB.
2026-10-08T02:36:26Z INFO [454/500] 567798e7-da59-4606-8a3d-d69d7548a481: 997 chunks; 1.6 s; peak memory 507 MiB.
2026-10-08T02:36:26Z INFO [455/500] 5677a84a-5df5-498a-89b3-86e9eea3d638: 48 chunks; 0.7 s; peak memory 507 MiB.
2026-10-08T02:36:27Z INFO [456/500] 56783daa-919a-4f87-a53f-265960f34985: 48 chunks; 0.7 s; peak memory 507 MiB.
2026-10-08T02:36:35Z INFO [457/500] 5678d28f-99ce-4c89-8d57-e5b9a207664d: 22342 chunks; 7.9 s; peak memory 507 MiB.
2026-10-08T02:36:37Z INFO [458/500] 567a7bea-68ee-4cf9-b841-80f0e5ed97bc: 156 chunks; 2.0 s; peak memory 507 MiB.
2026-10-08T02:36:38Z INFO [459/500] 567ab7fb-2939-4fa7-80ea-1ad284cced5a: 117 chunks; 0.8 s; peak memory 507 MiB.
2026-10-08T02:36:39Z INFO [460/500] 567c87bd-fbc7-4117-9cb3-23b81e770127: 69 chunks; 0.8 s; peak memory 507 MiB.
2026-10-08T02:36:39Z INFO [461/500] 567cf8c7-20d2-40c5-9d2e-1551ebc86b5b: 48 chunks; 0.7 s; peak memory 507 MiB.
2026-10-08T02:36:40Z INFO [462/500] 567d46c7-fb2f-408a-a892-2a43ab896760: 66 chunks; 1.0 s; peak memory 507 MiB.
2026-10-08T02:36:42Z INFO [463/500] 567da1ad-219e-40d3-a94a-a929d4cd5262: 997 chunks; 2.1 s; peak memory 507 MiB.
2026-10-08T02:36:44Z INFO [464/500] 567db801-2602-4d5b-bf52-47ecbd428519: 199 chunks; 2.1 s; peak memory 507 MiB.
2026-10-08T02:36:46Z INFO [465/500] 567dea6c-aeb2-40a3-aaec-c833350ff810: 62 chunks; 1.1 s; peak memory 507 MiB.
2026-10-08T02:36:50Z INFO [466/500] 567e35a5-9cf3-4d58-ac16-c5d76319f5fb: 1046 chunks; 4.7 s; peak memory 507 MiB.
2026-10-08T02:37:30Z INFO [467/500] 567e6063-e706-40d3-a117-d7ad8a78171f: 25653 chunks; 39.4 s; peak memory 507 MiB.
2026-10-08T02:37:31Z INFO [468/500] 567ea9e9-0105-4d78-9906-9aaeb0baeded: 76 chunks; 1.0 s; peak memory 507 MiB.
2026-10-08T02:37:31Z INFO [469/500] 567f0d15-2661-449a-8b8b-9069924ea5d9: 117 chunks; 0.9 s; peak memory 507 MiB.
2026-10-08T02:37:32Z INFO [470/500] 567f5281-1ffb-45b7-86e6-0b11d0e7ee66: 76 chunks; 1.0 s; peak memory 507 MiB.
2026-10-08T02:37:40Z INFO [471/500] 567f768c-f96c-466e-8614-e39a7272d690: 23707 chunks; 7.5 s; peak memory 507 MiB.
2026-10-08T02:37:41Z INFO [472/500] 567fa8ea-0004-438a-87b0-1983223b62da: 112 chunks; 1.1 s; peak memory 507 MiB.
2026-10-08T02:37:45Z INFO [473/500] 567fd098-ab7d-4709-a9e9-165cfaf8fd08: 2923 chunks; 3.9 s; peak memory 507 MiB.
2026-10-08T02:39:58Z INFO [474/500] 568167d5-f468-4f96-9fae-44f17f490213: 43156 chunks; 132.9 s; peak memory 507 MiB.
2026-10-08T02:39:59Z INFO [475/500] 5681966b-0d91-4fc1-b395-6a1868401648: 156 chunks; 1.6 s; peak memory 507 MiB.
2026-10-08T02:40:00Z INFO [476/500] 5681ce86-7abf-4038-94da-af5726fb7ba4: 117 chunks; 0.9 s; peak memory 507 MiB.
2026-10-08T02:40:05Z INFO [477/500] 5681d666-b1f7-4a48-83ec-5a69fd750f9f: 772 chunks; 4.8 s; peak memory 507 MiB.
2026-10-08T02:40:07Z INFO [478/500] 56821d3d-3a54-4d60-a460-d0221d0f7c23: 119 chunks; 1.4 s; peak memory 507 MiB.
2026-10-08T02:40:10Z INFO [479/500] 5682d84d-0451-4b6f-aff7-ac73def11d92: 8803 chunks; 3.7 s; peak memory 507 MiB.
2026-10-08T02:40:11Z INFO [480/500] 568327ef-fedf-4835-9a7b-31b9d25f9a03: 66 chunks; 1.2 s; peak memory 507 MiB.
2026-10-08T02:40:13Z INFO [481/500] 56837450-2b30-4af5-bfc7-ebafd65f7ac9: 71 chunks; 1.5 s; peak memory 507 MiB.
2026-10-08T02:40:14Z INFO [482/500] 56837cbe-1230-47cb-aff7-4d99fe3868dd: 48 chunks; 0.8 s; peak memory 507 MiB.
2026-10-08T02:40:15Z INFO [483/500] 56838d47-4392-454d-89cf-a4a3a284d678: 66 chunks; 1.0 s; peak memory 507 MiB.
2026-10-08T02:40:15Z INFO [484/500] 5683e8b9-e102-40bd-96f9-1756cf74fdd9: 52 chunks; 0.5 s; peak memory 507 MiB.
2026-10-08T02:40:22Z INFO [485/500] 56849213-4255-45e7-ba06-330c5709fa5b: 17991 chunks; 7.2 s; peak memory 507 MiB.
2026-10-08T02:40:23Z INFO [486/500] 56849bdc-bc43-464e-9d6e-b507e82cb465: 118 chunks; 0.9 s; peak memory 507 MiB.
2026-10-08T02:40:24Z INFO [487/500] 568520d0-57b9-4b89-8746-3777d944988b: 47 chunks; 0.6 s; peak memory 507 MiB.
2026-10-08T02:40:25Z INFO [488/500] 5685c03c-a32b-483e-8667-0158ede60a1f: 66 chunks; 1.1 s; peak memory 507 MiB.
2026-10-08T02:40:26Z INFO [489/500] 56862331-e412-4840-9598-65a1550cbea9: 112 chunks; 0.9 s; peak memory 507 MiB.
2026-10-08T02:40:28Z INFO [490/500] 568656e1-6e60-467d-81a8-195fa6045c6e: 154 chunks; 1.8 s; peak memory 507 MiB.
2026-10-08T02:40:29Z INFO [491/500] 5687a5ea-4564-40a9-9cab-21b6700a89f0: 117 chunks; 1.2 s; peak memory 507 MiB.
2026-10-08T02:40:30Z INFO [492/500] 5687f47a-042e-4b62-957c-acced6d8eabd: 117 chunks; 0.9 s; peak memory 507 MiB.
2026-10-08T02:40:32Z INFO [493/500] 56888fe5-99a2-491c-833e-8be16fc34c29: 156 chunks; 2.2 s; peak memory 507 MiB.
2026-10-08T02:40:33Z INFO [494/500] 56889974-a7de-4e61-930e-0bc83ebf3d49: 118 chunks; 0.9 s; peak memory 507 MiB.
2026-10-08T02:40:34Z INFO [495/500] 5688ccb8-0cf1-423d-be9a-f3db32e1aeb5: 36 chunks; 0.7 s; peak memory 507 MiB.
2026-10-08T02:40:42Z INFO [496/500] 56891f68-a511-4bb9-8e5b-56292bf55448: 357 chunks; 8.1 s; peak memory 507 MiB.
2026-10-08T02:40:47Z INFO [497/500] 56894766-5d9a-4b00-b441-dd4e2d21b82e: 21056 chunks; 5.5 s; peak memory 507 MiB.
2026-10-08T02:40:49Z INFO [498/500] 568a3d05-a6ba-4af8-bd04-e0d0c18ef858: 117 chunks; 1.1 s; peak memory 507 MiB.
2026-10-08T02:40:50Z INFO [499/500] 568a64f2-81b3-419a-8922-8ecb4e2434c5: 71 chunks; 1.9 s; peak memory 507 MiB.
2026-10-08T02:40:51Z INFO [500/500] 568bb538-1ac4-4111-9232-3c7568944f41: 46 chunks; 0.8 s; peak memory 507 MiB.
2026-10-08T02:40:51Z INFO [500/500] 568bb538-1ac4-4111-9232-3c7568944f41: checkpointed 88834 records.
2026-10-08T02:40:52Z INFO Wrote 88834 records to /tmp/derivatives/valid_nwb_file_to_chunk_stats.jsonl (500 new, 0 failed) in 38.4 min (peak memory 507 MiB).
