2026-10-10T01:12:17Z INFO Logging to /tmp/logs/update_2026-10-10T01-12-17Z.log.
2026-10-10T01:12:17Z INFO Update valid-nwb-file-to-chunk-stats (base directory /tmp).
2026-10-10T01:12:18Z INFO Processing 500 items (100834 already recorded).
2026-10-10T01:12:19Z INFO [1/500] 6fc5e99f-ce1e-43e4-936f-1185b5ab2451: 118 chunks; 1.3 s; peak memory 204 MiB.
2026-10-10T01:12:20Z INFO [2/500] 6fc659f4-6519-49f5-9617-2f267712ff82: 66 chunks; 1.2 s; peak memory 205 MiB.
2026-10-10T01:12:23Z INFO [3/500] 6fc79361-70aa-4681-b0ac-2c783d424f16: 324 chunks; 3.3 s; peak memory 210 MiB.
2026-10-10T01:12:31Z INFO [4/500] 6fc7dd0a-2adb-4d56-b83d-14d7e16da0f6: 21195 chunks; 7.9 s; peak memory 249 MiB.
2026-10-10T01:12:48Z INFO [5/500] 6fc7f898-0839-4924-a134-86832da35023: 1155 chunks; 16.7 s; peak memory 249 MiB.
2026-10-10T01:12:49Z INFO [6/500] 6fc89b78-e27e-448b-9e26-1d23fc64957b: 66 chunks; 1.1 s; peak memory 249 MiB.
2026-10-10T01:12:50Z INFO [7/500] 6fc976dc-63ff-4b8b-84fa-c113800e4351: 490 chunks; 1.3 s; peak memory 249 MiB.
2026-10-10T01:12:55Z INFO [8/500] 6fcac978-3164-498d-b67c-f0dd672c3363: 15172 chunks; 4.2 s; peak memory 250 MiB.
2026-10-10T01:12:55Z INFO [9/500] 6fcc31e6-eca6-474e-9173-884257cc49cf: 48 chunks; 0.7 s; peak memory 250 MiB.
2026-10-10T01:12:56Z INFO [10/500] 6fcc33e4-c8ec-48d4-bc2e-eab41b360fe8: 557 chunks; 0.9 s; peak memory 250 MiB.
2026-10-10T01:12:58Z INFO [11/500] 6fcc910c-1583-4792-b240-307ac59a631b: 119 chunks; 1.6 s; peak memory 250 MiB.
2026-10-10T01:13:05Z INFO [12/500] 6fcce9fd-4273-405b-b582-7f505a302504: 4579 chunks; 7.6 s; peak memory 273 MiB.
2026-10-10T01:13:06Z INFO [13/500] 6fcddce6-3fcf-4f27-80d7-2c02fe6e9917: 117 chunks; 0.9 s; peak memory 273 MiB.
2026-10-10T01:13:09Z INFO [14/500] 6fcde5fc-342a-4ca6-aebe-7b2eb862e32d: 90 chunks; 2.1 s; peak memory 273 MiB.
2026-10-10T01:13:09Z INFO [15/500] 6fcdf6cd-0604-4e31-a709-e448ff2af7d4: 112 chunks; 0.9 s; peak memory 273 MiB.
2026-10-10T01:13:10Z INFO [16/500] 6fce1768-23c9-42ec-b6ba-71e285e6ae72: 103 chunks; 1.0 s; peak memory 273 MiB.
2026-10-10T01:13:11Z INFO [17/500] 6fce972e-b08c-4a16-aab2-cf2141b8ddf0: 118 chunks; 0.8 s; peak memory 273 MiB.
2026-10-10T01:13:13Z INFO [18/500] 6fcecbe6-d61f-498f-b5cc-562bc9421f7d: 71 chunks; 1.4 s; peak memory 273 MiB.
2026-10-10T01:13:15Z INFO [19/500] 6fcfabee-5cd7-4946-bb96-ba7e84f9e247: 116 chunks; 2.0 s; peak memory 273 MiB.
2026-10-10T01:13:15Z INFO [20/500] 6fcff83b-5503-4c8b-9eb7-d673c0538dcf: 48 chunks; 0.8 s; peak memory 273 MiB.
2026-10-10T01:13:16Z INFO [21/500] 6fd036ba-f9fd-40ec-b18f-a8247fc08931: 117 chunks; 0.8 s; peak memory 273 MiB.
2026-10-10T01:13:17Z INFO [22/500] 6fd14358-90c2-44e8-8821-303634c8fad7: 116 chunks; 0.7 s; peak memory 273 MiB.
2026-10-10T01:13:31Z INFO [23/500] 6fd16ae7-10f0-4b08-a510-7734715a43df: 10298 chunks; 13.8 s; peak memory 321 MiB.
2026-10-10T01:13:32Z INFO [24/500] 6fd1701a-5d7a-4daf-adcb-3afde8a29351: 48 chunks; 0.7 s; peak memory 321 MiB.
2026-10-10T01:13:32Z INFO [25/500] 6fd313c4-5653-460b-b02c-815e748f7ee9: 48 chunks; 0.8 s; peak memory 321 MiB.
2026-10-10T01:13:34Z INFO [26/500] 6fd3e1f1-2124-4ce0-8592-04aa1eb4124d: 997 chunks; 1.5 s; peak memory 321 MiB.
2026-10-10T01:13:35Z INFO [27/500] 6fd3e2ee-9cd6-4faf-9687-e60a43a13684: 117 chunks; 0.8 s; peak memory 321 MiB.
2026-10-10T01:13:35Z INFO [28/500] 6fd4e1ef-effd-4f34-bf47-1afdb2e090ac: 112 chunks; 0.9 s; peak memory 321 MiB.
2026-10-10T01:13:36Z INFO [29/500] 6fd4e3a3-6663-4891-8a8f-1825a9f19536: 36 chunks; 0.7 s; peak memory 321 MiB.
2026-10-10T01:13:47Z INFO [30/500] 6fd57938-1de3-4adb-9e53-f1167923af1c: 40218 chunks; 10.8 s; peak memory 321 MiB.
2026-10-10T01:13:48Z INFO [31/500] 6fd58b53-22d7-4579-a637-d8f1e1ebc67f: 49 chunks; 0.7 s; peak memory 321 MiB.
2026-10-10T01:13:58Z INFO [32/500] 6fd641e6-c519-464d-aa58-790fc2375b9d: 11089 chunks; 10.2 s; peak memory 321 MiB.
2026-10-10T01:13:59Z INFO [33/500] 6fd670c3-3501-46d4-a061-5d571fa37eda: 48 chunks; 0.6 s; peak memory 321 MiB.
2026-10-10T01:13:59Z INFO [34/500] 6fd8cd65-3af3-484f-b82b-64840c0187d4: 44 chunks; 0.6 s; peak memory 321 MiB.
2026-10-10T01:14:00Z INFO [35/500] 6fd977f2-21fe-4bed-8a49-413e6c010fa6: 48 chunks; 0.8 s; peak memory 321 MiB.
2026-10-10T01:14:01Z INFO [36/500] 6fda3fa0-ac11-4235-b24a-e04470b518ff: 48 chunks; 0.7 s; peak memory 321 MiB.
2026-10-10T01:14:04Z INFO [37/500] 6fda84e8-d11f-4aba-8d4b-f94929b131b9: 2922 chunks; 3.5 s; peak memory 321 MiB.
2026-10-10T01:14:06Z INFO [38/500] 6fdb9cca-27f6-4b00-b654-a554c3c3ac8c: 997 chunks; 1.5 s; peak memory 321 MiB.
2026-10-10T01:14:07Z INFO [39/500] 6fdbc7a2-1d7d-4590-abed-3ef42bec3a66: 74 chunks; 1.2 s; peak memory 321 MiB.
2026-10-10T01:14:08Z INFO [40/500] 6fdd8e2b-f96f-4f04-a33b-52f621a3dc3c: 117 chunks; 0.8 s; peak memory 321 MiB.
2026-10-10T01:14:09Z INFO [41/500] 6fdd9ccf-4e44-4535-9c05-6aab0d39c197: 110 chunks; 0.9 s; peak memory 321 MiB.
2026-10-10T01:14:32Z INFO [42/500] 6fde50a3-9247-447e-ab1b-ecd9d5673315: 6576 chunks; 23.4 s; peak memory 321 MiB.
2026-10-10T01:14:33Z INFO [43/500] 6fdeba90-92fb-48e7-be0b-64178f0aa726: 112 chunks; 0.9 s; peak memory 321 MiB.
2026-10-10T01:14:34Z INFO [44/500] 6fdec22f-ddd8-46a2-a7b7-a57253490a1f: 168 chunks; 1.5 s; peak memory 321 MiB.
2026-10-10T01:15:16Z INFO [45/500] 6fdff2b4-c17c-4de3-a5f2-6ae36b49feef: 25397 chunks; 41.8 s; peak memory 325 MiB.
2026-10-10T01:15:18Z INFO [46/500] 6fe0e3bc-7910-406f-b39f-3117e14eeb0d: 119 chunks; 1.5 s; peak memory 325 MiB.
2026-10-10T01:15:19Z INFO [47/500] 6fe1b033-81a2-41cf-8e55-d24af761bdf3: 106 chunks; 1.5 s; peak memory 325 MiB.
2026-10-10T01:15:28Z INFO [48/500] 6fe2030a-c0ce-473a-913f-19bbc78a33f7: 271 chunks; 9.2 s; peak memory 325 MiB.
2026-10-10T01:15:32Z INFO [49/500] 6fe230e3-d632-4106-8d0e-a8ff028f2f1d: 231 chunks; 3.6 s; peak memory 325 MiB.
2026-10-10T01:20:45Z INFO [50/500] 6fe36830-b8c5-40f5-9dbb-0cda83b04c98: 1916257 chunks; 312.7 s; peak memory 1420 MiB.
2026-10-10T01:20:45Z INFO [50/500] 6fe36830-b8c5-40f5-9dbb-0cda83b04c98: checkpointed 100884 new records.
2026-10-10T01:20:46Z INFO [51/500] 6fe5034e-e5ca-4f18-b882-d3b53fe2d9de: 118 chunks; 0.8 s; peak memory 1420 MiB.
2026-10-10T01:21:13Z INFO [52/500] 6fe51afc-c827-4c00-b973-4b2852367641: 16476 chunks; 26.8 s; peak memory 1420 MiB.
2026-10-10T01:21:13Z INFO [53/500] 6fe5bf16-0ecc-490b-a879-9ac8cd9e11f5: 46 chunks; 0.6 s; peak memory 1420 MiB.
2026-10-10T01:21:14Z INFO [54/500] 6fe60bfc-660f-4044-b96f-cdd7264a22e5: 117 chunks; 1.0 s; peak memory 1420 MiB.
2026-10-10T01:21:15Z INFO [55/500] 6fe6b769-737b-4f6b-b397-ebb4fa4fa8df: 1062 chunks; 1.2 s; peak memory 1420 MiB.
2026-10-10T01:21:21Z INFO [56/500] 6fe72fc3-8cf9-42a6-982a-fd087a73d258: 990 chunks; 5.4 s; peak memory 1420 MiB.
2026-10-10T01:21:30Z INFO [57/500] 6fe740ae-4909-445c-8e37-3b0267b88064: 27583 chunks; 9.7 s; peak memory 1420 MiB.
2026-10-10T01:21:33Z INFO [58/500] 6fe85b3b-1ed3-4041-b934-11f07ddad408: 633 chunks; 2.7 s; peak memory 1420 MiB.
2026-10-10T01:21:35Z INFO [59/500] 6fe99c4a-e55a-446c-aaef-e162e3df681d: 80 chunks; 2.1 s; peak memory 1420 MiB.
2026-10-10T01:21:36Z INFO [60/500] 6fe9da22-179b-4b25-8dcf-ebb205a5c7ea: 117 chunks; 0.8 s; peak memory 1420 MiB.
2026-10-10T01:21:38Z INFO [61/500] 6fe9f52d-af51-4b91-9c28-08f8cc0a4d72: 156 chunks; 2.3 s; peak memory 1420 MiB.
2026-10-10T01:21:39Z INFO [62/500] 6fe9f7ae-387b-4ebf-bfe4-80f61c39e3eb: 118 chunks; 0.9 s; peak memory 1420 MiB.
2026-10-10T01:21:40Z INFO [63/500] 6fea45a1-4df0-4ba4-95db-14b2fc0c35fe: 66 chunks; 1.1 s; peak memory 1420 MiB.
2026-10-10T01:21:41Z INFO [64/500] 6fec7080-c1f1-4ece-9ce9-988e66270a15: 52 chunks; 0.6 s; peak memory 1420 MiB.
2026-10-10T01:22:41Z INFO [65/500] 6fecd619-905a-4d3c-a998-89fa92d00d0a: 9989 chunks; 60.1 s; peak memory 1420 MiB.
2026-10-10T01:22:42Z INFO [66/500] 6fecddb4-3c13-4c25-b466-d7d504f4b718: 116 chunks; 0.8 s; peak memory 1420 MiB.
2026-10-10T01:22:43Z INFO [67/500] 6fedc994-7660-480e-9b98-8e71ef8ab0b4: 71 chunks; 1.3 s; peak memory 1420 MiB.
2026-10-10T01:22:45Z INFO [68/500] 6fee0df0-4013-496c-882f-43e5fe25fb79: 156 chunks; 2.2 s; peak memory 1420 MiB.
2026-10-10T01:22:46Z INFO [69/500] 6fee634d-51a0-42df-9569-64b0a9418746: 112 chunks; 1.0 s; peak memory 1420 MiB.
2026-10-10T01:22:48Z INFO [70/500] 6fee8f91-0a08-4283-b49a-15b77e1d657f: 71 chunks; 1.2 s; peak memory 1420 MiB.
2026-10-10T01:22:49Z INFO [71/500] 6feeb336-16d1-44b2-8039-0a48bbf2bbdb: 69 chunks; 1.1 s; peak memory 1420 MiB.
2026-10-10T01:22:52Z INFO [72/500] 6feee7e7-3ae7-4071-a194-785fcaf77df2: 7099 chunks; 2.8 s; peak memory 1420 MiB.
2026-10-10T01:22:52Z INFO [73/500] 6fef0588-443f-43ff-b1a2-f2d1af99c02f: 64 chunks; 0.7 s; peak memory 1420 MiB.
2026-10-10T01:22:53Z INFO [74/500] 6fef421c-4795-4950-bfe6-161408866c1d: 48 chunks; 0.7 s; peak memory 1420 MiB.
2026-10-10T01:23:04Z INFO [75/500] 6fefaaa9-4012-478e-9133-a8df7525cf08: 4784 chunks; 10.6 s; peak memory 1420 MiB.
2026-10-10T01:23:06Z INFO [76/500] 6fefcec7-625c-4afd-9f6d-d197ee05662c: 145 chunks; 2.0 s; peak memory 1420 MiB.
2026-10-10T01:23:06Z INFO [77/500] 6fefed41-4d23-40ff-9693-17630cadc154: 48 chunks; 0.6 s; peak memory 1420 MiB.
2026-10-10T01:23:07Z INFO [78/500] 6ff011ac-dc49-406c-adab-1c5fbd391712: 70 chunks; 1.0 s; peak memory 1420 MiB.
2026-10-10T01:23:08Z INFO [79/500] 6ff1a971-b4f3-459e-a0fc-b147acf0c716: 69 chunks; 1.1 s; peak memory 1420 MiB.
2026-10-10T01:23:09Z INFO [80/500] 6ff234ec-0e10-4be4-a28f-cb58ca6caf5f: 117 chunks; 0.8 s; peak memory 1420 MiB.
2026-10-10T01:23:10Z INFO [81/500] 6ff291fa-93bf-4fae-9a99-eb39cc2a4c64: 48 chunks; 0.8 s; peak memory 1420 MiB.
2026-10-10T01:23:11Z INFO [82/500] 6ff297b5-9c7d-4916-8f41-61174aa12f4a: 67 chunks; 0.8 s; peak memory 1420 MiB.
2026-10-10T01:23:12Z INFO [83/500] 6ff2e695-3a9b-4966-a865-4a9a60452da6: 78 chunks; 1.2 s; peak memory 1420 MiB.
2026-10-10T01:23:17Z INFO [84/500] 6ff35204-00ba-4f52-8b42-6a7a2fb25662: 4151 chunks; 5.1 s; peak memory 1420 MiB.
2026-10-10T01:23:18Z INFO [85/500] 6ff35717-0565-4643-818f-a520fa010cec: 112 chunks; 1.1 s; peak memory 1420 MiB.
2026-10-10T01:23:19Z INFO [86/500] 6ff3ff58-79b9-473a-a8cc-00588dfc9ade: 83 chunks; 1.0 s; peak memory 1420 MiB.
2026-10-10T01:23:22Z INFO [87/500] 6ff415d5-7e67-45b4-b1de-54d3f91b82a2: 2085 chunks; 3.0 s; peak memory 1420 MiB.
2026-10-10T01:23:23Z INFO [88/500] 6ff47305-e0d0-4061-bb4a-640e178d73d5: 66 chunks; 1.2 s; peak memory 1420 MiB.
2026-10-10T01:23:24Z INFO [89/500] 6ff4ce05-8a43-4c22-8fb7-c30e0826ae02: 69 chunks; 0.8 s; peak memory 1420 MiB.
2026-10-10T01:23:26Z INFO [90/500] 6ff58d5c-6434-430a-81f4-dbd60e543133: 119 chunks; 1.8 s; peak memory 1420 MiB.
2026-10-10T01:23:27Z INFO [91/500] 6ff6a76b-9e7b-4afb-adc8-7976408b64e9: 78 chunks; 1.5 s; peak memory 1420 MiB.
2026-10-10T01:23:30Z INFO [92/500] 6ff78c42-7c1c-492d-ac48-cf39f5a3870f: 1450 chunks; 2.3 s; peak memory 1420 MiB.
2026-10-10T01:23:31Z INFO [93/500] 6ff7a1a6-27ab-423a-95e8-01b7f8c696f8: 116 chunks; 0.9 s; peak memory 1420 MiB.
2026-10-10T01:23:38Z INFO [94/500] 6ff7f8c4-b154-498e-a999-514a2ab3ada8: 21952 chunks; 7.6 s; peak memory 1420 MiB.
2026-10-10T01:23:39Z INFO [95/500] 6ff8835c-d2d7-4980-806a-7cc88c84e35f: 57 chunks; 0.6 s; peak memory 1420 MiB.
2026-10-10T01:23:40Z INFO [96/500] 6ff8ae02-b46b-43e9-8f6c-6f2319e2881f: 117 chunks; 0.9 s; peak memory 1420 MiB.
2026-10-10T01:23:40Z INFO [97/500] 6ff94d12-4dea-4a77-8a5c-ed328739f718: 50 chunks; 0.6 s; peak memory 1420 MiB.
2026-10-10T01:23:41Z INFO [98/500] 6ff9af95-68e4-435c-90df-2cf55f767420: 116 chunks; 0.8 s; peak memory 1420 MiB.
2026-10-10T01:23:42Z INFO [99/500] 6ffa3f2c-ceef-4706-a3a4-4fdb15704bbc: 62 chunks; 0.7 s; peak memory 1420 MiB.
2026-10-10T01:23:43Z INFO [100/500] 6ffa5071-2d6a-4e22-93df-f554b3deca74: 117 chunks; 0.9 s; peak memory 1420 MiB.
2026-10-10T01:23:43Z INFO [100/500] 6ffa5071-2d6a-4e22-93df-f554b3deca74: checkpointed 100934 new records.
2026-10-10T01:23:51Z INFO [101/500] 6ffa6641-d133-49ad-bf80-b6a698db8b47: 12832 chunks; 7.8 s; peak memory 1420 MiB.
2026-10-10T01:23:52Z INFO [102/500] 6ffa668f-ac12-4365-b7c8-b2baf6ac4187: 118 chunks; 0.9 s; peak memory 1420 MiB.
2026-10-10T01:23:53Z INFO [103/500] 6ffabede-e45f-4ce9-89c5-a4d6f17db58f: 142 chunks; 1.5 s; peak memory 1420 MiB.
2026-10-10T01:23:54Z INFO [104/500] 6ffb5106-230d-43e5-a2c3-6999c861cf1e: 110 chunks; 0.7 s; peak memory 1420 MiB.
2026-10-10T01:23:55Z INFO [105/500] 6ffb584c-ac5d-467e-9765-3172347029ec: 48 chunks; 0.8 s; peak memory 1420 MiB.
2026-10-10T01:23:55Z INFO [106/500] 6ffc080a-a9a8-4bff-87a9-fa2f9f2c5b8b: 117 chunks; 0.7 s; peak memory 1420 MiB.
2026-10-10T01:23:57Z INFO [107/500] 6ffcb039-fb42-4dd9-9518-d2f99b2155e2: 66 chunks; 1.2 s; peak memory 1420 MiB.
2026-10-10T01:24:00Z INFO [108/500] 6ffd5f2b-160a-4381-8e70-12d800ef7c82: 436 chunks; 3.5 s; peak memory 1420 MiB.
2026-10-10T01:24:01Z INFO [109/500] 6ffd6563-e380-4fb1-91f6-1b7846184c58: 152 chunks; 1.4 s; peak memory 1420 MiB.
2026-10-10T01:24:02Z INFO [110/500] 6ffd8184-c57f-49ab-9642-df2221d2cf2b: 112 chunks; 0.8 s; peak memory 1420 MiB.
2026-10-10T01:24:03Z INFO [111/500] 6ffeff10-2a6e-4e21-8418-622c68a1e723: 48 chunks; 0.6 s; peak memory 1420 MiB.
2026-10-10T01:24:07Z INFO [112/500] 6fff52ed-b7ac-499b-b4ba-46fc661690f8: 238 chunks; 4.0 s; peak memory 1420 MiB.
2026-10-10T01:24:14Z INFO [113/500] 70002eb4-c502-44cd-ba5c-fb32ef82ce66: 24691 chunks; 6.8 s; peak memory 1420 MiB.
2026-10-10T01:24:14Z INFO [114/500] 70005e16-4fa7-4286-8789-19e04c1b7af0: 48 chunks; 0.8 s; peak memory 1420 MiB.
2026-10-10T01:24:15Z INFO [115/500] 700074f5-e872-4720-8b66-d8119f2de73e: 48 chunks; 0.7 s; peak memory 1420 MiB.
2026-10-10T01:24:18Z INFO [116/500] 7000e6fa-d41a-46d1-890a-42c170155314: 9264 chunks; 3.0 s; peak memory 1420 MiB.
2026-10-10T01:35:18Z INFO [117/500] 7001107e-ba22-42a4-b54a-f09023fe9a47: 291681 chunks; 660.3 s; peak memory 1420 MiB.
2026-10-10T01:35:41Z INFO [118/500] 70014141-dfc8-4d13-956f-afe2fe20395c: 7003 chunks; 22.1 s; peak memory 1420 MiB.
2026-10-10T01:35:41Z INFO [119/500] 70018972-5e6e-472a-a4ce-c55f66eb93e9: 116 chunks; 0.8 s; peak memory 1420 MiB.
2026-10-10T01:35:42Z INFO [120/500] 70022345-77a9-41a6-ad19-c169a3be7a46: 46 chunks; 0.6 s; peak memory 1420 MiB.
2026-10-10T01:35:43Z INFO [121/500] 700229cf-1a3e-4725-8ab1-e7f119ca9636: 118 chunks; 0.9 s; peak memory 1420 MiB.
2026-10-10T01:35:44Z INFO [122/500] 70026cfc-c108-40cb-99d9-a99304dac1cf: 117 chunks; 0.9 s; peak memory 1420 MiB.
2026-10-10T01:35:45Z INFO [123/500] 70028e76-2a08-417a-8881-b8801fe83534: 48 chunks; 0.7 s; peak memory 1420 MiB.
2026-10-10T01:35:45Z INFO [124/500] 7002be2f-173f-4b5d-bced-83866d81d533: 52 chunks; 0.9 s; peak memory 1420 MiB.
2026-10-10T01:35:46Z INFO [125/500] 7002e937-1e6f-4833-b938-54358922ac95: 52 chunks; 0.8 s; peak memory 1420 MiB.
2026-10-10T01:35:47Z INFO [126/500] 700303dd-55e6-4248-8968-8d979994ad36: 66 chunks; 1.2 s; peak memory 1420 MiB.
2026-10-10T01:35:48Z INFO [127/500] 7003306f-59fc-4be5-932f-101a83d42deb: 69 chunks; 0.6 s; peak memory 1420 MiB.
2026-10-10T01:35:49Z INFO [128/500] 7003343f-7ed9-4476-a10d-bb505c89bc67: 46 chunks; 0.6 s; peak memory 1420 MiB.
2026-10-10T01:35:50Z INFO [129/500] 700414f3-c28b-4d5b-bbd2-3586a39c1e57: 125 chunks; 1.5 s; peak memory 1420 MiB.
2026-10-10T01:35:51Z INFO [130/500] 70054e08-7b12-4ef6-baac-2363a5609b9f: 45 chunks; 0.7 s; peak memory 1420 MiB.
2026-10-10T01:35:52Z INFO [131/500] 70074e0e-636a-4628-8392-19dbc489acb4: 112 chunks; 1.1 s; peak memory 1420 MiB.
2026-10-10T01:35:53Z INFO [132/500] 700750a1-f4db-4985-91a4-6de3e7b9a6d3: 117 chunks; 0.7 s; peak memory 1420 MiB.
2026-10-10T01:35:54Z INFO [133/500] 7007ed9e-5c14-4982-a7d8-c8b093beb5c0: 289 chunks; 1.0 s; peak memory 1420 MiB.
2026-10-10T01:35:54Z INFO [134/500] 70094106-ab62-4180-b0e4-6ab418ae4097: 112 chunks; 0.8 s; peak memory 1420 MiB.
2026-10-10T01:36:01Z INFO [135/500] 70095b4e-f73a-4378-a546-f030b0045865: 21393 chunks; 6.2 s; peak memory 1420 MiB.
2026-10-10T01:36:06Z INFO [136/500] 70097638-bde6-417e-80e9-e4db3c9d6b2c: 336 chunks; 5.4 s; peak memory 1420 MiB.
2026-10-10T01:36:08Z INFO [137/500] 700991b8-861c-4b95-a550-eb1ef7629431: 71 chunks; 1.7 s; peak memory 1420 MiB.
2026-10-10T01:36:14Z INFO [138/500] 700bf7b2-363c-48d0-9355-2fb4c0ac2522: 1732 chunks; 6.7 s; peak memory 1420 MiB.
2026-10-10T01:36:24Z INFO [139/500] 700c821f-4cca-4aa1-a742-582260a8ef3e: 331 chunks; 9.8 s; peak memory 1420 MiB.
2026-10-10T01:36:26Z INFO [140/500] 700cd4f2-2d9c-478b-abf6-8cc7ee5fb0a8: 1641 chunks; 2.0 s; peak memory 1420 MiB.
2026-10-10T01:36:29Z INFO [141/500] 700d89a8-57f8-4a24-aed1-b5665ca73abc: 2922 chunks; 3.4 s; peak memory 1420 MiB.
2026-10-10T01:36:34Z INFO [142/500] 700e5935-9a18-4358-9fc8-0fb84a2216b1: 707 chunks; 4.2 s; peak memory 1420 MiB.
2026-10-10T01:36:34Z INFO [143/500] 700ebd19-6eec-4b97-ac12-dc1335a148bc: 48 chunks; 0.7 s; peak memory 1420 MiB.
2026-10-10T01:36:40Z INFO [144/500] 700f6367-c66d-4b95-b46f-9bec561566bd: 19349 chunks; 5.8 s; peak memory 1420 MiB.
2026-10-10T01:36:41Z INFO [145/500] 700f843d-9375-416c-9aaf-de54d0e5d85e: 48 chunks; 0.9 s; peak memory 1420 MiB.
2026-10-10T01:36:42Z INFO [146/500] 700fbe29-442c-41e9-aad4-d53ff783930e: 48 chunks; 0.7 s; peak memory 1420 MiB.
2026-10-10T01:36:43Z INFO [147/500] 700fcd79-1aa0-421c-8b6f-790aeb5a43bd: 110 chunks; 0.8 s; peak memory 1420 MiB.
2026-10-10T01:36:47Z INFO [148/500] 7010161f-d488-425b-89b7-2db70a083517: 238 chunks; 3.9 s; peak memory 1420 MiB.
2026-10-10T01:36:48Z INFO [149/500] 70104e71-9ddd-4012-a746-398c1de96785: 117 chunks; 0.9 s; peak memory 1420 MiB.
2026-10-10T01:36:49Z INFO [150/500] 7010f6fd-6efc-4ae3-80c3-df899677f7ae: 112 chunks; 1.1 s; peak memory 1420 MiB.
2026-10-10T01:36:49Z INFO [150/500] 7010f6fd-6efc-4ae3-80c3-df899677f7ae: checkpointed 100984 new records.
2026-10-10T01:36:55Z INFO [151/500] 7010fd50-9574-4731-ae3a-bf66c29ca587: 11730 chunks; 6.5 s; peak memory 1420 MiB.
2026-10-10T01:36:56Z INFO [152/500] 70115ef0-5eee-4dc1-bb62-7a77b46d2fae: 118 chunks; 0.9 s; peak memory 1420 MiB.
2026-10-10T01:36:57Z INFO [153/500] 70120b34-c385-46f2-9b93-1845625b4631: 66 chunks; 0.8 s; peak memory 1420 MiB.
2026-10-10T01:36:58Z INFO [154/500] 7013ecc0-e112-4930-b4d6-43981fd1210b: 48 chunks; 0.8 s; peak memory 1420 MiB.
2026-10-10T01:36:59Z INFO [155/500] 7014616d-ea86-4548-9647-093c52407b29: 116 chunks; 0.8 s; peak memory 1420 MiB.
2026-10-10T01:37:00Z INFO [156/500] 7014a66e-15cb-480f-a972-0e2941e8afaf: 48 chunks; 0.7 s; peak memory 1420 MiB.
2026-10-10T01:37:00Z INFO [157/500] 70160974-8a76-4b2b-819d-0e91ca07b37c: 48 chunks; 0.6 s; peak memory 1420 MiB.
2026-10-10T01:37:01Z INFO [158/500] 70163500-e4fd-4a6e-994f-f1edcf1413fa: 937 chunks; 1.2 s; peak memory 1420 MiB.
2026-10-10T01:37:02Z INFO [159/500] 70170746-a7e1-439f-9e36-f46b238f41d5: 48 chunks; 0.7 s; peak memory 1420 MiB.
2026-10-10T01:37:03Z INFO [160/500] 7017f52c-3b31-4ad5-94b9-c25c4a628c53: 59 chunks; 0.9 s; peak memory 1420 MiB.
2026-10-10T01:37:04Z INFO [161/500] 7018a5d1-57cb-40a4-a071-efa957321424: 48 chunks; 0.7 s; peak memory 1420 MiB.
2026-10-10T01:37:05Z INFO [162/500] 7018db80-ec8b-4fe3-915d-c5597a57e4e9: 112 chunks; 0.9 s; peak memory 1420 MiB.
2026-10-10T01:37:05Z INFO [163/500] 701a11b7-44e5-4c74-9d78-93117b62671b: 37 chunks; 0.4 s; peak memory 1420 MiB.
2026-10-10T01:37:06Z INFO [164/500] 701a2cfb-6ea7-48a5-a268-90f895d2751a: 84 chunks; 0.7 s; peak memory 1420 MiB.
2026-10-10T01:37:12Z INFO [165/500] 701b4320-27cf-45f4-94ff-89809d9f3ab6: 391 chunks; 5.9 s; peak memory 1420 MiB.
2026-10-10T01:37:13Z INFO [166/500] 701bb747-b79b-4000-a76b-8c1b3a94ba3c: 42 chunks; 0.9 s; peak memory 1420 MiB.
2026-10-10T01:37:14Z INFO [167/500] 701c652b-7e18-40b2-9a5e-4c58c53c44b8: 62 chunks; 1.0 s; peak memory 1420 MiB.
2026-10-10T01:37:14Z INFO [168/500] 701c6ad8-5498-4796-bdf3-e1b57c064429: 117 chunks; 0.8 s; peak memory 1420 MiB.
2026-10-10T01:37:16Z INFO [169/500] 701c7cf4-ad1c-451c-9398-426aa645b07d: 106 chunks; 1.1 s; peak memory 1420 MiB.
2026-10-10T01:37:24Z INFO [170/500] 701daf2d-7647-4b18-a4ce-7d22399ac8b3: 21525 chunks; 8.8 s; peak memory 1420 MiB.
2026-10-10T01:37:27Z INFO [171/500] 701dd2be-6aea-44c4-b9f4-cc034f4f69e2: 10169 chunks; 2.9 s; peak memory 1420 MiB.
2026-10-10T01:37:29Z INFO [172/500] 701e1475-cb2c-49f8-90dc-b37fbdefaa94: 71 chunks; 1.4 s; peak memory 1420 MiB.
2026-10-10T01:37:30Z INFO [173/500] 701e2ddc-6b33-423d-9d18-3c355d4e7e4d: 117 chunks; 0.8 s; peak memory 1420 MiB.
2026-10-10T01:37:30Z INFO [174/500] 701e384d-7423-4491-a072-eb07a9daa9c7: 64 chunks; 0.9 s; peak memory 1420 MiB.
2026-10-10T01:37:32Z INFO [175/500] 701f2907-6006-4bd2-97b3-701fca8d56c6: 933 chunks; 1.4 s; peak memory 1420 MiB.
2026-10-10T01:37:33Z INFO [176/500] 701f968a-3178-4f56-a57c-2b4f220b67b0: 132 chunks; 0.8 s; peak memory 1420 MiB.
2026-10-10T01:37:34Z INFO [177/500] 7020944a-fad2-4ca3-a21a-7fb3ebed4cde: 66 chunks; 1.3 s; peak memory 1420 MiB.
2026-10-10T01:37:35Z INFO [178/500] 70220c83-9aed-4f6d-9070-ef09e63f8e21: 62 chunks; 1.0 s; peak memory 1420 MiB.
2026-10-10T01:37:36Z INFO [179/500] 7022e298-7094-431c-a0b6-45a985554777: 64 chunks; 1.0 s; peak memory 1420 MiB.
2026-10-10T01:37:37Z INFO [180/500] 7023302e-1949-45af-b788-b205037181bb: 71 chunks; 1.4 s; peak memory 1420 MiB.
2026-10-10T01:37:38Z INFO [181/500] 7023ca7b-27dd-4000-b884-8983886a974f: 57 chunks; 0.5 s; peak memory 1420 MiB.
2026-10-10T01:37:39Z INFO [182/500] 7025de32-bca8-4821-b8c6-a4cbe589fb91: 48 chunks; 0.7 s; peak memory 1420 MiB.
2026-10-10T01:37:40Z INFO [183/500] 7025e1ad-3165-48b6-a374-852515e5dd0b: 110 chunks; 1.0 s; peak memory 1420 MiB.
2026-10-10T01:37:40Z INFO [184/500] 70261ab8-b491-4c4e-90bc-64382f426d03: 69 chunks; 0.9 s; peak memory 1420 MiB.
2026-10-10T01:37:41Z INFO [185/500] 70265e71-4d5c-4a5f-968b-705a33b5d448: 54 chunks; 0.5 s; peak memory 1420 MiB.
2026-10-10T01:37:42Z INFO [186/500] 7026c92c-ae3c-488b-b7cc-71d90de53abc: 52 chunks; 0.6 s; peak memory 1420 MiB.
2026-10-10T01:37:43Z INFO [187/500] 7026d928-0fdd-4214-ba0b-647ef3d197b9: 47 chunks; 1.2 s; peak memory 1420 MiB.
2026-10-10T01:37:47Z INFO [188/500] 70273ed1-a9f9-41e3-a243-bd8da89f4c63: 414 chunks; 3.9 s; peak memory 1420 MiB.
2026-10-10T01:37:47Z INFO [189/500] 702857a5-eb5f-49ee-8fa0-292c2cfbe8f9: 23 chunks; 0.8 s; peak memory 1420 MiB.
2026-10-10T01:37:54Z INFO [190/500] 702904b1-63fb-48be-a291-ab7f099a9164: 8303 chunks; 6.7 s; peak memory 1420 MiB.
2026-10-10T01:37:55Z INFO [191/500] 7029562f-486a-4a0e-9efc-4e2bb017ecef: 121 chunks; 0.6 s; peak memory 1420 MiB.
2026-10-10T01:37:55Z INFO [192/500] 70299ce5-039b-4de0-95a0-f1ac2a23287d: 92 chunks; 0.7 s; peak memory 1420 MiB.
2026-10-10T01:37:56Z INFO [193/500] 7029eb59-f1a4-48e2-abb1-c3c6c063fbd7: 116 chunks; 0.8 s; peak memory 1420 MiB.
2026-10-10T01:37:57Z INFO [194/500] 702ba38f-03d4-4436-9968-5f5964790abb: 113 chunks; 0.8 s; peak memory 1420 MiB.
2026-10-10T01:37:58Z INFO [195/500] 702c1f15-4426-4b67-8ff3-a20980058727: 117 chunks; 0.8 s; peak memory 1420 MiB.
2026-10-10T01:37:59Z INFO [196/500] 702c3a86-17ca-4c1d-a0bd-7c58bbf4a3d8: 112 chunks; 0.9 s; peak memory 1420 MiB.
2026-10-10T01:37:59Z INFO [197/500] 702ce84d-f255-4e5a-b426-a2ddef82a227: 48 chunks; 0.6 s; peak memory 1420 MiB.
2026-10-10T01:38:00Z INFO [198/500] 702d7fd8-ae96-4e5d-a8c4-30a2e678eb0e: 112 chunks; 1.0 s; peak memory 1420 MiB.
2026-10-10T01:38:01Z INFO [199/500] 702df033-e419-4e79-8b6b-96da670f82a4: 48 chunks; 0.7 s; peak memory 1420 MiB.
2026-10-10T01:38:09Z INFO [200/500] 702e17af-673f-4027-9a29-4d3a5a67f952: 3108 chunks; 8.1 s; peak memory 1420 MiB.
2026-10-10T01:38:09Z INFO [200/500] 702e17af-673f-4027-9a29-4d3a5a67f952: checkpointed 101034 new records.
2026-10-10T01:38:10Z INFO [201/500] 702e232b-c8e2-4fee-bac9-d98d2520c422: 112 chunks; 0.9 s; peak memory 1420 MiB.
2026-10-10T01:38:16Z INFO [202/500] 702e6cc1-94f8-4ece-9008-e39182f90c69: 1053 chunks; 5.2 s; peak memory 1420 MiB.
2026-10-10T01:38:16Z INFO [203/500] 702ec1df-c2e2-4498-bd6c-098b12fba9e6: 52 chunks; 0.7 s; peak memory 1420 MiB.
2026-10-10T01:38:17Z INFO [204/500] 702ee306-8cd6-49eb-a743-e8b177d9edbe: 117 chunks; 0.7 s; peak memory 1420 MiB.
2026-10-10T01:38:18Z INFO [205/500] 702f6b46-f910-45d7-adf8-fad65e1290f7: 71 chunks; 1.3 s; peak memory 1420 MiB.
2026-10-10T01:38:24Z INFO [206/500] 7030a3e2-d85f-4125-a921-5e6cf26f727b: 882 chunks; 6.1 s; peak memory 1420 MiB.
2026-10-10T01:38:25Z INFO [207/500] 7031572d-e5c4-4f57-a0a9-7c0f375b0a8d: 62 chunks; 1.2 s; peak memory 1420 MiB.
2026-10-10T01:38:27Z INFO [208/500] 70316e12-2a7d-4020-9983-d43c68ae7543: 49 chunks; 1.1 s; peak memory 1420 MiB.
2026-10-10T01:38:27Z INFO [209/500] 7031bced-a30d-42fb-8a63-a1f46cd309a7: 48 chunks; 0.7 s; peak memory 1420 MiB.
2026-10-10T01:38:28Z INFO [210/500] 7032f29c-19f4-4def-a90f-d5d6821d01df: 118 chunks; 0.7 s; peak memory 1420 MiB.
2026-10-10T01:38:29Z INFO [211/500] 70348ffc-f1bd-4698-b134-ca97b26f8e5d: 48 chunks; 0.7 s; peak memory 1420 MiB.
2026-10-10T01:38:34Z INFO [212/500] 70359e3f-5597-40ec-a939-4d72fbc5f2df: 13933 chunks; 5.1 s; peak memory 1420 MiB.
2026-10-10T01:38:34Z INFO [213/500] 70364b0f-0dc9-4dd3-805c-3d3c645407ce: 48 chunks; 0.7 s; peak memory 1420 MiB.
2026-10-10T01:38:35Z INFO [214/500] 7036b003-674b-4e7b-afc9-fccd7abb53d1: 48 chunks; 0.7 s; peak memory 1420 MiB.
2026-10-10T01:38:36Z INFO [215/500] 7036e77b-94e1-44d9-93b6-0ba919203e36: 204 chunks; 0.9 s; peak memory 1420 MiB.
2026-10-10T01:40:19Z INFO [216/500] 7037f39c-45ff-4b34-9748-c12054e70642: 37799 chunks; 102.7 s; peak memory 1420 MiB.
2026-10-10T01:40:19Z INFO [217/500] 7038344a-31cd-4e2c-9369-d1732dc00025: 52 chunks; 0.7 s; peak memory 1420 MiB.
2026-10-10T01:40:26Z INFO [218/500] 703856fd-f0c5-49eb-8a73-8034d96e3add: 19695 chunks; 7.0 s; peak memory 1420 MiB.
2026-10-10T01:40:27Z INFO [219/500] 703911a1-dba2-491a-a9b6-7e509e2fc843: 55 chunks; 0.6 s; peak memory 1420 MiB.
2026-10-10T01:40:32Z INFO [220/500] 703a634c-bae0-486a-8f61-be6eb13ac7b9: 1228 chunks; 5.0 s; peak memory 1420 MiB.
2026-10-10T01:40:33Z INFO [221/500] 703a80f5-1ca5-40bc-8c6d-1dd15a60cd98: 116 chunks; 0.8 s; peak memory 1420 MiB.
2026-10-10T01:40:34Z INFO [222/500] 703ad94f-d0f2-4962-8e24-bd66f2be8d69: 112 chunks; 0.9 s; peak memory 1420 MiB.
2026-10-10T01:40:38Z INFO [223/500] 703af902-1bcb-4389-9e5d-d5d77b7c3b94: 2922 chunks; 4.0 s; peak memory 1420 MiB.
2026-10-10T01:40:45Z INFO [224/500] 703c6f68-d293-4a25-baa8-97f32a378b0e: 23522 chunks; 7.6 s; peak memory 1420 MiB.
2026-10-10T01:41:06Z INFO [225/500] 703c7052-dcf7-4aea-b966-02361f3f74a5: 8692 chunks; 20.6 s; peak memory 1420 MiB.
2026-10-10T01:41:07Z INFO [226/500] 703d0da0-813a-4d67-96d5-58b32df4784e: 117 chunks; 0.8 s; peak memory 1420 MiB.
2026-10-10T01:41:07Z INFO [227/500] 703d2b5a-7dad-46b6-9212-04002d69a4b0: 48 chunks; 0.7 s; peak memory 1420 MiB.
2026-10-10T01:41:08Z INFO [228/500] 703d9c5e-e816-4b09-bc92-6d9b90730fe4: 48 chunks; 0.7 s; peak memory 1420 MiB.
2026-10-10T01:41:09Z INFO [229/500] 703da1f9-31b8-47b8-b3b5-4ac1bbaf1a10: 118 chunks; 0.8 s; peak memory 1420 MiB.
2026-10-10T01:41:10Z INFO [230/500] 703e9254-b194-4679-9c3a-4a3423ce01d9: 48 chunks; 0.8 s; peak memory 1420 MiB.
2026-10-10T01:41:10Z INFO [231/500] 703f41c0-cb15-4ba6-8d59-a1cd416c606d: 68 chunks; 0.6 s; peak memory 1420 MiB.
2026-10-10T01:41:11Z INFO [232/500] 703fb9dc-ab6c-47f9-b121-e58bbfc66fb0: 69 chunks; 0.9 s; peak memory 1420 MiB.
2026-10-10T01:41:12Z INFO [233/500] 70409325-2e3c-4fb3-a360-e718f515d443: 59 chunks; 0.9 s; peak memory 1420 MiB.
2026-10-10T01:41:16Z INFO [234/500] 7040a805-f825-4c04-b556-aa33325afaef: 208 chunks; 3.5 s; peak memory 1420 MiB.
2026-10-10T01:41:16Z INFO [235/500] 7040d6c9-52cd-443e-8618-46f6136062ce: 43 chunks; 0.8 s; peak memory 1420 MiB.
2026-10-10T01:41:17Z INFO [236/500] 70414a1a-22d7-4a2e-8467-40471935ec0b: 48 chunks; 0.7 s; peak memory 1420 MiB.
2026-10-10T01:41:18Z INFO [237/500] 70417f31-a9e0-423a-afc7-11e8a7992852: 116 chunks; 0.9 s; peak memory 1420 MiB.
2026-10-10T01:41:19Z INFO [238/500] 70426159-48ca-4a35-8fde-258244f33d6d: 119 chunks; 1.3 s; peak memory 1420 MiB.
2026-10-10T01:41:22Z INFO [239/500] 7042a51a-15bd-43c9-941a-fb9a59686463: 7474 chunks; 3.3 s; peak memory 1420 MiB.
2026-10-10T01:41:23Z INFO [240/500] 7042b536-ef2b-4116-877c-be55145e5a6e: 118 chunks; 0.8 s; peak memory 1420 MiB.
2026-10-10T01:41:24Z INFO [241/500] 7042ef77-6c2f-4f51-823e-8e93491d3ea3: 70 chunks; 1.1 s; peak memory 1420 MiB.
2026-10-10T01:41:26Z INFO [242/500] 7043b1db-bc30-410e-82b1-0bedce9b81b7: 122 chunks; 1.7 s; peak memory 1420 MiB.
2026-10-10T01:41:27Z INFO [243/500] 70459371-8b95-4ce0-8a7c-d10636fc32f6: 71 chunks; 1.2 s; peak memory 1420 MiB.
2026-10-10T01:41:28Z INFO [244/500] 7045a163-808e-4e1c-96dd-7b26513130ff: 124 chunks; 1.1 s; peak memory 1420 MiB.
2026-10-10T01:41:29Z INFO [245/500] 7045abaa-b8ec-4470-84f5-7ed05d4a1c92: 117 chunks; 0.7 s; peak memory 1420 MiB.
2026-10-10T01:41:30Z INFO [246/500] 7045e0a1-35f3-4239-abce-cc8563e7adbb: 118 chunks; 0.7 s; peak memory 1420 MiB.
2026-10-10T01:41:31Z INFO [247/500] 70463b3c-bf5d-46cd-9438-ac55d09fb0cc: 117 chunks; 0.7 s; peak memory 1420 MiB.
2026-10-10T01:41:31Z INFO [248/500] 70465bff-8769-480d-ac11-41ecc56685c0: 52 chunks; 0.7 s; peak memory 1420 MiB.
2026-10-10T01:41:32Z INFO [249/500] 704692d8-d73c-4543-b6a5-8034ab90ec21: 45 chunks; 0.5 s; peak memory 1420 MiB.
2026-10-10T01:41:35Z INFO [250/500] 70475271-f698-4c4a-acca-88b2f6c16d26: 772 chunks; 3.1 s; peak memory 1420 MiB.
2026-10-10T01:41:35Z INFO [250/500] 70475271-f698-4c4a-acca-88b2f6c16d26: checkpointed 101084 new records.
2026-10-10T01:41:51Z INFO [251/500] 7048276b-d04e-4392-af2a-4e23323ad45d: 5026 chunks; 16.1 s; peak memory 1420 MiB.
2026-10-10T01:41:58Z INFO [252/500] 70483547-a6bf-43be-87ae-a26ec6e42d8c: 889 chunks; 7.0 s; peak memory 1420 MiB.
2026-10-10T01:41:59Z INFO [253/500] 70493165-c158-4111-9b48-30f3c58da538: 62 chunks; 1.2 s; peak memory 1420 MiB.
2026-10-10T01:42:00Z INFO [254/500] 70495ca4-b636-48d7-ba8a-2ce18beb79b4: 48 chunks; 0.8 s; peak memory 1420 MiB.
2026-10-10T01:42:01Z INFO [255/500] 704a0f54-98f0-4560-a7ce-ca034c431977: 112 chunks; 0.8 s; peak memory 1420 MiB.
2026-10-10T01:42:02Z INFO [256/500] 704a3d1d-165b-44f4-af0e-06188b17b7c0: 117 chunks; 0.8 s; peak memory 1420 MiB.
2026-10-10T01:42:02Z INFO [257/500] 704a4766-ab58-4bb5-9f90-cc106e57ecdc: 48 chunks; 0.6 s; peak memory 1420 MiB.
2026-10-10T01:42:03Z INFO [258/500] 704ac206-de38-4135-b56c-170f92d3a92e: 105 chunks; 1.0 s; peak memory 1420 MiB.
2026-10-10T01:42:04Z INFO [259/500] 704ad2e0-b3e4-47ba-8d42-a79e47012c5b: 117 chunks; 0.8 s; peak memory 1420 MiB.
2026-10-10T01:42:05Z INFO [260/500] 704d0e26-c259-40e6-8dc4-112a926afce8: 48 chunks; 0.7 s; peak memory 1420 MiB.
2026-10-10T01:42:06Z INFO [261/500] 704d9b4c-6a6a-4bc1-b7b7-002413850408: 127 chunks; 1.3 s; peak memory 1420 MiB.
2026-10-10T01:42:07Z INFO [262/500] 704dd469-95f0-438a-964f-c508891c97c3: 54 chunks; 0.5 s; peak memory 1420 MiB.
2026-10-10T01:42:07Z INFO [263/500] 704e032b-7674-4c20-8a69-8af98d1f24e7: 116 chunks; 0.9 s; peak memory 1420 MiB.
2026-10-10T01:42:09Z INFO [264/500] 704e8dd3-d64a-4f60-9843-9f1d468f23c7: 66 chunks; 1.1 s; peak memory 1420 MiB.
2026-10-10T01:42:09Z INFO [265/500] 704fc708-2b98-4759-be72-3b3268d02d5f: 48 chunks; 0.7 s; peak memory 1420 MiB.
2026-10-10T01:42:10Z INFO [266/500] 70506012-eda6-43f7-8bd7-4b280f95cbf1: 36 chunks; 0.6 s; peak memory 1420 MiB.
2026-10-10T01:42:11Z INFO [267/500] 705134cb-ec34-4b10-8dd2-2cefbcba6d60: 48 chunks; 0.7 s; peak memory 1420 MiB.
2026-10-10T01:42:11Z INFO [268/500] 705241a6-56f8-4b93-bf4a-6528acf3833a: 118 chunks; 0.7 s; peak memory 1420 MiB.
2026-10-10T01:42:12Z INFO [269/500] 7052c0e3-f176-4333-8486-2dd18c1bf5bf: 58 chunks; 0.5 s; peak memory 1420 MiB.
2026-10-10T01:42:12Z INFO [270/500] 7052f13f-5695-41ec-9b9f-ecaf3ac23492: 46 chunks; 0.5 s; peak memory 1420 MiB.
2026-10-10T01:42:13Z INFO [271/500] 7053fffa-a0d2-4189-92e9-a1ec56608b0e: 42 chunks; 0.7 s; peak memory 1420 MiB.
2026-10-10T01:42:14Z INFO [272/500] 70541325-5f5c-45b6-9fcf-a7901f9013cd: 105 chunks; 1.1 s; peak memory 1420 MiB.
2026-10-10T01:44:24Z INFO [273/500] 70550672-beb4-41e8-a5f7-b0234f8b790f: 82130 chunks; 129.6 s; peak memory 1420 MiB.
2026-10-10T01:44:25Z INFO [274/500] 7055eb8c-4c11-43aa-b193-ec25a85da4eb: 76 chunks; 1.0 s; peak memory 1420 MiB.
2026-10-10T01:44:25Z INFO [275/500] 7056c439-0925-496f-b133-ba622fbeb626: 47 chunks; 0.7 s; peak memory 1420 MiB.
2026-10-10T01:44:26Z INFO [276/500] 7056c564-6d78-4dc2-84aa-52e40b0a29ee: 71 chunks; 1.1 s; peak memory 1420 MiB.
2026-10-10T01:44:28Z INFO [277/500] 7057f809-a976-479b-96e0-2af9c854e294: 69 chunks; 1.1 s; peak memory 1420 MiB.
2026-10-10T01:44:28Z INFO [278/500] 70584c83-0840-44ee-a29b-1e91f085070c: 48 chunks; 0.7 s; peak memory 1420 MiB.
2026-10-10T01:44:29Z INFO [279/500] 70588303-a1c1-458b-9b95-34e5880ec3f4: 69 chunks; 1.1 s; peak memory 1420 MiB.
2026-10-10T01:44:30Z INFO [280/500] 70588b92-3058-4c5f-85b5-2233675d904b: 48 chunks; 0.7 s; peak memory 1420 MiB.
2026-10-10T01:44:32Z INFO [281/500] 7058d494-c1fd-42d9-92cf-cee7a62ded0a: 90 chunks; 1.7 s; peak memory 1420 MiB.
2026-10-10T01:45:01Z INFO [282/500] 7059142c-b922-415e-b797-055a8214a6db: 6048 chunks; 28.9 s; peak memory 1420 MiB.
2026-10-10T01:45:04Z INFO [283/500] 7059c0dc-1ead-4a7e-83b8-a193f49eb50c: 231 chunks; 3.6 s; peak memory 1420 MiB.
2026-10-10T01:46:54Z INFO [284/500] 705a59ed-2595-4596-bd37-70e6b26bff67: 40974 chunks; 109.2 s; peak memory 1420 MiB.
2026-10-10T01:46:54Z INFO [285/500] 705ad904-ab5e-41dd-adc6-bc3431b47736: 112 chunks; 0.8 s; peak memory 1420 MiB.
2026-10-10T01:46:55Z INFO [286/500] 705afb66-e717-48ed-836d-1542399e334c: 48 chunks; 0.8 s; peak memory 1420 MiB.
2026-10-10T01:46:56Z INFO [287/500] 705bf3a6-0a08-4425-8bbc-08c1e118c17f: 46 chunks; 0.6 s; peak memory 1420 MiB.
2026-10-10T01:46:57Z INFO [288/500] 705bfc76-0c3c-4252-925c-afa1a7cc4c87: 112 chunks; 0.9 s; peak memory 1420 MiB.
2026-10-10T01:46:58Z INFO [289/500] 705c47df-5a88-445a-b8ac-29f1fa71da7f: 155 chunks; 1.4 s; peak memory 1420 MiB.
2026-10-10T01:47:00Z INFO [290/500] 705e028e-2706-4d08-85c6-29f9401cf5ec: 118 chunks; 1.7 s; peak memory 1420 MiB.
2026-10-10T01:47:01Z INFO [291/500] 705e6331-ddc8-4364-81f4-76bd7b1bc19b: 117 chunks; 0.9 s; peak memory 1420 MiB.
2026-10-10T01:47:03Z INFO [292/500] 705eaae1-04cc-499a-92b1-98c7deda7438: 467 chunks; 2.1 s; peak memory 1420 MiB.
2026-10-10T01:47:04Z INFO [293/500] 705ec373-bcaa-4d75-9bf1-6b9204bf95c9: 48 chunks; 0.8 s; peak memory 1420 MiB.
2026-10-10T01:47:04Z INFO [294/500] 705eea3e-0951-4632-a656-150f1da11e2e: 114 chunks; 0.9 s; peak memory 1420 MiB.
2026-10-10T01:47:06Z INFO [295/500] 705f5bbe-7fa4-4f9d-8f85-62e1dd55c9a2: 71 chunks; 1.3 s; peak memory 1420 MiB.
2026-10-10T01:47:31Z INFO [296/500] 7060007f-8bf1-488b-bc6b-e5028c4d4050: 16441 chunks; 25.1 s; peak memory 1420 MiB.
2026-10-10T01:47:33Z INFO [297/500] 706031e7-5493-4d5a-8932-0a00c357f9f2: 374 chunks; 2.6 s; peak memory 1420 MiB.
2026-10-10T01:47:34Z INFO [298/500] 70604020-3008-40ba-9335-e8989ad179b3: 112 chunks; 0.9 s; peak memory 1420 MiB.
2026-10-10T01:47:35Z INFO [299/500] 7060d7c8-9aae-47bd-b7f4-76c31c8585a0: 48 chunks; 0.7 s; peak memory 1420 MiB.
2026-10-10T01:47:36Z INFO [300/500] 706203a5-a140-4415-aba7-3c588cd3a609: 48 chunks; 0.8 s; peak memory 1420 MiB.
2026-10-10T01:47:36Z INFO [300/500] 706203a5-a140-4415-aba7-3c588cd3a609: checkpointed 101134 new records.
2026-10-10T01:47:37Z INFO [301/500] 706215de-cf4f-45e2-9857-b6af9960f288: 112 chunks; 0.9 s; peak memory 1420 MiB.
2026-10-10T01:47:38Z INFO [302/500] 706244eb-b52d-4951-9735-7998c519f5cc: 289 chunks; 1.0 s; peak memory 1420 MiB.
2026-10-10T01:47:39Z INFO [303/500] 70626875-805b-4d65-9530-cf721c6f4ef9: 62 chunks; 0.7 s; peak memory 1420 MiB.
2026-10-10T01:47:39Z INFO [304/500] 70627160-22d5-460a-99ee-3bae86750e86: 47 chunks; 0.6 s; peak memory 1420 MiB.
2026-10-10T01:47:40Z INFO [305/500] 70627bf9-2213-4e35-bb7b-04221e4bc236: 99 chunks; 0.6 s; peak memory 1420 MiB.
2026-10-10T01:47:41Z INFO [306/500] 70629c43-0ad2-40a3-bc8e-b6c9ac6a8980: 48 chunks; 0.6 s; peak memory 1420 MiB.
2026-10-10T01:47:41Z INFO [307/500] 7062d021-23fa-4da7-9bc0-a18687e41239: 48 chunks; 0.7 s; peak memory 1420 MiB.
2026-10-10T01:47:43Z INFO [308/500] 7063c7c4-134c-45a8-b13d-7ec3b4acc971: 71 chunks; 1.4 s; peak memory 1420 MiB.
2026-10-10T01:47:43Z INFO [309/500] 7063d753-b41c-4a32-995e-c077c45bd733: 66 chunks; 0.9 s; peak memory 1420 MiB.
2026-10-10T01:47:44Z INFO [310/500] 70648346-3fae-44e9-9688-b5089065e5e3: 117 chunks; 0.8 s; peak memory 1420 MiB.
2026-10-10T01:47:49Z INFO [311/500] 7064af98-25bf-43e1-b7a2-2961a6cb800a: 15019 chunks; 4.6 s; peak memory 1420 MiB.
2026-10-10T01:47:50Z INFO [312/500] 7064d047-b1d2-454a-80a5-653da8d15910: 118 chunks; 0.8 s; peak memory 1420 MiB.
2026-10-10T01:47:55Z INFO [313/500] 70657b77-40bc-41c4-b5cb-ba11573bbef8: 391 chunks; 5.3 s; peak memory 1420 MiB.
2026-10-10T01:47:56Z INFO [314/500] 7065b494-1114-44d6-98fc-dc0189b2e558: 41 chunks; 0.6 s; peak memory 1420 MiB.
2026-10-10T01:47:56Z INFO [315/500] 70661066-88ca-444e-8a63-0a9acac653e0: 48 chunks; 0.7 s; peak memory 1420 MiB.
2026-10-10T01:48:02Z INFO [316/500] 706669b6-bf10-4af1-ad66-6df178a36f3b: 9241 chunks; 5.6 s; peak memory 1420 MiB.
2026-10-10T01:48:03Z INFO [317/500] 70682620-621f-40be-990e-b2a1b0f2cdae: 48 chunks; 0.8 s; peak memory 1420 MiB.
2026-10-10T01:48:04Z INFO [318/500] 70689b71-b368-4d87-8f54-e672719dc6a6: 118 chunks; 0.9 s; peak memory 1420 MiB.
2026-10-10T01:48:05Z INFO [319/500] 70689f7a-27a5-4fe6-8425-4311feceb82e: 70 chunks; 1.0 s; peak memory 1420 MiB.
2026-10-10T01:48:06Z INFO [320/500] 70698a73-3e53-42d5-bfb5-adf11912a15f: 66 chunks; 1.2 s; peak memory 1420 MiB.
2026-10-10T01:48:08Z INFO [321/500] 7069b42c-a57f-4984-b0dc-4f8cbe5f284e: 156 chunks; 2.0 s; peak memory 1420 MiB.
2026-10-10T01:48:11Z INFO [322/500] 706a016f-0159-46ed-88f8-b0da50cb15e5: 4176 chunks; 3.2 s; peak memory 1420 MiB.
2026-10-10T01:48:12Z INFO [323/500] 706a6d04-8f26-4328-9a02-b72de139e54d: 112 chunks; 0.7 s; peak memory 1420 MiB.
2026-10-10T01:48:13Z INFO [324/500] 706a721c-5297-4fed-abce-dd787775d6eb: 119 chunks; 1.4 s; peak memory 1420 MiB.
2026-10-10T01:48:14Z INFO [325/500] 706ab56e-b652-4860-a40b-6fffb30e046b: 112 chunks; 1.0 s; peak memory 1420 MiB.
2026-10-10T01:48:15Z INFO [326/500] 706abcdb-30d1-4729-bc7a-f41a80cc0426: 289 chunks; 0.9 s; peak memory 1420 MiB.
2026-10-10T01:48:19Z INFO [327/500] 706adebe-4543-4a6c-903f-f3542720243f: 2923 chunks; 4.1 s; peak memory 1420 MiB.
2026-10-10T01:48:24Z INFO [328/500] 706b0090-a898-4804-aafd-3a52c4ce2a02: 5155 chunks; 4.6 s; peak memory 1420 MiB.
2026-10-10T01:48:25Z INFO [329/500] 706b3bea-7c89-40dd-aa60-d822a5b49ddf: 112 chunks; 0.9 s; peak memory 1420 MiB.
2026-10-10T01:48:28Z INFO [330/500] 706be1e1-6675-4de2-bc46-533a9f1a74e8: 2085 chunks; 2.8 s; peak memory 1420 MiB.
2026-10-10T01:48:29Z INFO [331/500] 706ce21a-4360-4a2c-886f-695665b095d6: 168 chunks; 1.6 s; peak memory 1420 MiB.
2026-10-10T01:48:31Z INFO [332/500] 706de2c6-dda7-4d58-b3d4-a3a2359ebacb: 147 chunks; 1.2 s; peak memory 1420 MiB.
2026-10-10T01:48:31Z INFO [333/500] 70703423-3429-4f33-851e-339e96a7167b: 117 chunks; 0.7 s; peak memory 1420 MiB.
2026-10-10T01:48:35Z INFO [334/500] 70706abd-9740-4ec1-88ac-192f8655e274: 574 chunks; 3.6 s; peak memory 1420 MiB.
2026-10-10T01:48:36Z INFO [335/500] 70710396-4c1d-477b-866f-69d47b0e1b2a: 48 chunks; 0.8 s; peak memory 1420 MiB.
2026-10-10T01:48:37Z INFO [336/500] 707242d8-a367-4300-ae72-cc2c82f25edc: 117 chunks; 1.0 s; peak memory 1420 MiB.
2026-10-10T01:48:38Z INFO [337/500] 7072e3bf-891d-4fd9-aa8f-19129ea6faec: 71 chunks; 1.4 s; peak memory 1420 MiB.
2026-10-10T01:48:39Z INFO [338/500] 707354fd-11b1-4212-b704-c5c07755314d: 48 chunks; 0.6 s; peak memory 1420 MiB.
2026-10-10T01:48:40Z INFO [339/500] 70736440-ab13-4135-9d67-8e67166dad96: 116 chunks; 0.8 s; peak memory 1420 MiB.
2026-10-10T01:48:41Z INFO [340/500] 7073d242-3866-4ac7-9049-5f51867ac057: 69 chunks; 1.0 s; peak memory 1420 MiB.
2026-10-10T01:48:41Z INFO [341/500] 7073db48-1589-4d94-98f4-e546a7502053: 114 chunks; 0.7 s; peak memory 1420 MiB.
2026-10-10T01:48:43Z INFO [342/500] 7075152a-3920-41d3-8e3a-7a2bb4656c05: 71 chunks; 1.7 s; peak memory 1420 MiB.
2026-10-10T01:48:52Z INFO [343/500] 707538e7-8673-416b-905f-0ef2c6ff9467: 44271 chunks; 9.5 s; peak memory 1420 MiB.
2026-10-10T01:48:53Z INFO [344/500] 70753ef3-12d4-47b2-ac92-3aae313b4efa: 112 chunks; 1.0 s; peak memory 1420 MiB.
2026-10-10T01:48:58Z INFO [345/500] 70759420-dc26-4758-a0c2-4ca64c133fe8: 200 chunks; 4.4 s; peak memory 1420 MiB.
2026-10-10T01:48:59Z INFO [346/500] 7075c06e-507f-4b8e-b260-1fb4c2bb4744: 118 chunks; 0.9 s; peak memory 1420 MiB.
2026-10-10T01:48:59Z INFO [347/500] 7075d32a-3469-497b-bc1c-967d741a524d: 48 chunks; 0.6 s; peak memory 1420 MiB.
2026-10-10T01:49:01Z INFO [348/500] 7075ffbf-be35-4eaf-9b63-15d8c3644137: 112 chunks; 1.2 s; peak memory 1420 MiB.
2026-10-10T01:49:01Z INFO [349/500] 70773226-e666-42f4-9d82-2a04731e9ea7: 112 chunks; 0.9 s; peak memory 1420 MiB.
2026-10-10T01:49:02Z INFO [350/500] 7078ad3e-e83f-4d61-8acb-43ffd98dce5c: 59 chunks; 0.9 s; peak memory 1420 MiB.
2026-10-10T01:49:03Z INFO [350/500] 7078ad3e-e83f-4d61-8acb-43ffd98dce5c: checkpointed 101184 new records.
2026-10-10T01:49:04Z INFO [351/500] 70791532-915a-4034-b2a2-6c07471de661: 117 chunks; 1.0 s; peak memory 1420 MiB.
2026-10-10T01:49:05Z INFO [352/500] 707a36cd-c33e-4cef-9e0b-3e8b3d7929d3: 111 chunks; 1.4 s; peak memory 1420 MiB.
2026-10-10T01:49:06Z INFO [353/500] 707bafe3-be21-4332-a397-1d97ab438735: 48 chunks; 0.6 s; peak memory 1420 MiB.
2026-10-10T01:49:07Z INFO [354/500] 707bf51e-630b-4e82-9dba-7c619de1c393: 49 chunks; 0.8 s; peak memory 1420 MiB.
2026-10-10T01:49:21Z INFO [355/500] 707c0720-5a16-4e15-a417-d8d5ce621e69: 8719 chunks; 14.7 s; peak memory 1420 MiB.
2026-10-10T01:49:22Z INFO [356/500] 707c0a97-1e8e-4fcb-b249-5a9cf43c4ddf: 112 chunks; 0.8 s; peak memory 1420 MiB.
2026-10-10T01:49:31Z INFO [357/500] 707cd3d0-f48e-4fab-9688-6ae5ba294171: 925 chunks; 8.6 s; peak memory 1420 MiB.
2026-10-10T01:49:35Z INFO [358/500] 707cf6c3-db01-470e-8c8a-5a21deb2ad99: 1183 chunks; 4.7 s; peak memory 1420 MiB.
2026-10-10T01:49:36Z INFO [359/500] 707d4a1d-42d5-4358-b123-101febff3560: 204 chunks; 1.1 s; peak memory 1420 MiB.
2026-10-10T01:49:38Z INFO [360/500] 707e3e84-4f5f-4cac-9b3b-a2b607d29c05: 41 chunks; 1.9 s; peak memory 1420 MiB.
2026-10-10T01:49:44Z INFO [361/500] 707ff494-8b9d-411c-b45a-62a6f08a2f6d: 23986 chunks; 6.2 s; peak memory 1420 MiB.
2026-10-10T01:49:45Z INFO [362/500] 708079a2-439a-4424-bcb1-574cc4c90efa: 112 chunks; 1.0 s; peak memory 1420 MiB.
2026-10-10T01:49:46Z INFO [363/500] 70807abb-64bb-4ff8-9343-4f33e9f52739: 46 chunks; 0.5 s; peak memory 1420 MiB.
2026-10-10T01:49:47Z INFO [364/500] 708186a3-5f12-4ffc-ae1e-6f61b30fdc1e: 48 chunks; 0.7 s; peak memory 1420 MiB.
2026-10-10T01:49:47Z INFO [365/500] 7081de4f-90ce-4848-b618-dc47e8a5a5dd: 52 chunks; 0.8 s; peak memory 1420 MiB.
2026-10-10T01:49:49Z INFO [366/500] 70823518-350f-4929-840c-ba2122bcbcce: 66 chunks; 1.2 s; peak memory 1420 MiB.
2026-10-10T01:49:54Z INFO [367/500] 7082546f-3aa4-4c90-8f71-15d8b79a955b: 19330 chunks; 5.7 s; peak memory 1420 MiB.
2026-10-10T01:49:55Z INFO [368/500] 70831a2f-be94-4aed-837b-970b444f6e88: 45 chunks; 0.7 s; peak memory 1420 MiB.
2026-10-10T01:49:59Z INFO [369/500] 70846e1e-abc0-4ad8-9d7a-959cafef526f: 2923 chunks; 4.5 s; peak memory 1420 MiB.
2026-10-10T01:50:00Z INFO [370/500] 70847f6d-1be5-4fc3-8f68-088a0c64e0ba: 112 chunks; 0.9 s; peak memory 1420 MiB.
2026-10-10T01:50:01Z INFO [371/500] 7084e793-26ad-4147-9701-62717df4e1cb: 112 chunks; 1.1 s; peak memory 1420 MiB.
2026-10-10T01:50:05Z INFO [372/500] 70856cbf-5d08-413a-b4b8-92e04d0f4834: 3627 chunks; 3.2 s; peak memory 1420 MiB.
2026-10-10T01:50:08Z INFO [373/500] 7085d3f4-f4b5-4524-aae6-6110d6843a88: 404 chunks; 3.5 s; peak memory 1420 MiB.
2026-10-10T01:50:09Z INFO [374/500] 7086a4f7-00fd-4112-afa7-fe5b55a8b175: 48 chunks; 0.7 s; peak memory 1420 MiB.
2026-10-10T01:50:14Z INFO [375/500] 708719ec-47fd-4d10-878e-5d1df2d96434: 16477 chunks; 5.1 s; peak memory 1420 MiB.
2026-10-10T01:50:15Z INFO [376/500] 708785b5-2a73-4a6e-a117-9b3e619cd1db: 116 chunks; 0.8 s; peak memory 1420 MiB.
2026-10-10T01:50:15Z INFO [377/500] 7087fcde-bbfe-4348-8858-3d3dbef8503b: 48 chunks; 0.7 s; peak memory 1420 MiB.
2026-10-10T01:50:16Z INFO [378/500] 70882b80-11f6-4f04-821b-e3fbf166f60d: 48 chunks; 0.6 s; peak memory 1420 MiB.
2026-10-10T01:50:18Z INFO [379/500] 708839fa-18aa-4ced-ae9c-eba6bdb0d7fe: 704 chunks; 1.4 s; peak memory 1420 MiB.
2026-10-10T01:50:19Z INFO [380/500] 70889cf1-381c-409a-b980-4cb683195899: 112 chunks; 1.2 s; peak memory 1420 MiB.
2026-10-10T01:50:20Z INFO [381/500] 7088e582-3e1d-419a-9817-dc2e2f8e6bb5: 62 chunks; 1.1 s; peak memory 1420 MiB.
2026-10-10T01:50:21Z INFO [382/500] 708a0d91-b330-4db0-9b4a-febdf034e610: 52 chunks; 0.8 s; peak memory 1420 MiB.
2026-10-10T01:50:21Z INFO [383/500] 708a5d65-b8e3-4847-8881-47edb4d605f0: 48 chunks; 0.7 s; peak memory 1420 MiB.
2026-10-10T01:50:32Z INFO [384/500] 708a74d2-7e42-427d-b17c-04be0bdf2efc: 26073 chunks; 10.4 s; peak memory 1420 MiB.
2026-10-10T01:50:33Z INFO [385/500] 708af02a-a021-4278-a0f0-fd1b3d3be615: 549 chunks; 1.1 s; peak memory 1420 MiB.
2026-10-10T01:50:34Z INFO [386/500] 708b8828-92ff-4970-ae3f-9c5c48fce0d2: 117 chunks; 0.9 s; peak memory 1420 MiB.
2026-10-10T01:50:35Z INFO [387/500] 708cd296-6ff2-46e1-ba6d-3ad5c3cea0d4: 117 chunks; 0.8 s; peak memory 1420 MiB.
2026-10-10T01:50:36Z INFO [388/500] 708cddf5-de83-4739-a479-5968fd01cb5e: 117 chunks; 0.9 s; peak memory 1420 MiB.
2026-10-10T01:50:37Z INFO [389/500] 708d05d7-7ec2-4b26-a9e4-e7402b22657a: 172 chunks; 1.6 s; peak memory 1420 MiB.
2026-10-10T01:50:38Z INFO [390/500] 708d719c-5264-44e5-96f4-34e3f4925af0: 116 chunks; 0.7 s; peak memory 1420 MiB.
2026-10-10T01:50:39Z INFO [391/500] 708e644c-3ad4-4020-aeb5-7d21a046d54f: 48 chunks; 0.7 s; peak memory 1420 MiB.
2026-10-10T01:50:39Z INFO [392/500] 70902ee5-cafa-4250-aad4-163482bfc3b6: 48 chunks; 0.8 s; peak memory 1420 MiB.
2026-10-10T01:50:41Z INFO [393/500] 7090b075-4741-4b90-a43a-d05bc4c1f360: 66 chunks; 1.2 s; peak memory 1420 MiB.
2026-10-10T01:50:42Z INFO [394/500] 70912252-fe73-44f1-9046-a03d90c9892a: 112 chunks; 1.0 s; peak memory 1420 MiB.
2026-10-10T01:50:43Z INFO [395/500] 70916613-405c-4f26-8728-a5b1a30ea039: 123 chunks; 1.7 s; peak memory 1420 MiB.
2026-10-10T01:50:44Z INFO [396/500] 7091bbe9-8716-4324-8e64-442056c9d5fb: 112 chunks; 0.9 s; peak memory 1420 MiB.
2026-10-10T01:50:45Z INFO [397/500] 7091d934-24f4-4509-a409-cc50af224fcd: 118 chunks; 0.8 s; peak memory 1420 MiB.
2026-10-10T01:50:46Z INFO [398/500] 7091dba7-e788-4c50-b03b-6a148b7bc8ff: 52 chunks; 0.7 s; peak memory 1420 MiB.
2026-10-10T01:50:46Z INFO [399/500] 709215a2-294f-4a7b-a95f-e43522a411f9: 118 chunks; 0.7 s; peak memory 1420 MiB.
2026-10-10T01:50:48Z INFO [400/500] 709338a4-a7a0-4c04-b17f-9d874b10f488: 438 chunks; 1.4 s; peak memory 1420 MiB.
2026-10-10T01:50:48Z INFO [400/500] 709338a4-a7a0-4c04-b17f-9d874b10f488: checkpointed 101234 new records.
2026-10-10T01:50:49Z INFO [401/500] 7093b928-c2fb-4cd3-be83-850ddc9a8955: 131 chunks; 0.9 s; peak memory 1420 MiB.
2026-10-10T01:50:50Z INFO [402/500] 7094d6ed-7adb-4b75-bfc2-7e1a4404c222: 48 chunks; 0.7 s; peak memory 1420 MiB.
2026-10-10T01:50:51Z INFO [403/500] 70953697-4106-4d28-91f2-035a87bb78dc: 117 chunks; 0.8 s; peak memory 1420 MiB.
2026-10-10T01:50:52Z INFO [404/500] 7095cfbc-fc37-4dda-8ff5-828b2c407973: 76 chunks; 1.3 s; peak memory 1420 MiB.
2026-10-10T01:50:52Z INFO [405/500] 70967274-8e54-419f-a743-3fa0a5968c2f: 48 chunks; 0.6 s; peak memory 1420 MiB.
2026-10-10T01:50:53Z INFO [406/500] 7096ae63-e71a-4f25-a681-756e495e268c: 116 chunks; 0.8 s; peak memory 1420 MiB.
2026-10-10T01:50:54Z INFO [407/500] 7096b42b-dada-400d-a9c8-2749d23dc70f: 111 chunks; 0.8 s; peak memory 1420 MiB.
2026-10-10T01:50:55Z INFO [408/500] 70972f2c-c658-42cd-9235-2c78548a67f8: 69 chunks; 0.6 s; peak memory 1420 MiB.
2026-10-10T01:51:01Z INFO [409/500] 7097cd41-c237-4d99-9e94-6e67c0c0154f: 6677 chunks; 6.1 s; peak memory 1420 MiB.
2026-10-10T01:51:02Z INFO [410/500] 7098b019-e2ee-4b5c-a515-90bf7a1484f1: 57 chunks; 1.5 s; peak memory 1420 MiB.
2026-10-10T01:51:04Z INFO [411/500] 7099854a-8840-4c3a-bed4-82931e63c854: 71 chunks; 1.3 s; peak memory 1420 MiB.
2026-10-10T01:51:10Z INFO [412/500] 7099a40e-4f82-4c11-90c9-5eb64a6bc82b: 4095 chunks; 6.4 s; peak memory 1420 MiB.
2026-10-10T01:51:11Z INFO [413/500] 7099edce-5ec3-4bdc-a1fc-16493bb33789: 46 chunks; 0.6 s; peak memory 1420 MiB.
2026-10-10T01:51:12Z INFO [414/500] 709af380-833c-460b-9d68-1f46be5e39e1: 66 chunks; 1.0 s; peak memory 1420 MiB.
2026-10-10T01:51:18Z INFO [415/500] 709baad9-f46e-4135-ad81-9017c0d047e5: 20010 chunks; 6.8 s; peak memory 1420 MiB.
2026-10-10T01:51:22Z INFO [416/500] 709c1caa-b753-482b-9654-f0d765a261c9: 708 chunks; 3.6 s; peak memory 1420 MiB.
2026-10-10T01:51:24Z INFO [417/500] 709ca0d9-d988-4349-8c84-9cdd2ed7f493: 214 chunks; 2.3 s; peak memory 1420 MiB.
2026-10-10T01:51:25Z INFO [418/500] 709db00d-f120-4242-bad6-1a5c1e716653: 117 chunks; 0.8 s; peak memory 1420 MiB.
2026-10-10T01:51:26Z INFO [419/500] 709dc419-be32-4fae-90eb-97c953a53e9d: 48 chunks; 0.7 s; peak memory 1420 MiB.
2026-10-10T01:55:21Z INFO [420/500] 709e3da8-eeb1-40b4-ab66-6acf92a7c3bd: 89552 chunks; 234.8 s; peak memory 1420 MiB.
2026-10-10T01:55:21Z INFO [421/500] 709f3e0b-e9a6-46d6-a045-d6896a3dc280: 84 chunks; 0.8 s; peak memory 1420 MiB.
2026-10-10T01:55:22Z INFO [422/500] 70a01be8-8a47-4bed-a960-ae0efc93beb9: 142 chunks; 0.7 s; peak memory 1420 MiB.
2026-10-10T01:55:23Z INFO [423/500] 70a02f41-ada0-440a-b215-f05e6ffbf8e9: 54 chunks; 0.6 s; peak memory 1420 MiB.
2026-10-10T01:55:34Z INFO [424/500] 70a078d2-ea3f-4ba7-8a9c-9a6a5005fe78: 54316 chunks; 11.2 s; peak memory 1420 MiB.
2026-10-10T01:55:35Z INFO [425/500] 70a15c04-fe6e-4400-855a-690f1f625b45: 48 chunks; 0.7 s; peak memory 1420 MiB.
2026-10-10T01:55:40Z INFO [426/500] 70a2616a-e01f-4ef9-bc6c-83af7b9ffe65: 15220 chunks; 5.8 s; peak memory 1420 MiB.
2026-10-10T01:55:53Z INFO [427/500] 70a2ae24-b1d6-425c-bc52-88845ada4b33: 5681 chunks; 12.2 s; peak memory 1420 MiB.
2026-10-10T01:55:54Z INFO [428/500] 70a36f13-b7c1-4888-804f-06ad097f0d6b: 116 chunks; 1.8 s; peak memory 1420 MiB.
2026-10-10T01:55:55Z INFO [429/500] 70a39927-1090-4bd9-bfad-6dea37da28e7: 150 chunks; 0.8 s; peak memory 1420 MiB.
2026-10-10T01:56:00Z INFO [430/500] 70a43d92-8111-4bb8-bc60-e777700f7c52: 21074 chunks; 5.0 s; peak memory 1420 MiB.
2026-10-10T01:56:08Z INFO [431/500] 70a6e6c0-24bd-44c5-bde0-c6f1dc57235a: 16477 chunks; 7.5 s; peak memory 1420 MiB.
2026-10-10T01:56:09Z INFO [432/500] 70a73a41-08da-494a-9556-c284a43fd62d: 118 chunks; 0.8 s; peak memory 1420 MiB.
2026-10-10T01:56:09Z INFO [433/500] 70a74cd1-5d70-41ca-8a7b-64368a4478e8: 301 chunks; 0.7 s; peak memory 1420 MiB.
2026-10-10T01:56:10Z INFO [434/500] 70a8687b-bcb4-495c-8cac-b9b3753e44ba: 69 chunks; 1.0 s; peak memory 1420 MiB.
2026-10-10T01:56:11Z INFO [435/500] 70a9eb1e-fe09-4047-8125-647f782bd9e7: 46 chunks; 0.5 s; peak memory 1420 MiB.
2026-10-10T01:58:10Z INFO [436/500] 70aa05a8-e69c-4793-98f2-7c25b8274d3e: 44712 chunks; 119.4 s; peak memory 1420 MiB.
2026-10-10T01:58:11Z INFO [437/500] 70aa46b0-62e1-4d93-aae2-7e4ef6172962: 118 chunks; 1.0 s; peak memory 1420 MiB.
2026-10-10T01:58:18Z INFO [438/500] 70aa8234-0cd7-4f27-a791-f49fbce3322f: 402 chunks; 6.7 s; peak memory 1420 MiB.
2026-10-10T01:58:19Z INFO [439/500] 70aaa60f-4a4e-4109-a48d-4872b8bfd782: 118 chunks; 0.9 s; peak memory 1420 MiB.
2026-10-10T01:58:19Z INFO [440/500] 70aabeea-3372-4b0c-8f84-700d070ad005: 48 chunks; 0.7 s; peak memory 1420 MiB.
2026-10-10T01:58:20Z INFO [441/500] 70aae0fa-162f-441e-8fb4-b964d16ac42f: 77 chunks; 0.8 s; peak memory 1420 MiB.
2026-10-10T01:58:21Z INFO [442/500] 70ab2bbd-6e46-4901-9525-4d703c8a6cf8: 48 chunks; 0.8 s; peak memory 1420 MiB.
2026-10-10T01:58:22Z INFO [443/500] 70ac67c7-d0b8-4c4f-b5e4-6048f47e6e8f: 69 chunks; 0.7 s; peak memory 1420 MiB.
2026-10-10T01:58:23Z INFO [444/500] 70ac8459-a5a0-4fdb-aee1-a814efd0db5c: 112 chunks; 0.8 s; peak memory 1420 MiB.
2026-10-10T01:58:23Z INFO [445/500] 70accc4b-fcc6-4229-b80a-2fed5358019b: 59 chunks; 1.0 s; peak memory 1420 MiB.
2026-10-10T01:58:25Z INFO [446/500] 70ad990d-cf5a-4e4c-8047-5e87bb0d9b19: 118 chunks; 1.7 s; peak memory 1420 MiB.
2026-10-10T01:58:27Z INFO [447/500] 70adcf7f-b3f3-4e66-b9cb-efd79b253cdb: 156 chunks; 2.0 s; peak memory 1420 MiB.
2026-10-10T01:58:28Z INFO [448/500] 70af15af-fee8-40a8-b8af-69719ad5f981: 117 chunks; 0.8 s; peak memory 1420 MiB.
2026-10-10T01:58:29Z INFO [449/500] 70af4406-2dad-4b4d-8b03-03cc0a74f37a: 48 chunks; 0.7 s; peak memory 1420 MiB.
2026-10-10T01:58:30Z INFO [450/500] 70afc695-8f15-4203-8964-6d8f1ee13de7: 112 chunks; 0.9 s; peak memory 1420 MiB.
2026-10-10T01:58:30Z INFO [450/500] 70afc695-8f15-4203-8964-6d8f1ee13de7: checkpointed 101284 new records.
2026-10-10T01:58:31Z INFO [451/500] 70b11157-d4ef-46d6-b5cc-431630c2e491: 117 chunks; 0.8 s; peak memory 1420 MiB.
2026-10-10T01:59:54Z INFO [452/500] 70b16fcb-bfa6-4ae0-8a4b-6a70a9c4c37d: 44853 chunks; 83.7 s; peak memory 1420 MiB.
2026-10-10T01:59:55Z INFO [453/500] 70b1e6e3-550e-4873-8146-b8c313ab3e28: 68 chunks; 0.7 s; peak memory 1420 MiB.
2026-10-10T02:03:33Z INFO [454/500] 70b25e5d-39f6-4a86-ba99-05284159bbb0: 75955 chunks; 218.2 s; peak memory 1420 MiB.
2026-10-10T02:03:35Z INFO [455/500] 70b266dc-e984-4297-981a-80d85c929405: 66 chunks; 1.4 s; peak memory 1420 MiB.
2026-10-10T02:03:36Z INFO [456/500] 70b2ec93-7776-420f-b5ce-66789fd3eb88: 112 chunks; 1.0 s; peak memory 1420 MiB.
2026-10-10T02:03:36Z INFO [457/500] 70b2fb58-e69c-42b6-9d3d-7509df527ab2: 52 chunks; 0.7 s; peak memory 1420 MiB.
2026-10-10T02:10:22Z INFO [458/500] 70b4cd26-4661-4a21-9f5b-4ff652a2abd7: 156473 chunks; 405.7 s; peak memory 1420 MiB.
2026-10-10T02:10:23Z INFO [459/500] 70b4eccf-9ceb-4de2-94d4-fb7004df1d7c: 48 chunks; 0.8 s; peak memory 1420 MiB.
2026-10-10T02:10:25Z INFO [460/500] 70b5ae12-104c-44b2-8dc9-ef7a31f20cd4: 156 chunks; 2.0 s; peak memory 1420 MiB.
2026-10-10T02:10:26Z INFO [461/500] 70b5e747-123b-4da9-a9b9-5115d3b3f3f1: 46 chunks; 0.5 s; peak memory 1420 MiB.
2026-10-10T02:10:26Z INFO [462/500] 70b65952-e6fc-4fcb-b046-f3596526b264: 69 chunks; 0.9 s; peak memory 1420 MiB.
2026-10-10T02:10:27Z INFO [463/500] 70b68aca-a66b-45de-8ab4-052aa50ccd9c: 48 chunks; 0.6 s; peak memory 1420 MiB.
2026-10-10T02:10:40Z INFO [464/500] 70b76087-9db2-47e0-aad3-0a3aa0f8886d: 12133 chunks; 12.9 s; peak memory 1420 MiB.
2026-10-10T02:10:41Z INFO [465/500] 70b781fa-cf5e-4c00-8841-e2fe3abb0b08: 112 chunks; 1.2 s; peak memory 1420 MiB.
2026-10-10T02:10:42Z INFO [466/500] 70b8b579-311d-48b6-8462-4a3598eb14a3: 49 chunks; 0.8 s; peak memory 1420 MiB.
2026-10-10T02:10:43Z INFO [467/500] 70b8eeb2-bc4b-478f-86ad-c9a0345fb36f: 69 chunks; 0.7 s; peak memory 1420 MiB.
2026-10-10T02:10:45Z INFO [468/500] 70b91668-7a86-41ed-af49-8b16273e9f22: 123 chunks; 1.7 s; peak memory 1420 MiB.
2026-10-10T02:10:46Z INFO [469/500] 70b97d25-66ee-428b-a648-9ddbed02e03f: 66 chunks; 1.1 s; peak memory 1420 MiB.
2026-10-10T02:10:46Z INFO [470/500] 70b9894c-0cb5-4534-9b2a-f9fd2d7d0143: 48 chunks; 0.7 s; peak memory 1420 MiB.
2026-10-10T02:10:51Z INFO [471/500] 70b9ac7c-d5d7-49ba-be5d-2be0848a8c56: 1246 chunks; 4.2 s; peak memory 1420 MiB.
2026-10-10T02:11:05Z INFO [472/500] 70bab17b-60b8-4f9a-9d03-91e03762424c: 522 chunks; 14.7 s; peak memory 1420 MiB.
2026-10-10T02:11:06Z INFO [473/500] 70bb3472-a33c-48c3-8910-c88fe734fa2e: 41 chunks; 0.6 s; peak memory 1420 MiB.
2026-10-10T02:11:07Z INFO [474/500] 70bb3ba9-73d8-4241-91ef-e872d3a79103: 48 chunks; 0.7 s; peak memory 1420 MiB.
2026-10-10T02:11:07Z INFO [475/500] 70bb4b6d-13b0-4f11-adbf-b1cdca590073: 48 chunks; 0.8 s; peak memory 1420 MiB.
2026-10-10T02:11:09Z INFO [476/500] 70bba950-b320-456f-a8a2-20bf6171b903: 241 chunks; 2.1 s; peak memory 1420 MiB.
2026-10-10T02:12:57Z INFO [477/500] 70bbb19c-67c6-42bc-a1c8-a77d51d42b0d: 38287 chunks; 107.4 s; peak memory 1420 MiB.
2026-10-10T02:12:58Z INFO [478/500] 70bc8514-bd81-4fd9-ae99-b0ae72494f6c: 144 chunks; 1.5 s; peak memory 1420 MiB.
2026-10-10T02:12:59Z INFO [479/500] 70bcbe8d-72e0-4f4e-b1cd-1c87ca46d79b: 48 chunks; 0.8 s; peak memory 1420 MiB.
2026-10-10T02:13:00Z INFO [480/500] 70bd6e96-40b3-4bc5-8697-0d20ab37c87c: 59 chunks; 1.1 s; peak memory 1420 MiB.
2026-10-10T02:13:01Z INFO [481/500] 70bd714f-759f-483e-89da-4d9e7cc11571: 51 chunks; 0.8 s; peak memory 1420 MiB.
2026-10-10T02:13:03Z INFO [482/500] 70bd9686-2d31-46a1-8104-07fe10b15a7f: 186 chunks; 1.6 s; peak memory 1420 MiB.
2026-10-10T02:13:08Z INFO [483/500] 70be16ad-9a8b-4665-85fd-202972de21cc: 38291 chunks; 5.2 s; peak memory 1420 MiB.
2026-10-10T02:13:09Z INFO [484/500] 70be19d0-d833-4e21-9bab-cce47c7a7693: 117 chunks; 0.9 s; peak memory 1420 MiB.
2026-10-10T02:13:10Z INFO [485/500] 70bfc3e7-2dc2-45e3-b441-ab20df7041e0: 66 chunks; 1.2 s; peak memory 1420 MiB.
2026-10-10T02:13:11Z INFO [486/500] 70c07197-1afc-4328-b866-58efd7c94342: 48 chunks; 0.7 s; peak memory 1420 MiB.
2026-10-10T02:13:12Z INFO [487/500] 70c103e6-b718-4c8e-a47d-2be5a0db1065: 79 chunks; 0.9 s; peak memory 1420 MiB.
2026-10-10T02:13:12Z INFO [488/500] 70c16046-2f7b-4e44-917c-b04a62044b84: 56 chunks; 0.6 s; peak memory 1420 MiB.
2026-10-10T02:13:13Z INFO [489/500] 70c1987c-b848-4536-9553-4e975700ac7e: 112 chunks; 0.8 s; peak memory 1420 MiB.
2026-10-10T02:13:14Z INFO [490/500] 70c26bd6-74d2-487e-898f-9949ea638072: 48 chunks; 0.7 s; peak memory 1420 MiB.
2026-10-10T02:13:19Z INFO [491/500] 70c2852b-2dc0-4fc8-99b2-c452847942ea: 25556 chunks; 5.5 s; peak memory 1420 MiB.
2026-10-10T02:13:20Z INFO [492/500] 70c2a56f-dfbe-42f6-8158-c37eaf281668: 317 chunks; 0.9 s; peak memory 1420 MiB.
2026-10-10T02:13:21Z INFO [493/500] 70c30b38-6ad9-40a3-b7e3-114618af5af1: 117 chunks; 0.9 s; peak memory 1420 MiB.
2026-10-10T02:13:22Z INFO [494/500] 70c3301d-ea4a-4be1-b163-bdbbceac61fb: 86 chunks; 0.7 s; peak memory 1420 MiB.
2026-10-10T02:13:22Z INFO [495/500] 70c37191-4c7c-4e2a-86d0-fd9713cce604: 112 chunks; 0.7 s; peak memory 1420 MiB.
2026-10-10T02:13:23Z INFO [496/500] 70c3811a-12b3-43d9-bef1-3964a1884a64: 112 chunks; 0.8 s; peak memory 1420 MiB.
2026-10-10T02:13:27Z INFO [497/500] 70c3c774-627f-4b8a-9df0-72edd1564cd7: 9067 chunks; 4.1 s; peak memory 1420 MiB.
2026-10-10T02:13:28Z INFO [498/500] 70c3cda1-d9c8-48ab-9062-81f11c8a43f5: 118 chunks; 0.8 s; peak memory 1420 MiB.
2026-10-10T02:13:29Z INFO [499/500] 70c3e62a-c95d-4fc1-a8eb-f5170aa8b4bf: 69 chunks; 1.0 s; peak memory 1420 MiB.
2026-10-10T02:13:30Z INFO [500/500] 70c4977c-bc32-4010-a6ef-d8870c3a4cf2: 63 chunks; 0.6 s; peak memory 1420 MiB.
2026-10-10T02:13:30Z INFO [500/500] 70c4977c-bc32-4010-a6ef-d8870c3a4cf2: checkpointed 101334 new records.
2026-10-10T02:13:30Z INFO Wrote 101334 records to /tmp/derivatives/valid_nwb_file_to_chunk_stats.jsonl (500 new, 0 failed) in 61.2 min (peak memory 1420 MiB).
