2026-10-06T22:22:37Z INFO Logging to /tmp/logs/update_2026-10-06T22-22-37Z.log.
2026-10-06T22:22:37Z INFO Update valid-nwb-file-to-chunk-stats (base directory /tmp).
2026-10-06T22:22:37Z INFO Processing 500 items (82334 already recorded).
2026-10-06T22:22:39Z INFO [1/500] 498d279c-c11a-46c8-8e6e-d29f311195d0: 117 chunks; 2.2 s; peak memory 177 MiB.
2026-10-06T22:22:41Z INFO [2/500] 498f65fc-a5dd-4450-a783-aac926493c8e: 99 chunks; 1.5 s; peak memory 177 MiB.
2026-10-06T22:22:42Z INFO [3/500] 498f7502-a60b-4344-97e1-47396abaae9c: 48 chunks; 1.5 s; peak memory 177 MiB.
2026-10-06T22:22:44Z INFO [4/500] 498f7f6a-84e7-4f8a-b849-3c0f2b8308ab: 67 chunks; 1.8 s; peak memory 177 MiB.
2026-10-06T22:23:00Z INFO [5/500] 498f8c00-2b5e-4d5d-a3b5-79c97ae6f600: 41110 chunks; 15.7 s; peak memory 222 MiB.
2026-10-06T22:23:02Z INFO [6/500] 4990a74b-3855-439e-8df6-4a955edb38cd: 275 chunks; 2.1 s; peak memory 222 MiB.
2026-10-06T22:23:04Z INFO [7/500] 49931cd3-617f-4ca1-a284-8532cd478620: 194 chunks; 1.9 s; peak memory 223 MiB.
2026-10-06T22:23:16Z INFO [8/500] 4994123a-aada-45ed-a754-67ae7389b312: 22037 chunks; 12.5 s; peak memory 223 MiB.
2026-10-06T22:23:18Z INFO [9/500] 49941fcb-b9f3-4e49-aa2e-1424f4c17c63: 48 chunks; 1.6 s; peak memory 224 MiB.
2026-10-06T22:23:19Z INFO [10/500] 49943cc4-5e98-4971-bb8e-0a8a42328059: 48 chunks; 1.4 s; peak memory 224 MiB.
2026-10-06T22:23:21Z INFO [11/500] 49944c1c-ff35-487f-8577-13168afd924f: 48 chunks; 1.6 s; peak memory 224 MiB.
2026-10-06T22:23:22Z INFO [12/500] 4994c6ae-7348-4ad4-bb7f-399a0628a017: 48 chunks; 1.5 s; peak memory 224 MiB.
2026-10-06T22:23:25Z INFO [13/500] 4994e4d1-73c4-481d-9f80-ccd95be8efdc: 69 chunks; 2.4 s; peak memory 224 MiB.
2026-10-06T22:23:26Z INFO [14/500] 4994f2a8-7e74-4872-92be-37a14da73b7e: 46 chunks; 1.0 s; peak memory 224 MiB.
2026-10-06T22:23:29Z INFO [15/500] 499536ea-43d2-4fb2-9b7a-685cced0dc08: 997 chunks; 2.9 s; peak memory 224 MiB.
2026-10-06T22:23:31Z INFO [16/500] 4995f5ad-2527-45a0-bb93-066e2bd2e83f: 46 chunks; 2.2 s; peak memory 224 MiB.
2026-10-06T22:23:33Z INFO [17/500] 49973d9a-0617-4e6f-845a-59ff76ef83d9: 77 chunks; 1.5 s; peak memory 224 MiB.
2026-10-06T22:23:35Z INFO [18/500] 4997c090-8c38-4978-b7d8-334d708be7f8: 112 chunks; 2.0 s; peak memory 224 MiB.
2026-10-06T22:23:39Z INFO [19/500] 4997d065-0918-4483-9821-5120cdafa88b: 156 chunks; 4.3 s; peak memory 224 MiB.
2026-10-06T22:23:40Z INFO [20/500] 4998b475-7b8f-4d22-9b82-08b94146ac08: 69 chunks; 1.3 s; peak memory 224 MiB.
2026-10-06T22:23:41Z INFO [21/500] 49990a5e-deb6-46ab-a2b5-2b93ba635091: 56 chunks; 1.3 s; peak memory 224 MiB.
2026-10-06T22:23:43Z INFO [22/500] 49992a60-dd89-4fb6-8870-9517f60fdf5f: 52 chunks; 1.7 s; peak memory 224 MiB.
2026-10-06T22:23:46Z INFO [23/500] 49996258-ca38-4e8f-be54-00b9fe2a0eab: 112 chunks; 2.4 s; peak memory 224 MiB.
2026-10-06T22:23:57Z INFO [24/500] 499a0d06-811f-4309-802d-44929a6bb9fe: 26950 chunks; 11.9 s; peak memory 225 MiB.
2026-10-06T22:24:00Z INFO [25/500] 499a33f6-5118-498a-824e-06f9a21a099c: 112 chunks; 2.1 s; peak memory 225 MiB.
2026-10-06T22:24:02Z INFO [26/500] 499aa11b-ef9d-4288-a8a4-e4be93beea0a: 113 chunks; 2.5 s; peak memory 225 MiB.
2026-10-06T22:24:03Z INFO [27/500] 499b7c19-77ff-48d4-83b6-502b1ca6b388: 56 chunks; 1.2 s; peak memory 225 MiB.
2026-10-06T22:24:04Z INFO [28/500] 499cc39e-c8f3-49d5-83aa-ed55830aeb62: 46 chunks; 1.2 s; peak memory 225 MiB.
2026-10-06T22:24:06Z INFO [29/500] 499cee4d-a2db-4198-be86-d8b260837e32: 117 chunks; 1.9 s; peak memory 225 MiB.
2026-10-06T22:24:08Z INFO [30/500] 499eac63-6635-4fc9-a360-b46a750bad5b: 52 chunks; 1.6 s; peak memory 225 MiB.
2026-10-06T22:24:10Z INFO [31/500] 499ed41a-1d40-42ff-8efe-07364d4d80e9: 84 chunks; 1.9 s; peak memory 225 MiB.
2026-10-06T22:24:12Z INFO [32/500] 499edc1f-1d07-4b53-b52a-89759e50b1ba: 112 chunks; 2.2 s; peak memory 225 MiB.
2026-10-06T22:24:13Z INFO [33/500] 499fb4d7-0dce-4004-94e0-eabbf28ad8cb: 48 chunks; 1.2 s; peak memory 225 MiB.
2026-10-06T22:24:15Z INFO [34/500] 49a0e988-6521-4bff-9d53-cfa33669a1c5: 45 chunks; 1.2 s; peak memory 225 MiB.
2026-10-06T22:24:16Z INFO [35/500] 49a0fbaf-e121-4f49-ae6e-4fc5c857a0d6: 48 chunks; 1.5 s; peak memory 225 MiB.
2026-10-06T22:24:17Z INFO [36/500] 49a32a95-140b-4679-9605-6b36210ad386: 48 chunks; 1.5 s; peak memory 225 MiB.
2026-10-06T22:24:19Z INFO [37/500] 49a39a2a-384b-4d3b-be60-dfa2503af47e: 110 chunks; 2.0 s; peak memory 225 MiB.
2026-10-06T22:24:21Z INFO [38/500] 49a406f3-7822-4e31-ae80-a22690bb3185: 48 chunks; 1.6 s; peak memory 225 MiB.
2026-10-06T22:24:45Z INFO [39/500] 49a46f4d-0fca-45c6-bcdc-2843b1d6ed31: 36682 chunks; 24.0 s; peak memory 243 MiB.
2026-10-06T22:24:49Z INFO [40/500] 49a4b660-afbe-4cbb-89bf-8b3f2007379d: 116 chunks; 3.9 s; peak memory 243 MiB.
2026-10-06T22:24:51Z INFO [41/500] 49a4cf5b-2f7c-4689-817e-f3bd49d69669: 116 chunks; 1.7 s; peak memory 243 MiB.
2026-10-06T22:24:53Z INFO [42/500] 49a4eee2-8049-45c7-8a74-e0fd2d936e56: 66 chunks; 2.0 s; peak memory 243 MiB.
2026-10-06T22:24:54Z INFO [43/500] 49a5213c-3422-4d22-9862-9e5ade06e952: 48 chunks; 1.4 s; peak memory 243 MiB.
2026-10-06T22:24:55Z INFO [44/500] 49a53839-b851-4d25-a772-01400d5de7ef: 294 chunks; 1.4 s; peak memory 243 MiB.
2026-10-06T22:24:57Z INFO [45/500] 49a54fba-e1d9-4f1c-9422-afc24f8640d1: 48 chunks; 1.5 s; peak memory 243 MiB.
2026-10-06T22:24:58Z INFO [46/500] 49a56a64-f12d-412c-be71-40339d59c043: 117 chunks; 1.6 s; peak memory 243 MiB.
2026-10-06T22:25:00Z INFO [47/500] 49a616c4-5550-44ac-9391-34daa1b3d62e: 48 chunks; 1.6 s; peak memory 243 MiB.
2026-10-06T22:25:04Z INFO [48/500] 49a62ae8-00dc-4dfd-aa78-84f76dfb4404: 161 chunks; 4.2 s; peak memory 243 MiB.
2026-10-06T22:25:07Z INFO [49/500] 49a64729-a52f-42ca-8ec6-028d3af82f02: 112 chunks; 2.2 s; peak memory 243 MiB.
2026-10-06T22:25:08Z INFO [50/500] 49a674eb-e96a-4290-ab68-c44946b1c44a: 48 chunks; 1.6 s; peak memory 243 MiB.
2026-10-06T22:25:08Z INFO [50/500] 49a674eb-e96a-4290-ab68-c44946b1c44a: checkpointed 82384 records.
2026-10-06T22:25:24Z INFO [51/500] 49a72fae-440b-494c-a1f4-6beaa68b3c37: 23280 chunks; 15.6 s; peak memory 243 MiB.
2026-10-06T22:25:26Z INFO [52/500] 49a77ec3-21d5-47e2-a7bd-bde5cf4e1f0d: 110 chunks; 1.8 s; peak memory 243 MiB.
2026-10-06T22:25:28Z INFO [53/500] 49a79400-7cd0-4096-8545-ac9587b5e24f: 112 chunks; 2.0 s; peak memory 243 MiB.
2026-10-06T22:25:30Z INFO [54/500] 49a7cd6a-9ac5-40ac-be95-c49b739504ac: 146 chunks; 2.8 s; peak memory 243 MiB.
2026-10-06T22:25:32Z INFO [55/500] 49a7e4d2-961f-427a-bece-d09febe35358: 59 chunks; 2.0 s; peak memory 243 MiB.
2026-10-06T22:25:34Z INFO [56/500] 49a7f38b-a444-40be-b02f-8dcd0265147d: 48 chunks; 1.4 s; peak memory 243 MiB.
2026-10-06T22:25:36Z INFO [57/500] 49a8027b-b609-4745-93b2-df521e498e6d: 170 chunks; 1.9 s; peak memory 243 MiB.
2026-10-06T22:25:37Z INFO [58/500] 49a9bd41-4238-44c9-92ee-8804d16bf7f0: 54 chunks; 1.2 s; peak memory 243 MiB.
2026-10-06T22:25:39Z INFO [59/500] 49a9ca08-aebe-428f-9833-1db4660c01d8: 117 chunks; 1.7 s; peak memory 243 MiB.
2026-10-06T22:25:40Z INFO [60/500] 49aac4c0-94f8-4056-9161-4de451884216: 230 chunks; 1.9 s; peak memory 243 MiB.
2026-10-06T22:25:42Z INFO [61/500] 49ab33b1-e353-47a8-86aa-0c363e20e0fa: 53 chunks; 1.2 s; peak memory 243 MiB.
2026-10-06T22:25:58Z INFO [62/500] 49ac2812-8e7b-4a3a-b36e-af4e86282d0f: 14328 chunks; 16.5 s; peak memory 243 MiB.
2026-10-06T22:26:00Z INFO [63/500] 49adbabd-19b1-4c6b-9cb9-7ee33e3187e5: 48 chunks; 1.4 s; peak memory 243 MiB.
2026-10-06T22:26:02Z INFO [64/500] 49ae8fd9-ecae-4942-8fc4-8e1d8dc06391: 71 chunks; 2.4 s; peak memory 243 MiB.
2026-10-06T22:26:03Z INFO [65/500] 49aeafa4-13fd-4ce9-9596-59d15c3a86b1: 52 chunks; 1.2 s; peak memory 243 MiB.
2026-10-06T22:26:06Z INFO [66/500] 49aef526-3f97-4d85-8578-2a3487232312: 119 chunks; 2.9 s; peak memory 243 MiB.
2026-10-06T22:26:08Z INFO [67/500] 49af1bdb-1790-4a42-86be-0602dbb0a268: 48 chunks; 1.5 s; peak memory 243 MiB.
2026-10-06T22:26:09Z INFO [68/500] 49b0aacf-fa50-4d49-9b92-1c1c0d89755a: 48 chunks; 1.6 s; peak memory 243 MiB.
2026-10-06T22:26:12Z INFO [69/500] 49b117ab-f921-431b-9cfd-e67ed509e5ff: 933 chunks; 3.0 s; peak memory 243 MiB.
2026-10-06T22:26:14Z INFO [70/500] 49b16d26-e16b-45b0-8cde-77a25ea7eb38: 49 chunks; 1.8 s; peak memory 243 MiB.
2026-10-06T22:26:16Z INFO [71/500] 49b1730d-df83-4301-a3e6-26526752daa1: 112 chunks; 1.9 s; peak memory 243 MiB.
2026-10-06T22:26:17Z INFO [72/500] 49b24e26-40bc-4e2e-8803-b0cc1346b778: 92 chunks; 1.4 s; peak memory 243 MiB.
2026-10-06T22:26:19Z INFO [73/500] 49b2fcea-20dd-48da-beec-462c544baa24: 48 chunks; 1.5 s; peak memory 243 MiB.
2026-10-06T22:26:21Z INFO [74/500] 49b3259e-5e3f-41db-b3f8-863126dd2fa4: 51 chunks; 1.9 s; peak memory 243 MiB.
2026-10-06T22:26:30Z INFO [75/500] 49b3b56a-7bd3-48cc-954c-3c4eef6e2c9f: 9559 chunks; 9.6 s; peak memory 243 MiB.
2026-10-06T22:26:37Z INFO [76/500] 49b3e4c6-bfa3-40a0-9563-3a7936907915: 233 chunks; 6.5 s; peak memory 243 MiB.
2026-10-06T22:26:49Z INFO [77/500] 49b3f268-3ee4-4af3-ad88-79ed314979f2: 21976 chunks; 12.7 s; peak memory 243 MiB.
2026-10-06T22:26:52Z INFO [78/500] 49b4e1a7-4f01-4924-97e8-2c2fc4069437: 71 chunks; 2.6 s; peak memory 243 MiB.
2026-10-06T22:26:54Z INFO [79/500] 49b5a8f5-7649-4627-8637-26a43815439c: 62 chunks; 2.0 s; peak memory 243 MiB.
2026-10-06T22:26:55Z INFO [80/500] 49b5aa67-e901-48d4-891d-3072615667e7: 48 chunks; 1.5 s; peak memory 243 MiB.
2026-10-06T22:26:58Z INFO [81/500] 49b61f4c-51ad-4c99-bdb7-7e89dd81633b: 71 chunks; 2.3 s; peak memory 243 MiB.
2026-10-06T22:26:59Z INFO [82/500] 49b6a49b-13c6-4a62-a4f1-3ba9efff41d2: 48 chunks; 1.4 s; peak memory 243 MiB.
2026-10-06T22:27:01Z INFO [83/500] 49b6ef4b-6e94-4037-ade5-6d9f7b7faa5e: 48 chunks; 1.5 s; peak memory 243 MiB.
2026-10-06T22:27:02Z INFO [84/500] 49b70416-8033-4310-866e-0b8618279106: 48 chunks; 1.5 s; peak memory 243 MiB.
2026-10-06T22:27:04Z INFO [85/500] 49b86514-0037-4f01-afc5-437ce749403f: 112 chunks; 1.9 s; peak memory 243 MiB.
2026-10-06T22:27:06Z INFO [86/500] 49b8de71-26f8-4eaf-855c-b76f90f0e356: 117 chunks; 1.8 s; peak memory 243 MiB.
2026-10-06T22:27:08Z INFO [87/500] 49b9ae91-03d2-4916-9c61-b5f46ff0f0ef: 131 chunks; 1.8 s; peak memory 243 MiB.
2026-10-06T22:27:10Z INFO [88/500] 49ba36b6-d061-4853-901a-8b16157194f6: 61 chunks; 2.0 s; peak memory 243 MiB.
2026-10-06T22:27:11Z INFO [89/500] 49babcd8-2ca9-4c97-afb8-eb269f0883ae: 112 chunks; 1.9 s; peak memory 243 MiB.
2026-10-06T22:27:13Z INFO [90/500] 49bb6713-7db2-4513-bf91-06a9aa474615: 46 chunks; 1.2 s; peak memory 243 MiB.
2026-10-06T22:27:15Z INFO [91/500] 49bc111f-0862-4847-8d5f-9939a75b0d64: 118 chunks; 1.9 s; peak memory 243 MiB.
2026-10-06T22:27:17Z INFO [92/500] 49bcbce7-3c64-4a9a-b162-001b2a162d85: 118 chunks; 1.9 s; peak memory 243 MiB.
2026-10-06T22:27:31Z INFO [93/500] 49bccf2b-9354-40f2-82f4-a3ae69192ec7: 1081 chunks; 14.2 s; peak memory 243 MiB.
2026-10-06T22:27:32Z INFO [94/500] 49bd5bda-8a07-42d9-9051-602569ecfb3a: 48 chunks; 1.5 s; peak memory 243 MiB.
2026-10-06T22:27:34Z INFO [95/500] 49bf2bbc-b764-4d58-bae9-6a5f27d4e43a: 48 chunks; 1.5 s; peak memory 243 MiB.
2026-10-06T22:27:35Z INFO [96/500] 49c12d3d-b67f-4bbd-89a5-4a65c70a9e38: 52 chunks; 1.7 s; peak memory 243 MiB.
2026-10-06T22:27:36Z INFO [97/500] 49c1836d-8306-4c6f-ad12-1bb5f1cfa59c: 31 chunks; 1.1 s; peak memory 243 MiB.
2026-10-06T22:27:38Z INFO [98/500] 49c24ff3-5d45-4835-a51a-38b6e97c9cae: 48 chunks; 1.6 s; peak memory 243 MiB.
2026-10-06T22:30:35Z INFO [99/500] 49c29c7b-62f5-4f6b-af53-ae242f36f0cb: 41004 chunks; 176.9 s; peak memory 348 MiB.
2026-10-06T22:30:37Z INFO [100/500] 49c2f0a3-bb52-48f7-9bb0-4e7f06b102cc: 70 chunks; 2.1 s; peak memory 348 MiB.
2026-10-06T22:30:37Z INFO [100/500] 49c2f0a3-bb52-48f7-9bb0-4e7f06b102cc: checkpointed 82434 records.
2026-10-06T22:31:06Z INFO [101/500] 49c36c51-4a7e-4c15-b2a4-329260a5c5be: 47114 chunks; 28.5 s; peak memory 348 MiB.
2026-10-06T22:31:08Z INFO [102/500] 49c573e6-baa5-48af-b483-3aa58fa259f2: 112 chunks; 2.1 s; peak memory 348 MiB.
2026-10-06T22:31:11Z INFO [103/500] 49c5754b-a638-4924-8022-b4f999755ad9: 71 chunks; 2.6 s; peak memory 348 MiB.
2026-10-06T22:31:12Z INFO [104/500] 49c579d0-c3f1-4aa3-b9af-72daebafa96e: 57 chunks; 1.1 s; peak memory 348 MiB.
2026-10-06T22:31:13Z INFO [105/500] 49c6109b-bb6f-47dd-b0d9-f1db662e229f: 48 chunks; 1.5 s; peak memory 348 MiB.
2026-10-06T22:31:15Z INFO [106/500] 49c6362a-1fea-4314-b80f-9018dc24ffc4: 204 chunks; 2.0 s; peak memory 348 MiB.
2026-10-06T22:31:17Z INFO [107/500] 49c889f1-58d3-43ce-8f71-1c21ed35f9dd: 79 chunks; 1.9 s; peak memory 348 MiB.
2026-10-06T22:31:21Z INFO [108/500] 49c940c4-ca5d-4338-8685-33a9e2d04b13: 85 chunks; 4.3 s; peak memory 348 MiB.
2026-10-06T22:31:24Z INFO [109/500] 49ca1516-839e-4a20-8a9e-b41d6034a4c6: 70 chunks; 2.1 s; peak memory 348 MiB.
2026-10-06T22:31:44Z INFO [110/500] 49ca20ae-4668-4aa6-b46e-66dc6eb23a2d: 763 chunks; 20.3 s; peak memory 348 MiB.
2026-10-06T22:31:46Z INFO [111/500] 49ca6850-961c-4d5a-9c76-3b4f85bcc8f0: 112 chunks; 1.9 s; peak memory 348 MiB.
2026-10-06T22:31:48Z INFO [112/500] 49cacf82-395d-408f-944b-4ba85cfabae0: 112 chunks; 2.3 s; peak memory 348 MiB.
2026-10-06T22:31:50Z INFO [113/500] 49cbdbea-5a4e-40fb-9b46-99cb1b8c554a: 48 chunks; 1.5 s; peak memory 348 MiB.
2026-10-06T22:31:52Z INFO [114/500] 49cced88-02ff-43e5-9462-f9bccf2637df: 112 chunks; 1.9 s; peak memory 348 MiB.
2026-10-06T22:31:53Z INFO [115/500] 49cd406d-b497-45fd-97fb-b0317d8716c9: 116 chunks; 1.7 s; peak memory 348 MiB.
2026-10-06T22:32:03Z INFO [116/500] 49ce6246-5116-46be-bf95-c51dc3ba470e: 9280 chunks; 10.1 s; peak memory 348 MiB.
2026-10-06T22:32:05Z INFO [117/500] 49d00a51-ca32-4fd3-a493-f73572f31114: 67 chunks; 1.7 s; peak memory 348 MiB.
2026-10-06T22:32:07Z INFO [118/500] 49d0e2de-78eb-4705-bc17-b4fb8e5c2631: 112 chunks; 1.8 s; peak memory 348 MiB.
2026-10-06T22:33:48Z INFO [119/500] 49d0eed7-35b9-41ce-9fe9-75c5c2cd666a: 32825 chunks; 101.5 s; peak memory 348 MiB.
2026-10-06T22:33:50Z INFO [120/500] 49d167ac-4942-49d5-a74c-b24b21a9663c: 59 chunks; 2.0 s; peak memory 348 MiB.
2026-10-06T22:33:52Z INFO [121/500] 49d38443-fa5c-400d-bf4d-b1b09df6d876: 112 chunks; 1.6 s; peak memory 348 MiB.
2026-10-06T22:33:54Z INFO [122/500] 49d3b24e-8c0a-4585-8f99-b64fbc4c9857: 112 chunks; 1.7 s; peak memory 348 MiB.
2026-10-06T22:33:55Z INFO [123/500] 49d51c46-5826-4cc6-8bb1-1d2fe134456c: 48 chunks; 1.6 s; peak memory 348 MiB.
2026-10-06T22:33:57Z INFO [124/500] 49d60c06-44a6-45bd-a37d-6e7911b1f9fe: 117 chunks; 1.6 s; peak memory 348 MiB.
2026-10-06T22:33:59Z INFO [125/500] 49d638c3-44c5-4443-9abc-fc278ff6b591: 112 chunks; 2.2 s; peak memory 348 MiB.
2026-10-06T22:34:01Z INFO [126/500] 49d6449f-d9df-4c30-a2bb-ab1a327b0fab: 112 chunks; 2.1 s; peak memory 348 MiB.
2026-10-06T22:34:03Z INFO [127/500] 49d67c26-6501-420f-b041-d7d0fbf34feb: 48 chunks; 1.7 s; peak memory 348 MiB.
2026-10-06T22:34:04Z INFO [128/500] 49d736c9-210e-48e9-974f-2f5298125db2: 106 chunks; 1.5 s; peak memory 348 MiB.
2026-10-06T22:34:06Z INFO [129/500] 49d7ae71-c219-4793-bd4a-dbde5fa001f7: 48 chunks; 1.5 s; peak memory 348 MiB.
2026-10-06T22:34:07Z INFO [130/500] 49d7bc03-5132-4bff-b881-e87077996436: 48 chunks; 1.4 s; peak memory 348 MiB.
2026-10-06T22:34:09Z INFO [131/500] 49d7f6a7-c74b-4ddc-bc56-331b3cf9eba7: 48 chunks; 1.3 s; peak memory 348 MiB.
2026-10-06T22:34:10Z INFO [132/500] 49d825d5-e44f-48d2-a763-2a489eac9f4d: 71 chunks; 1.9 s; peak memory 348 MiB.
2026-10-06T22:34:12Z INFO [133/500] 49d83986-eb42-481f-8d71-f1cab2768237: 33 chunks; 1.2 s; peak memory 348 MiB.
2026-10-06T22:34:13Z INFO [134/500] 49d8aa5b-df93-4525-a244-fa6febb7cb62: 48 chunks; 1.6 s; peak memory 348 MiB.
2026-10-06T22:34:16Z INFO [135/500] 49d8ca8f-6296-4b2e-8cf9-efbdb65d8df6: 66 chunks; 2.8 s; peak memory 348 MiB.
2026-10-06T22:34:18Z INFO [136/500] 49d8da4b-f4a5-4d07-9785-45051528bddc: 76 chunks; 2.1 s; peak memory 348 MiB.
2026-10-06T22:34:20Z INFO [137/500] 49d944cd-d6cc-447f-ba7f-b619de764da7: 112 chunks; 2.1 s; peak memory 348 MiB.
2026-10-06T22:34:23Z INFO [138/500] 49d98732-dfb0-48b6-b00a-9add56a5174d: 164 chunks; 3.0 s; peak memory 348 MiB.
2026-10-06T22:34:25Z INFO [139/500] 49d9a4de-04bd-4d06-b159-460a23400696: 51 chunks; 1.9 s; peak memory 348 MiB.
2026-10-06T22:34:27Z INFO [140/500] 49da67c0-6e0d-4603-9469-40d87e859ab4: 48 chunks; 1.4 s; peak memory 348 MiB.
2026-10-06T22:34:28Z INFO [141/500] 49da6e6e-0eed-4841-915d-8e4cd2fc2ef3: 67 chunks; 1.7 s; peak memory 348 MiB.
2026-10-06T22:34:30Z INFO [142/500] 49db8feb-0b9a-40f6-8cfb-a84846a57f03: 117 chunks; 1.8 s; peak memory 348 MiB.
2026-10-06T22:34:32Z INFO [143/500] 49dc1e39-b7f8-4108-96eb-870613708124: 112 chunks; 1.8 s; peak memory 348 MiB.
2026-10-06T22:34:35Z INFO [144/500] 49dc5362-f06c-456a-a8e8-36115f48d710: 71 chunks; 2.8 s; peak memory 348 MiB.
2026-10-06T22:34:52Z INFO [145/500] 49dd3ddf-8fa3-4fb5-8995-4c48fd4625c5: 13250 chunks; 17.0 s; peak memory 348 MiB.
2026-10-06T22:34:53Z INFO [146/500] 49dde529-bb8f-46cf-b2df-0d4dab3e4fc0: 59 chunks; 1.9 s; peak memory 348 MiB.
2026-10-06T22:34:55Z INFO [147/500] 49de076c-ef14-4b12-aaac-377d567af33f: 117 chunks; 1.9 s; peak memory 348 MiB.
2026-10-06T22:34:57Z INFO [148/500] 49dfdbc2-cb07-460e-90e6-3bb49b684947: 112 chunks; 2.0 s; peak memory 348 MiB.
2026-10-06T22:34:59Z INFO [149/500] 49e01ed4-b0d3-4e16-b5ae-52da140c93f6: 48 chunks; 1.5 s; peak memory 348 MiB.
2026-10-06T22:35:14Z INFO [150/500] 49e04c9c-43ad-499e-8f15-c2d929aef73a: 41142 chunks; 14.7 s; peak memory 348 MiB.
2026-10-06T22:35:14Z INFO [150/500] 49e04c9c-43ad-499e-8f15-c2d929aef73a: checkpointed 82484 records.
2026-10-06T22:41:35Z INFO [151/500] 49e0ee2f-1245-4422-a70e-8564693b49e2: 89624 chunks; 381.0 s; peak memory 533 MiB.
2026-10-06T22:41:37Z INFO [152/500] 49e18e40-48b4-4443-923f-d21f9dbe9202: 117 chunks; 1.7 s; peak memory 533 MiB.
2026-10-06T22:41:38Z INFO [153/500] 49e22e7a-8996-491f-b821-c044986c4dcf: 48 chunks; 1.5 s; peak memory 533 MiB.
2026-10-06T22:41:39Z INFO [154/500] 49e27878-2a12-454d-9f7c-7f4b3da45ba6: 48 chunks; 1.5 s; peak memory 533 MiB.
2026-10-06T22:41:42Z INFO [155/500] 49e2a547-1821-412a-878d-8794d8e939e6: 275 chunks; 2.3 s; peak memory 533 MiB.
2026-10-06T22:41:44Z INFO [156/500] 49e2b04c-4843-4241-b337-9a8b418c75e7: 112 chunks; 2.2 s; peak memory 533 MiB.
2026-10-06T22:41:46Z INFO [157/500] 49e2fcff-eee7-4dac-8e4e-31f1d3f23ed7: 79 chunks; 1.9 s; peak memory 533 MiB.
2026-10-06T22:41:48Z INFO [158/500] 49e3e323-0953-4ff7-93f2-7e143468a1f8: 52 chunks; 1.7 s; peak memory 533 MiB.
2026-10-06T22:41:49Z INFO [159/500] 49e42ae7-43eb-4031-956c-83ab54d4b4f7: 112 chunks; 1.9 s; peak memory 533 MiB.
2026-10-06T22:41:51Z INFO [160/500] 49e46bc3-6731-444e-a777-165741347ba3: 69 chunks; 1.7 s; peak memory 533 MiB.
2026-10-06T22:41:53Z INFO [161/500] 49e4bd49-af7b-4400-89cb-029097e6327a: 53 chunks; 1.3 s; peak memory 533 MiB.
2026-10-06T22:41:54Z INFO [162/500] 49e518bf-ac11-4dff-a81b-3088fa5c5d88: 48 chunks; 1.5 s; peak memory 533 MiB.
2026-10-06T22:41:55Z INFO [163/500] 49e56c61-187f-4518-8a80-e4e448b2fa12: 48 chunks; 1.4 s; peak memory 533 MiB.
2026-10-06T22:42:03Z INFO [164/500] 49e59c7b-fcbc-4c03-a269-067a8d32e001: 2922 chunks; 8.0 s; peak memory 533 MiB.
2026-10-06T22:42:05Z INFO [165/500] 49e5f284-d087-4f55-bf56-82a914d10cfa: 48 chunks; 1.5 s; peak memory 533 MiB.
2026-10-06T22:42:09Z INFO [166/500] 49e80ef0-b1eb-4873-aacc-d9647a22bb0a: 180 chunks; 4.5 s; peak memory 533 MiB.
2026-10-06T22:42:12Z INFO [167/500] 49e821c5-1ae1-440e-9fb1-1059f9e117c8: 112 chunks; 2.2 s; peak memory 533 MiB.
2026-10-06T22:42:13Z INFO [168/500] 49e85f1f-57bc-4697-bdfc-95f0940b3690: 261 chunks; 1.9 s; peak memory 533 MiB.
2026-10-06T22:42:15Z INFO [169/500] 49e87c7e-cea9-478b-a677-067a4970bea4: 64 chunks; 1.9 s; peak memory 533 MiB.
2026-10-06T22:42:17Z INFO [170/500] 49e992d4-fbc1-4212-a15a-e45d0c535bcf: 69 chunks; 2.0 s; peak memory 533 MiB.
2026-10-06T22:42:20Z INFO [171/500] 49ea1ca5-39ee-4c58-adec-ac9c815206a6: 71 chunks; 3.2 s; peak memory 533 MiB.
2026-10-06T22:42:22Z INFO [172/500] 49ea489c-f513-40c8-8950-58418ad09a73: 72 chunks; 1.8 s; peak memory 533 MiB.
2026-10-06T22:42:23Z INFO [173/500] 49ea7ec6-e8c3-410b-9a64-aa786c54f93a: 62 chunks; 1.2 s; peak memory 533 MiB.
2026-10-06T22:42:25Z INFO [174/500] 49eabc54-54c4-4391-8412-da10f41df139: 71 chunks; 2.0 s; peak memory 533 MiB.
2026-10-06T22:42:27Z INFO [175/500] 49ebc5dc-4ddd-4b38-95fb-c9160d451ea4: 74 chunks; 1.9 s; peak memory 533 MiB.
2026-10-06T22:42:28Z INFO [176/500] 49ed8e49-640a-49ce-bd9f-288dd396a665: 33 chunks; 1.1 s; peak memory 533 MiB.
2026-10-06T22:42:32Z INFO [177/500] 49eda484-bb14-4faa-a80e-4856438d30dc: 115 chunks; 3.3 s; peak memory 533 MiB.
2026-10-06T22:42:34Z INFO [178/500] 49ee5189-6402-443f-a2ef-f7e18cdae899: 134 chunks; 2.5 s; peak memory 533 MiB.
2026-10-06T22:42:36Z INFO [179/500] 49eedf72-6eb4-4379-8d1f-ea22b47446e6: 41 chunks; 1.5 s; peak memory 533 MiB.
2026-10-06T22:42:37Z INFO [180/500] 49eefe0f-dda0-4a13-9bc6-26f82441321c: 48 chunks; 1.6 s; peak memory 533 MiB.
2026-10-06T22:42:44Z INFO [181/500] 49ef7337-8ca6-4ced-b95f-f703710854a7: 1124 chunks; 7.2 s; peak memory 533 MiB.
2026-10-06T22:42:46Z INFO [182/500] 49efc8bc-ed68-4f74-a551-365b8e7b303b: 48 chunks; 1.5 s; peak memory 533 MiB.
2026-10-06T22:42:48Z INFO [183/500] 49efd8d1-0adc-48fd-a954-ee91f626f690: 112 chunks; 2.0 s; peak memory 533 MiB.
2026-10-06T22:42:49Z INFO [184/500] 49f2165f-b2e7-4f59-bbc4-e630b0c5178f: 63 chunks; 1.4 s; peak memory 533 MiB.
2026-10-06T22:42:51Z INFO [185/500] 49f4417a-f1dd-49b1-8c02-1898af810636: 48 chunks; 1.5 s; peak memory 533 MiB.
2026-10-06T22:43:10Z INFO [186/500] 49f55193-e3a3-4047-8767-4f2255fa6460: 27498 chunks; 19.5 s; peak memory 533 MiB.
2026-10-06T22:43:13Z INFO [187/500] 49f58947-6910-42ae-a962-cd70e412b9d2: 124 chunks; 2.5 s; peak memory 533 MiB.
2026-10-06T22:43:14Z INFO [188/500] 49f6766f-6837-4e6f-bd96-16f90c7ee4ab: 46 chunks; 1.2 s; peak memory 533 MiB.
2026-10-06T22:43:17Z INFO [189/500] 49f75805-1fa4-44e8-960b-a3379aa4b549: 71 chunks; 3.2 s; peak memory 533 MiB.
2026-10-06T22:43:19Z INFO [190/500] 49f80b48-2f78-433d-b07b-6bbebbda691d: 117 chunks; 1.8 s; peak memory 533 MiB.
2026-10-06T22:43:32Z INFO [191/500] 49f961af-1409-43ae-93a3-bc78b110180a: 11649 chunks; 12.5 s; peak memory 533 MiB.
2026-10-06T22:43:33Z INFO [192/500] 49f968f6-e2c9-464d-a438-5818157f99fa: 116 chunks; 1.6 s; peak memory 533 MiB.
2026-10-06T22:43:36Z INFO [193/500] 49f97895-16ee-45be-8305-074501421f82: 477 chunks; 3.1 s; peak memory 533 MiB.
2026-10-06T22:43:40Z INFO [194/500] 49f9e13f-1be8-4f49-a27e-008accd9fc5b: 116 chunks; 3.9 s; peak memory 533 MiB.
2026-10-06T22:43:43Z INFO [195/500] 49fa56f4-2370-42b3-aa2f-0ed25b53e317: 71 chunks; 3.0 s; peak memory 533 MiB.
2026-10-06T22:43:46Z INFO [196/500] 49faa6f8-7ce8-4024-b066-0449fab3b942: 77 chunks; 2.4 s; peak memory 533 MiB.
2026-10-06T22:43:47Z INFO [197/500] 49fc136b-56d0-4bd6-8b1e-78ce6e5a21d9: 48 chunks; 1.5 s; peak memory 533 MiB.
2026-10-06T22:44:10Z INFO [198/500] 49fcaa5f-755e-405e-a6d5-499599575f04: 5681 chunks; 23.2 s; peak memory 533 MiB.
2026-10-06T22:44:12Z INFO [199/500] 49fcba70-f983-4734-a152-9df4b99f5cf1: 117 chunks; 1.7 s; peak memory 533 MiB.
2026-10-06T22:44:13Z INFO [200/500] 49fcdbc0-7e8e-45d9-bb3d-34ec9834bdfe: 46 chunks; 1.1 s; peak memory 533 MiB.
2026-10-06T22:44:13Z INFO [200/500] 49fcdbc0-7e8e-45d9-bb3d-34ec9834bdfe: checkpointed 82534 records.
2026-10-06T22:44:15Z INFO [201/500] 49fcdff4-07bc-4e37-bad1-e78f18f5ee39: 118 chunks; 1.8 s; peak memory 533 MiB.
2026-10-06T22:44:17Z INFO [202/500] 49fd4bbe-5ced-4bff-8a1d-6b150fb4171d: 52 chunks; 1.5 s; peak memory 533 MiB.
2026-10-06T22:44:18Z INFO [203/500] 49fe5156-b801-4e3f-9cf0-0309cafde85b: 168 chunks; 1.6 s; peak memory 533 MiB.
2026-10-06T22:44:19Z INFO [204/500] 49ff1d0a-ea6a-4bfd-8959-4b88b856db96: 46 chunks; 1.1 s; peak memory 533 MiB.
2026-10-06T22:44:21Z INFO [205/500] 4a000342-8273-434f-af8e-225e2f78e28b: 70 chunks; 1.8 s; peak memory 533 MiB.
2026-10-06T22:44:31Z INFO [206/500] 4a0036c7-3db8-4949-abb8-b876cbd34068: 4151 chunks; 10.1 s; peak memory 533 MiB.
2026-10-06T22:44:33Z INFO [207/500] 4a004322-461a-410a-8f55-ed15ec6cce74: 48 chunks; 1.4 s; peak memory 533 MiB.
2026-10-06T22:44:35Z INFO [208/500] 4a00a3d7-a744-4f8b-829d-b7713b4fb6c7: 112 chunks; 2.0 s; peak memory 533 MiB.
2026-10-06T22:44:36Z INFO [209/500] 4a00f288-5cc3-408a-84c8-38fbcdcf5530: 118 chunks; 1.7 s; peak memory 533 MiB.
2026-10-06T22:44:38Z INFO [210/500] 4a013658-aa16-422b-976e-5846feb5b730: 112 chunks; 1.9 s; peak memory 533 MiB.
2026-10-06T22:44:39Z INFO [211/500] 4a0194cc-ff03-4b4f-90d2-b5752c3f7f8d: 46 chunks; 1.1 s; peak memory 533 MiB.
2026-10-06T22:44:41Z INFO [212/500] 4a019a01-46b2-4543-9acc-2c5681b7faf4: 69 chunks; 2.0 s; peak memory 533 MiB.
2026-10-06T22:44:43Z INFO [213/500] 4a0240ff-58ec-4adc-ba00-fc310819a9e0: 289 chunks; 2.0 s; peak memory 533 MiB.
2026-10-06T22:44:45Z INFO [214/500] 4a033083-c8bf-415f-a373-b5572bb3c0dc: 48 chunks; 1.4 s; peak memory 533 MiB.
2026-10-06T22:44:47Z INFO [215/500] 4a035c35-cc94-4407-9566-e1c91a605534: 118 chunks; 1.8 s; peak memory 533 MiB.
2026-10-06T22:44:48Z INFO [216/500] 4a036e01-92c5-4794-a099-a18fcb8580e6: 48 chunks; 1.5 s; peak memory 533 MiB.
2026-10-06T22:44:50Z INFO [217/500] 4a037a0c-363e-465a-8824-bc2fcee046f2: 48 chunks; 1.4 s; peak memory 533 MiB.
2026-10-06T22:44:51Z INFO [218/500] 4a03a610-ebfb-4954-bdda-3a24c5081505: 48 chunks; 1.5 s; peak memory 533 MiB.
2026-10-06T22:44:53Z INFO [219/500] 4a03aa42-499f-4a94-a9e7-d2720a77b4b4: 69 chunks; 2.0 s; peak memory 533 MiB.
2026-10-06T22:45:05Z INFO [220/500] 4a03b70d-60d3-4c7a-8294-a7484e5fb28c: 1670 chunks; 11.4 s; peak memory 533 MiB.
2026-10-06T22:45:07Z INFO [221/500] 4a040d80-79a0-4f03-827f-5b56fcfe46d1: 66 chunks; 2.0 s; peak memory 533 MiB.
2026-10-06T22:45:08Z INFO [222/500] 4a0443be-fedb-4ea6-8958-f857abf7d1cf: 66 chunks; 1.8 s; peak memory 533 MiB.
2026-10-06T22:45:11Z INFO [223/500] 4a047d73-e0e3-4d94-b53b-b20fdee41dc3: 112 chunks; 2.3 s; peak memory 533 MiB.
2026-10-06T22:45:12Z INFO [224/500] 4a05274f-0671-4958-977e-e32665b6d5d3: 48 chunks; 1.5 s; peak memory 533 MiB.
2026-10-06T22:45:14Z INFO [225/500] 4a0533e8-6103-4164-a495-0693644635c9: 48 chunks; 1.5 s; peak memory 533 MiB.
2026-10-06T22:45:16Z INFO [226/500] 4a0541de-c43d-4461-9a85-262a3988dc20: 112 chunks; 2.0 s; peak memory 533 MiB.
2026-10-06T22:45:22Z INFO [227/500] 4a054531-facd-462b-aded-5df1a4b3b897: 2665 chunks; 6.0 s; peak memory 533 MiB.
2026-10-06T22:45:25Z INFO [228/500] 4a0596ad-dc7d-43e2-8ffe-64df7181ccf6: 71 chunks; 3.1 s; peak memory 533 MiB.
2026-10-06T22:45:27Z INFO [229/500] 4a05fc9f-743f-4584-afb8-03dc67e9c98b: 112 chunks; 2.4 s; peak memory 533 MiB.
2026-10-06T22:45:29Z INFO [230/500] 4a06236a-f561-4815-9b9f-e6b66dac6d9b: 71 chunks; 2.0 s; peak memory 533 MiB.
2026-10-06T22:45:30Z INFO [231/500] 4a068105-8276-453f-9880-b0952dd453ef: 46 chunks; 1.1 s; peak memory 533 MiB.
2026-10-06T22:45:32Z INFO [232/500] 4a0694cf-aa51-4405-807d-8a517b77eaa6: 117 chunks; 1.8 s; peak memory 533 MiB.
2026-10-06T22:45:33Z INFO [233/500] 4a069703-c97c-4ce9-8d4b-e39d2fcd76a0: 21 chunks; 1.3 s; peak memory 533 MiB.
2026-10-06T22:45:35Z INFO [234/500] 4a075606-3008-47d7-b20f-25e62a721bc7: 118 chunks; 1.7 s; peak memory 533 MiB.
2026-10-06T22:45:55Z INFO [235/500] 4a076049-8c36-4e49-aabf-1f2ef7addea4: 14646 chunks; 19.7 s; peak memory 533 MiB.
2026-10-06T22:46:14Z INFO [236/500] 4a0869a4-4894-44e6-9e60-62ae6df02812: 13944 chunks; 19.3 s; peak memory 533 MiB.
2026-10-06T22:46:16Z INFO [237/500] 4a09d42b-3d61-4d16-9dc1-7c8b926ac2c2: 48 chunks; 1.4 s; peak memory 533 MiB.
2026-10-06T22:46:19Z INFO [238/500] 4a0ae650-b623-49c1-916c-81aec154eda8: 115 chunks; 3.4 s; peak memory 533 MiB.
2026-10-06T22:46:20Z INFO [239/500] 4a0b4289-137b-4bca-a7e4-f84520400f8e: 45 chunks; 1.2 s; peak memory 533 MiB.
2026-10-06T22:46:22Z INFO [240/500] 4a0bb116-433d-4348-916c-7c5bf5d2bbe0: 117 chunks; 1.7 s; peak memory 533 MiB.
2026-10-06T22:46:27Z INFO [241/500] 4a0c04e0-3fad-4413-a5a6-1f82a553af1f: 111 chunks; 5.5 s; peak memory 533 MiB.
2026-10-06T22:46:29Z INFO [242/500] 4a0c386d-ba9d-46c6-bd83-a20a82216809: 69 chunks; 1.7 s; peak memory 533 MiB.
2026-10-06T22:46:30Z INFO [243/500] 4a0c8f07-b714-458a-8e54-638984447f1f: 46 chunks; 1.3 s; peak memory 533 MiB.
2026-10-06T22:46:34Z INFO [244/500] 4a0d7785-c746-4e6f-a2e4-800e9fdb1feb: 997 chunks; 3.3 s; peak memory 533 MiB.
2026-10-06T22:46:52Z INFO [245/500] 4a0daa2f-9abe-424b-93cd-42645f159df2: 25444 chunks; 18.6 s; peak memory 533 MiB.
2026-10-06T22:47:06Z INFO [246/500] 4a0db4b6-0c01-4bf2-9bc8-9217e28a2b30: 19298 chunks; 14.0 s; peak memory 533 MiB.
2026-10-06T22:47:08Z INFO [247/500] 4a0dee3d-ac28-4dfb-b5d4-e3246633775a: 112 chunks; 1.8 s; peak memory 533 MiB.
2026-10-06T22:47:09Z INFO [248/500] 4a0e3f91-450e-4c9b-bf19-db994380dd3f: 47 chunks; 1.2 s; peak memory 533 MiB.
2026-10-06T22:47:11Z INFO [249/500] 4a0f23b6-6f1e-456c-97c3-fc6a3c54beb5: 110 chunks; 1.9 s; peak memory 533 MiB.
2026-10-06T22:47:13Z INFO [250/500] 4a0feb83-e1eb-4a3b-bb68-de06adf34f65: 117 chunks; 1.6 s; peak memory 533 MiB.
2026-10-06T22:47:13Z INFO [250/500] 4a0feb83-e1eb-4a3b-bb68-de06adf34f65: checkpointed 82584 records.
2026-10-06T22:47:35Z INFO [251/500] 4a106014-9146-415f-9259-3add43cba833: 428 chunks; 21.5 s; peak memory 533 MiB.
2026-10-06T22:47:45Z INFO [252/500] 4a1118e8-cd39-478e-a58b-8a9dd5285c21: 17587 chunks; 10.7 s; peak memory 533 MiB.
2026-10-06T22:47:47Z INFO [253/500] 4a11b1ca-f295-4858-a231-01b93ec1520b: 50 chunks; 1.4 s; peak memory 533 MiB.
2026-10-06T22:47:48Z INFO [254/500] 4a11dab6-c63b-49e6-9d7f-a5753041f188: 35 chunks; 1.1 s; peak memory 533 MiB.
2026-10-06T22:48:01Z INFO [255/500] 4a122743-d707-4133-944b-c10f96502fea: 18907 chunks; 13.3 s; peak memory 533 MiB.
2026-10-06T22:48:15Z INFO [256/500] 4a126e07-a135-40cc-b597-dccb87763f04: 8945 chunks; 14.4 s; peak memory 533 MiB.
2026-10-06T22:48:20Z INFO [257/500] 4a12d2ca-1555-437b-86c0-35fe56cb79ef: 1707 chunks; 5.0 s; peak memory 533 MiB.
2026-10-06T22:48:38Z INFO [258/500] 4a1329c5-0fe8-41cd-a30a-98bdcba762e6: 6193 chunks; 17.3 s; peak memory 533 MiB.
2026-10-06T22:48:51Z INFO [259/500] 4a146b38-bc95-42e2-9ea0-6d6251e4f07c: 5014 chunks; 13.1 s; peak memory 533 MiB.
2026-10-06T22:48:52Z INFO [260/500] 4a14c968-7f49-40e8-8d76-5e874de1c2ca: 48 chunks; 1.4 s; peak memory 533 MiB.
2026-10-06T22:48:54Z INFO [261/500] 4a1529b5-98ad-49e0-82b4-37ab7f55a9ff: 62 chunks; 2.0 s; peak memory 533 MiB.
2026-10-06T22:49:01Z INFO [262/500] 4a15939c-831c-4188-8de1-c1be604a27ce: 1124 chunks; 7.2 s; peak memory 533 MiB.
2026-10-06T22:49:02Z INFO [263/500] 4a160fc0-871a-41ac-b33c-4b878c1536b0: 21 chunks; 1.1 s; peak memory 533 MiB.
2026-10-06T22:54:26Z INFO [264/500] 4a166038-3b56-4edc-99a5-8c37fa9524f0: 75410 chunks; 323.9 s; peak memory 533 MiB.
2026-10-06T22:54:29Z INFO [265/500] 4a1755de-4fd2-4415-8bb1-9bdaf64c9c21: 364 chunks; 2.8 s; peak memory 533 MiB.
2026-10-06T22:54:31Z INFO [266/500] 4a176368-b4c8-445f-a094-35b1aa883ea2: 41 chunks; 1.5 s; peak memory 533 MiB.
2026-10-06T22:54:34Z INFO [267/500] 4a17827f-76c1-478e-b0ef-00571d7e0314: 119 chunks; 3.5 s; peak memory 533 MiB.
2026-10-06T22:54:36Z INFO [268/500] 4a17a4de-51df-424f-866d-406f5617bcb0: 117 chunks; 2.0 s; peak memory 533 MiB.
2026-10-06T22:54:38Z INFO [269/500] 4a180156-3f5a-4c28-ab0b-8a64602dcfdb: 117 chunks; 1.8 s; peak memory 533 MiB.
2026-10-06T22:54:40Z INFO [270/500] 4a183abe-cd05-45fe-adce-d314360fc052: 48 chunks; 1.5 s; peak memory 533 MiB.
2026-10-06T22:54:41Z INFO [271/500] 4a1862b4-bbcb-4e16-962c-55d01ab90f8b: 48 chunks; 1.4 s; peak memory 533 MiB.
2026-10-06T22:54:44Z INFO [272/500] 4a19c8c4-3754-4f64-bfda-ce437e2b7a25: 123 chunks; 2.9 s; peak memory 533 MiB.
2026-10-06T22:54:46Z INFO [273/500] 4a19cc48-828e-416e-adff-a3ee3294d435: 84 chunks; 1.7 s; peak memory 533 MiB.
2026-10-06T22:58:56Z INFO [274/500] 4a19ea1b-683a-4ffb-98e8-cb702cddee93: 37805 chunks; 250.5 s; peak memory 533 MiB.
2026-10-06T22:58:59Z INFO [275/500] 4a1a10dd-73b5-4fab-bbb7-4e16a24e2807: 149 chunks; 3.1 s; peak memory 533 MiB.
2026-10-06T22:59:00Z INFO [276/500] 4a1a7170-6692-4160-a16d-0f4b7c56415b: 33 chunks; 1.2 s; peak memory 533 MiB.
2026-10-06T22:59:02Z INFO [277/500] 4a1a9c5f-4e2b-4934-833a-b86b598d56c5: 48 chunks; 1.5 s; peak memory 533 MiB.
2026-10-06T22:59:10Z INFO [278/500] 4a1b2b86-fde7-4200-bd32-66bdde2f8c42: 7859 chunks; 7.9 s; peak memory 533 MiB.
2026-10-06T22:59:11Z INFO [279/500] 4a1b384f-8d0d-4440-baf9-056969d72ad3: 48 chunks; 1.6 s; peak memory 533 MiB.
2026-10-06T22:59:25Z INFO [280/500] 4a1b4dcc-caa7-4f4b-a461-37fe407dda52: 396 chunks; 13.3 s; peak memory 533 MiB.
2026-10-06T22:59:26Z INFO [281/500] 4a1b76c1-b7a9-49ca-b749-ceb44f69befe: 48 chunks; 1.5 s; peak memory 533 MiB.
2026-10-06T22:59:29Z INFO [282/500] 4a1bdcdb-1c51-46e6-9c3b-3c53bdab4a5f: 71 chunks; 2.6 s; peak memory 533 MiB.
2026-10-06T22:59:31Z INFO [283/500] 4a1c88af-b0d7-42b6-91b1-e676ef707b0b: 106 chunks; 2.4 s; peak memory 533 MiB.
2026-10-06T22:59:33Z INFO [284/500] 4a1c8f5a-178b-4db3-852a-a2ea43293c35: 48 chunks; 1.5 s; peak memory 533 MiB.
2026-10-06T22:59:34Z INFO [285/500] 4a1c9824-22b4-44b7-9702-aa75892d825f: 46 chunks; 1.6 s; peak memory 533 MiB.
2026-10-06T22:59:38Z INFO [286/500] 4a1cfb69-93cd-4d58-8c5b-00c3d51cc464: 115 chunks; 3.7 s; peak memory 533 MiB.
2026-10-06T22:59:50Z INFO [287/500] 4a1d3385-2fa1-4b17-b9b7-5d057c484d28: 336 chunks; 12.0 s; peak memory 533 MiB.
2026-10-06T22:59:53Z INFO [288/500] 4a1e220a-9f9b-4d5a-8b88-50949d04109d: 349 chunks; 2.7 s; peak memory 533 MiB.
2026-10-06T22:59:54Z INFO [289/500] 4a1edd72-bad4-40db-aafc-6f3a89949ee2: 48 chunks; 1.4 s; peak memory 533 MiB.
2026-10-06T23:00:13Z INFO [290/500] 4a1ef2a8-aad8-4153-b8fb-821292e0c5fe: 3184 chunks; 18.7 s; peak memory 533 MiB.
2026-10-06T23:00:17Z INFO [291/500] 4a1f0bec-f0a0-493f-a66f-b6e9e866a217: 220 chunks; 3.9 s; peak memory 533 MiB.
2026-10-06T23:00:19Z INFO [292/500] 4a20324b-d1d8-439b-9126-bd1a04a4ef3c: 69 chunks; 2.1 s; peak memory 533 MiB.
2026-10-06T23:00:21Z INFO [293/500] 4a20636b-e8fd-40a2-9e7d-97c22d8b0d38: 112 chunks; 2.1 s; peak memory 533 MiB.
2026-10-06T23:00:25Z INFO [294/500] 4a20bd17-8014-4999-ae8c-fd76d6d5adf5: 116 chunks; 3.6 s; peak memory 533 MiB.
2026-10-06T23:00:26Z INFO [295/500] 4a20fdda-883f-4084-bb17-3d148b4fa5a7: 35 chunks; 1.0 s; peak memory 533 MiB.
2026-10-06T23:00:27Z INFO [296/500] 4a214485-af96-44a8-b8a8-95cb9824e59b: 117 chunks; 1.7 s; peak memory 533 MiB.
2026-10-06T23:00:30Z INFO [297/500] 4a2175db-114d-436f-bbfd-d96a69f313c2: 367 chunks; 2.8 s; peak memory 533 MiB.
2026-10-06T23:00:40Z INFO [298/500] 4a2195a6-3cba-4a80-bbcc-4b80f619986b: 11550 chunks; 10.4 s; peak memory 533 MiB.
2026-10-06T23:00:51Z INFO [299/500] 4a23d165-cc0f-4a31-88d8-076a0cd44bb6: 5127 chunks; 10.4 s; peak memory 533 MiB.
2026-10-06T23:00:53Z INFO [300/500] 4a24288b-c1dd-4da6-afef-ecfe8271d419: 59 chunks; 1.9 s; peak memory 533 MiB.
2026-10-06T23:00:53Z INFO [300/500] 4a24288b-c1dd-4da6-afef-ecfe8271d419: checkpointed 82634 records.
2026-10-06T23:00:56Z INFO [301/500] 4a2432b8-ea5d-4255-8557-08f6af5cb782: 78 chunks; 2.6 s; peak memory 533 MiB.
2026-10-06T23:00:57Z INFO [302/500] 4a24586b-abba-42e5-9104-6d89d758a3e9: 66 chunks; 1.4 s; peak memory 533 MiB.
2026-10-06T23:01:00Z INFO [303/500] 4a249afe-5d4f-44d1-a272-f6ff6cd3df30: 71 chunks; 2.5 s; peak memory 533 MiB.
2026-10-06T23:01:02Z INFO [304/500] 4a24bdd2-4559-479f-aaac-01f513c1460f: 119 chunks; 2.8 s; peak memory 533 MiB.
2026-10-06T23:01:05Z INFO [305/500] 4a24c9f9-5269-4025-a623-7a3bf75baacb: 933 chunks; 2.8 s; peak memory 533 MiB.
2026-10-06T23:01:11Z INFO [306/500] 4a25ffd0-1e09-4705-b111-b686a63bf8da: 9568 chunks; 6.4 s; peak memory 533 MiB.
2026-10-06T23:01:14Z INFO [307/500] 4a26fa6f-45af-41fc-b515-cf3dd8ee6872: 71 chunks; 2.1 s; peak memory 533 MiB.
2026-10-06T23:01:15Z INFO [308/500] 4a2713d2-6f9a-4831-bc68-547aa05f2083: 46 chunks; 1.3 s; peak memory 533 MiB.
2026-10-06T23:01:17Z INFO [309/500] 4a2836d4-549e-4e24-abc8-07a825425db6: 62 chunks; 2.3 s; peak memory 533 MiB.
2026-10-06T23:01:30Z INFO [310/500] 4a297ea2-dae7-4a67-aa1b-b0b2c251ccf6: 12514 chunks; 12.7 s; peak memory 533 MiB.
2026-10-06T23:01:32Z INFO [311/500] 4a2a6311-3ed5-44e1-a42c-f5f045bb08c8: 118 chunks; 1.7 s; peak memory 533 MiB.
2026-10-06T23:01:33Z INFO [312/500] 4a2aa2c9-d975-48b0-b131-d0494f542b91: 48 chunks; 1.4 s; peak memory 533 MiB.
2026-10-06T23:01:36Z INFO [313/500] 4a2b165a-467b-4a5f-b911-31429e8ffa24: 165 chunks; 3.3 s; peak memory 533 MiB.
2026-10-06T23:03:28Z INFO [314/500] 4a2bc6f4-61a6-45d8-a346-64c50ce23b81: 51681 chunks; 111.6 s; peak memory 533 MiB.
2026-10-06T23:03:40Z INFO [315/500] 4a2ce0e8-9846-4a5e-8bf9-7c82e8e90f72: 10921 chunks; 11.7 s; peak memory 533 MiB.
2026-10-06T23:03:42Z INFO [316/500] 4a2ce6ad-56e5-4905-a99d-b685972f3801: 112 chunks; 2.3 s; peak memory 533 MiB.
2026-10-06T23:03:44Z INFO [317/500] 4a2d5967-6155-4a16-a53b-cde0a50cca62: 118 chunks; 1.7 s; peak memory 533 MiB.
2026-10-06T23:03:45Z INFO [318/500] 4a2d76a3-768f-47e7-bbb3-37eacf4a1b33: 46 chunks; 1.0 s; peak memory 533 MiB.
2026-10-06T23:04:12Z INFO [319/500] 4a2dd974-a280-4e5d-957f-2b9cf6113bd0: 5716 chunks; 27.2 s; peak memory 533 MiB.
2026-10-06T23:04:14Z INFO [320/500] 4a2ef0d4-c45b-4dd6-b925-0a79a3b46b7b: 112 chunks; 2.0 s; peak memory 533 MiB.
2026-10-06T23:04:16Z INFO [321/500] 4a301d1a-4689-4757-89c7-6c6fea8fb5a6: 49 chunks; 2.0 s; peak memory 533 MiB.
2026-10-06T23:04:17Z INFO [322/500] 4a316acd-1bac-498a-86ae-45b1d0cb19c3: 117 chunks; 1.6 s; peak memory 533 MiB.
2026-10-06T23:04:19Z INFO [323/500] 4a3203d4-cbf0-49ef-a436-7fefa2c9e567: 118 chunks; 1.6 s; peak memory 533 MiB.
2026-10-06T23:04:21Z INFO [324/500] 4a320c82-d8c3-4ece-9f54-79c3428fd301: 66 chunks; 2.2 s; peak memory 533 MiB.
2026-10-06T23:04:24Z INFO [325/500] 4a32269e-f8c5-4bbd-8ee0-98de57cf2a0d: 66 chunks; 2.4 s; peak memory 533 MiB.
2026-10-06T23:04:25Z INFO [326/500] 4a3244ba-c330-4e02-8a60-035a05892929: 48 chunks; 1.5 s; peak memory 533 MiB.
2026-10-06T23:04:27Z INFO [327/500] 4a32dd3e-4ac5-4516-af10-fefca794ceae: 72 chunks; 1.9 s; peak memory 533 MiB.
2026-10-06T23:04:28Z INFO [328/500] 4a3340b3-fd53-43a0-8b8d-e9e6434f9710: 45 chunks; 1.2 s; peak memory 533 MiB.
2026-10-06T23:04:31Z INFO [329/500] 4a3399d0-3f88-411f-8630-1bb89a4d9613: 66 chunks; 2.5 s; peak memory 533 MiB.
2026-10-06T23:04:32Z INFO [330/500] 4a33ccf4-3d86-4cf8-95ad-c0a0c7a47743: 48 chunks; 1.3 s; peak memory 533 MiB.
2026-10-06T23:04:34Z INFO [331/500] 4a3411dd-68be-43f2-abdf-671399ecfe61: 112 chunks; 2.0 s; peak memory 533 MiB.
2026-10-06T23:04:36Z INFO [332/500] 4a345c0a-1e3c-4667-812a-4d35fd71fa6a: 110 chunks; 2.0 s; peak memory 533 MiB.
2026-10-06T23:04:38Z INFO [333/500] 4a34a741-f5f3-4265-befd-2d05f319ba28: 118 chunks; 2.0 s; peak memory 533 MiB.
2026-10-06T23:04:40Z INFO [334/500] 4a351bad-5ec3-4516-ab1d-d69dc126aee3: 275 chunks; 2.1 s; peak memory 533 MiB.
2026-10-06T23:07:31Z INFO [335/500] 4a359021-086d-4990-af26-0ab8f9f4f252: 38392 chunks; 170.5 s; peak memory 533 MiB.
2026-10-06T23:07:59Z INFO [336/500] 4a35954c-f154-48c1-a0ef-858d4d2262e6: 42724 chunks; 28.0 s; peak memory 533 MiB.
2026-10-06T23:08:00Z INFO [337/500] 4a374c83-b2c4-401a-8e4f-de47b62dd5df: 48 chunks; 1.4 s; peak memory 533 MiB.
2026-10-06T23:09:04Z INFO [338/500] 4a383c52-2dde-4d3d-98b1-967628c63d46: 23346 chunks; 64.0 s; peak memory 533 MiB.
2026-10-06T23:09:06Z INFO [339/500] 4a393547-10b6-4aec-a34a-5ca0b894c263: 117 chunks; 1.9 s; peak memory 533 MiB.
2026-10-06T23:09:10Z INFO [340/500] 4a3964c5-2d9e-4fe2-a835-4f82142d0425: 822 chunks; 3.5 s; peak memory 533 MiB.
2026-10-06T23:09:11Z INFO [341/500] 4a3a32e6-6a46-4acc-b488-6dda257aaa21: 52 chunks; 1.7 s; peak memory 533 MiB.
2026-10-06T23:09:13Z INFO [342/500] 4a3a56e5-a05d-4657-914d-7541cd50bed3: 52 chunks; 1.6 s; peak memory 533 MiB.
2026-10-06T23:09:16Z INFO [343/500] 4a3a98e9-d707-43ca-b017-d9af3f61bd61: 115 chunks; 3.5 s; peak memory 533 MiB.
2026-10-06T23:09:19Z INFO [344/500] 4a3b77ac-ced1-4c7a-ae22-d54355e017d2: 71 chunks; 2.4 s; peak memory 533 MiB.
2026-10-06T23:09:20Z INFO [345/500] 4a3bb4ae-54e7-4f4c-8cca-7b393285c955: 48 chunks; 1.4 s; peak memory 533 MiB.
2026-10-06T23:09:22Z INFO [346/500] 4a3bdb57-e3b9-4e6e-979b-c69d3d62c3f1: 112 chunks; 1.8 s; peak memory 533 MiB.
2026-10-06T23:09:24Z INFO [347/500] 4a3c292b-0b49-4440-a125-caf89f94ad02: 112 chunks; 2.3 s; peak memory 533 MiB.
2026-10-06T23:09:26Z INFO [348/500] 4a3c66e9-ac50-4ed2-aed9-d5337f9407e2: 112 chunks; 1.8 s; peak memory 533 MiB.
2026-10-06T23:09:28Z INFO [349/500] 4a3cf1e8-99b0-4ef1-b1a5-a05ef5be359c: 48 chunks; 1.6 s; peak memory 533 MiB.
2026-10-06T23:09:31Z INFO [350/500] 4a3dd304-4c6e-44d8-81a4-beaf03e4022f: 184 chunks; 3.2 s; peak memory 533 MiB.
2026-10-06T23:09:31Z INFO [350/500] 4a3dd304-4c6e-44d8-81a4-beaf03e4022f: checkpointed 82684 records.
2026-10-06T23:09:32Z INFO [351/500] 4a3e2bbb-35ed-4dcf-8123-1dbd246af288: 56 chunks; 1.2 s; peak memory 533 MiB.
2026-10-06T23:09:34Z INFO [352/500] 4a3eecda-25f0-464f-99e8-a9876febb399: 48 chunks; 1.5 s; peak memory 533 MiB.
2026-10-06T23:09:35Z INFO [353/500] 4a3f1959-e2b0-4472-8b66-57462279e0ce: 50 chunks; 1.3 s; peak memory 533 MiB.
2026-10-06T23:09:37Z INFO [354/500] 4a3f38a0-df63-4577-a0e4-e57ae4a63331: 48 chunks; 1.4 s; peak memory 533 MiB.
2026-10-06T23:28:56Z INFO [355/500] 4a3f4b9f-00cc-4987-9ca6-d57e398f485e: 278742 chunks; 1159.2 s; peak memory 1190 MiB.
2026-10-06T23:28:58Z INFO [356/500] 4a3feb7b-0217-43ab-9efa-df8fbf4a5522: 48 chunks; 1.7 s; peak memory 1190 MiB.
2026-10-06T23:29:00Z INFO [357/500] 4a403a5d-88fc-49f1-a2af-37aae21ac5d3: 117 chunks; 2.0 s; peak memory 1190 MiB.
2026-10-06T23:29:01Z INFO [358/500] 4a407588-f447-4463-9a67-6bd44069b227: 101 chunks; 1.5 s; peak memory 1190 MiB.
2026-10-06T23:29:03Z INFO [359/500] 4a40afe5-5d27-4577-8297-f532efceb762: 48 chunks; 1.6 s; peak memory 1190 MiB.
2026-10-06T23:29:04Z INFO [360/500] 4a416104-fc65-4bbd-9344-a041cdf7b0ec: 44 chunks; 1.4 s; peak memory 1190 MiB.
2026-10-06T23:29:05Z INFO [361/500] 4a41d19d-fc23-425f-a142-907d07382397: 46 chunks; 1.3 s; peak memory 1190 MiB.
2026-10-06T23:29:14Z INFO [362/500] 4a422345-c942-44d7-b6aa-f96a288b0b20: 1277 chunks; 8.7 s; peak memory 1190 MiB.
2026-10-06T23:29:16Z INFO [363/500] 4a4226f7-056a-4a78-868e-fd34404193fb: 48 chunks; 1.7 s; peak memory 1190 MiB.
2026-10-06T23:29:18Z INFO [364/500] 4a42a4fd-e7fe-4b3f-8323-aa2430c9ae38: 118 chunks; 2.0 s; peak memory 1190 MiB.
2026-10-06T23:29:22Z INFO [365/500] 4a4319b8-26dd-4e12-bcb0-4e210b4e6e0f: 156 chunks; 4.1 s; peak memory 1190 MiB.
2026-10-06T23:29:31Z INFO [366/500] 4a437270-c7f6-49d7-a5ff-9fafbcf79433: 18460 chunks; 8.9 s; peak memory 1190 MiB.
2026-10-06T23:29:34Z INFO [367/500] 4a440aca-1422-48a8-b732-a2dc2fb3729c: 997 chunks; 3.3 s; peak memory 1190 MiB.
2026-10-06T23:29:49Z INFO [368/500] 4a4453f3-7845-41b2-bce8-e8c5a55faecf: 16465 chunks; 14.9 s; peak memory 1190 MiB.
2026-10-06T23:29:50Z INFO [369/500] 4a467d09-e8a5-4f48-bc59-edc0b66d3608: 117 chunks; 1.7 s; peak memory 1190 MiB.
2026-10-06T23:29:53Z INFO [370/500] 4a46a558-05ff-47d0-87a2-21255ab4039a: 112 chunks; 2.1 s; peak memory 1190 MiB.
2026-10-06T23:29:55Z INFO [371/500] 4a47137f-8aec-4307-9774-9c4ea1eaa605: 66 chunks; 2.4 s; peak memory 1190 MiB.
2026-10-06T23:29:56Z INFO [372/500] 4a4794e4-0a00-4ef7-9662-b5a4c83084fc: 50 chunks; 1.3 s; peak memory 1190 MiB.
2026-10-06T23:29:58Z INFO [373/500] 4a479bcc-3a1d-4883-a869-cebfd2bfde7e: 48 chunks; 1.4 s; peak memory 1190 MiB.
2026-10-06T23:30:01Z INFO [374/500] 4a47c4b8-0a4f-45f5-9aa5-a9a9b7e69f79: 78 chunks; 2.9 s; peak memory 1190 MiB.
2026-10-06T23:30:23Z INFO [375/500] 4a47d2d8-19f5-4838-9df6-0025e926b848: 8232 chunks; 22.4 s; peak memory 1190 MiB.
2026-10-06T23:30:25Z INFO [376/500] 4a47e73d-028c-483e-b40b-ef0774f6cd5d: 46 chunks; 1.6 s; peak memory 1190 MiB.
2026-10-06T23:30:26Z INFO [377/500] 4a4825a0-554e-45c3-bed3-e859e54249bc: 45 chunks; 1.0 s; peak memory 1190 MiB.
2026-10-06T23:30:27Z INFO [378/500] 4a485e8a-3c5b-4675-8022-d94069f69544: 112 chunks; 2.0 s; peak memory 1190 MiB.
2026-10-06T23:30:32Z INFO [379/500] 4a48a3da-83c4-409e-ab4a-0afc5ec27cdc: 99 chunks; 4.6 s; peak memory 1190 MiB.
2026-10-06T23:30:34Z INFO [380/500] 4a48beb7-e837-4971-989f-0be498ca9e0b: 117 chunks; 1.8 s; peak memory 1190 MiB.
2026-10-06T23:30:36Z INFO [381/500] 4a48c11a-43c3-4197-8b47-d787e37311d0: 112 chunks; 2.0 s; peak memory 1190 MiB.
2026-10-06T23:30:37Z INFO [382/500] 4a48e19a-19ea-4d37-8249-24bb4046ae04: 121 chunks; 1.2 s; peak memory 1190 MiB.
2026-10-06T23:30:41Z INFO [383/500] 4a497aa5-456f-4dc8-b208-934807102e70: 521 chunks; 3.6 s; peak memory 1190 MiB.
2026-10-06T23:30:45Z INFO [384/500] 4a4a6813-5c7e-4f00-877a-0105354d71f1: 99 chunks; 4.1 s; peak memory 1190 MiB.
2026-10-06T23:30:46Z INFO [385/500] 4a4ad6c5-755b-4c94-a5d1-0ade0b8641ad: 76 chunks; 1.5 s; peak memory 1190 MiB.
2026-10-06T23:30:48Z INFO [386/500] 4a4b14f8-7302-4866-8048-0bff5646a699: 132 chunks; 2.0 s; peak memory 1190 MiB.
2026-10-06T23:30:51Z INFO [387/500] 4a4bbbfa-c0c9-4af2-bc5b-c340e88ae2a3: 997 chunks; 3.2 s; peak memory 1190 MiB.
2026-10-06T23:30:55Z INFO [388/500] 4a4c853b-9c2f-4e8c-bfe8-50dc5b8e7291: 66 chunks; 3.5 s; peak memory 1190 MiB.
2026-10-06T23:30:57Z INFO [389/500] 4a4ca33c-df97-4056-b881-6311c95eeabc: 70 chunks; 1.8 s; peak memory 1190 MiB.
2026-10-06T23:30:58Z INFO [390/500] 4a4dec06-553e-4218-aea6-0d25ba27d979: 146 chunks; 1.4 s; peak memory 1190 MiB.
2026-10-06T23:31:00Z INFO [391/500] 4a4e3436-3ceb-464c-9b82-694c000b9245: 66 chunks; 1.9 s; peak memory 1190 MiB.
2026-10-06T23:31:02Z INFO [392/500] 4a4e40af-3496-4639-8c86-376d33861945: 48 chunks; 1.4 s; peak memory 1190 MiB.
2026-10-06T23:31:04Z INFO [393/500] 4a4e4755-55d3-48e0-986e-53af153f25ec: 74 chunks; 2.3 s; peak memory 1190 MiB.
2026-10-06T23:31:07Z INFO [394/500] 4a4f2b7e-63a4-452f-8845-55bbf296e762: 71 chunks; 3.0 s; peak memory 1190 MiB.
2026-10-06T23:31:08Z INFO [395/500] 4a4f2b80-39b1-4787-aa92-db9212b7ae77: 39 chunks; 1.5 s; peak memory 1190 MiB.
2026-10-06T23:31:10Z INFO [396/500] 4a4f7369-ff6d-471d-9a25-d8c57c07c200: 46 chunks; 1.1 s; peak memory 1190 MiB.
2026-10-06T23:31:14Z INFO [397/500] 4a50425e-1213-4c72-bdc3-fc3e9230c6c0: 156 chunks; 4.1 s; peak memory 1190 MiB.
2026-10-06T23:31:15Z INFO [398/500] 4a510a03-81c9-4f7c-ae03-711d7c92a28a: 48 chunks; 1.5 s; peak memory 1190 MiB.
2026-10-06T23:31:17Z INFO [399/500] 4a5125af-24e7-4114-b4f2-dc02819b92fa: 112 chunks; 2.0 s; peak memory 1190 MiB.
2026-10-06T23:31:19Z INFO [400/500] 4a51d757-8806-407f-9f30-27ff659aff01: 112 chunks; 1.9 s; peak memory 1190 MiB.
2026-10-06T23:31:19Z INFO [400/500] 4a51d757-8806-407f-9f30-27ff659aff01: checkpointed 82734 records.
2026-10-06T23:31:21Z INFO [401/500] 4a51ddc0-47b2-43e4-9a8a-1483e634010d: 48 chunks; 1.6 s; peak memory 1190 MiB.
2026-10-06T23:31:23Z INFO [402/500] 4a5263ed-b8d0-45f4-bb82-d0cc3f5d27ad: 48 chunks; 1.5 s; peak memory 1190 MiB.
2026-10-06T23:31:24Z INFO [403/500] 4a5278b8-2f32-4dd7-a2a8-f1b8e0f23819: 118 chunks; 1.9 s; peak memory 1190 MiB.
2026-10-06T23:31:27Z INFO [404/500] 4a53211b-ddd2-4bb0-9073-91fa77266a93: 112 chunks; 2.7 s; peak memory 1190 MiB.
2026-10-06T23:31:29Z INFO [405/500] 4a5366a0-7ebb-49c4-992c-6b496e0dc52e: 114 chunks; 2.2 s; peak memory 1190 MiB.
2026-10-06T23:31:31Z INFO [406/500] 4a54c952-9b03-470b-9540-36f9f53c93da: 48 chunks; 1.5 s; peak memory 1190 MiB.
2026-10-06T23:31:34Z INFO [407/500] 4a55275a-8e64-4cd9-9842-bfbe17557394: 115 chunks; 3.2 s; peak memory 1190 MiB.
2026-10-06T23:31:36Z INFO [408/500] 4a55433f-23c4-459a-ac63-edf580c15a8c: 51 chunks; 1.8 s; peak memory 1190 MiB.
2026-10-06T23:31:39Z INFO [409/500] 4a55a9ac-58f5-4da1-bcbe-7bf4e395028a: 125 chunks; 3.0 s; peak memory 1190 MiB.
2026-10-06T23:31:41Z INFO [410/500] 4a563d16-0a36-45d5-b267-09b35cbfe8e0: 71 chunks; 2.3 s; peak memory 1190 MiB.
2026-10-06T23:31:43Z INFO [411/500] 4a5675e5-ffbb-491e-95fa-ebcf58db4e5a: 118 chunks; 1.7 s; peak memory 1190 MiB.
2026-10-06T23:31:44Z INFO [412/500] 4a568227-5fa3-4f46-a9c8-c900c414a4f4: 48 chunks; 1.6 s; peak memory 1190 MiB.
2026-10-06T23:31:46Z INFO [413/500] 4a56f3db-d78c-48b1-b193-bd67c42d7818: 117 chunks; 1.8 s; peak memory 1190 MiB.
2026-10-06T23:31:48Z INFO [414/500] 4a57e2d3-c11e-4c12-9aa5-c74bed4d9c63: 117 chunks; 1.6 s; peak memory 1190 MiB.
2026-10-06T23:31:49Z INFO [415/500] 4a58a23b-eabd-4480-8386-0f2a06742c3d: 72 chunks; 1.6 s; peak memory 1190 MiB.
2026-10-06T23:31:51Z INFO [416/500] 4a59d1af-bf00-4ac7-a9ea-f6bdf0ac0de3: 118 chunks; 1.8 s; peak memory 1190 MiB.
2026-10-06T23:31:56Z INFO [417/500] 4a5ae981-8d5b-48d9-998b-05f3a00e1482: 3425 chunks; 4.7 s; peak memory 1190 MiB.
2026-10-06T23:31:58Z INFO [418/500] 4a5cae65-45b7-41b3-be0a-4b7643945b8e: 66 chunks; 2.0 s; peak memory 1190 MiB.
2026-10-06T23:32:00Z INFO [419/500] 4a5d4b3f-117b-49e2-8f69-03cddcca97cc: 68 chunks; 1.9 s; peak memory 1190 MiB.
2026-10-06T23:32:01Z INFO [420/500] 4a5e7871-26a2-49a1-8322-4338fdd78846: 46 chunks; 1.5 s; peak memory 1190 MiB.
2026-10-06T23:32:03Z INFO [421/500] 4a5f311a-8eed-4731-b94b-27c54697b55f: 54 chunks; 1.2 s; peak memory 1190 MiB.
2026-10-06T23:32:04Z INFO [422/500] 4a61c776-b474-40a6-8247-37c49c2ae14e: 69 chunks; 1.7 s; peak memory 1190 MiB.
2026-10-06T23:32:14Z INFO [423/500] 4a623d3d-4459-49f7-9f5c-e786793edb64: 2836 chunks; 9.3 s; peak memory 1190 MiB.
2026-10-06T23:32:15Z INFO [424/500] 4a624194-b5b7-4bcd-8ef0-273574541d92: 118 chunks; 1.6 s; peak memory 1190 MiB.
2026-10-06T23:32:18Z INFO [425/500] 4a627d17-9a2a-47a5-91f4-da62d5f237a9: 131 chunks; 2.7 s; peak memory 1190 MiB.
2026-10-06T23:32:19Z INFO [426/500] 4a63bc82-beb9-400a-b354-e32ce21aeef6: 46 chunks; 1.1 s; peak memory 1190 MiB.
2026-10-06T23:32:20Z INFO [427/500] 4a6444be-86d0-49ee-be23-065d0d2d58a2: 48 chunks; 1.4 s; peak memory 1190 MiB.
2026-10-06T23:32:22Z INFO [428/500] 4a65949a-1a41-4f04-ba1f-4632dcf477dc: 50 chunks; 1.5 s; peak memory 1190 MiB.
2026-10-06T23:32:59Z INFO [429/500] 4a65965f-c303-4471-ad82-cbdded7d8849: 1155 chunks; 37.2 s; peak memory 1190 MiB.
2026-10-06T23:33:01Z INFO [430/500] 4a6599fe-d2c2-493d-841e-8ddb02985b45: 112 chunks; 1.8 s; peak memory 1190 MiB.
2026-10-06T23:33:02Z INFO [431/500] 4a65e811-069e-448d-b077-94f4fefa977b: 48 chunks; 1.5 s; peak memory 1190 MiB.
2026-10-06T23:33:04Z INFO [432/500] 4a660134-dc27-4321-9282-c03a2371a76a: 48 chunks; 1.5 s; peak memory 1190 MiB.
2026-10-06T23:33:06Z INFO [433/500] 4a661c94-f4f2-4bda-a791-f164e6badc9a: 48 chunks; 1.6 s; peak memory 1190 MiB.
2026-10-06T23:33:07Z INFO [434/500] 4a6633b7-98e5-471e-9e5d-06cc5b23672d: 45 chunks; 1.8 s; peak memory 1190 MiB.
2026-10-06T23:33:14Z INFO [435/500] 4a66ff22-3ead-4138-a700-03d1b44d9dd2: 7866 chunks; 6.4 s; peak memory 1190 MiB.
2026-10-06T23:33:16Z INFO [436/500] 4a672419-26fd-4cf7-90dc-329e3c572216: 112 chunks; 2.1 s; peak memory 1190 MiB.
2026-10-06T23:33:17Z INFO [437/500] 4a67ab06-808a-4c63-a5b7-ad6a8b794d93: 48 chunks; 1.6 s; peak memory 1190 MiB.
2026-10-06T23:33:19Z INFO [438/500] 4a67e942-66b1-40f6-b26d-aff97403a648: 116 chunks; 1.5 s; peak memory 1190 MiB.
2026-10-06T23:33:20Z INFO [439/500] 4a67ec25-2b04-4568-92b8-670f5bf2c6b6: 48 chunks; 1.5 s; peak memory 1190 MiB.
2026-10-06T23:33:22Z INFO [440/500] 4a68803b-33e7-4c54-88cc-dd0608f29992: 90 chunks; 1.7 s; peak memory 1190 MiB.
2026-10-06T23:33:24Z INFO [441/500] 4a6883e5-0f9f-452d-9450-141bd9c82aa2: 261 chunks; 2.1 s; peak memory 1190 MiB.
2026-10-06T23:33:41Z INFO [442/500] 4a68be25-92a6-45bb-9247-32bf6aec24bb: 3311 chunks; 16.3 s; peak memory 1190 MiB.
2026-10-06T23:33:44Z INFO [443/500] 4a68ee59-a0fe-42c1-83df-d197722b3e45: 192 chunks; 3.3 s; peak memory 1190 MiB.
2026-10-06T23:33:46Z INFO [444/500] 4a6931df-f0ad-4131-99a8-e8840c20bc4c: 59 chunks; 1.8 s; peak memory 1190 MiB.
2026-10-06T23:33:47Z INFO [445/500] 4a6959cd-d0cd-41a9-bb54-485e7fe9df3b: 63 chunks; 1.2 s; peak memory 1190 MiB.
2026-10-06T23:33:54Z INFO [446/500] 4a697931-dcf7-4e0d-90c6-af11b2c8f6e2: 10779 chunks; 6.8 s; peak memory 1190 MiB.
2026-10-06T23:34:42Z INFO [447/500] 4a69a270-231b-4af8-904d-ed49e0e56d35: 16419 chunks; 47.8 s; peak memory 1190 MiB.
2026-10-06T23:34:43Z INFO [448/500] 4a6a2b0b-4d75-4187-a34d-cd62712b49c6: 117 chunks; 1.7 s; peak memory 1190 MiB.
2026-10-06T23:34:45Z INFO [449/500] 4a6a42b1-7027-46ec-929f-d0509b3fed37: 294 chunks; 1.6 s; peak memory 1190 MiB.
2026-10-06T23:34:47Z INFO [450/500] 4a6ae51e-7a05-4646-a4c9-c27a5d4fad00: 118 chunks; 1.7 s; peak memory 1190 MiB.
2026-10-06T23:34:47Z INFO [450/500] 4a6ae51e-7a05-4646-a4c9-c27a5d4fad00: checkpointed 82784 records.
2026-10-06T23:34:49Z INFO [451/500] 4a6b9a84-3e7d-4670-aee3-0940e482a953: 69 chunks; 2.0 s; peak memory 1190 MiB.
2026-10-06T23:34:51Z INFO [452/500] 4a6bde63-6feb-47f3-8360-5c63d9c2fcdd: 112 chunks; 2.0 s; peak memory 1190 MiB.
2026-10-06T23:40:06Z INFO [453/500] 4a6be9ac-c225-4d16-a51c-2ac85245c30c: 75643 chunks; 314.4 s; peak memory 1190 MiB.
2026-10-06T23:40:07Z INFO [454/500] 4a6c4b1e-7327-4fc4-bc02-53c8681ba266: 53 chunks; 1.2 s; peak memory 1190 MiB.
2026-10-06T23:40:08Z INFO [455/500] 4a6cc5d4-6427-4439-974c-d924e416086a: 118 chunks; 1.8 s; peak memory 1190 MiB.
2026-10-06T23:40:10Z INFO [456/500] 4a6d0d67-7958-4acd-ac97-77b56d37e801: 117 chunks; 1.7 s; peak memory 1190 MiB.
2026-10-06T23:40:11Z INFO [457/500] 4a6d8041-011b-46e3-a92a-ec9fd70c7c50: 50 chunks; 1.2 s; peak memory 1190 MiB.
2026-10-06T23:40:13Z INFO [458/500] 4a6d915c-4c1e-42bb-a769-d43d8d5f2e1d: 117 chunks; 1.8 s; peak memory 1190 MiB.
2026-10-06T23:40:15Z INFO [459/500] 4a6e5e97-b408-4422-8e29-4f2fccd496c2: 117 chunks; 1.7 s; peak memory 1190 MiB.
2026-10-06T23:40:28Z INFO [460/500] 4a70e372-1c39-4e9a-8225-572d4e12582a: 2100 chunks; 13.3 s; peak memory 1190 MiB.
2026-10-06T23:40:29Z INFO [461/500] 4a70ea1a-ccbd-4440-b31e-37b70fa6cba3: 48 chunks; 1.3 s; peak memory 1190 MiB.
2026-10-06T23:40:30Z INFO [462/500] 4a70f417-ba9a-42fd-ab4d-8d300cd155ae: 46 chunks; 1.0 s; peak memory 1190 MiB.
2026-10-06T23:40:33Z INFO [463/500] 4a711be0-d09f-4963-b9f3-7994888e8e0f: 61 chunks; 2.3 s; peak memory 1190 MiB.
2026-10-06T23:40:34Z INFO [464/500] 4a714b4b-f776-4644-9d46-3dfc3ee24ceb: 117 chunks; 1.5 s; peak memory 1190 MiB.
2026-10-06T23:40:36Z INFO [465/500] 4a715721-d2ef-40b6-bc41-173315dbdf6e: 118 chunks; 2.0 s; peak memory 1190 MiB.
2026-10-06T23:40:38Z INFO [466/500] 4a722172-a222-43d3-9d10-9fa4e019eaba: 45 chunks; 1.5 s; peak memory 1190 MiB.
2026-10-06T23:40:39Z INFO [467/500] 4a722644-d896-448e-bc0c-614be59abbaa: 59 chunks; 1.4 s; peak memory 1190 MiB.
2026-10-06T23:40:41Z INFO [468/500] 4a727a59-e50e-4504-904b-3ffe7888c061: 109 chunks; 2.1 s; peak memory 1190 MiB.
2026-10-06T23:40:51Z INFO [469/500] 4a73a786-d209-4386-bdcc-53623f5e5da9: 413 chunks; 10.0 s; peak memory 1190 MiB.
2026-10-06T23:40:53Z INFO [470/500] 4a73f863-0c81-4b7c-bc96-06b64694469f: 110 chunks; 1.8 s; peak memory 1190 MiB.
2026-10-06T23:41:01Z INFO [471/500] 4a749c68-cc29-453d-a4f3-925f2a88aa74: 1188 chunks; 7.6 s; peak memory 1190 MiB.
2026-10-06T23:41:02Z INFO [472/500] 4a74ca23-accf-4fb9-bb3e-f19823522ab8: 46 chunks; 1.2 s; peak memory 1190 MiB.
2026-10-06T23:41:04Z INFO [473/500] 4a74f70e-da6e-4ce7-9204-545d9aa0f789: 46 chunks; 1.6 s; peak memory 1190 MiB.
2026-10-06T23:41:05Z INFO [474/500] 4a75e0db-01b7-497b-98ae-9c551d5fdc2d: 48 chunks; 1.4 s; peak memory 1190 MiB.
2026-10-06T23:41:11Z INFO [475/500] 4a7606b9-b180-4732-a872-d9782387b609: 324 chunks; 5.8 s; peak memory 1190 MiB.
2026-10-06T23:41:12Z INFO [476/500] 4a76a02b-6eea-4578-8b77-40199ec39b47: 41 chunks; 1.4 s; peak memory 1190 MiB.
2026-10-06T23:41:14Z INFO [477/500] 4a774d65-2081-4850-bee3-e149ffeb2ce1: 47 chunks; 1.4 s; peak memory 1190 MiB.
2026-10-06T23:41:16Z INFO [478/500] 4a7787ab-66cf-4f8a-91d9-21cbaaf71df6: 70 chunks; 2.3 s; peak memory 1190 MiB.
2026-10-06T23:41:19Z INFO [479/500] 4a77d4f7-b27f-480e-a150-f98d3a79e661: 114 chunks; 3.2 s; peak memory 1190 MiB.
2026-10-06T23:41:21Z INFO [480/500] 4a77fd0c-bb89-4d24-815f-4f2de37a5eab: 64 chunks; 2.1 s; peak memory 1190 MiB.
2026-10-06T23:41:23Z INFO [481/500] 4a78b2b4-d99d-4736-a672-1a6d423c48c3: 117 chunks; 1.9 s; peak memory 1190 MiB.
2026-10-06T23:41:26Z INFO [482/500] 4a78ce4d-47c2-4019-943e-b34873deaf5f: 71 chunks; 3.1 s; peak memory 1190 MiB.
2026-10-06T23:41:29Z INFO [483/500] 4a78ea5a-81b8-4dad-9aa0-276163a9e12d: 118 chunks; 2.7 s; peak memory 1190 MiB.
2026-10-06T23:41:31Z INFO [484/500] 4a7967a3-e389-424d-a3a9-940ffc4636d1: 112 chunks; 2.1 s; peak memory 1190 MiB.
2026-10-06T23:41:33Z INFO [485/500] 4a797151-2fd5-44a2-826b-15528bf99f86: 66 chunks; 1.8 s; peak memory 1190 MiB.
2026-10-06T23:41:36Z INFO [486/500] 4a7a5962-dab9-4a36-a16d-7ca90cc7e580: 146 chunks; 3.2 s; peak memory 1190 MiB.
2026-10-06T23:41:37Z INFO [487/500] 4a7abaf9-52f2-4865-803e-23f710570703: 41 chunks; 1.3 s; peak memory 1190 MiB.
2026-10-06T23:41:40Z INFO [488/500] 4a7ac72b-1a24-4d72-8867-b1b60be5a0a7: 206 chunks; 2.3 s; peak memory 1190 MiB.
2026-10-06T23:41:42Z INFO [489/500] 4a7b5b5a-65c5-456b-93e9-291b4941af4c: 78 chunks; 2.2 s; peak memory 1190 MiB.
2026-10-06T23:41:43Z INFO [490/500] 4a7c1752-91ab-411b-9045-9b7203251550: 48 chunks; 1.4 s; peak memory 1190 MiB.
2026-10-06T23:41:45Z INFO [491/500] 4a7c705d-8c5b-4c4a-83c2-419edabca43f: 112 chunks; 2.0 s; peak memory 1190 MiB.
2026-10-06T23:41:54Z INFO [492/500] 4a7c90f6-edc5-4c0b-8e8a-d2d9d751ab8b: 2923 chunks; 8.6 s; peak memory 1190 MiB.
2026-10-06T23:41:56Z INFO [493/500] 4a7ccb31-3276-4f74-9e1d-faf23fd9006c: 116 chunks; 1.7 s; peak memory 1190 MiB.
2026-10-06T23:41:57Z INFO [494/500] 4a7f8163-f10f-491b-8759-59a23b8976c8: 48 chunks; 1.5 s; peak memory 1190 MiB.
2026-10-06T23:41:59Z INFO [495/500] 4a80789c-882c-40c2-af44-648dc689d4f7: 117 chunks; 1.6 s; peak memory 1190 MiB.
2026-10-06T23:42:01Z INFO [496/500] 4a80c8dc-1512-4765-959b-5bbe80febed4: 112 chunks; 1.8 s; peak memory 1190 MiB.
2026-10-06T23:42:05Z INFO [497/500] 4a80d00a-5e0d-4ac2-9adf-ec23d70dbced: 153 chunks; 4.0 s; peak memory 1190 MiB.
2026-10-06T23:42:06Z INFO [498/500] 4a81564b-bae1-4364-a55c-ebc612408745: 69 chunks; 1.4 s; peak memory 1190 MiB.
2026-10-06T23:42:13Z INFO [499/500] 4a818c5b-f3d3-4dab-8c7e-fe7f191ab2e0: 231 chunks; 7.4 s; peak memory 1190 MiB.
2026-10-06T23:42:20Z INFO [500/500] 4a823de9-df9e-4561-aa0a-95812cfa4e0c: 372 chunks; 6.7 s; peak memory 1190 MiB.
2026-10-06T23:42:20Z INFO [500/500] 4a823de9-df9e-4561-aa0a-95812cfa4e0c: checkpointed 82834 records.
2026-10-06T23:42:21Z INFO Wrote 82834 records to /tmp/derivatives/valid_nwb_file_to_chunk_stats.jsonl (500 new, 0 failed) in 79.7 min (peak memory 1190 MiB).
