2026-10-08T23:19:59Z INFO Logging to /tmp/logs/update_2026-10-08T23-19-59Z.log.
2026-10-08T23:19:59Z INFO Update valid-nwb-file-to-chunk-stats (base directory /tmp).
2026-10-08T23:20:00Z INFO Processing 500 items (93834 already recorded).
2026-10-08T23:20:01Z INFO [1/500] 612e7bbe-c464-403c-9d3d-91de6ca781c1: 48 chunks; 1.8 s; peak memory 195 MiB.
2026-10-08T23:20:03Z INFO [2/500] 612ed8aa-e702-4f4b-ba9b-c820e0c4a27c: 289 chunks; 2.0 s; peak memory 196 MiB.
2026-10-08T23:20:06Z INFO [3/500] 612f8bc4-389e-4ce3-b3ef-5f12cdde2714: 66 chunks; 2.1 s; peak memory 196 MiB.
2026-10-08T23:20:16Z INFO [4/500] 61300c41-c9c5-4b3f-8600-206a33dd03d8: 1053 chunks; 10.5 s; peak memory 221 MiB.
2026-10-08T23:20:24Z INFO [5/500] 613027c3-2b61-41ff-8c22-3f6c6541e4ed: 282 chunks; 7.8 s; peak memory 221 MiB.
2026-10-08T23:20:25Z INFO [6/500] 6130763f-225e-4ad0-9ee8-006e84d8ee29: 117 chunks; 1.5 s; peak memory 221 MiB.
2026-10-08T23:20:29Z INFO [7/500] 61313dc8-bb36-4f32-b188-aa3bc6577e5e: 1673 chunks; 3.9 s; peak memory 222 MiB.
2026-10-08T23:20:59Z INFO [8/500] 613141f1-7e41-455f-b492-18eee55f650d: 6038 chunks; 29.2 s; peak memory 222 MiB.
2026-10-08T23:21:08Z INFO [9/500] 61316d6a-0852-4405-82dd-284a36404c48: 1825 chunks; 9.6 s; peak memory 222 MiB.
2026-10-08T23:21:25Z INFO [10/500] 61325cc8-f2ad-4c5d-9201-51511d29928e: 8229 chunks; 16.5 s; peak memory 232 MiB.
2026-10-08T23:21:30Z INFO [11/500] 613421ca-44ed-4811-b0f7-56f1e00a438f: 568 chunks; 5.2 s; peak memory 232 MiB.
2026-10-08T23:21:32Z INFO [12/500] 61347097-94a3-4c6c-9896-996e92b45906: 117 chunks; 1.8 s; peak memory 232 MiB.
2026-10-08T23:21:33Z INFO [13/500] 61348110-aada-4065-a105-e9f8caac92df: 62 chunks; 1.2 s; peak memory 232 MiB.
2026-10-08T23:21:35Z INFO [14/500] 61348b42-b9c7-4d77-b30c-bf1ecd106096: 117 chunks; 1.6 s; peak memory 232 MiB.
2026-10-08T23:21:36Z INFO [15/500] 6134a25e-9973-43e2-9feb-234410355f14: 112 chunks; 1.6 s; peak memory 232 MiB.
2026-10-08T23:21:38Z INFO [16/500] 6134d8c3-b5f4-429f-9a51-dada0c5d85ea: 117 chunks; 1.7 s; peak memory 232 MiB.
2026-10-08T23:21:39Z INFO [17/500] 6135126b-1ba3-442d-be23-19557d5c8821: 48 chunks; 1.2 s; peak memory 232 MiB.
2026-10-08T23:21:40Z INFO [18/500] 61351d60-5571-4180-805f-4e72d5b842ea: 48 chunks; 1.2 s; peak memory 232 MiB.
2026-10-08T23:21:42Z INFO [19/500] 6135222b-83ce-4182-9b64-82db230c97a0: 48 chunks; 1.4 s; peak memory 232 MiB.
2026-10-08T23:21:44Z INFO [20/500] 61361b23-ea6d-43f6-93b1-3fca336faad1: 1016 chunks; 2.5 s; peak memory 232 MiB.
2026-10-08T23:21:47Z INFO [21/500] 6136d2c9-996c-4d64-9951-8858f7f97569: 997 chunks; 2.8 s; peak memory 232 MiB.
2026-10-08T23:21:48Z INFO [22/500] 6136dad9-3b97-46b6-ba55-2b7dbdef1cc7: 33 chunks; 1.2 s; peak memory 232 MiB.
2026-10-08T23:21:50Z INFO [23/500] 613716f5-eb71-4e5f-b795-ce4e5d7baf47: 66 chunks; 1.8 s; peak memory 232 MiB.
2026-10-08T23:21:51Z INFO [24/500] 61376cbb-a264-43c8-bd68-e803f52fb76c: 48 chunks; 1.4 s; peak memory 232 MiB.
2026-10-08T23:21:53Z INFO [25/500] 613780d0-1f21-4c5c-9453-df7608fed087: 46 chunks; 1.3 s; peak memory 232 MiB.
2026-10-08T23:21:54Z INFO [26/500] 6137c66f-5e63-4c6f-b1a2-28e6d4f64acd: 66 chunks; 1.7 s; peak memory 232 MiB.
2026-10-08T23:21:56Z INFO [27/500] 61387f44-3482-4d4f-8c22-520815bd5978: 69 chunks; 1.7 s; peak memory 232 MiB.
2026-10-08T23:21:57Z INFO [28/500] 61391224-88f0-4c97-bebe-333ff7838884: 48 chunks; 1.3 s; peak memory 232 MiB.
2026-10-08T23:21:59Z INFO [29/500] 613a9520-3c8c-448b-822e-7dffcff7dba1: 48 chunks; 1.3 s; peak memory 232 MiB.
2026-10-08T23:22:01Z INFO [30/500] 613c0086-809d-4e9b-a60f-11b9fc1578af: 136 chunks; 2.7 s; peak memory 232 MiB.
2026-10-08T23:22:04Z INFO [31/500] 613c2c29-9f5e-4d41-9c4a-1cd8eb1ff43e: 112 chunks; 2.1 s; peak memory 232 MiB.
2026-10-08T23:22:05Z INFO [32/500] 613d3fab-e53a-4906-a1e4-55392b6c5288: 46 chunks; 1.1 s; peak memory 232 MiB.
2026-10-08T23:22:06Z INFO [33/500] 613d5bf2-c4d3-4670-8de9-9fe86cea72ef: 48 chunks; 1.3 s; peak memory 232 MiB.
2026-10-08T23:22:09Z INFO [34/500] 613db6ce-4cf7-4350-b642-fa3bdba8a869: 122 chunks; 2.9 s; peak memory 232 MiB.
2026-10-08T23:22:10Z INFO [35/500] 613deb0b-4b6f-43cf-94cb-3bb6d7189c6a: 48 chunks; 1.3 s; peak memory 232 MiB.
2026-10-08T23:22:12Z INFO [36/500] 613e7c73-66cd-4ade-9d66-5ea6f77916e3: 118 chunks; 1.6 s; peak memory 232 MiB.
2026-10-08T23:22:14Z INFO [37/500] 613f0362-2a50-416c-a9fe-b8b88f7101c3: 112 chunks; 2.0 s; peak memory 232 MiB.
2026-10-08T23:22:25Z INFO [38/500] 613fa257-93b8-49ff-a7fd-80f58505dcd7: 825 chunks; 11.5 s; peak memory 232 MiB.
2026-10-08T23:22:26Z INFO [39/500] 613fcd52-23d0-48b2-9065-43469abc1a05: 48 chunks; 1.3 s; peak memory 232 MiB.
2026-10-08T23:22:28Z INFO [40/500] 613fdff9-09a6-478f-a216-c444377ee59c: 50 chunks; 1.2 s; peak memory 232 MiB.
2026-10-08T23:22:29Z INFO [41/500] 6140af32-8d75-48a4-9e5c-83378d0682f9: 52 chunks; 1.4 s; peak memory 232 MiB.
2026-10-08T23:22:31Z INFO [42/500] 614173de-521d-478e-ae40-a54edda52ab9: 112 chunks; 2.2 s; peak memory 232 MiB.
2026-10-08T23:22:32Z INFO [43/500] 6141abfc-c751-4926-a276-610ad74f2a12: 58 chunks; 1.0 s; peak memory 232 MiB.
2026-10-08T23:22:34Z INFO [44/500] 61428a0f-6d23-4aef-a20f-1c01b43122fa: 116 chunks; 1.6 s; peak memory 232 MiB.
2026-10-08T23:22:35Z INFO [45/500] 61434e5a-f868-40f4-a374-893543b94161: 48 chunks; 1.4 s; peak memory 232 MiB.
2026-10-08T23:22:38Z INFO [46/500] 6143aebc-ce16-4fab-b9ef-5ec5f0287862: 78 chunks; 2.5 s; peak memory 232 MiB.
2026-10-08T23:22:40Z INFO [47/500] 6145311e-a8be-42eb-8805-52301a717f16: 124 chunks; 2.2 s; peak memory 232 MiB.
2026-10-08T23:22:42Z INFO [48/500] 61461c1a-78bd-4c5d-b40a-072215a5fa46: 66 chunks; 2.2 s; peak memory 232 MiB.
2026-10-08T23:22:44Z INFO [49/500] 6146398f-c41f-4053-8809-7e9d05835827: 105 chunks; 2.2 s; peak memory 232 MiB.
2026-10-08T23:22:45Z INFO [50/500] 6147e25e-dcda-47fc-85a0-4d6034f93eb3: 46 chunks; 1.0 s; peak memory 232 MiB.
2026-10-08T23:22:46Z INFO [50/500] 6147e25e-dcda-47fc-85a0-4d6034f93eb3: checkpointed 93884 new records.
2026-10-08T23:22:47Z INFO [51/500] 6148092d-d41f-420a-9eae-2393cb2abe6d: 48 chunks; 1.3 s; peak memory 232 MiB.
2026-10-08T23:22:49Z INFO [52/500] 614821ec-fe88-462c-91e2-c241e7fca6db: 69 chunks; 1.8 s; peak memory 232 MiB.
2026-10-08T23:22:50Z INFO [53/500] 6148ad4c-c092-4e20-a7ac-9a7bf94ee86a: 45 chunks; 1.5 s; peak memory 232 MiB.
2026-10-08T23:22:54Z INFO [54/500] 6148b969-cbbb-4b5f-82c4-d20c29bf2ef0: 156 chunks; 3.9 s; peak memory 232 MiB.
2026-10-08T23:22:56Z INFO [55/500] 6148bc1f-da6b-462a-870a-12361cefd5bb: 112 chunks; 1.8 s; peak memory 232 MiB.
2026-10-08T23:22:58Z INFO [56/500] 6148e6f9-e134-4150-80cb-49d82390fb4a: 78 chunks; 1.6 s; peak memory 232 MiB.
2026-10-08T23:23:01Z INFO [57/500] 614978ad-f907-460e-b982-60c57dc708cd: 1641 chunks; 4.0 s; peak memory 232 MiB.
2026-10-08T23:23:04Z INFO [58/500] 6149fee5-6131-4dd0-a4a0-b8a9882f382b: 201 chunks; 2.8 s; peak memory 232 MiB.
2026-10-08T23:23:07Z INFO [59/500] 614a30c8-61df-4ad9-919d-5e9cef02efa1: 158 chunks; 2.3 s; peak memory 232 MiB.
2026-10-08T23:23:08Z INFO [60/500] 614b87c0-df43-481a-b998-a8dde3e29810: 48 chunks; 1.4 s; peak memory 232 MiB.
2026-10-08T23:23:09Z INFO [61/500] 614ba557-0960-414a-96ec-00c3889c003b: 48 chunks; 1.3 s; peak memory 232 MiB.
2026-10-08T23:23:11Z INFO [62/500] 614bee9c-8abe-4f43-8ada-e0247f9ad864: 112 chunks; 1.8 s; peak memory 232 MiB.
2026-10-08T23:23:12Z INFO [63/500] 614c03ae-9501-4157-a8b9-482090b179c5: 41 chunks; 1.1 s; peak memory 232 MiB.
2026-10-08T23:23:17Z INFO [64/500] 614cf116-f97e-4e0b-b3f3-84f317138fe1: 206 chunks; 4.3 s; peak memory 232 MiB.
2026-10-08T23:23:27Z INFO [65/500] 614d0041-d76d-47e9-a70e-82f7e9aa23ae: 18048 chunks; 10.4 s; peak memory 243 MiB.
2026-10-08T23:23:40Z INFO [66/500] 614dd66f-cfd0-4a66-b8a7-f67a46582dff: 18549 chunks; 13.2 s; peak memory 245 MiB.
2026-10-08T23:23:54Z INFO [67/500] 614e178e-9b21-483a-9a7e-ba0ba778ca8d: 9216 chunks; 13.5 s; peak memory 245 MiB.
2026-10-08T23:23:56Z INFO [68/500] 614e39e7-22a5-4de0-89bd-de8c51a327e5: 117 chunks; 1.9 s; peak memory 245 MiB.
2026-10-08T23:24:04Z INFO [69/500] 614f111c-4633-499a-bcec-66cf6f4fb2ff: 4151 chunks; 8.3 s; peak memory 245 MiB.
2026-10-08T23:24:06Z INFO [70/500] 614fc254-60b2-4a4f-9556-75374a8094ef: 70 chunks; 2.0 s; peak memory 245 MiB.
2026-10-08T23:24:08Z INFO [71/500] 6150422f-78ba-4357-8908-a1bc6037d25c: 112 chunks; 1.9 s; peak memory 245 MiB.
2026-10-08T23:24:09Z INFO [72/500] 61504f61-f026-4a8e-95d0-cda80006841c: 65 chunks; 1.6 s; peak memory 245 MiB.
2026-10-08T23:24:11Z INFO [73/500] 61505394-aa5e-4d65-b6c4-5b8ce0f0cd5a: 48 chunks; 1.3 s; peak memory 245 MiB.
2026-10-08T23:25:09Z INFO [74/500] 615059ad-939f-46a2-9d9b-89c01765d7cd: 24882 chunks; 57.8 s; peak memory 304 MiB.
2026-10-08T23:25:10Z INFO [75/500] 61514755-c3a0-48b2-acef-1cd543f0a063: 48 chunks; 1.3 s; peak memory 304 MiB.
2026-10-08T23:25:22Z INFO [76/500] 61537250-bf8c-410a-9cc6-04897eaf9b56: 22644 chunks; 12.4 s; peak memory 304 MiB.
2026-10-08T23:25:25Z INFO [77/500] 6153be4b-36e5-4036-aaf2-5d1dcdd2d235: 115 chunks; 3.1 s; peak memory 304 MiB.
2026-10-08T23:25:29Z INFO [78/500] 6153d182-95a1-498d-ba03-75ac053cc6a2: 115 chunks; 3.3 s; peak memory 304 MiB.
2026-10-08T23:25:30Z INFO [79/500] 61549620-4ceb-4ef9-bd32-53f1a0ae88f6: 70 chunks; 1.8 s; peak memory 304 MiB.
2026-10-08T23:25:32Z INFO [80/500] 6155b78a-65ec-414b-a59d-0803c7c94919: 48 chunks; 1.3 s; peak memory 304 MiB.
2026-10-08T23:25:33Z INFO [81/500] 6155b8a2-8c81-4db9-ae73-134b5e23599a: 117 chunks; 1.5 s; peak memory 304 MiB.
2026-10-08T23:25:37Z INFO [82/500] 6156875f-478b-4235-8525-b2ef995eb9e6: 156 chunks; 3.7 s; peak memory 304 MiB.
2026-10-08T23:25:38Z INFO [83/500] 61585c10-7709-42f7-850c-0878f5726967: 122 chunks; 1.4 s; peak memory 304 MiB.
2026-10-08T23:25:40Z INFO [84/500] 615885f0-1f32-48bd-8fae-fda9f8aa909c: 100 chunks; 1.3 s; peak memory 304 MiB.
2026-10-08T23:25:41Z INFO [85/500] 6158ebb0-6871-4549-9d17-9c709f9f40a8: 54 chunks; 1.1 s; peak memory 304 MiB.
2026-10-08T23:25:42Z INFO [86/500] 6159693d-ba4c-4689-8c54-23daf482cd5b: 68 chunks; 1.4 s; peak memory 304 MiB.
2026-10-08T23:25:44Z INFO [87/500] 615af0ca-c63a-4bd8-97f3-90bdfd6b5572: 116 chunks; 1.4 s; peak memory 304 MiB.
2026-10-08T23:25:45Z INFO [88/500] 615b5fcc-8a26-49c7-9f9e-1e2c3bda24d4: 66 chunks; 1.9 s; peak memory 304 MiB.
2026-10-08T23:25:47Z INFO [89/500] 615b6acb-3b3e-4a2e-aead-0907a0825ad7: 121 chunks; 1.4 s; peak memory 304 MiB.
2026-10-08T23:25:49Z INFO [90/500] 615c5ddd-88b7-4ad3-b510-8a3e4fc54a72: 69 chunks; 2.0 s; peak memory 304 MiB.
2026-10-08T23:25:51Z INFO [91/500] 615c697d-e141-43ec-9572-4337bf7d258f: 110 chunks; 1.8 s; peak memory 304 MiB.
2026-10-08T23:25:52Z INFO [92/500] 615c76f7-9547-4ad3-9ac8-124bc61c8f15: 48 chunks; 1.2 s; peak memory 304 MiB.
2026-10-08T23:25:53Z INFO [93/500] 615cf1ee-be40-47f6-b32d-58d8fd6e63e5: 48 chunks; 1.3 s; peak memory 304 MiB.
2026-10-08T23:25:54Z INFO [94/500] 615e1e55-3f24-4250-9565-1023084e874d: 48 chunks; 1.2 s; peak memory 304 MiB.
2026-10-08T23:25:55Z INFO [95/500] 615e6d6d-0dda-47ac-8af0-340184e2e497: 69 chunks; 1.1 s; peak memory 304 MiB.
2026-10-08T23:25:57Z INFO [96/500] 615e807e-4bb4-456c-adce-a362c656a548: 433 chunks; 1.7 s; peak memory 304 MiB.
2026-10-08T23:25:59Z INFO [97/500] 615ea97b-2951-4ce9-b435-35ddc3a5d8fd: 117 chunks; 1.6 s; peak memory 304 MiB.
2026-10-08T23:26:00Z INFO [98/500] 615f47c6-7814-49b3-908a-d30cb4b54a68: 69 chunks; 1.1 s; peak memory 304 MiB.
2026-10-08T23:26:09Z INFO [99/500] 615f6d66-698b-483b-a786-c0ef42e0876e: 38002 chunks; 9.1 s; peak memory 304 MiB.
2026-10-08T23:26:10Z INFO [100/500] 615fe3e6-48f5-4665-aad7-863a69adbbdb: 46 chunks; 1.0 s; peak memory 304 MiB.
2026-10-08T23:26:10Z INFO [100/500] 615fe3e6-48f5-4665-aad7-863a69adbbdb: checkpointed 93934 new records.
2026-10-08T23:26:22Z INFO [101/500] 61603879-fad8-4f8c-a00d-1a102138340f: 29184 chunks; 11.6 s; peak memory 304 MiB.
2026-10-08T23:26:24Z INFO [102/500] 61606870-95a0-413d-bf17-29980e5bc29d: 66 chunks; 1.8 s; peak memory 304 MiB.
2026-10-08T23:26:25Z INFO [103/500] 61606f9b-be91-47c0-aac3-adfa3619a8ee: 117 chunks; 1.4 s; peak memory 304 MiB.
2026-10-08T23:26:26Z INFO [104/500] 6161158c-2392-4a06-a61c-ce653a20c4b2: 35 chunks; 1.1 s; peak memory 304 MiB.
2026-10-08T23:26:27Z INFO [105/500] 6161741e-1d4c-4e06-b2bb-b6089561e4dd: 46 chunks; 1.2 s; peak memory 304 MiB.
2026-10-08T23:26:29Z INFO [106/500] 6161968f-2503-4660-83a8-3c054363a1f1: 117 chunks; 1.4 s; peak memory 304 MiB.
2026-10-08T23:26:30Z INFO [107/500] 616274e0-f3b2-445d-a4ef-4ecb618dae3f: 52 chunks; 1.4 s; peak memory 304 MiB.
2026-10-08T23:26:32Z INFO [108/500] 61629181-9d62-4175-b948-4c99b0cf55b8: 117 chunks; 1.4 s; peak memory 304 MiB.
2026-10-08T23:26:33Z INFO [109/500] 61631d58-3d4d-47ad-b876-08b12dae6cee: 116 chunks; 1.5 s; peak memory 304 MiB.
2026-10-08T23:26:34Z INFO [110/500] 61634246-6357-4b87-acb7-c31fc5ec49e7: 57 chunks; 1.1 s; peak memory 304 MiB.
2026-10-08T23:26:36Z INFO [111/500] 61649af2-fb09-491f-9ced-5d31c9a0e8ac: 117 chunks; 1.5 s; peak memory 304 MiB.
2026-10-08T23:26:37Z INFO [112/500] 6165d03a-7cf1-40f5-8340-df1c5b7fa50c: 52 chunks; 1.5 s; peak memory 304 MiB.
2026-10-08T23:26:41Z INFO [113/500] 6165d716-e46e-4643-84a9-cded9e225350: 156 chunks; 3.6 s; peak memory 304 MiB.
2026-10-08T23:33:27Z INFO [114/500] 6165f3b8-315b-476e-93c9-af7d234e0740: 265808 chunks; 406.1 s; peak memory 1110 MiB.
2026-10-08T23:33:29Z INFO [115/500] 6166b29c-5be4-4bdb-aa90-0eb26b706378: 112 chunks; 1.7 s; peak memory 1110 MiB.
2026-10-08T23:33:30Z INFO [116/500] 6166dfac-3480-450d-b2f9-41657772ae69: 47 chunks; 1.2 s; peak memory 1110 MiB.
2026-10-08T23:33:33Z INFO [117/500] 616741c1-aa1d-4d06-9d4d-33b67d8d5320: 85 chunks; 3.4 s; peak memory 1110 MiB.
2026-10-08T23:33:39Z INFO [118/500] 61674fd0-0c6c-4e8d-b2b2-e43590f900d6: 168 chunks; 5.8 s; peak memory 1110 MiB.
2026-10-08T23:33:52Z INFO [119/500] 616820c1-dcb6-4f4a-99eb-bd362acf273a: 7185 chunks; 13.3 s; peak memory 1110 MiB.
2026-10-08T23:33:58Z INFO [120/500] 6169525b-67a1-45a2-bf3b-d6e09cbc6d3a: 3954 chunks; 6.0 s; peak memory 1110 MiB.
2026-10-08T23:34:01Z INFO [121/500] 6169ffc3-9e4c-43e6-a6a7-ad6a552c8807: 184 chunks; 3.0 s; peak memory 1110 MiB.
2026-10-08T23:34:05Z INFO [122/500] 616a0e82-2a05-4b5e-950d-38ad3343bcac: 157 chunks; 3.6 s; peak memory 1110 MiB.
2026-10-08T23:34:07Z INFO [123/500] 616a652e-1790-41e6-a98d-2da9dbfa99cf: 117 chunks; 1.6 s; peak memory 1110 MiB.
2026-10-08T23:34:08Z INFO [124/500] 616a68d9-cfa8-4fc0-8142-c4fd38ac792c: 69 chunks; 1.2 s; peak memory 1110 MiB.
2026-10-08T23:34:09Z INFO [125/500] 616aa8da-6272-434a-95ed-be158fb8baf4: 48 chunks; 1.5 s; peak memory 1110 MiB.
2026-10-08T23:34:11Z INFO [126/500] 616bbbe8-5f00-4af0-974f-84d9017d4a0a: 289 chunks; 1.7 s; peak memory 1110 MiB.
2026-10-08T23:34:13Z INFO [127/500] 616c735c-93a8-4cff-b1f2-9a61ea9561d1: 139 chunks; 2.4 s; peak memory 1110 MiB.
2026-10-08T23:34:15Z INFO [128/500] 616cda31-9429-4a8b-ba19-3e39f60338c1: 48 chunks; 1.3 s; peak memory 1110 MiB.
2026-10-08T23:34:16Z INFO [129/500] 616d4439-d5d2-43b4-99c0-57f4135f147e: 42 chunks; 1.2 s; peak memory 1110 MiB.
2026-10-08T23:34:46Z INFO [130/500] 616dc10c-7d4f-47de-805d-62c8bd031558: 6053 chunks; 29.9 s; peak memory 1110 MiB.
2026-10-08T23:34:47Z INFO [131/500] 616e8080-4f0d-4eb4-b2c6-33bf251349ff: 52 chunks; 1.5 s; peak memory 1110 MiB.
2026-10-08T23:37:46Z INFO [132/500] 616fe4b5-e5a7-4a6c-aab1-6937db861b52: 44892 chunks; 178.4 s; peak memory 1110 MiB.
2026-10-08T23:37:47Z INFO [133/500] 616feaac-802b-463e-9b34-91bd7d1ed079: 48 chunks; 1.4 s; peak memory 1110 MiB.
2026-10-08T23:37:49Z INFO [134/500] 617050ae-d632-4539-9e93-03bd5e98eb9e: 99 chunks; 1.4 s; peak memory 1110 MiB.
2026-10-08T23:37:50Z INFO [135/500] 61708145-9dc3-425c-b8ba-4b3353b0ac1b: 48 chunks; 1.5 s; peak memory 1110 MiB.
2026-10-08T23:37:51Z INFO [136/500] 617126d8-8ef9-4de5-b9c6-30bdb44022da: 48 chunks; 1.2 s; peak memory 1110 MiB.
2026-10-08T23:37:54Z INFO [137/500] 6171e6e3-0247-4f3f-a110-17ad9f088b8c: 71 chunks; 2.3 s; peak memory 1110 MiB.
2026-10-08T23:37:55Z INFO [138/500] 6172c517-69fc-4ed9-b3b2-197c937a8305: 48 chunks; 1.4 s; peak memory 1110 MiB.
2026-10-08T23:37:56Z INFO [139/500] 6172c61b-718e-4b4d-9776-89b1802e95a3: 48 chunks; 1.5 s; peak memory 1110 MiB.
2026-10-08T23:38:38Z INFO [140/500] 6172e620-19cd-440e-8902-f044eab99abb: 8956 chunks; 41.5 s; peak memory 1110 MiB.
2026-10-08T23:38:39Z INFO [141/500] 6172f7d9-3054-458a-bf87-fd9fab5e827e: 45 chunks; 1.2 s; peak memory 1110 MiB.
2026-10-08T23:38:41Z INFO [142/500] 61738d88-0a6c-4547-ba13-5c6544fe18a8: 117 chunks; 1.5 s; peak memory 1110 MiB.
2026-10-08T23:38:42Z INFO [143/500] 6173c5e9-39c4-4428-b96b-e081f79fa27c: 110 chunks; 1.4 s; peak memory 1110 MiB.
2026-10-08T23:38:52Z INFO [144/500] 61740fa6-8e0f-4992-ba1d-0eb6aa610b29: 5924 chunks; 10.2 s; peak memory 1110 MiB.
2026-10-08T23:38:54Z INFO [145/500] 6174e218-2221-43a4-a5e4-3e817ea5349f: 131 chunks; 1.8 s; peak memory 1110 MiB.
2026-10-08T23:38:56Z INFO [146/500] 6174e458-c0e0-46d1-bab3-b6362b6f0f46: 118 chunks; 1.6 s; peak memory 1110 MiB.
2026-10-08T23:38:59Z INFO [147/500] 6174fec8-886c-4c61-8c7b-2cb08e292a07: 118 chunks; 3.2 s; peak memory 1110 MiB.
2026-10-08T23:39:04Z INFO [148/500] 61751c56-1cbf-4862-b0b3-771f8ee75a55: 2085 chunks; 4.8 s; peak memory 1110 MiB.
2026-10-08T23:39:07Z INFO [149/500] 6175dc2e-bf18-4825-a559-2987548f309b: 138 chunks; 3.1 s; peak memory 1110 MiB.
2026-10-08T23:39:08Z INFO [150/500] 6175dd0b-90b9-40e4-bb3c-2ee3a154eeea: 48 chunks; 1.2 s; peak memory 1110 MiB.
2026-10-08T23:39:08Z INFO [150/500] 6175dd0b-90b9-40e4-bb3c-2ee3a154eeea: checkpointed 93984 new records.
2026-10-08T23:39:10Z INFO [151/500] 6176275b-ca91-4f7d-ae99-e1868698084b: 110 chunks; 1.6 s; peak memory 1110 MiB.
2026-10-08T23:39:24Z INFO [152/500] 617635c0-9927-4e27-a413-d045a83ac404: 8823 chunks; 13.9 s; peak memory 1110 MiB.
2026-10-08T23:39:25Z INFO [153/500] 61763925-73aa-48b7-a5a4-5a3bae786095: 116 chunks; 1.5 s; peak memory 1110 MiB.
2026-10-08T23:39:33Z INFO [154/500] 6176bd79-db77-4af6-9540-fa8d90c90bb0: 707 chunks; 7.3 s; peak memory 1110 MiB.
2026-10-08T23:39:35Z INFO [155/500] 6176d8cf-8d64-4647-b24e-7541bb730988: 112 chunks; 2.0 s; peak memory 1110 MiB.
2026-10-08T23:39:36Z INFO [156/500] 617837ac-f10c-4ca2-abfd-7df4df57a170: 48 chunks; 1.4 s; peak memory 1110 MiB.
2026-10-08T23:39:37Z INFO [157/500] 61783820-f8d6-4bf3-8b78-3e93eaa1ca3d: 60 chunks; 1.3 s; peak memory 1110 MiB.
2026-10-08T23:39:38Z INFO [158/500] 61785de6-7598-457d-961c-c9c969d94c39: 35 chunks; 1.0 s; peak memory 1110 MiB.
2026-10-08T23:39:40Z INFO [159/500] 617960d8-e1ae-44da-aa53-dc0e1b76c7dc: 117 chunks; 1.9 s; peak memory 1110 MiB.
2026-10-08T23:39:42Z INFO [160/500] 6179859b-7cf3-41ea-b983-d8ca6faf9b0b: 48 chunks; 1.5 s; peak memory 1110 MiB.
2026-10-08T23:39:43Z INFO [161/500] 617a3922-1e30-4c9d-a3f5-d6125e562421: 52 chunks; 1.4 s; peak memory 1110 MiB.
2026-10-08T23:39:44Z INFO [162/500] 617a417b-7367-49ef-9a63-5710a43ba100: 52 chunks; 1.3 s; peak memory 1110 MiB.
2026-10-08T23:39:46Z INFO [163/500] 617aa881-c203-4bac-8cdd-985f72ac6897: 48 chunks; 1.3 s; peak memory 1110 MiB.
2026-10-08T23:39:48Z INFO [164/500] 617cdc5a-eae6-4b22-877f-e7617ea2b90a: 101 chunks; 2.9 s; peak memory 1110 MiB.
2026-10-08T23:39:51Z INFO [165/500] 617d9ce8-2043-447f-af85-e41b28cf8099: 173 chunks; 2.5 s; peak memory 1110 MiB.
2026-10-08T23:39:53Z INFO [166/500] 617e61dd-9cd6-4a5a-aefc-446b0dcd3e48: 69 chunks; 2.0 s; peak memory 1110 MiB.
2026-10-08T23:39:54Z INFO [167/500] 617e860d-6f55-4006-ac07-25790ba5ef52: 48 chunks; 1.3 s; peak memory 1110 MiB.
2026-10-08T23:39:56Z INFO [168/500] 617ea69c-8c75-4e09-9c5b-ed050302810c: 48 chunks; 1.4 s; peak memory 1110 MiB.
2026-10-08T23:39:58Z INFO [169/500] 617ee6ca-3070-4e64-8461-ab3cc79f34d2: 110 chunks; 2.4 s; peak memory 1110 MiB.
2026-10-08T23:40:09Z INFO [170/500] 617f84dc-1351-4115-ad54-57a0b9878837: 5645 chunks; 10.8 s; peak memory 1110 MiB.
2026-10-08T23:40:11Z INFO [171/500] 6180330f-f476-4b5f-9e76-5dc3b58e5796: 112 chunks; 1.9 s; peak memory 1110 MiB.
2026-10-08T23:40:23Z INFO [172/500] 61803503-51cd-4362-b828-6dfffb168b75: 1877 chunks; 12.2 s; peak memory 1110 MiB.
2026-10-08T23:40:25Z INFO [173/500] 6180416c-fdcf-4209-88be-62c5f7052eea: 60 chunks; 1.7 s; peak memory 1110 MiB.
2026-10-08T23:40:26Z INFO [174/500] 618047dc-bf51-4c13-a2b6-5791d761c196: 48 chunks; 1.3 s; peak memory 1110 MiB.
2026-10-08T23:40:27Z INFO [175/500] 6180ff1a-ea11-40d5-8b87-4bdff3ad6cfe: 46 chunks; 1.3 s; peak memory 1110 MiB.
2026-10-08T23:40:33Z INFO [176/500] 61814f02-5fd6-4f2c-884d-56c336520b25: 271 chunks; 5.7 s; peak memory 1110 MiB.
2026-10-08T23:40:34Z INFO [177/500] 618303b7-3335-4802-93a0-2bcda97e57ed: 48 chunks; 1.3 s; peak memory 1110 MiB.
2026-10-08T23:40:36Z INFO [178/500] 618361b6-96e2-4211-8abb-41246f8cf633: 69 chunks; 1.7 s; peak memory 1110 MiB.
2026-10-08T23:40:46Z INFO [179/500] 61844c98-909f-4ed8-838d-5df021e7f62d: 11567 chunks; 10.1 s; peak memory 1110 MiB.
2026-10-08T23:40:53Z INFO [180/500] 61853384-179d-4fb9-978f-8578764cdb3d: 1156 chunks; 6.9 s; peak memory 1110 MiB.
2026-10-08T23:40:55Z INFO [181/500] 61858dc8-9d01-45fe-a455-87d815586633: 204 chunks; 2.1 s; peak memory 1110 MiB.
2026-10-08T23:40:56Z INFO [182/500] 6185f292-1970-4c5b-9e33-a13ef493e25f: 118 chunks; 1.5 s; peak memory 1110 MiB.
2026-10-08T23:41:05Z INFO [183/500] 61863931-0e93-4c3f-8d2c-de9330159524: 16337 chunks; 8.3 s; peak memory 1110 MiB.
2026-10-08T23:41:11Z INFO [184/500] 61873452-4bbf-48c3-b065-e7bf5c01743b: 6659 chunks; 6.0 s; peak memory 1110 MiB.
2026-10-08T23:45:53Z INFO [185/500] 6187972f-0c5d-41eb-85c9-504cebb5b5c7: 75059 chunks; 282.4 s; peak memory 1110 MiB.
2026-10-08T23:45:56Z INFO [186/500] 6188582b-f558-4a19-a1f4-2222c722bde5: 528 chunks; 2.8 s; peak memory 1110 MiB.
2026-10-08T23:45:57Z INFO [187/500] 618925aa-bd9b-4bd0-8c65-82858e43f438: 48 chunks; 1.4 s; peak memory 1110 MiB.
2026-10-08T23:46:04Z INFO [188/500] 618bac14-f229-4b10-aa1f-ee42b54c55e5: 9006 chunks; 7.1 s; peak memory 1110 MiB.
2026-10-08T23:46:08Z INFO [189/500] 618c2d15-648a-4480-92a4-172c41a66e0f: 118 chunks; 3.3 s; peak memory 1110 MiB.
2026-10-08T23:46:09Z INFO [190/500] 618c6ec7-a44e-4028-bc2d-be277ba51e1c: 117 chunks; 1.6 s; peak memory 1110 MiB.
2026-10-08T23:46:11Z INFO [191/500] 618ca364-2d50-4c26-a73a-d66a6150828d: 48 chunks; 1.4 s; peak memory 1110 MiB.
2026-10-08T23:46:12Z INFO [192/500] 618e67ef-2cd5-4522-8313-cb7e36f79521: 46 chunks; 0.9 s; peak memory 1110 MiB.
2026-10-08T23:46:15Z INFO [193/500] 618e8f9c-d33d-4805-bf0c-36df91f99093: 152 chunks; 3.7 s; peak memory 1110 MiB.
2026-10-08T23:46:17Z INFO [194/500] 61902f57-54d7-4a20-bcf7-cbcda7a7eea0: 112 chunks; 1.7 s; peak memory 1110 MiB.
2026-10-08T23:46:18Z INFO [195/500] 6190b591-8a58-4d62-9bb3-475e8987b483: 108 chunks; 1.3 s; peak memory 1110 MiB.
2026-10-08T23:46:19Z INFO [196/500] 6190ceca-a043-4817-8a60-e58fece3c11a: 46 chunks; 1.2 s; peak memory 1110 MiB.
2026-10-08T23:46:21Z INFO [197/500] 61910c94-5082-4eac-8854-8d7e9d1a68c2: 36 chunks; 1.2 s; peak memory 1110 MiB.
2026-10-08T23:46:22Z INFO [198/500] 61912f49-1e9b-47af-9e07-31d7b3177ca4: 48 chunks; 1.3 s; peak memory 1110 MiB.
2026-10-08T23:46:23Z INFO [199/500] 61917471-4095-4c69-bbf6-6f227aa85a71: 48 chunks; 1.2 s; peak memory 1110 MiB.
2026-10-08T23:46:25Z INFO [200/500] 6191c3c0-a184-4443-8134-1099094ab6b2: 112 chunks; 1.7 s; peak memory 1110 MiB.
2026-10-08T23:46:25Z INFO [200/500] 6191c3c0-a184-4443-8134-1099094ab6b2: checkpointed 94034 new records.
2026-10-08T23:46:26Z INFO [201/500] 61921253-c994-48b6-8235-a7d21b00831b: 48 chunks; 1.2 s; peak memory 1110 MiB.
2026-10-08T23:46:28Z INFO [202/500] 619245a4-d5a9-4158-b503-27b0c43e8c55: 46 chunks; 1.3 s; peak memory 1110 MiB.
2026-10-08T23:46:29Z INFO [203/500] 6192daf4-9e6f-4d88-b055-b674665c40a8: 48 chunks; 1.2 s; peak memory 1110 MiB.
2026-10-08T23:46:31Z INFO [204/500] 6193315d-c026-4f69-a15d-5a43e28fb019: 59 chunks; 1.7 s; peak memory 1110 MiB.
2026-10-08T23:46:32Z INFO [205/500] 61936f2d-e652-4ed6-8ca5-3f98057210c0: 52 chunks; 1.3 s; peak memory 1110 MiB.
2026-10-08T23:46:33Z INFO [206/500] 61940f65-511c-44c5-b2c1-43445d950d5e: 49 chunks; 1.6 s; peak memory 1110 MiB.
2026-10-08T23:46:35Z INFO [207/500] 619474ed-3076-4853-9d91-231435d4f6fe: 48 chunks; 1.2 s; peak memory 1110 MiB.
2026-10-08T23:49:04Z INFO [208/500] 6194f818-c9d1-4f18-ac61-fb4f2e9c3dd2: 40622 chunks; 149.3 s; peak memory 1110 MiB.
2026-10-08T23:49:13Z INFO [209/500] 6195cce3-a9b5-4275-81bf-4412a3a0dc1a: 4151 chunks; 8.9 s; peak memory 1110 MiB.
2026-10-08T23:49:15Z INFO [210/500] 6195e5d7-1d2b-485e-9be4-2225461d7ffe: 112 chunks; 1.7 s; peak memory 1110 MiB.
2026-10-08T23:49:16Z INFO [211/500] 619621b2-b7f8-4670-960a-8f7de3023585: 118 chunks; 1.4 s; peak memory 1110 MiB.
2026-10-08T23:49:18Z INFO [212/500] 619790a1-c18f-4b02-b804-8c8002c48138: 112 chunks; 1.9 s; peak memory 1110 MiB.
2026-10-08T23:49:19Z INFO [213/500] 6198403e-9c7a-4fcd-b780-89f5febc6f1e: 48 chunks; 1.3 s; peak memory 1110 MiB.
2026-10-08T23:49:21Z INFO [214/500] 61987e81-5246-4ff4-96e0-5a86f794e19d: 117 chunks; 1.6 s; peak memory 1110 MiB.
2026-10-08T23:49:24Z INFO [215/500] 6198c609-0d49-464f-bf35-e0ab710be790: 201 chunks; 3.2 s; peak memory 1110 MiB.
2026-10-08T23:49:25Z INFO [216/500] 6199019c-8cec-446a-beca-3e2cdb45103b: 69 chunks; 1.0 s; peak memory 1110 MiB.
2026-10-08T23:49:26Z INFO [217/500] 619a43aa-0861-4114-a6f6-7c3a07439fa4: 48 chunks; 1.2 s; peak memory 1110 MiB.
2026-10-08T23:49:28Z INFO [218/500] 619a55ce-254f-46b2-985f-588fbe4e6a71: 117 chunks; 1.6 s; peak memory 1110 MiB.
2026-10-08T23:49:29Z INFO [219/500] 619cad95-07bb-4d35-8e72-65d868716bc9: 121 chunks; 1.3 s; peak memory 1110 MiB.
2026-10-08T23:49:31Z INFO [220/500] 619cbe80-f8e3-449a-b353-7304a00c174e: 117 chunks; 1.5 s; peak memory 1110 MiB.
2026-10-08T23:49:32Z INFO [221/500] 619d4410-3b18-428d-a6bf-c434b38ee953: 48 chunks; 1.3 s; peak memory 1110 MiB.
2026-10-08T23:49:34Z INFO [222/500] 619e0792-005e-40a8-abde-2457e42d680b: 275 chunks; 1.8 s; peak memory 1110 MiB.
2026-10-08T23:49:35Z INFO [223/500] 619e2ec8-5de7-447b-9c4e-aa98c05971c6: 48 chunks; 1.3 s; peak memory 1110 MiB.
2026-10-08T23:49:38Z INFO [224/500] 619eb28b-5079-412f-a301-65821f0a694b: 119 chunks; 2.7 s; peak memory 1110 MiB.
2026-10-08T23:49:40Z INFO [225/500] 619f5d9b-190d-481e-bb5b-6f66184c128a: 285 chunks; 2.1 s; peak memory 1110 MiB.
2026-10-08T23:49:41Z INFO [226/500] 619f5ea5-9390-4815-a7ee-684a1b545ebb: 48 chunks; 1.3 s; peak memory 1110 MiB.
2026-10-08T23:49:43Z INFO [227/500] 61a026e0-c207-472d-b035-46938554b875: 112 chunks; 2.0 s; peak memory 1110 MiB.
2026-10-08T23:49:45Z INFO [228/500] 61a0da9d-35f7-49e0-800e-cdcba8a517e2: 62 chunks; 1.3 s; peak memory 1110 MiB.
2026-10-08T23:49:47Z INFO [229/500] 61a1df34-4f96-4bc2-aaf5-396b56679d5e: 119 chunks; 2.5 s; peak memory 1110 MiB.
2026-10-08T23:52:20Z INFO [230/500] 61a39611-7058-4626-a7a4-63930e785e82: 40560 chunks; 152.7 s; peak memory 1110 MiB.
2026-10-08T23:52:21Z INFO [231/500] 61a4dac2-5f9c-4253-aef9-18f9b520361e: 118 chunks; 1.7 s; peak memory 1110 MiB.
2026-10-08T23:52:23Z INFO [232/500] 61a5007c-d524-479f-8f4c-7c52fc099af2: 301 chunks; 1.6 s; peak memory 1110 MiB.
2026-10-08T23:52:25Z INFO [233/500] 61a68f93-9b9c-408b-bff9-f774f5c23044: 110 chunks; 2.1 s; peak memory 1110 MiB.
2026-10-08T23:52:26Z INFO [234/500] 61a6cb60-b627-4c0b-bea1-3c691f235a3f: 48 chunks; 1.3 s; peak memory 1110 MiB.
2026-10-08T23:52:43Z INFO [235/500] 61a6dd3f-3c78-4ba3-9603-8dfa7c19eef1: 4145 chunks; 16.5 s; peak memory 1110 MiB.
2026-10-08T23:52:45Z INFO [236/500] 61a6f9ed-9ce6-4406-80ae-e19818a81239: 76 chunks; 2.4 s; peak memory 1110 MiB.
2026-10-08T23:52:47Z INFO [237/500] 61a7d00f-da99-4406-b8b8-692830d368d3: 48 chunks; 1.2 s; peak memory 1110 MiB.
2026-10-08T23:52:49Z INFO [238/500] 61a87328-57fc-4ba5-915d-95c79344d15b: 69 chunks; 1.9 s; peak memory 1110 MiB.
2026-10-08T23:52:50Z INFO [239/500] 61a8e26a-1cd8-48f6-a7be-42f365248fa3: 204 chunks; 1.9 s; peak memory 1110 MiB.
2026-10-08T23:52:53Z INFO [240/500] 61a9117e-44bf-43dc-aee1-f2f29b02fb74: 78 chunks; 2.4 s; peak memory 1110 MiB.
2026-10-08T23:52:54Z INFO [241/500] 61a956b3-6c77-4eb2-b60f-f0b5058a55cb: 66 chunks; 1.6 s; peak memory 1110 MiB.
2026-10-08T23:52:56Z INFO [242/500] 61aa664e-f83e-472a-84e4-806ba3b3af49: 71 chunks; 2.0 s; peak memory 1110 MiB.
2026-10-08T23:53:03Z INFO [243/500] 61ac0b5d-397c-4372-8f03-e188fb001efa: 174 chunks; 6.2 s; peak memory 1110 MiB.
2026-10-08T23:53:04Z INFO [244/500] 61ac3831-d352-4ebb-a178-fee6260ae460: 66 chunks; 1.8 s; peak memory 1110 MiB.
2026-10-08T23:53:14Z INFO [245/500] 61ad8e00-ee0b-46fa-a534-901aa7b01dc8: 8261 chunks; 9.4 s; peak memory 1110 MiB.
2026-10-08T23:53:16Z INFO [246/500] 61adc893-f069-4a64-903d-0ccdee0361ad: 112 chunks; 1.8 s; peak memory 1110 MiB.
2026-10-08T23:53:18Z INFO [247/500] 61ae0f1f-9882-4251-8249-f4c319ac40a5: 112 chunks; 2.0 s; peak memory 1110 MiB.
2026-10-08T23:53:22Z INFO [248/500] 61ae1e43-60bb-423b-8ce0-268fd29fb047: 693 chunks; 4.4 s; peak memory 1110 MiB.
2026-10-08T23:53:23Z INFO [249/500] 61af0512-5454-49ae-b3e7-8511a9ca0cea: 48 chunks; 1.4 s; peak memory 1110 MiB.
2026-10-08T23:53:25Z INFO [250/500] 61af5a5e-6e7e-4845-a565-d04b43d0aba9: 48 chunks; 1.3 s; peak memory 1110 MiB.
2026-10-08T23:53:25Z INFO [250/500] 61af5a5e-6e7e-4845-a565-d04b43d0aba9: checkpointed 94084 new records.
2026-10-08T23:53:47Z INFO [251/500] 61af65f4-6df4-4b04-8121-c1b51d20036b: 522 chunks; 21.8 s; peak memory 1110 MiB.
2026-10-08T23:53:49Z INFO [252/500] 61b0ce3a-7409-47cf-b3ef-e51301234d30: 118 chunks; 1.6 s; peak memory 1110 MiB.
2026-10-08T23:53:51Z INFO [253/500] 61b0f851-07c4-4307-95bb-c96cef81c5a8: 112 chunks; 2.1 s; peak memory 1110 MiB.
2026-10-08T23:53:53Z INFO [254/500] 61b1478b-71ee-4e78-a602-63c59a91da14: 71 chunks; 1.9 s; peak memory 1110 MiB.
2026-10-08T23:53:54Z INFO [255/500] 61b1ad6b-f27f-49a6-994d-f49e4c28d779: 48 chunks; 1.3 s; peak memory 1110 MiB.
2026-10-08T23:53:56Z INFO [256/500] 61b2236f-4629-4323-8f77-de56a9afd4cf: 230 chunks; 2.1 s; peak memory 1110 MiB.
2026-10-08T23:54:00Z INFO [257/500] 61b25beb-3367-4076-b0ec-795ba9809d38: 184 chunks; 4.5 s; peak memory 1110 MiB.
2026-10-08T23:54:02Z INFO [258/500] 61b26140-c79d-4af2-8d6b-5f32581944b5: 56 chunks; 1.1 s; peak memory 1110 MiB.
2026-10-08T23:54:03Z INFO [259/500] 61b60b33-cdec-4e00-b4e6-3865ceceeda8: 46 chunks; 1.1 s; peak memory 1110 MiB.
2026-10-08T23:54:04Z INFO [260/500] 61b6c1e3-8476-4a18-84bc-0331b0da8e0f: 117 chunks; 1.5 s; peak memory 1110 MiB.
2026-10-08T23:54:06Z INFO [261/500] 61b76f3e-e7f6-40c0-9c03-d536c952f01a: 118 chunks; 1.6 s; peak memory 1110 MiB.
2026-10-08T23:54:07Z INFO [262/500] 61b8df42-daee-4db3-b531-4f31bdf6c3e6: 48 chunks; 1.3 s; peak memory 1110 MiB.
2026-10-08T23:54:11Z INFO [263/500] 61b97a26-2c35-4dc1-9661-5169d91cc54c: 156 chunks; 3.6 s; peak memory 1110 MiB.
2026-10-08T23:54:18Z INFO [264/500] 61b9dfe7-38e6-4ec0-86ef-a4700a836666: 10580 chunks; 7.6 s; peak memory 1110 MiB.
2026-10-08T23:54:20Z INFO [265/500] 61baa085-f7ad-4b7b-94fc-7091eec0b1b7: 61 chunks; 1.4 s; peak memory 1110 MiB.
2026-10-08T23:54:21Z INFO [266/500] 61bb41fc-06f2-4f0d-aa44-7979be07faaa: 289 chunks; 1.8 s; peak memory 1110 MiB.
2026-10-08T23:54:23Z INFO [267/500] 61bb79c6-4fbc-40ea-88cb-ead8540acfd3: 121 chunks; 1.4 s; peak memory 1110 MiB.
2026-10-08T23:54:25Z INFO [268/500] 61bc09d8-f885-42c8-ae7c-c2c0e5593179: 113 chunks; 1.8 s; peak memory 1110 MiB.
2026-10-08T23:54:27Z INFO [269/500] 61bd3961-a46f-4897-84d9-f2add1500819: 71 chunks; 2.0 s; peak memory 1110 MiB.
2026-10-08T23:54:28Z INFO [270/500] 61bd9c7a-d6bc-4f50-80b4-3a2d88f3032a: 48 chunks; 1.3 s; peak memory 1110 MiB.
2026-10-08T23:54:31Z INFO [271/500] 61be8336-08d5-4c2a-a365-6862ba678243: 115 chunks; 3.0 s; peak memory 1110 MiB.
2026-10-08T23:54:33Z INFO [272/500] 61be8c40-fb15-4fa7-967c-1f822f192099: 118 chunks; 1.6 s; peak memory 1110 MiB.
2026-10-09T01:05:47Z INFO [273/500] 61becbe5-fa15-424f-af1c-09857671415f: 557305 chunks; 4274.8 s; peak memory 1208 MiB.
2026-10-09T01:05:54Z INFO [274/500] 61bf0ed6-e829-457f-bd44-6110001bd759: 14272 chunks; 6.4 s; peak memory 1208 MiB.
2026-10-09T01:05:57Z INFO [275/500] 61bf1e32-c4ce-4403-8a4f-ff52549bcdb6: 115 chunks; 3.7 s; peak memory 1208 MiB.
2026-10-09T01:06:08Z INFO [276/500] 61bf32f1-6dc7-4f2d-a937-dedc186088df: 11631 chunks; 10.6 s; peak memory 1208 MiB.
2026-10-09T01:06:09Z INFO [277/500] 61bfe2e4-0bf1-490b-9a11-d378adfe680d: 45 chunks; 1.0 s; peak memory 1208 MiB.
2026-10-09T01:06:10Z INFO [278/500] 61c029b9-5ca1-49da-a11d-a6fa0685c554: 47 chunks; 1.2 s; peak memory 1208 MiB.
2026-10-09T01:06:12Z INFO [279/500] 61c18799-3fac-4be8-98a1-8baf492b2d21: 48 chunks; 1.3 s; peak memory 1208 MiB.
2026-10-09T01:06:13Z INFO [280/500] 61c28748-39ab-4021-8acc-bba2799a66dc: 117 chunks; 1.6 s; peak memory 1208 MiB.
2026-10-09T01:06:14Z INFO [281/500] 61c33392-2c5f-4c2f-9d23-a458f5fcb686: 38 chunks; 1.1 s; peak memory 1208 MiB.
2026-10-09T01:06:16Z INFO [282/500] 61c34bc4-4e18-4ad3-bcbc-e8d67c07d4bf: 48 chunks; 1.3 s; peak memory 1208 MiB.
2026-10-09T01:06:19Z INFO [283/500] 61c3ee8c-5e4d-4bd4-9e79-ad557777b4f4: 168 chunks; 3.0 s; peak memory 1208 MiB.
2026-10-09T01:06:20Z INFO [284/500] 61c40f93-fe13-4010-8683-268704fdf7f2: 78 chunks; 1.6 s; peak memory 1208 MiB.
2026-10-09T01:06:22Z INFO [285/500] 61c4c1f3-a1e2-4982-ba89-5b781e55c8d7: 48 chunks; 1.3 s; peak memory 1208 MiB.
2026-10-09T01:06:23Z INFO [286/500] 61c5d3c1-c0a6-4a58-a6c7-d8e85621401b: 117 chunks; 1.5 s; peak memory 1208 MiB.
2026-10-09T01:06:32Z INFO [287/500] 61c636cb-0bc6-4a23-84b3-f5ece2f8def5: 300 chunks; 9.2 s; peak memory 1208 MiB.
2026-10-09T01:06:34Z INFO [288/500] 61c6939a-b2b9-4a23-9ad6-cecd8abb6cc1: 118 chunks; 1.6 s; peak memory 1208 MiB.
2026-10-09T01:06:35Z INFO [289/500] 61c6c587-a45a-4a97-899f-6bf513f0fa71: 102 chunks; 1.2 s; peak memory 1208 MiB.
2026-10-09T01:06:36Z INFO [290/500] 61c6ee4c-5095-4402-a8de-8efaa727cf65: 48 chunks; 1.3 s; peak memory 1208 MiB.
2026-10-09T01:06:38Z INFO [291/500] 61c749f1-540c-4ec9-833d-a109ff6b4aa8: 48 chunks; 1.3 s; peak memory 1208 MiB.
2026-10-09T01:06:39Z INFO [292/500] 61c92bdd-200a-4798-977e-365e91295563: 66 chunks; 1.7 s; peak memory 1208 MiB.
2026-10-09T01:06:42Z INFO [293/500] 61ca9c22-5eac-44de-b4d6-036389ba7750: 71 chunks; 2.7 s; peak memory 1208 MiB.
2026-10-09T01:06:45Z INFO [294/500] 61cb655e-bc1d-4425-9148-cdd5c95f4f3b: 154 chunks; 2.9 s; peak memory 1208 MiB.
2026-10-09T01:06:46Z INFO [295/500] 61cb74b3-1647-45ef-8623-f1a7e1d1f2a1: 65 chunks; 1.5 s; peak memory 1208 MiB.
2026-10-09T01:06:48Z INFO [296/500] 61cb8c87-6d00-4ebe-b8f9-a3ff847f0dc1: 118 chunks; 1.6 s; peak memory 1208 MiB.
2026-10-09T01:06:49Z INFO [297/500] 61ccb55b-f7ba-43e3-b5b0-2e2ca5465eea: 48 chunks; 1.3 s; peak memory 1208 MiB.
2026-10-09T01:06:51Z INFO [298/500] 61ccbdf5-1cc1-4f95-aba7-3fda503f3462: 59 chunks; 1.5 s; peak memory 1208 MiB.
2026-10-09T01:06:52Z INFO [299/500] 61cd459d-f9df-46e7-b090-810c7e3bbb88: 48 chunks; 1.3 s; peak memory 1208 MiB.
2026-10-09T01:07:04Z INFO [300/500] 61cd4a21-4bcd-4dd1-9106-e0021742cc46: 889 chunks; 12.2 s; peak memory 1208 MiB.
2026-10-09T01:07:05Z INFO [300/500] 61cd4a21-4bcd-4dd1-9106-e0021742cc46: checkpointed 94134 new records.
2026-10-09T01:07:06Z INFO [301/500] 61cd61b6-117f-467c-9771-9a8bfad11afe: 116 chunks; 1.6 s; peak memory 1208 MiB.
2026-10-09T01:07:20Z INFO [302/500] 61ce17ed-c482-4969-8b12-ef1fd7ab5ab2: 326 chunks; 14.2 s; peak memory 1208 MiB.
2026-10-09T01:07:22Z INFO [303/500] 61cef264-be15-4aed-ad00-ee9f4b7a8ae2: 112 chunks; 2.1 s; peak memory 1208 MiB.
2026-10-09T01:07:39Z INFO [304/500] 61cfa74b-d784-4251-8b74-21224b9ceae7: 8232 chunks; 16.2 s; peak memory 1208 MiB.
2026-10-09T01:07:40Z INFO [305/500] 61d03241-d94b-4d6e-940a-9a7be3457bf1: 68 chunks; 1.6 s; peak memory 1208 MiB.
2026-10-09T01:07:42Z INFO [306/500] 61d2258a-8d46-4a05-bac1-e65f73a29a38: 62 chunks; 1.9 s; peak memory 1208 MiB.
2026-10-09T01:07:43Z INFO [307/500] 61d308d0-e1c1-4138-bc1a-1857f89bb9b3: 46 chunks; 0.9 s; peak memory 1208 MiB.
2026-10-09T01:07:46Z INFO [308/500] 61d423b4-1f43-421b-8677-2935f5a5636b: 73 chunks; 2.6 s; peak memory 1208 MiB.
2026-10-09T01:07:47Z INFO [309/500] 61d48d71-3d69-4c32-9669-8a311834b51a: 84 chunks; 1.6 s; peak memory 1208 MiB.
2026-10-09T01:07:49Z INFO [310/500] 61d4b98b-8fca-48f7-baa3-cc9e1750fc7d: 118 chunks; 1.5 s; peak memory 1208 MiB.
2026-10-09T01:07:50Z INFO [311/500] 61d4d802-b8b7-4a72-9f47-fba5182f3cf0: 85 chunks; 1.5 s; peak memory 1208 MiB.
2026-10-09T01:07:52Z INFO [312/500] 61d502ce-cdf7-4e0c-9630-a95032436b2b: 110 chunks; 1.9 s; peak memory 1208 MiB.
2026-10-09T01:07:54Z INFO [313/500] 61d51aed-d336-4fb4-a34d-491564714c7d: 117 chunks; 1.5 s; peak memory 1208 MiB.
2026-10-09T01:08:07Z INFO [314/500] 61d5428e-6638-41cb-abb5-a3337dc0f0da: 10850 chunks; 13.1 s; peak memory 1208 MiB.
2026-10-09T01:08:09Z INFO [315/500] 61d63e2c-9679-445a-b841-a90afe0f225c: 110 chunks; 2.0 s; peak memory 1208 MiB.
2026-10-09T01:08:11Z INFO [316/500] 61d7a5dd-c254-4cdd-b87a-8c1182be6451: 66 chunks; 2.2 s; peak memory 1208 MiB.
2026-10-09T01:08:27Z INFO [317/500] 61d8b680-eed9-4a99-a545-ff90fc9c6687: 432 chunks; 15.7 s; peak memory 1208 MiB.
2026-10-09T01:08:35Z INFO [318/500] 61d9cf5d-79e0-46ea-9095-bae80d91a685: 5424 chunks; 8.1 s; peak memory 1208 MiB.
2026-10-09T01:08:37Z INFO [319/500] 61da32cb-4589-4377-baae-c415d36c683c: 163 chunks; 2.4 s; peak memory 1208 MiB.
2026-10-09T01:08:40Z INFO [320/500] 61da70a6-3726-4b9a-b9a7-2f24ecb325b8: 261 chunks; 2.6 s; peak memory 1208 MiB.
2026-10-09T01:08:42Z INFO [321/500] 61dae4fb-b7ae-4134-ba54-e21dd2439c69: 110 chunks; 1.9 s; peak memory 1208 MiB.
2026-10-09T01:08:44Z INFO [322/500] 61dc1fff-182f-4d04-bbb7-b563857a2681: 78 chunks; 2.5 s; peak memory 1208 MiB.
2026-10-09T01:08:45Z INFO [323/500] 61dc355b-1f5d-4294-9ef1-0d08aaee1fd8: 48 chunks; 1.3 s; peak memory 1208 MiB.
2026-10-09T01:08:57Z INFO [324/500] 61dd7501-0c61-4568-a37e-90b587a48ad5: 857 chunks; 12.1 s; peak memory 1208 MiB.
2026-10-09T01:08:59Z INFO [325/500] 61de9090-20d9-4ab5-b63b-3359ed9650d5: 46 chunks; 1.2 s; peak memory 1208 MiB.
2026-10-09T01:09:00Z INFO [326/500] 61df771c-7519-4566-a346-75ace9d8587f: 48 chunks; 1.3 s; peak memory 1208 MiB.
2026-10-09T01:09:01Z INFO [327/500] 61e11435-1206-4025-a2db-55faf12db28e: 48 chunks; 1.3 s; peak memory 1208 MiB.
2026-10-09T01:09:03Z INFO [328/500] 61e12f5a-7e09-40c0-bc49-b3189863d63d: 48 chunks; 1.3 s; peak memory 1208 MiB.
2026-10-09T01:09:04Z INFO [329/500] 61e19e8d-6683-44da-9bbb-0db110e2acc3: 50 chunks; 1.4 s; peak memory 1208 MiB.
2026-10-09T01:09:06Z INFO [330/500] 61e23bda-a479-4e17-8969-287537c75980: 66 chunks; 1.8 s; peak memory 1208 MiB.
2026-10-09T01:09:07Z INFO [331/500] 61e2b845-65b8-4a6f-a0a0-11f0c48c1c1c: 48 chunks; 1.4 s; peak memory 1208 MiB.
2026-10-09T01:09:08Z INFO [332/500] 61e31a4d-9fe8-4042-b9c6-39baa76dcca9: 48 chunks; 1.4 s; peak memory 1208 MiB.
2026-10-09T01:09:15Z INFO [333/500] 61e490fd-d5a3-44be-9247-7695e94274d8: 2922 chunks; 6.5 s; peak memory 1208 MiB.
2026-10-09T01:09:23Z INFO [334/500] 61e4b010-72f1-4e97-a55f-264aeb5e5c94: 2923 chunks; 7.6 s; peak memory 1208 MiB.
2026-10-09T01:09:25Z INFO [335/500] 61e56516-0a2d-4571-b0dd-7be1321a0cff: 110 chunks; 2.0 s; peak memory 1208 MiB.
2026-10-09T01:09:26Z INFO [336/500] 61e60ef5-2294-457b-9f8f-ce6d4eb28b1f: 117 chunks; 1.5 s; peak memory 1208 MiB.
2026-10-09T01:09:27Z INFO [337/500] 61e67d34-b62b-4685-9293-fe1a875a9297: 46 chunks; 1.0 s; peak memory 1208 MiB.
2026-10-09T01:09:29Z INFO [338/500] 61e6bc44-5f41-4b78-ba53-bfd0eaa92b2b: 48 chunks; 1.4 s; peak memory 1208 MiB.
2026-10-09T01:09:37Z INFO [339/500] 61e73dab-a9b0-48ae-ae31-27f033723588: 5599 chunks; 8.5 s; peak memory 1208 MiB.
2026-10-09T01:10:22Z INFO [340/500] 61e7447b-5307-4e8c-b245-10d0e56008e5: 4426 chunks; 44.9 s; peak memory 1208 MiB.
2026-10-09T01:10:23Z INFO [341/500] 61e79f1f-41e7-4e11-a2f3-325b39da28bd: 57 chunks; 1.1 s; peak memory 1208 MiB.
2026-10-09T01:10:25Z INFO [342/500] 61e8231e-59b2-4e8c-a50d-8f58200a294b: 48 chunks; 1.4 s; peak memory 1208 MiB.
2026-10-09T01:10:26Z INFO [343/500] 61e8a562-dd8e-499c-a703-940a12bfa287: 46 chunks; 1.3 s; peak memory 1208 MiB.
2026-10-09T01:10:27Z INFO [344/500] 61e91d3e-0012-4755-8c5d-aaff1f542d4a: 46 chunks; 1.3 s; peak memory 1208 MiB.
2026-10-09T01:10:36Z INFO [345/500] 61e97e1f-0f18-4583-9ef9-581423d4e095: 22908 chunks; 8.4 s; peak memory 1208 MiB.
2026-10-09T01:10:38Z INFO [346/500] 61e9e750-a629-4c4b-b350-51ccb27a05de: 64 chunks; 2.0 s; peak memory 1208 MiB.
2026-10-09T01:14:41Z INFO [347/500] 61e9fd59-0042-4109-a8db-50e2b4b9f612: 34937 chunks; 243.3 s; peak memory 1208 MiB.
2026-10-09T01:14:43Z INFO [348/500] 61ea0120-8cea-4939-871e-1b824ae917ec: 68 chunks; 1.6 s; peak memory 1208 MiB.
2026-10-09T01:14:45Z INFO [349/500] 61ea4768-1299-483e-b9ed-f24a8cec050b: 152 chunks; 2.5 s; peak memory 1208 MiB.
2026-10-09T01:14:48Z INFO [350/500] 61eb4393-3c1c-42c0-812f-d98af540f0b6: 71 chunks; 2.5 s; peak memory 1208 MiB.
2026-10-09T01:14:48Z INFO [350/500] 61eb4393-3c1c-42c0-812f-d98af540f0b6: checkpointed 94184 new records.
2026-10-09T01:14:49Z INFO [351/500] 61eb4574-9d7f-4033-986f-8631d8a6621c: 48 chunks; 1.4 s; peak memory 1208 MiB.
2026-10-09T01:14:51Z INFO [352/500] 61ec627e-75de-4980-9bbd-7f0ef01abb6b: 46 chunks; 1.2 s; peak memory 1208 MiB.
2026-10-09T01:14:52Z INFO [353/500] 61ee3886-cc05-40f2-a9e2-19058a466d4a: 48 chunks; 1.3 s; peak memory 1208 MiB.
2026-10-09T01:14:53Z INFO [354/500] 61ee49f9-31b3-4fd4-a243-0b50371a4afe: 112 chunks; 1.6 s; peak memory 1208 MiB.
2026-10-09T01:14:55Z INFO [355/500] 61eed0ad-2091-459b-b2c1-4199c95d819b: 48 chunks; 1.2 s; peak memory 1208 MiB.
2026-10-09T01:14:56Z INFO [356/500] 61efb36a-f84a-4e5a-a8ad-2d22bdb7491b: 112 chunks; 1.4 s; peak memory 1208 MiB.
2026-10-09T01:14:58Z INFO [357/500] 61efe845-92a0-4d78-9860-fde4fc60e9bc: 48 chunks; 1.4 s; peak memory 1208 MiB.
2026-10-09T01:14:59Z INFO [358/500] 61f18b2b-36d6-4d9e-bf1d-b07798183f85: 48 chunks; 1.3 s; peak memory 1208 MiB.
2026-10-09T01:15:00Z INFO [359/500] 61f1932b-ab94-4230-947f-8be6079345fb: 48 chunks; 1.3 s; peak memory 1208 MiB.
2026-10-09T01:15:01Z INFO [360/500] 61f1fd6c-9be0-4e71-a049-abb5c7abbe52: 48 chunks; 1.3 s; peak memory 1208 MiB.
2026-10-09T01:15:03Z INFO [361/500] 61f239f4-c7a7-42a0-809c-1faf918de237: 70 chunks; 2.0 s; peak memory 1208 MiB.
2026-10-09T01:15:05Z INFO [362/500] 61f33a52-e232-45fd-9e3d-8c82712d0893: 52 chunks; 1.6 s; peak memory 1208 MiB.
2026-10-09T01:15:06Z INFO [363/500] 61f3f120-23dc-42de-b14d-60827d56bb71: 48 chunks; 1.4 s; peak memory 1208 MiB.
2026-10-09T01:15:08Z INFO [364/500] 61f3f519-61bf-4e02-aded-422880c62162: 48 chunks; 1.2 s; peak memory 1208 MiB.
2026-10-09T01:15:43Z INFO [365/500] 61f453f6-b1f5-4618-b5ca-73df7b93e657: 16419 chunks; 35.1 s; peak memory 1208 MiB.
2026-10-09T01:15:46Z INFO [366/500] 61f4a39a-b29b-4b11-bdd8-5a1a413f4948: 90 chunks; 3.2 s; peak memory 1208 MiB.
2026-10-09T01:15:47Z INFO [367/500] 61f51c0c-1460-4d9b-a3d1-8df3c02008e2: 48 chunks; 1.2 s; peak memory 1208 MiB.
2026-10-09T01:15:51Z INFO [368/500] 61f6979a-bd8a-4612-8a41-ad683612608d: 85 chunks; 3.6 s; peak memory 1208 MiB.
2026-10-09T01:15:53Z INFO [369/500] 61f6b884-41aa-42ef-b981-63008288c2e1: 110 chunks; 2.0 s; peak memory 1208 MiB.
2026-10-09T01:18:50Z INFO [370/500] 61f82c38-9ee2-4f6c-8001-9dff0a922d4d: 42690 chunks; 177.0 s; peak memory 1208 MiB.
2026-10-09T01:18:51Z INFO [371/500] 61f8a721-1831-4bab-b19b-431c8612fc56: 48 chunks; 1.4 s; peak memory 1208 MiB.
2026-10-09T01:18:52Z INFO [372/500] 61f93cee-0eb6-4c7b-bc52-5ef2f8223030: 48 chunks; 1.2 s; peak memory 1208 MiB.
2026-10-09T01:18:53Z INFO [373/500] 61f97de2-8e85-4540-be61-a9cdee1f2d18: 46 chunks; 1.2 s; peak memory 1208 MiB.
2026-10-09T01:19:03Z INFO [374/500] 61f9d547-9565-420c-8791-4fa703031588: 11567 chunks; 9.8 s; peak memory 1208 MiB.
2026-10-09T01:19:06Z INFO [375/500] 61fa05ca-baf9-4a87-96df-5c67b2b50ab8: 71 chunks; 2.6 s; peak memory 1208 MiB.
2026-10-09T01:19:10Z INFO [376/500] 61fa5c57-e589-4049-9ed3-59c3ce3d3a78: 215 chunks; 4.0 s; peak memory 1208 MiB.
2026-10-09T01:19:11Z INFO [377/500] 61fb1b1e-fe41-40ad-abc5-38a4c27e9ef9: 48 chunks; 1.3 s; peak memory 1208 MiB.
2026-10-09T01:19:15Z INFO [378/500] 61fbcc5f-8250-454b-824b-b58e2dd4a658: 156 chunks; 3.6 s; peak memory 1208 MiB.
2026-10-09T01:19:16Z INFO [379/500] 61fde375-2194-4847-905a-e123aebce04f: 48 chunks; 1.4 s; peak memory 1208 MiB.
2026-10-09T01:19:17Z INFO [380/500] 61fe14e9-0003-4e00-bfcd-ea60c75b79bf: 57 chunks; 1.1 s; peak memory 1208 MiB.
2026-10-09T01:19:20Z INFO [381/500] 61fe35ee-01a9-4cad-be23-6862d11b1046: 115 chunks; 3.0 s; peak memory 1208 MiB.
2026-10-09T01:19:22Z INFO [382/500] 62004a7e-814e-4b06-b2c5-5bbcebac6da4: 62 chunks; 1.9 s; peak memory 1208 MiB.
2026-10-09T01:19:23Z INFO [383/500] 6200df25-5dd6-474f-a182-c16163e6d98c: 48 chunks; 1.2 s; peak memory 1208 MiB.
2026-10-09T01:19:28Z INFO [384/500] 6200f0e6-f32c-4d46-91fa-5a67b8ac4497: 2084 chunks; 4.6 s; peak memory 1208 MiB.
2026-10-09T01:22:05Z INFO [385/500] 6201d8b4-0dc9-41a0-9983-51621c79e713: 37890 chunks; 156.6 s; peak memory 1208 MiB.
2026-10-09T01:22:06Z INFO [386/500] 62026d27-806d-4723-8c3c-951893d6439f: 48 chunks; 1.5 s; peak memory 1208 MiB.
2026-10-09T01:22:07Z INFO [387/500] 6202e145-867f-4d8c-86b3-4993b1c94e48: 46 chunks; 1.0 s; peak memory 1208 MiB.
2026-10-09T01:22:09Z INFO [388/500] 620307eb-587a-40b6-bc92-d801cd58f212: 117 chunks; 1.6 s; peak memory 1208 MiB.
2026-10-09T01:22:15Z INFO [389/500] 62038f88-0514-4235-96d8-57bb0a7d7d41: 580 chunks; 5.9 s; peak memory 1208 MiB.
2026-10-09T01:22:16Z INFO [390/500] 6203a1a8-f14b-4db2-98ea-a4d29080859f: 69 chunks; 1.9 s; peak memory 1208 MiB.
2026-10-09T01:22:18Z INFO [391/500] 62061916-8204-429a-8043-9d440ca15789: 48 chunks; 1.4 s; peak memory 1208 MiB.
2026-10-09T01:22:39Z INFO [392/500] 62065c22-d21e-45f6-a5db-1d21762d9766: 4508 chunks; 21.0 s; peak memory 1208 MiB.
2026-10-09T01:22:41Z INFO [393/500] 62068c28-54ac-4fb5-a5e8-ee37ce4cdcd3: 112 chunks; 1.7 s; peak memory 1208 MiB.
2026-10-09T01:22:42Z INFO [394/500] 6207c696-fe1b-4776-8186-cfbf5d033223: 48 chunks; 1.3 s; peak memory 1208 MiB.
2026-10-09T01:22:47Z INFO [395/500] 6207ed2c-2ccb-4c77-9c2f-c52db5d3059f: 283 chunks; 4.6 s; peak memory 1208 MiB.
2026-10-09T01:22:48Z INFO [396/500] 62080bf4-4fa6-4780-bb5c-9ab513e727b9: 52 chunks; 1.4 s; peak memory 1208 MiB.
2026-10-09T01:22:50Z INFO [397/500] 62084142-bb35-440c-ab19-23ba8f373ca7: 70 chunks; 1.8 s; peak memory 1208 MiB.
2026-10-09T01:22:51Z INFO [398/500] 620862fb-483e-43f3-a08e-13fcf618cc11: 48 chunks; 1.3 s; peak memory 1208 MiB.
2026-10-09T01:22:53Z INFO [399/500] 62098c99-6303-414e-baea-a73d2d3e2492: 71 chunks; 2.1 s; peak memory 1208 MiB.
2026-10-09T01:23:01Z INFO [400/500] 6209901f-2f3f-4eb6-8664-0b0672b867f7: 383 chunks; 7.6 s; peak memory 1208 MiB.
2026-10-09T01:23:01Z INFO [400/500] 6209901f-2f3f-4eb6-8664-0b0672b867f7: checkpointed 94234 new records.
2026-10-09T01:23:04Z INFO [401/500] 620ad41d-a0c9-4e0a-a0fc-c334887e36b9: 115 chunks; 3.0 s; peak memory 1208 MiB.
2026-10-09T01:23:06Z INFO [402/500] 620b3886-b980-4235-88a1-68bc23fa5547: 79 chunks; 1.7 s; peak memory 1208 MiB.
2026-10-09T01:23:08Z INFO [403/500] 620b3fcc-81eb-4848-8e29-9613aa0624f0: 112 chunks; 2.0 s; peak memory 1208 MiB.
2026-10-09T01:23:11Z INFO [404/500] 620bfa6e-43a1-4c1a-8431-7d98e782b115: 1727 chunks; 3.5 s; peak memory 1208 MiB.
2026-10-09T01:23:13Z INFO [405/500] 620c73d3-aae6-44ff-90ad-0b53dc5d5d5f: 66 chunks; 2.0 s; peak memory 1208 MiB.
2026-10-09T01:23:16Z INFO [406/500] 620cd999-2937-4a45-870d-2ae4771b4a01: 125 chunks; 2.6 s; peak memory 1208 MiB.
2026-10-09T01:23:27Z INFO [407/500] 620cf164-2755-43f5-8805-9a6d591685df: 27171 chunks; 10.7 s; peak memory 1208 MiB.
2026-10-09T01:23:28Z INFO [408/500] 620d18a1-869e-4295-aafe-d3be375088d9: 48 chunks; 1.4 s; peak memory 1208 MiB.
2026-10-09T01:23:37Z INFO [409/500] 620d2019-73a3-47e7-89b8-d36fbe5e89a0: 4151 chunks; 8.4 s; peak memory 1208 MiB.
2026-10-09T01:23:40Z INFO [410/500] 620d2ed5-0d86-4fd6-999a-a8bb096408dc: 101 chunks; 3.2 s; peak memory 1208 MiB.
2026-10-09T01:23:41Z INFO [411/500] 620d3b9a-8cd7-4769-8994-9f7b0193ed17: 59 chunks; 1.3 s; peak memory 1208 MiB.
2026-10-09T01:23:43Z INFO [412/500] 620e0472-f739-44bd-bcf6-a30008245731: 113 chunks; 1.7 s; peak memory 1208 MiB.
2026-10-09T01:23:44Z INFO [413/500] 620f635c-bb49-4757-9997-691ffe0b280f: 52 chunks; 1.4 s; peak memory 1208 MiB.
2026-10-09T01:23:46Z INFO [414/500] 62102291-5730-42cd-8612-0d1fffa2560a: 66 chunks; 2.0 s; peak memory 1208 MiB.
2026-10-09T01:23:48Z INFO [415/500] 6210f436-0088-4668-bfd2-899eaf7c37f7: 117 chunks; 1.5 s; peak memory 1208 MiB.
2026-10-09T01:23:56Z INFO [416/500] 62115053-b3cf-42ab-8323-6a07a6a47d20: 13339 chunks; 7.9 s; peak memory 1208 MiB.
2026-10-09T01:23:57Z INFO [417/500] 62115969-3033-4b87-aa6b-51b4cf793044: 48 chunks; 1.3 s; peak memory 1208 MiB.
2026-10-09T01:23:59Z INFO [418/500] 6211709b-0187-4d92-9f42-535e0fb8fb52: 77 chunks; 2.2 s; peak memory 1208 MiB.
2026-10-09T01:24:00Z INFO [419/500] 621377d3-bef6-427d-a152-3971fa238f67: 52 chunks; 1.1 s; peak memory 1208 MiB.
2026-10-09T01:24:02Z INFO [420/500] 621383d5-9c49-4cb5-b35f-62040b7b7943: 116 chunks; 1.6 s; peak memory 1208 MiB.
2026-10-09T01:24:05Z INFO [421/500] 6213a812-cbb7-411e-b285-a3719d5525e8: 115 chunks; 3.1 s; peak memory 1208 MiB.
2026-10-09T01:24:06Z INFO [422/500] 6216d918-9f05-4f8f-8335-7fa78ecd80a7: 48 chunks; 1.3 s; peak memory 1208 MiB.
2026-10-09T01:24:08Z INFO [423/500] 6217ba88-af66-4760-8826-ea7fd88af4c2: 116 chunks; 1.5 s; peak memory 1208 MiB.
2026-10-09T01:24:09Z INFO [424/500] 621903e3-6ee0-47d6-b303-eb17cecb4ae9: 46 chunks; 1.0 s; peak memory 1208 MiB.
2026-10-09T01:24:10Z INFO [425/500] 62198835-95d8-4f90-ad74-162f2cc0ebe1: 48 chunks; 1.2 s; peak memory 1208 MiB.
2026-10-09T01:24:18Z INFO [426/500] 621a6f73-2db4-49f8-b1c3-c4a84e1e0d70: 14206 chunks; 8.0 s; peak memory 1208 MiB.
2026-10-09T01:24:20Z INFO [427/500] 621a8b9f-6ec0-414b-bf76-8d0f45527871: 118 chunks; 1.6 s; peak memory 1208 MiB.
2026-10-09T01:24:23Z INFO [428/500] 621bcdc3-7308-4793-a072-db7d180e4402: 157 chunks; 3.6 s; peak memory 1208 MiB.
2026-10-09T01:24:25Z INFO [429/500] 621c528d-0ee5-4d04-80ba-b752761bac86: 71 chunks; 2.0 s; peak memory 1208 MiB.
2026-10-09T01:24:29Z INFO [430/500] 621cd51b-393b-4956-8d18-4c44de6efdda: 156 chunks; 3.4 s; peak memory 1208 MiB.
2026-10-09T01:24:30Z INFO [431/500] 621d71cf-e239-40b7-8d2b-98ab74b5744f: 43 chunks; 1.5 s; peak memory 1208 MiB.
2026-10-09T01:24:32Z INFO [432/500] 621dcdcf-8da2-4972-a0bc-08ad2ae26741: 121 chunks; 1.6 s; peak memory 1208 MiB.
2026-10-09T01:24:34Z INFO [433/500] 621df393-f739-4645-be80-7586a5bfe3ec: 997 chunks; 2.6 s; peak memory 1208 MiB.
2026-10-09T01:24:36Z INFO [434/500] 621ed9f0-8e25-464c-bcea-0f96fe678df6: 84 chunks; 1.8 s; peak memory 1208 MiB.
2026-10-09T01:24:38Z INFO [435/500] 621ee849-7c9d-46a7-b50d-fdc009640c2c: 112 chunks; 1.6 s; peak memory 1208 MiB.
2026-10-09T01:24:52Z INFO [436/500] 621f5c37-d7bc-4cb6-8bd7-a712f33aae49: 16478 chunks; 14.2 s; peak memory 1208 MiB.
2026-10-09T01:24:55Z INFO [437/500] 621fab42-4fe3-4bf9-b9fc-252f229d9d6c: 997 chunks; 2.7 s; peak memory 1208 MiB.
2026-10-09T01:25:02Z INFO [438/500] 621fd43b-659d-45fc-a13d-c3b4eccf93c7: 2923 chunks; 7.1 s; peak memory 1208 MiB.
2026-10-09T01:25:13Z INFO [439/500] 62200c54-ff6a-4037-82e9-f69fa7dd08bc: 12779 chunks; 11.5 s; peak memory 1208 MiB.
2026-10-09T01:25:15Z INFO [440/500] 6220707d-89e8-467e-abd1-b6362f6faf9d: 48 chunks; 1.4 s; peak memory 1208 MiB.
2026-10-09T01:25:17Z INFO [441/500] 62244319-a10b-4431-a836-52c514895a59: 70 chunks; 1.9 s; peak memory 1208 MiB.
2026-10-09T01:25:18Z INFO [442/500] 622446a3-773f-404e-8a56-e1fdc86a0021: 48 chunks; 1.4 s; peak memory 1208 MiB.
2026-10-09T01:26:58Z INFO [443/500] 62246d87-cfe6-4faa-9bae-7eff8eb65d84: 32825 chunks; 99.5 s; peak memory 1208 MiB.
2026-10-09T01:26:59Z INFO [444/500] 622510dd-e139-4e49-b04f-f30b8e6e781a: 132 chunks; 1.5 s; peak memory 1208 MiB.
2026-10-09T01:27:00Z INFO [445/500] 62254207-50a6-464c-8bcd-678a3b03449c: 21 chunks; 1.0 s; peak memory 1208 MiB.
2026-10-09T01:27:02Z INFO [446/500] 62263de8-0ec8-488a-8053-4987003cc7dd: 110 chunks; 1.9 s; peak memory 1208 MiB.
2026-10-09T01:27:06Z INFO [447/500] 62265e9e-24d5-41c8-b543-4c64776ff8bb: 152 chunks; 3.8 s; peak memory 1208 MiB.
2026-10-09T01:27:10Z INFO [448/500] 62269582-0edc-4cee-be41-21b75c0f17b9: 8397 chunks; 4.6 s; peak memory 1208 MiB.
2026-10-09T01:27:12Z INFO [449/500] 6226a76c-54bb-4ffd-acc0-d2e3c908b0d9: 48 chunks; 1.3 s; peak memory 1208 MiB.
2026-10-09T01:27:19Z INFO [450/500] 6227169c-5e99-4a14-a58e-d540302c0669: 194 chunks; 7.7 s; peak memory 1208 MiB.
2026-10-09T01:27:20Z INFO [450/500] 6227169c-5e99-4a14-a58e-d540302c0669: checkpointed 94284 new records.
2026-10-09T01:27:26Z INFO [451/500] 62277823-f86d-4a92-a5d1-53731181b8aa: 468 chunks; 5.9 s; peak memory 1208 MiB.
2026-10-09T01:27:31Z INFO [452/500] 62297120-831b-4074-a0bc-24474451847d: 384 chunks; 5.7 s; peak memory 1208 MiB.
2026-10-09T01:27:33Z INFO [453/500] 6229810a-9a35-46e0-a37c-1840bab9bf7f: 118 chunks; 1.9 s; peak memory 1208 MiB.
2026-10-09T01:27:34Z INFO [454/500] 6229e3f0-4f94-41ba-b4bd-c9f10489db1a: 46 chunks; 1.2 s; peak memory 1208 MiB.
2026-10-09T01:27:36Z INFO [455/500] 622a146f-c518-4f3a-beea-368f653e813c: 112 chunks; 1.9 s; peak memory 1208 MiB.
2026-10-09T01:27:38Z INFO [456/500] 622acfa0-6285-4886-b650-61c9839134e0: 48 chunks; 1.4 s; peak memory 1208 MiB.
2026-10-09T01:27:39Z INFO [457/500] 622adfc1-07c9-442f-b2ba-c4a1800f8a9a: 66 chunks; 1.8 s; peak memory 1208 MiB.
2026-10-09T01:27:45Z INFO [458/500] 622b0936-7c09-45df-bb46-f795b6b6b925: 452 chunks; 5.8 s; peak memory 1208 MiB.
2026-10-09T01:27:54Z INFO [459/500] 622b0e03-a3c4-43b7-b9af-4ea35a07ce9c: 9790 chunks; 8.8 s; peak memory 1208 MiB.
2026-10-09T01:27:56Z INFO [460/500] 622b8042-ab1d-47b3-98c2-e0161b135a67: 110 chunks; 2.1 s; peak memory 1208 MiB.
2026-10-09T01:27:58Z INFO [461/500] 622cae8f-51c9-430d-a5ae-30250cfa74d5: 48 chunks; 1.4 s; peak memory 1208 MiB.
2026-10-09T01:27:58Z INFO [462/500] 622cbc09-d3fc-4b2c-af8b-3523206ba13c: 33 chunks; 0.9 s; peak memory 1208 MiB.
2026-10-09T01:28:00Z INFO [463/500] 622d5719-2ee8-44c5-8125-a31a0f2c4922: 48 chunks; 1.3 s; peak memory 1208 MiB.
2026-10-09T01:28:02Z INFO [464/500] 622e1710-f634-4700-9b94-33df2fb64627: 125 chunks; 2.6 s; peak memory 1208 MiB.
2026-10-09T01:28:17Z INFO [465/500] 622e96ba-abef-4d6e-a72e-3da6aee5b4cd: 1533 chunks; 15.0 s; peak memory 1208 MiB.
2026-10-09T01:28:20Z INFO [466/500] 622ea6b9-7027-4f9b-9f5c-74b2d50693b0: 105 chunks; 2.5 s; peak memory 1208 MiB.
2026-10-09T01:28:21Z INFO [467/500] 622fa149-8a7f-46b8-8b6c-594902950179: 48 chunks; 1.3 s; peak memory 1208 MiB.
2026-10-09T01:28:23Z INFO [468/500] 62312682-f9ec-43e2-9294-263ca24ca923: 289 chunks; 1.8 s; peak memory 1208 MiB.
2026-10-09T01:28:24Z INFO [469/500] 62312b4d-4e3d-4b35-a289-1ec9ec348dd0: 48 chunks; 1.5 s; peak memory 1208 MiB.
2026-10-09T01:28:27Z INFO [470/500] 6231839b-a827-48cb-966e-0961fa470f5e: 115 chunks; 3.1 s; peak memory 1208 MiB.
2026-10-09T01:28:29Z INFO [471/500] 6231bbfa-e36a-45ba-943f-dd60e9518c85: 48 chunks; 1.5 s; peak memory 1208 MiB.
2026-10-09T01:28:30Z INFO [472/500] 6231fc43-eca1-46dd-90bd-6f32391c5268: 52 chunks; 1.6 s; peak memory 1208 MiB.
2026-10-09T01:28:36Z INFO [473/500] 623240a9-ebe5-404c-91c7-61c26e5bc241: 7335 chunks; 5.4 s; peak memory 1208 MiB.
2026-10-09T01:28:37Z INFO [474/500] 62324e10-61a5-4be1-a057-0dd41400cab1: 58 chunks; 1.1 s; peak memory 1208 MiB.
2026-10-09T01:28:40Z INFO [475/500] 6234a8cf-e478-4a05-b716-b84a269f8aca: 168 chunks; 3.1 s; peak memory 1208 MiB.
2026-10-09T01:28:41Z INFO [476/500] 623560c0-80fc-4232-b846-26b627329d81: 35 chunks; 1.1 s; peak memory 1208 MiB.
2026-10-09T01:28:42Z INFO [477/500] 6235e898-f78b-404f-8f42-16a59a894a5c: 69 chunks; 1.4 s; peak memory 1208 MiB.
2026-10-09T01:28:44Z INFO [478/500] 6236a336-3af8-4d33-84a4-578f5784c677: 46 chunks; 1.4 s; peak memory 1208 MiB.
2026-10-09T01:28:45Z INFO [479/500] 62379d85-92ea-4da5-93eb-3f511b41bc9a: 48 chunks; 1.4 s; peak memory 1208 MiB.
2026-10-09T01:28:47Z INFO [480/500] 6237ff20-c7de-44a7-9b54-2f65e3778f2d: 118 chunks; 1.8 s; peak memory 1208 MiB.
2026-10-09T01:28:48Z INFO [481/500] 62381c8d-9f4a-4027-9c6d-3922a9b1517e: 48 chunks; 1.3 s; peak memory 1208 MiB.
2026-10-09T01:29:00Z INFO [482/500] 6238a1f8-139e-49b6-9ee8-33be5e5fcad4: 21073 chunks; 12.1 s; peak memory 1208 MiB.
2026-10-09T01:29:02Z INFO [483/500] 6238a24b-d66f-4898-87fe-fabc36c488e3: 112 chunks; 1.9 s; peak memory 1208 MiB.
2026-10-09T01:29:04Z INFO [484/500] 623989cb-282e-431f-9d82-131cc324d939: 48 chunks; 1.3 s; peak memory 1208 MiB.
2026-10-09T01:29:05Z INFO [485/500] 623ad23d-318c-468f-8a6a-d430885ad8b2: 112 chunks; 1.5 s; peak memory 1208 MiB.
2026-10-09T01:29:06Z INFO [486/500] 623b0115-9c6a-47a1-bf82-6e762566acb6: 21 chunks; 1.0 s; peak memory 1208 MiB.
2026-10-09T01:29:08Z INFO [487/500] 623b057e-cfce-44fb-ab49-dde56ff3b18f: 204 chunks; 1.8 s; peak memory 1208 MiB.
2026-10-09T01:29:10Z INFO [488/500] 623c6412-5eed-40ab-9d9b-25efebe1901f: 158 chunks; 2.4 s; peak memory 1208 MiB.
2026-10-09T01:29:11Z INFO [489/500] 623cc5aa-cbb2-47fb-af30-e0165c1075eb: 46 chunks; 0.9 s; peak memory 1208 MiB.
2026-10-09T01:29:13Z INFO [490/500] 623e2edc-7acc-4704-a515-3aa028106dc5: 48 chunks; 1.3 s; peak memory 1208 MiB.
2026-10-09T01:29:14Z INFO [491/500] 623e3348-0678-4b76-afe7-228264b486ff: 51 chunks; 1.0 s; peak memory 1208 MiB.
2026-10-09T01:29:15Z INFO [492/500] 623e9df4-fc47-43c2-93b0-9744eb200f80: 142 chunks; 1.4 s; peak memory 1208 MiB.
2026-10-09T01:29:27Z INFO [493/500] 623ee055-faf4-4a4f-9224-8d62df264eca: 14871 chunks; 11.9 s; peak memory 1208 MiB.
2026-10-09T01:29:29Z INFO [494/500] 623f26de-694f-45b0-9290-9a32c0fbe5f5: 114 chunks; 1.6 s; peak memory 1208 MiB.
2026-10-09T01:29:32Z INFO [495/500] 62402313-198b-4ee3-b3f7-098543e41395: 138 chunks; 3.0 s; peak memory 1208 MiB.
2026-10-09T01:29:33Z INFO [496/500] 6241063c-9d27-4386-a838-a08123b4743d: 84 chunks; 1.6 s; peak memory 1208 MiB.
2026-10-09T01:29:35Z INFO [497/500] 6242774c-c822-4969-9147-3bfe0d46ef40: 117 chunks; 1.4 s; peak memory 1208 MiB.
2026-10-09T01:29:36Z INFO [498/500] 6242e888-d562-487f-9ee9-e189baaa2645: 92 chunks; 1.4 s; peak memory 1208 MiB.
2026-10-09T01:29:40Z INFO [499/500] 62430bb0-b776-4775-8dc1-b75b9f40ae84: 278 chunks; 3.5 s; peak memory 1208 MiB.
2026-10-09T01:29:52Z INFO [500/500] 62438a6f-565a-4f28-83be-5256c7c68882: 20672 chunks; 12.0 s; peak memory 1208 MiB.
2026-10-09T01:29:52Z INFO [500/500] 62438a6f-565a-4f28-83be-5256c7c68882: checkpointed 94334 new records.
2026-10-09T01:29:52Z INFO Wrote 94334 records to /tmp/derivatives/valid_nwb_file_to_chunk_stats.jsonl (500 new, 0 failed) in 129.9 min (peak memory 1208 MiB).
