2026-10-05T01:10:48Z INFO Logging to /tmp/logs/update_2026-10-05T01-10-48Z.log.
2026-10-05T01:10:48Z INFO Update valid-nwb-file-to-chunk-stats (base directory /tmp).
2026-10-05T01:10:48Z INFO Processing 500 items (70834 already recorded).
2026-10-05T01:10:50Z INFO [1/500] 3168bde3-627a-413c-a9e5-9ddbe599c2ce: 118 chunks; 1.2 s; peak memory 165 MiB.
2026-10-05T01:10:51Z INFO [2/500] 31691cb2-e1e0-46ae-a8bd-2f115a1e9fe7: 66 chunks; 1.4 s; peak memory 166 MiB.
2026-10-05T01:10:52Z INFO [3/500] 3169f987-b73a-4978-b08c-d5c1354c3f91: 48 chunks; 1.0 s; peak memory 166 MiB.
2026-10-05T01:10:53Z INFO [4/500] 316a3a43-5d6e-405b-b9fa-382412196933: 46 chunks; 1.3 s; peak memory 166 MiB.
2026-10-05T01:10:56Z INFO [5/500] 316a77ac-a4aa-4a17-b32c-ca5ac6a42968: 631 chunks; 3.2 s; peak memory 169 MiB.
2026-10-05T01:10:57Z INFO [6/500] 316aef23-75eb-45ec-997e-e4f0f123c048: 112 chunks; 0.9 s; peak memory 169 MiB.
2026-10-05T01:10:58Z INFO [7/500] 316b21bb-cd11-4875-a6fa-f720c0205393: 117 chunks; 0.8 s; peak memory 170 MiB.
2026-10-05T01:10:59Z INFO [8/500] 316c06e2-06d1-43d9-abdb-582b77be0540: 117 chunks; 0.9 s; peak memory 170 MiB.
2026-10-05T01:11:00Z INFO [9/500] 316d02b9-86e1-412b-8f98-e3db53e4f8d1: 59 chunks; 0.9 s; peak memory 170 MiB.
2026-10-05T01:11:01Z INFO [10/500] 316d27e8-e095-459f-a596-ebd685689155: 117 chunks; 0.8 s; peak memory 170 MiB.
2026-10-05T01:11:02Z INFO [11/500] 316dd593-927b-4329-95c6-f30468a30b64: 48 chunks; 0.9 s; peak memory 170 MiB.
2026-10-05T01:11:02Z INFO [12/500] 316ec728-da93-4458-9698-f309407c6efe: 48 chunks; 0.7 s; peak memory 170 MiB.
2026-10-05T01:11:03Z INFO [13/500] 316ed6a0-d3fa-4c6f-8e11-9ac58dad78ff: 112 chunks; 0.8 s; peak memory 170 MiB.
2026-10-05T01:11:04Z INFO [14/500] 316edb07-ca55-42f9-a191-5d4a3cedc300: 46 chunks; 0.6 s; peak memory 170 MiB.
2026-10-05T01:11:12Z INFO [15/500] 316f0635-ef39-4a50-8680-82e836496e9d: 28630 chunks; 8.2 s; peak memory 220 MiB.
2026-10-05T01:11:13Z INFO [16/500] 316f462e-e538-4fbd-83bb-d51ea2f388c4: 70 chunks; 1.1 s; peak memory 220 MiB.
2026-10-05T01:11:15Z INFO [17/500] 316f56fe-0595-4aa8-8069-0a7f85f4e1c7: 116 chunks; 1.9 s; peak memory 220 MiB.
2026-10-05T01:11:16Z INFO [18/500] 316fccf3-9a02-46ba-81da-fe19720b4665: 64 chunks; 0.9 s; peak memory 220 MiB.
2026-10-05T01:11:21Z INFO [19/500] 316fd618-e891-4fe7-a3a4-8c5c90f78b44: 3659 chunks; 5.0 s; peak memory 221 MiB.
2026-10-05T01:11:22Z INFO [20/500] 31717c79-32f1-4fbf-a261-c9c959df7c45: 48 chunks; 1.1 s; peak memory 221 MiB.
2026-10-05T01:11:23Z INFO [21/500] 317475db-4164-4167-b900-9b14abdb9596: 71 chunks; 1.7 s; peak memory 221 MiB.
2026-10-05T01:11:24Z INFO [22/500] 317487c1-9dd4-44fb-8781-9724d36fde0a: 116 chunks; 0.9 s; peak memory 221 MiB.
2026-10-05T01:11:25Z INFO [23/500] 31752acc-c4c2-4e6e-9ffc-bf6a2a267bdd: 557 chunks; 0.9 s; peak memory 221 MiB.
2026-10-05T01:11:27Z INFO [24/500] 31755374-e8da-4644-b180-f961a7be7d25: 69 chunks; 1.2 s; peak memory 221 MiB.
2026-10-05T01:11:27Z INFO [25/500] 31757351-0498-43ab-96a1-9597b88ea00c: 48 chunks; 0.7 s; peak memory 221 MiB.
2026-10-05T01:11:28Z INFO [26/500] 3175b4e8-cf19-44c6-a470-952d548aa8d1: 118 chunks; 0.8 s; peak memory 221 MiB.
2026-10-05T01:11:29Z INFO [27/500] 31762cf4-142b-4929-9a0d-a09cdb1d6502: 55 chunks; 0.6 s; peak memory 221 MiB.
2026-10-05T01:11:29Z INFO [28/500] 31764286-0c8e-48e3-8352-8e933cbc988d: 48 chunks; 0.7 s; peak memory 221 MiB.
2026-10-05T01:11:30Z INFO [29/500] 31771ea1-4ea8-4b2f-9104-ae05720273ac: 46 chunks; 0.6 s; peak memory 221 MiB.
2026-10-05T01:11:31Z INFO [30/500] 31774842-9be6-469b-ba7d-27fbd464b3fc: 48 chunks; 0.8 s; peak memory 221 MiB.
2026-10-05T01:11:32Z INFO [31/500] 317765fb-f028-4b0b-8f8d-73c5ec10b503: 66 chunks; 1.5 s; peak memory 221 MiB.
2026-10-05T01:11:33Z INFO [32/500] 31776ecc-0873-4385-8769-72f7b9e81a06: 48 chunks; 0.7 s; peak memory 221 MiB.
2026-10-05T01:11:34Z INFO [33/500] 3177ba53-75a6-4036-ba4a-780ce19d5222: 48 chunks; 0.7 s; peak memory 221 MiB.
2026-10-05T01:11:34Z INFO [34/500] 317807c0-e6ba-46d8-956c-732f3616e062: 56 chunks; 0.5 s; peak memory 221 MiB.
2026-10-05T01:11:36Z INFO [35/500] 3178e136-66b3-4089-abb9-791b6afdd979: 156 chunks; 2.1 s; peak memory 221 MiB.
2026-10-05T01:11:37Z INFO [36/500] 3179026a-5243-4fce-a941-bed7f554bd6d: 48 chunks; 0.7 s; peak memory 221 MiB.
2026-10-05T01:11:38Z INFO [37/500] 317a27fa-1985-4ab8-86b3-167d8a7c186c: 79 chunks; 0.8 s; peak memory 221 MiB.
2026-10-05T01:11:39Z INFO [38/500] 317acf76-f8b3-499d-84a9-8a1081bb9dfe: 62 chunks; 0.9 s; peak memory 221 MiB.
2026-10-05T01:11:40Z INFO [39/500] 317b0d8b-586c-4601-93ec-e4f27b96f3e2: 50 chunks; 0.9 s; peak memory 221 MiB.
2026-10-05T01:11:44Z INFO [40/500] 317b59a4-91cc-47e7-8f9a-cf8fad743b09: 19835 chunks; 4.7 s; peak memory 222 MiB.
2026-10-05T01:11:47Z INFO [41/500] 317b606b-3994-4edb-8290-4b0eeaa7da57: 8436 chunks; 3.0 s; peak memory 222 MiB.
2026-10-05T01:11:48Z INFO [42/500] 317b6cc2-ce10-4c5e-b557-a09fbad0d1e0: 48 chunks; 0.7 s; peak memory 222 MiB.
2026-10-05T01:11:49Z INFO [43/500] 317ba07f-43c4-4925-8c95-c478cede79c2: 117 chunks; 0.8 s; peak memory 222 MiB.
2026-10-05T01:11:50Z INFO [44/500] 317bae5b-b3a1-460a-9400-0afb4c319ebc: 66 chunks; 1.2 s; peak memory 222 MiB.
2026-10-05T01:11:51Z INFO [45/500] 317c080c-5142-4397-95e6-7c165cf6b14f: 48 chunks; 0.9 s; peak memory 222 MiB.
2026-10-05T01:11:52Z INFO [46/500] 317c1935-6a63-4488-8a62-a98aa9c6d507: 111 chunks; 0.7 s; peak memory 222 MiB.
2026-10-05T01:11:53Z INFO [47/500] 317cc576-1e78-4461-a6f1-a2f272794d5f: 66 chunks; 1.0 s; peak memory 222 MiB.
2026-10-05T01:11:53Z INFO [48/500] 317ddd08-f99a-4d00-bae3-892eff078dd8: 117 chunks; 0.8 s; peak memory 222 MiB.
2026-10-05T01:11:54Z INFO [49/500] 317e28b5-9428-4a0d-9f39-8585df648cb5: 117 chunks; 0.8 s; peak memory 222 MiB.
2026-10-05T01:11:55Z INFO [50/500] 317e8500-0675-42ba-bb88-4a9615b4d546: 557 chunks; 0.9 s; peak memory 222 MiB.
2026-10-05T01:11:55Z INFO [50/500] 317e8500-0675-42ba-bb88-4a9615b4d546: checkpointed 70884 records.
2026-10-05T01:11:57Z INFO [51/500] 317ebc3a-bd0f-4130-87d9-e5699502b3ac: 62 chunks; 1.0 s; peak memory 222 MiB.
2026-10-05T01:11:57Z INFO [52/500] 317f5e07-52fd-49aa-aeec-f21ce127acea: 52 chunks; 0.8 s; peak memory 222 MiB.
2026-10-05T01:12:07Z INFO [53/500] 317fbef2-26c2-429c-9009-4c0e3bb0834a: 29808 chunks; 9.7 s; peak memory 234 MiB.
2026-10-05T01:12:08Z INFO [54/500] 31804a10-0ec4-44fa-a6d5-55ee8c5569d1: 130 chunks; 0.7 s; peak memory 234 MiB.
2026-10-05T01:12:08Z INFO [55/500] 3180510c-2193-4636-882a-8e9df8ed1ebf: 69 chunks; 0.6 s; peak memory 234 MiB.
2026-10-05T01:12:09Z INFO [56/500] 3180667c-53d0-441f-b0e9-122c2087353b: 48 chunks; 0.7 s; peak memory 234 MiB.
2026-10-05T01:12:10Z INFO [57/500] 31810997-b0fa-41a3-bb0f-e5ab32f9e916: 116 chunks; 1.0 s; peak memory 234 MiB.
2026-10-05T01:12:11Z INFO [58/500] 31814abe-0c91-43d5-acf4-0f8b3e939d67: 49 chunks; 1.0 s; peak memory 234 MiB.
2026-10-05T01:12:19Z INFO [59/500] 31814cef-acd7-4aa9-a9e4-b4ce6926c90f: 12230 chunks; 8.0 s; peak memory 234 MiB.
2026-10-05T01:12:21Z INFO [60/500] 31818d0e-1dc4-4add-b8a5-279eb2ae4359: 197 chunks; 1.6 s; peak memory 234 MiB.
2026-10-05T01:12:22Z INFO [61/500] 3181eeef-9392-4306-be56-a0a772ef1803: 174 chunks; 1.2 s; peak memory 234 MiB.
2026-10-05T01:12:23Z INFO [62/500] 3182259c-bf9e-499f-af62-fc1533ba3cab: 125 chunks; 1.5 s; peak memory 234 MiB.
2026-10-05T01:12:24Z INFO [63/500] 3182c229-8d90-4c40-b68b-7a2fa059e1a8: 116 chunks; 0.8 s; peak memory 234 MiB.
2026-10-05T01:12:25Z INFO [64/500] 31830330-25d9-410b-9340-a13ae68049b2: 48 chunks; 0.8 s; peak memory 234 MiB.
2026-10-05T01:12:26Z INFO [65/500] 31840310-c826-48be-bd5e-4908c3935946: 69 chunks; 1.0 s; peak memory 234 MiB.
2026-10-05T01:12:27Z INFO [66/500] 31840e70-7871-49f1-967b-1fb290540e4b: 117 chunks; 0.7 s; peak memory 234 MiB.
2026-10-05T01:12:32Z INFO [67/500] 318415e4-9515-4667-bc8c-38c57a3a93c0: 1277 chunks; 5.6 s; peak memory 234 MiB.
2026-10-05T01:12:33Z INFO [68/500] 318435f9-4a3a-41aa-8b8d-e9774374e210: 64 chunks; 1.0 s; peak memory 234 MiB.
2026-10-05T01:12:34Z INFO [69/500] 31844e29-9502-469a-8c49-bb7a63253c7f: 46 chunks; 0.5 s; peak memory 234 MiB.
2026-10-05T01:12:35Z INFO [70/500] 3184dabc-22d9-440d-a79f-b3f838580c61: 68 chunks; 0.8 s; peak memory 234 MiB.
2026-10-05T01:12:36Z INFO [71/500] 318531b8-0240-4624-bf2d-281b29496c6d: 66 chunks; 1.2 s; peak memory 234 MiB.
2026-10-05T01:12:37Z INFO [72/500] 31854735-d604-4586-893f-21389d8b5a7e: 77 chunks; 0.9 s; peak memory 234 MiB.
2026-10-05T01:12:37Z INFO [73/500] 3185655e-c408-433d-843c-b8ad49d85464: 114 chunks; 0.8 s; peak memory 234 MiB.
2026-10-05T01:12:39Z INFO [74/500] 318631e4-45c7-4821-8eda-b10097344285: 172 chunks; 1.3 s; peak memory 234 MiB.
2026-10-05T01:14:17Z INFO [75/500] 3186c42b-e5b1-4fbe-8298-bdeee700ae7c: 37765 chunks; 98.6 s; peak memory 327 MiB.
2026-10-05T01:14:18Z INFO [76/500] 3186e1cf-5e23-423b-aa46-b3d01df66187: 117 chunks; 0.8 s; peak memory 327 MiB.
2026-10-05T01:14:19Z INFO [77/500] 31877438-376e-48eb-b313-1c139ea14d81: 117 chunks; 0.9 s; peak memory 327 MiB.
2026-10-05T01:14:22Z INFO [78/500] 31878e4b-aca1-4088-8f2f-3e1507f07331: 3897 chunks; 3.3 s; peak memory 327 MiB.
2026-10-05T01:14:23Z INFO [79/500] 3187da12-b1ed-4d14-a65f-fe47e68503e2: 294 chunks; 0.7 s; peak memory 327 MiB.
2026-10-05T01:14:24Z INFO [80/500] 31880196-2054-49fe-a71a-de4957528677: 116 chunks; 0.9 s; peak memory 327 MiB.
2026-10-05T01:14:25Z INFO [81/500] 31890e69-0ed5-4edd-91f4-19cd7f78e3ba: 62 chunks; 1.1 s; peak memory 327 MiB.
2026-10-05T01:14:26Z INFO [82/500] 31892fd8-0ac1-47a2-b6bd-c868aa8109c3: 118 chunks; 0.8 s; peak memory 327 MiB.
2026-10-05T01:14:27Z INFO [83/500] 31898aca-a048-4376-ab69-04f6ddd6cbba: 48 chunks; 0.7 s; peak memory 327 MiB.
2026-10-05T01:14:27Z INFO [84/500] 3189c48d-61e8-4c29-a752-3a70b2903418: 48 chunks; 0.8 s; peak memory 327 MiB.
2026-10-05T01:14:28Z INFO [85/500] 318a6686-189c-4ada-94ff-416be9326923: 117 chunks; 0.7 s; peak memory 327 MiB.
2026-10-05T01:14:29Z INFO [86/500] 318b2731-3b14-4d4a-889b-d12831f4e52d: 117 chunks; 0.9 s; peak memory 327 MiB.
2026-10-05T01:14:34Z INFO [87/500] 318b377b-821f-4b26-a828-bc9e00d40538: 995 chunks; 4.9 s; peak memory 327 MiB.
2026-10-05T01:14:35Z INFO [88/500] 318b48e0-70d5-4442-81e3-9155b8efe468: 112 chunks; 1.0 s; peak memory 327 MiB.
2026-10-05T01:14:36Z INFO [89/500] 318be094-d183-41ba-afef-217831e369c4: 69 chunks; 0.7 s; peak memory 327 MiB.
2026-10-05T01:14:36Z INFO [90/500] 318cb42f-80a2-4e8e-af3c-a0b49aba6414: 117 chunks; 0.7 s; peak memory 327 MiB.
2026-10-05T01:14:37Z INFO [91/500] 318cdfd3-774e-4036-83d9-957efed60e9b: 48 chunks; 0.8 s; peak memory 327 MiB.
2026-10-05T01:14:38Z INFO [92/500] 318d09d7-75f8-4ed0-bc74-e0e2da228b0f: 110 chunks; 1.0 s; peak memory 327 MiB.
2026-10-05T01:14:40Z INFO [93/500] 318dbfca-2ad9-42e8-a26b-d4012c4e77db: 933 chunks; 1.6 s; peak memory 327 MiB.
2026-10-05T01:14:41Z INFO [94/500] 318e9e5b-01e2-4d0b-9566-95179a51150c: 102 chunks; 0.8 s; peak memory 327 MiB.
2026-10-05T01:14:42Z INFO [95/500] 318f5569-2bde-4a21-adce-e00ac8b06e8d: 289 chunks; 1.0 s; peak memory 327 MiB.
2026-10-05T01:14:48Z INFO [96/500] 3190ed37-ab3b-4b22-9e0b-ae6543259d4c: 9171 chunks; 5.9 s; peak memory 327 MiB.
2026-10-05T01:14:48Z INFO [97/500] 319164e9-e673-4bcf-ba98-55d1ad5045f6: 33 chunks; 0.6 s; peak memory 327 MiB.
2026-10-05T01:14:49Z INFO [98/500] 31917639-3a7a-4c34-b683-7ef008e72027: 69 chunks; 1.0 s; peak memory 327 MiB.
2026-10-05T01:15:05Z INFO [99/500] 319239ee-8adf-42fc-a7ef-38348e65465e: 5643 chunks; 15.8 s; peak memory 327 MiB.
2026-10-05T01:15:12Z INFO [100/500] 319294b1-8dc0-4833-99ea-b3580aba810a: 32378 chunks; 7.5 s; peak memory 327 MiB.
2026-10-05T01:15:13Z INFO [100/500] 319294b1-8dc0-4833-99ea-b3580aba810a: checkpointed 70934 records.
2026-10-05T01:15:13Z INFO [101/500] 31944207-c6f4-4257-8453-b3266588c782: 72 chunks; 0.9 s; peak memory 327 MiB.
2026-10-05T01:15:15Z INFO [102/500] 3196ad42-61b2-405a-bd23-78a2cf0a6575: 133 chunks; 1.8 s; peak memory 327 MiB.
2026-10-05T01:15:16Z INFO [103/500] 3197ad7f-508a-43d5-a3f5-165ae3040e55: 46 chunks; 0.8 s; peak memory 327 MiB.
2026-10-05T01:15:26Z INFO [104/500] 3197e917-6a54-4458-8314-8667322a131c: 2199 chunks; 9.9 s; peak memory 327 MiB.
2026-10-05T01:15:27Z INFO [105/500] 319834ab-8340-4280-871b-845abebabb78: 59 chunks; 0.7 s; peak memory 327 MiB.
2026-10-05T01:15:29Z INFO [106/500] 3198da90-381b-4f86-8d71-f08c7f4f0fe4: 156 chunks; 2.0 s; peak memory 327 MiB.
2026-10-05T01:15:29Z INFO [107/500] 3198e4c5-4948-41c2-b4c8-5d4eb5fcda51: 37 chunks; 0.5 s; peak memory 327 MiB.
2026-10-05T01:15:30Z INFO [108/500] 3199286b-c2f7-4d48-b2bd-e61a1f58c1ad: 112 chunks; 1.2 s; peak memory 327 MiB.
2026-10-05T01:15:31Z INFO [109/500] 3199aec9-96d7-4956-a022-2fe7b62750b3: 48 chunks; 0.8 s; peak memory 327 MiB.
2026-10-05T01:15:36Z INFO [110/500] 319a193c-e4a8-453d-b06a-a24885cee0f8: 4151 chunks; 4.8 s; peak memory 327 MiB.
2026-10-05T01:15:37Z INFO [111/500] 319ad91f-4f79-4c77-bca5-48b5cfbf9815: 117 chunks; 0.9 s; peak memory 327 MiB.
2026-10-05T01:15:38Z INFO [112/500] 319b3cb0-3826-420a-8c7f-cba0ff7783b5: 48 chunks; 0.7 s; peak memory 327 MiB.
2026-10-05T01:15:38Z INFO [113/500] 319b435a-ea3f-4786-9142-6b7266e01551: 48 chunks; 0.7 s; peak memory 327 MiB.
2026-10-05T01:15:40Z INFO [114/500] 319c54ab-674a-475c-a261-9f91cc1702c8: 66 chunks; 1.3 s; peak memory 327 MiB.
2026-10-05T01:15:40Z INFO [115/500] 319c9a82-0d62-4496-877b-eaa830272376: 55 chunks; 0.5 s; peak memory 327 MiB.
2026-10-05T01:17:07Z INFO [116/500] 319cc8f4-84aa-4372-838e-d53a5b9743ac: 75873 chunks; 86.4 s; peak memory 462 MiB.
2026-10-05T01:17:07Z INFO [117/500] 319cdecd-d131-4ef1-ab0f-ed0804842584: 46 chunks; 0.5 s; peak memory 462 MiB.
2026-10-05T01:17:08Z INFO [118/500] 319d22c8-6c6e-41bb-9bf9-9c6773d2b2ad: 123 chunks; 1.4 s; peak memory 462 MiB.
2026-10-05T01:17:12Z INFO [119/500] 319e37f0-005e-4115-a8bb-b2d802074f7b: 736 chunks; 3.7 s; peak memory 462 MiB.
2026-10-05T01:17:13Z INFO [120/500] 319e4509-8346-40fa-ab6d-14caf6e1e095: 70 chunks; 1.1 s; peak memory 462 MiB.
2026-10-05T01:17:14Z INFO [121/500] 319f5fe9-0a09-4cb2-9664-a91b556183b3: 48 chunks; 0.8 s; peak memory 462 MiB.
2026-10-05T01:17:22Z INFO [122/500] 319fcb93-7308-47c9-913b-c9aa71b9ce4f: 20833 chunks; 8.1 s; peak memory 462 MiB.
2026-10-05T01:17:26Z INFO [123/500] 31a05e05-48b4-4889-a8b3-8dffcdc8ef89: 257 chunks; 3.5 s; peak memory 462 MiB.
2026-10-05T01:17:27Z INFO [124/500] 31a0e735-9c54-4900-9788-973f0dc3079c: 84 chunks; 0.8 s; peak memory 462 MiB.
2026-10-05T01:17:27Z INFO [125/500] 31a10efd-199f-44ca-a727-d166750e13c1: 48 chunks; 0.6 s; peak memory 462 MiB.
2026-10-05T01:17:28Z INFO [126/500] 31a158d9-11b3-4d55-be8c-9b96e45b3ae3: 71 chunks; 1.1 s; peak memory 462 MiB.
2026-10-05T01:17:30Z INFO [127/500] 31a268c1-9779-4419-a40e-d41b3394ddce: 114 chunks; 1.9 s; peak memory 462 MiB.
2026-10-05T01:17:31Z INFO [128/500] 31a279d5-62f1-4341-bd9e-417ccfe66344: 65 chunks; 0.8 s; peak memory 462 MiB.
2026-10-05T01:17:36Z INFO [129/500] 31a311c9-5556-477f-bf64-5546fac23d02: 5229 chunks; 4.9 s; peak memory 462 MiB.
2026-10-05T01:17:37Z INFO [130/500] 31a3581a-9bf3-4949-9081-d2ceaa7859d0: 118 chunks; 0.8 s; peak memory 462 MiB.
2026-10-05T01:17:38Z INFO [131/500] 31a47078-2e75-4965-b019-65b4073f54ca: 112 chunks; 0.9 s; peak memory 462 MiB.
2026-10-05T01:17:38Z INFO [132/500] 31a5ee02-ae06-4093-94f6-291be4434dda: 117 chunks; 0.9 s; peak memory 462 MiB.
2026-10-05T01:17:40Z INFO [133/500] 31a76d1f-4f88-48e9-aa23-f488966653eb: 303 chunks; 1.1 s; peak memory 462 MiB.
2026-10-05T01:17:40Z INFO [134/500] 31a7af84-3893-43b5-9cfc-5221e5ecea70: 112 chunks; 0.9 s; peak memory 462 MiB.
2026-10-05T01:17:41Z INFO [135/500] 31a80af4-8e06-4e5d-87ee-927cbb7e3814: 52 chunks; 0.8 s; peak memory 462 MiB.
2026-10-05T01:17:43Z INFO [136/500] 31a83ed7-0c00-4f35-84be-c81b897ca3f1: 203 chunks; 1.5 s; peak memory 462 MiB.
2026-10-05T01:17:43Z INFO [137/500] 31a83ef8-d7a2-4a95-8662-3997ef58f5a2: 46 chunks; 0.5 s; peak memory 462 MiB.
2026-10-05T01:17:45Z INFO [138/500] 31a861de-0d28-4486-8660-5ef95b4fe6a3: 115 chunks; 1.8 s; peak memory 462 MiB.
2026-10-05T01:17:46Z INFO [139/500] 31a8ceb7-779e-49a2-bf96-1727850c5bcb: 62 chunks; 1.2 s; peak memory 462 MiB.
2026-10-05T01:17:47Z INFO [140/500] 31a9abbe-0bd5-45b1-be71-e420ed56ed49: 71 chunks; 1.2 s; peak memory 462 MiB.
2026-10-05T01:17:48Z INFO [141/500] 31a9c7aa-b90f-4579-add5-dd57b06979e4: 48 chunks; 0.8 s; peak memory 462 MiB.
2026-10-05T01:17:49Z INFO [142/500] 31aade36-5feb-43eb-bade-49c5dbf1b2ac: 110 chunks; 0.8 s; peak memory 462 MiB.
2026-10-05T01:17:50Z INFO [143/500] 31ac2596-8ab9-4df6-9184-ae65acf67f93: 117 chunks; 0.8 s; peak memory 462 MiB.
2026-10-05T01:17:51Z INFO [144/500] 31acb18e-a2e8-4137-b11c-e1578e10e4e4: 99 chunks; 1.0 s; peak memory 462 MiB.
2026-10-05T01:17:52Z INFO [145/500] 31ad3a9a-60b2-4528-bd7a-c6943a970c2b: 112 chunks; 1.1 s; peak memory 462 MiB.
2026-10-05T01:17:52Z INFO [146/500] 31aebcfa-c6f4-4fa4-aae7-8fc6032b7963: 48 chunks; 0.6 s; peak memory 462 MiB.
2026-10-05T01:17:53Z INFO [147/500] 31afa659-09ea-4c19-adab-392e3313b865: 48 chunks; 0.7 s; peak memory 462 MiB.
2026-10-05T01:17:54Z INFO [148/500] 31afaf43-ca77-4510-a001-b030d30d1bac: 48 chunks; 0.8 s; peak memory 462 MiB.
2026-10-05T01:17:58Z INFO [149/500] 31b017b6-955a-44fb-b181-41c63e16c9ec: 182 chunks; 3.8 s; peak memory 462 MiB.
2026-10-05T01:17:59Z INFO [150/500] 31b0b9ed-8022-4db1-8ab5-b37e6ead749e: 59 chunks; 0.8 s; peak memory 462 MiB.
2026-10-05T01:17:59Z INFO [150/500] 31b0b9ed-8022-4db1-8ab5-b37e6ead749e: checkpointed 70984 records.
2026-10-05T01:18:00Z INFO [151/500] 31b1917f-779e-4e55-8229-b1bd9b20411c: 59 chunks; 0.9 s; peak memory 462 MiB.
2026-10-05T01:18:03Z INFO [152/500] 31b1921e-c53c-4ca6-9295-aa71cdb8779c: 238 chunks; 2.8 s; peak memory 462 MiB.
2026-10-05T01:18:03Z INFO [153/500] 31b3adec-723c-476a-b81e-1b756d1c6d3b: 117 chunks; 0.9 s; peak memory 462 MiB.
2026-10-05T01:18:05Z INFO [154/500] 31b3bb50-f035-486d-a483-a335dbedf965: 62 chunks; 1.2 s; peak memory 462 MiB.
2026-10-05T01:18:05Z INFO [155/500] 31b44345-6c36-4a65-bd6f-b7c82668dc66: 118 chunks; 0.7 s; peak memory 462 MiB.
2026-10-05T01:18:06Z INFO [156/500] 31b49fc8-28ea-4b16-8d0f-f3e7eebe1b5b: 48 chunks; 0.7 s; peak memory 462 MiB.
2026-10-05T01:18:07Z INFO [157/500] 31b4aa12-dd81-47b4-86d5-e30675545e4c: 66 chunks; 1.0 s; peak memory 462 MiB.
2026-10-05T01:18:08Z INFO [158/500] 31b4b314-e703-4f3e-9ed9-3f3a1ee90e22: 48 chunks; 0.8 s; peak memory 462 MiB.
2026-10-05T01:18:09Z INFO [159/500] 31b60549-504f-485b-af9e-ad4f9b9c7dc7: 112 chunks; 0.9 s; peak memory 462 MiB.
2026-10-05T01:18:10Z INFO [160/500] 31b655d2-d609-4883-a0ee-ee0b7f8f0e18: 117 chunks; 0.9 s; peak memory 462 MiB.
2026-10-05T01:18:10Z INFO [161/500] 31b744a5-3176-4da1-8938-a2353cf81059: 87 chunks; 0.9 s; peak memory 462 MiB.
2026-10-05T01:18:15Z INFO [162/500] 31b7f55f-80ef-4834-b557-6407c8eab904: 10117 chunks; 4.3 s; peak memory 462 MiB.
2026-10-05T01:18:16Z INFO [163/500] 31b84a2c-37bf-4bd1-a71c-a9240f254407: 52 chunks; 0.9 s; peak memory 462 MiB.
2026-10-05T01:18:17Z INFO [164/500] 31b8f101-be71-41c7-b590-5b36eba6fcf2: 112 chunks; 0.9 s; peak memory 462 MiB.
2026-10-05T01:18:18Z INFO [165/500] 31ba232d-7b9d-47ea-bf60-2db6f17f65a2: 110 chunks; 1.1 s; peak memory 462 MiB.
2026-10-05T01:18:34Z INFO [166/500] 31bb5b5f-3ecc-4e73-bbda-091117d638b2: 6126 chunks; 16.4 s; peak memory 462 MiB.
2026-10-05T01:18:47Z INFO [167/500] 31bb60d2-6de4-41ea-a6f0-376a1ff945e7: 4479 chunks; 13.3 s; peak memory 462 MiB.
2026-10-05T01:18:48Z INFO [168/500] 31bbf2a5-60be-45a3-a8a5-27e548145151: 118 chunks; 0.8 s; peak memory 462 MiB.
2026-10-05T01:18:50Z INFO [169/500] 31bc0b25-1b2d-497e-aad6-c88e8635975f: 118 chunks; 1.6 s; peak memory 462 MiB.
2026-10-05T01:18:50Z INFO [170/500] 31bc1589-105b-40d7-9149-000b05d48f52: 46 chunks; 0.5 s; peak memory 462 MiB.
2026-10-05T01:47:26Z INFO [171/500] 31bc1ceb-822d-4ba5-9729-0743fca2ad22: 1010959 chunks; 1716.0 s; peak memory 1215 MiB.
2026-10-05T01:47:27Z INFO [172/500] 31bc6b6b-31a5-4727-99f6-57caea57216a: 116 chunks; 1.1 s; peak memory 1215 MiB.
2026-10-05T01:47:28Z INFO [173/500] 31bc9559-59e1-4e69-a5f6-d2fb5333938f: 112 chunks; 0.8 s; peak memory 1215 MiB.
2026-10-05T01:47:30Z INFO [174/500] 31bccbbe-494f-455b-82ae-dd0bcf2626ed: 997 chunks; 1.5 s; peak memory 1215 MiB.
2026-10-05T01:47:30Z INFO [175/500] 31bcdcd1-18c2-4238-aee8-dbe613ea9412: 117 chunks; 0.7 s; peak memory 1215 MiB.
2026-10-05T01:47:33Z INFO [176/500] 31be05c7-3465-4bb0-8591-7c5bc3b66391: 80 chunks; 2.1 s; peak memory 1215 MiB.
2026-10-05T01:47:33Z INFO [177/500] 31beb2f2-2ff9-449d-b0e5-88a9d38c58a7: 118 chunks; 0.7 s; peak memory 1215 MiB.
2026-10-05T01:47:34Z INFO [178/500] 31bf72b3-6c80-4342-b7cd-3b1617ed3c9a: 69 chunks; 0.9 s; peak memory 1215 MiB.
2026-10-05T01:47:35Z INFO [179/500] 31c00c34-19aa-44cd-a851-8561311418d7: 112 chunks; 1.0 s; peak memory 1215 MiB.
2026-10-05T01:47:36Z INFO [180/500] 31c02da4-fde4-42dd-b796-eb2ae3518105: 49 chunks; 1.0 s; peak memory 1215 MiB.
2026-10-05T01:47:37Z INFO [181/500] 31c03e1c-3916-4e3d-b3fb-f42d410473f3: 117 chunks; 0.9 s; peak memory 1215 MiB.
2026-10-05T01:47:38Z INFO [182/500] 31c0541a-05a1-4f93-9e30-e2ade8860a5a: 69 chunks; 0.6 s; peak memory 1215 MiB.
2026-10-05T01:47:39Z INFO [183/500] 31c0d025-7f95-4fb7-9f3e-f196f6b1777c: 90 chunks; 1.8 s; peak memory 1215 MiB.
2026-10-05T01:47:40Z INFO [184/500] 31c1121a-7394-4d6d-9ff1-34da9381c01b: 51 chunks; 0.8 s; peak memory 1215 MiB.
2026-10-05T01:47:41Z INFO [185/500] 31c154cd-3ddf-43c6-b499-3e7fde4bc321: 48 chunks; 0.8 s; peak memory 1215 MiB.
2026-10-05T01:47:42Z INFO [186/500] 31c17cad-2aba-4711-8b2e-63646b4845f3: 131 chunks; 0.9 s; peak memory 1215 MiB.
2026-10-05T01:47:43Z INFO [187/500] 31c20166-747d-41b3-82a4-f9ddee1be43c: 294 chunks; 0.8 s; peak memory 1215 MiB.
2026-10-05T01:47:43Z INFO [188/500] 31c27b4f-f208-4ba2-a687-c3bcdf41a445: 68 chunks; 0.8 s; peak memory 1215 MiB.
2026-10-05T01:47:47Z INFO [189/500] 31c2a107-9b1e-4311-9ae1-165ef1e4da16: 772 chunks; 3.4 s; peak memory 1215 MiB.
2026-10-05T01:47:48Z INFO [190/500] 31c2b105-2467-4f86-a0c9-6d816d9f370e: 48 chunks; 0.7 s; peak memory 1215 MiB.
2026-10-05T01:48:02Z INFO [191/500] 31c32271-c10f-47a5-bd94-950dd3c6bed9: 10741 chunks; 14.1 s; peak memory 1215 MiB.
2026-10-05T01:48:02Z INFO [192/500] 31c3b6cd-a9df-4446-b3ad-aa58ed332a92: 48 chunks; 0.7 s; peak memory 1215 MiB.
2026-10-05T01:48:03Z INFO [193/500] 31c40bc0-db0a-40c2-9857-0d23ffbcbe58: 112 chunks; 0.9 s; peak memory 1215 MiB.
2026-10-05T01:48:04Z INFO [194/500] 31c43d2f-120a-44f9-a836-9757a0e402f4: 126 chunks; 0.7 s; peak memory 1215 MiB.
2026-10-05T01:48:05Z INFO [195/500] 31c46997-06de-40b4-a7b8-54711ec2ef60: 110 chunks; 0.8 s; peak memory 1215 MiB.
2026-10-05T01:48:05Z INFO [196/500] 31c4a4e9-736a-42e8-adc0-59fcc14a74ac: 78 chunks; 0.7 s; peak memory 1215 MiB.
2026-10-05T01:48:06Z INFO [197/500] 31c53e10-8f3d-4535-8ff1-02881d4db192: 52 chunks; 0.8 s; peak memory 1215 MiB.
2026-10-05T01:48:12Z INFO [198/500] 31c5f708-5755-43dc-a983-1ad7bf0e0c56: 5443 chunks; 5.6 s; peak memory 1215 MiB.
2026-10-05T01:48:14Z INFO [199/500] 31c60bef-c6de-4685-a06f-ad0ae6572cec: 290 chunks; 2.3 s; peak memory 1215 MiB.
2026-10-05T01:48:15Z INFO [200/500] 31c6b5d1-0238-425c-a8d6-7523483de27f: 46 chunks; 0.7 s; peak memory 1215 MiB.
2026-10-05T01:48:15Z INFO [200/500] 31c6b5d1-0238-425c-a8d6-7523483de27f: checkpointed 71034 records.
2026-10-05T01:48:16Z INFO [201/500] 31c8053a-6fef-4f34-94ca-59a09f7f3e6b: 66 chunks; 0.9 s; peak memory 1215 MiB.
2026-10-05T01:48:17Z INFO [202/500] 31c81981-b633-4f4b-823e-b9fd683c2984: 48 chunks; 0.6 s; peak memory 1215 MiB.
2026-10-05T01:48:17Z INFO [203/500] 31c8b8cf-0b37-4b23-b106-0d2d7033a874: 48 chunks; 0.7 s; peak memory 1215 MiB.
2026-10-05T01:48:18Z INFO [204/500] 31c96258-89ee-45e3-8653-01f432cc2b95: 48 chunks; 0.8 s; peak memory 1215 MiB.
2026-10-05T01:48:19Z INFO [205/500] 31c96a0b-4c27-46a7-80d0-3c613c8c48fb: 69 chunks; 1.0 s; peak memory 1215 MiB.
2026-10-05T01:48:21Z INFO [206/500] 31c9935f-885a-4587-9f90-ae428a07a9e1: 168 chunks; 1.5 s; peak memory 1215 MiB.
2026-10-05T01:48:21Z INFO [207/500] 31cac089-a44d-473c-9145-c25072d03d4f: 48 chunks; 0.6 s; peak memory 1215 MiB.
2026-10-05T01:48:22Z INFO [208/500] 31caddb3-d8a0-4239-b5ff-dd965d3ca098: 48 chunks; 0.7 s; peak memory 1215 MiB.
2026-10-05T01:48:23Z INFO [209/500] 31cafae4-2d83-47e3-b483-fb561c20d245: 117 chunks; 0.8 s; peak memory 1215 MiB.
2026-10-05T01:48:23Z INFO [210/500] 31cb2e78-95ee-4d69-9e56-a53d0c934f93: 46 chunks; 0.5 s; peak memory 1215 MiB.
2026-10-05T01:48:33Z INFO [211/500] 31cb3cb7-25dc-4cbc-8a35-9bf4b5ede990: 8232 chunks; 9.8 s; peak memory 1215 MiB.
2026-10-05T01:48:34Z INFO [212/500] 31ccff59-af15-4556-93f3-9ef2deb2b429: 117 chunks; 0.7 s; peak memory 1215 MiB.
2026-10-05T01:48:34Z INFO [213/500] 31cdfceb-9dc9-4bf5-aade-5f34bbcae169: 48 chunks; 0.7 s; peak memory 1215 MiB.
2026-10-05T01:48:35Z INFO [214/500] 31cf9dde-4bf6-4fe8-aae4-3731ca8e9c67: 37 chunks; 0.5 s; peak memory 1215 MiB.
2026-10-05T01:49:09Z INFO [215/500] 31cf9f9f-12a9-4a50-aee4-427498d18a01: 24936 chunks; 34.2 s; peak memory 1215 MiB.
2026-10-05T01:49:10Z INFO [216/500] 31d02a2d-b5ea-40f2-80f3-a6d1c7bc70cf: 50 chunks; 0.7 s; peak memory 1215 MiB.
2026-10-05T01:49:11Z INFO [217/500] 31d04351-55df-4976-8902-9e3ae4f9655a: 49 chunks; 0.8 s; peak memory 1215 MiB.
2026-10-05T01:49:11Z INFO [218/500] 31d100be-f137-4121-b143-62a7b450cf6b: 35 chunks; 0.6 s; peak memory 1215 MiB.
2026-10-05T01:49:12Z INFO [219/500] 31d13d3f-14fd-4126-a76e-61f43f22b764: 48 chunks; 0.7 s; peak memory 1215 MiB.
2026-10-05T01:49:13Z INFO [220/500] 31d15ac3-8c93-4f41-9e01-c802c59fda41: 48 chunks; 0.7 s; peak memory 1215 MiB.
2026-10-05T01:49:14Z INFO [221/500] 31d318ae-09f7-4ffd-b4b2-74a7e76c85e7: 152 chunks; 1.4 s; peak memory 1215 MiB.
2026-10-05T01:49:15Z INFO [222/500] 31d37a28-7948-4cbb-a410-a4d48863347c: 48 chunks; 0.6 s; peak memory 1215 MiB.
2026-10-05T01:49:15Z INFO [223/500] 31d4fe4d-1b13-43d1-b8f2-5fe9bcd919e5: 48 chunks; 0.8 s; peak memory 1215 MiB.
2026-10-05T01:49:18Z INFO [224/500] 31d6c6e7-9285-40fe-afd0-969c71de9733: 161 chunks; 2.2 s; peak memory 1215 MiB.
2026-10-05T01:49:18Z INFO [225/500] 31d75c8a-1d9d-43cb-8281-8e1cc9269abb: 66 chunks; 0.7 s; peak memory 1215 MiB.
2026-10-05T01:49:20Z INFO [226/500] 31d7f0b5-ed53-4d2f-b88b-e09af0c84b76: 116 chunks; 1.9 s; peak memory 1215 MiB.
2026-10-05T01:49:21Z INFO [227/500] 31d88335-f2a1-47bd-89f7-de20d0afb638: 116 chunks; 0.9 s; peak memory 1215 MiB.
2026-10-05T01:49:32Z INFO [228/500] 31d8e14d-682f-4ddd-b161-b1e63054eb4e: 8232 chunks; 11.1 s; peak memory 1215 MiB.
2026-10-05T01:49:33Z INFO [229/500] 31d9530a-ed52-479b-9353-4c69a1b17813: 50 chunks; 0.5 s; peak memory 1215 MiB.
2026-10-05T01:49:48Z INFO [230/500] 31da44c4-df38-42d1-b77b-114baaa48f74: 5634 chunks; 14.8 s; peak memory 1215 MiB.
2026-10-05T01:50:55Z INFO [231/500] 31db1b25-8d68-40d6-92d2-97e6f0a3a654: 28358 chunks; 67.4 s; peak memory 1215 MiB.
2026-10-05T01:50:56Z INFO [232/500] 31dc3ba1-6b3b-4029-b782-04bd81475399: 48 chunks; 0.8 s; peak memory 1215 MiB.
2026-10-05T01:50:56Z INFO [233/500] 31dd5509-e5b2-45c6-9f74-1b0750edc811: 52 chunks; 0.5 s; peak memory 1215 MiB.
2026-10-05T01:50:57Z INFO [234/500] 31dd819a-2dc6-49da-bef8-3c4ce046fd15: 117 chunks; 1.0 s; peak memory 1215 MiB.
2026-10-05T01:50:58Z INFO [235/500] 31de23e1-6221-42b3-8980-d02d82b35e7a: 52 chunks; 0.5 s; peak memory 1215 MiB.
2026-10-05T01:51:08Z INFO [236/500] 31de3d59-a62b-44f0-8c06-b6bbbb8aedf5: 4088 chunks; 10.7 s; peak memory 1215 MiB.
2026-10-05T01:51:09Z INFO [237/500] 31de6afc-e26e-42c5-936b-706b59ff6364: 46 chunks; 0.6 s; peak memory 1215 MiB.
2026-10-05T01:51:10Z INFO [238/500] 31df4697-1714-43c8-aee8-1126a91f6f50: 74 chunks; 0.7 s; peak memory 1215 MiB.
2026-10-05T01:51:11Z INFO [239/500] 31df4e62-1ab7-4024-9e13-b7f56fc0dde0: 48 chunks; 0.9 s; peak memory 1215 MiB.
2026-10-05T01:51:12Z INFO [240/500] 31df5253-d8ca-4b39-a30a-e1e91501dea8: 110 chunks; 0.9 s; peak memory 1215 MiB.
2026-10-05T01:51:15Z INFO [241/500] 31df9a73-d9c2-4ee7-9c39-e91ee622f118: 846 chunks; 2.9 s; peak memory 1215 MiB.
2026-10-05T01:51:15Z INFO [242/500] 31dffba2-04df-4b4f-91f4-ce9380081869: 33 chunks; 0.7 s; peak memory 1215 MiB.
2026-10-05T01:51:16Z INFO [243/500] 31e185e2-8207-4b33-9b16-280d34c7e1fb: 48 chunks; 0.7 s; peak memory 1215 MiB.
2026-10-05T01:51:18Z INFO [244/500] 31e1a2ad-e4fd-4abc-820b-87fe977fabe8: 133 chunks; 1.9 s; peak memory 1215 MiB.
2026-10-05T01:51:19Z INFO [245/500] 31e26f8b-099a-4969-b880-4562ec0744e0: 69 chunks; 0.7 s; peak memory 1215 MiB.
2026-10-05T01:51:19Z INFO [246/500] 31e274a0-407d-4797-8494-f08df0d2b29f: 48 chunks; 0.7 s; peak memory 1215 MiB.
2026-10-05T01:51:20Z INFO [247/500] 31e39469-5e6e-4c32-a898-f2c27189141b: 48 chunks; 0.6 s; peak memory 1215 MiB.
2026-10-05T01:51:23Z INFO [248/500] 31e39741-4248-432c-b8f1-d12272ade387: 251 chunks; 3.1 s; peak memory 1215 MiB.
2026-10-05T01:51:24Z INFO [249/500] 31e4f88e-7329-40d0-b0aa-98c43f25fcf9: 77 chunks; 0.8 s; peak memory 1215 MiB.
2026-10-05T01:51:25Z INFO [250/500] 31e57fb0-a40f-4ace-8d66-787ff3131de6: 69 chunks; 1.0 s; peak memory 1215 MiB.
2026-10-05T01:51:25Z INFO [250/500] 31e57fb0-a40f-4ace-8d66-787ff3131de6: checkpointed 71084 records.
2026-10-05T01:51:26Z INFO [251/500] 31e5e79e-908a-4a70-bf60-4af5d5dd0954: 110 chunks; 0.8 s; peak memory 1215 MiB.
2026-10-05T01:51:29Z INFO [252/500] 31e656b9-dccf-4b14-bcec-ef0ada1edea7: 9445 chunks; 3.0 s; peak memory 1215 MiB.
2026-10-05T01:51:30Z INFO [253/500] 31e6cb06-49f4-45a0-97f7-824b5f4321ed: 48 chunks; 0.8 s; peak memory 1215 MiB.
2026-10-05T01:51:31Z INFO [254/500] 31e6e04a-7e58-4dad-a621-03ac6b559586: 63 chunks; 1.4 s; peak memory 1215 MiB.
2026-10-05T01:51:32Z INFO [255/500] 31e77f26-e662-456c-b14a-70c637ef9710: 71 chunks; 1.2 s; peak memory 1215 MiB.
2026-10-05T01:52:07Z INFO [256/500] 31e7a4fa-a81a-47f5-a79f-f4fa07ddfe18: 23858 chunks; 34.8 s; peak memory 1215 MiB.
2026-10-05T01:52:08Z INFO [257/500] 31e7aa1c-9bfc-4135-b861-3c3b6a984f2b: 112 chunks; 1.0 s; peak memory 1215 MiB.
2026-10-05T01:52:09Z INFO [258/500] 31e8574d-421d-4628-a25c-5b095b086a82: 48 chunks; 0.7 s; peak memory 1215 MiB.
2026-10-05T01:52:09Z INFO [259/500] 31e88bfa-9ab4-4a3e-b5c7-ed1ea94014de: 51 chunks; 0.7 s; peak memory 1215 MiB.
2026-10-05T01:52:10Z INFO [260/500] 31e9377d-b0c7-4c82-a57a-67f8bf12f894: 118 chunks; 0.8 s; peak memory 1215 MiB.
2026-10-05T01:52:11Z INFO [261/500] 31eb6a53-6d30-46ce-94f0-5f2a87b14e4e: 70 chunks; 0.9 s; peak memory 1215 MiB.
2026-10-05T01:52:12Z INFO [262/500] 31eb7f99-ebbb-4ab0-ab1d-655fcbd52fb5: 84 chunks; 0.8 s; peak memory 1215 MiB.
2026-10-05T01:52:13Z INFO [263/500] 31ebef4a-6f4d-4a32-8728-70cfdd11bc76: 143 chunks; 1.7 s; peak memory 1215 MiB.
2026-10-05T01:52:15Z INFO [264/500] 31ec21ff-6b6c-4e0c-bbb0-acaa11431861: 156 chunks; 1.9 s; peak memory 1215 MiB.
2026-10-05T01:52:34Z INFO [265/500] 31ecbbf3-6062-4c3a-aea7-aa4979e057fc: 1538 chunks; 18.3 s; peak memory 1215 MiB.
2026-10-05T01:52:35Z INFO [266/500] 31ed307f-e8a4-41d1-8896-aba639831e16: 63 chunks; 1.2 s; peak memory 1215 MiB.
2026-10-05T01:52:36Z INFO [267/500] 31eebc0d-be7c-4358-bf0a-b5c9a4659461: 170 chunks; 0.9 s; peak memory 1215 MiB.
2026-10-05T01:52:39Z INFO [268/500] 31eedcc7-4848-4ac3-bda9-1d6a22bccf4f: 2245 chunks; 3.1 s; peak memory 1215 MiB.
2026-10-05T01:52:41Z INFO [269/500] 31ef4ead-cd10-46d3-953a-43f1873da342: 1641 chunks; 2.2 s; peak memory 1215 MiB.
2026-10-05T01:52:48Z INFO [270/500] 31ef693b-5b29-4615-be92-f1221f7f7902: 3770 chunks; 6.9 s; peak memory 1215 MiB.
2026-10-05T01:52:49Z INFO [271/500] 31f0696f-9fb2-4c37-81e4-6fbedd5adcd4: 48 chunks; 0.7 s; peak memory 1215 MiB.
2026-10-05T01:52:49Z INFO [272/500] 31f08f7d-9e34-41f1-924c-74fe4237ccb1: 48 chunks; 0.8 s; peak memory 1215 MiB.
2026-10-05T01:52:50Z INFO [273/500] 31f0ea49-519e-4e72-8f15-0820287478f1: 121 chunks; 0.7 s; peak memory 1215 MiB.
2026-10-05T01:52:51Z INFO [274/500] 31f1465f-3c34-4767-8e07-b75180214181: 118 chunks; 0.8 s; peak memory 1215 MiB.
2026-10-05T01:52:57Z INFO [275/500] 31f29872-4c55-48ca-b12e-1c0b11ca01c8: 396 chunks; 6.4 s; peak memory 1215 MiB.
2026-10-05T01:52:58Z INFO [276/500] 31f38b41-e4c6-4ce5-b3b7-3845549f0c5f: 112 chunks; 1.0 s; peak memory 1215 MiB.
2026-10-05T01:53:00Z INFO [277/500] 31f3934e-9835-46cd-b7ad-dcfedf661ef2: 156 chunks; 1.8 s; peak memory 1215 MiB.
2026-10-05T01:53:02Z INFO [278/500] 31f3aedd-0975-4c41-a61b-d38f5075b86a: 111 chunks; 1.4 s; peak memory 1215 MiB.
2026-10-05T01:53:02Z INFO [279/500] 31f3d956-bee5-4578-8788-a767267b8ab8: 48 chunks; 0.7 s; peak memory 1215 MiB.
2026-10-05T01:53:03Z INFO [280/500] 31f3deee-7110-450d-b626-a054b5f23abe: 48 chunks; 0.7 s; peak memory 1215 MiB.
2026-10-05T01:53:10Z INFO [281/500] 31f50cf7-480b-4eb4-9ff6-efb247b17876: 1293 chunks; 6.8 s; peak memory 1215 MiB.
2026-10-05T01:53:11Z INFO [282/500] 31f5773b-8bdc-417e-a6d0-80c49c5917f6: 112 chunks; 1.0 s; peak memory 1215 MiB.
2026-10-05T01:53:12Z INFO [283/500] 31f591b9-9234-4bec-afca-d98dd7cfef81: 112 chunks; 0.9 s; peak memory 1215 MiB.
2026-10-05T01:53:14Z INFO [284/500] 31f6204e-c563-45c5-b2bf-db701b51442b: 115 chunks; 1.8 s; peak memory 1215 MiB.
2026-10-05T01:53:14Z INFO [285/500] 31f638b7-61e3-4415-89e9-d8a6659dc606: 51 chunks; 0.9 s; peak memory 1215 MiB.
2026-10-05T01:53:29Z INFO [286/500] 31f6536c-23cf-4596-9305-44e7d3f5a14f: 6054 chunks; 14.9 s; peak memory 1215 MiB.
2026-10-05T01:53:30Z INFO [287/500] 31f6dfbf-4a21-4cd8-9eee-6690b93c0598: 106 chunks; 0.7 s; peak memory 1215 MiB.
2026-10-05T01:53:32Z INFO [288/500] 31f709f3-0f03-45e1-97f5-d403a06e47b6: 156 chunks; 2.0 s; peak memory 1215 MiB.
2026-10-05T01:53:33Z INFO [289/500] 31f723f6-249c-4a90-91b6-2f1cdeea8275: 117 chunks; 0.9 s; peak memory 1215 MiB.
2026-10-05T01:53:36Z INFO [290/500] 31f727df-42a8-4c63-8829-cbe50156aa13: 1585 chunks; 2.8 s; peak memory 1215 MiB.
2026-10-05T01:53:36Z INFO [291/500] 31f7333a-ca83-4cb1-a39f-366f9553e797: 84 chunks; 0.8 s; peak memory 1215 MiB.
2026-10-05T01:53:41Z INFO [292/500] 31f74949-d4c4-42ba-b319-a8fe161da013: 339 chunks; 5.0 s; peak memory 1215 MiB.
2026-10-05T01:53:48Z INFO [293/500] 31f7d1df-1447-4482-ab28-2fb8d31a3989: 13483 chunks; 6.8 s; peak memory 1215 MiB.
2026-10-05T01:53:49Z INFO [294/500] 31f82e1b-ebc6-4823-ba61-2477981243b3: 133 chunks; 1.1 s; peak memory 1215 MiB.
2026-10-05T01:53:50Z INFO [295/500] 31f9698e-d2cd-4d11-b3de-666e7d631b34: 48 chunks; 0.9 s; peak memory 1215 MiB.
2026-10-05T01:53:51Z INFO [296/500] 31f97f09-5617-4914-8788-6db9f54b3227: 56 chunks; 0.6 s; peak memory 1215 MiB.
2026-10-05T01:53:54Z INFO [297/500] 31f98bae-0df6-4ba4-bbdd-2e2c010ee0de: 2923 chunks; 3.5 s; peak memory 1215 MiB.
2026-10-05T01:53:55Z INFO [298/500] 31fa1400-50ae-4d33-be0a-95d7d90c9dd2: 48 chunks; 0.8 s; peak memory 1215 MiB.
2026-10-05T01:53:56Z INFO [299/500] 31fa2f94-e99e-4a29-abc8-2320df13cca6: 117 chunks; 0.8 s; peak memory 1215 MiB.
2026-10-05T01:53:57Z INFO [300/500] 31fa9b50-74d5-405a-a7c7-497bd43aaf5b: 117 chunks; 0.7 s; peak memory 1215 MiB.
2026-10-05T01:53:57Z INFO [300/500] 31fa9b50-74d5-405a-a7c7-497bd43aaf5b: checkpointed 71134 records.
2026-10-05T01:53:58Z INFO [301/500] 31fc0411-4d85-48a2-b622-b271e5396b67: 117 chunks; 0.9 s; peak memory 1215 MiB.
2026-10-05T01:53:59Z INFO [302/500] 31fc49e7-c6c5-4d6c-95b1-4a4a27f29f34: 48 chunks; 0.7 s; peak memory 1215 MiB.
2026-10-05T01:54:00Z INFO [303/500] 31fc506f-f819-4257-b85f-ce446b0a511f: 69 chunks; 1.2 s; peak memory 1215 MiB.
2026-10-05T01:54:01Z INFO [304/500] 31fc64a0-85d9-4e69-ab82-cdd3a10c7dd8: 51 chunks; 1.5 s; peak memory 1215 MiB.
2026-10-05T01:54:04Z INFO [305/500] 31fc8d46-372c-4aa9-bce5-c190bb5a6891: 2414 chunks; 2.5 s; peak memory 1215 MiB.
2026-10-05T01:54:05Z INFO [306/500] 31fd7f97-08d9-41ba-aebe-167bfb49ab4b: 48 chunks; 0.7 s; peak memory 1215 MiB.
2026-10-05T01:54:05Z INFO [307/500] 31fda4fe-0c4c-4e99-b221-6c30c1089b1d: 50 chunks; 0.6 s; peak memory 1215 MiB.
2026-10-05T01:54:07Z INFO [308/500] 31fe4239-3997-4420-bb8a-37d012528a0f: 168 chunks; 1.7 s; peak memory 1215 MiB.
2026-10-05T01:54:08Z INFO [309/500] 31fe5d78-4c2d-4c34-97a5-aae2d7aaa12b: 48 chunks; 0.9 s; peak memory 1215 MiB.
2026-10-05T01:54:08Z INFO [310/500] 31ff4804-8898-462b-a63e-ffa352638ad2: 69 chunks; 0.7 s; peak memory 1215 MiB.
2026-10-05T01:54:09Z INFO [311/500] 32002d78-29bb-4dd4-9a3b-e1de5266cfc2: 59 chunks; 0.7 s; peak memory 1215 MiB.
2026-10-05T01:54:10Z INFO [312/500] 32004261-e8a6-4335-b4c5-3d0cc9ec8fe8: 117 chunks; 0.8 s; peak memory 1215 MiB.
2026-10-05T01:54:11Z INFO [313/500] 32016138-e22b-4aee-9a4c-049fd0cb0fdc: 937 chunks; 1.1 s; peak memory 1215 MiB.
2026-10-05T01:54:12Z INFO [314/500] 32019337-d0b8-4825-a54d-67dfb5b2d46a: 52 chunks; 0.7 s; peak memory 1215 MiB.
2026-10-05T01:54:13Z INFO [315/500] 32030869-cf7f-45ab-b1a4-06275e65a7ce: 112 chunks; 0.9 s; peak memory 1215 MiB.
2026-10-05T01:54:15Z INFO [316/500] 32030d26-f121-41d5-8668-9a92798c1bca: 85 chunks; 2.1 s; peak memory 1215 MiB.
2026-10-05T01:54:15Z INFO [317/500] 3204f357-40ba-499c-a6c9-1f272ea60640: 48 chunks; 0.7 s; peak memory 1215 MiB.
2026-10-05T01:54:16Z INFO [318/500] 3204f578-739c-48b8-b5f4-8f6bf05e2ae3: 112 chunks; 0.8 s; peak memory 1215 MiB.
2026-10-05T01:54:28Z INFO [319/500] 3206e98b-81ba-4953-87ab-45e9dceec35f: 428 chunks; 11.5 s; peak memory 1215 MiB.
2026-10-05T01:54:29Z INFO [320/500] 320700fd-65a3-4a83-9943-cf0a9148d3cc: 112 chunks; 0.9 s; peak memory 1215 MiB.
2026-10-05T01:54:29Z INFO [321/500] 3207c1d6-ce06-4879-91c1-0d5bfe8baf0c: 42 chunks; 0.6 s; peak memory 1215 MiB.
2026-10-05T01:54:30Z INFO [322/500] 3207d0ba-e48e-45c3-ace0-cc94d0eba7c8: 46 chunks; 0.5 s; peak memory 1215 MiB.
2026-10-05T01:54:31Z INFO [323/500] 32083d05-cf25-4c6f-bc60-1ecb60cb66a4: 95 chunks; 1.0 s; peak memory 1215 MiB.
2026-10-05T01:54:32Z INFO [324/500] 320843eb-630d-4871-8ffa-e57b37862b53: 48 chunks; 0.8 s; peak memory 1215 MiB.
2026-10-05T01:54:32Z INFO [325/500] 3208707c-5c6d-4529-9ffe-51aec97d16bb: 52 chunks; 0.5 s; peak memory 1215 MiB.
2026-10-05T01:54:33Z INFO [326/500] 32092dc8-089a-48f5-8cfd-252a59a4d0a5: 48 chunks; 0.8 s; peak memory 1215 MiB.
2026-10-05T01:54:34Z INFO [327/500] 320973b4-5793-45db-9f14-6717357df88a: 36 chunks; 0.7 s; peak memory 1215 MiB.
2026-10-05T01:54:35Z INFO [328/500] 320a3052-0c57-427c-841c-3d60711b336d: 230 chunks; 0.9 s; peak memory 1215 MiB.
2026-10-05T01:54:36Z INFO [329/500] 320a55ea-e4ef-47de-8cd6-a3da43d21903: 66 chunks; 1.2 s; peak memory 1215 MiB.
2026-10-05T01:54:36Z INFO [330/500] 320acb1e-c409-4bcf-973a-744819abae5d: 56 chunks; 0.6 s; peak memory 1215 MiB.
2026-10-05T01:54:40Z INFO [331/500] 320acc6c-aa32-4fcb-b6a5-a5efc824e685: 238 chunks; 3.7 s; peak memory 1215 MiB.
2026-10-05T01:54:41Z INFO [332/500] 320ad602-bf44-45cb-9d76-1337598873fd: 110 chunks; 0.6 s; peak memory 1215 MiB.
2026-10-05T01:54:53Z INFO [333/500] 320bf5e2-d873-449b-afde-563f9ba8f902: 4108 chunks; 12.8 s; peak memory 1215 MiB.
2026-10-05T01:54:55Z INFO [334/500] 320c2c3d-055c-4d11-9fef-c5244a9d5674: 71 chunks; 1.3 s; peak memory 1215 MiB.
2026-10-05T01:55:00Z INFO [335/500] 320c6a7f-9bd9-4a2a-858f-5e0df97d6ea3: 14698 chunks; 4.9 s; peak memory 1215 MiB.
2026-10-05T01:55:00Z INFO [336/500] 320dbe91-032f-4cb3-9f29-6b45f3b15795: 48 chunks; 0.7 s; peak memory 1215 MiB.
2026-10-05T01:55:01Z INFO [337/500] 320e3576-5a75-46f4-9683-532be2185e7d: 48 chunks; 0.7 s; peak memory 1215 MiB.
2026-10-05T01:55:02Z INFO [338/500] 320e5c54-8016-44f7-a058-4db4040e253c: 50 chunks; 0.6 s; peak memory 1215 MiB.
2026-10-05T01:55:03Z INFO [339/500] 320f5d6b-6957-4605-a1b3-023cbfe978d7: 64 chunks; 1.0 s; peak memory 1215 MiB.
2026-10-05T01:55:03Z INFO [340/500] 3210c40c-8e52-4307-8e8c-f82b7eb9d101: 69 chunks; 0.8 s; peak memory 1215 MiB.
2026-10-05T01:55:04Z INFO [341/500] 3210ed68-fa39-45dc-8dfa-e00b2a7c2d0c: 48 chunks; 0.7 s; peak memory 1215 MiB.
2026-10-05T01:55:05Z INFO [342/500] 321119b6-5459-49e0-aec1-3d58dd68b154: 48 chunks; 0.7 s; peak memory 1215 MiB.
2026-10-05T01:55:06Z INFO [343/500] 32113f6a-50d3-42d6-9d01-521822a1e08f: 48 chunks; 0.7 s; peak memory 1215 MiB.
2026-10-05T01:55:06Z INFO [344/500] 32116d38-0305-4e75-92dd-135653808bb4: 83 chunks; 0.9 s; peak memory 1215 MiB.
2026-10-05T01:55:07Z INFO [345/500] 3211e3bd-face-41ec-a338-db7cee20468c: 118 chunks; 0.9 s; peak memory 1215 MiB.
2026-10-05T01:55:11Z INFO [346/500] 32129822-c144-496a-ac50-e117d43ccacc: 8483 chunks; 3.3 s; peak memory 1215 MiB.
2026-10-05T01:55:11Z INFO [347/500] 3212a18d-83e4-4802-949a-cf5c1c564356: 48 chunks; 0.9 s; peak memory 1215 MiB.
2026-10-05T01:55:12Z INFO [348/500] 3213413b-eb1a-474b-ae89-546517786692: 48 chunks; 0.7 s; peak memory 1215 MiB.
2026-10-05T01:55:13Z INFO [349/500] 32136a79-13d9-459a-96be-4cc3cb4531ca: 65 chunks; 0.8 s; peak memory 1215 MiB.
2026-10-05T01:55:14Z INFO [350/500] 32137fe2-71c0-439e-9724-8bbf639280ae: 48 chunks; 0.8 s; peak memory 1215 MiB.
2026-10-05T01:55:14Z INFO [350/500] 32137fe2-71c0-439e-9724-8bbf639280ae: checkpointed 71184 records.
2026-10-05T01:55:18Z INFO [351/500] 3213b587-6902-4994-bac8-a8a9a4916924: 2923 chunks; 4.2 s; peak memory 1215 MiB.
2026-10-05T01:55:19Z INFO [352/500] 3214224d-1093-4111-b7fb-7045c170b357: 46 chunks; 0.6 s; peak memory 1215 MiB.
2026-10-05T01:55:19Z INFO [353/500] 321433d2-1569-4db3-a391-d03157d89cfd: 48 chunks; 0.7 s; peak memory 1215 MiB.
2026-10-05T01:55:25Z INFO [354/500] 3214e8d2-dfeb-4b8e-81cd-ecbd226d6dc4: 339 chunks; 5.2 s; peak memory 1215 MiB.
2026-10-05T01:55:25Z INFO [355/500] 32152e47-a912-4aa6-9062-6938b766cdfc: 112 chunks; 0.8 s; peak memory 1215 MiB.
2026-10-05T01:55:26Z INFO [356/500] 32155382-83fc-4dee-98f6-f433c54e46c4: 48 chunks; 0.8 s; peak memory 1215 MiB.
2026-10-05T01:55:27Z INFO [357/500] 32156b4b-8c27-468b-961d-e177dd3711e6: 46 chunks; 0.5 s; peak memory 1215 MiB.
2026-10-05T01:55:27Z INFO [358/500] 321589ad-1e94-4faa-a63d-4d0c9a31f1e7: 48 chunks; 0.7 s; peak memory 1215 MiB.
2026-10-05T01:55:32Z INFO [359/500] 3215fb15-2930-4be1-a7f6-3775c17d0853: 12290 chunks; 4.8 s; peak memory 1215 MiB.
2026-10-05T01:55:33Z INFO [360/500] 3216024d-9dce-4b9e-9210-63dbd9fa8e45: 62 chunks; 0.9 s; peak memory 1215 MiB.
2026-10-05T01:55:34Z INFO [361/500] 32165ac7-366f-46ce-acef-6b7f1479fc5c: 117 chunks; 0.8 s; peak memory 1215 MiB.
2026-10-05T01:55:35Z INFO [362/500] 321670f0-be4e-43f6-98d8-6515a7e8bb1d: 112 chunks; 1.0 s; peak memory 1215 MiB.
2026-10-05T01:55:36Z INFO [363/500] 3219664d-e41e-491c-a9c7-162dfdff40d7: 433 chunks; 1.1 s; peak memory 1215 MiB.
2026-10-05T01:55:37Z INFO [364/500] 32197691-72c3-421c-ad5f-4a6fd6bc6a56: 116 chunks; 0.8 s; peak memory 1215 MiB.
2026-10-05T01:55:38Z INFO [365/500] 3219ed05-4f1b-4f9f-89d1-6db277535fe1: 48 chunks; 0.7 s; peak memory 1215 MiB.
2026-10-05T01:55:38Z INFO [366/500] 321abbf9-8a55-448a-8a88-3c7b4a9c9c9e: 117 chunks; 0.7 s; peak memory 1215 MiB.
2026-10-05T01:55:39Z INFO [367/500] 321b02b5-6fa9-4932-a086-57ecb96b638f: 56 chunks; 0.5 s; peak memory 1215 MiB.
2026-10-05T01:55:39Z INFO [368/500] 321b429a-9e13-4124-b6e3-7194c1abb98b: 48 chunks; 0.8 s; peak memory 1215 MiB.
2026-10-05T01:55:40Z INFO [369/500] 321c2361-f17a-4a28-91dc-7ac5389ffd4f: 113 chunks; 0.8 s; peak memory 1215 MiB.
2026-10-05T01:55:41Z INFO [370/500] 321c7cc5-3d9e-4346-95bf-a29ae62a5d31: 41 chunks; 0.6 s; peak memory 1215 MiB.
2026-10-05T01:58:43Z INFO [371/500] 321cd81d-e497-4209-b8c5-ce9cbd637775: 75743 chunks; 181.9 s; peak memory 1215 MiB.
2026-10-05T01:58:44Z INFO [372/500] 321dd235-b3cb-4baf-aa9a-c1ae922fe2ac: 48 chunks; 0.9 s; peak memory 1215 MiB.
2026-10-05T01:58:47Z INFO [373/500] 321f3fa7-1f31-4452-827e-738633e2bcf3: 6841 chunks; 3.0 s; peak memory 1215 MiB.
2026-10-05T01:59:25Z INFO [374/500] 32201563-f307-46e0-9bce-99f7907bd0ae: 26162 chunks; 38.3 s; peak memory 1215 MiB.
2026-10-05T01:59:33Z INFO [375/500] 322035b3-1fb4-4df8-a9c1-e26173b39fbb: 1533 chunks; 8.0 s; peak memory 1215 MiB.
2026-10-05T01:59:34Z INFO [376/500] 32208d25-072c-45d3-ae23-65565cecf6fe: 117 chunks; 0.8 s; peak memory 1215 MiB.
2026-10-05T01:59:35Z INFO [377/500] 3221199b-8b50-4424-9f9f-1b81361e6e43: 933 chunks; 1.4 s; peak memory 1215 MiB.
2026-10-05T01:59:36Z INFO [378/500] 32225458-ba47-46fb-bab5-fc0fd58c2ce1: 48 chunks; 0.7 s; peak memory 1215 MiB.
2026-10-05T02:00:08Z INFO [379/500] 3222b37e-ae65-4e86-88d0-908cb26f451d: 34955 chunks; 32.4 s; peak memory 1215 MiB.
2026-10-05T02:00:09Z INFO [380/500] 3222c242-9f08-47a9-9a09-9d4d6ee17f2c: 45 chunks; 0.7 s; peak memory 1215 MiB.
2026-10-05T02:00:10Z INFO [381/500] 32230c45-34ca-4b57-bc80-9648d1971d4e: 33 chunks; 0.6 s; peak memory 1215 MiB.
2026-10-05T02:00:10Z INFO [382/500] 3223321c-2848-4748-9117-9c0809458c7c: 48 chunks; 0.7 s; peak memory 1215 MiB.
2026-10-05T02:00:11Z INFO [383/500] 3224561b-143f-46e0-a083-67ec0dd37569: 52 chunks; 0.8 s; peak memory 1215 MiB.
2026-10-05T02:00:12Z INFO [384/500] 32248eb8-b86a-4cca-9b31-7b59f85da2c4: 118 chunks; 0.9 s; peak memory 1215 MiB.
2026-10-05T02:00:13Z INFO [385/500] 3224c7ea-0a9b-4cc4-84e3-320b38db7d99: 117 chunks; 0.9 s; peak memory 1215 MiB.
2026-10-05T02:00:13Z INFO [386/500] 3224e940-3e3a-4567-97a8-e4896787fde8: 46 chunks; 0.5 s; peak memory 1215 MiB.
2026-10-05T02:00:14Z INFO [387/500] 322535b4-a486-45f6-a6a8-6165f0019dbf: 112 chunks; 1.0 s; peak memory 1215 MiB.
2026-10-05T02:00:16Z INFO [388/500] 32274615-70c2-4384-ba26-1bb8b26c9709: 156 chunks; 2.0 s; peak memory 1215 MiB.
2026-10-05T02:00:17Z INFO [389/500] 3227e51d-56cf-4011-ad5f-841db3cc927b: 48 chunks; 0.6 s; peak memory 1215 MiB.
2026-10-05T02:00:18Z INFO [390/500] 3228279d-2f29-498f-bdd2-b5bc06825f77: 62 chunks; 1.1 s; peak memory 1215 MiB.
2026-10-05T02:00:19Z INFO [391/500] 32284045-e003-40d1-bda0-eb0b6f94b6d0: 117 chunks; 0.8 s; peak memory 1215 MiB.
2026-10-05T02:00:20Z INFO [392/500] 32292339-a902-4b61-bc0f-339f689c7275: 118 chunks; 0.8 s; peak memory 1215 MiB.
2026-10-05T02:00:21Z INFO [393/500] 32292b5d-1c65-4ecb-8e0f-f5934d289bf9: 48 chunks; 0.9 s; peak memory 1215 MiB.
2026-10-05T02:00:22Z INFO [394/500] 32296c29-c76b-4a4a-bd56-c928cdbba974: 80 chunks; 1.0 s; peak memory 1215 MiB.
2026-10-05T02:00:25Z INFO [395/500] 3229c659-688d-41f0-9912-954a581e7272: 5669 chunks; 3.6 s; peak memory 1215 MiB.
2026-10-05T02:00:26Z INFO [396/500] 322a6378-8d02-4170-8259-345acd8d2aea: 61 chunks; 0.9 s; peak memory 1215 MiB.
2026-10-05T02:00:27Z INFO [397/500] 322aa099-4a6c-48ef-8987-6e6dd27b1b56: 48 chunks; 0.7 s; peak memory 1215 MiB.
2026-10-05T02:00:33Z INFO [398/500] 322ad4c1-324f-4933-9e4d-82aa1f2be0dd: 2057 chunks; 5.8 s; peak memory 1215 MiB.
2026-10-05T02:00:33Z INFO [399/500] 322b05f5-bfe0-4f97-8e46-c712745d0b55: 48 chunks; 0.8 s; peak memory 1215 MiB.
2026-10-05T02:00:34Z INFO [400/500] 322b2740-b371-45e9-88d9-3958d6d08fd3: 118 chunks; 0.8 s; peak memory 1215 MiB.
2026-10-05T02:00:34Z INFO [400/500] 322b2740-b371-45e9-88d9-3958d6d08fd3: checkpointed 71234 records.
2026-10-05T02:00:35Z INFO [401/500] 322b3a2b-c860-4fa7-bcdc-64213f48b4cb: 46 chunks; 0.4 s; peak memory 1215 MiB.
2026-10-05T02:00:36Z INFO [402/500] 322b6972-58db-4045-96e3-37fbc92244c1: 117 chunks; 0.9 s; peak memory 1215 MiB.
2026-10-05T02:00:36Z INFO [403/500] 322ba13f-c4d9-4b7d-ad76-12b9e11396e7: 52 chunks; 0.5 s; peak memory 1215 MiB.
2026-10-05T02:02:18Z INFO [404/500] 322ca0f3-3fb5-4b09-97b7-2b37cf1de8e1: 37945 chunks; 101.4 s; peak memory 1215 MiB.
2026-10-05T02:02:21Z INFO [405/500] 322ca5d6-2dfc-4dea-94d3-275afaebc470: 2212 chunks; 3.8 s; peak memory 1215 MiB.
2026-10-05T02:02:22Z INFO [406/500] 322cfbce-fe38-4eec-93f7-e2548cf57fc2: 557 chunks; 1.1 s; peak memory 1215 MiB.
2026-10-05T02:02:23Z INFO [407/500] 322db448-8a46-4816-880b-4c43132baf3c: 51 chunks; 0.5 s; peak memory 1215 MiB.
2026-10-05T02:02:25Z INFO [408/500] 322e03a2-1460-4068-880b-0ef21fba6f18: 148 chunks; 2.3 s; peak memory 1215 MiB.
2026-10-05T02:02:26Z INFO [409/500] 322ebc7b-232d-4423-98b5-b881c3497ddb: 64 chunks; 1.2 s; peak memory 1215 MiB.
2026-10-05T02:02:27Z INFO [410/500] 322f4898-3687-48c2-a4e9-a9c366540cad: 117 chunks; 0.9 s; peak memory 1215 MiB.
2026-10-05T02:02:29Z INFO [411/500] 322f60c0-0b9c-41b8-a7db-eba2d5ed3c2d: 52 chunks; 1.6 s; peak memory 1215 MiB.
2026-10-05T02:02:31Z INFO [412/500] 3231e121-ba9b-4dd4-82a2-511401c7e2c4: 71 chunks; 1.6 s; peak memory 1215 MiB.
2026-10-05T02:02:31Z INFO [413/500] 3231f2a1-bf3a-49f6-8f09-97cf66371eab: 118 chunks; 0.8 s; peak memory 1215 MiB.
2026-10-05T02:02:32Z INFO [414/500] 3232226e-08ea-4dc4-88be-ce3e1abe3c2c: 118 chunks; 0.9 s; peak memory 1215 MiB.
2026-10-05T02:02:49Z INFO [415/500] 32331649-8eaa-44f1-8044-de84e87f977f: 6053 chunks; 16.6 s; peak memory 1215 MiB.
2026-10-05T02:02:50Z INFO [416/500] 3234859e-afe8-4e2b-b10c-12acfde90f83: 117 chunks; 0.8 s; peak memory 1215 MiB.
2026-10-05T02:04:37Z INFO [417/500] 3236604e-0d56-4f3c-abcf-353530d0a22c: 40656 chunks; 107.7 s; peak memory 1215 MiB.
2026-10-05T02:04:38Z INFO [418/500] 3236af0b-5e0f-462e-97ae-61c7dffb6287: 51 chunks; 1.0 s; peak memory 1215 MiB.
2026-10-05T02:04:39Z INFO [419/500] 3236ef94-1022-40a0-9a8c-dc1f30593dc2: 48 chunks; 0.7 s; peak memory 1215 MiB.
2026-10-05T02:04:40Z INFO [420/500] 3237422a-80cc-4bd8-a1e4-0af2414edf2c: 112 chunks; 1.0 s; peak memory 1215 MiB.
2026-10-05T02:06:23Z INFO [421/500] 32374b91-f8ed-4790-acbf-dac2802d06ac: 38301 chunks; 102.4 s; peak memory 1215 MiB.
2026-10-05T02:06:33Z INFO [422/500] 32386c69-5209-480f-a102-d50683ba4a30: 10505 chunks; 10.9 s; peak memory 1215 MiB.
2026-10-05T02:06:34Z INFO [423/500] 3239a6ac-da86-4269-afec-56d7de4b41dd: 46 chunks; 0.8 s; peak memory 1215 MiB.
2026-10-05T02:06:35Z INFO [424/500] 3239bdde-62f9-4c2d-9ace-54aea1305641: 117 chunks; 0.9 s; peak memory 1215 MiB.
2026-10-05T02:06:36Z INFO [425/500] 3239c1ca-1d65-4487-a994-cec156a0adb0: 116 chunks; 0.9 s; peak memory 1215 MiB.
2026-10-05T02:06:37Z INFO [426/500] 3239c32c-31d8-4916-b10c-dd53c0c9c41f: 48 chunks; 0.9 s; peak memory 1215 MiB.
2026-10-05T02:06:38Z INFO [427/500] 323a0a23-0e32-4889-b832-3064bf97a683: 48 chunks; 0.7 s; peak memory 1215 MiB.
2026-10-05T02:06:38Z INFO [428/500] 323a8406-41f0-4079-8035-0e57179877d1: 46 chunks; 0.5 s; peak memory 1215 MiB.
2026-10-05T02:06:39Z INFO [429/500] 323a8e6e-1ffc-4f63-bf1c-2af8ddfd64de: 37 chunks; 0.5 s; peak memory 1215 MiB.
2026-10-05T02:06:41Z INFO [430/500] 323aaa40-9e49-4977-92c9-950a08d39662: 124 chunks; 1.9 s; peak memory 1215 MiB.
2026-10-05T02:06:41Z INFO [431/500] 323ab7bb-af9f-4a4d-bc05-507e661f794d: 112 chunks; 0.9 s; peak memory 1215 MiB.
2026-10-05T02:06:43Z INFO [432/500] 323b0750-803c-46c6-804b-611ed39ffd01: 78 chunks; 1.1 s; peak memory 1215 MiB.
2026-10-05T02:06:43Z INFO [433/500] 323bf6d5-e1c1-40c0-bc80-260e37b5f45c: 48 chunks; 0.7 s; peak memory 1215 MiB.
2026-10-05T02:06:44Z INFO [434/500] 323c1234-1f4b-4483-9e3a-e3c5c725fd68: 48 chunks; 0.8 s; peak memory 1215 MiB.
2026-10-05T02:06:45Z INFO [435/500] 323c318f-0a6a-40d3-92d1-ee44ddc033d1: 48 chunks; 0.8 s; peak memory 1215 MiB.
2026-10-05T02:06:46Z INFO [436/500] 323d2689-18a4-414f-aa0b-397407c20e06: 46 chunks; 0.6 s; peak memory 1215 MiB.
2026-10-05T02:06:47Z INFO [437/500] 323e14ea-fe82-48ad-b86f-e7fb863a65bf: 71 chunks; 1.8 s; peak memory 1215 MiB.
2026-10-05T02:06:48Z INFO [438/500] 323ec5d0-4e26-44da-9e46-8eb2e922e228: 132 chunks; 0.9 s; peak memory 1215 MiB.
2026-10-05T02:06:49Z INFO [439/500] 323f41b5-005e-42ee-904b-2c0c0c0b34f9: 66 chunks; 1.1 s; peak memory 1215 MiB.
2026-10-05T02:06:51Z INFO [440/500] 323f990c-6907-413b-a5cf-e06c01cb15d9: 115 chunks; 1.6 s; peak memory 1215 MiB.
2026-10-05T02:06:51Z INFO [441/500] 323fdcd5-f98b-43d2-85aa-f3d06686bc5c: 48 chunks; 0.7 s; peak memory 1215 MiB.
2026-10-05T02:06:53Z INFO [442/500] 323fedef-3c40-4c32-aab0-ef2e69c94b17: 66 chunks; 1.4 s; peak memory 1215 MiB.
2026-10-05T02:06:54Z INFO [443/500] 32405cf6-4088-486d-be96-6631d83b0dc3: 109 chunks; 1.0 s; peak memory 1215 MiB.
2026-10-05T02:06:56Z INFO [444/500] 32406f5f-f40d-4bc6-a4b3-87374473cd44: 118 chunks; 1.7 s; peak memory 1215 MiB.
2026-10-05T02:06:56Z INFO [445/500] 3240a4c8-2d34-44a1-95e6-23b2c679797f: 48 chunks; 0.7 s; peak memory 1215 MiB.
2026-10-05T02:06:58Z INFO [446/500] 3240b99a-417b-4832-b9d3-c61891af9b17: 150 chunks; 2.0 s; peak memory 1215 MiB.
2026-10-05T02:07:02Z INFO [447/500] 32420f92-7da0-4e1f-8aea-5939173e060d: 2209 chunks; 3.3 s; peak memory 1215 MiB.
2026-10-05T02:07:03Z INFO [448/500] 3242bf92-ccf6-4cb8-b489-e98e8607239e: 118 chunks; 0.9 s; peak memory 1215 MiB.
2026-10-05T02:07:04Z INFO [449/500] 32433b72-2af9-4930-9cd9-273318446fdd: 66 chunks; 1.0 s; peak memory 1215 MiB.
2026-10-05T02:07:05Z INFO [450/500] 324369c8-1346-42d6-b698-e2ade141ec06: 110 chunks; 1.2 s; peak memory 1215 MiB.
2026-10-05T02:07:05Z INFO [450/500] 324369c8-1346-42d6-b698-e2ade141ec06: checkpointed 71284 records.
2026-10-05T02:07:06Z INFO [451/500] 3243faae-fc9b-4141-a2a0-3934038b33c1: 69 chunks; 1.2 s; peak memory 1215 MiB.
2026-10-05T02:07:12Z INFO [452/500] 32449f1d-33c1-4558-a2ee-f93a658d952a: 1916 chunks; 5.5 s; peak memory 1215 MiB.
2026-10-05T02:07:18Z INFO [453/500] 3245f1c4-fd99-446a-b5a1-d4a6c87f1e1f: 10850 chunks; 6.3 s; peak memory 1215 MiB.
2026-10-05T02:07:19Z INFO [454/500] 32465ab1-278b-4396-b15a-8b7e896eb2cd: 62 chunks; 1.2 s; peak memory 1215 MiB.
2026-10-05T02:07:20Z INFO [455/500] 3246cc9c-8a54-47e5-b72b-8d4b3ebeb6d1: 46 chunks; 0.6 s; peak memory 1215 MiB.
2026-10-05T02:07:20Z INFO [456/500] 32471630-a243-4aeb-ac87-b687ad2e97cb: 63 chunks; 0.7 s; peak memory 1215 MiB.
2026-10-05T02:07:22Z INFO [457/500] 324727aa-041c-42db-a5ee-b737a30d6db4: 289 chunks; 1.1 s; peak memory 1215 MiB.
2026-10-05T02:07:23Z INFO [458/500] 324780e6-99e0-42cc-b05e-36a7b3b2b609: 933 chunks; 1.2 s; peak memory 1215 MiB.
2026-10-05T02:07:28Z INFO [459/500] 3247f916-484d-4411-9107-0261a99307ca: 6206 chunks; 5.5 s; peak memory 1215 MiB.
2026-10-05T02:07:29Z INFO [460/500] 3248bcb6-3459-4d5b-99d8-2429515119f5: 48 chunks; 0.8 s; peak memory 1215 MiB.
2026-10-05T02:07:36Z INFO [461/500] 324ad618-09e6-48d3-9c35-0f4e98605dd6: 21294 chunks; 7.2 s; peak memory 1215 MiB.
2026-10-05T02:07:37Z INFO [462/500] 324afc9f-5385-4044-aa9c-cd405f03349b: 41 chunks; 0.6 s; peak memory 1215 MiB.
2026-10-05T02:07:38Z INFO [463/500] 324c7bb6-547a-4898-84f3-b24433d3c916: 65 chunks; 0.9 s; peak memory 1215 MiB.
2026-10-05T02:07:38Z INFO [464/500] 324c95c5-9e4d-45cb-9a5a-ad2eed33ef13: 46 chunks; 0.4 s; peak memory 1215 MiB.
2026-10-05T02:07:42Z INFO [465/500] 324cb6c8-8cba-4ec3-9df5-bd8143039a11: 2923 chunks; 4.0 s; peak memory 1215 MiB.
2026-10-05T02:07:44Z INFO [466/500] 324ccb4d-b81e-4dbb-a29d-ef474eef0d50: 147 chunks; 1.3 s; peak memory 1215 MiB.
2026-10-05T02:21:46Z INFO [467/500] 324d793f-fa45-49c1-a624-18662611391f: 959713 chunks; 842.9 s; peak memory 1215 MiB.
2026-10-05T02:21:50Z INFO [468/500] 324fda55-123a-4ddc-8dac-ee9dffd3cbdb: 2561 chunks; 3.6 s; peak memory 1215 MiB.
2026-10-05T02:21:51Z INFO [469/500] 32507165-43f0-4f69-af48-9be4c9f45900: 154 chunks; 1.3 s; peak memory 1215 MiB.
2026-10-05T02:21:52Z INFO [470/500] 3250e664-7c64-4a2c-aabb-b0be773fe213: 69 chunks; 0.9 s; peak memory 1215 MiB.
2026-10-05T02:21:53Z INFO [471/500] 32518e59-0253-4c0e-9f2f-ec3222f81677: 64 chunks; 0.9 s; peak memory 1215 MiB.
2026-10-05T02:21:54Z INFO [472/500] 325208c5-d7a4-4180-8f52-b3be3be1db7a: 118 chunks; 0.7 s; peak memory 1215 MiB.
2026-10-05T02:21:54Z INFO [473/500] 3253d6ab-b06a-4bf3-8540-0db7319daeaa: 46 chunks; 0.7 s; peak memory 1215 MiB.
2026-10-05T02:21:56Z INFO [474/500] 32551331-e892-4028-96c5-03bd4f985394: 152 chunks; 1.5 s; peak memory 1215 MiB.
2026-10-05T02:21:57Z INFO [475/500] 3255404a-236c-4d10-8d03-4b6b683b5d60: 48 chunks; 0.7 s; peak memory 1215 MiB.
2026-10-05T02:21:57Z INFO [476/500] 32559304-aa34-42e0-b1a5-2c86996f21b5: 50 chunks; 0.5 s; peak memory 1215 MiB.
2026-10-05T02:21:58Z INFO [477/500] 3255b918-4c01-40d9-933e-aef02638e9da: 113 chunks; 0.9 s; peak memory 1215 MiB.
2026-10-05T02:23:38Z INFO [478/500] 3256be37-b93d-4d95-8538-87ad47c21948: 68263 chunks; 100.2 s; peak memory 1215 MiB.
2026-10-05T02:23:39Z INFO [479/500] 32570b30-e54c-428d-9426-cdae9dd810a3: 112 chunks; 1.0 s; peak memory 1215 MiB.
2026-10-05T02:23:40Z INFO [480/500] 32570d9a-02ff-4bfd-88e2-62e59204fd78: 46 chunks; 0.7 s; peak memory 1215 MiB.
2026-10-05T02:23:41Z INFO [481/500] 3258265e-e722-4df2-a3d6-29c7d770d09b: 119 chunks; 1.6 s; peak memory 1215 MiB.
2026-10-05T02:23:44Z INFO [482/500] 32583274-5178-4c0d-9bf6-e7a92731d4dc: 645 chunks; 2.2 s; peak memory 1215 MiB.
2026-10-05T02:25:14Z INFO [483/500] 32586096-9d1d-4182-bf9a-75d12c7cc83b: 37921 chunks; 90.0 s; peak memory 1215 MiB.
2026-10-05T02:25:14Z INFO [484/500] 3258b6b5-43db-492b-9136-611292c08f74: 48 chunks; 0.7 s; peak memory 1215 MiB.
2026-10-05T02:25:15Z INFO [485/500] 325ad851-e761-4586-a146-b78dd0a7e73d: 45 chunks; 0.8 s; peak memory 1215 MiB.
2026-10-05T02:25:16Z INFO [486/500] 325c4bad-fdb3-4e15-8f33-88f674e5e949: 48 chunks; 0.8 s; peak memory 1215 MiB.
2026-10-05T02:25:17Z INFO [487/500] 325ca90a-18d6-4540-8c5b-587b4ae59ab6: 48 chunks; 0.7 s; peak memory 1215 MiB.
2026-10-05T02:25:17Z INFO [488/500] 325d239a-a0ea-4574-932b-4f51ca292f16: 117 chunks; 0.7 s; peak memory 1215 MiB.
2026-10-05T02:25:24Z INFO [489/500] 325d7b9b-2926-4fae-8855-47027e012532: 336 chunks; 6.2 s; peak memory 1215 MiB.
2026-10-05T02:25:48Z INFO [490/500] 325f9b0b-7840-4ffc-98f9-33332e9cc1ce: 4930 chunks; 24.5 s; peak memory 1215 MiB.
2026-10-05T02:25:49Z INFO [491/500] 325fd2ee-60af-4a8f-b35b-e6e7fc425e89: 57 chunks; 0.6 s; peak memory 1215 MiB.
2026-10-05T02:25:53Z INFO [492/500] 32603f60-5ddf-47fb-bc33-96d8d2e638dc: 235 chunks; 4.7 s; peak memory 1215 MiB.
2026-10-05T02:25:54Z INFO [493/500] 32604b75-b2e9-4cd7-ba29-e872074a43e4: 117 chunks; 1.0 s; peak memory 1215 MiB.
2026-10-05T02:25:55Z INFO [494/500] 32614527-fb42-45d6-82ba-abe9e28ec6e9: 21 chunks; 0.5 s; peak memory 1215 MiB.
2026-10-05T02:25:56Z INFO [495/500] 326173d0-e6ab-4645-b7f5-e33d5bfa768f: 48 chunks; 0.8 s; peak memory 1215 MiB.
2026-10-05T02:25:56Z INFO [496/500] 3261c57f-9e50-467d-a479-9ab920d12b3f: 112 chunks; 0.7 s; peak memory 1215 MiB.
2026-10-05T02:25:58Z INFO [497/500] 3261c8c6-eb0d-4783-8ddd-046a6c956125: 66 chunks; 1.0 s; peak memory 1215 MiB.
2026-10-05T02:25:58Z INFO [498/500] 3261cca8-093f-40f7-af3a-a9345195ceb1: 62 chunks; 0.7 s; peak memory 1215 MiB.
2026-10-05T02:25:59Z INFO [499/500] 3261d5cc-dee6-45b6-8672-94c596687a75: 48 chunks; 0.8 s; peak memory 1215 MiB.
2026-10-05T02:26:00Z INFO [500/500] 32627eed-e137-466b-afb1-4f95d711690b: 66 chunks; 1.3 s; peak memory 1215 MiB.
2026-10-05T02:26:01Z INFO [500/500] 32627eed-e137-466b-afb1-4f95d711690b: checkpointed 71334 records.
2026-10-05T02:26:01Z INFO Wrote 71334 records to /tmp/derivatives/valid_nwb_file_to_chunk_stats.jsonl (500 new, 0 failed) in 75.2 min (peak memory 1215 MiB).
