2026-10-05T18:53:45Z INFO Logging to /tmp/logs/update_2026-10-05T18-53-45Z.log.
2026-10-05T18:53:45Z INFO Update valid-nwb-file-to-chunk-stats (base directory /tmp).
2026-10-05T18:53:45Z INFO Processing 500 items (75834 already recorded).
2026-10-05T18:53:49Z INFO [1/500] 3be672d7-42d1-41dc-9ef5-5aa47f36c306: 114 chunks; 3.2 s; peak memory 169 MiB.
2026-10-05T18:53:52Z INFO [2/500] 3be8012b-cebb-482a-8b8b-580748ab4a8c: 1758 chunks; 3.7 s; peak memory 177 MiB.
2026-10-05T18:54:08Z INFO [3/500] 3be90cde-0e4e-405c-9ada-42031b6fdbb9: 22425 chunks; 15.5 s; peak memory 214 MiB.
2026-10-05T18:54:09Z INFO [4/500] 3be9358d-9086-4bdb-9000-1310138ada63: 48 chunks; 1.4 s; peak memory 215 MiB.
2026-10-05T18:54:11Z INFO [5/500] 3be975b2-f586-4075-8a4f-897ef7e969b8: 48 chunks; 1.3 s; peak memory 215 MiB.
2026-10-05T18:54:12Z INFO [6/500] 3bea3bf4-15f6-494c-a018-586ecaed3ea5: 112 chunks; 1.5 s; peak memory 215 MiB.
2026-10-05T18:54:13Z INFO [7/500] 3beae598-f3ab-4d02-b850-5f897dc531be: 48 chunks; 1.1 s; peak memory 215 MiB.
2026-10-05T18:54:15Z INFO [8/500] 3bebae7d-0714-4b40-bcfa-810cc96fa762: 52 chunks; 1.4 s; peak memory 215 MiB.
2026-10-05T18:54:16Z INFO [9/500] 3bebf1fa-15c5-45c6-aea6-85618fda84e0: 69 chunks; 1.5 s; peak memory 215 MiB.
2026-10-05T18:54:17Z INFO [10/500] 3bec704c-ceea-4d04-8c82-b81668e9b6ff: 48 chunks; 1.3 s; peak memory 215 MiB.
2026-10-05T18:54:19Z INFO [11/500] 3becb47e-4c9b-4443-b77c-caf56d0ddb5b: 117 chunks; 1.7 s; peak memory 215 MiB.
2026-10-05T18:54:23Z INFO [12/500] 3bed5045-233e-4502-bfba-f5ecf3917477: 156 chunks; 3.5 s; peak memory 216 MiB.
2026-10-05T18:54:24Z INFO [13/500] 3bed5e5a-acfc-423d-ba90-30c8b9e2be2f: 48 chunks; 1.4 s; peak memory 216 MiB.
2026-10-05T18:54:25Z INFO [14/500] 3bed772d-0476-455b-8af8-c0e5b19625a9: 90 chunks; 1.2 s; peak memory 216 MiB.
2026-10-05T18:54:26Z INFO [15/500] 3bed9e31-574e-45ff-a6eb-67cabccbf12c: 63 chunks; 1.3 s; peak memory 216 MiB.
2026-10-05T18:54:28Z INFO [16/500] 3bedf5a2-eb40-4fbf-be80-f71da68dfd73: 48 chunks; 1.3 s; peak memory 216 MiB.
2026-10-05T18:54:29Z INFO [17/500] 3bee2521-d803-4b23-a96c-c1ec43e6fb4a: 48 chunks; 1.4 s; peak memory 217 MiB.
2026-10-05T18:54:31Z INFO [18/500] 3bef2535-71d2-4cee-b90d-53ab452cccb9: 48 chunks; 1.5 s; peak memory 217 MiB.
2026-10-05T18:54:32Z INFO [19/500] 3bef86ac-cc32-4f25-8d3f-724e06d7cfa5: 118 chunks; 1.6 s; peak memory 217 MiB.
2026-10-05T18:54:34Z INFO [20/500] 3bf101f6-be80-4340-8a12-ac36d7668390: 52 chunks; 1.5 s; peak memory 217 MiB.
2026-10-05T18:54:48Z INFO [21/500] 3bf1d184-32a7-4b87-a709-9d0661514890: 16787 chunks; 14.1 s; peak memory 218 MiB.
2026-10-05T18:54:56Z INFO [22/500] 3bf23ff3-f795-4a19-8b9f-ad1b4f5dc7f0: 5003 chunks; 8.4 s; peak memory 218 MiB.
2026-10-05T18:54:58Z INFO [23/500] 3bf27d5d-54c3-4323-ba90-762c7c0b9bbc: 112 chunks; 2.1 s; peak memory 218 MiB.
2026-10-05T18:55:00Z INFO [24/500] 3bf2bfe0-cd94-4e22-ad48-f7e2feef1da7: 118 chunks; 1.7 s; peak memory 218 MiB.
2026-10-05T18:55:01Z INFO [25/500] 3bf2efe7-a36c-4cc2-af87-df106e627028: 48 chunks; 1.5 s; peak memory 218 MiB.
2026-10-05T18:55:05Z INFO [26/500] 3bf4d394-ae94-4780-bb2d-500f4d5bed9c: 115 chunks; 3.1 s; peak memory 218 MiB.
2026-10-05T18:55:07Z INFO [27/500] 3bf507b0-fabf-40c0-b6b6-caff96c1924b: 110 chunks; 1.9 s; peak memory 218 MiB.
2026-10-05T18:55:10Z INFO [28/500] 3bf53def-7a7e-48e0-a495-c0104f83bbbe: 85 chunks; 3.3 s; peak memory 218 MiB.
2026-10-05T18:55:11Z INFO [29/500] 3bf59078-d69e-4cbf-ae93-95e5983aaed5: 48 chunks; 1.4 s; peak memory 218 MiB.
2026-10-05T18:55:13Z INFO [30/500] 3bf59e5d-7ffe-4600-9bb0-6f3ce637ca12: 118 chunks; 1.8 s; peak memory 218 MiB.
2026-10-05T18:55:15Z INFO [31/500] 3bf5ad60-d8f3-4074-baaf-6d5a3f834a3d: 52 chunks; 1.6 s; peak memory 218 MiB.
2026-10-05T18:55:18Z INFO [32/500] 3bf65178-0c97-4cfa-91d4-fa29cda0b517: 115 chunks; 3.2 s; peak memory 218 MiB.
2026-10-05T18:55:19Z INFO [33/500] 3bf692e9-3c43-47e3-8e8f-e5a03b7cf716: 65 chunks; 1.6 s; peak memory 218 MiB.
2026-10-05T18:55:20Z INFO [34/500] 3bf75d35-8fb2-429e-99db-a55cb599830e: 46 chunks; 1.0 s; peak memory 218 MiB.
2026-10-05T18:55:22Z INFO [35/500] 3bf80307-3791-4f63-9994-e07bf56dc77d: 71 chunks; 1.7 s; peak memory 218 MiB.
2026-10-05T18:55:25Z INFO [36/500] 3bf94b7a-82b4-4f85-abe8-cc6fd4886546: 118 chunks; 2.5 s; peak memory 218 MiB.
2026-10-05T18:55:35Z INFO [37/500] 3bf95fc9-9bf8-456e-ba05-32c76f15fcaf: 30881 chunks; 10.7 s; peak memory 228 MiB.
2026-10-05T18:55:43Z INFO [38/500] 3bf991db-a577-4ffc-b760-c3f06a287c8b: 611 chunks; 7.6 s; peak memory 228 MiB.
2026-10-05T18:55:46Z INFO [39/500] 3bfa378e-bced-47c7-8588-ec5fd3950769: 933 chunks; 2.6 s; peak memory 228 MiB.
2026-10-05T18:55:49Z INFO [40/500] 3bfa61af-2297-4966-9578-a50ab6ba0dd9: 156 chunks; 3.8 s; peak memory 228 MiB.
2026-10-05T18:55:51Z INFO [41/500] 3bfa8d39-1786-4ce1-842a-920c2f3aa850: 117 chunks; 1.8 s; peak memory 229 MiB.
2026-10-05T18:55:55Z INFO [42/500] 3bfb7ad6-70a6-4931-b1eb-3f6967096765: 80 chunks; 3.5 s; peak memory 229 MiB.
2026-10-05T18:56:06Z INFO [43/500] 3bfd5b0d-6df3-4ef8-81fe-9b9082d1529e: 17980 chunks; 11.6 s; peak memory 229 MiB.
2026-10-05T18:56:18Z INFO [44/500] 3bfe112a-a5bb-45a2-9cfc-7cdd41789a97: 20582 chunks; 11.6 s; peak memory 229 MiB.
2026-10-05T18:56:19Z INFO [45/500] 3bfe6476-9d0b-4105-a4b0-2d850d8939c3: 49 chunks; 1.1 s; peak memory 229 MiB.
2026-10-05T18:56:20Z INFO [46/500] 3bff7b0c-08b6-48ef-a0ba-99cfc57cd6e4: 42 chunks; 1.3 s; peak memory 229 MiB.
2026-10-05T18:56:22Z INFO [47/500] 3bffbf58-1a73-467f-8d10-2651e657306e: 33 chunks; 1.3 s; peak memory 229 MiB.
2026-10-05T18:56:28Z INFO [48/500] 3c002489-5f45-45a1-a3c4-20b0f5e405a0: 2123 chunks; 6.7 s; peak memory 230 MiB.
2026-10-05T18:56:30Z INFO [49/500] 3c00c222-f174-41df-a75e-63789232e4cc: 117 chunks; 1.5 s; peak memory 230 MiB.
2026-10-05T18:56:32Z INFO [50/500] 3c00c9cf-0e9b-4046-9170-963fd8ae1b54: 580 chunks; 2.3 s; peak memory 230 MiB.
2026-10-05T18:56:32Z INFO [50/500] 3c00c9cf-0e9b-4046-9170-963fd8ae1b54: checkpointed 75884 records.
2026-10-05T18:56:34Z INFO [51/500] 3c012abc-b414-4f5a-8613-0c5599cf7466: 48 chunks; 1.2 s; peak memory 230 MiB.
2026-10-05T18:56:35Z INFO [52/500] 3c01afa8-33a2-465a-8d11-3bfe0d0d17e4: 48 chunks; 1.4 s; peak memory 230 MiB.
2026-10-05T18:56:36Z INFO [53/500] 3c01dc2d-c28f-441c-aa34-704a5a4edb61: 46 chunks; 0.9 s; peak memory 230 MiB.
2026-10-05T18:56:38Z INFO [54/500] 3c032115-edad-4ff4-be37-38a2aaefe5ea: 110 chunks; 2.1 s; peak memory 230 MiB.
2026-10-05T18:56:39Z INFO [55/500] 3c05d716-c50d-4314-90fa-c4279ba25ec5: 92 chunks; 1.4 s; peak memory 230 MiB.
2026-10-05T18:56:41Z INFO [56/500] 3c06ebf1-a6a6-407e-bce7-96d3ad460290: 69 chunks; 1.9 s; peak memory 230 MiB.
2026-10-05T18:56:42Z INFO [57/500] 3c07797c-f5a4-42c4-a224-4e7d43544a1c: 111 chunks; 1.2 s; peak memory 230 MiB.
2026-10-05T18:56:43Z INFO [58/500] 3c07fb88-2675-4cc4-9f62-e246f7f88a1c: 33 chunks; 1.1 s; peak memory 230 MiB.
2026-10-05T18:56:45Z INFO [59/500] 3c080778-35cd-4cc6-be68-8296885b505f: 45 chunks; 1.1 s; peak memory 230 MiB.
2026-10-05T18:56:46Z INFO [60/500] 3c08f666-ff56-427c-befa-f1da27dd17f3: 46 chunks; 1.3 s; peak memory 230 MiB.
2026-10-05T18:56:47Z INFO [61/500] 3c095623-b2ac-4f64-89bd-b8b6f40bbae5: 117 chunks; 1.5 s; peak memory 230 MiB.
2026-10-05T18:59:14Z INFO [62/500] 3c0a0986-5934-4210-bd71-299a05903d6b: 38168 chunks; 146.7 s; peak memory 343 MiB.
2026-10-05T18:59:16Z INFO [63/500] 3c0a2e09-5b31-49da-9f76-83b30a99e3ae: 117 chunks; 1.8 s; peak memory 343 MiB.
2026-10-05T18:59:18Z INFO [64/500] 3c0b15f6-afc0-410e-a75b-d362599bc245: 112 chunks; 1.7 s; peak memory 343 MiB.
2026-10-05T18:59:19Z INFO [65/500] 3c0b7b7c-2c11-4caf-a7a1-c61c011c1951: 116 chunks; 1.7 s; peak memory 343 MiB.
2026-10-05T18:59:21Z INFO [66/500] 3c0ba448-84a3-496e-91f2-54bdce48c427: 69 chunks; 1.8 s; peak memory 343 MiB.
2026-10-05T18:59:22Z INFO [67/500] 3c0ba94f-ad62-4370-bdb2-126a20472cfb: 83 chunks; 1.1 s; peak memory 343 MiB.
2026-10-05T18:59:24Z INFO [68/500] 3c0c2cb9-5fc1-4c5a-b500-b8b472bebe55: 62 chunks; 1.7 s; peak memory 343 MiB.
2026-10-05T18:59:29Z INFO [69/500] 3c0c70ab-e11c-4e1b-8e3a-2fcbd6c2719c: 6051 chunks; 4.7 s; peak memory 343 MiB.
2026-10-05T19:02:06Z INFO [70/500] 3c0cc2cf-75c8-4fce-990d-e1034e8bd12f: 37909 chunks; 157.8 s; peak memory 343 MiB.
2026-10-05T19:02:08Z INFO [71/500] 3c0d00ab-5a29-4117-8fc7-84ad4a0e8299: 118 chunks; 1.5 s; peak memory 343 MiB.
2026-10-05T19:02:10Z INFO [72/500] 3c0d3eb3-b245-447a-8efa-a3d4bcc8cdc6: 112 chunks; 1.8 s; peak memory 343 MiB.
2026-10-05T19:02:11Z INFO [73/500] 3c0da625-8158-4ce8-b67e-e59fcbbbe2bf: 42 chunks; 1.5 s; peak memory 343 MiB.
2026-10-05T19:02:13Z INFO [74/500] 3c0daae6-f895-43fc-a14a-8d8817de4ef2: 52 chunks; 1.3 s; peak memory 343 MiB.
2026-10-05T19:02:14Z INFO [75/500] 3c0e1323-e2f7-4cdd-9c18-3ab387109006: 69 chunks; 1.5 s; peak memory 343 MiB.
2026-10-05T19:02:16Z INFO [76/500] 3c0e6abf-bfa5-453c-86c4-0e94e11712bf: 63 chunks; 1.4 s; peak memory 343 MiB.
2026-10-05T19:02:17Z INFO [77/500] 3c0eae57-8271-4f98-a219-dd8b8b7bcc64: 84 chunks; 1.4 s; peak memory 343 MiB.
2026-10-05T19:02:18Z INFO [78/500] 3c0f5f91-58e4-468e-bb9c-733c72928558: 101 chunks; 1.4 s; peak memory 343 MiB.
2026-10-05T19:02:20Z INFO [79/500] 3c107e33-6b93-4521-a7ab-7cd83b94f78e: 48 chunks; 1.4 s; peak memory 343 MiB.
2026-10-05T19:02:21Z INFO [80/500] 3c10c854-c8ed-4ba9-8a63-0136891ddc28: 66 chunks; 1.6 s; peak memory 343 MiB.
2026-10-05T19:02:23Z INFO [81/500] 3c1170d3-abf5-4f10-b22a-e9bda5be8f4f: 77 chunks; 1.6 s; peak memory 343 MiB.
2026-10-05T19:02:24Z INFO [82/500] 3c11b478-50fd-47b5-ab0e-28dede26d5f6: 48 chunks; 1.3 s; peak memory 343 MiB.
2026-10-05T19:02:29Z INFO [83/500] 3c12b3ef-909e-49e8-a0ec-c53c78ee4994: 219 chunks; 4.3 s; peak memory 343 MiB.
2026-10-05T19:02:30Z INFO [84/500] 3c135b66-c9b9-4e72-b719-baed480526d5: 52 chunks; 1.7 s; peak memory 343 MiB.
2026-10-05T19:02:36Z INFO [85/500] 3c135c7f-b2b7-4a33-aa9d-4ffc237f3b34: 7313 chunks; 6.0 s; peak memory 343 MiB.
2026-10-05T19:02:39Z INFO [86/500] 3c151ad4-d30b-426e-a3a7-e32edfbc9bfd: 155 chunks; 2.3 s; peak memory 343 MiB.
2026-10-05T19:02:43Z INFO [87/500] 3c15307d-75fd-48c6-9d13-3b6c1d8a15b5: 7793 chunks; 4.8 s; peak memory 343 MiB.
2026-10-05T19:02:45Z INFO [88/500] 3c159988-efe9-4b67-8127-135fca6464a2: 46 chunks; 1.2 s; peak memory 343 MiB.
2026-10-05T19:02:46Z INFO [89/500] 3c159a2d-cef7-4a91-b934-284c72726c99: 57 chunks; 1.0 s; peak memory 343 MiB.
2026-10-05T19:02:47Z INFO [90/500] 3c162c87-41f8-42b5-9d4b-e45cf5b0bf10: 48 chunks; 1.2 s; peak memory 343 MiB.
2026-10-05T19:02:49Z INFO [91/500] 3c164fc4-b6bc-421c-baa3-d120f5b1082b: 50 chunks; 1.6 s; peak memory 343 MiB.
2026-10-05T19:02:50Z INFO [92/500] 3c171234-4055-4e89-b93b-76623331a519: 117 chunks; 1.9 s; peak memory 343 MiB.
2026-10-05T19:02:52Z INFO [93/500] 3c172a84-6ce8-4e89-892b-1857f2164007: 48 chunks; 1.3 s; peak memory 343 MiB.
2026-10-05T19:03:00Z INFO [94/500] 3c1787b5-d14e-4c3f-b971-ee092e6f1eb2: 4133 chunks; 8.8 s; peak memory 343 MiB.
2026-10-05T19:03:41Z INFO [95/500] 3c17b9a5-7092-4a71-914a-8c8b0ac03a9e: 3937 chunks; 40.3 s; peak memory 343 MiB.
2026-10-05T19:03:43Z INFO [96/500] 3c190f07-92a5-4141-b553-52f21d4c0e03: 158 chunks; 2.1 s; peak memory 343 MiB.
2026-10-05T19:03:45Z INFO [97/500] 3c1967e7-9fc7-4ea2-b78f-c8e45645fa2a: 70 chunks; 2.3 s; peak memory 343 MiB.
2026-10-05T19:03:47Z INFO [98/500] 3c19b490-c281-4a2e-8682-2a75015ac9c3: 112 chunks; 2.3 s; peak memory 343 MiB.
2026-10-05T19:03:55Z INFO [99/500] 3c19ebdd-8da5-4bd3-a627-e706a1278164: 17065 chunks; 7.6 s; peak memory 343 MiB.
2026-10-05T19:03:58Z INFO [100/500] 3c19f8ef-0d31-4551-a39d-bea08d9a17b0: 66 chunks; 2.6 s; peak memory 343 MiB.
2026-10-05T19:03:58Z INFO [100/500] 3c19f8ef-0d31-4551-a39d-bea08d9a17b0: checkpointed 75934 records.
2026-10-05T19:04:00Z INFO [101/500] 3c1a5ede-50ed-4226-9606-0b2e2d3f01e2: 62 chunks; 2.0 s; peak memory 343 MiB.
2026-10-05T19:04:02Z INFO [102/500] 3c1a5fcb-f242-4971-a373-381534755dd2: 110 chunks; 2.2 s; peak memory 343 MiB.
2026-10-05T19:04:03Z INFO [103/500] 3c1ac1cf-3563-4703-8598-6d1b839cd823: 48 chunks; 1.3 s; peak memory 343 MiB.
2026-10-05T19:04:05Z INFO [104/500] 3c1addd7-2291-47ce-8001-4e6897b8a5d5: 69 chunks; 1.6 s; peak memory 343 MiB.
2026-10-05T19:06:40Z INFO [105/500] 3c1af873-7d44-40b1-9a4b-044a4724b7fa: 37756 chunks; 154.7 s; peak memory 345 MiB.
2026-10-05T19:06:41Z INFO [106/500] 3c1b0b64-78e9-43f9-91ad-9afd0a0fc483: 48 chunks; 1.3 s; peak memory 345 MiB.
2026-10-05T19:06:42Z INFO [107/500] 3c1b6679-b0c5-47b3-ad68-693aaea56b02: 118 chunks; 1.4 s; peak memory 345 MiB.
2026-10-05T19:06:45Z INFO [108/500] 3c1b8b37-dea0-4a19-bb4a-5cc7e2385647: 115 chunks; 2.9 s; peak memory 345 MiB.
2026-10-05T19:06:48Z INFO [109/500] 3c1bf7c8-ad26-435f-9b8c-77ddab09133c: 118 chunks; 2.4 s; peak memory 345 MiB.
2026-10-05T19:06:49Z INFO [110/500] 3c1c2d6e-3a60-4f47-891f-db018111ebb7: 48 chunks; 1.4 s; peak memory 345 MiB.
2026-10-05T19:06:51Z INFO [111/500] 3c1c8faf-df78-4606-bf14-c40a411acb75: 117 chunks; 1.6 s; peak memory 345 MiB.
2026-10-05T19:07:06Z INFO [112/500] 3c1d256e-e5a0-45f2-9cdc-1f5c44579021: 588 chunks; 15.9 s; peak memory 345 MiB.
2026-10-05T19:07:08Z INFO [113/500] 3c1d267e-6032-4f78-b870-ac8a2dd2ca15: 117 chunks; 1.6 s; peak memory 345 MiB.
2026-10-05T19:07:09Z INFO [114/500] 3c1d3e98-622c-44fe-a409-61f32c393fb5: 46 chunks; 1.0 s; peak memory 345 MiB.
2026-10-05T19:07:11Z INFO [115/500] 3c1dbf85-bfbf-45d5-a6f3-0f26933a545d: 117 chunks; 1.5 s; peak memory 345 MiB.
2026-10-05T19:07:12Z INFO [116/500] 3c1dc1b7-a8ee-4e69-90f2-5de368b2c1e9: 117 chunks; 1.7 s; peak memory 345 MiB.
2026-10-05T19:07:14Z INFO [117/500] 3c1de184-d787-401e-9d91-48032650f5d8: 48 chunks; 1.3 s; peak memory 345 MiB.
2026-10-05T19:07:15Z INFO [118/500] 3c1e119e-b00b-42e1-a208-735171227549: 71 chunks; 1.8 s; peak memory 345 MiB.
2026-10-05T19:07:23Z INFO [119/500] 3c1ea2c5-8e96-4798-b30d-2a5a70adcdc2: 2923 chunks; 8.0 s; peak memory 345 MiB.
2026-10-05T19:07:25Z INFO [120/500] 3c2067f1-6ce3-42e4-b1ae-a7c3902b8235: 71 chunks; 1.6 s; peak memory 345 MiB.
2026-10-05T19:07:44Z INFO [121/500] 3c20c6d8-f3f7-480c-a23e-c5418e6b12a8: 8232 chunks; 19.4 s; peak memory 345 MiB.
2026-10-05T19:07:48Z INFO [122/500] 3c20c740-f151-4a84-b8e6-e7993355d5ec: 80 chunks; 3.4 s; peak memory 345 MiB.
2026-10-05T19:07:49Z INFO [123/500] 3c20fa01-6f63-4551-a602-1e13640e7929: 48 chunks; 1.4 s; peak memory 345 MiB.
2026-10-05T19:07:51Z INFO [124/500] 3c2130d8-8b82-458b-8d35-abb224552a14: 118 chunks; 1.5 s; peak memory 345 MiB.
2026-10-05T19:08:00Z INFO [125/500] 3c221eb3-84a3-40f0-a377-69212ec9c581: 4151 chunks; 9.5 s; peak memory 345 MiB.
2026-10-05T19:08:03Z INFO [126/500] 3c223f51-5939-47f6-86f8-69ea32ae45cd: 110 chunks; 2.4 s; peak memory 345 MiB.
2026-10-05T19:08:04Z INFO [127/500] 3c229c05-8b33-454f-a6c3-912c3ef04cc9: 70 chunks; 1.9 s; peak memory 345 MiB.
2026-10-05T19:08:06Z INFO [128/500] 3c237608-a670-480b-ac6a-cb0890e3973a: 46 chunks; 1.2 s; peak memory 345 MiB.
2026-10-05T19:08:17Z INFO [129/500] 3c23873e-5e8f-4277-8e21-efdea6925aa2: 2126 chunks; 11.3 s; peak memory 345 MiB.
2026-10-05T19:08:25Z INFO [130/500] 3c243528-0153-4391-b4b6-a5ca158eda10: 4151 chunks; 7.9 s; peak memory 345 MiB.
2026-10-05T19:08:26Z INFO [131/500] 3c2498da-f7e5-4e09-b0ec-f8c44ad5cd4b: 46 chunks; 1.0 s; peak memory 345 MiB.
2026-10-05T19:08:31Z INFO [132/500] 3c24b3b1-c66c-4bfa-b7c5-eeeab54af013: 9287 chunks; 5.4 s; peak memory 345 MiB.
2026-10-05T19:08:33Z INFO [133/500] 3c251346-db78-4482-95dc-8b938b00a1ae: 48 chunks; 1.3 s; peak memory 345 MiB.
2026-10-05T19:08:46Z INFO [134/500] 3c25360a-e5f5-4849-9f82-b6d162c88afb: 2500 chunks; 13.7 s; peak memory 345 MiB.
2026-10-05T19:08:48Z INFO [135/500] 3c2545c0-95c6-4584-8907-e94da33775da: 69 chunks; 2.2 s; peak memory 345 MiB.
2026-10-05T19:08:54Z INFO [136/500] 3c25ba95-abf6-4589-ad55-b3944d035114: 1585 chunks; 5.1 s; peak memory 345 MiB.
2026-10-05T19:08:55Z INFO [137/500] 3c26b2c4-4ae1-4a20-ab70-81329c44d97f: 117 chunks; 1.7 s; peak memory 345 MiB.
2026-10-05T19:08:57Z INFO [138/500] 3c282627-e448-46e0-b706-d8820eebd010: 117 chunks; 1.8 s; peak memory 345 MiB.
2026-10-05T19:08:59Z INFO [139/500] 3c28705a-a3a7-430c-88b6-c11517b9be15: 557 chunks; 2.0 s; peak memory 345 MiB.
2026-10-05T19:09:05Z INFO [140/500] 3c28c6b0-c960-4445-9427-8f3e7e713609: 168 chunks; 5.6 s; peak memory 345 MiB.
2026-10-05T19:09:07Z INFO [141/500] 3c28dd8e-0440-47a5-acaf-9da2731348c8: 71 chunks; 2.3 s; peak memory 345 MiB.
2026-10-05T19:09:18Z INFO [142/500] 3c28f479-1e51-4154-9a66-28ec3fba8f3e: 23090 chunks; 10.6 s; peak memory 345 MiB.
2026-10-05T19:09:19Z INFO [143/500] 3c29cc5d-dffa-4442-b7eb-9d109c2361e6: 48 chunks; 1.4 s; peak memory 345 MiB.
2026-10-05T19:09:21Z INFO [144/500] 3c2ac844-6a4d-4ac3-920f-3f169bace674: 51 chunks; 1.8 s; peak memory 345 MiB.
2026-10-05T19:09:22Z INFO [145/500] 3c2ae0e2-2a04-4066-ac64-14ed7c1c3e1b: 48 chunks; 1.4 s; peak memory 345 MiB.
2026-10-05T19:09:24Z INFO [146/500] 3c2b5b68-0b70-4239-946f-9d3132fa8f40: 110 chunks; 1.8 s; peak memory 345 MiB.
2026-10-05T19:09:25Z INFO [147/500] 3c2c1b6d-5a36-4364-a2e0-8a22dccdb73a: 240 chunks; 1.5 s; peak memory 345 MiB.
2026-10-05T19:09:27Z INFO [148/500] 3c2c7521-f889-48e0-89b1-9bea9280ee8c: 66 chunks; 1.4 s; peak memory 345 MiB.
2026-10-05T19:09:29Z INFO [149/500] 3c2cd4e9-6609-483e-818e-f790773e4859: 112 chunks; 1.7 s; peak memory 345 MiB.
2026-10-05T19:09:32Z INFO [150/500] 3c2db911-61ea-4fb0-88ea-27a4af3d098d: 157 chunks; 3.5 s; peak memory 345 MiB.
2026-10-05T19:09:32Z INFO [150/500] 3c2db911-61ea-4fb0-88ea-27a4af3d098d: checkpointed 75984 records.
2026-10-05T19:09:34Z INFO [151/500] 3c2dc5b7-6f87-45f2-9cb0-7aac344c1a8b: 48 chunks; 1.3 s; peak memory 345 MiB.
2026-10-05T19:09:40Z INFO [152/500] 3c2e4136-376f-497e-87bb-ab6b374b3ffc: 4410 chunks; 6.4 s; peak memory 345 MiB.
2026-10-05T19:09:42Z INFO [153/500] 3c2e97ee-be70-4030-8fa3-4a0c97590cda: 95 chunks; 2.3 s; peak memory 345 MiB.
2026-10-05T19:11:05Z INFO [154/500] 3c2f22d3-5c7d-4e6d-bed0-0abb3b89833a: 26674 chunks; 82.3 s; peak memory 345 MiB.
2026-10-05T19:11:10Z INFO [155/500] 3c2fb448-c789-4622-9261-7e95037ec76f: 8701 chunks; 5.7 s; peak memory 345 MiB.
2026-10-05T19:11:12Z INFO [156/500] 3c2ffb95-ee6c-4ca2-bfd1-ac2fd770cc05: 116 chunks; 1.7 s; peak memory 345 MiB.
2026-10-05T19:11:13Z INFO [157/500] 3c3035d7-93fd-4c2a-95cd-bdc690e62355: 46 chunks; 1.4 s; peak memory 345 MiB.
2026-10-05T19:11:15Z INFO [158/500] 3c3157bc-0f99-4c85-b1d4-64ee99b79a2a: 121 chunks; 1.4 s; peak memory 345 MiB.
2026-10-05T19:11:17Z INFO [159/500] 3c31aceb-a73c-4f95-b9d6-1bbd0640c8b0: 66 chunks; 2.4 s; peak memory 345 MiB.
2026-10-05T19:11:23Z INFO [160/500] 3c31f4f6-1347-4792-9b89-403a9f7ff718: 208 chunks; 6.3 s; peak memory 345 MiB.
2026-10-05T19:11:25Z INFO [161/500] 3c323553-053c-4ad6-bf43-6073bedc68e9: 48 chunks; 1.3 s; peak memory 345 MiB.
2026-10-05T19:11:26Z INFO [162/500] 3c326df3-641d-45a1-9702-04a7c8174503: 52 chunks; 1.4 s; peak memory 345 MiB.
2026-10-05T19:11:28Z INFO [163/500] 3c336dbb-77cb-4f27-b080-3e34c9ef36f0: 66 chunks; 2.1 s; peak memory 345 MiB.
2026-10-05T19:11:30Z INFO [164/500] 3c33a4ec-0c1d-4787-9cfd-0ab13190db00: 48 chunks; 1.3 s; peak memory 345 MiB.
2026-10-05T19:11:32Z INFO [165/500] 3c343ce5-1022-4698-8a8e-0ced75641170: 112 chunks; 2.2 s; peak memory 345 MiB.
2026-10-05T19:11:34Z INFO [166/500] 3c347ccb-cb7a-4a24-a4e7-acb949f8a84b: 66 chunks; 1.9 s; peak memory 345 MiB.
2026-10-05T19:11:36Z INFO [167/500] 3c34e2b8-3d2f-40fb-918b-aeb395b29ac7: 112 chunks; 2.1 s; peak memory 345 MiB.
2026-10-05T19:11:37Z INFO [168/500] 3c351f73-7ff7-4543-9c8f-d37e8f5b994e: 48 chunks; 1.5 s; peak memory 345 MiB.
2026-10-05T19:11:42Z INFO [169/500] 3c364ef9-8cba-4920-a412-1ecbb434e33d: 653 chunks; 5.1 s; peak memory 345 MiB.
2026-10-05T19:11:44Z INFO [170/500] 3c36e015-a3e9-4a54-8984-8e2288c3728e: 48 chunks; 1.6 s; peak memory 345 MiB.
2026-10-05T19:11:45Z INFO [171/500] 3c372c03-20be-4976-a15f-3ab9322b72e8: 48 chunks; 1.4 s; peak memory 345 MiB.
2026-10-05T19:11:47Z INFO [172/500] 3c37c060-ca60-45ef-9ce3-1950bc701fdb: 109 chunks; 2.0 s; peak memory 345 MiB.
2026-10-05T19:11:49Z INFO [173/500] 3c37ed35-0a33-4179-b3a6-2a1b3aacc2fa: 117 chunks; 1.5 s; peak memory 345 MiB.
2026-10-05T19:11:50Z INFO [174/500] 3c3933ba-c0be-4d90-882a-562238685ab4: 53 chunks; 1.1 s; peak memory 345 MiB.
2026-10-05T19:11:51Z INFO [175/500] 3c39b6b7-d761-47e6-a0d8-99ea97245424: 46 chunks; 1.0 s; peak memory 345 MiB.
2026-10-05T19:11:52Z INFO [176/500] 3c39c7d9-e5bb-4fa0-8047-defa3e67404b: 117 chunks; 1.6 s; peak memory 345 MiB.
2026-10-05T19:11:54Z INFO [177/500] 3c39dea3-a17f-463e-8f92-adf506cf58aa: 56 chunks; 1.1 s; peak memory 345 MiB.
2026-10-05T19:11:55Z INFO [178/500] 3c3a062d-eba2-4bae-99b9-f399ccbb6640: 45 chunks; 1.0 s; peak memory 345 MiB.
2026-10-05T19:11:56Z INFO [179/500] 3c3a5245-98f8-42b6-a82f-e2848ba753dd: 52 chunks; 1.4 s; peak memory 345 MiB.
2026-10-05T19:12:01Z INFO [180/500] 3c3a78ca-6527-480b-967e-a8fee287afc0: 215 chunks; 4.8 s; peak memory 345 MiB.
2026-10-05T19:12:04Z INFO [181/500] 3c3ab0f9-833a-4991-9b35-c5957ce7d178: 997 chunks; 3.0 s; peak memory 345 MiB.
2026-10-05T19:12:05Z INFO [182/500] 3c3d2ec5-8ee5-4219-ae90-33efc195f8b7: 57 chunks; 1.1 s; peak memory 345 MiB.
2026-10-05T19:15:07Z INFO [183/500] 3c3ed927-9145-470d-b171-35f1a873b67e: 40695 chunks; 182.2 s; peak memory 353 MiB.
2026-10-05T19:15:09Z INFO [184/500] 3c3edc1a-6909-459d-bf5f-fb97324b0fb9: 112 chunks; 1.9 s; peak memory 353 MiB.
2026-10-05T19:15:11Z INFO [185/500] 3c3f1599-a7cc-4257-8a59-0e8894f3fe79: 48 chunks; 1.5 s; peak memory 353 MiB.
2026-10-05T19:15:13Z INFO [186/500] 3c3f3fe0-8531-4673-8e2d-d41da2e5bcdb: 112 chunks; 2.0 s; peak memory 353 MiB.
2026-10-05T19:15:15Z INFO [187/500] 3c3feedf-b2e2-413c-9337-df8b6e7e26f4: 112 chunks; 2.0 s; peak memory 353 MiB.
2026-10-05T19:15:19Z INFO [188/500] 3c409ebe-e24a-4d33-9e4e-10a9334d449b: 156 chunks; 3.9 s; peak memory 353 MiB.
2026-10-05T19:15:21Z INFO [189/500] 3c417b6d-1763-461a-9fad-92dcb4c3b896: 275 chunks; 2.0 s; peak memory 353 MiB.
2026-10-05T19:15:50Z INFO [190/500] 3c42055a-d30a-4310-b664-13d42386bac6: 6141 chunks; 29.5 s; peak memory 353 MiB.
2026-10-05T19:15:53Z INFO [191/500] 3c435bfa-235e-4736-8ae4-6a7906cc94b8: 114 chunks; 3.0 s; peak memory 353 MiB.
2026-10-05T19:15:54Z INFO [192/500] 3c449be7-c481-4a88-94b4-80b5e6f0e801: 45 chunks; 1.1 s; peak memory 353 MiB.
2026-10-05T19:15:56Z INFO [193/500] 3c44aece-4038-4d55-aafb-cd3e5123570b: 48 chunks; 1.5 s; peak memory 353 MiB.
2026-10-05T19:15:57Z INFO [194/500] 3c4549e0-9c51-4ec5-a33c-edcb2eaea3de: 48 chunks; 1.4 s; peak memory 353 MiB.
2026-10-05T19:15:59Z INFO [195/500] 3c455908-7a21-4302-8011-adcd87e0b87a: 69 chunks; 2.2 s; peak memory 353 MiB.
2026-10-05T19:16:03Z INFO [196/500] 3c456fb2-8d4e-4f99-b82f-fb73c83d061b: 1862 chunks; 3.8 s; peak memory 353 MiB.
2026-10-05T19:16:06Z INFO [197/500] 3c45b613-08dd-4c0a-825e-613ed38e3b75: 71 chunks; 2.8 s; peak memory 353 MiB.
2026-10-05T19:16:07Z INFO [198/500] 3c473c4f-770b-4cc8-bcdd-a6a9ee1a5648: 48 chunks; 1.4 s; peak memory 353 MiB.
2026-10-05T19:16:08Z INFO [199/500] 3c4771be-20fa-47c7-b298-fd20ff9355d0: 48 chunks; 1.3 s; peak memory 353 MiB.
2026-10-05T19:16:09Z INFO [200/500] 3c48361e-e400-430d-8267-84428652ddc1: 46 chunks; 1.1 s; peak memory 353 MiB.
2026-10-05T19:16:10Z INFO [200/500] 3c48361e-e400-430d-8267-84428652ddc1: checkpointed 76034 records.
2026-10-05T19:16:11Z INFO [201/500] 3c49b95f-3214-464b-996f-1095c0519740: 110 chunks; 1.6 s; peak memory 353 MiB.
2026-10-05T19:16:17Z INFO [202/500] 3c4ae524-4f29-4f0e-96ab-24a77194a98d: 168 chunks; 5.7 s; peak memory 353 MiB.
2026-10-05T19:16:19Z INFO [203/500] 3c4aeb27-b11e-41a2-a7bb-98d946f3aa44: 111 chunks; 1.7 s; peak memory 353 MiB.
2026-10-05T19:16:20Z INFO [204/500] 3c4bc077-9cac-45cb-aba0-167533a8f2b7: 48 chunks; 1.3 s; peak memory 353 MiB.
2026-10-05T19:16:21Z INFO [205/500] 3c4cf0d5-bfcd-4565-abd9-75d4a40c914f: 69 chunks; 1.1 s; peak memory 353 MiB.
2026-10-05T19:16:24Z INFO [206/500] 3c4dd309-c5ea-4da3-8d5c-28e8f2aa9d61: 115 chunks; 3.2 s; peak memory 353 MiB.
2026-10-05T19:16:26Z INFO [207/500] 3c4e2152-649b-4ce4-b992-62a09df3c982: 116 chunks; 1.5 s; peak memory 353 MiB.
2026-10-05T19:16:27Z INFO [208/500] 3c4e2da2-88d5-4eb8-abba-ce63c6c63066: 52 chunks; 1.4 s; peak memory 353 MiB.
2026-10-05T19:16:29Z INFO [209/500] 3c4eb7e1-2fc7-4a99-9707-20d67d278a61: 46 chunks; 1.8 s; peak memory 353 MiB.
2026-10-05T19:16:31Z INFO [210/500] 3c4ee6e4-c0c5-4fc7-a1c6-c6e8e43bce1b: 62 chunks; 2.0 s; peak memory 353 MiB.
2026-10-05T19:16:33Z INFO [211/500] 3c4f3d27-b442-44b2-8a23-2081d063b358: 118 chunks; 1.6 s; peak memory 353 MiB.
2026-10-05T19:16:34Z INFO [212/500] 3c4fec10-7a5d-4cdc-881f-3298457e0d63: 48 chunks; 1.4 s; peak memory 353 MiB.
2026-10-05T19:16:36Z INFO [213/500] 3c5016fd-5275-4b0e-8f17-da8cb6aa7555: 92 chunks; 1.5 s; peak memory 353 MiB.
2026-10-05T19:16:37Z INFO [214/500] 3c503696-dade-4fb5-833c-1f5758322127: 112 chunks; 1.7 s; peak memory 353 MiB.
2026-10-05T19:16:41Z INFO [215/500] 3c50b029-db9d-406c-b01e-dbced248dad0: 156 chunks; 3.8 s; peak memory 353 MiB.
2026-10-05T19:16:42Z INFO [216/500] 3c50fe86-d7a2-4bd9-93ee-8a3727b1d96f: 48 chunks; 1.3 s; peak memory 353 MiB.
2026-10-05T19:16:43Z INFO [217/500] 3c51722a-3e4b-4ee0-bfa5-0a287af990ab: 45 chunks; 1.1 s; peak memory 353 MiB.
2026-10-05T19:16:45Z INFO [218/500] 3c51f492-0b9b-4db6-8782-280967191e18: 116 chunks; 1.7 s; peak memory 353 MiB.
2026-10-05T19:16:47Z INFO [219/500] 3c5246f1-9709-4ce4-835e-f94515b4b4bb: 84 chunks; 1.4 s; peak memory 353 MiB.
2026-10-05T19:16:48Z INFO [220/500] 3c529d2e-5f80-445d-9409-6d5eb68b07b7: 48 chunks; 1.5 s; peak memory 353 MiB.
2026-10-05T19:16:49Z INFO [221/500] 3c5380be-2b16-44e6-a839-fc453313c1a0: 33 chunks; 1.1 s; peak memory 353 MiB.
2026-10-05T19:16:54Z INFO [222/500] 3c53f70e-1789-41d7-8c01-15188995e301: 184 chunks; 4.8 s; peak memory 353 MiB.
2026-10-05T19:16:56Z INFO [223/500] 3c545d00-178b-4eaa-b84b-69f4a2230db0: 51 chunks; 1.7 s; peak memory 353 MiB.
2026-10-05T19:16:57Z INFO [224/500] 3c571f09-674a-41a5-8fc7-3673d728d2a9: 48 chunks; 1.3 s; peak memory 353 MiB.
2026-10-05T19:16:59Z INFO [225/500] 3c57678f-564d-4856-a56b-d3c53561d06a: 117 chunks; 1.8 s; peak memory 353 MiB.
2026-10-05T19:17:00Z INFO [226/500] 3c57ac3f-b30e-4e5b-859a-09e25b16d1b8: 118 chunks; 1.7 s; peak memory 353 MiB.
2026-10-05T19:17:12Z INFO [227/500] 3c57ce19-f241-49f5-a8a6-c2dda6e64fd6: 336 chunks; 11.2 s; peak memory 353 MiB.
2026-10-05T19:17:18Z INFO [228/500] 3c57ee64-c587-4587-b11c-c255236e1e19: 10524 chunks; 6.1 s; peak memory 353 MiB.
2026-10-05T19:17:32Z INFO [229/500] 3c57f49c-1e6b-407b-baff-07ccaad8e554: 14386 chunks; 14.7 s; peak memory 353 MiB.
2026-10-05T19:17:34Z INFO [230/500] 3c587d4e-f378-45b5-8c42-1afa5e5485ab: 118 chunks; 1.5 s; peak memory 353 MiB.
2026-10-05T19:17:36Z INFO [231/500] 3c58887a-301d-4f85-83cb-4ceb0a19a4b8: 87 chunks; 1.8 s; peak memory 353 MiB.
2026-10-05T19:17:37Z INFO [232/500] 3c5a730f-41f5-40d9-91d8-ba99adf8837b: 85 chunks; 1.4 s; peak memory 353 MiB.
2026-10-05T19:17:39Z INFO [233/500] 3c5a8f82-8084-4b0d-a0fa-cbdc0f4ce8ce: 112 chunks; 1.8 s; peak memory 353 MiB.
2026-10-05T19:17:41Z INFO [234/500] 3c5acfb5-8979-4110-92b7-25e35c1ed6da: 66 chunks; 1.6 s; peak memory 353 MiB.
2026-10-05T19:17:43Z INFO [235/500] 3c5aeee9-431d-4d2c-9156-8540e9567c82: 720 chunks; 2.2 s; peak memory 353 MiB.
2026-10-05T19:17:50Z INFO [236/500] 3c5bce48-2427-4920-b107-1d0ff6cccc98: 7795 chunks; 7.0 s; peak memory 353 MiB.
2026-10-05T19:17:52Z INFO [237/500] 3c5d280a-6926-4fc5-97d2-24a787503eaa: 116 chunks; 1.9 s; peak memory 353 MiB.
2026-10-05T19:18:00Z INFO [238/500] 3c5e9cb4-c7e8-4ee8-8c14-3e8cae35979a: 2923 chunks; 8.0 s; peak memory 353 MiB.
2026-10-05T19:18:02Z INFO [239/500] 3c5ee405-3aa3-4586-9d97-0aac4e03c271: 119 chunks; 2.7 s; peak memory 353 MiB.
2026-10-05T19:18:04Z INFO [240/500] 3c5f0e8d-9f81-4748-aac5-b4fd5d0eb9cb: 118 chunks; 1.8 s; peak memory 353 MiB.
2026-10-05T19:18:06Z INFO [241/500] 3c5fd317-b06f-4f2f-b02d-9925232179bf: 117 chunks; 1.5 s; peak memory 353 MiB.
2026-10-05T19:18:07Z INFO [242/500] 3c5ffe62-722e-4f13-8118-d1f3850c4a2f: 52 chunks; 1.7 s; peak memory 353 MiB.
2026-10-05T19:18:09Z INFO [243/500] 3c6041aa-72f0-4ca7-9896-e01c016a30c5: 48 chunks; 1.4 s; peak memory 353 MiB.
2026-10-05T19:18:10Z INFO [244/500] 3c607761-32a7-42e1-b3a4-1f9d9b0989c0: 111 chunks; 1.7 s; peak memory 353 MiB.
2026-10-05T19:18:12Z INFO [245/500] 3c60c73d-ae6e-4811-9234-35e36a69af2e: 48 chunks; 1.4 s; peak memory 353 MiB.
2026-10-05T19:26:09Z INFO [246/500] 3c626b0e-6db5-42a2-9213-7c89d6883f81: 242638 chunks; 476.8 s; peak memory 990 MiB.
2026-10-05T19:26:16Z INFO [247/500] 3c627317-5ba4-400b-a184-147130a2c48a: 2923 chunks; 7.2 s; peak memory 990 MiB.
2026-10-05T19:26:17Z INFO [248/500] 3c62c84e-d27e-44cf-86f2-e01cba210eda: 48 chunks; 1.3 s; peak memory 990 MiB.
2026-10-05T19:26:26Z INFO [249/500] 3c63c708-427a-4dab-9589-2928940e356c: 2836 chunks; 8.8 s; peak memory 990 MiB.
2026-10-05T19:26:28Z INFO [250/500] 3c659196-ca3f-45ce-a015-aaa2dcdb88a8: 117 chunks; 1.6 s; peak memory 990 MiB.
2026-10-05T19:26:28Z INFO [250/500] 3c659196-ca3f-45ce-a015-aaa2dcdb88a8: checkpointed 76084 records.
2026-10-05T19:26:30Z INFO [251/500] 3c66d099-eae7-4c73-a7fe-b97d37daf258: 170 chunks; 1.5 s; peak memory 990 MiB.
2026-10-05T19:26:36Z INFO [252/500] 3c675607-75f7-48c2-bd50-347b95c4182b: 8027 chunks; 6.1 s; peak memory 990 MiB.
2026-10-05T19:26:39Z INFO [253/500] 3c67f2dc-19ca-4372-8c39-f804b0b0a8ab: 119 chunks; 3.4 s; peak memory 990 MiB.
2026-10-05T19:26:41Z INFO [254/500] 3c68852a-9e39-4a16-9744-97835e966925: 70 chunks; 2.2 s; peak memory 990 MiB.
2026-10-05T19:26:42Z INFO [255/500] 3c698627-42ff-470e-9fe6-08e37a251d72: 52 chunks; 1.1 s; peak memory 990 MiB.
2026-10-05T19:26:45Z INFO [256/500] 3c69d4bf-7339-415d-86d2-9af70f2d52ad: 158 chunks; 2.5 s; peak memory 990 MiB.
2026-10-05T19:26:46Z INFO [257/500] 3c6a0f88-a547-4432-8c89-cd3236d98cbe: 118 chunks; 1.7 s; peak memory 990 MiB.
2026-10-05T19:26:48Z INFO [258/500] 3c6b8266-4161-48d1-9750-52c36770a781: 289 chunks; 2.1 s; peak memory 990 MiB.
2026-10-05T19:26:50Z INFO [259/500] 3c6bbbd8-46a8-41de-b012-33f8dcb08286: 118 chunks; 1.5 s; peak memory 990 MiB.
2026-10-05T19:26:58Z INFO [260/500] 3c6bc4a4-68cb-4cc9-acfd-94517036c26e: 4151 chunks; 8.3 s; peak memory 990 MiB.
2026-10-05T19:27:00Z INFO [261/500] 3c6bcdb7-6da1-4d4d-ab16-4b4f35fa84e0: 65 chunks; 1.3 s; peak memory 990 MiB.
2026-10-05T19:27:01Z INFO [262/500] 3c6d881e-b667-48f3-8c9e-50203ac06e90: 74 chunks; 1.5 s; peak memory 990 MiB.
2026-10-05T19:27:03Z INFO [263/500] 3c6e0528-2347-41d0-a53e-b7d2281de59e: 338 chunks; 1.8 s; peak memory 990 MiB.
2026-10-05T19:27:05Z INFO [264/500] 3c6e8a6f-d5df-416c-b361-8caa0a23275f: 51 chunks; 1.9 s; peak memory 990 MiB.
2026-10-05T19:27:08Z INFO [265/500] 3c7009c5-0c3f-458a-9ffd-6e75a07e1ca8: 200 chunks; 3.3 s; peak memory 990 MiB.
2026-10-05T19:27:09Z INFO [266/500] 3c700af3-0167-42dc-8229-6a3f2f964bfa: 53 chunks; 1.1 s; peak memory 990 MiB.
2026-10-05T19:27:11Z INFO [267/500] 3c70ea24-06d4-4a6f-a50b-6f029dc4e36b: 48 chunks; 1.3 s; peak memory 990 MiB.
2026-10-05T19:27:18Z INFO [268/500] 3c70f765-612d-46e3-8e58-219e7dbf5856: 1253 chunks; 7.2 s; peak memory 990 MiB.
2026-10-05T19:27:21Z INFO [269/500] 3c7118fc-2512-4d17-b1a3-57d64f98fdb1: 1061 chunks; 3.6 s; peak memory 990 MiB.
2026-10-05T19:27:22Z INFO [270/500] 3c7131cd-b4e8-41d9-9070-300c53763718: 57 chunks; 1.0 s; peak memory 990 MiB.
2026-10-05T19:27:28Z INFO [271/500] 3c713728-c2c3-46f3-a7c8-b957397265af: 420 chunks; 5.7 s; peak memory 990 MiB.
2026-10-05T19:27:30Z INFO [272/500] 3c7172c8-f532-443b-bb2f-051484099c44: 107 chunks; 2.2 s; peak memory 990 MiB.
2026-10-05T19:27:32Z INFO [273/500] 3c71e924-3284-4388-a508-5c40a20c140f: 118 chunks; 1.5 s; peak memory 990 MiB.
2026-10-05T19:27:54Z INFO [274/500] 3c724502-fa7f-4376-9ad3-e92bf43b56d7: 14820 chunks; 22.8 s; peak memory 990 MiB.
2026-10-05T19:27:56Z INFO [275/500] 3c7307c4-2c0f-4265-96e3-b565e06546c5: 52 chunks; 1.5 s; peak memory 990 MiB.
2026-10-05T19:27:58Z INFO [276/500] 3c73b364-ca8e-407a-998a-55f1e85e948e: 116 chunks; 1.6 s; peak memory 990 MiB.
2026-10-05T19:27:59Z INFO [277/500] 3c748f77-2136-480a-9e96-d55b57c50dfd: 48 chunks; 1.3 s; peak memory 990 MiB.
2026-10-05T19:28:16Z INFO [278/500] 3c749b96-2ca5-4aeb-8c52-267f5fb23baf: 432 chunks; 17.3 s; peak memory 990 MiB.
2026-10-05T19:28:18Z INFO [279/500] 3c74a822-9c26-4066-b716-b779ebceca8e: 110 chunks; 1.9 s; peak memory 990 MiB.
2026-10-05T19:28:20Z INFO [280/500] 3c74caff-9262-4382-a10b-9e75b126518d: 69 chunks; 2.0 s; peak memory 990 MiB.
2026-10-05T19:28:21Z INFO [281/500] 3c74cdda-7072-4f82-b95e-6d97e7c0fca5: 48 chunks; 1.3 s; peak memory 990 MiB.
2026-10-05T19:29:53Z INFO [282/500] 3c762672-5f5c-4dff-93d4-a918386f6aa9: 32894 chunks; 92.2 s; peak memory 990 MiB.
2026-10-05T19:29:55Z INFO [283/500] 3c767816-678c-4344-a4c9-c32a104084e9: 46 chunks; 1.1 s; peak memory 990 MiB.
2026-10-05T19:29:56Z INFO [284/500] 3c76cc62-182e-4c5d-8e37-b749d48a201d: 41 chunks; 1.2 s; peak memory 990 MiB.
2026-10-05T19:29:58Z INFO [285/500] 3c7701b3-10ec-4677-be94-a28bae1aa94d: 112 chunks; 1.9 s; peak memory 990 MiB.
2026-10-05T19:29:59Z INFO [286/500] 3c772a1d-30d1-40f3-89ef-fe36c9c9e2e2: 48 chunks; 1.5 s; peak memory 990 MiB.
2026-10-05T19:30:02Z INFO [287/500] 3c777061-be23-4da6-8def-a8c097fcb354: 71 chunks; 2.8 s; peak memory 990 MiB.
2026-10-05T19:30:04Z INFO [288/500] 3c77a379-f16f-4b27-838a-264abf47cc45: 66 chunks; 1.7 s; peak memory 990 MiB.
2026-10-05T19:30:06Z INFO [289/500] 3c78d453-2de4-425a-ae60-bb1aacc4fb8b: 112 chunks; 2.0 s; peak memory 990 MiB.
2026-10-05T19:30:07Z INFO [290/500] 3c78fe0c-9fb9-4347-9c22-6146581ef744: 117 chunks; 1.6 s; peak memory 990 MiB.
2026-10-05T19:30:09Z INFO [291/500] 3c794018-6983-427f-ae56-c689085f9c62: 117 chunks; 1.7 s; peak memory 990 MiB.
2026-10-05T19:30:12Z INFO [292/500] 3c7a7658-919a-46b9-98f0-f6667a12a4aa: 115 chunks; 3.1 s; peak memory 990 MiB.
2026-10-05T19:30:13Z INFO [293/500] 3c7ae0fb-fcb2-4b32-9f28-68ae361d8f54: 45 chunks; 1.1 s; peak memory 990 MiB.
2026-10-05T19:30:15Z INFO [294/500] 3c7b8c78-1a84-4e0e-b27a-cb17c6e165a4: 111 chunks; 2.0 s; peak memory 990 MiB.
2026-10-05T19:30:17Z INFO [295/500] 3c7c41fe-7538-4ad6-838d-bd8dc1d11fe2: 46 chunks; 1.1 s; peak memory 990 MiB.
2026-10-05T19:30:21Z INFO [296/500] 3c7cd0c2-d292-4c32-8197-da44f5dc69ed: 1585 chunks; 4.9 s; peak memory 990 MiB.
2026-10-05T19:30:23Z INFO [297/500] 3c7d25f1-a833-4761-ae90-728f3df97219: 48 chunks; 1.3 s; peak memory 990 MiB.
2026-10-05T19:30:24Z INFO [298/500] 3c7d453e-ff66-4edb-b671-fe2d07d75e15: 48 chunks; 1.4 s; peak memory 990 MiB.
2026-10-05T19:30:25Z INFO [299/500] 3c7d5fcf-fb2a-4a6a-bc3d-c323903c494e: 118 chunks; 1.3 s; peak memory 990 MiB.
2026-10-05T19:30:35Z INFO [300/500] 3c8141d8-5589-484e-a382-6c565745c18a: 15657 chunks; 9.3 s; peak memory 990 MiB.
2026-10-05T19:30:35Z INFO [300/500] 3c8141d8-5589-484e-a382-6c565745c18a: checkpointed 76134 records.
2026-10-05T19:30:36Z INFO [301/500] 3c8153c0-4910-4407-a404-364181a02ebf: 112 chunks; 1.5 s; peak memory 990 MiB.
2026-10-05T19:30:44Z INFO [302/500] 3c82a29c-27c7-4ca8-a4b1-ff8083b74cc8: 2923 chunks; 7.1 s; peak memory 990 MiB.
2026-10-05T19:30:47Z INFO [303/500] 3c83a530-8a6c-45b8-90f2-3147ce6ee1ce: 114 chunks; 3.4 s; peak memory 990 MiB.
2026-10-05T19:30:48Z INFO [304/500] 3c84b25b-0737-4a75-81d6-89c2b9f3bb0e: 46 chunks; 1.0 s; peak memory 990 MiB.
2026-10-05T19:30:49Z INFO [305/500] 3c85211f-90c3-465a-8d18-4eb261da4ed8: 37 chunks; 1.0 s; peak memory 990 MiB.
2026-10-05T19:30:50Z INFO [306/500] 3c855715-a171-4afe-98bd-a0ac85390266: 65 chunks; 1.3 s; peak memory 990 MiB.
2026-10-05T19:30:52Z INFO [307/500] 3c859628-9465-414b-bfbb-3e0f95d002af: 48 chunks; 1.4 s; peak memory 990 MiB.
2026-10-05T19:30:59Z INFO [308/500] 3c85a696-defc-41ac-a573-8efcbdca50e3: 2923 chunks; 7.0 s; peak memory 990 MiB.
2026-10-05T19:31:02Z INFO [309/500] 3c85d2e9-4d90-41bd-8612-8ddca7e910eb: 194 chunks; 3.3 s; peak memory 990 MiB.
2026-10-05T19:31:03Z INFO [310/500] 3c866661-ce84-48de-9913-b07085b1e29b: 48 chunks; 1.5 s; peak memory 990 MiB.
2026-10-05T19:33:53Z INFO [311/500] 3c86ce95-35ec-43f9-b607-fd1efff360f8: 37716 chunks; 169.8 s; peak memory 990 MiB.
2026-10-05T19:33:55Z INFO [312/500] 3c86d59b-802f-471a-8a06-5fdfd19f6544: 117 chunks; 1.6 s; peak memory 990 MiB.
2026-10-05T19:33:56Z INFO [313/500] 3c870a41-b6b9-4a09-9124-97d1048f973f: 46 chunks; 0.9 s; peak memory 990 MiB.
2026-10-05T19:34:04Z INFO [314/500] 3c87b851-4011-4cfa-a670-38f72fbb5fe9: 193 chunks; 8.4 s; peak memory 990 MiB.
2026-10-05T19:34:06Z INFO [315/500] 3c87c23e-bbd5-4141-907d-33d2859e721c: 112 chunks; 1.8 s; peak memory 990 MiB.
2026-10-05T19:34:07Z INFO [316/500] 3c87c29f-a907-456c-ac2c-17ea6c3a8dc6: 48 chunks; 1.5 s; peak memory 990 MiB.
2026-10-05T19:34:09Z INFO [317/500] 3c88140b-2ac4-4b6e-bc3b-df3a287edc64: 48 chunks; 1.3 s; peak memory 990 MiB.
2026-10-05T19:37:06Z INFO [318/500] 3c886963-8ef1-45b1-87cb-0305e17e6e6b: 38186 chunks; 177.6 s; peak memory 990 MiB.
2026-10-05T19:37:07Z INFO [319/500] 3c89d596-fe20-4aa8-af99-f590b38bec9b: 57 chunks; 1.0 s; peak memory 990 MiB.
2026-10-05T19:37:36Z INFO [320/500] 3c8a22a8-16d3-4bd8-bb40-02a9dc48badc: 6138 chunks; 28.3 s; peak memory 990 MiB.
2026-10-05T19:38:32Z INFO [321/500] 3c8a3f7b-97b6-401e-b9a9-9a44013098bf: 21810 chunks; 56.1 s; peak memory 990 MiB.
2026-10-05T19:38:40Z INFO [322/500] 3c8be292-6c50-4124-b877-0ac539f6541d: 12614 chunks; 8.4 s; peak memory 990 MiB.
2026-10-05T19:38:41Z INFO [323/500] 3c8be7a3-9f39-4fa5-8737-711d3a62b135: 102 chunks; 1.1 s; peak memory 990 MiB.
2026-10-05T19:38:43Z INFO [324/500] 3c8c368c-2ad7-4ad9-b686-0d639211f38c: 48 chunks; 1.5 s; peak memory 990 MiB.
2026-10-05T19:38:45Z INFO [325/500] 3c8ce03d-b3b2-48a4-9157-d2e2cf614af4: 66 chunks; 1.9 s; peak memory 990 MiB.
2026-10-05T19:38:46Z INFO [326/500] 3c8d0a37-ca63-4b5b-a209-0f5e80411bbf: 48 chunks; 1.4 s; peak memory 990 MiB.
2026-10-05T19:38:50Z INFO [327/500] 3c8d4f04-b6eb-44f1-8729-2a3d58ab4224: 1335 chunks; 3.6 s; peak memory 990 MiB.
2026-10-05T19:38:52Z INFO [328/500] 3c8d75a7-551e-47ce-ae84-34e07529a94e: 66 chunks; 1.8 s; peak memory 990 MiB.
2026-10-05T19:38:53Z INFO [329/500] 3c8dcfed-b34a-4f38-9831-ab25be6f8755: 48 chunks; 1.2 s; peak memory 990 MiB.
2026-10-05T19:38:54Z INFO [330/500] 3c8e522c-37b6-4e64-b79d-32a932f5a5d4: 48 chunks; 1.2 s; peak memory 990 MiB.
2026-10-05T19:38:55Z INFO [331/500] 3c8ec189-e76d-4219-a620-c61e930322f5: 48 chunks; 1.5 s; peak memory 990 MiB.
2026-10-05T19:38:58Z INFO [332/500] 3c8ed390-5fff-4eda-8179-e1fd33706d41: 67 chunks; 2.4 s; peak memory 990 MiB.
2026-10-05T19:39:05Z INFO [333/500] 3c8f6aff-519e-403d-b4ac-02a2c0fd2703: 2212 chunks; 6.8 s; peak memory 990 MiB.
2026-10-05T19:39:06Z INFO [334/500] 3c8f9aff-ab7d-414d-a7ca-abeda52a4d62: 117 chunks; 1.3 s; peak memory 990 MiB.
2026-10-05T19:39:09Z INFO [335/500] 3c8fc748-da70-4a53-a792-ca5467cd48d6: 118 chunks; 3.2 s; peak memory 990 MiB.
2026-10-05T19:39:11Z INFO [336/500] 3c902cb3-a51d-4cfd-9616-56455d338094: 48 chunks; 1.3 s; peak memory 990 MiB.
2026-10-05T19:39:13Z INFO [337/500] 3c90e3f4-11a1-48a9-b56f-d479864379ec: 124 chunks; 2.8 s; peak memory 990 MiB.
2026-10-05T19:39:16Z INFO [338/500] 3c912e9c-7fdd-4bbb-a073-227c1378de26: 112 chunks; 2.4 s; peak memory 990 MiB.
2026-10-05T19:39:23Z INFO [339/500] 3c91818a-7a75-4e98-9f0a-6bd4eb5c256d: 580 chunks; 7.2 s; peak memory 990 MiB.
2026-10-05T19:39:24Z INFO [340/500] 3c924987-09d4-4c00-86c3-4b629761a3a3: 48 chunks; 1.5 s; peak memory 990 MiB.
2026-10-05T19:39:26Z INFO [341/500] 3c92c5b5-a0ca-488e-8770-cbff6e2b5d1b: 112 chunks; 1.3 s; peak memory 990 MiB.
2026-10-05T19:39:27Z INFO [342/500] 3c9334f2-ec92-4461-9b21-c7caaf5e19fb: 48 chunks; 1.5 s; peak memory 990 MiB.
2026-10-05T19:39:28Z INFO [343/500] 3c93e19b-bf4e-4905-a81b-faeb04e6089e: 56 chunks; 1.0 s; peak memory 990 MiB.
2026-10-05T19:39:33Z INFO [344/500] 3c948e82-bffb-4d30-bcd5-df24cc9f3f84: 2083 chunks; 4.4 s; peak memory 990 MiB.
2026-10-05T19:39:34Z INFO [345/500] 3c95ee03-4b9f-4fea-981c-cf9073f1b8df: 48 chunks; 1.3 s; peak memory 990 MiB.
2026-10-05T19:39:35Z INFO [346/500] 3c961021-1c59-468d-bbe0-6e848b238d1e: 33 chunks; 1.0 s; peak memory 990 MiB.
2026-10-05T19:39:36Z INFO [347/500] 3c9621a4-bb9d-4dd0-80ff-38f054f0365b: 48 chunks; 1.4 s; peak memory 990 MiB.
2026-10-05T19:39:38Z INFO [348/500] 3c962847-486f-4a4a-b6aa-d0de988a2030: 115 chunks; 1.5 s; peak memory 990 MiB.
2026-10-05T19:39:55Z INFO [349/500] 3c971245-0bd5-4499-a917-3453c8538f4a: 24526 chunks; 16.9 s; peak memory 990 MiB.
2026-10-05T19:39:56Z INFO [350/500] 3c9aefe3-c86c-4d15-a195-de75836eed76: 48 chunks; 1.4 s; peak memory 990 MiB.
2026-10-05T19:39:57Z INFO [350/500] 3c9aefe3-c86c-4d15-a195-de75836eed76: checkpointed 76184 records.
2026-10-05T19:40:04Z INFO [351/500] 3c9b7676-e926-4b7d-b9dc-70182a96e973: 1060 chunks; 7.1 s; peak memory 990 MiB.
2026-10-05T19:40:05Z INFO [352/500] 3c9b9469-05eb-4ab8-9838-5c68cc43cf90: 48 chunks; 1.3 s; peak memory 990 MiB.
2026-10-05T19:40:07Z INFO [353/500] 3c9cc5c9-5d0e-49db-99cf-95b0987c9886: 48 chunks; 1.6 s; peak memory 990 MiB.
2026-10-05T19:40:08Z INFO [354/500] 3c9d28d0-b33b-4e5d-80bb-aea51823e4ad: 66 chunks; 1.9 s; peak memory 990 MiB.
2026-10-05T19:40:10Z INFO [355/500] 3c9e51a0-858a-4ecd-89c6-a5b75904413c: 72 chunks; 1.8 s; peak memory 990 MiB.
2026-10-05T19:40:11Z INFO [356/500] 3c9e6da6-c1da-4fda-8d93-090ea24091ad: 132 chunks; 1.3 s; peak memory 990 MiB.
2026-10-05T19:40:13Z INFO [357/500] 3c9f1757-b92e-4eb0-9bf6-fd9e799c4ba4: 48 chunks; 1.5 s; peak memory 990 MiB.
2026-10-05T19:40:14Z INFO [358/500] 3c9f8fa5-772f-407f-965b-4baf8b529767: 48 chunks; 1.5 s; peak memory 990 MiB.
2026-10-05T19:40:26Z INFO [359/500] 3c9fdeeb-b1a9-4e8b-bed1-de66cacd2825: 22683 chunks; 11.7 s; peak memory 990 MiB.
2026-10-05T19:40:27Z INFO [360/500] 3c9fe07c-51a1-49fd-a915-2289842e1c34: 48 chunks; 1.2 s; peak memory 990 MiB.
2026-10-05T19:40:30Z INFO [361/500] 3ca0f654-1f2c-450b-b306-9c51ea85e183: 69 chunks; 2.2 s; peak memory 990 MiB.
2026-10-05T19:40:32Z INFO [362/500] 3ca22601-f995-47f1-adcd-0873e06328c8: 71 chunks; 2.1 s; peak memory 990 MiB.
2026-10-05T19:40:47Z INFO [363/500] 3ca24a96-e0b8-4b2c-9350-4560f4ea1b25: 2199 chunks; 15.5 s; peak memory 990 MiB.
2026-10-05T19:40:49Z INFO [364/500] 3ca27734-18ad-47ef-ad1f-3fb127a55676: 118 chunks; 1.5 s; peak memory 990 MiB.
2026-10-05T19:40:51Z INFO [365/500] 3ca2edb8-1045-4f91-80b9-67e8ebbd28e8: 303 chunks; 1.9 s; peak memory 990 MiB.
2026-10-05T19:40:52Z INFO [366/500] 3ca433e1-341b-4356-9a42-95298c964eb8: 116 chunks; 1.5 s; peak memory 990 MiB.
2026-10-05T19:40:54Z INFO [367/500] 3ca43bc0-2aab-4d96-aa8e-98f6f65c0e75: 116 chunks; 1.5 s; peak memory 990 MiB.
2026-10-05T19:40:55Z INFO [368/500] 3ca4673c-0460-4864-992d-808bba676156: 69 chunks; 1.2 s; peak memory 990 MiB.
2026-10-05T19:41:05Z INFO [369/500] 3ca66059-647e-4957-977b-f29055d26bc0: 336 chunks; 10.2 s; peak memory 990 MiB.
2026-10-05T19:41:07Z INFO [370/500] 3ca6aa15-8117-444e-85de-715ef32347a3: 116 chunks; 1.7 s; peak memory 990 MiB.
2026-10-05T19:41:08Z INFO [371/500] 3ca6c9f6-61cf-417b-b1b4-bc4b1a034bca: 48 chunks; 1.4 s; peak memory 990 MiB.
2026-10-05T19:41:10Z INFO [372/500] 3ca6fd9a-c40a-4f63-a9fd-8592e8d51f91: 71 chunks; 2.5 s; peak memory 990 MiB.
2026-10-05T19:41:12Z INFO [373/500] 3ca747cc-2ece-48cc-b9b5-7f56f5a1d7cf: 117 chunks; 1.5 s; peak memory 990 MiB.
2026-10-05T19:41:14Z INFO [374/500] 3ca778d9-f6f6-4011-b2dc-bd17bc9bc755: 66 chunks; 2.0 s; peak memory 990 MiB.
2026-10-05T19:42:13Z INFO [375/500] 3ca7f126-22a1-4d8a-ad29-87d8e904aca6: 24373 chunks; 59.5 s; peak memory 990 MiB.
2026-10-05T19:42:27Z INFO [376/500] 3ca856c6-329c-41b3-b563-1aec1dd634b1: 3031 chunks; 13.5 s; peak memory 990 MiB.
2026-10-05T19:42:28Z INFO [377/500] 3ca8c514-4d2c-4083-88b9-e5c3649f341f: 35 chunks; 1.0 s; peak memory 990 MiB.
2026-10-05T19:43:09Z INFO [378/500] 3ca9413e-64c3-48a5-ba74-89afc06d123f: 5309 chunks; 40.6 s; peak memory 990 MiB.
2026-10-05T19:43:19Z INFO [379/500] 3ca9e94a-6cb1-49dc-b33d-47577bdc6e1a: 6125 chunks; 10.0 s; peak memory 990 MiB.
2026-10-05T19:43:20Z INFO [380/500] 3caa65e6-fa82-413f-bf6c-2e6740316d8f: 117 chunks; 1.4 s; peak memory 990 MiB.
2026-10-05T19:43:22Z INFO [381/500] 3caa67b3-7567-47bf-ad72-1509f86e528b: 84 chunks; 1.8 s; peak memory 990 MiB.
2026-10-05T19:43:24Z INFO [382/500] 3cabc1d9-e3dd-4e54-a35b-938926488e02: 62 chunks; 1.9 s; peak memory 990 MiB.
2026-10-05T19:43:27Z INFO [383/500] 3cabe9ec-33b9-46f3-aea3-61f280b9c4b2: 129 chunks; 3.4 s; peak memory 990 MiB.
2026-10-05T19:43:29Z INFO [384/500] 3cac6532-b8fe-4401-ac37-dc39ecc73a27: 48 chunks; 1.5 s; peak memory 990 MiB.
2026-10-05T19:43:31Z INFO [385/500] 3cac9a86-e6ea-4acb-b3bf-5779ad179e9e: 141 chunks; 2.6 s; peak memory 990 MiB.
2026-10-05T19:43:33Z INFO [386/500] 3cad3ddd-395c-447b-b87f-bb75756082a2: 118 chunks; 1.7 s; peak memory 990 MiB.
2026-10-05T19:43:34Z INFO [387/500] 3cadba3a-a4f1-4c9f-a051-38ca0c8b6476: 117 chunks; 1.5 s; peak memory 990 MiB.
2026-10-05T19:43:36Z INFO [388/500] 3cadc499-609c-4caf-aef6-0a481a3dc34a: 48 chunks; 1.4 s; peak memory 990 MiB.
2026-10-05T19:43:38Z INFO [389/500] 3cae0440-7970-4c52-a1c2-1b80f7d87ee6: 69 chunks; 1.7 s; peak memory 990 MiB.
2026-10-05T19:43:39Z INFO [390/500] 3cae0630-8296-47fa-83fc-731cf6bb4a71: 117 chunks; 1.8 s; peak memory 990 MiB.
2026-10-05T19:43:47Z INFO [391/500] 3caf1287-c86a-4822-a233-33f3cb8525b8: 193 chunks; 7.5 s; peak memory 990 MiB.
2026-10-05T19:43:48Z INFO [392/500] 3cafe8b5-9d7a-4088-8c77-91cae4532692: 48 chunks; 1.3 s; peak memory 990 MiB.
2026-10-05T19:43:52Z INFO [393/500] 3cb161da-1c4f-4a05-b0d0-14f05389bd2c: 2141 chunks; 4.3 s; peak memory 990 MiB.
2026-10-05T19:43:54Z INFO [394/500] 3cb16c4d-48e4-4eeb-bee1-32e3c585abc0: 112 chunks; 1.8 s; peak memory 990 MiB.
2026-10-05T19:43:56Z INFO [395/500] 3cb28c86-652d-4fab-b1f5-e886a8154480: 66 chunks; 1.9 s; peak memory 990 MiB.
2026-10-05T19:43:58Z INFO [396/500] 3cb32e21-769b-4938-95cf-4b5c5532bb53: 112 chunks; 1.7 s; peak memory 990 MiB.
2026-10-05T19:43:59Z INFO [397/500] 3cb4a906-91a0-47d7-8ec7-9873f96342db: 117 chunks; 1.4 s; peak memory 990 MiB.
2026-10-05T19:44:01Z INFO [398/500] 3cb52e87-af6d-4540-ac76-c683eeb2db00: 48 chunks; 1.4 s; peak memory 990 MiB.
2026-10-05T19:44:02Z INFO [399/500] 3cb64760-d3b6-4359-b4fe-edcad92814fd: 69 chunks; 1.2 s; peak memory 990 MiB.
2026-10-05T19:44:04Z INFO [400/500] 3cb64bf6-db9d-4a6d-a778-3a20fffc53ae: 112 chunks; 2.1 s; peak memory 990 MiB.
2026-10-05T19:44:04Z INFO [400/500] 3cb64bf6-db9d-4a6d-a778-3a20fffc53ae: checkpointed 76234 records.
2026-10-05T19:44:06Z INFO [401/500] 3cb766b0-5701-4789-a801-d31914f1ef8e: 69 chunks; 1.8 s; peak memory 990 MiB.
2026-10-05T19:44:08Z INFO [402/500] 3cb7e0e4-bc4d-4326-baa1-86d5f1dc8c90: 170 chunks; 1.8 s; peak memory 990 MiB.
2026-10-05T19:44:10Z INFO [403/500] 3cb8464f-ecdf-4c65-beaf-3b05421f512e: 66 chunks; 1.9 s; peak memory 990 MiB.
2026-10-05T19:44:11Z INFO [404/500] 3cb879f9-66df-4b27-8348-5b44d87f2434: 48 chunks; 1.4 s; peak memory 990 MiB.
2026-10-05T19:44:13Z INFO [405/500] 3cb8f700-e0ac-4f3b-9462-a4181be67fd5: 117 chunks; 1.7 s; peak memory 990 MiB.
2026-10-05T19:44:49Z INFO [406/500] 3cb97a76-a8cb-4287-9b25-77f6c9c9ecb6: 8692 chunks; 36.7 s; peak memory 990 MiB.
2026-10-05T19:44:53Z INFO [407/500] 3cba042b-62e5-49c4-8b42-912b35859f49: 115 chunks; 3.5 s; peak memory 990 MiB.
2026-10-05T19:44:55Z INFO [408/500] 3cba3906-55e0-4edc-8883-1e6bb8a73565: 71 chunks; 2.5 s; peak memory 990 MiB.
2026-10-05T19:44:59Z INFO [409/500] 3cba6bd2-8eae-43b6-8783-b7d35956cceb: 116 chunks; 3.1 s; peak memory 990 MiB.
2026-10-05T19:45:00Z INFO [410/500] 3cbbec98-b042-4142-9381-42667eb84721: 48 chunks; 1.5 s; peak memory 990 MiB.
2026-10-05T19:45:15Z INFO [411/500] 3cbcddf1-93bc-4d63-a00f-022e6c055cc7: 2660 chunks; 14.9 s; peak memory 990 MiB.
2026-10-05T19:45:16Z INFO [412/500] 3cbd49d7-ee42-4e6e-b238-fc1b5640eb54: 48 chunks; 1.3 s; peak memory 990 MiB.
2026-10-05T19:45:31Z INFO [413/500] 3cbd6149-748d-41ff-9520-fe9b9187e656: 21182 chunks; 14.4 s; peak memory 990 MiB.
2026-10-05T19:45:35Z INFO [414/500] 3cbe6086-0e07-48f2-8bb3-29397fdbb925: 2867 chunks; 4.8 s; peak memory 990 MiB.
2026-10-05T19:45:37Z INFO [415/500] 3cc04885-91b9-4ed5-a0d3-86e17a27d3cf: 48 chunks; 1.3 s; peak memory 990 MiB.
2026-10-05T19:45:38Z INFO [416/500] 3cc0cb97-4abc-4207-940f-e6ac30a9be82: 41 chunks; 1.2 s; peak memory 990 MiB.
2026-10-05T19:45:40Z INFO [417/500] 3cc15290-7a29-4336-bb20-a8abc3b7c935: 118 chunks; 1.6 s; peak memory 990 MiB.
2026-10-05T19:45:44Z INFO [418/500] 3cc1a6cb-cd4b-4c55-871d-8cb800057433: 2261 chunks; 4.5 s; peak memory 990 MiB.
2026-10-05T19:45:46Z INFO [419/500] 3cc30870-6874-4b8e-bfcb-f3c49d40008b: 112 chunks; 2.1 s; peak memory 990 MiB.
2026-10-05T19:45:48Z INFO [420/500] 3cc443fc-9cb6-4af8-98b6-d24c5a5ef64d: 48 chunks; 1.3 s; peak memory 990 MiB.
2026-10-05T19:45:50Z INFO [421/500] 3cc46a22-7d19-485b-a838-a7375136e4da: 47 chunks; 1.9 s; peak memory 990 MiB.
2026-10-05T19:45:51Z INFO [422/500] 3cc4b70f-e480-4d9f-ab1c-a1f2729f0554: 48 chunks; 1.4 s; peak memory 990 MiB.
2026-10-05T19:45:53Z INFO [423/500] 3cc6b902-319f-4608-8e76-9f1810e53325: 69 chunks; 2.4 s; peak memory 990 MiB.
2026-10-05T19:45:55Z INFO [424/500] 3cc72bfc-8865-4d96-911e-e95bd04b4b33: 68 chunks; 1.7 s; peak memory 990 MiB.
2026-10-05T19:45:56Z INFO [425/500] 3cc76243-5776-4c46-b6d2-0371776d58b4: 46 chunks; 0.9 s; peak memory 990 MiB.
2026-10-05T19:46:17Z INFO [426/500] 3cc76b68-ef02-41ac-8023-554d67f5c212: 7484 chunks; 20.8 s; peak memory 990 MiB.
2026-10-05T19:46:20Z INFO [427/500] 3cc76bb6-102b-4da0-b663-fd1074df7b93: 156 chunks; 3.7 s; peak memory 990 MiB.
2026-10-05T19:46:22Z INFO [428/500] 3cc79a81-8c57-4043-b3f0-7addeb88e5fe: 52 chunks; 1.4 s; peak memory 990 MiB.
2026-10-05T19:46:23Z INFO [429/500] 3cc7b7ef-b770-4331-b5d3-273c4363f375: 116 chunks; 1.4 s; peak memory 990 MiB.
2026-10-05T19:46:24Z INFO [430/500] 3cc7d9bf-5993-43bd-bb51-0058c50e1ec8: 46 chunks; 0.9 s; peak memory 990 MiB.
2026-10-05T19:46:26Z INFO [431/500] 3cc81b13-77f7-473c-8725-b60692ae026e: 69 chunks; 1.5 s; peak memory 990 MiB.
2026-10-05T19:46:27Z INFO [432/500] 3cc82c6f-6914-48e9-be52-07307db311f2: 46 chunks; 1.0 s; peak memory 990 MiB.
2026-10-05T19:46:29Z INFO [433/500] 3cc98c89-1d52-4671-8c7c-ed47dd1848f7: 152 chunks; 2.5 s; peak memory 990 MiB.
2026-10-05T19:46:37Z INFO [434/500] 3ccc2b73-6d6e-497c-8a6a-122fa69dedd3: 238 chunks; 7.9 s; peak memory 990 MiB.
2026-10-05T19:46:44Z INFO [435/500] 3ccc4ce9-d242-4496-bf98-eadfb98c0b01: 2923 chunks; 6.6 s; peak memory 990 MiB.
2026-10-05T20:11:26Z INFO [436/500] 3ccc9ebb-bdb5-4d6c-9b15-bf11b90d38b1: 376210 chunks; 1482.3 s; peak memory 1181 MiB.
2026-10-05T20:11:28Z INFO [437/500] 3ccc9f49-ce48-44f1-8e53-41b73e9bf078: 85 chunks; 2.6 s; peak memory 1181 MiB.
2026-10-05T20:11:57Z INFO [438/500] 3ccd0068-8ed9-4e53-8f9e-8c7e559f1746: 6578 chunks; 28.8 s; peak memory 1181 MiB.
2026-10-05T20:11:59Z INFO [439/500] 3ccd15f1-4f34-4747-b43f-c61ac47b879e: 117 chunks; 1.7 s; peak memory 1181 MiB.
2026-10-05T20:12:00Z INFO [440/500] 3cce418a-f8fb-4018-b150-3d69d51a0b7e: 48 chunks; 1.4 s; peak memory 1181 MiB.
2026-10-05T20:12:02Z INFO [441/500] 3cced9e5-cbcb-479c-af9a-14126d3054b7: 47 chunks; 1.4 s; peak memory 1181 MiB.
2026-10-05T20:12:04Z INFO [442/500] 3ccf7093-88bf-460b-997c-7e086a51b94c: 69 chunks; 2.4 s; peak memory 1181 MiB.
2026-10-05T20:12:06Z INFO [443/500] 3ccfa468-e478-46f3-9e40-f8ede400c0bf: 118 chunks; 1.5 s; peak memory 1181 MiB.
2026-10-05T20:12:07Z INFO [444/500] 3ccfad2a-ab6b-4a00-9731-8225fcff96fd: 106 chunks; 1.7 s; peak memory 1181 MiB.
2026-10-05T20:12:10Z INFO [445/500] 3ccffa04-5a4b-4508-acb3-a2dd647874fa: 115 chunks; 3.0 s; peak memory 1181 MiB.
2026-10-05T20:12:12Z INFO [446/500] 3cd2c01d-ecf3-4231-9639-da88f6642852: 77 chunks; 1.5 s; peak memory 1181 MiB.
2026-10-05T20:12:13Z INFO [447/500] 3cd4e013-5ccb-4628-9312-85c686654474: 48 chunks; 1.4 s; peak memory 1181 MiB.
2026-10-05T20:12:16Z INFO [448/500] 3cd50129-05d7-4aa4-83d4-2827c1c0a34d: 90 chunks; 3.2 s; peak memory 1181 MiB.
2026-10-05T20:12:22Z INFO [449/500] 3cd5116e-bb98-46c1-9c6e-c597d1020150: 833 chunks; 5.8 s; peak memory 1181 MiB.
2026-10-05T20:12:24Z INFO [450/500] 3cd51268-07ec-4dfb-b2cd-13c54386641d: 117 chunks; 1.5 s; peak memory 1181 MiB.
2026-10-05T20:12:24Z INFO [450/500] 3cd51268-07ec-4dfb-b2cd-13c54386641d: checkpointed 76284 records.
2026-10-05T20:12:25Z INFO [451/500] 3cd579a3-1dcf-4071-b221-66f906cb78f6: 46 chunks; 1.0 s; peak memory 1181 MiB.
2026-10-05T20:12:26Z INFO [452/500] 3cd6b318-14cc-45e9-86d7-5f07de88bc51: 48 chunks; 1.3 s; peak memory 1181 MiB.
2026-10-05T20:12:36Z INFO [453/500] 3cd841cd-6ded-4a02-bda7-9fddb88d2bb6: 23099 chunks; 9.5 s; peak memory 1181 MiB.
2026-10-05T20:12:38Z INFO [454/500] 3cd8f104-1476-4023-a631-7eda24f8e70d: 64 chunks; 2.6 s; peak memory 1181 MiB.
2026-10-05T20:12:45Z INFO [455/500] 3cd92492-ac70-4fc0-95b5-1ee98b8120ec: 2923 chunks; 6.5 s; peak memory 1181 MiB.
2026-10-05T20:12:47Z INFO [456/500] 3cd959ff-b4b3-424c-a8f1-524c13510c3c: 112 chunks; 1.6 s; peak memory 1181 MiB.
2026-10-05T20:12:49Z INFO [457/500] 3cd9d4df-c2a9-4684-86f6-db2c32ffccc6: 71 chunks; 2.3 s; peak memory 1181 MiB.
2026-10-05T20:12:51Z INFO [458/500] 3cda6a26-c00b-4662-9dbc-43dfd858ee6b: 117 chunks; 1.6 s; peak memory 1181 MiB.
2026-10-05T20:13:02Z INFO [459/500] 3cda7912-45b0-4633-8124-fa8bfde907b1: 21738 chunks; 11.6 s; peak memory 1181 MiB.
2026-10-05T20:13:17Z INFO [460/500] 3cdac30a-97f9-4234-bfe6-afab4377dc2c: 12327 chunks; 14.5 s; peak memory 1181 MiB.
2026-10-05T20:13:18Z INFO [461/500] 3cdadc11-7220-4831-8dfd-f074cbd8f9fb: 56 chunks; 1.1 s; peak memory 1181 MiB.
2026-10-05T20:13:20Z INFO [462/500] 3cdb474b-a425-453c-9b34-465ba13dc347: 51 chunks; 1.8 s; peak memory 1181 MiB.
2026-10-05T20:14:11Z INFO [463/500] 3cdbaea5-879b-4e1a-a274-e4d538331365: 6499 chunks; 51.7 s; peak memory 1181 MiB.
2026-10-05T20:14:13Z INFO [464/500] 3cdc14c8-8a48-4c72-8046-545bec8a592d: 46 chunks; 1.2 s; peak memory 1181 MiB.
2026-10-05T20:14:14Z INFO [465/500] 3cdc4a63-5b23-47a7-80cc-5ce49e478fbb: 41 chunks; 1.1 s; peak memory 1181 MiB.
2026-10-05T20:16:54Z INFO [466/500] 3cdc4efa-c800-4a85-9e4a-672b3f5fcbed: 38198 chunks; 160.6 s; peak memory 1181 MiB.
2026-10-05T20:16:55Z INFO [467/500] 3cdc72f3-2eef-4605-ab44-384ccbd370f3: 46 chunks; 1.0 s; peak memory 1181 MiB.
2026-10-05T20:17:08Z INFO [468/500] 3cdd02a7-7bd9-44f2-9ed4-92d7effb737c: 10404 chunks; 12.8 s; peak memory 1181 MiB.
2026-10-05T20:17:10Z INFO [469/500] 3cdd6153-2a95-489c-8db9-838fb9d24ba7: 117 chunks; 1.5 s; peak memory 1181 MiB.
2026-10-05T20:17:12Z INFO [470/500] 3cdd7b5a-37e4-416e-87c8-73fc9c83f560: 937 chunks; 2.4 s; peak memory 1181 MiB.
2026-10-05T20:17:14Z INFO [471/500] 3cdd8c1e-9b78-46f6-b229-5ae4628d33d9: 62 chunks; 1.8 s; peak memory 1181 MiB.
2026-10-05T20:17:16Z INFO [472/500] 3cddf2fa-f998-4906-9260-d72880bef277: 51 chunks; 1.8 s; peak memory 1181 MiB.
2026-10-05T20:17:19Z INFO [473/500] 3cde0684-a04b-46a9-9568-a0082d4f04b0: 154 chunks; 3.6 s; peak memory 1181 MiB.
2026-10-05T20:17:21Z INFO [474/500] 3cdea0b5-b38e-466a-8226-b871f95be74f: 112 chunks; 2.1 s; peak memory 1181 MiB.
2026-10-05T20:17:22Z INFO [475/500] 3cdeceed-3352-4bf1-a0ab-94909fb3cce1: 57 chunks; 1.0 s; peak memory 1181 MiB.
2026-10-05T20:17:24Z INFO [476/500] 3cdeda6f-d724-4ee6-a7a7-9668c4c83fc9: 48 chunks; 1.3 s; peak memory 1181 MiB.
2026-10-05T20:17:25Z INFO [477/500] 3cdf3657-8ca2-457a-a2da-17a1ee872ef0: 48 chunks; 1.4 s; peak memory 1181 MiB.
2026-10-05T20:17:29Z INFO [478/500] 3cdf7f86-4c3a-47c1-89c8-5f6e5b76ceb7: 548 chunks; 3.6 s; peak memory 1181 MiB.
2026-10-05T20:17:34Z INFO [479/500] 3cdfb147-8809-4309-8fb1-df15f3d2e442: 608 chunks; 5.2 s; peak memory 1181 MiB.
2026-10-05T20:18:02Z INFO [480/500] 3ce01b75-d8b0-44ac-be50-e31f8e1735b3: 6576 chunks; 28.6 s; peak memory 1181 MiB.
2026-10-05T20:18:04Z INFO [481/500] 3ce02783-6ba2-4775-9c21-a54b719b87bc: 48 chunks; 1.3 s; peak memory 1181 MiB.
2026-10-05T20:18:05Z INFO [482/500] 3ce13126-39da-4682-a1de-8dd4460acb9b: 48 chunks; 1.3 s; peak memory 1181 MiB.
2026-10-05T20:18:06Z INFO [483/500] 3ce16f1c-ea47-491e-9583-86e9043366c9: 48 chunks; 1.3 s; peak memory 1181 MiB.
2026-10-05T20:18:14Z INFO [484/500] 3ce1ce0c-ae34-4d6e-a2b2-ca6eb7295a63: 643 chunks; 8.0 s; peak memory 1181 MiB.
2026-10-05T20:18:23Z INFO [485/500] 3ce25b6c-ee51-4ca8-81a1-adbd532b7f1f: 5479 chunks; 8.1 s; peak memory 1181 MiB.
2026-10-05T20:18:24Z INFO [486/500] 3ce28da5-e089-49c5-a4c5-54b9e4cabec0: 48 chunks; 1.3 s; peak memory 1181 MiB.
2026-10-05T20:18:25Z INFO [487/500] 3ce3387d-d6c3-45a1-9866-b9ec0d19fdfa: 48 chunks; 1.3 s; peak memory 1181 MiB.
2026-10-05T20:18:26Z INFO [488/500] 3ce34dd0-fa57-487a-9f96-69461f012ad2: 46 chunks; 1.1 s; peak memory 1181 MiB.
2026-10-05T20:18:28Z INFO [489/500] 3ce3ffd9-51c4-4f3a-85c6-2f4a47a93428: 48 chunks; 1.4 s; peak memory 1181 MiB.
2026-10-05T20:18:29Z INFO [490/500] 3ce459c7-0c46-47d1-ad9c-64a86eb87d70: 46 chunks; 1.1 s; peak memory 1181 MiB.
2026-10-05T20:18:30Z INFO [491/500] 3ce54a53-5545-4baa-81db-bb1eb7c5768c: 48 chunks; 1.3 s; peak memory 1181 MiB.
2026-10-05T20:18:32Z INFO [492/500] 3ce83ca5-be9e-48d1-9112-7f90c835399a: 79 chunks; 1.7 s; peak memory 1181 MiB.
2026-10-05T20:18:47Z INFO [493/500] 3ce846a0-b051-4433-8a3d-90668959336a: 21347 chunks; 15.0 s; peak memory 1181 MiB.
2026-10-05T20:19:52Z INFO [494/500] 3cea9385-345e-4c4f-a727-cfa8973e0846: 25653 chunks; 64.9 s; peak memory 1181 MiB.
2026-10-05T20:19:54Z INFO [495/500] 3ceae1e6-047c-425d-bc98-b0fec1939324: 74 chunks; 2.0 s; peak memory 1181 MiB.
2026-10-05T20:19:56Z INFO [496/500] 3ceafba5-6bdb-4ef8-a729-217e4d8d1814: 70 chunks; 2.2 s; peak memory 1181 MiB.
2026-10-05T20:20:58Z INFO [497/500] 3ceb7112-7789-4821-babf-9085d2352da9: 24117 chunks; 61.6 s; peak memory 1181 MiB.
2026-10-05T20:24:17Z INFO [498/500] 3ceb822e-ddf2-494d-a392-5786dc7e5513: 44885 chunks; 199.6 s; peak memory 1181 MiB.
2026-10-05T20:24:19Z INFO [499/500] 3cec266c-d618-45c4-af90-9a82de2cc1bc: 117 chunks; 1.7 s; peak memory 1181 MiB.
2026-10-05T20:24:21Z INFO [500/500] 3ceca974-8a1d-4427-95fb-41c3117a29f9: 69 chunks; 2.4 s; peak memory 1181 MiB.
2026-10-05T20:24:22Z INFO [500/500] 3ceca974-8a1d-4427-95fb-41c3117a29f9: checkpointed 76334 records.
2026-10-05T20:24:22Z INFO Wrote 76334 records to /tmp/derivatives/valid_nwb_file_to_chunk_stats.jsonl (500 new, 0 failed) in 90.6 min (peak memory 1181 MiB).
