2026-10-09T21:23:38Z INFO Logging to /tmp/logs/update_2026-10-09T21-23-38Z.log.
2026-10-09T21:23:38Z INFO Update valid-nwb-file-to-chunk-stats (base directory /tmp).
2026-10-09T21:23:39Z INFO Processing 500 items (99334 already recorded).
2026-10-09T21:23:58Z INFO [1/500] 6c8f272f-8932-44a2-8889-defb3c6fd343: 22534 chunks; 19.1 s; peak memory 252 MiB.
2026-10-09T21:23:59Z INFO [2/500] 6c90a27c-d01d-42f6-a5b3-01edb488bc1b: 48 chunks; 1.3 s; peak memory 252 MiB.
2026-10-09T21:24:00Z INFO [3/500] 6c90a5a4-b928-44ed-9979-8c24c7d9f3c4: 46 chunks; 1.3 s; peak memory 252 MiB.
2026-10-09T21:24:43Z INFO [4/500] 6c934e64-5133-4e4b-9513-93e46fd20c20: 847 chunks; 43.0 s; peak memory 291 MiB.
2026-10-09T21:24:45Z INFO [5/500] 6c93918e-5014-40b0-95b3-47be8678763f: 50 chunks; 1.2 s; peak memory 291 MiB.
2026-10-09T21:24:56Z INFO [6/500] 6c93ce2e-7afa-4d50-b742-6e2af2df2675: 441 chunks; 11.7 s; peak memory 291 MiB.
2026-10-09T21:24:58Z INFO [7/500] 6c93f6bb-a5ae-4ee7-a363-10f9c28a0c7d: 112 chunks; 1.6 s; peak memory 291 MiB.
2026-10-09T21:25:04Z INFO [8/500] 6c9556fc-0c11-4a16-a252-951646a412b4: 9822 chunks; 6.2 s; peak memory 291 MiB.
2026-10-09T21:25:08Z INFO [9/500] 6c95b5ed-550a-4373-b13b-34d276de81d2: 116 chunks; 3.5 s; peak memory 291 MiB.
2026-10-09T21:25:09Z INFO [10/500] 6c95ed0f-bc70-486c-97e2-f9ac9f5f4d12: 48 chunks; 1.5 s; peak memory 291 MiB.
2026-10-09T21:25:10Z INFO [11/500] 6c97924a-82c9-45e9-ac62-253e2a23c218: 116 chunks; 1.5 s; peak memory 291 MiB.
2026-10-09T21:27:53Z INFO [12/500] 6c994c85-ec4d-4ab2-a12e-ddb61fc0ca53: 38171 chunks; 162.0 s; peak memory 365 MiB.
2026-10-09T21:27:54Z INFO [13/500] 6c995192-5084-44b4-8eab-36713916efbc: 112 chunks; 1.7 s; peak memory 365 MiB.
2026-10-09T21:27:56Z INFO [14/500] 6c99b010-580f-4781-ad10-6e9a7694f272: 112 chunks; 1.8 s; peak memory 365 MiB.
2026-10-09T21:27:58Z INFO [15/500] 6c99ba63-af25-460d-8dc2-5860fbc867c5: 112 chunks; 1.8 s; peak memory 365 MiB.
2026-10-09T21:27:59Z INFO [16/500] 6c9a0f3d-52d6-4ec8-9412-893543e94448: 46 chunks; 1.3 s; peak memory 365 MiB.
2026-10-09T21:28:03Z INFO [17/500] 6c9a18dc-e678-4de1-a163-691afb02a0b4: 156 chunks; 3.8 s; peak memory 365 MiB.
2026-10-09T21:28:05Z INFO [18/500] 6c9b7ef6-ec72-4049-aad2-995e4cd304b9: 112 chunks; 1.7 s; peak memory 365 MiB.
2026-10-09T21:28:06Z INFO [19/500] 6c9b8000-8632-4f93-b740-b3e92a3a83b3: 46 chunks; 1.0 s; peak memory 365 MiB.
2026-10-09T21:28:08Z INFO [20/500] 6c9b982f-eff8-444f-955d-f6309f9729ab: 112 chunks; 2.1 s; peak memory 365 MiB.
2026-10-09T21:28:09Z INFO [21/500] 6c9c2fab-7137-4f18-b605-94588bd78548: 117 chunks; 1.6 s; peak memory 365 MiB.
2026-10-09T21:28:11Z INFO [22/500] 6c9ca6c5-8672-4d95-8c5e-7624d6063caa: 117 chunks; 1.5 s; peak memory 365 MiB.
2026-10-09T21:28:12Z INFO [23/500] 6c9da112-8c0c-4766-b2e8-407183321c05: 116 chunks; 1.6 s; peak memory 365 MiB.
2026-10-09T21:28:14Z INFO [24/500] 6c9e1561-f557-45e0-b630-517f6587c9a8: 69 chunks; 1.8 s; peak memory 365 MiB.
2026-10-09T21:28:15Z INFO [25/500] 6c9e84b2-5fc3-42aa-a7d5-b335855b04d0: 48 chunks; 1.3 s; peak memory 365 MiB.
2026-10-09T21:28:22Z INFO [26/500] 6c9ee7b4-1e19-4c26-8577-cb401ce64b1d: 2923 chunks; 7.0 s; peak memory 365 MiB.
2026-10-09T21:28:24Z INFO [27/500] 6c9f0e60-d561-4c77-b164-842b12bc5cf1: 112 chunks; 1.9 s; peak memory 365 MiB.
2026-10-09T21:28:26Z INFO [28/500] 6c9f34aa-d879-4b36-8a42-dd161cd2c47f: 118 chunks; 1.7 s; peak memory 365 MiB.
2026-10-09T21:28:54Z INFO [29/500] 6c9f49b0-f474-4fb1-a833-b78f159604c7: 5639 chunks; 27.5 s; peak memory 365 MiB.
2026-10-09T21:28:55Z INFO [30/500] 6ca056b8-5050-4629-989c-74a839d2aa9d: 46 chunks; 1.0 s; peak memory 365 MiB.
2026-10-09T21:28:56Z INFO [31/500] 6ca0b4b4-29a6-471e-8e2a-081b5be3e856: 48 chunks; 1.4 s; peak memory 365 MiB.
2026-10-09T21:28:57Z INFO [32/500] 6ca13701-e0af-4ebd-b911-9d63f26f2acf: 77 chunks; 1.5 s; peak memory 365 MiB.
2026-10-09T21:28:59Z INFO [33/500] 6ca175d9-98a3-4f11-8b6b-1299c29c62f7: 48 chunks; 1.5 s; peak memory 365 MiB.
2026-10-09T21:29:00Z INFO [34/500] 6ca2d542-0518-4b9a-a936-b0c50a7d749b: 65 chunks; 1.6 s; peak memory 365 MiB.
2026-10-09T21:29:02Z INFO [35/500] 6ca36bd3-7e71-4465-83e5-d4dfffe78d33: 47 chunks; 1.2 s; peak memory 365 MiB.
2026-10-09T21:29:08Z INFO [36/500] 6ca3d044-a1cf-4329-b984-bfccb79329e1: 1156 chunks; 6.3 s; peak memory 365 MiB.
2026-10-09T21:29:10Z INFO [37/500] 6ca4ce55-5c85-484a-b201-af093a31f762: 112 chunks; 1.9 s; peak memory 365 MiB.
2026-10-09T21:29:16Z INFO [38/500] 6ca4e33f-f698-4861-a34f-e7f769d71b5b: 8209 chunks; 6.4 s; peak memory 365 MiB.
2026-10-09T21:29:20Z INFO [39/500] 6ca5985e-c4fc-4d92-a066-e6887af4304f: 156 chunks; 3.7 s; peak memory 365 MiB.
2026-10-09T21:29:21Z INFO [40/500] 6ca5e31e-0df1-4e8b-bebe-b62f0eab9e1b: 48 chunks; 1.3 s; peak memory 365 MiB.
2026-10-09T21:31:51Z INFO [41/500] 6ca698eb-f7df-4b4b-abf7-87719a95da61: 37757 chunks; 149.7 s; peak memory 365 MiB.
2026-10-09T21:31:53Z INFO [42/500] 6ca6dc45-a5dc-472d-87f3-1db5d6d976ff: 71 chunks; 2.4 s; peak memory 365 MiB.
2026-10-09T21:31:55Z INFO [43/500] 6ca71e82-11ce-4de8-8006-ad273a0bafc8: 117 chunks; 1.8 s; peak memory 365 MiB.
2026-10-09T21:31:57Z INFO [44/500] 6ca76acc-7a72-412f-9f09-b56a85fe3443: 116 chunks; 1.5 s; peak memory 365 MiB.
2026-10-09T21:32:00Z INFO [45/500] 6ca82700-a0d9-4cb4-b909-199c1cd56470: 115 chunks; 3.3 s; peak memory 365 MiB.
2026-10-09T21:32:11Z INFO [46/500] 6ca82965-fc33-4e25-a6e8-feaeb9d6f329: 19726 chunks; 10.9 s; peak memory 365 MiB.
2026-10-09T21:32:12Z INFO [47/500] 6ca82a18-d592-485b-afc0-4bb32285f2c0: 48 chunks; 1.4 s; peak memory 365 MiB.
2026-10-09T21:34:54Z INFO [48/500] 6ca83c06-7644-4e67-b1c8-aa12e7365be8: 38405 chunks; 161.7 s; peak memory 375 MiB.
2026-10-09T21:34:56Z INFO [49/500] 6ca84889-5cb3-4224-883f-c516b14e62b5: 117 chunks; 1.5 s; peak memory 375 MiB.
2026-10-09T21:34:58Z INFO [50/500] 6ca853c2-c0c1-4483-a4b1-ba51d1814dca: 124 chunks; 2.3 s; peak memory 375 MiB.
2026-10-09T21:34:58Z INFO [50/500] 6ca853c2-c0c1-4483-a4b1-ba51d1814dca: checkpointed 99384 new records.
2026-10-09T21:35:00Z INFO [51/500] 6ca889ba-f8bd-4470-a7f8-48c649cd8a4b: 68 chunks; 1.7 s; peak memory 375 MiB.
2026-10-09T21:35:01Z INFO [52/500] 6ca94dae-ebac-4d12-822a-32deab1e20a2: 48 chunks; 1.4 s; peak memory 375 MiB.
2026-10-09T21:35:03Z INFO [53/500] 6caada87-a3a6-47dc-944a-89de3eaa262d: 76 chunks; 1.8 s; peak memory 375 MiB.
2026-10-09T21:36:42Z INFO [54/500] 6cabb1f7-34f8-4183-ad92-07c02794ac24: 32825 chunks; 98.6 s; peak memory 375 MiB.
2026-10-09T21:36:44Z INFO [55/500] 6cae6985-a8ec-4930-b365-184bbe4b7e66: 66 chunks; 2.0 s; peak memory 375 MiB.
2026-10-09T21:36:45Z INFO [56/500] 6caf5520-99db-4be9-9b6f-782d733689c7: 116 chunks; 1.5 s; peak memory 375 MiB.
2026-10-09T21:36:46Z INFO [57/500] 6cb0735b-0def-4eb9-a47e-384592163d64: 46 chunks; 1.0 s; peak memory 375 MiB.
2026-10-09T21:37:03Z INFO [58/500] 6cb09e11-75ea-4cbd-b260-cbccaab92eed: 24561 chunks; 16.3 s; peak memory 375 MiB.
2026-10-09T21:37:04Z INFO [59/500] 6cb0db7c-0df2-4bb2-921d-7e3b7498208b: 48 chunks; 1.5 s; peak memory 375 MiB.
2026-10-09T21:37:06Z INFO [60/500] 6cb13fba-686d-452a-9dfa-b5642c9a3654: 62 chunks; 2.0 s; peak memory 375 MiB.
2026-10-09T21:37:07Z INFO [61/500] 6cb152af-63e3-4b05-99ca-d9f104d4fb59: 48 chunks; 1.4 s; peak memory 375 MiB.
2026-10-09T21:37:14Z INFO [62/500] 6cb29158-7c64-43a8-a380-e6b6b98e9346: 484 chunks; 6.9 s; peak memory 375 MiB.
2026-10-09T21:37:25Z INFO [63/500] 6cb29b0b-71f0-42d2-a70f-e5e603e14f0b: 11930 chunks; 10.4 s; peak memory 375 MiB.
2026-10-09T21:37:26Z INFO [64/500] 6cb310a7-f0ce-43c2-9b08-b359f7f3bd17: 116 chunks; 1.6 s; peak memory 375 MiB.
2026-10-09T21:37:33Z INFO [65/500] 6cb3b591-be6c-4b33-a614-d06dfaad8d2c: 8130 chunks; 6.2 s; peak memory 375 MiB.
2026-10-09T21:37:34Z INFO [66/500] 6cb3d7dc-7a0c-43d8-becc-75c2284dcf9b: 117 chunks; 1.5 s; peak memory 375 MiB.
2026-10-09T21:38:03Z INFO [67/500] 6cb400c7-09bd-4357-99f3-a39eb7d45b83: 6053 chunks; 28.9 s; peak memory 375 MiB.
2026-10-09T21:38:04Z INFO [68/500] 6cb41e7d-cad9-4707-9a55-b53b874a4dee: 48 chunks; 1.3 s; peak memory 375 MiB.
2026-10-09T21:38:06Z INFO [69/500] 6cb45a60-06ce-4cc6-bf3c-2a55ef7ee67b: 112 chunks; 1.7 s; peak memory 375 MiB.
2026-10-09T21:38:20Z INFO [70/500] 6cb48330-7470-467d-bf3b-301e89674eec: 13618 chunks; 13.8 s; peak memory 375 MiB.
2026-10-09T21:38:22Z INFO [71/500] 6cb543c7-a0f2-4840-b2fe-ea68a24f0ccc: 141 chunks; 2.0 s; peak memory 375 MiB.
2026-10-09T21:38:23Z INFO [72/500] 6cb5d860-e317-4fbe-a0fe-7af77d480bf7: 46 chunks; 1.4 s; peak memory 375 MiB.
2026-10-09T21:38:25Z INFO [73/500] 6cb6a022-5fb5-42d8-9be6-8b0644e0101c: 48 chunks; 1.3 s; peak memory 375 MiB.
2026-10-09T21:38:26Z INFO [74/500] 6cb705b6-56e8-4718-9a72-920bb10c863f: 48 chunks; 1.4 s; peak memory 375 MiB.
2026-10-09T21:38:30Z INFO [75/500] 6cb78ba9-932e-48ba-8efe-2d670206bde8: 784 chunks; 4.1 s; peak memory 375 MiB.
2026-10-09T21:38:37Z INFO [76/500] 6cb86a7e-ef09-4a94-ad29-15f3af6ebcb2: 1336 chunks; 6.9 s; peak memory 375 MiB.
2026-10-09T21:38:38Z INFO [77/500] 6cb95151-dc9b-47eb-a6ca-ecccb787ec36: 48 chunks; 1.4 s; peak memory 375 MiB.
2026-10-09T21:38:46Z INFO [78/500] 6cb9a673-da56-4283-84ea-9771dfc3b181: 264 chunks; 7.5 s; peak memory 375 MiB.
2026-10-09T21:38:47Z INFO [79/500] 6cb9bb92-e30e-465c-927b-68ddb3743269: 41 chunks; 1.2 s; peak memory 375 MiB.
2026-10-09T21:38:50Z INFO [80/500] 6cba2fe2-a61d-472a-8857-384374c8e2ef: 115 chunks; 3.3 s; peak memory 375 MiB.
2026-10-09T21:38:52Z INFO [81/500] 6cba5198-06c2-4b1e-b034-e11580afc851: 117 chunks; 1.6 s; peak memory 375 MiB.
2026-10-09T21:38:53Z INFO [82/500] 6cbc18ed-4abf-43c3-bf97-d188459e8aa8: 112 chunks; 1.6 s; peak memory 375 MiB.
2026-10-09T21:38:56Z INFO [83/500] 6cbc5728-0cf8-4f7f-8147-eb9ba04ecb1f: 119 chunks; 2.9 s; peak memory 375 MiB.
2026-10-09T21:38:59Z INFO [84/500] 6cbd5bec-73ab-4426-8305-4ef6be2ba96b: 186 chunks; 3.2 s; peak memory 375 MiB.
2026-10-09T21:39:12Z INFO [85/500] 6cbd5f01-8195-491c-a1a9-f517ee91ad4a: 1039 chunks; 12.0 s; peak memory 375 MiB.
2026-10-09T21:39:13Z INFO [86/500] 6cbd6533-72b4-4392-8e4a-4fb59cde5833: 52 chunks; 1.0 s; peak memory 375 MiB.
2026-10-09T21:39:15Z INFO [87/500] 6cbef589-9558-4f92-a089-334a7818159d: 78 chunks; 2.3 s; peak memory 375 MiB.
2026-10-09T21:39:22Z INFO [88/500] 6cbfbe58-73ac-4a51-b4d2-2c950d328ceb: 8269 chunks; 7.3 s; peak memory 375 MiB.
2026-10-09T21:39:24Z INFO [89/500] 6cbff0fc-fac0-4676-a296-36bc635ef3cb: 74 chunks; 1.7 s; peak memory 375 MiB.
2026-10-09T21:39:26Z INFO [90/500] 6cc04e8f-00e9-41c5-84d5-6948f116f67f: 117 chunks; 1.8 s; peak memory 375 MiB.
2026-10-09T21:39:27Z INFO [91/500] 6cc08054-9797-420d-94fa-cba42d02c486: 59 chunks; 1.8 s; peak memory 375 MiB.
2026-10-09T21:39:34Z INFO [92/500] 6cc09cfb-2a46-4397-a580-28eeaa407c38: 340 chunks; 6.4 s; peak memory 375 MiB.
2026-10-09T21:39:36Z INFO [93/500] 6cc0f65a-aed3-4ac8-9c22-1ce7ae2ec5a0: 50 chunks; 1.7 s; peak memory 375 MiB.
2026-10-09T21:39:37Z INFO [94/500] 6cc10061-efc5-4489-9060-db91d27793d8: 43 chunks; 1.6 s; peak memory 375 MiB.
2026-10-09T21:39:40Z INFO [95/500] 6cc1011b-ee98-4c94-a89e-02fc2fbbddd4: 103 chunks; 2.7 s; peak memory 375 MiB.
2026-10-09T21:39:42Z INFO [96/500] 6cc1b2dc-0d2f-48d4-8008-a93454d1d975: 66 chunks; 2.0 s; peak memory 375 MiB.
2026-10-09T21:39:43Z INFO [97/500] 6cc229d3-da88-4fea-87c6-4f4fc562e228: 52 chunks; 1.4 s; peak memory 375 MiB.
2026-10-09T21:39:46Z INFO [98/500] 6cc25518-983b-4cb8-95f9-180c5154773a: 71 chunks; 2.4 s; peak memory 375 MiB.
2026-10-09T21:39:47Z INFO [99/500] 6cc31808-d64b-4abd-9c1b-6eacb315524f: 48 chunks; 1.2 s; peak memory 375 MiB.
2026-10-09T21:39:48Z INFO [100/500] 6cc36d6e-1556-45ee-9a14-0a8a8c18c2ae: 48 chunks; 1.4 s; peak memory 375 MiB.
2026-10-09T21:39:49Z INFO [100/500] 6cc36d6e-1556-45ee-9a14-0a8a8c18c2ae: checkpointed 99434 new records.
2026-10-09T21:39:51Z INFO [101/500] 6cc3fdec-d957-4669-82ff-0ee0ed81046e: 112 chunks; 2.0 s; peak memory 375 MiB.
2026-10-09T21:39:53Z INFO [102/500] 6cc5ac30-dfbf-469e-8911-0995fc7c975b: 289 chunks; 2.0 s; peak memory 375 MiB.
2026-10-09T21:39:54Z INFO [103/500] 6cc6e836-3d18-40b3-a7c5-9ee6e3c6d33b: 46 chunks; 1.0 s; peak memory 375 MiB.
2026-10-09T21:40:00Z INFO [104/500] 6cc76a9c-cb81-4f85-83a6-59ce609574be: 174 chunks; 6.2 s; peak memory 375 MiB.
2026-10-09T21:40:01Z INFO [105/500] 6cc786ce-e5ab-49a6-a018-07f74c879e58: 48 chunks; 1.4 s; peak memory 375 MiB.
2026-10-09T21:40:03Z INFO [106/500] 6cc809a0-8ac9-4444-a37b-ff3420f4d8ef: 112 chunks; 2.0 s; peak memory 375 MiB.
2026-10-09T21:40:30Z INFO [107/500] 6cc82103-2722-4ceb-81f9-047dc6d665e2: 48824 chunks; 26.4 s; peak memory 375 MiB.
2026-10-09T21:40:31Z INFO [108/500] 6cc8564c-c213-46b6-add8-32827c71af62: 48 chunks; 1.2 s; peak memory 375 MiB.
2026-10-09T21:40:32Z INFO [109/500] 6cc972af-ddb4-4be8-9f04-bc4c15b8f616: 52 chunks; 1.5 s; peak memory 375 MiB.
2026-10-09T21:40:40Z INFO [110/500] 6cca8a62-1baa-40e0-8a8b-8226d0c02433: 1220 chunks; 7.5 s; peak memory 375 MiB.
2026-10-09T21:40:41Z INFO [111/500] 6ccafac2-0b26-49a4-b564-e531be1d110c: 116 chunks; 1.6 s; peak memory 375 MiB.
2026-10-09T21:40:43Z INFO [112/500] 6ccb2c19-0a16-42eb-a210-aa0327084c0c: 110 chunks; 1.7 s; peak memory 375 MiB.
2026-10-09T21:40:44Z INFO [113/500] 6ccbe41f-81ea-4538-8deb-942cf3c65555: 46 chunks; 1.3 s; peak memory 375 MiB.
2026-10-09T21:41:13Z INFO [114/500] 6ccd2634-83f8-45b0-a4e6-33ae89c60c62: 5713 chunks; 28.1 s; peak memory 375 MiB.
2026-10-09T21:41:15Z INFO [115/500] 6cce1e3e-5010-4cef-96c2-6ef608ca7dd9: 204 chunks; 2.1 s; peak memory 375 MiB.
2026-10-09T21:41:16Z INFO [116/500] 6cce2be3-9ca8-4969-955d-2001c6288f7b: 52 chunks; 1.2 s; peak memory 375 MiB.
2026-10-09T21:41:17Z INFO [117/500] 6ccfb1f7-40fc-44b5-8df1-3831d7659ce2: 119 chunks; 1.3 s; peak memory 375 MiB.
2026-10-09T21:41:29Z INFO [118/500] 6cd051af-1113-4301-b2e5-4b3556f34318: 16683 chunks; 11.4 s; peak memory 375 MiB.
2026-10-09T21:41:30Z INFO [119/500] 6cd06980-4e27-4488-bddb-675e00003be4: 117 chunks; 1.7 s; peak memory 375 MiB.
2026-10-09T21:41:32Z INFO [120/500] 6cd1229e-833e-4539-860d-e73c3b5a6d11: 117 chunks; 1.6 s; peak memory 375 MiB.
2026-10-09T21:41:34Z INFO [121/500] 6cd16efc-a727-4917-b877-f52cb363c50f: 112 chunks; 2.2 s; peak memory 375 MiB.
2026-10-09T21:42:04Z INFO [122/500] 6cd1c57a-04b6-4d12-b055-a5782f87d344: 33885 chunks; 29.4 s; peak memory 375 MiB.
2026-10-09T21:42:05Z INFO [123/500] 6cd2017a-ec16-4fc9-9fec-7c87107df389: 41 chunks; 1.3 s; peak memory 375 MiB.
2026-10-09T21:42:07Z INFO [124/500] 6cd20d72-4817-46cf-a710-43895e3772f3: 67 chunks; 1.9 s; peak memory 375 MiB.
2026-10-09T21:42:08Z INFO [125/500] 6cd27349-1f0c-4f37-8b3a-9825cb9db4af: 90 chunks; 1.2 s; peak memory 375 MiB.
2026-10-09T21:42:09Z INFO [126/500] 6cd2c295-aa02-43d5-97ef-a2b42dfb0cbf: 110 chunks; 1.5 s; peak memory 375 MiB.
2026-10-09T21:42:16Z INFO [127/500] 6cd2da31-af4d-4eaa-8250-e6e381b13d27: 644 chunks; 6.4 s; peak memory 375 MiB.
2026-10-09T21:42:17Z INFO [128/500] 6cd32d78-7a21-4ac1-a250-d8eda9eef4c7: 48 chunks; 1.3 s; peak memory 375 MiB.
2026-10-09T21:42:24Z INFO [129/500] 6cd39996-3f7d-40f1-8510-913ce00f8f02: 208 chunks; 6.9 s; peak memory 375 MiB.
2026-10-09T21:42:25Z INFO [130/500] 6cd4237d-85f8-4058-9c39-f553e32a61c9: 46 chunks; 1.3 s; peak memory 375 MiB.
2026-10-09T21:42:41Z INFO [131/500] 6cd48859-7206-4600-880d-8f6d284b0b8a: 13963 chunks; 16.0 s; peak memory 375 MiB.
2026-10-09T21:42:49Z INFO [132/500] 6cd5d517-d90a-4eae-8e73-33dbb54110d8: 2923 chunks; 8.0 s; peak memory 375 MiB.
2026-10-09T21:42:50Z INFO [133/500] 6cd5d7b0-e5ae-4da8-97c7-ae1c44ca7f37: 45 chunks; 1.1 s; peak memory 375 MiB.
2026-10-09T21:42:59Z INFO [134/500] 6cd5feb5-24ba-4cca-89ec-dcafb9612124: 2923 chunks; 8.2 s; peak memory 375 MiB.
2026-10-09T21:43:00Z INFO [135/500] 6cd6b77c-ce9c-4cbc-a4e6-be9f2349f3d5: 39 chunks; 1.3 s; peak memory 375 MiB.
2026-10-09T21:43:01Z INFO [136/500] 6cd6db5d-1a8a-481f-bb48-6bc0314b4cf3: 121 chunks; 1.3 s; peak memory 375 MiB.
2026-10-09T21:43:32Z INFO [137/500] 6cd7c6c2-9e72-4df3-82d1-5fd0743db43f: 6594 chunks; 31.3 s; peak memory 375 MiB.
2026-10-09T21:44:03Z INFO [138/500] 6cd81c1e-adcd-4844-a9b4-1fb7f095efec: 6576 chunks; 30.6 s; peak memory 375 MiB.
2026-10-09T21:44:04Z INFO [139/500] 6cd85948-baf2-47d1-a7c9-3d816282517b: 46 chunks; 1.0 s; peak memory 375 MiB.
2026-10-09T21:44:12Z INFO [140/500] 6cd93d7c-d837-45f2-a15f-8db7fff69f96: 152 chunks; 7.8 s; peak memory 375 MiB.
2026-10-09T21:44:15Z INFO [141/500] 6cd95eaa-34f9-4305-b462-f822c4c47dae: 115 chunks; 3.0 s; peak memory 375 MiB.
2026-10-09T21:44:16Z INFO [142/500] 6cd960e2-3fa4-41c6-8488-4751424b88bf: 117 chunks; 1.4 s; peak memory 375 MiB.
2026-10-09T21:44:19Z INFO [143/500] 6cda0bb1-1528-426a-8628-ea6ed330c9cc: 67 chunks; 2.6 s; peak memory 375 MiB.
2026-10-09T21:44:20Z INFO [144/500] 6cdb5a38-8d43-4bab-9db0-071bdc896569: 48 chunks; 1.3 s; peak memory 375 MiB.
2026-10-09T21:44:23Z INFO [145/500] 6cdbedcd-0bda-4ad0-88d6-694c8cf2ad4d: 171 chunks; 2.9 s; peak memory 375 MiB.
2026-10-09T21:44:25Z INFO [146/500] 6cdc5fda-4a73-47d9-965b-a4b914caea9e: 56 chunks; 1.5 s; peak memory 375 MiB.
2026-10-09T21:44:36Z INFO [147/500] 6cdcbf8c-a6b0-4103-a325-736e3a038335: 336 chunks; 11.1 s; peak memory 375 MiB.
2026-10-09T21:44:45Z INFO [148/500] 6cdcca97-fbf5-4dd4-9b4e-2623ca412e3c: 1210 chunks; 9.0 s; peak memory 375 MiB.
2026-10-09T21:44:51Z INFO [149/500] 6cdd1560-3fdd-4f1f-82f1-9399be2b5b00: 676 chunks; 5.8 s; peak memory 375 MiB.
2026-10-09T21:44:52Z INFO [150/500] 6cdd7369-f402-456a-bc1a-0af6e1051d47: 131 chunks; 1.7 s; peak memory 375 MiB.
2026-10-09T21:44:53Z INFO [150/500] 6cdd7369-f402-456a-bc1a-0af6e1051d47: checkpointed 99484 new records.
2026-10-09T21:44:54Z INFO [151/500] 6cde33d3-a200-4230-8d34-66e4d9375b1a: 117 chunks; 1.5 s; peak memory 375 MiB.
2026-10-09T21:44:56Z INFO [152/500] 6cdecfa3-c8e7-4473-89f2-d17b0ff5738e: 117 chunks; 1.5 s; peak memory 375 MiB.
2026-10-09T21:44:58Z INFO [153/500] 6cdf7775-f558-4d85-a47b-ae529f1d4e5b: 71 chunks; 2.2 s; peak memory 375 MiB.
2026-10-09T21:44:59Z INFO [154/500] 6ce13eaa-f20c-4671-a2db-55df228584bb: 48 chunks; 1.2 s; peak memory 375 MiB.
2026-10-09T21:45:01Z INFO [155/500] 6ce1c2da-a77e-4559-9fc4-fdbf2e3364d4: 48 chunks; 1.3 s; peak memory 375 MiB.
2026-10-09T21:45:02Z INFO [156/500] 6ce24b2a-dd8c-4ef6-b8ed-7b2ba27cc726: 66 chunks; 1.4 s; peak memory 375 MiB.
2026-10-09T21:45:04Z INFO [157/500] 6ce31656-c347-46b0-90f0-a78564fbc809: 118 chunks; 1.7 s; peak memory 375 MiB.
2026-10-09T21:45:05Z INFO [158/500] 6ce3b1ff-0606-4293-aea0-af5927cb5d82: 48 chunks; 1.4 s; peak memory 375 MiB.
2026-10-09T21:45:07Z INFO [159/500] 6ce3be33-6441-49e6-b8df-b9769c954dc2: 71 chunks; 2.4 s; peak memory 375 MiB.
2026-10-09T21:45:09Z INFO [160/500] 6ce44aea-1d97-4d56-95eb-360685ccd94a: 48 chunks; 1.3 s; peak memory 375 MiB.
2026-10-09T21:45:10Z INFO [161/500] 6ce4992d-cedc-4cea-b1f5-e11e9d32236f: 48 chunks; 1.4 s; peak memory 375 MiB.
2026-10-09T21:45:12Z INFO [162/500] 6ce4bd0e-c35f-4122-9e6c-183401049c3c: 48 chunks; 1.4 s; peak memory 375 MiB.
2026-10-09T21:56:06Z INFO [163/500] 6ce4e342-b871-484d-9514-a04c11f727f2: 718502 chunks; 654.5 s; peak memory 1233 MiB.
2026-10-09T21:56:18Z INFO [164/500] 6ce4ed85-d712-421d-8c42-7eda9009e063: 15568 chunks; 12.3 s; peak memory 1233 MiB.
2026-10-09T21:56:20Z INFO [165/500] 6ce4f678-cfdb-46e2-84af-421516aca104: 48 chunks; 1.3 s; peak memory 1233 MiB.
2026-10-09T21:56:22Z INFO [166/500] 6ce68233-4e28-4001-9ea7-bad1beb4e0c3: 66 chunks; 2.5 s; peak memory 1233 MiB.
2026-10-09T21:56:30Z INFO [167/500] 6ce7ab65-9382-4aaa-8736-a8040ab345f7: 416 chunks; 7.6 s; peak memory 1233 MiB.
2026-10-09T21:56:31Z INFO [168/500] 6ce7fa80-ef80-4ecd-93b1-6fb44ac3c7d0: 52 chunks; 1.5 s; peak memory 1233 MiB.
2026-10-09T21:56:37Z INFO [169/500] 6ce8abcd-b4ca-4103-8534-67b82735c48f: 287 chunks; 6.2 s; peak memory 1233 MiB.
2026-10-09T21:56:39Z INFO [170/500] 6ce8b608-846d-4415-9463-4ce685680a73: 117 chunks; 1.5 s; peak memory 1233 MiB.
2026-10-09T21:56:40Z INFO [171/500] 6ce94adc-f926-4c09-bb0d-e25251d52120: 45 chunks; 1.0 s; peak memory 1233 MiB.
2026-10-09T21:56:42Z INFO [172/500] 6ce9afb1-afe3-4427-b80b-4a9240d58148: 112 chunks; 1.7 s; peak memory 1233 MiB.
2026-10-09T21:56:43Z INFO [173/500] 6ce9b21b-fe55-4c87-8225-56088f28d1e8: 48 chunks; 1.3 s; peak memory 1233 MiB.
2026-10-09T21:56:49Z INFO [174/500] 6cea597f-e4b1-4775-8929-00486a94feb5: 235 chunks; 6.1 s; peak memory 1233 MiB.
2026-10-09T21:56:51Z INFO [175/500] 6cea8db7-bcf2-4b50-a965-0f88ce03c2a3: 112 chunks; 1.9 s; peak memory 1233 MiB.
2026-10-09T21:56:53Z INFO [176/500] 6ceaddf9-0a5b-411e-86e8-3d211e853128: 112 chunks; 1.9 s; peak memory 1233 MiB.
2026-10-09T21:56:55Z INFO [177/500] 6ceb4891-1235-4f2b-9c5d-2e35f01cff12: 71 chunks; 2.2 s; peak memory 1233 MiB.
2026-10-09T21:56:59Z INFO [178/500] 6cebbc62-49cb-4cba-92c1-90b25640baae: 820 chunks; 3.7 s; peak memory 1233 MiB.
2026-10-09T21:57:00Z INFO [179/500] 6cec29bd-875d-468b-9b3e-e462a6c31b83: 48 chunks; 1.3 s; peak memory 1233 MiB.
2026-10-09T21:57:01Z INFO [180/500] 6cecad26-1325-43d1-b048-6b1ce1666bf9: 57 chunks; 1.0 s; peak memory 1233 MiB.
2026-10-09T21:57:02Z INFO [181/500] 6cece0a5-4893-46d8-89c7-6402b797e210: 118 chunks; 1.4 s; peak memory 1233 MiB.
2026-10-09T21:57:06Z INFO [182/500] 6ced9ab2-497b-4e75-99a7-52894221dcee: 115 chunks; 3.2 s; peak memory 1233 MiB.
2026-10-09T21:57:07Z INFO [183/500] 6cef9f40-06c5-4531-b648-8155a9e5afb0: 48 chunks; 1.3 s; peak memory 1233 MiB.
2026-10-09T21:57:08Z INFO [184/500] 6cefb374-ce39-4028-a7cd-8ad4bbbc9f38: 48 chunks; 1.4 s; peak memory 1233 MiB.
2026-10-09T21:57:11Z INFO [185/500] 6cf00f1b-4cf1-4321-8b83-2151e6482425: 140 chunks; 2.3 s; peak memory 1233 MiB.
2026-10-09T21:57:12Z INFO [186/500] 6cf045b7-680e-4bc7-bb7d-fab42a3473df: 48 chunks; 1.3 s; peak memory 1233 MiB.
2026-10-09T21:57:13Z INFO [187/500] 6cf11af7-3f6a-46cb-8b52-154375d1c398: 43 chunks; 1.3 s; peak memory 1233 MiB.
2026-10-09T21:57:15Z INFO [188/500] 6cf1667f-218d-4ca6-8a7a-2e6dc0ad1b7d: 112 chunks; 1.7 s; peak memory 1233 MiB.
2026-10-09T21:57:16Z INFO [189/500] 6cf21a67-1e02-4eee-977d-9c51c4cb49f5: 52 chunks; 1.3 s; peak memory 1233 MiB.
2026-10-09T21:57:18Z INFO [190/500] 6cf23b83-8b03-4786-8636-d072556e7da2: 48 chunks; 1.3 s; peak memory 1233 MiB.
2026-10-09T21:57:19Z INFO [191/500] 6cf242d9-1efa-40d8-bc05-b5e62ef4eb79: 63 chunks; 1.3 s; peak memory 1233 MiB.
2026-10-09T21:57:42Z INFO [192/500] 6cf41644-d8b4-4711-b9a3-62292250dc3c: 31325 chunks; 22.8 s; peak memory 1233 MiB.
2026-10-09T21:57:44Z INFO [193/500] 6cf4dbe3-bca7-4451-95af-d48f15d8d601: 112 chunks; 2.1 s; peak memory 1233 MiB.
2026-10-09T21:57:45Z INFO [194/500] 6cf65ce5-8820-4778-99c9-d59a84175baf: 72 chunks; 1.4 s; peak memory 1233 MiB.
2026-10-09T21:57:47Z INFO [195/500] 6cf6cdae-3701-4648-8a17-7e27ef32731e: 48 chunks; 1.4 s; peak memory 1233 MiB.
2026-10-09T21:57:49Z INFO [196/500] 6cf8fdee-f28f-42be-8fb0-f6ed49775bf5: 112 chunks; 2.0 s; peak memory 1233 MiB.
2026-10-09T21:57:50Z INFO [197/500] 6cf93f66-9b26-4051-b574-255ca93f6daa: 46 chunks; 1.3 s; peak memory 1233 MiB.
2026-10-09T21:57:51Z INFO [198/500] 6cf997f7-d7e3-492b-806b-094dd10fdc56: 46 chunks; 1.1 s; peak memory 1233 MiB.
2026-10-09T21:57:53Z INFO [199/500] 6cf9991a-f146-4ba6-8437-92f8572b4b94: 69 chunks; 1.9 s; peak memory 1233 MiB.
2026-10-09T21:58:02Z INFO [200/500] 6cfb3ed2-d17d-45b8-a8e1-4ac593e44540: 9759 chunks; 9.5 s; peak memory 1233 MiB.
2026-10-09T21:58:03Z INFO [200/500] 6cfb3ed2-d17d-45b8-a8e1-4ac593e44540: checkpointed 99534 new records.
2026-10-09T21:58:10Z INFO [201/500] 6cfb3f54-65f9-44c8-997b-265b8f39cdcf: 2921 chunks; 7.3 s; peak memory 1233 MiB.
2026-10-09T21:58:12Z INFO [202/500] 6cfb49d9-3015-4ce5-98b5-7d599d213c2f: 60 chunks; 1.7 s; peak memory 1233 MiB.
2026-10-09T21:58:13Z INFO [203/500] 6cfc4de1-ff8a-4da6-bf62-8d51512acffd: 56 chunks; 1.1 s; peak memory 1233 MiB.
2026-10-09T21:58:20Z INFO [204/500] 6cfcea5a-296d-4a39-9a69-ea16744c2e65: 2923 chunks; 7.6 s; peak memory 1233 MiB.
2026-10-09T21:58:29Z INFO [205/500] 6cfe6914-8b5c-4f6e-921f-b90079a5e87d: 4772 chunks; 8.5 s; peak memory 1233 MiB.
2026-10-09T21:58:31Z INFO [206/500] 6cff0bd0-8ebc-4607-b819-348eed1ce4cb: 112 chunks; 1.7 s; peak memory 1233 MiB.
2026-10-09T21:59:49Z INFO [207/500] 6cff1576-2914-4472-8e88-2ecfa089507d: 32894 chunks; 78.7 s; peak memory 1233 MiB.
2026-10-09T21:59:51Z INFO [208/500] 6cff8216-47b2-4d2a-91a2-61d1d88e9b12: 117 chunks; 1.6 s; peak memory 1233 MiB.
2026-10-09T21:59:58Z INFO [209/500] 6d002c8e-3b7a-480c-98c8-32a8601659ae: 3111 chunks; 6.6 s; peak memory 1233 MiB.
2026-10-09T22:09:56Z INFO [210/500] 6d01301d-ba19-45a3-aa16-2c3f8c25f13c: 150487 chunks; 597.8 s; peak memory 1233 MiB.
2026-10-09T22:09:57Z INFO [211/500] 6d018577-3fa2-49ef-bb40-35cf4ab4c4a0: 66 chunks; 1.7 s; peak memory 1233 MiB.
2026-10-09T22:09:59Z INFO [212/500] 6d019436-68a8-49ca-a427-3f9b49cef4f5: 110 chunks; 1.7 s; peak memory 1233 MiB.
2026-10-09T22:10:01Z INFO [213/500] 6d01adb5-86a3-4922-afd8-badabb7bee89: 116 chunks; 1.8 s; peak memory 1233 MiB.
2026-10-09T22:10:05Z INFO [214/500] 6d01b610-daaf-442b-bbae-34c6fa7c3b8d: 156 chunks; 3.8 s; peak memory 1233 MiB.
2026-10-09T22:10:06Z INFO [215/500] 6d01c7ac-b4cb-411f-a138-199d13ff0561: 52 chunks; 1.4 s; peak memory 1233 MiB.
2026-10-09T22:10:08Z INFO [216/500] 6d01e239-0c12-477c-a48f-106c02f0d315: 261 chunks; 1.8 s; peak memory 1233 MiB.
2026-10-09T22:10:19Z INFO [217/500] 6d028f2f-369b-4ca1-a171-16db1218adc4: 11558 chunks; 10.9 s; peak memory 1233 MiB.
2026-10-09T22:10:21Z INFO [218/500] 6d02cea5-a8e4-4533-89ac-d90c575ab836: 110 chunks; 2.2 s; peak memory 1233 MiB.
2026-10-09T22:10:28Z INFO [219/500] 6d040958-2e1a-454f-8acd-81650bb6eec1: 2599 chunks; 7.2 s; peak memory 1233 MiB.
2026-10-09T22:10:31Z INFO [220/500] 6d041567-2e28-48f3-ba30-05623ba94b04: 75 chunks; 2.6 s; peak memory 1233 MiB.
2026-10-09T22:10:32Z INFO [221/500] 6d058565-d934-499b-827d-3bd48531f970: 48 chunks; 1.4 s; peak memory 1233 MiB.
2026-10-09T22:10:34Z INFO [222/500] 6d05e74d-e535-4f3a-b2d0-2b4985c36a48: 112 chunks; 1.8 s; peak memory 1233 MiB.
2026-10-09T22:10:45Z INFO [223/500] 6d06967c-50d5-4005-9f54-7f628cee1fde: 24710 chunks; 11.1 s; peak memory 1233 MiB.
2026-10-09T22:10:47Z INFO [224/500] 6d069f28-ed16-4a7c-8991-667fb46c4412: 117 chunks; 1.7 s; peak memory 1233 MiB.
2026-10-09T22:10:48Z INFO [225/500] 6d06c8fd-b87d-456a-b3d9-abfb172abe8a: 33 chunks; 1.0 s; peak memory 1233 MiB.
2026-10-09T22:10:54Z INFO [226/500] 6d0729b6-75d9-4edb-8f4e-b3f57d48e55e: 7978 chunks; 6.2 s; peak memory 1233 MiB.
2026-10-09T22:10:56Z INFO [227/500] 6d086b02-cad3-4c8d-acfa-cadae01acef9: 66 chunks; 2.1 s; peak memory 1233 MiB.
2026-10-09T22:10:57Z INFO [228/500] 6d091364-6ce0-4130-8845-06e75501e34e: 48 chunks; 1.3 s; peak memory 1233 MiB.
2026-10-09T22:10:58Z INFO [229/500] 6d09ae35-40c1-4197-9ac0-0ad6074276ea: 41 chunks; 1.2 s; peak memory 1233 MiB.
2026-10-09T22:11:00Z INFO [230/500] 6d0a325e-531a-45a2-9187-7b36aa63c896: 117 chunks; 1.5 s; peak memory 1233 MiB.
2026-10-09T22:11:02Z INFO [231/500] 6d0c57b7-621d-4e29-87df-30da27d2eb5b: 112 chunks; 1.7 s; peak memory 1233 MiB.
2026-10-09T22:11:04Z INFO [232/500] 6d0cca8b-8180-46f8-9bd5-ea24997e7908: 71 chunks; 2.6 s; peak memory 1233 MiB.
2026-10-09T22:11:06Z INFO [233/500] 6d0d2f42-a275-4b74-a659-ed69fd100b80: 71 chunks; 2.3 s; peak memory 1233 MiB.
2026-10-09T22:11:10Z INFO [234/500] 6d0d6d75-72af-448e-81bc-c8f0fb14dd2a: 156 chunks; 3.7 s; peak memory 1233 MiB.
2026-10-09T22:11:11Z INFO [235/500] 6d0dbdef-5010-465a-8cba-0613d3216c3a: 58 chunks; 1.1 s; peak memory 1233 MiB.
2026-10-09T22:11:13Z INFO [236/500] 6d0ecdc2-7d8e-4c60-b258-d4d692a8bf0f: 48 chunks; 1.5 s; peak memory 1233 MiB.
2026-10-09T22:11:14Z INFO [237/500] 6d0ef552-dd1f-4d8c-955a-befd1e3521db: 78 chunks; 1.5 s; peak memory 1233 MiB.
2026-10-09T22:11:17Z INFO [238/500] 6d0f9192-d4ae-4c39-a94a-3ab3fd32cd58: 112 chunks; 2.8 s; peak memory 1233 MiB.
2026-10-09T22:11:19Z INFO [239/500] 6d0fe415-d8bf-46c0-83c6-abdc375f955a: 59 chunks; 1.9 s; peak memory 1233 MiB.
2026-10-09T22:11:21Z INFO [240/500] 6d103323-b3b0-44b2-a4b4-c270aa593977: 144 chunks; 2.6 s; peak memory 1233 MiB.
2026-10-09T22:11:24Z INFO [241/500] 6d106098-dbba-42d7-90d5-8d4a0ab9a2ef: 71 chunks; 2.1 s; peak memory 1233 MiB.
2026-10-09T22:11:25Z INFO [242/500] 6d108a10-6989-42a5-bc9f-fbfae14a2279: 51 chunks; 1.7 s; peak memory 1233 MiB.
2026-10-09T22:11:28Z INFO [243/500] 6d10aa78-07c2-4e93-99ad-e40bdaaea300: 71 chunks; 2.5 s; peak memory 1233 MiB.
2026-10-09T22:14:00Z INFO [244/500] 6d1252be-e119-4917-afd9-18d0e0367771: 38744 chunks; 152.1 s; peak memory 1233 MiB.
2026-10-09T22:14:02Z INFO [245/500] 6d12bdd6-5b14-4259-946e-6597af121d71: 112 chunks; 2.1 s; peak memory 1233 MiB.
2026-10-09T22:14:03Z INFO [246/500] 6d1302f1-a4fa-4ad9-bef4-bff3a5a667eb: 48 chunks; 1.3 s; peak memory 1233 MiB.
2026-10-09T22:14:05Z INFO [247/500] 6d133dcb-39ba-4533-abf3-d12878946f00: 52 chunks; 1.4 s; peak memory 1233 MiB.
2026-10-09T22:14:07Z INFO [248/500] 6d13afb5-4233-4117-893b-45a9b280085e: 69 chunks; 2.0 s; peak memory 1233 MiB.
2026-10-09T22:14:09Z INFO [249/500] 6d145b23-2c2f-430e-b31f-efc85767bf18: 84 chunks; 2.0 s; peak memory 1233 MiB.
2026-10-09T22:14:10Z INFO [250/500] 6d146929-5097-44a8-9b43-4ebfcb729800: 44 chunks; 1.4 s; peak memory 1233 MiB.
2026-10-09T22:14:10Z INFO [250/500] 6d146929-5097-44a8-9b43-4ebfcb729800: checkpointed 99584 new records.
2026-10-09T22:14:12Z INFO [251/500] 6d14774c-36eb-489b-a9db-882845887643: 112 chunks; 1.7 s; peak memory 1233 MiB.
2026-10-09T22:14:14Z INFO [252/500] 6d151332-9393-4051-94ff-0deb585c848d: 110 chunks; 2.1 s; peak memory 1233 MiB.
2026-10-09T22:14:16Z INFO [253/500] 6d15984b-878b-45fd-8766-0b8e766735b2: 117 chunks; 1.5 s; peak memory 1233 MiB.
2026-10-09T22:14:17Z INFO [254/500] 6d15f984-957b-4dd3-8fe1-0a26515d3500: 58 chunks; 1.0 s; peak memory 1233 MiB.
2026-10-09T22:14:21Z INFO [255/500] 6d161345-a82a-481e-92e5-f69dee46a2c1: 156 chunks; 3.9 s; peak memory 1233 MiB.
2026-10-09T22:14:23Z INFO [256/500] 6d164d80-1596-4a32-8333-f515f1a56002: 90 chunks; 2.7 s; peak memory 1233 MiB.
2026-10-09T22:14:25Z INFO [257/500] 6d164efd-7ee6-40cb-be2c-e5d08e698b69: 117 chunks; 1.8 s; peak memory 1233 MiB.
2026-10-09T22:14:27Z INFO [258/500] 6d175f4a-c93c-4c9d-a417-5e0950502115: 233 chunks; 1.9 s; peak memory 1233 MiB.
2026-10-09T22:14:28Z INFO [259/500] 6d189dc7-aa29-4e40-a190-08435a8e4aa3: 118 chunks; 1.5 s; peak memory 1233 MiB.
2026-10-09T22:14:30Z INFO [260/500] 6d18a420-7e1b-43f1-bb1a-3f790384fbef: 112 chunks; 1.5 s; peak memory 1233 MiB.
2026-10-09T22:14:32Z INFO [261/500] 6d18af04-a092-4e8f-b138-ffa979170041: 60 chunks; 1.5 s; peak memory 1233 MiB.
2026-10-09T22:14:36Z INFO [262/500] 6d19ed0d-86e5-4a6e-91c7-91cb40d60cff: 156 chunks; 4.0 s; peak memory 1233 MiB.
2026-10-09T22:17:05Z INFO [263/500] 6d1a0bd1-7145-4d10-a311-39327b40dce8: 37756 chunks; 149.3 s; peak memory 1233 MiB.
2026-10-09T22:18:56Z INFO [264/500] 6d1a1c4e-9fc5-41bd-8f9a-c63911ed1c28: 45206 chunks; 111.2 s; peak memory 1233 MiB.
2026-10-09T22:18:57Z INFO [265/500] 6d1acf50-edff-40d9-8d0d-6cb7c34760db: 48 chunks; 1.4 s; peak memory 1233 MiB.
2026-10-09T22:19:00Z INFO [266/500] 6d1b0ce8-4599-4b72-bf67-6eb66249a337: 71 chunks; 2.1 s; peak memory 1233 MiB.
2026-10-09T22:19:01Z INFO [267/500] 6d1b2dcd-c458-492b-8d76-8586434d5c49: 46 chunks; 1.3 s; peak memory 1233 MiB.
2026-10-09T22:19:02Z INFO [268/500] 6d1d1729-bc59-45a3-880b-29f6cf3bcf83: 46 chunks; 1.0 s; peak memory 1233 MiB.
2026-10-09T22:19:04Z INFO [269/500] 6d1d3d3e-475e-4938-8aa0-d08dc2b9b8bf: 115 chunks; 1.7 s; peak memory 1233 MiB.
2026-10-09T22:19:05Z INFO [270/500] 6d1d5b31-3961-414e-8f80-23a00ce7baff: 64 chunks; 1.7 s; peak memory 1233 MiB.
2026-10-09T22:19:07Z INFO [271/500] 6d1dacaa-acae-43c7-b69a-479b5de588b2: 112 chunks; 1.7 s; peak memory 1233 MiB.
2026-10-09T22:19:08Z INFO [272/500] 6d1dfec0-974f-4ffb-b288-2231a1bd9c2b: 52 chunks; 1.6 s; peak memory 1233 MiB.
2026-10-09T22:19:22Z INFO [273/500] 6d1f7abd-24a5-434d-a90a-71f606c49fb3: 24635 chunks; 13.1 s; peak memory 1233 MiB.
2026-10-09T22:19:23Z INFO [274/500] 6d1f9fd1-bab3-45e1-b609-f6683cc75a47: 66 chunks; 1.9 s; peak memory 1233 MiB.
2026-10-09T22:19:25Z INFO [275/500] 6d210523-37fe-4147-9059-f04aa4bc1565: 48 chunks; 1.3 s; peak memory 1233 MiB.
2026-10-09T22:19:26Z INFO [276/500] 6d211a63-7f4c-4ee5-83ee-54fab84e25b9: 47 chunks; 1.2 s; peak memory 1233 MiB.
2026-10-09T22:19:28Z INFO [277/500] 6d2128fc-1e53-4966-ba4c-7d1689a0e83b: 69 chunks; 2.0 s; peak memory 1233 MiB.
2026-10-09T22:19:30Z INFO [278/500] 6d2276db-d0c2-4d27-8f8d-b2b91cbdfad8: 71 chunks; 2.5 s; peak memory 1233 MiB.
2026-10-09T23:24:09Z INFO [279/500] 6d233dd2-4655-4cdd-9646-f4a792c07926: 557285 chunks; 3879.0 s; peak memory 1233 MiB.
2026-10-09T23:24:11Z INFO [280/500] 6d236d17-970c-42f1-a699-2cae2838532d: 48 chunks; 1.4 s; peak memory 1233 MiB.
2026-10-09T23:24:13Z INFO [281/500] 6d2421e0-2ecd-4fed-ab7b-80cf22f91583: 118 chunks; 1.9 s; peak memory 1233 MiB.
2026-10-09T23:24:15Z INFO [282/500] 6d2614f3-6e89-43b8-b7cc-3ad911ba47c5: 124 chunks; 2.2 s; peak memory 1233 MiB.
2026-10-09T23:24:16Z INFO [283/500] 6d263b98-6453-4029-a0a2-8d99f8e282f7: 116 chunks; 1.5 s; peak memory 1233 MiB.
2026-10-09T23:24:19Z INFO [284/500] 6d2658c1-6231-48fb-8c0e-2c992a5bfcb9: 70 chunks; 2.3 s; peak memory 1233 MiB.
2026-10-09T23:24:21Z INFO [285/500] 6d26d7bc-cc32-4122-b18b-33eaae4472e7: 66 chunks; 2.6 s; peak memory 1233 MiB.
2026-10-09T23:25:22Z INFO [286/500] 6d27141e-013c-4fe7-848d-b96b42e84d10: 24882 chunks; 60.8 s; peak memory 1233 MiB.
2026-10-09T23:25:26Z INFO [287/500] 6d2743fc-5bb3-4cf7-a323-ca7b6cc6a008: 155 chunks; 3.8 s; peak memory 1233 MiB.
2026-10-09T23:25:28Z INFO [288/500] 6d275098-271d-45d4-af70-1c9dbc008baf: 112 chunks; 2.2 s; peak memory 1233 MiB.
2026-10-09T23:25:29Z INFO [289/500] 6d2750bb-ad82-4d27-b23a-25d0981c9c1b: 48 chunks; 1.3 s; peak memory 1233 MiB.
2026-10-09T23:25:31Z INFO [290/500] 6d27d1e8-8ade-422e-a596-86900459dc4f: 112 chunks; 1.7 s; peak memory 1233 MiB.
2026-10-09T23:25:37Z INFO [291/500] 6d2858e3-d6f0-4d37-9534-212f1a2d4597: 436 chunks; 5.7 s; peak memory 1233 MiB.
2026-10-09T23:27:59Z INFO [292/500] 6d29862c-6e66-43c6-90b3-79b4996ce2e5: 38022 chunks; 142.6 s; peak memory 1233 MiB.
2026-10-09T23:28:01Z INFO [293/500] 6d29f155-085e-42e7-b769-4cab35f3a752: 48 chunks; 1.3 s; peak memory 1233 MiB.
2026-10-09T23:28:02Z INFO [294/500] 6d2a1816-3267-4f77-9925-47afbfbe3053: 99 chunks; 1.5 s; peak memory 1233 MiB.
2026-10-09T23:28:04Z INFO [295/500] 6d2a3ac9-c060-4a08-ae94-f6b444d04149: 109 chunks; 1.9 s; peak memory 1233 MiB.
2026-10-09T23:28:05Z INFO [296/500] 6d2a63d8-0ef4-42b4-94a7-5c27dbdda077: 48 chunks; 1.3 s; peak memory 1233 MiB.
2026-10-09T23:28:16Z INFO [297/500] 6d2ae9e2-071a-4d7d-ba24-bfaa2b5f31ea: 30476 chunks; 10.6 s; peak memory 1233 MiB.
2026-10-09T23:28:18Z INFO [298/500] 6d2bfb77-d77f-4119-8416-ae4119ff4989: 112 chunks; 1.9 s; peak memory 1233 MiB.
2026-10-09T23:28:20Z INFO [299/500] 6d2d0d20-d423-4bc4-857a-5db32520fdd1: 66 chunks; 2.3 s; peak memory 1233 MiB.
2026-10-09T23:28:22Z INFO [300/500] 6d2d73d1-94f4-4d01-ba24-23977615da1b: 48 chunks; 1.4 s; peak memory 1233 MiB.
2026-10-09T23:28:22Z INFO [300/500] 6d2d73d1-94f4-4d01-ba24-23977615da1b: checkpointed 99634 new records.
2026-10-09T23:28:34Z INFO [301/500] 6d2df180-5c88-46dd-ba7c-d31fcd5c35cf: 10718 chunks; 12.3 s; peak memory 1233 MiB.
2026-10-09T23:28:41Z INFO [302/500] 6d2e14a9-1309-43ce-bb95-3f288283668b: 168 chunks; 6.8 s; peak memory 1233 MiB.
2026-10-09T23:28:43Z INFO [303/500] 6d2e8f07-b2c9-4dfa-b45a-1d4712fabf46: 110 chunks; 1.8 s; peak memory 1233 MiB.
2026-10-09T23:28:45Z INFO [304/500] 6d2f5cfc-86d7-4f73-a982-e21d83f42332: 66 chunks; 2.0 s; peak memory 1233 MiB.
2026-10-09T23:28:46Z INFO [305/500] 6d2f6754-fb99-439e-9715-087f5a1ea2ff: 116 chunks; 1.5 s; peak memory 1233 MiB.
2026-10-09T23:28:48Z INFO [306/500] 6d2fb54a-a85b-4f86-b0dd-79fb4913bcac: 117 chunks; 1.4 s; peak memory 1233 MiB.
2026-10-09T23:28:49Z INFO [307/500] 6d2fd2b6-4375-493b-a0d6-1885a592ab81: 54 chunks; 1.0 s; peak memory 1233 MiB.
2026-10-09T23:28:50Z INFO [308/500] 6d303be1-6650-4d88-9284-456c986ec11a: 48 chunks; 1.4 s; peak memory 1233 MiB.
2026-10-09T23:28:52Z INFO [309/500] 6d30ca6e-abe0-4695-a4e1-dfef9ee07a27: 62 chunks; 1.8 s; peak memory 1233 MiB.
2026-10-09T23:28:53Z INFO [310/500] 6d30cbd5-0a11-4dcc-bcfd-0acbc2a3c6e5: 48 chunks; 1.4 s; peak memory 1233 MiB.
2026-10-09T23:28:55Z INFO [311/500] 6d310ab8-2e00-4a7b-8832-c58e6e7d0b6f: 52 chunks; 1.4 s; peak memory 1233 MiB.
2026-10-09T23:29:04Z INFO [312/500] 6d317086-f986-4714-9d2f-a59f7319cb46: 13389 chunks; 9.3 s; peak memory 1233 MiB.
2026-10-09T23:29:06Z INFO [313/500] 6d320cf6-e0a2-4906-94c4-a4b4dc64eb31: 110 chunks; 1.7 s; peak memory 1233 MiB.
2026-10-09T23:29:10Z INFO [314/500] 6d320e99-57c4-46d0-90c8-07cfa889e1c2: 1430 chunks; 4.3 s; peak memory 1233 MiB.
2026-10-09T23:29:12Z INFO [315/500] 6d334085-0698-4501-a382-be254d3dfdee: 72 chunks; 1.8 s; peak memory 1233 MiB.
2026-10-09T23:29:13Z INFO [316/500] 6d36771d-9b3d-458e-abd6-ac1eb17b2334: 58 chunks; 1.0 s; peak memory 1233 MiB.
2026-10-09T23:29:15Z INFO [317/500] 6d36d733-c8c7-421f-89b7-ccd0779f4c4d: 66 chunks; 2.1 s; peak memory 1233 MiB.
2026-10-09T23:29:17Z INFO [318/500] 6d3806dd-c063-4d0a-9542-1dea3c09e4ef: 66 chunks; 1.9 s; peak memory 1233 MiB.
2026-10-09T23:29:29Z INFO [319/500] 6d38af12-f114-4d8d-8808-81183448c2a2: 15078 chunks; 11.7 s; peak memory 1233 MiB.
2026-10-09T23:29:30Z INFO [320/500] 6d39a0db-4e7f-450e-808a-e26a2e0f0608: 170 chunks; 1.6 s; peak memory 1233 MiB.
2026-10-09T23:29:31Z INFO [321/500] 6d39be01-e73d-4f20-b2a6-2a931e74694e: 54 chunks; 1.1 s; peak memory 1233 MiB.
2026-10-09T23:29:38Z INFO [322/500] 6d3a3a19-f050-4ffa-a78c-dac3dcb8cf56: 740 chunks; 6.3 s; peak memory 1233 MiB.
2026-10-09T23:29:40Z INFO [323/500] 6d3aeccc-17d0-4899-b3e3-c1b006d42d86: 71 chunks; 2.3 s; peak memory 1233 MiB.
2026-10-09T23:29:41Z INFO [324/500] 6d3b0de8-06af-409f-8610-35825fd12bd9: 48 chunks; 1.3 s; peak memory 1233 MiB.
2026-10-09T23:30:03Z INFO [325/500] 6d3bfee8-7b41-4cd2-a39f-6a1be2ab6e6e: 282 chunks; 22.1 s; peak memory 1233 MiB.
2026-10-09T23:30:10Z INFO [326/500] 6d3c31da-981a-4e26-856b-3ed1747114d3: 2869 chunks; 6.3 s; peak memory 1233 MiB.
2026-10-09T23:30:11Z INFO [327/500] 6d3c3568-f8d2-48c5-816c-5f47008dc79d: 46 chunks; 1.3 s; peak memory 1233 MiB.
2026-10-09T23:30:13Z INFO [328/500] 6d3c408c-f306-480f-a5b6-4e7bc00ba697: 57 chunks; 2.4 s; peak memory 1233 MiB.
2026-10-09T23:30:15Z INFO [329/500] 6d3e316e-15c3-4e00-a504-ef8d55c95478: 116 chunks; 1.5 s; peak memory 1233 MiB.
2026-10-09T23:30:16Z INFO [330/500] 6d3e8342-528a-4b61-ad60-7bd6c76a99aa: 48 chunks; 1.3 s; peak memory 1233 MiB.
2026-10-09T23:30:18Z INFO [331/500] 6d3ea48c-c21e-4acc-a496-622394d32c15: 301 chunks; 1.5 s; peak memory 1233 MiB.
2026-10-09T23:30:19Z INFO [332/500] 6d3f0879-3881-4173-8612-7c2289ddd8e0: 48 chunks; 1.2 s; peak memory 1233 MiB.
2026-10-09T23:30:20Z INFO [333/500] 6d3fb49d-fd1a-4c9b-997d-77d67fa60aa1: 117 chunks; 1.4 s; peak memory 1233 MiB.
2026-10-09T23:30:23Z INFO [334/500] 6d40945d-62d9-4589-8b44-c93528a66617: 997 chunks; 2.9 s; peak memory 1233 MiB.
2026-10-09T23:30:24Z INFO [335/500] 6d40b697-05c5-41b7-bd43-077a62e0d3be: 35 chunks; 1.0 s; peak memory 1233 MiB.
2026-10-09T23:30:26Z INFO [336/500] 6d415e21-6db7-47bc-959b-781a02edbcbd: 52 chunks; 1.4 s; peak memory 1233 MiB.
2026-10-09T23:30:27Z INFO [337/500] 6d417569-ab7e-454f-8f45-3beaef8c76be: 106 chunks; 1.2 s; peak memory 1233 MiB.
2026-10-09T23:30:29Z INFO [338/500] 6d41e2de-06a1-473e-a18e-2efd39f5310a: 112 chunks; 1.9 s; peak memory 1233 MiB.
2026-10-09T23:30:30Z INFO [339/500] 6d4209e2-43ec-47a8-97f4-58d76708e2db: 46 chunks; 1.0 s; peak memory 1233 MiB.
2026-10-09T23:30:32Z INFO [340/500] 6d423b55-67f8-42c9-9dee-caa73708d896: 123 chunks; 2.5 s; peak memory 1233 MiB.
2026-10-09T23:30:34Z INFO [341/500] 6d439714-c9cd-47cd-9f90-5ef4f507b485: 48 chunks; 1.4 s; peak memory 1233 MiB.
2026-10-09T23:30:35Z INFO [342/500] 6d43b7f0-92ea-48ff-bacc-0fe2ef848bf2: 48 chunks; 1.3 s; peak memory 1233 MiB.
2026-10-09T23:30:36Z INFO [343/500] 6d441a8e-f956-4f36-a685-cfe7301ad924: 46 chunks; 1.4 s; peak memory 1233 MiB.
2026-10-09T23:30:49Z INFO [344/500] 6d444a85-d2a3-4596-8dbb-3ee331fa281a: 12361 chunks; 13.3 s; peak memory 1233 MiB.
2026-10-09T23:30:51Z INFO [345/500] 6d457e63-9444-40a7-86d4-70918bf313e4: 117 chunks; 1.6 s; peak memory 1233 MiB.
2026-10-09T23:30:53Z INFO [346/500] 6d458ee4-3559-4700-895b-25a577a69624: 110 chunks; 1.8 s; peak memory 1233 MiB.
2026-10-09T23:30:55Z INFO [347/500] 6d45e635-67d9-466d-a057-c1839abeb260: 117 chunks; 1.7 s; peak memory 1233 MiB.
2026-10-09T23:30:56Z INFO [348/500] 6d45ee3a-dda1-4e43-83e2-01deb9fe4c87: 46 chunks; 1.0 s; peak memory 1233 MiB.
2026-10-09T23:31:02Z INFO [349/500] 6d461de1-3fb5-4233-900a-74cebb9a4803: 4701 chunks; 6.6 s; peak memory 1233 MiB.
2026-10-09T23:31:04Z INFO [350/500] 6d469412-e1fd-442a-91cc-79240d43ce12: 112 chunks; 1.4 s; peak memory 1233 MiB.
2026-10-09T23:31:04Z INFO [350/500] 6d469412-e1fd-442a-91cc-79240d43ce12: checkpointed 99684 new records.
2026-10-09T23:31:08Z INFO [351/500] 6d46cdee-c09c-4a8d-afbd-b62fb8ca192f: 156 chunks; 4.1 s; peak memory 1233 MiB.
2026-10-09T23:31:09Z INFO [352/500] 6d478856-4c0b-4acb-bf03-51f7d52ec419: 48 chunks; 1.3 s; peak memory 1233 MiB.
2026-10-09T23:31:11Z INFO [353/500] 6d47b78d-e7db-493b-a0e3-75fa6c22c178: 117 chunks; 1.4 s; peak memory 1233 MiB.
2026-10-09T23:31:12Z INFO [354/500] 6d47befc-5331-492e-bdd0-ea0fc876d6f2: 557 chunks; 1.7 s; peak memory 1233 MiB.
2026-10-09T23:31:14Z INFO [355/500] 6d480851-ad82-45c7-a9af-177e5b1546c9: 48 chunks; 1.3 s; peak memory 1233 MiB.
2026-10-09T23:31:15Z INFO [356/500] 6d489eaf-b49c-4930-be64-48977b65a5e6: 49 chunks; 1.5 s; peak memory 1233 MiB.
2026-10-09T23:31:17Z INFO [357/500] 6d4905eb-07ff-4282-94e5-b8f211d8d206: 117 chunks; 1.5 s; peak memory 1233 MiB.
2026-10-09T23:31:22Z INFO [358/500] 6d49439c-8058-4503-91f5-7e7d8ff6197d: 3029 chunks; 5.4 s; peak memory 1233 MiB.
2026-10-09T23:31:38Z INFO [359/500] 6d49aebf-7d1a-4d3b-94df-a9764c251957: 24290 chunks; 15.7 s; peak memory 1233 MiB.
2026-10-09T23:31:39Z INFO [360/500] 6d4aedb1-49af-494d-b1c1-b8739fc16e9e: 112 chunks; 1.5 s; peak memory 1233 MiB.
2026-10-09T23:31:40Z INFO [361/500] 6d4c5e19-ba60-4f3a-95f5-be128ece8cb2: 46 chunks; 1.0 s; peak memory 1233 MiB.
2026-10-09T23:31:42Z INFO [362/500] 6d4c7771-76b8-4ebc-a4b9-661b5d197599: 53 chunks; 1.2 s; peak memory 1233 MiB.
2026-10-09T23:31:43Z INFO [363/500] 6d4c9a98-dd3e-4c31-af66-7ac8f3a6d03b: 49 chunks; 1.9 s; peak memory 1233 MiB.
2026-10-09T23:31:45Z INFO [364/500] 6d4d0d07-b28e-4155-958d-e2c72f6ad8f4: 59 chunks; 1.3 s; peak memory 1233 MiB.
2026-10-09T23:31:46Z INFO [365/500] 6d4d3b91-1464-4648-a82f-5471dbb68639: 48 chunks; 1.3 s; peak memory 1233 MiB.
2026-10-09T23:31:47Z INFO [366/500] 6d4e342d-c886-4239-abda-8605dd48992e: 46 chunks; 1.0 s; peak memory 1233 MiB.
2026-10-09T23:31:48Z INFO [367/500] 6d4ffd1b-9b5e-40f6-b72c-77a69e364f54: 56 chunks; 1.0 s; peak memory 1233 MiB.
2026-10-09T23:32:00Z INFO [368/500] 6d50a037-e0cb-410d-9a07-d9abf21b73b2: 537 chunks; 12.0 s; peak memory 1233 MiB.
2026-10-09T23:32:13Z INFO [369/500] 6d511a15-ea95-4aa2-8679-4530be2e9f4a: 2231 chunks; 13.0 s; peak memory 1233 MiB.
2026-10-09T23:32:17Z INFO [370/500] 6d5185fb-efeb-47b7-b8f4-e2578d165c23: 400 chunks; 4.3 s; peak memory 1233 MiB.
2026-10-09T23:32:18Z INFO [371/500] 6d525a6e-2246-4fbc-8503-a0a5d7e7016d: 46 chunks; 1.0 s; peak memory 1233 MiB.
2026-10-09T23:32:20Z INFO [372/500] 6d525a96-1105-456b-b3e9-9ea4f5ef34dc: 66 chunks; 1.9 s; peak memory 1233 MiB.
2026-10-09T23:32:22Z INFO [373/500] 6d527dbe-0c94-4ae4-8a1d-c847dce5a677: 48 chunks; 1.4 s; peak memory 1233 MiB.
2026-10-09T23:32:28Z INFO [374/500] 6d530b98-2910-464a-b60b-eb4ee7c9ffc7: 516 chunks; 6.6 s; peak memory 1233 MiB.
2026-10-09T23:32:31Z INFO [375/500] 6d5436e0-4081-42f7-a88a-fac5179664d6: 364 chunks; 2.7 s; peak memory 1233 MiB.
2026-10-09T23:32:33Z INFO [376/500] 6d54e472-6cac-49a2-b8e5-116dd1ce9099: 112 chunks; 1.9 s; peak memory 1233 MiB.
2026-10-09T23:32:41Z INFO [377/500] 6d550a58-ecfc-4bc1-a62a-a0de3d19084e: 282 chunks; 7.5 s; peak memory 1233 MiB.
2026-10-09T23:32:42Z INFO [378/500] 6d5541b7-5df1-4249-86c8-262febd9223a: 48 chunks; 1.3 s; peak memory 1233 MiB.
2026-10-09T23:32:48Z INFO [379/500] 6d5577aa-2137-47a7-89cb-eb814c9c9157: 446 chunks; 5.8 s; peak memory 1233 MiB.
2026-10-09T23:32:49Z INFO [380/500] 6d5582cb-3fae-4f7a-86e8-7a0ce64a75d8: 53 chunks; 1.1 s; peak memory 1233 MiB.
2026-10-09T23:32:51Z INFO [381/500] 6d55b18b-1661-49fb-9900-0ac360c542bb: 112 chunks; 1.9 s; peak memory 1233 MiB.
2026-10-09T23:32:52Z INFO [382/500] 6d55bbcb-b718-4c7f-9843-226655abebbb: 46 chunks; 1.0 s; peak memory 1233 MiB.
2026-10-09T23:32:53Z INFO [383/500] 6d55f72e-a396-4c81-9559-3c0deff3aea1: 48 chunks; 1.4 s; peak memory 1233 MiB.
2026-10-09T23:33:04Z INFO [384/500] 6d5614c0-2590-47ad-98a5-50c5c0a742dc: 6483 chunks; 11.0 s; peak memory 1233 MiB.
2026-10-09T23:33:05Z INFO [385/500] 6d569326-eaa7-4f41-b95b-cf178810d346: 41 chunks; 1.2 s; peak memory 1233 MiB.
2026-10-09T23:33:09Z INFO [386/500] 6d580703-13d1-408c-8256-48a8dc4996f9: 197 chunks; 4.2 s; peak memory 1233 MiB.
2026-10-09T23:33:11Z INFO [387/500] 6d59a8c2-30f5-4501-9556-1633907c5d93: 116 chunks; 1.9 s; peak memory 1233 MiB.
2026-10-09T23:33:13Z INFO [388/500] 6d5aa3f5-c24e-4c10-bf50-ffc01190cabf: 117 chunks; 1.6 s; peak memory 1233 MiB.
2026-10-09T23:33:15Z INFO [389/500] 6d5b36db-0c1f-4a49-90be-827879e63481: 70 chunks; 2.1 s; peak memory 1233 MiB.
2026-10-09T23:33:17Z INFO [390/500] 6d5b6428-1e5c-4e62-8908-01b262b3ac90: 112 chunks; 2.2 s; peak memory 1233 MiB.
2026-10-09T23:33:19Z INFO [391/500] 6d5b886a-1d4d-47a1-b7da-5b1667d3f242: 117 chunks; 1.6 s; peak memory 1233 MiB.
2026-10-09T23:33:44Z INFO [392/500] 6d5bf60b-75ef-4c92-ba1c-d406866220be: 1155 chunks; 24.8 s; peak memory 1233 MiB.
2026-10-09T23:33:45Z INFO [393/500] 6d5cacb4-feec-48e8-be47-9387eb106722: 48 chunks; 1.4 s; peak memory 1233 MiB.
2026-10-09T23:33:46Z INFO [394/500] 6d5d5c8c-aaa5-4ef8-83b7-f232963a4e7e: 46 chunks; 1.2 s; peak memory 1233 MiB.
2026-10-09T23:33:48Z INFO [395/500] 6d5d81a1-ae82-4bc4-8645-20a75729c09c: 112 chunks; 1.9 s; peak memory 1233 MiB.
2026-10-09T23:34:09Z INFO [396/500] 6d5e5198-cc29-46bf-abdc-15949693ab12: 1295 chunks; 20.7 s; peak memory 1233 MiB.
2026-10-09T23:34:10Z INFO [397/500] 6d5fe7ca-c258-408a-b448-b0c6f568b4d0: 46 chunks; 1.0 s; peak memory 1233 MiB.
2026-10-09T23:34:21Z INFO [398/500] 6d60b290-c983-4b2d-8959-d90eea476015: 2401 chunks; 11.7 s; peak memory 1233 MiB.
2026-10-09T23:34:24Z INFO [399/500] 6d60d707-36a4-4511-b476-33d259acd827: 112 chunks; 2.3 s; peak memory 1233 MiB.
2026-10-09T23:34:25Z INFO [400/500] 6d614877-2db7-46b7-b373-a4637ecc149d: 45 chunks; 1.5 s; peak memory 1233 MiB.
2026-10-09T23:34:26Z INFO [400/500] 6d614877-2db7-46b7-b373-a4637ecc149d: checkpointed 99734 new records.
2026-10-09T23:34:27Z INFO [401/500] 6d6165e4-a1ef-4449-8a62-7482b2552165: 83 chunks; 1.5 s; peak memory 1233 MiB.
2026-10-09T23:34:38Z INFO [402/500] 6d619f85-d3ea-4514-bb86-2c77c53be074: 391 chunks; 10.9 s; peak memory 1233 MiB.
2026-10-09T23:34:39Z INFO [403/500] 6d6220cd-c1fb-4fef-84cd-3c03facadedd: 48 chunks; 1.3 s; peak memory 1233 MiB.
2026-10-09T23:34:47Z INFO [404/500] 6d62e1c1-bab8-4b58-9bfb-02d45720a2e4: 2923 chunks; 7.7 s; peak memory 1233 MiB.
2026-10-09T23:34:48Z INFO [405/500] 6d6332e2-69c4-465a-9c95-54335e4beb65: 48 chunks; 1.2 s; peak memory 1233 MiB.
2026-10-09T23:34:55Z INFO [406/500] 6d63a948-a4b3-4a4f-8e73-c7bdf6e8d904: 262 chunks; 6.6 s; peak memory 1233 MiB.
2026-10-09T23:34:56Z INFO [407/500] 6d656d6e-867f-4a33-97a7-6de5764b7b7c: 57 chunks; 1.1 s; peak memory 1233 MiB.
2026-10-09T23:34:58Z INFO [408/500] 6d660b37-4751-471a-952b-4670969b75a2: 112 chunks; 1.9 s; peak memory 1233 MiB.
2026-10-09T23:34:59Z INFO [409/500] 6d660d44-ace7-487c-a959-aac784316b3e: 48 chunks; 1.3 s; peak memory 1233 MiB.
2026-10-09T23:35:11Z INFO [410/500] 6d676889-8509-45e5-b60f-6d7ba68058ad: 396 chunks; 11.9 s; peak memory 1233 MiB.
2026-10-09T23:35:12Z INFO [411/500] 6d679837-b6ed-463d-b409-b983807eb89e: 117 chunks; 1.6 s; peak memory 1233 MiB.
2026-10-09T23:35:14Z INFO [412/500] 6d67e60e-d646-4a3f-8209-945fa6866f88: 56 chunks; 1.2 s; peak memory 1233 MiB.
2026-10-09T23:35:15Z INFO [413/500] 6d68677e-b68a-43ef-a1dc-ba5e7bde9bb8: 117 chunks; 1.6 s; peak memory 1233 MiB.
2026-10-09T23:35:44Z INFO [414/500] 6d6942df-cd17-4c98-abfb-3b9e616111da: 6591 chunks; 28.5 s; peak memory 1233 MiB.
2026-10-09T23:35:45Z INFO [415/500] 6d69b262-5d27-4c3d-9804-7b90b78804ae: 112 chunks; 1.4 s; peak memory 1233 MiB.
2026-10-09T23:35:47Z INFO [416/500] 6d6a6c55-1f58-4490-8ba0-21f591547e42: 116 chunks; 1.4 s; peak memory 1233 MiB.
2026-10-09T23:35:48Z INFO [417/500] 6d6adc76-5ce2-492c-902a-eec24d00b90b: 116 chunks; 1.4 s; peak memory 1233 MiB.
2026-10-09T23:35:51Z INFO [418/500] 6d6ae6eb-8c25-41aa-a767-449aa98b7403: 118 chunks; 2.9 s; peak memory 1233 MiB.
2026-10-09T23:35:53Z INFO [419/500] 6d6c313b-03e3-4055-9d7a-7d97bb68b3ec: 71 chunks; 2.3 s; peak memory 1233 MiB.
2026-10-09T23:36:00Z INFO [420/500] 6d6c5281-9b8e-457b-81c7-c051996386e0: 2020 chunks; 6.9 s; peak memory 1233 MiB.
2026-10-09T23:36:02Z INFO [421/500] 6d6c6cc7-f058-4ca0-8538-644fad16138c: 51 chunks; 1.9 s; peak memory 1233 MiB.
2026-10-09T23:36:04Z INFO [422/500] 6d6ccae1-c9f1-4f46-914b-dd4e814a3602: 118 chunks; 1.6 s; peak memory 1233 MiB.
2026-10-09T23:36:05Z INFO [423/500] 6d6ceb11-d4e4-481e-ad2b-9072312ad30c: 46 chunks; 1.0 s; peak memory 1233 MiB.
2026-10-09T23:36:07Z INFO [424/500] 6d6e1692-4f6c-4e11-a34b-42cef073acf0: 117 chunks; 2.0 s; peak memory 1233 MiB.
2026-10-09T23:36:09Z INFO [425/500] 6d6eb37e-2789-4485-8b00-3edb4ccdcac5: 117 chunks; 1.9 s; peak memory 1233 MiB.
2026-10-09T23:36:15Z INFO [426/500] 6d6efd96-9f32-4c31-b25e-d99684c3bbc9: 2504 chunks; 6.4 s; peak memory 1233 MiB.
2026-10-09T23:36:17Z INFO [427/500] 6d6f75f9-904c-4e1e-add4-bbc4dfba6e47: 112 chunks; 1.8 s; peak memory 1233 MiB.
2026-10-09T23:36:34Z INFO [428/500] 6d6fb29e-7648-4fd4-a61b-76bcc6a5b540: 8229 chunks; 16.7 s; peak memory 1233 MiB.
2026-10-09T23:36:35Z INFO [429/500] 6d72d41e-d659-4b30-a5b2-3e163df52223: 48 chunks; 1.3 s; peak memory 1233 MiB.
2026-10-09T23:36:36Z INFO [430/500] 6d73a8c0-6bb3-478d-943d-82e1b7f5553b: 110 chunks; 1.4 s; peak memory 1233 MiB.
2026-10-09T23:37:01Z INFO [431/500] 6d740831-c1ff-4004-8231-106759537c17: 5715 chunks; 25.1 s; peak memory 1233 MiB.
2026-10-09T23:37:03Z INFO [432/500] 6d750dc3-31c2-40cf-9f33-4c25abb5f7b2: 84 chunks; 1.8 s; peak memory 1233 MiB.
2026-10-09T23:37:05Z INFO [433/500] 6d752804-b3ff-4df3-9b66-9935cff24c17: 112 chunks; 1.8 s; peak memory 1233 MiB.
2026-10-09T23:37:07Z INFO [434/500] 6d75e4b6-8443-4f27-8c39-38c737eca9a1: 118 chunks; 1.9 s; peak memory 1233 MiB.
2026-10-09T23:37:09Z INFO [435/500] 6d767966-c3f1-465c-ad6d-1e06987fc37d: 62 chunks; 1.8 s; peak memory 1233 MiB.
2026-10-09T23:37:11Z INFO [436/500] 6d76f52f-238e-44de-ac28-e86d13fd8563: 44 chunks; 2.0 s; peak memory 1233 MiB.
2026-10-09T23:37:13Z INFO [437/500] 6d770ef1-fc6d-4b20-998d-fa46125cd428: 71 chunks; 2.2 s; peak memory 1233 MiB.
2026-10-09T23:37:14Z INFO [438/500] 6d785d15-1b79-456f-9495-4efb11f0114b: 68 chunks; 1.3 s; peak memory 1233 MiB.
2026-10-09T23:37:17Z INFO [439/500] 6d7936c3-0422-4159-a522-b2fc73ad2bc1: 41 chunks; 2.4 s; peak memory 1233 MiB.
2026-10-09T23:37:18Z INFO [440/500] 6d7a05b9-3a19-4d19-b0c7-dc4b0404e25c: 117 chunks; 1.6 s; peak memory 1233 MiB.
2026-10-09T23:37:20Z INFO [441/500] 6d7ad93e-4286-4034-a684-2e84f3e4d1a2: 117 chunks; 1.6 s; peak memory 1233 MiB.
2026-10-09T23:37:21Z INFO [442/500] 6d7d1312-3152-4c34-a151-bc3705556816: 56 chunks; 1.1 s; peak memory 1233 MiB.
2026-10-09T23:37:27Z INFO [443/500] 6d7dce09-ec72-4123-84ab-0ec868dd70fa: 174 chunks; 5.8 s; peak memory 1233 MiB.
2026-10-09T23:37:28Z INFO [444/500] 6d7e0934-1df4-44a6-be3b-56d50cc98fe2: 46 chunks; 1.0 s; peak memory 1233 MiB.
2026-10-09T23:37:35Z INFO [445/500] 6d7e3df9-56ff-432a-8a70-0536f44959e6: 2919 chunks; 7.0 s; peak memory 1233 MiB.
2026-10-09T23:37:36Z INFO [446/500] 6d7e6149-7574-49cf-9cf1-ae6a211e0f1d: 46 chunks; 1.2 s; peak memory 1233 MiB.
2026-10-09T23:37:37Z INFO [447/500] 6d7f1b33-a961-49a3-b2f5-51649b6a94c8: 117 chunks; 1.8 s; peak memory 1233 MiB.
2026-10-09T23:37:39Z INFO [448/500] 6d7f6d50-68e2-4ab7-9c76-c3e330578917: 68 chunks; 1.6 s; peak memory 1233 MiB.
2026-10-09T23:37:51Z INFO [449/500] 6d810408-2e75-4756-be76-876d5818d5d0: 15173 chunks; 12.2 s; peak memory 1233 MiB.
2026-10-09T23:37:52Z INFO [450/500] 6d810741-101c-4b6f-aeb9-1c4767d77210: 52 chunks; 1.0 s; peak memory 1233 MiB.
2026-10-09T23:37:53Z INFO [450/500] 6d810741-101c-4b6f-aeb9-1c4767d77210: checkpointed 99784 new records.
2026-10-09T23:37:54Z INFO [451/500] 6d81c135-9f0d-4441-a330-b34291262993: 112 chunks; 1.7 s; peak memory 1233 MiB.
2026-10-09T23:37:56Z INFO [452/500] 6d822aa2-be1c-48c4-9e13-e9aa9d3f8dde: 48 chunks; 1.4 s; peak memory 1233 MiB.
2026-10-09T23:37:57Z INFO [453/500] 6d83f9a6-dbfd-465c-9b65-5a540f177f4d: 48 chunks; 1.3 s; peak memory 1233 MiB.
2026-10-09T23:37:58Z INFO [454/500] 6d841c59-fa6e-4991-82c6-e674ab1743ef: 48 chunks; 1.3 s; peak memory 1233 MiB.
2026-10-09T23:38:00Z INFO [455/500] 6d855605-0be6-4bb1-acf1-fcec56a0befd: 69 chunks; 1.9 s; peak memory 1233 MiB.
2026-10-09T23:38:02Z INFO [456/500] 6d85ea47-ee3b-46e3-b517-ba65b2679481: 114 chunks; 1.6 s; peak memory 1233 MiB.
2026-10-09T23:38:08Z INFO [457/500] 6d860f87-cab7-4887-81fd-d6cb47822c41: 638 chunks; 6.2 s; peak memory 1233 MiB.
2026-10-09T23:38:13Z INFO [458/500] 6d86499d-aa63-4587-b30b-03a6383ba651: 1585 chunks; 4.6 s; peak memory 1233 MiB.
2026-10-09T23:38:24Z INFO [459/500] 6d868d49-4d61-48a9-adb3-71d68e485c4b: 11567 chunks; 11.2 s; peak memory 1233 MiB.
2026-10-09T23:38:26Z INFO [460/500] 6d874ceb-4e29-4afb-84fd-b3c8987314d7: 112 chunks; 1.8 s; peak memory 1233 MiB.
2026-10-09T23:38:27Z INFO [461/500] 6d87515b-4811-4804-bf79-750e39bb56fa: 57 chunks; 1.0 s; peak memory 1233 MiB.
2026-10-09T23:38:29Z INFO [462/500] 6d880b0a-a0ff-4d77-959a-c34fc73210c6: 62 chunks; 1.9 s; peak memory 1233 MiB.
2026-10-09T23:38:30Z INFO [463/500] 6d882521-9359-45e8-840b-5135abf6fc60: 117 chunks; 1.7 s; peak memory 1233 MiB.
2026-10-09T23:38:32Z INFO [464/500] 6d88ce5d-d5f7-46c2-abac-9001c111bc31: 52 chunks; 1.5 s; peak memory 1233 MiB.
2026-10-09T23:38:35Z INFO [465/500] 6d8934e7-8609-42ee-af0b-78f929d3e51f: 152 chunks; 3.5 s; peak memory 1233 MiB.
2026-10-09T23:38:41Z INFO [466/500] 6d8948f9-0294-49b2-b0d9-5d6d0ee076cb: 2381 chunks; 5.2 s; peak memory 1233 MiB.
2026-10-09T23:38:42Z INFO [467/500] 6d89a8ba-29d8-4746-8f98-6232ab5d94d2: 48 chunks; 1.3 s; peak memory 1233 MiB.
2026-10-09T23:38:43Z INFO [468/500] 6d8cff31-31f3-4c9c-9b90-a39e5a258cf3: 112 chunks; 1.5 s; peak memory 1233 MiB.
2026-10-09T23:38:46Z INFO [469/500] 6d8d98fc-02c9-4316-a763-2ea327266d8e: 71 chunks; 2.4 s; peak memory 1233 MiB.
2026-10-09T23:38:47Z INFO [470/500] 6d8da112-1af1-4928-b46e-31c9a4381298: 117 chunks; 1.6 s; peak memory 1233 MiB.
2026-10-09T23:38:52Z INFO [471/500] 6d8e167e-21bb-4f89-8d05-8989d62ce138: 2131 chunks; 5.1 s; peak memory 1233 MiB.
2026-10-09T23:38:54Z INFO [472/500] 6d8e41ee-e965-45ca-9594-338cfca3fa35: 48 chunks; 1.3 s; peak memory 1233 MiB.
2026-10-09T23:43:29Z INFO [473/500] 6d8e4d3f-9e8e-4fc9-8519-d106ac9d33f6: 75483 chunks; 274.7 s; peak memory 1233 MiB.
2026-10-09T23:43:30Z INFO [474/500] 6d8fe330-5129-408b-b1d7-8a1380c506fa: 117 chunks; 1.7 s; peak memory 1233 MiB.
2026-10-09T23:43:32Z INFO [475/500] 6d90d0de-fd4b-433a-a288-1ef1560f924d: 62 chunks; 2.0 s; peak memory 1233 MiB.
2026-10-09T23:43:33Z INFO [476/500] 6d912dde-1aea-4811-bdd8-48e7141c9f1a: 46 chunks; 1.2 s; peak memory 1233 MiB.
2026-10-09T23:43:35Z INFO [477/500] 6d92182b-d68a-4eae-98c9-95972399a56f: 49 chunks; 2.0 s; peak memory 1233 MiB.
2026-10-09T23:43:38Z INFO [478/500] 6d922701-654a-4fc2-a100-125e28d338cb: 71 chunks; 2.2 s; peak memory 1233 MiB.
2026-10-09T23:43:39Z INFO [479/500] 6d92d12d-203c-493d-a448-b7384e9d0ddd: 61 chunks; 1.4 s; peak memory 1233 MiB.
2026-10-09T23:43:40Z INFO [480/500] 6d9329e1-6e36-4c57-838c-6a135d351c59: 48 chunks; 1.4 s; peak memory 1233 MiB.
2026-10-09T23:43:42Z INFO [481/500] 6d9371d6-c6d1-4aa5-8406-2463532df5b9: 48 chunks; 1.3 s; peak memory 1233 MiB.
2026-10-09T23:43:48Z INFO [482/500] 6d948688-4972-4f3c-8872-ed4fa413000b: 238 chunks; 6.3 s; peak memory 1233 MiB.
2026-10-09T23:43:49Z INFO [483/500] 6d953774-208f-429a-8c39-99f6202abb8c: 21 chunks; 1.0 s; peak memory 1233 MiB.
2026-10-09T23:43:52Z INFO [484/500] 6d960996-936e-44c6-a83b-b6aac8504291: 168 chunks; 2.9 s; peak memory 1233 MiB.
2026-10-09T23:43:53Z INFO [485/500] 6d960beb-e72e-4ffe-bbee-04e0e53e0f91: 41 chunks; 1.1 s; peak memory 1233 MiB.
2026-10-09T23:43:54Z INFO [486/500] 6d96201b-29e4-4522-b7b8-9663c05ffd70: 48 chunks; 1.2 s; peak memory 1233 MiB.
2026-10-09T23:43:56Z INFO [487/500] 6d963f2f-3b8c-437c-9187-cd760a5ed4e3: 69 chunks; 1.9 s; peak memory 1233 MiB.
2026-10-09T23:43:58Z INFO [488/500] 6d968d0c-0e8c-4e35-97f9-fa24cc5be9bf: 112 chunks; 1.6 s; peak memory 1233 MiB.
2026-10-09T23:43:59Z INFO [489/500] 6d969805-0198-46eb-8149-b6ebb4a3675e: 140 chunks; 1.3 s; peak memory 1233 MiB.
2026-10-09T23:44:00Z INFO [490/500] 6d96c53c-fdf6-4419-8e0b-8c0aa913e30d: 118 chunks; 1.4 s; peak memory 1233 MiB.
2026-10-09T23:44:07Z INFO [491/500] 6d974328-70b2-438e-bab9-bfab59fb76ca: 640 chunks; 6.7 s; peak memory 1233 MiB.
2026-10-09T23:44:14Z INFO [492/500] 6d98a3ab-da8e-4b69-add0-5abd0a481efd: 231 chunks; 6.4 s; peak memory 1233 MiB.
2026-10-09T23:44:16Z INFO [493/500] 6d98d70e-b6e8-4310-b867-8492c9f67be2: 71 chunks; 2.1 s; peak memory 1233 MiB.
2026-10-09T23:44:17Z INFO [494/500] 6d99f93a-205a-4e1a-87e7-2a2b2b2dd06b: 66 chunks; 1.7 s; peak memory 1233 MiB.
2026-10-09T23:44:19Z INFO [495/500] 6d9a7df8-6bc6-4626-af8d-a56c8cecf6ea: 118 chunks; 1.5 s; peak memory 1233 MiB.
2026-10-09T23:44:21Z INFO [496/500] 6d9b0e89-1331-4596-ab42-a1093b9f0d7c: 117 chunks; 1.7 s; peak memory 1233 MiB.
2026-10-09T23:44:25Z INFO [497/500] 6d9c48a1-ec15-47a9-8931-584832837643: 2429 chunks; 4.9 s; peak memory 1233 MiB.
2026-10-09T23:44:37Z INFO [498/500] 6d9c4afe-7bd8-46c1-aa0c-a7b7bff9e076: 336 chunks; 11.2 s; peak memory 1233 MiB.
2026-10-09T23:44:45Z INFO [499/500] 6d9d38a0-5d61-4d46-89d7-6d964e9290ba: 2923 chunks; 8.2 s; peak memory 1233 MiB.
2026-10-09T23:44:59Z INFO [500/500] 6d9f2bb9-a644-45f3-b8e7-7ad0979a3860: 19375 chunks; 13.8 s; peak memory 1233 MiB.
2026-10-09T23:44:59Z INFO [500/500] 6d9f2bb9-a644-45f3-b8e7-7ad0979a3860: checkpointed 99834 new records.
2026-10-09T23:44:59Z INFO Wrote 99834 records to /tmp/derivatives/valid_nwb_file_to_chunk_stats.jsonl (500 new, 0 failed) in 141.3 min (peak memory 1233 MiB).
