2026-10-04T12:13:10Z INFO Logging to /tmp/logs/update_2026-10-04T12-13-10Z.log.
2026-10-04T12:13:10Z INFO Update valid-nwb-file-to-chunk-stats (base directory /tmp).
2026-10-04T12:13:10Z INFO Processing 500 items (68334 already recorded).
2026-10-04T12:13:12Z INFO [1/500] 2c4f5e99-5c3e-44bc-a16d-eb22b6c88850: 117 chunks; 1.6 s; peak memory 161 MiB.
2026-10-04T12:13:13Z INFO [2/500] 2c4f9861-aec9-4ecd-96a4-a7832eec48fb: 69 chunks; 1.0 s; peak memory 162 MiB.
2026-10-04T12:13:14Z INFO [3/500] 2c4fd32c-2ba9-4ea1-a706-786c27f5ff28: 118 chunks; 1.0 s; peak memory 163 MiB.
2026-10-04T12:13:18Z INFO [4/500] 2c503fda-512d-4ccf-b341-1ae50ea7a5e4: 21956 chunks; 4.5 s; peak memory 201 MiB.
2026-10-04T12:13:19Z INFO [5/500] 2c510cba-c832-476b-8e8a-8c8b96d4d7fa: 48 chunks; 0.9 s; peak memory 202 MiB.
2026-10-04T12:13:20Z INFO [6/500] 2c51d993-8c2c-4521-9806-eee7c7d1ed42: 48 chunks; 0.9 s; peak memory 202 MiB.
2026-10-04T12:13:21Z INFO [7/500] 2c53bde3-80c9-44ff-916f-a984565e9ecd: 48 chunks; 1.0 s; peak memory 202 MiB.
2026-10-04T12:13:22Z INFO [8/500] 2c5557d4-5d6f-47c6-b713-1e79c3b29a64: 117 chunks; 1.2 s; peak memory 202 MiB.
2026-10-04T12:13:23Z INFO [9/500] 2c559b03-ddcd-4b63-87bf-fe61b3702036: 117 chunks; 1.1 s; peak memory 203 MiB.
2026-10-04T12:13:24Z INFO [10/500] 2c55ab43-6fe7-4ae5-9b2c-0e1379ecb78b: 48 chunks; 0.9 s; peak memory 203 MiB.
2026-10-04T12:13:25Z INFO [11/500] 2c55efb8-39e1-49a7-a00a-42e97e53b059: 112 chunks; 1.0 s; peak memory 203 MiB.
2026-10-04T12:13:30Z INFO [12/500] 2c564087-d900-4805-9c05-f01ffb62653e: 12738 chunks; 5.1 s; peak memory 203 MiB.
2026-10-04T12:13:31Z INFO [13/500] 2c5756f4-e138-48f3-910c-964a4db3dacb: 118 chunks; 1.1 s; peak memory 203 MiB.
2026-10-04T12:13:33Z INFO [14/500] 2c577719-1298-4452-84ef-bfed6f49715d: 70 chunks; 1.5 s; peak memory 203 MiB.
2026-10-04T12:13:33Z INFO [15/500] 2c5786e1-b163-45d9-be85-6606ea2b7b05: 46 chunks; 0.7 s; peak memory 203 MiB.
2026-10-04T12:13:35Z INFO [16/500] 2c57916e-c950-469b-928a-e787b389fc34: 66 chunks; 1.3 s; peak memory 203 MiB.
2026-10-04T12:13:35Z INFO [17/500] 2c57b035-34c4-42a5-8b00-fa34c848142a: 48 chunks; 0.9 s; peak memory 203 MiB.
2026-10-04T12:13:36Z INFO [18/500] 2c57e7af-705f-47b5-af21-8f3b68611622: 78 chunks; 0.9 s; peak memory 204 MiB.
2026-10-04T12:13:37Z INFO [19/500] 2c583fd7-a69b-4d92-bb22-fadd691329fa: 117 chunks; 1.1 s; peak memory 204 MiB.
2026-10-04T12:13:38Z INFO [20/500] 2c584ac1-36cc-4c87-a2ee-754a2c774e48: 52 chunks; 0.6 s; peak memory 204 MiB.
2026-10-04T12:13:39Z INFO [21/500] 2c5856b6-31fd-464d-a5c6-02b87e3999ab: 59 chunks; 1.3 s; peak memory 204 MiB.
2026-10-04T12:13:40Z INFO [22/500] 2c586315-e000-4c47-8c7e-a250bd9691ca: 56 chunks; 0.7 s; peak memory 204 MiB.
2026-10-04T12:13:42Z INFO [23/500] 2c59611e-7619-438d-80d0-2bd26f4ec763: 119 chunks; 1.8 s; peak memory 204 MiB.
2026-10-04T12:13:43Z INFO [24/500] 2c5997bd-d6e5-4e88-8862-f65e0df88cca: 112 chunks; 1.2 s; peak memory 204 MiB.
2026-10-04T12:13:44Z INFO [25/500] 2c5a1ee3-97b4-4ac0-8d73-db26ef37864a: 48 chunks; 0.8 s; peak memory 204 MiB.
2026-10-04T12:13:53Z INFO [26/500] 2c5abe7b-0807-4416-8b11-ea24cbd1fa03: 3323 chunks; 9.6 s; peak memory 204 MiB.
2026-10-04T12:13:54Z INFO [27/500] 2c5b5d4c-1035-46e7-ae14-236a7067e933: 48 chunks; 0.8 s; peak memory 204 MiB.
2026-10-04T12:13:55Z INFO [28/500] 2c5b80a3-d01a-40ad-80e1-cb66f4d89d29: 63 chunks; 0.8 s; peak memory 204 MiB.
2026-10-04T12:13:56Z INFO [29/500] 2c5c2f13-18bf-4aa0-b049-6437ee099f64: 46 chunks; 0.6 s; peak memory 204 MiB.
2026-10-04T12:13:57Z INFO [30/500] 2c5ca2d0-b484-41e6-a771-98b488b9317f: 66 chunks; 1.0 s; peak memory 204 MiB.
2026-10-04T12:15:46Z INFO [31/500] 2c5f197e-fa49-4b8d-888d-4f7963851076: 41176 chunks; 108.9 s; peak memory 329 MiB.
2026-10-04T12:15:47Z INFO [32/500] 2c5f3fa3-b1cb-4168-b7d3-ae3286ffd1e4: 48 chunks; 0.9 s; peak memory 329 MiB.
2026-10-04T12:15:53Z INFO [33/500] 2c600517-e3a6-4cba-b025-c83195fa4f5d: 5188 chunks; 6.0 s; peak memory 329 MiB.
2026-10-04T12:15:55Z INFO [34/500] 2c61d415-f073-473a-850d-af1bc821ff39: 156 chunks; 2.5 s; peak memory 329 MiB.
2026-10-04T12:15:56Z INFO [35/500] 2c6420e9-35da-4c31-a56e-958c116fc7cf: 48 chunks; 1.0 s; peak memory 329 MiB.
2026-10-04T12:15:57Z INFO [36/500] 2c656a8e-3e90-46e0-a008-088d53654b97: 48 chunks; 0.8 s; peak memory 329 MiB.
2026-10-04T12:16:00Z INFO [37/500] 2c65795f-d24f-4694-9052-3c4622b5f5c9: 1743 chunks; 2.8 s; peak memory 329 MiB.
2026-10-04T12:16:10Z INFO [38/500] 2c672913-9493-4c89-a5c5-17323917de4b: 33634 chunks; 10.6 s; peak memory 329 MiB.
2026-10-04T12:16:11Z INFO [39/500] 2c6789b6-56a2-4a23-b09a-644d8db90e85: 71 chunks; 1.1 s; peak memory 329 MiB.
2026-10-04T12:16:12Z INFO [40/500] 2c679df8-bec8-4f95-9234-dc35dd9323e2: 64 chunks; 1.0 s; peak memory 329 MiB.
2026-10-04T12:16:16Z INFO [41/500] 2c684549-fbfa-4019-bca8-f5a7f22311b8: 111 chunks; 3.2 s; peak memory 329 MiB.
2026-10-04T12:16:17Z INFO [42/500] 2c689e83-c7ae-4dd5-aeaa-fbc5dc1c62b8: 117 chunks; 1.0 s; peak memory 329 MiB.
2026-10-04T12:16:18Z INFO [43/500] 2c68affe-ace4-4a60-aedc-fbfec7ed6c73: 113 chunks; 1.4 s; peak memory 329 MiB.
2026-10-04T12:16:19Z INFO [44/500] 2c694f92-7254-4491-9ecf-9f6e7f41e5ea: 110 chunks; 0.9 s; peak memory 329 MiB.
2026-10-04T12:16:20Z INFO [45/500] 2c69c533-9bcb-4a61-8192-e004c246cbea: 117 chunks; 0.9 s; peak memory 329 MiB.
2026-10-04T12:16:20Z INFO [46/500] 2c6a7ed1-22df-46d0-9764-351cf02f1b4a: 46 chunks; 0.8 s; peak memory 329 MiB.
2026-10-04T12:16:22Z INFO [47/500] 2c6b3e5c-1314-49ff-99eb-686a35aa25d5: 112 chunks; 1.4 s; peak memory 329 MiB.
2026-10-04T12:16:23Z INFO [48/500] 2c6c7eba-db73-41a9-be3a-434539905571: 48 chunks; 1.0 s; peak memory 329 MiB.
2026-10-04T12:16:25Z INFO [49/500] 2c6cee21-6cad-44e2-8548-758d8a7afc87: 71 chunks; 1.9 s; peak memory 329 MiB.
2026-10-04T12:16:26Z INFO [50/500] 2c6d4c6c-06de-478d-be66-2492d94e7c1b: 110 chunks; 1.1 s; peak memory 329 MiB.
2026-10-04T12:16:26Z INFO [50/500] 2c6d4c6c-06de-478d-be66-2492d94e7c1b: checkpointed 68384 records.
2026-10-04T12:16:27Z INFO [51/500] 2c6d6389-1097-4bb8-b443-4189f9d9e002: 48 chunks; 0.7 s; peak memory 329 MiB.
2026-10-04T12:17:02Z INFO [52/500] 2c6d85f8-b6ba-4481-bb1d-fd001519de59: 22322 chunks; 35.2 s; peak memory 329 MiB.
2026-10-04T12:17:04Z INFO [53/500] 2c6dca28-8ffb-481c-90f0-d36b68fe6ec2: 116 chunks; 2.2 s; peak memory 329 MiB.
2026-10-04T12:17:05Z INFO [54/500] 2c6df0c8-aded-4daf-a440-c562ec743539: 112 chunks; 0.9 s; peak memory 329 MiB.
2026-10-04T12:17:06Z INFO [55/500] 2c6f028c-30b1-4b59-aec9-dc244d22561d: 48 chunks; 0.8 s; peak memory 329 MiB.
2026-10-04T12:17:07Z INFO [56/500] 2c6f16c9-14e8-4989-9337-9271802814e5: 119 chunks; 1.7 s; peak memory 329 MiB.
2026-10-04T12:17:08Z INFO [57/500] 2c6f9304-29bc-4516-a7d7-c52f6ccef2c9: 112 chunks; 0.8 s; peak memory 329 MiB.
2026-10-04T12:17:10Z INFO [58/500] 2c70255a-d24e-4695-bf49-905c9d1a3766: 90 chunks; 1.7 s; peak memory 329 MiB.
2026-10-04T12:17:11Z INFO [59/500] 2c702687-2fb1-42e9-9d09-537031745464: 48 chunks; 1.0 s; peak memory 329 MiB.
2026-10-04T12:17:18Z INFO [60/500] 2c706aeb-193e-4b5c-ac49-7982ada1eb47: 18268 chunks; 7.2 s; peak memory 329 MiB.
2026-10-04T12:17:19Z INFO [61/500] 2c70debc-8cd2-4e8f-8e21-d50de2bdc54b: 117 chunks; 0.9 s; peak memory 329 MiB.
2026-10-04T12:17:20Z INFO [62/500] 2c711963-f50e-4489-9a36-f7f3e2d2290d: 117 chunks; 0.9 s; peak memory 329 MiB.
2026-10-04T12:17:21Z INFO [63/500] 2c72c310-4eef-4cf0-a07f-3c3cff8742e9: 582 chunks; 1.1 s; peak memory 329 MiB.
2026-10-04T12:17:22Z INFO [64/500] 2c73465d-67b4-44df-b701-c8a217b7bcc2: 367 chunks; 1.3 s; peak memory 329 MiB.
2026-10-04T12:17:30Z INFO [65/500] 2c739b94-076a-484a-8fcc-9d15e490f603: 16478 chunks; 7.7 s; peak memory 329 MiB.
2026-10-04T12:17:31Z INFO [66/500] 2c757500-0a38-4e7c-a340-5d1679f90a9d: 59 chunks; 1.0 s; peak memory 329 MiB.
2026-10-04T12:17:32Z INFO [67/500] 2c766f80-75d6-4a55-b8b7-c3b61293b26d: 48 chunks; 0.7 s; peak memory 329 MiB.
2026-10-04T12:17:32Z INFO [68/500] 2c76ea51-f0ee-4661-9585-bd7c5ed6fd47: 45 chunks; 0.6 s; peak memory 329 MiB.
2026-10-04T12:17:37Z INFO [69/500] 2c76f0fb-f1c6-4254-a987-e6781e4d0411: 4133 chunks; 4.9 s; peak memory 329 MiB.
2026-10-04T12:17:38Z INFO [70/500] 2c772f75-a25a-4952-9171-e1e0a9522ca8: 48 chunks; 0.8 s; peak memory 329 MiB.
2026-10-04T12:17:39Z INFO [71/500] 2c7739c1-345c-47fa-b17c-cf7f45cceedd: 117 chunks; 0.9 s; peak memory 329 MiB.
2026-10-04T12:17:41Z INFO [72/500] 2c77f392-da64-462f-99a9-7d58b10702be: 143 chunks; 1.8 s; peak memory 329 MiB.
2026-10-04T12:17:42Z INFO [73/500] 2c77fac9-ebcf-4078-a82b-2260bf8ed2fa: 116 chunks; 1.1 s; peak memory 329 MiB.
2026-10-04T12:18:31Z INFO [74/500] 2c788c06-6bcf-4e03-913b-2230f1ff55bf: 11843 chunks; 49.1 s; peak memory 389 MiB.
2026-10-04T12:18:32Z INFO [75/500] 2c790782-ab38-4ea9-bba0-e654955f5953: 52 chunks; 1.1 s; peak memory 389 MiB.
2026-10-04T12:18:33Z INFO [76/500] 2c79de34-8dbf-42b5-8a59-e2ed64d89ca0: 66 chunks; 1.1 s; peak memory 389 MiB.
2026-10-04T12:18:34Z INFO [77/500] 2c7a3608-478c-41ea-b9e9-451702d41cc4: 48 chunks; 0.8 s; peak memory 389 MiB.
2026-10-04T12:18:35Z INFO [78/500] 2c7afe41-30ff-4ced-b3c5-f29df5897e8b: 116 chunks; 0.9 s; peak memory 389 MiB.
2026-10-04T12:18:36Z INFO [79/500] 2c7b00e6-5cc2-48b2-b6d3-c3d6b39baf07: 71 chunks; 1.6 s; peak memory 389 MiB.
2026-10-04T12:18:38Z INFO [80/500] 2c7b853b-5f2b-4ab6-9137-8771c1371de8: 112 chunks; 1.2 s; peak memory 389 MiB.
2026-10-04T12:18:38Z INFO [81/500] 2c7b88e7-4d37-4b26-b531-6efb48435fc6: 46 chunks; 0.5 s; peak memory 389 MiB.
2026-10-04T12:18:39Z INFO [82/500] 2c7c3b12-0fdc-482c-b93b-f7df0e0caffb: 112 chunks; 1.2 s; peak memory 389 MiB.
2026-10-04T12:18:43Z INFO [83/500] 2c7c6b2a-1660-4068-ac7b-a6409d7bcccd: 3387 chunks; 3.5 s; peak memory 389 MiB.
2026-10-04T12:18:44Z INFO [84/500] 2c7cd48a-4471-415d-8cea-bd129f1bdd35: 117 chunks; 1.2 s; peak memory 389 MiB.
2026-10-04T12:18:47Z INFO [85/500] 2c7def6b-2f60-4f6e-ab81-8ea8a774eb87: 184 chunks; 3.2 s; peak memory 389 MiB.
2026-10-04T12:18:48Z INFO [86/500] 2c7eb346-550a-4fe0-a823-814f29f92d26: 48 chunks; 0.8 s; peak memory 389 MiB.
2026-10-04T12:18:49Z INFO [87/500] 2c80310c-015e-4caa-ae25-842264d1811a: 937 chunks; 1.2 s; peak memory 389 MiB.
2026-10-04T12:20:00Z INFO [88/500] 2c80601b-30d3-451c-a121-b192b7699a3a: 18170 chunks; 71.2 s; peak memory 441 MiB.
2026-10-04T12:20:05Z INFO [89/500] 2c80a4ca-71f2-4354-91a6-c2dde16e34e9: 9747 chunks; 4.6 s; peak memory 441 MiB.
2026-10-04T12:20:06Z INFO [90/500] 2c8156a4-0aa6-4600-a7c4-d870067c4bc2: 112 chunks; 1.4 s; peak memory 441 MiB.
2026-10-04T12:20:07Z INFO [91/500] 2c815d50-088a-410f-a241-9946aa22e637: 48 chunks; 0.9 s; peak memory 441 MiB.
2026-10-04T12:21:47Z INFO [92/500] 2c82b9e5-ec4d-4c30-a534-9d6397341085: 37716 chunks; 100.2 s; peak memory 441 MiB.
2026-10-04T12:22:35Z INFO [93/500] 2c839593-d391-4018-9939-9e973e35d02b: 32842 chunks; 47.6 s; peak memory 441 MiB.
2026-10-04T12:22:36Z INFO [94/500] 2c83fcc1-9fda-4b43-a560-43a5032ae7b9: 117 chunks; 1.0 s; peak memory 441 MiB.
2026-10-04T12:22:37Z INFO [95/500] 2c8424e4-a263-4233-b032-eeaf65459a43: 46 chunks; 1.0 s; peak memory 441 MiB.
2026-10-04T12:22:40Z INFO [96/500] 2c843e6f-2f60-45ff-8f9c-400a300b0132: 797 chunks; 3.0 s; peak memory 441 MiB.
2026-10-04T12:22:41Z INFO [97/500] 2c845952-4a5d-47a9-949e-8beb47600507: 117 chunks; 1.1 s; peak memory 441 MiB.
2026-10-04T12:22:43Z INFO [98/500] 2c8467e4-6747-42f5-8726-16927969b626: 155 chunks; 1.4 s; peak memory 441 MiB.
2026-10-04T12:22:44Z INFO [99/500] 2c849f66-0e21-44df-a43e-f31c4c040c0e: 46 chunks; 0.9 s; peak memory 441 MiB.
2026-10-04T12:22:44Z INFO [100/500] 2c851bd5-be25-4a68-8e7a-8d63d9991888: 46 chunks; 0.6 s; peak memory 441 MiB.
2026-10-04T12:22:44Z INFO [100/500] 2c851bd5-be25-4a68-8e7a-8d63d9991888: checkpointed 68434 records.
2026-10-04T12:23:05Z INFO [101/500] 2c856987-602e-44f2-86ff-508645507481: 6592 chunks; 20.3 s; peak memory 441 MiB.
2026-10-04T12:23:06Z INFO [102/500] 2c863ed5-872c-4971-bde6-7f2f6b2a7d6a: 48 chunks; 1.0 s; peak memory 441 MiB.
2026-10-04T12:23:18Z INFO [103/500] 2c877525-75a5-4037-ae85-6747d7a6df8c: 370 chunks; 12.2 s; peak memory 441 MiB.
2026-10-04T12:23:19Z INFO [104/500] 2c87aa6a-6be9-4a95-ac44-1d1c95088c7e: 66 chunks; 1.4 s; peak memory 441 MiB.
2026-10-04T12:23:20Z INFO [105/500] 2c886487-5379-4f9a-b863-1aaa1825b728: 116 chunks; 1.0 s; peak memory 441 MiB.
2026-10-04T12:23:21Z INFO [106/500] 2c88a833-8319-4baa-98e9-c4f24607bb94: 56 chunks; 0.7 s; peak memory 441 MiB.
2026-10-04T12:23:22Z INFO [107/500] 2c88ea8d-a8c7-4137-be1a-2def3238cc18: 57 chunks; 0.7 s; peak memory 441 MiB.
2026-10-04T12:23:23Z INFO [108/500] 2c891ac8-1b0f-4ca1-9b2b-71ba7df75bb0: 116 chunks; 1.2 s; peak memory 441 MiB.
2026-10-04T12:23:24Z INFO [109/500] 2c89ea36-c27c-4cca-bd25-919bae42e7f9: 55 chunks; 0.7 s; peak memory 441 MiB.
2026-10-04T12:23:24Z INFO [110/500] 2c8a221f-8dc1-45ec-8765-b3e09f9656eb: 65 chunks; 1.0 s; peak memory 441 MiB.
2026-10-04T12:23:29Z INFO [111/500] 2c8a72ee-16d1-4ec1-b461-bf6257cd76b4: 1956 chunks; 4.3 s; peak memory 441 MiB.
2026-10-04T12:23:30Z INFO [112/500] 2c8ae61b-161c-4ee7-b629-a3be981f1674: 109 chunks; 1.0 s; peak memory 441 MiB.
2026-10-04T12:23:31Z INFO [113/500] 2c8bae2c-0237-4188-8ab8-43a829645173: 118 chunks; 1.2 s; peak memory 441 MiB.
2026-10-04T12:23:35Z INFO [114/500] 2c8ce069-3326-43af-b155-fb63a8b7ce85: 964 chunks; 3.6 s; peak memory 441 MiB.
2026-10-04T12:23:35Z INFO [115/500] 2c8d1a67-bf74-49ba-92e7-2c510d039555: 118 chunks; 0.8 s; peak memory 441 MiB.
2026-10-04T12:23:36Z INFO [116/500] 2c8d731b-62cc-4988-af73-0174e9f41daf: 37 chunks; 0.7 s; peak memory 441 MiB.
2026-10-04T12:23:38Z INFO [117/500] 2c8e339f-2410-403e-8dfc-ff79547f8483: 138 chunks; 2.0 s; peak memory 441 MiB.
2026-10-04T12:23:47Z INFO [118/500] 2c8e5476-42aa-4c7b-b58f-a44ff83cad45: 3175 chunks; 8.5 s; peak memory 441 MiB.
2026-10-04T12:23:47Z INFO [119/500] 2c8ed00e-902f-4551-b71b-3151f41e0ecc: 112 chunks; 0.9 s; peak memory 441 MiB.
2026-10-04T12:23:49Z INFO [120/500] 2c8f1056-6d20-480f-ac11-f6c195286d51: 997 chunks; 1.9 s; peak memory 441 MiB.
2026-10-04T12:23:51Z INFO [121/500] 2c8f130f-8fcf-4323-993a-210ccdc1608e: 582 chunks; 1.6 s; peak memory 441 MiB.
2026-10-04T12:23:52Z INFO [122/500] 2c8fad95-eda6-462b-b948-120fb22d941c: 158 chunks; 1.6 s; peak memory 441 MiB.
2026-10-04T12:23:54Z INFO [123/500] 2c8fc688-62e6-42e9-b254-132d89dd8567: 144 chunks; 1.4 s; peak memory 441 MiB.
2026-10-04T12:23:55Z INFO [124/500] 2c8fc860-3e75-4d05-b056-53f04c82abac: 52 chunks; 0.9 s; peak memory 441 MiB.
2026-10-04T12:23:56Z INFO [125/500] 2c903d95-1635-4e47-8e36-2fd996008b36: 48 chunks; 0.9 s; peak memory 441 MiB.
2026-10-04T12:23:57Z INFO [126/500] 2c908520-a000-4d96-a9e2-df4c8bb41e58: 110 chunks; 1.1 s; peak memory 441 MiB.
2026-10-04T12:24:00Z INFO [127/500] 2c9114bf-27fd-4dc8-bfbb-5b9ac2235b55: 644 chunks; 3.3 s; peak memory 441 MiB.
2026-10-04T12:24:01Z INFO [128/500] 2c912f19-aaa4-473c-a70a-538a11355f04: 48 chunks; 0.9 s; peak memory 441 MiB.
2026-10-04T12:24:02Z INFO [129/500] 2c918cd5-7829-411b-91bb-da00bcadb078: 48 chunks; 0.7 s; peak memory 441 MiB.
2026-10-04T12:24:03Z INFO [130/500] 2c918ea9-a715-48d9-9776-7405bcc939d4: 66 chunks; 1.2 s; peak memory 441 MiB.
2026-10-04T12:24:10Z INFO [131/500] 2c91f812-875e-4c1c-b0e0-3183aeeef886: 1853 chunks; 6.8 s; peak memory 441 MiB.
2026-10-04T12:24:11Z INFO [132/500] 2c92d4e0-a90f-4635-a1d4-614fea2d3dca: 48 chunks; 0.9 s; peak memory 441 MiB.
2026-10-04T12:24:12Z INFO [133/500] 2c92f227-4ffd-4e42-b681-d616f5e244e8: 99 chunks; 1.0 s; peak memory 441 MiB.
2026-10-04T12:24:13Z INFO [134/500] 2c93c63a-9775-4a2b-bb84-0a9e92b9b6ca: 131 chunks; 1.3 s; peak memory 441 MiB.
2026-10-04T12:24:14Z INFO [135/500] 2c948f31-78ed-43b1-81e3-a6d0e7ec6e36: 116 chunks; 0.9 s; peak memory 441 MiB.
2026-10-04T12:24:15Z INFO [136/500] 2c95981e-397e-46d8-b23c-2fdddbbe2a00: 112 chunks; 1.1 s; peak memory 441 MiB.
2026-10-04T12:24:21Z INFO [137/500] 2c95c693-3ac7-4c52-96c7-43ee0663841c: 17969 chunks; 6.2 s; peak memory 441 MiB.
2026-10-04T12:24:28Z INFO [138/500] 2c96b564-7216-4dfe-aea3-ddd9a4f7bc76: 23224 chunks; 7.0 s; peak memory 441 MiB.
2026-10-04T12:24:29Z INFO [139/500] 2c96d7f1-cd53-4b8a-9a8a-5fbbc5b67606: 48 chunks; 0.9 s; peak memory 441 MiB.
2026-10-04T12:24:30Z INFO [140/500] 2c96e527-01f8-48e8-bcf7-567fcd7331e7: 69 chunks; 0.7 s; peak memory 441 MiB.
2026-10-04T12:24:32Z INFO [141/500] 2c975c9a-98ba-49cc-a157-f96036dfabbf: 154 chunks; 2.6 s; peak memory 441 MiB.
2026-10-04T12:24:34Z INFO [142/500] 2c976d13-e78d-4bda-9c07-b4ef1c803ce7: 112 chunks; 1.3 s; peak memory 441 MiB.
2026-10-04T12:24:35Z INFO [143/500] 2c978186-9255-4ba2-b4ba-5eca52cd592b: 112 chunks; 1.1 s; peak memory 441 MiB.
2026-10-04T12:24:36Z INFO [144/500] 2c98c191-a1aa-4e68-be54-61de28d3b7e9: 48 chunks; 0.8 s; peak memory 441 MiB.
2026-10-04T12:24:36Z INFO [145/500] 2c997c12-0948-4d22-bcf1-e8f44f30b25c: 117 chunks; 0.8 s; peak memory 441 MiB.
2026-10-04T12:24:37Z INFO [146/500] 2c9a5355-a76a-48c8-9706-c6ad9337881e: 48 chunks; 0.8 s; peak memory 441 MiB.
2026-10-04T12:24:38Z INFO [147/500] 2c9acf82-1fbd-48f8-baeb-ed304cedce4c: 119 chunks; 1.0 s; peak memory 441 MiB.
2026-10-04T12:24:39Z INFO [148/500] 2c9add55-45b6-4e04-87ba-42cc01af4428: 550 chunks; 0.8 s; peak memory 441 MiB.
2026-10-04T12:24:41Z INFO [149/500] 2c9bc67b-6ba0-4639-83ff-621f34f8d3f8: 66 chunks; 1.4 s; peak memory 441 MiB.
2026-10-04T12:24:41Z INFO [150/500] 2c9ce6f8-3507-412b-83e8-85a9a4a25e65: 66 chunks; 0.8 s; peak memory 441 MiB.
2026-10-04T12:24:42Z INFO [150/500] 2c9ce6f8-3507-412b-83e8-85a9a4a25e65: checkpointed 68484 records.
2026-10-04T12:24:43Z INFO [151/500] 2c9eaef3-2959-4f4f-8a5f-ba7cdabe0515: 71 chunks; 1.8 s; peak memory 441 MiB.
2026-10-04T12:24:49Z INFO [152/500] 2c9eeb82-cf57-452a-8b2e-64397f94886d: 10595 chunks; 5.7 s; peak memory 441 MiB.
2026-10-04T12:24:50Z INFO [153/500] 2c9f0d18-4ec4-444a-890b-32f9a258d9e7: 48 chunks; 0.9 s; peak memory 441 MiB.
2026-10-04T12:24:52Z INFO [154/500] 2c9f2c9c-b353-465c-bf01-0c5e2ab33ca4: 105 chunks; 1.7 s; peak memory 441 MiB.
2026-10-04T12:24:54Z INFO [155/500] 2c9f7486-3595-4792-a5c3-7e98b1249cde: 228 chunks; 2.2 s; peak memory 441 MiB.
2026-10-04T12:24:55Z INFO [156/500] 2ca0d224-0550-49eb-9e76-009d4e11bbc2: 51 chunks; 0.7 s; peak memory 441 MiB.
2026-10-04T12:24:57Z INFO [157/500] 2ca1b550-5143-4572-be18-15d0bdfa454a: 1061 chunks; 1.9 s; peak memory 441 MiB.
2026-10-04T12:24:57Z INFO [158/500] 2ca1f8fb-e6b9-49c3-a8c6-866d92912551: 116 chunks; 0.9 s; peak memory 441 MiB.
2026-10-04T12:25:05Z INFO [159/500] 2ca20535-efd3-462a-9ee5-a69ae302ffb0: 16477 chunks; 7.1 s; peak memory 441 MiB.
2026-10-04T12:25:06Z INFO [160/500] 2ca24d5e-fa4b-4af9-a6cc-225237426e95: 64 chunks; 1.4 s; peak memory 441 MiB.
2026-10-04T12:25:08Z INFO [161/500] 2ca2a97d-2f1b-41c2-a35b-7ba2fd2d0dd4: 71 chunks; 1.7 s; peak memory 441 MiB.
2026-10-04T12:25:08Z INFO [162/500] 2ca337ca-ec87-42c0-a775-fe6a805af894: 76 chunks; 0.9 s; peak memory 441 MiB.
2026-10-04T12:25:10Z INFO [163/500] 2ca3df3d-e736-413f-9839-3e49b73433dc: 76 chunks; 1.1 s; peak memory 441 MiB.
2026-10-04T12:25:21Z INFO [164/500] 2ca44aef-f9cc-469b-97ce-55ef61a28720: 9767 chunks; 11.1 s; peak memory 441 MiB.
2026-10-04T12:25:28Z INFO [165/500] 2ca47f59-c04f-46cc-8163-213a21c7b61b: 4744 chunks; 7.2 s; peak memory 441 MiB.
2026-10-04T12:25:30Z INFO [166/500] 2ca59b40-12bd-40ba-a84f-559ac96c249c: 156 chunks; 2.4 s; peak memory 441 MiB.
2026-10-04T12:25:31Z INFO [167/500] 2ca5d7f1-6fae-455a-bfee-04e49cabe7fe: 48 chunks; 0.9 s; peak memory 441 MiB.
2026-10-04T12:25:32Z INFO [168/500] 2ca83a4c-ac43-4980-976a-f59961bf5108: 117 chunks; 1.0 s; peak memory 441 MiB.
2026-10-04T12:25:34Z INFO [169/500] 2caae102-382d-4b7b-a492-2c336a978687: 317 chunks; 1.8 s; peak memory 441 MiB.
2026-10-04T12:25:35Z INFO [170/500] 2cab5f4a-0798-4c4a-80ac-3d0202677b07: 50 chunks; 0.8 s; peak memory 441 MiB.
2026-10-04T12:25:36Z INFO [171/500] 2cac8599-062b-4d0d-968e-84299659d00b: 112 chunks; 0.7 s; peak memory 441 MiB.
2026-10-04T12:25:36Z INFO [172/500] 2cadbf40-dc9d-4e90-a81e-f3f3a9af2e64: 117 chunks; 0.8 s; peak memory 441 MiB.
2026-10-04T12:25:37Z INFO [173/500] 2cae1bcb-c332-464a-a482-ba16d03e5f1a: 46 chunks; 1.1 s; peak memory 441 MiB.
2026-10-04T12:25:40Z INFO [174/500] 2caebafe-379a-40f8-9e04-dafbaf01554c: 85 chunks; 2.3 s; peak memory 441 MiB.
2026-10-04T12:25:45Z INFO [175/500] 2cafc8a5-e897-4609-acb6-bb58e78b0868: 193 chunks; 5.1 s; peak memory 441 MiB.
2026-10-04T12:25:46Z INFO [176/500] 2cb044cb-bbaa-4a82-90b7-6e13803b52dd: 56 chunks; 0.6 s; peak memory 441 MiB.
2026-10-04T12:25:47Z INFO [177/500] 2cb067bd-6874-4abb-8b10-448ff43e14aa: 71 chunks; 1.6 s; peak memory 441 MiB.
2026-10-04T12:25:48Z INFO [178/500] 2cb08da0-3a43-4e11-ba7b-9c4b2b451621: 113 chunks; 1.4 s; peak memory 441 MiB.
2026-10-04T12:25:50Z INFO [179/500] 2cb0a196-75a5-4aca-b9e6-0a72591d38d4: 71 chunks; 1.5 s; peak memory 441 MiB.
2026-10-04T12:25:56Z INFO [180/500] 2cb1fa9a-4aad-4cc2-bbb0-be72f145198b: 193 chunks; 5.8 s; peak memory 441 MiB.
2026-10-04T12:25:57Z INFO [181/500] 2cb3abd4-6f40-4eee-b16a-b3485784958c: 195 chunks; 1.0 s; peak memory 441 MiB.
2026-10-04T12:25:57Z INFO [182/500] 2cb417d8-6d9a-4ee6-8bf2-9f6f9e1a9f62: 45 chunks; 0.5 s; peak memory 441 MiB.
2026-10-04T12:25:58Z INFO [183/500] 2cb49390-a4b2-4ff0-9790-789ffed5e2b9: 63 chunks; 0.7 s; peak memory 441 MiB.
2026-10-04T12:26:05Z INFO [184/500] 2cb4e092-dee3-44a5-9544-d1b3054c5558: 20583 chunks; 7.0 s; peak memory 441 MiB.
2026-10-04T12:26:06Z INFO [185/500] 2cb621f6-156d-4ea9-96e9-80d207947423: 116 chunks; 1.1 s; peak memory 441 MiB.
2026-10-04T12:26:09Z INFO [186/500] 2cb65944-ead6-4ec5-a1ae-decec17918b7: 156 chunks; 2.5 s; peak memory 441 MiB.
2026-10-04T12:26:10Z INFO [187/500] 2cb75ecc-8e4d-46e0-9845-5aa83a614489: 118 chunks; 0.9 s; peak memory 441 MiB.
2026-10-04T12:26:10Z INFO [188/500] 2cb82625-bf14-4e8c-98ba-2a8aef9ce3dd: 48 chunks; 0.9 s; peak memory 441 MiB.
2026-10-04T12:26:11Z INFO [189/500] 2cb89f68-8597-4b6e-ad74-4f08426e578d: 116 chunks; 0.9 s; peak memory 441 MiB.
2026-10-04T12:26:12Z INFO [190/500] 2cb8cdbe-7fe1-4f19-bc13-8c9bc3a6fcc1: 46 chunks; 0.7 s; peak memory 441 MiB.
2026-10-04T12:26:26Z INFO [191/500] 2cb90397-d53f-451d-897e-d059fb8e5775: 32076 chunks; 13.9 s; peak memory 441 MiB.
2026-10-04T12:26:27Z INFO [192/500] 2cba6976-c875-4c7f-8bad-326afb27562e: 69 chunks; 1.1 s; peak memory 441 MiB.
2026-10-04T12:26:29Z INFO [193/500] 2cbb1eb6-64bc-428d-825a-74ed06888d52: 133 chunks; 1.7 s; peak memory 441 MiB.
2026-10-04T12:26:41Z INFO [194/500] 2cbb84a7-2eaf-47c9-8778-d37eda7bf61f: 36348 chunks; 12.6 s; peak memory 441 MiB.
2026-10-04T12:26:42Z INFO [195/500] 2cbc5d09-445d-4f5e-9c03-521e729d9437: 35 chunks; 0.7 s; peak memory 441 MiB.
2026-10-04T12:26:43Z INFO [196/500] 2cbc6001-da97-4b6f-b55b-4dd2394ef613: 21 chunks; 0.6 s; peak memory 441 MiB.
2026-10-04T12:26:49Z INFO [197/500] 2cbd1a83-09b1-40d4-b2e8-2861f39d219e: 11885 chunks; 6.3 s; peak memory 441 MiB.
2026-10-04T12:26:50Z INFO [198/500] 2cbd9453-019c-40fd-844b-67ca7faf187e: 48 chunks; 1.0 s; peak memory 441 MiB.
2026-10-04T12:26:51Z INFO [199/500] 2cbdc28a-5d33-40a8-b4ff-453d9439360e: 550 chunks; 1.0 s; peak memory 441 MiB.
2026-10-04T12:26:52Z INFO [200/500] 2cbf5663-7f94-4979-a644-699f7ee326cc: 247 chunks; 1.2 s; peak memory 441 MiB.
2026-10-04T12:26:53Z INFO [200/500] 2cbf5663-7f94-4979-a644-699f7ee326cc: checkpointed 68534 records.
2026-10-04T12:26:55Z INFO [201/500] 2cbf7c3b-c83c-49e7-bce5-61199282ad70: 156 chunks; 2.4 s; peak memory 441 MiB.
2026-10-04T12:26:59Z INFO [202/500] 2cbf86c9-2a5d-4be2-a2fe-27708effd578: 19754 chunks; 4.2 s; peak memory 441 MiB.
2026-10-04T12:27:00Z INFO [203/500] 2cc04658-9b58-474f-9b5b-0a1e41e9c96b: 112 chunks; 1.2 s; peak memory 441 MiB.
2026-10-04T12:27:02Z INFO [204/500] 2cc189b6-33e1-4c90-b399-e37977c478c7: 131 chunks; 1.3 s; peak memory 441 MiB.
2026-10-04T12:27:02Z INFO [205/500] 2cc2f5d5-0371-4237-957c-fed3ea3f2fc6: 48 chunks; 0.7 s; peak memory 441 MiB.
2026-10-04T12:27:03Z INFO [206/500] 2cc3dc8f-f4a6-4ed5-aa5f-81b52561be3f: 116 chunks; 0.9 s; peak memory 441 MiB.
2026-10-04T12:27:04Z INFO [207/500] 2cc3eae0-b88c-4529-9d95-549c002781fd: 48 chunks; 0.9 s; peak memory 441 MiB.
2026-10-04T12:27:05Z INFO [208/500] 2cc44d60-75b8-4e1a-ab85-2965416f7e06: 201 chunks; 1.1 s; peak memory 441 MiB.
2026-10-04T12:27:06Z INFO [209/500] 2cc4b8cc-340a-4ce5-95c7-dfb2fb6a6986: 64 chunks; 0.8 s; peak memory 441 MiB.
2026-10-04T12:27:08Z INFO [210/500] 2cc5a632-dcae-4b7a-bd0b-0229b912c946: 119 chunks; 2.0 s; peak memory 441 MiB.
2026-10-04T12:27:09Z INFO [211/500] 2cc5dcf8-823f-473b-916f-8cc517a6f54b: 112 chunks; 1.0 s; peak memory 441 MiB.
2026-10-04T12:27:11Z INFO [212/500] 2cc6fe6a-77cb-4af6-9a46-42eeb334c318: 997 chunks; 1.7 s; peak memory 441 MiB.
2026-10-04T12:27:12Z INFO [213/500] 2cc7062f-5717-4c63-b075-54cda811bcdd: 48 chunks; 0.9 s; peak memory 441 MiB.
2026-10-04T12:27:19Z INFO [214/500] 2cc78c70-029d-4ea5-8e19-06c2f58e675f: 825 chunks; 7.1 s; peak memory 441 MiB.
2026-10-04T12:27:20Z INFO [215/500] 2cc7e655-562c-49d8-b6aa-de6dc863cbd4: 66 chunks; 1.3 s; peak memory 441 MiB.
2026-10-04T12:27:25Z INFO [216/500] 2cc81e9c-c0c1-4ff0-9fd4-a9c04ae0480d: 1409 chunks; 5.4 s; peak memory 441 MiB.
2026-10-04T12:27:26Z INFO [217/500] 2cc84b41-3a2a-4aae-9326-6669b773db7b: 84 chunks; 0.8 s; peak memory 441 MiB.
2026-10-04T12:27:28Z INFO [218/500] 2cc8a0f9-5313-4032-af15-70de09467845: 138 chunks; 2.0 s; peak memory 441 MiB.
2026-10-04T12:27:29Z INFO [219/500] 2cc8e902-ef28-45ce-82b8-d7249e0b8d7b: 46 chunks; 0.6 s; peak memory 441 MiB.
2026-10-04T12:27:30Z INFO [220/500] 2cc9b71c-7828-4a65-8202-340cd77fff4b: 110 chunks; 1.6 s; peak memory 441 MiB.
2026-10-04T12:27:31Z INFO [221/500] 2cca1067-d7f9-4d36-81d2-f819cf48a428: 118 chunks; 1.0 s; peak memory 441 MiB.
2026-10-04T12:27:33Z INFO [222/500] 2cca1e54-dd71-4d39-a046-c93c0b07ed7c: 50 chunks; 1.1 s; peak memory 441 MiB.
2026-10-04T12:27:33Z INFO [223/500] 2cca9e55-e949-4d62-9ea2-febf83bb7083: 117 chunks; 0.8 s; peak memory 441 MiB.
2026-10-04T12:27:34Z INFO [224/500] 2ccb17c8-294e-4fd6-a945-8f54040358b7: 118 chunks; 0.8 s; peak memory 441 MiB.
2026-10-04T12:27:35Z INFO [225/500] 2ccb22e7-ee24-48d1-9d3b-7c223a5af4c8: 62 chunks; 1.1 s; peak memory 441 MiB.
2026-10-04T12:27:36Z INFO [226/500] 2ccb9d42-8e13-4442-ae56-5f229eedef8e: 69 chunks; 1.0 s; peak memory 441 MiB.
2026-10-04T12:27:37Z INFO [227/500] 2ccbafab-77fe-44c3-a032-4b586616d8d9: 109 chunks; 1.0 s; peak memory 441 MiB.
2026-10-04T12:27:38Z INFO [228/500] 2ccc40bd-1104-441f-9f85-d9579bd30e0c: 47 chunks; 0.7 s; peak memory 441 MiB.
2026-10-04T12:27:42Z INFO [229/500] 2ccc6247-eb44-409f-b185-6f69b1730e50: 242 chunks; 3.9 s; peak memory 441 MiB.
2026-10-04T12:27:43Z INFO [230/500] 2ccd0f50-6d02-44ac-91f0-1d06d8a3540f: 53 chunks; 1.4 s; peak memory 441 MiB.
2026-10-04T12:27:44Z INFO [231/500] 2ccdb6d0-74ef-45e4-9efa-99d78eb96671: 118 chunks; 1.0 s; peak memory 441 MiB.
2026-10-04T12:27:46Z INFO [232/500] 2ccdc7cd-b575-43e7-bf28-3bd19e511972: 141 chunks; 1.7 s; peak memory 441 MiB.
2026-10-04T12:27:52Z INFO [233/500] 2cce6631-ff0b-4619-bbde-ee01b98f4711: 298 chunks; 6.0 s; peak memory 441 MiB.
2026-10-04T12:27:54Z INFO [234/500] 2cce9a29-6e79-4e5b-9de7-7e7d4879e6b5: 184 chunks; 2.5 s; peak memory 441 MiB.
2026-10-04T12:28:04Z INFO [235/500] 2ccf1061-0ac0-4a80-8266-9768b466d7f6: 5354 chunks; 10.0 s; peak memory 441 MiB.
2026-10-04T12:28:05Z INFO [236/500] 2cd0bf9f-e1fd-4035-b344-2ddef403e52c: 58 chunks; 0.6 s; peak memory 441 MiB.
2026-10-04T12:28:06Z INFO [237/500] 2cd14d92-2263-4955-86ca-8dea3e72c36c: 117 chunks; 1.1 s; peak memory 441 MiB.
2026-10-04T12:28:07Z INFO [238/500] 2cd160ef-0f4e-490f-aed0-306f768f6685: 52 chunks; 1.0 s; peak memory 441 MiB.
2026-10-04T12:28:10Z INFO [239/500] 2cd2dead-bde5-48fb-8d6c-08d8369b2bc0: 8704 chunks; 3.4 s; peak memory 441 MiB.
2026-10-04T12:28:11Z INFO [240/500] 2cd51bc0-7231-408e-9088-0fa7af777311: 46 chunks; 0.7 s; peak memory 441 MiB.
2026-10-04T12:28:12Z INFO [241/500] 2cd54794-c6f9-4a37-9c46-f402bd720c81: 60 chunks; 0.9 s; peak memory 441 MiB.
2026-10-04T12:28:13Z INFO [242/500] 2cd58836-58a8-414d-9880-8ecc41173a94: 118 chunks; 1.2 s; peak memory 441 MiB.
2026-10-04T12:28:14Z INFO [243/500] 2cd5da1f-95a1-4ba6-a2b6-8f2eebd352e0: 46 chunks; 0.7 s; peak memory 441 MiB.
2026-10-04T12:28:15Z INFO [244/500] 2cd655b8-004d-4baf-ab17-89c63d2ab4d3: 98 chunks; 0.8 s; peak memory 441 MiB.
2026-10-04T12:28:16Z INFO [245/500] 2cd6d834-a6d6-47d3-b9a5-c2e627df8ca5: 117 chunks; 1.1 s; peak memory 441 MiB.
2026-10-04T12:28:17Z INFO [246/500] 2cd6e2fa-29eb-4cdb-8305-531d0bb64a69: 52 chunks; 0.9 s; peak memory 441 MiB.
2026-10-04T12:28:20Z INFO [247/500] 2cd7298d-6cf4-4b18-a50e-1b34d7b35674: 2853 chunks; 3.1 s; peak memory 441 MiB.
2026-10-04T12:28:20Z INFO [248/500] 2cd7a123-b9af-414d-b806-c1cbd6db6049: 110 chunks; 0.9 s; peak memory 441 MiB.
2026-10-04T12:28:22Z INFO [249/500] 2cd85331-31c1-488a-b90f-45ceedc1d476: 155 chunks; 1.5 s; peak memory 441 MiB.
2026-10-04T12:28:23Z INFO [250/500] 2cd8e361-0489-4f11-9f64-b7723b1efe9e: 69 chunks; 0.7 s; peak memory 441 MiB.
2026-10-04T12:28:23Z INFO [250/500] 2cd8e361-0489-4f11-9f64-b7723b1efe9e: checkpointed 68584 records.
2026-10-04T12:28:23Z INFO [251/500] 2cd8e8ee-db9f-4ae6-aa64-042feefb9318: 69 chunks; 0.7 s; peak memory 441 MiB.
2026-10-04T12:28:25Z INFO [252/500] 2cd8f4c0-104f-4019-b783-2c6969be1607: 138 chunks; 1.8 s; peak memory 441 MiB.
2026-10-04T12:28:26Z INFO [253/500] 2cd9778b-6944-46af-8c67-a590a97551df: 92 chunks; 0.8 s; peak memory 441 MiB.
2026-10-04T12:28:27Z INFO [254/500] 2cdac48f-2330-4dc2-a213-02a143dae649: 116 chunks; 0.9 s; peak memory 441 MiB.
2026-10-04T12:28:35Z INFO [255/500] 2cdb2bb7-e7d1-4a2a-9c52-147f02eaf05c: 24059 chunks; 8.2 s; peak memory 441 MiB.
2026-10-04T12:31:48Z INFO [256/500] 2cdb4c6a-7bd6-4999-a1e4-c760607e47e6: 75711 chunks; 192.5 s; peak memory 476 MiB.
2026-10-04T12:31:50Z INFO [257/500] 2cdbc12f-f863-4afe-bef8-cc253dde2267: 118 chunks; 2.0 s; peak memory 476 MiB.
2026-10-04T12:31:51Z INFO [258/500] 2cdc0a8e-314c-4571-8030-2993ff5f7daf: 115 chunks; 1.8 s; peak memory 476 MiB.
2026-10-04T12:31:58Z INFO [259/500] 2cdce245-a653-4c04-84e6-3f632579d3a0: 339 chunks; 6.8 s; peak memory 476 MiB.
2026-10-04T12:31:59Z INFO [260/500] 2cdce400-7e18-4819-b7a7-f16959080b23: 48 chunks; 0.8 s; peak memory 476 MiB.
2026-10-04T12:32:00Z INFO [261/500] 2cdd8e3b-a85e-47ef-890d-6363844f99ba: 112 chunks; 1.2 s; peak memory 476 MiB.
2026-10-04T12:32:01Z INFO [262/500] 2cdda551-6b5d-41b8-a4f7-335dca4b6771: 48 chunks; 0.9 s; peak memory 476 MiB.
2026-10-04T12:32:03Z INFO [263/500] 2cde5e00-910f-454f-8152-b3fa022214a6: 105 chunks; 1.4 s; peak memory 476 MiB.
2026-10-04T12:32:04Z INFO [264/500] 2cde89b5-4aac-4b43-b3ef-60c01ca242ca: 61 chunks; 1.1 s; peak memory 476 MiB.
2026-10-04T12:32:05Z INFO [265/500] 2cdf2e9a-1b3c-42c3-adde-0af9e35ad2d0: 48 chunks; 0.9 s; peak memory 476 MiB.
2026-10-04T12:32:12Z INFO [266/500] 2cdf6497-ccd6-4100-a379-9257deb0b443: 44822 chunks; 7.8 s; peak memory 476 MiB.
2026-10-04T12:32:15Z INFO [267/500] 2cdf7e18-16d5-46a1-a503-6eaec426fbcf: 111 chunks; 2.5 s; peak memory 476 MiB.
2026-10-04T12:32:16Z INFO [268/500] 2cdfe01f-69a8-4a53-ae38-415921896c1d: 48 chunks; 0.8 s; peak memory 476 MiB.
2026-10-04T12:32:17Z INFO [269/500] 2cdfedd6-148d-44fb-8dfe-2274ada68598: 52 chunks; 1.0 s; peak memory 476 MiB.
2026-10-04T12:32:18Z INFO [270/500] 2ce15091-ce4e-46ed-8285-56edc6faff26: 112 chunks; 1.1 s; peak memory 476 MiB.
2026-10-04T12:32:27Z INFO [271/500] 2ce1a58e-360b-4d8b-bfa0-7eabd08b2b0a: 32650 chunks; 9.2 s; peak memory 476 MiB.
2026-10-04T12:32:27Z INFO [272/500] 2ce20afb-a5a5-423a-9839-6086875434f8: 35 chunks; 0.6 s; peak memory 476 MiB.
2026-10-04T12:32:28Z INFO [273/500] 2ce26199-50ae-403c-8eb7-ab0c9f92c4fb: 63 chunks; 0.8 s; peak memory 476 MiB.
2026-10-04T12:32:32Z INFO [274/500] 2ce3bfde-eb3e-4749-bc03-7a38df008075: 8384 chunks; 3.6 s; peak memory 476 MiB.
2026-10-04T12:32:33Z INFO [275/500] 2ce40829-f246-45de-9131-5afdd111698f: 71 chunks; 1.0 s; peak memory 476 MiB.
2026-10-04T12:32:34Z INFO [276/500] 2ce63ab3-2533-4411-9778-f30fe40deaf4: 69 chunks; 1.6 s; peak memory 476 MiB.
2026-10-04T12:32:36Z INFO [277/500] 2ce6f140-447d-4ab2-8f87-2ef9da32740e: 71 chunks; 1.3 s; peak memory 476 MiB.
2026-10-04T12:32:37Z INFO [278/500] 2ce92ea2-0e6a-419b-9ede-9cdb825465a6: 112 chunks; 1.1 s; peak memory 476 MiB.
2026-10-04T12:32:38Z INFO [279/500] 2ce96097-2822-4e52-b4a6-b8984d71f854: 933 chunks; 1.7 s; peak memory 476 MiB.
2026-10-04T12:32:39Z INFO [280/500] 2cea6229-8ae3-4301-83b7-5596ab14c468: 117 chunks; 1.0 s; peak memory 476 MiB.
2026-10-04T12:32:44Z INFO [281/500] 2cea7726-2703-4aa1-ab74-166e9c7f2c72: 1370 chunks; 4.9 s; peak memory 476 MiB.
2026-10-04T12:32:49Z INFO [282/500] 2ceae34a-d322-4485-ae8b-095e7bd1f4cb: 6989 chunks; 4.4 s; peak memory 476 MiB.
2026-10-04T12:32:50Z INFO [283/500] 2ceaf06a-af7d-4e5a-8246-8dc5a68a2911: 118 chunks; 0.8 s; peak memory 476 MiB.
2026-10-04T12:32:51Z INFO [284/500] 2ceb2bce-48ba-41e1-846e-156263968510: 52 chunks; 0.9 s; peak memory 476 MiB.
2026-10-04T12:32:52Z INFO [285/500] 2ceb3a4d-624f-4c92-8415-d720f2e3f6c2: 114 chunks; 1.6 s; peak memory 476 MiB.
2026-10-04T12:32:54Z INFO [286/500] 2ceb9bd4-dcc5-4663-bd24-22d3056187f0: 71 chunks; 1.4 s; peak memory 476 MiB.
2026-10-04T12:32:54Z INFO [287/500] 2cebb51b-5b2b-4655-b23a-caa5e13a250a: 48 chunks; 0.8 s; peak memory 476 MiB.
2026-10-04T12:32:55Z INFO [288/500] 2cec0752-da10-48ee-bcae-0e47e4e65eac: 117 chunks; 1.0 s; peak memory 476 MiB.
2026-10-04T12:32:57Z INFO [289/500] 2cec307c-d814-430b-b0ca-8163107d485c: 170 chunks; 2.0 s; peak memory 476 MiB.
2026-10-04T12:32:58Z INFO [290/500] 2cecc776-ba17-417f-8cb9-8c6621c57f38: 118 chunks; 0.9 s; peak memory 476 MiB.
2026-10-04T12:33:00Z INFO [291/500] 2cece7d4-28dd-48d6-8fa4-d8e3f1800b73: 116 chunks; 1.6 s; peak memory 476 MiB.
2026-10-04T12:33:02Z INFO [292/500] 2cecefb7-fd74-416c-bb78-ce17e3eb52fa: 201 chunks; 2.0 s; peak memory 476 MiB.
2026-10-04T12:33:03Z INFO [293/500] 2cecf042-0c5f-4a02-92da-ada6b45d81b2: 69 chunks; 0.9 s; peak memory 476 MiB.
2026-10-04T12:33:04Z INFO [294/500] 2ced41d1-b187-477c-9050-b8843509bc9f: 112 chunks; 0.8 s; peak memory 476 MiB.
2026-10-04T12:33:09Z INFO [295/500] 2ced6e25-0882-425d-bfa2-f516379fd0c9: 9241 chunks; 5.6 s; peak memory 476 MiB.
2026-10-04T12:33:11Z INFO [296/500] 2cee3d78-b490-4801-a6fe-ccbb46acb0bb: 2707 chunks; 2.1 s; peak memory 476 MiB.
2026-10-04T12:33:12Z INFO [297/500] 2cee8c3d-04fc-453a-a06b-4825dc7acac9: 48 chunks; 0.7 s; peak memory 476 MiB.
2026-10-04T12:33:13Z INFO [298/500] 2ceefb7e-fdb8-4f3c-8b41-3155db17bf89: 48 chunks; 0.8 s; peak memory 476 MiB.
2026-10-04T12:33:14Z INFO [299/500] 2cef7ac0-3c03-4e5e-8025-f01a90a656c5: 45 chunks; 0.7 s; peak memory 476 MiB.
2026-10-04T12:33:16Z INFO [300/500] 2cefb839-2085-4fc5-aa8d-74c3975f763e: 997 chunks; 2.1 s; peak memory 476 MiB.
2026-10-04T12:33:16Z INFO [300/500] 2cefb839-2085-4fc5-aa8d-74c3975f763e: checkpointed 68634 records.
2026-10-04T12:33:17Z INFO [301/500] 2cf021aa-b8ef-4b9a-a31e-c7c0d14749e2: 48 chunks; 0.8 s; peak memory 476 MiB.
2026-10-04T12:33:18Z INFO [302/500] 2cf1de10-9575-4d50-821b-6c4f0539da3c: 118 chunks; 1.0 s; peak memory 476 MiB.
2026-10-04T12:33:19Z INFO [303/500] 2cf2364f-98d2-4998-8c5c-6f499c1dca21: 112 chunks; 0.9 s; peak memory 476 MiB.
2026-10-04T12:33:20Z INFO [304/500] 2cf2d3eb-c27c-4f44-b7d4-f669e38b6aeb: 121 chunks; 1.5 s; peak memory 476 MiB.
2026-10-04T12:33:25Z INFO [305/500] 2cf30a33-7625-4689-abcc-9782c13af508: 2175 chunks; 4.9 s; peak memory 476 MiB.
2026-10-04T12:33:29Z INFO [306/500] 2cf32440-86d1-49e9-ad93-cf738aad5814: 10994 chunks; 3.8 s; peak memory 476 MiB.
2026-10-04T12:33:30Z INFO [307/500] 2cf36d66-3b60-47b1-a6fa-eb4fedbd1628: 112 chunks; 0.8 s; peak memory 476 MiB.
2026-10-04T12:33:31Z INFO [308/500] 2cf3920d-f611-4381-966b-5f508ecb0c9b: 48 chunks; 1.0 s; peak memory 476 MiB.
2026-10-04T12:33:32Z INFO [309/500] 2cf3d653-a0fd-4123-8e48-a478a62ebd2c: 116 chunks; 0.9 s; peak memory 476 MiB.
2026-10-04T12:33:32Z INFO [310/500] 2cf3d6e4-97aa-4707-aa1c-a6aff79c605b: 56 chunks; 0.6 s; peak memory 476 MiB.
2026-10-04T12:33:54Z INFO [311/500] 2cf445bd-6ba2-49f1-ac73-f1bdf7b5407a: 12335 chunks; 22.2 s; peak memory 476 MiB.
2026-10-04T12:33:56Z INFO [312/500] 2cf4758c-dc85-4f42-8295-683f3547cb53: 112 chunks; 1.2 s; peak memory 476 MiB.
2026-10-04T12:33:58Z INFO [313/500] 2cf4fcf7-98bb-4f3c-8b1f-017652cb5653: 156 chunks; 2.3 s; peak memory 476 MiB.
2026-10-04T12:33:59Z INFO [314/500] 2cf5b78c-7215-465e-9ec7-731638cc357f: 48 chunks; 0.9 s; peak memory 476 MiB.
2026-10-04T12:34:05Z INFO [315/500] 2cf5e7ff-acd0-46bd-ae4b-782982573354: 1865 chunks; 6.6 s; peak memory 476 MiB.
2026-10-04T12:34:07Z INFO [316/500] 2cf6da45-f2b4-4b78-abb5-673b327bb5db: 71 chunks; 1.2 s; peak memory 476 MiB.
2026-10-04T12:34:09Z INFO [317/500] 2cf74a7c-e97b-4882-a8ec-c6c296ece1c4: 118 chunks; 2.3 s; peak memory 476 MiB.
2026-10-04T12:34:16Z INFO [318/500] 2cf76396-bb9f-4125-9fef-caa8ff198074: 11594 chunks; 7.6 s; peak memory 476 MiB.
2026-10-04T12:34:17Z INFO [319/500] 2cf9fcad-953f-4580-839a-1a40a28c7d62: 47 chunks; 0.9 s; peak memory 476 MiB.
2026-10-04T12:34:18Z INFO [320/500] 2cfa14e2-6b7c-4d81-80a2-55422cfd354f: 118 chunks; 0.7 s; peak memory 476 MiB.
2026-10-04T12:34:19Z INFO [321/500] 2cfa339a-8273-4cfc-adcd-aea831df7f56: 46 chunks; 0.5 s; peak memory 476 MiB.
2026-10-04T12:34:20Z INFO [322/500] 2cfa4afc-9694-44aa-bc54-8eca64ecac59: 106 chunks; 1.5 s; peak memory 476 MiB.
2026-10-04T12:34:22Z INFO [323/500] 2cfa55a9-1a5d-4218-97db-50e2f1a48029: 133 chunks; 1.6 s; peak memory 476 MiB.
2026-10-04T12:34:23Z INFO [324/500] 2cfa62f9-944b-41e9-816b-0971118c61b0: 48 chunks; 0.9 s; peak memory 476 MiB.
2026-10-04T12:34:23Z INFO [325/500] 2cfb936e-2632-4268-8bf6-cc8c2f75f65f: 48 chunks; 0.8 s; peak memory 476 MiB.
2026-10-04T12:34:25Z INFO [326/500] 2cfbd8d7-6b3a-4db1-9fbe-7b4a3b193e05: 112 chunks; 1.1 s; peak memory 476 MiB.
2026-10-04T12:34:25Z INFO [327/500] 2cfbe34d-60c4-46ff-b7c4-99cd0e3bdab3: 116 chunks; 0.9 s; peak memory 476 MiB.
2026-10-04T12:34:29Z INFO [328/500] 2cfd4491-5652-424e-9046-ac9eda9b3a1e: 6581 chunks; 3.2 s; peak memory 476 MiB.
2026-10-04T12:34:30Z INFO [329/500] 2cfd9780-dc37-4289-a469-b927dfcb6007: 112 chunks; 1.1 s; peak memory 476 MiB.
2026-10-04T12:34:45Z INFO [330/500] 2cfdd52b-f1cf-4b4d-be01-e03953fe44d0: 24277 chunks; 15.5 s; peak memory 476 MiB.
2026-10-04T12:34:48Z INFO [331/500] 2cfe05e3-534c-441e-bd06-4e07d4577c5f: 186 chunks; 2.4 s; peak memory 476 MiB.
2026-10-04T12:34:48Z INFO [332/500] 2cfe201b-76a5-4c87-acdd-873bf3946fb0: 45 chunks; 0.7 s; peak memory 476 MiB.
2026-10-04T12:34:52Z INFO [333/500] 2cfe23f9-12a8-4c16-9471-bca75cfe49d7: 644 chunks; 3.9 s; peak memory 476 MiB.
2026-10-04T12:34:53Z INFO [334/500] 2cff1b07-848c-4bd8-b3ba-dcd19eacad93: 57 chunks; 0.6 s; peak memory 476 MiB.
2026-10-04T12:34:56Z INFO [335/500] 2cff9384-7985-4252-b988-b02948a894bb: 157 chunks; 2.7 s; peak memory 476 MiB.
2026-10-04T12:34:58Z INFO [336/500] 2cffb9e5-c687-4b4a-8fc3-03e18f64b1c3: 201 chunks; 2.1 s; peak memory 476 MiB.
2026-10-04T12:34:59Z INFO [337/500] 2d017446-76d8-4ae0-9adc-485966aa0052: 41 chunks; 0.8 s; peak memory 476 MiB.
2026-10-04T12:35:00Z INFO [338/500] 2d02a755-fa51-44b1-9a14-5a667415d4f5: 118 chunks; 1.1 s; peak memory 476 MiB.
2026-10-04T12:35:01Z INFO [339/500] 2d031813-bb67-4d3f-8207-39220b2df67e: 48 chunks; 0.9 s; peak memory 476 MiB.
2026-10-04T12:35:01Z INFO [340/500] 2d03235c-1ace-4e7e-aa67-adad632270d6: 117 chunks; 1.0 s; peak memory 476 MiB.
2026-10-04T12:35:02Z INFO [341/500] 2d035bb4-95e7-4553-aee0-f099bd775619: 118 chunks; 0.9 s; peak memory 476 MiB.
2026-10-04T12:35:04Z INFO [342/500] 2d045971-e132-4457-a650-3e842c68f700: 112 chunks; 1.3 s; peak memory 476 MiB.
2026-10-04T12:35:08Z INFO [343/500] 2d04612e-30bc-4779-9301-54d9767e340b: 17175 chunks; 4.6 s; peak memory 476 MiB.
2026-10-04T12:35:09Z INFO [344/500] 2d0517e0-6c09-4068-91c3-0788b60af21e: 48 chunks; 0.8 s; peak memory 476 MiB.
2026-10-04T12:35:10Z INFO [345/500] 2d05b461-5f4b-4b3a-8f49-30cc26bf44f7: 117 chunks; 1.0 s; peak memory 476 MiB.
2026-10-04T12:35:11Z INFO [346/500] 2d06c2ca-9da3-4f73-9cb4-77b4c5907223: 69 chunks; 1.3 s; peak memory 476 MiB.
2026-10-04T12:35:16Z INFO [347/500] 2d07097b-a192-4450-8e61-2b1ece405b4c: 1216 chunks; 4.7 s; peak memory 476 MiB.
2026-10-04T12:35:17Z INFO [348/500] 2d078f92-6e76-4216-8aa7-28a5782f0505: 109 chunks; 1.3 s; peak memory 476 MiB.
2026-10-04T12:37:03Z INFO [349/500] 2d0885e5-608c-44b9-900e-ba1be0c8256b: 42530 chunks; 105.6 s; peak memory 476 MiB.
2026-10-04T12:37:31Z INFO [350/500] 2d091757-9736-4d01-b828-e656063a661a: 18738 chunks; 27.9 s; peak memory 476 MiB.
2026-10-04T12:37:31Z INFO [350/500] 2d091757-9736-4d01-b828-e656063a661a: checkpointed 68684 records.
2026-10-04T12:37:32Z INFO [351/500] 2d09d017-ae69-4b17-9cda-c48e4ec13ff0: 48 chunks; 0.9 s; peak memory 476 MiB.
2026-10-04T12:37:33Z INFO [352/500] 2d0aa1d9-df6a-42cb-b626-4aa93f3fdeb5: 66 chunks; 1.5 s; peak memory 476 MiB.
2026-10-04T12:37:34Z INFO [353/500] 2d0ad800-6141-49e8-8b92-7b0bc7f5a52d: 48 chunks; 0.8 s; peak memory 476 MiB.
2026-10-04T12:37:35Z INFO [354/500] 2d0aee44-efbd-40f7-8820-4681ece3f83f: 41 chunks; 0.8 s; peak memory 476 MiB.
2026-10-04T12:37:41Z INFO [355/500] 2d0b25aa-d0f1-4e4a-af70-6c7c7aafb42f: 303 chunks; 5.7 s; peak memory 476 MiB.
2026-10-04T12:37:42Z INFO [356/500] 2d0bbc68-9cd1-402d-b392-19efd7ed64df: 48 chunks; 0.9 s; peak memory 476 MiB.
2026-10-04T12:37:43Z INFO [357/500] 2d0bf6be-222c-48a5-8184-901699404896: 46 chunks; 0.8 s; peak memory 476 MiB.
2026-10-04T12:37:43Z INFO [358/500] 2d0c98d0-1e1e-4c02-af42-66bf4686cc00: 48 chunks; 0.7 s; peak memory 476 MiB.
2026-10-04T12:37:51Z INFO [359/500] 2d0d301e-d97e-4e7b-b61d-1f2ff7dc75aa: 16829 chunks; 7.8 s; peak memory 476 MiB.
2026-10-04T12:37:53Z INFO [360/500] 2d0e6ecf-d7ea-4740-9e1d-548a8363149c: 112 chunks; 1.4 s; peak memory 476 MiB.
2026-10-04T12:37:53Z INFO [361/500] 2d0e80ff-437e-4af9-a96e-01129e0b19df: 63 chunks; 0.6 s; peak memory 476 MiB.
2026-10-04T12:37:57Z INFO [362/500] 2d0eac77-1c1f-47f7-b555-0a05ce549183: 2923 chunks; 3.9 s; peak memory 476 MiB.
2026-10-04T12:37:58Z INFO [363/500] 2d0efc46-ac9b-4fb8-8319-cf67e46e6625: 557 chunks; 0.9 s; peak memory 476 MiB.
2026-10-04T12:37:59Z INFO [364/500] 2d0f2e09-49e8-4827-8f5d-a3e395c22d29: 48 chunks; 0.9 s; peak memory 476 MiB.
2026-10-04T12:38:00Z INFO [365/500] 2d0f4158-5b8c-4291-bef3-6533394baf9c: 68 chunks; 1.0 s; peak memory 476 MiB.
2026-10-04T12:38:01Z INFO [366/500] 2d0fa663-d1f6-4cac-80d1-8fec5b3590fd: 48 chunks; 0.9 s; peak memory 476 MiB.
2026-10-04T12:38:02Z INFO [367/500] 2d0fdf92-a790-4faf-ae23-7b612421cbab: 118 chunks; 1.0 s; peak memory 476 MiB.
2026-10-04T12:38:03Z INFO [368/500] 2d102473-fb55-4edd-bd53-bd4f7ee012ff: 112 chunks; 0.9 s; peak memory 476 MiB.
2026-10-04T12:38:08Z INFO [369/500] 2d10ede2-db79-4324-8b37-1cd541286927: 152 chunks; 4.9 s; peak memory 476 MiB.
2026-10-04T12:38:12Z INFO [370/500] 2d1100a2-937f-49cc-8606-6aef76218ee2: 2923 chunks; 4.6 s; peak memory 476 MiB.
2026-10-04T12:38:13Z INFO [371/500] 2d11266f-b942-4f33-a88d-f212aa0e15e1: 112 chunks; 1.1 s; peak memory 476 MiB.
2026-10-04T12:38:14Z INFO [372/500] 2d11d39d-69b2-419f-820b-491f63d82241: 117 chunks; 0.7 s; peak memory 476 MiB.
2026-10-04T12:38:15Z INFO [373/500] 2d11ddff-84eb-4041-b0c5-1d67f301c08b: 48 chunks; 0.9 s; peak memory 476 MiB.
2026-10-04T12:38:16Z INFO [374/500] 2d1206cb-8cc0-4ac5-a518-d001e3af4fcf: 112 chunks; 1.3 s; peak memory 476 MiB.
2026-10-04T12:38:17Z INFO [375/500] 2d13a622-da35-451a-a87f-b4d17506bb24: 50 chunks; 0.7 s; peak memory 476 MiB.
2026-10-04T12:38:22Z INFO [376/500] 2d13e5fe-efe3-4021-94f1-3deab337b407: 11590 chunks; 5.6 s; peak memory 476 MiB.
2026-10-04T12:38:23Z INFO [377/500] 2d13f667-0a4c-4236-994d-4580cfc6fb19: 117 chunks; 1.0 s; peak memory 476 MiB.
2026-10-04T12:38:24Z INFO [378/500] 2d145360-da34-4895-99a7-ef6947412b66: 61 chunks; 1.0 s; peak memory 476 MiB.
2026-10-04T12:38:36Z INFO [379/500] 2d14cd7a-25c0-43e0-a832-82737a9fdbfa: 8232 chunks; 12.0 s; peak memory 476 MiB.
2026-10-04T12:38:37Z INFO [380/500] 2d14e0a5-699d-43fc-a1be-59a7dcbf3e40: 48 chunks; 0.8 s; peak memory 476 MiB.
2026-10-04T12:38:40Z INFO [381/500] 2d14ee4f-7ae1-4de3-b7e6-0df4c02fe7a7: 156 chunks; 2.6 s; peak memory 476 MiB.
2026-10-04T12:38:41Z INFO [382/500] 2d14fb87-a7d1-4fc5-8733-7d4814c5271c: 112 chunks; 1.1 s; peak memory 476 MiB.
2026-10-04T12:38:46Z INFO [383/500] 2d14fdcf-1ad8-47a6-8a8b-5e5e98baff95: 11550 chunks; 5.1 s; peak memory 476 MiB.
2026-10-04T12:38:48Z INFO [384/500] 2d181d1d-58ef-44c5-9c57-84fb10f79d35: 90 chunks; 1.7 s; peak memory 476 MiB.
2026-10-04T12:38:49Z INFO [385/500] 2d186bc8-fd9c-473d-868d-c44a4d7cc34c: 112 chunks; 0.8 s; peak memory 476 MiB.
2026-10-04T12:38:50Z INFO [386/500] 2d1871cf-ff58-4383-864a-36f4fa3d0191: 156 chunks; 1.7 s; peak memory 476 MiB.
2026-10-04T12:38:51Z INFO [387/500] 2d198425-db66-4af9-9d13-0e81a97ebedc: 117 chunks; 1.0 s; peak memory 476 MiB.
2026-10-04T12:38:53Z INFO [388/500] 2d1a10b6-c55b-4ca3-8d17-e462b8613ab7: 71 chunks; 2.0 s; peak memory 476 MiB.
2026-10-04T12:38:54Z INFO [389/500] 2d1bcf0a-11c6-4873-8745-5a1fc956d939: 95 chunks; 0.9 s; peak memory 476 MiB.
2026-10-04T12:38:55Z INFO [390/500] 2d1c663f-a3fb-43d8-a97c-952d43591ee3: 112 chunks; 1.1 s; peak memory 476 MiB.
2026-10-04T12:38:57Z INFO [391/500] 2d1cb80a-f678-4921-aa20-c0cc926943fb: 119 chunks; 2.0 s; peak memory 476 MiB.
2026-10-04T12:38:58Z INFO [392/500] 2d1cf7fb-e8f3-4047-bb1f-054337653174: 72 chunks; 1.0 s; peak memory 476 MiB.
2026-10-04T12:38:59Z INFO [393/500] 2d1d1235-9bf9-4748-9fef-ec7700bba716: 117 chunks; 1.2 s; peak memory 476 MiB.
2026-10-04T12:39:00Z INFO [394/500] 2d1db673-443e-46f8-aceb-6dc7dc4d1842: 130 chunks; 0.9 s; peak memory 476 MiB.
2026-10-04T12:39:01Z INFO [395/500] 2d1dda1c-dec0-40d8-a04f-95441109866e: 48 chunks; 0.9 s; peak memory 476 MiB.
2026-10-04T12:39:03Z INFO [396/500] 2d1e94c9-6403-4c46-9e4f-262ce369b739: 173 chunks; 1.5 s; peak memory 476 MiB.
2026-10-04T12:40:27Z INFO [397/500] 2d1ec365-b793-4ffc-b074-a417f57857dc: 46901 chunks; 84.7 s; peak memory 476 MiB.
2026-10-04T12:40:28Z INFO [398/500] 2d1ed250-2f70-4143-91a9-41284b23d573: 48 chunks; 0.9 s; peak memory 476 MiB.
2026-10-04T12:40:35Z INFO [399/500] 2d1f1f0e-9748-45ac-a65d-31eca86be44e: 11554 chunks; 6.5 s; peak memory 476 MiB.
2026-10-04T12:40:36Z INFO [400/500] 2d1f4659-618c-408b-b699-d0ff5eed5234: 47 chunks; 0.8 s; peak memory 476 MiB.
2026-10-04T12:40:36Z INFO [400/500] 2d1f4659-618c-408b-b699-d0ff5eed5234: checkpointed 68734 records.
2026-10-04T12:40:37Z INFO [401/500] 2d1fcd60-dfcf-452c-ac26-a846cdedf6e7: 52 chunks; 1.0 s; peak memory 476 MiB.
2026-10-04T12:40:38Z INFO [402/500] 2d1febda-de85-455c-b005-4a3e931c1dfd: 118 chunks; 1.1 s; peak memory 476 MiB.
2026-10-04T12:40:39Z INFO [403/500] 2d20af1c-ccf6-4dc8-a775-3cb15aa2caac: 261 chunks; 1.4 s; peak memory 476 MiB.
2026-10-04T12:40:40Z INFO [404/500] 2d20b5fc-c327-4f9c-90d9-266390cff4a0: 45 chunks; 0.7 s; peak memory 476 MiB.
2026-10-04T12:40:41Z INFO [405/500] 2d20b933-d4b9-4371-8e21-574c5a7ad43d: 64 chunks; 1.2 s; peak memory 476 MiB.
2026-10-04T12:40:42Z INFO [406/500] 2d20c3df-592e-434c-a28b-18bd5bacc3c7: 112 chunks; 1.0 s; peak memory 476 MiB.
2026-10-04T12:40:43Z INFO [407/500] 2d218208-f03a-4c75-b3a5-f19d90f10374: 46 chunks; 0.6 s; peak memory 476 MiB.
2026-10-04T12:40:44Z INFO [408/500] 2d21afad-5d96-4f83-b9df-e4c2df73cc9b: 247 chunks; 1.4 s; peak memory 476 MiB.
2026-10-04T12:40:46Z INFO [409/500] 2d22cd8a-0603-4621-9e6d-a3516188d391: 78 chunks; 1.5 s; peak memory 476 MiB.
2026-10-04T12:40:47Z INFO [410/500] 2d23098c-8dc1-4295-9491-e2e9320f4d69: 48 chunks; 1.1 s; peak memory 476 MiB.
2026-10-04T12:40:48Z INFO [411/500] 2d23a9c3-5446-4424-b9db-b7254ab10233: 48 chunks; 0.9 s; peak memory 476 MiB.
2026-10-04T12:40:48Z INFO [412/500] 2d23ca9b-77c1-4d0b-982d-5b3f2b573a2b: 48 chunks; 0.7 s; peak memory 476 MiB.
2026-10-04T12:40:53Z INFO [413/500] 2d23e484-a649-4651-9e25-973ac7a0904d: 675 chunks; 4.8 s; peak memory 476 MiB.
2026-10-04T12:40:54Z INFO [414/500] 2d240ec9-da73-4c0b-8071-7afa7bb254a2: 117 chunks; 1.0 s; peak memory 476 MiB.
2026-10-04T12:40:55Z INFO [415/500] 2d241f10-6e9c-4354-b6f5-110cee25edb0: 45 chunks; 0.9 s; peak memory 476 MiB.
2026-10-04T12:40:56Z INFO [416/500] 2d250964-4518-4443-883c-127c25297ed4: 45 chunks; 0.7 s; peak memory 476 MiB.
2026-10-04T12:40:57Z INFO [417/500] 2d251980-6ae4-4ba1-aca9-f4123ba464d9: 116 chunks; 1.0 s; peak memory 476 MiB.
2026-10-04T12:40:57Z INFO [418/500] 2d25419d-0a91-40a0-829a-730b1d2015a5: 46 chunks; 0.7 s; peak memory 476 MiB.
2026-10-04T12:40:58Z INFO [419/500] 2d2549a1-eb65-48c7-9286-d66c827279b6: 69 chunks; 0.7 s; peak memory 476 MiB.
2026-10-04T12:40:59Z INFO [420/500] 2d25757a-f80d-42f1-9a87-c4f2ef17e116: 48 chunks; 0.6 s; peak memory 476 MiB.
2026-10-04T12:40:59Z INFO [421/500] 2d263388-5ead-47ca-ac7e-847481629c2e: 48 chunks; 0.9 s; peak memory 476 MiB.
2026-10-04T12:41:00Z INFO [422/500] 2d268291-6f71-499a-9749-2aadb65351ad: 72 chunks; 1.0 s; peak memory 476 MiB.
2026-10-04T12:41:01Z INFO [423/500] 2d26d224-a9e9-4b42-a9a2-4c3a6bb0864a: 63 chunks; 0.8 s; peak memory 476 MiB.
2026-10-04T12:41:03Z INFO [424/500] 2d2752ab-4cdc-4a1e-bcc0-2e113af8683e: 112 chunks; 1.2 s; peak memory 476 MiB.
2026-10-04T12:41:03Z INFO [425/500] 2d276556-0eb6-43d2-ab03-2106edacdc25: 44 chunks; 0.7 s; peak memory 476 MiB.
2026-10-04T12:41:04Z INFO [426/500] 2d28479f-7ef3-4c44-8279-4568120f6cb2: 117 chunks; 0.9 s; peak memory 476 MiB.
2026-10-04T12:41:10Z INFO [427/500] 2d28a621-c898-4211-b680-24b4d9872d85: 17690 chunks; 6.2 s; peak memory 476 MiB.
2026-10-04T12:41:11Z INFO [428/500] 2d28d49e-63d5-4402-9cd2-6f783e4e6193: 112 chunks; 1.1 s; peak memory 476 MiB.
2026-10-04T12:41:13Z INFO [429/500] 2d28fad8-1300-44d0-a48e-65233f770852: 477 chunks; 1.5 s; peak memory 476 MiB.
2026-10-04T12:41:14Z INFO [430/500] 2d29464a-5005-4f3c-b506-c9a2e8cdb3da: 112 chunks; 1.0 s; peak memory 476 MiB.
2026-10-04T12:41:15Z INFO [431/500] 2d29683f-1bbe-4188-b716-dae98600fc71: 114 chunks; 0.9 s; peak memory 476 MiB.
2026-10-04T12:41:18Z INFO [432/500] 2d298808-6dde-4ebb-bedd-fa2de1e683d2: 260 chunks; 3.1 s; peak memory 476 MiB.
2026-10-04T12:41:19Z INFO [433/500] 2d2a71e5-4c1f-4f87-99db-405a35412b99: 65 chunks; 0.9 s; peak memory 476 MiB.
2026-10-04T12:41:20Z INFO [434/500] 2d2c9cb5-3cd2-4578-a6c6-4c795fe3212c: 48 chunks; 0.8 s; peak memory 476 MiB.
2026-10-04T12:41:21Z INFO [435/500] 2d2e0e63-4aea-4b54-9a57-60d6ef734cb0: 46 chunks; 0.9 s; peak memory 476 MiB.
2026-10-04T12:41:23Z INFO [436/500] 2d2e1324-205f-4cae-b2d9-f6c1e75c5eb8: 1641 chunks; 2.3 s; peak memory 476 MiB.
2026-10-04T12:41:24Z INFO [437/500] 2d3035f5-79fd-416c-9b70-bcf2c3d69ac4: 48 chunks; 0.8 s; peak memory 476 MiB.
2026-10-04T12:41:35Z INFO [438/500] 2d30c534-a1bf-46b1-aa4b-5d11e26c65ac: 36684 chunks; 11.5 s; peak memory 476 MiB.
2026-10-04T12:41:36Z INFO [439/500] 2d31360f-43c0-481a-bfd9-4656ac806579: 48 chunks; 0.9 s; peak memory 476 MiB.
2026-10-04T12:41:41Z INFO [440/500] 2d31ad07-8a25-4e2c-8668-8d06d9cbefd6: 12154 chunks; 4.7 s; peak memory 476 MiB.
2026-10-04T12:41:42Z INFO [441/500] 2d3336b3-32ac-48de-9c21-633f9fd1688d: 117 chunks; 0.9 s; peak memory 476 MiB.
2026-10-04T12:41:43Z INFO [442/500] 2d346445-2eb5-4ace-a04b-e33ba453ff78: 114 chunks; 0.9 s; peak memory 476 MiB.
2026-10-04T12:41:43Z INFO [443/500] 2d346c88-2967-4343-a5f1-0c5ae76aab0d: 48 chunks; 0.9 s; peak memory 476 MiB.
2026-10-04T12:41:44Z INFO [444/500] 2d34fd3e-7dc0-4988-97d9-e4f60dc24c2d: 48 chunks; 0.8 s; peak memory 476 MiB.
2026-10-04T12:41:45Z INFO [445/500] 2d35f9d2-7088-4515-93a7-ea2506dbbd47: 112 chunks; 0.9 s; peak memory 476 MiB.
2026-10-04T12:41:48Z INFO [446/500] 2d361fb3-d3d1-46e1-af46-7a8468f6904b: 2718 chunks; 2.9 s; peak memory 476 MiB.
2026-10-04T12:41:49Z INFO [447/500] 2d365534-aac6-4948-92fa-05b545a18d67: 71 chunks; 1.2 s; peak memory 476 MiB.
2026-10-04T12:41:51Z INFO [448/500] 2d3796e3-5288-4c5a-9ae3-1ad16d448d97: 118 chunks; 1.8 s; peak memory 476 MiB.
2026-10-04T12:41:52Z INFO [449/500] 2d3842cd-40d9-4928-9198-740bccded438: 48 chunks; 0.7 s; peak memory 476 MiB.
2026-10-04T12:42:10Z INFO [450/500] 2d39b1c1-7753-4351-9f08-276c0e587001: 6575 chunks; 18.4 s; peak memory 476 MiB.
2026-10-04T12:42:10Z INFO [450/500] 2d39b1c1-7753-4351-9f08-276c0e587001: checkpointed 68784 records.
2026-10-04T12:44:01Z INFO [451/500] 2d3adb33-afd2-4c07-9557-25d0c4fd01da: 45810 chunks; 110.6 s; peak memory 476 MiB.
2026-10-04T12:44:02Z INFO [452/500] 2d3b6d30-ec07-42b0-b637-d06bf509bffa: 48 chunks; 0.8 s; peak memory 476 MiB.
2026-10-04T12:44:03Z INFO [453/500] 2d3b6d7a-a32f-4aba-ae4d-ede571c223e2: 66 chunks; 1.1 s; peak memory 476 MiB.
2026-10-04T12:44:04Z INFO [454/500] 2d3cd9ad-eb71-4613-90d1-e735c4767e01: 69 chunks; 1.2 s; peak memory 476 MiB.
2026-10-04T12:44:05Z INFO [455/500] 2d3f6914-ed6c-42c2-a504-e71c3e459e4d: 117 chunks; 0.9 s; peak memory 476 MiB.
2026-10-04T12:44:11Z INFO [456/500] 2d3fba8f-989e-411a-a749-aa5c8b14adea: 336 chunks; 6.6 s; peak memory 476 MiB.
2026-10-04T12:44:13Z INFO [457/500] 2d40be17-d764-4e28-b497-fcc15e404007: 117 chunks; 1.2 s; peak memory 476 MiB.
2026-10-04T12:44:14Z INFO [458/500] 2d4106f1-72ee-496d-b091-67b96842b768: 48 chunks; 1.0 s; peak memory 476 MiB.
2026-10-04T12:44:24Z INFO [459/500] 2d416a91-7fd3-4054-a6b8-1c6c74e06b66: 8229 chunks; 10.0 s; peak memory 476 MiB.
2026-10-04T12:44:24Z INFO [460/500] 2d4277e6-6a01-4c1e-a223-df636f41628e: 52 chunks; 0.7 s; peak memory 476 MiB.
2026-10-04T12:44:29Z INFO [461/500] 2d44a93c-3ba2-4e7f-831b-3d6048886f09: 7204 chunks; 4.8 s; peak memory 476 MiB.
2026-10-04T12:44:30Z INFO [462/500] 2d450970-d49d-424c-9e1b-068c5e62aeef: 112 chunks; 1.0 s; peak memory 476 MiB.
2026-10-04T12:44:31Z INFO [463/500] 2d4521d1-24d8-4aa2-a40c-f1ab7dd9b6d1: 117 chunks; 1.2 s; peak memory 476 MiB.
2026-10-04T12:44:32Z INFO [464/500] 2d45334e-b009-4429-86ab-fabed0f72553: 84 chunks; 1.1 s; peak memory 476 MiB.
2026-10-04T12:44:33Z INFO [465/500] 2d4545d5-515f-48d7-ab2c-0354e6538486: 46 chunks; 0.7 s; peak memory 476 MiB.
2026-10-04T12:44:34Z INFO [466/500] 2d4648fd-f493-43ac-a74b-310bb0a48b25: 48 chunks; 0.8 s; peak memory 476 MiB.
2026-10-04T12:44:45Z INFO [467/500] 2d475d56-f520-432c-8336-f06db95a1801: 47569 chunks; 11.4 s; peak memory 476 MiB.
2026-10-04T12:45:03Z INFO [468/500] 2d47e09a-2542-49b7-aab0-d12510c9cf01: 6141 chunks; 17.6 s; peak memory 476 MiB.
2026-10-04T12:45:08Z INFO [469/500] 2d48584b-6c2a-4852-8007-a163c687d4c3: 2923 chunks; 4.6 s; peak memory 476 MiB.
2026-10-04T12:45:08Z INFO [470/500] 2d48681b-61ae-48e9-8474-8e98bd529350: 48 chunks; 0.8 s; peak memory 476 MiB.
2026-10-04T12:45:14Z INFO [471/500] 2d48e2de-458c-4c7a-871f-d53c67058b90: 1277 chunks; 5.8 s; peak memory 476 MiB.
2026-10-04T12:45:15Z INFO [472/500] 2d4947b1-b809-4208-84ee-b0171a68aa79: 69 chunks; 1.3 s; peak memory 476 MiB.
2026-10-04T12:45:17Z INFO [473/500] 2d495798-c695-4923-a0a4-f3f86c15fbb4: 138 chunks; 2.0 s; peak memory 476 MiB.
2026-10-04T12:45:18Z INFO [474/500] 2d4a1c59-3d63-496d-922e-62d49a8858f6: 77 chunks; 0.7 s; peak memory 476 MiB.
2026-10-04T12:45:24Z INFO [475/500] 2d4ce5f9-f2a2-4f15-a1ef-0898314d8072: 3547 chunks; 5.5 s; peak memory 476 MiB.
2026-10-04T12:45:25Z INFO [476/500] 2d4d050a-4d9f-4085-85ba-2c16dbe181c1: 120 chunks; 1.4 s; peak memory 476 MiB.
2026-10-04T12:45:26Z INFO [477/500] 2d4d052e-1148-41ca-96dc-6ae487120ee5: 48 chunks; 0.7 s; peak memory 476 MiB.
2026-10-04T12:45:27Z INFO [478/500] 2d4ea120-f3a0-41f7-8d7b-1124846b1c35: 48 chunks; 1.0 s; peak memory 476 MiB.
2026-10-04T12:45:34Z INFO [479/500] 2d4eecaa-118e-410d-b07e-2fc13cb033e4: 9196 chunks; 6.7 s; peak memory 476 MiB.
2026-10-04T12:45:36Z INFO [480/500] 2d4f590d-9c89-41da-a3f9-9c60076f5a61: 115 chunks; 2.1 s; peak memory 476 MiB.
2026-10-04T12:45:37Z INFO [481/500] 2d50ac27-e720-4516-ab79-7f063e6a3707: 112 chunks; 1.1 s; peak memory 476 MiB.
2026-10-04T12:45:43Z INFO [482/500] 2d513b09-b4e2-4af0-9f28-a40d0b0a1b81: 5818 chunks; 6.8 s; peak memory 476 MiB.
2026-10-04T12:45:45Z INFO [483/500] 2d519f45-db0e-4684-bdef-6d003140d588: 275 chunks; 1.5 s; peak memory 476 MiB.
2026-10-04T12:45:46Z INFO [484/500] 2d51ddc9-17f2-4e95-9b5f-388c8efb9fcc: 57 chunks; 0.7 s; peak memory 476 MiB.
2026-10-04T12:45:49Z INFO [485/500] 2d51ef85-d77e-473c-94fa-8ec4e7eed499: 168 chunks; 3.2 s; peak memory 476 MiB.
2026-10-04T12:46:01Z INFO [486/500] 2d52fe9c-bffe-4b54-95c9-b2f6089f9b5e: 432 chunks; 11.7 s; peak memory 476 MiB.
2026-10-04T12:46:01Z INFO [487/500] 2d5342d4-6546-4088-b355-18a52be3f177: 56 chunks; 0.7 s; peak memory 476 MiB.
2026-10-04T12:46:03Z INFO [488/500] 2d5381d7-1613-4638-911f-32556eef86f3: 71 chunks; 1.4 s; peak memory 476 MiB.
2026-10-04T12:46:04Z INFO [489/500] 2d53efc5-5dd6-4b03-b9f4-63106c66d4b9: 48 chunks; 0.9 s; peak memory 476 MiB.
2026-10-04T12:46:04Z INFO [490/500] 2d547f30-5d58-4441-bbd6-ed7fd2e02767: 48 chunks; 0.8 s; peak memory 476 MiB.
2026-10-04T12:46:05Z INFO [491/500] 2d548063-4aa9-4696-a6b4-869a75d9152a: 117 chunks; 1.1 s; peak memory 476 MiB.
2026-10-04T12:46:12Z INFO [492/500] 2d5528cd-1ca0-4ccc-af10-81f55c5442aa: 288 chunks; 6.4 s; peak memory 476 MiB.
2026-10-04T12:46:13Z INFO [493/500] 2d567626-b91d-456c-944f-08a46e5b8c2e: 69 chunks; 1.0 s; peak memory 476 MiB.
2026-10-04T12:46:15Z INFO [494/500] 2d583444-df7f-4ef9-94a8-f29dab577ee8: 140 chunks; 1.7 s; peak memory 476 MiB.
2026-10-04T12:46:16Z INFO [495/500] 2d5858b1-09a7-42e0-92d2-6ff27a996f25: 112 chunks; 1.1 s; peak memory 476 MiB.
2026-10-04T12:46:18Z INFO [496/500] 2d58dd86-1773-46e6-9f8f-90e18b9815b0: 123 chunks; 2.1 s; peak memory 476 MiB.
2026-10-04T12:46:19Z INFO [497/500] 2d594445-ce60-4558-9845-477bca097f29: 112 chunks; 1.1 s; peak memory 476 MiB.
2026-10-04T12:46:20Z INFO [498/500] 2d59ed9d-4c21-4835-a29a-e37523575f36: 54 chunks; 1.4 s; peak memory 476 MiB.
2026-10-04T12:46:21Z INFO [499/500] 2d5a31b3-fed5-4dda-ae22-3f183fb96699: 48 chunks; 0.9 s; peak memory 476 MiB.
2026-10-04T12:46:26Z INFO [500/500] 2d5a56a5-72aa-4c9e-9d16-667a532d9064: 382 chunks; 4.5 s; peak memory 476 MiB.
2026-10-04T12:46:26Z INFO [500/500] 2d5a56a5-72aa-4c9e-9d16-667a532d9064: checkpointed 68834 records.
2026-10-04T12:46:26Z INFO Wrote 68834 records to /tmp/derivatives/valid_nwb_file_to_chunk_stats.jsonl (500 new, 0 failed) in 33.3 min (peak memory 476 MiB).
