2026-10-07T16:16:51Z INFO Logging to /tmp/logs/update_2026-10-07T16-16-51Z.log.
2026-10-07T16:16:51Z INFO Update valid-nwb-file-to-chunk-stats (base directory /tmp).
2026-10-07T16:16:52Z INFO Processing 500 items (86834 already recorded).
2026-10-07T16:16:53Z INFO [1/500] 527850ba-d7ef-48fd-b8ea-b30f40469f24: 69 chunks; 1.4 s; peak memory 179 MiB.
2026-10-07T16:16:55Z INFO [2/500] 527a0789-7a57-46bf-ac57-62354e1ac197: 112 chunks; 1.7 s; peak memory 181 MiB.
2026-10-07T16:16:56Z INFO [3/500] 527a1ad3-d700-48e4-90d6-377a36a6261f: 48 chunks; 1.4 s; peak memory 182 MiB.
2026-10-07T16:16:58Z INFO [4/500] 527b201a-603c-4ee5-8c29-e5a836605f1c: 117 chunks; 1.5 s; peak memory 182 MiB.
2026-10-07T16:17:00Z INFO [5/500] 527b8eed-365a-4aff-a675-5faea54ca4fc: 118 chunks; 1.9 s; peak memory 183 MiB.
2026-10-07T16:17:01Z INFO [6/500] 527c58e9-40ff-4a03-be02-6089980fd97b: 62 chunks; 1.4 s; peak memory 183 MiB.
2026-10-07T16:17:03Z INFO [7/500] 527ceeff-0c98-42ff-8215-dd273ac7a0ba: 117 chunks; 1.8 s; peak memory 184 MiB.
2026-10-07T16:17:04Z INFO [8/500] 527d4065-d42a-4110-a1cf-2fde5a1757ff: 48 chunks; 1.3 s; peak memory 184 MiB.
2026-10-07T16:17:05Z INFO [9/500] 527da3df-efb9-420d-91de-df804ec212c0: 54 chunks; 1.1 s; peak memory 184 MiB.
2026-10-07T16:17:21Z INFO [10/500] 527da47f-b00f-4ad1-afe2-5abf8d5f62a1: 432 chunks; 15.2 s; peak memory 209 MiB.
2026-10-07T16:17:22Z INFO [11/500] 527def8c-3df5-4cfb-9b3d-0558ddf944f2: 48 chunks; 1.4 s; peak memory 209 MiB.
2026-10-07T16:17:23Z INFO [12/500] 527e91d4-23bc-4bd9-99f5-b6e1dcfc51c1: 48 chunks; 1.3 s; peak memory 209 MiB.
2026-10-07T16:17:38Z INFO [13/500] 527e9f94-0fac-4d21-b2bc-8897fccaa7d4: 12404 chunks; 14.7 s; peak memory 219 MiB.
2026-10-07T16:17:40Z INFO [14/500] 527f09b8-02f5-4216-b873-f35d195021a4: 45 chunks; 1.6 s; peak memory 219 MiB.
2026-10-07T16:17:41Z INFO [15/500] 527f9746-f9b1-47f8-b810-69a4204bb88b: 46 chunks; 1.4 s; peak memory 219 MiB.
2026-10-07T16:17:42Z INFO [16/500] 527ff237-ab9c-40bc-8f9e-4846f6152993: 48 chunks; 1.5 s; peak memory 219 MiB.
2026-10-07T16:17:46Z INFO [17/500] 52804750-86c1-4296-9a69-0f39eb78dfd2: 115 chunks; 3.2 s; peak memory 219 MiB.
2026-10-07T16:17:47Z INFO [18/500] 528050b5-8c18-4123-aee6-529aa1b6b24a: 48 chunks; 1.4 s; peak memory 219 MiB.
2026-10-07T16:17:49Z INFO [19/500] 52810c06-47f2-4b01-a099-dad001681f51: 52 chunks; 1.5 s; peak memory 219 MiB.
2026-10-07T16:17:50Z INFO [20/500] 528115d3-f631-4323-a6d2-9e9f3618d030: 117 chunks; 1.6 s; peak memory 219 MiB.
2026-10-07T16:17:59Z INFO [21/500] 528141d8-6ba5-42d8-9bab-b06aecd80bf9: 257 chunks; 8.3 s; peak memory 220 MiB.
2026-10-07T16:18:00Z INFO [22/500] 52815a07-d624-43fc-ae5a-41b2e7ad7cc4: 52 chunks; 1.4 s; peak memory 220 MiB.
2026-10-07T16:18:03Z INFO [23/500] 528194bc-d939-4313-8c8e-8b819a1192e9: 90 chunks; 2.7 s; peak memory 220 MiB.
2026-10-07T16:18:04Z INFO [24/500] 5281e214-6dd4-4158-9add-56ff3de6180a: 117 chunks; 1.6 s; peak memory 220 MiB.
2026-10-07T16:18:05Z INFO [25/500] 52827aea-e58a-4c32-bd09-615e2515c686: 119 chunks; 1.1 s; peak memory 220 MiB.
2026-10-07T16:18:07Z INFO [26/500] 52829792-b7c6-4443-8e31-70e99631bc61: 110 chunks; 2.0 s; peak memory 220 MiB.
2026-10-07T16:18:09Z INFO [27/500] 5282bfcb-7647-44e6-bf3d-e4780e921628: 83 chunks; 1.5 s; peak memory 220 MiB.
2026-10-07T16:18:10Z INFO [28/500] 52836001-f933-4dda-a745-cc7e544f7391: 46 chunks; 1.0 s; peak memory 220 MiB.
2026-10-07T16:18:11Z INFO [29/500] 5283f667-a92f-4e80-a745-13f3ea8d89b1: 48 chunks; 1.4 s; peak memory 220 MiB.
2026-10-07T16:18:13Z INFO [30/500] 5284165f-8632-4d8f-8c7a-b1cc85b57997: 112 chunks; 1.8 s; peak memory 220 MiB.
2026-10-07T16:18:14Z INFO [31/500] 52841e86-93fb-4352-bccf-d4d75a93a20a: 48 chunks; 1.4 s; peak memory 220 MiB.
2026-10-07T16:18:18Z INFO [32/500] 5285401a-3fd5-4abe-a543-9dd8274bcd11: 115 chunks; 3.6 s; peak memory 220 MiB.
2026-10-07T16:18:19Z INFO [33/500] 5285dea4-3df0-451f-82b9-d408f9b9e451: 46 chunks; 1.1 s; peak memory 220 MiB.
2026-10-07T16:18:25Z INFO [34/500] 52867b26-cc27-48a2-83e2-9cf49fe2b298: 7847 chunks; 6.0 s; peak memory 220 MiB.
2026-10-07T16:18:29Z INFO [35/500] 5286a2dd-3e01-473b-906d-6623829febf5: 234 chunks; 3.8 s; peak memory 220 MiB.
2026-10-07T16:18:31Z INFO [36/500] 52871285-9b7a-4ce4-9703-46429cf70946: 303 chunks; 2.1 s; peak memory 221 MiB.
2026-10-07T16:18:33Z INFO [37/500] 528879bd-d922-4321-a12f-58a6856bd460: 117 chunks; 1.7 s; peak memory 221 MiB.
2026-10-07T16:21:50Z INFO [38/500] 5288901c-0f26-4752-bed4-988449b8f6a0: 44659 chunks; 197.2 s; peak memory 372 MiB.
2026-10-07T16:21:51Z INFO [39/500] 5289509a-f641-41c2-ad4a-b2243a939f71: 110 chunks; 1.7 s; peak memory 372 MiB.
2026-10-07T16:21:53Z INFO [40/500] 52896f17-262d-47b9-9788-31597bdd9e0f: 45 chunks; 1.8 s; peak memory 372 MiB.
2026-10-07T16:21:55Z INFO [41/500] 52897708-339e-462b-a21e-7c855585ad6a: 112 chunks; 2.0 s; peak memory 372 MiB.
2026-10-07T16:21:57Z INFO [42/500] 52899ea0-076c-4026-8799-e3e3cb53c44f: 77 chunks; 1.5 s; peak memory 372 MiB.
2026-10-07T16:21:58Z INFO [43/500] 5289b758-0dea-41ac-94c5-88fc72e2eb4e: 57 chunks; 1.1 s; peak memory 372 MiB.
2026-10-07T16:22:00Z INFO [44/500] 5289c4c8-328a-40ba-b809-1b3131a6485b: 66 chunks; 2.0 s; peak memory 372 MiB.
2026-10-07T16:22:02Z INFO [45/500] 5289ca9c-b589-4ba5-ad6d-b79015678ca5: 71 chunks; 2.5 s; peak memory 372 MiB.
2026-10-07T16:22:04Z INFO [46/500] 5289d66d-3dfe-4b4e-b32b-f2c9fd7dcec5: 83 chunks; 1.6 s; peak memory 372 MiB.
2026-10-07T16:22:05Z INFO [47/500] 5289f3e9-622a-4afa-91ff-1d85f582c29c: 48 chunks; 1.5 s; peak memory 372 MiB.
2026-10-07T16:22:07Z INFO [48/500] 528a32d5-41c1-47ef-8c45-76f1ba11c8fe: 48 chunks; 1.3 s; peak memory 372 MiB.
2026-10-07T16:22:16Z INFO [49/500] 528a3713-a314-4c96-8187-a88587cc4511: 5599 chunks; 9.8 s; peak memory 372 MiB.
2026-10-07T16:22:18Z INFO [50/500] 528a3c51-31ae-43de-b3c9-60a16e1792ae: 116 chunks; 1.6 s; peak memory 372 MiB.
2026-10-07T16:22:18Z INFO [50/500] 528a3c51-31ae-43de-b3c9-60a16e1792ae: checkpointed 86884 records.
2026-10-07T16:22:38Z INFO [51/500] 528b1ca2-cf82-4537-be8e-c14782ff57bb: 25265 chunks; 19.6 s; peak memory 372 MiB.
2026-10-07T16:22:52Z INFO [52/500] 528b72ad-54b1-4bd7-b8ae-ee45d3d8ef07: 21317 chunks; 14.2 s; peak memory 372 MiB.
2026-10-07T16:23:01Z INFO [53/500] 528ba978-8c21-4755-97d8-91b46c53719f: 2923 chunks; 8.6 s; peak memory 372 MiB.
2026-10-07T16:23:03Z INFO [54/500] 528cbb4a-f535-4c43-82b4-9afdd7dc5bf4: 113 chunks; 2.1 s; peak memory 372 MiB.
2026-10-07T16:23:04Z INFO [55/500] 528ccb4b-5b5a-4e80-ae3b-7f78e384515d: 50 chunks; 1.2 s; peak memory 372 MiB.
2026-10-07T16:23:09Z INFO [56/500] 528d1406-9641-4ef4-a215-f1620abeb7da: 5799 chunks; 4.7 s; peak memory 372 MiB.
2026-10-07T16:23:10Z INFO [57/500] 528e4e7f-1a79-4812-8061-0c9d3a9ef659: 117 chunks; 1.7 s; peak memory 372 MiB.
2026-10-07T16:23:12Z INFO [58/500] 528e831a-abbe-4d89-944e-2a8598badd10: 46 chunks; 1.3 s; peak memory 372 MiB.
2026-10-07T16:23:23Z INFO [59/500] 52903a7c-9546-49c2-9fa5-43a3b6f86227: 20218 chunks; 11.2 s; peak memory 372 MiB.
2026-10-07T16:23:24Z INFO [60/500] 52906132-b9a8-4594-ae36-89eee21acbd5: 41 chunks; 1.2 s; peak memory 372 MiB.
2026-10-07T16:23:25Z INFO [61/500] 5290a3f0-6bb7-452d-869d-45972c20f9ab: 48 chunks; 1.3 s; peak memory 372 MiB.
2026-10-07T16:23:27Z INFO [62/500] 5290f168-2733-498f-9324-c818b75bde89: 48 chunks; 1.4 s; peak memory 372 MiB.
2026-10-07T16:23:28Z INFO [63/500] 52910f6e-317a-4c7b-9774-71b8e1847bfc: 48 chunks; 1.5 s; peak memory 372 MiB.
2026-10-07T16:23:31Z INFO [64/500] 5291676e-4bc6-408a-bc72-5f8663d1ed99: 933 chunks; 2.8 s; peak memory 372 MiB.
2026-10-07T16:23:32Z INFO [65/500] 5291f519-a4c9-4db8-a764-bad49fdf4485: 44 chunks; 1.4 s; peak memory 372 MiB.
2026-10-07T16:23:34Z INFO [66/500] 5293a848-a104-4fb5-a575-f2bc7c80788c: 112 chunks; 1.6 s; peak memory 372 MiB.
2026-10-07T16:23:36Z INFO [67/500] 52940fb0-6c1e-442f-ad75-b8e315c278fe: 62 chunks; 2.2 s; peak memory 372 MiB.
2026-10-07T16:23:39Z INFO [68/500] 5294144e-927a-42c2-a064-57cea35bf10b: 997 chunks; 2.8 s; peak memory 372 MiB.
2026-10-07T16:23:41Z INFO [69/500] 52957c03-35a4-4e6d-ab94-0b7940a1635f: 289 chunks; 1.8 s; peak memory 372 MiB.
2026-10-07T16:23:43Z INFO [70/500] 5295cc5d-9a30-4419-ba15-012f22cce6f8: 69 chunks; 1.8 s; peak memory 372 MiB.
2026-10-07T16:23:44Z INFO [71/500] 529764f6-ccb6-425b-9567-df07bf97d709: 48 chunks; 1.4 s; peak memory 372 MiB.
2026-10-07T16:23:45Z INFO [72/500] 5297726c-5a01-43f8-8e04-aa27ad28bc6f: 117 chunks; 1.5 s; peak memory 372 MiB.
2026-10-07T16:23:53Z INFO [73/500] 52979995-bf37-443c-8cd8-061e057251f2: 1059 chunks; 7.4 s; peak memory 372 MiB.
2026-10-07T16:23:55Z INFO [74/500] 5297a4b9-ea35-47a3-8a98-ced37ebb2be5: 59 chunks; 1.9 s; peak memory 372 MiB.
2026-10-07T16:25:24Z INFO [75/500] 5297df40-065f-4a91-8122-617be6a5bb72: 49355 chunks; 89.2 s; peak memory 372 MiB.
2026-10-07T16:25:28Z INFO [76/500] 5298ec83-7bb9-429c-ba9f-a9404c05a507: 278 chunks; 4.0 s; peak memory 372 MiB.
2026-10-07T16:28:48Z INFO [77/500] 52990181-9255-4c94-859a-9639b17b9db8: 40264 chunks; 199.6 s; peak memory 372 MiB.
2026-10-07T16:28:49Z INFO [78/500] 5299cbb9-ae1f-4c31-a0b1-ef7b88153d05: 48 chunks; 1.5 s; peak memory 372 MiB.
2026-10-07T16:28:53Z INFO [79/500] 529a0134-02eb-4fd3-a955-4ef0a7ed1609: 99 chunks; 3.8 s; peak memory 372 MiB.
2026-10-07T16:28:54Z INFO [80/500] 529a22c9-ba78-4397-aabf-127824d814a9: 48 chunks; 1.4 s; peak memory 372 MiB.
2026-10-07T16:29:11Z INFO [81/500] 529b9611-8c1f-4955-8cae-e4a86354db4f: 925 chunks; 16.4 s; peak memory 372 MiB.
2026-10-07T16:29:12Z INFO [82/500] 529cde7f-dbcb-4c56-9d00-24f7a22fc806: 48 chunks; 1.4 s; peak memory 372 MiB.
2026-10-07T16:29:14Z INFO [83/500] 529ce6b4-8dad-48c5-98f1-6576aced5411: 48 chunks; 1.4 s; peak memory 372 MiB.
2026-10-07T16:29:15Z INFO [84/500] 529cf497-3c2e-4879-9af6-c10f80907142: 112 chunks; 1.8 s; peak memory 372 MiB.
2026-10-07T16:29:17Z INFO [85/500] 529d5928-a8f2-4f45-abc5-514a1f5be1cb: 117 chunks; 1.6 s; peak memory 372 MiB.
2026-10-07T16:29:18Z INFO [86/500] 529d6df3-13a9-4151-91b3-7570e60a6284: 48 chunks; 1.4 s; peak memory 372 MiB.
2026-10-07T16:29:20Z INFO [87/500] 529e01fa-8eb5-47f0-b3b9-499ff438956a: 117 chunks; 1.7 s; peak memory 372 MiB.
2026-10-07T16:29:22Z INFO [88/500] 529e50ec-faa7-4bf5-b763-2ae840dcb11f: 118 chunks; 1.6 s; peak memory 372 MiB.
2026-10-07T16:29:28Z INFO [89/500] 529ea76f-44df-428b-8983-c8b9fb982e67: 228 chunks; 6.4 s; peak memory 372 MiB.
2026-10-07T16:29:29Z INFO [90/500] 529eaa5b-6916-46fd-996e-7dc7aa48572d: 49 chunks; 1.1 s; peak memory 372 MiB.
2026-10-07T16:29:32Z INFO [91/500] 529ee7cb-e019-4d1a-8b1c-9ed9d40ec029: 71 chunks; 2.8 s; peak memory 372 MiB.
2026-10-07T16:29:34Z INFO [92/500] 529ef45c-5a5b-4e6e-bee0-225f02f1392d: 64 chunks; 1.6 s; peak memory 372 MiB.
2026-10-07T16:29:35Z INFO [93/500] 529f5582-167b-4a48-a188-4573ee4e8d2c: 48 chunks; 1.4 s; peak memory 372 MiB.
2026-10-07T16:29:37Z INFO [94/500] 529fa0ee-2c71-4043-a540-a5bb2ee25aea: 48 chunks; 1.7 s; peak memory 372 MiB.
2026-10-07T16:29:43Z INFO [95/500] 52a141e1-f8c4-4136-96f8-3aabc975dea8: 3111 chunks; 6.4 s; peak memory 372 MiB.
2026-10-07T16:29:55Z INFO [96/500] 52a167bc-03d2-45aa-87b7-a9040a5cf4e2: 402 chunks; 12.2 s; peak memory 372 MiB.
2026-10-07T16:30:06Z INFO [97/500] 52a1c92c-e8cc-48dd-9d2c-aa08c9df3d57: 1053 chunks; 10.7 s; peak memory 372 MiB.
2026-10-07T16:30:07Z INFO [98/500] 52a267f8-a80f-4495-a2d0-3e3768601ec5: 48 chunks; 1.4 s; peak memory 372 MiB.
2026-10-07T16:30:09Z INFO [99/500] 52a2e8de-a866-4506-b2af-5566d5846054: 117 chunks; 1.7 s; peak memory 372 MiB.
2026-10-07T16:30:11Z INFO [100/500] 52a36aba-db72-4822-b734-f48ed008fbe6: 112 chunks; 1.6 s; peak memory 372 MiB.
2026-10-07T16:30:11Z INFO [100/500] 52a36aba-db72-4822-b734-f48ed008fbe6: checkpointed 86934 records.
2026-10-07T16:30:12Z INFO [101/500] 52a4154f-6b39-4cca-82cc-7d1220d37434: 46 chunks; 1.2 s; peak memory 372 MiB.
2026-10-07T16:30:13Z INFO [102/500] 52a41fa0-adea-4b9f-a5c8-0517c5a6eb07: 46 chunks; 1.0 s; peak memory 372 MiB.
2026-10-07T16:30:15Z INFO [103/500] 52a540b5-f5e7-4e10-949e-84bcb8725df1: 71 chunks; 2.3 s; peak memory 372 MiB.
2026-10-07T16:30:19Z INFO [104/500] 52a59875-c636-408b-87fc-96b8b8eb296f: 156 chunks; 3.9 s; peak memory 372 MiB.
2026-10-07T16:30:23Z INFO [105/500] 52a5a3ff-bf4d-4254-a233-d2e95499efd4: 156 chunks; 4.1 s; peak memory 372 MiB.
2026-10-07T16:30:56Z INFO [106/500] 52a694cf-ac67-446d-a40a-aa1d013eccf3: 6054 chunks; 32.2 s; peak memory 372 MiB.
2026-10-07T16:30:57Z INFO [107/500] 52a6bf38-de98-4153-bf36-3e5052ca7854: 48 chunks; 1.3 s; peak memory 372 MiB.
2026-10-07T16:30:59Z INFO [108/500] 52a75354-03f9-4abf-88e3-7bec38788859: 112 chunks; 1.6 s; peak memory 372 MiB.
2026-10-07T16:31:02Z INFO [109/500] 52a7bef5-2100-491c-93a4-9c1add65cf3d: 115 chunks; 3.0 s; peak memory 372 MiB.
2026-10-07T16:31:03Z INFO [110/500] 52a831c1-5272-41e6-a84f-7c299831f709: 83 chunks; 1.3 s; peak memory 372 MiB.
2026-10-07T16:31:04Z INFO [111/500] 52a83a17-bbe8-4088-b0b7-7974a09f9cc7: 117 chunks; 1.6 s; peak memory 372 MiB.
2026-10-07T16:31:06Z INFO [112/500] 52a8e7ee-c1ea-4968-87c1-86d118a31fd9: 48 chunks; 1.4 s; peak memory 372 MiB.
2026-10-07T16:31:07Z INFO [113/500] 52a9ceb0-397b-4c68-bb25-9b507661f98a: 48 chunks; 1.3 s; peak memory 372 MiB.
2026-10-07T16:31:09Z INFO [114/500] 52aa9c1e-2e6f-4c9d-957d-f145a87e6e98: 117 chunks; 1.5 s; peak memory 372 MiB.
2026-10-07T16:31:13Z INFO [115/500] 52ab7624-ee11-4f07-9805-077c6783eacc: 241 chunks; 4.5 s; peak memory 372 MiB.
2026-10-07T16:31:15Z INFO [116/500] 52ac0d7b-9273-45e1-8739-9d5c1d94931d: 116 chunks; 1.5 s; peak memory 372 MiB.
2026-10-07T16:31:16Z INFO [117/500] 52acac42-025b-408f-9948-c69bb2026c68: 114 chunks; 1.6 s; peak memory 372 MiB.
2026-10-07T16:33:03Z INFO [118/500] 52acc7c8-0c4e-4b4d-9520-ec4814cc8037: 32332 chunks; 106.2 s; peak memory 372 MiB.
2026-10-07T16:33:25Z INFO [119/500] 52ad6b3c-e09b-4372-95a6-b1a68e6b946f: 428 chunks; 21.9 s; peak memory 372 MiB.
2026-10-07T16:33:27Z INFO [120/500] 52ad995d-cae1-4ce0-a55d-74872f314519: 424 chunks; 2.4 s; peak memory 372 MiB.
2026-10-07T16:33:34Z INFO [121/500] 52adc2ec-e8fe-43d1-85fa-ca423c928c9d: 546 chunks; 6.8 s; peak memory 372 MiB.
2026-10-07T16:33:35Z INFO [122/500] 52aee0a2-b717-435f-849a-20ef46497849: 45 chunks; 1.7 s; peak memory 372 MiB.
2026-10-07T16:33:38Z INFO [123/500] 52af073c-d4cc-41a0-ab82-394213e24208: 71 chunks; 2.3 s; peak memory 372 MiB.
2026-10-07T16:33:39Z INFO [124/500] 52af3991-229c-4d8c-82d0-fffdd718002a: 48 chunks; 1.5 s; peak memory 372 MiB.
2026-10-07T16:33:41Z INFO [125/500] 52af49ca-98d1-458a-9669-0bb115272b88: 338 chunks; 2.1 s; peak memory 372 MiB.
2026-10-07T16:33:42Z INFO [126/500] 52afddb0-ea42-4357-b17b-21e93a93877a: 46 chunks; 1.0 s; peak memory 372 MiB.
2026-10-07T16:33:50Z INFO [127/500] 52b0347b-6c93-4543-ae3e-a939f05f8c8a: 1057 chunks; 8.1 s; peak memory 372 MiB.
2026-10-07T16:33:52Z INFO [128/500] 52b07d66-97cb-4275-a259-6b44cc761f9c: 84 chunks; 1.6 s; peak memory 372 MiB.
2026-10-07T16:33:53Z INFO [129/500] 52b0f0e1-af55-4c00-af85-6aeb871182ce: 41 chunks; 1.2 s; peak memory 372 MiB.
2026-10-07T16:33:55Z INFO [130/500] 52b0f638-1b5a-4a5f-85bc-3cfd41f2b94f: 117 chunks; 1.5 s; peak memory 372 MiB.
2026-10-07T16:33:57Z INFO [131/500] 52b1616d-727f-4a13-af1e-c4c5909e301f: 71 chunks; 2.6 s; peak memory 372 MiB.
2026-10-07T16:33:59Z INFO [132/500] 52b16735-fb5b-4daf-8f12-2f16844a8e4d: 93 chunks; 1.6 s; peak memory 372 MiB.
2026-10-07T16:34:00Z INFO [133/500] 52b1f4ee-00c5-49ce-bb2d-1f334d310b16: 48 chunks; 1.4 s; peak memory 372 MiB.
2026-10-07T16:34:03Z INFO [134/500] 52b2c11f-1aba-4263-90d7-4af4ef91463c: 112 chunks; 2.1 s; peak memory 372 MiB.
2026-10-07T16:34:04Z INFO [135/500] 52b395d5-2538-48b9-9776-6627b4e358c5: 115 chunks; 1.7 s; peak memory 372 MiB.
2026-10-07T16:34:06Z INFO [136/500] 52b3ae6a-061e-4a20-82ff-c0eed8d0305d: 117 chunks; 1.9 s; peak memory 372 MiB.
2026-10-07T16:34:08Z INFO [137/500] 52b3b4c3-0f86-4513-9237-030c1113c5d1: 48 chunks; 1.6 s; peak memory 372 MiB.
2026-10-07T16:34:20Z INFO [138/500] 52b40703-6a42-4469-92c0-b5b87111011a: 16046 chunks; 12.7 s; peak memory 372 MiB.
2026-10-07T16:34:22Z INFO [139/500] 52b40d37-c6ec-4e59-864f-d4953632479e: 56 chunks; 1.1 s; peak memory 372 MiB.
2026-10-07T16:34:23Z INFO [140/500] 52b493f4-360f-49f0-aa9e-4f609ba9ace6: 46 chunks; 1.1 s; peak memory 372 MiB.
2026-10-07T16:34:32Z INFO [141/500] 52b4ffc6-6894-4801-bf35-fd41a1847bea: 1155 chunks; 9.2 s; peak memory 372 MiB.
2026-10-07T16:34:33Z INFO [142/500] 52b553ec-d34e-4ef7-9535-9338fd717fa6: 55 chunks; 1.1 s; peak memory 372 MiB.
2026-10-07T16:34:34Z INFO [143/500] 52b60da2-95b5-45a8-a959-42a7c7769741: 48 chunks; 1.3 s; peak memory 372 MiB.
2026-10-07T16:34:43Z INFO [144/500] 52b64152-e42b-4fbe-8121-d83c02313b45: 698 chunks; 9.1 s; peak memory 372 MiB.
2026-10-07T16:35:16Z INFO [145/500] 52b7547b-4671-48b0-97fb-0d185f4879ce: 36863 chunks; 32.4 s; peak memory 372 MiB.
2026-10-07T16:35:17Z INFO [146/500] 52b96f1a-c3ab-4b1c-8d89-17f1151a3679: 52 chunks; 1.3 s; peak memory 372 MiB.
2026-10-07T16:35:18Z INFO [147/500] 52b9b107-a1ef-40f7-9030-f49f627542b3: 48 chunks; 1.3 s; peak memory 372 MiB.
2026-10-07T16:35:20Z INFO [148/500] 52b9d3dd-f36d-43b0-8574-6f487c94acdf: 48 chunks; 1.3 s; peak memory 372 MiB.
2026-10-07T16:35:22Z INFO [149/500] 52ba028f-ba98-4e5d-9634-d7f9b8dbd9f0: 153 chunks; 2.1 s; peak memory 372 MiB.
2026-10-07T16:35:23Z INFO [150/500] 52ba50e3-13df-437b-a63a-1b98e143c172: 35 chunks; 1.1 s; peak memory 372 MiB.
2026-10-07T16:35:23Z INFO [150/500] 52ba50e3-13df-437b-a63a-1b98e143c172: checkpointed 86984 records.
2026-10-07T16:35:25Z INFO [151/500] 52bab93c-a020-460a-b08c-ca5b32456216: 48 chunks; 1.4 s; peak memory 372 MiB.
2026-10-07T16:35:28Z INFO [152/500] 52bb8df8-1270-4f4e-ba86-b77844f04341: 90 chunks; 3.4 s; peak memory 372 MiB.
2026-10-07T16:35:30Z INFO [153/500] 52bb90ea-f506-460b-8876-7eee1c546ab7: 112 chunks; 2.1 s; peak memory 372 MiB.
2026-10-07T16:35:33Z INFO [154/500] 52bb928f-1f7e-4cf0-8d5e-dc99af455850: 158 chunks; 2.5 s; peak memory 372 MiB.
2026-10-07T16:35:35Z INFO [155/500] 52bb96dd-40be-4932-ad61-5f1064dcc058: 124 chunks; 2.2 s; peak memory 372 MiB.
2026-10-07T16:35:36Z INFO [156/500] 52bd3114-9a01-412d-9779-cbbc789eec9c: 132 chunks; 1.5 s; peak memory 372 MiB.
2026-10-07T16:35:38Z INFO [157/500] 52bddb38-3352-4248-8e88-2b5e44ef547b: 64 chunks; 1.6 s; peak memory 372 MiB.
2026-10-07T16:35:40Z INFO [158/500] 52be7e93-e8da-4290-8843-43aacdd413b7: 71 chunks; 2.4 s; peak memory 372 MiB.
2026-10-07T16:35:54Z INFO [159/500] 52be814f-c65c-44e0-ab4b-38202b24c69c: 16267 chunks; 13.4 s; peak memory 372 MiB.
2026-10-07T16:35:55Z INFO [160/500] 52bea62e-484c-4c13-86db-92f5c4a7034e: 48 chunks; 1.4 s; peak memory 372 MiB.
2026-10-07T16:35:57Z INFO [161/500] 52bfb80e-fe03-49f4-ae83-1d3515f0fd71: 110 chunks; 1.5 s; peak memory 372 MiB.
2026-10-07T16:35:59Z INFO [162/500] 52c02713-273d-41b1-b3b8-aaaa892042e6: 275 chunks; 1.9 s; peak memory 372 MiB.
2026-10-07T16:36:02Z INFO [163/500] 52c08cf4-639d-4661-bd7a-baf8b8563023: 153 chunks; 3.6 s; peak memory 372 MiB.
2026-10-07T16:36:04Z INFO [164/500] 52c0d1f1-e7f8-4ee5-8fec-6c288e22b2e9: 66 chunks; 1.9 s; peak memory 372 MiB.
2026-10-07T16:36:07Z INFO [165/500] 52c0f1e1-35b0-41d3-9e92-12f89517762c: 126 chunks; 2.9 s; peak memory 372 MiB.
2026-10-07T16:36:21Z INFO [166/500] 52c118cd-c669-4c80-b2ce-938563c40124: 34662 chunks; 13.7 s; peak memory 372 MiB.
2026-10-07T16:36:23Z INFO [167/500] 52c20e8a-5677-475d-a6f9-e494a52ef171: 69 chunks; 2.1 s; peak memory 372 MiB.
2026-10-07T16:36:24Z INFO [168/500] 52c2d056-8670-4c85-94d4-4bee28cb2bea: 56 chunks; 1.2 s; peak memory 372 MiB.
2026-10-07T16:36:26Z INFO [169/500] 52c330c5-3a17-49eb-bd92-d21de651b4cb: 118 chunks; 1.7 s; peak memory 372 MiB.
2026-10-07T16:36:28Z INFO [170/500] 52c34c90-82d5-4aae-aa0c-c28a64af3f74: 116 chunks; 2.5 s; peak memory 372 MiB.
2026-10-07T16:36:30Z INFO [171/500] 52c3a615-2d61-492b-bb6e-1f7f27ad372d: 69 chunks; 1.7 s; peak memory 372 MiB.
2026-10-07T16:36:43Z INFO [172/500] 52c3b1d5-1713-4386-897d-831e490065ea: 28266 chunks; 12.9 s; peak memory 372 MiB.
2026-10-07T16:36:44Z INFO [173/500] 52c4b5d0-2bd3-4369-b920-64dbce9d3918: 59 chunks; 1.3 s; peak memory 372 MiB.
2026-10-07T16:36:46Z INFO [174/500] 52c4d260-4c31-4f4a-9449-826c55656680: 117 chunks; 1.5 s; peak memory 372 MiB.
2026-10-07T16:36:48Z INFO [175/500] 52c53dd8-ad49-4f7c-905f-a2d9beb26325: 62 chunks; 1.9 s; peak memory 372 MiB.
2026-10-07T16:36:49Z INFO [176/500] 52c60634-142c-4b67-ac11-c86f36c01b70: 59 chunks; 1.8 s; peak memory 372 MiB.
2026-10-07T16:36:51Z INFO [177/500] 52c667b4-6e36-47ef-afe0-fcb095c08fcf: 117 chunks; 1.6 s; peak memory 372 MiB.
2026-10-07T16:36:54Z INFO [178/500] 52c71eec-c4ff-4426-b6e8-b4e97963ce39: 116 chunks; 3.6 s; peak memory 372 MiB.
2026-10-07T16:36:56Z INFO [179/500] 52c80b13-bc86-4798-bbb0-b62bd6f9e244: 84 chunks; 1.6 s; peak memory 372 MiB.
2026-10-07T16:36:58Z INFO [180/500] 52c872f5-e7da-4acd-badf-915e4702684a: 112 chunks; 2.0 s; peak memory 372 MiB.
2026-10-07T16:37:03Z INFO [181/500] 52c8e97a-8c22-4ca2-992e-1da183aa8f4d: 253 chunks; 4.8 s; peak memory 372 MiB.
2026-10-07T16:37:04Z INFO [182/500] 52ca2c1f-7dca-4ba0-82e2-23077f758b55: 41 chunks; 1.2 s; peak memory 372 MiB.
2026-10-07T16:37:06Z INFO [183/500] 52ca6c7c-d1ec-45ed-8d67-f55d106fe877: 61 chunks; 1.7 s; peak memory 372 MiB.
2026-10-07T16:37:07Z INFO [184/500] 52cab381-2fcb-4e35-ae42-a78f64ac16a2: 48 chunks; 1.2 s; peak memory 372 MiB.
2026-10-07T16:37:21Z INFO [185/500] 52cb013e-7be2-480c-8a3b-b26a6d3f5d58: 1258 chunks; 13.7 s; peak memory 372 MiB.
2026-10-07T16:37:23Z INFO [186/500] 52cb7349-7781-46d3-af84-d4fa85e0861e: 76 chunks; 2.0 s; peak memory 372 MiB.
2026-10-07T16:37:25Z INFO [187/500] 52cc2b65-3dec-47e8-bad7-796e6828842d: 71 chunks; 2.5 s; peak memory 372 MiB.
2026-10-07T16:37:41Z INFO [188/500] 52ccc77a-c9fe-442c-a3bb-dfa91369e25f: 2301 chunks; 16.0 s; peak memory 372 MiB.
2026-10-07T16:37:43Z INFO [189/500] 52cd37d9-ed7a-4277-9e6d-f396b845d56b: 69 chunks; 1.5 s; peak memory 372 MiB.
2026-10-07T16:37:48Z INFO [190/500] 52cde384-ba2a-4234-b5fe-391a0b9aaae0: 219 chunks; 5.5 s; peak memory 372 MiB.
2026-10-07T16:37:50Z INFO [191/500] 52cfbbea-7db6-496c-b7f8-ce0e1df2e6d5: 117 chunks; 1.8 s; peak memory 372 MiB.
2026-10-07T16:38:03Z INFO [192/500] 52d0a83a-73d6-47c5-9440-57665bc7b771: 34382 chunks; 12.5 s; peak memory 372 MiB.
2026-10-07T16:38:20Z INFO [193/500] 52d0b29d-f356-478f-b764-7a74bf8e9f6f: 9852 chunks; 17.1 s; peak memory 372 MiB.
2026-10-07T16:38:23Z INFO [194/500] 52d0ba9a-3566-49dd-a51a-0bb298c99de4: 80 chunks; 3.4 s; peak memory 372 MiB.
2026-10-07T16:38:24Z INFO [195/500] 52d151fc-7bc1-415a-b491-a3ef42ae8d26: 48 chunks; 1.3 s; peak memory 372 MiB.
2026-10-07T16:38:27Z INFO [196/500] 52d258e6-425a-44e9-8f74-8098bbc23376: 168 chunks; 2.8 s; peak memory 372 MiB.
2026-10-07T16:38:28Z INFO [197/500] 52d2992a-4346-413f-ac1f-e9d985641886: 33 chunks; 1.1 s; peak memory 372 MiB.
2026-10-07T16:38:32Z INFO [198/500] 52d33f4a-c24a-4815-b53f-ac9f47ccc2f8: 90 chunks; 4.0 s; peak memory 372 MiB.
2026-10-07T16:38:34Z INFO [199/500] 52d35678-582c-4327-8728-22faa7ee39a3: 153 chunks; 1.8 s; peak memory 372 MiB.
2026-10-07T16:38:35Z INFO [200/500] 52d37af0-b88c-46b7-a703-d89554214232: 35 chunks; 1.0 s; peak memory 372 MiB.
2026-10-07T16:38:35Z INFO [200/500] 52d37af0-b88c-46b7-a703-d89554214232: checkpointed 87034 records.
2026-10-07T16:38:38Z INFO [201/500] 52d3a909-98e4-4818-969c-d8f82306c681: 125 chunks; 2.6 s; peak memory 372 MiB.
2026-10-07T16:38:40Z INFO [202/500] 52d417a6-03b0-453d-a53b-9c417640f3f4: 43 chunks; 1.6 s; peak memory 372 MiB.
2026-10-07T16:39:09Z INFO [203/500] 52d50e7a-ce99-4387-8441-ecbfb41ccf10: 1093 chunks; 29.4 s; peak memory 372 MiB.
2026-10-07T16:39:12Z INFO [204/500] 52d51c4e-e54f-4490-9913-e4c3c0938b8c: 124 chunks; 2.5 s; peak memory 372 MiB.
2026-10-07T16:39:13Z INFO [205/500] 52d51c68-0de0-4846-b36c-4e9055deae2e: 41 chunks; 1.2 s; peak memory 372 MiB.
2026-10-07T16:39:14Z INFO [206/500] 52d54633-5ee1-4148-a200-5bbf5a9fd202: 69 chunks; 1.2 s; peak memory 372 MiB.
2026-10-07T16:39:16Z INFO [207/500] 52d64c5f-bfee-4162-83dd-e3ca6bfaff95: 61 chunks; 1.7 s; peak memory 372 MiB.
2026-10-07T16:39:17Z INFO [208/500] 52d6a95a-691b-4478-a75a-4a4e9cf7316b: 45 chunks; 1.0 s; peak memory 372 MiB.
2026-10-07T16:39:18Z INFO [209/500] 52d6e023-d097-41b5-9943-ac777f775b91: 110 chunks; 1.6 s; peak memory 372 MiB.
2026-10-07T16:39:28Z INFO [210/500] 52d7a1ec-1fff-4be6-98b5-c8c90cdcdc9c: 11548 chunks; 10.1 s; peak memory 372 MiB.
2026-10-07T16:39:36Z INFO [211/500] 52d8e8f2-2466-4ffc-9cfa-8dd21e0c542b: 193 chunks; 7.5 s; peak memory 372 MiB.
2026-10-07T16:39:37Z INFO [212/500] 52d91d43-58f0-48bb-a0e0-5e179cf2f2bd: 41 chunks; 1.2 s; peak memory 372 MiB.
2026-10-07T16:39:39Z INFO [213/500] 52d9d7a4-1803-467d-9d00-7c9c8252626f: 109 chunks; 1.6 s; peak memory 372 MiB.
2026-10-07T16:39:41Z INFO [214/500] 52d9db65-7ad0-4702-a6a2-eaa3ba8bb5ce: 131 chunks; 2.0 s; peak memory 372 MiB.
2026-10-07T16:39:42Z INFO [215/500] 52da548b-ab5c-43e3-a172-900b25fa8b91: 66 chunks; 1.8 s; peak memory 372 MiB.
2026-10-07T16:39:44Z INFO [216/500] 52da57c0-ea4a-4a7b-bb83-0268d4ba9dfb: 117 chunks; 1.6 s; peak memory 372 MiB.
2026-10-07T16:39:45Z INFO [217/500] 52da7f64-c609-4811-95a1-c5c1258c03de: 52 chunks; 1.4 s; peak memory 372 MiB.
2026-10-07T16:39:47Z INFO [218/500] 52daab0e-e8a7-4e56-9c85-3b98bdce43ef: 66 chunks; 1.8 s; peak memory 372 MiB.
2026-10-07T16:40:06Z INFO [219/500] 52dabd42-6b59-4c69-8bba-19dde25f8ca5: 420 chunks; 18.5 s; peak memory 372 MiB.
2026-10-07T16:40:07Z INFO [220/500] 52db8baf-ae7a-45e9-8393-ca47055ed445: 68 chunks; 1.6 s; peak memory 372 MiB.
2026-10-07T16:40:09Z INFO [221/500] 52db9d97-4bdd-459b-9b34-18df9e761b61: 46 chunks; 1.3 s; peak memory 372 MiB.
2026-10-07T16:40:39Z INFO [222/500] 52dc38dd-adce-402f-8b7a-4a5851c97952: 4148 chunks; 30.5 s; peak memory 372 MiB.
2026-10-07T16:40:40Z INFO [223/500] 52dc66b4-8cd9-4ac4-9568-6bfc989afcce: 48 chunks; 1.2 s; peak memory 372 MiB.
2026-10-07T16:40:46Z INFO [224/500] 52dc9792-46cd-4044-b06d-aa51380a3745: 2533 chunks; 5.9 s; peak memory 372 MiB.
2026-10-07T16:40:54Z INFO [225/500] 52ddcdaf-7fad-4aec-8a21-afa964c911e6: 611 chunks; 7.7 s; peak memory 372 MiB.
2026-10-07T16:40:56Z INFO [226/500] 52de47e2-3b3b-47b6-8a21-35882c378fb0: 94 chunks; 1.9 s; peak memory 372 MiB.
2026-10-07T16:40:57Z INFO [227/500] 52de6100-a90f-4135-bd6a-04ada813474c: 117 chunks; 1.6 s; peak memory 372 MiB.
2026-10-07T16:41:00Z INFO [228/500] 52dff391-a820-4e03-bc61-f74c76619e8c: 71 chunks; 2.6 s; peak memory 372 MiB.
2026-10-07T16:41:02Z INFO [229/500] 52e02e5d-19cb-4857-b83a-9b0bc14029f9: 52 chunks; 1.5 s; peak memory 372 MiB.
2026-10-07T16:41:03Z INFO [230/500] 52e09ea1-b0e8-4ade-a737-6f6fe438a5e3: 112 chunks; 1.6 s; peak memory 372 MiB.
2026-10-07T16:41:05Z INFO [231/500] 52e10dd4-db32-4755-807c-594d3df67b41: 117 chunks; 1.5 s; peak memory 372 MiB.
2026-10-07T16:41:08Z INFO [232/500] 52e399de-701f-494f-92f5-6741eea9c010: 225 chunks; 3.1 s; peak memory 372 MiB.
2026-10-07T16:41:10Z INFO [233/500] 52e3c588-11cd-44b1-a57d-61912de8ef12: 66 chunks; 1.9 s; peak memory 372 MiB.
2026-10-07T16:41:11Z INFO [234/500] 52e46438-fe5c-4ef3-acbb-652cf79a96d9: 59 chunks; 1.3 s; peak memory 372 MiB.
2026-10-07T16:41:12Z INFO [235/500] 52e4b134-ffeb-4848-a299-842f5aebe30c: 48 chunks; 1.3 s; peak memory 372 MiB.
2026-10-07T16:41:14Z INFO [236/500] 52e50ca4-ec9a-4198-9e3c-f24cc4050e04: 49 chunks; 1.2 s; peak memory 372 MiB.
2026-10-07T16:41:15Z INFO [237/500] 52e648f6-e0bf-4db3-bfbe-cf5fb674eaf7: 68 chunks; 1.6 s; peak memory 372 MiB.
2026-10-07T16:41:16Z INFO [238/500] 52e7ad02-e98e-468c-9fc3-c631944a4afa: 69 chunks; 1.2 s; peak memory 372 MiB.
2026-10-07T16:41:19Z INFO [239/500] 52e80401-8887-4953-8409-2a4469f90c00: 239 chunks; 2.4 s; peak memory 372 MiB.
2026-10-07T16:41:20Z INFO [240/500] 52e81082-c29b-4c09-a6db-20bcf0161ca2: 48 chunks; 1.3 s; peak memory 372 MiB.
2026-10-07T16:41:24Z INFO [241/500] 52e92d43-7da2-45ac-b55b-84bd5651df18: 576 chunks; 3.8 s; peak memory 372 MiB.
2026-10-07T16:41:40Z INFO [242/500] 52e9bac4-0307-4a3f-9026-4e822d5f0711: 20764 chunks; 16.1 s; peak memory 372 MiB.
2026-10-07T16:41:42Z INFO [243/500] 52ea1c05-ec76-4425-8998-cea4a0ce0b64: 118 chunks; 1.6 s; peak memory 372 MiB.
2026-10-07T16:41:44Z INFO [244/500] 52ea5c8b-2211-4d7b-968b-64f3b42992b0: 112 chunks; 1.8 s; peak memory 372 MiB.
2026-10-07T16:41:45Z INFO [245/500] 52eac0e0-604f-4dc2-a0cd-daa0f14b66c2: 116 chunks; 1.5 s; peak memory 372 MiB.
2026-10-07T16:41:59Z INFO [246/500] 52eac966-7fc3-4c73-8189-093c447e5fca: 420 chunks; 13.8 s; peak memory 372 MiB.
2026-10-07T16:42:01Z INFO [247/500] 52eafe6b-362f-425a-862d-c623cab5f57d: 116 chunks; 1.6 s; peak memory 372 MiB.
2026-10-07T16:42:02Z INFO [248/500] 52eb269a-f88d-475f-8b13-32cbfddb30ff: 112 chunks; 1.9 s; peak memory 372 MiB.
2026-10-07T16:42:04Z INFO [249/500] 52eb3e16-a86d-4120-8c10-f15400cb46fd: 48 chunks; 1.3 s; peak memory 372 MiB.
2026-10-07T16:42:07Z INFO [250/500] 52eb7e8a-a3ea-4a22-847c-156c49375710: 820 chunks; 3.7 s; peak memory 372 MiB.
2026-10-07T16:42:08Z INFO [250/500] 52eb7e8a-a3ea-4a22-847c-156c49375710: checkpointed 87084 records.
2026-10-07T16:42:09Z INFO [251/500] 52eb7fd7-3d60-4eb6-b0c8-f382c78f2b39: 63 chunks; 1.2 s; peak memory 372 MiB.
2026-10-07T16:42:11Z INFO [252/500] 52ec0ab6-e684-42cb-a7a3-3a1fc952aad6: 149 chunks; 2.6 s; peak memory 372 MiB.
2026-10-07T16:42:13Z INFO [253/500] 52ec7636-6035-4535-a7ef-d0d24bfff04b: 117 chunks; 1.6 s; peak memory 372 MiB.
2026-10-07T16:42:14Z INFO [254/500] 52ecb0ad-299e-4aa9-8f0d-163aec4674bd: 48 chunks; 1.2 s; peak memory 372 MiB.
2026-10-07T16:42:27Z INFO [255/500] 52ecda86-a739-4549-a8d9-2f344e91330d: 8963 chunks; 12.6 s; peak memory 372 MiB.
2026-10-07T16:42:31Z INFO [256/500] 52ed63c5-ac09-45ac-9bee-681715bfc5d0: 156 chunks; 3.8 s; peak memory 372 MiB.
2026-10-07T16:42:33Z INFO [257/500] 52ed9bff-4017-4d89-b46e-ce07a2034156: 66 chunks; 2.1 s; peak memory 372 MiB.
2026-10-07T16:42:34Z INFO [258/500] 52ee81b9-c746-4bc0-992e-382c3a51a61c: 116 chunks; 1.6 s; peak memory 372 MiB.
2026-10-07T16:42:36Z INFO [259/500] 52eeef70-c61a-4c0a-b5dc-b1d67b959b73: 57 chunks; 1.1 s; peak memory 372 MiB.
2026-10-07T16:45:21Z INFO [260/500] 52ef643e-dd49-4457-adec-cbee237e256c: 41132 chunks; 165.5 s; peak memory 373 MiB.
2026-10-07T16:45:24Z INFO [261/500] 52f1b485-8e6a-48c9-b067-7f90ef071ece: 66 chunks; 2.5 s; peak memory 373 MiB.
2026-10-07T16:45:50Z INFO [262/500] 52f1bedf-a4b4-4460-ad4a-563e3ed87e9b: 7237 chunks; 26.9 s; peak memory 373 MiB.
2026-10-07T16:45:52Z INFO [263/500] 52f1fcbb-8ff2-4467-bf61-3db5a94f0786: 48 chunks; 1.5 s; peak memory 373 MiB.
2026-10-07T16:45:53Z INFO [264/500] 52f22d3f-7f45-4bc1-a943-97eab497b99a: 48 chunks; 1.4 s; peak memory 373 MiB.
2026-10-07T16:45:55Z INFO [265/500] 52f252dc-7fd0-4b8f-ac2f-4ebf0ce5a4f1: 48 chunks; 1.4 s; peak memory 373 MiB.
2026-10-07T16:45:57Z INFO [266/500] 52f266ac-4e4f-4c8f-beb4-ec23916594f2: 82 chunks; 1.9 s; peak memory 373 MiB.
2026-10-07T16:45:58Z INFO [267/500] 52f27db3-32dc-4a71-b216-e7da046f975a: 45 chunks; 1.1 s; peak memory 373 MiB.
2026-10-07T16:46:02Z INFO [268/500] 52f48e66-e805-4432-942d-d36b15f1ff2c: 245 chunks; 4.9 s; peak memory 373 MiB.
2026-10-07T16:46:05Z INFO [269/500] 52f4bd55-c726-46e2-9caf-ea132f8c00d4: 71 chunks; 2.6 s; peak memory 373 MiB.
2026-10-07T16:46:07Z INFO [270/500] 52f4f755-ed10-4b90-ad27-6bf4c704e906: 117 chunks; 1.6 s; peak memory 373 MiB.
2026-10-07T16:46:08Z INFO [271/500] 52f5089a-16e4-45c4-bda6-0704bb1b19d9: 52 chunks; 1.5 s; peak memory 373 MiB.
2026-10-07T16:46:10Z INFO [272/500] 52f5284f-0f46-43fe-b8b3-946872c55d0b: 66 chunks; 1.7 s; peak memory 373 MiB.
2026-10-07T16:46:12Z INFO [273/500] 52f589fd-bb0c-49cc-97d5-469e05b738c9: 261 chunks; 2.0 s; peak memory 373 MiB.
2026-10-07T16:46:23Z INFO [274/500] 52f6019f-12a0-40d7-9055-6790c2f24419: 15568 chunks; 10.7 s; peak memory 373 MiB.
2026-10-07T16:46:24Z INFO [275/500] 52f633d3-34e2-449f-94fa-ce6c6685dc84: 48 chunks; 1.3 s; peak memory 373 MiB.
2026-10-07T16:46:32Z INFO [276/500] 52f6c850-2a22-40ef-a3e9-0332548185f5: 2923 chunks; 8.1 s; peak memory 373 MiB.
2026-10-07T16:46:34Z INFO [277/500] 52f7794d-1410-4d74-9955-fcfd95553dec: 66 chunks; 2.0 s; peak memory 373 MiB.
2026-10-07T16:46:37Z INFO [278/500] 52f87fc4-4770-4497-9311-d801556f745d: 367 chunks; 2.5 s; peak memory 373 MiB.
2026-10-07T16:46:39Z INFO [279/500] 52f8d6c2-63de-4518-a728-91713f97b57e: 112 chunks; 2.8 s; peak memory 373 MiB.
2026-10-07T16:46:41Z INFO [280/500] 52f94698-8745-4bdd-9dea-32f301a2de1b: 110 chunks; 1.5 s; peak memory 373 MiB.
2026-10-07T16:46:42Z INFO [281/500] 52fc4b13-e593-4f13-8844-51e6b6f1d2b7: 117 chunks; 1.6 s; peak memory 373 MiB.
2026-10-07T16:46:44Z INFO [282/500] 52fc9987-c400-4d65-b061-ab71ebcd42af: 112 chunks; 1.6 s; peak memory 373 MiB.
2026-10-07T16:46:45Z INFO [283/500] 52fdd99d-fec8-400f-a97f-2bee10647d0e: 46 chunks; 1.2 s; peak memory 373 MiB.
2026-10-07T16:46:47Z INFO [284/500] 52fdf0a8-e583-4b68-82a0-f30af603d105: 104 chunks; 2.2 s; peak memory 373 MiB.
2026-10-07T16:46:52Z INFO [285/500] 52fe08fa-7276-4cfd-8db2-a76b4886a796: 2085 chunks; 5.0 s; peak memory 373 MiB.
2026-10-07T16:47:07Z INFO [286/500] 52febaaa-f4c6-4c1a-be5f-e68285ebdeb2: 55325 chunks; 14.7 s; peak memory 373 MiB.
2026-10-07T16:47:08Z INFO [287/500] 52fef67b-8045-4b54-9d8c-89677e970db6: 72 chunks; 1.3 s; peak memory 373 MiB.
2026-10-07T16:47:29Z INFO [288/500] 52ff4870-fe03-4339-b2c9-133bd7713b5f: 807 chunks; 20.5 s; peak memory 373 MiB.
2026-10-07T16:47:30Z INFO [289/500] 52ff4f90-4ee5-45a6-9d01-5295611ad3e0: 117 chunks; 1.6 s; peak memory 373 MiB.
2026-10-07T16:47:34Z INFO [290/500] 52ff6f37-e305-4d85-a4fb-6c510b4315c9: 114 chunks; 3.5 s; peak memory 373 MiB.
2026-10-07T16:47:37Z INFO [291/500] 53038565-ec43-44b6-8fbb-b3aa71e3899e: 101 chunks; 3.6 s; peak memory 373 MiB.
2026-10-07T16:47:47Z INFO [292/500] 5303c0db-89bd-4250-ac05-a34f0d85bca0: 4151 chunks; 9.2 s; peak memory 373 MiB.
2026-10-07T16:47:48Z INFO [293/500] 53040991-3f42-42f4-a5fb-cdf8fd25f402: 77 chunks; 1.5 s; peak memory 373 MiB.
2026-10-07T16:53:08Z INFO [294/500] 53043eff-db4a-4e7b-bcb1-2169af88e569: 75728 chunks; 319.7 s; peak memory 497 MiB.
2026-10-07T16:53:32Z INFO [295/500] 53046e8a-d246-4542-a9a5-3142c6169d3b: 12529 chunks; 23.7 s; peak memory 497 MiB.
2026-10-07T16:55:06Z INFO [296/500] 5304d4b2-cc94-446f-b0e0-f90ff695a491: 32896 chunks; 94.7 s; peak memory 497 MiB.
2026-10-07T17:06:44Z INFO [297/500] 5304fba0-3c56-4164-8f36-d958ec7d323f: 710567 chunks; 697.4 s; peak memory 1233 MiB.
2026-10-07T17:06:45Z INFO [298/500] 5304fc00-1b18-4b52-ad41-d3e7df48b1f7: 48 chunks; 1.5 s; peak memory 1233 MiB.
2026-10-07T17:06:46Z INFO [299/500] 530562c2-7cae-49ba-bbe0-cd1357d26d8e: 46 chunks; 1.1 s; peak memory 1233 MiB.
2026-10-07T17:06:48Z INFO [300/500] 5305d2a4-05e4-44cd-a2e6-ab59fa425b99: 66 chunks; 2.1 s; peak memory 1233 MiB.
2026-10-07T17:06:49Z INFO [300/500] 5305d2a4-05e4-44cd-a2e6-ab59fa425b99: checkpointed 87134 records.
2026-10-07T17:06:50Z INFO [301/500] 5306837d-c7a4-4fbb-95c9-dc71662f3d26: 112 chunks; 1.7 s; peak memory 1233 MiB.
2026-10-07T17:07:09Z INFO [302/500] 53068f32-81b2-4875-a81b-18dd8781119b: 4605 chunks; 18.8 s; peak memory 1233 MiB.
2026-10-07T17:07:11Z INFO [303/500] 5307e5c6-bad6-45a9-b3e7-902fd1cbd037: 117 chunks; 1.7 s; peak memory 1233 MiB.
2026-10-07T17:07:13Z INFO [304/500] 53080cb0-b4ac-49db-b5c1-e5092342e7fd: 69 chunks; 2.0 s; peak memory 1233 MiB.
2026-10-07T17:07:15Z INFO [305/500] 53089519-9dde-411a-bbe0-92fcfdb508d0: 275 chunks; 2.0 s; peak memory 1233 MiB.
2026-10-07T17:07:28Z INFO [306/500] 5308cd29-7518-4d91-af67-b86f7dee2f61: 8869 chunks; 13.5 s; peak memory 1233 MiB.
2026-10-07T17:07:30Z INFO [307/500] 5308e6fb-0361-4000-9572-c4444ae11be4: 117 chunks; 1.7 s; peak memory 1233 MiB.
2026-10-07T17:07:32Z INFO [308/500] 5309e342-1b81-4894-918d-c68edb5a0b85: 557 chunks; 1.7 s; peak memory 1233 MiB.
2026-10-07T17:07:34Z INFO [309/500] 530a3890-a88c-4164-be5f-18e1d53e6600: 1065 chunks; 2.6 s; peak memory 1233 MiB.
2026-10-07T17:07:36Z INFO [310/500] 530b5c31-e882-4378-a02c-59b4b7a6eafb: 52 chunks; 1.4 s; peak memory 1233 MiB.
2026-10-07T17:07:37Z INFO [311/500] 530bd751-9bb5-4f74-a9cf-a86b028ad917: 64 chunks; 1.9 s; peak memory 1233 MiB.
2026-10-07T17:07:46Z INFO [312/500] 530c0d09-b0f9-4383-9f53-7810131b793e: 1091 chunks; 8.4 s; peak memory 1233 MiB.
2026-10-07T17:07:56Z INFO [313/500] 530c9802-b42c-4151-9e53-c7afa1846cd2: 27313 chunks; 10.1 s; peak memory 1233 MiB.
2026-10-07T17:07:59Z INFO [314/500] 530cb375-30ac-4c07-bb16-c77f293e344c: 933 chunks; 2.7 s; peak memory 1233 MiB.
2026-10-07T17:08:00Z INFO [315/500] 530e4c8d-4d3e-483a-bfa1-f8b9fb007796: 48 chunks; 1.4 s; peak memory 1233 MiB.
2026-10-07T17:08:07Z INFO [316/500] 530f0e9f-40a9-47a1-904f-9873fd7564ef: 9435 chunks; 7.0 s; peak memory 1233 MiB.
2026-10-07T17:08:09Z INFO [317/500] 530f742f-e945-40bd-a0db-1be0b153888d: 48 chunks; 1.4 s; peak memory 1233 MiB.
2026-10-07T17:08:10Z INFO [318/500] 53109a37-db79-4c1f-b29b-b7c1720a6588: 48 chunks; 1.3 s; peak memory 1233 MiB.
2026-10-07T17:08:13Z INFO [319/500] 531126e1-b19d-4d38-9723-a909eeb30768: 122 chunks; 2.9 s; peak memory 1233 MiB.
2026-10-07T17:08:15Z INFO [320/500] 5311554d-c28c-4fcf-8b51-f5981e58a6c8: 112 chunks; 1.9 s; peak memory 1233 MiB.
2026-10-07T17:08:16Z INFO [321/500] 5311f382-c5ac-45de-a194-c76743c17735: 112 chunks; 1.8 s; peak memory 1233 MiB.
2026-10-07T17:08:18Z INFO [322/500] 5311fa1c-4236-4a75-8fc5-175dde5c0d85: 48 chunks; 1.3 s; peak memory 1233 MiB.
2026-10-07T17:08:19Z INFO [323/500] 53126fd2-f366-43f0-8051-3f032272b08b: 48 chunks; 1.3 s; peak memory 1233 MiB.
2026-10-07T17:08:36Z INFO [324/500] 5312a7e9-4516-4c5f-baff-aa640b050d28: 8789 chunks; 16.6 s; peak memory 1233 MiB.
2026-10-07T17:08:39Z INFO [325/500] 53132bb8-b3ce-4d51-90b5-ec028619382d: 154 chunks; 3.0 s; peak memory 1233 MiB.
2026-10-07T17:08:46Z INFO [326/500] 531352c8-7806-4d88-8e87-7bcda5140b0d: 7227 chunks; 6.9 s; peak memory 1233 MiB.
2026-10-07T17:08:47Z INFO [327/500] 53138122-e04d-4297-9751-bb60224e34eb: 117 chunks; 1.5 s; peak memory 1233 MiB.
2026-10-07T17:08:49Z INFO [328/500] 53140d27-93aa-4117-9250-035d9ef7f71a: 72 chunks; 1.6 s; peak memory 1233 MiB.
2026-10-07T17:08:50Z INFO [329/500] 53143312-6431-4618-a897-c4c68e1baf94: 45 chunks; 1.1 s; peak memory 1233 MiB.
2026-10-07T17:56:59Z INFO [330/500] 5314bec9-0318-400b-b84a-ee9f77069cdf: 356168 chunks; 2889.1 s; peak memory 1233 MiB.
2026-10-07T17:57:03Z INFO [331/500] 5314e0c1-7da4-4281-981c-8b52d29af66c: 1895 chunks; 4.1 s; peak memory 1233 MiB.
2026-10-07T17:57:05Z INFO [332/500] 5315428b-c190-477e-b436-2ee13e2a99e3: 112 chunks; 2.0 s; peak memory 1233 MiB.
2026-10-07T17:57:07Z INFO [333/500] 5315af96-f54b-4382-b900-d3a415ba754a: 110 chunks; 1.6 s; peak memory 1233 MiB.
2026-10-07T17:57:09Z INFO [334/500] 5315d284-c5ec-445f-bb66-ee495d96dc60: 112 chunks; 2.1 s; peak memory 1233 MiB.
2026-10-07T17:57:11Z INFO [335/500] 53165f1b-1dc4-439a-a309-f8d6e2dc2642: 69 chunks; 1.8 s; peak memory 1233 MiB.
2026-10-07T17:57:28Z INFO [336/500] 53169691-ebac-4ad9-9a4d-44893130298c: 23401 chunks; 17.1 s; peak memory 1233 MiB.
2026-10-07T17:57:29Z INFO [337/500] 5316d833-f116-47f4-b54e-3f38334c3049: 48 chunks; 1.3 s; peak memory 1233 MiB.
2026-10-07T17:57:33Z INFO [338/500] 5316e80e-6163-4443-b355-e83dd0840dd0: 85 chunks; 4.0 s; peak memory 1233 MiB.
2026-10-07T17:57:34Z INFO [339/500] 53175b2c-7e40-4d02-918c-e92483535726: 64 chunks; 1.4 s; peak memory 1233 MiB.
2026-10-07T17:57:36Z INFO [340/500] 5317c32d-a79d-4656-be6e-c78b2e8960d8: 69 chunks; 1.3 s; peak memory 1233 MiB.
2026-10-07T17:57:41Z INFO [341/500] 5318356f-0b25-4775-b6f0-9926a9ab8bcb: 244 chunks; 5.6 s; peak memory 1233 MiB.
2026-10-07T17:58:02Z INFO [342/500] 531981a8-711f-4a82-9ebc-709ecb378fb7: 25220 chunks; 20.7 s; peak memory 1233 MiB.
2026-10-07T17:58:07Z INFO [343/500] 5319b81d-f895-46c1-960a-9887b26fbee5: 2367 chunks; 4.5 s; peak memory 1233 MiB.
2026-10-07T17:58:08Z INFO [344/500] 531a55e9-ad4b-41d1-b60a-8599c6a938f8: 118 chunks; 1.5 s; peak memory 1233 MiB.
2026-10-07T17:58:13Z INFO [345/500] 531aafa1-4578-4a18-8fb1-6494d8051845: 111 chunks; 5.0 s; peak memory 1233 MiB.
2026-10-07T17:58:15Z INFO [346/500] 531b38c3-907f-497f-bf68-015a2ea7eca4: 117 chunks; 1.5 s; peak memory 1233 MiB.
2026-10-07T17:58:16Z INFO [347/500] 531c1a60-5d5a-4730-87cd-2f58882b6379: 153 chunks; 2.0 s; peak memory 1233 MiB.
2026-10-07T17:58:22Z INFO [348/500] 531c3a84-c642-4fd2-97f9-4e8548f2519f: 2085 chunks; 5.0 s; peak memory 1233 MiB.
2026-10-07T17:58:25Z INFO [349/500] 531c5493-179a-4443-a793-5cc918c9e58b: 115 chunks; 3.1 s; peak memory 1233 MiB.
2026-10-07T17:58:33Z INFO [350/500] 531da23f-1f71-49d8-b26d-b001b47ff7f3: 2923 chunks; 8.5 s; peak memory 1233 MiB.
2026-10-07T17:58:33Z INFO [350/500] 531da23f-1f71-49d8-b26d-b001b47ff7f3: checkpointed 87184 records.
2026-10-07T17:58:39Z INFO [351/500] 531ed852-595d-4dd9-8a2f-7f1c3f34fdd0: 548 chunks; 6.0 s; peak memory 1233 MiB.
2026-10-07T17:58:41Z INFO [352/500] 531f247d-942e-4014-b453-d7c14ef38cf2: 48 chunks; 1.4 s; peak memory 1233 MiB.
2026-10-07T17:58:42Z INFO [353/500] 531f51a3-f4af-4e3f-9e06-dca1699d2d6f: 48 chunks; 1.3 s; peak memory 1233 MiB.
2026-10-07T17:58:43Z INFO [354/500] 531f728e-d3ea-4117-a59a-7ad30f29f531: 48 chunks; 1.3 s; peak memory 1233 MiB.
2026-10-07T17:58:49Z INFO [355/500] 531fe0d1-e0aa-4f76-a97a-42fa54f3abd3: 216 chunks; 6.0 s; peak memory 1233 MiB.
2026-10-07T17:58:51Z INFO [356/500] 53200f0f-0b1c-460f-8805-de7815557925: 66 chunks; 2.0 s; peak memory 1233 MiB.
2026-10-07T17:58:53Z INFO [357/500] 5320bea9-b919-45f9-a1e5-26dc158a0429: 99 chunks; 1.4 s; peak memory 1233 MiB.
2026-10-07T17:58:55Z INFO [358/500] 5320f2b9-4ffa-4dea-95de-167622d6eb5e: 62 chunks; 1.9 s; peak memory 1233 MiB.
2026-10-07T17:58:56Z INFO [359/500] 532217b0-b6fa-4ae2-96e8-620441e1c7a1: 48 chunks; 1.3 s; peak memory 1233 MiB.
2026-10-07T17:58:58Z INFO [360/500] 53223dd8-b9dd-4cc4-a322-6d3bcff16354: 118 chunks; 1.6 s; peak memory 1233 MiB.
2026-10-07T17:59:00Z INFO [361/500] 5322c319-8059-4dea-b310-e57ca34a5a7e: 117 chunks; 2.0 s; peak memory 1233 MiB.
2026-10-07T17:59:01Z INFO [362/500] 5323597b-d44d-4ded-a4b6-11254157cce2: 48 chunks; 1.4 s; peak memory 1233 MiB.
2026-10-07T17:59:03Z INFO [363/500] 5323b985-0f36-41db-9672-7f68a78db70d: 71 chunks; 2.3 s; peak memory 1233 MiB.
2026-10-07T18:00:18Z INFO [364/500] 5323c118-4a6b-4b9a-a1fd-73ec2577b71c: 8725 chunks; 74.5 s; peak memory 1233 MiB.
2026-10-07T18:00:20Z INFO [365/500] 53244f2b-b730-49c1-8eb5-ef0acb76277f: 112 chunks; 1.9 s; peak memory 1233 MiB.
2026-10-07T18:00:21Z INFO [366/500] 53249451-f406-4035-bb2f-ebdc1a781e7f: 48 chunks; 1.4 s; peak memory 1233 MiB.
2026-10-07T18:00:22Z INFO [367/500] 5324f626-d8b3-4068-b285-be36ca920cb2: 48 chunks; 1.3 s; peak memory 1233 MiB.
2026-10-07T18:00:25Z INFO [368/500] 5325253d-6a0d-4341-be4d-b36bde0f7340: 112 chunks; 2.2 s; peak memory 1233 MiB.
2026-10-07T18:00:26Z INFO [369/500] 5326e7e8-404d-4e55-b921-d90fd4eb4780: 64 chunks; 1.5 s; peak memory 1233 MiB.
2026-10-07T18:00:28Z INFO [370/500] 5327602f-0bb7-4e10-a700-b2d75b2e263e: 117 chunks; 1.7 s; peak memory 1233 MiB.
2026-10-07T18:00:30Z INFO [371/500] 53276677-5d50-48eb-aa5f-c60ba729a46a: 84 chunks; 1.8 s; peak memory 1233 MiB.
2026-10-07T18:00:31Z INFO [372/500] 5327e011-5482-46b0-9bed-f036a68f9a67: 46 chunks; 1.2 s; peak memory 1233 MiB.
2026-10-07T18:00:32Z INFO [373/500] 532906f7-91c3-467d-8157-0f7d8888ba4a: 48 chunks; 1.5 s; peak memory 1233 MiB.
2026-10-07T18:00:36Z INFO [374/500] 53299466-19a6-4724-8a60-f91870cbe0f4: 150 chunks; 3.5 s; peak memory 1233 MiB.
2026-10-07T18:00:38Z INFO [375/500] 532a05e6-3780-470e-9404-e19763287547: 116 chunks; 1.6 s; peak memory 1233 MiB.
2026-10-07T18:00:39Z INFO [376/500] 532a1278-a0a1-4b46-afaf-49d1c2154800: 110 chunks; 2.0 s; peak memory 1233 MiB.
2026-10-07T18:00:41Z INFO [377/500] 532a7017-6110-42f2-b64e-c7ca76eaaf38: 93 chunks; 1.4 s; peak memory 1233 MiB.
2026-10-07T18:00:42Z INFO [378/500] 532ac2e6-e95e-4156-9801-73dc8080b2e1: 48 chunks; 1.4 s; peak memory 1233 MiB.
2026-10-07T18:00:44Z INFO [379/500] 532af05e-14ac-4013-b054-770811d482ee: 110 chunks; 1.4 s; peak memory 1233 MiB.
2026-10-07T18:00:53Z INFO [380/500] 532bb738-03ff-41f7-adb1-9d5bd005172d: 291 chunks; 9.2 s; peak memory 1233 MiB.
2026-10-07T18:00:54Z INFO [381/500] 532c4c6d-8379-4b7b-b4e9-528e46a48885: 63 chunks; 1.4 s; peak memory 1233 MiB.
2026-10-07T18:00:56Z INFO [382/500] 532c7fa6-4745-4ef0-a419-4e49bb398ffb: 48 chunks; 1.4 s; peak memory 1233 MiB.
2026-10-07T18:00:59Z INFO [383/500] 532c81cf-a3e1-43f7-9c00-231f421d1fb5: 126 chunks; 2.8 s; peak memory 1233 MiB.
2026-10-07T18:01:00Z INFO [384/500] 532e2885-e620-445a-969a-d7409159f96d: 46 chunks; 1.1 s; peak memory 1233 MiB.
2026-10-07T18:01:01Z INFO [385/500] 532eb500-c260-4d3e-a883-290828388ff4: 112 chunks; 1.7 s; peak memory 1233 MiB.
2026-10-07T18:01:05Z INFO [386/500] 532ee3c7-1114-4a92-b3c5-107216e1ce27: 80 chunks; 3.3 s; peak memory 1233 MiB.
2026-10-07T18:01:19Z INFO [387/500] 532f7213-5487-4703-b549-b8d356f6ebe9: 16477 chunks; 13.9 s; peak memory 1233 MiB.
2026-10-07T18:01:20Z INFO [388/500] 53309dec-3ae1-481b-ad2e-be80c06e0550: 79 chunks; 1.7 s; peak memory 1233 MiB.
2026-10-07T18:01:22Z INFO [389/500] 5330dac7-c004-4537-a4c2-8a383d6d77d5: 48 chunks; 1.3 s; peak memory 1233 MiB.
2026-10-07T18:01:23Z INFO [390/500] 533179d1-ddd3-45e9-96f3-23df9c6ee0cb: 48 chunks; 1.4 s; peak memory 1233 MiB.
2026-10-07T18:01:33Z INFO [391/500] 5331b8a5-93f8-46f4-a008-52a17055ac51: 9171 chunks; 9.6 s; peak memory 1233 MiB.
2026-10-07T18:04:18Z INFO [392/500] 53320c27-b3bc-4445-b849-ae48ec0574da: 37868 chunks; 165.2 s; peak memory 1233 MiB.
2026-10-07T18:07:01Z INFO [393/500] 53326278-e157-402d-aaa4-de9f20236615: 37909 chunks; 163.2 s; peak memory 1233 MiB.
2026-10-07T18:07:09Z INFO [394/500] 5332c67e-9094-4289-93d3-c849fd3d5fe5: 2923 chunks; 8.0 s; peak memory 1233 MiB.
2026-10-07T18:07:21Z INFO [395/500] 53338479-0194-40d3-b726-19c20a5dc4e6: 1492 chunks; 12.3 s; peak memory 1233 MiB.
2026-10-07T18:07:22Z INFO [396/500] 5334bb38-a2ff-472a-bd57-339cf0bb3abf: 45 chunks; 1.1 s; peak memory 1233 MiB.
2026-10-07T18:07:24Z INFO [397/500] 53354d1a-e65e-45fe-9832-d1c86c0ce584: 48 chunks; 1.6 s; peak memory 1233 MiB.
2026-10-07T18:07:26Z INFO [398/500] 5335b886-1e1d-4012-9c9e-84f97512255c: 112 chunks; 2.2 s; peak memory 1233 MiB.
2026-10-07T18:07:44Z INFO [399/500] 5335c216-a4e4-4c46-ac12-7ec782522ac7: 3200 chunks; 18.2 s; peak memory 1233 MiB.
2026-10-07T18:07:45Z INFO [400/500] 5336dd24-588e-4b74-9902-b173f903c8bf: 56 chunks; 1.0 s; peak memory 1233 MiB.
2026-10-07T18:07:46Z INFO [400/500] 5336dd24-588e-4b74-9902-b173f903c8bf: checkpointed 87234 records.
2026-10-07T18:07:47Z INFO [401/500] 53372102-59a3-4d25-8a39-66feda080644: 118 chunks; 1.7 s; peak memory 1233 MiB.
2026-10-07T18:07:50Z INFO [402/500] 53374907-e283-4d3a-b90b-e3b62223dd2b: 138 chunks; 3.2 s; peak memory 1233 MiB.
2026-10-07T18:07:52Z INFO [403/500] 53383f57-b66f-484e-8fb4-47cd22852967: 48 chunks; 1.4 s; peak memory 1233 MiB.
2026-10-07T18:07:54Z INFO [404/500] 533881af-5bd6-45b3-9954-fac25cf6d7c1: 112 chunks; 2.2 s; peak memory 1233 MiB.
2026-10-07T18:07:56Z INFO [405/500] 53389b25-f374-4ab4-9b3c-0425cda909ab: 48 chunks; 1.5 s; peak memory 1233 MiB.
2026-10-07T18:07:57Z INFO [406/500] 5338a140-6252-4234-81ee-4bd166ad0741: 118 chunks; 1.6 s; peak memory 1233 MiB.
2026-10-07T18:07:59Z INFO [407/500] 533a9613-6683-42fc-abcc-5ffa467eec20: 58 chunks; 1.5 s; peak memory 1233 MiB.
2026-10-07T18:08:00Z INFO [408/500] 533b4a1c-df69-4b07-bbac-cc2a45b30bd6: 48 chunks; 1.5 s; peak memory 1233 MiB.
2026-10-07T18:08:58Z INFO [409/500] 533c0a73-7de6-4d2c-81da-1546124e24da: 22066 chunks; 57.8 s; peak memory 1233 MiB.
2026-10-07T18:08:59Z INFO [410/500] 533c833a-c3ac-40ee-b566-c63d76d4a81e: 48 chunks; 1.3 s; peak memory 1233 MiB.
2026-10-07T18:09:56Z INFO [411/500] 533c8740-895d-4367-89e9-eea3b1dd1547: 15380 chunks; 57.2 s; peak memory 1233 MiB.
2026-10-07T18:09:58Z INFO [412/500] 533c9b03-057b-4641-8f55-811abff9d30e: 117 chunks; 1.5 s; peak memory 1233 MiB.
2026-10-07T18:09:59Z INFO [413/500] 533ca96a-9fe6-4c13-8716-5095157150ec: 48 chunks; 1.3 s; peak memory 1233 MiB.
2026-10-07T18:10:01Z INFO [414/500] 533f2aec-82d5-4a8c-b477-2cfa680b4231: 66 chunks; 2.1 s; peak memory 1233 MiB.
2026-10-07T18:10:12Z INFO [415/500] 533fa890-cad9-4d33-bdd6-8639858a7ccc: 28884 chunks; 10.8 s; peak memory 1233 MiB.
2026-10-07T18:10:19Z INFO [416/500] 534125a5-d67e-4b5b-ba91-5ae175bde846: 708 chunks; 6.6 s; peak memory 1233 MiB.
2026-10-07T18:10:22Z INFO [417/500] 53415886-9e05-403b-8618-d97a3191333e: 105 chunks; 2.9 s; peak memory 1233 MiB.
2026-10-07T18:10:23Z INFO [418/500] 5341f230-2fba-4a5c-b440-b88077802582: 112 chunks; 1.8 s; peak memory 1233 MiB.
2026-10-07T18:10:25Z INFO [419/500] 53432830-9cad-4e77-b750-f15a44adcb23: 289 chunks; 2.0 s; peak memory 1233 MiB.
2026-10-07T18:10:42Z INFO [420/500] 53434084-c10a-42ac-9500-b943a4287590: 1771 chunks; 17.0 s; peak memory 1233 MiB.
2026-10-07T18:10:46Z INFO [421/500] 5343ea41-63f8-4929-9b84-d2468bb2259c: 156 chunks; 3.8 s; peak memory 1233 MiB.
2026-10-07T18:10:48Z INFO [422/500] 53440dc9-b941-42e5-8762-5546e8aef88f: 118 chunks; 1.5 s; peak memory 1233 MiB.
2026-10-07T18:10:49Z INFO [423/500] 53447c1b-21e3-4cbe-9ed0-af0b94f3bb52: 117 chunks; 1.6 s; peak memory 1233 MiB.
2026-10-07T18:10:51Z INFO [424/500] 53449ae8-9f72-412d-a47a-4cc7555af729: 69 chunks; 1.3 s; peak memory 1233 MiB.
2026-10-07T18:10:52Z INFO [425/500] 5345d0a6-e305-4300-845a-7dde532ebfa8: 48 chunks; 1.4 s; peak memory 1233 MiB.
2026-10-07T18:10:54Z INFO [426/500] 5345dde9-169c-4ac1-93dd-3986fccfd547: 112 chunks; 1.9 s; peak memory 1233 MiB.
2026-10-07T18:10:55Z INFO [427/500] 5346cb2f-c3a2-41de-9197-d74b2e54153a: 48 chunks; 1.3 s; peak memory 1233 MiB.
2026-10-07T18:10:57Z INFO [428/500] 5346d919-5806-4b16-a9ca-d63a2574f6e7: 116 chunks; 1.6 s; peak memory 1233 MiB.
2026-10-07T18:10:58Z INFO [429/500] 53481ab4-49ef-44ed-9b26-afdd00a99c08: 48 chunks; 1.4 s; peak memory 1233 MiB.
2026-10-07T18:11:07Z INFO [430/500] 5348eec2-11ae-45d4-b6d3-37df19c50ee9: 4151 chunks; 9.2 s; peak memory 1233 MiB.
2026-10-07T18:11:10Z INFO [431/500] 53495bbd-2a29-41a2-9aae-cfe89c9dd06d: 456 chunks; 2.4 s; peak memory 1233 MiB.
2026-10-07T18:11:13Z INFO [432/500] 534b8cc6-6e74-487b-bc03-669239323967: 115 chunks; 3.3 s; peak memory 1233 MiB.
2026-10-07T18:11:15Z INFO [433/500] 534ba229-d71b-4019-8241-aceb8378b2d2: 112 chunks; 1.7 s; peak memory 1233 MiB.
2026-10-07T18:11:17Z INFO [434/500] 534c05e1-c5ad-4c06-b6ef-e3fd2137be64: 112 chunks; 1.8 s; peak memory 1233 MiB.
2026-10-07T18:11:27Z INFO [435/500] 534c0ca9-5f7d-4ed8-8eb4-ac3f65c1a36e: 31710 chunks; 10.6 s; peak memory 1233 MiB.
2026-10-07T18:11:29Z INFO [436/500] 534c5131-74cc-4ba6-be24-2093c4ee9a1a: 112 chunks; 1.7 s; peak memory 1233 MiB.
2026-10-07T18:11:31Z INFO [437/500] 534db80f-b0ea-4910-89b4-d3fe1eeeb1d9: 117 chunks; 1.6 s; peak memory 1233 MiB.
2026-10-07T18:11:32Z INFO [438/500] 534df944-273e-4594-a788-a3f254068d47: 48 chunks; 1.4 s; peak memory 1233 MiB.
2026-10-07T18:11:34Z INFO [439/500] 534e0fc4-9877-4059-a756-4961a7043de2: 118 chunks; 1.8 s; peak memory 1233 MiB.
2026-10-07T18:11:35Z INFO [440/500] 534ea7ba-528f-413f-94fc-ceb129989525: 48 chunks; 1.4 s; peak memory 1233 MiB.
2026-10-07T18:15:28Z INFO [441/500] 534efca6-000f-4147-ad0a-f7f4cd910fa6: 128095 chunks; 232.4 s; peak memory 1233 MiB.
2026-10-07T18:15:29Z INFO [442/500] 534f5d38-bdba-49d4-843a-700ddb260f70: 43 chunks; 1.6 s; peak memory 1233 MiB.
2026-10-07T18:15:31Z INFO [443/500] 534f8023-33d3-4762-9136-1526b9e8a128: 66 chunks; 2.0 s; peak memory 1233 MiB.
2026-10-07T18:15:39Z INFO [444/500] 5351284c-b7b2-4e0d-abe9-3a5271a46bfb: 8466 chunks; 8.1 s; peak memory 1233 MiB.
2026-10-07T18:15:41Z INFO [445/500] 5352036c-6ff5-4440-9b71-e69ed0fc8688: 117 chunks; 1.6 s; peak memory 1233 MiB.
2026-10-07T18:15:42Z INFO [446/500] 535252d6-7e7e-4368-8e8a-80d017de63d0: 116 chunks; 1.5 s; peak memory 1233 MiB.
2026-10-07T18:15:43Z INFO [447/500] 53529412-3be5-4e38-becf-7b4ae9b5b5c5: 51 chunks; 1.0 s; peak memory 1233 MiB.
2026-10-07T18:15:45Z INFO [448/500] 5352f032-a225-44c5-aea8-8254642a22e0: 170 chunks; 1.7 s; peak memory 1233 MiB.
2026-10-07T18:15:48Z INFO [449/500] 53536a0a-5359-4315-ae64-3802d575308e: 71 chunks; 3.0 s; peak memory 1233 MiB.
2026-10-07T18:15:49Z INFO [450/500] 5353743e-f159-4d89-a5a9-ee6b5e22a6e6: 48 chunks; 1.3 s; peak memory 1233 MiB.
2026-10-07T18:15:50Z INFO [450/500] 5353743e-f159-4d89-a5a9-ee6b5e22a6e6: checkpointed 87284 records.
2026-10-07T18:15:51Z INFO [451/500] 5353cde1-4118-4814-9937-34883703a027: 132 chunks; 1.5 s; peak memory 1233 MiB.
2026-10-07T18:15:53Z INFO [452/500] 53540cfc-a3f9-4889-82dd-6e69e0a4e031: 152 chunks; 2.0 s; peak memory 1233 MiB.
2026-10-07T18:15:57Z INFO [453/500] 53544065-5833-463b-9c57-e3a985ce6cb3: 85 chunks; 4.0 s; peak memory 1233 MiB.
2026-10-07T18:16:04Z INFO [454/500] 53546587-fb89-42b5-85d1-d86888b3909f: 8122 chunks; 6.4 s; peak memory 1233 MiB.
2026-10-07T18:16:05Z INFO [455/500] 5354ab6d-338b-4dfb-a3ea-6ff960ce6d71: 117 chunks; 1.6 s; peak memory 1233 MiB.
2026-10-07T18:16:06Z INFO [456/500] 53554644-0bf5-44eb-ad2f-27bb4e4460f2: 46 chunks; 1.2 s; peak memory 1233 MiB.
2026-10-07T18:16:08Z INFO [457/500] 53554696-c71c-4c99-8c8a-7ae67fb545d9: 111 chunks; 1.3 s; peak memory 1233 MiB.
2026-10-07T18:16:13Z INFO [458/500] 53562e58-7a5f-4a5e-aa60-8cabe98f02b6: 2760 chunks; 4.9 s; peak memory 1233 MiB.
2026-10-07T18:16:14Z INFO [459/500] 5356c6d6-4f0b-447d-a4a8-a80f28480b84: 56 chunks; 1.1 s; peak memory 1233 MiB.
2026-10-07T18:16:15Z INFO [460/500] 53572964-123a-4959-86c4-3df4de9e79f6: 48 chunks; 1.6 s; peak memory 1233 MiB.
2026-10-07T18:16:37Z INFO [461/500] 5358162c-409e-403e-bde5-ff6effad1238: 8229 chunks; 22.0 s; peak memory 1233 MiB.
2026-10-07T18:16:39Z INFO [462/500] 5358efb3-755c-49c1-9f06-325f09de2f9b: 48 chunks; 1.3 s; peak memory 1233 MiB.
2026-10-07T18:16:40Z INFO [463/500] 53599dba-7a6f-4485-97ac-fc6b47248fa2: 48 chunks; 1.4 s; peak memory 1233 MiB.
2026-10-07T18:16:41Z INFO [464/500] 535ac598-39be-4ac6-af4f-608e866fef2c: 48 chunks; 1.3 s; peak memory 1233 MiB.
2026-10-07T18:16:43Z INFO [465/500] 535bc21a-f3c0-474d-abd0-c47bb29c0e1f: 48 chunks; 1.3 s; peak memory 1233 MiB.
2026-10-07T18:16:45Z INFO [466/500] 535be403-5dc6-4ed8-9198-4a2611201982: 118 chunks; 1.8 s; peak memory 1233 MiB.
2026-10-07T18:16:46Z INFO [467/500] 535be48e-cc68-402f-b0cb-96d9d5059998: 66 chunks; 1.2 s; peak memory 1233 MiB.
2026-10-07T18:16:47Z INFO [468/500] 535c2068-f683-4c36-bbab-2d06a629c378: 112 chunks; 1.7 s; peak memory 1233 MiB.
2026-10-07T18:16:52Z INFO [469/500] 535ca793-812b-4d21-9e08-457c9685791e: 179 chunks; 4.2 s; peak memory 1233 MiB.
2026-10-07T18:16:53Z INFO [470/500] 535d8444-9e80-434f-a99a-0a0688eb23de: 117 chunks; 1.5 s; peak memory 1233 MiB.
2026-10-07T18:16:55Z INFO [471/500] 535e013d-3730-46e9-81ab-887e829d71f4: 52 chunks; 1.5 s; peak memory 1233 MiB.
2026-10-07T18:17:06Z INFO [472/500] 535ebe8d-aac9-4ca3-ad97-98c0909286ea: 1792 chunks; 11.1 s; peak memory 1233 MiB.
2026-10-07T18:17:07Z INFO [473/500] 535ee29b-e902-47db-9fae-9675e8e2ea61: 41 chunks; 1.1 s; peak memory 1233 MiB.
2026-10-07T18:17:08Z INFO [474/500] 535f2a21-bf34-418f-a888-ca67cb7d6a39: 48 chunks; 1.4 s; peak memory 1233 MiB.
2026-10-07T18:17:09Z INFO [475/500] 535fa97e-a78a-4d7a-8d77-0323f913efeb: 48 chunks; 1.3 s; peak memory 1233 MiB.
2026-10-07T18:17:13Z INFO [476/500] 5360400d-ad25-4586-82c9-f8891f00cffe: 156 chunks; 3.6 s; peak memory 1233 MiB.
2026-10-07T18:17:15Z INFO [477/500] 53606d78-a72f-4798-bcb1-affc053f9e31: 112 chunks; 1.7 s; peak memory 1233 MiB.
2026-10-07T18:17:17Z INFO [478/500] 53607d74-c558-411e-ae76-57831ac684c4: 275 chunks; 1.8 s; peak memory 1233 MiB.
2026-10-07T18:17:18Z INFO [479/500] 53608cdb-3486-4bd3-a95c-f8960c08e740: 48 chunks; 1.3 s; peak memory 1233 MiB.
2026-10-07T18:17:19Z INFO [480/500] 53613807-a9b5-411d-b9b5-a4958fee5af0: 33 chunks; 1.6 s; peak memory 1233 MiB.
2026-10-07T18:17:31Z INFO [481/500] 5361ae55-6ca5-4390-97cf-3bb47b0066a8: 825 chunks; 12.0 s; peak memory 1233 MiB.
2026-10-07T18:20:17Z INFO [482/500] 5361eeaa-56e6-41a8-9d4b-979cd895c754: 40652 chunks; 165.9 s; peak memory 1233 MiB.
2026-10-07T18:20:19Z INFO [483/500] 5362da99-8004-42f1-a5b4-0ae2f4416015: 48 chunks; 1.3 s; peak memory 1233 MiB.
2026-10-07T18:20:21Z INFO [484/500] 53634aec-0c70-4c42-bea0-00834b53459c: 112 chunks; 2.0 s; peak memory 1233 MiB.
2026-10-07T18:20:24Z INFO [485/500] 5364402a-af00-4b3b-b71b-ad45a5b6da4f: 116 chunks; 3.2 s; peak memory 1233 MiB.
2026-10-07T18:20:26Z INFO [486/500] 53644ed2-f22c-430b-9ffb-5383cecd769d: 117 chunks; 1.7 s; peak memory 1233 MiB.
2026-10-07T18:20:27Z INFO [487/500] 5364713e-9be4-42cf-a411-6280b46123b1: 117 chunks; 1.6 s; peak memory 1233 MiB.
2026-10-07T18:20:29Z INFO [488/500] 536596ce-277f-42cb-8fa7-d8c0a42cbdff: 106 chunks; 2.0 s; peak memory 1233 MiB.
2026-10-07T18:20:31Z INFO [489/500] 5366426a-cbe1-4cd1-ab79-73352add6218: 48 chunks; 1.4 s; peak memory 1233 MiB.
2026-10-07T18:20:36Z INFO [490/500] 53668cb7-4963-4a0a-a288-c61b74dc0ba4: 468 chunks; 5.8 s; peak memory 1233 MiB.
2026-10-07T18:20:43Z INFO [491/500] 5366ea50-2b81-4bff-a725-29bdde9cd736: 14363 chunks; 6.4 s; peak memory 1233 MiB.
2026-10-07T18:20:58Z INFO [492/500] 53673c39-5753-420d-ad1a-b2034f28752a: 3196 chunks; 14.8 s; peak memory 1233 MiB.
2026-10-07T18:20:59Z INFO [493/500] 53683104-049a-4870-b88e-3ee296dffe9b: 69 chunks; 1.9 s; peak memory 1233 MiB.
2026-10-07T18:21:01Z INFO [494/500] 53699b87-2bf5-47e0-8dda-1eaea9018fee: 59 chunks; 1.2 s; peak memory 1233 MiB.
2026-10-07T18:21:18Z INFO [495/500] 536b0f74-0380-43dc-94a0-28669c2fbf88: 1583 chunks; 17.5 s; peak memory 1233 MiB.
2026-10-07T18:21:20Z INFO [496/500] 536b3ee1-ebe0-427e-a108-b3d23797a115: 62 chunks; 1.9 s; peak memory 1233 MiB.
2026-10-07T18:21:21Z INFO [497/500] 536b5832-5685-4750-a6b0-5b6a1c076aa5: 67 chunks; 1.4 s; peak memory 1233 MiB.
2026-10-07T18:21:38Z INFO [498/500] 536d0416-4857-4e6a-9b85-5fae84c6785e: 25305 chunks; 16.5 s; peak memory 1233 MiB.
2026-10-07T18:21:40Z INFO [499/500] 536d610f-7b8f-4625-93c8-b38614b6ad8a: 112 chunks; 1.7 s; peak memory 1233 MiB.
2026-10-07T18:21:41Z INFO [500/500] 536d9a7e-2125-49f7-b322-8489c41bee43: 112 chunks; 1.9 s; peak memory 1233 MiB.
2026-10-07T18:21:42Z INFO [500/500] 536d9a7e-2125-49f7-b322-8489c41bee43: checkpointed 87334 records.
2026-10-07T18:21:42Z INFO Wrote 87334 records to /tmp/derivatives/valid_nwb_file_to_chunk_stats.jsonl (500 new, 0 failed) in 124.8 min (peak memory 1233 MiB).
