2026-10-07T00:40:31Z INFO Logging to /tmp/logs/update_2026-10-07T00-40-31Z.log.
2026-10-07T00:40:31Z INFO Update valid-nwb-file-to-chunk-stats (base directory /tmp).
2026-10-07T00:40:32Z INFO Processing 500 items (83334 already recorded).
2026-10-07T00:40:35Z INFO [1/500] 4b8e2063-3b6b-4187-ae06-2bee304f7541: 150 chunks; 3.4 s; peak memory 179 MiB.
2026-10-07T00:40:50Z INFO [2/500] 4b8fa507-0209-40b6-967a-8a94832b6a67: 1042 chunks; 15.0 s; peak memory 192 MiB.
2026-10-07T00:40:52Z INFO [3/500] 4b8fbb6d-f079-4c8c-9a50-7fb53c0692ea: 153 chunks; 1.9 s; peak memory 193 MiB.
2026-10-07T00:40:55Z INFO [4/500] 4b90454d-78c8-4125-a2c1-ea7ae480c3fd: 138 chunks; 3.4 s; peak memory 193 MiB.
2026-10-07T00:40:57Z INFO [5/500] 4b923da9-4aa3-4ea5-be85-0e49cab4f4ae: 48 chunks; 1.4 s; peak memory 193 MiB.
2026-10-07T00:40:59Z INFO [6/500] 4b93732b-965c-4b0a-8c0e-01684df79fee: 71 chunks; 2.8 s; peak memory 193 MiB.
2026-10-07T00:41:07Z INFO [7/500] 4b9468dd-c1ea-4be5-a4c2-249cc45fdda4: 2919 chunks; 7.6 s; peak memory 195 MiB.
2026-10-07T00:41:08Z INFO [8/500] 4b9626b4-bc02-4f2d-8720-7c45a8d1b7b9: 52 chunks; 1.2 s; peak memory 195 MiB.
2026-10-07T00:41:10Z INFO [9/500] 4b9695fe-7ee8-4344-a58a-f9d1d3ff21a0: 111 chunks; 1.8 s; peak memory 195 MiB.
2026-10-07T00:41:12Z INFO [10/500] 4b96bd1e-c0c0-443f-a871-aaf08e65bc5c: 71 chunks; 2.3 s; peak memory 196 MiB.
2026-10-07T00:41:20Z INFO [11/500] 4b979f1f-72a2-4513-8940-447c671da600: 2923 chunks; 8.2 s; peak memory 196 MiB.
2026-10-07T00:41:29Z INFO [12/500] 4b97f275-db60-46f5-8064-6d4a1fec4054: 2923 chunks; 8.3 s; peak memory 197 MiB.
2026-10-07T00:41:31Z INFO [13/500] 4b985324-968c-4cee-8dd5-9bbf2d448169: 66 chunks; 2.2 s; peak memory 197 MiB.
2026-10-07T00:41:32Z INFO [14/500] 4b98b35b-6c63-4da4-bbeb-2d3e279c9d1c: 46 chunks; 1.2 s; peak memory 197 MiB.
2026-10-07T00:41:35Z INFO [15/500] 4b98b720-696d-43d5-879a-7c2eb6fdd881: 997 chunks; 3.1 s; peak memory 198 MiB.
2026-10-07T00:41:44Z INFO [16/500] 4b995d60-e583-4f19-9b25-ac3fc965e1c7: 12416 chunks; 8.7 s; peak memory 211 MiB.
2026-10-07T00:41:45Z INFO [17/500] 4b99f50b-4c34-4b4a-803f-0d80e9b18c07: 48 chunks; 1.4 s; peak memory 211 MiB.
2026-10-07T00:41:47Z INFO [18/500] 4b9a102a-15e7-407d-92e4-d202b21325c7: 112 chunks; 2.1 s; peak memory 211 MiB.
2026-10-07T00:41:49Z INFO [19/500] 4b9ab864-c2a5-4b0d-b4f0-bd43fdd1b603: 48 chunks; 1.4 s; peak memory 211 MiB.
2026-10-07T00:41:50Z INFO [20/500] 4b9ad317-a33e-4ef5-8225-f36bc9ae722f: 115 chunks; 1.4 s; peak memory 211 MiB.
2026-10-07T00:42:03Z INFO [21/500] 4b9b47bf-d7ae-48c4-b010-76b263dcfd1b: 20583 chunks; 12.8 s; peak memory 213 MiB.
2026-10-07T00:42:04Z INFO [22/500] 4b9b9443-cbe4-41bc-b377-e58b9ad0d995: 46 chunks; 1.0 s; peak memory 213 MiB.
2026-10-07T00:42:08Z INFO [23/500] 4b9c07eb-2fa0-4a15-b513-86970f6edde8: 156 chunks; 4.2 s; peak memory 213 MiB.
2026-10-07T00:42:10Z INFO [24/500] 4b9c48fc-41f7-456f-9bed-e944fb3c97ba: 62 chunks; 1.9 s; peak memory 214 MiB.
2026-10-07T00:42:12Z INFO [25/500] 4b9cf41e-aabc-42d4-9a85-243cfe188a87: 46 chunks; 1.3 s; peak memory 214 MiB.
2026-10-07T00:42:31Z INFO [26/500] 4b9d3870-f5bc-4427-a0bb-683df8321f6c: 32865 chunks; 19.5 s; peak memory 237 MiB.
2026-10-07T00:42:34Z INFO [27/500] 4b9d7c2b-1057-443f-9d1d-16a037c8093e: 118 chunks; 2.9 s; peak memory 237 MiB.
2026-10-07T00:42:35Z INFO [28/500] 4b9d94d1-bb75-4615-8bfe-1b1a3fcf181d: 48 chunks; 1.4 s; peak memory 237 MiB.
2026-10-07T00:42:47Z INFO [29/500] 4b9e3350-70c6-40da-8993-2e8c01026030: 17177 chunks; 11.3 s; peak memory 237 MiB.
2026-10-07T00:42:48Z INFO [30/500] 4b9e3e11-737a-4c14-9ed0-4936937a5ea1: 112 chunks; 1.7 s; peak memory 237 MiB.
2026-10-07T00:43:05Z INFO [31/500] 4b9e4311-ab03-44cc-8cf5-c48ae1af5678: 2700 chunks; 16.4 s; peak memory 238 MiB.
2026-10-07T00:43:08Z INFO [32/500] 4b9f9b99-d69f-4d35-af07-d0172702d2dc: 378 chunks; 3.6 s; peak memory 238 MiB.
2026-10-07T00:43:10Z INFO [33/500] 4b9fca0e-d56d-4655-9829-ab7c9bfb4506: 48 chunks; 1.4 s; peak memory 238 MiB.
2026-10-07T00:43:13Z INFO [34/500] 4b9ff4dd-5615-4463-bf6c-ccd342ae1af8: 71 chunks; 3.1 s; peak memory 238 MiB.
2026-10-07T00:43:23Z INFO [35/500] 4ba1a897-4e90-44ab-858c-596b97278f6f: 4133 chunks; 10.5 s; peak memory 238 MiB.
2026-10-07T00:43:31Z INFO [36/500] 4ba2355e-6644-4289-a5c9-6f8486369f13: 7444 chunks; 7.3 s; peak memory 238 MiB.
2026-10-07T00:43:43Z INFO [37/500] 4ba577ee-c6ce-497d-bbaf-1290dea0f2f6: 6539 chunks; 12.3 s; peak memory 239 MiB.
2026-10-07T00:43:45Z INFO [38/500] 4ba632f8-d11b-491e-826b-240da1cc29ec: 117 chunks; 1.8 s; peak memory 239 MiB.
2026-10-07T00:43:46Z INFO [39/500] 4ba64c36-d8aa-4502-9481-3b102fa19615: 48 chunks; 1.5 s; peak memory 239 MiB.
2026-10-07T00:44:01Z INFO [40/500] 4ba6f165-f73c-425c-8f34-3874e21589a6: 19657 chunks; 15.0 s; peak memory 239 MiB.
2026-10-07T00:44:03Z INFO [41/500] 4ba728c3-160c-46eb-93fb-a74feb0ae9b4: 52 chunks; 1.9 s; peak memory 239 MiB.
2026-10-07T00:44:05Z INFO [42/500] 4ba72d40-6318-4852-84cf-9c06f4434b0b: 66 chunks; 1.9 s; peak memory 239 MiB.
2026-10-07T00:44:07Z INFO [43/500] 4ba7edeb-de01-4b29-b9f8-4e0bc750e269: 48 chunks; 1.6 s; peak memory 239 MiB.
2026-10-07T00:44:09Z INFO [44/500] 4ba7efbe-5e15-48db-8577-4a29b2293ed7: 117 chunks; 2.0 s; peak memory 239 MiB.
2026-10-07T00:44:11Z INFO [45/500] 4ba801f9-ec6e-4b61-a04d-dabc5894265a: 117 chunks; 1.7 s; peak memory 239 MiB.
2026-10-07T00:44:12Z INFO [46/500] 4ba836b5-39be-4d2a-afe8-eb90822b0fbc: 117 chunks; 1.5 s; peak memory 239 MiB.
2026-10-07T00:44:13Z INFO [47/500] 4ba83c0f-7eaf-4dd9-9287-fbf3020fb2bb: 41 chunks; 1.4 s; peak memory 239 MiB.
2026-10-07T00:44:16Z INFO [48/500] 4ba8a44e-37ef-4bc2-9534-ee60f442b124: 76 chunks; 2.6 s; peak memory 239 MiB.
2026-10-07T00:44:18Z INFO [49/500] 4ba91e9c-a84d-4cf2-91ec-bfc31736ff38: 43 chunks; 1.6 s; peak memory 239 MiB.
2026-10-07T00:44:20Z INFO [50/500] 4ba94771-29ab-4413-8ce2-6cf348dc17c5: 71 chunks; 2.3 s; peak memory 239 MiB.
2026-10-07T00:44:20Z INFO [50/500] 4ba94771-29ab-4413-8ce2-6cf348dc17c5: checkpointed 83384 records.
2026-10-07T00:44:22Z INFO [51/500] 4ba94c64-25de-4c54-ae10-4e9fe1e0273a: 42 chunks; 1.5 s; peak memory 239 MiB.
2026-10-07T00:44:23Z INFO [52/500] 4ba967aa-2fbd-4b4b-bd5a-cfcecec4b43a: 55 chunks; 1.3 s; peak memory 240 MiB.
2026-10-07T00:44:27Z INFO [53/500] 4ba9cb5a-97ff-4307-8407-126b8c32a32a: 418 chunks; 3.9 s; peak memory 240 MiB.
2026-10-07T00:44:28Z INFO [54/500] 4bab271a-07a1-44d9-8f3f-549d11ed21e4: 51 chunks; 1.1 s; peak memory 240 MiB.
2026-10-07T00:47:23Z INFO [55/500] 4babaa19-8af5-4b9b-830e-c407cb5be5ca: 40620 chunks; 175.4 s; peak memory 353 MiB.
2026-10-07T00:47:25Z INFO [56/500] 4babb921-8939-4bd8-bcf2-bac0d814f2d3: 117 chunks; 1.8 s; peak memory 353 MiB.
2026-10-07T00:47:32Z INFO [57/500] 4bac6914-b4dc-4dac-ba9d-3e3f5aba989b: 356 chunks; 7.0 s; peak memory 353 MiB.
2026-10-07T00:47:34Z INFO [58/500] 4baf6c9d-979a-4029-adbb-41ac156e0395: 112 chunks; 1.9 s; peak memory 353 MiB.
2026-10-07T00:47:43Z INFO [59/500] 4baffe42-9b47-42d1-b7ec-e35ac98c139e: 258 chunks; 8.4 s; peak memory 353 MiB.
2026-10-07T00:47:44Z INFO [60/500] 4bb09c8e-730a-41af-81f2-a54545c2f7b8: 67 chunks; 1.9 s; peak memory 353 MiB.
2026-10-07T00:47:47Z INFO [61/500] 4bb0f117-2ea9-4d24-bdd3-7012f9b29b3d: 112 chunks; 2.5 s; peak memory 353 MiB.
2026-10-07T00:47:48Z INFO [62/500] 4bb10829-f6e9-4120-9863-ca97dcc6bf44: 48 chunks; 1.5 s; peak memory 353 MiB.
2026-10-07T00:47:50Z INFO [63/500] 4bb12315-c245-44c7-9821-bd884ac6707e: 117 chunks; 1.6 s; peak memory 353 MiB.
2026-10-07T00:47:52Z INFO [64/500] 4bb1bde2-7c1d-4c14-93dd-aaf6f216e282: 48 chunks; 1.5 s; peak memory 353 MiB.
2026-10-07T00:47:56Z INFO [65/500] 4bb32538-1684-4ef3-9221-4a85f245d1bf: 85 chunks; 4.0 s; peak memory 353 MiB.
2026-10-07T00:50:40Z INFO [66/500] 4bb5b30e-2417-4a82-95cd-d4aebeaa0b49: 40396 chunks; 164.7 s; peak memory 353 MiB.
2026-10-07T00:53:10Z INFO [67/500] 4bb5db2f-3751-47e2-b77d-c84a4846a3a0: 45877 chunks; 149.5 s; peak memory 368 MiB.
2026-10-07T00:53:11Z INFO [68/500] 4bb63c48-ea81-4b3d-b232-68cadf07c27d: 46 chunks; 1.1 s; peak memory 368 MiB.
2026-10-07T00:53:13Z INFO [69/500] 4bb72e63-33af-42cd-8d66-690ad019853a: 112 chunks; 2.2 s; peak memory 368 MiB.
2026-10-07T00:53:14Z INFO [70/500] 4bb73966-8fe9-45c9-81e7-a7a27a98dae9: 46 chunks; 1.3 s; peak memory 368 MiB.
2026-10-07T00:53:35Z INFO [71/500] 4bb7404b-bd1c-4f68-872d-112e057c27d3: 4616 chunks; 21.0 s; peak memory 368 MiB.
2026-10-07T00:53:37Z INFO [72/500] 4bb75aad-e8bb-4f24-88bf-ce3d0b6297cc: 84 chunks; 1.8 s; peak memory 368 MiB.
2026-10-07T00:53:40Z INFO [73/500] 4bb8307e-d3de-4b2f-b80d-a96c54dacf5a: 71 chunks; 2.5 s; peak memory 368 MiB.
2026-10-07T00:53:41Z INFO [74/500] 4bb87237-1ba0-4c69-ac38-0d755efff567: 48 chunks; 1.4 s; peak memory 368 MiB.
2026-10-07T00:53:44Z INFO [75/500] 4bb92a63-9a9b-4ab7-9345-a2ea07ffbc96: 71 chunks; 2.9 s; peak memory 368 MiB.
2026-10-07T00:53:46Z INFO [76/500] 4bba847c-bc4c-4140-ab6f-ede206740ebf: 65 chunks; 2.1 s; peak memory 368 MiB.
2026-10-07T00:53:48Z INFO [77/500] 4bbad0e8-8eb7-4259-b459-4ee6653b0909: 112 chunks; 1.8 s; peak memory 368 MiB.
2026-10-07T00:53:50Z INFO [78/500] 4bbad7f5-8cd5-4664-9b38-b5a86e86dbff: 117 chunks; 1.7 s; peak memory 368 MiB.
2026-10-07T00:53:51Z INFO [79/500] 4bbb6400-23bc-4750-ba84-d8de5875d7be: 117 chunks; 1.7 s; peak memory 368 MiB.
2026-10-07T00:53:53Z INFO [80/500] 4bbb895c-dce0-4544-8a1d-b454395a6a90: 45 chunks; 1.1 s; peak memory 368 MiB.
2026-10-07T00:53:54Z INFO [81/500] 4bbb9264-9e89-4871-8e1b-41f06217ef9d: 48 chunks; 1.4 s; peak memory 368 MiB.
2026-10-07T00:53:56Z INFO [82/500] 4bbc08b5-17f7-45a0-99e6-15b174a3e15f: 118 chunks; 1.8 s; peak memory 368 MiB.
2026-10-07T00:53:57Z INFO [83/500] 4bbc959f-436e-4cba-abe7-65f40db7078e: 116 chunks; 1.7 s; peak memory 368 MiB.
2026-10-07T00:54:18Z INFO [84/500] 4bbce1ac-1a91-4cf0-b1b3-1eedb58219c8: 432 chunks; 21.0 s; peak memory 368 MiB.
2026-10-07T00:54:20Z INFO [85/500] 4bbd0d02-7a99-4049-afdb-a2384d594c3c: 48 chunks; 1.5 s; peak memory 368 MiB.
2026-10-07T00:54:24Z INFO [86/500] 4bbd86cd-a56e-4be1-8ce2-c1484a33a95a: 156 chunks; 4.5 s; peak memory 368 MiB.
2026-10-07T00:54:26Z INFO [87/500] 4bbda70d-6c51-4818-9393-cf7f056ec5b4: 117 chunks; 1.6 s; peak memory 368 MiB.
2026-10-07T00:54:28Z INFO [88/500] 4bbf4fae-4a81-4ea4-8515-4e7d7ede3b73: 48 chunks; 1.6 s; peak memory 368 MiB.
2026-10-07T00:54:29Z INFO [89/500] 4bbf83c4-10f4-4d4f-9f00-5eb540384d1a: 116 chunks; 1.7 s; peak memory 368 MiB.
2026-10-07T00:54:33Z INFO [90/500] 4bc04951-6260-4dd8-8b58-9dd6dd897858: 114 chunks; 3.7 s; peak memory 368 MiB.
2026-10-07T00:54:35Z INFO [91/500] 4bc0e8f4-d5b9-4f9c-8e13-42d7bd326753: 48 chunks; 1.6 s; peak memory 368 MiB.
2026-10-07T00:54:49Z INFO [92/500] 4bc0ebbb-c6b0-4a10-bc5f-c88fa69d3532: 20582 chunks; 13.9 s; peak memory 368 MiB.
2026-10-07T00:54:50Z INFO [93/500] 4bc11a73-2f70-4717-a264-e24f9cae6c4b: 63 chunks; 1.3 s; peak memory 368 MiB.
2026-10-07T00:54:51Z INFO [94/500] 4bc15e74-bdeb-4b16-b57d-12870f1673ee: 118 chunks; 1.6 s; peak memory 368 MiB.
2026-10-07T00:54:54Z INFO [95/500] 4bc1af55-4bbe-4e6f-8798-3b97475bd979: 71 chunks; 2.5 s; peak memory 368 MiB.
2026-10-07T00:54:55Z INFO [96/500] 4bc2daf5-8703-4676-ae7c-d6e9346afd94: 48 chunks; 1.5 s; peak memory 368 MiB.
2026-10-07T00:55:09Z INFO [97/500] 4bc321bf-8063-4ab2-b60d-1c362b4e8bbe: 13923 chunks; 13.4 s; peak memory 368 MiB.
2026-10-07T00:55:11Z INFO [98/500] 4bc3fe8d-b16c-46ae-b7c4-d61334495c33: 49 chunks; 1.8 s; peak memory 368 MiB.
2026-10-07T00:55:13Z INFO [99/500] 4bc510ec-56f2-445f-96a9-91eac5a196a0: 112 chunks; 2.2 s; peak memory 368 MiB.
2026-10-07T00:55:18Z INFO [100/500] 4bc5e725-80f5-4bfd-b97b-374ce8e2d26a: 494 chunks; 5.1 s; peak memory 368 MiB.
2026-10-07T00:55:18Z INFO [100/500] 4bc5e725-80f5-4bfd-b97b-374ce8e2d26a: checkpointed 83434 records.
2026-10-07T00:55:20Z INFO [101/500] 4bc6ad07-af8a-4836-9762-5ce87aa35c83: 81 chunks; 1.5 s; peak memory 368 MiB.
2026-10-07T00:55:22Z INFO [102/500] 4bc74c90-db08-4c97-8bd4-e9a87e5d4c44: 71 chunks; 2.5 s; peak memory 368 MiB.
2026-10-07T00:55:24Z INFO [103/500] 4bc891ec-6541-4069-bb33-ef9720117d06: 48 chunks; 1.5 s; peak memory 368 MiB.
2026-10-07T00:55:31Z INFO [104/500] 4bc8a214-361d-4133-a929-c90a645b3b7b: 2016 chunks; 7.6 s; peak memory 368 MiB.
2026-10-07T00:55:33Z INFO [105/500] 4bc8bc82-5be8-4216-936e-f4d7930591d8: 79 chunks; 1.7 s; peak memory 368 MiB.
2026-10-07T00:55:45Z INFO [106/500] 4bc8f960-6678-4457-948f-373559677cb8: 6348 chunks; 12.3 s; peak memory 368 MiB.
2026-10-07T00:55:47Z INFO [107/500] 4bc8fc4e-724d-483e-a4c7-71f8d8312385: 46 chunks; 1.1 s; peak memory 368 MiB.
2026-10-07T00:55:50Z INFO [108/500] 4bc90942-4831-4bf3-a904-3cfad3d67d7a: 126 chunks; 3.1 s; peak memory 368 MiB.
2026-10-07T00:56:05Z INFO [109/500] 4bc920e4-6013-4e49-acf8-60dda660c7c5: 10945 chunks; 15.5 s; peak memory 368 MiB.
2026-10-07T00:56:14Z INFO [110/500] 4bc989dd-c7e3-46e8-b53e-14b8b4604d04: 7852 chunks; 8.8 s; peak memory 368 MiB.
2026-10-07T00:56:16Z INFO [111/500] 4bc9bc13-a0b6-46f4-a09a-853254136f81: 448 chunks; 1.6 s; peak memory 368 MiB.
2026-10-07T00:56:18Z INFO [112/500] 4bca1462-7d9f-4a2a-a597-f92002afb150: 112 chunks; 2.0 s; peak memory 368 MiB.
2026-10-07T00:56:32Z INFO [113/500] 4bcb7d3d-d0fc-41c1-b9d2-5a926648059c: 20916 chunks; 14.9 s; peak memory 368 MiB.
2026-10-07T00:56:34Z INFO [114/500] 4bcc03f6-c98c-4d10-a687-2d40e90d0570: 117 chunks; 2.0 s; peak memory 368 MiB.
2026-10-07T00:56:36Z INFO [115/500] 4bcc04ee-bb4d-4748-bd28-3be296615c85: 48 chunks; 1.4 s; peak memory 368 MiB.
2026-10-07T00:56:37Z INFO [116/500] 4bcc0a50-a3de-4854-b6d7-b639f5ec9044: 42 chunks; 1.5 s; peak memory 368 MiB.
2026-10-07T00:56:49Z INFO [117/500] 4bcc1f05-5584-4f5c-bf7f-4e317290ad40: 1053 chunks; 12.0 s; peak memory 368 MiB.
2026-10-07T00:56:50Z INFO [118/500] 4bcc4c07-6f9b-419f-af8c-0fa2d66710a9: 55 chunks; 1.2 s; peak memory 368 MiB.
2026-10-07T00:56:54Z INFO [119/500] 4bccc5c8-0514-4dfb-88e8-41eca0bd5697: 115 chunks; 3.5 s; peak memory 368 MiB.
2026-10-07T00:56:56Z INFO [120/500] 4bcdfb73-5c6f-4bf7-ac6d-aa8700903590: 112 chunks; 2.1 s; peak memory 368 MiB.
2026-10-07T00:56:58Z INFO [121/500] 4bd02c1f-7067-472b-9fca-490f444c9649: 50 chunks; 1.7 s; peak memory 368 MiB.
2026-10-07T00:57:00Z INFO [122/500] 4bd0c26d-9932-4ae5-96cd-132fe916a4bc: 550 chunks; 1.9 s; peak memory 368 MiB.
2026-10-07T00:57:10Z INFO [123/500] 4bd385fc-febf-45dc-8b29-3326e0ec478c: 9529 chunks; 10.0 s; peak memory 368 MiB.
2026-10-07T00:57:30Z INFO [124/500] 4bd44b7b-c705-4cfc-8ee3-1255ccd3a864: 413 chunks; 20.3 s; peak memory 368 MiB.
2026-10-07T00:57:31Z INFO [125/500] 4bd4892f-8b25-4e93-adae-ff9d4878a557: 48 chunks; 1.3 s; peak memory 368 MiB.
2026-10-07T00:57:34Z INFO [126/500] 4bd4f941-f36f-45db-a778-756bdf26013b: 119 chunks; 3.0 s; peak memory 368 MiB.
2026-10-07T00:57:35Z INFO [127/500] 4bd5bd23-60e5-4272-afbe-2488cf439cb2: 56 chunks; 1.1 s; peak memory 368 MiB.
2026-10-07T00:57:36Z INFO [128/500] 4bd66b16-2a1c-4509-b0d9-7fae93762d46: 45 chunks; 1.1 s; peak memory 368 MiB.
2026-10-07T00:57:43Z INFO [129/500] 4bd686ff-898a-4df3-bd6d-2714b623041b: 2923 chunks; 7.0 s; peak memory 368 MiB.
2026-10-07T00:57:45Z INFO [130/500] 4bd76101-4e6f-40a3-9cac-eb53155081d0: 48 chunks; 1.4 s; peak memory 368 MiB.
2026-10-07T00:57:47Z INFO [131/500] 4bd7c800-3f1f-42cb-8f8a-36f4e1eb2cbd: 71 chunks; 1.9 s; peak memory 368 MiB.
2026-10-07T00:57:48Z INFO [132/500] 4bd92036-c56c-4e1c-a165-d45cf0068220: 117 chunks; 1.7 s; peak memory 368 MiB.
2026-10-07T00:57:51Z INFO [133/500] 4bda379e-22ce-4321-8298-85696d24c8b8: 69 chunks; 2.4 s; peak memory 368 MiB.
2026-10-07T00:57:52Z INFO [134/500] 4bda42c2-c103-44b8-a5e3-5780246fd08e: 46 chunks; 1.3 s; peak memory 368 MiB.
2026-10-07T00:57:54Z INFO [135/500] 4bdaa865-7c72-4447-8c9c-ff228fa4f1fa: 48 chunks; 1.5 s; peak memory 368 MiB.
2026-10-07T00:57:55Z INFO [136/500] 4bdb6222-83c3-4c7f-9df4-55876d0936d3: 48 chunks; 1.4 s; peak memory 368 MiB.
2026-10-07T00:57:57Z INFO [137/500] 4bdb87fe-eba5-4f8a-884a-3a4941f31d50: 117 chunks; 1.8 s; peak memory 368 MiB.
2026-10-07T00:57:59Z INFO [138/500] 4bdc01e1-b319-444e-b62e-fe7a4f66e684: 71 chunks; 2.1 s; peak memory 368 MiB.
2026-10-07T00:58:00Z INFO [139/500] 4bdd0ac7-3229-47bf-ae48-5f6dd477bb58: 117 chunks; 1.7 s; peak memory 368 MiB.
2026-10-07T00:58:03Z INFO [140/500] 4bdd16db-bc13-4f42-a998-596b3c2fb454: 66 chunks; 2.8 s; peak memory 368 MiB.
2026-10-07T00:58:05Z INFO [141/500] 4bdd4dac-05be-436d-bed8-80564a4e5605: 48 chunks; 1.5 s; peak memory 368 MiB.
2026-10-07T00:58:07Z INFO [142/500] 4bddeec0-0f53-463a-a633-610f8b881204: 110 chunks; 2.2 s; peak memory 368 MiB.
2026-10-07T00:58:09Z INFO [143/500] 4bdec71b-431a-4662-a444-6e041c31e431: 117 chunks; 1.8 s; peak memory 368 MiB.
2026-10-07T00:58:11Z INFO [144/500] 4bdf1bed-6ba4-4e5f-ba83-dce7f9d0085c: 118 chunks; 1.7 s; peak memory 368 MiB.
2026-10-07T00:58:13Z INFO [145/500] 4bdf8d29-d054-4f10-a1b8-752c7d87f15b: 71 chunks; 2.4 s; peak memory 368 MiB.
2026-10-07T00:58:20Z INFO [146/500] 4be0666a-f11a-4087-a90b-e75a4fc7ef6f: 238 chunks; 7.2 s; peak memory 368 MiB.
2026-10-07T00:58:22Z INFO [147/500] 4be0acf6-ee36-412a-aedd-47c94bb9ebbb: 118 chunks; 1.8 s; peak memory 368 MiB.
2026-10-07T00:58:24Z INFO [148/500] 4be0e11d-f8a3-44e3-afa4-2ab1b1c691e7: 117 chunks; 1.8 s; peak memory 368 MiB.
2026-10-07T00:58:27Z INFO [149/500] 4be1d912-74bd-4bf5-b739-3b02fee8137f: 71 chunks; 2.8 s; peak memory 368 MiB.
2026-10-07T00:58:28Z INFO [150/500] 4be25784-a657-44f0-a14d-57299f2fa82a: 117 chunks; 1.8 s; peak memory 368 MiB.
2026-10-07T00:58:29Z INFO [150/500] 4be25784-a657-44f0-a14d-57299f2fa82a: checkpointed 83484 records.
2026-10-07T00:58:31Z INFO [151/500] 4be2e6f0-1466-444b-8da6-6bb6fe6ccb6e: 71 chunks; 2.9 s; peak memory 368 MiB.
2026-10-07T00:58:33Z INFO [152/500] 4be2fa9d-f812-44a0-b2cc-3180b6b790cf: 275 chunks; 2.0 s; peak memory 368 MiB.
2026-10-07T00:58:36Z INFO [153/500] 4be3bc62-ffc8-48f1-9dbc-2e22a16b17bd: 112 chunks; 2.1 s; peak memory 368 MiB.
2026-10-07T00:58:37Z INFO [154/500] 4be49c0d-26a9-4bb0-8176-473e8ce0d163: 55 chunks; 1.2 s; peak memory 368 MiB.
2026-10-07T00:58:39Z INFO [155/500] 4be4c9e4-0ec1-4fbd-8e2a-1ba3ceb54362: 69 chunks; 2.4 s; peak memory 368 MiB.
2026-10-07T00:58:41Z INFO [156/500] 4be4e382-a13f-4013-9480-d26d08b2a8de: 112 chunks; 2.0 s; peak memory 368 MiB.
2026-10-07T00:58:42Z INFO [157/500] 4be4e519-120b-423c-95f3-1acab854fe68: 46 chunks; 1.2 s; peak memory 368 MiB.
2026-10-07T00:58:46Z INFO [158/500] 4be56574-dbf1-48ee-afff-76efce79c86c: 1061 chunks; 3.2 s; peak memory 368 MiB.
2026-10-07T00:58:52Z INFO [159/500] 4be66afd-4b3b-4989-8748-1e20c5852271: 8230 chunks; 6.9 s; peak memory 368 MiB.
2026-10-07T00:58:54Z INFO [160/500] 4be6b47b-fd9a-4aa3-b62d-56bc427ca6c2: 48 chunks; 1.4 s; peak memory 368 MiB.
2026-10-07T00:58:56Z INFO [161/500] 4be763c6-7975-4d6c-ba17-42aa9446934e: 112 chunks; 2.1 s; peak memory 368 MiB.
2026-10-07T00:58:58Z INFO [162/500] 4be7bc36-e517-46a0-9972-f4281616549b: 64 chunks; 1.6 s; peak memory 368 MiB.
2026-10-07T00:58:59Z INFO [163/500] 4be907e8-7bd1-42f4-ab22-a7bc945c85d2: 48 chunks; 1.4 s; peak memory 368 MiB.
2026-10-07T00:59:01Z INFO [164/500] 4bea19df-8955-495a-a5d5-43419aa48bc7: 48 chunks; 1.5 s; peak memory 368 MiB.
2026-10-07T00:59:02Z INFO [165/500] 4beb0bdb-6831-437a-a60d-51c30230da40: 46 chunks; 1.1 s; peak memory 368 MiB.
2026-10-07T00:59:27Z INFO [166/500] 4bec5472-8876-4148-aaa6-d8aeaf36d597: 522 chunks; 25.4 s; peak memory 368 MiB.
2026-10-07T00:59:28Z INFO [167/500] 4bec8abf-0c50-4d91-b92f-c7388c64641f: 48 chunks; 1.5 s; peak memory 368 MiB.
2026-10-07T00:59:30Z INFO [168/500] 4becffb9-3781-4762-b6c5-91188bd62934: 112 chunks; 1.7 s; peak memory 368 MiB.
2026-10-07T00:59:32Z INFO [169/500] 4bedb6cb-c680-4b53-a789-e381aa40bd6a: 112 chunks; 2.1 s; peak memory 368 MiB.
2026-10-07T00:59:33Z INFO [170/500] 4bee0509-b01a-4917-92cc-d238fdee5f3e: 46 chunks; 1.1 s; peak memory 368 MiB.
2026-10-07T00:59:35Z INFO [171/500] 4bee979a-8dd3-4f98-a701-c740d777e8bb: 79 chunks; 1.8 s; peak memory 368 MiB.
2026-10-07T00:59:44Z INFO [172/500] 4befc8fb-387e-48ae-8ccc-4560f0be7d6c: 16171 chunks; 9.0 s; peak memory 368 MiB.
2026-10-07T00:59:46Z INFO [173/500] 4bf037e2-f947-4a4f-aada-6ec808db1fa7: 116 chunks; 1.7 s; peak memory 368 MiB.
2026-10-07T00:59:48Z INFO [174/500] 4bf1d0d8-35e3-4436-99ee-55584b95b7f8: 117 chunks; 1.8 s; peak memory 368 MiB.
2026-10-07T01:00:04Z INFO [175/500] 4bf1f007-749b-4bca-83d6-b777ece5251a: 22437 chunks; 16.4 s; peak memory 368 MiB.
2026-10-07T01:00:07Z INFO [176/500] 4bf25038-edbe-45c5-a9cc-08956d3b1167: 66 chunks; 2.5 s; peak memory 368 MiB.
2026-10-07T01:00:08Z INFO [177/500] 4bf2f9ab-ad83-41a9-a81f-e48dd891fe6f: 64 chunks; 1.5 s; peak memory 368 MiB.
2026-10-07T01:00:09Z INFO [178/500] 4bf30f08-2590-491c-ab5a-aed1eb53d699: 44 chunks; 1.2 s; peak memory 368 MiB.
2026-10-07T01:00:11Z INFO [179/500] 4bf34657-ed0e-442b-b2db-cc7f91c6cbeb: 550 chunks; 1.7 s; peak memory 368 MiB.
2026-10-07T01:00:13Z INFO [180/500] 4bf481aa-048a-442f-8b60-afe4a6d38e4a: 112 chunks; 2.3 s; peak memory 368 MiB.
2026-10-07T01:00:15Z INFO [181/500] 4bf58358-037e-437d-a510-056d9d577989: 132 chunks; 1.8 s; peak memory 368 MiB.
2026-10-07T01:00:17Z INFO [182/500] 4bf58b2b-441c-4cb0-a66a-2208549d3310: 112 chunks; 2.2 s; peak memory 368 MiB.
2026-10-07T01:03:03Z INFO [183/500] 4bf598b8-682d-4114-94cd-1f92015a53e5: 37756 chunks; 165.7 s; peak memory 368 MiB.
2026-10-07T01:03:05Z INFO [184/500] 4bf663d2-cec4-4060-9871-dcccf379af2c: 50 chunks; 1.8 s; peak memory 368 MiB.
2026-10-07T01:03:13Z INFO [185/500] 4bf6bfd7-48ce-4221-90a9-7a198a2805e5: 194 chunks; 8.4 s; peak memory 368 MiB.
2026-10-07T01:03:15Z INFO [186/500] 4bf7a286-3b9c-4ae5-9ba8-a86bad010bf6: 109 chunks; 1.8 s; peak memory 368 MiB.
2026-10-07T01:03:17Z INFO [187/500] 4bf7c69f-12d2-48e4-8ab4-d47aeae994bd: 118 chunks; 1.8 s; peak memory 368 MiB.
2026-10-07T01:03:18Z INFO [188/500] 4bf7cfae-7f12-49ac-8bca-4ebfbdc41053: 78 chunks; 1.6 s; peak memory 368 MiB.
2026-10-07T01:03:20Z INFO [189/500] 4bf7e7d3-fd4e-46be-babf-0c1d4d6eb565: 118 chunks; 1.8 s; peak memory 368 MiB.
2026-10-07T01:03:21Z INFO [190/500] 4bf7ed1d-b36f-433f-900f-a9850f2cb032: 56 chunks; 1.2 s; peak memory 368 MiB.
2026-10-07T01:03:23Z INFO [191/500] 4bf841c2-5270-4d10-a6a7-2aa3755e5d09: 116 chunks; 1.7 s; peak memory 368 MiB.
2026-10-07T01:03:29Z INFO [192/500] 4bf85083-987f-4065-bc2a-3ee5d1c8b666: 301 chunks; 5.5 s; peak memory 368 MiB.
2026-10-07T01:03:30Z INFO [193/500] 4bf86222-5d72-4309-9c68-aff97babcde6: 108 chunks; 1.7 s; peak memory 368 MiB.
2026-10-07T01:03:32Z INFO [194/500] 4bf8ba31-fdcf-436d-a26e-dd7b41854de8: 48 chunks; 1.5 s; peak memory 368 MiB.
2026-10-07T01:03:34Z INFO [195/500] 4bf95cd7-c6c3-41db-8488-a42dd425a664: 117 chunks; 1.8 s; peak memory 368 MiB.
2026-10-07T01:03:37Z INFO [196/500] 4bfaa296-995b-4ab0-966e-acaa23963fb8: 119 chunks; 3.3 s; peak memory 368 MiB.
2026-10-07T01:03:40Z INFO [197/500] 4bfad255-11c0-484f-a66d-5c6d02be58a2: 69 chunks; 2.6 s; peak memory 368 MiB.
2026-10-07T01:03:42Z INFO [198/500] 4bfb65cd-7237-4aa1-b23b-6dba6b1128dd: 51 chunks; 2.5 s; peak memory 368 MiB.
2026-10-07T01:03:43Z INFO [199/500] 4bfb8b4b-b567-4775-a9bf-3e6011c2a7ef: 110 chunks; 1.4 s; peak memory 368 MiB.
2026-10-07T01:03:47Z INFO [200/500] 4bfbbef6-7373-4a88-b5d7-6fe11209aa7a: 131 chunks; 3.5 s; peak memory 368 MiB.
2026-10-07T01:03:47Z INFO [200/500] 4bfbbef6-7373-4a88-b5d7-6fe11209aa7a: checkpointed 83534 records.
2026-10-07T01:03:49Z INFO [201/500] 4bfcfdf5-0121-4810-b881-37a9438a781d: 48 chunks; 1.4 s; peak memory 368 MiB.
2026-10-07T01:03:57Z INFO [202/500] 4bfd3066-4ffc-4d58-9c44-04ce8358a1c2: 236 chunks; 8.8 s; peak memory 368 MiB.
2026-10-07T01:04:01Z INFO [203/500] 4bfe60d9-ce12-42bf-b35a-d2cdc137788c: 115 chunks; 3.7 s; peak memory 368 MiB.
2026-10-07T01:04:02Z INFO [204/500] 4bfebf10-197a-444d-924b-3d40a7f7a21b: 37 chunks; 1.1 s; peak memory 368 MiB.
2026-10-07T01:04:03Z INFO [205/500] 4bff0c0f-aae0-4984-84fd-d8933cbce79c: 46 chunks; 1.2 s; peak memory 368 MiB.
2026-10-07T01:04:05Z INFO [206/500] 4bff347a-f93e-453e-821e-7d06ae0fc748: 46 chunks; 1.5 s; peak memory 368 MiB.
2026-10-07T01:04:07Z INFO [207/500] 4c00b38d-a09a-4a48-9ed4-85b5fee10f8c: 112 chunks; 2.0 s; peak memory 368 MiB.
2026-10-07T01:04:12Z INFO [208/500] 4c0103f8-4c5d-4a48-9bc0-85866fea8e41: 184 chunks; 5.3 s; peak memory 368 MiB.
2026-10-07T01:04:17Z INFO [209/500] 4c015ec3-b4bf-4ef2-95ab-543dce02c103: 745 chunks; 5.0 s; peak memory 368 MiB.
2026-10-07T01:04:36Z INFO [210/500] 4c01acf9-6f5c-4ddb-95bd-38e91dd9d8a8: 22483 chunks; 18.6 s; peak memory 368 MiB.
2026-10-07T01:04:37Z INFO [211/500] 4c02c86b-5c88-4554-bd9f-a2825adae690: 65 chunks; 1.6 s; peak memory 368 MiB.
2026-10-07T01:04:48Z INFO [212/500] 4c03060e-acab-4cd6-a7bb-1fdc6e001baa: 5847 chunks; 10.9 s; peak memory 368 MiB.
2026-10-07T01:04:50Z INFO [213/500] 4c04e119-b91b-4dee-8de8-7d4f70f34fab: 116 chunks; 1.7 s; peak memory 368 MiB.
2026-10-07T01:04:52Z INFO [214/500] 4c055b41-49fd-41eb-9d7c-646c493aa2fa: 117 chunks; 1.9 s; peak memory 368 MiB.
2026-10-07T01:04:59Z INFO [215/500] 4c05e543-c0a6-4618-bd0d-ba24a049cf12: 170 chunks; 7.0 s; peak memory 368 MiB.
2026-10-07T01:05:04Z INFO [216/500] 4c072bd0-66cb-4b75-b2bb-1ad979d415a1: 215 chunks; 5.2 s; peak memory 368 MiB.
2026-10-07T01:05:06Z INFO [217/500] 4c0808b3-ce81-47f5-b2dc-5ddaaa5b25d8: 46 chunks; 1.7 s; peak memory 368 MiB.
2026-10-07T01:05:09Z INFO [218/500] 4c087bdc-771b-4b99-91e6-830f96b647e4: 119 chunks; 3.1 s; peak memory 368 MiB.
2026-10-07T01:05:13Z INFO [219/500] 4c089089-2670-44c5-8e76-53ba7d303365: 1597 chunks; 4.0 s; peak memory 368 MiB.
2026-10-07T01:05:15Z INFO [220/500] 4c08e8ac-16c8-4aea-97f8-5ec27d0db45f: 71 chunks; 2.1 s; peak memory 368 MiB.
2026-10-07T01:05:17Z INFO [221/500] 4c09cf72-aeb8-4cb2-8379-ca18aa72e7d1: 117 chunks; 1.5 s; peak memory 368 MiB.
2026-10-07T01:05:18Z INFO [222/500] 4c0a5905-4137-4a65-894c-fc2e947c3042: 56 chunks; 1.2 s; peak memory 368 MiB.
2026-10-07T01:05:20Z INFO [223/500] 4c0ab19b-1877-4ede-b399-bbb0ff92eb5b: 118 chunks; 1.9 s; peak memory 368 MiB.
2026-10-07T01:08:32Z INFO [224/500] 4c0ac304-9f45-47d6-9481-997d38383254: 42676 chunks; 192.3 s; peak memory 368 MiB.
2026-10-07T01:08:41Z INFO [225/500] 4c0acbb6-0338-4a36-94c3-55f5a0ffba44: 258 chunks; 8.9 s; peak memory 368 MiB.
2026-10-07T01:08:43Z INFO [226/500] 4c0b2fc1-efc9-43ca-8b34-907f5f3fbaef: 112 chunks; 2.4 s; peak memory 368 MiB.
2026-10-07T01:08:45Z INFO [227/500] 4c0b5c53-59a5-40f0-b43e-d014e4b7ccee: 46 chunks; 1.3 s; peak memory 368 MiB.
2026-10-07T01:08:55Z INFO [228/500] 4c0ce0f1-3542-4137-a8bd-29ace00b77a8: 17795 chunks; 10.3 s; peak memory 368 MiB.
2026-10-07T01:11:48Z INFO [229/500] 4c0e66c3-7c44-4044-b18b-71e71a70058f: 38055 chunks; 173.2 s; peak memory 368 MiB.
2026-10-07T01:11:57Z INFO [230/500] 4c0ea683-ea41-4401-a0eb-34e7c8a8d4be: 18241 chunks; 9.0 s; peak memory 368 MiB.
2026-10-07T01:11:59Z INFO [231/500] 4c0ec643-5763-4bdc-b6ab-679c891c1514: 95 chunks; 2.2 s; peak memory 368 MiB.
2026-10-07T01:12:00Z INFO [232/500] 4c0f2ee7-d355-4aeb-9676-af077316da4e: 57 chunks; 1.2 s; peak memory 368 MiB.
2026-10-07T01:12:03Z INFO [233/500] 4c0f37cd-bd22-4b05-a273-0917bb69455c: 66 chunks; 2.1 s; peak memory 368 MiB.
2026-10-07T01:14:48Z INFO [234/500] 4c108d88-9689-4872-89eb-57ff5f7fe88e: 42809 chunks; 165.1 s; peak memory 368 MiB.
2026-10-07T01:14:49Z INFO [235/500] 4c10a1e9-b2c2-4cac-9e2d-3453e47a21d1: 112 chunks; 1.9 s; peak memory 368 MiB.
2026-10-07T01:14:52Z INFO [236/500] 4c10eb8f-7901-4851-ae14-892bf5d423f3: 112 chunks; 2.3 s; peak memory 368 MiB.
2026-10-07T01:14:58Z INFO [237/500] 4c1154b4-8673-42b7-aeb4-9f56d026ef6b: 3382 chunks; 6.5 s; peak memory 368 MiB.
2026-10-07T01:15:01Z INFO [238/500] 4c1199f6-ddee-4f39-b9de-a1b0b1b7284e: 71 chunks; 2.9 s; peak memory 368 MiB.
2026-10-07T01:15:03Z INFO [239/500] 4c1228a8-e132-46fb-843e-4c558a20ee48: 42 chunks; 1.8 s; peak memory 368 MiB.
2026-10-07T01:15:05Z INFO [240/500] 4c1253a6-d176-4954-995b-8b08baccdfdd: 52 chunks; 1.6 s; peak memory 368 MiB.
2026-10-07T01:15:24Z INFO [241/500] 4c132e83-db11-4546-828f-2abeb0bff743: 30656 chunks; 19.9 s; peak memory 368 MiB.
2026-10-07T01:15:27Z INFO [242/500] 4c136d7d-8c69-4ddc-aa81-23aaf9def656: 112 chunks; 2.1 s; peak memory 368 MiB.
2026-10-07T01:15:33Z INFO [243/500] 4c13b4d1-2ddd-45ab-afb5-1ebdc83afe0a: 817 chunks; 6.2 s; peak memory 368 MiB.
2026-10-07T01:15:34Z INFO [244/500] 4c148694-77b3-4bd9-8df4-7cf7d18d9ee0: 48 chunks; 1.3 s; peak memory 368 MiB.
2026-10-07T01:15:36Z INFO [245/500] 4c14fed4-cc6e-4e3d-909f-f66fc4b17b69: 117 chunks; 1.8 s; peak memory 368 MiB.
2026-10-07T01:15:38Z INFO [246/500] 4c154ab3-ca23-4cbd-b240-ee1cfe840a0c: 112 chunks; 2.0 s; peak memory 368 MiB.
2026-10-07T01:15:40Z INFO [247/500] 4c157fbc-6b76-4147-b65c-62cff019e060: 117 chunks; 1.8 s; peak memory 368 MiB.
2026-10-07T01:15:41Z INFO [248/500] 4c161707-85ca-40c1-a81a-360e5877f848: 116 chunks; 1.7 s; peak memory 368 MiB.
2026-10-07T01:15:43Z INFO [249/500] 4c171b52-a6a3-4d1b-98de-77ef92fa67f5: 48 chunks; 1.5 s; peak memory 368 MiB.
2026-10-07T01:15:47Z INFO [250/500] 4c173ca0-3ff8-4c2d-9436-8df1de3b6f04: 220 chunks; 4.1 s; peak memory 368 MiB.
2026-10-07T01:15:47Z INFO [250/500] 4c173ca0-3ff8-4c2d-9436-8df1de3b6f04: checkpointed 83584 records.
2026-10-07T01:15:49Z INFO [251/500] 4c18b691-0570-4e43-a07b-bff2b0f681dd: 48 chunks; 1.5 s; peak memory 368 MiB.
2026-10-07T01:15:51Z INFO [252/500] 4c1923c6-3d20-4ac6-8ba6-1dbc7bd91d6a: 112 chunks; 1.9 s; peak memory 368 MiB.
2026-10-07T01:16:04Z INFO [253/500] 4c19e808-f781-4fd7-9d73-d1317f46d98a: 12725 chunks; 13.3 s; peak memory 368 MiB.
2026-10-07T01:16:06Z INFO [254/500] 4c19f487-3a1e-48b3-9fe7-bb3cc4d1f058: 106 chunks; 1.5 s; peak memory 368 MiB.
2026-10-07T01:16:08Z INFO [255/500] 4c1a6365-79c7-4f9b-8eb4-1cef12bf6c78: 66 chunks; 2.4 s; peak memory 368 MiB.
2026-10-07T01:16:09Z INFO [256/500] 4c1a74b9-44d5-4cf6-8818-1c2cbaf618fd: 48 chunks; 1.5 s; peak memory 368 MiB.
2026-10-07T01:16:11Z INFO [257/500] 4c1a91a7-d541-4499-b23c-4a3438134510: 48 chunks; 1.4 s; peak memory 368 MiB.
2026-10-07T01:16:13Z INFO [258/500] 4c1bb75c-0949-49a2-9acc-2e3a456c6bda: 110 chunks; 2.0 s; peak memory 368 MiB.
2026-10-07T01:16:15Z INFO [259/500] 4c1c0520-882a-4c82-8c90-c3d69a4e1bbc: 105 chunks; 2.6 s; peak memory 368 MiB.
2026-10-07T01:16:17Z INFO [260/500] 4c1c15a4-66dc-4dd8-8b90-5041aa88a826: 43 chunks; 1.6 s; peak memory 368 MiB.
2026-10-07T01:16:18Z INFO [261/500] 4c1c9ac2-4e49-48f9-8714-f52a0908f4d4: 48 chunks; 1.5 s; peak memory 368 MiB.
2026-10-07T01:16:20Z INFO [262/500] 4c1d094b-f546-4415-9373-ef3c148fdb38: 117 chunks; 1.7 s; peak memory 368 MiB.
2026-10-07T01:16:22Z INFO [263/500] 4c1d67fd-94c7-4c46-8235-477dae7f54fc: 118 chunks; 2.1 s; peak memory 368 MiB.
2026-10-07T01:16:24Z INFO [264/500] 4c1d87bd-c2b4-4bcd-b647-f9d0af936a7e: 48 chunks; 1.3 s; peak memory 368 MiB.
2026-10-07T01:16:27Z INFO [265/500] 4c1dcc60-b720-4b65-b3d5-19c20efb877c: 119 chunks; 3.4 s; peak memory 368 MiB.
2026-10-07T01:16:28Z INFO [266/500] 4c207f7a-c6ab-4851-9fdd-0cc8f79001f6: 48 chunks; 1.4 s; peak memory 368 MiB.
2026-10-07T01:16:31Z INFO [267/500] 4c20ecc5-f2d0-4ac2-b043-a3493ed7416f: 66 chunks; 2.4 s; peak memory 368 MiB.
2026-10-07T01:16:32Z INFO [268/500] 4c213c0d-1cc1-452c-9d67-86dcc5a581fa: 46 chunks; 1.6 s; peak memory 368 MiB.
2026-10-07T01:16:34Z INFO [269/500] 4c214db1-7c4d-49c4-9033-4b4394e9857a: 46 chunks; 1.1 s; peak memory 368 MiB.
2026-10-07T01:16:35Z INFO [270/500] 4c220a58-7858-435c-ae04-462c5a644446: 48 chunks; 1.3 s; peak memory 368 MiB.
2026-10-07T01:16:36Z INFO [271/500] 4c222f72-ec83-4e70-bc63-422991dbfb79: 46 chunks; 1.0 s; peak memory 368 MiB.
2026-10-07T01:25:52Z INFO [272/500] 4c22b20c-c72c-4269-b7cc-0910fa27b9c6: 131115 chunks; 556.6 s; peak memory 658 MiB.
2026-10-07T01:25:54Z INFO [273/500] 4c22cbbe-af7c-4196-b0d3-4e80b3f187f6: 110 chunks; 1.5 s; peak memory 658 MiB.
2026-10-07T01:26:01Z INFO [274/500] 4c23cf93-4057-4c67-a4ca-9547bf502b07: 516 chunks; 7.5 s; peak memory 658 MiB.
2026-10-07T01:26:04Z INFO [275/500] 4c2406ee-ecd9-4015-bb96-df7eb6ed3895: 66 chunks; 2.9 s; peak memory 658 MiB.
2026-10-07T01:26:06Z INFO [276/500] 4c246d89-215a-4740-a4df-3e370bde7458: 117 chunks; 1.7 s; peak memory 658 MiB.
2026-10-07T01:26:08Z INFO [277/500] 4c24c326-9d38-4be4-8be7-6ae4124df9ba: 117 chunks; 1.9 s; peak memory 658 MiB.
2026-10-07T01:26:11Z INFO [278/500] 4c25241b-19da-4939-ae54-638c5d2ff934: 71 chunks; 2.8 s; peak memory 658 MiB.
2026-10-07T01:26:13Z INFO [279/500] 4c252664-5a90-4758-84cf-bcc4e25ad52e: 106 chunks; 2.7 s; peak memory 658 MiB.
2026-10-07T01:26:15Z INFO [280/500] 4c2539c1-54ef-4b39-b105-4deae8adfdd8: 117 chunks; 1.9 s; peak memory 658 MiB.
2026-10-07T01:26:17Z INFO [281/500] 4c25dd8e-9d78-4ec7-9343-d6c8e3b5c798: 48 chunks; 1.6 s; peak memory 658 MiB.
2026-10-07T01:26:21Z INFO [282/500] 4c2606b7-4356-4fbf-9bdb-363c542913b8: 101 chunks; 3.9 s; peak memory 658 MiB.
2026-10-07T01:26:23Z INFO [283/500] 4c2608ae-021c-42b9-a2cc-01304849e250: 261 chunks; 2.6 s; peak memory 658 MiB.
2026-10-07T01:26:25Z INFO [284/500] 4c268057-ec80-4c5a-97d3-cef6bfde091e: 48 chunks; 1.4 s; peak memory 658 MiB.
2026-10-07T01:26:26Z INFO [285/500] 4c269193-0a96-4838-8de1-cad0e6328cc9: 49 chunks; 1.8 s; peak memory 658 MiB.
2026-10-07T01:27:22Z INFO [286/500] 4c2699b6-aab1-44f0-ba93-78b97798fd08: 7262 chunks; 56.1 s; peak memory 658 MiB.
2026-10-07T01:27:24Z INFO [287/500] 4c26ccf3-330b-445f-a246-935716d937b7: 48 chunks; 1.5 s; peak memory 658 MiB.
2026-10-07T01:27:25Z INFO [288/500] 4c26ec02-b517-4c54-9113-add56a198c37: 46 chunks; 1.5 s; peak memory 658 MiB.
2026-10-07T01:27:35Z INFO [289/500] 4c26f053-7977-4791-b3f6-8a0b780d6d06: 16962 chunks; 9.6 s; peak memory 658 MiB.
2026-10-07T01:27:37Z INFO [290/500] 4c27a2cc-02f7-4ca5-9950-131851045bc4: 67 chunks; 1.8 s; peak memory 658 MiB.
2026-10-07T01:27:55Z INFO [291/500] 4c27b7c8-3524-406a-9e01-0083f5c5d4c4: 46022 chunks; 18.2 s; peak memory 658 MiB.
2026-10-07T01:31:48Z INFO [292/500] 4c27c91b-8053-4b50-b7f9-b3a49a5c4070: 608021 chunks; 232.7 s; peak memory 1218 MiB.
2026-10-07T01:31:51Z INFO [293/500] 4c286b09-d6c5-4dca-aa39-5294a4c3eeb2: 131 chunks; 2.9 s; peak memory 1218 MiB.
2026-10-07T01:31:52Z INFO [294/500] 4c286f52-4f49-453d-b3b5-542a57402124: 46 chunks; 1.1 s; peak memory 1218 MiB.
2026-10-07T01:31:53Z INFO [295/500] 4c28fc06-7f34-4dbd-8c17-2a7a42d8a5d4: 45 chunks; 1.3 s; peak memory 1218 MiB.
2026-10-07T01:31:55Z INFO [296/500] 4c28ff00-0392-4f97-82da-83a078afacfc: 112 chunks; 2.1 s; peak memory 1218 MiB.
2026-10-07T01:31:57Z INFO [297/500] 4c297b75-4fba-4d2d-8f76-11c0473788ee: 68 chunks; 1.7 s; peak memory 1218 MiB.
2026-10-07T01:31:59Z INFO [298/500] 4c2bdf37-9a7d-4a8e-9802-7c0784eb40fa: 118 chunks; 1.9 s; peak memory 1218 MiB.
2026-10-07T01:32:01Z INFO [299/500] 4c2c8207-8a11-47e0-982f-e091cb946cea: 71 chunks; 2.4 s; peak memory 1218 MiB.
2026-10-07T01:32:03Z INFO [300/500] 4c2c85a6-d513-478b-a381-353cd9fc21e2: 84 chunks; 1.8 s; peak memory 1218 MiB.
2026-10-07T01:32:03Z INFO [300/500] 4c2c85a6-d513-478b-a381-353cd9fc21e2: checkpointed 83634 records.
2026-10-07T01:32:05Z INFO [301/500] 4c2cbf90-9036-4911-9017-33e07f0cad35: 549 chunks; 2.3 s; peak memory 1218 MiB.
2026-10-07T01:32:07Z INFO [302/500] 4c2ccf7a-b4dd-4f97-a8a0-862051ea8983: 43 chunks; 1.6 s; peak memory 1218 MiB.
2026-10-07T01:32:17Z INFO [303/500] 4c2db448-efbe-4ce0-b1b1-8bd728f4b7ea: 27755 chunks; 9.6 s; peak memory 1218 MiB.
2026-10-07T01:37:22Z INFO [304/500] 4c2e006c-2f60-421a-b580-404e3716b8f5: 75243 chunks; 305.5 s; peak memory 1218 MiB.
2026-10-07T01:37:36Z INFO [305/500] 4c2f548f-593d-493d-879b-c0de8fe66f67: 1042 chunks; 13.8 s; peak memory 1218 MiB.
2026-10-07T01:37:39Z INFO [306/500] 4c2f7301-2c80-43e2-95cd-4b26a7305701: 997 chunks; 3.0 s; peak memory 1218 MiB.
2026-10-07T01:37:44Z INFO [307/500] 4c303526-7491-46b5-8918-97b8feff7215: 2085 chunks; 5.1 s; peak memory 1218 MiB.
2026-10-07T01:37:47Z INFO [308/500] 4c3038ef-9d9a-4e05-a81c-3c3c6fe8b6a5: 116 chunks; 2.6 s; peak memory 1218 MiB.
2026-10-07T01:37:49Z INFO [309/500] 4c30fca7-621b-43e7-85b3-5ee84f060bb1: 131 chunks; 1.9 s; peak memory 1218 MiB.
2026-10-07T01:37:59Z INFO [310/500] 4c312d9d-77d8-4531-961e-4926e89c6b77: 9164 chunks; 10.2 s; peak memory 1218 MiB.
2026-10-07T01:38:00Z INFO [311/500] 4c31827c-66e9-4def-80f3-9919d2f9a498: 48 chunks; 1.5 s; peak memory 1218 MiB.
2026-10-07T01:38:02Z INFO [312/500] 4c31d5f6-4dbe-4e18-a192-753b5436bc86: 48 chunks; 1.5 s; peak memory 1218 MiB.
2026-10-07T01:38:05Z INFO [313/500] 4c31e421-058c-42b1-8564-42c37af2613b: 119 chunks; 2.9 s; peak memory 1218 MiB.
2026-10-07T01:38:06Z INFO [314/500] 4c3240bd-6654-4fd4-8b5e-cb07b4100636: 46 chunks; 1.0 s; peak memory 1218 MiB.
2026-10-07T01:38:07Z INFO [315/500] 4c32501e-a2c1-478c-8a62-a1eb34220325: 46 chunks; 1.6 s; peak memory 1218 MiB.
2026-10-07T01:38:11Z INFO [316/500] 4c327a72-b9a4-4023-8272-ef35076d5dd6: 115 chunks; 3.5 s; peak memory 1218 MiB.
2026-10-07T01:38:13Z INFO [317/500] 4c328772-3c78-4fdf-bde4-9a51a512f6ec: 110 chunks; 1.9 s; peak memory 1218 MiB.
2026-10-07T01:38:20Z INFO [318/500] 4c32b6f2-ac03-44b8-a4d1-c8f2558da3d0: 238 chunks; 6.9 s; peak memory 1218 MiB.
2026-10-07T01:38:22Z INFO [319/500] 4c33d4c0-41cf-44e5-acb1-a0d18d685473: 66 chunks; 2.0 s; peak memory 1218 MiB.
2026-10-07T01:38:31Z INFO [320/500] 4c3411b8-f978-45bf-9ff7-4a9fffca43c7: 1853 chunks; 9.4 s; peak memory 1218 MiB.
2026-10-07T01:38:32Z INFO [321/500] 4c345c5e-c5e1-4781-8678-7290b3c95cd9: 48 chunks; 1.4 s; peak memory 1218 MiB.
2026-10-07T01:38:34Z INFO [322/500] 4c352224-f710-443b-8a6a-4d3445f08c3c: 50 chunks; 1.9 s; peak memory 1218 MiB.
2026-10-07T01:38:36Z INFO [323/500] 4c35611d-5bab-4b7a-b3a3-6f401dd24047: 48 chunks; 1.7 s; peak memory 1218 MiB.
2026-10-07T01:38:39Z INFO [324/500] 4c36f821-0fe1-4bff-ba47-43e6aeb5fc0e: 71 chunks; 2.8 s; peak memory 1218 MiB.
2026-10-07T01:38:40Z INFO [325/500] 4c372b02-ae6a-47f3-969a-0ff802b1a567: 117 chunks; 1.7 s; peak memory 1218 MiB.
2026-10-07T01:38:44Z INFO [326/500] 4c3748e8-aa86-4bd0-873c-779b782004fb: 84 chunks; 3.4 s; peak memory 1218 MiB.
2026-10-07T01:44:30Z INFO [327/500] 4c38376a-4e38-462a-a2f7-3e7cb5d97d1b: 88844 chunks; 345.9 s; peak memory 1218 MiB.
2026-10-07T01:44:32Z INFO [328/500] 4c3863f3-907f-4aaf-95b0-ec6de57159b7: 68 chunks; 2.2 s; peak memory 1218 MiB.
2026-10-07T01:44:38Z INFO [329/500] 4c38cfa5-13a9-4170-b140-dc895270f93f: 242 chunks; 5.7 s; peak memory 1218 MiB.
2026-10-07T01:44:41Z INFO [330/500] 4c3bac3b-99a7-4f85-8cb2-84f8b3a4be8c: 201 chunks; 3.7 s; peak memory 1218 MiB.
2026-10-07T01:44:43Z INFO [331/500] 4c3d18a1-065e-4862-aab3-0149410256d0: 69 chunks; 2.0 s; peak memory 1218 MiB.
2026-10-07T01:44:45Z INFO [332/500] 4c3e0dea-4ad9-45df-a5eb-8960f1a77d38: 116 chunks; 1.7 s; peak memory 1218 MiB.
2026-10-07T01:44:47Z INFO [333/500] 4c3e5e74-18e1-43e4-825f-ecef2e26cf1f: 117 chunks; 1.8 s; peak memory 1218 MiB.
2026-10-07T01:44:48Z INFO [334/500] 4c3f03cb-e326-436b-8388-cb82e6b3ea3a: 50 chunks; 1.4 s; peak memory 1218 MiB.
2026-10-07T01:45:04Z INFO [335/500] 4c3f1207-68c9-4029-935f-2c694af055ec: 13583 chunks; 15.8 s; peak memory 1218 MiB.
2026-10-07T01:45:07Z INFO [336/500] 4c3f13e3-f454-4b26-b808-de492132c9aa: 90 chunks; 3.3 s; peak memory 1218 MiB.
2026-10-07T01:45:17Z INFO [337/500] 4c3fef95-ed04-418a-8054-2769f20b7a6e: 13393 chunks; 9.8 s; peak memory 1218 MiB.
2026-10-07T01:45:19Z INFO [338/500] 4c403134-a222-4ebe-b256-171f95c065b1: 84 chunks; 1.6 s; peak memory 1218 MiB.
2026-10-07T01:45:26Z INFO [339/500] 4c40cf14-ec3a-4e07-bd61-5943831c231c: 250 chunks; 7.3 s; peak memory 1218 MiB.
2026-10-07T01:45:28Z INFO [340/500] 4c41296e-0a7c-4fdd-93ad-e82a6ad06a9e: 110 chunks; 2.2 s; peak memory 1218 MiB.
2026-10-07T01:45:30Z INFO [341/500] 4c41929e-0232-4fd7-90f5-d63d04f4861a: 48 chunks; 1.4 s; peak memory 1218 MiB.
2026-10-07T01:45:31Z INFO [342/500] 4c427260-5653-40ea-b5cc-f47fc73ea1ae: 110 chunks; 1.7 s; peak memory 1218 MiB.
2026-10-07T01:45:36Z INFO [343/500] 4c441660-863b-459a-99db-adb72b09fbe9: 156 chunks; 4.3 s; peak memory 1218 MiB.
2026-10-07T01:45:39Z INFO [344/500] 4c444f92-1f9e-45e9-bebe-830917e1be63: 71 chunks; 3.2 s; peak memory 1218 MiB.
2026-10-07T01:45:40Z INFO [345/500] 4c447606-e135-4801-b40f-719ab8053e6b: 118 chunks; 1.6 s; peak memory 1218 MiB.
2026-10-07T01:45:42Z INFO [346/500] 4c44d08e-ada9-44bc-8e9f-876fc60daf61: 48 chunks; 1.4 s; peak memory 1218 MiB.
2026-10-07T01:45:43Z INFO [347/500] 4c44ea9f-4186-40e8-8881-442213330cad: 48 chunks; 1.5 s; peak memory 1218 MiB.
2026-10-07T01:45:44Z INFO [348/500] 4c45b9ce-76b7-42bd-b0ae-b742cfb8f910: 46 chunks; 1.1 s; peak memory 1218 MiB.
2026-10-07T01:45:47Z INFO [349/500] 4c45f391-1648-40c5-b9ee-c1ba10838d47: 228 chunks; 3.0 s; peak memory 1218 MiB.
2026-10-07T01:45:49Z INFO [350/500] 4c46396e-a21d-49ab-9b5f-148368002f91: 48 chunks; 1.5 s; peak memory 1218 MiB.
2026-10-07T01:45:49Z INFO [350/500] 4c46396e-a21d-49ab-9b5f-148368002f91: checkpointed 83684 records.
2026-10-07T01:45:51Z INFO [351/500] 4c46eaa1-c423-4e3f-b76b-ba68da6d9e40: 557 chunks; 2.0 s; peak memory 1218 MiB.
2026-10-07T01:45:53Z INFO [352/500] 4c473e3f-48cf-4c52-9da5-5727a86888a0: 70 chunks; 1.8 s; peak memory 1218 MiB.
2026-10-07T01:45:56Z INFO [353/500] 4c4797b3-855a-42cc-ba44-c8b7ebb01c36: 66 chunks; 2.8 s; peak memory 1218 MiB.
2026-10-07T01:45:57Z INFO [354/500] 4c4908d6-380a-4bcf-8859-f6bfba1a80a9: 116 chunks; 1.5 s; peak memory 1218 MiB.
2026-10-07T01:45:59Z INFO [355/500] 4c4a96f5-7d67-4d56-92e9-f78ad89e9111: 112 chunks; 2.0 s; peak memory 1218 MiB.
2026-10-07T01:46:01Z INFO [356/500] 4c4ade10-3119-4e65-93e9-bda777c2b8c0: 592 chunks; 2.1 s; peak memory 1218 MiB.
2026-10-07T01:46:07Z INFO [357/500] 4c4b4ae2-eef4-4877-9345-85318579e78d: 3248 chunks; 5.6 s; peak memory 1218 MiB.
2026-10-07T01:46:09Z INFO [358/500] 4c4b95b0-312f-4d4e-b6cf-2f09613a1539: 117 chunks; 1.7 s; peak memory 1218 MiB.
2026-10-07T02:08:34Z INFO [359/500] 4c4c4185-b759-467d-893c-c9e5b6dc42c2: 434657 chunks; 1344.7 s; peak memory 1218 MiB.
2026-10-07T02:08:36Z INFO [360/500] 4c4c6c7d-ced8-451d-a277-ecdc53f052f4: 110 chunks; 2.3 s; peak memory 1218 MiB.
2026-10-07T02:08:37Z INFO [361/500] 4c4cde09-8b99-433c-8fbc-6e4d52b2fc81: 48 chunks; 1.5 s; peak memory 1218 MiB.
2026-10-07T02:08:45Z INFO [362/500] 4c4d65d9-6925-45a7-aa0d-ca79e65fd73a: 238 chunks; 7.9 s; peak memory 1218 MiB.
2026-10-07T02:08:47Z INFO [363/500] 4c4dc687-33ee-493c-aa5c-7aeddde9afd5: 48 chunks; 1.4 s; peak memory 1218 MiB.
2026-10-07T02:08:49Z INFO [364/500] 4c4dd6cd-346c-45fd-9694-bd7e470cafd7: 136 chunks; 2.9 s; peak memory 1218 MiB.
2026-10-07T02:08:53Z INFO [365/500] 4c4e4399-9bbc-4697-a269-2b80a53fbf95: 114 chunks; 3.6 s; peak memory 1218 MiB.
2026-10-07T02:08:55Z INFO [366/500] 4c4e5a9e-521d-4509-9287-2e8af459cca9: 48 chunks; 1.5 s; peak memory 1218 MiB.
2026-10-07T02:08:56Z INFO [367/500] 4c4fe421-b86c-4ac6-aa36-4101c22b184c: 114 chunks; 1.6 s; peak memory 1218 MiB.
2026-10-07T02:08:58Z INFO [368/500] 4c506952-9713-41b0-8614-22934b88e556: 112 chunks; 1.9 s; peak memory 1218 MiB.
2026-10-07T02:09:12Z INFO [369/500] 4c508e31-ee14-4fd2-8093-f8b1898c45f6: 14526 chunks; 14.4 s; peak memory 1218 MiB.
2026-10-07T02:09:15Z INFO [370/500] 4c50ff81-24e1-46b6-bc64-3880d59fc582: 112 chunks; 2.0 s; peak memory 1218 MiB.
2026-10-07T02:09:17Z INFO [371/500] 4c51bc53-39b0-4517-b21d-fa3e2a8c5518: 77 chunks; 2.4 s; peak memory 1218 MiB.
2026-10-07T02:09:19Z INFO [372/500] 4c51be12-b06a-46a2-aba0-1e5f322c93bd: 117 chunks; 1.8 s; peak memory 1218 MiB.
2026-10-07T02:09:20Z INFO [373/500] 4c51cb98-a0d6-42d2-82df-8a5690c4125a: 48 chunks; 1.5 s; peak memory 1218 MiB.
2026-10-07T02:09:21Z INFO [374/500] 4c528dd5-5144-4e7e-83ab-4958390cf9d4: 46 chunks; 1.1 s; peak memory 1218 MiB.
2026-10-07T02:09:24Z INFO [375/500] 4c52ceb8-ede3-4edd-9436-2dcaa44ec402: 112 chunks; 2.5 s; peak memory 1218 MiB.
2026-10-07T02:09:26Z INFO [376/500] 4c52e0d6-c5b2-4a4f-8430-a3d96433e23a: 118 chunks; 1.8 s; peak memory 1218 MiB.
2026-10-07T02:09:29Z INFO [377/500] 4c5313f8-6d47-4cad-8f66-72bbde97e5e8: 119 chunks; 3.0 s; peak memory 1218 MiB.
2026-10-07T02:09:45Z INFO [378/500] 4c5338f4-828d-4eac-a909-13b52dd834c7: 9583 chunks; 16.7 s; peak memory 1218 MiB.
2026-10-07T02:09:47Z INFO [379/500] 4c539e07-65ba-49d2-ae49-98ae49c245d1: 48 chunks; 1.4 s; peak memory 1218 MiB.
2026-10-07T02:09:49Z INFO [380/500] 4c5400c3-a190-4c6d-af7a-8d2eed3788d5: 71 chunks; 2.4 s; peak memory 1218 MiB.
2026-10-07T02:09:51Z INFO [381/500] 4c555de1-fcb5-4826-a545-5f9e7f041b69: 66 chunks; 2.1 s; peak memory 1218 MiB.
2026-10-07T02:09:53Z INFO [382/500] 4c558f59-03f6-4b93-980b-be2bf8880125: 66 chunks; 2.1 s; peak memory 1218 MiB.
2026-10-07T02:09:55Z INFO [383/500] 4c55d833-c7dc-4099-bdb4-ae8d44452813: 41 chunks; 1.4 s; peak memory 1218 MiB.
2026-10-07T02:09:56Z INFO [384/500] 4c561c70-4305-4057-a5b6-d1d65aee3caa: 117 chunks; 1.6 s; peak memory 1218 MiB.
2026-10-07T02:09:57Z INFO [385/500] 4c5642cb-da61-4209-9c9b-01d69b6ebbf2: 46 chunks; 1.1 s; peak memory 1218 MiB.
2026-10-07T02:10:00Z INFO [386/500] 4c56538f-3c55-4c2f-9b27-aa7fd996f5e6: 66 chunks; 2.3 s; peak memory 1218 MiB.
2026-10-07T02:10:02Z INFO [387/500] 4c5726bf-4184-499a-a6b3-f1f7c8ff62ba: 117 chunks; 1.8 s; peak memory 1218 MiB.
2026-10-07T02:10:03Z INFO [388/500] 4c57ca54-348e-4bb3-ab28-a8638430181c: 117 chunks; 1.8 s; peak memory 1218 MiB.
2026-10-07T02:10:05Z INFO [389/500] 4c590596-ea6c-4911-b387-8c3a847c250a: 43 chunks; 1.5 s; peak memory 1218 MiB.
2026-10-07T02:10:07Z INFO [390/500] 4c591197-0fd1-424c-a02b-323bdf0e72a9: 118 chunks; 1.7 s; peak memory 1218 MiB.
2026-10-07T02:10:08Z INFO [391/500] 4c59652d-4c99-4777-93cb-9b15e9ddec30: 48 chunks; 1.5 s; peak memory 1218 MiB.
2026-10-07T02:10:21Z INFO [392/500] 4c59941f-7182-4f6b-a346-6935f516e924: 22810 chunks; 12.6 s; peak memory 1218 MiB.
2026-10-07T02:10:22Z INFO [393/500] 4c5a2873-1319-4397-8b93-cc1111f4052d: 118 chunks; 1.8 s; peak memory 1218 MiB.
2026-10-07T02:10:25Z INFO [394/500] 4c5c4980-44e5-4b55-8ee0-041977967d9a: 51 chunks; 2.2 s; peak memory 1218 MiB.
2026-10-07T02:10:26Z INFO [395/500] 4c5c72bf-1bf8-462d-aa09-b0aa5905f6a1: 48 chunks; 1.5 s; peak memory 1218 MiB.
2026-10-07T02:10:29Z INFO [396/500] 4c5cc7da-eda6-4480-9058-91c50b3fc59f: 66 chunks; 3.1 s; peak memory 1218 MiB.
2026-10-07T02:10:31Z INFO [397/500] 4c5d0102-03da-4c10-a759-94bfefeecf91: 48 chunks; 1.4 s; peak memory 1218 MiB.
2026-10-07T02:10:33Z INFO [398/500] 4c5d65b9-9fb7-475b-b28f-755ba969b06c: 112 chunks; 1.8 s; peak memory 1218 MiB.
2026-10-07T02:10:39Z INFO [399/500] 4c5ddb3b-c83e-4eb5-a438-6f109a9c0b58: 644 chunks; 6.8 s; peak memory 1218 MiB.
2026-10-07T02:10:47Z INFO [400/500] 4c5f282c-638c-40a2-9616-f87bef75a808: 304 chunks; 7.9 s; peak memory 1218 MiB.
2026-10-07T02:10:48Z INFO [400/500] 4c5f282c-638c-40a2-9616-f87bef75a808: checkpointed 83734 records.
2026-10-07T02:10:50Z INFO [401/500] 4c5f7620-8ac2-48ec-969d-5fa556df1d8c: 69 chunks; 2.2 s; peak memory 1218 MiB.
2026-10-07T02:10:51Z INFO [402/500] 4c5fbb99-cdf6-41ed-ab1e-8742ec32ab4b: 37 chunks; 1.1 s; peak memory 1218 MiB.
2026-10-07T02:10:52Z INFO [403/500] 4c60915a-07e9-4d17-b699-7fc504069d7a: 54 chunks; 1.2 s; peak memory 1218 MiB.
2026-10-07T02:10:53Z INFO [404/500] 4c60b03b-c2a6-428b-baae-cf1779a6c741: 50 chunks; 1.3 s; peak memory 1218 MiB.
2026-10-07T02:10:55Z INFO [405/500] 4c60caf0-e645-4502-8406-168fdbd70f69: 112 chunks; 2.1 s; peak memory 1218 MiB.
2026-10-07T02:10:57Z INFO [406/500] 4c60ea9b-0d9f-4dd3-8f53-43e15d6f62b6: 118 chunks; 1.7 s; peak memory 1218 MiB.
2026-10-07T02:10:59Z INFO [407/500] 4c616f9c-89e8-4aae-8312-175a60010e1b: 118 chunks; 1.7 s; peak memory 1218 MiB.
2026-10-07T02:11:00Z INFO [408/500] 4c6221f3-b92d-49d4-9ddf-1c7164a1ad59: 48 chunks; 1.4 s; peak memory 1218 MiB.
2026-10-07T02:11:02Z INFO [409/500] 4c625870-24d8-419b-910d-b9212631ae9b: 118 chunks; 1.6 s; peak memory 1218 MiB.
2026-10-07T02:11:10Z INFO [410/500] 4c641321-d6fe-4ee2-a939-2aeb06c12af1: 349 chunks; 8.1 s; peak memory 1218 MiB.
2026-10-07T02:11:12Z INFO [411/500] 4c651238-046a-4c27-bd41-09b732ec822c: 66 chunks; 2.3 s; peak memory 1218 MiB.
2026-10-07T02:11:39Z INFO [412/500] 4c65fd1e-c40d-46b6-a99c-a1222cd9a979: 6039 chunks; 26.9 s; peak memory 1218 MiB.
2026-10-07T02:11:41Z INFO [413/500] 4c662bac-bd15-4d71-80a6-ba78ecdb92ff: 116 chunks; 1.7 s; peak memory 1218 MiB.
2026-10-07T02:11:42Z INFO [414/500] 4c6715fa-0810-439d-ba34-04319ee1d5d6: 48 chunks; 1.3 s; peak memory 1218 MiB.
2026-10-07T02:11:44Z INFO [415/500] 4c67b903-c5ca-405b-80fd-512fb1b2b995: 65 chunks; 1.4 s; peak memory 1218 MiB.
2026-10-07T02:11:45Z INFO [416/500] 4c67cd3d-0867-473f-85cb-695539337e6a: 46 chunks; 1.2 s; peak memory 1218 MiB.
2026-10-07T02:11:46Z INFO [417/500] 4c68bf8e-3c1a-43b8-a436-56696b365287: 48 chunks; 1.4 s; peak memory 1218 MiB.
2026-10-07T02:11:47Z INFO [418/500] 4c692868-4a27-4527-8e1f-d4e5c4829e6b: 37 chunks; 1.1 s; peak memory 1218 MiB.
2026-10-07T02:11:48Z INFO [419/500] 4c695fbe-633b-4c18-ba35-6c17c0134d1e: 46 chunks; 1.1 s; peak memory 1218 MiB.
2026-10-07T02:11:50Z INFO [420/500] 4c6969a4-6731-49f4-a636-bc299dbb5121: 48 chunks; 1.5 s; peak memory 1218 MiB.
2026-10-07T02:11:57Z INFO [421/500] 4c69beb2-7c7e-4cab-92d3-593b44d30961: 6959 chunks; 6.8 s; peak memory 1218 MiB.
2026-10-07T02:11:59Z INFO [422/500] 4c6bc9e2-0aa6-4954-97bc-acfc5af41bfe: 66 chunks; 2.0 s; peak memory 1218 MiB.
2026-10-07T02:12:00Z INFO [423/500] 4c6bef28-52e0-40a0-b847-d26e90b01e04: 52 chunks; 1.2 s; peak memory 1218 MiB.
2026-10-07T02:12:01Z INFO [424/500] 4c6ccf55-ecf9-4ea6-a02b-db03f2a0f9ac: 46 chunks; 1.1 s; peak memory 1218 MiB.
2026-10-07T02:12:02Z INFO [425/500] 4c6cd55d-4ca6-4cc2-80f9-6a19193ae295: 48 chunks; 1.5 s; peak memory 1218 MiB.
2026-10-07T02:12:05Z INFO [426/500] 4c6ed25c-91f6-40ba-a5b5-7f7fc54b0b31: 51 chunks; 2.3 s; peak memory 1218 MiB.
2026-10-07T02:12:07Z INFO [427/500] 4c6efe51-0e86-4f91-b1fb-4afb538a9f39: 111 chunks; 2.0 s; peak memory 1218 MiB.
2026-10-07T02:12:08Z INFO [428/500] 4c70918c-6a08-4ec0-8a19-eeda70f85846: 117 chunks; 1.6 s; peak memory 1218 MiB.
2026-10-07T02:12:10Z INFO [429/500] 4c71c6bf-4bcc-499e-9d97-d8bc840f78f8: 62 chunks; 2.1 s; peak memory 1218 MiB.
2026-10-07T02:12:15Z INFO [430/500] 4c71c90e-a13c-4382-b2fe-28393b05394f: 156 chunks; 4.2 s; peak memory 1218 MiB.
2026-10-07T02:12:17Z INFO [431/500] 4c72aff3-ec1d-4e54-b89b-3882fb54df59: 66 chunks; 2.2 s; peak memory 1218 MiB.
2026-10-07T02:12:18Z INFO [432/500] 4c72be39-564a-409c-834d-fb18551d0b31: 46 chunks; 1.0 s; peak memory 1218 MiB.
2026-10-07T02:12:20Z INFO [433/500] 4c744c7e-e504-4e36-9560-374326ac3784: 112 chunks; 1.9 s; peak memory 1218 MiB.
2026-10-07T02:12:21Z INFO [434/500] 4c766719-477f-493c-b320-5b473bebca3c: 48 chunks; 1.4 s; peak memory 1218 MiB.
2026-10-07T02:12:23Z INFO [435/500] 4c76791e-17b2-4a76-a71a-f43e60c5e2a3: 48 chunks; 1.5 s; peak memory 1218 MiB.
2026-10-07T02:12:25Z INFO [436/500] 4c767a39-b380-4f1b-898b-cffcdee74d0a: 204 chunks; 1.9 s; peak memory 1218 MiB.
2026-10-07T02:12:26Z INFO [437/500] 4c76bad3-5fc2-4e77-be8f-113212b3e263: 46 chunks; 1.1 s; peak memory 1218 MiB.
2026-10-07T02:12:27Z INFO [438/500] 4c771c89-d82c-42dd-a4c5-5a2f486a7423: 48 chunks; 1.3 s; peak memory 1218 MiB.
2026-10-07T02:12:28Z INFO [439/500] 4c777d0c-1ace-4e5b-afe2-9cf6f6d069cb: 52 chunks; 1.6 s; peak memory 1218 MiB.
2026-10-07T02:12:31Z INFO [440/500] 4c77dde4-8759-4a2f-a115-680d989a0bee: 66 chunks; 2.3 s; peak memory 1218 MiB.
2026-10-07T02:12:33Z INFO [441/500] 4c784092-56fd-48f9-bf41-1e3e2965daf0: 66 chunks; 2.1 s; peak memory 1218 MiB.
2026-10-07T02:12:34Z INFO [442/500] 4c78a731-bc0f-4a43-a31f-47eb7ed9507c: 56 chunks; 1.1 s; peak memory 1218 MiB.
2026-10-07T02:12:42Z INFO [443/500] 4c78dc12-4660-4619-b457-d27681919109: 13772 chunks; 8.1 s; peak memory 1218 MiB.
2026-10-07T02:12:44Z INFO [444/500] 4c7964e9-2f98-40c2-bf10-9ac5e6177a63: 112 chunks; 1.8 s; peak memory 1218 MiB.
2026-10-07T02:12:45Z INFO [445/500] 4c79dd9d-2931-4dcb-bfef-70eadfb28834: 48 chunks; 1.3 s; peak memory 1218 MiB.
2026-10-07T02:12:47Z INFO [446/500] 4c7a3347-d7d9-4db9-9df1-876de9f64bdb: 48 chunks; 1.3 s; peak memory 1218 MiB.
2026-10-07T02:13:12Z INFO [447/500] 4c7a5ac2-54ba-4f87-bf91-61b7f10d95ed: 5715 chunks; 25.9 s; peak memory 1218 MiB.
2026-10-07T02:13:14Z INFO [448/500] 4c7b7380-957f-49c0-9bc6-cdef91646414: 118 chunks; 1.9 s; peak memory 1218 MiB.
2026-10-07T02:13:16Z INFO [449/500] 4c7c8730-3b37-460c-9825-7ef3baed82af: 48 chunks; 1.5 s; peak memory 1218 MiB.
2026-10-07T02:13:18Z INFO [450/500] 4c7da133-aa88-450b-a2d1-25857dccb742: 303 chunks; 2.0 s; peak memory 1218 MiB.
2026-10-07T02:13:18Z INFO [450/500] 4c7da133-aa88-450b-a2d1-25857dccb742: checkpointed 83784 records.
2026-10-07T02:13:19Z INFO [451/500] 4c7dcd0e-9ba3-40e5-88c7-0b37852fd5d7: 46 chunks; 1.4 s; peak memory 1218 MiB.
2026-10-07T02:15:50Z INFO [452/500] 4c7e0bdd-6bec-4906-ab93-4523a3e035f2: 38220 chunks; 150.8 s; peak memory 1218 MiB.
2026-10-07T02:15:52Z INFO [453/500] 4c7e7272-77cd-4bf5-a607-367fff3d8387: 117 chunks; 1.8 s; peak memory 1218 MiB.
2026-10-07T02:15:53Z INFO [454/500] 4c7fdbad-40ac-451e-8e4a-18db6e8322c8: 69 chunks; 1.3 s; peak memory 1218 MiB.
2026-10-07T02:15:55Z INFO [455/500] 4c804d5a-ba73-4552-b818-182006cb80dc: 116 chunks; 1.7 s; peak memory 1218 MiB.
2026-10-07T02:15:56Z INFO [456/500] 4c805f7a-2919-4728-9a2e-86f89da42e92: 52 chunks; 1.2 s; peak memory 1218 MiB.
2026-10-07T02:15:58Z INFO [457/500] 4c8100dd-81c6-419e-86e2-555281f94987: 48 chunks; 1.5 s; peak memory 1218 MiB.
2026-10-07T02:16:01Z INFO [458/500] 4c8107a8-5e07-4683-ba31-779c0381e749: 71 chunks; 2.9 s; peak memory 1218 MiB.
2026-10-07T02:16:02Z INFO [459/500] 4c81cf27-18e3-4663-af0c-3a5374bfd8f9: 50 chunks; 1.4 s; peak memory 1218 MiB.
2026-10-07T02:16:04Z INFO [460/500] 4c824ae3-87b4-4788-9799-0b630f033513: 117 chunks; 1.8 s; peak memory 1218 MiB.
2026-10-07T02:16:06Z INFO [461/500] 4c83e573-0098-4531-af3b-ddf936082ed7: 116 chunks; 1.7 s; peak memory 1218 MiB.
2026-10-07T02:16:07Z INFO [462/500] 4c85bdf0-c535-4318-9dd9-014fcb03b013: 48 chunks; 1.5 s; peak memory 1218 MiB.
2026-10-07T02:16:09Z INFO [463/500] 4c86a516-1f61-4168-9e4a-d0dcc46d3123: 77 chunks; 1.7 s; peak memory 1218 MiB.
2026-10-07T02:16:11Z INFO [464/500] 4c86afe5-a4c0-476d-8fc6-c4ab71bccf1c: 66 chunks; 2.0 s; peak memory 1218 MiB.
2026-10-07T02:16:12Z INFO [465/500] 4c86b995-c47b-4d31-86f5-ecc076ca4e03: 41 chunks; 1.2 s; peak memory 1218 MiB.
2026-10-07T02:16:14Z INFO [466/500] 4c86d0db-74ad-45e6-95d1-d3ba89570114: 112 chunks; 1.8 s; peak memory 1218 MiB.
2026-10-07T02:16:15Z INFO [467/500] 4c86d32c-2405-4de2-8720-42ad276e97c7: 48 chunks; 1.6 s; peak memory 1218 MiB.
2026-10-07T02:16:25Z INFO [468/500] 4c87039a-5071-416d-83f2-c95c0bb983a0: 22062 chunks; 9.6 s; peak memory 1218 MiB.
2026-10-07T02:16:27Z INFO [469/500] 4c871b0b-c85b-41e8-9a08-c2750932872c: 71 chunks; 2.2 s; peak memory 1218 MiB.
2026-10-07T02:16:29Z INFO [470/500] 4c87e807-bc72-4307-a5e3-4b506de509ca: 117 chunks; 2.0 s; peak memory 1218 MiB.
2026-10-07T02:16:31Z INFO [471/500] 4c8850e0-d850-4997-aebb-95109e0a5e65: 48 chunks; 1.5 s; peak memory 1218 MiB.
2026-10-07T02:19:00Z INFO [472/500] 4c885da6-b37b-414d-a043-09f156277785: 35621 chunks; 149.1 s; peak memory 1218 MiB.
2026-10-07T02:19:02Z INFO [473/500] 4c8919f1-ed76-4596-a584-952dd3dff4ad: 117 chunks; 1.8 s; peak memory 1218 MiB.
2026-10-07T02:19:04Z INFO [474/500] 4c8924cc-9da5-4ec6-ab8e-56159a4da198: 112 chunks; 2.3 s; peak memory 1218 MiB.
2026-10-07T02:19:05Z INFO [475/500] 4c89dd7e-a3ee-4232-aba8-3fc700e2b81b: 48 chunks; 1.5 s; peak memory 1218 MiB.
2026-10-07T02:19:08Z INFO [476/500] 4c8bcb98-a295-4cf3-8aee-17075e8bcfb2: 112 chunks; 2.2 s; peak memory 1218 MiB.
2026-10-07T02:19:09Z INFO [477/500] 4c8bcc6e-8f85-4663-aeab-e53a4cdfa332: 33 chunks; 1.2 s; peak memory 1218 MiB.
2026-10-07T02:19:17Z INFO [478/500] 4c8c6c99-f570-4e0a-9de9-5c6058542cef: 22616 chunks; 8.4 s; peak memory 1218 MiB.
2026-10-07T02:19:19Z INFO [479/500] 4c8c82d1-d1e7-4673-a845-e3d0828836f4: 48 chunks; 1.5 s; peak memory 1218 MiB.
2026-10-07T02:19:21Z INFO [480/500] 4c8cf250-c2ba-4600-a6ad-4dc0bc9c631d: 116 chunks; 1.8 s; peak memory 1218 MiB.
2026-10-07T02:19:22Z INFO [481/500] 4c8d2086-9c08-4539-8530-0de9e0b4f03d: 52 chunks; 1.5 s; peak memory 1218 MiB.
2026-10-07T02:19:37Z INFO [482/500] 4c8d4566-c7f0-46a8-ac0f-75a08711595a: 2496 chunks; 14.9 s; peak memory 1218 MiB.
2026-10-07T02:19:38Z INFO [483/500] 4c8e060a-d0dc-40f5-8f54-832cf629cabf: 112 chunks; 1.6 s; peak memory 1218 MiB.
2026-10-07T02:19:41Z INFO [484/500] 4c8f3513-ca9c-4e3b-8af0-8e486b41010d: 62 chunks; 2.2 s; peak memory 1218 MiB.
2026-10-07T02:19:42Z INFO [485/500] 4c8f5605-3aa8-4188-80ad-1bf6f6011ed4: 46 chunks; 1.1 s; peak memory 1218 MiB.
2026-10-07T02:19:44Z INFO [486/500] 4c907eda-b105-483d-9b10-dd07210ec1fa: 49 chunks; 1.8 s; peak memory 1218 MiB.
2026-10-07T02:19:45Z INFO [487/500] 4c9151bb-ac12-4cab-ad52-dc86cbdd7d47: 48 chunks; 1.5 s; peak memory 1218 MiB.
2026-10-07T02:19:47Z INFO [488/500] 4c9319b9-c604-4234-ba1f-18bc7781e433: 118 chunks; 1.6 s; peak memory 1218 MiB.
2026-10-07T02:19:48Z INFO [489/500] 4c935bfd-d1b7-46d1-b7fb-a4ecd9fc22ac: 52 chunks; 1.6 s; peak memory 1218 MiB.
2026-10-07T02:19:50Z INFO [490/500] 4c93ba00-21be-4d0a-aa68-88ae8eb85165: 117 chunks; 1.6 s; peak memory 1218 MiB.
2026-10-07T02:19:52Z INFO [491/500] 4c948fe7-2988-4688-8fcc-6420a5329d7e: 118 chunks; 2.1 s; peak memory 1218 MiB.
2026-10-07T02:20:05Z INFO [492/500] 4c949de4-0bf8-422a-9e6d-22ba76633b68: 9677 chunks; 13.0 s; peak memory 1218 MiB.
2026-10-07T02:20:11Z INFO [493/500] 4c94c023-e48f-4bce-b918-cb7ce2626d62: 2085 chunks; 5.6 s; peak memory 1218 MiB.
2026-10-07T02:20:13Z INFO [494/500] 4c94c5f9-1843-44fb-9447-8a7b2e415dfe: 71 chunks; 2.6 s; peak memory 1218 MiB.
2026-10-07T02:20:24Z INFO [495/500] 4c94d4c2-5e7c-4d74-9fb3-369e9c473b67: 8611 chunks; 11.3 s; peak memory 1218 MiB.
2026-10-07T02:20:26Z INFO [496/500] 4c9519dc-38bf-435b-87b8-c1e24295a114: 78 chunks; 1.7 s; peak memory 1218 MiB.
2026-10-07T02:20:28Z INFO [497/500] 4c962079-3219-4b0d-b7e3-ebeed81ec213: 110 chunks; 1.8 s; peak memory 1218 MiB.
2026-10-07T02:20:30Z INFO [498/500] 4c966647-b4e1-4012-b346-b1b6b5aaa5c6: 112 chunks; 2.4 s; peak memory 1218 MiB.
2026-10-07T02:20:32Z INFO [499/500] 4c9734c0-1f33-4be1-90b5-4cbc8e738abb: 110 chunks; 1.6 s; peak memory 1218 MiB.
2026-10-07T02:20:34Z INFO [500/500] 4c9743c3-2a7e-49fc-bdb7-19aae857d4f7: 118 chunks; 1.7 s; peak memory 1218 MiB.
2026-10-07T02:20:34Z INFO [500/500] 4c9743c3-2a7e-49fc-bdb7-19aae857d4f7: checkpointed 83834 records.
2026-10-07T02:20:34Z INFO Wrote 83834 records to /tmp/derivatives/valid_nwb_file_to_chunk_stats.jsonl (500 new, 0 failed) in 100.0 min (peak memory 1218 MiB).
