2026-10-07T03:40:12Z INFO Logging to /tmp/logs/update_2026-10-07T03-40-12Z.log.
2026-10-07T03:40:12Z INFO Update valid-nwb-file-to-chunk-stats (base directory /tmp).
2026-10-07T03:40:12Z INFO Processing 500 items (84334 already recorded).
2026-10-07T03:40:15Z INFO [1/500] 4d66a64d-49fe-49e6-b1d2-5ba60fd830eb: 76 chunks; 2.8 s; peak memory 179 MiB.
2026-10-07T03:40:17Z INFO [2/500] 4d671363-7e5e-47c2-afde-61ab91f125ab: 112 chunks; 1.9 s; peak memory 182 MiB.
2026-10-07T03:40:19Z INFO [3/500] 4d678d25-1768-4481-8882-946eb0b4b69c: 301 chunks; 1.6 s; peak memory 182 MiB.
2026-10-07T03:40:22Z INFO [4/500] 4d67a9c7-a179-42cf-90c8-c4b054aa2fe8: 90 chunks; 2.9 s; peak memory 184 MiB.
2026-10-07T03:40:23Z INFO [5/500] 4d67d512-b751-4878-be8c-929004eebca8: 117 chunks; 1.7 s; peak memory 184 MiB.
2026-10-07T03:40:31Z INFO [6/500] 4d67ebf8-9f35-4942-8c4c-6cac6b1811d8: 282 chunks; 7.9 s; peak memory 190 MiB.
2026-10-07T03:40:33Z INFO [7/500] 4d690bc3-0914-40ab-8993-527bd000bda1: 112 chunks; 2.2 s; peak memory 190 MiB.
2026-10-07T03:49:24Z INFO [8/500] 4d6a3eaf-0831-4272-ba1a-cc53694e19cd: 265808 chunks; 530.6 s; peak memory 1104 MiB.
2026-10-07T03:49:26Z INFO [9/500] 4d6a55d3-480e-4a40-9e61-548f326ea7f9: 118 chunks; 1.8 s; peak memory 1104 MiB.
2026-10-07T03:49:43Z INFO [10/500] 4d6a72e2-ba88-4cc5-9b6a-c1f1a1d541ae: 22959 chunks; 17.1 s; peak memory 1104 MiB.
2026-10-07T03:49:53Z INFO [11/500] 4d6add29-f0d1-4f87-9dc2-88291d0fb573: 15042 chunks; 10.3 s; peak memory 1104 MiB.
2026-10-07T03:49:55Z INFO [12/500] 4d6b1755-bcec-4b2a-ba48-55c250cb4c3e: 49 chunks; 1.7 s; peak memory 1105 MiB.
2026-10-07T03:49:57Z INFO [13/500] 4d6d7c30-8c41-498b-9ab9-d87cd2e84fba: 48 chunks; 1.5 s; peak memory 1105 MiB.
2026-10-07T03:49:58Z INFO [14/500] 4d6e83de-bf5c-4808-8d8e-96c3e0db0253: 48 chunks; 1.5 s; peak memory 1105 MiB.
2026-10-07T03:50:00Z INFO [15/500] 4d6f4f59-ae68-4849-81d1-abe4e4db554b: 118 chunks; 2.2 s; peak memory 1105 MiB.
2026-10-07T03:50:03Z INFO [16/500] 4d7037fc-321d-4abb-99a6-493751fb94ee: 209 chunks; 2.7 s; peak memory 1105 MiB.
2026-10-07T03:50:04Z INFO [17/500] 4d70a69e-f056-49fa-b1f8-512cba9be70c: 117 chunks; 1.6 s; peak memory 1105 MiB.
2026-10-07T03:50:15Z INFO [18/500] 4d70cef5-fb27-48d7-b8c2-7b75123f7b2a: 11453 chunks; 10.9 s; peak memory 1105 MiB.
2026-10-07T03:50:17Z INFO [19/500] 4d71c49d-e9ab-4258-b3c5-d91bb85c0fd9: 41 chunks; 1.4 s; peak memory 1105 MiB.
2026-10-07T03:50:18Z INFO [20/500] 4d71f2cf-bd0a-4592-8d48-10f914fb8cf3: 49 chunks; 1.7 s; peak memory 1105 MiB.
2026-10-07T03:50:20Z INFO [21/500] 4d72461b-066c-4428-ae1c-faa3849a4c1b: 69 chunks; 1.6 s; peak memory 1105 MiB.
2026-10-07T03:50:22Z INFO [22/500] 4d7273f6-b3dd-40f9-af91-bb4543fb8137: 48 chunks; 1.4 s; peak memory 1105 MiB.
2026-10-07T03:50:23Z INFO [23/500] 4d740175-53c8-4cc4-aa11-53b8b9b6880b: 46 chunks; 1.4 s; peak memory 1105 MiB.
2026-10-07T03:50:25Z INFO [24/500] 4d74ebe0-6c8d-42e7-bfec-cf671db1f820: 69 chunks; 2.2 s; peak memory 1105 MiB.
2026-10-07T03:50:28Z INFO [25/500] 4d7523bd-025e-460a-b740-98ec44d6d0c3: 71 chunks; 2.5 s; peak memory 1105 MiB.
2026-10-07T03:50:29Z INFO [26/500] 4d75a19f-f1aa-459a-a555-459b0bf77731: 48 chunks; 1.4 s; peak memory 1105 MiB.
2026-10-07T03:50:31Z INFO [27/500] 4d76edd0-0e21-42b6-928e-20a668573dd7: 66 chunks; 2.0 s; peak memory 1105 MiB.
2026-10-07T03:50:34Z INFO [28/500] 4d770040-e125-48ba-93e8-f5fdfb4ae48d: 152 chunks; 2.9 s; peak memory 1105 MiB.
2026-10-07T03:50:35Z INFO [29/500] 4d774b10-5078-4661-92eb-d21324e23fbb: 101 chunks; 1.5 s; peak memory 1106 MiB.
2026-10-07T03:50:38Z INFO [30/500] 4d7754f8-7f09-4578-844d-e0b1f3064329: 70 chunks; 2.4 s; peak memory 1106 MiB.
2026-10-07T03:50:43Z INFO [31/500] 4d7765d5-b387-4d07-a1a2-6bd3c7d73fba: 233 chunks; 5.1 s; peak memory 1106 MiB.
2026-10-07T03:50:44Z INFO [32/500] 4d77ccaa-8d93-4f99-a599-357c69540af5: 48 chunks; 1.5 s; peak memory 1106 MiB.
2026-10-07T03:50:49Z INFO [33/500] 4d780a04-8995-407b-9238-9666e278cdc3: 156 chunks; 4.3 s; peak memory 1106 MiB.
2026-10-07T03:50:50Z INFO [34/500] 4d7834ad-6af2-429b-8732-69d31bd16feb: 47 chunks; 1.3 s; peak memory 1106 MiB.
2026-10-07T03:50:52Z INFO [35/500] 4d787506-acc0-434c-8064-811254579502: 110 chunks; 2.3 s; peak memory 1106 MiB.
2026-10-07T03:50:54Z INFO [36/500] 4d788560-2b18-4a73-8284-7f459570661b: 204 chunks; 2.1 s; peak memory 1106 MiB.
2026-10-07T03:51:10Z INFO [37/500] 4d7b0e28-c92e-4ee4-9359-730347d73759: 19677 chunks; 15.8 s; peak memory 1106 MiB.
2026-10-07T03:51:12Z INFO [38/500] 4d7d627f-a048-473f-a540-646769076426: 112 chunks; 2.0 s; peak memory 1106 MiB.
2026-10-07T03:51:15Z INFO [39/500] 4d7dc5de-ef90-4df7-b7e7-c4c55b074b1e: 119 chunks; 3.0 s; peak memory 1106 MiB.
2026-10-07T03:51:17Z INFO [40/500] 4d7e0631-17f6-4bcb-895b-1437d5ea2cd0: 118 chunks; 1.6 s; peak memory 1106 MiB.
2026-10-07T03:51:19Z INFO [41/500] 4d7eabc9-9014-48a9-9938-aad890b8d1eb: 66 chunks; 2.8 s; peak memory 1106 MiB.
2026-10-07T03:51:21Z INFO [42/500] 4d7f52b3-f241-4d22-bc58-fcebee36a645: 118 chunks; 1.8 s; peak memory 1106 MiB.
2026-10-07T03:51:25Z INFO [43/500] 4d7f68ed-1754-41f6-bff3-b21357730645: 156 chunks; 4.0 s; peak memory 1106 MiB.
2026-10-07T03:51:26Z INFO [44/500] 4d80747a-1eed-48dd-87b8-e599b2977664: 52 chunks; 1.2 s; peak memory 1106 MiB.
2026-10-07T03:51:29Z INFO [45/500] 4d80908c-0799-43e5-872f-f8bbde960c2b: 105 chunks; 2.2 s; peak memory 1106 MiB.
2026-10-07T03:51:35Z INFO [46/500] 4d818348-cbbd-43e2-b78d-d198b1353347: 436 chunks; 6.6 s; peak memory 1106 MiB.
2026-10-07T03:51:37Z INFO [47/500] 4d818fad-8f5c-4de5-8c78-3a374d9c069e: 48 chunks; 1.5 s; peak memory 1106 MiB.
2026-10-07T03:51:40Z INFO [48/500] 4d81f8a1-0350-4ba5-af43-bb1fb958e1bf: 132 chunks; 2.8 s; peak memory 1106 MiB.
2026-10-07T03:51:41Z INFO [49/500] 4d821ba1-ecd9-48b4-90e3-af0c587dfd43: 189 chunks; 1.5 s; peak memory 1106 MiB.
2026-10-07T03:51:43Z INFO [50/500] 4d82cfff-2480-484f-bea5-ae69e89af3a0: 110 chunks; 2.2 s; peak memory 1106 MiB.
2026-10-07T03:51:43Z INFO [50/500] 4d82cfff-2480-484f-bea5-ae69e89af3a0: checkpointed 84384 records.
2026-10-07T03:51:53Z INFO [51/500] 4d82e860-e90f-4089-b3ed-62de2d396209: 23671 chunks; 9.4 s; peak memory 1106 MiB.
2026-10-07T03:52:03Z INFO [52/500] 4d83069e-a3a1-41a4-a9ed-99455fad8675: 11324 chunks; 10.5 s; peak memory 1106 MiB.
2026-10-07T03:52:05Z INFO [53/500] 4d8409b8-f0e1-46cb-899e-9271e6d67700: 112 chunks; 2.0 s; peak memory 1106 MiB.
2026-10-07T03:52:07Z INFO [54/500] 4d84232e-a04b-4b8a-9e28-90ae2dbf509b: 69 chunks; 2.1 s; peak memory 1106 MiB.
2026-10-07T03:52:09Z INFO [55/500] 4d8490d6-b54a-47cc-a0b2-b0116002c70d: 50 chunks; 1.2 s; peak memory 1106 MiB.
2026-10-07T03:52:11Z INFO [56/500] 4d84a116-6bba-4461-9a31-d11352577f01: 112 chunks; 2.6 s; peak memory 1106 MiB.
2026-10-07T03:52:13Z INFO [57/500] 4d84ee01-c19b-4699-9c91-b182b1d22f81: 64 chunks; 2.2 s; peak memory 1106 MiB.
2026-10-07T03:52:15Z INFO [58/500] 4d854700-1a55-4b5d-a61a-7c54e47ebebc: 74 chunks; 1.6 s; peak memory 1106 MiB.
2026-10-07T03:52:43Z INFO [59/500] 4d86662e-d692-4923-bc25-6d8a2c5c0237: 14067 chunks; 27.7 s; peak memory 1107 MiB.
2026-10-07T03:52:46Z INFO [60/500] 4d87342d-0bdd-4953-9be1-503ad1127dc0: 168 chunks; 3.4 s; peak memory 1107 MiB.
2026-10-07T03:52:49Z INFO [61/500] 4d876401-f36f-48d4-9fe6-4ff75ed0faa0: 71 chunks; 3.1 s; peak memory 1107 MiB.
2026-10-07T03:52:51Z INFO [62/500] 4d87bb30-6842-49de-adb1-a0c5a133e6d4: 43 chunks; 1.5 s; peak memory 1107 MiB.
2026-10-07T03:52:53Z INFO [63/500] 4d885217-969d-4192-a5e5-3acf3dadd41e: 116 chunks; 1.8 s; peak memory 1107 MiB.
2026-10-07T03:52:55Z INFO [64/500] 4d89a3dd-0595-4e07-ba58-9a820ce07afb: 66 chunks; 2.1 s; peak memory 1107 MiB.
2026-10-07T03:52:56Z INFO [65/500] 4d89d938-6b5c-49ed-b5c2-a4ec2454b65b: 46 chunks; 1.1 s; peak memory 1107 MiB.
2026-10-07T03:53:00Z INFO [66/500] 4d89f179-24c2-4e50-8721-03928542d3c2: 1641 chunks; 4.6 s; peak memory 1108 MiB.
2026-10-07T03:53:02Z INFO [67/500] 4d8a630a-c6ec-4f52-b6f6-631053401473: 57 chunks; 1.3 s; peak memory 1108 MiB.
2026-10-07T03:53:04Z INFO [68/500] 4d8ac47f-3eff-4718-b97b-276fb03d9439: 289 chunks; 2.2 s; peak memory 1108 MiB.
2026-10-07T03:53:06Z INFO [69/500] 4d8afed3-2f3c-4245-ad1d-77629929d3e1: 117 chunks; 1.9 s; peak memory 1108 MiB.
2026-10-07T03:53:07Z INFO [70/500] 4d8b158e-f961-4f63-aedf-dfa41d70860b: 117 chunks; 1.8 s; peak memory 1108 MiB.
2026-10-07T03:53:11Z INFO [71/500] 4d8c13fd-33b6-4af9-b0f1-d1f67ffd0feb: 871 chunks; 3.5 s; peak memory 1108 MiB.
2026-10-07T03:53:25Z INFO [72/500] 4d8d6082-54a8-4f00-87b1-e9ee52acd029: 37210 chunks; 14.2 s; peak memory 1108 MiB.
2026-10-07T03:53:26Z INFO [73/500] 4d8d7826-1647-49c7-af52-8fb359732d3e: 52 chunks; 1.3 s; peak memory 1108 MiB.
2026-10-07T03:53:28Z INFO [74/500] 4d8fe4d1-b79b-4fc7-9969-c0837bb4139d: 48 chunks; 1.5 s; peak memory 1108 MiB.
2026-10-07T03:53:29Z INFO [75/500] 4d90212e-36b0-429b-8524-fbdf41695d67: 58 chunks; 1.2 s; peak memory 1108 MiB.
2026-10-07T03:53:31Z INFO [76/500] 4d910abb-2117-4562-b054-65af646bc0bd: 48 chunks; 1.4 s; peak memory 1108 MiB.
2026-10-07T03:53:34Z INFO [77/500] 4d91188e-9eff-4d2d-9087-addd8b922c73: 115 chunks; 3.4 s; peak memory 1108 MiB.
2026-10-07T03:53:35Z INFO [78/500] 4d91eccc-a8f5-40e3-8acf-22ff784a16f4: 45 chunks; 1.2 s; peak memory 1108 MiB.
2026-10-07T03:53:37Z INFO [79/500] 4d92090f-f561-4767-89ce-324ba17769a5: 118 chunks; 1.7 s; peak memory 1108 MiB.
2026-10-07T03:53:40Z INFO [80/500] 4d92ff41-1339-494b-a9d5-17a697bb9a75: 126 chunks; 3.0 s; peak memory 1108 MiB.
2026-10-07T03:53:41Z INFO [81/500] 4d93554a-7287-4423-beaa-72b8414a5000: 48 chunks; 1.5 s; peak memory 1108 MiB.
2026-10-07T03:53:43Z INFO [82/500] 4d93595e-daac-4763-8cda-fccb85f1b66e: 46 chunks; 1.2 s; peak memory 1108 MiB.
2026-10-07T03:53:45Z INFO [83/500] 4d9392a4-0ede-47ed-b4e1-03e8e9a343af: 112 chunks; 1.9 s; peak memory 1108 MiB.
2026-10-07T03:53:46Z INFO [84/500] 4d93b8f2-0d15-49d0-b3f8-36878a681610: 117 chunks; 1.7 s; peak memory 1108 MiB.
2026-10-07T03:53:48Z INFO [85/500] 4d9516e0-9830-4aa9-a930-96f863eaf96c: 48 chunks; 1.4 s; peak memory 1108 MiB.
2026-10-07T03:53:49Z INFO [86/500] 4d967b82-26ce-41eb-9a96-e47929ece7f6: 48 chunks; 1.4 s; peak memory 1108 MiB.
2026-10-07T03:53:51Z INFO [87/500] 4d96bc9c-d7cd-4ca9-a551-7ba179ce417a: 52 chunks; 1.5 s; peak memory 1108 MiB.
2026-10-07T03:54:05Z INFO [88/500] 4d96c821-9ff0-4ce3-b797-d76c18a8c1a0: 10688 chunks; 14.8 s; peak memory 1108 MiB.
2026-10-07T03:54:07Z INFO [89/500] 4d99b52e-e013-4ae6-9a21-8b0102368ae3: 56 chunks; 1.3 s; peak memory 1108 MiB.
2026-10-07T03:54:08Z INFO [90/500] 4d9b2694-fef2-48b0-93fb-6ebc102a7e4d: 46 chunks; 1.1 s; peak memory 1108 MiB.
2026-10-07T03:54:25Z INFO [91/500] 4d9b3877-d07d-46da-b043-54a01b5ca12a: 1469 chunks; 16.9 s; peak memory 1108 MiB.
2026-10-07T03:54:26Z INFO [92/500] 4d9b9676-dd06-479b-af2a-6bd972aee4d6: 56 chunks; 1.2 s; peak memory 1108 MiB.
2026-10-07T03:54:27Z INFO [93/500] 4d9ba455-ce05-4a50-ab1d-51ecd2f336f9: 48 chunks; 1.5 s; peak memory 1108 MiB.
2026-10-07T03:54:29Z INFO [94/500] 4d9bac4c-6373-4f8d-9ee1-c6ff5bbcedfa: 62 chunks; 2.1 s; peak memory 1108 MiB.
2026-10-07T03:54:32Z INFO [95/500] 4d9d82d6-49d3-4028-ba39-9eedd1731cf8: 71 chunks; 2.4 s; peak memory 1108 MiB.
2026-10-07T03:54:33Z INFO [96/500] 4d9dd479-72e7-491c-943b-ba1b2d5b2e7b: 48 chunks; 1.5 s; peak memory 1108 MiB.
2026-10-07T03:54:35Z INFO [97/500] 4d9e50d5-d743-40aa-86aa-fae31560c5e2: 48 chunks; 1.5 s; peak memory 1108 MiB.
2026-10-07T03:54:36Z INFO [98/500] 4d9fb3bc-aa36-412b-846c-f5162fd82f88: 48 chunks; 1.3 s; peak memory 1108 MiB.
2026-10-07T03:54:38Z INFO [99/500] 4d9fde69-c849-42e7-b7ff-2e271bfa4627: 117 chunks; 1.7 s; peak memory 1108 MiB.
2026-10-07T03:54:40Z INFO [100/500] 4da015be-fcf5-4ab3-94b9-ddceefe567f0: 106 chunks; 2.3 s; peak memory 1108 MiB.
2026-10-07T03:54:41Z INFO [100/500] 4da015be-fcf5-4ab3-94b9-ddceefe567f0: checkpointed 84434 records.
2026-10-07T03:54:42Z INFO [101/500] 4da028a2-0941-431b-8839-52be16c6e9fd: 46 chunks; 1.3 s; peak memory 1108 MiB.
2026-10-07T03:54:43Z INFO [102/500] 4da071bc-4fba-48fe-b5c3-ad5b13ce9018: 48 chunks; 1.5 s; peak memory 1108 MiB.
2026-10-07T03:54:50Z INFO [103/500] 4da07d05-cd8b-4e46-beeb-6c4a6aa6b44f: 2523 chunks; 6.3 s; peak memory 1108 MiB.
2026-10-07T03:54:52Z INFO [104/500] 4da0ba3d-de63-439e-907f-0596c1a00133: 116 chunks; 1.8 s; peak memory 1108 MiB.
2026-10-07T03:54:53Z INFO [105/500] 4da0bf9d-0ed9-4fad-81bf-e21ae6af9399: 116 chunks; 1.9 s; peak memory 1108 MiB.
2026-10-07T03:54:55Z INFO [106/500] 4da125d2-0e77-4c7e-8f24-29e0b4e4b29f: 31 chunks; 1.2 s; peak memory 1108 MiB.
2026-10-07T03:54:58Z INFO [107/500] 4da1355e-fad7-4d34-b141-333e02e931fd: 224 chunks; 3.1 s; peak memory 1108 MiB.
2026-10-07T03:55:04Z INFO [108/500] 4da178e8-c95e-48e8-b911-d2bfd8d16b5d: 168 chunks; 6.5 s; peak memory 1108 MiB.
2026-10-07T03:55:09Z INFO [109/500] 4da1deef-ffb3-4a56-bd65-2f55479ca44f: 277 chunks; 5.2 s; peak memory 1108 MiB.
2026-10-07T03:55:12Z INFO [110/500] 4da22bda-5a36-419c-9020-4f60d1ee7900: 70 chunks; 2.2 s; peak memory 1108 MiB.
2026-10-07T03:55:28Z INFO [111/500] 4da268b5-9c36-486d-886b-c74bf983d8eb: 17746 chunks; 16.4 s; peak memory 1108 MiB.
2026-10-07T03:55:30Z INFO [112/500] 4da2da33-c769-4196-9e6b-685ed72852f4: 70 chunks; 2.5 s; peak memory 1108 MiB.
2026-10-07T03:55:32Z INFO [113/500] 4da351ed-5905-4974-901a-1c1e6ec55916: 58 chunks; 1.2 s; peak memory 1108 MiB.
2026-10-07T03:55:42Z INFO [114/500] 4da3a86c-91da-418d-a5f4-c4788c8950ca: 5273 chunks; 10.1 s; peak memory 1108 MiB.
2026-10-07T03:55:44Z INFO [115/500] 4da3fc0e-22cc-4569-abba-b66aa31f5cab: 59 chunks; 1.8 s; peak memory 1109 MiB.
2026-10-07T03:55:45Z INFO [116/500] 4da49e0a-2d01-457c-8f14-83de1ee36c98: 48 chunks; 1.4 s; peak memory 1109 MiB.
2026-10-07T03:55:46Z INFO [117/500] 4da56556-defc-4a75-9090-6c319ae08ba0: 48 chunks; 1.5 s; peak memory 1109 MiB.
2026-10-07T03:55:48Z INFO [118/500] 4da5ae54-0e9f-43dd-8963-6e1cf1e5eb3f: 117 chunks; 2.0 s; peak memory 1109 MiB.
2026-10-07T03:55:57Z INFO [119/500] 4da5d2ee-036f-47a7-be5e-8d5371ede3e9: 2922 chunks; 8.1 s; peak memory 1109 MiB.
2026-10-07T03:55:58Z INFO [120/500] 4da6d317-4e6e-43fa-84a9-56024ee3bcdd: 117 chunks; 1.7 s; peak memory 1109 MiB.
2026-10-07T03:56:02Z INFO [121/500] 4da7e7cb-37bd-443f-a69f-1c4be15f3956: 115 chunks; 3.7 s; peak memory 1109 MiB.
2026-10-07T03:56:03Z INFO [122/500] 4da84d10-9caf-42ea-987c-263eb32a841e: 48 chunks; 1.4 s; peak memory 1109 MiB.
2026-10-07T03:56:09Z INFO [123/500] 4da8b100-f774-4616-961e-f80f84ef7bc5: 718 chunks; 5.8 s; peak memory 1109 MiB.
2026-10-07T03:56:10Z INFO [124/500] 4da96754-9896-4cfe-a839-a55713dccf3c: 45 chunks; 1.2 s; peak memory 1109 MiB.
2026-10-07T03:56:15Z INFO [125/500] 4daa29d8-efa3-4ffe-a142-63948ec6ebc4: 2468 chunks; 5.1 s; peak memory 1109 MiB.
2026-10-07T03:56:17Z INFO [126/500] 4daa2cb2-6b48-4a14-8685-8e573a52eb5a: 51 chunks; 1.2 s; peak memory 1109 MiB.
2026-10-07T03:56:18Z INFO [127/500] 4daaa4ff-0dd2-4e8b-9392-a701fb759152: 119 chunks; 1.3 s; peak memory 1109 MiB.
2026-10-07T03:56:20Z INFO [128/500] 4daacc6a-2b1e-418e-a4c9-40945595641e: 71 chunks; 2.2 s; peak memory 1109 MiB.
2026-10-07T03:56:26Z INFO [129/500] 4dab41ab-2227-40ee-ab55-bfdf0ff8bba5: 921 chunks; 5.4 s; peak memory 1109 MiB.
2026-10-07T03:56:27Z INFO [130/500] 4dabed9e-2dbb-44f5-9445-f555e83d555c: 48 chunks; 1.4 s; peak memory 1109 MiB.
2026-10-07T03:56:29Z INFO [131/500] 4dac8a65-1028-4021-85b4-cd60fa78c86f: 117 chunks; 1.7 s; peak memory 1109 MiB.
2026-10-07T03:56:30Z INFO [132/500] 4dad7ffb-641b-4089-8a0d-007adc574c29: 48 chunks; 1.6 s; peak memory 1109 MiB.
2026-10-07T03:56:32Z INFO [133/500] 4dadc727-5961-4419-8cb2-d90afbbf70ad: 48 chunks; 1.5 s; peak memory 1109 MiB.
2026-10-07T03:56:33Z INFO [134/500] 4dae1c84-80c7-4585-a554-7a77fb1da07b: 118 chunks; 1.6 s; peak memory 1109 MiB.
2026-10-07T03:56:35Z INFO [135/500] 4dae4398-1489-4272-9e78-9f30e13b48d3: 116 chunks; 1.6 s; peak memory 1109 MiB.
2026-10-07T03:56:37Z INFO [136/500] 4dae9b1a-fbea-4e23-a000-0396bc84c3c5: 55 chunks; 1.5 s; peak memory 1109 MiB.
2026-10-07T03:56:38Z INFO [137/500] 4daec055-2319-42c7-98da-6a3e6fe34c3a: 46 chunks; 1.2 s; peak memory 1109 MiB.
2026-10-07T03:56:42Z INFO [138/500] 4daed25d-b514-43a8-820f-e1beefed4c71: 156 chunks; 4.3 s; peak memory 1109 MiB.
2026-10-07T03:56:43Z INFO [139/500] 4daf398e-1334-4c20-8ebb-653834d6265c: 50 chunks; 1.2 s; peak memory 1109 MiB.
2026-10-07T03:56:54Z INFO [140/500] 4dafb820-983f-41eb-b41f-8b3c06f9ab06: 5874 chunks; 10.3 s; peak memory 1109 MiB.
2026-10-07T03:57:05Z INFO [141/500] 4db02a93-431a-4ee2-9c6b-860d37be6db9: 348 chunks; 11.8 s; peak memory 1109 MiB.
2026-10-07T03:57:07Z INFO [142/500] 4db04171-ecb9-4f15-9644-c44825c57c74: 114 chunks; 1.6 s; peak memory 1109 MiB.
2026-10-07T03:57:09Z INFO [143/500] 4db0ca97-d410-472d-9bf4-fb566b18270a: 116 chunks; 1.7 s; peak memory 1109 MiB.
2026-10-07T03:57:10Z INFO [144/500] 4db159da-9942-4268-8110-3fd8a76c02bb: 85 chunks; 1.7 s; peak memory 1109 MiB.
2026-10-07T03:57:12Z INFO [145/500] 4db221f0-70dd-4bb8-818a-39994f040c4b: 52 chunks; 1.6 s; peak memory 1109 MiB.
2026-10-07T03:57:14Z INFO [146/500] 4db2d5f7-6c1e-443e-bebd-97b4f5c7ca91: 233 chunks; 2.0 s; peak memory 1109 MiB.
2026-10-07T03:57:18Z INFO [147/500] 4db2f8ac-1b60-4723-9780-20423d34d9e2: 80 chunks; 3.6 s; peak memory 1109 MiB.
2026-10-07T03:57:19Z INFO [148/500] 4db3220d-9140-46c5-b1b1-1da03b4837fb: 48 chunks; 1.6 s; peak memory 1109 MiB.
2026-10-07T03:57:20Z INFO [149/500] 4db34193-6ab9-4938-96e1-09d847f7c042: 46 chunks; 1.1 s; peak memory 1109 MiB.
2026-10-07T03:57:23Z INFO [150/500] 4db35929-40fd-4576-b2a8-4fdddd827172: 289 chunks; 2.2 s; peak memory 1109 MiB.
2026-10-07T03:57:23Z INFO [150/500] 4db35929-40fd-4576-b2a8-4fdddd827172: checkpointed 84484 records.
2026-10-07T03:57:25Z INFO [151/500] 4db3633d-c90a-4eda-810f-a576bfd8ee5b: 112 chunks; 1.9 s; peak memory 1109 MiB.
2026-10-07T03:57:27Z INFO [152/500] 4db443f2-7106-4e99-a969-ab99eb6bbd17: 116 chunks; 1.7 s; peak memory 1109 MiB.
2026-10-07T03:57:48Z INFO [153/500] 4db53aa1-43aa-4b40-9dd5-87156c99552a: 4777 chunks; 21.0 s; peak memory 1109 MiB.
2026-10-07T03:57:49Z INFO [154/500] 4db57cfb-9480-4114-b815-dbf7fcaf6971: 117 chunks; 1.8 s; peak memory 1109 MiB.
2026-10-07T03:57:50Z INFO [155/500] 4db57e89-b9c8-409d-a3e9-230df7fe39ac: 49 chunks; 1.2 s; peak memory 1109 MiB.
2026-10-07T03:57:52Z INFO [156/500] 4db5b793-7d15-4c2e-b370-006f87665dbc: 46 chunks; 1.1 s; peak memory 1109 MiB.
2026-10-07T03:57:53Z INFO [157/500] 4db5c4f7-10fc-4b02-aea3-51823e393790: 48 chunks; 1.4 s; peak memory 1109 MiB.
2026-10-07T03:57:56Z INFO [158/500] 4db5e24a-a9ec-499a-bba1-47902919ab31: 71 chunks; 2.8 s; peak memory 1109 MiB.
2026-10-07T03:57:59Z INFO [159/500] 4db6067e-e17f-4ab0-8eb5-588a124325dd: 997 chunks; 3.1 s; peak memory 1109 MiB.
2026-10-07T03:58:00Z INFO [160/500] 4db6498c-dccf-45c0-9c43-0929cb3015fe: 37 chunks; 1.1 s; peak memory 1109 MiB.
2026-10-07T03:58:01Z INFO [161/500] 4db651eb-724b-43f0-bf35-6a71742c78c2: 46 chunks; 1.1 s; peak memory 1109 MiB.
2026-10-07T03:58:08Z INFO [162/500] 4db6d75f-7702-496f-b421-0614647e3565: 10843 chunks; 7.3 s; peak memory 1109 MiB.
2026-10-07T03:58:10Z INFO [163/500] 4db6ea0a-221c-432b-8199-a7342c4a617a: 117 chunks; 1.7 s; peak memory 1109 MiB.
2026-10-07T03:58:12Z INFO [164/500] 4db8409e-fd93-47c9-87d6-57e2de7a7ec8: 116 chunks; 1.7 s; peak memory 1109 MiB.
2026-10-07T03:58:41Z INFO [165/500] 4db9f9ec-5b34-4c90-b2a3-854f369eba5e: 43853 chunks; 28.8 s; peak memory 1109 MiB.
2026-10-07T03:58:43Z INFO [166/500] 4db9fc57-3706-4ddc-9a7a-ce67ee185783: 64 chunks; 2.0 s; peak memory 1109 MiB.
2026-10-07T03:58:44Z INFO [167/500] 4dbaa210-6bf1-4860-9ffb-22e4b1b224d5: 112 chunks; 1.6 s; peak memory 1109 MiB.
2026-10-07T03:58:47Z INFO [168/500] 4dbb9972-026f-4d07-9e64-35a6d6bb22a1: 1061 chunks; 3.4 s; peak memory 1109 MiB.
2026-10-07T03:58:50Z INFO [169/500] 4dbd2c79-0fbe-4c06-b271-a95973caaab9: 76 chunks; 2.1 s; peak memory 1109 MiB.
2026-10-07T03:58:51Z INFO [170/500] 4dbf0f68-6845-4f57-a604-32e5f0d13bf8: 48 chunks; 1.5 s; peak memory 1109 MiB.
2026-10-07T04:29:44Z INFO [171/500] 4dc030e6-07b1-4288-b0cd-2e23b12f2156: 543940 chunks; 1853.4 s; peak memory 1196 MiB.
2026-10-07T04:29:46Z INFO [172/500] 4dc1fcc3-07e0-4809-ae1c-0bab0b553270: 66 chunks; 2.0 s; peak memory 1196 MiB.
2026-10-07T04:29:48Z INFO [173/500] 4dc2073e-ac40-41e9-994c-7a390340a810: 78 chunks; 1.8 s; peak memory 1196 MiB.
2026-10-07T04:29:50Z INFO [174/500] 4dc2188d-9384-4af3-9467-f43464b8d9fa: 117 chunks; 1.9 s; peak memory 1196 MiB.
2026-10-07T04:29:53Z INFO [175/500] 4dc2bb16-62af-48e9-ba9c-b19d94c1d8dc: 90 chunks; 3.1 s; peak memory 1196 MiB.
2026-10-07T04:30:43Z INFO [176/500] 4dc3947d-0a8b-4af3-8adf-481213a3a34e: 2906 chunks; 50.2 s; peak memory 1196 MiB.
2026-10-07T04:30:45Z INFO [177/500] 4dc3b5e9-613c-40b4-8466-a368e0378f7a: 46 chunks; 1.2 s; peak memory 1196 MiB.
2026-10-07T04:31:07Z INFO [178/500] 4dc3e0fc-b868-40c6-836b-41c2bdd616f6: 8227 chunks; 22.3 s; peak memory 1196 MiB.
2026-10-07T04:31:09Z INFO [179/500] 4dc4631f-1ef3-4cfa-a98b-2b6899f807f1: 117 chunks; 1.6 s; peak memory 1196 MiB.
2026-10-07T04:31:17Z INFO [180/500] 4dc46710-0867-4fdb-8bc2-234f0b9a1b9e: 7519 chunks; 8.3 s; peak memory 1196 MiB.
2026-10-07T04:31:19Z INFO [181/500] 4dc51b61-6ee1-4997-bf43-94df4107994d: 117 chunks; 1.8 s; peak memory 1196 MiB.
2026-10-07T04:31:20Z INFO [182/500] 4dc52c83-f5a7-4980-96ef-bc2eb9962a3b: 63 chunks; 1.5 s; peak memory 1196 MiB.
2026-10-07T04:31:22Z INFO [183/500] 4dc5cb31-fb5e-46e6-8504-35200877f082: 59 chunks; 1.9 s; peak memory 1196 MiB.
2026-10-07T04:31:24Z INFO [184/500] 4dc5d81d-d452-444e-a3c9-40fe5779246d: 112 chunks; 2.2 s; peak memory 1196 MiB.
2026-10-07T04:31:26Z INFO [185/500] 4dc5d9ee-bf26-4b51-b29c-41a8d3adc9ab: 48 chunks; 1.4 s; peak memory 1196 MiB.
2026-10-07T04:31:27Z INFO [186/500] 4dc91ea9-b102-4e82-b9bc-d7902bfb6af0: 46 chunks; 1.3 s; peak memory 1196 MiB.
2026-10-07T04:31:29Z INFO [187/500] 4dc956e2-c0de-4227-853d-9cfb7ad6c90d: 66 chunks; 2.1 s; peak memory 1196 MiB.
2026-10-07T04:31:31Z INFO [188/500] 4dca8400-dc0e-43c0-94c3-bbf971df7bc3: 48 chunks; 1.5 s; peak memory 1196 MiB.
2026-10-07T04:31:32Z INFO [189/500] 4dca8a83-bb1d-411e-9d83-562c1d58bd55: 118 chunks; 1.8 s; peak memory 1196 MiB.
2026-10-07T04:31:34Z INFO [190/500] 4dcae3f3-25a5-468c-ab0d-8a8845530c5a: 117 chunks; 1.8 s; peak memory 1196 MiB.
2026-10-07T04:31:36Z INFO [191/500] 4dcb0f4e-67ed-434e-b912-d2f387361861: 84 chunks; 1.8 s; peak memory 1196 MiB.
2026-10-07T04:31:38Z INFO [192/500] 4dccd810-3898-4a26-b366-30efeabc79f9: 110 chunks; 2.3 s; peak memory 1196 MiB.
2026-10-07T04:31:40Z INFO [193/500] 4dcce674-0516-4f37-8b39-ad2576018303: 48 chunks; 1.4 s; peak memory 1196 MiB.
2026-10-07T04:31:44Z INFO [194/500] 4dcd6c7f-18a5-4451-8b79-731792a8817f: 114 chunks; 3.9 s; peak memory 1196 MiB.
2026-10-07T04:31:46Z INFO [195/500] 4dcd9b28-8aff-46e5-86e0-700e05f668ec: 62 chunks; 2.2 s; peak memory 1196 MiB.
2026-10-07T04:31:47Z INFO [196/500] 4dcea265-8d1b-4980-8dd3-f421b6513922: 48 chunks; 1.6 s; peak memory 1196 MiB.
2026-10-07T04:31:49Z INFO [197/500] 4dcebdda-3465-4250-be4e-2d94c34c13bb: 48 chunks; 1.6 s; peak memory 1196 MiB.
2026-10-07T04:31:51Z INFO [198/500] 4dcf5aa1-e50e-44a5-a9b9-a20540f0a99e: 118 chunks; 1.8 s; peak memory 1196 MiB.
2026-10-07T04:31:52Z INFO [199/500] 4dd03654-e16f-40b2-8b22-52128cf5717e: 48 chunks; 1.5 s; peak memory 1196 MiB.
2026-10-07T04:31:54Z INFO [200/500] 4dd0c0be-50b2-40d2-bb03-0c0d96b9404b: 64 chunks; 1.8 s; peak memory 1196 MiB.
2026-10-07T04:31:54Z INFO [200/500] 4dd0c0be-50b2-40d2-bb03-0c0d96b9404b: checkpointed 84534 records.
2026-10-07T04:31:56Z INFO [201/500] 4dd1af3e-19fd-4895-b40e-e6b1e3104c00: 117 chunks; 1.6 s; peak memory 1196 MiB.
2026-10-07T04:31:57Z INFO [202/500] 4dd2a9e4-0b09-4f39-845c-379977749da1: 48 chunks; 1.5 s; peak memory 1196 MiB.
2026-10-07T04:31:59Z INFO [203/500] 4dd3f9f5-7044-4617-8f0e-84e728f9302f: 69 chunks; 1.8 s; peak memory 1196 MiB.
2026-10-07T04:32:01Z INFO [204/500] 4dd503c5-ebd8-4d65-a992-ce5c25dbc35f: 62 chunks; 1.8 s; peak memory 1196 MiB.
2026-10-07T04:32:03Z INFO [205/500] 4dd50b62-ca01-43c4-a57c-efce8f060560: 67 chunks; 1.8 s; peak memory 1196 MiB.
2026-10-07T04:32:11Z INFO [206/500] 4dd5262c-577d-4cec-bf28-237cf86f7ddd: 675 chunks; 8.3 s; peak memory 1196 MiB.
2026-10-07T04:32:13Z INFO [207/500] 4dd6164e-4b27-4f40-99e4-93796ce64eed: 42 chunks; 1.5 s; peak memory 1196 MiB.
2026-10-07T04:32:14Z INFO [208/500] 4dd65ee0-2fcb-4c97-bb77-84620a6fd56f: 48 chunks; 1.6 s; peak memory 1196 MiB.
2026-10-07T04:34:56Z INFO [209/500] 4dd683ee-42eb-496c-bc2e-930fd7aaa66a: 38102 chunks; 161.9 s; peak memory 1196 MiB.
2026-10-07T04:34:58Z INFO [210/500] 4dd6a57b-6d76-47af-a11a-7a38011f0927: 117 chunks; 1.7 s; peak memory 1196 MiB.
2026-10-07T04:34:59Z INFO [211/500] 4dd6d193-534b-4a3d-be6f-8e8b0c7f4b4a: 46 chunks; 1.2 s; peak memory 1196 MiB.
2026-10-07T04:35:01Z INFO [212/500] 4dd70552-9d71-4a3d-8886-42b9ebf1a8fc: 72 chunks; 1.5 s; peak memory 1196 MiB.
2026-10-07T04:35:03Z INFO [213/500] 4dd963fd-5e2a-43bf-8706-e2739466563a: 101 chunks; 2.4 s; peak memory 1196 MiB.
2026-10-07T04:35:05Z INFO [214/500] 4ddad476-719b-425c-85cf-626e7ccdd793: 112 chunks; 2.1 s; peak memory 1196 MiB.
2026-10-07T04:35:07Z INFO [215/500] 4ddcc519-df4e-40a8-acec-151f1cb4ab41: 71 chunks; 2.0 s; peak memory 1196 MiB.
2026-10-07T04:35:14Z INFO [216/500] 4ddccf1d-7a88-4165-b92d-2c2e32374f7c: 1556 chunks; 7.0 s; peak memory 1196 MiB.
2026-10-07T04:35:16Z INFO [217/500] 4ddcfd45-34be-44f5-96db-bcc91ce879fb: 48 chunks; 1.5 s; peak memory 1196 MiB.
2026-10-07T04:35:19Z INFO [218/500] 4dddea02-2272-41fe-895b-2afe32e26f47: 335 chunks; 3.1 s; peak memory 1196 MiB.
2026-10-07T04:35:21Z INFO [219/500] 4dde1b9a-f7c5-4905-825e-f76c9e3515e9: 68 chunks; 1.6 s; peak memory 1196 MiB.
2026-10-07T04:35:22Z INFO [220/500] 4dde1ee1-834a-4ca5-aec2-3c3feb0f09b9: 84 chunks; 1.8 s; peak memory 1196 MiB.
2026-10-07T04:35:24Z INFO [221/500] 4dde8f21-822b-4fe9-aa9b-48a0a4ed8fc1: 44 chunks; 1.2 s; peak memory 1196 MiB.
2026-10-07T04:35:26Z INFO [222/500] 4dded9b7-24e7-4d61-8913-ff5dcd5926ea: 118 chunks; 2.7 s; peak memory 1196 MiB.
2026-10-07T04:35:29Z INFO [223/500] 4ddfa213-431f-4cb2-86b5-f3bb62cbcfff: 66 chunks; 2.2 s; peak memory 1196 MiB.
2026-10-07T04:35:30Z INFO [224/500] 4ddfae0b-ce9b-4157-ad52-dffbe7a7d2f4: 77 chunks; 1.7 s; peak memory 1196 MiB.
2026-10-07T04:35:32Z INFO [225/500] 4de0260d-ef7e-49eb-a8f6-60df51d8ffe9: 112 chunks; 1.9 s; peak memory 1196 MiB.
2026-10-07T04:35:35Z INFO [226/500] 4de03a72-cac7-4700-a621-127bcd8772c5: 115 chunks; 3.3 s; peak memory 1196 MiB.
2026-10-07T04:35:37Z INFO [227/500] 4de0b56f-2c1a-45f4-bfe8-c723bcb076f4: 52 chunks; 1.6 s; peak memory 1196 MiB.
2026-10-07T04:35:38Z INFO [228/500] 4de18123-fb01-4f39-af15-a1752b098d14: 46 chunks; 1.2 s; peak memory 1196 MiB.
2026-10-07T04:35:39Z INFO [229/500] 4de1bbad-2609-4f97-bdb3-87160c0ad510: 69 chunks; 1.3 s; peak memory 1196 MiB.
2026-10-07T04:35:41Z INFO [230/500] 4de2142f-2629-439b-8c5b-325a0bf3b6ae: 51 chunks; 1.7 s; peak memory 1196 MiB.
2026-10-07T04:35:44Z INFO [231/500] 4de24451-50f1-46f8-b0cf-bcaef020372a: 118 chunks; 2.8 s; peak memory 1196 MiB.
2026-10-07T04:35:52Z INFO [232/500] 4de33eb1-ff18-4f06-b26a-27bbddd9e3ab: 2923 chunks; 8.1 s; peak memory 1196 MiB.
2026-10-07T04:35:53Z INFO [233/500] 4de3e2d9-fcac-4dff-9900-2077021682d1: 46 chunks; 1.1 s; peak memory 1196 MiB.
2026-10-07T04:35:54Z INFO [234/500] 4de425c2-5754-4d42-acb6-91bd2adde2aa: 46 chunks; 1.2 s; peak memory 1196 MiB.
2026-10-07T04:35:56Z INFO [235/500] 4de45b94-c13d-4329-915e-bb8de00deb58: 48 chunks; 1.5 s; peak memory 1196 MiB.
2026-10-07T04:36:56Z INFO [236/500] 4de4e607-a434-4623-b49c-a8abeacc3105: 29585 chunks; 60.0 s; peak memory 1196 MiB.
2026-10-07T04:36:57Z INFO [237/500] 4de60f7f-5fae-4b61-83b8-d85f8fb48fb2: 48 chunks; 1.5 s; peak memory 1196 MiB.
2026-10-07T04:36:59Z INFO [238/500] 4de6699e-bd3d-4167-9452-710b4d0e2ad1: 69 chunks; 1.8 s; peak memory 1196 MiB.
2026-10-07T04:37:01Z INFO [239/500] 4de7ae1c-77e7-4dec-bc46-b37bf2f846c7: 63 chunks; 1.5 s; peak memory 1196 MiB.
2026-10-07T04:37:06Z INFO [240/500] 4de7d36c-7a99-4caa-9ef0-2d66645db608: 2554 chunks; 5.4 s; peak memory 1196 MiB.
2026-10-07T04:37:08Z INFO [241/500] 4de820e5-5c68-4ccd-9b49-04b8682d4928: 112 chunks; 2.2 s; peak memory 1196 MiB.
2026-10-07T04:37:10Z INFO [242/500] 4de898f7-09aa-4cbe-9c4f-68b79d61bda4: 118 chunks; 1.6 s; peak memory 1196 MiB.
2026-10-07T04:37:25Z INFO [243/500] 4de8da0f-b733-414c-8d70-31bcd8fc0b0b: 2199 chunks; 15.2 s; peak memory 1196 MiB.
2026-10-07T04:37:27Z INFO [244/500] 4de8e29e-ec75-49e3-8cfc-8d6f7441aee7: 71 chunks; 2.4 s; peak memory 1196 MiB.
2026-10-07T04:37:29Z INFO [245/500] 4de904d0-ea99-4682-bd2f-090183f3feb1: 117 chunks; 1.8 s; peak memory 1196 MiB.
2026-10-07T04:37:31Z INFO [246/500] 4de9871e-a0b2-4a47-8394-8ab00fb1e119: 110 chunks; 2.0 s; peak memory 1196 MiB.
2026-10-07T04:37:33Z INFO [247/500] 4de9e2e8-7c4f-49c0-bbe0-3fc68d48f2bd: 118 chunks; 1.6 s; peak memory 1196 MiB.
2026-10-07T04:38:02Z INFO [248/500] 4deba5db-b2cc-478f-8efd-710cd0095794: 13541 chunks; 28.7 s; peak memory 1196 MiB.
2026-10-07T04:38:03Z INFO [249/500] 4dec50aa-06e6-4fb6-964f-ecb4b0861da6: 41 chunks; 1.3 s; peak memory 1196 MiB.
2026-10-07T04:38:04Z INFO [250/500] 4dec6fb0-163f-41f4-9636-480fbb2f4561: 46 chunks; 1.2 s; peak memory 1196 MiB.
2026-10-07T04:38:04Z INFO [250/500] 4dec6fb0-163f-41f4-9636-480fbb2f4561: checkpointed 84584 records.
2026-10-07T04:38:06Z INFO [251/500] 4dec8005-9f99-4642-b4fd-d5ed800eaaa4: 52 chunks; 1.7 s; peak memory 1196 MiB.
2026-10-07T04:38:12Z INFO [252/500] 4deccabc-9c14-4e97-86bc-59bfb7081d46: 174 chunks; 6.4 s; peak memory 1196 MiB.
2026-10-07T04:38:16Z INFO [253/500] 4dedc875-8962-4a24-bc9d-f41f2cfd7a77: 119 chunks; 3.5 s; peak memory 1196 MiB.
2026-10-07T04:38:18Z INFO [254/500] 4dee88eb-2f94-4d24-be08-07e3aec5b3aa: 71 chunks; 2.1 s; peak memory 1196 MiB.
2026-10-07T04:38:26Z INFO [255/500] 4deea135-b895-4b77-8236-18210f488efa: 1059 chunks; 8.4 s; peak memory 1196 MiB.
2026-10-07T04:38:29Z INFO [256/500] 4def3f91-069b-47dd-a24e-30e9e57fb113: 112 chunks; 2.2 s; peak memory 1196 MiB.
2026-10-07T04:38:30Z INFO [257/500] 4def9611-d232-4e08-bae8-cfff15a199a4: 51 chunks; 1.8 s; peak memory 1196 MiB.
2026-10-07T04:38:36Z INFO [258/500] 4df02d7b-4184-460c-a83c-b7fd460d323e: 111 chunks; 5.2 s; peak memory 1196 MiB.
2026-10-07T04:38:37Z INFO [259/500] 4df0c707-2708-4d84-a2a1-9d8a7ff0d458: 48 chunks; 1.6 s; peak memory 1196 MiB.
2026-10-07T04:38:39Z INFO [260/500] 4df0eba0-37ea-4296-a60f-b087c7d0bac6: 65 chunks; 1.6 s; peak memory 1196 MiB.
2026-10-07T04:38:44Z INFO [261/500] 4df0fbac-eae6-4655-b867-b6422a0a36f9: 2884 chunks; 5.4 s; peak memory 1196 MiB.
2026-10-07T04:38:46Z INFO [262/500] 4df20e7a-a9c4-4364-be25-6f5d6e4907b5: 48 chunks; 1.4 s; peak memory 1196 MiB.
2026-10-07T04:38:47Z INFO [263/500] 4df2171d-2b2c-47ed-a0fe-6e7c023e2ca4: 72 chunks; 1.7 s; peak memory 1196 MiB.
2026-10-07T04:38:49Z INFO [264/500] 4df21d51-7b55-40c4-ba6c-22f61ff82f74: 65 chunks; 2.1 s; peak memory 1196 MiB.
2026-10-07T04:38:52Z INFO [265/500] 4df26aa3-aed2-421c-b239-40ad64085f17: 112 chunks; 2.2 s; peak memory 1196 MiB.
2026-10-07T04:38:53Z INFO [266/500] 4df2aed3-5e70-4e99-a537-04602f64c721: 117 chunks; 1.8 s; peak memory 1196 MiB.
2026-10-07T04:39:12Z INFO [267/500] 4df2be86-aa7f-433b-9989-e6c3887eb42a: 34412 chunks; 18.2 s; peak memory 1196 MiB.
2026-10-07T04:39:13Z INFO [268/500] 4df32d6a-4871-40c6-9691-eda6330acf0e: 66 chunks; 1.5 s; peak memory 1196 MiB.
2026-10-07T04:39:17Z INFO [269/500] 4df3b9e9-6053-47ac-9094-89856b8d9e55: 152 chunks; 3.6 s; peak memory 1196 MiB.
2026-10-07T04:39:23Z INFO [270/500] 4df3bda6-a049-4261-9920-c19988168ca7: 8206 chunks; 6.4 s; peak memory 1196 MiB.
2026-10-07T04:39:29Z INFO [271/500] 4df3e070-27cc-4c3d-8826-fcfe76a29fe4: 9357 chunks; 5.7 s; peak memory 1196 MiB.
2026-10-07T04:39:31Z INFO [272/500] 4df42719-5300-4446-b732-bb6269d31cfe: 112 chunks; 2.3 s; peak memory 1196 MiB.
2026-10-07T04:39:33Z INFO [273/500] 4df48909-f9b2-438b-8b53-d6aa8ad603b0: 41 chunks; 1.4 s; peak memory 1196 MiB.
2026-10-07T04:39:36Z INFO [274/500] 4df610f2-7baf-4304-8981-e287b547eaf9: 115 chunks; 3.3 s; peak memory 1196 MiB.
2026-10-07T04:39:38Z INFO [275/500] 4df63e0e-e769-447e-9b82-f9ec76e893ac: 112 chunks; 2.1 s; peak memory 1196 MiB.
2026-10-07T04:39:39Z INFO [276/500] 4df664ef-12fe-4592-a1eb-be943621dcca: 48 chunks; 1.4 s; peak memory 1196 MiB.
2026-10-07T04:39:41Z INFO [277/500] 4df801b9-02a6-4560-8e4a-6b226397288b: 147 chunks; 1.6 s; peak memory 1196 MiB.
2026-10-07T04:39:42Z INFO [278/500] 4dfad144-ab23-44fb-a863-0686c4e0ddff: 48 chunks; 1.4 s; peak memory 1196 MiB.
2026-10-07T04:39:45Z INFO [279/500] 4dfaf92c-6418-4136-8a4b-b32725f25d6a: 71 chunks; 2.8 s; peak memory 1196 MiB.
2026-10-07T04:39:48Z INFO [280/500] 4dfb1ab3-585f-491a-b34c-f9245e4fc703: 71 chunks; 2.4 s; peak memory 1196 MiB.
2026-10-07T04:40:14Z INFO [281/500] 4dfb6d23-bd4d-4fba-b0e4-4f6c5d0d0718: 6054 chunks; 26.3 s; peak memory 1196 MiB.
2026-10-07T04:40:18Z INFO [282/500] 4dfb9143-8a3d-4a18-aa5f-d2a06ab512f7: 101 chunks; 3.7 s; peak memory 1196 MiB.
2026-10-07T04:40:21Z INFO [283/500] 4dfc23e3-f80d-466b-959b-4b556c4d998e: 114 chunks; 3.6 s; peak memory 1196 MiB.
2026-10-07T04:40:23Z INFO [284/500] 4dfc4b3d-935b-4293-9110-a3f8a566dd52: 19 chunks; 1.4 s; peak memory 1196 MiB.
2026-10-07T04:42:53Z INFO [285/500] 4dfc6019-144d-4e08-9b32-f18585c0a2ed: 37918 chunks; 150.3 s; peak memory 1196 MiB.
2026-10-07T04:42:54Z INFO [286/500] 4dfd0ee8-5fad-43ea-9427-921ab4e4b99a: 46 chunks; 1.4 s; peak memory 1196 MiB.
2026-10-07T04:42:55Z INFO [287/500] 4dfda47d-761b-4512-b4e0-40d19331a62d: 56 chunks; 1.2 s; peak memory 1196 MiB.
2026-10-07T04:42:57Z INFO [288/500] 4dfe1463-b928-45ce-869f-1e7ac8996efe: 48 chunks; 1.4 s; peak memory 1196 MiB.
2026-10-07T04:42:58Z INFO [289/500] 4dfee3cb-c294-42e4-a45d-69e61e287831: 57 chunks; 1.3 s; peak memory 1196 MiB.
2026-10-07T04:43:06Z INFO [290/500] 4dff70ed-49bf-41fb-b73d-af5964ab4398: 193 chunks; 8.1 s; peak memory 1196 MiB.
2026-10-07T04:44:07Z INFO [291/500] 4dffdc11-0440-44e6-b287-d4545d76d28c: 25397 chunks; 60.6 s; peak memory 1196 MiB.
2026-10-07T04:44:09Z INFO [292/500] 4e001236-962b-4af6-8476-95ba18e86cfa: 117 chunks; 1.7 s; peak memory 1196 MiB.
2026-10-07T04:44:23Z INFO [293/500] 4e002a3d-8dec-49b7-930c-743a11999391: 1492 chunks; 14.6 s; peak memory 1196 MiB.
2026-10-07T04:44:25Z INFO [294/500] 4e00a616-6285-4251-8184-a148ccbcb8ca: 289 chunks; 2.2 s; peak memory 1196 MiB.
2026-10-07T04:44:27Z INFO [295/500] 4e012ed7-50ad-469d-87f8-b0ab21aa4fde: 46 chunks; 1.5 s; peak memory 1196 MiB.
2026-10-07T04:44:45Z INFO [296/500] 4e0196c9-1421-4dc0-97bd-c5b8fc8e6ac3: 428 chunks; 18.6 s; peak memory 1196 MiB.
2026-10-07T04:44:54Z INFO [297/500] 4e02162b-6f1f-441a-8c7e-1e248f023127: 13486 chunks; 8.5 s; peak memory 1196 MiB.
2026-10-07T04:44:56Z INFO [298/500] 4e023cdb-3550-476e-bb6f-bb41df60c293: 112 chunks; 2.1 s; peak memory 1196 MiB.
2026-10-07T04:45:13Z INFO [299/500] 4e028d6d-b2a9-4d06-b15f-4c750dbfb7ab: 36086 chunks; 16.7 s; peak memory 1196 MiB.
2026-10-07T04:45:25Z INFO [300/500] 4e02a144-69d2-4add-ac7a-ff7366691d2c: 33487 chunks; 12.2 s; peak memory 1196 MiB.
2026-10-07T04:45:25Z INFO [300/500] 4e02a144-69d2-4add-ac7a-ff7366691d2c: checkpointed 84634 records.
2026-10-07T04:45:27Z INFO [301/500] 4e03ba62-2b6c-4722-959e-0b0f509c00eb: 48 chunks; 1.6 s; peak memory 1196 MiB.
2026-10-07T04:45:29Z INFO [302/500] 4e0491a7-dfb4-49a8-9c00-92c0fa29b184: 118 chunks; 1.8 s; peak memory 1196 MiB.
2026-10-07T04:45:30Z INFO [303/500] 4e05d074-f445-4602-9ca8-789514348f1c: 117 chunks; 1.7 s; peak memory 1196 MiB.
2026-10-07T04:45:37Z INFO [304/500] 4e066040-1ace-4387-abf9-4f2f5454f9c9: 7032 chunks; 7.2 s; peak memory 1196 MiB.
2026-10-07T04:45:40Z INFO [305/500] 4e06a016-b8d8-4e43-9468-bb33b8f15ca4: 122 chunks; 2.3 s; peak memory 1196 MiB.
2026-10-07T04:45:41Z INFO [306/500] 4e06f93d-7c2c-4905-a66b-62912e988741: 21 chunks; 1.1 s; peak memory 1196 MiB.
2026-10-07T04:45:43Z INFO [307/500] 4e075b97-7866-4d66-b275-66fb630f8f68: 71 chunks; 2.1 s; peak memory 1196 MiB.
2026-10-07T04:45:46Z INFO [308/500] 4e089f3e-164d-40d4-9b0c-cae63447b969: 115 chunks; 3.5 s; peak memory 1196 MiB.
2026-10-07T04:45:49Z INFO [309/500] 4e0a63cc-6b0a-46e7-9cb3-f9285f757fd1: 71 chunks; 2.7 s; peak memory 1196 MiB.
2026-10-07T04:45:50Z INFO [310/500] 4e0aa72a-4a01-47fe-815e-eb9be973724a: 48 chunks; 1.4 s; peak memory 1196 MiB.
2026-10-07T04:45:52Z INFO [311/500] 4e0c5bf9-ca43-41fa-ba6c-343513808284: 118 chunks; 1.7 s; peak memory 1196 MiB.
2026-10-07T04:45:54Z INFO [312/500] 4e0d45fe-3746-4ade-b2c6-e3b78869a7d7: 66 chunks; 2.1 s; peak memory 1196 MiB.
2026-10-07T04:45:56Z INFO [313/500] 4e0df9e5-eade-43a2-8fc3-0bb5dcb680ae: 48 chunks; 1.5 s; peak memory 1196 MiB.
2026-10-07T04:45:57Z INFO [314/500] 4e0e1ca8-98ec-4dd3-89fe-18ab0a597d81: 45 chunks; 1.2 s; peak memory 1196 MiB.
2026-10-07T04:45:59Z INFO [315/500] 4e0e324e-14d0-493f-acff-ee4641c7ae6c: 117 chunks; 1.6 s; peak memory 1196 MiB.
2026-10-07T04:46:00Z INFO [316/500] 4e0e64fa-af4d-44ff-ad3a-d24a90cc84ce: 56 chunks; 1.1 s; peak memory 1196 MiB.
2026-10-07T04:46:01Z INFO [317/500] 4e0ef4e4-495b-448c-bbf3-bc614b9f4cc2: 50 chunks; 1.3 s; peak memory 1196 MiB.
2026-10-07T04:46:05Z INFO [318/500] 4e0f15c9-0319-42ed-a83b-59826c06376a: 123 chunks; 3.9 s; peak memory 1196 MiB.
2026-10-07T04:46:06Z INFO [319/500] 4e0f915e-f298-42b1-9729-2b25527d099e: 48 chunks; 1.5 s; peak memory 1196 MiB.
2026-10-07T04:46:09Z INFO [320/500] 4e0fa19c-aacb-4723-b2b9-90c53a556b98: 112 chunks; 2.2 s; peak memory 1196 MiB.
2026-10-07T04:46:12Z INFO [321/500] 4e0fe7b9-0ad7-41b3-b925-37af1286dccc: 66 chunks; 3.1 s; peak memory 1196 MiB.
2026-10-07T04:46:14Z INFO [322/500] 4e11b4b5-853f-48c4-a78f-fad01422d9ef: 261 chunks; 2.2 s; peak memory 1196 MiB.
2026-10-07T04:46:45Z INFO [323/500] 4e125f12-fe6b-4d97-9f8e-4066a587bd8d: 3220 chunks; 30.8 s; peak memory 1196 MiB.
2026-10-07T04:46:46Z INFO [324/500] 4e12b8fd-b18b-4c96-a2a0-b4bf2c6eab5c: 69 chunks; 1.8 s; peak memory 1196 MiB.
2026-10-07T04:46:49Z INFO [325/500] 4e12ca77-3760-4d9b-b392-c2fbbfae5aa5: 112 chunks; 2.1 s; peak memory 1196 MiB.
2026-10-07T04:46:50Z INFO [326/500] 4e12e35a-6b80-487f-8d69-5f2f515f1bfc: 52 chunks; 1.5 s; peak memory 1196 MiB.
2026-10-07T04:46:52Z INFO [327/500] 4e1304f2-59f3-4ecf-bf07-b2f47d6dc827: 117 chunks; 1.7 s; peak memory 1196 MiB.
2026-10-07T04:47:02Z INFO [328/500] 4e138ffc-7276-4cad-bba8-90be982dd395: 19679 chunks; 10.5 s; peak memory 1196 MiB.
2026-10-07T04:47:04Z INFO [329/500] 4e13c08a-71e6-4bc8-9e19-4e9cff8b913d: 112 chunks; 1.9 s; peak memory 1196 MiB.
2026-10-07T04:47:10Z INFO [330/500] 4e13e2b1-5617-41a4-aec8-4f3c5c59d9ea: 9899 chunks; 6.0 s; peak memory 1196 MiB.
2026-10-07T04:47:12Z INFO [331/500] 4e14e982-c5d8-444a-a740-ab5456be45ee: 48 chunks; 1.5 s; peak memory 1196 MiB.
2026-10-07T04:47:14Z INFO [332/500] 4e1530e0-b0f7-4e01-b192-bdf4a0abc938: 112 chunks; 2.7 s; peak memory 1196 MiB.
2026-10-07T04:47:16Z INFO [333/500] 4e15845a-0896-4196-8ccb-d67e8c1026bb: 48 chunks; 1.4 s; peak memory 1196 MiB.
2026-10-07T04:47:17Z INFO [334/500] 4e16278e-f3b0-4a38-92ad-512d6c1fa125: 53 chunks; 1.4 s; peak memory 1196 MiB.
2026-10-07T04:47:19Z INFO [335/500] 4e167e89-fe4a-46ef-a3ac-e420697b9139: 53 chunks; 2.2 s; peak memory 1196 MiB.
2026-10-07T04:47:21Z INFO [336/500] 4e192cdb-bc71-49ab-b19d-4c85114edefe: 48 chunks; 1.5 s; peak memory 1196 MiB.
2026-10-07T04:47:22Z INFO [337/500] 4e19fe8e-419b-44cb-828b-9300b7b767ae: 118 chunks; 1.6 s; peak memory 1196 MiB.
2026-10-07T04:47:25Z INFO [338/500] 4e1aacc9-bf9b-4019-829a-d81f244e6b39: 69 chunks; 2.1 s; peak memory 1196 MiB.
2026-10-07T04:47:26Z INFO [339/500] 4e1ba9b1-80ef-4f44-9651-ff75b7e2e416: 48 chunks; 1.4 s; peak memory 1196 MiB.
2026-10-07T04:47:28Z INFO [340/500] 4e1c8e85-a8bf-4542-926c-a8348620fdec: 117 chunks; 1.7 s; peak memory 1196 MiB.
2026-10-07T04:47:29Z INFO [341/500] 4e1d6cf0-4c90-4af4-9868-7dc473f486a4: 48 chunks; 1.6 s; peak memory 1196 MiB.
2026-10-07T04:47:31Z INFO [342/500] 4e1dcdc2-c742-44e2-9a5e-5f6117b4f586: 48 chunks; 1.4 s; peak memory 1196 MiB.
2026-10-07T04:52:01Z INFO [343/500] 4e1eb602-f9da-4d3a-8c51-cc31fcb54cf3: 144700 chunks; 270.1 s; peak memory 1196 MiB.
2026-10-07T04:52:02Z INFO [344/500] 4e1f5f58-9454-43f4-bd1e-320a702ebe11: 301 chunks; 1.5 s; peak memory 1196 MiB.
2026-10-07T04:52:04Z INFO [345/500] 4e201196-a3c7-4762-ad8c-0b38bef7521c: 48 chunks; 1.5 s; peak memory 1196 MiB.
2026-10-07T04:52:23Z INFO [346/500] 4e20b37f-5671-4568-ba85-22295ed874aa: 5681 chunks; 19.7 s; peak memory 1196 MiB.
2026-10-07T04:52:25Z INFO [347/500] 4e21f6f3-6735-4a71-a247-ed15a2ec854d: 46 chunks; 1.6 s; peak memory 1196 MiB.
2026-10-07T04:52:26Z INFO [348/500] 4e224e70-1541-44c2-83e9-26ce14c26946: 42 chunks; 1.4 s; peak memory 1196 MiB.
2026-10-07T04:52:34Z INFO [349/500] 4e24b384-80a7-4c13-b663-c3931ef7a2e2: 193 chunks; 7.7 s; peak memory 1196 MiB.
2026-10-07T04:52:41Z INFO [350/500] 4e251835-fa12-4eb4-a6f4-afc4fd1d5c40: 8546 chunks; 6.4 s; peak memory 1196 MiB.
2026-10-07T04:52:41Z INFO [350/500] 4e251835-fa12-4eb4-a6f4-afc4fd1d5c40: checkpointed 84684 records.
2026-10-07T04:52:43Z INFO [351/500] 4e258e30-9b07-4ccc-9c86-9a6fe104027d: 62 chunks; 2.2 s; peak memory 1196 MiB.
2026-10-07T04:52:51Z INFO [352/500] 4e26173a-6e79-4eb4-9c1b-2b3ff83b9cca: 9223 chunks; 7.6 s; peak memory 1196 MiB.
2026-10-07T04:53:17Z INFO [353/500] 4e263fb6-cbd5-40ac-a1a1-9a09d3e184c1: 6125 chunks; 26.2 s; peak memory 1196 MiB.
2026-10-07T04:53:19Z INFO [354/500] 4e265799-e068-444f-be81-0c3acddc1eac: 117 chunks; 1.7 s; peak memory 1196 MiB.
2026-10-07T04:53:20Z INFO [355/500] 4e276bc5-e97c-4bc2-9064-4d26d1c84ead: 66 chunks; 2.0 s; peak memory 1196 MiB.
2026-10-07T04:53:22Z INFO [356/500] 4e27cd52-458a-4beb-9aaa-ff9bd602a124: 118 chunks; 1.7 s; peak memory 1196 MiB.
2026-10-07T04:53:24Z INFO [357/500] 4e27e8b1-3327-4049-815e-d4652ea0d698: 116 chunks; 1.7 s; peak memory 1196 MiB.
2026-10-07T04:53:26Z INFO [358/500] 4e282c97-abc0-4a6c-96bf-d0425853d8ad: 117 chunks; 1.7 s; peak memory 1196 MiB.
2026-10-07T04:53:32Z INFO [359/500] 4e28b99d-ff94-48b4-ab92-23378afa122c: 7408 chunks; 6.5 s; peak memory 1196 MiB.
2026-10-07T04:53:41Z INFO [360/500] 4e29946a-b3e0-4071-9003-03fa5c878b4d: 2923 chunks; 9.2 s; peak memory 1196 MiB.
2026-10-07T04:53:43Z INFO [361/500] 4e29a352-e39c-48aa-859e-6db7454690f7: 57 chunks; 1.2 s; peak memory 1196 MiB.
2026-10-07T04:53:44Z INFO [362/500] 4e29e5e6-c073-4ca9-af7c-87bd00034afb: 48 chunks; 1.5 s; peak memory 1196 MiB.
2026-10-07T04:53:46Z INFO [363/500] 4e2a8404-9704-488d-b4f6-bc4e889274b7: 110 chunks; 2.1 s; peak memory 1196 MiB.
2026-10-07T04:53:47Z INFO [364/500] 4e2c435b-7844-4810-8855-aeef4a428b68: 46 chunks; 1.1 s; peak memory 1196 MiB.
2026-10-07T04:53:49Z INFO [365/500] 4e2c7bb4-68af-431d-b73e-b12c7199b35d: 62 chunks; 2.1 s; peak memory 1196 MiB.
2026-10-07T04:53:51Z INFO [366/500] 4e2cf1b9-56e4-4294-96c2-ef96289fa061: 59 chunks; 1.4 s; peak memory 1196 MiB.
2026-10-07T04:53:53Z INFO [367/500] 4e2d3e0a-ead9-423c-a131-3e335958a683: 110 chunks; 1.8 s; peak memory 1196 MiB.
2026-10-07T04:53:54Z INFO [368/500] 4e2dc1ec-30bb-41af-a89e-0f78e6751152: 117 chunks; 1.7 s; peak memory 1196 MiB.
2026-10-07T04:53:57Z INFO [369/500] 4e2decda-14cf-46ec-a3b1-a22642d4ea06: 118 chunks; 2.6 s; peak memory 1196 MiB.
2026-10-07T04:54:03Z INFO [370/500] 4e3009f1-1474-466e-a375-289eb8dcf7e0: 10799 chunks; 6.5 s; peak memory 1196 MiB.
2026-10-07T04:54:05Z INFO [371/500] 4e30bf01-d64d-4ae4-a3aa-62a40ce97ff0: 48 chunks; 1.4 s; peak memory 1196 MiB.
2026-10-07T04:54:06Z INFO [372/500] 4e30d936-50c0-45c8-9f54-7d98ec87500b: 73 chunks; 1.4 s; peak memory 1196 MiB.
2026-10-07T04:56:38Z INFO [373/500] 4e312846-8733-4647-bb2e-f0d05fb9dfec: 40631 chunks; 151.5 s; peak memory 1196 MiB.
2026-10-07T04:56:48Z INFO [374/500] 4e312943-326b-4f1b-a03e-45e96e42afd0: 4151 chunks; 10.4 s; peak memory 1196 MiB.
2026-10-07T04:56:50Z INFO [375/500] 4e31a983-2bb5-477a-99a3-d07ab30388df: 66 chunks; 2.1 s; peak memory 1196 MiB.
2026-10-07T04:56:52Z INFO [376/500] 4e31bdba-5e44-44de-b947-79fa93b146f3: 48 chunks; 1.4 s; peak memory 1196 MiB.
2026-10-07T04:56:58Z INFO [377/500] 4e31be29-7611-4176-ae8d-08b9c6e5bd20: 17390 chunks; 6.6 s; peak memory 1196 MiB.
2026-10-07T04:57:00Z INFO [378/500] 4e326988-07e5-4a8e-8363-c24780bb9edf: 111 chunks; 2.2 s; peak memory 1196 MiB.
2026-10-07T04:57:02Z INFO [379/500] 4e33390c-2cd1-4d8a-a2aa-da08e1c6c579: 64 chunks; 2.0 s; peak memory 1196 MiB.
2026-10-07T04:57:04Z INFO [380/500] 4e33616b-d228-4723-96ef-9a22f321d4af: 48 chunks; 1.5 s; peak memory 1196 MiB.
2026-10-07T04:57:05Z INFO [381/500] 4e34f4a0-bec6-4b65-a589-8c4937eb13d0: 56 chunks; 1.2 s; peak memory 1196 MiB.
2026-10-07T04:57:07Z INFO [382/500] 4e350c44-55cc-49fa-b41a-4eb63f657d2a: 62 chunks; 2.0 s; peak memory 1196 MiB.
2026-10-07T04:57:10Z INFO [383/500] 4e352afe-4245-47eb-a155-438bb022d480: 155 chunks; 2.8 s; peak memory 1196 MiB.
2026-10-07T04:57:23Z INFO [384/500] 4e352b91-b8df-4ce1-a4d6-49ca44c01892: 22418 chunks; 13.2 s; peak memory 1196 MiB.
2026-10-07T04:57:24Z INFO [385/500] 4e35da79-b4d6-46fd-87ea-9feaaaacff24: 21 chunks; 1.1 s; peak memory 1196 MiB.
2026-10-07T04:57:26Z INFO [386/500] 4e371eb1-fb8f-4bdf-b9c2-5135656f3410: 44 chunks; 1.5 s; peak memory 1196 MiB.
2026-10-07T04:57:27Z INFO [387/500] 4e38f952-67cd-4325-b405-aca7ade3af9a: 48 chunks; 1.5 s; peak memory 1196 MiB.
2026-10-07T04:57:30Z INFO [388/500] 4e38fe23-6b7d-4c73-8654-b817eb7cee99: 283 chunks; 2.5 s; peak memory 1196 MiB.
2026-10-07T04:57:32Z INFO [389/500] 4e392bad-f1ff-465b-a8e9-abf8c984c2cf: 112 chunks; 2.1 s; peak memory 1196 MiB.
2026-10-07T04:57:57Z INFO [390/500] 4e393fe7-44a8-40a5-a041-d4e8ba15bb5c: 6039 chunks; 25.0 s; peak memory 1196 MiB.
2026-10-07T04:57:58Z INFO [391/500] 4e3a1ede-9cbb-4f4a-a110-885f7ae5626c: 48 chunks; 1.5 s; peak memory 1196 MiB.
2026-10-07T04:58:00Z INFO [392/500] 4e3a88c9-de81-44ed-bbe8-25eb4da0dd8a: 71 chunks; 2.3 s; peak memory 1196 MiB.
2026-10-07T04:58:02Z INFO [393/500] 4e3bb2ef-fdc3-4164-892f-aecd5f61ef03: 48 chunks; 1.4 s; peak memory 1196 MiB.
2026-10-07T04:58:04Z INFO [394/500] 4e3c265a-9c6c-4b96-9705-00d363bf8aca: 117 chunks; 1.6 s; peak memory 1196 MiB.
2026-10-07T04:58:05Z INFO [395/500] 4e3d5e88-0645-49dc-a9cf-0340c87d74c7: 51 chunks; 1.2 s; peak memory 1196 MiB.
2026-10-07T04:58:06Z INFO [396/500] 4e3da782-3aab-4937-afef-4b9576b74e45: 322 chunks; 1.5 s; peak memory 1196 MiB.
2026-10-07T04:58:09Z INFO [397/500] 4e3e86b7-59b8-45de-b756-46eda6bed504: 349 chunks; 2.6 s; peak memory 1196 MiB.
2026-10-07T04:58:11Z INFO [398/500] 4e3f58d7-9d31-4f39-87f2-44f7d64a18ec: 142 chunks; 2.0 s; peak memory 1196 MiB.
2026-10-07T04:58:13Z INFO [399/500] 4e41c0c7-19e4-406c-a6ca-147cd5fe270b: 66 chunks; 2.1 s; peak memory 1196 MiB.
2026-10-07T04:58:14Z INFO [400/500] 4e42f211-0369-4cd7-926d-83a311c742e7: 33 chunks; 1.5 s; peak memory 1196 MiB.
2026-10-07T04:58:15Z INFO [400/500] 4e42f211-0369-4cd7-926d-83a311c742e7: checkpointed 84734 records.
2026-10-07T04:58:16Z INFO [401/500] 4e42f7bf-bf2b-4dd1-b5bc-276ffa096a09: 71 chunks; 1.7 s; peak memory 1196 MiB.
2026-10-07T04:58:18Z INFO [402/500] 4e43038f-872d-4e7b-8bc8-36a347bba9f9: 48 chunks; 1.3 s; peak memory 1196 MiB.
2026-10-07T04:58:23Z INFO [403/500] 4e435798-847e-4e97-a4f5-be0931f40532: 273 chunks; 5.4 s; peak memory 1196 MiB.
2026-10-07T04:58:25Z INFO [404/500] 4e439424-b0e9-4952-8519-4903719876a9: 69 chunks; 2.1 s; peak memory 1196 MiB.
2026-10-07T04:58:27Z INFO [405/500] 4e43d001-decb-41cf-9fe1-28c515d5ad97: 112 chunks; 1.8 s; peak memory 1196 MiB.
2026-10-07T04:58:28Z INFO [406/500] 4e441c8d-40cd-4ec7-aa00-4dbcb4e21651: 48 chunks; 1.6 s; peak memory 1196 MiB.
2026-10-07T04:58:37Z INFO [407/500] 4e44b5fb-efa2-49fc-b154-0fb6d525a13e: 297 chunks; 8.3 s; peak memory 1196 MiB.
2026-10-07T04:58:38Z INFO [408/500] 4e45461a-ccbf-409e-b802-67e4e2f3670e: 52 chunks; 1.2 s; peak memory 1196 MiB.
2026-10-07T04:58:40Z INFO [409/500] 4e454a7a-b376-44fa-bc1f-bb26241a7804: 52 chunks; 1.6 s; peak memory 1196 MiB.
2026-10-07T04:58:41Z INFO [410/500] 4e464b89-9689-4a99-9152-7143521a81b4: 48 chunks; 1.5 s; peak memory 1196 MiB.
2026-10-07T04:58:43Z INFO [411/500] 4e471fc1-7f0e-4cc6-b52b-773bbc66f3c2: 66 chunks; 2.1 s; peak memory 1196 MiB.
2026-10-07T04:58:45Z INFO [412/500] 4e477aae-8f13-4183-9714-07694d039e64: 69 chunks; 2.2 s; peak memory 1196 MiB.
2026-10-07T04:58:47Z INFO [413/500] 4e4853e2-aac0-4090-b97a-aade7e0990e3: 117 chunks; 1.9 s; peak memory 1196 MiB.
2026-10-07T04:58:49Z INFO [414/500] 4e4922ba-267c-4fd8-b52c-67d78399347b: 48 chunks; 1.4 s; peak memory 1196 MiB.
2026-10-07T04:58:52Z INFO [415/500] 4e4d2007-74f4-4869-b5a4-e7695f6994d0: 1061 chunks; 3.4 s; peak memory 1196 MiB.
2026-10-07T05:01:21Z INFO [416/500] 4e4eb77c-a032-419a-ab79-41afc1785c98: 38189 chunks; 149.0 s; peak memory 1196 MiB.
2026-10-07T05:01:24Z INFO [417/500] 4e4f0dc4-ace9-4260-8159-3837c6f934a6: 71 chunks; 2.6 s; peak memory 1196 MiB.
2026-10-07T05:01:26Z INFO [418/500] 4e4f15c2-f554-44b4-9b44-a834f9fe18f7: 84 chunks; 2.0 s; peak memory 1196 MiB.
2026-10-07T05:01:38Z INFO [419/500] 4e4f583c-b883-4ca9-a301-6f2ac85f4724: 9988 chunks; 12.1 s; peak memory 1196 MiB.
2026-10-07T05:01:39Z INFO [420/500] 4e4ffd80-5c20-4026-a186-e5551bd89ef4: 48 chunks; 1.5 s; peak memory 1196 MiB.
2026-10-07T05:01:41Z INFO [421/500] 4e51c146-eae9-4e5a-842e-2e8f75d77b3d: 52 chunks; 1.5 s; peak memory 1196 MiB.
2026-10-07T05:01:43Z INFO [422/500] 4e529bfd-36b5-48f4-879e-4a0c8d5b8a60: 48 chunks; 1.6 s; peak memory 1196 MiB.
2026-10-07T05:01:44Z INFO [423/500] 4e52b094-8f76-4b4a-a6a9-6b2ee2981064: 116 chunks; 1.7 s; peak memory 1196 MiB.
2026-10-07T05:01:53Z INFO [424/500] 4e5379d5-91d8-47dd-94e9-e7764d265eb5: 7109 chunks; 8.4 s; peak memory 1196 MiB.
2026-10-07T05:01:54Z INFO [425/500] 4e53cd36-d233-4f73-9c13-971e8969f0a6: 52 chunks; 1.6 s; peak memory 1196 MiB.
2026-10-07T05:01:56Z INFO [426/500] 4e54d2ce-27eb-49b0-8ec3-51e8fd0f4016: 110 chunks; 2.2 s; peak memory 1196 MiB.
2026-10-07T05:01:58Z INFO [427/500] 4e5556a6-9705-4766-aa96-664ab333d611: 112 chunks; 2.0 s; peak memory 1196 MiB.
2026-10-07T05:02:00Z INFO [428/500] 4e558011-559b-449a-86d0-88f1ccc8c713: 101 chunks; 1.6 s; peak memory 1196 MiB.
2026-10-07T05:02:02Z INFO [429/500] 4e558b11-c4b5-4855-9e6b-87d9d73868cc: 204 chunks; 2.4 s; peak memory 1196 MiB.
2026-10-07T05:10:37Z INFO [430/500] 4e55c7e1-6e7f-4cf8-af4f-7251946811c4: 266768 chunks; 514.6 s; peak memory 1196 MiB.
2026-10-07T05:10:39Z INFO [431/500] 4e562444-b055-4cc6-a1cd-b597adf8d47a: 84 chunks; 2.0 s; peak memory 1196 MiB.
2026-10-07T05:10:40Z INFO [432/500] 4e56b949-4400-4e89-bac5-37384b5ff1fe: 48 chunks; 1.5 s; peak memory 1196 MiB.
2026-10-07T05:10:44Z INFO [433/500] 4e5707bb-d9ce-4782-b86f-5cd9348e6d54: 114 chunks; 3.6 s; peak memory 1196 MiB.
2026-10-07T05:10:46Z INFO [434/500] 4e5710ef-00ca-4bd7-9a7f-17e24405aec0: 112 chunks; 2.3 s; peak memory 1196 MiB.
2026-10-07T05:10:49Z INFO [435/500] 4e57997a-82e8-402c-ae0f-d0fff9248d80: 110 chunks; 2.4 s; peak memory 1196 MiB.
2026-10-07T05:10:51Z INFO [436/500] 4e58c6f3-9ed4-42b6-ac99-b54afb9c0c5a: 112 chunks; 2.0 s; peak memory 1196 MiB.
2026-10-07T05:10:54Z INFO [437/500] 4e58d55c-8be5-4daa-ad01-65c3cb27ce2a: 448 chunks; 3.6 s; peak memory 1196 MiB.
2026-10-07T05:11:15Z INFO [438/500] 4e5998e0-ecef-4b94-90b9-9db02e455337: 4705 chunks; 21.1 s; peak memory 1196 MiB.
2026-10-07T05:11:17Z INFO [439/500] 4e59d6e9-05b3-40e1-8ada-c92c7e45855e: 48 chunks; 1.6 s; peak memory 1196 MiB.
2026-10-07T05:11:33Z INFO [440/500] 4e5af904-0726-4feb-86eb-d9ff9d69a97d: 420 chunks; 16.1 s; peak memory 1196 MiB.
2026-10-07T05:11:36Z INFO [441/500] 4e5bb592-2343-4d6e-87e8-89818b734c83: 71 chunks; 2.9 s; peak memory 1196 MiB.
2026-10-07T05:11:38Z INFO [442/500] 4e5c0a5f-b7f3-46a4-a1e8-536ce13c57ed: 67 chunks; 2.2 s; peak memory 1196 MiB.
2026-10-07T05:11:40Z INFO [443/500] 4e5cde64-6a41-4534-93ac-2e452b0e6a7e: 52 chunks; 1.7 s; peak memory 1196 MiB.
2026-10-07T05:11:41Z INFO [444/500] 4e5cfbd7-c60f-4c22-8276-3f61dcf5a6da: 48 chunks; 1.5 s; peak memory 1196 MiB.
2026-10-07T05:11:43Z INFO [445/500] 4e5dd2bd-28fd-490b-8137-4544d5eb0e6e: 68 chunks; 1.7 s; peak memory 1196 MiB.
2026-10-07T05:11:45Z INFO [446/500] 4e5e9845-23de-4b0c-adf8-b326ccfbcf9e: 117 chunks; 2.0 s; peak memory 1196 MiB.
2026-10-07T05:11:57Z INFO [447/500] 4e5ef21f-8dfd-4a80-b06b-eeedc5f7742e: 424 chunks; 11.8 s; peak memory 1196 MiB.
2026-10-07T05:12:05Z INFO [448/500] 4e609e50-e81c-44dd-b5dd-3b17dda2c420: 193 chunks; 8.0 s; peak memory 1196 MiB.
2026-10-07T05:12:07Z INFO [449/500] 4e60d175-a9ef-4fb2-9fd1-8408f4b9798e: 64 chunks; 2.4 s; peak memory 1196 MiB.
2026-10-07T05:12:09Z INFO [450/500] 4e61711c-fbb7-47b6-8aba-6dc7211c7d0c: 48 chunks; 1.5 s; peak memory 1196 MiB.
2026-10-07T05:12:09Z INFO [450/500] 4e61711c-fbb7-47b6-8aba-6dc7211c7d0c: checkpointed 84784 records.
2026-10-07T05:12:33Z INFO [451/500] 4e61a53d-b680-444b-8d6b-09764f8922e7: 11621 chunks; 23.8 s; peak memory 1196 MiB.
2026-10-07T05:12:35Z INFO [452/500] 4e61af30-39ac-4eda-906d-08d601e6c390: 66 chunks; 2.0 s; peak memory 1196 MiB.
2026-10-07T05:12:40Z INFO [453/500] 4e61e9ac-54fe-4970-a66c-b8f7515f70b8: 1972 chunks; 4.8 s; peak memory 1196 MiB.
2026-10-07T05:12:41Z INFO [454/500] 4e620087-994b-41aa-b8c2-63ffb1aa206e: 112 chunks; 1.8 s; peak memory 1196 MiB.
2026-10-07T05:12:47Z INFO [455/500] 4e628f15-68b9-4933-9134-7afa7465505e: 308 chunks; 5.8 s; peak memory 1196 MiB.
2026-10-07T05:12:49Z INFO [456/500] 4e63655b-9578-4643-9a39-05ad31fedf39: 48 chunks; 1.3 s; peak memory 1196 MiB.
2026-10-07T05:12:50Z INFO [457/500] 4e638c42-ff22-4a48-8a5f-8f0772897ad6: 118 chunks; 1.8 s; peak memory 1196 MiB.
2026-10-07T05:12:52Z INFO [458/500] 4e639ce7-117d-44de-b563-841181351850: 116 chunks; 1.9 s; peak memory 1196 MiB.
2026-10-07T05:12:54Z INFO [459/500] 4e63bd5f-bf1c-4b5f-8d9f-235a84e0e094: 48 chunks; 1.3 s; peak memory 1196 MiB.
2026-10-07T05:12:55Z INFO [460/500] 4e6488fd-9342-4259-a49b-f698cdea0e50: 48 chunks; 1.4 s; peak memory 1196 MiB.
2026-10-07T05:12:56Z INFO [461/500] 4e64c4d8-44d1-436f-a665-9f4c59aeda20: 44 chunks; 1.1 s; peak memory 1196 MiB.
2026-10-07T05:12:57Z INFO [462/500] 4e66e98e-f16e-4332-96be-908d4d8a06a2: 41 chunks; 1.3 s; peak memory 1196 MiB.
2026-10-07T05:12:59Z INFO [463/500] 4e66f5ea-992a-462f-a5b5-9b26c65b5327: 48 chunks; 1.5 s; peak memory 1196 MiB.
2026-10-07T05:13:13Z INFO [464/500] 4e68c5a5-88f8-41c0-9e5f-8fc6ba966a74: 14565 chunks; 14.0 s; peak memory 1196 MiB.
2026-10-07T05:13:15Z INFO [465/500] 4e68cbc2-f72e-40bf-ada6-bb1e9d7bbb72: 62 chunks; 2.0 s; peak memory 1196 MiB.
2026-10-07T05:13:16Z INFO [466/500] 4e69544d-0f6b-4d69-8a80-2050342b519e: 117 chunks; 1.6 s; peak memory 1196 MiB.
2026-10-07T05:13:18Z INFO [467/500] 4e69fb38-6eb3-41e8-b178-de18b2ce6149: 48 chunks; 1.5 s; peak memory 1196 MiB.
2026-10-07T05:18:05Z INFO [468/500] 4e6aa8db-ae5a-47e2-8e52-7029be4d6185: 75721 chunks; 286.7 s; peak memory 1196 MiB.
2026-10-07T05:18:09Z INFO [469/500] 4e6b030c-d2ff-4201-8709-dd82a653b645: 156 chunks; 4.2 s; peak memory 1196 MiB.
2026-10-07T05:18:10Z INFO [470/500] 4e6be209-1123-43a4-a8d7-8e4a001f1919: 112 chunks; 1.3 s; peak memory 1196 MiB.
2026-10-07T05:18:13Z INFO [471/500] 4e6c5cc2-2482-4689-b09c-4ac50d3d4da4: 110 chunks; 2.4 s; peak memory 1196 MiB.
2026-10-07T05:18:15Z INFO [472/500] 4e6c65b7-ad2b-498b-b938-9f2474bca7ff: 71 chunks; 2.2 s; peak memory 1196 MiB.
2026-10-07T05:42:41Z INFO [473/500] 4e6c84c7-351f-448a-ba77-af361c934c26: 1916257 chunks; 1466.0 s; peak memory 1273 MiB.
2026-10-07T05:42:47Z INFO [474/500] 4e6c924a-a83f-4991-b6cf-15943caa166c: 3029 chunks; 6.2 s; peak memory 1273 MiB.
2026-10-07T05:42:48Z INFO [475/500] 4e6ce86c-0b44-41c9-b960-f007fb85fcee: 48 chunks; 1.5 s; peak memory 1273 MiB.
2026-10-07T05:42:50Z INFO [476/500] 4e6d1b6d-4e56-4939-ae24-0177a478762d: 118 chunks; 1.8 s; peak memory 1273 MiB.
2026-10-07T05:42:52Z INFO [477/500] 4e6e6c5c-233b-4773-9c76-21b7263e5d33: 48 chunks; 1.5 s; peak memory 1273 MiB.
2026-10-07T05:42:53Z INFO [478/500] 4e6eac3c-44bb-4ea4-bde6-bf1bee246ff3: 48 chunks; 1.4 s; peak memory 1273 MiB.
2026-10-07T05:43:03Z INFO [479/500] 4e6f4451-71b0-4496-8625-cd432c89b748: 4151 chunks; 9.7 s; peak memory 1273 MiB.
2026-10-07T05:43:05Z INFO [480/500] 4e70cd72-e0bc-413f-a098-2f6ab90dad16: 72 chunks; 1.9 s; peak memory 1273 MiB.
2026-10-07T05:43:06Z INFO [481/500] 4e712767-d4eb-4f9b-9536-d438f696b8d7: 45 chunks; 1.2 s; peak memory 1273 MiB.
2026-10-07T05:43:07Z INFO [482/500] 4e7129ec-c31d-4d58-85b5-db2d57ba8827: 48 chunks; 1.5 s; peak memory 1273 MiB.
2026-10-07T05:43:09Z INFO [483/500] 4e71f8ca-d9b3-4b7a-9036-05a8b67d8510: 48 chunks; 1.4 s; peak memory 1273 MiB.
2026-10-07T05:43:10Z INFO [484/500] 4e731e03-de01-4755-94cf-7e4203372b02: 48 chunks; 1.4 s; peak memory 1273 MiB.
2026-10-07T05:43:16Z INFO [485/500] 4e737e65-cc50-4b40-91c3-5ee371983aa9: 2085 chunks; 5.9 s; peak memory 1273 MiB.
2026-10-07T05:43:18Z INFO [486/500] 4e742b1c-c655-4e2b-968f-181c261f8d04: 118 chunks; 1.7 s; peak memory 1273 MiB.
2026-10-07T05:43:35Z INFO [487/500] 4e749421-5f70-4bb0-9168-510a27a6e190: 10828 chunks; 16.8 s; peak memory 1273 MiB.
2026-10-07T05:43:36Z INFO [488/500] 4e74d87b-cc74-4e17-94e6-3eca6bacad36: 48 chunks; 1.4 s; peak memory 1273 MiB.
2026-10-07T05:43:38Z INFO [489/500] 4e74ef08-d86c-4725-a105-a7d8bd204a4a: 48 chunks; 1.5 s; peak memory 1273 MiB.
2026-10-07T05:43:39Z INFO [490/500] 4e75201e-bace-4fc1-a16c-aa089c4f6c2b: 48 chunks; 1.4 s; peak memory 1273 MiB.
2026-10-07T05:43:41Z INFO [491/500] 4e75900a-f39c-4f1a-8c3d-f8f5b012a821: 117 chunks; 2.0 s; peak memory 1273 MiB.
2026-10-07T05:43:43Z INFO [492/500] 4e7609c2-76c3-4350-aed4-bbcd3835e8db: 112 chunks; 2.0 s; peak memory 1273 MiB.
2026-10-07T05:43:45Z INFO [493/500] 4e763380-eed8-4746-837d-4349e0bef68c: 48 chunks; 1.5 s; peak memory 1273 MiB.
2026-10-07T05:43:49Z INFO [494/500] 4e76726f-fcce-4ae9-b854-a73ba280f8b3: 156 chunks; 4.2 s; peak memory 1273 MiB.
2026-10-07T05:43:51Z INFO [495/500] 4e76901e-90c7-432b-ae5b-3deaa4dd3a46: 289 chunks; 2.2 s; peak memory 1273 MiB.
2026-10-07T05:43:53Z INFO [496/500] 4e775fd4-8059-4fb8-bb32-7185e1a28f78: 117 chunks; 1.8 s; peak memory 1273 MiB.
2026-10-07T05:43:55Z INFO [497/500] 4e77972a-b3d4-4798-8e51-bb95f432d465: 118 chunks; 2.1 s; peak memory 1273 MiB.
2026-10-07T05:44:10Z INFO [498/500] 4e78280e-4859-4bb0-a396-7c6ccf268de6: 4000 chunks; 15.4 s; peak memory 1273 MiB.
2026-10-07T05:44:12Z INFO [499/500] 4e784525-e967-403f-85f1-0a09b4bb45dc: 33 chunks; 1.2 s; peak memory 1273 MiB.
2026-10-07T05:44:14Z INFO [500/500] 4e795cd1-ea3a-427d-8fa0-9139a1b5d2ad: 287 chunks; 2.6 s; peak memory 1273 MiB.
2026-10-07T05:44:15Z INFO [500/500] 4e795cd1-ea3a-427d-8fa0-9139a1b5d2ad: checkpointed 84834 records.
2026-10-07T05:44:15Z INFO Wrote 84834 records to /tmp/derivatives/valid_nwb_file_to_chunk_stats.jsonl (500 new, 0 failed) in 124.0 min (peak memory 1273 MiB).
