2026-10-10T09:20:56Z INFO Logging to /tmp/logs/update_2026-10-10T09-20-56Z.log.
2026-10-10T09:20:56Z INFO Update valid-nwb-file-to-chunk-stats (base directory /tmp).
2026-10-10T09:20:57Z INFO Processing 500 items (104334 already recorded).
2026-10-10T09:20:58Z INFO [1/500] 76f0d852-17b5-4870-a394-67f6103bfb67: 48 chunks; 1.0 s; peak memory 208 MiB.
2026-10-10T09:21:02Z INFO [2/500] 76f0e33d-5538-411d-9dfb-40806796e5b0: 2144 chunks; 3.8 s; peak memory 216 MiB.
2026-10-10T09:21:03Z INFO [3/500] 76f18469-26bc-4a25-8e9e-5e138fe7fac3: 112 chunks; 1.0 s; peak memory 217 MiB.
2026-10-10T09:21:04Z INFO [4/500] 76f1ccad-f16c-4746-ab6f-b7f59afa4751: 83 chunks; 1.0 s; peak memory 217 MiB.
2026-10-10T09:21:05Z INFO [5/500] 76f278ad-dfa0-4480-ae31-0af8eb455e0e: 112 chunks; 0.9 s; peak memory 217 MiB.
2026-10-10T09:21:07Z INFO [6/500] 76f37924-c984-491d-bc09-9f4341c0e639: 116 chunks; 1.9 s; peak memory 217 MiB.
2026-10-10T09:21:09Z INFO [7/500] 76f3a93b-ef62-4bb6-8bd5-aa6311e587f6: 218 chunks; 2.3 s; peak memory 217 MiB.
2026-10-10T09:21:10Z INFO [8/500] 76f44008-e85b-4bc5-b924-85ef3bb2eaf2: 112 chunks; 0.9 s; peak memory 217 MiB.
2026-10-10T09:21:11Z INFO [9/500] 76f49b52-f259-4f8d-bb7a-808212f7c2b0: 112 chunks; 0.9 s; peak memory 217 MiB.
2026-10-10T09:21:12Z INFO [10/500] 76f505f6-8bbf-4f2c-91d1-e54e0927f586: 43 chunks; 0.8 s; peak memory 217 MiB.
2026-10-10T09:22:23Z INFO [11/500] 76f5240d-f489-4321-bd1a-7a6841d359a3: 14345 chunks; 71.9 s; peak memory 517 MiB.
2026-10-10T09:22:24Z INFO [12/500] 76f52db5-4990-4350-9d35-ac442d8751ef: 70 chunks; 1.1 s; peak memory 517 MiB.
2026-10-10T09:22:26Z INFO [13/500] 76f66354-27da-44a7-bc6e-b1758df76bc9: 80 chunks; 2.0 s; peak memory 517 MiB.
2026-10-10T09:22:27Z INFO [14/500] 76f7bb69-caa3-4ead-b956-67648274cbc8: 112 chunks; 0.8 s; peak memory 517 MiB.
2026-10-10T09:22:32Z INFO [15/500] 76f8cdd6-9c68-442a-963f-78a7209412e8: 22084 chunks; 5.2 s; peak memory 517 MiB.
2026-10-10T09:22:34Z INFO [16/500] 76f8e6ff-6c66-419d-8ad4-5ab029e56163: 119 chunks; 1.4 s; peak memory 517 MiB.
2026-10-10T09:22:35Z INFO [17/500] 76f8fe61-02c9-4536-b8be-a7d91560c115: 125 chunks; 1.3 s; peak memory 517 MiB.
2026-10-10T09:22:36Z INFO [18/500] 76f944fe-0715-49f6-b2e3-eaebdf998d50: 112 chunks; 0.9 s; peak memory 517 MiB.
2026-10-10T09:22:37Z INFO [19/500] 76f9e68b-7dee-438f-8ba2-be36cc871b3d: 587 chunks; 1.0 s; peak memory 517 MiB.
2026-10-10T09:22:38Z INFO [20/500] 76fa19a2-a099-4dee-bee8-b836956abe01: 112 chunks; 1.0 s; peak memory 517 MiB.
2026-10-10T09:22:39Z INFO [21/500] 76fab41e-0160-4f28-9a8a-41a0f2406f01: 69 chunks; 1.0 s; peak memory 517 MiB.
2026-10-10T09:22:40Z INFO [22/500] 76fadaa8-b426-42ef-9fca-5a0131adc4e2: 48 chunks; 0.8 s; peak memory 517 MiB.
2026-10-10T09:22:41Z INFO [23/500] 76fcf92b-6681-498b-8e6e-ab9d5362af5b: 48 chunks; 0.8 s; peak memory 517 MiB.
2026-10-10T09:22:43Z INFO [24/500] 76fd27f1-a756-47f7-8c84-51af880ebfc3: 273 chunks; 2.6 s; peak memory 517 MiB.
2026-10-10T09:22:44Z INFO [25/500] 76fdff20-181c-44f7-bac5-a885292f5e59: 63 chunks; 0.7 s; peak memory 517 MiB.
2026-10-10T09:22:45Z INFO [26/500] 76fe5a7a-8b36-4dbe-8f95-02a53adf6331: 48 chunks; 0.7 s; peak memory 517 MiB.
2026-10-10T09:22:47Z INFO [27/500] 76fe6d9e-6251-47d3-a773-8b8e839ef558: 245 chunks; 2.4 s; peak memory 517 MiB.
2026-10-10T09:22:47Z INFO [28/500] 76fe8912-d7a4-490f-875a-578a45f66eb8: 46 chunks; 0.5 s; peak memory 517 MiB.
2026-10-10T09:22:49Z INFO [29/500] 76ff0309-d5d8-445c-96f1-0df3d662ffc7: 152 chunks; 1.6 s; peak memory 517 MiB.
2026-10-10T09:22:50Z INFO [30/500] 76ff6e02-afe4-4df5-9c9d-e57570eac772: 48 chunks; 0.7 s; peak memory 517 MiB.
2026-10-10T09:22:51Z INFO [31/500] 76ffa489-244a-4aa3-8992-4ecb4699a3de: 110 chunks; 1.1 s; peak memory 517 MiB.
2026-10-10T09:22:53Z INFO [32/500] 76fffaf2-630c-4ef2-a410-e1d314016a54: 115 chunks; 1.8 s; peak memory 517 MiB.
2026-10-10T09:22:53Z INFO [33/500] 77021656-0240-4d1f-90ee-1ff265b235ec: 48 chunks; 0.7 s; peak memory 517 MiB.
2026-10-10T09:22:56Z INFO [34/500] 7702de29-f50a-46a8-a1ab-fe31c9fd4c84: 184 chunks; 2.6 s; peak memory 517 MiB.
2026-10-10T09:22:57Z INFO [35/500] 77035385-6023-4a37-b262-76dc6efee72d: 117 chunks; 0.8 s; peak memory 517 MiB.
2026-10-10T09:22:57Z INFO [36/500] 77035a53-c012-4a1c-89a2-57533ad8ff15: 48 chunks; 0.7 s; peak memory 517 MiB.
2026-10-10T09:22:59Z INFO [37/500] 77039241-5fa9-415d-8cd9-574ef1f67eaf: 112 chunks; 1.1 s; peak memory 517 MiB.
2026-10-10T09:23:06Z INFO [38/500] 7703ab64-a5b2-432e-84de-f588a4ee1a39: 19347 chunks; 7.4 s; peak memory 517 MiB.
2026-10-10T09:23:07Z INFO [39/500] 770422d8-e053-4f79-ad13-237f698ea804: 117 chunks; 0.8 s; peak memory 517 MiB.
2026-10-10T09:23:08Z INFO [40/500] 7704b5cb-30be-4905-b64c-f6eb907f3f7d: 112 chunks; 1.2 s; peak memory 517 MiB.
2026-10-10T09:23:09Z INFO [41/500] 7704e821-e17f-426b-ae03-a77f4dd2c7e0: 86 chunks; 0.7 s; peak memory 517 MiB.
2026-10-10T09:23:09Z INFO [42/500] 77054bef-2de4-4c1e-ac66-8cb712e631d6: 48 chunks; 0.8 s; peak memory 517 MiB.
2026-10-10T09:23:16Z INFO [43/500] 77068f1e-359e-419a-9d53-1cebfb9be2c5: 9204 chunks; 6.3 s; peak memory 517 MiB.
2026-10-10T09:23:16Z INFO [44/500] 7708a79e-e44d-446c-9959-e7cec9619d1e: 117 chunks; 0.8 s; peak memory 517 MiB.
2026-10-10T09:23:17Z INFO [45/500] 7708c389-0ff9-45d1-8bf2-00c77eb3c4d6: 48 chunks; 0.6 s; peak memory 517 MiB.
2026-10-10T09:23:18Z INFO [46/500] 77092ebf-a5f5-4058-b2e3-6b8505f53ea1: 46 chunks; 0.8 s; peak memory 517 MiB.
2026-10-10T09:23:19Z INFO [47/500] 77097dc5-757e-4021-9ec9-f97dc107feff: 117 chunks; 0.8 s; peak memory 517 MiB.
2026-10-10T09:23:21Z INFO [48/500] 77098fd1-76c8-4b3c-9d1f-9b5934427e3c: 188 chunks; 2.1 s; peak memory 517 MiB.
2026-10-10T09:23:22Z INFO [49/500] 7709f8d3-3d4a-4b86-8e80-6617f9b24aee: 46 chunks; 1.1 s; peak memory 517 MiB.
2026-10-10T09:23:23Z INFO [50/500] 770aa674-1859-4d08-a418-94908d026341: 116 chunks; 0.8 s; peak memory 517 MiB.
2026-10-10T09:23:23Z INFO [50/500] 770aa674-1859-4d08-a418-94908d026341: checkpointed 104384 new records.
2026-10-10T09:23:24Z INFO [51/500] 770ae486-dc85-4385-8793-b3fc171ad45c: 48 chunks; 0.7 s; peak memory 517 MiB.
2026-10-10T09:23:25Z INFO [52/500] 770c5af3-5c81-443b-aa19-2880c7c5f7cc: 118 chunks; 0.8 s; peak memory 517 MiB.
2026-10-10T09:23:26Z INFO [53/500] 770c8711-4b5b-432c-b459-f480cb71e850: 261 chunks; 1.0 s; peak memory 517 MiB.
2026-10-10T09:23:26Z INFO [54/500] 770cf52e-a763-4048-bae0-546513cbfb78: 48 chunks; 0.6 s; peak memory 517 MiB.
2026-10-10T09:23:45Z INFO [55/500] 770df9b9-bacb-43e5-89cd-3866d411977c: 6140 chunks; 18.7 s; peak memory 517 MiB.
2026-10-10T09:23:47Z INFO [56/500] 770dfb71-73c4-4f63-83c6-498ed9262449: 118 chunks; 1.8 s; peak memory 517 MiB.
2026-10-10T09:23:50Z INFO [57/500] 770e641e-9ef3-40cb-83ef-d7c0c78d4748: 4028 chunks; 3.3 s; peak memory 517 MiB.
2026-10-10T09:23:51Z INFO [58/500] 770f4269-39c8-4369-9003-21d5837bb584: 69 chunks; 0.6 s; peak memory 517 MiB.
2026-10-10T09:23:54Z INFO [59/500] 770f6c4d-100a-4229-b342-fc5117fb55ad: 2485 chunks; 3.3 s; peak memory 517 MiB.
2026-10-10T09:23:55Z INFO [60/500] 770f7e6f-5bc1-45d3-84ec-9b7f1708f7c4: 168 chunks; 0.6 s; peak memory 517 MiB.
2026-10-10T09:23:55Z INFO [61/500] 77103aa5-2946-47db-a414-ed8d35baf453: 84 chunks; 0.9 s; peak memory 517 MiB.
2026-10-10T09:23:57Z INFO [62/500] 771052b3-03b6-4fd2-8604-c483825f1cfb: 114 chunks; 1.8 s; peak memory 517 MiB.
2026-10-10T09:23:58Z INFO [63/500] 77116c36-a5b8-41b6-a289-7f8759c4486f: 112 chunks; 0.9 s; peak memory 517 MiB.
2026-10-10T09:23:59Z INFO [64/500] 7711b286-8343-40e7-a53d-46e604ae233e: 112 chunks; 0.8 s; peak memory 517 MiB.
2026-10-10T09:24:03Z INFO [65/500] 7711cf23-7844-4b1f-b4db-2f8297b77b3c: 4151 chunks; 4.0 s; peak memory 517 MiB.
2026-10-10T09:24:09Z INFO [66/500] 7711f22f-b4f4-431f-bc70-461df1c1264d: 5868 chunks; 6.3 s; peak memory 517 MiB.
2026-10-10T09:24:10Z INFO [67/500] 77122811-6c37-4df8-a71a-551b01faed96: 48 chunks; 0.7 s; peak memory 517 MiB.
2026-10-10T09:24:11Z INFO [68/500] 77123d54-8586-4831-ab86-fac078c1b7d7: 48 chunks; 0.7 s; peak memory 517 MiB.
2026-10-10T09:24:12Z INFO [69/500] 77129805-c1d8-4779-a544-a472289dd032: 112 chunks; 0.8 s; peak memory 517 MiB.
2026-10-10T09:24:12Z INFO [70/500] 77139c29-1797-49a8-851a-58fbb6f7e482: 132 chunks; 0.7 s; peak memory 517 MiB.
2026-10-10T09:24:13Z INFO [71/500] 77144c79-4a84-4917-a912-17cc488db89f: 110 chunks; 0.8 s; peak memory 517 MiB.
2026-10-10T09:24:14Z INFO [72/500] 77148cd5-4af4-426e-b008-52f3e63d1a36: 36 chunks; 0.6 s; peak memory 517 MiB.
2026-10-10T09:24:20Z INFO [73/500] 7714d1f0-a108-43f0-9c86-f3501776c98a: 20583 chunks; 6.4 s; peak memory 517 MiB.
2026-10-10T09:24:22Z INFO [74/500] 77153b10-c6b2-4612-8fb2-db4fd78e56e8: 156 chunks; 2.0 s; peak memory 517 MiB.
2026-10-10T09:24:23Z INFO [75/500] 7715714d-5e29-414b-805f-bd79b6c838a1: 48 chunks; 0.8 s; peak memory 517 MiB.
2026-10-10T09:24:27Z INFO [76/500] 7716710f-c670-4ab5-9a57-c9dd84211b55: 2923 chunks; 4.1 s; peak memory 517 MiB.
2026-10-10T09:24:28Z INFO [77/500] 7716cc19-f8be-4552-821f-4c4ca7a60432: 112 chunks; 1.0 s; peak memory 517 MiB.
2026-10-10T09:24:29Z INFO [78/500] 7716f8e7-00b5-4e46-8152-f84ad2f34601: 111 chunks; 0.7 s; peak memory 517 MiB.
2026-10-10T09:24:33Z INFO [79/500] 771727ed-651f-4ce7-a9b5-0ba3d50c487b: 1034 chunks; 4.3 s; peak memory 517 MiB.
2026-10-10T09:24:34Z INFO [80/500] 7717367f-f72b-4dd9-84de-fa80b0676551: 79 chunks; 0.7 s; peak memory 517 MiB.
2026-10-10T09:24:42Z INFO [81/500] 7717e2df-b8f7-4688-8047-027f62e327ba: 12154 chunks; 7.9 s; peak memory 517 MiB.
2026-10-10T09:24:42Z INFO [82/500] 7718867e-1029-4638-9cfd-6060b86f41a8: 117 chunks; 0.8 s; peak memory 517 MiB.
2026-10-10T09:24:43Z INFO [83/500] 77192515-77f7-432b-bd2b-39f88ef9496c: 51 chunks; 0.6 s; peak memory 517 MiB.
2026-10-10T09:24:44Z INFO [84/500] 771a0e71-98e4-411a-a883-aa40836f973a: 112 chunks; 1.0 s; peak memory 517 MiB.
2026-10-10T09:24:48Z INFO [85/500] 771a29cf-72c2-4da3-8794-7f2c1af819c5: 8130 chunks; 3.7 s; peak memory 517 MiB.
2026-10-10T09:24:49Z INFO [86/500] 771a4c68-00a3-44ff-90ca-9d69c6595a8f: 117 chunks; 1.1 s; peak memory 517 MiB.
2026-10-10T09:24:49Z INFO [87/500] 771bf968-bb91-4188-8a7f-1f0570f38c70: 48 chunks; 0.7 s; peak memory 517 MiB.
2026-10-10T09:24:52Z INFO [88/500] 771da72f-704e-456b-84d6-9ff8c2ada686: 2085 chunks; 2.9 s; peak memory 517 MiB.
2026-10-10T09:24:54Z INFO [89/500] 771e0c71-1a42-4aef-a925-185125ccc8e5: 152 chunks; 1.4 s; peak memory 517 MiB.
2026-10-10T09:24:58Z INFO [90/500] 771e810c-113d-4191-9989-ca92233defe4: 9773 chunks; 4.1 s; peak memory 517 MiB.
2026-10-10T09:24:58Z INFO [91/500] 771f0bb1-3efb-4eb6-9e9c-08bc15c06bfc: 46 chunks; 0.6 s; peak memory 517 MiB.
2026-10-10T09:24:59Z INFO [92/500] 771f11e0-f6fb-47ba-b92d-c340c36fdd1a: 46 chunks; 0.5 s; peak memory 517 MiB.
2026-10-10T09:25:04Z INFO [93/500] 771f9077-a000-4ea6-964d-26452a286fcd: 5216 chunks; 4.6 s; peak memory 517 MiB.
2026-10-10T09:25:05Z INFO [94/500] 7721ec1e-986a-4239-a3a7-9c7d8bc2455b: 117 chunks; 1.0 s; peak memory 517 MiB.
2026-10-10T09:25:05Z INFO [95/500] 77223645-49c1-4fd3-a325-6f2653f53b9d: 118 chunks; 0.9 s; peak memory 517 MiB.
2026-10-10T09:25:14Z INFO [96/500] 772259f0-4d53-454d-87c4-822e42664fa0: 2083 chunks; 9.0 s; peak memory 517 MiB.
2026-10-10T09:25:15Z INFO [97/500] 77227f09-9e6e-4418-b960-ce14614a8b84: 48 chunks; 0.7 s; peak memory 517 MiB.
2026-10-10T09:25:16Z INFO [98/500] 7722863c-dc0f-4115-a20d-38cb5b230f45: 90 chunks; 0.8 s; peak memory 517 MiB.
2026-10-10T09:25:17Z INFO [99/500] 7723b3b7-2350-43f4-b517-97fdd094205d: 51 chunks; 0.7 s; peak memory 517 MiB.
2026-10-10T09:25:18Z INFO [100/500] 772436a2-865f-4de6-854c-4f4b40b0302c: 62 chunks; 1.2 s; peak memory 517 MiB.
2026-10-10T09:25:18Z INFO [100/500] 772436a2-865f-4de6-854c-4f4b40b0302c: checkpointed 104434 new records.
2026-10-10T09:25:19Z INFO [101/500] 7724bb22-37da-4d1a-8509-c6e4a57c942d: 71 chunks; 1.0 s; peak memory 517 MiB.
2026-10-10T09:25:20Z INFO [102/500] 7724c95f-cf88-4931-8c01-e5f3b64e7fc4: 48 chunks; 0.7 s; peak memory 517 MiB.
2026-10-10T09:25:21Z INFO [103/500] 7725cfab-b9ee-4be6-bb27-53aecdcae318: 117 chunks; 0.8 s; peak memory 517 MiB.
2026-10-10T09:25:21Z INFO [104/500] 77281fec-e87e-4710-a90e-d52fe8864103: 48 chunks; 0.8 s; peak memory 517 MiB.
2026-10-10T09:25:22Z INFO [105/500] 77293b9c-c21f-4aee-affe-9df4f7db02e9: 48 chunks; 0.7 s; peak memory 517 MiB.
2026-10-10T09:25:23Z INFO [106/500] 772a20a7-d2b2-40c4-81aa-7c414c78ba6c: 116 chunks; 0.8 s; peak memory 517 MiB.
2026-10-10T09:25:24Z INFO [107/500] 772b35a8-667f-4f2b-98cf-0f749c3e58c8: 118 chunks; 0.7 s; peak memory 517 MiB.
2026-10-10T09:25:25Z INFO [108/500] 772b36db-a944-467c-8574-2d0b54942b73: 112 chunks; 1.0 s; peak memory 517 MiB.
2026-10-10T09:26:58Z INFO [109/500] 772d138b-e6ce-4d14-ad55-717302123c4a: 37700 chunks; 93.0 s; peak memory 517 MiB.
2026-10-10T09:26:59Z INFO [110/500] 772e2bfb-489a-4376-b588-ad679909c226: 66 chunks; 1.1 s; peak memory 517 MiB.
2026-10-10T09:26:59Z INFO [111/500] 772e384e-718c-48e0-ad7d-ed8d36e68aeb: 69 chunks; 0.7 s; peak memory 517 MiB.
2026-10-10T09:27:00Z INFO [112/500] 772f0304-18d8-4843-8b25-80bf07593e40: 84 chunks; 1.0 s; peak memory 517 MiB.
2026-10-10T09:27:01Z INFO [113/500] 772f0f3d-8a74-45b0-9068-02fb57552d4c: 48 chunks; 0.8 s; peak memory 517 MiB.
2026-10-10T09:27:02Z INFO [114/500] 772f370b-a7a2-4eaf-b0d0-e6c31b62b461: 112 chunks; 1.1 s; peak memory 517 MiB.
2026-10-10T09:27:21Z INFO [115/500] 77306c7e-7fe0-4b3f-9a38-4a1fc2558abf: 6136 chunks; 18.4 s; peak memory 517 MiB.
2026-10-10T09:27:26Z INFO [116/500] 77306fbb-0500-410e-909a-07bd4db3aada: 17402 chunks; 5.4 s; peak memory 517 MiB.
2026-10-10T09:27:27Z INFO [117/500] 7730ce55-0a58-493b-9fea-a730748bf1cd: 112 chunks; 1.1 s; peak memory 517 MiB.
2026-10-10T09:27:28Z INFO [118/500] 77315141-5c7f-485f-b1d3-405a037f1c27: 118 chunks; 0.9 s; peak memory 517 MiB.
2026-10-10T09:27:31Z INFO [119/500] 7731f836-044d-4770-8dbb-e444dbbc0f2e: 111 chunks; 2.6 s; peak memory 517 MiB.
2026-10-10T09:27:31Z INFO [120/500] 7732020e-337e-4a1b-a246-1face81c8db0: 117 chunks; 0.7 s; peak memory 517 MiB.
2026-10-10T09:27:32Z INFO [121/500] 77321e1e-31cd-4c97-a74e-0540af451513: 48 chunks; 0.8 s; peak memory 517 MiB.
2026-10-10T09:27:33Z INFO [122/500] 77322b74-8921-46b7-bfa0-33426786e7c8: 113 chunks; 0.7 s; peak memory 517 MiB.
2026-10-10T09:27:39Z INFO [123/500] 773243c0-7260-457c-90d2-0c2ce2640bd4: 12158 chunks; 6.6 s; peak memory 517 MiB.
2026-10-10T09:27:40Z INFO [124/500] 7733a833-71b6-4f07-a5bb-acb3d3319652: 48 chunks; 0.7 s; peak memory 517 MiB.
2026-10-10T09:27:41Z INFO [125/500] 7734699e-c836-4e4f-858b-4cbe00763e97: 116 chunks; 1.0 s; peak memory 517 MiB.
2026-10-10T09:27:43Z INFO [126/500] 7734796e-b8fd-4483-8df0-acc5602549fd: 156 chunks; 2.1 s; peak memory 517 MiB.
2026-10-10T09:27:44Z INFO [127/500] 77353cc9-d898-40c0-8614-9097da4e1379: 116 chunks; 0.8 s; peak memory 517 MiB.
2026-10-10T09:27:45Z INFO [128/500] 7735e483-1167-4b08-a078-628cfbc05c29: 48 chunks; 0.6 s; peak memory 517 MiB.
2026-10-10T09:27:46Z INFO [129/500] 7735f147-5401-46be-bbe7-cc2ca4ccfbc5: 78 chunks; 1.4 s; peak memory 517 MiB.
2026-10-10T09:27:47Z INFO [130/500] 77363275-41aa-45d1-b435-4b7f8dc76e99: 70 chunks; 1.2 s; peak memory 517 MiB.
2026-10-10T09:27:48Z INFO [131/500] 77364937-d552-4c88-9d6f-288e59c9464e: 69 chunks; 0.6 s; peak memory 517 MiB.
2026-10-10T09:27:53Z INFO [132/500] 77365f90-967b-4190-ad63-9e66ac49177f: 19314 chunks; 5.4 s; peak memory 517 MiB.
2026-10-10T09:27:54Z INFO [133/500] 773677cf-c832-425d-8749-7322ee564dd0: 142 chunks; 0.7 s; peak memory 517 MiB.
2026-10-10T09:27:55Z INFO [134/500] 773790ee-c768-4402-bdf4-23bd4f1bf4d8: 52 chunks; 0.7 s; peak memory 517 MiB.
2026-10-10T09:27:55Z INFO [135/500] 773842e7-9b69-4431-a487-cd3d93cb5445: 48 chunks; 0.7 s; peak memory 517 MiB.
2026-10-10T09:27:56Z INFO [136/500] 773847af-5595-4b53-a0c8-fff207362ea6: 112 chunks; 0.7 s; peak memory 517 MiB.
2026-10-10T09:27:57Z INFO [137/500] 773a608c-3f39-4b2f-962a-c4afbe5e2eb5: 46 chunks; 0.5 s; peak memory 517 MiB.
2026-10-10T09:27:57Z INFO [138/500] 773ab39a-44b5-4ead-a459-04b26b5bfa19: 110 chunks; 0.8 s; peak memory 517 MiB.
2026-10-10T09:27:58Z INFO [139/500] 773c51f4-59da-4df9-93ae-5d984877c611: 117 chunks; 0.7 s; peak memory 517 MiB.
2026-10-10T09:28:00Z INFO [140/500] 773ce605-a18e-431f-afb6-e28cf8ff8c3a: 997 chunks; 1.5 s; peak memory 517 MiB.
2026-10-10T09:28:00Z INFO [141/500] 773d3ab7-24eb-469d-bdb2-e8027002f672: 48 chunks; 0.7 s; peak memory 517 MiB.
2026-10-10T09:28:01Z INFO [142/500] 773d929b-cc86-4380-82e1-11c58654eabd: 117 chunks; 0.9 s; peak memory 517 MiB.
2026-10-10T09:28:03Z INFO [143/500] 773dfeb8-bd87-486d-86e0-98043cc0d8c6: 71 chunks; 1.6 s; peak memory 517 MiB.
2026-10-10T09:28:22Z INFO [144/500] 773e0ac1-1597-4df9-9e46-e690e901fffc: 6055 chunks; 19.2 s; peak memory 517 MiB.
2026-10-10T09:28:23Z INFO [145/500] 773e10e3-4227-4f2a-a8b1-b4d7ce75bb4a: 74 chunks; 1.3 s; peak memory 517 MiB.
2026-10-10T09:28:38Z INFO [146/500] 773e740c-0277-458f-b159-0388998381ff: 12869 chunks; 14.4 s; peak memory 517 MiB.
2026-10-10T09:28:39Z INFO [147/500] 773ea01c-5519-409c-9f85-7199aa6b8fe2: 48 chunks; 0.8 s; peak memory 517 MiB.
2026-10-10T09:28:41Z INFO [148/500] 773f0055-71f5-4359-9a1f-f0fd0e5c7b53: 184 chunks; 2.5 s; peak memory 517 MiB.
2026-10-10T09:28:42Z INFO [149/500] 773fde29-aee1-4c0a-87d9-214e9cc80cd6: 48 chunks; 0.8 s; peak memory 517 MiB.
2026-10-10T09:28:43Z INFO [150/500] 7740508c-3198-48c5-861b-c4ec36a2e753: 117 chunks; 0.9 s; peak memory 517 MiB.
2026-10-10T09:28:43Z INFO [150/500] 7740508c-3198-48c5-861b-c4ec36a2e753: checkpointed 104484 new records.
2026-10-10T09:28:44Z INFO [151/500] 7741131d-5caa-4254-a2c7-ad3876588524: 132 chunks; 0.8 s; peak memory 517 MiB.
2026-10-10T09:28:45Z INFO [152/500] 7741f9f8-4149-439d-b245-a91231a03f9d: 116 chunks; 0.9 s; peak memory 517 MiB.
2026-10-10T09:28:46Z INFO [153/500] 7742373d-7f1f-43b1-ac0a-bdeeec7a8716: 48 chunks; 0.9 s; peak memory 517 MiB.
2026-10-10T09:28:47Z INFO [154/500] 774257a7-05dd-4295-81fa-04fe636b7909: 116 chunks; 1.0 s; peak memory 517 MiB.
2026-10-10T09:28:48Z INFO [155/500] 77431a90-72d6-46fe-9d18-a31a1481246c: 110 chunks; 1.1 s; peak memory 517 MiB.
2026-10-10T09:30:28Z INFO [156/500] 77439a2e-7f2b-4839-b610-aa8f22f813db: 40599 chunks; 99.9 s; peak memory 517 MiB.
2026-10-10T09:30:29Z INFO [157/500] 7743e961-e979-490d-b945-079e569836a2: 317 chunks; 0.9 s; peak memory 517 MiB.
2026-10-10T09:30:29Z INFO [158/500] 774411c3-fc79-4fb6-aaf6-0722509753b9: 118 chunks; 0.8 s; peak memory 517 MiB.
2026-10-10T09:30:30Z INFO [159/500] 7744f807-3e5c-4d2a-8555-10282d6ab599: 117 chunks; 0.6 s; peak memory 517 MiB.
2026-10-10T09:30:31Z INFO [160/500] 7745bae3-177f-44fd-8210-256a8a5b1242: 46 chunks; 0.7 s; peak memory 517 MiB.
2026-10-10T09:30:32Z INFO [161/500] 7745dac7-22b9-4cf3-9cea-2e3730d56732: 112 chunks; 0.9 s; peak memory 517 MiB.
2026-10-10T09:30:40Z INFO [162/500] 77466ef8-749c-4e68-aebc-566deb220e17: 11897 chunks; 8.0 s; peak memory 517 MiB.
2026-10-10T09:30:41Z INFO [163/500] 7746a0c9-1890-46d4-ace4-9080c6b843cd: 582 chunks; 1.3 s; peak memory 517 MiB.
2026-10-10T09:30:42Z INFO [164/500] 77470ae1-c7c8-4be2-b8f3-b9cb6613f894: 48 chunks; 0.7 s; peak memory 517 MiB.
2026-10-10T09:30:43Z INFO [165/500] 774746d3-532e-46ca-b7ee-f2d501d8fc59: 51 chunks; 1.3 s; peak memory 517 MiB.
2026-10-10T09:30:44Z INFO [166/500] 77480dbf-62c7-414c-9194-609791333d89: 71 chunks; 1.0 s; peak memory 517 MiB.
2026-10-10T09:30:57Z INFO [167/500] 7748b94f-4606-41eb-bae9-16bfd9655402: 31740 chunks; 13.4 s; peak memory 517 MiB.
2026-10-10T09:30:58Z INFO [168/500] 7748d74c-5355-42cd-bae5-195c5c7cf769: 46 chunks; 0.7 s; peak memory 517 MiB.
2026-10-10T09:30:59Z INFO [169/500] 77498e89-f3d3-4272-9a7e-4a23a1003235: 580 chunks; 1.2 s; peak memory 517 MiB.
2026-10-10T09:31:05Z INFO [170/500] 774a714b-4577-4925-929f-155a6ac5756e: 20058 chunks; 5.4 s; peak memory 517 MiB.
2026-10-10T09:31:05Z INFO [171/500] 774a9172-a209-4854-8c7b-e42af8d556dd: 48 chunks; 0.8 s; peak memory 517 MiB.
2026-10-10T09:31:06Z INFO [172/500] 774b7990-3379-4828-bd0d-afa36beef1ab: 48 chunks; 0.7 s; peak memory 517 MiB.
2026-10-10T09:31:10Z INFO [173/500] 774c1b85-4f44-4beb-a0bb-d49ca4cec97d: 4555 chunks; 4.1 s; peak memory 517 MiB.
2026-10-10T09:31:19Z INFO [174/500] 774c207a-df0f-4a0a-bd2b-89ab656563ab: 392 chunks; 8.9 s; peak memory 517 MiB.
2026-10-10T09:31:21Z INFO [175/500] 774c63f1-eb83-486d-a540-a0a9de543afb: 115 chunks; 1.7 s; peak memory 517 MiB.
2026-10-10T09:31:21Z INFO [176/500] 774c96ad-057e-4760-a84f-be49cdbf7501: 37 chunks; 0.4 s; peak memory 517 MiB.
2026-10-10T09:31:29Z INFO [177/500] 774d05d0-8b5d-464f-9fbf-a2f9bfcfd08a: 24647 chunks; 7.5 s; peak memory 517 MiB.
2026-10-10T09:31:29Z INFO [178/500] 774d233c-5343-4da3-bdd5-134be798abe0: 133 chunks; 0.7 s; peak memory 517 MiB.
2026-10-10T09:34:21Z INFO [179/500] 774d38e2-d13b-4846-b147-e789c59b07b3: 37805 chunks; 172.0 s; peak memory 517 MiB.
2026-10-10T09:34:29Z INFO [180/500] 774d54eb-c406-4c77-9113-82ad5035c1a9: 17035 chunks; 7.1 s; peak memory 517 MiB.
2026-10-10T09:34:29Z INFO [181/500] 774d66ac-6080-43e4-b83a-868c83a6da60: 48 chunks; 0.7 s; peak memory 517 MiB.
2026-10-10T09:34:30Z INFO [182/500] 774d7431-8682-4219-b03c-86dba61746f4: 48 chunks; 0.6 s; peak memory 517 MiB.
2026-10-10T09:34:31Z INFO [183/500] 774dc6ae-7919-4248-84d8-e69c1d8beb09: 121 chunks; 1.5 s; peak memory 517 MiB.
2026-10-10T09:34:32Z INFO [184/500] 774e75c2-b7b9-47e1-b721-e6fd32c885bf: 48 chunks; 0.7 s; peak memory 517 MiB.
2026-10-10T09:34:41Z INFO [185/500] 774ea739-5982-44e5-a14d-485a40678c0e: 8229 chunks; 9.3 s; peak memory 517 MiB.
2026-10-10T09:34:46Z INFO [186/500] 774ebe0e-5598-4973-b17c-c204726827bb: 193 chunks; 4.5 s; peak memory 517 MiB.
2026-10-10T09:38:26Z INFO [187/500] 774f6c21-a1e4-4ce4-b100-593b75d5af3a: 1916257 chunks; 219.6 s; peak memory 1420 MiB.
2026-10-10T09:38:26Z INFO [188/500] 774fc5ba-3f17-4c0c-b03f-494b81e61a93: 48 chunks; 0.7 s; peak memory 1420 MiB.
2026-10-10T09:38:39Z INFO [189/500] 774fe0a3-a7ba-4cfe-a01b-fc29a25d2b20: 25906 chunks; 12.5 s; peak memory 1420 MiB.
2026-10-10T09:38:40Z INFO [190/500] 774ff0e9-ce25-4844-a8af-57867c34683d: 121 chunks; 0.8 s; peak memory 1420 MiB.
2026-10-10T09:38:46Z INFO [191/500] 7750c16b-025f-4f8c-be3e-e67bee819dc4: 2454 chunks; 6.6 s; peak memory 1420 MiB.
2026-10-10T09:38:47Z INFO [192/500] 7750d71b-0f7a-4f49-8af1-ff5041f240e9: 112 chunks; 1.0 s; peak memory 1420 MiB.
2026-10-10T09:38:48Z INFO [193/500] 7750eff2-3933-4715-986b-40e87f6d4bce: 301 chunks; 0.8 s; peak memory 1420 MiB.
2026-10-10T09:39:40Z INFO [194/500] 77517765-e154-451c-9563-2fe20311509d: 60249 chunks; 52.0 s; peak memory 1420 MiB.
2026-10-10T09:39:40Z INFO [195/500] 7751964d-06ea-498f-886c-4070a5e5d611: 46 chunks; 0.4 s; peak memory 1420 MiB.
2026-10-10T09:39:50Z INFO [196/500] 77529128-60c7-4b2f-b943-80a13f46769d: 2199 chunks; 9.8 s; peak memory 1420 MiB.
2026-10-10T09:39:51Z INFO [197/500] 7753f8fd-77fb-4469-9b8d-7693de8056a5: 118 chunks; 0.9 s; peak memory 1420 MiB.
2026-10-10T09:39:52Z INFO [198/500] 77543c26-5186-48ce-9029-12bf5a4ad9f5: 39 chunks; 0.8 s; peak memory 1420 MiB.
2026-10-10T09:39:52Z INFO [199/500] 77550ba4-203a-4859-82ef-533c9e3fcfcb: 48 chunks; 0.7 s; peak memory 1420 MiB.
2026-10-10T09:39:54Z INFO [200/500] 7756588d-a51d-495d-92f1-014c3f647aac: 112 chunks; 1.0 s; peak memory 1420 MiB.
2026-10-10T09:39:54Z INFO [200/500] 7756588d-a51d-495d-92f1-014c3f647aac: checkpointed 104534 new records.
2026-10-10T09:39:55Z INFO [201/500] 77565fa4-44ed-4c2b-ba9a-587b90f66180: 69 chunks; 0.9 s; peak memory 1420 MiB.
2026-10-10T09:39:55Z INFO [202/500] 77569caa-25b7-405c-85dd-c4624b845f22: 50 chunks; 0.7 s; peak memory 1420 MiB.
2026-10-10T09:39:56Z INFO [203/500] 7756a0e1-fdcc-45c5-a11d-4c9e819be544: 48 chunks; 0.7 s; peak memory 1420 MiB.
2026-10-10T09:39:57Z INFO [204/500] 775701f1-dcb1-4771-9495-333e258a111a: 112 chunks; 1.1 s; peak memory 1420 MiB.
2026-10-10T09:39:58Z INFO [205/500] 77572220-5277-4502-b1f7-5aa8dbd308f4: 31 chunks; 0.5 s; peak memory 1420 MiB.
2026-10-10T09:39:59Z INFO [206/500] 77578ccc-1955-495e-8397-abd58cd0d5fb: 69 chunks; 0.9 s; peak memory 1420 MiB.
2026-10-10T09:39:59Z INFO [207/500] 77580e9b-bf2b-452d-9052-e8cd22ce2941: 33 chunks; 0.4 s; peak memory 1420 MiB.
2026-10-10T09:40:00Z INFO [208/500] 77581485-b71c-4c7e-b356-50a632f185ec: 112 chunks; 1.1 s; peak memory 1420 MiB.
2026-10-10T09:40:07Z INFO [209/500] 7758e1b2-e4d2-4285-b8f0-34797c9d7ab2: 21060 chunks; 6.6 s; peak memory 1420 MiB.
2026-10-10T09:43:09Z INFO [210/500] 77595e0a-51cc-4a0e-96cc-a57edfeb25d1: 75435 chunks; 181.8 s; peak memory 1420 MiB.
2026-10-10T09:43:14Z INFO [211/500] 77599375-b7e4-4da4-9703-54d338bb9575: 391 chunks; 5.5 s; peak memory 1420 MiB.
2026-10-10T09:43:15Z INFO [212/500] 7759c763-ad81-4373-aee7-3a700fdc8467: 48 chunks; 0.8 s; peak memory 1420 MiB.
2026-10-10T09:43:19Z INFO [213/500] 775a070a-d52d-4c0b-a910-5f29a21f5c0a: 2148 chunks; 4.0 s; peak memory 1420 MiB.
2026-10-10T09:43:59Z INFO [214/500] 775a52db-aef2-4ecb-9bb7-4fd9c2f9048d: 3292 chunks; 40.5 s; peak memory 1420 MiB.
2026-10-10T09:44:00Z INFO [215/500] 775aac26-77f8-4bf6-95a1-301ce97b3a48: 56 chunks; 0.7 s; peak memory 1420 MiB.
2026-10-10T09:44:01Z INFO [216/500] 775ac925-f99c-40af-8328-dcf28e796c29: 65 chunks; 0.9 s; peak memory 1420 MiB.
2026-10-10T09:44:02Z INFO [217/500] 775c4b1c-bdbb-4808-83c3-dc8243f63d5c: 124 chunks; 1.1 s; peak memory 1420 MiB.
2026-10-10T09:44:05Z INFO [218/500] 775dca5c-25e8-4ada-a537-1046abddd453: 2735 chunks; 2.6 s; peak memory 1420 MiB.
2026-10-10T09:44:06Z INFO [219/500] 775e139e-c083-4c0b-ac3c-c395fad5d314: 68 chunks; 0.8 s; peak memory 1420 MiB.
2026-10-10T09:44:07Z INFO [220/500] 775ea1d3-6017-43be-9ce6-0bc99406d517: 116 chunks; 1.8 s; peak memory 1420 MiB.
2026-10-10T09:44:08Z INFO [221/500] 775efba9-bafb-4358-bf77-f39ed1db5bf6: 46 chunks; 0.6 s; peak memory 1420 MiB.
2026-10-10T09:44:09Z INFO [222/500] 775f1a92-a4de-493e-9e1a-8bf756f4a23e: 937 chunks; 1.2 s; peak memory 1420 MiB.
2026-10-10T09:44:13Z INFO [223/500] 775f2a2c-fd73-4b4e-8bf2-7f43fa50f323: 1118 chunks; 3.7 s; peak memory 1420 MiB.
2026-10-10T09:44:18Z INFO [224/500] 775f3779-14a2-4332-ab8c-71349f563c03: 15929 chunks; 5.1 s; peak memory 1420 MiB.
2026-10-10T09:44:19Z INFO [225/500] 776176b7-ee5f-4a35-a7da-0c9a58e4184a: 116 chunks; 0.7 s; peak memory 1420 MiB.
2026-10-10T09:44:22Z INFO [226/500] 77620d36-0bc7-4f48-9d26-0b943a6175f6: 740 chunks; 3.6 s; peak memory 1420 MiB.
2026-10-10T09:44:23Z INFO [227/500] 7763d8a1-013f-48f4-92ed-b41a65f77167: 48 chunks; 0.7 s; peak memory 1420 MiB.
2026-10-10T09:44:24Z INFO [228/500] 77651c47-ef1c-49f4-b4ca-b5330d3bc295: 51 chunks; 0.9 s; peak memory 1420 MiB.
2026-10-10T09:44:25Z INFO [229/500] 77654502-4fea-4f78-b4ee-696686db6a8a: 48 chunks; 0.8 s; peak memory 1420 MiB.
2026-10-10T09:44:25Z INFO [230/500] 77654ebb-6a5e-4647-a7de-07888f6cddf4: 132 chunks; 0.7 s; peak memory 1420 MiB.
2026-10-10T09:44:26Z INFO [231/500] 776721d1-d3bb-4512-aca9-4de6f617e1ed: 46 chunks; 0.6 s; peak memory 1420 MiB.
2026-10-10T09:44:27Z INFO [232/500] 7767fa5a-e5eb-49ae-9976-31d52148e14b: 110 chunks; 0.7 s; peak memory 1420 MiB.
2026-10-10T09:44:27Z INFO [233/500] 7768f129-49c5-4e1e-a366-08ff22f0b571: 45 chunks; 0.5 s; peak memory 1420 MiB.
2026-10-10T09:44:28Z INFO [234/500] 7769b9c3-ae87-4ea7-9c81-03f1ff4b4c46: 46 chunks; 0.5 s; peak memory 1420 MiB.
2026-10-10T09:44:28Z INFO [235/500] 776a0e9f-abba-40b7-9b27-e90c55597ce1: 48 chunks; 0.7 s; peak memory 1420 MiB.
2026-10-10T09:44:30Z INFO [236/500] 776a1326-dec5-47bd-947e-25867a9e87be: 146 chunks; 1.6 s; peak memory 1420 MiB.
2026-10-10T09:44:31Z INFO [237/500] 776a36c5-01f3-4576-8a68-734102da30bb: 71 chunks; 1.0 s; peak memory 1420 MiB.
2026-10-10T09:44:32Z INFO [238/500] 776a67ec-2dc4-4160-85ce-5af31264906b: 66 chunks; 0.9 s; peak memory 1420 MiB.
2026-10-10T09:44:33Z INFO [239/500] 776ae878-b9b6-416d-a5ea-cfe5056298a4: 116 chunks; 0.8 s; peak memory 1420 MiB.
2026-10-10T09:44:33Z INFO [240/500] 776b6274-187a-4524-94b7-6389af40517d: 33 chunks; 0.6 s; peak memory 1420 MiB.
2026-10-10T09:44:34Z INFO [241/500] 776bd938-028e-4cf4-b04e-4680a1b3f2ff: 289 chunks; 1.0 s; peak memory 1420 MiB.
2026-10-10T09:44:35Z INFO [242/500] 776ca597-684c-4168-8606-df5cc004be28: 48 chunks; 0.7 s; peak memory 1420 MiB.
2026-10-10T09:44:35Z INFO [243/500] 776cfa8d-e627-4ff5-9938-04c9f8c984f7: 46 chunks; 0.5 s; peak memory 1420 MiB.
2026-10-10T09:44:40Z INFO [244/500] 776d3aed-2f1b-4878-b812-b815110743be: 21 chunks; 4.6 s; peak memory 1420 MiB.
2026-10-10T09:44:41Z INFO [245/500] 776dc065-d5ee-47fd-bc2a-9a3afc456e4f: 46 chunks; 0.7 s; peak memory 1420 MiB.
2026-10-10T09:44:41Z INFO [246/500] 776eca78-4ae6-4d2e-bcd8-1204d18f950a: 118 chunks; 0.8 s; peak memory 1420 MiB.
2026-10-10T09:44:46Z INFO [247/500] 776f0e4a-d12c-48b4-af5f-0663f8636d27: 4151 chunks; 4.9 s; peak memory 1420 MiB.
2026-10-10T09:44:47Z INFO [248/500] 776f19ed-add4-4662-9770-7548127810d9: 112 chunks; 1.0 s; peak memory 1420 MiB.
2026-10-10T09:44:48Z INFO [249/500] 776f2016-dadf-4d8f-8411-ca11002a0c0e: 48 chunks; 0.9 s; peak memory 1420 MiB.
2026-10-10T09:44:49Z INFO [250/500] 776f4f86-82bc-438d-b479-71b42d766d90: 112 chunks; 0.9 s; peak memory 1420 MiB.
2026-10-10T09:44:49Z INFO [250/500] 776f4f86-82bc-438d-b479-71b42d766d90: checkpointed 104584 new records.
2026-10-10T09:44:51Z INFO [251/500] 776fda63-253e-4d2d-80eb-65017d8ca54f: 118 chunks; 1.4 s; peak memory 1420 MiB.
2026-10-10T09:44:53Z INFO [252/500] 7771082b-1b39-4e97-9656-93abfbdeb13c: 695 chunks; 2.6 s; peak memory 1420 MiB.
2026-10-10T09:44:54Z INFO [253/500] 77718df8-466d-4aef-b399-9e82fab5e321: 112 chunks; 1.1 s; peak memory 1420 MiB.
2026-10-10T09:44:56Z INFO [254/500] 7771db96-58dc-41d1-bbd1-783810309175: 116 chunks; 1.6 s; peak memory 1420 MiB.
2026-10-10T09:44:59Z INFO [255/500] 7773117e-ce4d-44cc-bf1e-dbb2992600af: 6719 chunks; 2.5 s; peak memory 1420 MiB.
2026-10-10T09:45:00Z INFO [256/500] 77731ef7-44c4-44f3-9e8f-db3382080c97: 76 chunks; 0.9 s; peak memory 1420 MiB.
2026-10-10T09:45:00Z INFO [257/500] 777339f1-d842-4ddc-a0e1-d42b938055f6: 69 chunks; 0.7 s; peak memory 1420 MiB.
2026-10-10T09:48:06Z INFO [258/500] 77734288-51f6-4f79-815a-1e5f2e489d40: 75385 chunks; 185.6 s; peak memory 1420 MiB.
2026-10-10T09:48:07Z INFO [259/500] 7773775d-341a-490c-a5b3-63d53304d3af: 118 chunks; 0.9 s; peak memory 1420 MiB.
2026-10-10T09:48:08Z INFO [260/500] 77738760-1849-4160-aa1a-a025ed3dbcda: 64 chunks; 1.0 s; peak memory 1420 MiB.
2026-10-10T09:48:09Z INFO [261/500] 7773e4bb-6100-4407-bc4c-54dd897b6d15: 48 chunks; 0.8 s; peak memory 1420 MiB.
2026-10-10T09:48:12Z INFO [262/500] 7773ffd1-5726-406c-a41a-01323e0ec8ea: 168 chunks; 3.2 s; peak memory 1420 MiB.
2026-10-10T09:48:12Z INFO [263/500] 77742e1e-9dc4-4cd6-b6f1-f93a9b200b87: 48 chunks; 0.7 s; peak memory 1420 MiB.
2026-10-10T09:48:13Z INFO [264/500] 77745d46-83ac-49ba-8248-8366f3115626: 116 chunks; 0.8 s; peak memory 1420 MiB.
2026-10-10T09:48:14Z INFO [265/500] 7776424f-da89-41af-a6c7-9b6453b5d73f: 48 chunks; 0.6 s; peak memory 1420 MiB.
2026-10-10T09:48:15Z INFO [266/500] 77773db6-130f-4ed3-bf57-af40c54e7ccd: 48 chunks; 0.7 s; peak memory 1420 MiB.
2026-10-10T09:48:15Z INFO [267/500] 77778dda-ffb1-4055-8bc1-dda9292392ce: 46 chunks; 0.5 s; peak memory 1420 MiB.
2026-10-10T09:48:16Z INFO [268/500] 77779318-1a38-44f6-8eb4-96537cd357b2: 116 chunks; 1.0 s; peak memory 1420 MiB.
2026-10-10T09:48:17Z INFO [269/500] 7777b756-2481-473b-9946-307dee167d02: 112 chunks; 0.9 s; peak memory 1420 MiB.
2026-10-10T09:49:58Z INFO [270/500] 7778275e-6a54-495a-bb66-a1e9ead76dfa: 40664 chunks; 100.6 s; peak memory 1420 MiB.
2026-10-10T09:49:58Z INFO [271/500] 7778ee4b-edd5-4f22-86f6-7b171c847538: 66 chunks; 1.0 s; peak memory 1420 MiB.
2026-10-10T09:49:59Z INFO [272/500] 7779412e-841a-460b-ba95-b634cd49fd75: 118 chunks; 0.9 s; peak memory 1420 MiB.
2026-10-10T09:50:08Z INFO [273/500] 77796f43-b091-4b3e-a8f9-2620634657ab: 2183 chunks; 8.4 s; peak memory 1420 MiB.
2026-10-10T09:50:09Z INFO [274/500] 7779c5f3-f798-4874-aaf5-627d2fb5e7c8: 112 chunks; 1.0 s; peak memory 1420 MiB.
2026-10-10T09:50:09Z INFO [275/500] 7779e263-21c6-435c-80f6-d782da42fe12: 46 chunks; 0.6 s; peak memory 1420 MiB.
2026-10-10T09:50:10Z INFO [276/500] 777a1e5f-629d-4d98-88b2-7446e5cf7d80: 112 chunks; 0.8 s; peak memory 1420 MiB.
2026-10-10T09:50:12Z INFO [277/500] 777a2ff9-29e9-4cd1-b90b-e305252189d1: 156 chunks; 2.2 s; peak memory 1420 MiB.
2026-10-10T09:50:13Z INFO [278/500] 777ae015-4236-40bf-82cf-1eabddd54252: 118 chunks; 0.8 s; peak memory 1420 MiB.
2026-10-10T09:50:14Z INFO [279/500] 777aef21-f9be-43cf-ac4f-0f108c84e5b1: 106 chunks; 1.2 s; peak memory 1420 MiB.
2026-10-10T09:50:16Z INFO [280/500] 777b2ff2-2293-4e21-9c77-0b15ac04f00a: 114 chunks; 1.7 s; peak memory 1420 MiB.
2026-10-10T09:50:25Z INFO [281/500] 777b6a41-3e9a-477a-a0ab-953c385319aa: 33774 chunks; 8.3 s; peak memory 1420 MiB.
2026-10-10T09:52:17Z INFO [282/500] 777c03f5-c9b3-461a-9e96-797aa5ddc2f1: 44787 chunks; 112.2 s; peak memory 1420 MiB.
2026-10-10T09:52:17Z INFO [283/500] 777c6a1b-66b1-4f6a-92dd-a44518995f4b: 39 chunks; 0.7 s; peak memory 1420 MiB.
2026-10-10T09:52:18Z INFO [284/500] 777ca322-f9b3-41f7-a20c-97c4cdffe5fd: 48 chunks; 0.7 s; peak memory 1420 MiB.
2026-10-10T09:52:24Z INFO [285/500] 777d35a5-614c-4dee-8166-40e8d55c6b8c: 20634 chunks; 5.9 s; peak memory 1420 MiB.
2026-10-10T09:52:31Z INFO [286/500] 777de237-b6bc-40b7-b47e-ff894dd1f2d9: 1042 chunks; 6.8 s; peak memory 1420 MiB.
2026-10-10T09:52:32Z INFO [287/500] 777de30f-4a79-4fba-8481-0c3573c4deea: 165 chunks; 1.7 s; peak memory 1420 MiB.
2026-10-10T09:52:33Z INFO [288/500] 777dfeb2-a274-4e00-8036-a76681aecaec: 112 chunks; 0.9 s; peak memory 1420 MiB.
2026-10-10T09:52:34Z INFO [289/500] 777e2207-dc9e-4c0f-8620-11f3b21d0e88: 48 chunks; 0.6 s; peak memory 1420 MiB.
2026-10-10T09:52:35Z INFO [290/500] 777e4c77-ae71-457d-8f44-d2c0bb4ebd50: 71 chunks; 1.0 s; peak memory 1420 MiB.
2026-10-10T09:52:42Z INFO [291/500] 777f87b6-b1b0-4022-98fb-d1883400f112: 15506 chunks; 6.5 s; peak memory 1420 MiB.
2026-10-10T09:52:43Z INFO [292/500] 777fbfe0-42a3-4f86-b3fe-3edca69bf9f9: 372 chunks; 1.1 s; peak memory 1420 MiB.
2026-10-10T09:52:43Z INFO [293/500] 777fec0e-4256-40aa-ba72-cbf7106b77ed: 289 chunks; 0.9 s; peak memory 1420 MiB.
2026-10-10T09:52:44Z INFO [294/500] 77800b77-b6fa-4e86-9409-fe8f6890db18: 48 chunks; 0.6 s; peak memory 1420 MiB.
2026-10-10T09:52:45Z INFO [295/500] 77813398-bcea-44ea-b8fc-4d504b1962c3: 48 chunks; 0.7 s; peak memory 1420 MiB.
2026-10-10T09:52:46Z INFO [296/500] 7781dd90-161e-464f-9931-c2a934cdbcf9: 100 chunks; 0.7 s; peak memory 1420 MiB.
2026-10-10T09:52:49Z INFO [297/500] 77821711-1a65-4dae-b4d6-ee5c190ff54a: 702 chunks; 3.9 s; peak memory 1420 MiB.
2026-10-10T09:52:50Z INFO [298/500] 7782eabe-4a5b-49fa-9e0e-9c6dc7e11697: 48 chunks; 0.7 s; peak memory 1420 MiB.
2026-10-10T09:52:51Z INFO [299/500] 778367dd-cde3-48a9-9a14-331e8f2a2837: 118 chunks; 0.8 s; peak memory 1420 MiB.
2026-10-10T09:52:52Z INFO [300/500] 77837f7a-dde8-453d-bd42-b2f2ea09964a: 68 chunks; 0.9 s; peak memory 1420 MiB.
2026-10-10T09:52:52Z INFO [300/500] 77837f7a-dde8-453d-bd42-b2f2ea09964a: checkpointed 104634 new records.
2026-10-10T09:52:57Z INFO [301/500] 7783af79-d3ce-4fc1-a81b-12fe516baead: 4133 chunks; 4.5 s; peak memory 1420 MiB.
2026-10-10T09:52:58Z INFO [302/500] 77850772-56c4-4829-9925-ae88d464183d: 69 chunks; 0.9 s; peak memory 1420 MiB.
2026-10-10T09:52:58Z INFO [303/500] 77855463-8033-47b2-944f-e622d3869e21: 48 chunks; 0.7 s; peak memory 1420 MiB.
2026-10-10T09:53:00Z INFO [304/500] 77855675-e34b-4ffe-abaf-8b215ee12713: 115 chunks; 1.7 s; peak memory 1420 MiB.
2026-10-10T09:53:01Z INFO [305/500] 77859ae4-03bc-458a-a290-52c36057a6dc: 48 chunks; 0.7 s; peak memory 1420 MiB.
2026-10-10T09:53:26Z INFO [306/500] 7785df5b-1053-466f-b372-df38128eb581: 18738 chunks; 25.2 s; peak memory 1420 MiB.
2026-10-10T09:53:30Z INFO [307/500] 7785f1f2-d638-4af0-a757-9c3cc6f5020e: 707 chunks; 4.4 s; peak memory 1420 MiB.
2026-10-10T09:53:31Z INFO [308/500] 7785f3cd-292d-43af-b1c8-cf383e7ed64b: 112 chunks; 0.7 s; peak memory 1420 MiB.
2026-10-10T09:53:32Z INFO [309/500] 77860314-f54c-41f8-8b27-0391cb7d6160: 48 chunks; 0.9 s; peak memory 1420 MiB.
2026-10-10T09:53:33Z INFO [310/500] 77861bc6-8cb8-4123-b4ed-09b2ca31f971: 212 chunks; 1.5 s; peak memory 1420 MiB.
2026-10-10T09:53:34Z INFO [311/500] 778630e8-fe8b-4a9d-a8ce-d3c6c633e154: 37 chunks; 0.6 s; peak memory 1420 MiB.
2026-10-10T09:53:35Z INFO [312/500] 77878583-37f7-4ae3-b90b-f3d00909c3bb: 65 chunks; 0.9 s; peak memory 1420 MiB.
2026-10-10T09:53:49Z INFO [313/500] 7787c215-2b10-4e69-9b9b-2eea06e986c2: 931 chunks; 13.8 s; peak memory 1420 MiB.
2026-10-10T09:53:50Z INFO [314/500] 77889775-b8ee-488b-9dd6-28f6dd7820ca: 66 chunks; 1.1 s; peak memory 1420 MiB.
2026-10-10T09:53:51Z INFO [315/500] 77889b18-344b-4e55-acde-2cbf54878b1e: 72 chunks; 0.8 s; peak memory 1420 MiB.
2026-10-10T09:53:52Z INFO [316/500] 7788a8f6-2ff2-40f1-8fd1-31079ef9b0ca: 170 chunks; 0.9 s; peak memory 1420 MiB.
2026-10-10T09:53:53Z INFO [317/500] 7788cbb6-eb93-4bfc-b5d7-e944b63a2998: 69 chunks; 1.3 s; peak memory 1420 MiB.
2026-10-10T09:53:54Z INFO [318/500] 778912dd-6f49-4190-ab4d-5a60e81e90bc: 112 chunks; 0.8 s; peak memory 1420 MiB.
2026-10-10T09:53:54Z INFO [319/500] 7789715f-c8f9-4071-9520-4b139133ef7d: 48 chunks; 0.7 s; peak memory 1420 MiB.
2026-10-10T09:53:55Z INFO [320/500] 77897899-ac84-4531-a847-e20a33200faf: 21 chunks; 0.5 s; peak memory 1420 MiB.
2026-10-10T09:53:56Z INFO [321/500] 7789b99f-8003-4110-87da-7cc609bb370d: 66 chunks; 1.1 s; peak memory 1420 MiB.
2026-10-10T09:53:57Z INFO [322/500] 778afd77-4136-4199-b9b2-4dce2ae101bc: 48 chunks; 0.7 s; peak memory 1420 MiB.
2026-10-10T09:53:57Z INFO [323/500] 778c188c-39b8-4f7d-9f7b-802f8d3c867f: 48 chunks; 0.6 s; peak memory 1420 MiB.
2026-10-10T09:53:58Z INFO [324/500] 778c3167-0cc5-4e65-89e6-d127e8cc22d9: 79 chunks; 0.9 s; peak memory 1420 MiB.
2026-10-10T09:53:59Z INFO [325/500] 778c47b1-5fa9-4bfa-b9e7-01245fcb18e4: 82 chunks; 0.8 s; peak memory 1420 MiB.
2026-10-10T09:54:06Z INFO [326/500] 778dd961-a82c-42c5-b900-14fdeea2c03c: 18569 chunks; 6.6 s; peak memory 1420 MiB.
2026-10-10T09:54:09Z INFO [327/500] 778e054c-343b-47a2-9547-34eb0a03ada6: 542 chunks; 3.1 s; peak memory 1420 MiB.
2026-10-10T09:54:10Z INFO [328/500] 778e6d75-4887-4b8d-8978-de3f3c26c3fe: 117 chunks; 0.8 s; peak memory 1420 MiB.
2026-10-10T09:54:12Z INFO [329/500] 778efffe-56b6-4b2a-ae3c-2c1b294771af: 116 chunks; 2.0 s; peak memory 1420 MiB.
2026-10-10T09:54:12Z INFO [330/500] 778f5a06-c742-439b-9522-787700c7a450: 116 chunks; 0.7 s; peak memory 1420 MiB.
2026-10-10T09:54:18Z INFO [331/500] 778faecc-f9b4-490c-a4f1-ce8c9d24298e: 391 chunks; 5.9 s; peak memory 1420 MiB.
2026-10-10T09:54:19Z INFO [332/500] 7790c815-175e-40b4-a0a5-8b5006258a71: 52 chunks; 0.9 s; peak memory 1420 MiB.
2026-10-10T09:54:20Z INFO [333/500] 77911f8a-1401-418a-b7c3-a88325690160: 48 chunks; 0.8 s; peak memory 1420 MiB.
2026-10-10T09:54:21Z INFO [334/500] 7791380c-5672-4053-a752-e73bc069afd2: 48 chunks; 0.8 s; peak memory 1420 MiB.
2026-10-10T09:54:21Z INFO [335/500] 77916ff0-c831-4844-910a-ca9075012ae6: 48 chunks; 0.6 s; peak memory 1420 MiB.
2026-10-10T09:54:39Z INFO [336/500] 7791a226-aab0-45f9-ac7f-66005d3980f3: 6054 chunks; 17.5 s; peak memory 1420 MiB.
2026-10-10T09:54:40Z INFO [337/500] 7791f195-a032-4efe-a821-83150dc563b7: 115 chunks; 1.7 s; peak memory 1420 MiB.
2026-10-10T09:54:41Z INFO [338/500] 77926699-844f-4f8c-8982-ada59ed1ebdf: 51 chunks; 0.7 s; peak memory 1420 MiB.
2026-10-10T09:54:42Z INFO [339/500] 7793cd34-f2d6-4ec7-bdb7-a6e6dd5b6245: 59 chunks; 1.0 s; peak memory 1420 MiB.
2026-10-10T09:54:43Z INFO [340/500] 7793f5df-c348-476d-9b89-122c62fb9355: 48 chunks; 0.7 s; peak memory 1420 MiB.
2026-10-10T09:54:48Z INFO [341/500] 779489e7-54c8-4d01-85eb-b2dc76a7bc3c: 14674 chunks; 5.3 s; peak memory 1420 MiB.
2026-10-10T09:54:49Z INFO [342/500] 7794f4bf-6dd7-49e3-9e73-6fba39079a9e: 48 chunks; 0.7 s; peak memory 1420 MiB.
2026-10-10T09:54:49Z INFO [343/500] 779590f1-14a2-473e-94a9-8cae98de2e0f: 48 chunks; 0.6 s; peak memory 1420 MiB.
2026-10-10T09:54:50Z INFO [344/500] 7795b64c-ac77-4075-8ace-89445636c45f: 69 chunks; 0.6 s; peak memory 1420 MiB.
2026-10-10T09:54:50Z INFO [345/500] 7795f939-5f9b-4181-8edb-6173060a85fc: 37 chunks; 0.5 s; peak memory 1420 MiB.
2026-10-10T09:54:56Z INFO [346/500] 77961c20-22be-4bf3-92a9-b632020b80ba: 4136 chunks; 5.4 s; peak memory 1420 MiB.
2026-10-10T09:54:57Z INFO [347/500] 77962366-231c-4527-8ebc-73b88182cabd: 48 chunks; 0.8 s; peak memory 1420 MiB.
2026-10-10T09:54:57Z INFO [348/500] 7797a9ed-ff93-42a5-8fe6-4e2e7f14fccd: 48 chunks; 0.7 s; peak memory 1420 MiB.
2026-10-10T09:54:58Z INFO [349/500] 7797db22-c7f3-4e06-8806-7eba188ecf6a: 68 chunks; 0.9 s; peak memory 1420 MiB.
2026-10-10T09:54:59Z INFO [350/500] 779892f5-0ab7-4f10-a948-a20e823910a4: 41 chunks; 0.7 s; peak memory 1420 MiB.
2026-10-10T09:54:59Z INFO [350/500] 779892f5-0ab7-4f10-a948-a20e823910a4: checkpointed 104684 new records.
2026-10-10T09:55:00Z INFO [351/500] 7798f539-b9d7-4a13-8255-59ad1c0a4a28: 51 chunks; 0.9 s; peak memory 1420 MiB.
2026-10-10T09:55:02Z INFO [352/500] 7799162f-f298-4024-91f0-287dd2f5f51a: 101 chunks; 2.3 s; peak memory 1420 MiB.
2026-10-10T09:55:03Z INFO [353/500] 77993ef8-2777-4a38-a89d-4b1632fc1ae6: 117 chunks; 0.8 s; peak memory 1420 MiB.
2026-10-10T09:55:04Z INFO [354/500] 779a4048-a15c-4d6d-b322-beb0ddab69b8: 67 chunks; 0.9 s; peak memory 1420 MiB.
2026-10-10T09:55:05Z INFO [355/500] 779a7b50-2e2f-40f3-8d5f-a315e288a320: 71 chunks; 1.1 s; peak memory 1420 MiB.
2026-10-10T09:55:06Z INFO [356/500] 779a889c-91ee-4104-8a61-131393f0fae1: 48 chunks; 0.6 s; peak memory 1420 MiB.
2026-10-10T09:55:06Z INFO [357/500] 779afef8-cfc6-4bf7-970d-671be0501e7f: 48 chunks; 0.6 s; peak memory 1420 MiB.
2026-10-10T09:55:08Z INFO [358/500] 779b2022-519e-437f-86d6-1ac6db1d036f: 74 chunks; 1.1 s; peak memory 1420 MiB.
2026-10-10T09:55:09Z INFO [359/500] 779b2782-20ff-489e-9833-a31f7871428e: 152 chunks; 1.3 s; peak memory 1420 MiB.
2026-10-10T09:55:09Z INFO [360/500] 779ba80c-a34e-4537-8c50-2061525a5cd5: 48 chunks; 0.6 s; peak memory 1420 MiB.
2026-10-10T09:55:15Z INFO [361/500] 779bf95a-682e-4221-8bbf-84ca51c1da99: 5834 chunks; 5.4 s; peak memory 1420 MiB.
2026-10-10T09:55:16Z INFO [362/500] 779c9331-093f-4f18-b492-a49e4a87c7aa: 62 chunks; 0.9 s; peak memory 1420 MiB.
2026-10-10T09:55:22Z INFO [363/500] 779f9f72-d509-4066-b86f-99539532aa6b: 5862 chunks; 6.0 s; peak memory 1420 MiB.
2026-10-10T09:55:23Z INFO [364/500] 77a04e2f-5b7f-4cd5-8b8b-514e9bb00520: 118 chunks; 0.8 s; peak memory 1420 MiB.
2026-10-10T09:55:30Z INFO [365/500] 77a05244-ac0b-453b-a023-ca65bf9aaf61: 420 chunks; 7.2 s; peak memory 1420 MiB.
2026-10-10T09:55:35Z INFO [366/500] 77a0d2db-b0d9-4c9f-b1a9-902673eccda0: 27987 chunks; 5.4 s; peak memory 1420 MiB.
2026-10-10T09:55:36Z INFO [367/500] 77a0e4a3-ae99-4234-9d8d-5e96c043b93a: 56 chunks; 0.6 s; peak memory 1420 MiB.
2026-10-10T09:55:37Z INFO [368/500] 77a144ec-656d-4747-b7df-c493b4df5352: 112 chunks; 0.8 s; peak memory 1420 MiB.
2026-10-10T09:55:41Z INFO [369/500] 77a189c7-eb35-4069-bea4-ea2edeee0fe5: 4151 chunks; 5.0 s; peak memory 1420 MiB.
2026-10-10T09:55:42Z INFO [370/500] 77a1d51c-3bd4-41b0-a446-88aa660b8698: 132 chunks; 0.7 s; peak memory 1420 MiB.
2026-10-10T09:55:43Z INFO [371/500] 77a2194b-b9d2-48f0-aafb-1b519f83dd01: 48 chunks; 0.7 s; peak memory 1420 MiB.
2026-10-10T09:55:44Z INFO [372/500] 77a256e0-dd96-4b60-81b4-f543f816eaf8: 48 chunks; 0.6 s; peak memory 1420 MiB.
2026-10-10T09:55:44Z INFO [373/500] 77a2dc90-cf02-4def-8f4d-28cb1a4de18e: 117 chunks; 0.7 s; peak memory 1420 MiB.
2026-10-10T09:55:45Z INFO [374/500] 77a3518b-89b4-42c9-bd64-a4c973f79bcc: 48 chunks; 0.6 s; peak memory 1420 MiB.
2026-10-10T09:55:47Z INFO [375/500] 77a3beda-f06c-446e-a211-9dd943841c3f: 153 chunks; 1.7 s; peak memory 1420 MiB.
2026-10-10T09:57:26Z INFO [376/500] 77a43e8a-d029-43ce-b4eb-463ceb83ba92: 38171 chunks; 99.0 s; peak memory 1420 MiB.
2026-10-10T09:57:26Z INFO [377/500] 77a4ef1e-5e98-42de-b792-2e744fd153fa: 41 chunks; 0.7 s; peak memory 1420 MiB.
2026-10-10T09:57:27Z INFO [378/500] 77a5fa11-d68c-4dbf-9bad-5ade1deacf13: 112 chunks; 1.0 s; peak memory 1420 MiB.
2026-10-10T09:57:28Z INFO [379/500] 77a689d8-76b0-4551-8f07-98b09764426a: 48 chunks; 0.8 s; peak memory 1420 MiB.
2026-10-10T09:57:29Z INFO [380/500] 77a7607b-1b21-4055-89c2-939fa0d72803: 48 chunks; 0.7 s; peak memory 1420 MiB.
2026-10-10T09:57:30Z INFO [381/500] 77a8706c-53b6-45b5-9a2d-b312c6731c87: 48 chunks; 0.8 s; peak memory 1420 MiB.
2026-10-10T09:57:30Z INFO [382/500] 77a897f8-fd50-4c33-b1f3-fbe5f954c212: 46 chunks; 0.6 s; peak memory 1420 MiB.
2026-10-10T09:57:31Z INFO [383/500] 77a8a01e-f5bf-443c-a1e7-dc9d1ab99152: 52 chunks; 0.7 s; peak memory 1420 MiB.
2026-10-10T09:57:32Z INFO [384/500] 77a93520-7c48-4ae6-86a0-ca5531c3401d: 42 chunks; 0.8 s; peak memory 1420 MiB.
2026-10-10T09:57:33Z INFO [385/500] 77a99d27-c0a3-49d1-92d9-c32d749ebcf2: 112 chunks; 1.0 s; peak memory 1420 MiB.
2026-10-10T09:57:42Z INFO [386/500] 77aa8a8d-2e6b-4641-9ff4-613917b219e9: 24718 chunks; 8.8 s; peak memory 1420 MiB.
2026-10-10T09:57:43Z INFO [387/500] 77aaf2c2-0356-431e-8f4a-652c2475826f: 52 chunks; 0.8 s; peak memory 1420 MiB.
2026-10-10T09:57:44Z INFO [388/500] 77ab6cbb-358e-43df-8cc4-a0e8d0506d5c: 70 chunks; 1.3 s; peak memory 1420 MiB.
2026-10-10T09:57:44Z INFO [389/500] 77abc09f-e970-48c7-8056-6b44f9d8654b: 54 chunks; 0.6 s; peak memory 1420 MiB.
2026-10-10T09:57:45Z INFO [390/500] 77acb42e-d791-4987-8ff1-f4be7b5080d9: 112 chunks; 0.8 s; peak memory 1420 MiB.
2026-10-10T09:57:46Z INFO [391/500] 77ace434-3b07-4b00-8a8a-1c434f3b45a5: 111 chunks; 0.6 s; peak memory 1420 MiB.
2026-10-10T09:57:46Z INFO [392/500] 77acf426-6799-42c8-8f50-e46a21ad1d6d: 48 chunks; 0.6 s; peak memory 1420 MiB.
2026-10-10T09:57:47Z INFO [393/500] 77ad408e-0dda-411d-9e02-c939f136f168: 117 chunks; 0.7 s; peak memory 1420 MiB.
2026-10-10T09:57:48Z INFO [394/500] 77ad6807-99e5-4d7b-9a5a-c7ddbe39184f: 48 chunks; 0.7 s; peak memory 1420 MiB.
2026-10-10T09:57:49Z INFO [395/500] 77ad6997-1bfa-46f3-830d-59c2a173b9d6: 289 chunks; 0.9 s; peak memory 1420 MiB.
2026-10-10T09:57:50Z INFO [396/500] 77af8b64-954b-4050-9d23-6e68e73a2e03: 117 chunks; 0.9 s; peak memory 1420 MiB.
2026-10-10T09:57:51Z INFO [397/500] 77b14bd5-41e5-4fbe-94cf-3a9b978fca01: 118 chunks; 1.8 s; peak memory 1420 MiB.
2026-10-10T09:57:53Z INFO [398/500] 77b183c4-ec32-4e31-9672-b1e64eaac807: 133 chunks; 2.0 s; peak memory 1420 MiB.
2026-10-10T09:57:54Z INFO [399/500] 77b21477-1a05-4814-8253-8193d2417933: 112 chunks; 0.9 s; peak memory 1420 MiB.
2026-10-10T09:57:55Z INFO [400/500] 77b26a6b-fb0a-4a74-881c-34c1adc4f23d: 54 chunks; 0.5 s; peak memory 1420 MiB.
2026-10-10T09:57:55Z INFO [400/500] 77b26a6b-fb0a-4a74-881c-34c1adc4f23d: checkpointed 104734 new records.
2026-10-10T09:58:05Z INFO [401/500] 77b278a1-a177-4b46-8922-8e1482422307: 3127 chunks; 9.6 s; peak memory 1420 MiB.
2026-10-10T09:58:06Z INFO [402/500] 77b33a6b-fbca-4e90-9c23-e1fc0b73b60b: 48 chunks; 0.8 s; peak memory 1420 MiB.
2026-10-10T09:58:06Z INFO [403/500] 77b33f1d-7aa6-411a-9455-a353bfc0c27a: 39 chunks; 0.8 s; peak memory 1420 MiB.
2026-10-10T09:58:18Z INFO [404/500] 77b42a1b-b90b-477c-8bd2-a8816da2c742: 428 chunks; 12.1 s; peak memory 1420 MiB.
2026-10-10T09:58:20Z INFO [405/500] 77b48624-f495-49fa-a7f5-c6faa25b96d4: 112 chunks; 1.0 s; peak memory 1420 MiB.
2026-10-10T09:58:20Z INFO [406/500] 77b5bc41-4d54-4398-93c6-0f801a66cdca: 63 chunks; 0.7 s; peak memory 1420 MiB.
2026-10-10T09:58:21Z INFO [407/500] 77b67c13-7f32-43bc-8b4d-d083db69e28d: 48 chunks; 0.6 s; peak memory 1420 MiB.
2026-10-10T09:58:22Z INFO [408/500] 77b6bebb-9442-4e7d-9aa4-dd8930f1e694: 66 chunks; 1.0 s; peak memory 1420 MiB.
2026-10-10T09:58:24Z INFO [409/500] 77b6c626-8350-47bc-8305-63f9c7c821a1: 85 chunks; 2.0 s; peak memory 1420 MiB.
2026-10-10T09:58:25Z INFO [410/500] 77b6d0d1-bad9-4da6-b611-aeb52f44d160: 48 chunks; 0.8 s; peak memory 1420 MiB.
2026-10-10T09:58:25Z INFO [411/500] 77b87ada-78da-4aa2-a3cf-a220baa0c5af: 48 chunks; 0.8 s; peak memory 1420 MiB.
2026-10-10T10:00:09Z INFO [412/500] 77b8edc8-97ae-49f1-b7aa-dcd5dc97ebd1: 41131 chunks; 103.5 s; peak memory 1420 MiB.
2026-10-10T10:00:20Z INFO [413/500] 77b9706c-4527-489e-bb05-7fac707df009: 8232 chunks; 11.6 s; peak memory 1420 MiB.
2026-10-10T10:00:21Z INFO [414/500] 77b982a3-7e7d-4e38-9c2e-1d0ff5c3546a: 117 chunks; 0.9 s; peak memory 1420 MiB.
2026-10-10T10:00:22Z INFO [415/500] 77b9f6ca-83a0-49a1-a8ff-5d356d41f0b6: 112 chunks; 0.9 s; peak memory 1420 MiB.
2026-10-10T10:00:23Z INFO [416/500] 77ba479d-0fa7-4a51-9a15-f31a5da20cd6: 48 chunks; 0.8 s; peak memory 1420 MiB.
2026-10-10T10:00:24Z INFO [417/500] 77ba6546-51db-4f59-88ab-e1f53e6c17d7: 48 chunks; 0.7 s; peak memory 1420 MiB.
2026-10-10T10:00:24Z INFO [418/500] 77bad4bc-6caa-4225-a2af-547e347783c7: 35 chunks; 0.5 s; peak memory 1420 MiB.
2026-10-10T10:00:25Z INFO [419/500] 77bc7527-31bb-45c1-b169-ce0cfdd487eb: 117 chunks; 1.0 s; peak memory 1420 MiB.
2026-10-10T10:00:26Z INFO [420/500] 77bc8f9e-6936-450d-9c29-0be61f0427d3: 69 chunks; 0.6 s; peak memory 1420 MiB.
2026-10-10T10:00:27Z INFO [421/500] 77bca852-3eff-486a-a04f-2f8b44ab7f19: 48 chunks; 0.7 s; peak memory 1420 MiB.
2026-10-10T10:00:28Z INFO [422/500] 77bce1b2-912b-4570-9a33-cf47e319bf5a: 71 chunks; 1.4 s; peak memory 1420 MiB.
2026-10-10T10:00:29Z INFO [423/500] 77bd07a6-2099-4e10-abd9-c7912efc0426: 105 chunks; 1.2 s; peak memory 1420 MiB.
2026-10-10T10:00:30Z INFO [424/500] 77bd412e-e46e-4b09-9f0a-03253d7257a9: 117 chunks; 0.9 s; peak memory 1420 MiB.
2026-10-10T10:00:31Z INFO [425/500] 77bd6357-be77-48d1-87fa-d7665d5f2616: 117 chunks; 0.9 s; peak memory 1420 MiB.
2026-10-10T10:00:32Z INFO [426/500] 77bdf76e-7584-48c0-86b4-92152c4e1d1b: 110 chunks; 0.9 s; peak memory 1420 MiB.
2026-10-10T10:00:33Z INFO [427/500] 77be50d9-4d9f-423a-b0ba-25f17ba17371: 48 chunks; 0.7 s; peak memory 1420 MiB.
2026-10-10T10:00:36Z INFO [428/500] 77beefc8-dc5c-4ff5-9b4e-21b147460a91: 296 chunks; 3.5 s; peak memory 1420 MiB.
2026-10-10T10:00:37Z INFO [429/500] 77bf232c-1d07-4d02-92b2-c290bd3c5eb1: 116 chunks; 0.8 s; peak memory 1420 MiB.
2026-10-10T10:00:38Z INFO [430/500] 77bfc18a-60f6-464e-973c-332f6a6696c4: 48 chunks; 0.7 s; peak memory 1420 MiB.
2026-10-10T10:01:12Z INFO [431/500] 77bfe7d7-ee6f-4060-999d-7167184dbc61: 25394 chunks; 34.2 s; peak memory 1420 MiB.
2026-10-10T10:01:17Z INFO [432/500] 77c02ce0-5c58-4f8b-82d2-682eef35ad1d: 5599 chunks; 5.5 s; peak memory 1420 MiB.
2026-10-10T10:01:20Z INFO [433/500] 77c033f1-693b-4498-ad46-d0e88c2caaac: 2384 chunks; 2.6 s; peak memory 1420 MiB.
2026-10-10T10:01:21Z INFO [434/500] 77c04e60-610c-495b-b902-a7d90b7b79cb: 158 chunks; 1.3 s; peak memory 1420 MiB.
2026-10-10T10:01:22Z INFO [435/500] 77c097d4-e9ce-4477-9e04-d4ba4626cbe9: 48 chunks; 0.7 s; peak memory 1420 MiB.
2026-10-10T10:01:23Z INFO [436/500] 77c11b84-4228-4402-a1b9-de4af44ea91c: 50 chunks; 0.7 s; peak memory 1420 MiB.
2026-10-10T10:01:23Z INFO [437/500] 77c25b41-8618-41f6-8cd8-fafc77211cfd: 46 chunks; 0.6 s; peak memory 1420 MiB.
2026-10-10T10:01:27Z INFO [438/500] 77c2a953-0809-49ac-b0f7-4bd6e12d07ba: 452 chunks; 3.3 s; peak memory 1420 MiB.
2026-10-10T10:01:27Z INFO [439/500] 77c2e799-e0fc-49a8-96aa-aa2f1c27dbe1: 54 chunks; 0.7 s; peak memory 1420 MiB.
2026-10-10T10:01:28Z INFO [440/500] 77c2e816-4062-4d77-a13b-037ce3984391: 64 chunks; 0.8 s; peak memory 1420 MiB.
2026-10-10T10:01:35Z INFO [441/500] 77c5f1ff-34b0-451b-b02f-a83b75771c28: 1010 chunks; 6.9 s; peak memory 1420 MiB.
2026-10-10T10:01:36Z INFO [442/500] 77c61aa8-24c5-4305-a5e5-5912a9fec805: 66 chunks; 1.2 s; peak memory 1420 MiB.
2026-10-10T10:01:37Z INFO [443/500] 77c63ec1-f6a5-4da4-8345-d4947064e184: 66 chunks; 1.1 s; peak memory 1420 MiB.
2026-10-10T10:01:44Z INFO [444/500] 77c706be-bb83-43c2-943d-16fa9d5c3fdd: 856 chunks; 6.4 s; peak memory 1420 MiB.
2026-10-10T10:05:37Z INFO [445/500] 77c77c69-9a99-4372-83f1-9cce0c553f46: 48 chunks; 233.1 s; peak memory 1420 MiB.
2026-10-10T10:05:37Z INFO [446/500] 77c7929e-91ef-4247-8446-caf5608511e3: 54 chunks; 0.6 s; peak memory 1420 MiB.
2026-10-10T10:05:38Z INFO [447/500] 77c7fe2a-7406-49ef-a5c1-d3a69c21a6c1: 117 chunks; 0.9 s; peak memory 1420 MiB.
2026-10-10T10:05:42Z INFO [448/500] 77c887db-6732-4eac-9227-a0c706fdf43b: 452 chunks; 3.6 s; peak memory 1420 MiB.
2026-10-10T10:05:43Z INFO [449/500] 77c93f59-bae4-43f1-b4f2-0292a85b39ff: 592 chunks; 1.0 s; peak memory 1420 MiB.
2026-10-10T10:05:44Z INFO [450/500] 77c95092-9d5f-4455-b13f-01d0b74827a8: 48 chunks; 0.8 s; peak memory 1420 MiB.
2026-10-10T10:05:44Z INFO [450/500] 77c95092-9d5f-4455-b13f-01d0b74827a8: checkpointed 104784 new records.
2026-10-10T10:09:01Z INFO [451/500] 77ca7da2-8f0d-4c92-85a8-65b59a1205e6: 199642 chunks; 196.7 s; peak memory 1420 MiB.
2026-10-10T10:09:39Z INFO [452/500] 77cba15f-a1b3-4e28-9848-0bd9c3a73cda: 24936 chunks; 38.3 s; peak memory 1420 MiB.
2026-10-10T10:09:40Z INFO [453/500] 77cc7f75-190a-4fc5-8d6e-209ab89da870: 118 chunks; 0.9 s; peak memory 1420 MiB.
2026-10-10T10:09:40Z INFO [454/500] 77cccd9a-6fe4-44a5-a4cd-a3de4ff1fdd8: 51 chunks; 0.6 s; peak memory 1420 MiB.
2026-10-10T10:09:41Z INFO [455/500] 77cd0e10-1f60-405c-bb47-792a5e73a6d0: 112 chunks; 1.1 s; peak memory 1420 MiB.
2026-10-10T10:10:46Z INFO [456/500] 77cd7493-7b32-42fd-8413-209b5d8690f4: 22310 chunks; 64.5 s; peak memory 1420 MiB.
2026-10-10T10:10:51Z INFO [457/500] 77ce0550-6553-4443-98d1-904748424341: 979 chunks; 4.9 s; peak memory 1420 MiB.
2026-10-10T10:10:52Z INFO [458/500] 77ce873f-6d69-4df9-a9a7-2acc2ce527ff: 110 chunks; 1.0 s; peak memory 1420 MiB.
2026-10-10T10:10:53Z INFO [459/500] 77cf4c3f-f327-4a52-8057-768f405ee54f: 72 chunks; 0.9 s; peak memory 1420 MiB.
2026-10-10T10:11:02Z INFO [460/500] 77cfa6f4-693a-4dab-b94f-2868444818c8: 21940 chunks; 9.2 s; peak memory 1420 MiB.
2026-10-10T10:11:03Z INFO [461/500] 77d08978-85c7-44be-8207-8a43c8617b22: 112 chunks; 1.0 s; peak memory 1420 MiB.
2026-10-10T10:11:12Z INFO [462/500] 77d173b4-ea58-4b2d-b17f-282c674609fc: 18609 chunks; 9.0 s; peak memory 1420 MiB.
2026-10-10T10:11:13Z INFO [463/500] 77d24d91-64b4-4cee-bb28-f16a05f28604: 52 chunks; 0.9 s; peak memory 1420 MiB.
2026-10-10T10:11:13Z INFO [464/500] 77d2fd9f-8b3d-4866-a304-b8ec005cbdf5: 117 chunks; 0.7 s; peak memory 1420 MiB.
2026-10-10T10:12:52Z INFO [465/500] 77d32bd8-817e-498d-b608-62b771d665ea: 38168 chunks; 98.3 s; peak memory 1420 MiB.
2026-10-10T10:12:53Z INFO [466/500] 77d35bbd-f5d0-4767-ab4b-b51b10270803: 109 chunks; 1.1 s; peak memory 1420 MiB.
2026-10-10T10:12:54Z INFO [467/500] 77d3e9c1-6db3-467c-92a0-c90ba2df1335: 71 chunks; 1.3 s; peak memory 1420 MiB.
2026-10-10T10:12:55Z INFO [468/500] 77d3f3ff-42f2-4388-a05b-da75cfbea0ff: 39 chunks; 0.6 s; peak memory 1420 MiB.
2026-10-10T10:12:55Z INFO [469/500] 77d579fd-3bc6-46d1-83cb-393fbf34c5d8: 48 chunks; 0.8 s; peak memory 1420 MiB.
2026-10-10T10:12:56Z INFO [470/500] 77d5894a-68f0-4e33-963d-16a967ff8859: 45 chunks; 0.5 s; peak memory 1420 MiB.
2026-10-10T10:13:06Z INFO [471/500] 77d5aeab-c19f-4900-8adc-836035cdb8df: 8229 chunks; 9.9 s; peak memory 1420 MiB.
2026-10-10T10:13:07Z INFO [472/500] 77d5b0d2-11ac-4bc4-b81a-7bc65b5a0664: 117 chunks; 0.9 s; peak memory 1420 MiB.
2026-10-10T10:13:08Z INFO [473/500] 77d62899-9cda-48f2-893a-68917e883b72: 118 chunks; 0.9 s; peak memory 1420 MiB.
2026-10-10T10:13:12Z INFO [474/500] 77d62dba-4da1-4f61-9904-a92460476d57: 435 chunks; 4.2 s; peak memory 1420 MiB.
2026-10-10T10:13:13Z INFO [475/500] 77d70453-b26d-4669-aa1d-adc19da6dbca: 59 chunks; 0.7 s; peak memory 1420 MiB.
2026-10-10T10:13:13Z INFO [476/500] 77d705b8-fe8d-4b36-8edb-dbb097565561: 48 chunks; 0.7 s; peak memory 1420 MiB.
2026-10-10T10:13:14Z INFO [477/500] 77d74a89-bdea-4029-887f-db908d506a4b: 116 chunks; 0.8 s; peak memory 1420 MiB.
2026-10-10T10:13:18Z INFO [478/500] 77d81019-3001-455d-ab07-910cb21d6c4a: 6497 chunks; 3.5 s; peak memory 1420 MiB.
2026-10-10T10:13:19Z INFO [479/500] 77d8a058-1f57-4d3b-a582-8c2119e1b599: 71 chunks; 1.0 s; peak memory 1420 MiB.
2026-10-10T10:13:20Z INFO [480/500] 77d96271-3f29-4c55-a991-e6d6e98a3032: 66 chunks; 1.0 s; peak memory 1420 MiB.
2026-10-10T10:13:21Z INFO [481/500] 77d9c965-1b07-42a9-98a7-f823d2450543: 117 chunks; 1.0 s; peak memory 1420 MiB.
2026-10-10T10:13:24Z INFO [482/500] 77daede6-db44-4e90-b1c3-6ef68756d7af: 208 chunks; 3.3 s; peak memory 1420 MiB.
2026-10-10T10:13:31Z INFO [483/500] 77db68e0-c8b4-4b04-b380-ee21a6289114: 16478 chunks; 7.6 s; peak memory 1420 MiB.
2026-10-10T10:13:32Z INFO [484/500] 77dbad7a-1134-4fef-acb5-5eb6e5d89a2d: 118 chunks; 0.9 s; peak memory 1420 MiB.
2026-10-10T10:13:33Z INFO [485/500] 77dbe21a-3525-448b-b4a6-d70f8ac694b7: 117 chunks; 0.9 s; peak memory 1420 MiB.
2026-10-10T10:13:35Z INFO [486/500] 77dbec1d-49b3-40df-8842-dce6cd2bf5a8: 71 chunks; 1.4 s; peak memory 1420 MiB.
2026-10-10T10:13:35Z INFO [487/500] 77dc5bd1-26fc-465d-827e-41183c9f3922: 45 chunks; 0.6 s; peak memory 1420 MiB.
2026-10-10T10:13:36Z INFO [488/500] 77dc6f92-55a0-402f-bf03-275af2ab1bdb: 112 chunks; 1.0 s; peak memory 1420 MiB.
2026-10-10T10:13:37Z INFO [489/500] 77dccda1-50ee-4c34-a1c2-b8eabab09713: 121 chunks; 0.9 s; peak memory 1420 MiB.
2026-10-10T10:13:45Z INFO [490/500] 77dd621d-fd80-4c57-9704-60e97cbbb509: 1042 chunks; 7.9 s; peak memory 1420 MiB.
2026-10-10T10:13:46Z INFO [491/500] 77df9475-c9e1-4763-9153-c7d5b974b810: 51 chunks; 0.9 s; peak memory 1420 MiB.
2026-10-10T10:13:49Z INFO [492/500] 77e0059d-0f4a-4e7e-9c65-3f32ddc399c8: 606 chunks; 3.5 s; peak memory 1420 MiB.
2026-10-10T10:13:50Z INFO [493/500] 77e065b6-7999-4007-813c-464512cf3774: 48 chunks; 0.7 s; peak memory 1420 MiB.
2026-10-10T10:13:51Z INFO [494/500] 77e0ca1b-0e0a-4800-9994-b2cb7e781dfa: 118 chunks; 0.7 s; peak memory 1420 MiB.
2026-10-10T10:13:51Z INFO [495/500] 77e17da3-8a97-43e3-9535-ecb4e99a4bbf: 112 chunks; 0.8 s; peak memory 1420 MiB.
2026-10-10T10:13:52Z INFO [496/500] 77e27d5b-82aa-462a-b78c-7d7aefb2f9c3: 48 chunks; 0.7 s; peak memory 1420 MiB.
2026-10-10T10:13:53Z INFO [497/500] 77e37055-a1b7-49f7-87d4-4434543915bb: 48 chunks; 0.8 s; peak memory 1420 MiB.
2026-10-10T10:13:54Z INFO [498/500] 77e4bdca-00b8-4ebb-a2cf-638ad8d4b333: 112 chunks; 1.0 s; peak memory 1420 MiB.
2026-10-10T10:13:55Z INFO [499/500] 77e5f939-eafe-4383-a2c6-bfdbb787869f: 48 chunks; 0.7 s; peak memory 1420 MiB.
2026-10-10T10:13:55Z INFO [500/500] 77e66e5f-5aa3-43fd-9287-7602487c4da4: 48 chunks; 0.7 s; peak memory 1420 MiB.
2026-10-10T10:13:56Z INFO [500/500] 77e66e5f-5aa3-43fd-9287-7602487c4da4: checkpointed 104834 new records.
2026-10-10T10:13:56Z INFO Wrote 104834 records to /tmp/derivatives/valid_nwb_file_to_chunk_stats.jsonl (500 new, 0 failed) in 53.0 min (peak memory 1420 MiB).
