2026-10-05T16:19:18Z INFO Logging to /tmp/logs/update_2026-10-05T16-19-18Z.log.
2026-10-05T16:19:18Z INFO Update valid-nwb-file-to-chunk-stats (base directory /tmp).
2026-10-05T16:19:19Z INFO Processing 500 items (75334 already recorded).
2026-10-05T16:19:23Z INFO [1/500] 3ae71755-662d-46a4-824b-81eb11450e3e: 3275 chunks; 4.3 s; peak memory 181 MiB.
2026-10-05T16:19:24Z INFO [2/500] 3ae71bce-e9f2-4e11-81d0-741c926750f6: 66 chunks; 1.3 s; peak memory 181 MiB.
2026-10-05T16:19:25Z INFO [3/500] 3ae74dd7-e94c-4373-b092-8ddc15ed1a37: 48 chunks; 0.8 s; peak memory 182 MiB.
2026-10-05T16:19:26Z INFO [4/500] 3ae77639-7f08-457c-9c9a-06394ab2d35e: 71 chunks; 1.2 s; peak memory 182 MiB.
2026-10-05T16:44:04Z INFO [5/500] 3ae79676-b3c6-4bef-85f8-7526d9a25b78: 959713 chunks; 1477.2 s; peak memory 1166 MiB.
2026-10-05T16:44:05Z INFO [6/500] 3ae79d84-845b-4945-b711-ff3cc460ae20: 117 chunks; 1.0 s; peak memory 1166 MiB.
2026-10-05T16:44:13Z INFO [7/500] 3ae8a1bd-db72-4741-b0fe-dc926ba7b72d: 14249 chunks; 8.2 s; peak memory 1166 MiB.
2026-10-05T16:44:14Z INFO [8/500] 3ae918a3-a569-4040-bb31-c67f1cb9dea7: 168 chunks; 1.4 s; peak memory 1166 MiB.
2026-10-05T16:44:15Z INFO [9/500] 3ae9c266-9e62-40c8-abcb-7e0734eeec1f: 84 chunks; 0.8 s; peak memory 1166 MiB.
2026-10-05T16:44:17Z INFO [10/500] 3ae9fef8-337e-4cfd-99a8-ae2bb4fdf7f3: 114 chunks; 2.1 s; peak memory 1166 MiB.
2026-10-05T16:44:18Z INFO [11/500] 3ae9ff79-ae59-4a70-83b5-f30cbfed7d0c: 117 chunks; 0.8 s; peak memory 1166 MiB.
2026-10-05T16:44:19Z INFO [12/500] 3aea1653-c670-4fbf-b3f9-704973554962: 112 chunks; 0.7 s; peak memory 1166 MiB.
2026-10-05T16:47:54Z INFO [13/500] 3aeb25d1-f898-4c64-b118-56b27bb67e54: 126324 chunks; 215.8 s; peak memory 1166 MiB.
2026-10-05T16:47:55Z INFO [14/500] 3aeb4304-5341-4718-b426-06f5444df5aa: 48 chunks; 0.7 s; peak memory 1166 MiB.
2026-10-05T16:47:56Z INFO [15/500] 3aeb509e-9d85-4be7-a89a-b18c3f0acb72: 48 chunks; 0.8 s; peak memory 1166 MiB.
2026-10-05T16:47:57Z INFO [16/500] 3aeb6fff-93d1-4f0d-b37d-8ffbb85e18f0: 117 chunks; 0.9 s; peak memory 1166 MiB.
2026-10-05T16:47:57Z INFO [17/500] 3aeba165-378c-4f13-9a43-6fd6f148a97c: 48 chunks; 0.8 s; peak memory 1166 MiB.
2026-10-05T16:47:59Z INFO [18/500] 3aec8fb5-57fc-485b-b6a2-02706faf6cbe: 71 chunks; 1.2 s; peak memory 1166 MiB.
2026-10-05T16:48:00Z INFO [19/500] 3aed0ee4-9277-4427-9233-e8dcde508ac0: 62 chunks; 1.0 s; peak memory 1166 MiB.
2026-10-05T16:48:04Z INFO [20/500] 3aed3fa7-004e-4e21-a103-795b75750c0b: 11272 chunks; 4.0 s; peak memory 1166 MiB.
2026-10-05T16:48:05Z INFO [21/500] 3aee47ff-ed26-4240-ba34-fb2aa2b300e4: 92 chunks; 1.4 s; peak memory 1166 MiB.
2026-10-05T16:48:06Z INFO [22/500] 3aef52f9-525e-4d8b-b659-8a22df6074cb: 119 chunks; 1.4 s; peak memory 1166 MiB.
2026-10-05T16:48:22Z INFO [23/500] 3aefd603-d499-492a-9f2b-87c38fd61ac7: 5639 chunks; 15.7 s; peak memory 1166 MiB.
2026-10-05T16:48:23Z INFO [24/500] 3aefd7e2-2282-4253-b5ec-ad336b573c7e: 118 chunks; 0.9 s; peak memory 1166 MiB.
2026-10-05T16:48:24Z INFO [25/500] 3aefe073-d999-47e1-8442-745671b05e16: 48 chunks; 0.7 s; peak memory 1166 MiB.
2026-10-05T16:48:24Z INFO [26/500] 3af03910-5e92-44a8-b494-96da8b04a09f: 114 chunks; 0.6 s; peak memory 1166 MiB.
2026-10-05T16:48:25Z INFO [27/500] 3af105f8-c8cb-45d4-bb0f-729622523c6b: 117 chunks; 0.8 s; peak memory 1166 MiB.
2026-10-05T16:48:26Z INFO [28/500] 3af14250-26c6-4e53-a1a9-8b86d82e97a1: 112 chunks; 0.9 s; peak memory 1166 MiB.
2026-10-05T16:48:44Z INFO [29/500] 3af21975-e855-49da-8b12-a1c3a49f8162: 6594 chunks; 18.4 s; peak memory 1166 MiB.
2026-10-05T16:48:50Z INFO [30/500] 3af28bfe-5c8d-4cb9-b118-8bd678a60d8a: 1492 chunks; 6.1 s; peak memory 1166 MiB.
2026-10-05T16:48:51Z INFO [31/500] 3af29726-185d-46bf-91c3-66860176284d: 117 chunks; 0.8 s; peak memory 1166 MiB.
2026-10-05T16:48:53Z INFO [32/500] 3af2f373-3ede-4a5b-815d-b55608ac2453: 78 chunks; 1.3 s; peak memory 1166 MiB.
2026-10-05T16:49:10Z INFO [33/500] 3af3fda5-01e7-4c9e-90df-e27ec63ecfd4: 6040 chunks; 17.1 s; peak memory 1166 MiB.
2026-10-05T16:49:11Z INFO [34/500] 3af48fbd-d9f9-47a4-9b3c-341ba4dac980: 112 chunks; 1.0 s; peak memory 1166 MiB.
2026-10-05T16:49:11Z INFO [35/500] 3af494c6-69cc-41de-aca5-b6458c07ee38: 48 chunks; 0.7 s; peak memory 1166 MiB.
2026-10-05T16:49:22Z INFO [36/500] 3af56ad3-32e7-4b23-89f4-5bb9328eff47: 8232 chunks; 10.4 s; peak memory 1166 MiB.
2026-10-05T16:49:23Z INFO [37/500] 3af5a3c7-8352-4944-8b4e-c0e8adacd46a: 275 chunks; 0.9 s; peak memory 1166 MiB.
2026-10-05T16:49:23Z INFO [38/500] 3af5b185-36a7-4381-b017-4a3ae8b3b0c4: 64 chunks; 0.8 s; peak memory 1166 MiB.
2026-10-05T16:49:24Z INFO [39/500] 3af64d0a-db67-4ac6-97ae-f5a45f731a1d: 64 chunks; 0.8 s; peak memory 1166 MiB.
2026-10-05T16:49:26Z INFO [40/500] 3af6a4a5-e576-4fc4-9f0b-86f121c510b9: 156 chunks; 1.8 s; peak memory 1166 MiB.
2026-10-05T16:49:27Z INFO [41/500] 3af8a9c1-3c0f-4a69-82b4-64dacae2ea4e: 46 chunks; 0.5 s; peak memory 1166 MiB.
2026-10-05T16:49:27Z INFO [42/500] 3af9c91f-b978-470b-8df4-5bf662bd2621: 44 chunks; 0.7 s; peak memory 1166 MiB.
2026-10-05T16:49:28Z INFO [43/500] 3afa2144-9107-4686-8712-17378be335f6: 112 chunks; 0.9 s; peak memory 1166 MiB.
2026-10-05T16:49:29Z INFO [44/500] 3afaecae-78eb-407c-a47d-618f07cf27c7: 48 chunks; 0.7 s; peak memory 1166 MiB.
2026-10-05T16:49:30Z INFO [45/500] 3afb1c81-2950-4177-a43d-82df5560f132: 48 chunks; 0.7 s; peak memory 1166 MiB.
2026-10-05T16:49:31Z INFO [46/500] 3afc2064-bdcf-4b7b-943d-15c91c16c84f: 367 chunks; 1.1 s; peak memory 1166 MiB.
2026-10-05T16:49:31Z INFO [47/500] 3afc56ff-7e6f-4332-a532-b34ad589c223: 48 chunks; 0.7 s; peak memory 1166 MiB.
2026-10-05T16:49:32Z INFO [48/500] 3afc583f-e60c-48d3-a548-6c6578fe0d59: 52 chunks; 0.7 s; peak memory 1166 MiB.
2026-10-05T16:49:33Z INFO [49/500] 3afcac23-0aed-49b6-9cfa-b5bb5899d321: 50 chunks; 0.8 s; peak memory 1166 MiB.
2026-10-05T16:49:34Z INFO [50/500] 3afccf17-37e6-492d-a3ed-994537e42bd3: 557 chunks; 0.7 s; peak memory 1166 MiB.
2026-10-05T16:49:34Z INFO [50/500] 3afccf17-37e6-492d-a3ed-994537e42bd3: checkpointed 75384 records.
2026-10-05T16:49:37Z INFO [51/500] 3afcf84a-d925-43f8-9e23-b04d4ebe2669: 7552 chunks; 3.2 s; peak memory 1166 MiB.
2026-10-05T16:49:41Z INFO [52/500] 3afe10c3-f578-47bc-8a70-0171b3179150: 11675 chunks; 4.2 s; peak memory 1166 MiB.
2026-10-05T16:49:42Z INFO [53/500] 3afee14d-a939-4fb4-bab9-ae009325032b: 76 chunks; 0.9 s; peak memory 1166 MiB.
2026-10-05T16:49:43Z INFO [54/500] 3aff6aac-e1de-49c5-b7ee-c3e27379d0f6: 110 chunks; 1.0 s; peak memory 1166 MiB.
2026-10-05T16:49:44Z INFO [55/500] 3aff940f-8b50-4405-a88e-a37a4ee8d85a: 117 chunks; 1.2 s; peak memory 1166 MiB.
2026-10-05T16:49:45Z INFO [56/500] 3aff9645-ba82-4448-be31-fc88819bdd47: 77 chunks; 0.7 s; peak memory 1166 MiB.
2026-10-05T16:49:46Z INFO [57/500] 3affcebc-0418-436d-9ee8-6a9f09f8d083: 33 chunks; 0.5 s; peak memory 1166 MiB.
2026-10-05T16:50:02Z INFO [58/500] 3b0028f0-916e-4e75-b0e7-ebdc8ecd4092: 6040 chunks; 16.7 s; peak memory 1166 MiB.
2026-10-05T16:50:03Z INFO [59/500] 3b00d8c5-b459-411c-9272-ada9d195b39b: 48 chunks; 0.6 s; peak memory 1166 MiB.
2026-10-05T16:50:10Z INFO [60/500] 3b012b37-7dfc-4e07-a67b-8086bbb1c238: 2664 chunks; 7.1 s; peak memory 1166 MiB.
2026-10-05T16:50:12Z INFO [61/500] 3b0299af-cf53-4e9f-a7a1-863d2e8d30c6: 116 chunks; 2.0 s; peak memory 1166 MiB.
2026-10-05T16:50:16Z INFO [62/500] 3b02c560-c673-4e79-a6e0-b12dc4735c4e: 2923 chunks; 3.4 s; peak memory 1166 MiB.
2026-10-05T16:50:16Z INFO [63/500] 3b031f93-ed99-4a2c-8f5f-38fc313a2f91: 92 chunks; 0.8 s; peak memory 1166 MiB.
2026-10-05T16:50:17Z INFO [64/500] 3b03964e-9259-4ef2-a427-2ce6ff3a32ec: 64 chunks; 1.0 s; peak memory 1166 MiB.
2026-10-05T16:50:18Z INFO [65/500] 3b044b61-9386-44a2-ae56-73b8c3f512a1: 48 chunks; 0.7 s; peak memory 1166 MiB.
2026-10-05T16:50:19Z INFO [66/500] 3b0718d2-3e09-4f68-89f8-b217a3d96ce2: 118 chunks; 0.7 s; peak memory 1166 MiB.
2026-10-05T16:50:20Z INFO [67/500] 3b079965-96fa-4073-a753-601da5ac4523: 52 chunks; 0.9 s; peak memory 1166 MiB.
2026-10-05T16:50:20Z INFO [68/500] 3b079fcb-6716-4b2d-90c6-0017cc0f41a0: 112 chunks; 0.8 s; peak memory 1166 MiB.
2026-10-05T16:50:22Z INFO [69/500] 3b07e4d2-bd41-4708-93a9-b3b3af4c5a08: 477 chunks; 1.4 s; peak memory 1166 MiB.
2026-10-05T16:50:23Z INFO [70/500] 3b08a616-9d67-4137-8700-08195092b78b: 118 chunks; 0.8 s; peak memory 1166 MiB.
2026-10-05T16:50:24Z INFO [71/500] 3b093fe6-7604-4b41-82fe-69ded581af98: 117 chunks; 0.9 s; peak memory 1166 MiB.
2026-10-05T16:50:31Z INFO [72/500] 3b0a1a91-0403-44b0-9983-fba2e5c94d13: 4095 chunks; 7.0 s; peak memory 1166 MiB.
2026-10-05T16:50:32Z INFO [73/500] 3b0ac333-6cfd-449a-a18f-351e2975d330: 49 chunks; 1.1 s; peak memory 1166 MiB.
2026-10-05T16:50:37Z INFO [74/500] 3b0b5ae1-b60e-4802-9ed5-6e82a511d93f: 16644 chunks; 5.0 s; peak memory 1166 MiB.
2026-10-05T16:50:38Z INFO [75/500] 3b0ba6f8-a2fb-4787-b7c1-157517767f8e: 66 chunks; 0.9 s; peak memory 1166 MiB.
2026-10-05T16:50:38Z INFO [76/500] 3b0bc98c-3ea8-4c39-abce-8d9ea1cea689: 48 chunks; 0.7 s; peak memory 1166 MiB.
2026-10-05T16:50:40Z INFO [77/500] 3b0cca14-4067-47c5-85ed-58d78a956aba: 80 chunks; 2.1 s; peak memory 1166 MiB.
2026-10-05T16:50:47Z INFO [78/500] 3b0ccd35-61c5-4bf0-a144-277570ed7b21: 10839 chunks; 6.2 s; peak memory 1166 MiB.
2026-10-05T16:50:48Z INFO [79/500] 3b0cec85-e901-4ff0-967d-7408a1816734: 118 chunks; 1.0 s; peak memory 1166 MiB.
2026-10-05T16:50:48Z INFO [80/500] 3b0cff93-b9d4-492f-8e45-c3df75832665: 114 chunks; 0.7 s; peak memory 1166 MiB.
2026-10-05T16:50:49Z INFO [81/500] 3b0d0fe7-f20b-43ad-9480-41c848d82ca7: 117 chunks; 0.9 s; peak memory 1166 MiB.
2026-10-05T16:50:50Z INFO [82/500] 3b0d2c14-d545-4f8d-9d70-7fc7ec2cd4a3: 72 chunks; 0.8 s; peak memory 1166 MiB.
2026-10-05T16:50:58Z INFO [83/500] 3b0e3009-c318-4147-9f48-47aa1c4ffca9: 11761 chunks; 8.2 s; peak memory 1166 MiB.
2026-10-05T16:50:59Z INFO [84/500] 3b0f3884-09b9-45dd-a8e1-9e47c9357391: 113 chunks; 1.1 s; peak memory 1166 MiB.
2026-10-05T16:51:01Z INFO [85/500] 3b0f993d-e82f-4e41-ac34-60d2f5eb5c0f: 116 chunks; 1.6 s; peak memory 1166 MiB.
2026-10-05T16:51:02Z INFO [86/500] 3b0fbf3d-0992-4db8-99d5-539c3f394a5f: 48 chunks; 0.6 s; peak memory 1166 MiB.
2026-10-05T16:51:05Z INFO [87/500] 3b1055b9-bbe3-40dc-90b4-fa3ad7fd4c10: 208 chunks; 3.4 s; peak memory 1166 MiB.
2026-10-05T16:51:06Z INFO [88/500] 3b111710-34e9-4799-9f43-4144b2667d66: 117 chunks; 0.7 s; peak memory 1166 MiB.
2026-10-05T16:51:06Z INFO [89/500] 3b11e3fb-17c0-4787-a911-30a212547618: 167 chunks; 0.8 s; peak memory 1166 MiB.
2026-10-05T16:51:11Z INFO [90/500] 3b1206a1-fd42-42c9-8c01-f675792eb662: 4151 chunks; 5.0 s; peak memory 1166 MiB.
2026-10-05T16:51:12Z INFO [91/500] 3b1223b9-f621-414f-bedb-afc382e5fbe5: 46 chunks; 0.7 s; peak memory 1166 MiB.
2026-10-05T16:51:13Z INFO [92/500] 3b1264be-2f3d-479f-a4e0-6d85b903fd3b: 112 chunks; 0.8 s; peak memory 1166 MiB.
2026-10-05T16:51:15Z INFO [93/500] 3b1281a2-2211-459a-81f1-311f3ca9cab8: 115 chunks; 1.8 s; peak memory 1166 MiB.
2026-10-05T16:51:16Z INFO [94/500] 3b14b555-0218-4990-8a5e-5039d7221638: 71 chunks; 1.2 s; peak memory 1166 MiB.
2026-10-05T16:51:17Z INFO [95/500] 3b1595c2-649c-4997-896e-70722d36bdc4: 66 chunks; 1.1 s; peak memory 1166 MiB.
2026-10-05T16:51:18Z INFO [96/500] 3b15ad00-966f-4456-b75a-70752c2e53f3: 84 chunks; 0.6 s; peak memory 1166 MiB.
2026-10-05T16:51:19Z INFO [97/500] 3b15ef3f-5554-4f98-8bd7-9d0ccd0a676a: 66 chunks; 0.8 s; peak memory 1166 MiB.
2026-10-05T16:51:19Z INFO [98/500] 3b1685c1-eb06-4050-91e0-0ad294701cb8: 46 chunks; 0.6 s; peak memory 1166 MiB.
2026-10-05T16:51:26Z INFO [99/500] 3b16bcd1-409b-4989-bc28-8a871ce07351: 22399 chunks; 6.9 s; peak memory 1166 MiB.
2026-10-05T16:53:16Z INFO [100/500] 3b171843-559d-466b-9478-c41076a25032: 41102 chunks; 109.7 s; peak memory 1166 MiB.
2026-10-05T16:53:16Z INFO [100/500] 3b171843-559d-466b-9478-c41076a25032: checkpointed 75434 records.
2026-10-05T16:53:16Z INFO [101/500] 3b1790de-10ad-49ba-bff0-ba8bbbc8fdc9: 46 chunks; 0.5 s; peak memory 1166 MiB.
2026-10-05T16:53:17Z INFO [102/500] 3b17a672-d6a0-4682-8c9e-648e26f8e30a: 117 chunks; 0.8 s; peak memory 1166 MiB.
2026-10-05T16:53:18Z INFO [103/500] 3b17af53-0a9c-4649-8d97-0be1bf70d064: 48 chunks; 0.7 s; peak memory 1166 MiB.
2026-10-05T16:53:18Z INFO [104/500] 3b17eea7-2e9d-4c14-9d8e-c6aa85987f7b: 119 chunks; 0.6 s; peak memory 1166 MiB.
2026-10-05T16:53:19Z INFO [105/500] 3b1a3295-b0fe-426c-a761-cb4f6b52b053: 117 chunks; 0.9 s; peak memory 1166 MiB.
2026-10-05T16:53:20Z INFO [106/500] 3b1abf83-7fe3-4a2f-a600-73abbd9b7004: 112 chunks; 1.1 s; peak memory 1166 MiB.
2026-10-05T16:53:21Z INFO [107/500] 3b1ad80e-dadb-4539-8ec4-dfc2cdddf26f: 52 chunks; 0.8 s; peak memory 1166 MiB.
2026-10-05T16:53:22Z INFO [108/500] 3b1b0b1b-3966-436a-890d-8cfd2e7175eb: 112 chunks; 0.9 s; peak memory 1166 MiB.
2026-10-05T16:55:22Z INFO [109/500] 3b1b5350-ae09-4bd7-8d7e-d26d7b57256a: 43556 chunks; 120.1 s; peak memory 1166 MiB.
2026-10-05T16:55:23Z INFO [110/500] 3b1bacf1-3ed0-4ccf-a97d-cbb14bc3e2b1: 48 chunks; 0.8 s; peak memory 1166 MiB.
2026-10-05T16:55:24Z INFO [111/500] 3b1c3c14-8878-4995-a9ac-68042c101a0e: 118 chunks; 0.9 s; peak memory 1166 MiB.
2026-10-05T16:55:25Z INFO [112/500] 3b1c3ebe-12ec-4aba-a07d-48b997169002: 112 chunks; 0.9 s; peak memory 1166 MiB.
2026-10-05T16:55:27Z INFO [113/500] 3b1c7c39-8417-4f3b-bcd0-e2890397dd82: 997 chunks; 1.7 s; peak memory 1166 MiB.
2026-10-05T16:55:30Z INFO [114/500] 3b1c9373-9240-4ce5-a6cf-c8276b9c0407: 287 chunks; 2.9 s; peak memory 1166 MiB.
2026-10-05T16:55:30Z INFO [115/500] 3b1d8fc8-5104-429d-94eb-06cc7da28c64: 51 chunks; 0.5 s; peak memory 1166 MiB.
2026-10-05T16:55:31Z INFO [116/500] 3b1ebfe6-dc89-4b00-8f7b-122ab34c9c0e: 48 chunks; 0.9 s; peak memory 1166 MiB.
2026-10-05T16:55:32Z INFO [117/500] 3b1f031c-cb09-4a08-882a-4ad1e5f014c6: 66 chunks; 1.1 s; peak memory 1166 MiB.
2026-10-05T16:55:33Z INFO [118/500] 3b1f8419-0843-4ae5-9aed-cbb3ed224ee3: 48 chunks; 0.8 s; peak memory 1166 MiB.
2026-10-05T16:55:33Z INFO [119/500] 3b1fa6f4-7f7c-402c-aed8-62e29f0a1e45: 46 chunks; 0.5 s; peak memory 1166 MiB.
2026-10-05T16:55:35Z INFO [120/500] 3b20026b-f65e-417b-baab-291a3a9cfdaa: 159 chunks; 1.8 s; peak memory 1166 MiB.
2026-10-05T16:55:36Z INFO [121/500] 3b20071f-b14e-40a2-9f45-14a773b892af: 118 chunks; 0.7 s; peak memory 1166 MiB.
2026-10-05T16:55:38Z INFO [122/500] 3b211095-8b36-4ff4-b2c7-bcf55d25d529: 251 chunks; 2.1 s; peak memory 1166 MiB.
2026-10-05T16:55:39Z INFO [123/500] 3b2146d4-8936-4f02-bb62-fa913154cb1d: 48 chunks; 0.9 s; peak memory 1166 MiB.
2026-10-05T16:55:40Z INFO [124/500] 3b220213-d356-433b-b3b8-6853af5258f7: 77 chunks; 0.9 s; peak memory 1166 MiB.
2026-10-05T16:55:40Z INFO [125/500] 3b231912-40ec-4a60-885a-9ceac5d44cf4: 62 chunks; 0.6 s; peak memory 1166 MiB.
2026-10-05T16:59:34Z INFO [126/500] 3b2332a8-80f9-43a2-83ac-9f81577972eb: 266768 chunks; 233.2 s; peak memory 1166 MiB.
2026-10-05T16:59:35Z INFO [127/500] 3b23b1d9-9472-4896-a4b2-4cab83a0a5b7: 112 chunks; 0.9 s; peak memory 1166 MiB.
2026-10-05T16:59:36Z INFO [128/500] 3b23d6ba-78d2-4860-9646-68595cb9f286: 69 chunks; 1.0 s; peak memory 1166 MiB.
2026-10-05T16:59:36Z INFO [129/500] 3b244656-67ce-4ced-8db9-97b06c5c575e: 112 chunks; 0.7 s; peak memory 1166 MiB.
2026-10-05T16:59:37Z INFO [130/500] 3b248063-0b01-4a1f-afc7-2cd42944a7f0: 48 chunks; 0.8 s; peak memory 1166 MiB.
2026-10-05T16:59:38Z INFO [131/500] 3b24cd2a-1a2b-4abf-a964-768979902404: 71 chunks; 1.1 s; peak memory 1166 MiB.
2026-10-05T16:59:39Z INFO [132/500] 3b26d618-79df-48a0-a6f5-a8ec0e1ae41c: 112 chunks; 0.8 s; peak memory 1166 MiB.
2026-10-05T16:59:40Z INFO [133/500] 3b270301-707a-4e60-a43b-bdb8f973a5ca: 48 chunks; 0.8 s; peak memory 1166 MiB.
2026-10-05T16:59:41Z INFO [134/500] 3b271fc2-55d2-4341-b325-6d5b0aa35dce: 72 chunks; 0.8 s; peak memory 1166 MiB.
2026-10-05T16:59:41Z INFO [135/500] 3b275804-4fc1-4565-aade-10109cd62d68: 48 chunks; 0.7 s; peak memory 1166 MiB.
2026-10-05T16:59:44Z INFO [136/500] 3b276f25-8a88-4323-a58c-94241ab6cce2: 7725 chunks; 3.0 s; peak memory 1166 MiB.
2026-10-05T16:59:45Z INFO [137/500] 3b28ea78-d0f2-4e27-8385-0d1df278a33b: 55 chunks; 0.5 s; peak memory 1166 MiB.
2026-10-05T16:59:45Z INFO [138/500] 3b290eab-6962-4526-80b4-b9b12edc6692: 44 chunks; 0.6 s; peak memory 1166 MiB.
2026-10-05T16:59:46Z INFO [139/500] 3b29c838-b6c0-4d97-8c36-3414b33e5d67: 48 chunks; 0.7 s; peak memory 1166 MiB.
2026-10-05T16:59:51Z INFO [140/500] 3b2b55e2-030b-4ed4-9bce-01967d6cd372: 1253 chunks; 4.5 s; peak memory 1166 MiB.
2026-10-05T16:59:51Z INFO [141/500] 3b2c8657-c482-405c-875a-cfd6a4b54111: 69 chunks; 0.8 s; peak memory 1166 MiB.
2026-10-05T16:59:56Z INFO [142/500] 3b2d8c47-0009-4ed8-bf28-53f160898596: 2372 chunks; 4.2 s; peak memory 1166 MiB.
2026-10-05T16:59:56Z INFO [143/500] 3b2faa11-8ebe-4251-acaf-b05f92649aa8: 117 chunks; 0.7 s; peak memory 1166 MiB.
2026-10-05T16:59:57Z INFO [144/500] 3b2fe164-78ae-46c8-ab11-6f7805158086: 118 chunks; 0.7 s; peak memory 1166 MiB.
2026-10-05T16:59:58Z INFO [145/500] 3b309809-dbc8-440f-865e-2d338b2300b6: 52 chunks; 0.7 s; peak memory 1166 MiB.
2026-10-05T16:59:59Z INFO [146/500] 3b30cb30-6f8b-4c57-9446-20d24385e4cb: 997 chunks; 1.4 s; peak memory 1166 MiB.
2026-10-05T17:00:00Z INFO [147/500] 3b311023-db35-4b9f-a136-4b95ad086a18: 48 chunks; 0.5 s; peak memory 1166 MiB.
2026-10-05T17:00:01Z INFO [148/500] 3b311f22-53b5-4387-aeb2-2a92da96bd73: 117 chunks; 0.9 s; peak memory 1166 MiB.
2026-10-05T17:00:03Z INFO [149/500] 3b31a5f9-320b-4cf2-9464-9c0be966c239: 3368 chunks; 2.4 s; peak memory 1166 MiB.
2026-10-05T17:01:51Z INFO [150/500] 3b3201f9-b939-4d2b-a5e5-87e2ae9246ce: 40696 chunks; 108.5 s; peak memory 1166 MiB.
2026-10-05T17:01:52Z INFO [150/500] 3b3201f9-b939-4d2b-a5e5-87e2ae9246ce: checkpointed 75484 records.
2026-10-05T17:01:53Z INFO [151/500] 3b334aad-e436-41be-b908-2dbbd7eee676: 114 chunks; 1.6 s; peak memory 1166 MiB.
2026-10-05T17:01:54Z INFO [152/500] 3b336106-2cf0-4787-ae9f-1e933236a65a: 48 chunks; 0.8 s; peak memory 1166 MiB.
2026-10-05T17:01:55Z INFO [153/500] 3b336f9b-6b04-447b-bc65-2a238e3047c7: 48 chunks; 0.6 s; peak memory 1166 MiB.
2026-10-05T17:01:56Z INFO [154/500] 3b3397df-997c-4c7d-af3a-ad49a913f078: 48 chunks; 0.8 s; peak memory 1166 MiB.
2026-10-05T17:01:57Z INFO [155/500] 3b33c8ad-ac25-4c02-b15a-a9e71fea1c1a: 110 chunks; 0.9 s; peak memory 1166 MiB.
2026-10-05T17:01:57Z INFO [156/500] 3b34ecd0-b3f8-42ac-83ea-cdbdf39091c7: 48 chunks; 0.7 s; peak memory 1166 MiB.
2026-10-05T17:01:58Z INFO [157/500] 3b35142d-834f-4cbe-a1ac-4eee3a2658a8: 48 chunks; 0.7 s; peak memory 1166 MiB.
2026-10-05T17:01:59Z INFO [158/500] 3b35b9d6-66d8-4533-82d4-37122ebd164b: 69 chunks; 1.1 s; peak memory 1166 MiB.
2026-10-05T17:02:01Z INFO [159/500] 3b36c7e2-866c-4ef2-84c5-39b4415ebc3a: 156 chunks; 2.1 s; peak memory 1166 MiB.
2026-10-05T17:02:04Z INFO [160/500] 3b36e729-3a16-444d-8c38-5efdd39d9ab6: 4157 chunks; 3.5 s; peak memory 1166 MiB.
2026-10-05T17:02:06Z INFO [161/500] 3b370125-5ac2-4bd2-ba22-16ad771e1d7b: 658 chunks; 1.9 s; peak memory 1166 MiB.
2026-10-05T17:02:07Z INFO [162/500] 3b375f6b-5019-4547-8a18-c1c4fd16d3f3: 112 chunks; 0.9 s; peak memory 1166 MiB.
2026-10-05T17:02:09Z INFO [163/500] 3b377e55-4ca1-4a1d-84d0-c1605b9f9c3c: 180 chunks; 2.3 s; peak memory 1166 MiB.
2026-10-05T17:02:10Z INFO [164/500] 3b380084-a88d-4b23-b6db-81f4d363c847: 117 chunks; 0.9 s; peak memory 1166 MiB.
2026-10-05T17:02:12Z INFO [165/500] 3b38c6d5-6c37-4ca2-9f54-a8c15c50c973: 156 chunks; 2.0 s; peak memory 1166 MiB.
2026-10-05T17:02:13Z INFO [166/500] 3b38ed44-630f-43c9-9118-eac56df2a4f5: 42 chunks; 0.8 s; peak memory 1166 MiB.
2026-10-05T17:02:14Z INFO [167/500] 3b39a9cb-fd45-4ec1-a5a4-b9de6abba73b: 48 chunks; 0.8 s; peak memory 1166 MiB.
2026-10-05T17:02:15Z INFO [168/500] 3b3a9e2c-73f3-48c7-be17-e5d78eb9a0bf: 69 chunks; 0.6 s; peak memory 1166 MiB.
2026-10-05T17:02:16Z INFO [169/500] 3b3c30b0-02b3-439c-ba6b-d2bbbc3d6e37: 117 chunks; 0.8 s; peak memory 1166 MiB.
2026-10-05T17:02:16Z INFO [170/500] 3b3d2440-f883-4f17-a997-4d2f6db73772: 48 chunks; 0.9 s; peak memory 1166 MiB.
2026-10-05T17:02:17Z INFO [171/500] 3b3d8dd4-fd25-4377-9ef7-6fd1c20b8844: 118 chunks; 0.7 s; peak memory 1166 MiB.
2026-10-05T17:02:18Z INFO [172/500] 3b3e7530-382e-4a63-bece-b3f75d13e6a4: 112 chunks; 0.8 s; peak memory 1166 MiB.
2026-10-05T17:02:22Z INFO [173/500] 3b3e818b-bf4e-4b46-9a7d-1fcf3372e5fd: 1588 chunks; 4.4 s; peak memory 1166 MiB.
2026-10-05T17:02:39Z INFO [174/500] 3b3fbea7-8c16-414a-8429-74c8fb464619: 5715 chunks; 16.5 s; peak memory 1166 MiB.
2026-10-05T17:02:40Z INFO [175/500] 3b41469a-7880-40b5-abe1-013895d32280: 117 chunks; 0.8 s; peak memory 1166 MiB.
2026-10-05T17:02:40Z INFO [176/500] 3b4155c7-f8f4-45e7-89f9-2cf91b1f8a22: 117 chunks; 0.7 s; peak memory 1166 MiB.
2026-10-05T17:02:41Z INFO [177/500] 3b4187b6-5db6-4ca8-934c-1969b6e80f35: 46 chunks; 0.5 s; peak memory 1166 MiB.
2026-10-05T17:02:42Z INFO [178/500] 3b41a5e6-d9c2-47c1-b33d-21e90b4f07cc: 68 chunks; 0.7 s; peak memory 1166 MiB.
2026-10-05T17:02:43Z INFO [179/500] 3b420fa7-3028-4642-b037-911fe3e4f5a3: 997 chunks; 1.6 s; peak memory 1166 MiB.
2026-10-05T17:02:44Z INFO [180/500] 3b421ef6-fcec-42cc-bd30-ddb0fb4f73b9: 46 chunks; 0.4 s; peak memory 1166 MiB.
2026-10-05T17:02:44Z INFO [181/500] 3b422fbc-49fb-4d7e-bc80-a262006be578: 48 chunks; 0.9 s; peak memory 1166 MiB.
2026-10-05T17:02:48Z INFO [182/500] 3b4373d5-de39-492a-888f-96c22312c8c8: 14682 chunks; 3.6 s; peak memory 1166 MiB.
2026-10-05T17:02:49Z INFO [183/500] 3b43e628-75e4-443d-a041-c4f5527810da: 52 chunks; 0.7 s; peak memory 1166 MiB.
2026-10-05T17:02:52Z INFO [184/500] 3b4570fd-4f50-4035-bd04-365a51c101e6: 2085 chunks; 2.9 s; peak memory 1166 MiB.
2026-10-05T17:02:53Z INFO [185/500] 3b457c86-398d-4930-b165-57897a8ab695: 112 chunks; 0.9 s; peak memory 1166 MiB.
2026-10-05T17:02:53Z INFO [186/500] 3b465022-2518-4dbf-8706-a53f67641b57: 48 chunks; 0.7 s; peak memory 1166 MiB.
2026-10-05T17:02:56Z INFO [187/500] 3b465c55-fa0a-4084-b781-8de915b6aa39: 670 chunks; 2.5 s; peak memory 1166 MiB.
2026-10-05T17:02:56Z INFO [188/500] 3b47004f-30f8-4e4b-afe6-6c6f8856d900: 41 chunks; 0.6 s; peak memory 1166 MiB.
2026-10-05T17:02:58Z INFO [189/500] 3b475c6c-2f52-429f-8846-08e008710e3c: 119 chunks; 1.4 s; peak memory 1166 MiB.
2026-10-05T17:02:58Z INFO [190/500] 3b47842a-8c8c-48ad-b636-52a5cd29c5aa: 52 chunks; 0.8 s; peak memory 1166 MiB.
2026-10-05T17:03:00Z INFO [191/500] 3b48f23b-34b9-4b1c-8ae4-32c53c385258: 997 chunks; 1.3 s; peak memory 1166 MiB.
2026-10-05T17:03:01Z INFO [192/500] 3b48fd2d-0240-4e2b-8351-355388f6ab47: 77 chunks; 0.7 s; peak memory 1166 MiB.
2026-10-05T17:03:01Z INFO [193/500] 3b4955de-aef3-4e07-a7ca-11d0cba1a063: 56 chunks; 0.6 s; peak memory 1166 MiB.
2026-10-05T17:03:02Z INFO [194/500] 3b497d10-4346-4bab-b269-aa44801e9079: 48 chunks; 0.8 s; peak memory 1166 MiB.
2026-10-05T17:03:03Z INFO [195/500] 3b49b043-3281-48c3-a7b1-2da86268c776: 860 chunks; 1.1 s; peak memory 1166 MiB.
2026-10-05T17:03:03Z INFO [196/500] 3b4a432d-ac33-4640-8d7d-a7ffee8f3f90: 36 chunks; 0.5 s; peak memory 1166 MiB.
2026-10-05T17:03:04Z INFO [197/500] 3b4a6fc5-3e95-45fd-b139-8cadaed2d754: 49 chunks; 0.6 s; peak memory 1166 MiB.
2026-10-05T17:03:06Z INFO [198/500] 3b4b8d5a-825c-4d6f-a272-298efa9d0596: 125 chunks; 1.5 s; peak memory 1166 MiB.
2026-10-05T17:03:06Z INFO [199/500] 3b4bb986-814f-4472-a333-215613101a46: 48 chunks; 0.8 s; peak memory 1166 MiB.
2026-10-05T17:03:07Z INFO [200/500] 3b4d12fc-08b7-46a3-841c-378743554bee: 48 chunks; 0.6 s; peak memory 1166 MiB.
2026-10-05T17:03:07Z INFO [200/500] 3b4d12fc-08b7-46a3-841c-378743554bee: checkpointed 75534 records.
2026-10-05T17:03:08Z INFO [201/500] 3b4d47bc-4623-478b-b974-2b470ce59fe4: 48 chunks; 0.7 s; peak memory 1166 MiB.
2026-10-05T17:03:13Z INFO [202/500] 3b4dda77-385b-43e8-ae9f-6eb56215c85c: 339 chunks; 4.8 s; peak memory 1166 MiB.
2026-10-05T17:03:20Z INFO [203/500] 3b4e8c06-ef62-461b-949a-1576bcff07cd: 2640 chunks; 7.1 s; peak memory 1166 MiB.
2026-10-05T17:03:20Z INFO [204/500] 3b4eab3a-5f1a-4ac7-abc9-59f3b607c602: 69 chunks; 0.6 s; peak memory 1166 MiB.
2026-10-05T17:03:21Z INFO [205/500] 3b4eabc1-0e6b-4ba2-a563-bb1896b23095: 45 chunks; 0.7 s; peak memory 1166 MiB.
2026-10-05T17:03:22Z INFO [206/500] 3b4eb778-c7ce-4c84-8328-1f5aebe014d5: 112 chunks; 0.9 s; peak memory 1166 MiB.
2026-10-05T17:03:23Z INFO [207/500] 3b4f8306-7b78-40e7-b22e-1bc6ef74b24b: 50 chunks; 0.6 s; peak memory 1166 MiB.
2026-10-05T17:03:23Z INFO [208/500] 3b4f8681-0485-432d-bd81-3b77d4d4fcfa: 118 chunks; 0.8 s; peak memory 1166 MiB.
2026-10-05T17:03:24Z INFO [209/500] 3b4fd8c0-92d7-4ae8-9d7f-e6d216a4a641: 112 chunks; 0.9 s; peak memory 1166 MiB.
2026-10-05T17:03:25Z INFO [210/500] 3b5005c6-0c16-4a2a-88a1-18ad3e04cb5a: 48 chunks; 0.8 s; peak memory 1166 MiB.
2026-10-05T17:03:31Z INFO [211/500] 3b5015cc-0415-4325-80e4-eb7f9e64aa74: 1492 chunks; 5.9 s; peak memory 1166 MiB.
2026-10-05T17:03:32Z INFO [212/500] 3b50790a-2172-498d-87c8-ee41349b520a: 48 chunks; 0.8 s; peak memory 1166 MiB.
2026-10-05T17:03:32Z INFO [213/500] 3b509434-2d90-4f2f-947f-aeff3b557c66: 112 chunks; 0.7 s; peak memory 1166 MiB.
2026-10-05T17:03:42Z INFO [214/500] 3b514972-528e-42b2-9f71-35ad160afbb8: 8229 chunks; 9.8 s; peak memory 1166 MiB.
2026-10-05T17:03:45Z INFO [215/500] 3b51e2bb-d071-435c-9f62-1d45bcc687a9: 242 chunks; 2.7 s; peak memory 1166 MiB.
2026-10-05T17:03:46Z INFO [216/500] 3b51ed79-14b8-470c-a206-886ea3db5ec7: 69 chunks; 1.0 s; peak memory 1166 MiB.
2026-10-05T17:03:47Z INFO [217/500] 3b521ffc-f135-4181-b2cb-63c68bef1c01: 64 chunks; 0.8 s; peak memory 1166 MiB.
2026-10-05T17:03:47Z INFO [218/500] 3b52b5f6-2e04-4c14-b657-bf5dbec682f7: 60 chunks; 0.8 s; peak memory 1166 MiB.
2026-10-05T17:03:48Z INFO [219/500] 3b52bd89-ff2f-4bd4-a3fd-ac8cdf021981: 116 chunks; 0.8 s; peak memory 1166 MiB.
2026-10-05T17:03:50Z INFO [220/500] 3b53b021-db48-4e62-a1b8-9f8cd819d185: 117 chunks; 1.7 s; peak memory 1166 MiB.
2026-10-05T18:04:51Z INFO [221/500] 3b53d840-8e3d-4472-8b0b-7fb1a027a128: 1978459 chunks; 3661.0 s; peak memory 1202 MiB.
2026-10-05T18:04:52Z INFO [222/500] 3b54f4b2-2e13-4a1b-899f-1e04e2800ffc: 48 chunks; 0.7 s; peak memory 1202 MiB.
2026-10-05T18:04:52Z INFO [223/500] 3b559992-f739-4b99-beb2-938eb8b8073e: 117 chunks; 0.7 s; peak memory 1202 MiB.
2026-10-05T18:04:53Z INFO [224/500] 3b565fe2-9d78-4fdd-bfdb-54d63fc326c2: 112 chunks; 1.0 s; peak memory 1202 MiB.
2026-10-05T18:04:54Z INFO [225/500] 3b56e228-bad1-4aee-92c8-1b4c0f7970fe: 112 chunks; 0.8 s; peak memory 1202 MiB.
2026-10-05T18:04:55Z INFO [226/500] 3b575ba4-0831-4cc3-91b1-bb9c00c2ddec: 69 chunks; 1.0 s; peak memory 1202 MiB.
2026-10-05T18:04:57Z INFO [227/500] 3b57b4fd-ad8e-4e74-9a4a-ad436e4d7e88: 149 chunks; 1.6 s; peak memory 1202 MiB.
2026-10-05T18:05:12Z INFO [228/500] 3b57d40e-d567-4f8f-b06f-d60123865075: 940 chunks; 15.1 s; peak memory 1202 MiB.
2026-10-05T18:05:13Z INFO [229/500] 3b5817e4-8ca1-4963-b311-14eda206a273: 66 chunks; 1.4 s; peak memory 1202 MiB.
2026-10-05T18:05:14Z INFO [230/500] 3b58fac8-c7b7-4c57-a42d-63af8381a325: 46 chunks; 0.4 s; peak memory 1202 MiB.
2026-10-05T18:05:19Z INFO [231/500] 3b591d4f-4f24-4516-a2ec-3bbca683df76: 1277 chunks; 5.8 s; peak memory 1202 MiB.
2026-10-05T18:05:20Z INFO [232/500] 3b59ac7d-fdcf-4250-9c15-d9a5298e0a52: 66 chunks; 1.0 s; peak memory 1202 MiB.
2026-10-05T18:05:21Z INFO [233/500] 3b59fcae-cf44-4089-b7f8-7ac3966072d3: 71 chunks; 1.1 s; peak memory 1202 MiB.
2026-10-05T18:05:39Z INFO [234/500] 3b5a3bf4-408d-4033-825a-bcb713654bbd: 11402 chunks; 17.6 s; peak memory 1202 MiB.
2026-10-05T18:05:40Z INFO [235/500] 3b5b49f0-1e4a-4607-9b55-37953d6fd84e: 937 chunks; 1.3 s; peak memory 1202 MiB.
2026-10-05T18:05:41Z INFO [236/500] 3b5bc7cd-1079-48f2-be63-66f3d9129068: 116 chunks; 0.8 s; peak memory 1202 MiB.
2026-10-05T18:05:42Z INFO [237/500] 3b5bcf2b-3f00-4352-b38a-2fb1b1a9285a: 37 chunks; 0.5 s; peak memory 1202 MiB.
2026-10-05T18:05:42Z INFO [238/500] 3b5c78f2-0d2b-4264-8041-3e2bdf0a7769: 48 chunks; 0.8 s; peak memory 1202 MiB.
2026-10-05T18:05:43Z INFO [239/500] 3b5ce19b-98b5-41da-9a14-5320b835871d: 77 chunks; 0.7 s; peak memory 1202 MiB.
2026-10-05T18:05:44Z INFO [240/500] 3b5d031d-3b7c-41e8-a12e-1e38b6f3a69e: 41 chunks; 0.7 s; peak memory 1202 MiB.
2026-10-05T18:05:45Z INFO [241/500] 3b5d1acb-5b6c-4ceb-a179-d7b2c0fc07ff: 71 chunks; 1.2 s; peak memory 1202 MiB.
2026-10-05T18:05:46Z INFO [242/500] 3b5e20f0-98b7-46ca-8992-ad4a67b390e2: 118 chunks; 0.9 s; peak memory 1202 MiB.
2026-10-05T18:05:47Z INFO [243/500] 3b5ee9fd-5955-4a88-9b84-bbfd5c836afe: 48 chunks; 0.8 s; peak memory 1202 MiB.
2026-10-05T18:05:48Z INFO [244/500] 3b5f4baf-3e2d-4752-9ae3-bc8ffd7f1894: 66 chunks; 1.0 s; peak memory 1202 MiB.
2026-10-05T18:05:48Z INFO [245/500] 3b5fbc1f-9851-4ab0-8fc7-e384968b9040: 117 chunks; 0.7 s; peak memory 1202 MiB.
2026-10-05T18:05:49Z INFO [246/500] 3b605c66-35e5-4c12-bac3-b4b032c4ae8d: 117 chunks; 0.8 s; peak memory 1202 MiB.
2026-10-05T18:05:50Z INFO [247/500] 3b60a3d9-0616-4b97-848b-7d922494a157: 71 chunks; 1.2 s; peak memory 1202 MiB.
2026-10-05T18:05:51Z INFO [248/500] 3b60d1ad-16a2-432c-967a-d6aff5ca0ec3: 112 chunks; 0.9 s; peak memory 1202 MiB.
2026-10-05T18:05:52Z INFO [249/500] 3b60d362-2cca-4d3f-8020-0b29fecf416b: 48 chunks; 0.8 s; peak memory 1202 MiB.
2026-10-05T18:05:53Z INFO [250/500] 3b615422-48b6-4a2c-8855-5c5362801780: 48 chunks; 0.6 s; peak memory 1202 MiB.
2026-10-05T18:05:53Z INFO [250/500] 3b615422-48b6-4a2c-8855-5c5362801780: checkpointed 75584 records.
2026-10-05T18:05:54Z INFO [251/500] 3b61853f-f88c-4f3e-a106-80f108fd557a: 48 chunks; 0.7 s; peak memory 1202 MiB.
2026-10-05T18:05:55Z INFO [252/500] 3b624fd2-4373-49cd-9e2e-f06065fb97c9: 66 chunks; 1.0 s; peak memory 1202 MiB.
2026-10-05T18:05:55Z INFO [253/500] 3b62a536-d868-4861-8d6c-8d8158751a6f: 116 chunks; 0.7 s; peak memory 1202 MiB.
2026-10-05T18:05:56Z INFO [254/500] 3b63522f-3ad4-4ab0-b83a-73b77c5dcdde: 46 chunks; 0.5 s; peak memory 1202 MiB.
2026-10-05T18:05:57Z INFO [255/500] 3b6374e5-a25f-4a2b-9027-ca4fd7b6ef49: 52 chunks; 0.8 s; peak memory 1202 MiB.
2026-10-05T18:05:57Z INFO [256/500] 3b63a2e0-a574-4435-9166-5e56f31e344d: 118 chunks; 0.8 s; peak memory 1202 MiB.
2026-10-05T18:05:59Z INFO [257/500] 3b64176f-336b-4302-b964-bad2adba57da: 2158 chunks; 1.9 s; peak memory 1202 MiB.
2026-10-05T18:06:01Z INFO [258/500] 3b647da4-f1b1-43f1-a1ff-367984d319f9: 132 chunks; 1.3 s; peak memory 1202 MiB.
2026-10-05T18:06:01Z INFO [259/500] 3b64b27f-7e31-4df5-846a-69582c106c25: 112 chunks; 0.8 s; peak memory 1202 MiB.
2026-10-05T18:06:02Z INFO [260/500] 3b656a05-bd5b-42f9-821b-e141260c7295: 48 chunks; 0.8 s; peak memory 1202 MiB.
2026-10-05T18:06:05Z INFO [261/500] 3b658856-79ac-49ca-b4d6-112caaafe1f1: 293 chunks; 2.7 s; peak memory 1202 MiB.
2026-10-05T18:06:06Z INFO [262/500] 3b663394-7344-487a-a0e5-7f9ede862e0b: 48 chunks; 0.7 s; peak memory 1202 MiB.
2026-10-05T18:06:07Z INFO [263/500] 3b665787-25f1-438d-a01c-38be8beb88d3: 109 chunks; 1.0 s; peak memory 1202 MiB.
2026-10-05T18:06:07Z INFO [264/500] 3b687069-bf09-499a-9857-19334b890444: 67 chunks; 0.8 s; peak memory 1202 MiB.
2026-10-05T18:06:08Z INFO [265/500] 3b6933fc-e25e-4e21-ba35-a3af3aefc664: 74 chunks; 0.8 s; peak memory 1202 MiB.
2026-10-05T18:06:09Z INFO [266/500] 3b695e88-5139-445f-aa4f-838f8628d47a: 112 chunks; 0.8 s; peak memory 1202 MiB.
2026-10-05T18:06:10Z INFO [267/500] 3b696d5b-9b05-4d0f-ae3c-f55cc09b3a3e: 48 chunks; 0.8 s; peak memory 1202 MiB.
2026-10-05T18:06:11Z INFO [268/500] 3b6beea2-c5cb-4242-b108-7667d45ac36a: 46 chunks; 0.9 s; peak memory 1202 MiB.
2026-10-05T18:06:11Z INFO [269/500] 3b6c1d9d-286c-4a1b-a4ab-96f5d26f86b6: 68 chunks; 0.8 s; peak memory 1202 MiB.
2026-10-05T18:06:12Z INFO [270/500] 3b6cae92-e509-415d-b816-d8ddbb60c54f: 48 chunks; 0.6 s; peak memory 1202 MiB.
2026-10-05T18:06:14Z INFO [271/500] 3b6d2315-d0d1-4acc-b7ec-4539ac05c0f7: 201 chunks; 1.4 s; peak memory 1202 MiB.
2026-10-05T18:09:34Z INFO [272/500] 3b6dc57d-782d-467c-ba86-ea740b0ec275: 75426 chunks; 200.9 s; peak memory 1202 MiB.
2026-10-05T18:09:36Z INFO [273/500] 3b6e4dd7-4de3-4eae-b0ac-10fe6e6111ea: 101 chunks; 2.0 s; peak memory 1202 MiB.
2026-10-05T18:09:39Z INFO [274/500] 3b6eab21-ffdd-4ee8-965e-5f6327decccf: 282 chunks; 2.3 s; peak memory 1202 MiB.
2026-10-05T18:09:39Z INFO [275/500] 3b6f9a48-6e4f-4a09-bf19-a62f666594d7: 48 chunks; 0.6 s; peak memory 1202 MiB.
2026-10-05T18:09:55Z INFO [276/500] 3b6fc955-62cb-4567-bddc-2accbfc4f17b: 5714 chunks; 15.6 s; peak memory 1202 MiB.
2026-10-05T18:09:56Z INFO [277/500] 3b7024a1-e78c-42b9-9c15-91dddd5ca3d6: 62 chunks; 1.0 s; peak memory 1202 MiB.
2026-10-05T18:10:13Z INFO [278/500] 3b703132-846f-45e9-bf0b-42a4f240a835: 6140 chunks; 16.8 s; peak memory 1202 MiB.
2026-10-05T18:10:14Z INFO [279/500] 3b70b9b2-12c6-43ef-bd1b-d97bf1984c93: 106 chunks; 1.2 s; peak memory 1202 MiB.
2026-10-05T18:10:15Z INFO [280/500] 3b70f4e4-fe68-4368-bdbf-2202a8bbc7c2: 580 chunks; 1.3 s; peak memory 1202 MiB.
2026-10-05T18:10:16Z INFO [281/500] 3b711e32-1e85-4893-be62-93c86e25ac81: 592 chunks; 1.0 s; peak memory 1202 MiB.
2026-10-05T18:10:18Z INFO [282/500] 3b71c07f-b237-4675-80dd-70cd857c5283: 87 chunks; 1.8 s; peak memory 1202 MiB.
2026-10-05T18:10:19Z INFO [283/500] 3b7216f4-3bee-40e0-bd15-6ca83993e138: 58 chunks; 1.2 s; peak memory 1202 MiB.
2026-10-05T18:10:20Z INFO [284/500] 3b7242fe-b037-4852-bde3-28e39d37e826: 557 chunks; 0.9 s; peak memory 1202 MiB.
2026-10-05T18:10:21Z INFO [285/500] 3b7253a1-3552-4261-95f2-d7c841480e89: 118 chunks; 0.9 s; peak memory 1202 MiB.
2026-10-05T18:10:22Z INFO [286/500] 3b7280d0-821e-4d87-9095-a19f56910ac0: 557 chunks; 0.7 s; peak memory 1202 MiB.
2026-10-05T18:10:23Z INFO [287/500] 3b72e107-5cec-49cc-a6ac-a42a03e4b63c: 74 chunks; 1.3 s; peak memory 1202 MiB.
2026-10-05T18:10:24Z INFO [288/500] 3b739084-7313-4e4a-bfff-feb025470f7a: 59 chunks; 1.0 s; peak memory 1202 MiB.
2026-10-05T18:10:25Z INFO [289/500] 3b740046-b6a2-4f7e-b3a2-27c2238c8c0c: 117 chunks; 0.8 s; peak memory 1202 MiB.
2026-10-05T18:10:25Z INFO [290/500] 3b754727-a168-4795-9cbc-b1d07a5b1617: 557 chunks; 0.8 s; peak memory 1202 MiB.
2026-10-05T18:10:26Z INFO [291/500] 3b766037-a6bf-4d60-92be-25b91ca3b714: 114 chunks; 0.7 s; peak memory 1202 MiB.
2026-10-05T18:10:27Z INFO [292/500] 3b76c451-1764-415d-beb7-831284b0b1eb: 71 chunks; 1.0 s; peak memory 1202 MiB.
2026-10-05T18:10:28Z INFO [293/500] 3b778c2f-69df-4167-9f40-97af1fff46ef: 48 chunks; 0.7 s; peak memory 1202 MiB.
2026-10-05T18:10:33Z INFO [294/500] 3b7993e7-081d-4bbd-9ce2-96fb856772b5: 29064 chunks; 4.8 s; peak memory 1202 MiB.
2026-10-05T18:10:34Z INFO [295/500] 3b7a0594-44f8-42ce-bf38-4968cc8af3f3: 115 chunks; 1.7 s; peak memory 1202 MiB.
2026-10-05T18:10:36Z INFO [296/500] 3b7ac9c3-1ce1-4e14-bae4-883d40d7ec26: 186 chunks; 1.4 s; peak memory 1202 MiB.
2026-10-05T18:10:36Z INFO [297/500] 3b7b1f79-a525-4cb2-9100-28761d6804f7: 112 chunks; 0.7 s; peak memory 1202 MiB.
2026-10-05T18:10:37Z INFO [298/500] 3b7b3d06-aef6-41c8-8b38-bba5dad3019a: 48 chunks; 0.7 s; peak memory 1202 MiB.
2026-10-05T18:10:38Z INFO [299/500] 3b7b5fda-39ed-4167-90fd-95372ae0c994: 116 chunks; 0.7 s; peak memory 1202 MiB.
2026-10-05T18:10:39Z INFO [300/500] 3b7bd276-8da4-44aa-99c1-a1ef9e4854a2: 48 chunks; 0.8 s; peak memory 1202 MiB.
2026-10-05T18:10:39Z INFO [300/500] 3b7bd276-8da4-44aa-99c1-a1ef9e4854a2: checkpointed 75634 records.
2026-10-05T18:10:40Z INFO [301/500] 3b7bd2be-1a35-4dbc-9bc1-e85c82fba43d: 52 chunks; 0.7 s; peak memory 1202 MiB.
2026-10-05T18:10:43Z INFO [302/500] 3b7be587-7ef3-45e8-a741-4dbf64201977: 9115 chunks; 3.1 s; peak memory 1202 MiB.
2026-10-05T18:10:43Z INFO [303/500] 3b7beae4-c322-4ff8-9d70-eb1ad65ba6fe: 69 chunks; 0.6 s; peak memory 1202 MiB.
2026-10-05T18:10:44Z INFO [304/500] 3b7c344b-0295-43c5-9d9d-9360f5f84747: 48 chunks; 0.9 s; peak memory 1202 MiB.
2026-10-05T18:10:45Z INFO [305/500] 3b7d7337-08d4-4225-8e85-2f01531c3390: 21 chunks; 0.6 s; peak memory 1202 MiB.
2026-10-05T18:10:46Z INFO [306/500] 3b7d80b8-ce41-4ca8-8094-9ebdd1669ad8: 997 chunks; 1.4 s; peak memory 1202 MiB.
2026-10-05T18:10:48Z INFO [307/500] 3b7e7513-63f4-46ed-9dc5-8ecffa61cf2a: 156 chunks; 1.9 s; peak memory 1202 MiB.
2026-10-05T18:10:49Z INFO [308/500] 3b7f80ee-4bb8-426f-bd80-8485914c5d32: 112 chunks; 0.9 s; peak memory 1202 MiB.
2026-10-05T18:10:50Z INFO [309/500] 3b810fc3-8092-4bb6-8e41-d38b6cd40df3: 48 chunks; 0.8 s; peak memory 1202 MiB.
2026-10-05T18:10:52Z INFO [310/500] 3b811a3a-8037-427f-9528-d2fcb9e7f66f: 156 chunks; 2.0 s; peak memory 1202 MiB.
2026-10-05T18:10:53Z INFO [311/500] 3b8127d9-4c48-4264-bdf3-1475bc8f82a2: 48 chunks; 0.8 s; peak memory 1202 MiB.
2026-10-05T18:10:53Z INFO [312/500] 3b8176c8-b2c5-4b93-ac2a-dcd143eaa70d: 48 chunks; 0.6 s; peak memory 1202 MiB.
2026-10-05T18:10:54Z INFO [313/500] 3b81b3b7-83df-4029-985c-29372b01d632: 48 chunks; 0.7 s; peak memory 1202 MiB.
2026-10-05T18:10:54Z INFO [314/500] 3b81c730-9441-4f11-a205-86b733804396: 46 chunks; 0.6 s; peak memory 1202 MiB.
2026-10-05T18:10:56Z INFO [315/500] 3b81db6e-1f1c-4824-9d9f-3c4003902c82: 997 chunks; 1.5 s; peak memory 1202 MiB.
2026-10-05T18:10:57Z INFO [316/500] 3b829416-1cd5-4eed-8d66-73477f62f4ae: 48 chunks; 0.7 s; peak memory 1202 MiB.
2026-10-05T18:10:58Z INFO [317/500] 3b82f4a6-214f-4e66-933e-de6737f4b0f2: 112 chunks; 0.9 s; peak memory 1202 MiB.
2026-10-05T18:10:58Z INFO [318/500] 3b841939-ff7e-4543-94fd-0da4c6159460: 48 chunks; 0.7 s; peak memory 1202 MiB.
2026-10-05T18:11:03Z INFO [319/500] 3b85a865-2bc0-4062-bb52-5ab5f2fa80f5: 1703 chunks; 4.3 s; peak memory 1202 MiB.
2026-10-05T18:11:04Z INFO [320/500] 3b861711-defa-4d49-b3b5-a191fd1f180f: 71 chunks; 1.3 s; peak memory 1202 MiB.
2026-10-05T18:11:05Z INFO [321/500] 3b86c28a-fcff-42eb-bbb3-edf65bc2fb19: 112 chunks; 0.7 s; peak memory 1202 MiB.
2026-10-05T18:11:05Z INFO [322/500] 3b8726aa-75ff-4c20-a5d3-b44a2c48fa0a: 112 chunks; 0.8 s; peak memory 1202 MiB.
2026-10-05T18:11:06Z INFO [323/500] 3b880bde-dbed-4466-8f47-3654725c57d8: 112 chunks; 0.9 s; peak memory 1202 MiB.
2026-10-05T18:11:07Z INFO [324/500] 3b88175f-1ad5-4c0e-920e-5db8b1124b80: 118 chunks; 0.8 s; peak memory 1202 MiB.
2026-10-05T18:11:12Z INFO [325/500] 3b884607-fb79-486e-b14a-2d6854d37496: 339 chunks; 5.0 s; peak memory 1202 MiB.
2026-10-05T18:11:13Z INFO [326/500] 3b8886ac-562e-41f4-b273-2750b34322e3: 46 chunks; 0.6 s; peak memory 1202 MiB.
2026-10-05T18:11:13Z INFO [327/500] 3b88c50a-1cfa-47a8-b784-6a81a4267906: 48 chunks; 0.6 s; peak memory 1202 MiB.
2026-10-05T18:11:15Z INFO [328/500] 3b88fbd4-f4de-474a-b09c-9e1aa84fea01: 125 chunks; 1.6 s; peak memory 1202 MiB.
2026-10-05T18:11:42Z INFO [329/500] 3b894e82-70db-4e2f-af8b-a3d09a050708: 18008 chunks; 27.4 s; peak memory 1202 MiB.
2026-10-05T18:11:43Z INFO [330/500] 3b895c6a-c3eb-4788-8df5-67543189a642: 116 chunks; 1.1 s; peak memory 1202 MiB.
2026-10-05T18:11:44Z INFO [331/500] 3b89d6e4-59d6-4d24-955d-7dc8f40c3a8a: 63 chunks; 0.8 s; peak memory 1202 MiB.
2026-10-05T18:11:45Z INFO [332/500] 3b8bb993-a54e-43b7-85e5-fbe54e7bf366: 66 chunks; 1.1 s; peak memory 1202 MiB.
2026-10-05T18:11:46Z INFO [333/500] 3b8cef18-0508-4cce-a677-540b08545984: 48 chunks; 0.8 s; peak memory 1202 MiB.
2026-10-05T18:11:50Z INFO [334/500] 3b8d4530-1136-434c-baac-09d41643e5ac: 4851 chunks; 3.5 s; peak memory 1202 MiB.
2026-10-05T18:11:50Z INFO [335/500] 3b8d5d9d-aed0-475a-8f15-937af05c8bd3: 69 chunks; 0.8 s; peak memory 1202 MiB.
2026-10-05T18:11:55Z INFO [336/500] 3b8eb562-c622-40b5-9f91-74c4a4b5033d: 18269 chunks; 5.1 s; peak memory 1202 MiB.
2026-10-05T18:12:03Z INFO [337/500] 3b8ecfef-484b-49d7-90c0-631676544764: 154 chunks; 7.3 s; peak memory 1202 MiB.
2026-10-05T18:12:04Z INFO [338/500] 3b8ee649-d9a5-47ca-8d50-3bbe419c34cd: 48 chunks; 1.1 s; peak memory 1202 MiB.
2026-10-05T18:12:06Z INFO [339/500] 3b8f37cc-f1a5-4ccf-bf27-b541e7a12e44: 1061 chunks; 1.8 s; peak memory 1202 MiB.
2026-10-05T18:12:07Z INFO [340/500] 3b8f8a75-8ff5-4056-9b54-547774e2b018: 131 chunks; 0.9 s; peak memory 1202 MiB.
2026-10-05T18:12:08Z INFO [341/500] 3b8fc315-0645-4764-857d-b9f1b1af9af4: 116 chunks; 1.6 s; peak memory 1202 MiB.
2026-10-05T18:12:09Z INFO [342/500] 3b8fed66-6c82-4952-9c51-a48d6ab32eb4: 74 chunks; 1.0 s; peak memory 1202 MiB.
2026-10-05T18:12:12Z INFO [343/500] 3b90132d-a9fd-415f-9a44-891417d52450: 2085 chunks; 3.3 s; peak memory 1202 MiB.
2026-10-05T18:12:15Z INFO [344/500] 3b904398-3a01-4f3c-88e0-0f6e7aa7c401: 7609 chunks; 2.9 s; peak memory 1202 MiB.
2026-10-05T18:12:16Z INFO [345/500] 3b904beb-f340-4f08-8795-c7307b18c2a5: 46 chunks; 0.6 s; peak memory 1202 MiB.
2026-10-05T18:12:17Z INFO [346/500] 3b91067d-28f6-42c0-97a5-cd33945f625f: 118 chunks; 0.9 s; peak memory 1202 MiB.
2026-10-05T18:12:18Z INFO [347/500] 3b91464f-7506-452a-b3fc-f2fd00bcaf52: 303 chunks; 1.2 s; peak memory 1202 MiB.
2026-10-05T18:12:19Z INFO [348/500] 3b9365ca-8d5c-4026-8b98-76c74387a498: 46 chunks; 0.5 s; peak memory 1202 MiB.
2026-10-05T18:12:19Z INFO [349/500] 3b93a4a1-75cb-4b15-99eb-50b57c94cb5c: 48 chunks; 0.6 s; peak memory 1202 MiB.
2026-10-05T18:12:20Z INFO [350/500] 3b948487-4c1e-415a-a1fd-06dc2e24d48e: 117 chunks; 0.9 s; peak memory 1202 MiB.
2026-10-05T18:12:20Z INFO [350/500] 3b948487-4c1e-415a-a1fd-06dc2e24d48e: checkpointed 75684 records.
2026-10-05T18:12:21Z INFO [351/500] 3b95077d-44bc-4a85-9b17-99dffddec3fb: 52 chunks; 0.8 s; peak memory 1202 MiB.
2026-10-05T18:12:24Z INFO [352/500] 3b95080c-ec66-4970-9bfa-31eb01a8b447: 288 chunks; 2.9 s; peak memory 1202 MiB.
2026-10-05T18:12:25Z INFO [353/500] 3b951700-8219-4af8-92a0-a0426ac1a75f: 110 chunks; 0.8 s; peak memory 1202 MiB.
2026-10-05T18:12:26Z INFO [354/500] 3b95967b-659e-4397-a9a9-7ff483718114: 186 chunks; 1.5 s; peak memory 1202 MiB.
2026-10-05T18:12:27Z INFO [355/500] 3b96143e-275f-4822-8b52-47c0c34e7df0: 153 chunks; 1.1 s; peak memory 1202 MiB.
2026-10-05T18:12:28Z INFO [356/500] 3b9621db-206d-41c0-90b7-c7d774315d38: 88 chunks; 0.8 s; peak memory 1202 MiB.
2026-10-05T18:12:29Z INFO [357/500] 3b9754cd-ec8c-40bf-b645-935a3909e281: 117 chunks; 0.9 s; peak memory 1202 MiB.
2026-10-05T18:12:30Z INFO [358/500] 3b9758fd-2881-4221-8e6b-697c5594f7be: 110 chunks; 0.6 s; peak memory 1202 MiB.
2026-10-05T18:12:31Z INFO [359/500] 3b9778f0-d4b9-4abf-8927-43148c1a3d68: 48 chunks; 0.8 s; peak memory 1202 MiB.
2026-10-05T18:12:32Z INFO [360/500] 3b97a8f3-9c22-4399-9492-c092b5e2e31e: 51 chunks; 1.1 s; peak memory 1202 MiB.
2026-10-05T18:12:33Z INFO [361/500] 3b97efb1-7ab8-433e-a98b-ca2c229c1405: 66 chunks; 0.9 s; peak memory 1202 MiB.
2026-10-05T18:12:35Z INFO [362/500] 3b984346-cd37-4a3e-a9a2-98b5d166968e: 286 chunks; 2.9 s; peak memory 1202 MiB.
2026-10-05T18:12:36Z INFO [363/500] 3b985e57-5a91-4704-82b3-16ad2b84cf3f: 118 chunks; 0.8 s; peak memory 1202 MiB.
2026-10-05T18:12:37Z INFO [364/500] 3b986f3e-81a3-4b52-abe1-eacd297e062b: 84 chunks; 0.8 s; peak memory 1202 MiB.
2026-10-05T18:12:38Z INFO [365/500] 3b98b15b-a6c1-4ccd-880d-034f29dd1f85: 116 chunks; 0.9 s; peak memory 1202 MiB.
2026-10-05T18:12:39Z INFO [366/500] 3b996034-4929-4d6f-809b-3740949fbe4c: 112 chunks; 0.8 s; peak memory 1202 MiB.
2026-10-05T18:12:39Z INFO [367/500] 3b9973c3-497b-4726-8518-4dd168759c27: 48 chunks; 0.6 s; peak memory 1202 MiB.
2026-10-05T18:12:40Z INFO [368/500] 3b9976c6-a94a-4cc8-a96b-8d730d6ef1cd: 36 chunks; 0.6 s; peak memory 1202 MiB.
2026-10-05T18:12:40Z INFO [369/500] 3b99ff8a-b7bb-4e04-9e18-9debe66ba7b0: 56 chunks; 0.4 s; peak memory 1202 MiB.
2026-10-05T18:12:41Z INFO [370/500] 3b9b602b-ba70-4a8b-97d0-2d2ce9c21b9e: 48 chunks; 0.7 s; peak memory 1202 MiB.
2026-10-05T18:12:42Z INFO [371/500] 3b9baf21-51da-456e-a1aa-21ba8df864c4: 112 chunks; 0.7 s; peak memory 1202 MiB.
2026-10-05T18:12:42Z INFO [372/500] 3b9cb5fd-0e6d-4cd3-92ff-0b6811253821: 45 chunks; 0.5 s; peak memory 1202 MiB.
2026-10-05T18:12:43Z INFO [373/500] 3b9cb932-948d-4932-80b9-0eee1b1d9c00: 70 chunks; 1.1 s; peak memory 1202 MiB.
2026-10-05T18:12:45Z INFO [374/500] 3b9d699b-60f3-435c-8fd4-0c6ed7c2a874: 71 chunks; 1.2 s; peak memory 1202 MiB.
2026-10-05T18:12:48Z INFO [375/500] 3b9e554f-7df1-41dd-8f07-d95ff52af811: 2923 chunks; 3.4 s; peak memory 1202 MiB.
2026-10-05T18:12:49Z INFO [376/500] 3b9e6177-9661-47d9-b150-734d33f5facc: 69 chunks; 0.9 s; peak memory 1202 MiB.
2026-10-05T18:14:28Z INFO [377/500] 3b9e681d-115c-4e2d-9a66-dd1c6b0cc859: 37910 chunks; 98.9 s; peak memory 1202 MiB.
2026-10-05T18:14:29Z INFO [378/500] 3b9ee466-0586-4fe5-9f30-516304ff79b0: 156 chunks; 1.7 s; peak memory 1202 MiB.
2026-10-05T18:14:47Z INFO [379/500] 3b9f031f-3c97-47b1-994e-0f1d6da8c669: 6040 chunks; 17.3 s; peak memory 1202 MiB.
2026-10-05T18:14:50Z INFO [380/500] 3b9f157c-b14f-40e8-9b3a-30f82c90d571: 613 chunks; 2.8 s; peak memory 1202 MiB.
2026-10-05T18:14:51Z INFO [381/500] 3b9f4fd9-9875-4ef8-8c9d-5894561841b1: 114 chunks; 1.9 s; peak memory 1202 MiB.
2026-10-05T18:14:52Z INFO [382/500] 3ba01b21-ebc8-46ea-b7f7-41c1d2ab493d: 112 chunks; 0.9 s; peak memory 1202 MiB.
2026-10-05T18:14:54Z INFO [383/500] 3ba044a0-c6b9-4ad4-8456-81de1acc2013: 152 chunks; 1.4 s; peak memory 1202 MiB.
2026-10-05T18:14:55Z INFO [384/500] 3ba0c5ec-d9aa-4011-9780-71fe2d5f3fa3: 117 chunks; 0.7 s; peak memory 1202 MiB.
2026-10-05T18:14:55Z INFO [385/500] 3ba0f577-9bd9-43eb-98f5-79010d073e3f: 84 chunks; 0.6 s; peak memory 1202 MiB.
2026-10-05T18:14:56Z INFO [386/500] 3ba2c168-af36-465f-b38c-b854432192a4: 116 chunks; 0.9 s; peak memory 1202 MiB.
2026-10-05T18:14:57Z INFO [387/500] 3ba3235e-f782-4285-b9f5-3c027246290b: 71 chunks; 1.3 s; peak memory 1202 MiB.
2026-10-05T18:15:09Z INFO [388/500] 3ba37333-7b76-45de-836f-efd35278a155: 13583 chunks; 11.6 s; peak memory 1202 MiB.
2026-10-05T18:15:10Z INFO [389/500] 3ba38dfa-2870-494a-a7f7-8ce00c2f1ae1: 66 chunks; 1.1 s; peak memory 1202 MiB.
2026-10-05T18:15:11Z INFO [390/500] 3ba38e35-abdd-49d8-b1d0-775244f88737: 48 chunks; 0.7 s; peak memory 1202 MiB.
2026-10-05T18:15:12Z INFO [391/500] 3ba3bbbb-1de9-4f46-9bae-a0dbbd799c20: 117 chunks; 0.8 s; peak memory 1202 MiB.
2026-10-05T18:15:13Z INFO [392/500] 3ba3fd16-ad1f-4b43-93f9-a4cd848ac605: 62 chunks; 1.0 s; peak memory 1202 MiB.
2026-10-05T18:15:13Z INFO [393/500] 3ba43d61-c013-4070-a9e4-eb7db8144812: 46 chunks; 0.5 s; peak memory 1202 MiB.
2026-10-05T18:15:14Z INFO [394/500] 3ba46817-4114-46f5-a025-dd36b6c6863c: 116 chunks; 0.7 s; peak memory 1202 MiB.
2026-10-05T18:15:21Z INFO [395/500] 3ba55341-1553-4178-9c80-f4c16c2bb8ff: 1956 chunks; 6.8 s; peak memory 1202 MiB.
2026-10-05T18:15:32Z INFO [396/500] 3ba63aad-6b5f-4eb4-96bb-45144b28165e: 48410 chunks; 11.9 s; peak memory 1202 MiB.
2026-10-05T18:15:34Z INFO [397/500] 3ba76000-ffa2-4670-a5b8-4a0b4321ddf2: 156 chunks; 1.9 s; peak memory 1202 MiB.
2026-10-05T18:15:35Z INFO [398/500] 3ba8a823-8f53-48eb-a2a8-919d62f4e3d6: 56 chunks; 0.5 s; peak memory 1202 MiB.
2026-10-05T18:15:36Z INFO [399/500] 3ba8ab54-bb1f-4eeb-bde5-29f11d93620b: 69 chunks; 1.0 s; peak memory 1202 MiB.
2026-10-05T18:15:37Z INFO [400/500] 3ba8e0bf-63af-405c-8cc3-28792b87a028: 66 chunks; 1.0 s; peak memory 1202 MiB.
2026-10-05T18:15:37Z INFO [400/500] 3ba8e0bf-63af-405c-8cc3-28792b87a028: checkpointed 75734 records.
2026-10-05T18:15:39Z INFO [401/500] 3baa2b36-9704-4bb1-97fb-c93180303e52: 71 chunks; 1.7 s; peak memory 1202 MiB.
2026-10-05T18:15:40Z INFO [402/500] 3baa5f75-220f-462b-9c64-716cc404c42f: 112 chunks; 1.1 s; peak memory 1202 MiB.
2026-10-05T18:15:40Z INFO [403/500] 3baab10f-7a2a-4f2d-9eb7-239b5026c9f8: 41 chunks; 0.6 s; peak memory 1202 MiB.
2026-10-05T18:15:41Z INFO [404/500] 3baaddaf-5961-409c-bb8f-9f69041671f5: 65 chunks; 0.7 s; peak memory 1202 MiB.
2026-10-05T18:15:44Z INFO [405/500] 3bab0dd0-de4f-4020-ad00-f5f6a02df871: 2139 chunks; 2.7 s; peak memory 1202 MiB.
2026-10-05T18:15:45Z INFO [406/500] 3bab489c-d146-4a69-b1a3-94087ca9f9f3: 132 chunks; 1.1 s; peak memory 1202 MiB.
2026-10-05T18:15:46Z INFO [407/500] 3bac235e-a593-4c69-bb56-ec6cef30ac4d: 48 chunks; 0.9 s; peak memory 1202 MiB.
2026-10-05T18:15:47Z INFO [408/500] 3bac4d8e-a09b-4924-b49b-a49fdbb27867: 118 chunks; 0.9 s; peak memory 1202 MiB.
2026-10-05T18:16:48Z INFO [409/500] 3bac7387-94de-470f-9f42-c33923b0a7ac: 20863 chunks; 61.5 s; peak memory 1202 MiB.
2026-10-05T18:16:49Z INFO [410/500] 3bacd7cf-11ed-4090-874c-7b4c92ba5d79: 113 chunks; 0.9 s; peak memory 1202 MiB.
2026-10-05T18:17:02Z INFO [411/500] 3bade986-a71b-4581-8092-b56f1c9f4ffc: 8229 chunks; 12.5 s; peak memory 1202 MiB.
2026-10-05T18:17:03Z INFO [412/500] 3baf58d3-6bd8-4d51-b301-5ebbbc4d4628: 66 chunks; 1.0 s; peak memory 1202 MiB.
2026-10-05T18:17:04Z INFO [413/500] 3baff867-3860-4d95-bef6-fbe1ffe1b530: 1061 chunks; 1.8 s; peak memory 1202 MiB.
2026-10-05T18:17:05Z INFO [414/500] 3bb0c570-b3b7-4214-aba0-edb1375ffbce: 48 chunks; 0.8 s; peak memory 1202 MiB.
2026-10-05T18:17:06Z INFO [415/500] 3bb12a9c-7aa3-4698-aa90-a3038eac5f8f: 118 chunks; 0.8 s; peak memory 1202 MiB.
2026-10-05T18:17:09Z INFO [416/500] 3bb15e06-fc29-4adb-8781-18cb7477e92d: 2085 chunks; 2.8 s; peak memory 1202 MiB.
2026-10-05T18:17:11Z INFO [417/500] 3bb1e04f-bca3-4585-a410-a8f0c7efe0e6: 71 chunks; 1.7 s; peak memory 1202 MiB.
2026-10-05T18:17:12Z INFO [418/500] 3bb1ee6f-570e-46c4-a13e-d15464729a19: 153 chunks; 1.0 s; peak memory 1202 MiB.
2026-10-05T18:17:14Z INFO [419/500] 3bb41a6e-171d-4470-86da-156e72697849: 156 chunks; 2.0 s; peak memory 1202 MiB.
2026-10-05T18:17:14Z INFO [420/500] 3bb41b3b-28f2-45c0-8efb-b082e59f3874: 63 chunks; 0.6 s; peak memory 1202 MiB.
2026-10-05T18:17:15Z INFO [421/500] 3bb4d5f4-89c2-417b-90de-c9f72e75d711: 57 chunks; 0.7 s; peak memory 1202 MiB.
2026-10-05T18:17:16Z INFO [422/500] 3bb4e9b7-d0b4-492e-a25b-f185cdcb4def: 117 chunks; 0.7 s; peak memory 1202 MiB.
2026-10-05T18:17:18Z INFO [423/500] 3bb61669-c817-4ce6-be81-e3ecfb829151: 7904 chunks; 2.7 s; peak memory 1202 MiB.
2026-10-05T18:17:19Z INFO [424/500] 3bb62049-ddc0-48bd-a634-bf16742d18c3: 112 chunks; 0.9 s; peak memory 1202 MiB.
2026-10-05T18:17:20Z INFO [425/500] 3bb679c5-ab50-4ea0-bf79-389b00cd506c: 48 chunks; 0.8 s; peak memory 1202 MiB.
2026-10-05T18:17:21Z INFO [426/500] 3bb6c078-8d69-4bfe-a52a-7c47094a460a: 57 chunks; 1.3 s; peak memory 1202 MiB.
2026-10-05T18:17:22Z INFO [427/500] 3bb7ffa1-8753-45cb-9619-ee987db37a75: 118 chunks; 0.8 s; peak memory 1202 MiB.
2026-10-05T18:17:23Z INFO [428/500] 3bb8c0a3-0b70-41c7-be05-6e60c57faf36: 71 chunks; 0.8 s; peak memory 1202 MiB.
2026-10-05T18:17:24Z INFO [429/500] 3bb93f41-b990-4e2e-9c0a-cfb3a3a18096: 117 chunks; 0.8 s; peak memory 1202 MiB.
2026-10-05T18:17:25Z INFO [430/500] 3bbaa169-a005-48b3-9f4e-fee305f4c59a: 117 chunks; 0.9 s; peak memory 1202 MiB.
2026-10-05T18:17:25Z INFO [431/500] 3bbad840-9b41-4c59-8590-362fff0dfcb2: 48 chunks; 0.8 s; peak memory 1202 MiB.
2026-10-05T18:17:27Z INFO [432/500] 3bbb2f7c-50dd-4819-97d2-da65e71eeee6: 115 chunks; 1.8 s; peak memory 1202 MiB.
2026-10-05T18:17:28Z INFO [433/500] 3bbb7f62-160d-47a6-8f47-100abc6b71e7: 112 chunks; 0.9 s; peak memory 1202 MiB.
2026-10-05T18:17:29Z INFO [434/500] 3bbc1b0e-0dfd-415d-bed5-0ffd963b49be: 66 chunks; 0.9 s; peak memory 1202 MiB.
2026-10-05T18:17:30Z INFO [435/500] 3bbc2d12-66e4-491d-be1d-16af106d3ad7: 71 chunks; 1.5 s; peak memory 1202 MiB.
2026-10-05T18:17:31Z INFO [436/500] 3bbda189-6699-47f5-9561-2d6edb1eee81: 52 chunks; 0.8 s; peak memory 1202 MiB.
2026-10-05T18:17:32Z INFO [437/500] 3bbe0526-426d-44d7-a62f-d2d2bcded68c: 48 chunks; 0.8 s; peak memory 1202 MiB.
2026-10-05T18:17:33Z INFO [438/500] 3bbf3787-36f1-4df7-a547-319abd4b32f8: 117 chunks; 0.7 s; peak memory 1202 MiB.
2026-10-05T18:17:33Z INFO [439/500] 3bc15274-0c37-4c1d-8d4a-06ba7630599b: 37 chunks; 0.6 s; peak memory 1202 MiB.
2026-10-05T18:17:34Z INFO [440/500] 3bc197ee-b334-48cc-938d-1dcf81aeec63: 43 chunks; 0.7 s; peak memory 1202 MiB.
2026-10-05T18:17:35Z INFO [441/500] 3bc22753-acbb-4349-bab1-bd7e5283d844: 48 chunks; 0.8 s; peak memory 1202 MiB.
2026-10-05T18:17:36Z INFO [442/500] 3bc24022-c1ea-4606-831e-114418bdf6b8: 112 chunks; 1.0 s; peak memory 1202 MiB.
2026-10-05T18:17:37Z INFO [443/500] 3bc26b4d-680c-4944-b3b5-4fbcdd86d721: 112 chunks; 0.9 s; peak memory 1202 MiB.
2026-10-05T18:17:37Z INFO [444/500] 3bc29bb9-3fe4-49fd-b4b3-272827c8a3c9: 46 chunks; 0.6 s; peak memory 1202 MiB.
2026-10-05T18:17:43Z INFO [445/500] 3bc33952-596c-428b-b5fa-a5d26fae2abe: 16242 chunks; 5.9 s; peak memory 1202 MiB.
2026-10-05T18:17:44Z INFO [446/500] 3bc3bfa7-a723-43d0-84c8-576b165cf4d4: 118 chunks; 0.8 s; peak memory 1202 MiB.
2026-10-05T18:17:45Z INFO [447/500] 3bc52dcb-ff3f-4083-9e27-36cc15c872b2: 115 chunks; 1.6 s; peak memory 1202 MiB.
2026-10-05T18:17:46Z INFO [448/500] 3bc53df7-be38-4fc6-a7ff-520bf5c3bfae: 48 chunks; 0.8 s; peak memory 1202 MiB.
2026-10-05T18:17:47Z INFO [449/500] 3bc80941-3578-4d45-a6b5-f737a43a2070: 118 chunks; 1.0 s; peak memory 1202 MiB.
2026-10-05T18:17:48Z INFO [450/500] 3bc8d0fe-da7a-4932-ae65-b8f87c5542b1: 275 chunks; 0.9 s; peak memory 1202 MiB.
2026-10-05T18:17:48Z INFO [450/500] 3bc8d0fe-da7a-4932-ae65-b8f87c5542b1: checkpointed 75784 records.
2026-10-05T18:17:49Z INFO [451/500] 3bca6f7e-5f03-43e5-8714-470029fb9a3d: 41 chunks; 0.6 s; peak memory 1202 MiB.
2026-10-05T18:17:50Z INFO [452/500] 3bcb9a16-5ef0-46bd-a81b-1bfa734c3fed: 56 chunks; 0.5 s; peak memory 1202 MiB.
2026-10-05T18:17:50Z INFO [453/500] 3bcbd62c-1552-451e-bab1-481cae9677e7: 117 chunks; 0.8 s; peak memory 1202 MiB.
2026-10-05T18:19:01Z INFO [454/500] 3bcdbe60-33fb-4f82-9d8b-158816a0e72c: 32825 chunks; 70.8 s; peak memory 1202 MiB.
2026-10-05T18:19:02Z INFO [455/500] 3bcdf5b6-365d-4f86-ac72-1da648201458: 46 chunks; 0.6 s; peak memory 1202 MiB.
2026-10-05T18:19:06Z INFO [456/500] 3bcf6727-92c3-4987-925a-99bf757f10e1: 8168 chunks; 3.8 s; peak memory 1202 MiB.
2026-10-05T18:19:06Z INFO [457/500] 3bcf8112-3509-41c4-bc12-f8ccf0f18cdf: 112 chunks; 0.8 s; peak memory 1202 MiB.
2026-10-05T18:19:07Z INFO [458/500] 3bd07847-462d-4b09-b1c5-62c914369068: 117 chunks; 0.7 s; peak memory 1202 MiB.
2026-10-05T18:20:56Z INFO [459/500] 3bd1179c-a3a5-4c17-8ba3-b5185d67e68f: 38027 chunks; 108.5 s; peak memory 1202 MiB.
2026-10-05T18:21:01Z INFO [460/500] 3bd18618-0157-4f1b-a2e1-94cef6e20453: 1253 chunks; 5.0 s; peak memory 1202 MiB.
2026-10-05T18:21:01Z INFO [461/500] 3bd29589-d3b1-4b0a-8f6d-d6ae76d7e2bd: 48 chunks; 0.8 s; peak memory 1202 MiB.
2026-10-05T18:21:02Z INFO [462/500] 3bd2e521-c939-4547-9625-492ed059c3d4: 48 chunks; 1.0 s; peak memory 1202 MiB.
2026-10-05T18:21:03Z INFO [463/500] 3bd30d37-a4d3-4202-8f8e-92fdd958502b: 52 chunks; 0.8 s; peak memory 1202 MiB.
2026-10-05T18:21:04Z INFO [464/500] 3bd4ddaa-d703-4477-99c2-20a6c1d32331: 49 chunks; 0.9 s; peak memory 1202 MiB.
2026-10-05T18:21:06Z INFO [465/500] 3bd57593-24e0-4d4c-8ee3-eb68fc6bcec4: 80 chunks; 1.8 s; peak memory 1202 MiB.
2026-10-05T18:21:20Z INFO [466/500] 3bd60cf2-e982-448c-8c15-54311165ed5e: 428 chunks; 14.0 s; peak memory 1202 MiB.
2026-10-05T18:21:21Z INFO [467/500] 3bd647a6-e424-48bf-8d92-dd2d35954002: 71 chunks; 1.2 s; peak memory 1202 MiB.
2026-10-05T18:21:22Z INFO [468/500] 3bd6a08a-40bb-4f86-bca3-c73128de32a8: 48 chunks; 0.8 s; peak memory 1202 MiB.
2026-10-05T18:21:23Z INFO [469/500] 3bd6b77e-d7fa-4f47-95e2-b22c69bf1e95: 997 chunks; 1.6 s; peak memory 1202 MiB.
2026-10-05T18:21:24Z INFO [470/500] 3bd7757f-91be-4ac0-8198-c5794de5be96: 116 chunks; 0.7 s; peak memory 1202 MiB.
2026-10-05T18:21:25Z INFO [471/500] 3bd79284-1445-4127-bc54-0dffdffeefb0: 66 chunks; 1.0 s; peak memory 1202 MiB.
2026-10-05T18:21:26Z INFO [472/500] 3bd7b038-ec2e-4f92-97c7-57bbd1945f22: 48 chunks; 0.7 s; peak memory 1202 MiB.
2026-10-05T18:21:29Z INFO [473/500] 3bd7c317-7e0d-4808-b618-50baa8dcf0e7: 115 chunks; 2.7 s; peak memory 1202 MiB.
2026-10-05T18:21:30Z INFO [474/500] 3bd84308-3bd9-49c7-a51c-bf5c03d2cc0b: 116 chunks; 0.9 s; peak memory 1202 MiB.
2026-10-05T18:21:30Z INFO [475/500] 3bdaea73-635b-4680-94ad-3b5f1348c2be: 112 chunks; 0.9 s; peak memory 1202 MiB.
2026-10-05T18:21:31Z INFO [476/500] 3bdb5ed5-6d57-4873-81fe-b0798e95e775: 46 chunks; 0.8 s; peak memory 1202 MiB.
2026-10-05T18:21:32Z INFO [477/500] 3bdc67a3-b19b-47e7-991d-793fb022dfe5: 84 chunks; 0.8 s; peak memory 1202 MiB.
2026-10-05T18:21:33Z INFO [478/500] 3bdccfc6-6ab0-41d2-8e82-22319f63f4fc: 117 chunks; 0.8 s; peak memory 1202 MiB.
2026-10-05T18:21:34Z INFO [479/500] 3bdd1549-6dde-4bab-a74d-551b987aa421: 48 chunks; 0.7 s; peak memory 1202 MiB.
2026-10-05T18:21:38Z INFO [480/500] 3bdd7b0a-2fc5-44dc-8328-40291af81a6d: 7905 chunks; 4.2 s; peak memory 1202 MiB.
2026-10-05T18:21:38Z INFO [481/500] 3bdeb0ea-75a8-423e-afb1-8c946a28417f: 112 chunks; 0.7 s; peak memory 1202 MiB.
2026-10-05T18:21:39Z INFO [482/500] 3bded149-18eb-4733-a7f2-b925f28dbec0: 118 chunks; 0.8 s; peak memory 1202 MiB.
2026-10-05T18:21:40Z INFO [483/500] 3bdf409a-55f5-45f4-8925-dbefe02231e0: 70 chunks; 1.2 s; peak memory 1202 MiB.
2026-10-05T18:21:41Z INFO [484/500] 3bdfa1c4-96c9-45d7-a5fb-73dc45382f13: 117 chunks; 0.8 s; peak memory 1202 MiB.
2026-10-05T18:21:43Z INFO [485/500] 3be1468f-4ed7-4468-8a57-6590d57343d9: 115 chunks; 1.6 s; peak memory 1202 MiB.
2026-10-05T18:21:44Z INFO [486/500] 3be172db-42b8-4669-9355-dfc5575a4946: 62 chunks; 1.1 s; peak memory 1202 MiB.
2026-10-05T18:21:45Z INFO [487/500] 3be1b135-8c6f-42a7-a106-cea800f7ae67: 162 chunks; 1.0 s; peak memory 1202 MiB.
2026-10-05T18:21:46Z INFO [488/500] 3be2c99c-5421-49d4-9bbd-a81c00c675da: 112 chunks; 1.0 s; peak memory 1202 MiB.
2026-10-05T18:47:38Z INFO [489/500] 3be2d6bf-e270-4792-ae43-7c0d17780b09: 476015 chunks; 1552.0 s; peak memory 1202 MiB.
2026-10-05T18:47:38Z INFO [490/500] 3be324f1-28d0-4de1-ba05-e417342341cf: 118 chunks; 0.7 s; peak memory 1202 MiB.
2026-10-05T18:47:39Z INFO [491/500] 3be36e6b-8adf-4163-896c-6b4006d606d9: 112 chunks; 0.9 s; peak memory 1202 MiB.
2026-10-05T18:47:42Z INFO [492/500] 3be40f80-3653-4f07-b4cf-0000bb6b4209: 156 chunks; 2.3 s; peak memory 1202 MiB.
2026-10-05T18:47:42Z INFO [493/500] 3be46ae6-e9d0-498d-ac1f-eb49114cac35: 48 chunks; 0.8 s; peak memory 1202 MiB.
2026-10-05T18:47:43Z INFO [494/500] 3be5106a-30b8-4b93-9bdc-8a5c14d40d82: 68 chunks; 0.8 s; peak memory 1202 MiB.
2026-10-05T18:47:44Z INFO [495/500] 3be515d6-d2d1-49aa-ae2a-1b9585c19732: 124 chunks; 1.0 s; peak memory 1202 MiB.
2026-10-05T18:47:46Z INFO [496/500] 3be51eb9-9680-4ac5-8eb7-305139056aa1: 156 chunks; 2.0 s; peak memory 1202 MiB.
2026-10-05T18:47:47Z INFO [497/500] 3be56602-4086-4b4a-a458-8d8271f0ac09: 46 chunks; 0.5 s; peak memory 1202 MiB.
2026-10-05T18:52:00Z INFO [498/500] 3be567c2-d916-4cbd-9919-09f63efefe2f: 88816 chunks; 253.1 s; peak memory 1202 MiB.
2026-10-05T18:52:01Z INFO [499/500] 3be5ea09-734f-4ad3-8e54-c5f5601d6aea: 51 chunks; 1.2 s; peak memory 1202 MiB.
2026-10-05T18:52:06Z INFO [500/500] 3be62b54-d45c-4121-a31c-c9ebaac8829d: 1094 chunks; 4.5 s; peak memory 1202 MiB.
2026-10-05T18:52:06Z INFO [500/500] 3be62b54-d45c-4121-a31c-c9ebaac8829d: checkpointed 75834 records.
2026-10-05T18:52:06Z INFO Wrote 75834 records to /tmp/derivatives/valid_nwb_file_to_chunk_stats.jsonl (500 new, 0 failed) in 152.8 min (peak memory 1202 MiB).
