2026-10-08T21:39:41Z INFO Logging to /tmp/logs/update_2026-10-08T21-39-41Z.log.
2026-10-08T21:39:41Z INFO Update valid-nwb-file-to-chunk-stats (base directory /tmp).
2026-10-08T21:39:41Z INFO Processing 500 items (93334 already recorded).
2026-10-08T21:39:42Z INFO [1/500] 6026f0fe-990f-4405-a43c-4e0b0c49d8bd: 69 chunks; 1.0 s; peak memory 195 MiB.
2026-10-08T21:39:43Z INFO [2/500] 6027696a-fa2b-4afc-8ba4-ac176f675aed: 117 chunks; 0.8 s; peak memory 195 MiB.
2026-10-08T21:39:45Z INFO [3/500] 6027780c-c331-419c-b77d-9c4ce73c04f6: 933 chunks; 1.5 s; peak memory 197 MiB.
2026-10-08T21:39:49Z INFO [4/500] 602800c7-4d24-4c4d-a42c-b6ca75c543d2: 320 chunks; 4.3 s; peak memory 204 MiB.
2026-10-08T21:39:50Z INFO [5/500] 6029b8cb-f78a-49c2-a915-8356766ad89b: 43 chunks; 0.8 s; peak memory 204 MiB.
2026-10-08T21:39:55Z INFO [6/500] 6029edd0-e42d-4357-a701-9b8c851b49e2: 23883 chunks; 5.1 s; peak memory 231 MiB.
2026-10-08T21:39:56Z INFO [7/500] 6029f0da-6914-40ea-b1de-8383d1dfe92f: 48 chunks; 1.1 s; peak memory 231 MiB.
2026-10-08T21:39:57Z INFO [8/500] 602a4990-edf1-4c35-aea7-37ec64736dda: 66 chunks; 1.0 s; peak memory 232 MiB.
2026-10-08T21:39:58Z INFO [9/500] 602a52fa-d61d-4a73-a676-b2c9bf96564a: 112 chunks; 1.1 s; peak memory 232 MiB.
2026-10-08T21:39:59Z INFO [10/500] 602b7757-a19c-41ad-bdeb-e0e4ba3165f1: 118 chunks; 0.8 s; peak memory 232 MiB.
2026-10-08T21:40:00Z INFO [11/500] 602c2fcf-98ff-49a1-887e-e1ebae724ed6: 117 chunks; 0.8 s; peak memory 232 MiB.
2026-10-08T21:40:07Z INFO [12/500] 602cc8e3-9de5-4947-96ba-4d6e9f93662b: 20583 chunks; 7.0 s; peak memory 233 MiB.
2026-10-08T21:40:08Z INFO [13/500] 602ec2b5-5b22-4442-9628-9d44dbdf616e: 67 chunks; 1.0 s; peak memory 233 MiB.
2026-10-08T21:40:08Z INFO [14/500] 602f2d5d-03f5-44b0-84ed-8411e10dc2e0: 48 chunks; 0.7 s; peak memory 233 MiB.
2026-10-08T21:40:09Z INFO [15/500] 602f9ad5-bf84-409b-890e-abc3b03455d9: 48 chunks; 0.9 s; peak memory 233 MiB.
2026-10-08T21:40:11Z INFO [16/500] 602fdb36-f4e6-4d71-967b-065d9732dbe8: 62 chunks; 1.4 s; peak memory 233 MiB.
2026-10-08T21:40:11Z INFO [17/500] 60304258-0d2d-458d-8695-f8d39e855ec6: 50 chunks; 0.8 s; peak memory 233 MiB.
2026-10-08T21:40:12Z INFO [18/500] 60314858-bf45-41ee-9a27-9408ca150e6d: 112 chunks; 1.0 s; peak memory 234 MiB.
2026-10-08T21:40:13Z INFO [19/500] 6031a2e1-8d64-4e2b-9667-f0ba5f1911e0: 62 chunks; 1.1 s; peak memory 234 MiB.
2026-10-08T21:40:17Z INFO [20/500] 6031a58c-c569-49f0-b233-b5b2d58c9b91: 580 chunks; 3.7 s; peak memory 234 MiB.
2026-10-08T21:40:18Z INFO [21/500] 6031e342-db6b-4a7b-973e-9e53de173176: 37 chunks; 0.7 s; peak memory 234 MiB.
2026-10-08T21:40:19Z INFO [22/500] 603200e1-d32b-41a7-974b-50fb54125ef2: 52 chunks; 0.8 s; peak memory 234 MiB.
2026-10-08T21:44:58Z INFO [23/500] 6032604d-c882-42ae-84c6-027a55ff5fe2: 89580 chunks; 278.9 s; peak memory 532 MiB.
2026-10-08T21:44:59Z INFO [24/500] 6032c997-d135-45fb-bd2c-9d7da80783ce: 62 chunks; 1.3 s; peak memory 532 MiB.
2026-10-08T21:45:00Z INFO [25/500] 603322f3-dde0-4e65-8d5f-5c60aaf12060: 112 chunks; 1.1 s; peak memory 532 MiB.
2026-10-08T21:45:01Z INFO [26/500] 6033ac8e-d859-454d-b8b8-acf430f06e7c: 118 chunks; 0.8 s; peak memory 532 MiB.
2026-10-08T21:45:05Z INFO [27/500] 6033ea78-e5da-44d1-bafb-6efa6f582677: 2923 chunks; 4.3 s; peak memory 532 MiB.
2026-10-08T21:45:11Z INFO [28/500] 6034b0e7-a0d0-47a5-a46b-52e843cf61d7: 7025 chunks; 6.3 s; peak memory 532 MiB.
2026-10-08T21:45:12Z INFO [29/500] 6036af47-8cce-454c-8698-6f3b1c26fb70: 48 chunks; 1.0 s; peak memory 532 MiB.
2026-10-08T21:45:13Z INFO [30/500] 6036e697-41ed-4739-a329-9581b56c8196: 48 chunks; 0.8 s; peak memory 532 MiB.
2026-10-08T21:45:14Z INFO [31/500] 60371813-c6f4-49b9-8675-aaaf75a45275: 114 chunks; 0.8 s; peak memory 532 MiB.
2026-10-08T21:45:15Z INFO [32/500] 6037510b-f37e-45d1-9272-1c28a73df0b4: 116 chunks; 0.9 s; peak memory 532 MiB.
2026-10-08T21:45:16Z INFO [33/500] 6037b9c9-2750-4dbc-bbc0-0fad5d2f4bd4: 72 chunks; 0.9 s; peak memory 532 MiB.
2026-10-08T21:45:17Z INFO [34/500] 6037daba-5c61-45ca-a6a3-424eff8005a9: 58 chunks; 0.7 s; peak memory 532 MiB.
2026-10-08T21:45:17Z INFO [35/500] 603805f1-2c69-4740-92c1-b09eaf86947e: 50 chunks; 0.7 s; peak memory 532 MiB.
2026-10-08T21:45:18Z INFO [36/500] 6038d5f4-15bd-4ff0-88ed-597d7ffb84c4: 116 chunks; 0.8 s; peak memory 532 MiB.
2026-10-08T21:45:20Z INFO [37/500] 60390ff0-00a1-4862-8b41-451ce8b6d226: 115 chunks; 2.0 s; peak memory 532 MiB.
2026-10-08T21:45:21Z INFO [38/500] 6039304e-9fd7-40a3-8342-a39cf24023be: 112 chunks; 1.1 s; peak memory 532 MiB.
2026-10-08T21:47:45Z INFO [39/500] 603b1911-9bb7-45bc-acf3-54af4fe1b58b: 42537 chunks; 144.2 s; peak memory 532 MiB.
2026-10-08T21:47:46Z INFO [40/500] 603b8144-f2aa-4eae-aba4-4c7304517db4: 71 chunks; 1.1 s; peak memory 532 MiB.
2026-10-08T21:47:47Z INFO [41/500] 603cd044-9445-48fa-9ccf-8f9c96384b32: 117 chunks; 0.8 s; peak memory 532 MiB.
2026-10-08T21:47:48Z INFO [42/500] 603d002d-abb8-4599-864d-1e8a189a90d3: 118 chunks; 1.0 s; peak memory 532 MiB.
2026-10-08T21:47:49Z INFO [43/500] 603d1bd3-c7b3-49d4-9a4b-53c6fca4ff19: 46 chunks; 0.5 s; peak memory 532 MiB.
2026-10-08T21:47:49Z INFO [44/500] 603d9bb6-995b-4673-a6e6-f47a7d58a4b1: 48 chunks; 0.7 s; peak memory 532 MiB.
2026-10-08T21:47:50Z INFO [45/500] 603da7ad-4e7e-4913-af16-440313654df5: 117 chunks; 0.8 s; peak memory 532 MiB.
2026-10-08T21:47:52Z INFO [46/500] 603deb39-1a4d-4b57-bc67-e455abecbec2: 119 chunks; 1.5 s; peak memory 532 MiB.
2026-10-08T21:47:53Z INFO [47/500] 603eee81-0579-46f2-a2a6-10e5868a675c: 117 chunks; 0.9 s; peak memory 532 MiB.
2026-10-08T21:47:54Z INFO [48/500] 603f3761-69b6-41e0-a591-233ce69ba764: 117 chunks; 0.8 s; peak memory 532 MiB.
2026-10-08T21:47:54Z INFO [49/500] 603fcfa5-83bd-4830-8b85-b796256d27e0: 52 chunks; 0.8 s; peak memory 532 MiB.
2026-10-08T21:48:03Z INFO [50/500] 603ff4cb-b6b8-4c23-af3f-509e4215d959: 16556 chunks; 8.5 s; peak memory 532 MiB.
2026-10-08T21:48:03Z INFO [50/500] 603ff4cb-b6b8-4c23-af3f-509e4215d959: checkpointed 93384 new records.
2026-10-08T21:48:04Z INFO [51/500] 60405de4-c7d7-4b11-9f95-6e6f741e4387: 46 chunks; 0.7 s; peak memory 532 MiB.
2026-10-08T21:48:06Z INFO [52/500] 6040d693-4d0f-42b6-ad77-76858ad9d1e2: 71 chunks; 1.7 s; peak memory 532 MiB.
2026-10-08T21:48:07Z INFO [53/500] 60418e5d-ffe4-4531-a98f-aabb56618076: 66 chunks; 1.2 s; peak memory 532 MiB.
2026-10-08T21:48:07Z INFO [54/500] 604264ee-9055-4645-9cef-dfd1391e96e9: 48 chunks; 0.7 s; peak memory 532 MiB.
2026-10-08T21:48:08Z INFO [55/500] 6042c64e-b0b5-4bbc-914f-3fc22f1dfdd3: 48 chunks; 0.8 s; peak memory 532 MiB.
2026-10-08T22:04:48Z INFO [56/500] 604384fc-d745-4d25-b22b-15a12032ea6a: 278748 chunks; 999.3 s; peak memory 1178 MiB.
2026-10-08T22:05:04Z INFO [57/500] 60446cef-c988-4922-b3a4-32e1b7b6399b: 4996 chunks; 16.5 s; peak memory 1178 MiB.
2026-10-08T22:05:05Z INFO [58/500] 60450ef1-d53a-4fa0-a044-d5545ce4eaf5: 78 chunks; 0.9 s; peak memory 1178 MiB.
2026-10-08T22:05:41Z INFO [59/500] 6045a516-fbf7-431c-888d-4ac711e2d638: 4912 chunks; 35.8 s; peak memory 1178 MiB.
2026-10-08T22:05:41Z INFO [60/500] 6045a956-88c5-4a38-a256-40bf04293fd1: 69 chunks; 0.6 s; peak memory 1178 MiB.
2026-10-08T22:05:43Z INFO [61/500] 6045df82-98f8-4673-a625-849548cf5b78: 70 chunks; 1.4 s; peak memory 1178 MiB.
2026-10-08T22:05:44Z INFO [62/500] 6045f635-f702-4fd9-b476-ccd49bc8cbed: 112 chunks; 1.3 s; peak memory 1178 MiB.
2026-10-08T22:05:45Z INFO [63/500] 6047e924-0072-4f01-9b77-5a43a24f7954: 123 chunks; 1.5 s; peak memory 1178 MiB.
2026-10-08T22:08:03Z INFO [64/500] 60481330-e87f-4c0d-a236-84ef2a37d7e0: 40620 chunks; 137.8 s; peak memory 1178 MiB.
2026-10-08T22:08:11Z INFO [65/500] 6048ed44-d5a7-46db-8bcc-4a386770bb7f: 21735 chunks; 7.2 s; peak memory 1178 MiB.
2026-10-08T22:08:12Z INFO [66/500] 6049b2c2-7718-44eb-9431-6ba7db958dfa: 112 chunks; 1.0 s; peak memory 1178 MiB.
2026-10-08T22:08:13Z INFO [67/500] 6049b7d7-d5db-4289-9032-2a7a240de5f9: 131 chunks; 1.3 s; peak memory 1178 MiB.
2026-10-08T22:08:14Z INFO [68/500] 604aaaf7-0b2f-417d-8fa6-153eb86844ec: 110 chunks; 0.9 s; peak memory 1178 MiB.
2026-10-08T22:08:15Z INFO [69/500] 604aed01-93b8-445e-9bc6-e08d4ea22dac: 48 chunks; 0.8 s; peak memory 1178 MiB.
2026-10-08T22:08:15Z INFO [70/500] 604b45c3-0bfa-4448-8b05-2416be889f09: 64 chunks; 0.8 s; peak memory 1178 MiB.
2026-10-08T22:08:16Z INFO [71/500] 604c4d0a-7f1f-4395-bf59-2fd1dcbe1b7c: 52 chunks; 0.9 s; peak memory 1178 MiB.
2026-10-08T22:08:17Z INFO [72/500] 604c77f3-9b34-45b6-813d-f3ff3008fe4d: 46 chunks; 0.6 s; peak memory 1178 MiB.
2026-10-08T22:08:19Z INFO [73/500] 604cb0c2-6219-4602-9598-5fb31d91a7fa: 1061 chunks; 1.8 s; peak memory 1178 MiB.
2026-10-08T22:08:30Z INFO [74/500] 604cc43f-a47c-46f2-9e3c-53c4001e57f4: 38196 chunks; 11.1 s; peak memory 1178 MiB.
2026-10-08T22:08:31Z INFO [75/500] 604ce810-1e97-47e8-941a-b4fdca08dd4d: 52 chunks; 0.9 s; peak memory 1178 MiB.
2026-10-08T22:08:32Z INFO [76/500] 604d6cf5-3154-4799-a34d-90c4ec6f82f8: 116 chunks; 1.0 s; peak memory 1178 MiB.
2026-10-08T22:08:33Z INFO [77/500] 604e0578-aeb3-4f10-ac22-9cff853e947e: 48 chunks; 1.0 s; peak memory 1178 MiB.
2026-10-08T22:08:34Z INFO [78/500] 604e3f2c-5887-4188-ae3a-f9dd4319f325: 112 chunks; 1.1 s; peak memory 1178 MiB.
2026-10-08T22:08:41Z INFO [79/500] 604e4edd-6de8-4f4c-b255-f42dfc40c58a: 18534 chunks; 7.1 s; peak memory 1178 MiB.
2026-10-08T22:08:44Z INFO [80/500] 604e63b0-eefe-43ad-b0bc-b346bef6ac5c: 3002 chunks; 3.2 s; peak memory 1178 MiB.
2026-10-08T22:08:45Z INFO [81/500] 604f5e4c-baec-4376-9dd4-190feff3fb8f: 49 chunks; 0.8 s; peak memory 1178 MiB.
2026-10-08T22:08:46Z INFO [82/500] 604fc7da-e60f-44db-9caa-c3965339ed72: 117 chunks; 0.9 s; peak memory 1178 MiB.
2026-10-08T22:08:47Z INFO [83/500] 604ff8bf-ec9f-45a4-8f45-bae52e8ce300: 83 chunks; 0.9 s; peak memory 1178 MiB.
2026-10-08T22:08:47Z INFO [84/500] 6050ab48-8f95-4216-89ea-86920a3c6f34: 46 chunks; 0.7 s; peak memory 1178 MiB.
2026-10-08T22:08:48Z INFO [85/500] 6050d5b2-a064-4144-8cb2-d43bf816564c: 48 chunks; 0.7 s; peak memory 1178 MiB.
2026-10-08T22:08:51Z INFO [86/500] 60516a39-ab93-4fa0-9ea1-bc3c55a95e4b: 6801 chunks; 2.7 s; peak memory 1178 MiB.
2026-10-08T22:08:52Z INFO [87/500] 60518513-d03c-4fbf-a34d-978f74e09d96: 48 chunks; 0.8 s; peak memory 1178 MiB.
2026-10-08T22:08:53Z INFO [88/500] 6051b526-d371-4fa8-a7ee-aec9b862c25a: 122 chunks; 1.8 s; peak memory 1178 MiB.
2026-10-08T22:08:54Z INFO [89/500] 6051c5b7-3608-4e15-b98b-482db4d3d455: 48 chunks; 1.0 s; peak memory 1178 MiB.
2026-10-08T22:08:58Z INFO [90/500] 6052fa84-9b68-4b3b-ba52-1818b9da6d58: 85 chunks; 3.2 s; peak memory 1178 MiB.
2026-10-08T22:08:58Z INFO [91/500] 6053b8d6-dae3-4274-91ff-6750ca27e65b: 48 chunks; 0.8 s; peak memory 1178 MiB.
2026-10-08T22:09:00Z INFO [92/500] 60549d5a-ed86-464a-a0b8-2b2ad3ca2da2: 66 chunks; 1.3 s; peak memory 1178 MiB.
2026-10-08T22:09:01Z INFO [93/500] 6055bed8-ee3b-4f8b-a72a-72fb54b40203: 118 chunks; 0.9 s; peak memory 1178 MiB.
2026-10-08T22:09:01Z INFO [94/500] 605789fd-987e-4b05-86e9-83ddcff40f30: 72 chunks; 0.9 s; peak memory 1178 MiB.
2026-10-08T22:09:02Z INFO [95/500] 6057c5b2-678d-4462-9e66-cda3b433d008: 106 chunks; 0.9 s; peak memory 1178 MiB.
2026-10-08T22:09:04Z INFO [96/500] 60582928-6927-44fa-aa0f-d96604951aae: 112 chunks; 1.3 s; peak memory 1178 MiB.
2026-10-08T22:09:05Z INFO [97/500] 6058d05a-b9e2-4c59-ba24-70e318110f23: 125 chunks; 1.5 s; peak memory 1178 MiB.
2026-10-08T22:09:06Z INFO [98/500] 6058e739-9ad6-4415-91d9-b79bc83ae4ad: 69 chunks; 1.3 s; peak memory 1178 MiB.
2026-10-08T22:09:07Z INFO [99/500] 6059c66e-a78b-4ef0-b423-8d1bdccf644b: 48 chunks; 0.9 s; peak memory 1178 MiB.
2026-10-08T22:09:08Z INFO [100/500] 605a7d4f-c936-4e59-882d-23e70d17a112: 48 chunks; 0.8 s; peak memory 1178 MiB.
2026-10-08T22:09:08Z INFO [100/500] 605a7d4f-c936-4e59-882d-23e70d17a112: checkpointed 93434 new records.
2026-10-08T22:09:13Z INFO [101/500] 605a9e72-6722-4c97-91e1-0737dcc720cf: 255 chunks; 4.4 s; peak memory 1178 MiB.
2026-10-08T22:09:19Z INFO [102/500] 605b8195-6a65-40d4-91ec-bbaab44b7107: 568 chunks; 6.2 s; peak memory 1178 MiB.
2026-10-08T22:09:20Z INFO [103/500] 605c21ae-6102-4aa6-bd76-b4f9bd2c1a07: 48 chunks; 1.0 s; peak memory 1178 MiB.
2026-10-08T22:09:21Z INFO [104/500] 605d5308-da0c-4e8a-964b-cabd40b94663: 112 chunks; 1.0 s; peak memory 1178 MiB.
2026-10-08T22:09:23Z INFO [105/500] 605d9932-9e45-422a-9f67-0a8ae5683224: 156 chunks; 2.2 s; peak memory 1178 MiB.
2026-10-08T22:09:25Z INFO [106/500] 605dc6be-4154-4d2f-8033-abdc077efcd6: 997 chunks; 1.6 s; peak memory 1178 MiB.
2026-10-08T22:09:27Z INFO [107/500] 605ddbcd-1e12-4a75-8938-bd3e5f4bd846: 1666 chunks; 2.3 s; peak memory 1178 MiB.
2026-10-08T22:09:33Z INFO [108/500] 605e0bf5-9c7b-44d1-a945-2f80d6189f4a: 5066 chunks; 5.5 s; peak memory 1178 MiB.
2026-10-08T22:09:33Z INFO [109/500] 605e7ba9-3b4c-4074-9dc4-15f2621d8887: 48 chunks; 0.7 s; peak memory 1178 MiB.
2026-10-08T22:09:34Z INFO [110/500] 605ecd05-a2dd-41f4-8d25-19e6389f6914: 46 chunks; 0.5 s; peak memory 1178 MiB.
2026-10-08T22:09:35Z INFO [111/500] 605f83f4-ddea-4b5f-927d-0e89048e117c: 118 chunks; 0.8 s; peak memory 1178 MiB.
2026-10-08T22:09:36Z INFO [112/500] 605f9555-57bc-45eb-9284-dc25a3bffeba: 106 chunks; 1.3 s; peak memory 1178 MiB.
2026-10-08T22:09:37Z INFO [113/500] 605ff3bb-111a-4bc2-8757-ac95e9ffb002: 48 chunks; 0.9 s; peak memory 1178 MiB.
2026-10-08T22:09:43Z INFO [114/500] 605ff485-da96-481d-9a81-e61f56beda71: 336 chunks; 5.8 s; peak memory 1178 MiB.
2026-10-08T22:09:43Z INFO [115/500] 6060b3bc-4f8c-412d-9ae8-4a5fdb420587: 48 chunks; 0.7 s; peak memory 1178 MiB.
2026-10-08T22:09:44Z INFO [116/500] 60614ede-2f4e-4325-b95f-f6672b9e31c6: 48 chunks; 0.8 s; peak memory 1178 MiB.
2026-10-08T22:09:46Z INFO [117/500] 60621093-c327-491d-9a89-a6e78dfefca8: 123 chunks; 1.7 s; peak memory 1178 MiB.
2026-10-08T22:09:46Z INFO [118/500] 6062f3bf-d68d-4277-a97c-0e021bb8f386: 112 chunks; 0.7 s; peak memory 1178 MiB.
2026-10-08T22:09:47Z INFO [119/500] 6063c1b6-0698-4c86-afc5-2774d20e2f27: 117 chunks; 0.8 s; peak memory 1178 MiB.
2026-10-08T22:09:48Z INFO [120/500] 6064133c-71d7-40c8-ab49-07e047fd75a5: 117 chunks; 0.9 s; peak memory 1178 MiB.
2026-10-08T22:09:49Z INFO [121/500] 60645627-033a-4a8d-892f-fe439a8923fd: 110 chunks; 1.1 s; peak memory 1178 MiB.
2026-10-08T22:09:50Z INFO [122/500] 6064abc5-f319-459b-92fd-c7285f7bdc2e: 52 chunks; 0.7 s; peak memory 1178 MiB.
2026-10-08T22:09:51Z INFO [123/500] 6064c830-2af8-4630-a58d-ddaffe4f9859: 48 chunks; 0.8 s; peak memory 1178 MiB.
2026-10-08T22:09:51Z INFO [124/500] 6065781d-9e0c-4308-818d-f8dbf4602586: 48 chunks; 0.8 s; peak memory 1178 MiB.
2026-10-08T22:09:52Z INFO [125/500] 6065bbef-f0ae-4a75-825b-247f08d9e539: 112 chunks; 0.9 s; peak memory 1178 MiB.
2026-10-08T22:09:53Z INFO [126/500] 6066589f-1604-4d27-865b-259e37079c09: 46 chunks; 0.5 s; peak memory 1178 MiB.
2026-10-08T22:09:54Z INFO [127/500] 60668c13-5253-4f66-8c29-2858e4bbb982: 48 chunks; 0.7 s; peak memory 1178 MiB.
2026-10-08T22:09:57Z INFO [128/500] 60669f20-75a0-4dc1-a4e0-2b0cb54f4978: 9440 chunks; 3.6 s; peak memory 1178 MiB.
2026-10-08T22:09:58Z INFO [129/500] 60671775-44a1-47e5-a506-8a1382a2ddb8: 118 chunks; 0.8 s; peak memory 1178 MiB.
2026-10-08T22:09:59Z INFO [130/500] 60677209-01b1-476c-96e1-52430b76b4b5: 66 chunks; 1.2 s; peak memory 1178 MiB.
2026-10-08T22:10:01Z INFO [131/500] 60677db7-ddc4-46ba-a545-f798fbfa466f: 71 chunks; 1.7 s; peak memory 1178 MiB.
2026-10-08T22:10:26Z INFO [132/500] 60678acf-d337-45c5-ab81-5745fb240434: 5732 chunks; 25.0 s; peak memory 1178 MiB.
2026-10-08T22:10:27Z INFO [133/500] 606796fa-9533-4def-8342-16b948205fba: 48 chunks; 0.7 s; peak memory 1178 MiB.
2026-10-08T22:10:29Z INFO [134/500] 60680314-902b-44cd-b963-6fbef6f9658a: 114 chunks; 2.1 s; peak memory 1178 MiB.
2026-10-08T22:10:29Z INFO [135/500] 60680923-2cf3-4736-ae96-285133f350d1: 51 chunks; 0.7 s; peak memory 1178 MiB.
2026-10-08T22:10:32Z INFO [136/500] 6068f422-7513-449a-8822-946fd8e24ef0: 85 chunks; 2.7 s; peak memory 1178 MiB.
2026-10-08T22:12:55Z INFO [137/500] 606b2e06-b250-4ad5-84af-90d8e355b632: 43108 chunks; 142.7 s; peak memory 1178 MiB.
2026-10-08T22:12:56Z INFO [138/500] 606b2efd-f3e3-4dcf-b250-24d03d3b8c34: 48 chunks; 0.9 s; peak memory 1178 MiB.
2026-10-08T22:12:57Z INFO [139/500] 606b9b73-4d6c-4b0c-b42d-4d7f5c9c2d08: 75 chunks; 1.1 s; peak memory 1178 MiB.
2026-10-08T22:12:58Z INFO [140/500] 606caaa0-67aa-4512-a187-6c7398f483be: 42 chunks; 0.8 s; peak memory 1178 MiB.
2026-10-08T22:12:58Z INFO [141/500] 606cb22a-a951-4a27-a1f7-f6a1e539fcad: 109 chunks; 0.9 s; peak memory 1178 MiB.
2026-10-08T22:12:59Z INFO [142/500] 606d8565-d758-4380-81ff-2af68dfeae95: 116 chunks; 0.9 s; peak memory 1178 MiB.
2026-10-08T22:13:03Z INFO [143/500] 606f2b78-c868-4c49-bc9f-7cbd9366a82b: 8325 chunks; 4.0 s; peak memory 1178 MiB.
2026-10-08T22:13:09Z INFO [144/500] 606f82cb-3ea5-49c1-99c1-1b33ba1dd0df: 23170 chunks; 5.3 s; peak memory 1178 MiB.
2026-10-08T22:13:45Z INFO [145/500] 606fe68a-b825-492e-aa4a-d891db83de2f: 22322 chunks; 36.6 s; peak memory 1178 MiB.
2026-10-08T22:13:46Z INFO [146/500] 60725ca3-3bbf-4c07-8dbe-326804f58bac: 46 chunks; 0.5 s; peak memory 1178 MiB.
2026-10-08T22:13:47Z INFO [147/500] 607387d6-ea6d-4342-893e-e67dc92515f1: 56 chunks; 0.7 s; peak memory 1178 MiB.
2026-10-08T22:13:47Z INFO [148/500] 607398f3-96b7-4881-8285-3dd985f4da9a: 41 chunks; 0.6 s; peak memory 1178 MiB.
2026-10-08T22:13:48Z INFO [149/500] 60743173-75b2-4345-8afe-a1547e3f707b: 48 chunks; 0.9 s; peak memory 1178 MiB.
2026-10-08T22:13:49Z INFO [150/500] 60746750-21dd-49f2-b774-4a1e61807c7a: 997 chunks; 1.3 s; peak memory 1178 MiB.
2026-10-08T22:13:50Z INFO [150/500] 60746750-21dd-49f2-b774-4a1e61807c7a: checkpointed 93484 new records.
2026-10-08T22:13:56Z INFO [151/500] 6074bba8-6227-4e70-8796-f0443b173299: 18286 chunks; 6.7 s; peak memory 1178 MiB.
2026-10-08T22:13:57Z INFO [152/500] 6075c091-ba39-4da1-b2ed-60c3de703c2b: 21 chunks; 0.6 s; peak memory 1178 MiB.
2026-10-08T22:13:58Z INFO [153/500] 607665bb-14c5-4d74-a1d1-840878825cba: 33 chunks; 0.5 s; peak memory 1178 MiB.
2026-10-08T22:13:59Z INFO [154/500] 607784d8-528b-453e-b8a1-ec0861f9f44a: 134 chunks; 1.6 s; peak memory 1178 MiB.
2026-10-08T22:14:11Z INFO [155/500] 60783a2c-6c04-4275-9547-7c428f0ae27f: 2450 chunks; 12.1 s; peak memory 1178 MiB.
2026-10-08T22:14:12Z INFO [156/500] 60787732-003b-4b63-afb4-ea0209117c9f: 112 chunks; 0.9 s; peak memory 1178 MiB.
2026-10-08T22:14:13Z INFO [157/500] 60789205-3ce8-450d-8150-9b829ab1b082: 48 chunks; 0.8 s; peak memory 1178 MiB.
2026-10-08T22:14:15Z INFO [158/500] 6078cee8-2383-411f-bd67-a1e29bbbe576: 115 chunks; 1.9 s; peak memory 1178 MiB.
2026-10-08T22:14:16Z INFO [159/500] 60793631-cb1e-4321-9913-516d2157f368: 56 chunks; 0.7 s; peak memory 1178 MiB.
2026-10-08T22:14:28Z INFO [160/500] 607946f9-6ded-450b-b090-ff52a91f54bc: 772 chunks; 12.6 s; peak memory 1178 MiB.
2026-10-08T22:14:29Z INFO [161/500] 6079b813-8a49-4092-82be-1663970582d5: 48 chunks; 0.7 s; peak memory 1178 MiB.
2026-10-08T22:14:36Z INFO [162/500] 607a4605-21a9-4e84-88dc-1cee8b17df34: 12879 chunks; 7.4 s; peak memory 1178 MiB.
2026-10-08T22:14:37Z INFO [163/500] 607a5d3d-f4bf-47cd-a8a9-cca77594e727: 117 chunks; 0.8 s; peak memory 1178 MiB.
2026-10-08T22:14:38Z INFO [164/500] 607a9c15-dca1-445e-9540-a9bcbf13198f: 117 chunks; 0.9 s; peak memory 1178 MiB.
2026-10-08T22:14:39Z INFO [165/500] 607b7d5a-636f-444c-90ed-ab42ece0aa72: 48 chunks; 0.7 s; peak memory 1178 MiB.
2026-10-08T22:14:40Z INFO [166/500] 607b8105-47ba-4479-93fa-444f4cfde68e: 71 chunks; 1.5 s; peak memory 1178 MiB.
2026-10-08T22:14:41Z INFO [167/500] 607baa23-2804-48b7-8ad1-2a050fe68cbf: 71 chunks; 1.1 s; peak memory 1178 MiB.
2026-10-08T22:14:43Z INFO [168/500] 607bc395-6c13-42b9-874f-eb13f7c83f91: 119 chunks; 1.9 s; peak memory 1178 MiB.
2026-10-08T22:14:45Z INFO [169/500] 607bea11-4e71-4930-b63b-3aad98d2bc66: 115 chunks; 1.9 s; peak memory 1178 MiB.
2026-10-08T22:14:46Z INFO [170/500] 607cd647-4c07-4acd-a682-46ab1414c8f8: 48 chunks; 0.9 s; peak memory 1178 MiB.
2026-10-08T22:14:47Z INFO [171/500] 607d1510-126e-4a5c-97b7-ef823a9791a0: 997 chunks; 1.5 s; peak memory 1178 MiB.
2026-10-08T22:14:48Z INFO [172/500] 607d2d65-7ab0-447a-a47b-565a81562ade: 303 chunks; 1.0 s; peak memory 1178 MiB.
2026-10-08T22:14:49Z INFO [173/500] 607d600d-ba76-44b0-9613-cae2a8267acf: 21 chunks; 0.5 s; peak memory 1178 MiB.
2026-10-08T22:14:50Z INFO [174/500] 607d9788-fc0a-4796-bc7a-6d9b8208572c: 117 chunks; 0.8 s; peak memory 1178 MiB.
2026-10-08T22:14:51Z INFO [175/500] 607e731b-3fc7-4116-9063-bf89027a1398: 48 chunks; 0.9 s; peak memory 1178 MiB.
2026-10-08T22:14:52Z INFO [176/500] 607e8206-1f89-49fb-a8e9-60f7454fd787: 70 chunks; 1.0 s; peak memory 1178 MiB.
2026-10-08T22:14:53Z INFO [177/500] 607f0d8e-b9d5-402e-8de5-85a9245943a4: 112 chunks; 1.1 s; peak memory 1178 MiB.
2026-10-08T22:14:53Z INFO [178/500] 607fef84-5947-4a5f-95fa-eadf4a4a2c94: 46 chunks; 0.5 s; peak memory 1178 MiB.
2026-10-08T22:14:54Z INFO [179/500] 60800331-df57-4aa6-ba88-23bdd07ef539: 46 chunks; 0.5 s; peak memory 1178 MiB.
2026-10-08T22:14:54Z INFO [180/500] 60802e6b-9a23-4201-9699-df4d5edfa881: 52 chunks; 0.6 s; peak memory 1178 MiB.
2026-10-08T22:14:56Z INFO [181/500] 6080b791-c83e-4075-9859-b99b7de952bf: 90 chunks; 1.8 s; peak memory 1178 MiB.
2026-10-08T22:15:00Z INFO [182/500] 6080c2d8-0fab-4fcb-8217-c804a9c80bc0: 2923 chunks; 3.5 s; peak memory 1178 MiB.
2026-10-08T22:15:02Z INFO [183/500] 6080f141-6f4c-4399-bea4-b13f992f6384: 429 chunks; 2.2 s; peak memory 1178 MiB.
2026-10-08T22:15:02Z INFO [184/500] 6081138e-e45b-4358-a800-0ee35b61cc36: 48 chunks; 0.7 s; peak memory 1178 MiB.
2026-10-08T22:15:04Z INFO [185/500] 6081c1bd-725b-4d65-ac9a-35cdaabdbbb4: 117 chunks; 1.5 s; peak memory 1178 MiB.
2026-10-08T22:15:05Z INFO [186/500] 6082aa3a-c903-4172-beda-fe3b6d7ac470: 116 chunks; 1.0 s; peak memory 1178 MiB.
2026-10-08T22:15:07Z INFO [187/500] 6083271b-1b64-4040-9860-3398e9903470: 114 chunks; 2.4 s; peak memory 1178 MiB.
2026-10-08T22:15:11Z INFO [188/500] 60844829-8d5b-4ad7-9ea5-a1867a864712: 238 chunks; 3.7 s; peak memory 1178 MiB.
2026-10-08T22:15:12Z INFO [189/500] 60875ce9-9fbc-481e-bbda-a10eaaf8f8d5: 112 chunks; 1.0 s; peak memory 1178 MiB.
2026-10-08T22:15:20Z INFO [190/500] 60875f75-da5f-42ee-9db1-65ea0a4afbc8: 16478 chunks; 7.5 s; peak memory 1178 MiB.
2026-10-08T22:15:21Z INFO [191/500] 6087aec0-aad9-4484-a88e-bbdcd6d530f6: 112 chunks; 1.2 s; peak memory 1178 MiB.
2026-10-08T22:15:21Z INFO [192/500] 6087eb88-eb2f-4e45-b9fe-e3419436ed88: 48 chunks; 0.7 s; peak memory 1178 MiB.
2026-10-08T22:15:22Z INFO [193/500] 60897994-6a54-492c-b1b8-c3873f67a854: 48 chunks; 1.0 s; peak memory 1178 MiB.
2026-10-08T22:15:23Z INFO [194/500] 608b1aec-b0d4-4f10-8eda-6d7498a1f6d8: 48 chunks; 0.7 s; peak memory 1178 MiB.
2026-10-08T22:15:24Z INFO [195/500] 608d6682-6efd-43a2-8fd8-70c1f4bf8708: 71 chunks; 1.0 s; peak memory 1178 MiB.
2026-10-08T22:15:29Z INFO [196/500] 608d69c6-e153-4441-bbed-637a05de9461: 11917 chunks; 5.1 s; peak memory 1178 MiB.
2026-10-08T22:15:30Z INFO [197/500] 608e67ff-5f0c-4222-9fdf-8d1af8a8c684: 47 chunks; 1.1 s; peak memory 1178 MiB.
2026-10-08T22:15:36Z INFO [198/500] 608f8600-03b2-4083-b2a5-94eb8f6adf95: 992 chunks; 5.6 s; peak memory 1178 MiB.
2026-10-08T22:15:41Z INFO [199/500] 608f9f6b-9e79-405d-a6d1-e3cd3baff85e: 4151 chunks; 4.9 s; peak memory 1178 MiB.
2026-10-08T22:15:43Z INFO [200/500] 609135fc-7d63-4534-8fd9-9675ef6c00fa: 156 chunks; 2.4 s; peak memory 1178 MiB.
2026-10-08T22:15:44Z INFO [200/500] 609135fc-7d63-4534-8fd9-9675ef6c00fa: checkpointed 93534 new records.
2026-10-08T22:15:45Z INFO [201/500] 6091a4b9-7814-49a4-94bd-1f8b7156abea: 112 chunks; 1.2 s; peak memory 1178 MiB.
2026-10-08T22:15:49Z INFO [202/500] 60920d2d-58ee-45f7-b058-ab461388eb56: 8295 chunks; 3.9 s; peak memory 1178 MiB.
2026-10-08T22:15:56Z INFO [203/500] 60923790-31a1-4a91-8e55-4fd63c16b89a: 28655 chunks; 7.6 s; peak memory 1178 MiB.
2026-10-08T22:16:21Z INFO [204/500] 60925bc5-61c1-471e-9c4d-805de113a624: 6139 chunks; 24.5 s; peak memory 1178 MiB.
2026-10-08T22:16:36Z INFO [205/500] 6092eecf-99f2-4f01-9736-11dedf19b7dc: 5681 chunks; 15.6 s; peak memory 1178 MiB.
2026-10-08T22:44:33Z INFO [206/500] 6092ef18-d437-4e1e-a5dc-de4b81cb0440: 959713 chunks; 1676.4 s; peak memory 1224 MiB.
2026-10-08T22:44:34Z INFO [207/500] 6092efae-0a37-42a5-b28d-d2298b44ec63: 71 chunks; 1.4 s; peak memory 1224 MiB.
2026-10-08T22:44:35Z INFO [208/500] 609333ca-7407-488c-9a51-c1817c0ec505: 112 chunks; 1.0 s; peak memory 1224 MiB.
2026-10-08T22:44:36Z INFO [209/500] 6093eaa6-c83b-4072-903b-37c920f339e8: 557 chunks; 1.0 s; peak memory 1224 MiB.
2026-10-08T22:44:37Z INFO [210/500] 60946698-215c-46f6-867a-a096e2f03ac3: 47 chunks; 0.8 s; peak memory 1224 MiB.
2026-10-08T22:44:38Z INFO [211/500] 609558b0-1cda-43cc-86f9-5ec6553e0631: 289 chunks; 1.0 s; peak memory 1224 MiB.
2026-10-08T22:44:40Z INFO [212/500] 6096046c-0b96-4e1f-88fe-272b2aca24b9: 115 chunks; 1.9 s; peak memory 1224 MiB.
2026-10-08T22:44:41Z INFO [213/500] 60965c3d-f605-41d1-b0a2-2920a44a6881: 117 chunks; 0.9 s; peak memory 1224 MiB.
2026-10-08T22:44:42Z INFO [214/500] 6097b03f-50c8-4ff1-95bf-cc57968dae17: 110 chunks; 0.8 s; peak memory 1224 MiB.
2026-10-08T22:44:42Z INFO [215/500] 6098a54e-2ad9-4fe5-ad95-cfcb624d41ab: 48 chunks; 0.8 s; peak memory 1224 MiB.
2026-10-08T22:44:45Z INFO [216/500] 609907d4-5056-4128-be63-dc575fe21faa: 2625 chunks; 2.5 s; peak memory 1224 MiB.
2026-10-08T22:44:47Z INFO [217/500] 609993a8-6ba1-485b-b367-e72f98feb009: 156 chunks; 2.2 s; peak memory 1224 MiB.
2026-10-08T22:47:02Z INFO [218/500] 6099abae-3f38-459c-b8cc-ed6548904a9e: 40398 chunks; 134.5 s; peak memory 1224 MiB.
2026-10-08T22:47:02Z INFO [219/500] 609b5cc5-4ffc-4651-80c2-626dbfb4c67c: 48 chunks; 0.9 s; peak memory 1224 MiB.
2026-10-08T22:47:03Z INFO [220/500] 609b971b-9e21-4a66-a54f-9d68e4804e9a: 48 chunks; 0.9 s; peak memory 1224 MiB.
2026-10-08T22:47:45Z INFO [221/500] 609cd361-ca43-4d28-8154-6ccbcad0ea29: 25397 chunks; 41.2 s; peak memory 1224 MiB.
2026-10-08T22:47:46Z INFO [222/500] 609d2a57-b72f-407e-a6f8-21607a5febe7: 118 chunks; 1.8 s; peak memory 1224 MiB.
2026-10-08T22:47:48Z INFO [223/500] 609d62ad-7d9b-4fa2-99bf-4bd1ee22fe0a: 66 chunks; 1.1 s; peak memory 1224 MiB.
2026-10-08T22:47:49Z INFO [224/500] 609dbbaa-a448-43ad-9cb6-bd2b00814181: 66 chunks; 1.3 s; peak memory 1224 MiB.
2026-10-08T22:47:49Z INFO [225/500] 609e2950-e0b7-49b1-a8c8-ede66b709464: 62 chunks; 0.6 s; peak memory 1224 MiB.
2026-10-08T22:47:51Z INFO [226/500] 609f556b-94a0-414e-9cde-e3b304be5c3b: 62 chunks; 1.3 s; peak memory 1224 MiB.
2026-10-08T22:47:52Z INFO [227/500] 60a0424c-a947-43c6-a568-a753468d98c4: 48 chunks; 0.7 s; peak memory 1224 MiB.
2026-10-08T22:47:52Z INFO [228/500] 60a0480c-68ac-46bd-a8e2-7fe33f11883e: 48 chunks; 0.8 s; peak memory 1224 MiB.
2026-10-08T22:47:59Z INFO [229/500] 60a0ba33-6e05-491d-bc08-ff936350db13: 396 chunks; 6.2 s; peak memory 1224 MiB.
2026-10-08T22:47:59Z INFO [230/500] 60a1ba61-253e-4d9f-bd9f-94932c92a9c3: 112 chunks; 0.9 s; peak memory 1224 MiB.
2026-10-08T22:48:02Z INFO [231/500] 60a1c1d7-11f6-4c19-a939-24c95ba6c62c: 1548 chunks; 2.1 s; peak memory 1224 MiB.
2026-10-08T22:48:05Z INFO [232/500] 60a43e22-b116-4afc-9a0f-3e8ea15255b4: 168 chunks; 3.4 s; peak memory 1224 MiB.
2026-10-08T22:48:06Z INFO [233/500] 60a45657-fbc1-45cf-8426-d12259ea590d: 57 chunks; 0.6 s; peak memory 1224 MiB.
2026-10-08T22:48:06Z INFO [234/500] 60a46024-159f-4dd0-9d7c-fef806dc84ae: 112 chunks; 0.9 s; peak memory 1224 MiB.
2026-10-08T22:48:08Z INFO [235/500] 60a4830e-ac50-48ee-abc5-518bf37fc06d: 1641 chunks; 2.0 s; peak memory 1224 MiB.
2026-10-08T22:48:09Z INFO [236/500] 60a5695b-419b-4e43-ac01-3344bc5c1471: 48 chunks; 0.8 s; peak memory 1224 MiB.
2026-10-08T22:48:10Z INFO [237/500] 60a58bd0-48bc-429c-967d-322161924951: 48 chunks; 0.8 s; peak memory 1224 MiB.
2026-10-08T22:48:11Z INFO [238/500] 60a6d8d0-e452-4e75-99e9-98c765e55a0f: 116 chunks; 0.8 s; peak memory 1224 MiB.
2026-10-08T22:48:11Z INFO [239/500] 60a7a490-2b70-4950-9013-10058d41bdc5: 52 chunks; 0.7 s; peak memory 1224 MiB.
2026-10-08T22:48:15Z INFO [240/500] 60a7ae8e-acee-485d-b68a-b1a49a3dcac8: 2923 chunks; 3.4 s; peak memory 1224 MiB.
2026-10-08T22:48:16Z INFO [241/500] 60a832a3-5e39-42b9-a4dc-c548d768e8e3: 112 chunks; 1.1 s; peak memory 1224 MiB.
2026-10-08T22:52:28Z INFO [242/500] 60a897ae-4f40-439b-a579-b7a552587f27: 75775 chunks; 252.1 s; peak memory 1224 MiB.
2026-10-08T22:52:35Z INFO [243/500] 60a89ff1-b09d-4d6d-8b32-bc637c4e6e20: 4223 chunks; 6.9 s; peak memory 1224 MiB.
2026-10-08T22:52:36Z INFO [244/500] 60a8c0b0-52ac-4022-8dcb-c689470d843a: 118 chunks; 0.9 s; peak memory 1224 MiB.
2026-10-08T22:52:37Z INFO [245/500] 60a8f07d-3ded-4e2c-8532-8eeeef03db78: 71 chunks; 1.1 s; peak memory 1224 MiB.
2026-10-08T22:52:39Z INFO [246/500] 60a8fb94-de0a-4220-ad45-ba73d94ab1f2: 205 chunks; 2.0 s; peak memory 1224 MiB.
2026-10-08T22:52:43Z INFO [247/500] 60a94e93-902d-426b-a612-f2288b26ba44: 368 chunks; 4.5 s; peak memory 1224 MiB.
2026-10-08T22:52:44Z INFO [248/500] 60a99e21-c551-4548-b174-8f804017bac4: 46 chunks; 0.5 s; peak memory 1224 MiB.
2026-10-08T22:52:45Z INFO [249/500] 60aa8595-e9d3-4d8d-8b07-319c5946eb8d: 112 chunks; 1.1 s; peak memory 1224 MiB.
2026-10-08T22:52:46Z INFO [250/500] 60aa8d3a-b5c8-4b54-b672-c2d9cad0f1f7: 119 chunks; 1.3 s; peak memory 1224 MiB.
2026-10-08T22:52:47Z INFO [250/500] 60aa8d3a-b5c8-4b54-b672-c2d9cad0f1f7: checkpointed 93584 new records.
2026-10-08T22:52:51Z INFO [251/500] 60aadad6-f3be-4819-953a-a4a63fc22570: 548 chunks; 4.1 s; peak memory 1224 MiB.
2026-10-08T22:53:00Z INFO [252/500] 60ab0635-8566-453e-b4ad-2bc3d1f2c260: 2371 chunks; 9.2 s; peak memory 1224 MiB.
2026-10-08T22:53:01Z INFO [253/500] 60abbc35-7b60-4188-b95d-4507d6ac6267: 48 chunks; 0.8 s; peak memory 1224 MiB.
2026-10-08T22:53:02Z INFO [254/500] 60abc8f4-202f-4c21-86fa-9d08e8bd5748: 62 chunks; 1.6 s; peak memory 1224 MiB.
2026-10-08T22:53:03Z INFO [255/500] 60abca11-6486-4e5c-8df8-b7c92e934170: 117 chunks; 1.0 s; peak memory 1224 MiB.
2026-10-08T22:53:04Z INFO [256/500] 60abd504-aa63-4b7a-9c7a-22f36802af5e: 48 chunks; 0.8 s; peak memory 1224 MiB.
2026-10-08T22:53:14Z INFO [257/500] 60abe0d2-cd49-410f-9e40-f4eb8ce7a02d: 8229 chunks; 9.9 s; peak memory 1224 MiB.
2026-10-08T22:53:15Z INFO [258/500] 60ac5424-9be8-46ff-ba22-63897c468f68: 57 chunks; 0.7 s; peak memory 1224 MiB.
2026-10-08T22:53:58Z INFO [259/500] 60ac743c-1e9c-4acb-8917-4559cd52945d: 25394 chunks; 43.8 s; peak memory 1224 MiB.
2026-10-08T22:56:02Z INFO [260/500] 60adef49-1e78-4ab1-b28c-b440cf56de7c: 38102 chunks; 123.9 s; peak memory 1224 MiB.
2026-10-08T22:56:06Z INFO [261/500] 60ae18e3-73db-4dbb-af95-c85c8c1750ee: 2485 chunks; 3.6 s; peak memory 1224 MiB.
2026-10-08T22:56:07Z INFO [262/500] 60af51c6-9abc-4eb8-bfbe-392ade4deca1: 116 chunks; 1.0 s; peak memory 1224 MiB.
2026-10-08T22:56:08Z INFO [263/500] 60b1a883-66a4-498d-a49e-e7467935e18b: 117 chunks; 0.9 s; peak memory 1224 MiB.
2026-10-08T22:56:09Z INFO [264/500] 60b390f7-b29d-4f00-a6fa-9817ba61e31c: 131 chunks; 1.0 s; peak memory 1224 MiB.
2026-10-08T22:56:10Z INFO [265/500] 60b51e2e-f1ca-4582-8da3-9cb1de999a11: 48 chunks; 0.8 s; peak memory 1224 MiB.
2026-10-08T22:56:10Z INFO [266/500] 60b662d9-67dd-4f29-9fd6-4c463a1b74d9: 53 chunks; 0.7 s; peak memory 1224 MiB.
2026-10-08T22:56:12Z INFO [267/500] 60b726c3-2844-4f6a-a36b-c5faa487129d: 66 chunks; 1.5 s; peak memory 1224 MiB.
2026-10-08T22:56:13Z INFO [268/500] 60b8a6c4-3664-4a13-b228-6bcb095f6fb5: 64 chunks; 0.9 s; peak memory 1224 MiB.
2026-10-08T22:56:32Z INFO [269/500] 60b928f4-8a06-417c-b41e-8518aafd001e: 11358 chunks; 19.5 s; peak memory 1224 MiB.
2026-10-08T22:56:33Z INFO [270/500] 60bab0d5-83f0-4a5f-9033-821c1d21faf6: 45 chunks; 0.6 s; peak memory 1224 MiB.
2026-10-08T22:56:34Z INFO [271/500] 60bac682-89bf-4538-bc0c-1f149bdbb70e: 66 chunks; 1.1 s; peak memory 1224 MiB.
2026-10-08T22:56:35Z INFO [272/500] 60bbe22f-9295-45fe-b5d5-d263f2cf17e2: 72 chunks; 0.7 s; peak memory 1224 MiB.
2026-10-08T22:56:36Z INFO [273/500] 60bc2f59-3f95-4812-9873-2cd7402057e1: 54 chunks; 0.9 s; peak memory 1224 MiB.
2026-10-08T22:56:42Z INFO [274/500] 60bd5b7e-3109-47dc-adec-26f72e0c1b4b: 18889 chunks; 6.2 s; peak memory 1224 MiB.
2026-10-08T22:56:43Z INFO [275/500] 60bdbc68-945e-42b9-a210-39a768c93238: 99 chunks; 0.8 s; peak memory 1224 MiB.
2026-10-08T22:56:43Z INFO [276/500] 60be5a60-254b-4423-a22c-d63dcf239c39: 48 chunks; 0.7 s; peak memory 1224 MiB.
2026-10-08T22:56:44Z INFO [277/500] 60bf1261-5d16-4f32-8ea4-a4db97dc36b3: 48 chunks; 0.8 s; peak memory 1224 MiB.
2026-10-08T22:56:48Z INFO [278/500] 60bf78b6-24ab-4f8f-b52a-9145cce14f64: 201 chunks; 4.0 s; peak memory 1224 MiB.
2026-10-08T22:56:49Z INFO [279/500] 60bf82e4-986e-4cf5-8c23-f61e08307a88: 118 chunks; 0.8 s; peak memory 1224 MiB.
2026-10-08T22:56:50Z INFO [280/500] 60bf8d93-67ef-4b92-89a1-aa53483924f6: 43 chunks; 0.8 s; peak memory 1224 MiB.
2026-10-08T22:56:55Z INFO [281/500] 60c0219a-5147-4d81-ad28-7e396319e086: 28377 chunks; 5.4 s; peak memory 1224 MiB.
2026-10-08T22:56:56Z INFO [282/500] 60c04f7f-4ca4-43ae-aa7d-3656c6b5a08a: 937 chunks; 1.3 s; peak memory 1224 MiB.
2026-10-08T22:56:57Z INFO [283/500] 60c0e78f-2d34-431f-ba65-f4b780a1ddfb: 52 chunks; 0.8 s; peak memory 1224 MiB.
2026-10-08T22:56:59Z INFO [284/500] 60c192d1-55b5-46ef-862a-c594d9564ff3: 156 chunks; 2.0 s; peak memory 1224 MiB.
2026-10-08T22:57:00Z INFO [285/500] 60c1a772-6353-4b12-b7fa-177476350fd9: 48 chunks; 0.7 s; peak memory 1224 MiB.
2026-10-08T22:57:01Z INFO [286/500] 60c202c3-df94-4c46-ba9e-f43051ab70f6: 46 chunks; 0.6 s; peak memory 1224 MiB.
2026-10-08T22:57:01Z INFO [287/500] 60c23020-ef8b-4a74-a34d-6c76e8616edf: 63 chunks; 0.7 s; peak memory 1224 MiB.
2026-10-08T22:57:02Z INFO [288/500] 60c23357-db11-4606-adc3-bee193337cb3: 48 chunks; 0.7 s; peak memory 1224 MiB.
2026-10-08T22:57:02Z INFO [289/500] 60c298db-2ce2-4c8a-abcc-fa9fbc1f7503: 48 chunks; 0.6 s; peak memory 1224 MiB.
2026-10-08T22:57:07Z INFO [290/500] 60c3c19c-ce4e-41c7-8f09-f231ba7d6687: 3275 chunks; 4.3 s; peak memory 1224 MiB.
2026-10-08T22:57:07Z INFO [291/500] 60c4c211-f445-4963-bf81-c06c77923de8: 114 chunks; 0.7 s; peak memory 1224 MiB.
2026-10-08T22:57:08Z INFO [292/500] 60c5b7a2-8295-4cf2-921a-1d499d39db81: 48 chunks; 0.8 s; peak memory 1224 MiB.
2026-10-08T22:57:12Z INFO [293/500] 60c64a64-1ce8-4316-8c31-8f5db246d8b8: 6943 chunks; 3.5 s; peak memory 1224 MiB.
2026-10-08T22:57:12Z INFO [294/500] 60c65a7a-933a-48a6-88e6-c47652a49a7e: 45 chunks; 0.5 s; peak memory 1224 MiB.
2026-10-08T22:57:13Z INFO [295/500] 60c68558-d2eb-4c80-8292-563bf48c816c: 109 chunks; 0.7 s; peak memory 1224 MiB.
2026-10-08T22:57:14Z INFO [296/500] 60c773f5-7ec1-4c88-987c-4b192a6cc4aa: 117 chunks; 0.9 s; peak memory 1224 MiB.
2026-10-08T22:57:15Z INFO [297/500] 60ca0bd8-ef40-47db-a8c6-eef39ee0a340: 48 chunks; 0.7 s; peak memory 1224 MiB.
2026-10-08T22:57:15Z INFO [298/500] 60ca6e80-7d58-4c84-b979-d702ff8fe915: 46 chunks; 0.5 s; peak memory 1224 MiB.
2026-10-08T22:57:16Z INFO [299/500] 60cb66b2-bc56-466c-8e16-02cd94ee40d3: 48 chunks; 0.7 s; peak memory 1224 MiB.
2026-10-08T22:57:17Z INFO [300/500] 60cc19d8-af75-4cd4-a35b-433eb3c81c95: 64 chunks; 1.4 s; peak memory 1224 MiB.
2026-10-08T22:57:18Z INFO [300/500] 60cc19d8-af75-4cd4-a35b-433eb3c81c95: checkpointed 93634 new records.
2026-10-08T22:57:18Z INFO [301/500] 60cc450a-9adf-4d79-ac90-83394bc4e471: 48 chunks; 0.7 s; peak memory 1224 MiB.
2026-10-08T22:57:19Z INFO [302/500] 60cc4915-de86-4643-b1a8-7afe160f729c: 112 chunks; 1.0 s; peak memory 1224 MiB.
2026-10-08T22:57:20Z INFO [303/500] 60ccd6e7-ad3d-4e46-9236-88a0ff003d4e: 116 chunks; 0.8 s; peak memory 1224 MiB.
2026-10-08T22:57:20Z INFO [304/500] 60cd039c-828b-46be-a148-8740a3da8229: 46 chunks; 0.5 s; peak memory 1224 MiB.
2026-10-08T22:57:22Z INFO [305/500] 60cd2be6-58a0-4c44-81c2-cfde193a7a50: 71 chunks; 1.1 s; peak memory 1224 MiB.
2026-10-08T22:57:22Z INFO [306/500] 60cd463c-e98f-4e58-888d-f2fd3b713669: 118 chunks; 0.8 s; peak memory 1224 MiB.
2026-10-08T22:57:47Z INFO [307/500] 60cdd5aa-aa63-4924-a8fb-bc8c493034e8: 6141 chunks; 24.3 s; peak memory 1224 MiB.
2026-10-08T22:57:48Z INFO [308/500] 60ce29d2-69d1-47ab-8032-70918384d91e: 112 chunks; 0.9 s; peak memory 1224 MiB.
2026-10-08T22:57:52Z INFO [309/500] 60ceb742-4c62-4d5e-b917-fcd1896becfc: 2923 chunks; 4.1 s; peak memory 1224 MiB.
2026-10-08T22:57:52Z INFO [310/500] 60cf9cc7-422d-4edc-a6df-e6dead2ed551: 46 chunks; 0.8 s; peak memory 1224 MiB.
2026-10-08T22:57:53Z INFO [311/500] 60d0c6c4-ac8d-4522-b3e6-92d7ba4d6601: 48 chunks; 0.7 s; peak memory 1224 MiB.
2026-10-08T22:58:25Z INFO [312/500] 60d137b3-812c-4b30-b99c-f31b3d1e9b7c: 16441 chunks; 31.7 s; peak memory 1224 MiB.
2026-10-08T22:58:29Z INFO [313/500] 60d16280-8eaf-443a-83c6-f7d5ba270590: 8973 chunks; 3.8 s; peak memory 1224 MiB.
2026-10-08T22:58:29Z INFO [314/500] 60d28969-38a2-42c1-b385-a06d130d5e9d: 48 chunks; 0.8 s; peak memory 1224 MiB.
2026-10-08T22:58:57Z INFO [315/500] 60d2beb1-57cc-4848-981a-92105190b8dd: 6592 chunks; 27.5 s; peak memory 1224 MiB.
2026-10-08T22:58:58Z INFO [316/500] 60d2eddc-5764-4731-a884-c1b6abbb6b87: 57 chunks; 0.6 s; peak memory 1224 MiB.
2026-10-08T22:59:02Z INFO [317/500] 60d347d2-60f0-429d-b011-1fb0736494ef: 1150 chunks; 4.2 s; peak memory 1224 MiB.
2026-10-08T22:59:03Z INFO [318/500] 60d3cabf-3c99-4bb8-9057-dacf703180d0: 48 chunks; 1.0 s; peak memory 1224 MiB.
2026-10-08T22:59:04Z INFO [319/500] 60d3f5c4-9247-4683-bc31-7d42c99a9e8c: 52 chunks; 0.8 s; peak memory 1224 MiB.
2026-10-08T22:59:05Z INFO [320/500] 60d42827-ae7f-4b07-a922-21a7289b7ba4: 83 chunks; 0.9 s; peak memory 1224 MiB.
2026-10-08T22:59:05Z INFO [321/500] 60d4cf2d-9e5a-4fa9-9c82-8370f7dcff3b: 48 chunks; 0.8 s; peak memory 1224 MiB.
2026-10-08T22:59:06Z INFO [322/500] 60d55e26-91fe-4c0f-b107-459e48fc8fe0: 33 chunks; 0.7 s; peak memory 1224 MiB.
2026-10-08T22:59:07Z INFO [323/500] 60d5cc2d-0ec6-4352-b528-133c21c894ac: 66 chunks; 1.1 s; peak memory 1224 MiB.
2026-10-08T22:59:08Z INFO [324/500] 60d5df03-c965-4b17-befc-c298fa29a045: 48 chunks; 0.8 s; peak memory 1224 MiB.
2026-10-08T22:59:09Z INFO [325/500] 60d63b45-2972-4ec6-a15c-2ef2a3a250eb: 119 chunks; 1.6 s; peak memory 1224 MiB.
2026-10-08T22:59:10Z INFO [326/500] 60d73299-eadd-4161-b2bf-98c10a9e09a8: 48 chunks; 1.0 s; peak memory 1224 MiB.
2026-10-08T23:01:29Z INFO [327/500] 60d7a389-912c-4f67-9f67-b745a1f26c78: 40424 chunks; 139.0 s; peak memory 1224 MiB.
2026-10-08T23:01:33Z INFO [328/500] 60d88076-d865-45f4-8fd3-a16779399b6f: 7445 chunks; 3.3 s; peak memory 1224 MiB.
2026-10-08T23:02:10Z INFO [329/500] 60d97d07-6367-47b8-bb50-f66c12e4b1e1: 21557 chunks; 37.3 s; peak memory 1224 MiB.
2026-10-08T23:02:11Z INFO [330/500] 60da3a3e-1100-430f-a67f-52be6b7ed999: 117 chunks; 0.9 s; peak memory 1224 MiB.
2026-10-08T23:02:16Z INFO [331/500] 60da8072-9866-4aa1-b468-385eb996822a: 8036 chunks; 4.8 s; peak memory 1224 MiB.
2026-10-08T23:02:17Z INFO [332/500] 60da943e-dd8d-4f36-970b-7fd2dad12b23: 48 chunks; 0.9 s; peak memory 1224 MiB.
2026-10-08T23:02:17Z INFO [333/500] 60dae32b-3d84-4d20-bcb4-a6a751d3edf8: 117 chunks; 0.9 s; peak memory 1224 MiB.
2026-10-08T23:02:18Z INFO [334/500] 60db4873-5bc0-4d5d-b0fc-59bd5f602b2b: 57 chunks; 0.6 s; peak memory 1224 MiB.
2026-10-08T23:02:19Z INFO [335/500] 60dbaf07-226a-46a4-b97f-2db0db2ee433: 170 chunks; 1.0 s; peak memory 1224 MiB.
2026-10-08T23:02:20Z INFO [336/500] 60dbfead-1f17-45e2-b033-dac39e73fd79: 48 chunks; 1.1 s; peak memory 1224 MiB.
2026-10-08T23:02:21Z INFO [337/500] 60dcc997-0e16-4d76-b5cf-a2472e1c4e2b: 48 chunks; 0.8 s; peak memory 1224 MiB.
2026-10-08T23:02:22Z INFO [338/500] 60dd4f36-3bcc-45bc-9e8c-c82a0404b53b: 117 chunks; 0.8 s; peak memory 1224 MiB.
2026-10-08T23:02:23Z INFO [339/500] 60de22bb-c427-4df9-93c1-702d7191a563: 117 chunks; 0.9 s; peak memory 1224 MiB.
2026-10-08T23:02:24Z INFO [340/500] 60dee5a0-cee2-42c2-9b53-c68f2e9d2825: 48 chunks; 0.8 s; peak memory 1224 MiB.
2026-10-08T23:02:27Z INFO [341/500] 60df41c8-bd58-4caf-9d7b-93dc3c4c92ec: 516 chunks; 3.9 s; peak memory 1224 MiB.
2026-10-08T23:02:34Z INFO [342/500] 60e006d5-1694-4a81-a806-aec984c8d097: 17962 chunks; 6.6 s; peak memory 1224 MiB.
2026-10-08T23:02:35Z INFO [343/500] 60e0429a-5c9d-44d5-b343-8669cc3f1255: 45 chunks; 0.6 s; peak memory 1224 MiB.
2026-10-08T23:02:35Z INFO [344/500] 60e05676-28a6-406d-9071-547adea9d1a9: 56 chunks; 0.6 s; peak memory 1224 MiB.
2026-10-08T23:02:36Z INFO [345/500] 60e0a49c-bf53-4f0f-81b4-17af192238f3: 48 chunks; 0.8 s; peak memory 1224 MiB.
2026-10-08T23:02:41Z INFO [346/500] 60e12bbb-aa76-4752-8eae-eb1d67081413: 194 chunks; 4.9 s; peak memory 1224 MiB.
2026-10-08T23:02:52Z INFO [347/500] 60e1885b-79de-415e-a21d-7429694db147: 27750 chunks; 11.3 s; peak memory 1224 MiB.
2026-10-08T23:02:53Z INFO [348/500] 60e1c32b-6dab-4a1b-8208-dc1f451aa1bd: 100 chunks; 0.6 s; peak memory 1224 MiB.
2026-10-08T23:02:54Z INFO [349/500] 60e1cb82-2108-4544-826d-c5818eb59ec2: 69 chunks; 0.8 s; peak memory 1224 MiB.
2026-10-08T23:02:55Z INFO [350/500] 60e2dbc6-64e7-4989-9b3f-78d7953f751d: 110 chunks; 0.9 s; peak memory 1224 MiB.
2026-10-08T23:02:55Z INFO [350/500] 60e2dbc6-64e7-4989-9b3f-78d7953f751d: checkpointed 93684 new records.
2026-10-08T23:02:56Z INFO [351/500] 60e38aa3-47f6-4ee9-86a4-2d790a2bc0b5: 112 chunks; 0.9 s; peak memory 1224 MiB.
2026-10-08T23:03:02Z INFO [352/500] 60e3fa04-5a7b-4b5f-8435-5fb0fd4d202f: 193 chunks; 6.7 s; peak memory 1224 MiB.
2026-10-08T23:03:04Z INFO [353/500] 60e489c3-a728-4d75-ad11-bb72c47f7360: 71 chunks; 1.8 s; peak memory 1224 MiB.
2026-10-08T23:03:32Z INFO [354/500] 60e4c95b-0363-4324-a6ce-b55937f0657c: 6592 chunks; 27.4 s; peak memory 1224 MiB.
2026-10-08T23:03:33Z INFO [355/500] 60e4df68-42b3-49f0-8e33-ebcbae86fea9: 69 chunks; 1.0 s; peak memory 1224 MiB.
2026-10-08T23:03:36Z INFO [356/500] 60e55625-c5a0-4e64-b2d8-1ee223a30f8e: 2921 chunks; 3.4 s; peak memory 1224 MiB.
2026-10-08T23:03:37Z INFO [357/500] 60e577ba-02f6-4625-bca9-ea60e0f32dd3: 45 chunks; 0.5 s; peak memory 1224 MiB.
2026-10-08T23:03:38Z INFO [358/500] 60e622af-aa0d-4ebf-8f48-e96766736625: 98 chunks; 1.0 s; peak memory 1224 MiB.
2026-10-08T23:03:39Z INFO [359/500] 60e6f5ef-8475-4fbc-927f-4f9ef4c55ad6: 115 chunks; 1.8 s; peak memory 1224 MiB.
2026-10-08T23:03:40Z INFO [360/500] 60e742e2-f537-4d7e-bb4a-0e959a40973c: 77 chunks; 0.7 s; peak memory 1224 MiB.
2026-10-08T23:03:41Z INFO [361/500] 60e7ed9a-902b-4d40-8cf1-518bbcee20f0: 48 chunks; 0.9 s; peak memory 1224 MiB.
2026-10-08T23:03:42Z INFO [362/500] 60e86686-e971-4816-90ca-dce005a39f5e: 48 chunks; 0.7 s; peak memory 1224 MiB.
2026-10-08T23:04:08Z INFO [363/500] 60e89e42-d0bc-44c7-bd95-8602e4e5b8c6: 6139 chunks; 26.4 s; peak memory 1224 MiB.
2026-10-08T23:04:09Z INFO [364/500] 60e98fd4-8257-4739-b921-c82667737ced: 68 chunks; 0.8 s; peak memory 1224 MiB.
2026-10-08T23:04:14Z INFO [365/500] 60ea1546-b87b-4cf9-a46d-c244a65a08ce: 18486 chunks; 4.6 s; peak memory 1224 MiB.
2026-10-08T23:04:18Z INFO [366/500] 60ea3a47-d41d-41f3-90ce-9ddea1899472: 2922 chunks; 4.1 s; peak memory 1224 MiB.
2026-10-08T23:04:19Z INFO [367/500] 60ea9758-2081-4e95-a330-44fd64736925: 84 chunks; 1.2 s; peak memory 1224 MiB.
2026-10-08T23:04:20Z INFO [368/500] 60eb0887-8966-4e5a-8a24-b2458772a2b8: 48 chunks; 0.8 s; peak memory 1224 MiB.
2026-10-08T23:04:20Z INFO [369/500] 60eb348d-37d9-4bac-aa61-e0865c5885e9: 230 chunks; 0.9 s; peak memory 1224 MiB.
2026-10-08T23:04:22Z INFO [370/500] 60ec24d4-2e66-4190-b29d-89ed22d875e5: 66 chunks; 1.2 s; peak memory 1224 MiB.
2026-10-08T23:06:37Z INFO [371/500] 60ecfa9f-ee4c-4bea-92a3-108ccd354eb1: 37910 chunks; 135.8 s; peak memory 1224 MiB.
2026-10-08T23:06:39Z INFO [372/500] 60edf6bd-50b0-469e-9856-38503ee549e0: 112 chunks; 1.1 s; peak memory 1224 MiB.
2026-10-08T23:06:42Z INFO [373/500] 60ee9c67-0922-402b-9470-d46f0166ea85: 512 chunks; 3.9 s; peak memory 1224 MiB.
2026-10-08T23:06:43Z INFO [374/500] 60eea64d-118e-4329-aabe-5262e1ca4499: 37 chunks; 0.6 s; peak memory 1224 MiB.
2026-10-08T23:06:45Z INFO [375/500] 60eedca0-1298-4910-964f-c12b911c8c49: 124 chunks; 2.1 s; peak memory 1224 MiB.
2026-10-08T23:06:53Z INFO [376/500] 60efa25c-8e72-402a-822e-6521766b64bd: 12746 chunks; 7.9 s; peak memory 1224 MiB.
2026-10-08T23:06:54Z INFO [377/500] 60efda3e-a02c-4990-bc94-b04e20a0408c: 72 chunks; 0.9 s; peak memory 1224 MiB.
2026-10-08T23:06:55Z INFO [378/500] 60f03675-1e40-4e3a-aeb2-9b172d33492d: 41 chunks; 0.6 s; peak memory 1224 MiB.
2026-10-08T23:06:55Z INFO [379/500] 60f046df-1013-412b-8a7a-0956027dcf71: 54 chunks; 0.5 s; peak memory 1224 MiB.
2026-10-08T23:06:57Z INFO [380/500] 60f104a5-3520-4f7c-8257-edf1f9ba5e7c: 997 chunks; 1.6 s; peak memory 1224 MiB.
2026-10-08T23:06:58Z INFO [381/500] 60f171f1-791b-4cb6-ac72-d1c2b324e098: 937 chunks; 1.3 s; peak memory 1224 MiB.
2026-10-08T23:06:59Z INFO [382/500] 60f1dd37-8047-4ba6-ad98-cee51b0b668a: 48 chunks; 0.9 s; peak memory 1224 MiB.
2026-10-08T23:07:00Z INFO [383/500] 60f21bc7-6aeb-42b5-9b58-a846e3558449: 51 chunks; 0.8 s; peak memory 1224 MiB.
2026-10-08T23:07:01Z INFO [384/500] 60f3b94e-2d2a-47b4-a358-a82d4c15147b: 112 chunks; 1.0 s; peak memory 1224 MiB.
2026-10-08T23:07:01Z INFO [385/500] 60f42ac9-abb0-4a43-9ecb-0ef2a3f15737: 48 chunks; 0.7 s; peak memory 1224 MiB.
2026-10-08T23:07:08Z INFO [386/500] 60f493d4-808d-4cfe-aaea-3729ddf339f1: 17507 chunks; 6.5 s; peak memory 1224 MiB.
2026-10-08T23:07:09Z INFO [387/500] 60f5c156-732c-418e-bf9e-affdfe007f70: 74 chunks; 1.0 s; peak memory 1224 MiB.
2026-10-08T23:07:11Z INFO [388/500] 60f65292-b9b3-45d0-bffa-392b98229c93: 91 chunks; 1.6 s; peak memory 1224 MiB.
2026-10-08T23:07:11Z INFO [389/500] 60f699da-7f40-4924-9469-10d89a46617f: 52 chunks; 0.7 s; peak memory 1224 MiB.
2026-10-08T23:07:12Z INFO [390/500] 60f7bfb3-a241-4e76-9e94-4119133d434e: 112 chunks; 1.0 s; peak memory 1224 MiB.
2026-10-08T23:07:15Z INFO [391/500] 60f9171c-c77d-4c59-a92d-235c941dbd7a: 156 chunks; 2.2 s; peak memory 1224 MiB.
2026-10-08T23:07:16Z INFO [392/500] 60f969c1-d194-4510-ac7e-5ee3dbb6d3ce: 71 chunks; 1.2 s; peak memory 1224 MiB.
2026-10-08T23:07:17Z INFO [393/500] 60f9dbc2-0020-491b-bddd-2529e0c3ec8d: 48 chunks; 0.8 s; peak memory 1224 MiB.
2026-10-08T23:07:17Z INFO [394/500] 60f9e0ce-d4c5-435a-a663-abaf867feaa2: 46 chunks; 0.7 s; peak memory 1224 MiB.
2026-10-08T23:07:18Z INFO [395/500] 60fa3507-dc82-4a63-88af-13fcbb31f667: 112 chunks; 1.1 s; peak memory 1224 MiB.
2026-10-08T23:07:19Z INFO [396/500] 60fa813d-9f4b-4d14-b84d-6c8034f0eac0: 48 chunks; 0.7 s; peak memory 1224 MiB.
2026-10-08T23:07:20Z INFO [397/500] 60fa8d04-d357-4426-af3e-ca1661d3b728: 48 chunks; 0.7 s; peak memory 1224 MiB.
2026-10-08T23:07:21Z INFO [398/500] 60fb141c-45f8-4dd3-8eb3-cb4f4a2557b3: 112 chunks; 1.1 s; peak memory 1224 MiB.
2026-10-08T23:07:22Z INFO [399/500] 60fb71d0-5221-4d35-81a3-b805ed5058d2: 112 chunks; 0.8 s; peak memory 1224 MiB.
2026-10-08T23:07:23Z INFO [400/500] 60fbc166-5a3e-4e1f-a772-c21f623b9bfe: 48 chunks; 0.8 s; peak memory 1224 MiB.
2026-10-08T23:07:23Z INFO [400/500] 60fbc166-5a3e-4e1f-a772-c21f623b9bfe: checkpointed 93734 new records.
2026-10-08T23:07:28Z INFO [401/500] 60fc0296-34dc-410b-ad33-691fa8c39342: 4133 chunks; 5.4 s; peak memory 1224 MiB.
2026-10-08T23:07:33Z INFO [402/500] 60fd135a-0502-4c31-9b5b-aaa6ade09769: 231 chunks; 4.4 s; peak memory 1224 MiB.
2026-10-08T23:07:45Z INFO [403/500] 60fd8bb6-9209-453b-8d8c-f0b060815676: 37078 chunks; 12.3 s; peak memory 1224 MiB.
2026-10-08T23:07:46Z INFO [404/500] 60fde479-1e7f-4312-a676-45d63d06d503: 52 chunks; 0.8 s; peak memory 1224 MiB.
2026-10-08T23:07:48Z INFO [405/500] 60fe51f9-056c-43b1-a7b5-72542b1f86f0: 156 chunks; 2.1 s; peak memory 1224 MiB.
2026-10-08T23:07:49Z INFO [406/500] 60fee025-e038-4b30-9f15-28b951542719: 112 chunks; 1.0 s; peak memory 1224 MiB.
2026-10-08T23:07:50Z INFO [407/500] 60ff5575-fbad-42a2-9a31-3881c8363518: 48 chunks; 0.8 s; peak memory 1224 MiB.
2026-10-08T23:07:54Z INFO [408/500] 60ff6ed9-336d-424c-b060-adfd4186e815: 606 chunks; 4.3 s; peak memory 1224 MiB.
2026-10-08T23:07:55Z INFO [409/500] 610143b4-61a6-4bb5-aba2-b663704479cc: 117 chunks; 1.0 s; peak memory 1224 MiB.
2026-10-08T23:07:59Z INFO [410/500] 61017f5c-ea63-49c2-831c-4aeed3a5527d: 13374 chunks; 4.2 s; peak memory 1224 MiB.
2026-10-08T23:12:15Z INFO [411/500] 6102695c-d918-4d7c-938a-a31637abbc01: 75232 chunks; 256.3 s; peak memory 1224 MiB.
2026-10-08T23:12:18Z INFO [412/500] 610306be-2823-472a-9e2c-bf65536a00c0: 156 chunks; 2.1 s; peak memory 1224 MiB.
2026-10-08T23:12:19Z INFO [413/500] 6103bc59-ec89-4ad5-b25c-8972977f8043: 66 chunks; 1.3 s; peak memory 1224 MiB.
2026-10-08T23:12:22Z INFO [414/500] 6103c8c2-4e75-42f2-b037-4734f429343c: 111 chunks; 3.0 s; peak memory 1224 MiB.
2026-10-08T23:12:23Z INFO [415/500] 6103db52-2a99-4ff2-9268-f8363278fd49: 114 chunks; 0.9 s; peak memory 1224 MiB.
2026-10-08T23:12:24Z INFO [416/500] 6103db75-0b96-4ce3-a769-1eada5b4aa4c: 110 chunks; 0.8 s; peak memory 1224 MiB.
2026-10-08T23:12:24Z INFO [417/500] 61041e46-086f-4a56-9621-009fff6f9db7: 112 chunks; 0.9 s; peak memory 1224 MiB.
2026-10-08T23:12:25Z INFO [418/500] 61046b0c-d0f5-477a-a96b-b5805965f072: 48 chunks; 0.9 s; peak memory 1224 MiB.
2026-10-08T23:12:27Z INFO [419/500] 610586c5-17ea-40c7-b648-46a57e3948bc: 110 chunks; 1.2 s; peak memory 1224 MiB.
2026-10-08T23:12:27Z INFO [420/500] 6105f237-2034-461f-bc39-247f5fa7bfed: 69 chunks; 0.8 s; peak memory 1224 MiB.
2026-10-08T23:12:28Z INFO [421/500] 61069a26-9e94-4c02-840b-0b093fdd259e: 48 chunks; 0.8 s; peak memory 1224 MiB.
2026-10-08T23:12:38Z INFO [422/500] 6106add5-def0-44ee-bcdb-95b2ef0dfd90: 22957 chunks; 9.8 s; peak memory 1224 MiB.
2026-10-08T23:12:39Z INFO [423/500] 6107424f-ff06-4a45-b2b7-6cd711514807: 117 chunks; 1.1 s; peak memory 1224 MiB.
2026-10-08T23:12:40Z INFO [424/500] 61074dcd-abb9-4415-bcc4-5ec5a247c585: 117 chunks; 1.0 s; peak memory 1224 MiB.
2026-10-08T23:12:41Z INFO [425/500] 61077384-9bac-4628-a929-87b003b4f820: 48 chunks; 0.9 s; peak memory 1224 MiB.
2026-10-08T23:12:42Z INFO [426/500] 6108718c-9916-44b9-9bd4-56959f26de17: 48 chunks; 0.8 s; peak memory 1224 MiB.
2026-10-08T23:13:27Z INFO [427/500] 61087f2f-acf0-4caf-a1e4-af1345c18442: 25138 chunks; 44.8 s; peak memory 1224 MiB.
2026-10-08T23:13:34Z INFO [428/500] 6109a468-44cb-4f4c-bea8-897eaff2dd11: 38404 chunks; 7.6 s; peak memory 1224 MiB.
2026-10-08T23:13:35Z INFO [429/500] 6109cb46-b6b1-4b3a-be77-9755b56bc4de: 46 chunks; 0.6 s; peak memory 1224 MiB.
2026-10-08T23:13:35Z INFO [430/500] 6109f9cc-52c6-4fa4-9f25-201a63f95c7c: 37 chunks; 0.6 s; peak memory 1224 MiB.
2026-10-08T23:13:39Z INFO [431/500] 610aca43-65c4-4062-aea6-e181d9137026: 550 chunks; 3.5 s; peak memory 1224 MiB.
2026-10-08T23:13:40Z INFO [432/500] 610cf395-bdaa-43a0-88dd-65b1217f0537: 116 chunks; 0.9 s; peak memory 1224 MiB.
2026-10-08T23:13:41Z INFO [433/500] 610cf7bd-c750-45fb-8184-454e5b50f959: 59 chunks; 1.2 s; peak memory 1224 MiB.
2026-10-08T23:13:42Z INFO [434/500] 610cfc23-2cfd-4789-84ec-e5ae7fcef418: 69 chunks; 0.7 s; peak memory 1224 MiB.
2026-10-08T23:13:42Z INFO [435/500] 610d042e-00b7-432a-b0a0-6fb5355f45d3: 85 chunks; 0.8 s; peak memory 1224 MiB.
2026-10-08T23:13:48Z INFO [436/500] 610d17d3-5873-48c0-af41-50e758af914b: 18371 chunks; 5.1 s; peak memory 1224 MiB.
2026-10-08T23:13:48Z INFO [437/500] 610da141-c081-4b23-84a5-a54f43a4d171: 48 chunks; 0.8 s; peak memory 1224 MiB.
2026-10-08T23:13:49Z INFO [438/500] 610dfe63-62dc-4286-b8ea-e85d82519b32: 48 chunks; 0.8 s; peak memory 1224 MiB.
2026-10-08T23:13:50Z INFO [439/500] 610e36bd-6e2f-42ba-8ff9-714549adc68b: 46 chunks; 0.6 s; peak memory 1224 MiB.
2026-10-08T23:15:55Z INFO [440/500] 610e43ef-59e7-4436-bb27-950bc87941ea: 38250 chunks; 125.1 s; peak memory 1224 MiB.
2026-10-08T23:15:56Z INFO [441/500] 610ef80e-bd4c-40bd-a1e0-f20ce7c71fb4: 43 chunks; 1.0 s; peak memory 1224 MiB.
2026-10-08T23:16:01Z INFO [442/500] 610f8226-8a39-42f3-9ba2-629aab6bb055: 60 chunks; 5.6 s; peak memory 1224 MiB.
2026-10-08T23:16:03Z INFO [443/500] 610fc491-e401-416f-ba32-d86340fa9866: 69 chunks; 1.1 s; peak memory 1224 MiB.
2026-10-08T23:16:04Z INFO [444/500] 61106503-90d5-496d-8cc3-5755dba2205c: 59 chunks; 1.1 s; peak memory 1224 MiB.
2026-10-08T23:16:05Z INFO [445/500] 611146a1-2977-4de5-801d-c042b2d9c0bb: 48 chunks; 0.9 s; peak memory 1224 MiB.
2026-10-08T23:16:05Z INFO [446/500] 61114cb8-9817-40ad-8146-8273ad507787: 48 chunks; 1.0 s; peak memory 1224 MiB.
2026-10-08T23:16:06Z INFO [447/500] 61128807-29b4-4c16-803a-0cad1965ef61: 46 chunks; 0.6 s; peak memory 1224 MiB.
2026-10-08T23:16:07Z INFO [448/500] 6112bfae-f6d9-4777-a457-dbe9abfe125c: 117 chunks; 0.8 s; peak memory 1224 MiB.
2026-10-08T23:16:33Z INFO [449/500] 61134bbd-cbb1-49fa-9708-b07feead27c9: 6829 chunks; 26.5 s; peak memory 1224 MiB.
2026-10-08T23:16:34Z INFO [450/500] 61137db4-ec6d-41d0-add9-afe24a2561b8: 484 chunks; 1.1 s; peak memory 1224 MiB.
2026-10-08T23:16:35Z INFO [450/500] 61137db4-ec6d-41d0-add9-afe24a2561b8: checkpointed 93784 new records.
2026-10-08T23:16:36Z INFO [451/500] 61139a2d-7568-4046-a678-d0991718065f: 77 chunks; 0.9 s; peak memory 1224 MiB.
2026-10-08T23:16:36Z INFO [452/500] 6113fdc9-0bee-45b4-aa59-a348c2ac8e63: 48 chunks; 0.7 s; peak memory 1224 MiB.
2026-10-08T23:16:37Z INFO [453/500] 6114864a-c62b-4e25-b58b-0aa61bc3e7cb: 46 chunks; 0.5 s; peak memory 1224 MiB.
2026-10-08T23:16:38Z INFO [454/500] 6114cc1e-7712-4acd-9c39-81479f0b3d40: 289 chunks; 1.2 s; peak memory 1224 MiB.
2026-10-08T23:16:39Z INFO [455/500] 6114d3c2-acde-4e83-bbe2-bbdf941de8f3: 71 chunks; 1.3 s; peak memory 1224 MiB.
2026-10-08T23:16:40Z INFO [456/500] 6114f9e5-78fe-4ae9-8476-568e9d7c7a44: 117 chunks; 0.9 s; peak memory 1224 MiB.
2026-10-08T23:16:45Z INFO [457/500] 61161879-03f4-4a88-a7f7-c2523254856b: 511 chunks; 4.6 s; peak memory 1224 MiB.
2026-10-08T23:16:47Z INFO [458/500] 611637b4-f0f2-42df-b3c3-18a2629fc8ae: 133 chunks; 2.2 s; peak memory 1224 MiB.
2026-10-08T23:16:48Z INFO [459/500] 61165352-5d27-4ef8-901e-38f86d15d650: 289 chunks; 1.0 s; peak memory 1224 MiB.
2026-10-08T23:16:49Z INFO [460/500] 6116cfe1-643c-4805-be70-0cec1958aabb: 72 chunks; 1.0 s; peak memory 1224 MiB.
2026-10-08T23:16:52Z INFO [461/500] 6117cbb7-48b0-460f-86b6-79fdc928d2a2: 184 chunks; 2.7 s; peak memory 1224 MiB.
2026-10-08T23:17:00Z INFO [462/500] 6118249a-8bad-46c9-add9-a49e625d05fa: 2983 chunks; 8.6 s; peak memory 1224 MiB.
2026-10-08T23:17:01Z INFO [463/500] 61196777-2175-41cb-8014-7a18298a31ca: 69 chunks; 0.7 s; peak memory 1224 MiB.
2026-10-08T23:17:02Z INFO [464/500] 61196d15-243b-4271-a138-6c747cbae403: 116 chunks; 0.9 s; peak memory 1224 MiB.
2026-10-08T23:17:03Z INFO [465/500] 6119a7f1-25e2-449a-b640-b8fba2f586ba: 51 chunks; 0.7 s; peak memory 1224 MiB.
2026-10-08T23:17:07Z INFO [466/500] 611b31e4-ebfa-45a9-bee6-4b0f5b167b3c: 6697 chunks; 4.7 s; peak memory 1224 MiB.
2026-10-08T23:17:14Z INFO [467/500] 611b77ca-6288-4828-a908-a38c7ae953b5: 11550 chunks; 6.7 s; peak memory 1224 MiB.
2026-10-08T23:17:20Z INFO [468/500] 611c0723-5c3f-423e-8ffd-a3e2a7bcd4ec: 290 chunks; 5.5 s; peak memory 1224 MiB.
2026-10-08T23:17:20Z INFO [469/500] 611c2e63-6972-4d29-b429-49508f3e4122: 54 chunks; 0.5 s; peak memory 1224 MiB.
2026-10-08T23:17:21Z INFO [470/500] 611dc308-ff64-45f6-b09e-34e75a77b57d: 112 chunks; 0.8 s; peak memory 1224 MiB.
2026-10-08T23:17:22Z INFO [471/500] 6120f8d8-a3af-4e3e-998e-d703c809846b: 110 chunks; 0.6 s; peak memory 1224 MiB.
2026-10-08T23:17:22Z INFO [472/500] 6121b72e-2d99-49ec-b612-f8e6fef4b157: 48 chunks; 0.8 s; peak memory 1224 MiB.
2026-10-08T23:17:23Z INFO [473/500] 6121ff67-427f-4fba-b5df-113dc9b3e8e1: 59 chunks; 1.1 s; peak memory 1224 MiB.
2026-10-08T23:17:25Z INFO [474/500] 61220247-a4ca-4f33-a6d2-e6163da5e01c: 62 chunks; 1.3 s; peak memory 1224 MiB.
2026-10-08T23:17:25Z INFO [475/500] 61230ca1-3eb3-4dff-b779-52ba559e2925: 117 chunks; 0.7 s; peak memory 1224 MiB.
2026-10-08T23:17:27Z INFO [476/500] 61235373-7e1e-47ef-a92d-db392490e3da: 168 chunks; 1.5 s; peak memory 1224 MiB.
2026-10-08T23:17:28Z INFO [477/500] 612392af-9b64-406d-b400-30f38507b8f5: 48 chunks; 0.6 s; peak memory 1224 MiB.
2026-10-08T23:17:28Z INFO [478/500] 6123fcd5-49e9-44d2-8a6c-f59fa5692334: 63 chunks; 0.6 s; peak memory 1224 MiB.
2026-10-08T23:17:30Z INFO [479/500] 61248ca8-6c0a-432d-af0d-df11412a6b3a: 204 chunks; 1.5 s; peak memory 1224 MiB.
2026-10-08T23:17:40Z INFO [480/500] 6125300e-1183-471a-975f-4873fbfb2008: 8229 chunks; 10.5 s; peak memory 1224 MiB.
2026-10-08T23:17:42Z INFO [481/500] 61253b73-dfc2-42cb-b185-6ee1a21c7baf: 1641 chunks; 2.0 s; peak memory 1224 MiB.
2026-10-08T23:17:43Z INFO [482/500] 61256cdc-6370-482b-9b1a-63933563bbbd: 117 chunks; 1.1 s; peak memory 1224 MiB.
2026-10-08T23:17:48Z INFO [483/500] 6125e00a-95f5-4dd9-8e48-f995a7342479: 13451 chunks; 4.3 s; peak memory 1224 MiB.
2026-10-08T23:17:48Z INFO [484/500] 61266505-6ad6-485b-82e7-45cdaead9403: 52 chunks; 0.9 s; peak memory 1224 MiB.
2026-10-08T23:17:49Z INFO [485/500] 61278ba8-45dd-4bca-a2cd-c15b91f5cc56: 45 chunks; 0.5 s; peak memory 1224 MiB.
2026-10-08T23:17:50Z INFO [486/500] 6128355e-e09e-4b75-92d3-b05dcc507d11: 41 chunks; 0.6 s; peak memory 1224 MiB.
2026-10-08T23:17:50Z INFO [487/500] 61294742-548e-4463-bd7e-e4165097c801: 52 chunks; 0.8 s; peak memory 1224 MiB.
2026-10-08T23:17:51Z INFO [488/500] 61295823-fff3-484e-b29f-389407ad3734: 110 chunks; 0.9 s; peak memory 1224 MiB.
2026-10-08T23:17:52Z INFO [489/500] 612966e0-4797-49a0-851f-370031d4ee61: 117 chunks; 0.9 s; peak memory 1224 MiB.
2026-10-08T23:17:53Z INFO [490/500] 61297411-1e53-43ae-8cc4-ae99770ced0a: 109 chunks; 0.9 s; peak memory 1224 MiB.
2026-10-08T23:17:54Z INFO [491/500] 6129fa34-747d-4939-894c-519cb3d94e3f: 102 chunks; 0.7 s; peak memory 1224 MiB.
2026-10-08T23:17:58Z INFO [492/500] 612b475c-ecff-4c6e-b3e0-1a67e1fb5149: 21132 chunks; 4.3 s; peak memory 1224 MiB.
2026-10-08T23:17:59Z INFO [493/500] 612b481b-b87d-4de1-a750-dd5c8033cfa7: 116 chunks; 0.8 s; peak memory 1224 MiB.
2026-10-08T23:17:59Z INFO [494/500] 612c04a8-6f7f-48b8-adac-55390c0c1f8d: 37 chunks; 0.6 s; peak memory 1224 MiB.
2026-10-08T23:18:01Z INFO [495/500] 612c2f6b-4d02-4c23-af6b-9c40b79490b3: 158 chunks; 1.3 s; peak memory 1224 MiB.
2026-10-08T23:18:02Z INFO [496/500] 612c3e0a-695f-454b-99af-de0c09524395: 66 chunks; 1.3 s; peak memory 1224 MiB.
2026-10-08T23:18:06Z INFO [497/500] 612d43ba-2e13-451a-844d-d099a0d8c637: 612 chunks; 3.8 s; peak memory 1224 MiB.
2026-10-08T23:18:07Z INFO [498/500] 612d752b-6535-40da-943b-98657fb2e8f4: 117 chunks; 0.7 s; peak memory 1224 MiB.
2026-10-08T23:18:15Z INFO [499/500] 612db9de-d679-443a-ac13-324ade662f5f: 4913 chunks; 8.1 s; peak memory 1224 MiB.
2026-10-08T23:18:16Z INFO [500/500] 612e4e78-d82e-4eae-89e4-416410b09304: 152 chunks; 1.7 s; peak memory 1224 MiB.
2026-10-08T23:18:17Z INFO [500/500] 612e4e78-d82e-4eae-89e4-416410b09304: checkpointed 93834 new records.
2026-10-08T23:18:17Z INFO Wrote 93834 records to /tmp/derivatives/valid_nwb_file_to_chunk_stats.jsonl (500 new, 0 failed) in 98.6 min (peak memory 1224 MiB).
