2026-10-07T02:22:00Z INFO Logging to /tmp/logs/update_2026-10-07T02-22-00Z.log.
2026-10-07T02:22:00Z INFO Update valid-nwb-file-to-chunk-stats (base directory /tmp).
2026-10-07T02:22:00Z INFO Processing 500 items (83834 already recorded).
2026-10-07T02:22:01Z INFO [1/500] 0070fda4-c49d-486c-944d-1a3d48ba101b: 83 chunks; 1.1 s; peak memory 176 MiB.
2026-10-07T02:22:05Z INFO [2/500] 046b02e6-8682-42b4-bf2c-b4748cdae63e: 286 chunks; 3.1 s; peak memory 181 MiB.
2026-10-07T02:22:05Z INFO [3/500] 04d4f44a-f6ae-4aa6-9ce5-86b84447eb13: 142 chunks; 0.9 s; peak memory 181 MiB.
2026-10-07T02:22:06Z INFO [4/500] 074c3967-d759-4fc1-8ae2-bf794b00d06d: 142 chunks; 0.8 s; peak memory 182 MiB.
2026-10-07T02:22:09Z INFO [5/500] 07ecd1e2-d6bb-4fef-9ec9-1df76a7735b4: 283 chunks; 3.1 s; peak memory 182 MiB.
2026-10-07T02:22:10Z INFO [6/500] 08228987-d60c-4a4f-aa63-513dd21b4342: 142 chunks; 1.1 s; peak memory 182 MiB.
2026-10-07T02:22:11Z INFO [7/500] 099e3de3-0e65-4c1c-98da-8746f13ca7fd: 122 chunks; 0.9 s; peak memory 182 MiB.
2026-10-07T02:22:15Z INFO [8/500] 0a887aa1-c891-4914-8bbd-5b182bf38bd4: 168 chunks; 3.1 s; peak memory 186 MiB.
2026-10-07T02:22:15Z INFO [9/500] 0d0fb28b-a56c-421e-8be4-c22053ab1c29: 140 chunks; 0.7 s; peak memory 186 MiB.
2026-10-07T02:22:20Z INFO [10/500] 0dde4390-26de-4337-94d9-88bce6407773: 174 chunks; 4.3 s; peak memory 187 MiB.
2026-10-07T02:22:20Z INFO [11/500] 0ed24935-7c06-40fa-983f-0120e1c2ac62: 142 chunks; 0.9 s; peak memory 187 MiB.
2026-10-07T02:22:21Z INFO [12/500] 0fc3f3ba-3a80-47ca-bba4-aa9df6a3b940: 142 chunks; 1.0 s; peak memory 187 MiB.
2026-10-07T02:22:23Z INFO [13/500] 10e37e8e-e213-4b3c-99c1-95fb7f22814b: 222 chunks; 1.8 s; peak memory 187 MiB.
2026-10-07T02:22:24Z INFO [14/500] 11bdfb76-006f-4d6c-9346-9064740cc626: 83 chunks; 0.7 s; peak memory 187 MiB.
2026-10-07T02:22:25Z INFO [15/500] 125fa235-040e-4437-98be-b3ad6db159c5: 142 chunks; 0.8 s; peak memory 187 MiB.
2026-10-07T02:22:29Z INFO [16/500] 13732d86-7959-4e2a-aaa0-2f915691ef6e: 174 chunks; 4.1 s; peak memory 187 MiB.
2026-10-07T02:22:30Z INFO [17/500] 13e43352-b0c3-4559-9ccd-fe901f4f6d94: 142 chunks; 1.2 s; peak memory 187 MiB.
2026-10-07T02:22:34Z INFO [18/500] 15481a1c-00ca-4e8c-9dae-b1e43fdd2b76: 174 chunks; 3.7 s; peak memory 187 MiB.
2026-10-07T02:22:34Z INFO [19/500] 157ee03b-f4be-4e7b-b215-70f1fa967d80: 83 chunks; 0.7 s; peak memory 187 MiB.
2026-10-07T02:22:38Z INFO [20/500] 16e4a56d-d632-4b19-a622-8bdbf2816eaa: 174 chunks; 3.9 s; peak memory 187 MiB.
2026-10-07T02:22:43Z INFO [21/500] 173b1b85-9214-4d25-9c97-1ab239a297e1: 174 chunks; 4.6 s; peak memory 187 MiB.
2026-10-07T02:22:47Z INFO [22/500] 189e5e12-2cba-47a9-b84c-dcec24bdd7db: 174 chunks; 4.1 s; peak memory 187 MiB.
2026-10-07T02:22:51Z INFO [23/500] 19f75508-e5f9-4b2e-bb36-d1d83f1196a2: 174 chunks; 3.8 s; peak memory 187 MiB.
2026-10-07T02:22:54Z INFO [24/500] 19ff0263-3f10-4aeb-9361-c16b1081a473: 287 chunks; 3.2 s; peak memory 187 MiB.
2026-10-07T02:22:55Z INFO [25/500] 1b2354dd-1dac-4c76-8121-b492769c284f: 142 chunks; 1.1 s; peak memory 188 MiB.
2026-10-07T02:22:56Z INFO [26/500] 1ce55f07-08f9-464d-be8e-bfe0d7220e1e: 142 chunks; 1.1 s; peak memory 188 MiB.
2026-10-07T02:22:57Z INFO [27/500] 1cfe6b99-7a4c-452c-a718-c8057cbba328: 85 chunks; 0.9 s; peak memory 188 MiB.
2026-10-07T02:22:58Z INFO [28/500] 1d51966e-223d-4cb4-8692-06a7c4e53eac: 142 chunks; 1.0 s; peak memory 188 MiB.
2026-10-07T02:22:59Z INFO [29/500] 1db28340-1417-4265-a6a4-c769004baea0: 83 chunks; 0.9 s; peak memory 188 MiB.
2026-10-07T02:23:03Z INFO [30/500] 1e3203c7-a8e8-4e77-b83e-0aacfea3f9eb: 168 chunks; 4.0 s; peak memory 188 MiB.
2026-10-07T02:23:06Z INFO [31/500] 1e436be6-9379-4e7b-81dc-6bb5f374ded6: 286 chunks; 3.1 s; peak memory 188 MiB.
2026-10-07T02:23:10Z INFO [32/500] 1e5ec724-13df-4c69-ba50-2efb76b2adb7: 168 chunks; 3.7 s; peak memory 188 MiB.
2026-10-07T02:23:11Z INFO [33/500] 1fb1607d-f02f-486a-ad5d-d88e9ed0d9f6: 142 chunks; 0.9 s; peak memory 188 MiB.
2026-10-07T02:23:14Z INFO [34/500] 20e8f0e2-c26c-443c-9d3c-ac119e4bfcfd: 168 chunks; 3.6 s; peak memory 188 MiB.
2026-10-07T02:23:18Z INFO [35/500] 213803d2-d4ee-4a3c-8d73-c868e8ad9cde: 168 chunks; 3.9 s; peak memory 188 MiB.
2026-10-07T02:23:22Z INFO [36/500] 22335726-97e8-4df2-b93e-72fd82e1cc53: 168 chunks; 3.8 s; peak memory 188 MiB.
2026-10-07T02:23:26Z INFO [37/500] 22609bc6-f4ba-4273-9cf6-cf162bd70e32: 174 chunks; 4.0 s; peak memory 189 MiB.
2026-10-07T02:23:27Z INFO [38/500] 22e5f9fc-4dbb-4a5c-8b66-75132e2bf425: 142 chunks; 0.9 s; peak memory 189 MiB.
2026-10-07T02:23:30Z INFO [39/500] 24540b07-9c7b-48b7-8d47-1b54d11db547: 287 chunks; 3.0 s; peak memory 189 MiB.
2026-10-07T02:23:31Z INFO [40/500] 26f64051-2d9a-4955-ac13-be422fcd4823: 142 chunks; 1.1 s; peak memory 189 MiB.
2026-10-07T02:23:32Z INFO [41/500] 277620bf-b232-443e-9606-736aa25d3165: 119 chunks; 0.7 s; peak memory 189 MiB.
2026-10-07T02:23:35Z INFO [42/500] 2892ddbd-38df-499e-93f5-cdc5bef403f3: 168 chunks; 3.5 s; peak memory 189 MiB.
2026-10-07T02:23:39Z INFO [43/500] 28cbd3f3-8287-4ae3-86cc-97144a578d4b: 168 chunks; 3.8 s; peak memory 189 MiB.
2026-10-07T02:23:40Z INFO [44/500] 28f5456c-9926-4fa4-a6ce-0d662e32fd5b: 122 chunks; 0.9 s; peak memory 189 MiB.
2026-10-07T02:23:44Z INFO [45/500] 2a8142e6-b545-4deb-96b0-4be447fda35d: 174 chunks; 4.0 s; peak memory 189 MiB.
2026-10-07T02:23:48Z INFO [46/500] 2bd65a28-d25a-4ef1-abf6-1eca6e70a256: 168 chunks; 3.8 s; peak memory 189 MiB.
2026-10-07T02:23:49Z INFO [47/500] 2d4dba9a-b686-4f8c-8117-b1143733b5f9: 142 chunks; 0.9 s; peak memory 189 MiB.
2026-10-07T02:23:50Z INFO [48/500] 2dbef024-7872-4742-a08f-b426ff582823: 85 chunks; 1.2 s; peak memory 189 MiB.
2026-10-07T02:23:51Z INFO [49/500] 2e87bd91-dae0-4612-aaa2-f7df77c49e19: 85 chunks; 0.9 s; peak memory 189 MiB.
2026-10-07T02:23:53Z INFO [50/500] 2f80338f-7502-4411-9fce-120180cc6052: 241 chunks; 2.5 s; peak memory 190 MiB.
2026-10-07T02:23:53Z INFO [50/500] 2f80338f-7502-4411-9fce-120180cc6052: checkpointed 83884 records.
2026-10-07T02:23:55Z INFO [51/500] 2f85a01e-815c-4b68-9830-120b4550e924: 142 chunks; 1.0 s; peak memory 190 MiB.
2026-10-07T02:23:55Z INFO [52/500] 30920585-dfe1-44b0-a9a1-d3a204e02b4d: 142 chunks; 0.9 s; peak memory 190 MiB.
2026-10-07T02:23:56Z INFO [53/500] 30c795cf-4691-4a12-91aa-7eb56995934e: 140 chunks; 0.8 s; peak memory 190 MiB.
2026-10-07T02:23:57Z INFO [54/500] 30e5debf-1633-4712-84b0-c5d76be0e2fb: 140 chunks; 0.8 s; peak memory 190 MiB.
2026-10-07T02:24:00Z INFO [55/500] 3159f870-7034-4ba2-bc9a-6ee5f4e7b437: 286 chunks; 3.0 s; peak memory 190 MiB.
2026-10-07T02:24:04Z INFO [56/500] 32d83983-fe88-4a75-a8ca-28ffb063cd96: 168 chunks; 3.8 s; peak memory 191 MiB.
2026-10-07T02:24:08Z INFO [57/500] 3305bd0b-3e48-44aa-bd60-e417257a7781: 174 chunks; 4.3 s; peak memory 191 MiB.
2026-10-07T02:24:11Z INFO [58/500] 3462b660-6888-44e1-b487-42c0815dd113: 283 chunks; 3.1 s; peak memory 191 MiB.
2026-10-07T02:24:15Z INFO [59/500] 3488a78a-af0a-413e-ac68-efb94f19d41d: 174 chunks; 4.1 s; peak memory 191 MiB.
2026-10-07T02:24:19Z INFO [60/500] 34e5ae54-3556-4efb-81c6-9eed52964648: 174 chunks; 4.0 s; peak memory 193 MiB.
2026-10-07T02:24:20Z INFO [61/500] 354c37f5-3137-4cef-90e0-0abe6835c314: 142 chunks; 1.1 s; peak memory 193 MiB.
2026-10-07T02:24:21Z INFO [62/500] 35e230c1-655f-479c-b4ba-b0793770b6b9: 83 chunks; 0.8 s; peak memory 193 MiB.
2026-10-07T02:24:22Z INFO [63/500] 36437e68-707b-43a5-a253-df12330245e4: 85 chunks; 0.9 s; peak memory 193 MiB.
2026-10-07T02:24:25Z INFO [64/500] 374d45b8-24f3-4839-b3bf-4fa7807aa8a6: 283 chunks; 3.2 s; peak memory 193 MiB.
2026-10-07T02:24:26Z INFO [65/500] 383bd235-6db6-41b3-827c-5fa672d31405: 142 chunks; 1.1 s; peak memory 193 MiB.
2026-10-07T02:24:27Z INFO [66/500] 387bd1f2-15ef-4606-bc85-48dc243e01a4: 85 chunks; 1.0 s; peak memory 193 MiB.
2026-10-07T02:24:28Z INFO [67/500] 399d1d7e-c29b-4619-835c-1e0cd2ff5405: 142 chunks; 0.9 s; peak memory 193 MiB.
2026-10-07T02:24:33Z INFO [68/500] 3a1c6453-d635-4d0d-822f-8ed7ac2ad26d: 174 chunks; 4.5 s; peak memory 193 MiB.
2026-10-07T02:24:34Z INFO [69/500] 3a490063-3e26-41e4-90f8-59df0842510b: 140 chunks; 1.0 s; peak memory 193 MiB.
2026-10-07T02:24:37Z INFO [70/500] 3a552d6c-a959-4ac0-8d46-424f8606d3ae: 286 chunks; 3.1 s; peak memory 193 MiB.
2026-10-07T02:24:41Z INFO [71/500] 3a654989-7e09-45ae-b714-2326f09adda4: 168 chunks; 3.9 s; peak memory 193 MiB.
2026-10-07T02:24:42Z INFO [72/500] 3aba25df-5193-4ba5-9462-258bccf40167: 122 chunks; 0.9 s; peak memory 193 MiB.
2026-10-07T02:24:43Z INFO [73/500] 3addaa0f-e48f-45d4-8fa7-72acdea527b5: 85 chunks; 1.0 s; peak memory 193 MiB.
2026-10-07T02:24:44Z INFO [74/500] 3adfe157-05fa-45e7-b76f-48c77baa4f64: 85 chunks; 1.0 s; peak memory 193 MiB.
2026-10-07T02:24:44Z INFO [75/500] 3b00bce9-d41b-42ef-8c1d-5de8c7860af1: 142 chunks; 0.9 s; peak memory 193 MiB.
2026-10-07T02:24:45Z INFO [76/500] 3b5525f2-258d-4c3c-9c8c-6c88ea57abbe: 142 chunks; 0.9 s; peak memory 193 MiB.
2026-10-07T02:24:46Z INFO [77/500] 3bfe0d0b-60dd-4a87-9942-a933c509e531: 85 chunks; 0.9 s; peak memory 193 MiB.
2026-10-07T02:24:51Z INFO [78/500] 3cc8cdad-4737-47d3-98ed-e9d0b8d70db5: 174 chunks; 4.5 s; peak memory 193 MiB.
2026-10-07T02:24:54Z INFO [79/500] 3d159046-4422-4912-9633-6942773b2d2b: 283 chunks; 3.3 s; peak memory 193 MiB.
2026-10-07T02:24:58Z INFO [80/500] 3d31c5c8-35ff-4c65-8e03-8b7fa901ea1a: 174 chunks; 3.9 s; peak memory 193 MiB.
2026-10-07T02:24:59Z INFO [81/500] 3d479fc7-3fc2-467b-85c3-7b6b15f4ab89: 142 chunks; 1.0 s; peak memory 193 MiB.
2026-10-07T02:25:03Z INFO [82/500] 3e0b2d50-1c43-4dfd-99b5-35ddc6b0c515: 174 chunks; 3.9 s; peak memory 193 MiB.
2026-10-07T02:25:06Z INFO [83/500] 3e266a48-50b6-49ea-9b61-b9d41a02001f: 174 chunks; 3.4 s; peak memory 193 MiB.
2026-10-07T02:25:09Z INFO [84/500] 3e37c65d-104b-4bca-b015-8dfe0198add6: 287 chunks; 3.1 s; peak memory 193 MiB.
2026-10-07T02:25:12Z INFO [85/500] 3e73ad8b-6d24-4c99-86c5-9ccb328ee1d9: 241 chunks; 2.8 s; peak memory 193 MiB.
2026-10-07T02:25:17Z INFO [86/500] 3f654b12-1ee9-4c6e-ba7a-7444902b4db3: 174 chunks; 4.3 s; peak memory 193 MiB.
2026-10-07T02:25:19Z INFO [87/500] 3f6560a8-2930-4008-9395-9ac71fe1a697: 286 chunks; 2.5 s; peak memory 193 MiB.
2026-10-07T02:25:23Z INFO [88/500] 3f80cb5d-5963-4154-be81-5cac20a2a057: 174 chunks; 4.1 s; peak memory 193 MiB.
2026-10-07T02:25:26Z INFO [89/500] 40b89fdf-6989-40a8-a75a-601f6ef2e005: 283 chunks; 2.7 s; peak memory 193 MiB.
2026-10-07T02:25:29Z INFO [90/500] 40d7b58f-2592-42ed-851e-163561409ceb: 168 chunks; 3.2 s; peak memory 193 MiB.
2026-10-07T02:25:30Z INFO [91/500] 416e861c-fe03-4f68-a31c-5cf39e76506a: 142 chunks; 1.0 s; peak memory 193 MiB.
2026-10-07T02:25:31Z INFO [92/500] 422ad4d2-5f95-441e-b6e7-d28f038741df: 85 chunks; 0.9 s; peak memory 193 MiB.
2026-10-07T02:25:32Z INFO [93/500] 4299bb6a-7b67-475c-a234-69e23c3fa07f: 122 chunks; 1.0 s; peak memory 193 MiB.
2026-10-07T02:25:33Z INFO [94/500] 42ddccf2-3eb5-4201-872b-d831ad1ce6b4: 142 chunks; 1.0 s; peak memory 193 MiB.
2026-10-07T02:25:34Z INFO [95/500] 43123641-e1ad-4c75-bec1-ec5368643b4b: 83 chunks; 0.7 s; peak memory 193 MiB.
2026-10-07T02:25:37Z INFO [96/500] 4313c13e-8773-43dc-9ca9-4b5e334e1619: 168 chunks; 3.4 s; peak memory 193 MiB.
2026-10-07T02:25:38Z INFO [97/500] 43753f22-ad79-4a33-a784-387a34870e26: 83 chunks; 0.8 s; peak memory 193 MiB.
2026-10-07T02:25:39Z INFO [98/500] 43f448fd-fe3c-4fba-82ae-05953bb300e5: 142 chunks; 1.1 s; peak memory 193 MiB.
2026-10-07T02:25:40Z INFO [99/500] 4640a91b-285a-4652-941a-8d8329f89e88: 140 chunks; 0.9 s; peak memory 193 MiB.
2026-10-07T02:25:41Z INFO [100/500] 46b138a7-a333-4a45-9d08-8ce36109fd0a: 142 chunks; 1.1 s; peak memory 193 MiB.
2026-10-07T02:25:41Z INFO [100/500] 46b138a7-a333-4a45-9d08-8ce36109fd0a: checkpointed 83934 records.
2026-10-07T02:25:45Z INFO [101/500] 4732c70b-5a52-4fa5-8a4a-1105746742ce: 174 chunks; 4.2 s; peak memory 193 MiB.
2026-10-07T02:25:49Z INFO [102/500] 47cdf88c-c26d-4f41-ad72-4b496bb6df43: 174 chunks; 4.2 s; peak memory 193 MiB.
2026-10-07T02:25:53Z INFO [103/500] 47d45d89-9929-4dbe-8e4a-31984c3d14b0: 168 chunks; 3.6 s; peak memory 193 MiB.
2026-10-07T02:25:57Z INFO [104/500] 47e4e983-bc49-4565-87e0-294113041ef7: 174 chunks; 4.4 s; peak memory 193 MiB.
2026-10-07T02:25:58Z INFO [105/500] 4a69b930-1b1e-42a5-bef8-5be3005dd966: 142 chunks; 1.0 s; peak memory 193 MiB.
2026-10-07T02:26:02Z INFO [106/500] 4bbb82cb-30d7-488b-b025-fde919b931ec: 174 chunks; 4.0 s; peak memory 193 MiB.
2026-10-07T02:26:06Z INFO [107/500] 4c65c52e-5cf1-4038-8fd5-b545b1726f31: 174 chunks; 3.8 s; peak memory 193 MiB.
2026-10-07T02:26:07Z INFO [108/500] 4c9842bd-9733-480a-b5ef-f039b053b503: 72 chunks; 0.9 s; peak memory 193 MiB.
2026-10-07T02:26:23Z INFO [109/500] 4c987197-3e21-44cd-a591-d9bb4f401e07: 49480 chunks; 15.5 s; peak memory 253 MiB.
2026-10-07T02:26:23Z INFO [110/500] 4c98741b-da44-4f09-9220-3b5aa6f7e4f1: 50 chunks; 0.8 s; peak memory 253 MiB.
2026-10-07T02:26:25Z INFO [111/500] 4c98c640-c563-4af0-a714-67756ca91937: 66 chunks; 1.7 s; peak memory 253 MiB.
2026-10-07T02:26:33Z INFO [112/500] 4c992d2c-aeeb-47fd-93f8-888ce97ec806: 20583 chunks; 7.5 s; peak memory 254 MiB.
2026-10-07T02:26:34Z INFO [113/500] 4c9a833e-4d51-4e43-9b22-f197ed82032e: 48 chunks; 1.1 s; peak memory 254 MiB.
2026-10-07T02:26:35Z INFO [114/500] 4c9ae5c8-25cb-4cf5-b329-52e98afea976: 117 chunks; 1.0 s; peak memory 254 MiB.
2026-10-07T02:26:40Z INFO [115/500] 4c9b08a1-61e2-408a-b323-e8d4b4b2f97a: 7328 chunks; 4.9 s; peak memory 254 MiB.
2026-10-07T02:26:41Z INFO [116/500] 4c9bf2f6-4462-43a4-98fd-4de20fc14a13: 367 chunks; 1.7 s; peak memory 254 MiB.
2026-10-07T02:26:42Z INFO [117/500] 4c9c679e-f40f-406a-995a-4654e20abe8e: 99 chunks; 0.9 s; peak memory 254 MiB.
2026-10-07T02:26:47Z INFO [118/500] 4c9d0001-5ef1-465b-9d42-a81a6b6d23b8: 8546 chunks; 4.8 s; peak memory 254 MiB.
2026-10-07T02:26:57Z INFO [119/500] 4c9e13ab-ae33-4cce-83c5-aec9439ce906: 26035 chunks; 10.2 s; peak memory 254 MiB.
2026-10-07T02:26:58Z INFO [120/500] 4c9e244d-90c3-4c19-8ba4-b81a1592dc77: 112 chunks; 1.3 s; peak memory 254 MiB.
2026-10-07T02:27:00Z INFO [121/500] 4c9f3233-32ec-41f1-b6da-3a4e1c53222d: 112 chunks; 1.2 s; peak memory 254 MiB.
2026-10-07T02:27:01Z INFO [122/500] 4ca0662e-2fd4-4b7d-ada0-c054ed226b58: 46 chunks; 1.0 s; peak memory 254 MiB.
2026-10-07T02:27:02Z INFO [123/500] 4ca15c48-5ab3-4326-a8cc-f90c05eabdc1: 112 chunks; 1.1 s; peak memory 254 MiB.
2026-10-07T02:27:03Z INFO [124/500] 4ca1b389-3a1b-46e2-8216-8951a61095c4: 141 chunks; 1.6 s; peak memory 254 MiB.
2026-10-07T02:27:15Z INFO [125/500] 4ca2d11c-335c-48c1-a9fd-eb22e44ba71a: 2199 chunks; 11.6 s; peak memory 254 MiB.
2026-10-07T02:27:20Z INFO [126/500] 4ca4540d-8c5b-4db9-9b2f-d3319dbe1187: 10996 chunks; 4.5 s; peak memory 254 MiB.
2026-10-07T02:27:24Z INFO [127/500] 4ca456ac-42ab-42c6-a2bd-bd1c485ae5f1: 238 chunks; 4.5 s; peak memory 254 MiB.
2026-10-07T02:31:04Z INFO [128/500] 4ca4fdde-6607-4771-9eb7-22f1615affc2: 75291 chunks; 220.4 s; peak memory 470 MiB.
2026-10-07T02:31:05Z INFO [129/500] 4ca50e30-6a27-40ef-9cab-60c838c919e2: 110 chunks; 1.1 s; peak memory 470 MiB.
2026-10-07T02:31:11Z INFO [130/500] 4ca67b5a-4c05-4c53-89ee-cecfd503ade1: 675 chunks; 5.5 s; peak memory 470 MiB.
2026-10-07T02:31:13Z INFO [131/500] 4ca6b01b-422f-4567-862f-3f2f7b7f0aaa: 141 chunks; 2.5 s; peak memory 470 MiB.
2026-10-07T02:31:14Z INFO [132/500] 4ca772c5-e71f-4618-98fd-122244a5f211: 52 chunks; 0.9 s; peak memory 470 MiB.
2026-10-07T02:31:16Z INFO [133/500] 4ca77dce-eea3-4fa8-9a86-3d20a1ca0075: 51 chunks; 1.2 s; peak memory 470 MiB.
2026-10-07T02:31:16Z INFO [134/500] 4ca7a259-ca9a-4055-b0b6-d25b8ab9ecee: 52 chunks; 0.9 s; peak memory 470 MiB.
2026-10-07T02:31:17Z INFO [135/500] 4ca83335-f081-4db8-8046-5b299a6da43a: 64 chunks; 1.0 s; peak memory 470 MiB.
2026-10-07T02:31:19Z INFO [136/500] 4ca8b41a-7c3f-4ee1-8c3f-fcde9fa16659: 49 chunks; 1.2 s; peak memory 470 MiB.
2026-10-07T02:31:20Z INFO [137/500] 4ca8c666-c81c-4ad4-a6b2-2c82d69335bc: 117 chunks; 1.0 s; peak memory 470 MiB.
2026-10-07T02:31:21Z INFO [138/500] 4ca8c9b0-83c6-40aa-81a5-562a99a6f4a3: 112 chunks; 1.1 s; peak memory 470 MiB.
2026-10-07T02:31:28Z INFO [139/500] 4ca8dd3d-e1d4-404b-a0b6-9f662467c872: 402 chunks; 7.7 s; peak memory 470 MiB.
2026-10-07T02:31:29Z INFO [140/500] 4ca8f6eb-1cd2-47ba-b29f-1ab9e081df36: 52 chunks; 0.9 s; peak memory 470 MiB.
2026-10-07T02:31:30Z INFO [141/500] 4ca9a039-c5d1-4046-9b0f-8ba4ee7363da: 69 chunks; 0.7 s; peak memory 470 MiB.
2026-10-07T02:31:32Z INFO [142/500] 4ca9aa7c-ba44-4293-9a49-f8b806d2d8a9: 115 chunks; 2.2 s; peak memory 470 MiB.
2026-10-07T02:31:33Z INFO [143/500] 4caa4a9d-c271-4346-b0d4-12ee64502119: 557 chunks; 1.1 s; peak memory 470 MiB.
2026-10-07T02:31:34Z INFO [144/500] 4cabe022-a637-4246-b33a-95b7d2fecfba: 46 chunks; 0.6 s; peak memory 470 MiB.
2026-10-07T02:31:35Z INFO [145/500] 4cadc6a8-a315-4549-bc25-e1dbb246b12d: 77 chunks; 0.9 s; peak memory 470 MiB.
2026-10-07T02:31:36Z INFO [146/500] 4cae42b5-ed21-4a4f-90d8-fa8dafff0e9f: 66 chunks; 1.2 s; peak memory 470 MiB.
2026-10-07T02:31:40Z INFO [147/500] 4cae845d-ac1b-47ef-ad00-a572d4b8cb48: 334 chunks; 3.6 s; peak memory 470 MiB.
2026-10-07T02:31:45Z INFO [148/500] 4cae84e6-aee2-43cd-ac61-66b35db3acac: 5215 chunks; 5.5 s; peak memory 470 MiB.
2026-10-07T02:31:46Z INFO [149/500] 4caf201e-61d4-4b7e-93b6-ce4987893e65: 112 chunks; 1.2 s; peak memory 470 MiB.
2026-10-07T02:31:47Z INFO [150/500] 4caf4be7-2e08-4985-9215-f78483ae51ba: 71 chunks; 1.2 s; peak memory 470 MiB.
2026-10-07T02:31:48Z INFO [150/500] 4caf4be7-2e08-4985-9215-f78483ae51ba: checkpointed 83984 records.
2026-10-07T02:31:51Z INFO [151/500] 4cb0720a-8251-4a38-8a36-6b1326551c7d: 432 chunks; 3.7 s; peak memory 470 MiB.
2026-10-07T02:31:52Z INFO [152/500] 4cb11758-44ca-4cb6-8363-ac501355a74a: 45 chunks; 0.7 s; peak memory 470 MiB.
2026-10-07T02:31:53Z INFO [153/500] 4cb2196c-6404-401a-87f7-657b6e1004c4: 110 chunks; 1.3 s; peak memory 470 MiB.
2026-10-07T02:31:55Z INFO [154/500] 4cb21991-1097-4a48-b7fe-574ca97e8686: 118 chunks; 1.1 s; peak memory 470 MiB.
2026-10-07T02:31:55Z INFO [155/500] 4cb29b80-e058-4d66-8306-423426bb4549: 46 chunks; 0.5 s; peak memory 470 MiB.
2026-10-07T02:31:56Z INFO [156/500] 4cb2c893-c33c-4e5c-9894-86beb8c12abc: 110 chunks; 1.4 s; peak memory 470 MiB.
2026-10-07T02:31:57Z INFO [157/500] 4cb33700-b230-40c7-9ffc-7a2cdf3d6fa1: 48 chunks; 0.7 s; peak memory 470 MiB.
2026-10-07T02:31:58Z INFO [158/500] 4cb3ba84-b77c-460c-8551-316b9130e43a: 69 chunks; 1.2 s; peak memory 470 MiB.
2026-10-07T02:31:59Z INFO [159/500] 4cb3ff40-b04b-46c0-a3c3-7fa230ac4a2e: 117 chunks; 0.8 s; peak memory 470 MiB.
2026-10-07T02:32:00Z INFO [160/500] 4cb5c740-7b6e-4741-a25e-9b156bb72b01: 117 chunks; 1.0 s; peak memory 470 MiB.
2026-10-07T02:32:01Z INFO [161/500] 4cb62e0a-1301-4a75-998e-903f5dc9e550: 52 chunks; 0.8 s; peak memory 470 MiB.
2026-10-07T02:32:02Z INFO [162/500] 4cb7dcfa-b6b6-49bf-a40a-5b37c9dd3fc4: 77 chunks; 1.0 s; peak memory 470 MiB.
2026-10-07T02:32:03Z INFO [163/500] 4cb8ff1c-e79e-4411-80b1-1909bf853677: 117 chunks; 1.1 s; peak memory 470 MiB.
2026-10-07T02:32:05Z INFO [164/500] 4cb909fe-da66-4447-9833-8801fa8e7db2: 118 chunks; 1.9 s; peak memory 470 MiB.
2026-10-07T02:32:06Z INFO [165/500] 4cb91ca5-0bfc-4e46-9122-bbda9453e31e: 117 chunks; 0.9 s; peak memory 470 MiB.
2026-10-07T02:32:07Z INFO [166/500] 4cb934cb-c759-4f2c-ac23-5ec0a7adbe2a: 48 chunks; 0.7 s; peak memory 470 MiB.
2026-10-07T02:32:08Z INFO [167/500] 4cb934ce-aa76-486f-a9b3-a332cafe1c1d: 112 chunks; 1.0 s; peak memory 470 MiB.
2026-10-07T02:32:08Z INFO [168/500] 4cb98a3a-9ac6-4781-a255-844f2ac8359e: 48 chunks; 0.8 s; peak memory 470 MiB.
2026-10-07T02:32:28Z INFO [169/500] 4cb9e251-d8d2-4de9-83c8-dd09850bcee3: 5715 chunks; 19.2 s; peak memory 470 MiB.
2026-10-07T02:32:29Z INFO [170/500] 4cba90f3-417e-4737-b412-80dc08d2caec: 117 chunks; 1.1 s; peak memory 470 MiB.
2026-10-07T02:32:29Z INFO [171/500] 4cbaa633-9726-4820-a82a-b0c41ab23785: 33 chunks; 0.5 s; peak memory 470 MiB.
2026-10-07T02:32:30Z INFO [172/500] 4cbabfb1-ccbd-4685-9173-4b77404411ad: 117 chunks; 0.9 s; peak memory 470 MiB.
2026-10-07T02:32:31Z INFO [173/500] 4cbacbaa-2201-4655-a274-dda067d8a66d: 48 chunks; 0.8 s; peak memory 470 MiB.
2026-10-07T02:32:32Z INFO [174/500] 4cbc87e5-ce0b-4849-a564-8f4f3695fd70: 50 chunks; 0.7 s; peak memory 470 MiB.
2026-10-07T02:32:33Z INFO [175/500] 4cbcea07-b9db-4d84-b12a-9ce0227496b7: 275 chunks; 1.2 s; peak memory 470 MiB.
2026-10-07T02:32:34Z INFO [176/500] 4cbd3ae6-0da6-4625-98c6-6e8aafdcd42b: 95 chunks; 1.1 s; peak memory 470 MiB.
2026-10-07T02:32:35Z INFO [177/500] 4cbd94ec-4383-4bcc-9d73-2bf81c5dcd50: 48 chunks; 0.8 s; peak memory 470 MiB.
2026-10-07T02:32:36Z INFO [178/500] 4cbe0e97-ec32-4c11-ae76-bf93a724c50e: 66 chunks; 1.3 s; peak memory 470 MiB.
2026-10-07T02:32:37Z INFO [179/500] 4cbe1f3e-071a-48ea-b39e-a7b214326cdd: 115 chunks; 0.8 s; peak memory 470 MiB.
2026-10-07T02:32:38Z INFO [180/500] 4cbe369e-1297-4544-a874-09e95d3ae429: 68 chunks; 0.8 s; peak memory 470 MiB.
2026-10-07T02:32:40Z INFO [181/500] 4cbe8d19-a337-4432-88eb-79f151d62318: 382 chunks; 2.0 s; peak memory 470 MiB.
2026-10-07T02:32:41Z INFO [182/500] 4cbeb179-24fe-4b7d-b5ba-a283464eac80: 112 chunks; 1.2 s; peak memory 470 MiB.
2026-10-07T02:32:41Z INFO [183/500] 4cc02fda-896f-4b87-ab99-614d4322f109: 35 chunks; 0.7 s; peak memory 470 MiB.
2026-10-07T02:32:43Z INFO [184/500] 4cc0ef11-ba04-4a85-8553-d08d5ead1bbf: 47 chunks; 1.3 s; peak memory 470 MiB.
2026-10-07T02:32:44Z INFO [185/500] 4cc2fa17-3e9d-44e6-958c-58b1df975dca: 121 chunks; 0.9 s; peak memory 470 MiB.
2026-10-07T02:32:53Z INFO [186/500] 4cc33200-3215-4252-8897-00888a0481d0: 27864 chunks; 9.0 s; peak memory 470 MiB.
2026-10-07T02:32:54Z INFO [187/500] 4cc3c3db-cdeb-404a-af30-25b73ccfe9c4: 48 chunks; 0.9 s; peak memory 470 MiB.
2026-10-07T02:32:55Z INFO [188/500] 4cc41090-6a1f-4a95-98c6-1e391d1534f5: 782 chunks; 1.5 s; peak memory 470 MiB.
2026-10-07T02:32:56Z INFO [189/500] 4cc573e1-ad18-42d9-82d4-8fce352cf69c: 117 chunks; 0.9 s; peak memory 470 MiB.
2026-10-07T02:32:57Z INFO [190/500] 4cc5d1bb-82c2-42f8-9c1a-215a4c2c7252: 557 chunks; 0.8 s; peak memory 470 MiB.
2026-10-07T02:32:58Z INFO [191/500] 4cc66cfa-3394-4da3-a9fa-792e2b001e66: 71 chunks; 1.5 s; peak memory 470 MiB.
2026-10-07T02:33:00Z INFO [192/500] 4cc6c25d-9314-4905-abd2-71eaf31b1bc7: 115 chunks; 2.0 s; peak memory 470 MiB.
2026-10-07T02:33:01Z INFO [193/500] 4cc6fb79-54ee-4174-86a9-c0c985ff0800: 117 chunks; 1.0 s; peak memory 470 MiB.
2026-10-07T02:33:38Z INFO [194/500] 4cc7539b-59ad-4aec-8aae-1f490fbba8f3: 22325 chunks; 36.8 s; peak memory 470 MiB.
2026-10-07T02:33:39Z INFO [195/500] 4cc7aa77-bc45-4f0c-bee9-2a0b433caf56: 48 chunks; 0.9 s; peak memory 470 MiB.
2026-10-07T02:33:40Z INFO [196/500] 4cc832ba-c4da-4d0d-94bd-f3cbfe79fa4f: 44 chunks; 0.9 s; peak memory 470 MiB.
2026-10-07T02:33:41Z INFO [197/500] 4cc87f1e-3ea4-4dec-8f57-224d998c35e0: 116 chunks; 1.0 s; peak memory 470 MiB.
2026-10-07T02:33:42Z INFO [198/500] 4cc8e746-89d4-40d4-918e-15e0a37b86e3: 78 chunks; 1.3 s; peak memory 470 MiB.
2026-10-07T02:33:43Z INFO [199/500] 4cc915f2-d7ce-438f-88cd-565b9c5f9bd9: 45 chunks; 0.6 s; peak memory 470 MiB.
2026-10-07T02:33:44Z INFO [200/500] 4cc921c6-5f60-42ef-a1c4-7c9716ac167b: 115 chunks; 1.6 s; peak memory 470 MiB.
2026-10-07T02:33:45Z INFO [200/500] 4cc921c6-5f60-42ef-a1c4-7c9716ac167b: checkpointed 84034 records.
2026-10-07T02:33:48Z INFO [201/500] 4cc959a5-ecb7-4a6a-a98b-58623c70d038: 8216 chunks; 3.6 s; peak memory 470 MiB.
2026-10-07T02:33:49Z INFO [202/500] 4cc9a2c9-2d14-48c0-95bf-8c2b7c2abeb8: 66 chunks; 1.2 s; peak memory 470 MiB.
2026-10-07T02:33:50Z INFO [203/500] 4cc9c4c2-84dd-4e92-82b3-6f36778b502d: 48 chunks; 0.9 s; peak memory 470 MiB.
2026-10-07T02:33:51Z INFO [204/500] 4cca813d-c0b3-40af-97fd-35d73276c231: 46 chunks; 0.5 s; peak memory 470 MiB.
2026-10-07T02:33:52Z INFO [205/500] 4ccae93e-0144-4d62-bdd0-04c9fc6cd573: 48 chunks; 0.9 s; peak memory 470 MiB.
2026-10-07T02:33:53Z INFO [206/500] 4ccbac77-5ec8-4cfb-862a-0ba100d8a103: 112 chunks; 1.0 s; peak memory 470 MiB.
2026-10-07T02:33:54Z INFO [207/500] 4ccbb512-e86f-4228-ad54-2b46de3f8cc7: 48 chunks; 0.9 s; peak memory 470 MiB.
2026-10-07T02:33:55Z INFO [208/500] 4ccbd95c-e4d6-49fe-8798-eadeeaf8e280: 117 chunks; 0.9 s; peak memory 470 MiB.
2026-10-07T02:33:55Z INFO [209/500] 4ccc7150-9a4d-411c-a307-f903e5139d7c: 117 chunks; 0.7 s; peak memory 470 MiB.
2026-10-07T02:33:58Z INFO [210/500] 4ccd7f2e-fcb7-4183-9da8-f5c151b9565c: 114 chunks; 2.3 s; peak memory 470 MiB.
2026-10-07T02:33:59Z INFO [211/500] 4ccfe093-3ce3-4370-a4af-c4857cd719cb: 71 chunks; 1.9 s; peak memory 470 MiB.
2026-10-07T02:34:00Z INFO [212/500] 4ccfe821-7381-4881-b7db-b3a6ece69138: 48 chunks; 0.8 s; peak memory 470 MiB.
2026-10-07T02:34:02Z INFO [213/500] 4cd06b9f-bf98-4caa-94d3-6aa0d8a13f95: 119 chunks; 1.5 s; peak memory 470 MiB.
2026-10-07T02:34:02Z INFO [214/500] 4cd13675-828c-4025-8e27-4cf4a660c8d0: 56 chunks; 0.7 s; peak memory 470 MiB.
2026-10-07T02:34:03Z INFO [215/500] 4cd1b8d3-0651-449e-b4ae-f5bcdaea1175: 110 chunks; 1.1 s; peak memory 470 MiB.
2026-10-07T02:34:04Z INFO [216/500] 4cd2805b-3716-4735-a252-5e1f47b91188: 117 chunks; 0.9 s; peak memory 470 MiB.
2026-10-07T02:34:08Z INFO [217/500] 4cd2ec71-83a1-49f8-8835-4c969dcbd828: 356 chunks; 3.6 s; peak memory 470 MiB.
2026-10-07T02:34:09Z INFO [218/500] 4cd39f3d-457e-4ff8-a227-3496249e935b: 48 chunks; 1.0 s; peak memory 470 MiB.
2026-10-07T02:34:14Z INFO [219/500] 4cd4c01a-8554-49aa-83e0-1e21553934bf: 5770 chunks; 5.0 s; peak memory 470 MiB.
2026-10-07T02:34:15Z INFO [220/500] 4cd5c54c-b56b-445a-8fb8-f6558a2d65f0: 117 chunks; 1.0 s; peak memory 470 MiB.
2026-10-07T02:34:16Z INFO [221/500] 4cd5c6ba-8f9f-4547-832c-d8677bda56ad: 117 chunks; 1.1 s; peak memory 470 MiB.
2026-10-07T02:34:17Z INFO [222/500] 4cd6724f-63d6-4d06-91c5-c5481f808396: 48 chunks; 0.9 s; peak memory 470 MiB.
2026-10-07T02:34:18Z INFO [223/500] 4cd813a7-b6ee-4fa2-9948-ea5c69584123: 112 chunks; 1.2 s; peak memory 470 MiB.
2026-10-07T02:34:21Z INFO [224/500] 4cd8be5b-8394-4644-9984-59a214e127eb: 156 chunks; 2.4 s; peak memory 470 MiB.
2026-10-07T02:34:22Z INFO [225/500] 4cd8f7c2-2f40-4313-98b9-4735869e24da: 124 chunks; 1.8 s; peak memory 470 MiB.
2026-10-07T02:34:23Z INFO [226/500] 4cd926de-5629-426b-8617-60950d1b030c: 64 chunks; 0.8 s; peak memory 470 MiB.
2026-10-07T02:34:24Z INFO [227/500] 4cd9e714-eb2f-4d24-b31f-26e70de2732f: 110 chunks; 1.2 s; peak memory 470 MiB.
2026-10-07T02:34:25Z INFO [228/500] 4cda1648-d213-45a0-8a7f-1f7691848189: 48 chunks; 0.9 s; peak memory 470 MiB.
2026-10-07T02:34:26Z INFO [229/500] 4cda3a02-737f-46bd-a25f-cc3948200c61: 48 chunks; 0.9 s; peak memory 470 MiB.
2026-10-07T02:34:27Z INFO [230/500] 4cda573f-24e1-4872-8fcc-7860dbf5544f: 46 chunks; 0.8 s; peak memory 470 MiB.
2026-10-07T02:34:28Z INFO [231/500] 4cdae5e8-de2d-459e-b19b-574f1b465a1b: 117 chunks; 1.0 s; peak memory 470 MiB.
2026-10-07T02:34:29Z INFO [232/500] 4cdaf1c6-f0d3-48c1-9d14-797f312ecd9d: 79 chunks; 0.9 s; peak memory 470 MiB.
2026-10-07T02:34:31Z INFO [233/500] 4cdafbff-1b48-4e98-bddd-337105514ee0: 66 chunks; 1.7 s; peak memory 470 MiB.
2026-10-07T02:34:31Z INFO [234/500] 4cdb350d-df29-48bb-a7cc-fa1328fa4088: 117 chunks; 0.9 s; peak memory 470 MiB.
2026-10-07T02:34:32Z INFO [235/500] 4cdc4c2e-0f60-4df2-b921-40a594859de6: 117 chunks; 0.9 s; peak memory 470 MiB.
2026-10-07T02:34:34Z INFO [236/500] 4cdd5694-e7d4-44cd-b185-622c91828522: 115 chunks; 2.1 s; peak memory 470 MiB.
2026-10-07T02:34:38Z INFO [237/500] 4cdd6fb5-24a5-4bd6-8732-c6f27e13ce50: 1444 chunks; 3.9 s; peak memory 470 MiB.
2026-10-07T02:34:40Z INFO [238/500] 4cdecfd0-234b-47f5-8a69-38d933d99fdc: 118 chunks; 2.0 s; peak memory 470 MiB.
2026-10-07T02:34:41Z INFO [239/500] 4cdf2374-5e33-4afe-932f-6296b47ce719: 112 chunks; 1.1 s; peak memory 470 MiB.
2026-10-07T02:34:43Z INFO [240/500] 4cdf5a83-53e2-41c8-bb83-7089586e29e6: 115 chunks; 2.0 s; peak memory 470 MiB.
2026-10-07T02:34:44Z INFO [241/500] 4ce02349-bd05-43b1-b56f-ee107a67d7a5: 41 chunks; 0.7 s; peak memory 470 MiB.
2026-10-07T02:34:47Z INFO [242/500] 4ce060fb-9138-469e-a083-8a25fc849fba: 114 chunks; 2.4 s; peak memory 470 MiB.
2026-10-07T02:34:48Z INFO [243/500] 4ce06d2c-094f-40cf-a775-6a4b97056554: 118 chunks; 1.0 s; peak memory 470 MiB.
2026-10-07T02:34:49Z INFO [244/500] 4ce0ae87-1c46-4240-abf6-b3a5a3513d98: 119 chunks; 1.7 s; peak memory 470 MiB.
2026-10-07T02:35:06Z INFO [245/500] 4ce15471-ea53-4b40-99c9-d2c2181d08ce: 2076 chunks; 16.4 s; peak memory 470 MiB.
2026-10-07T02:35:10Z INFO [246/500] 4ce23189-173e-410d-b766-d91f8f14561b: 676 chunks; 4.1 s; peak memory 470 MiB.
2026-10-07T02:35:12Z INFO [247/500] 4ce237de-b0f0-4dc5-aa9d-399dca5b7142: 637 chunks; 2.4 s; peak memory 470 MiB.
2026-10-07T02:35:13Z INFO [248/500] 4ce284bb-bc0d-4f22-9170-e5ee81445de5: 42 chunks; 0.8 s; peak memory 470 MiB.
2026-10-07T02:35:14Z INFO [249/500] 4ce2b551-c71b-46b8-a367-d9d2f32ec043: 110 chunks; 1.0 s; peak memory 470 MiB.
2026-10-07T02:35:15Z INFO [250/500] 4ce3b9ea-05d4-47aa-a801-37ef166e1a91: 77 chunks; 0.9 s; peak memory 470 MiB.
2026-10-07T02:35:15Z INFO [250/500] 4ce3b9ea-05d4-47aa-a801-37ef166e1a91: checkpointed 84084 records.
2026-10-07T02:35:17Z INFO [251/500] 4ce4e306-1c06-44e9-b49c-54c426e6cf64: 71 chunks; 1.7 s; peak memory 470 MiB.
2026-10-07T02:35:17Z INFO [252/500] 4ce518d2-dc49-456f-b76f-9bdf83419feb: 48 chunks; 0.8 s; peak memory 470 MiB.
2026-10-07T02:35:18Z INFO [253/500] 4ce52687-5b16-4a9f-90d2-2a61feeb52b9: 48 chunks; 0.9 s; peak memory 470 MiB.
2026-10-07T02:35:25Z INFO [254/500] 4ce5e704-edf6-46e5-9893-c7eb191b196a: 18298 chunks; 6.5 s; peak memory 470 MiB.
2026-10-07T02:35:38Z INFO [255/500] 4ce61aa6-f722-4568-9f4b-e1cd554a33db: 10243 chunks; 13.3 s; peak memory 470 MiB.
2026-10-07T02:35:39Z INFO [256/500] 4ce6dd71-b1a8-48a3-b4b6-0fa14e8a570b: 48 chunks; 0.9 s; peak memory 470 MiB.
2026-10-07T02:35:52Z INFO [257/500] 4ce79644-120a-4678-bea1-a0e03b6f0b4e: 7484 chunks; 13.2 s; peak memory 470 MiB.
2026-10-07T02:35:53Z INFO [258/500] 4ce7d708-48e0-4bb1-a63c-acf88fe5a8bb: 118 chunks; 1.0 s; peak memory 470 MiB.
2026-10-07T03:11:02Z INFO [259/500] 4ce82833-0a78-47a7-b4d4-3720d7c11746: 356168 chunks; 2108.8 s; peak memory 1174 MiB.
2026-10-07T03:11:04Z INFO [260/500] 4ce92712-d74e-4e39-b967-49da151a97c4: 105 chunks; 1.4 s; peak memory 1174 MiB.
2026-10-07T03:11:05Z INFO [261/500] 4ce954d3-5b32-495e-855d-d042dd5482b1: 49 chunks; 1.4 s; peak memory 1174 MiB.
2026-10-07T03:11:09Z INFO [262/500] 4cea2431-6abc-4100-89be-12209793f49b: 4960 chunks; 4.5 s; peak memory 1174 MiB.
2026-10-07T03:11:11Z INFO [263/500] 4cead413-2dff-4f84-afd1-e87244835979: 112 chunks; 1.1 s; peak memory 1174 MiB.
2026-10-07T03:11:14Z INFO [264/500] 4cec3302-f3ea-4353-ac76-631a513f6cd0: 8869 chunks; 3.9 s; peak memory 1174 MiB.
2026-10-07T03:11:16Z INFO [265/500] 4cec4087-8c6e-4223-bbb6-d69a8a4b58da: 74 chunks; 1.2 s; peak memory 1174 MiB.
2026-10-07T03:11:17Z INFO [266/500] 4cecc360-3c27-46c3-b46f-c49ad252b7d0: 116 chunks; 0.9 s; peak memory 1174 MiB.
2026-10-07T03:11:17Z INFO [267/500] 4ced66c4-8767-4d53-909b-57a660352e58: 37 chunks; 0.6 s; peak memory 1174 MiB.
2026-10-07T03:11:18Z INFO [268/500] 4ced73b6-cbfa-4dfb-99d0-27a81e8d3330: 41 chunks; 0.7 s; peak memory 1174 MiB.
2026-10-07T03:11:20Z INFO [269/500] 4cedb5d9-52be-453e-9a9a-e7b6e89c5d83: 101 chunks; 2.2 s; peak memory 1174 MiB.
2026-10-07T03:11:21Z INFO [270/500] 4cedff44-6c00-4617-a2db-d175b978b0cb: 59 chunks; 1.0 s; peak memory 1174 MiB.
2026-10-07T03:11:27Z INFO [271/500] 4cee1b78-c64a-4951-92c7-c6d22693b17d: 957 chunks; 6.0 s; peak memory 1174 MiB.
2026-10-07T03:11:29Z INFO [272/500] 4cf00abe-c181-4014-9706-100a49bbd406: 126 chunks; 1.6 s; peak memory 1174 MiB.
2026-10-07T03:11:36Z INFO [273/500] 4cf1331d-db0a-4322-a71a-5b6e7cf948b2: 391 chunks; 6.9 s; peak memory 1174 MiB.
2026-10-07T03:11:36Z INFO [274/500] 4cf33942-62e5-4807-b017-bdfa51eb3d10: 37 chunks; 0.8 s; peak memory 1174 MiB.
2026-10-07T03:17:35Z INFO [275/500] 4cf36e22-4a73-4dd8-9f36-ae5caf2f62e3: 66733 chunks; 359.1 s; peak memory 1174 MiB.
2026-10-07T03:17:38Z INFO [276/500] 4cf3a671-c045-4dd0-aa94-fd4238c9b2e6: 115 chunks; 2.2 s; peak memory 1174 MiB.
2026-10-07T03:17:38Z INFO [277/500] 4cf3c534-e99f-4ce4-a2e8-0ada6af88dda: 48 chunks; 0.8 s; peak memory 1174 MiB.
2026-10-07T03:17:39Z INFO [278/500] 4cf53c45-af16-4a84-8c9a-b62d9a1d6f6e: 48 chunks; 0.9 s; peak memory 1174 MiB.
2026-10-07T03:17:41Z INFO [279/500] 4cf56cc8-3957-4114-b178-91a2d298a768: 112 chunks; 1.3 s; peak memory 1174 MiB.
2026-10-07T03:17:41Z INFO [280/500] 4cf6583c-1964-4226-9982-0c522425dab7: 117 chunks; 0.8 s; peak memory 1174 MiB.
2026-10-07T03:17:43Z INFO [281/500] 4cf6bdc1-5399-4e69-bf35-f4cf83c89ba5: 71 chunks; 1.8 s; peak memory 1174 MiB.
2026-10-07T03:17:45Z INFO [282/500] 4cf6d762-662d-480b-aa4a-dfc84b10fab9: 71 chunks; 1.9 s; peak memory 1174 MiB.
2026-10-07T03:17:46Z INFO [283/500] 4cf7df6a-d941-4e33-86d2-8214cc569122: 112 chunks; 1.0 s; peak memory 1174 MiB.
2026-10-07T03:17:47Z INFO [284/500] 4cf85451-53f3-4b84-8c81-6267b6bcac39: 112 chunks; 1.0 s; peak memory 1174 MiB.
2026-10-07T03:17:48Z INFO [285/500] 4cf8e4de-184c-4b90-b2ab-7ae1272f7b13: 37 chunks; 0.6 s; peak memory 1174 MiB.
2026-10-07T03:17:50Z INFO [286/500] 4cfa25c9-cec9-475c-af3f-692a83450391: 133 chunks; 2.7 s; peak memory 1174 MiB.
2026-10-07T03:17:52Z INFO [287/500] 4cfa5600-acac-4494-a9e4-4d5d53c502f3: 140 chunks; 1.7 s; peak memory 1174 MiB.
2026-10-07T03:17:53Z INFO [288/500] 4cfb547f-ca3e-4978-a573-77493f32b7fa: 112 chunks; 1.2 s; peak memory 1174 MiB.
2026-10-07T03:18:00Z INFO [289/500] 4cfb9f72-be95-422d-9d96-02c9d6f48103: 336 chunks; 7.0 s; peak memory 1174 MiB.
2026-10-07T03:18:01Z INFO [290/500] 4cfbfc41-5d5a-403c-a2cf-17600c7a7a3a: 48 chunks; 0.9 s; peak memory 1174 MiB.
2026-10-07T03:18:06Z INFO [291/500] 4cfc14d8-dab9-4721-afde-31ba84646e98: 240 chunks; 4.4 s; peak memory 1174 MiB.
2026-10-07T03:18:06Z INFO [292/500] 4cfc2ca9-0aa6-486e-9bbc-25ad3419eed1: 48 chunks; 0.8 s; peak memory 1174 MiB.
2026-10-07T03:18:07Z INFO [293/500] 4cfc6c99-f009-4732-ac78-b4c4158a39eb: 46 chunks; 0.6 s; peak memory 1174 MiB.
2026-10-07T03:18:08Z INFO [294/500] 4cfd8560-6bc4-467a-acb2-edab6072b217: 65 chunks; 0.9 s; peak memory 1174 MiB.
2026-10-07T03:18:09Z INFO [295/500] 4cfe192a-a3dc-417d-b825-44c59c5863cc: 48 chunks; 0.8 s; peak memory 1174 MiB.
2026-10-07T03:18:10Z INFO [296/500] 4cfe1a3c-e681-45c2-ab45-d23868fa2547: 48 chunks; 0.8 s; peak memory 1174 MiB.
2026-10-07T03:18:10Z INFO [297/500] 4cfe288a-206a-4128-932b-6fecfb4273e7: 57 chunks; 0.5 s; peak memory 1174 MiB.
2026-10-07T03:18:11Z INFO [298/500] 4cfe3250-9e5c-45e0-a489-5d6b89f746b1: 46 chunks; 0.5 s; peak memory 1174 MiB.
2026-10-07T03:18:12Z INFO [299/500] 4cff70aa-5df4-4c3d-9d4d-016636fde235: 64 chunks; 0.9 s; peak memory 1174 MiB.
2026-10-07T03:18:13Z INFO [300/500] 4cffc380-5f31-4f5a-9969-252fe2aa68c1: 490 chunks; 1.5 s; peak memory 1174 MiB.
2026-10-07T03:18:13Z INFO [300/500] 4cffc380-5f31-4f5a-9969-252fe2aa68c1: checkpointed 84134 records.
2026-10-07T03:18:52Z INFO [301/500] 4d002723-b140-4841-9381-fa4f57b27cc4: 23093 chunks; 38.5 s; peak memory 1174 MiB.
2026-10-07T03:18:53Z INFO [302/500] 4d006220-7c11-4fc2-bef3-171d2fe081ec: 112 chunks; 1.2 s; peak memory 1174 MiB.
2026-10-07T03:18:54Z INFO [303/500] 4d014c86-836d-4ac2-b061-25b453950132: 117 chunks; 0.9 s; peak memory 1174 MiB.
2026-10-07T03:18:55Z INFO [304/500] 4d0297c7-93a6-4458-9497-d6de860b4237: 48 chunks; 0.8 s; peak memory 1174 MiB.
2026-10-07T03:18:56Z INFO [305/500] 4d031b41-741a-436f-8b67-40df8ed8cb47: 112 chunks; 1.6 s; peak memory 1174 MiB.
2026-10-07T03:19:20Z INFO [306/500] 4d039751-10cb-4c86-b7cd-6ca0941be61e: 6577 chunks; 23.8 s; peak memory 1174 MiB.
2026-10-07T03:19:21Z INFO [307/500] 4d03ab62-d064-4340-a094-bb01b647606a: 112 chunks; 1.0 s; peak memory 1174 MiB.
2026-10-07T03:19:30Z INFO [308/500] 4d03ee5b-10f2-41b0-bf8e-94cc3db99dac: 5296 chunks; 8.7 s; peak memory 1174 MiB.
2026-10-07T03:19:34Z INFO [309/500] 4d0538d7-b842-4757-8dd6-427e1bce0fd1: 676 chunks; 4.3 s; peak memory 1174 MiB.
2026-10-07T03:19:35Z INFO [310/500] 4d059b44-32ae-41b3-8eb2-346daaf814cf: 63 chunks; 0.7 s; peak memory 1174 MiB.
2026-10-07T03:19:36Z INFO [311/500] 4d05a70d-e1ad-499a-b227-d3fc702707ea: 75 chunks; 1.2 s; peak memory 1174 MiB.
2026-10-07T03:19:37Z INFO [312/500] 4d067431-74ee-46c1-8be2-1f0459ae3b6d: 69 chunks; 0.9 s; peak memory 1174 MiB.
2026-10-07T03:19:38Z INFO [313/500] 4d07c7fb-2ffc-4797-a2ae-49553389c719: 66 chunks; 1.1 s; peak memory 1174 MiB.
2026-10-07T03:19:39Z INFO [314/500] 4d07fa80-d684-4a50-a5a0-a1ce7051ccde: 61 chunks; 1.1 s; peak memory 1174 MiB.
2026-10-07T03:19:41Z INFO [315/500] 4d081b8f-8e31-4d56-ac45-3ff076661297: 112 chunks; 1.3 s; peak memory 1174 MiB.
2026-10-07T03:19:41Z INFO [316/500] 4d0879d9-f5be-4afb-b55d-06477f296caf: 48 chunks; 0.8 s; peak memory 1174 MiB.
2026-10-07T03:19:42Z INFO [317/500] 4d09904b-0477-48a5-aed5-900d18267139: 46 chunks; 0.6 s; peak memory 1174 MiB.
2026-10-07T03:19:43Z INFO [318/500] 4d0a1089-4f57-4883-84f1-77052c2ea408: 153 chunks; 1.0 s; peak memory 1174 MiB.
2026-10-07T03:19:44Z INFO [319/500] 4d0ae7b3-fa60-4f6d-803b-062d5ae34021: 48 chunks; 0.8 s; peak memory 1174 MiB.
2026-10-07T03:19:56Z INFO [320/500] 4d0b89e9-94a2-4dc1-95f2-5de55378e079: 19736 chunks; 12.3 s; peak memory 1174 MiB.
2026-10-07T03:19:58Z INFO [321/500] 4d0c15cb-b469-44ba-952c-573023889971: 528 chunks; 1.7 s; peak memory 1174 MiB.
2026-10-07T03:19:59Z INFO [322/500] 4d0c40f5-3356-428e-b563-d151f4aff543: 69 chunks; 1.2 s; peak memory 1174 MiB.
2026-10-07T03:20:02Z INFO [323/500] 4d0d6e67-7566-499a-8438-238a28f10972: 245 chunks; 3.1 s; peak memory 1174 MiB.
2026-10-07T03:20:47Z INFO [324/500] 4d0e38cb-cdac-40ef-8004-062aa8dafd96: 24938 chunks; 44.5 s; peak memory 1174 MiB.
2026-10-07T03:20:48Z INFO [325/500] 4d0e7bda-dafd-48e2-8963-683cc2706cca: 62 chunks; 1.6 s; peak memory 1174 MiB.
2026-10-07T03:20:49Z INFO [326/500] 4d0ea095-18d6-4f66-b7cd-63287a87c573: 289 chunks; 1.0 s; peak memory 1174 MiB.
2026-10-07T03:20:50Z INFO [327/500] 4d0eab2e-48ac-4bf4-a972-a2b665954818: 142 chunks; 0.9 s; peak memory 1174 MiB.
2026-10-07T03:20:52Z INFO [328/500] 4d0edc04-791a-4d21-b878-3f2a5e2349ef: 71 chunks; 1.8 s; peak memory 1174 MiB.
2026-10-07T03:20:53Z INFO [329/500] 4d0f7b5c-6515-40da-b7f8-5e24abff0482: 117 chunks; 0.9 s; peak memory 1174 MiB.
2026-10-07T03:20:53Z INFO [330/500] 4d0f8b1b-88fe-48b7-baac-7b11646625da: 69 chunks; 0.7 s; peak memory 1174 MiB.
2026-10-07T03:20:54Z INFO [331/500] 4d0fc9d9-992f-4b51-97e9-dddbe83d4b64: 112 chunks; 0.9 s; peak memory 1174 MiB.
2026-10-07T03:20:55Z INFO [332/500] 4d0ffaec-c260-4b70-af1b-4d6fbd278ee0: 52 chunks; 0.9 s; peak memory 1174 MiB.
2026-10-07T03:20:56Z INFO [333/500] 4d107b01-f34e-486f-89a9-e9a886c4fd1c: 118 chunks; 1.1 s; peak memory 1174 MiB.
2026-10-07T03:21:19Z INFO [334/500] 4d1082f9-e6f3-41b2-93c1-0147a9fdb992: 6140 chunks; 22.7 s; peak memory 1174 MiB.
2026-10-07T03:21:20Z INFO [335/500] 4d10d586-3a09-4a33-a8c0-d26ce408febc: 48 chunks; 0.9 s; peak memory 1174 MiB.
2026-10-07T03:21:21Z INFO [336/500] 4d11676f-d4c5-4181-98dd-2b27e3606eb3: 48 chunks; 0.8 s; peak memory 1174 MiB.
2026-10-07T03:21:22Z INFO [337/500] 4d119947-f720-46d7-b763-af1bb0d1a028: 48 chunks; 1.0 s; peak memory 1174 MiB.
2026-10-07T03:21:23Z INFO [338/500] 4d12382c-a11e-48b7-bfa9-49f964fdf3b0: 52 chunks; 0.8 s; peak memory 1174 MiB.
2026-10-07T03:21:23Z INFO [339/500] 4d12c8fc-a791-45e9-bab2-c38cb5a4ba32: 45 chunks; 0.6 s; peak memory 1174 MiB.
2026-10-07T03:21:25Z INFO [340/500] 4d14c695-fac8-467e-82db-10b7140e668c: 156 chunks; 2.4 s; peak memory 1174 MiB.
2026-10-07T03:21:26Z INFO [341/500] 4d151ecb-2aed-4f99-95d6-6358b1cec979: 118 chunks; 0.9 s; peak memory 1174 MiB.
2026-10-07T03:21:27Z INFO [342/500] 4d1573a5-e1ff-4b0b-9770-f9c13e5c933f: 48 chunks; 1.0 s; peak memory 1174 MiB.
2026-10-07T03:21:28Z INFO [343/500] 4d158ba8-0d2d-4015-ae49-69fea3784407: 47 chunks; 0.7 s; peak memory 1174 MiB.
2026-10-07T03:21:29Z INFO [344/500] 4d15a4b9-5230-4765-90ff-1918f8dc5866: 112 chunks; 1.1 s; peak memory 1174 MiB.
2026-10-07T03:21:30Z INFO [345/500] 4d15c84a-d2c7-4c8b-9fe5-c407de5acb80: 117 chunks; 1.1 s; peak memory 1174 MiB.
2026-10-07T03:21:31Z INFO [346/500] 4d165679-4f33-43b5-bb90-266357b51439: 110 chunks; 1.1 s; peak memory 1174 MiB.
2026-10-07T03:21:33Z INFO [347/500] 4d166298-8851-4f10-9e79-eff4e12ad40d: 71 chunks; 1.3 s; peak memory 1174 MiB.
2026-10-07T03:21:34Z INFO [348/500] 4d16fd42-8b9e-409b-8bd6-f7dbbcac1a8b: 48 chunks; 1.0 s; peak memory 1174 MiB.
2026-10-07T03:21:35Z INFO [349/500] 4d171326-8fc2-4224-94eb-06cf727383b2: 42 chunks; 1.2 s; peak memory 1174 MiB.
2026-10-07T03:21:36Z INFO [350/500] 4d17c3f8-e048-4522-b570-0e9497efdaf5: 118 chunks; 1.1 s; peak memory 1174 MiB.
2026-10-07T03:21:36Z INFO [350/500] 4d17c3f8-e048-4522-b570-0e9497efdaf5: checkpointed 84184 records.
2026-10-07T03:21:38Z INFO [351/500] 4d189cb6-5988-49bd-83fd-9f3e2ea3e275: 66 chunks; 1.2 s; peak memory 1174 MiB.
2026-10-07T03:21:39Z INFO [352/500] 4d18f06b-9450-4b66-ae1f-1d88e1997086: 115 chunks; 1.8 s; peak memory 1174 MiB.
2026-10-07T03:21:41Z INFO [353/500] 4d191471-0427-46e9-b978-9a2e3bf42afc: 71 chunks; 1.2 s; peak memory 1174 MiB.
2026-10-07T03:21:41Z INFO [354/500] 4d19263d-0634-4e4c-85ae-1b3a0a4ef6da: 46 chunks; 0.6 s; peak memory 1174 MiB.
2026-10-07T03:21:48Z INFO [355/500] 4d199fbc-a198-43a7-b676-3c11b539df92: 339 chunks; 6.6 s; peak memory 1174 MiB.
2026-10-07T03:21:49Z INFO [356/500] 4d19c0f5-cf09-486e-9f7a-e806b22f498e: 112 chunks; 1.1 s; peak memory 1174 MiB.
2026-10-07T03:21:50Z INFO [357/500] 4d1a31fe-d548-4c15-8a2d-255ded2d0d6d: 174 chunks; 1.2 s; peak memory 1174 MiB.
2026-10-07T03:21:53Z INFO [358/500] 4d1ae59f-4ff9-4868-8737-fe5f9f4a2c0a: 112 chunks; 2.6 s; peak memory 1174 MiB.
2026-10-07T03:21:54Z INFO [359/500] 4d1afccd-32f2-4f23-bce5-c342660780c6: 52 chunks; 0.9 s; peak memory 1174 MiB.
2026-10-07T03:21:55Z INFO [360/500] 4d1b092f-101b-4b76-a92e-63c0889d059f: 112 chunks; 1.2 s; peak memory 1174 MiB.
2026-10-07T03:23:57Z INFO [361/500] 4d1b9d2b-5a94-4294-86de-fe0a7bf7d35a: 38264 chunks; 122.0 s; peak memory 1174 MiB.
2026-10-07T03:23:58Z INFO [362/500] 4d1c675f-8532-40cc-a064-23e6add2dfa1: 112 chunks; 1.2 s; peak memory 1174 MiB.
2026-10-07T03:24:00Z INFO [363/500] 4d1c9848-6cd9-4020-8cfc-57c4b54443e2: 90 chunks; 2.3 s; peak memory 1174 MiB.
2026-10-07T03:24:45Z INFO [364/500] 4d1d2b92-95a7-4379-9def-db199d7bc2a8: 14610 chunks; 44.2 s; peak memory 1174 MiB.
2026-10-07T03:24:46Z INFO [365/500] 4d1d6d83-86b2-41fd-ba91-5476a31a51a9: 374 chunks; 1.5 s; peak memory 1174 MiB.
2026-10-07T03:24:47Z INFO [366/500] 4d1d6eef-a8f4-444e-b791-db6be3841a22: 47 chunks; 1.2 s; peak memory 1174 MiB.
2026-10-07T03:24:48Z INFO [367/500] 4d1dbd52-4df1-433f-9b15-0693503170e5: 46 chunks; 0.5 s; peak memory 1174 MiB.
2026-10-07T03:24:49Z INFO [368/500] 4d1e059e-bdd9-417d-8d09-40973c15636f: 125 chunks; 1.4 s; peak memory 1174 MiB.
2026-10-07T03:24:50Z INFO [369/500] 4d1f411c-9c4e-4b37-9650-6f508aa546c9: 66 chunks; 1.0 s; peak memory 1174 MiB.
2026-10-07T03:24:51Z INFO [370/500] 4d1fd5d4-32c3-42dd-8cae-7cb72d52ffa1: 247 chunks; 1.2 s; peak memory 1174 MiB.
2026-10-07T03:24:52Z INFO [371/500] 4d2001a9-3724-49af-a21f-37c445154440: 48 chunks; 1.0 s; peak memory 1174 MiB.
2026-10-07T03:24:53Z INFO [372/500] 4d205012-839d-4837-9a30-dd613467b9dd: 48 chunks; 0.9 s; peak memory 1174 MiB.
2026-10-07T03:24:54Z INFO [373/500] 4d2190b2-9988-4083-a5bc-b6ebac74454b: 117 chunks; 1.1 s; peak memory 1174 MiB.
2026-10-07T03:24:56Z INFO [374/500] 4d219cef-63f9-49f2-b212-646dca2e32cf: 66 chunks; 1.4 s; peak memory 1174 MiB.
2026-10-07T03:24:57Z INFO [375/500] 4d21fbd7-8713-473a-96e2-3959865922dc: 112 chunks; 1.0 s; peak memory 1174 MiB.
2026-10-07T03:25:21Z INFO [376/500] 4d22c685-4511-49ac-b828-8562b4a72d36: 6577 chunks; 24.2 s; peak memory 1174 MiB.
2026-10-07T03:25:22Z INFO [377/500] 4d22d0d1-cfd8-4533-8f58-a22e70903ba4: 116 chunks; 1.0 s; peak memory 1174 MiB.
2026-10-07T03:25:23Z INFO [378/500] 4d232dab-0d1f-42f6-9c13-c9947ddf1e44: 69 chunks; 1.3 s; peak memory 1174 MiB.
2026-10-07T03:25:24Z INFO [379/500] 4d271cfa-2b89-47ad-b3a6-aad6a378a413: 48 chunks; 0.8 s; peak memory 1174 MiB.
2026-10-07T03:25:28Z INFO [380/500] 4d27ff25-d7ec-45a2-9014-97a57260c463: 17422 chunks; 4.1 s; peak memory 1174 MiB.
2026-10-07T03:25:35Z INFO [381/500] 4d2875ba-d83b-44d5-9036-74f42e19e8a0: 1944 chunks; 7.1 s; peak memory 1174 MiB.
2026-10-07T03:25:36Z INFO [382/500] 4d28827a-25cf-4479-90e5-6c15393040ea: 45 chunks; 0.8 s; peak memory 1174 MiB.
2026-10-07T03:25:37Z INFO [383/500] 4d2976f1-82bc-459c-ab40-ab9b18c75d9f: 69 chunks; 1.4 s; peak memory 1174 MiB.
2026-10-07T03:25:39Z INFO [384/500] 4d29f8c6-9cc7-4eba-afd4-df9ffc921a8b: 112 chunks; 1.1 s; peak memory 1174 MiB.
2026-10-07T03:25:39Z INFO [385/500] 4d2a7e4a-6dce-414e-97bb-85d85c47d6d7: 52 chunks; 0.8 s; peak memory 1174 MiB.
2026-10-07T03:30:05Z INFO [386/500] 4d2ad519-7081-444e-97ab-6a556cb63385: 91833 chunks; 265.6 s; peak memory 1174 MiB.
2026-10-07T03:30:06Z INFO [387/500] 4d2b05e0-62cc-493f-b951-43c7530f53e4: 63 chunks; 1.0 s; peak memory 1174 MiB.
2026-10-07T03:30:07Z INFO [388/500] 4d2b6eec-68c9-415c-b2ea-e89a8c0fe172: 48 chunks; 1.1 s; peak memory 1174 MiB.
2026-10-07T03:30:12Z INFO [389/500] 4d2b778f-4b68-467c-b1cb-87e7f0cdeef5: 1216 chunks; 4.7 s; peak memory 1174 MiB.
2026-10-07T03:30:18Z INFO [390/500] 4d2b8b68-7d87-4308-84e3-ca08dbd87d09: 5622 chunks; 6.7 s; peak memory 1174 MiB.
2026-10-07T03:30:19Z INFO [391/500] 4d2bd499-16c2-4c7f-af49-2d23e8da1d2a: 46 chunks; 0.7 s; peak memory 1174 MiB.
2026-10-07T03:30:20Z INFO [392/500] 4d2c6960-e6d3-4c1f-a1b7-8e636b30aa06: 112 chunks; 1.2 s; peak memory 1174 MiB.
2026-10-07T03:30:30Z INFO [393/500] 4d2e81c5-6ebe-416e-b328-749f6c76d35b: 14448 chunks; 9.3 s; peak memory 1174 MiB.
2026-10-07T03:30:31Z INFO [394/500] 4d2f5680-2d99-4afe-acba-699edc96e038: 46 chunks; 0.9 s; peak memory 1174 MiB.
2026-10-07T03:30:31Z INFO [395/500] 4d2f6c50-b096-4775-91a6-af0976e3e611: 69 chunks; 0.9 s; peak memory 1174 MiB.
2026-10-07T03:30:33Z INFO [396/500] 4d30480a-63ab-4cfd-b8e6-6b1b5fbe4625: 112 chunks; 1.0 s; peak memory 1174 MiB.
2026-10-07T03:31:19Z INFO [397/500] 4d345f35-2bf4-45bd-b9da-c372ca072d1f: 23858 chunks; 46.9 s; peak memory 1174 MiB.
2026-10-07T03:31:57Z INFO [398/500] 4d34895d-7773-458e-9037-e21a83ae24b3: 25794 chunks; 37.3 s; peak memory 1174 MiB.
2026-10-07T03:31:59Z INFO [399/500] 4d34a690-2b46-405b-96bf-b981094b2c68: 115 chunks; 2.3 s; peak memory 1174 MiB.
2026-10-07T03:32:00Z INFO [400/500] 4d354ccc-34ae-4f37-8bfc-22256edb5562: 117 chunks; 0.8 s; peak memory 1174 MiB.
2026-10-07T03:32:00Z INFO [400/500] 4d354ccc-34ae-4f37-8bfc-22256edb5562: checkpointed 84234 records.
2026-10-07T03:32:01Z INFO [401/500] 4d36a43e-bc83-4f6b-a149-8ae0c82545f6: 170 chunks; 0.9 s; peak memory 1174 MiB.
2026-10-07T03:32:05Z INFO [402/500] 4d37cb32-504d-4e04-9337-cb8a83d3a3cf: 8251 chunks; 4.0 s; peak memory 1174 MiB.
2026-10-07T03:32:06Z INFO [403/500] 4d383933-bfd4-49fd-91a4-e79433bb6844: 52 chunks; 1.0 s; peak memory 1174 MiB.
2026-10-07T03:32:07Z INFO [404/500] 4d383b02-a80c-4226-a47b-5e6622c479f8: 66 chunks; 1.4 s; peak memory 1174 MiB.
2026-10-07T03:32:09Z INFO [405/500] 4d39b2bc-6399-464a-91a2-b3bac0b96f6a: 124 chunks; 1.6 s; peak memory 1174 MiB.
2026-10-07T03:32:13Z INFO [406/500] 4d3a33d1-9e53-445a-afc9-40986be3bdb5: 580 chunks; 4.2 s; peak memory 1174 MiB.
2026-10-07T03:32:22Z INFO [407/500] 4d3affff-0626-4cad-9e0b-a1c675c4950a: 4223 chunks; 8.6 s; peak memory 1174 MiB.
2026-10-07T03:32:29Z INFO [408/500] 4d3b9d33-3525-4845-8365-763a15437b8f: 336 chunks; 7.2 s; peak memory 1174 MiB.
2026-10-07T03:32:30Z INFO [409/500] 4d3bc356-0f11-46cf-9154-9ee901571eb6: 112 chunks; 1.4 s; peak memory 1174 MiB.
2026-10-07T03:32:31Z INFO [410/500] 4d3c1f6f-b582-4e32-be51-a05fc6e92b33: 72 chunks; 0.9 s; peak memory 1174 MiB.
2026-10-07T03:32:33Z INFO [411/500] 4d3c2072-cd30-4ccc-96ab-af6781d53f93: 110 chunks; 1.3 s; peak memory 1174 MiB.
2026-10-07T03:32:34Z INFO [412/500] 4d3c6f08-e453-4beb-a667-b106065fa3a6: 110 chunks; 1.2 s; peak memory 1174 MiB.
2026-10-07T03:32:37Z INFO [413/500] 4d3c781d-3311-4752-846c-f2957ac8f17e: 184 chunks; 3.1 s; peak memory 1174 MiB.
2026-10-07T03:32:38Z INFO [414/500] 4d3c7cb9-9d20-4824-ae27-6b8f2846738a: 51 chunks; 1.1 s; peak memory 1174 MiB.
2026-10-07T03:32:39Z INFO [415/500] 4d3d7d81-f471-4176-ae77-3f15d805a582: 48 chunks; 1.0 s; peak memory 1174 MiB.
2026-10-07T03:32:40Z INFO [416/500] 4d3e0b45-6fec-4d3f-aa32-f35f0e43c71e: 48 chunks; 0.9 s; peak memory 1174 MiB.
2026-10-07T03:32:41Z INFO [417/500] 4d3f476f-92c3-4782-b7c7-d4eca0e1cbef: 112 chunks; 1.2 s; peak memory 1174 MiB.
2026-10-07T03:32:49Z INFO [418/500] 4d3f6b9b-9e34-4b68-8c43-df3d968f41fc: 35602 chunks; 7.9 s; peak memory 1174 MiB.
2026-10-07T03:32:50Z INFO [419/500] 4d3f71bf-9506-4880-bf28-911bb713c473: 48 chunks; 1.0 s; peak memory 1174 MiB.
2026-10-07T03:33:10Z INFO [420/500] 4d3f9b03-8284-4cc6-8582-f8b4414da455: 17498 chunks; 19.9 s; peak memory 1174 MiB.
2026-10-07T03:33:12Z INFO [421/500] 4d3ffc21-5db6-40d3-8dd9-324cb9d97203: 96 chunks; 2.5 s; peak memory 1174 MiB.
2026-10-07T03:33:15Z INFO [422/500] 4d405572-ce48-4cbc-b828-df1a85a59e8b: 115 chunks; 2.4 s; peak memory 1174 MiB.
2026-10-07T03:33:16Z INFO [423/500] 4d406a2d-d0a2-49af-8c06-c8a222161c15: 69 chunks; 0.9 s; peak memory 1174 MiB.
2026-10-07T03:33:26Z INFO [424/500] 4d409cc3-62cc-49ad-a5e0-6982c9663242: 20450 chunks; 10.6 s; peak memory 1174 MiB.
2026-10-07T03:33:28Z INFO [425/500] 4d40bb59-b7f6-4dd7-8191-9ca53d76b5f3: 146 chunks; 1.7 s; peak memory 1174 MiB.
2026-10-07T03:33:29Z INFO [426/500] 4d41080b-96cc-4d88-87d2-acd46beb5d69: 66 chunks; 1.2 s; peak memory 1174 MiB.
2026-10-07T03:33:37Z INFO [427/500] 4d420e8d-4402-4c75-948c-e50c40644c04: 11547 chunks; 7.4 s; peak memory 1174 MiB.
2026-10-07T03:33:39Z INFO [428/500] 4d42d18d-57a4-43ec-b1d3-a257f2043555: 119 chunks; 1.9 s; peak memory 1174 MiB.
2026-10-07T03:33:40Z INFO [429/500] 4d43ab07-ca5d-4309-9734-5e18c2a76d37: 117 chunks; 1.1 s; peak memory 1174 MiB.
2026-10-07T03:33:41Z INFO [430/500] 4d43c0a1-32a2-4dcd-9437-793640cf1105: 117 chunks; 1.0 s; peak memory 1174 MiB.
2026-10-07T03:33:42Z INFO [431/500] 4d44455a-ceb6-48c5-bb81-a65576a81c2b: 112 chunks; 1.1 s; peak memory 1174 MiB.
2026-10-07T03:33:43Z INFO [432/500] 4d446595-7416-49a9-a27c-a29c1af2048c: 48 chunks; 0.7 s; peak memory 1174 MiB.
2026-10-07T03:33:43Z INFO [433/500] 4d447a47-0769-4f89-b5ce-60d73ce5983a: 48 chunks; 0.8 s; peak memory 1174 MiB.
2026-10-07T03:33:44Z INFO [434/500] 4d4531f7-7e2d-4bfe-9ec3-44d00ca13076: 51 chunks; 0.6 s; peak memory 1174 MiB.
2026-10-07T03:33:45Z INFO [435/500] 4d455786-290a-4a57-b601-d6a6b6536278: 117 chunks; 1.0 s; peak memory 1174 MiB.
2026-10-07T03:33:46Z INFO [436/500] 4d46c95e-b194-4dad-8358-0b497ce663a1: 48 chunks; 1.0 s; peak memory 1174 MiB.
2026-10-07T03:33:47Z INFO [437/500] 4d4710af-94f8-4f21-87cb-c046e5e6eddf: 48 chunks; 0.9 s; peak memory 1174 MiB.
2026-10-07T03:33:59Z INFO [438/500] 4d478188-a1a8-4600-a67e-82abd16fd0a4: 2598 chunks; 11.8 s; peak memory 1174 MiB.
2026-10-07T03:34:01Z INFO [439/500] 4d47ea13-3512-41ec-b69e-a06a88debca7: 126 chunks; 2.0 s; peak memory 1174 MiB.
2026-10-07T03:34:02Z INFO [440/500] 4d48cdce-6068-4921-88ef-f678fa7f9ff6: 69 chunks; 1.4 s; peak memory 1174 MiB.
2026-10-07T03:34:03Z INFO [441/500] 4d48e398-ca08-4913-a033-fccc2e4e5cf6: 112 chunks; 1.1 s; peak memory 1174 MiB.
2026-10-07T03:34:04Z INFO [442/500] 4d4913d9-5fa9-4082-9c95-9f597ed5139a: 51 chunks; 1.0 s; peak memory 1174 MiB.
2026-10-07T03:34:05Z INFO [443/500] 4d496c82-0ae7-4b7c-a648-e9c5c5403b2c: 85 chunks; 1.2 s; peak memory 1174 MiB.
2026-10-07T03:34:07Z INFO [444/500] 4d49e5d3-9a91-411f-b8fa-6feb788d4b7a: 131 chunks; 1.1 s; peak memory 1174 MiB.
2026-10-07T03:34:07Z INFO [445/500] 4d49fe4c-76eb-4636-97df-6886b0738cb1: 48 chunks; 0.9 s; peak memory 1174 MiB.
2026-10-07T03:34:09Z INFO [446/500] 4d4a8dd0-41d5-4354-ae33-9f5151379707: 71 chunks; 1.4 s; peak memory 1174 MiB.
2026-10-07T03:34:13Z INFO [447/500] 4d4a97f7-83a7-45b7-8f05-487f107087c2: 18069 chunks; 4.3 s; peak memory 1174 MiB.
2026-10-07T03:34:14Z INFO [448/500] 4d4b3a8a-f5bf-4d33-a816-e2c3c14c7d06: 48 chunks; 0.9 s; peak memory 1174 MiB.
2026-10-07T03:34:41Z INFO [449/500] 4d4b5647-8288-4c95-937f-9e767bc20de1: 4652 chunks; 27.4 s; peak memory 1174 MiB.
2026-10-07T03:34:42Z INFO [450/500] 4d4bbf5a-7b05-4170-8877-2960462c56a0: 116 chunks; 1.1 s; peak memory 1174 MiB.
2026-10-07T03:34:43Z INFO [450/500] 4d4bbf5a-7b05-4170-8877-2960462c56a0: checkpointed 84284 records.
2026-10-07T03:34:44Z INFO [451/500] 4d4cbf65-d0e2-4077-a05a-55d532998810: 52 chunks; 1.0 s; peak memory 1174 MiB.
2026-10-07T03:34:45Z INFO [452/500] 4d4d8626-345f-43b8-9971-7ad172ab0dc8: 48 chunks; 1.0 s; peak memory 1174 MiB.
2026-10-07T03:34:46Z INFO [453/500] 4d4d92b6-eee5-4256-b8b8-48dc92eda725: 48 chunks; 0.9 s; peak memory 1174 MiB.
2026-10-07T03:34:47Z INFO [454/500] 4d4dda27-86a8-48a7-9fa7-155158999d92: 119 chunks; 1.7 s; peak memory 1174 MiB.
2026-10-07T03:34:49Z INFO [455/500] 4d4e8107-b319-4ca4-aee9-9a8405d13cce: 115 chunks; 2.0 s; peak memory 1174 MiB.
2026-10-07T03:34:51Z INFO [456/500] 4d4e9c5d-ad51-4f23-8dba-610eb272208f: 118 chunks; 1.3 s; peak memory 1174 MiB.
2026-10-07T03:34:51Z INFO [457/500] 4d505874-e963-4339-8173-2a8775ccc3d6: 48 chunks; 0.9 s; peak memory 1174 MiB.
2026-10-07T03:34:52Z INFO [458/500] 4d50b8ef-206e-46d8-bad2-c790a8c2acb2: 116 chunks; 0.8 s; peak memory 1174 MiB.
2026-10-07T03:34:53Z INFO [459/500] 4d51f427-a09a-4d1d-a845-23421adff2b2: 67 chunks; 1.0 s; peak memory 1174 MiB.
2026-10-07T03:34:54Z INFO [460/500] 4d5206a1-0465-4b6f-ba5a-199757d830a6: 116 chunks; 0.8 s; peak memory 1174 MiB.
2026-10-07T03:35:00Z INFO [461/500] 4d52e877-f31e-43b6-9819-5788f244d58b: 1102 chunks; 6.3 s; peak memory 1174 MiB.
2026-10-07T03:35:02Z INFO [462/500] 4d544c60-775f-4dec-bce3-ba790c335ad1: 110 chunks; 1.3 s; peak memory 1174 MiB.
2026-10-07T03:35:03Z INFO [463/500] 4d544dda-439f-4fa6-851e-9921483f33e4: 48 chunks; 1.1 s; peak memory 1174 MiB.
2026-10-07T03:35:04Z INFO [464/500] 4d548006-478d-42bd-99f7-07f63a3231e4: 65 chunks; 1.0 s; peak memory 1174 MiB.
2026-10-07T03:35:05Z INFO [465/500] 4d54f2e9-7ab7-4bdc-a6d4-56d99bdc20ce: 112 chunks; 1.1 s; peak memory 1174 MiB.
2026-10-07T03:35:10Z INFO [466/500] 4d5524d6-113d-4c67-946a-d9f57b93d28d: 13613 chunks; 5.3 s; peak memory 1174 MiB.
2026-10-07T03:35:20Z INFO [467/500] 4d55b8eb-3803-4ffe-8c87-0e0b174670c1: 1788 chunks; 9.4 s; peak memory 1174 MiB.
2026-10-07T03:35:21Z INFO [468/500] 4d55c6e4-9991-48c3-9b3f-f03161dd81c8: 117 chunks; 1.1 s; peak memory 1174 MiB.
2026-10-07T03:35:22Z INFO [469/500] 4d562491-01f3-4859-8538-7c6e957dbbfa: 117 chunks; 1.2 s; peak memory 1174 MiB.
2026-10-07T03:35:23Z INFO [470/500] 4d56d3f4-8dad-4040-a8be-99667d6fbfda: 48 chunks; 0.9 s; peak memory 1174 MiB.
2026-10-07T03:35:23Z INFO [471/500] 4d570ef8-e6fa-442b-96cf-1426f8633408: 68 chunks; 0.7 s; peak memory 1174 MiB.
2026-10-07T03:35:24Z INFO [472/500] 4d57eb5a-9110-4f65-9597-919e6a208a73: 21 chunks; 0.6 s; peak memory 1174 MiB.
2026-10-07T03:35:25Z INFO [473/500] 4d580c1b-5ea1-4fb9-b88f-1e1bf8cb3530: 48 chunks; 0.9 s; peak memory 1174 MiB.
2026-10-07T03:35:26Z INFO [474/500] 4d58bc77-a739-41df-802f-a2e6b4102ee4: 48 chunks; 0.8 s; peak memory 1174 MiB.
2026-10-07T03:35:27Z INFO [475/500] 4d597a28-c472-4ea7-ad8d-3f6d56e274e2: 48 chunks; 0.8 s; peak memory 1174 MiB.
2026-10-07T03:35:28Z INFO [476/500] 4d59d8c7-6371-48cd-9af6-fee53df421e3: 48 chunks; 0.9 s; peak memory 1174 MiB.
2026-10-07T03:35:37Z INFO [477/500] 4d5a6eed-4d25-48f1-94e7-b458fd610690: 2571 chunks; 10.0 s; peak memory 1174 MiB.
2026-10-07T03:35:39Z INFO [478/500] 4d5a9083-e9ab-4153-adb7-61f538d2068c: 112 chunks; 1.1 s; peak memory 1174 MiB.
2026-10-07T03:35:43Z INFO [479/500] 4d5acf88-7d0b-467e-bf95-04f57e746fc9: 12959 chunks; 4.6 s; peak memory 1174 MiB.
2026-10-07T03:35:44Z INFO [480/500] 4d5b23b1-4c5b-4514-8acb-0e96eb087646: 63 chunks; 0.9 s; peak memory 1174 MiB.
2026-10-07T03:35:45Z INFO [481/500] 4d5d7433-eb2e-4cc8-a1c0-45d6d0a8e5b3: 48 chunks; 0.9 s; peak memory 1174 MiB.
2026-10-07T03:35:46Z INFO [482/500] 4d5f7458-e6f5-44bb-b1b8-355facf126eb: 69 chunks; 0.7 s; peak memory 1174 MiB.
2026-10-07T03:35:47Z INFO [483/500] 4d60074d-92f1-4af1-a768-78b48958df80: 112 chunks; 1.4 s; peak memory 1174 MiB.
2026-10-07T03:35:49Z INFO [484/500] 4d606f5f-0640-4ac7-81fd-dc51c312a1f4: 138 chunks; 2.1 s; peak memory 1174 MiB.
2026-10-07T03:35:50Z INFO [485/500] 4d60d0da-43fe-4589-88fd-345b3585eada: 46 chunks; 0.5 s; peak memory 1174 MiB.
2026-10-07T03:37:11Z INFO [486/500] 4d60d19c-f259-4678-b938-fb3600777238: 32825 chunks; 81.0 s; peak memory 1174 MiB.
2026-10-07T03:37:12Z INFO [487/500] 4d615a58-5c76-43c1-bdc0-bf2de8583d6e: 72 chunks; 1.0 s; peak memory 1174 MiB.
2026-10-07T03:37:13Z INFO [488/500] 4d61db13-cdf0-4ee0-a25d-49e8549409c2: 52 chunks; 1.1 s; peak memory 1174 MiB.
2026-10-07T03:37:14Z INFO [489/500] 4d61fd45-a5ef-4a50-a05a-955b88eea901: 66 chunks; 1.2 s; peak memory 1174 MiB.
2026-10-07T03:37:15Z INFO [490/500] 4d621a45-e16f-47a0-8388-dea7dbe19949: 720 chunks; 1.3 s; peak memory 1174 MiB.
2026-10-07T03:37:17Z INFO [491/500] 4d62444c-d539-4701-85b6-5ed104b78081: 62 chunks; 1.3 s; peak memory 1174 MiB.
2026-10-07T03:37:25Z INFO [492/500] 4d6262c6-673d-4ee9-9173-18bd375c888a: 36398 chunks; 8.2 s; peak memory 1174 MiB.
2026-10-07T03:37:26Z INFO [493/500] 4d6269e9-ed0b-49fa-91f1-76d9bc334a2d: 937 chunks; 1.5 s; peak memory 1174 MiB.
2026-10-07T03:37:28Z INFO [494/500] 4d629caa-1825-4cc2-b1af-c595e611b0d2: 1061 chunks; 1.9 s; peak memory 1174 MiB.
2026-10-07T03:37:53Z INFO [495/500] 4d62fd3d-ee42-432e-8f9a-afab6f1d55f2: 6591 chunks; 24.8 s; peak memory 1174 MiB.
2026-10-07T03:37:59Z INFO [496/500] 4d633efd-2a56-4791-9366-b53d1bd3e684: 9580 chunks; 5.6 s; peak memory 1174 MiB.
2026-10-07T03:38:00Z INFO [497/500] 4d6434b0-14a0-490c-9610-abb8f746e0fd: 112 chunks; 1.1 s; peak memory 1174 MiB.
2026-10-07T03:38:02Z INFO [498/500] 4d64dc38-2bfc-4d09-bf0b-a60c3da72edf: 997 chunks; 2.1 s; peak memory 1174 MiB.
2026-10-07T03:38:04Z INFO [499/500] 4d64f120-733a-4fba-bb44-63414ca7ab8a: 997 chunks; 2.2 s; peak memory 1174 MiB.
2026-10-07T03:38:05Z INFO [500/500] 4d656a07-e847-4eb0-a393-a54d71abd1a1: 52 chunks; 0.9 s; peak memory 1174 MiB.
2026-10-07T03:38:05Z INFO [500/500] 4d656a07-e847-4eb0-a393-a54d71abd1a1: checkpointed 84334 records.
2026-10-07T03:38:06Z INFO Wrote 84334 records to /tmp/derivatives/valid_nwb_file_to_chunk_stats.jsonl (500 new, 0 failed) in 76.1 min (peak memory 1174 MiB).
