2026-10-10T03:42:56Z INFO Logging to /tmp/logs/update_2026-10-10T03-42-56Z.log.
2026-10-10T03:42:56Z INFO Update valid-nwb-file-to-chunk-stats (base directory /tmp).
2026-10-10T03:42:56Z INFO Processing 500 items (101834 already recorded).
2026-10-10T03:42:58Z INFO [1/500] 71cba6c8-f046-4cc0-9644-442389a5a550: 116 chunks; 2.4 s; peak memory 205 MiB.
2026-10-10T03:43:01Z INFO [2/500] 71cbe262-d2d0-4fc8-b98e-209f5d51c09a: 110 chunks; 2.2 s; peak memory 206 MiB.
2026-10-10T03:43:07Z INFO [3/500] 71ccbadd-cb12-445f-9998-0ad27bc93355: 255 chunks; 5.9 s; peak memory 210 MiB.
2026-10-10T03:43:09Z INFO [4/500] 71cd0380-0f91-4688-b8a9-5cbbe52cda41: 119 chunks; 2.3 s; peak memory 211 MiB.
2026-10-10T03:43:10Z INFO [5/500] 71cd2029-10a6-49b8-8131-e38145ea2ea7: 48 chunks; 1.2 s; peak memory 211 MiB.
2026-10-10T03:43:12Z INFO [6/500] 71cdb8c4-abaf-4c88-acf9-e71e3e859253: 117 chunks; 1.7 s; peak memory 211 MiB.
2026-10-10T03:43:16Z INFO [7/500] 71cdee8b-ff0d-466a-b4c3-2d9c2ff8c924: 9802 chunks; 4.6 s; peak memory 222 MiB.
2026-10-10T03:43:18Z INFO [8/500] 71ce4e2f-9c7f-48e9-96ac-5454ce911f1c: 66 chunks; 1.4 s; peak memory 222 MiB.
2026-10-10T03:43:20Z INFO [9/500] 71cfffc8-c6b8-4dd2-bdf3-33068a33e3f7: 66 chunks; 1.8 s; peak memory 222 MiB.
2026-10-10T03:43:21Z INFO [10/500] 71d01755-70f3-48d7-aedf-fa89d35febd9: 112 chunks; 1.5 s; peak memory 222 MiB.
2026-10-10T03:43:23Z INFO [11/500] 71d06186-6e03-4e61-8f54-dca8db001c44: 52 chunks; 1.5 s; peak memory 223 MiB.
2026-10-10T03:43:24Z INFO [12/500] 71d0ad28-355a-4d09-b1cd-aee9f945466a: 48 chunks; 1.3 s; peak memory 223 MiB.
2026-10-10T03:43:26Z INFO [13/500] 71d0ca4d-d980-4f27-8b45-94607e8ad4f6: 112 chunks; 1.9 s; peak memory 223 MiB.
2026-10-10T03:43:27Z INFO [14/500] 71d12c73-ada8-489f-9114-3af198e83d76: 112 chunks; 1.6 s; peak memory 223 MiB.
2026-10-10T03:43:28Z INFO [15/500] 71d1342f-6faf-4e56-91a0-a182da535f95: 46 chunks; 1.0 s; peak memory 223 MiB.
2026-10-10T03:43:30Z INFO [16/500] 71d16972-560e-4121-a696-711cc68f4d44: 386 chunks; 1.8 s; peak memory 224 MiB.
2026-10-10T03:43:31Z INFO [17/500] 71d2a2ef-c205-4b8e-b7e8-3d2a75becaf2: 72 chunks; 1.2 s; peak memory 224 MiB.
2026-10-10T03:43:33Z INFO [18/500] 71d30e78-efaa-44be-8ae3-ebfdf2202149: 110 chunks; 1.7 s; peak memory 224 MiB.
2026-10-10T03:43:34Z INFO [19/500] 71d3d301-938e-49f7-aa8d-acc368b2a260: 84 chunks; 1.3 s; peak memory 224 MiB.
2026-10-10T03:43:36Z INFO [20/500] 71d3dba6-8035-4908-be64-67816d23d72f: 69 chunks; 1.7 s; peak memory 224 MiB.
2026-10-10T03:43:37Z INFO [21/500] 71d42ba7-12e8-412d-b0f6-4b236a11780f: 53 chunks; 1.0 s; peak memory 224 MiB.
2026-10-10T03:43:39Z INFO [22/500] 71d46004-1383-43c2-9d4b-46635c50f7b8: 110 chunks; 1.7 s; peak memory 224 MiB.
2026-10-10T03:43:40Z INFO [23/500] 71d48a8b-5049-4077-8389-f821fd9c7472: 48 chunks; 1.3 s; peak memory 224 MiB.
2026-10-10T03:43:41Z INFO [24/500] 71d53f4f-c34c-487c-a4cd-a37e04e549e8: 48 chunks; 1.3 s; peak memory 224 MiB.
2026-10-10T03:43:44Z INFO [25/500] 71d53f51-2c1d-4d03-8c71-ce242389718f: 144 chunks; 2.2 s; peak memory 224 MiB.
2026-10-10T03:43:48Z INFO [26/500] 71d54a7d-34ab-482c-98fc-b1828810a454: 1585 chunks; 4.2 s; peak memory 224 MiB.
2026-10-10T03:43:50Z INFO [27/500] 71d64ce9-c460-471b-b769-48b9c57bae17: 112 chunks; 1.7 s; peak memory 224 MiB.
2026-10-10T03:43:51Z INFO [28/500] 71d6755c-216c-47ad-818c-6d18d565a0b3: 57 chunks; 1.1 s; peak memory 224 MiB.
2026-10-10T03:43:52Z INFO [29/500] 71d6d727-86e2-4317-aeb0-0a9f718adef3: 66 chunks; 1.2 s; peak memory 224 MiB.
2026-10-10T03:43:53Z INFO [30/500] 71d7d1ed-98f6-4b7c-86af-30bbe0010b28: 48 chunks; 1.2 s; peak memory 224 MiB.
2026-10-10T03:43:55Z INFO [31/500] 71d802f0-53dc-48eb-8049-5e83decb4387: 118 chunks; 1.5 s; peak memory 224 MiB.
2026-10-10T03:43:56Z INFO [32/500] 71d803f6-4ca9-4eb3-a92a-3769db0a79bf: 289 chunks; 1.8 s; peak memory 224 MiB.
2026-10-10T03:43:59Z INFO [33/500] 71d83326-d060-4459-b613-3c3c60dc2963: 168 chunks; 2.8 s; peak memory 224 MiB.
2026-10-10T03:44:00Z INFO [34/500] 71d92bd0-1bc4-4cdc-be8e-828e3e1fe5a8: 48 chunks; 1.3 s; peak memory 224 MiB.
2026-10-10T03:44:01Z INFO [35/500] 71d9d6bf-9ba4-4770-a1b1-abea29c997c1: 46 chunks; 0.9 s; peak memory 224 MiB.
2026-10-10T03:44:10Z INFO [36/500] 71da1e27-7696-4b47-a1f9-7ba098a7925d: 742 chunks; 8.8 s; peak memory 229 MiB.
2026-10-10T03:46:27Z INFO [37/500] 71daba7f-d148-457f-af6c-b9133386be7f: 38299 chunks; 137.3 s; peak memory 367 MiB.
2026-10-10T03:46:29Z INFO [38/500] 71db0089-2c75-45bf-8b61-2c294c67988e: 56 chunks; 1.2 s; peak memory 367 MiB.
2026-10-10T03:46:30Z INFO [39/500] 71dc6680-c0db-4f94-8ecb-b3019c9a7570: 50 chunks; 1.1 s; peak memory 367 MiB.
2026-10-10T03:46:31Z INFO [40/500] 71dc92a9-17da-412b-9f16-c3edb5c86dc2: 84 chunks; 1.7 s; peak memory 367 MiB.
2026-10-10T03:46:33Z INFO [41/500] 71dcd925-4e98-46a9-8bd3-725439f7038f: 62 chunks; 2.0 s; peak memory 367 MiB.
2026-10-10T03:46:35Z INFO [42/500] 71de66fc-7eda-4927-b73c-b369faf31f51: 48 chunks; 1.3 s; peak memory 367 MiB.
2026-10-10T03:46:48Z INFO [43/500] 71df2e51-562e-4248-8658-aaa0fbd10bca: 8398 chunks; 13.1 s; peak memory 367 MiB.
2026-10-10T03:46:49Z INFO [44/500] 71df3d3b-cceb-4bef-af3e-a277378915f1: 40 chunks; 1.6 s; peak memory 367 MiB.
2026-10-10T03:46:51Z INFO [45/500] 71e000fd-c79b-40ee-8d32-9c00f006a5d0: 112 chunks; 1.7 s; peak memory 367 MiB.
2026-10-10T03:46:53Z INFO [46/500] 71e06078-11ad-4c39-ae57-9458f2a99c47: 117 chunks; 1.6 s; peak memory 367 MiB.
2026-10-10T03:46:54Z INFO [47/500] 71e1aa0b-fde2-49c8-a89b-4821a830cd92: 66 chunks; 1.7 s; peak memory 367 MiB.
2026-10-10T03:46:56Z INFO [48/500] 71e2bc3c-b22c-4e08-92f7-c9207eaea3c2: 48 chunks; 1.3 s; peak memory 367 MiB.
2026-10-10T03:46:57Z INFO [49/500] 71e2be39-fe75-4aa3-aa41-0cc34b720d3d: 48 chunks; 1.2 s; peak memory 367 MiB.
2026-10-10T03:47:00Z INFO [50/500] 71e2f63d-f074-4bee-9117-d42694eaef8a: 156 chunks; 3.3 s; peak memory 367 MiB.
2026-10-10T03:47:00Z INFO [50/500] 71e2f63d-f074-4bee-9117-d42694eaef8a: checkpointed 101884 new records.
2026-10-10T03:47:02Z INFO [51/500] 71e2fdee-3a73-42f8-bdbb-688d9c289350: 112 chunks; 1.8 s; peak memory 367 MiB.
2026-10-10T03:47:04Z INFO [52/500] 71e313e4-491d-4d00-a1d2-617b6e3c9f9b: 69 chunks; 1.8 s; peak memory 367 MiB.
2026-10-10T03:47:05Z INFO [53/500] 71e31c26-0efc-4039-a634-d48e86388a7c: 48 chunks; 1.2 s; peak memory 367 MiB.
2026-10-10T03:47:07Z INFO [54/500] 71e331ec-e1b8-4ffd-ae92-2bbc90b14e3c: 132 chunks; 1.6 s; peak memory 367 MiB.
2026-10-10T03:47:09Z INFO [55/500] 71e38222-3c73-42ff-ad12-05f570cef649: 66 chunks; 1.9 s; peak memory 367 MiB.
2026-10-10T03:47:10Z INFO [56/500] 71e56510-1793-40e2-b71d-618ec75a4645: 66 chunks; 1.6 s; peak memory 367 MiB.
2026-10-10T03:47:13Z INFO [57/500] 71e66517-fa1e-46b2-a2eb-b24ec628a90a: 71 chunks; 2.3 s; peak memory 367 MiB.
2026-10-10T03:47:15Z INFO [58/500] 71e698f8-0c76-41d8-a256-07030a757909: 71 chunks; 2.3 s; peak memory 367 MiB.
2026-10-10T03:47:21Z INFO [59/500] 71e8a13b-21c3-400b-b88e-b0a85d0e5f9d: 7283 chunks; 6.5 s; peak memory 367 MiB.
2026-10-10T03:47:23Z INFO [60/500] 71e97f13-80c9-43bd-a092-f76b6093bf08: 48 chunks; 1.2 s; peak memory 367 MiB.
2026-10-10T03:47:24Z INFO [61/500] 71ea64e6-5cf0-4549-8a11-d39147319cbe: 46 chunks; 0.9 s; peak memory 367 MiB.
2026-10-10T03:47:26Z INFO [62/500] 71eaa118-9bbc-401a-b822-fbc8566bb739: 198 chunks; 2.9 s; peak memory 367 MiB.
2026-10-10T03:47:28Z INFO [63/500] 71eaba34-9337-4415-a26e-bfd1cdba65f6: 48 chunks; 1.3 s; peak memory 367 MiB.
2026-10-10T03:47:29Z INFO [64/500] 71eb5ed9-bf58-46c4-905d-f0af94992040: 48 chunks; 1.2 s; peak memory 367 MiB.
2026-10-10T03:47:31Z INFO [65/500] 71ebce32-2801-4d14-a89e-0e8b552ae7b1: 119 chunks; 2.4 s; peak memory 367 MiB.
2026-10-10T03:47:33Z INFO [66/500] 71ebf316-ca19-421c-925c-14e9c3addf69: 112 chunks; 1.5 s; peak memory 367 MiB.
2026-10-10T03:47:35Z INFO [67/500] 71ec52d3-f883-4c6f-a436-5aac5ff65efd: 62 chunks; 1.7 s; peak memory 367 MiB.
2026-10-10T03:47:36Z INFO [68/500] 71ec6b09-49e7-4879-9cb0-9be777517339: 45 chunks; 1.1 s; peak memory 367 MiB.
2026-10-10T03:47:37Z INFO [69/500] 71ec84db-53f7-4df4-8d97-567921c44d8f: 117 chunks; 1.6 s; peak memory 367 MiB.
2026-10-10T03:47:39Z INFO [70/500] 71eca188-3ed4-418b-bf6a-00bce627d9a3: 52 chunks; 1.6 s; peak memory 367 MiB.
2026-10-10T03:47:40Z INFO [71/500] 71ecbfcc-27ac-43d4-9910-e860daaa1615: 112 chunks; 1.5 s; peak memory 367 MiB.
2026-10-10T03:47:46Z INFO [72/500] 71ee56b9-10e4-45f7-b320-6807f61535df: 1950 chunks; 5.4 s; peak memory 367 MiB.
2026-10-10T03:47:47Z INFO [73/500] 71ef48e8-e5b4-4e52-8368-a74eba61fb1e: 46 chunks; 1.3 s; peak memory 367 MiB.
2026-10-10T03:47:48Z INFO [74/500] 71ef6f8c-3bc5-42d4-969b-f3e5680ad281: 117 chunks; 1.4 s; peak memory 367 MiB.
2026-10-10T03:47:49Z INFO [75/500] 71ef931d-b569-4331-bb15-a384ef35f913: 48 chunks; 1.2 s; peak memory 367 MiB.
2026-10-10T03:47:51Z INFO [76/500] 71efbd20-0289-4125-bde3-8fe51da71272: 112 chunks; 1.9 s; peak memory 367 MiB.
2026-10-10T03:47:53Z INFO [77/500] 71f08886-2001-4cbf-a50d-677b20abec08: 43 chunks; 1.3 s; peak memory 367 MiB.
2026-10-10T03:47:54Z INFO [78/500] 71f1544d-a86b-4796-8cf1-16fdd985bb31: 52 chunks; 1.0 s; peak memory 367 MiB.
2026-10-10T03:47:55Z INFO [79/500] 71f1f380-c5d1-4bcc-9a01-1970e9672354: 52 chunks; 1.4 s; peak memory 367 MiB.
2026-10-10T03:51:55Z INFO [80/500] 71f2d457-50b1-449d-a532-8ac2e629d410: 114741 chunks; 239.6 s; peak memory 614 MiB.
2026-10-10T03:51:56Z INFO [81/500] 71f35362-4584-40bb-952d-2b30702985ba: 132 chunks; 1.6 s; peak memory 614 MiB.
2026-10-10T03:51:58Z INFO [82/500] 71f3b6de-890a-4761-914d-739055237669: 116 chunks; 1.7 s; peak memory 614 MiB.
2026-10-10T03:52:22Z INFO [83/500] 71f42d0a-6d40-47d7-adda-eadb0b169448: 2834 chunks; 24.4 s; peak memory 614 MiB.
2026-10-10T03:52:24Z INFO [84/500] 71f564a2-1b0e-40f6-875c-0470e2ac17e6: 117 chunks; 1.6 s; peak memory 614 MiB.
2026-10-10T03:52:26Z INFO [85/500] 71f5e19d-79ba-4c27-888a-1e6678e5a8f3: 119 chunks; 2.6 s; peak memory 614 MiB.
2026-10-10T03:52:28Z INFO [86/500] 71f6126f-8dcb-4699-aecf-8ef21f489932: 112 chunks; 1.8 s; peak memory 614 MiB.
2026-10-10T03:52:35Z INFO [87/500] 71f70233-9c8f-4e42-9174-064603d21281: 2836 chunks; 7.2 s; peak memory 614 MiB.
2026-10-10T03:52:37Z INFO [88/500] 71f7da82-f321-4a25-8a84-033405291012: 118 chunks; 1.4 s; peak memory 614 MiB.
2026-10-10T03:52:38Z INFO [89/500] 71f830ec-537e-4cb2-803d-f076b572ad75: 117 chunks; 1.3 s; peak memory 614 MiB.
2026-10-10T03:52:39Z INFO [90/500] 71f88f3f-7a8e-4df7-8fc0-b35336eb5f3e: 52 chunks; 1.3 s; peak memory 614 MiB.
2026-10-10T03:52:41Z INFO [91/500] 71fa325b-52e3-4953-a0ce-79a780e87fc1: 117 chunks; 1.5 s; peak memory 614 MiB.
2026-10-10T03:52:43Z INFO [92/500] 71fb1bdd-1860-458b-b410-3ff9ead64fcd: 69 chunks; 1.7 s; peak memory 614 MiB.
2026-10-10T03:52:56Z INFO [93/500] 71fcce06-bbc7-4494-bf47-999537bc3f76: 3272 chunks; 12.9 s; peak memory 614 MiB.
2026-10-10T03:52:57Z INFO [94/500] 71fd3f76-5500-4f74-ae8e-cbb61e13de0a: 43 chunks; 1.1 s; peak memory 614 MiB.
2026-10-10T03:52:58Z INFO [95/500] 71fdab1e-22de-41de-ad5a-0852d0fe58b9: 116 chunks; 1.5 s; peak memory 614 MiB.
2026-10-10T03:53:01Z INFO [96/500] 71fde36c-8a81-4fd5-974b-b0358addf6a4: 118 chunks; 2.4 s; peak memory 614 MiB.
2026-10-10T03:53:02Z INFO [97/500] 71fe5bc0-f3e3-464d-8222-4929c924e8b3: 142 chunks; 1.7 s; peak memory 614 MiB.
2026-10-10T03:53:05Z INFO [98/500] 71ff16a6-7f9a-43eb-9658-f7c6b37001d1: 73 chunks; 2.3 s; peak memory 614 MiB.
2026-10-10T03:53:06Z INFO [99/500] 720145a5-7982-43d4-a436-8bb63d5d8899: 76 chunks; 1.8 s; peak memory 614 MiB.
2026-10-10T03:53:08Z INFO [100/500] 72016f13-3189-40c0-b60b-df65b965d057: 97 chunks; 1.4 s; peak memory 614 MiB.
2026-10-10T03:53:08Z INFO [100/500] 72016f13-3189-40c0-b60b-df65b965d057: checkpointed 101934 new records.
2026-10-10T03:53:10Z INFO [101/500] 720195b4-2b91-4dd3-a8b8-d3e8b3009b31: 937 chunks; 2.2 s; peak memory 614 MiB.
2026-10-10T03:53:11Z INFO [102/500] 72032526-c0e2-4d72-b98f-56e5620fc803: 52 chunks; 1.0 s; peak memory 614 MiB.
2026-10-10T03:53:27Z INFO [103/500] 7203846b-a84c-42b0-862a-4e956aa20cad: 8229 chunks; 16.1 s; peak memory 614 MiB.
2026-10-10T03:53:29Z INFO [104/500] 7203cc45-8929-40db-a2fe-d7f0124be418: 118 chunks; 1.5 s; peak memory 614 MiB.
2026-10-10T03:53:31Z INFO [105/500] 7203f248-a9cc-402e-89d6-aaff9395d4d0: 112 chunks; 1.7 s; peak memory 614 MiB.
2026-10-10T03:53:32Z INFO [106/500] 7204342b-10c9-4f5c-8beb-ed71cd9c3651: 48 chunks; 1.3 s; peak memory 614 MiB.
2026-10-10T03:53:40Z INFO [107/500] 720540b3-1ac9-4d38-b2ed-7a690eb70a07: 4151 chunks; 8.4 s; peak memory 614 MiB.
2026-10-10T03:53:43Z INFO [108/500] 72055e85-48c6-4455-9372-79a266bfc9a0: 997 chunks; 2.8 s; peak memory 614 MiB.
2026-10-10T03:53:44Z INFO [109/500] 720581ff-eb93-4e4e-8341-c333c158bf42: 114 chunks; 1.3 s; peak memory 614 MiB.
2026-10-10T03:53:47Z INFO [110/500] 72065dfa-0b38-40ac-9f6e-86a09e7bca84: 196 chunks; 2.7 s; peak memory 614 MiB.
2026-10-10T03:53:48Z INFO [111/500] 7206a9e5-213d-4fcc-ba90-90a0a8a814d9: 56 chunks; 1.1 s; peak memory 614 MiB.
2026-10-10T03:53:54Z INFO [112/500] 72076c78-e078-4a17-a105-7c5553a74799: 420 chunks; 5.7 s; peak memory 614 MiB.
2026-10-10T03:53:55Z INFO [113/500] 72077f6e-2c58-4c7d-9f39-fe0df9cb5e83: 45 chunks; 1.1 s; peak memory 614 MiB.
2026-10-10T03:53:57Z INFO [114/500] 72079625-42f4-435d-9980-8dd0a411750e: 112 chunks; 1.7 s; peak memory 614 MiB.
2026-10-10T03:53:58Z INFO [115/500] 7208c11a-72ae-4b33-8737-acad42522fb0: 116 chunks; 1.4 s; peak memory 614 MiB.
2026-10-10T03:53:59Z INFO [116/500] 7208f343-b0df-43d1-998b-2e760b59056f: 48 chunks; 1.2 s; peak memory 614 MiB.
2026-10-10T03:54:00Z INFO [117/500] 7209873e-a037-4db3-aeca-3c97e52bbe85: 46 chunks; 1.1 s; peak memory 614 MiB.
2026-10-10T03:54:02Z INFO [118/500] 7209c8af-6d41-48ad-81ce-9de7ab7baedc: 118 chunks; 1.4 s; peak memory 614 MiB.
2026-10-10T03:54:08Z INFO [119/500] 720a12ad-2be5-4f5f-afa1-74eca4130e7c: 174 chunks; 5.8 s; peak memory 614 MiB.
2026-10-10T03:54:09Z INFO [120/500] 720c2f19-26ab-4243-9d38-75ec31bdbb3e: 109 chunks; 1.5 s; peak memory 614 MiB.
2026-10-10T03:54:10Z INFO [121/500] 720ca0c7-012f-48c6-a15b-b0af7374994f: 48 chunks; 1.2 s; peak memory 614 MiB.
2026-10-10T03:54:11Z INFO [122/500] 720ca2ac-cc7d-4d01-8438-78b3073880c2: 48 chunks; 1.2 s; peak memory 614 MiB.
2026-10-10T03:54:14Z INFO [123/500] 720de5fd-c06b-4ab4-8241-00e45e3ac684: 119 chunks; 2.5 s; peak memory 614 MiB.
2026-10-10T03:54:16Z INFO [124/500] 720f3073-fcff-4465-a02a-ea12c3f94919: 117 chunks; 1.8 s; peak memory 614 MiB.
2026-10-10T03:54:17Z INFO [125/500] 720f374e-efb6-4dde-b005-9202b7decdc5: 37 chunks; 1.0 s; peak memory 614 MiB.
2026-10-10T03:54:24Z INFO [126/500] 720f44d8-3cfc-4fa1-92a8-8123f3a3c7e8: 2923 chunks; 7.3 s; peak memory 614 MiB.
2026-10-10T03:54:26Z INFO [127/500] 7210ccbd-ac49-41a9-b9c0-4b5babf13e48: 112 chunks; 1.6 s; peak memory 614 MiB.
2026-10-10T03:54:27Z INFO [128/500] 7211269e-0c6e-4076-9393-c721b3113de9: 51 chunks; 1.5 s; peak memory 614 MiB.
2026-10-10T03:54:29Z INFO [129/500] 721257e3-2b31-4033-bb43-8add2923121c: 71 chunks; 2.0 s; peak memory 614 MiB.
2026-10-10T03:54:31Z INFO [130/500] 72128e90-5beb-4633-926a-22a7248c7156: 112 chunks; 1.7 s; peak memory 614 MiB.
2026-10-10T03:54:32Z INFO [131/500] 7212cfcc-a3e3-4b61-9fd1-1f34fbed6099: 301 chunks; 1.5 s; peak memory 614 MiB.
2026-10-10T03:54:39Z INFO [132/500] 7213543a-b31b-4d57-ba94-9cf0fc590805: 2923 chunks; 6.7 s; peak memory 614 MiB.
2026-10-10T03:54:40Z INFO [133/500] 72135588-b52a-43f6-a97c-a38e0d1d58b4: 117 chunks; 1.3 s; peak memory 614 MiB.
2026-10-10T03:54:42Z INFO [134/500] 72143de1-cf55-4e8a-8970-c24f0e74dc01: 131 chunks; 1.9 s; peak memory 614 MiB.
2026-10-10T03:54:44Z INFO [135/500] 72146910-0a49-4dd8-8778-def0ab31067c: 112 chunks; 1.7 s; peak memory 614 MiB.
2026-10-10T03:54:45Z INFO [136/500] 72149247-56c1-4948-a9f6-1d499e6eb835: 117 chunks; 1.4 s; peak memory 614 MiB.
2026-10-10T03:54:46Z INFO [137/500] 72149480-788e-4d79-9c34-7b01905dcb94: 41 chunks; 1.1 s; peak memory 614 MiB.
2026-10-10T03:58:58Z INFO [138/500] 721505c3-7e01-4287-8126-9d262d1f54f2: 75044 chunks; 251.2 s; peak memory 614 MiB.
2026-10-10T03:59:00Z INFO [139/500] 72159bd4-5f03-41a0-81d8-93b9dd7e38e1: 592 chunks; 1.9 s; peak memory 614 MiB.
2026-10-10T03:59:01Z INFO [140/500] 72159e01-3013-4d53-9c6c-0d57f5104fc2: 112 chunks; 1.9 s; peak memory 614 MiB.
2026-10-10T03:59:03Z INFO [141/500] 7215ba34-e30d-42bc-9b02-1e28cd45dfdc: 118 chunks; 1.7 s; peak memory 614 MiB.
2026-10-10T03:59:14Z INFO [142/500] 72162833-d090-498c-97aa-12e67e55f21e: 14681 chunks; 10.6 s; peak memory 614 MiB.
2026-10-10T03:59:15Z INFO [143/500] 7218ac20-4998-46f9-a43f-772f8bf2bef6: 33 chunks; 1.0 s; peak memory 614 MiB.
2026-10-10T03:59:16Z INFO [144/500] 7218fbb9-a85a-4d0f-bde0-f80375254cb1: 48 chunks; 1.1 s; peak memory 614 MiB.
2026-10-10T03:59:17Z INFO [145/500] 72191da7-1b00-4ee3-89ca-3768dbddc38e: 117 chunks; 1.6 s; peak memory 614 MiB.
2026-10-10T03:59:21Z INFO [146/500] 721945d6-78ae-4e3e-a012-343ea7e42621: 226 chunks; 4.0 s; peak memory 614 MiB.
2026-10-10T03:59:24Z INFO [147/500] 721979b4-451c-4914-bd41-8c35403c3bee: 69 chunks; 2.2 s; peak memory 614 MiB.
2026-10-10T03:59:25Z INFO [148/500] 7219f812-1a25-4d5c-bc96-0b63354b9763: 56 chunks; 1.0 s; peak memory 614 MiB.
2026-10-10T03:59:26Z INFO [149/500] 721a5e43-09dc-4a9c-b9b8-f7225601c634: 48 chunks; 1.2 s; peak memory 614 MiB.
2026-10-10T03:59:28Z INFO [150/500] 721eb361-5b16-4fa9-be5b-f78a9e5dd24d: 119 chunks; 2.2 s; peak memory 614 MiB.
2026-10-10T03:59:28Z INFO [150/500] 721eb361-5b16-4fa9-be5b-f78a9e5dd24d: checkpointed 101984 new records.
2026-10-10T03:59:30Z INFO [151/500] 721f46e6-75a5-4298-9fe4-b0ee471973f9: 112 chunks; 1.5 s; peak memory 614 MiB.
2026-10-10T03:59:31Z INFO [152/500] 721ffb6e-7c82-487c-8419-de991798ea1a: 116 chunks; 1.5 s; peak memory 614 MiB.
2026-10-10T03:59:33Z INFO [153/500] 72200996-644a-4b8d-b6f2-a0bf955b82e3: 118 chunks; 1.7 s; peak memory 614 MiB.
2026-10-10T03:59:34Z INFO [154/500] 7220cf18-35b7-429d-a6e2-014e36e65490: 48 chunks; 1.2 s; peak memory 614 MiB.
2026-10-10T03:59:35Z INFO [155/500] 7220cfb0-46d3-4796-b91d-89cf4b346ac0: 46 chunks; 1.1 s; peak memory 614 MiB.
2026-10-10T03:59:36Z INFO [156/500] 72213db2-dd67-4f0f-abad-da0bd9a1c2ad: 48 chunks; 1.1 s; peak memory 614 MiB.
2026-10-10T03:59:38Z INFO [157/500] 72225073-ed7f-4136-8880-05f2c9230723: 72 chunks; 1.5 s; peak memory 614 MiB.
2026-10-10T03:59:41Z INFO [158/500] 7222b116-3d65-4a6d-945d-01f44492770d: 115 chunks; 3.2 s; peak memory 614 MiB.
2026-10-10T03:59:43Z INFO [159/500] 7223966e-5ead-4669-b92f-88acce2eac0c: 112 chunks; 1.6 s; peak memory 614 MiB.
2026-10-10T03:59:44Z INFO [160/500] 7224a8c9-688c-484b-80b9-48de2d55068d: 112 chunks; 1.7 s; peak memory 614 MiB.
2026-10-10T03:59:48Z INFO [161/500] 7224e7e3-6a9f-420d-9c9b-1f53a917f03d: 156 chunks; 3.9 s; peak memory 614 MiB.
2026-10-10T03:59:50Z INFO [162/500] 72252655-ac5b-41fe-a580-868b711d0ec6: 116 chunks; 1.8 s; peak memory 614 MiB.
2026-10-10T03:59:51Z INFO [163/500] 7225322a-ea36-4c39-9490-27b37b6f76e3: 48 chunks; 1.3 s; peak memory 614 MiB.
2026-10-10T03:59:53Z INFO [164/500] 72265786-49f4-485b-a1d1-21b14fecda10: 69 chunks; 1.1 s; peak memory 614 MiB.
2026-10-10T03:59:54Z INFO [165/500] 72265bda-4ab9-4127-84e6-5c5f349513e3: 48 chunks; 1.1 s; peak memory 614 MiB.
2026-10-10T04:00:02Z INFO [166/500] 722680f3-efc8-424c-a385-bbcf45bb87d9: 2922 chunks; 8.1 s; peak memory 614 MiB.
2026-10-10T04:00:04Z INFO [167/500] 7226a973-87ec-412b-a916-ea2fbac7c936: 69 chunks; 1.9 s; peak memory 614 MiB.
2026-10-10T04:00:12Z INFO [168/500] 7226b98d-9839-40cd-8d02-cd997385200c: 2923 chunks; 8.9 s; peak memory 614 MiB.
2026-10-10T04:00:14Z INFO [169/500] 7226f1e0-de53-4c43-b7c4-7f3181ea986c: 109 chunks; 1.9 s; peak memory 614 MiB.
2026-10-10T04:00:16Z INFO [170/500] 7227f85c-8f18-4c5b-a589-73189b776b8e: 46 chunks; 1.1 s; peak memory 614 MiB.
2026-10-10T04:00:17Z INFO [171/500] 722838b3-9151-4c14-b155-e04ce61ba637: 64 chunks; 1.6 s; peak memory 614 MiB.
2026-10-10T04:00:21Z INFO [172/500] 72291310-3525-4135-8e06-c6c250ad0e45: 706 chunks; 3.7 s; peak memory 614 MiB.
2026-10-10T04:00:33Z INFO [173/500] 72291a60-3853-499c-9fbd-533668897ea1: 11302 chunks; 12.2 s; peak memory 614 MiB.
2026-10-10T04:00:35Z INFO [174/500] 72293d2d-20fc-44ac-80bf-40c41916d50f: 48 chunks; 1.9 s; peak memory 614 MiB.
2026-10-10T04:01:07Z INFO [175/500] 72296cf7-2104-4313-903a-5c644ed2d221: 7919 chunks; 32.4 s; peak memory 614 MiB.
2026-10-10T04:01:15Z INFO [176/500] 7229921f-bc82-43e1-98a0-2bf68e591ef9: 11030 chunks; 7.7 s; peak memory 614 MiB.
2026-10-10T04:01:16Z INFO [177/500] 722a0a0d-e349-4d2a-9196-e955795437d0: 48 chunks; 1.3 s; peak memory 614 MiB.
2026-10-10T04:01:24Z INFO [178/500] 722a7237-0ae0-4a66-bd4e-f7f5d56e6c9b: 2923 chunks; 7.6 s; peak memory 614 MiB.
2026-10-10T04:01:25Z INFO [179/500] 722a9bc2-ce0b-4b01-b3ba-8d1b5d8c913f: 66 chunks; 1.3 s; peak memory 614 MiB.
2026-10-10T04:01:26Z INFO [180/500] 722b100d-4a8c-4c10-9a96-eea68de36daf: 48 chunks; 1.3 s; peak memory 614 MiB.
2026-10-10T04:01:27Z INFO [181/500] 722b7bea-45c1-418e-bff7-c5769d103099: 46 chunks; 1.0 s; peak memory 614 MiB.
2026-10-10T04:01:42Z INFO [182/500] 722be00f-8a5d-415d-9b63-24afae3358b4: 8826 chunks; 14.5 s; peak memory 614 MiB.
2026-10-10T04:01:44Z INFO [183/500] 722c42a0-e486-4bfb-9263-1c8ceb02f97e: 66 chunks; 1.7 s; peak memory 614 MiB.
2026-10-10T04:01:45Z INFO [184/500] 722ccd2a-6c4f-4f3b-86c4-6987b4900871: 117 chunks; 1.5 s; peak memory 614 MiB.
2026-10-10T04:01:47Z INFO [185/500] 722db680-4a65-4c4a-87ed-d7aca7951df6: 71 chunks; 2.1 s; peak memory 614 MiB.
2026-10-10T04:01:48Z INFO [186/500] 72308daa-0a4d-49ec-9af9-efb7f168383e: 48 chunks; 1.3 s; peak memory 614 MiB.
2026-10-10T04:01:50Z INFO [187/500] 72310873-9ff7-4a92-be7e-d8ab6a32b42a: 48 chunks; 1.2 s; peak memory 614 MiB.
2026-10-10T04:01:51Z INFO [188/500] 7231a53c-fd00-434e-a62a-84a7cbb99481: 115 chunks; 1.5 s; peak memory 614 MiB.
2026-10-10T04:01:53Z INFO [189/500] 7232103c-13df-4756-a771-f328c9715d3d: 118 chunks; 1.6 s; peak memory 614 MiB.
2026-10-10T04:01:59Z INFO [190/500] 72322016-1c1e-453e-a0e8-a8dbadc52147: 12028 chunks; 5.9 s; peak memory 614 MiB.
2026-10-10T04:02:00Z INFO [191/500] 72322f7f-b2f2-4737-ba38-752bfbab4739: 112 chunks; 1.7 s; peak memory 614 MiB.
2026-10-10T04:02:52Z INFO [192/500] 7233c1a8-b3d1-409f-9b4e-bb201e100011: 24936 chunks; 51.9 s; peak memory 614 MiB.
2026-10-10T04:02:54Z INFO [193/500] 723457cc-41d2-4ae9-a7f5-8b2b8c6f7aef: 112 chunks; 1.9 s; peak memory 614 MiB.
2026-10-10T04:02:56Z INFO [194/500] 7234cfa9-7ceb-4c21-a167-0d32cdb69a74: 71 chunks; 2.2 s; peak memory 614 MiB.
2026-10-10T04:02:58Z INFO [195/500] 7234e52a-373b-49a2-bfa6-1f28b032c78d: 112 chunks; 1.8 s; peak memory 614 MiB.
2026-10-10T04:03:07Z INFO [196/500] 7235ec98-80f4-40a0-92b8-b7393382a6c2: 15965 chunks; 8.6 s; peak memory 614 MiB.
2026-10-10T04:05:26Z INFO [197/500] 7235f037-61ee-44d9-a254-2d53dda0b7e6: 40663 chunks; 139.7 s; peak memory 614 MiB.
2026-10-10T04:05:28Z INFO [198/500] 723675d3-aad9-4471-bf69-3df532092382: 48 chunks; 1.3 s; peak memory 614 MiB.
2026-10-10T04:05:35Z INFO [199/500] 7236fed3-522c-46bd-aa06-f56ce19336a0: 19850 chunks; 7.6 s; peak memory 614 MiB.
2026-10-10T04:05:36Z INFO [200/500] 723804a1-ed08-44c2-acce-8c833b115ec2: 46 chunks; 0.9 s; peak memory 614 MiB.
2026-10-10T04:05:37Z INFO [200/500] 723804a1-ed08-44c2-acce-8c833b115ec2: checkpointed 102034 new records.
2026-10-10T04:05:38Z INFO [201/500] 72384914-8cc6-4574-a68c-69975707fae2: 48 chunks; 1.2 s; peak memory 614 MiB.
2026-10-10T04:05:40Z INFO [202/500] 72389ba3-c6bf-47de-aa3a-aa616e34f05a: 110 chunks; 1.8 s; peak memory 614 MiB.
2026-10-10T04:05:41Z INFO [203/500] 7238f2b3-58c9-4492-968f-9dc53c32e236: 63 chunks; 1.1 s; peak memory 614 MiB.
2026-10-10T04:05:42Z INFO [204/500] 72399295-89aa-4967-93e5-76b13caa8b74: 132 chunks; 1.3 s; peak memory 614 MiB.
2026-10-10T04:05:44Z INFO [205/500] 72399dcf-ef4d-41c0-8f9b-e52594ab72be: 112 chunks; 2.1 s; peak memory 614 MiB.
2026-10-10T04:05:45Z INFO [206/500] 7239c222-980c-497b-8830-2999b11df440: 84 chunks; 1.3 s; peak memory 614 MiB.
2026-10-10T04:05:54Z INFO [207/500] 723a502b-0d3b-410d-9bea-198e38cba1fc: 4133 chunks; 9.0 s; peak memory 614 MiB.
2026-10-10T04:06:01Z INFO [208/500] 723ae4d1-65c3-4aa4-b2a6-5f2988853bc9: 339 chunks; 6.8 s; peak memory 614 MiB.
2026-10-10T04:06:03Z INFO [209/500] 723ba9b6-1e3c-47c2-b4c1-edba25b26ecf: 66 chunks; 1.6 s; peak memory 614 MiB.
2026-10-10T04:06:04Z INFO [210/500] 723c68c9-3dfe-4fb8-914e-d97bc299fc68: 48 chunks; 1.3 s; peak memory 614 MiB.
2026-10-10T04:06:05Z INFO [211/500] 723d9508-b43f-4882-8ca2-8f82ab060a72: 52 chunks; 1.3 s; peak memory 614 MiB.
2026-10-10T04:06:30Z INFO [212/500] 723d9d31-d808-4f52-b87a-711006547d6f: 6125 chunks; 24.7 s; peak memory 614 MiB.
2026-10-10T04:06:32Z INFO [213/500] 723da3e2-fdd8-431e-866f-c27b405c8d85: 62 chunks; 2.1 s; peak memory 614 MiB.
2026-10-10T04:06:34Z INFO [214/500] 723dbd68-c6fa-4353-95fe-6517e4d596b4: 116 chunks; 1.4 s; peak memory 614 MiB.
2026-10-10T04:06:35Z INFO [215/500] 723ea4ad-776f-41da-9cb9-af93e6c38a7a: 118 chunks; 1.5 s; peak memory 614 MiB.
2026-10-10T04:06:44Z INFO [216/500] 723f81d0-8906-4d31-8b9f-1768f8af97b3: 2923 chunks; 8.5 s; peak memory 614 MiB.
2026-10-10T04:06:45Z INFO [217/500] 72401807-72b2-42c3-91ba-0cdc3af7e1be: 63 chunks; 1.1 s; peak memory 614 MiB.
2026-10-10T04:06:47Z INFO [218/500] 7240d3dd-a825-4b1d-b8d1-9853e00b1ee2: 66 chunks; 2.0 s; peak memory 614 MiB.
2026-10-10T04:06:48Z INFO [219/500] 72410420-d1b2-4d67-a30e-97298f65e285: 112 chunks; 1.7 s; peak memory 614 MiB.
2026-10-10T04:06:50Z INFO [220/500] 724232ee-0123-4c81-8c37-930560815dc0: 48 chunks; 1.2 s; peak memory 614 MiB.
2026-10-10T04:06:51Z INFO [221/500] 724242e0-0e77-4c13-9feb-5dc70f6151c1: 114 chunks; 1.3 s; peak memory 614 MiB.
2026-10-10T04:06:57Z INFO [222/500] 72425174-2b65-4938-9369-5f9cb32fed92: 238 chunks; 6.0 s; peak memory 614 MiB.
2026-10-10T04:07:00Z INFO [223/500] 72425d24-a36f-4d71-ab63-327bfa4d0633: 124 chunks; 2.8 s; peak memory 614 MiB.
2026-10-10T04:07:07Z INFO [224/500] 72435474-33c0-4e4c-a352-6546951a6479: 611 chunks; 7.0 s; peak memory 614 MiB.
2026-10-10T04:07:20Z INFO [225/500] 7244412e-2e85-4902-91f6-865f95df34f2: 10429 chunks; 13.2 s; peak memory 614 MiB.
2026-10-10T04:07:22Z INFO [226/500] 724450fc-42a4-4fde-a238-ac7ef07f3692: 112 chunks; 1.7 s; peak memory 614 MiB.
2026-10-10T04:07:25Z INFO [227/500] 7244c8f2-dbc8-49bf-8b60-7053fca86820: 2690 chunks; 2.9 s; peak memory 614 MiB.
2026-10-10T04:07:26Z INFO [228/500] 7244ddf7-d431-4a9c-b8ee-20e848397a3b: 53 chunks; 1.0 s; peak memory 614 MiB.
2026-10-10T04:07:27Z INFO [229/500] 72451436-c5a7-4f44-a655-281ffcc9d66b: 118 chunks; 1.5 s; peak memory 614 MiB.
2026-10-10T04:07:28Z INFO [230/500] 72454966-7160-43bb-a5fe-30bc7ab63626: 48 chunks; 1.3 s; peak memory 614 MiB.
2026-10-10T04:07:30Z INFO [231/500] 7245ac22-fa81-434f-8ecf-a65d758d5449: 117 chunks; 1.5 s; peak memory 614 MiB.
2026-10-10T04:07:32Z INFO [232/500] 72470a76-6b2c-4494-a5b7-81e3f481d84b: 112 chunks; 1.7 s; peak memory 614 MiB.
2026-10-10T04:07:33Z INFO [233/500] 724713d8-62d2-46e4-8ca0-e12c458fbb57: 48 chunks; 1.3 s; peak memory 614 MiB.
2026-10-10T04:07:34Z INFO [234/500] 72471445-1793-4151-8390-3eb639b354bc: 52 chunks; 1.3 s; peak memory 614 MiB.
2026-10-10T04:07:36Z INFO [235/500] 7247cbd0-2057-4f38-abee-dc6c90a9cd62: 118 chunks; 1.5 s; peak memory 614 MiB.
2026-10-10T04:07:37Z INFO [236/500] 72480860-3886-4f84-8e54-0af5d49da30a: 112 chunks; 1.8 s; peak memory 614 MiB.
2026-10-10T04:07:39Z INFO [237/500] 724852cc-20c7-4c10-b0e2-aae2ada8c9ec: 41 chunks; 1.2 s; peak memory 614 MiB.
2026-10-10T04:07:40Z INFO [238/500] 724876ec-7295-464b-80b3-8b8de6ff3f94: 48 chunks; 1.3 s; peak memory 614 MiB.
2026-10-10T04:10:00Z INFO [239/500] 72496679-3000-414a-b7b2-1028041b3603: 37945 chunks; 140.0 s; peak memory 614 MiB.
2026-10-10T04:10:01Z INFO [240/500] 7249afba-4714-4cde-960b-a92d2ba6773e: 46 chunks; 1.1 s; peak memory 614 MiB.
2026-10-10T04:10:03Z INFO [241/500] 724b1b82-a191-4383-880d-93da82b3b9df: 118 chunks; 1.9 s; peak memory 614 MiB.
2026-10-10T04:10:11Z INFO [242/500] 724cfd95-f683-4283-8006-5c137ceed7ac: 193 chunks; 7.7 s; peak memory 614 MiB.
2026-10-10T04:10:12Z INFO [243/500] 724dc10e-ea3a-454e-9e18-28f59f66d0bd: 48 chunks; 1.3 s; peak memory 614 MiB.
2026-10-10T04:10:13Z INFO [244/500] 724dc739-d5ca-496c-97c2-a1b517a1959c: 45 chunks; 1.0 s; peak memory 614 MiB.
2026-10-10T04:10:14Z INFO [245/500] 724dc822-8b35-471f-9d34-bcb05fcb9d47: 48 chunks; 1.2 s; peak memory 614 MiB.
2026-10-10T04:10:16Z INFO [246/500] 724e5411-182f-4bd8-bec9-aaac1f5930e7: 62 chunks; 1.8 s; peak memory 614 MiB.
2026-10-10T04:10:19Z INFO [247/500] 724e6b03-bbb4-4dce-a415-efe789662db7: 138 chunks; 3.0 s; peak memory 614 MiB.
2026-10-10T04:10:20Z INFO [248/500] 724e7270-f79b-4065-8595-7ff0d7d58484: 116 chunks; 1.4 s; peak memory 614 MiB.
2026-10-10T04:10:25Z INFO [249/500] 724ed0cc-03cd-4382-98f6-b78682c0c801: 369 chunks; 4.3 s; peak memory 614 MiB.
2026-10-10T04:10:26Z INFO [250/500] 724efa4a-18e6-4ac0-8893-7787e6223a53: 69 chunks; 1.3 s; peak memory 614 MiB.
2026-10-10T04:10:27Z INFO [250/500] 724efa4a-18e6-4ac0-8893-7787e6223a53: checkpointed 102084 new records.
2026-10-10T04:10:32Z INFO [251/500] 724f053e-dfc6-4f66-8f15-75dd0f555a32: 269 chunks; 5.7 s; peak memory 614 MiB.
2026-10-10T04:10:34Z INFO [252/500] 724f3c37-4caf-48fc-a2eb-3f1b5d5adbd6: 117 chunks; 1.5 s; peak memory 614 MiB.
2026-10-10T04:12:48Z INFO [253/500] 72500b4d-dc64-4889-905e-564b1c98fa58: 37869 chunks; 134.6 s; peak memory 614 MiB.
2026-10-10T04:12:50Z INFO [254/500] 7250eb3e-5628-459a-82d9-1224d0c57a15: 118 chunks; 1.5 s; peak memory 614 MiB.
2026-10-10T04:12:51Z INFO [255/500] 7250f2bb-0b85-4231-bd25-b778c8a1b377: 48 chunks; 1.3 s; peak memory 614 MiB.
2026-10-10T04:12:52Z INFO [256/500] 72514e8b-bdd3-4044-8e77-45967f8e356c: 45 chunks; 1.0 s; peak memory 614 MiB.
2026-10-10T04:12:53Z INFO [257/500] 72519c65-e737-4d12-9934-ef6695546a9e: 48 chunks; 1.4 s; peak memory 614 MiB.
2026-10-10T04:12:54Z INFO [258/500] 7251e47f-42a7-4151-b12a-c983835640bc: 52 chunks; 1.0 s; peak memory 614 MiB.
2026-10-10T04:12:56Z INFO [259/500] 7252925e-4c34-40de-be27-ff3af50e05f6: 48 chunks; 1.2 s; peak memory 614 MiB.
2026-10-10T04:12:57Z INFO [260/500] 7253d405-35e2-45ef-95e6-18257185a9fa: 39 chunks; 1.3 s; peak memory 614 MiB.
2026-10-10T04:13:02Z INFO [261/500] 72543106-8786-43ae-a474-21c29348e6aa: 3173 chunks; 5.3 s; peak memory 614 MiB.
2026-10-10T04:13:04Z INFO [262/500] 72547706-3078-45ad-b472-91cfdcc84c18: 48 chunks; 1.3 s; peak memory 614 MiB.
2026-10-10T04:13:05Z INFO [263/500] 7254866c-e296-4143-8bd2-6e0ab3255824: 52 chunks; 1.3 s; peak memory 614 MiB.
2026-10-10T04:13:07Z INFO [264/500] 7254fafb-a018-4849-b777-42d0dd86e05a: 158 chunks; 2.5 s; peak memory 614 MiB.
2026-10-10T04:13:09Z INFO [265/500] 72550098-9458-4be8-aa90-3c01fb6b55d5: 52 chunks; 1.4 s; peak memory 614 MiB.
2026-10-10T04:13:10Z INFO [266/500] 7255119a-f4ea-453b-8ee2-2d5a71447cd2: 69 chunks; 1.1 s; peak memory 614 MiB.
2026-10-10T04:13:12Z INFO [267/500] 72561e76-07ca-42c7-a483-3aebf317a8de: 57 chunks; 2.0 s; peak memory 614 MiB.
2026-10-10T04:13:14Z INFO [268/500] 7256393a-fca7-411a-b209-7c0121af58b7: 66 chunks; 1.7 s; peak memory 614 MiB.
2026-10-10T04:13:16Z INFO [269/500] 72564336-e3a2-49f6-9713-32d71c4ffc12: 112 chunks; 2.2 s; peak memory 614 MiB.
2026-10-10T04:13:17Z INFO [270/500] 725685f9-77e9-49dc-b07b-640937885c20: 48 chunks; 1.1 s; peak memory 614 MiB.
2026-10-10T04:13:27Z INFO [271/500] 72569c14-436d-41ce-87fe-5a2fdd128491: 23278 chunks; 9.7 s; peak memory 614 MiB.
2026-10-10T04:18:50Z INFO [272/500] 7256b429-b7c5-49d2-be59-36eaf13c663d: 193121 chunks; 323.6 s; peak memory 895 MiB.
2026-10-10T04:19:08Z INFO [273/500] 72571d84-f1e8-4c0a-8bd5-0dd6d3ef437c: 17957 chunks; 17.8 s; peak memory 895 MiB.
2026-10-10T04:19:09Z INFO [274/500] 7257da2f-4144-4be8-80a8-4b71743c567d: 116 chunks; 1.5 s; peak memory 895 MiB.
2026-10-10T04:19:11Z INFO [275/500] 7257f943-1c21-473b-ab8b-8054f8bd7b94: 69 chunks; 1.8 s; peak memory 895 MiB.
2026-10-10T04:19:14Z INFO [276/500] 7257fe44-a268-42f5-960d-946bad7c2a02: 138 chunks; 3.2 s; peak memory 895 MiB.
2026-10-10T04:19:16Z INFO [277/500] 72589802-c8c7-46a0-b92c-af4126ed0aed: 48 chunks; 1.5 s; peak memory 895 MiB.
2026-10-10T04:19:17Z INFO [278/500] 72595045-30b8-41d4-91cc-58b873db2d31: 48 chunks; 1.2 s; peak memory 895 MiB.
2026-10-10T04:19:18Z INFO [279/500] 7259dd8b-6cc6-4b88-8f9a-65b0bd85db8f: 48 chunks; 1.3 s; peak memory 895 MiB.
2026-10-10T04:19:20Z INFO [280/500] 725a4fb2-da60-44ef-99c3-caf8ec554418: 117 chunks; 1.3 s; peak memory 895 MiB.
2026-10-10T04:19:21Z INFO [281/500] 725b12d0-da2c-48b1-8997-46900d20c10a: 79 chunks; 1.6 s; peak memory 895 MiB.
2026-10-10T04:19:23Z INFO [282/500] 725b4b1a-5e48-4ea3-b90c-14eb8d433d53: 48 chunks; 1.3 s; peak memory 895 MiB.
2026-10-10T04:19:25Z INFO [283/500] 725c59bd-36e7-49b2-8a61-a9183dda64e3: 198 chunks; 2.7 s; peak memory 895 MiB.
2026-10-10T04:19:27Z INFO [284/500] 725c6ef1-e739-49cd-948a-e621a6b7ee61: 117 chunks; 1.5 s; peak memory 895 MiB.
2026-10-10T04:19:29Z INFO [285/500] 725d7d1b-041d-4eae-a274-7b00a692c5b1: 367 chunks; 2.1 s; peak memory 895 MiB.
2026-10-10T04:19:31Z INFO [286/500] 725dd34e-b6cc-4f5a-bb60-ca89af385f08: 112 chunks; 1.7 s; peak memory 895 MiB.
2026-10-10T04:19:32Z INFO [287/500] 725de4b5-e0e6-4bb4-8b87-e42766977c17: 52 chunks; 1.0 s; peak memory 895 MiB.
2026-10-10T04:19:33Z INFO [288/500] 725eb76e-75e7-4737-8efd-01b6cb6845a6: 204 chunks; 1.7 s; peak memory 895 MiB.
2026-10-10T04:19:35Z INFO [289/500] 725ee1ed-1dd1-4f3e-a739-2976be593a24: 93 chunks; 1.7 s; peak memory 895 MiB.
2026-10-10T04:19:37Z INFO [290/500] 725efa49-ff35-4e6c-a641-f0faadd5f6ca: 117 chunks; 1.6 s; peak memory 895 MiB.
2026-10-10T04:19:39Z INFO [291/500] 725f8837-2a30-41d4-bc99-6134245365ab: 158 chunks; 2.7 s; peak memory 895 MiB.
2026-10-10T04:19:41Z INFO [292/500] 72600af2-4e60-4fdb-946f-11327aef674f: 117 chunks; 1.6 s; peak memory 895 MiB.
2026-10-10T04:19:42Z INFO [293/500] 726082d3-325c-4c09-b1f4-7740f98cc23a: 46 chunks; 1.1 s; peak memory 895 MiB.
2026-10-10T04:21:59Z INFO [294/500] 7262808e-b2ef-4aa4-8b0f-a4093c77ae3d: 40622 chunks; 137.3 s; peak memory 895 MiB.
2026-10-10T04:22:09Z INFO [295/500] 72633dd6-29ad-4b12-853e-407b7beb6275: 11631 chunks; 9.7 s; peak memory 895 MiB.
2026-10-10T04:22:10Z INFO [296/500] 72634507-d308-4a28-98f8-de8a4c7e7ad2: 118 chunks; 1.3 s; peak memory 895 MiB.
2026-10-10T04:22:12Z INFO [297/500] 72645d8f-cb5f-4de3-bba6-04bc668729da: 48 chunks; 1.2 s; peak memory 895 MiB.
2026-10-10T04:22:13Z INFO [298/500] 726474c9-02ff-42e7-9f4b-e7c39c56f317: 117 chunks; 1.5 s; peak memory 895 MiB.
2026-10-10T04:22:16Z INFO [299/500] 7264c4e9-946f-4b67-9b20-492dcc563aaf: 119 chunks; 2.5 s; peak memory 895 MiB.
2026-10-10T04:22:17Z INFO [300/500] 726591c9-a034-4f43-9124-2f6a46689dc6: 48 chunks; 1.2 s; peak memory 895 MiB.
2026-10-10T04:22:17Z INFO [300/500] 726591c9-a034-4f43-9124-2f6a46689dc6: checkpointed 102134 new records.
2026-10-10T04:22:39Z INFO [301/500] 7265b287-4a7d-49f0-9bea-3b86648b7676: 11577 chunks; 21.4 s; peak memory 895 MiB.
2026-10-10T04:22:49Z INFO [302/500] 726675d1-3c44-45c7-bf1f-a0a94781844b: 19109 chunks; 10.7 s; peak memory 895 MiB.
2026-10-10T04:25:03Z INFO [303/500] 7266ffb8-9bdc-47a2-bc9e-0ea0c7d72710: 41207 chunks; 133.5 s; peak memory 895 MiB.
2026-10-10T04:25:05Z INFO [304/500] 72671cd0-fc63-485e-960b-11f603f160ff: 112 chunks; 1.8 s; peak memory 895 MiB.
2026-10-10T04:25:09Z INFO [305/500] 7268c946-5451-4b91-84fa-a43eb7463245: 2241 chunks; 4.2 s; peak memory 895 MiB.
2026-10-10T04:25:11Z INFO [306/500] 72695f3e-0461-49a9-b4b6-d0ef3ec20c6e: 118 chunks; 2.1 s; peak memory 895 MiB.
2026-10-10T04:25:13Z INFO [307/500] 726a2e71-a3b2-4a2a-9ce5-187c309c09e0: 105 chunks; 2.2 s; peak memory 895 MiB.
2026-10-10T04:25:14Z INFO [308/500] 726a6e6a-43c7-479e-b025-9126413cc908: 48 chunks; 1.3 s; peak memory 895 MiB.
2026-10-10T04:25:24Z INFO [309/500] 726acb24-94e2-4aa3-842e-f3f01eb65b0e: 957 chunks; 9.6 s; peak memory 895 MiB.
2026-10-10T04:25:26Z INFO [310/500] 726ae3bd-ae85-498b-b662-86b69b0b660b: 71 chunks; 2.3 s; peak memory 895 MiB.
2026-10-10T04:25:28Z INFO [311/500] 726caf88-049d-468d-ac2a-e88c422408b6: 118 chunks; 1.5 s; peak memory 895 MiB.
2026-10-10T04:25:29Z INFO [312/500] 726ce4b7-3d07-43d4-84af-83882bbd3513: 31 chunks; 1.0 s; peak memory 895 MiB.
2026-10-10T04:25:42Z INFO [313/500] 726d5258-db3c-4a5a-90eb-ec7717b46667: 19038 chunks; 13.3 s; peak memory 895 MiB.
2026-10-10T04:25:44Z INFO [314/500] 726de850-7ec8-4d3a-8b1b-57cd9559318c: 117 chunks; 1.5 s; peak memory 895 MiB.
2026-10-10T04:25:45Z INFO [315/500] 726ea29d-37a9-4904-a9fc-366a7022e80b: 57 chunks; 1.0 s; peak memory 895 MiB.
2026-10-10T04:25:55Z INFO [316/500] 726ecc71-c0da-40e5-a7bd-0349ee23232f: 5825 chunks; 10.0 s; peak memory 895 MiB.
2026-10-10T04:25:56Z INFO [317/500] 726f837c-48a9-4410-986c-ff5bc4220a95: 64 chunks; 1.8 s; peak memory 895 MiB.
2026-10-10T04:26:16Z INFO [318/500] 7270a090-b3f5-4bba-adb3-03b04f405d4d: 1398 chunks; 19.8 s; peak memory 895 MiB.
2026-10-10T04:26:19Z INFO [319/500] 7270c227-e6f9-4be0-b241-d9babe68ead1: 115 chunks; 3.1 s; peak memory 895 MiB.
2026-10-10T04:26:21Z INFO [320/500] 7270dd24-8d0b-4e3b-aa10-d6446b78625b: 112 chunks; 1.7 s; peak memory 895 MiB.
2026-10-10T04:26:24Z INFO [321/500] 72717816-c3c6-403d-ac82-87757653a14f: 506 chunks; 3.4 s; peak memory 895 MiB.
2026-10-10T04:26:26Z INFO [322/500] 7271c262-cde2-4327-9338-112ce925349a: 118 chunks; 1.6 s; peak memory 895 MiB.
2026-10-10T04:26:27Z INFO [323/500] 7271c869-c09c-468c-a097-ef7930f7c8f7: 116 chunks; 1.6 s; peak memory 895 MiB.
2026-10-10T04:26:29Z INFO [324/500] 72730761-f51d-4037-877f-de54d20a9d96: 112 chunks; 1.9 s; peak memory 895 MiB.
2026-10-10T04:26:32Z INFO [325/500] 7273841c-0053-4683-b5cc-424b81aafaa0: 997 chunks; 2.6 s; peak memory 895 MiB.
2026-10-10T04:26:39Z INFO [326/500] 72746e8d-67aa-46b4-b94f-32e302758588: 2923 chunks; 7.6 s; peak memory 895 MiB.
2026-10-10T04:26:41Z INFO [327/500] 72748bd9-3bf2-446c-9e2e-22dabefbdeda: 118 chunks; 1.5 s; peak memory 895 MiB.
2026-10-10T04:26:44Z INFO [328/500] 7274add9-cdf3-4352-8548-f6488afba4a4: 154 chunks; 2.7 s; peak memory 895 MiB.
2026-10-10T04:26:46Z INFO [329/500] 72754cbe-b8e6-494b-a3db-95956befc585: 71 chunks; 2.1 s; peak memory 895 MiB.
2026-10-10T04:26:47Z INFO [330/500] 72756f3b-a4d5-49e6-9942-bc0ebcab1523: 51 chunks; 1.6 s; peak memory 895 MiB.
2026-10-10T04:26:49Z INFO [331/500] 72757400-32b9-4532-9cf2-dfafc74db239: 48 chunks; 1.2 s; peak memory 895 MiB.
2026-10-10T04:26:50Z INFO [332/500] 72762837-25c6-488d-b612-3efde48af8fe: 117 chunks; 1.5 s; peak memory 895 MiB.
2026-10-10T04:26:57Z INFO [333/500] 7276cdea-3880-4487-a3a4-976da2cb28b5: 12204 chunks; 7.2 s; peak memory 895 MiB.
2026-10-10T04:27:00Z INFO [334/500] 7276df2b-8168-49cb-ab7a-3539d7834afa: 118 chunks; 2.3 s; peak memory 895 MiB.
2026-10-10T04:27:01Z INFO [335/500] 72788580-5221-4522-a573-57193a8d5894: 116 chunks; 1.4 s; peak memory 895 MiB.
2026-10-10T04:27:03Z INFO [336/500] 727932f1-83c1-4a14-9bb2-33681aabdd0b: 62 chunks; 1.9 s; peak memory 895 MiB.
2026-10-10T04:27:04Z INFO [337/500] 72798500-0e38-40a0-b9da-50ca93291c83: 48 chunks; 1.2 s; peak memory 895 MiB.
2026-10-10T04:27:06Z INFO [338/500] 727a4b5b-9f93-4b47-b8c6-ac90c8498d74: 117 chunks; 1.5 s; peak memory 895 MiB.
2026-10-10T04:27:12Z INFO [339/500] 727a54e3-77ee-4afd-bc7f-4d1e139282cf: 675 chunks; 6.3 s; peak memory 895 MiB.
2026-10-10T04:27:14Z INFO [340/500] 727b015e-16bd-4f4f-a651-123e1ea12437: 111 chunks; 1.7 s; peak memory 895 MiB.
2026-10-10T04:27:47Z INFO [341/500] 727b8429-7bda-4e2b-bfe0-8df7d1dc1184: 13353 chunks; 32.9 s; peak memory 895 MiB.
2026-10-10T04:27:48Z INFO [342/500] 727bca88-6af1-4060-8e7c-206253498910: 46 chunks; 0.9 s; peak memory 895 MiB.
2026-10-10T04:27:49Z INFO [343/500] 727de2a8-f9c6-4647-b59e-aa010fa954d3: 69 chunks; 1.8 s; peak memory 895 MiB.
2026-10-10T04:27:51Z INFO [344/500] 727dfe92-dddb-4e35-af20-64d08fc7020e: 112 chunks; 1.6 s; peak memory 895 MiB.
2026-10-10T04:27:52Z INFO [345/500] 727e779d-5b90-430a-a4d0-ed79cbb3da65: 48 chunks; 1.2 s; peak memory 895 MiB.
2026-10-10T04:27:54Z INFO [346/500] 727ecc5f-75e0-479c-b8d3-95b4d054fca8: 118 chunks; 1.6 s; peak memory 895 MiB.
2026-10-10T04:27:55Z INFO [347/500] 727ed77b-1a8b-4963-81c8-cd6a35832063: 117 chunks; 1.6 s; peak memory 895 MiB.
2026-10-10T04:27:58Z INFO [348/500] 727eeab9-7ced-4dbf-bdca-eda913efb46f: 141 chunks; 2.4 s; peak memory 895 MiB.
2026-10-10T04:28:01Z INFO [349/500] 727f9e7d-01ab-4d93-aea1-dfa183b78909: 105 chunks; 3.1 s; peak memory 895 MiB.
2026-10-10T04:28:02Z INFO [350/500] 728033a2-e6ed-409a-982d-f2ae54eb60eb: 92 chunks; 1.3 s; peak memory 895 MiB.
2026-10-10T04:28:02Z INFO [350/500] 728033a2-e6ed-409a-982d-f2ae54eb60eb: checkpointed 102184 new records.
2026-10-10T04:28:04Z INFO [351/500] 7280a75f-7d3d-4e47-a275-11878f801556: 77 chunks; 1.3 s; peak memory 895 MiB.
2026-10-10T04:28:07Z INFO [352/500] 72818fff-6b4e-45f6-9a57-48170d3cbde9: 119 chunks; 3.0 s; peak memory 895 MiB.
2026-10-10T04:28:08Z INFO [353/500] 7281b60d-5924-4fd7-91d9-e80695ca1612: 48 chunks; 1.1 s; peak memory 895 MiB.
2026-10-10T04:28:09Z INFO [354/500] 72822d36-4027-47e0-b6e5-d1c97d223c49: 78 chunks; 1.4 s; peak memory 895 MiB.
2026-10-10T04:28:18Z INFO [355/500] 7282d5f9-4eef-415d-9ec1-f4fd759d2abc: 9177 chunks; 8.3 s; peak memory 895 MiB.
2026-10-10T04:28:19Z INFO [356/500] 7282f655-e7c4-4370-ac14-25518f17bcac: 69 chunks; 1.5 s; peak memory 895 MiB.
2026-10-10T04:28:21Z INFO [357/500] 7282fdcb-8812-469c-b3ee-d6076a486962: 69 chunks; 1.5 s; peak memory 895 MiB.
2026-10-10T04:28:24Z INFO [358/500] 7283a355-4d89-45dc-9492-5348bdbf2536: 156 chunks; 3.8 s; peak memory 895 MiB.
2026-10-10T04:28:26Z INFO [359/500] 72852362-aba3-4f2e-9b46-013484ea9524: 48 chunks; 1.2 s; peak memory 895 MiB.
2026-10-10T04:28:31Z INFO [360/500] 728592d7-d81a-40d3-a0ed-885c391e09c2: 4936 chunks; 5.9 s; peak memory 895 MiB.
2026-10-10T04:28:34Z INFO [361/500] 7286266f-d687-4469-aa1f-dad0d3cc5306: 119 chunks; 2.3 s; peak memory 895 MiB.
2026-10-10T04:28:40Z INFO [362/500] 728725a6-d1b0-4557-8e5c-9f6eff10b817: 2276 chunks; 6.4 s; peak memory 895 MiB.
2026-10-10T04:28:41Z INFO [363/500] 728751ed-9b3b-4fd8-a219-0ebd90c71cb4: 48 chunks; 1.2 s; peak memory 895 MiB.
2026-10-10T04:28:43Z INFO [364/500] 72883273-7de0-4314-9b50-5a82c81754c5: 48 chunks; 1.2 s; peak memory 895 MiB.
2026-10-10T04:28:44Z INFO [365/500] 7288a38f-a406-4b6e-b959-d70db927b18c: 44 chunks; 1.3 s; peak memory 895 MiB.
2026-10-10T04:28:45Z INFO [366/500] 72890693-4b3c-4061-8304-ba369c35c1de: 117 chunks; 1.4 s; peak memory 895 MiB.
2026-10-10T04:28:48Z INFO [367/500] 728950f3-b662-42be-bfad-68a0d0a0fd8c: 362 chunks; 3.1 s; peak memory 895 MiB.
2026-10-10T04:28:50Z INFO [368/500] 72895a03-9c1e-48f0-b154-d077473e75bd: 117 chunks; 1.6 s; peak memory 895 MiB.
2026-10-10T04:28:51Z INFO [369/500] 728aa144-c766-4246-a2a4-61a7b6acce23: 118 chunks; 1.4 s; peak memory 895 MiB.
2026-10-10T04:28:55Z INFO [370/500] 728be426-f611-4e11-afa1-b42d643032f2: 156 chunks; 3.4 s; peak memory 895 MiB.
2026-10-10T04:28:57Z INFO [371/500] 728c0f51-b23e-4eef-8eb5-6b033e28351a: 71 chunks; 1.9 s; peak memory 895 MiB.
2026-10-10T04:28:58Z INFO [372/500] 728c74fe-b827-44e4-bb61-c79fb274a538: 117 chunks; 1.5 s; peak memory 895 MiB.
2026-10-10T04:29:00Z INFO [373/500] 728ce827-1d3a-49bf-aa54-99b32207110f: 112 chunks; 2.0 s; peak memory 895 MiB.
2026-10-10T04:29:01Z INFO [374/500] 728d7c84-947d-4c7a-83fa-8cfb2ad7fcf3: 48 chunks; 1.2 s; peak memory 895 MiB.
2026-10-10T04:29:03Z INFO [375/500] 728d869b-6491-495f-a774-42a147358c7c: 112 chunks; 1.7 s; peak memory 895 MiB.
2026-10-10T04:29:05Z INFO [376/500] 728d8da6-8c26-42dc-9225-577668671e98: 112 chunks; 1.6 s; peak memory 895 MiB.
2026-10-10T04:29:13Z INFO [377/500] 728ddef4-e9c5-43fd-a281-e77aee2027ad: 4151 chunks; 8.2 s; peak memory 895 MiB.
2026-10-10T04:29:14Z INFO [378/500] 728df8fb-f7a8-415c-a82d-5584363ea130: 48 chunks; 1.2 s; peak memory 895 MiB.
2026-10-10T04:29:15Z INFO [379/500] 728e1b81-9ac7-432f-9283-0b8ee54ef9b9: 48 chunks; 1.2 s; peak memory 895 MiB.
2026-10-10T04:29:20Z INFO [380/500] 728f2fc3-a3c3-4a1a-a309-a691f9e768a2: 6073 chunks; 5.0 s; peak memory 895 MiB.
2026-10-10T04:29:22Z INFO [381/500] 728f9e96-6f20-4480-9ece-5b9a01d13f62: 110 chunks; 2.0 s; peak memory 895 MiB.
2026-10-10T04:29:24Z INFO [382/500] 728ff3bf-76ef-456d-a475-8b161ace027b: 48 chunks; 1.2 s; peak memory 895 MiB.
2026-10-10T04:29:25Z INFO [383/500] 728ff573-8cb9-4886-b556-17b30c299f23: 117 chunks; 1.6 s; peak memory 895 MiB.
2026-10-10T04:29:27Z INFO [384/500] 729090aa-5a6a-4732-b1a0-2092377d869a: 106 chunks; 2.2 s; peak memory 895 MiB.
2026-10-10T04:29:29Z INFO [385/500] 72937e42-ccb2-4322-b257-1220679e9cc6: 275 chunks; 1.7 s; peak memory 895 MiB.
2026-10-10T04:31:39Z INFO [386/500] 7293c58a-e100-4605-a482-6a170f8e4a5e: 38170 chunks; 129.4 s; peak memory 895 MiB.
2026-10-10T04:31:40Z INFO [387/500] 7293de9c-656f-47f2-b943-50b66dc3421c: 48 chunks; 1.2 s; peak memory 895 MiB.
2026-10-10T04:31:51Z INFO [388/500] 729445d2-0d99-4bea-bc1f-c9f67e61f303: 1369 chunks; 11.2 s; peak memory 895 MiB.
2026-10-10T04:31:52Z INFO [389/500] 7295f034-6302-4ade-9499-b254d06da3e1: 53 chunks; 1.0 s; peak memory 895 MiB.
2026-10-10T04:31:54Z INFO [390/500] 72972492-fc0d-46c5-a4e6-dc350b6a8bea: 112 chunks; 1.6 s; peak memory 895 MiB.
2026-10-10T04:31:55Z INFO [391/500] 729752dc-d011-43cb-9f2d-5199dda82a81: 46 chunks; 1.0 s; peak memory 895 MiB.
2026-10-10T04:31:57Z INFO [392/500] 729755e4-63a5-47bd-9b2a-d4708401a1da: 157 chunks; 2.9 s; peak memory 895 MiB.
2026-10-10T04:31:59Z INFO [393/500] 72987717-dd0f-47cb-8764-669cc14246b6: 48 chunks; 1.2 s; peak memory 895 MiB.
2026-10-10T04:32:00Z INFO [394/500] 7298cbfe-b5cb-4285-8da8-eeaef73be849: 48 chunks; 1.3 s; peak memory 895 MiB.
2026-10-10T04:32:06Z INFO [395/500] 729aab3b-ae6c-41cb-a88e-ca9d3a4423cc: 174 chunks; 5.9 s; peak memory 895 MiB.
2026-10-10T04:32:08Z INFO [396/500] 729b12c2-fd17-4fd7-90c2-f1de45b987bd: 116 chunks; 1.6 s; peak memory 895 MiB.
2026-10-10T04:32:09Z INFO [397/500] 729c3c15-5b4a-40e8-a1e5-e5291582e6cf: 117 chunks; 1.5 s; peak memory 895 MiB.
2026-10-10T04:32:11Z INFO [398/500] 729c7948-14d5-442e-a48b-e7988351efee: 118 chunks; 1.5 s; peak memory 895 MiB.
2026-10-10T04:32:12Z INFO [399/500] 729c95b1-3f54-43fc-9a12-aef8f49a00ae: 48 chunks; 1.3 s; peak memory 895 MiB.
2026-10-10T04:32:13Z INFO [400/500] 729e6f6a-7338-4b24-b853-0527ff8b3f60: 48 chunks; 1.3 s; peak memory 895 MiB.
2026-10-10T04:32:13Z INFO [400/500] 729e6f6a-7338-4b24-b853-0527ff8b3f60: checkpointed 102234 new records.
2026-10-10T04:32:15Z INFO [401/500] 729f40b8-1c0d-4b09-8fca-23b303df8a9c: 110 chunks; 1.4 s; peak memory 895 MiB.
2026-10-10T04:32:17Z INFO [402/500] 729fea43-245d-412a-96dc-70619cbc5a52: 66 chunks; 1.6 s; peak memory 895 MiB.
2026-10-10T04:32:25Z INFO [403/500] 72a02432-4635-47ea-b6a3-303b0d47659f: 5113 chunks; 8.8 s; peak memory 895 MiB.
2026-10-10T04:32:26Z INFO [404/500] 72a04fbc-ba3e-4fe4-a67d-e8086d0af63f: 46 chunks; 1.1 s; peak memory 895 MiB.
2026-10-10T04:32:28Z INFO [405/500] 72a07b9d-f797-480b-bbe2-22ea1bafb530: 48 chunks; 1.3 s; peak memory 895 MiB.
2026-10-10T04:32:30Z INFO [406/500] 72a0ea06-aa93-4dd3-ac65-d080546e8e10: 115 chunks; 1.9 s; peak memory 895 MiB.
2026-10-10T04:32:31Z INFO [407/500] 72a150d6-fc1d-4ced-a5c8-e97234b4b6f9: 56 chunks; 1.0 s; peak memory 895 MiB.
2026-10-10T04:32:32Z INFO [408/500] 72a15b0d-ec43-49c1-848c-57a5489126ec: 118 chunks; 1.4 s; peak memory 895 MiB.
2026-10-10T04:32:34Z INFO [409/500] 72a1b670-388b-4d2a-b819-81ae2856761a: 66 chunks; 2.3 s; peak memory 895 MiB.
2026-10-10T04:32:37Z INFO [410/500] 72a2430b-1f07-4d5e-a396-26da0bdd371b: 115 chunks; 2.9 s; peak memory 895 MiB.
2026-10-10T04:32:40Z INFO [411/500] 72a25b26-cd11-4d6b-b2b8-833fd13973e7: 115 chunks; 2.8 s; peak memory 895 MiB.
2026-10-10T04:32:45Z INFO [412/500] 72a3d5c7-2fe9-42df-a47d-fa9111041aa5: 7926 chunks; 5.2 s; peak memory 895 MiB.
2026-10-10T04:32:56Z INFO [413/500] 72a3e252-1982-4ba3-ac86-5a6b6590ee7d: 792 chunks; 11.1 s; peak memory 895 MiB.
2026-10-10T04:33:04Z INFO [414/500] 72a412c1-125c-49b6-9066-87904f6fc2b4: 6800 chunks; 7.6 s; peak memory 895 MiB.
2026-10-10T04:33:05Z INFO [415/500] 72a449f6-43fa-438b-9d2a-124ae6d66710: 117 chunks; 1.5 s; peak memory 895 MiB.
2026-10-10T04:33:07Z INFO [416/500] 72a62f39-2156-4676-8aa0-647c6b5e0846: 117 chunks; 1.5 s; peak memory 895 MiB.
2026-10-10T04:33:08Z INFO [417/500] 72a6da0c-740f-4134-b95f-bd7982e3be82: 112 chunks; 1.5 s; peak memory 895 MiB.
2026-10-10T04:33:10Z INFO [418/500] 72a70df0-2d78-4cec-bbcb-7342b59c3343: 118 chunks; 1.5 s; peak memory 895 MiB.
2026-10-10T04:33:11Z INFO [419/500] 72a78231-f74d-4b04-a7d0-bd0cc03dedf6: 48 chunks; 1.3 s; peak memory 895 MiB.
2026-10-10T04:33:13Z INFO [420/500] 72a7a596-ce06-4dd8-a051-9954394f3a2f: 69 chunks; 1.7 s; peak memory 895 MiB.
2026-10-10T04:33:15Z INFO [421/500] 72a7ad76-48f0-46bd-b31b-391c4406da5b: 71 chunks; 2.2 s; peak memory 895 MiB.
2026-10-10T04:33:17Z INFO [422/500] 72a7c2fc-d84c-439e-8927-d2fafa9e583a: 84 chunks; 1.6 s; peak memory 895 MiB.
2026-10-10T04:33:18Z INFO [423/500] 72a81b0d-c169-4441-9c97-49f055c79cec: 112 chunks; 1.5 s; peak memory 895 MiB.
2026-10-10T04:33:43Z INFO [424/500] 72a8960c-8498-42aa-ac4a-e81ced579a56: 6126 chunks; 25.3 s; peak memory 895 MiB.
2026-10-10T04:34:09Z INFO [425/500] 72a8b954-823d-4b66-a034-3e40939881d8: 5053 chunks; 25.9 s; peak memory 895 MiB.
2026-10-10T04:34:11Z INFO [426/500] 72a959bc-7ceb-4195-9c3a-272562a45c13: 48 chunks; 1.2 s; peak memory 895 MiB.
2026-10-10T04:34:12Z INFO [427/500] 72a98308-ef02-4b77-89c0-d39bd456605f: 62 chunks; 1.7 s; peak memory 895 MiB.
2026-10-10T04:34:28Z INFO [428/500] 72a9d251-f29c-458a-916e-76251e22c651: 4647 chunks; 15.5 s; peak memory 895 MiB.
2026-10-10T04:34:34Z INFO [429/500] 72aa2da0-75cc-4ff6-b587-059fe74ab2b4: 4004 chunks; 6.5 s; peak memory 895 MiB.
2026-10-10T04:34:35Z INFO [430/500] 72abcfb8-a065-4325-8ee6-8c8cf5e91ae2: 48 chunks; 1.2 s; peak memory 895 MiB.
2026-10-10T04:34:37Z INFO [431/500] 72abfedd-c235-4edb-950c-10f958a572b8: 48 chunks; 1.3 s; peak memory 895 MiB.
2026-10-10T04:34:38Z INFO [432/500] 72acc1f1-eaec-41c4-9079-e9a02b1c0011: 48 chunks; 1.3 s; peak memory 895 MiB.
2026-10-10T04:34:39Z INFO [433/500] 72acce38-2e92-4a4d-bcff-adcc17e263bb: 118 chunks; 1.4 s; peak memory 895 MiB.
2026-10-10T04:34:41Z INFO [434/500] 72acdf15-beb3-401a-a362-9c392ec69570: 72 chunks; 1.5 s; peak memory 895 MiB.
2026-10-10T04:34:42Z INFO [435/500] 72ad2a73-74a1-48f4-b030-2468920fdb17: 48 chunks; 1.3 s; peak memory 895 MiB.
2026-10-10T04:34:44Z INFO [436/500] 72af00d0-1716-493e-b34a-54d9e56478ee: 118 chunks; 1.7 s; peak memory 895 MiB.
2026-10-10T04:34:46Z INFO [437/500] 72afc4e2-8329-4fd5-9603-1046572ae412: 66 chunks; 1.7 s; peak memory 895 MiB.
2026-10-10T04:34:47Z INFO [438/500] 72afe42f-8757-459b-8492-66316e68cc01: 72 chunks; 1.6 s; peak memory 895 MiB.
2026-10-10T04:34:59Z INFO [439/500] 72b01b69-8210-4e9d-8195-79f233358e29: 16349 chunks; 11.5 s; peak memory 895 MiB.
2026-10-10T04:35:00Z INFO [440/500] 72b033e1-8307-48bc-a299-f3841e09534b: 48 chunks; 1.2 s; peak memory 895 MiB.
2026-10-10T04:35:01Z INFO [441/500] 72b03efb-da73-4e39-b02d-d6070a8da856: 69 chunks; 1.1 s; peak memory 895 MiB.
2026-10-10T04:35:03Z INFO [442/500] 72b29791-0e0c-4fca-8ae6-00c14919b7fc: 112 chunks; 1.9 s; peak memory 895 MiB.
2026-10-10T04:35:04Z INFO [443/500] 72b2fb76-8252-4da9-8696-f647b0c163d3: 48 chunks; 1.3 s; peak memory 895 MiB.
2026-10-10T04:35:06Z INFO [444/500] 72b33dfc-ee09-4bfa-9f1c-cbd72267ac73: 118 chunks; 1.7 s; peak memory 895 MiB.
2026-10-10T04:35:07Z INFO [445/500] 72b3674a-ae1c-4c9b-b02b-dd596904db9a: 65 chunks; 1.5 s; peak memory 895 MiB.
2026-10-10T04:35:09Z INFO [446/500] 72b38c38-b922-4ce2-9499-0ac11abbba04: 110 chunks; 1.5 s; peak memory 895 MiB.
2026-10-10T04:35:12Z INFO [447/500] 72b3ce22-e8b3-42e3-89f9-f5cad779e328: 119 chunks; 3.4 s; peak memory 895 MiB.
2026-10-10T04:37:48Z INFO [448/500] 72b4c51f-ca6f-4dd9-b3f3-8d2189debf5a: 44535 chunks; 156.0 s; peak memory 895 MiB.
2026-10-10T04:37:49Z INFO [449/500] 72b4f66c-ce7b-4002-baa3-d033bb73508e: 63 chunks; 1.2 s; peak memory 895 MiB.
2026-10-10T04:37:51Z INFO [450/500] 72b55233-b91d-441f-bcfe-cfd7ed13e25d: 117 chunks; 1.6 s; peak memory 895 MiB.
2026-10-10T04:37:51Z INFO [450/500] 72b55233-b91d-441f-bcfe-cfd7ed13e25d: checkpointed 102284 new records.
2026-10-10T04:37:53Z INFO [451/500] 72b55417-0b77-4dc6-b76b-eb609a978eab: 118 chunks; 1.4 s; peak memory 895 MiB.
2026-10-10T04:37:54Z INFO [452/500] 72b576f6-f464-40e5-9ea4-728c00a7d473: 116 chunks; 1.4 s; peak memory 895 MiB.
2026-10-10T04:37:55Z INFO [453/500] 72b5dec1-032a-44bb-b2e4-39bfe05a66d6: 117 chunks; 1.3 s; peak memory 895 MiB.
2026-10-10T04:37:57Z INFO [454/500] 72b6b497-8248-4f35-a48f-2f8515984dc1: 49 chunks; 1.6 s; peak memory 895 MiB.
2026-10-10T04:37:58Z INFO [455/500] 72b717a7-07bc-4ab2-96fe-8a6a506c73d5: 48 chunks; 1.2 s; peak memory 895 MiB.
2026-10-10T04:37:59Z INFO [456/500] 72b7c91b-7941-45e4-94b3-6f60f1ab8b56: 46 chunks; 1.2 s; peak memory 895 MiB.
2026-10-10T04:38:01Z INFO [457/500] 72b8126e-099e-4855-ae77-2f40407745bb: 115 chunks; 1.7 s; peak memory 895 MiB.
2026-10-10T04:42:13Z INFO [458/500] 72b8445e-2fe3-4ced-8273-221c3a55b508: 75775 chunks; 252.3 s; peak memory 895 MiB.
2026-10-10T04:42:25Z INFO [459/500] 72b8a9a4-ab2a-4482-8a63-64f695df17c7: 20582 chunks; 11.4 s; peak memory 895 MiB.
2026-10-10T04:42:26Z INFO [460/500] 72b8d3dd-100d-40cd-8c1e-2db5f7912924: 48 chunks; 1.3 s; peak memory 895 MiB.
2026-10-10T04:42:29Z INFO [461/500] 72b92f43-b950-4cc0-915a-c5f3757103ad: 71 chunks; 2.7 s; peak memory 895 MiB.
2026-10-10T04:42:30Z INFO [462/500] 72b97b8c-5b0f-49b1-bb04-cce46e27c617: 48 chunks; 1.4 s; peak memory 895 MiB.
2026-10-10T04:42:31Z INFO [463/500] 72b990b6-8507-4067-ae22-f08ff11a7718: 117 chunks; 1.2 s; peak memory 895 MiB.
2026-10-10T04:42:33Z INFO [464/500] 72ba0bd0-7fa8-4fde-9534-c52924d8b9f7: 118 chunks; 1.4 s; peak memory 895 MiB.
2026-10-10T04:42:55Z INFO [465/500] 72ba5106-dbfb-4a75-9196-7d5d3bda3303: 6139 chunks; 22.5 s; peak memory 895 MiB.
2026-10-10T04:42:57Z INFO [466/500] 72bb0ee0-db3c-42c9-ad8c-f2c7c76c8688: 43 chunks; 1.1 s; peak memory 895 MiB.
2026-10-10T04:43:02Z INFO [467/500] 72bb8f8c-9ee3-4d69-827a-c1ab9c19a529: 174 chunks; 5.9 s; peak memory 895 MiB.
2026-10-10T04:43:03Z INFO [468/500] 72bbdcf8-9e97-4aa0-9149-9579f4d0f4d1: 33 chunks; 1.0 s; peak memory 895 MiB.
2026-10-10T04:43:07Z INFO [469/500] 72bbf903-fb0c-4a56-b7a2-7555c3874f5f: 156 chunks; 3.6 s; peak memory 895 MiB.
2026-10-10T04:43:08Z INFO [470/500] 72bc0b3d-2e9b-4bf6-8386-0111052798e9: 48 chunks; 1.2 s; peak memory 895 MiB.
2026-10-10T04:43:09Z INFO [471/500] 72bc56d8-0d22-4db0-be8e-1c4c488648f8: 48 chunks; 1.2 s; peak memory 895 MiB.
2026-10-10T04:43:11Z INFO [472/500] 72bc6aae-7ccb-4723-8097-c767f4509356: 106 chunks; 1.3 s; peak memory 895 MiB.
2026-10-10T04:43:13Z INFO [473/500] 72bdf09b-4ca0-4312-bcb1-bcfddc44ba17: 71 chunks; 2.0 s; peak memory 895 MiB.
2026-10-10T04:43:14Z INFO [474/500] 72bf31a4-4683-4191-80f8-4c798e0bd050: 110 chunks; 1.7 s; peak memory 895 MiB.
2026-10-10T04:43:57Z INFO [475/500] 72bf79ec-3864-4eff-a465-ee5352c0c100: 21826 chunks; 42.8 s; peak memory 895 MiB.
2026-10-10T04:43:58Z INFO [476/500] 72bfa0be-d0cd-4d6d-bb45-e16321346366: 48 chunks; 1.2 s; peak memory 895 MiB.
2026-10-10T04:44:00Z INFO [477/500] 72c04b92-c0b8-4031-898e-9bc63f082db6: 67 chunks; 1.6 s; peak memory 895 MiB.
2026-10-10T04:44:02Z INFO [478/500] 72c18b64-ff5a-4e09-8a76-bcdbfa110d24: 117 chunks; 1.7 s; peak memory 895 MiB.
2026-10-10T04:44:03Z INFO [479/500] 72c3de05-8d56-491b-9f8c-d40113f72591: 48 chunks; 1.3 s; peak memory 895 MiB.
2026-10-10T04:44:04Z INFO [480/500] 72c3df45-db3f-4c77-970d-e57eed96796d: 48 chunks; 1.3 s; peak memory 895 MiB.
2026-10-10T04:44:06Z INFO [481/500] 72c42426-47a5-4f8c-a559-9450d1927eff: 112 chunks; 1.9 s; peak memory 895 MiB.
2026-10-10T04:44:07Z INFO [482/500] 72c4b042-3ceb-4cde-aeab-39421b286541: 117 chunks; 1.4 s; peak memory 895 MiB.
2026-10-10T04:44:09Z INFO [483/500] 72c4c7ca-fb5e-459b-9b49-cbe45ba95faa: 69 chunks; 1.8 s; peak memory 895 MiB.
2026-10-10T04:44:10Z INFO [484/500] 72c509ae-340f-452a-834a-69fc556dd413: 48 chunks; 1.2 s; peak memory 895 MiB.
2026-10-10T04:44:11Z INFO [485/500] 72c53e10-4cb1-4312-b387-37ae0ac37999: 51 chunks; 1.0 s; peak memory 895 MiB.
2026-10-10T04:44:48Z INFO [486/500] 72c54934-0901-4b30-b9a3-55d5aaf69a89: 1414 chunks; 36.4 s; peak memory 895 MiB.
2026-10-10T04:45:01Z INFO [487/500] 72c56b35-b4cc-4758-87bf-4f1fa126fd17: 16134 chunks; 12.9 s; peak memory 895 MiB.
2026-10-10T04:45:02Z INFO [488/500] 72c58a47-7ccb-468b-9df9-a809ce682ee3: 289 chunks; 1.8 s; peak memory 895 MiB.
2026-10-10T04:45:04Z INFO [489/500] 72c5c47c-b8e9-4a8f-926d-a9bb924f370f: 48 chunks; 1.2 s; peak memory 895 MiB.
2026-10-10T04:45:05Z INFO [490/500] 72c61a62-56af-4652-8f53-4405b907fac3: 48 chunks; 1.3 s; peak memory 895 MiB.
2026-10-10T04:45:06Z INFO [491/500] 72c65c2f-ed27-4928-a169-7a9ffd8a035f: 117 chunks; 1.4 s; peak memory 895 MiB.
2026-10-10T04:45:08Z INFO [492/500] 72c6c3ee-dff8-4994-8f7d-cb4f0499c569: 48 chunks; 1.3 s; peak memory 895 MiB.
2026-10-10T04:45:09Z INFO [493/500] 72c6ff04-23ee-4463-80c7-95388e337338: 62 chunks; 1.8 s; peak memory 895 MiB.
2026-10-10T04:45:10Z INFO [494/500] 72c749f0-0565-484d-80d3-cbb751c6af5d: 46 chunks; 1.1 s; peak memory 895 MiB.
2026-10-10T04:45:12Z INFO [495/500] 72c77086-8af6-44f7-bf64-2cb429c3aaec: 116 chunks; 1.5 s; peak memory 895 MiB.
2026-10-10T04:45:22Z INFO [496/500] 72c885d4-da12-4b26-ace7-acfacaac0beb: 1053 chunks; 10.1 s; peak memory 895 MiB.
2026-10-10T04:45:26Z INFO [497/500] 72c88c84-ccf1-4054-bdd4-3c91a671326a: 156 chunks; 3.7 s; peak memory 895 MiB.
2026-10-10T04:45:27Z INFO [498/500] 72c987b6-e6e0-49f8-87c5-c448f6d7c625: 48 chunks; 1.3 s; peak memory 895 MiB.
2026-10-10T04:45:30Z INFO [499/500] 72c98cfa-46bb-4129-9171-818bbbd9ca10: 114 chunks; 2.9 s; peak memory 895 MiB.
2026-10-10T04:45:40Z INFO [500/500] 72cae4be-065d-4945-93a3-4789c4195e90: 11642 chunks; 9.7 s; peak memory 895 MiB.
2026-10-10T04:45:40Z INFO [500/500] 72cae4be-065d-4945-93a3-4789c4195e90: checkpointed 102334 new records.
2026-10-10T04:45:40Z INFO Wrote 102334 records to /tmp/derivatives/valid_nwb_file_to_chunk_stats.jsonl (500 new, 0 failed) in 62.7 min (peak memory 895 MiB).
