2026-10-08T19:10:25Z INFO Logging to /tmp/logs/update_2026-10-08T19-10-25Z.log.
2026-10-08T19:10:25Z INFO Update valid-nwb-file-to-chunk-stats (base directory /tmp).
2026-10-08T19:10:26Z INFO Processing 500 items (92834 already recorded).
2026-10-08T19:10:30Z INFO [1/500] 5f0d0a1b-4c57-4eb2-8293-21ae81cb43bf: 115 chunks; 3.6 s; peak memory 195 MiB.
2026-10-08T19:10:31Z INFO [2/500] 5f0d3d9b-163a-4853-9a4c-3930f4247916: 48 chunks; 1.6 s; peak memory 195 MiB.
2026-10-08T19:10:33Z INFO [3/500] 5f0d88a8-defe-437a-a416-32db580f8a57: 112 chunks; 1.8 s; peak memory 196 MiB.
2026-10-08T19:10:34Z INFO [4/500] 5f0f09db-91d0-405b-9762-fa6fdb2eb1ac: 46 chunks; 1.5 s; peak memory 196 MiB.
2026-10-08T19:10:38Z INFO [5/500] 5f0f4756-15c9-4ac9-9f10-de064d4cc8c2: 115 chunks; 3.3 s; peak memory 198 MiB.
2026-10-08T19:10:39Z INFO [6/500] 5f0f6352-f166-4a74-a0a3-8c4fcdceefa0: 46 chunks; 1.1 s; peak memory 198 MiB.
2026-10-08T19:10:40Z INFO [7/500] 5f1098c8-bcd3-47ca-aa93-504d6092a4df: 48 chunks; 1.6 s; peak memory 198 MiB.
2026-10-08T19:10:42Z INFO [8/500] 5f10f593-9f4e-4ed3-8c7d-1781f95b70f1: 112 chunks; 2.0 s; peak memory 198 MiB.
2026-10-08T19:10:46Z INFO [9/500] 5f1260d2-3d85-4560-b5f6-5bc8779515c7: 80 chunks; 3.8 s; peak memory 198 MiB.
2026-10-08T19:10:48Z INFO [10/500] 5f133ee9-0abb-4755-af0a-6ef588b6506c: 48 chunks; 1.4 s; peak memory 199 MiB.
2026-10-08T19:10:49Z INFO [11/500] 5f139fb9-036b-49b1-bbc4-e952d8376dd2: 52 chunks; 1.2 s; peak memory 199 MiB.
2026-10-08T19:11:06Z INFO [12/500] 5f13a222-bb04-4f07-89ce-edc7d58d8897: 23019 chunks; 17.5 s; peak memory 237 MiB.
2026-10-08T19:11:15Z INFO [13/500] 5f1444d2-98b1-452e-93fb-888a526224ef: 18518 chunks; 9.1 s; peak memory 239 MiB.
2026-10-08T19:11:18Z INFO [14/500] 5f145c3e-b32f-4e62-b89c-9c461e8193e6: 275 chunks; 2.1 s; peak memory 239 MiB.
2026-10-08T19:11:37Z INFO [15/500] 5f14acba-b63c-4662-a2af-599c7b5e7de6: 8227 chunks; 19.4 s; peak memory 239 MiB.
2026-10-08T19:11:38Z INFO [16/500] 5f153244-0ea6-44e0-b38a-4a02952b29d3: 50 chunks; 1.3 s; peak memory 239 MiB.
2026-10-08T19:11:44Z INFO [17/500] 5f15909e-05c3-4c25-bdb6-9383d0d4b5ec: 2847 chunks; 5.8 s; peak memory 239 MiB.
2026-10-08T19:11:48Z INFO [18/500] 5f15c12b-8fde-4bb6-aa27-78b17c493271: 498 chunks; 3.9 s; peak memory 239 MiB.
2026-10-08T19:11:51Z INFO [19/500] 5f15c428-05f8-40be-a17e-16f34577819b: 997 chunks; 2.7 s; peak memory 240 MiB.
2026-10-08T19:11:52Z INFO [20/500] 5f17041c-0a9a-4ad8-ac39-e64ca1a47941: 35 chunks; 1.3 s; peak memory 240 MiB.
2026-10-08T19:11:54Z INFO [21/500] 5f18fe2e-6b29-4651-afa9-e59838b9e764: 116 chunks; 1.7 s; peak memory 240 MiB.
2026-10-08T19:11:58Z INFO [22/500] 5f19afdb-3431-4f0b-b49a-681b5d985bbf: 2615 chunks; 4.3 s; peak memory 240 MiB.
2026-10-08T19:12:00Z INFO [23/500] 5f19ea02-7131-4d0d-a90a-2182db6762fa: 117 chunks; 2.1 s; peak memory 240 MiB.
2026-10-08T19:12:02Z INFO [24/500] 5f1a5d0a-1cf0-4e19-b3ba-3b805de3e0b3: 118 chunks; 1.8 s; peak memory 240 MiB.
2026-10-08T19:12:03Z INFO [25/500] 5f1ada56-3b19-4b9d-83cf-bf59caf5e06e: 52 chunks; 1.8 s; peak memory 240 MiB.
2026-10-08T19:12:05Z INFO [26/500] 5f1e6374-db34-482a-9414-d88925d2a299: 118 chunks; 1.7 s; peak memory 240 MiB.
2026-10-08T19:12:12Z INFO [27/500] 5f1efb1e-8a35-4ec7-8f6c-43e32d5a6dad: 6570 chunks; 6.9 s; peak memory 240 MiB.
2026-10-08T19:12:14Z INFO [28/500] 5f1f9201-38fc-4c50-8b64-a823a92d0229: 48 chunks; 1.6 s; peak memory 240 MiB.
2026-10-08T19:12:15Z INFO [29/500] 5f1fad68-c7ff-4743-9893-aff648e1f8bb: 117 chunks; 1.8 s; peak memory 240 MiB.
2026-10-08T19:12:17Z INFO [30/500] 5f203a58-d075-4c49-a4b9-c51a9b17b9c9: 46 chunks; 1.6 s; peak memory 240 MiB.
2026-10-08T19:12:30Z INFO [31/500] 5f223420-f9b5-4e84-83be-735d1ea1b94b: 28954 chunks; 13.1 s; peak memory 249 MiB.
2026-10-08T19:12:34Z INFO [32/500] 5f2251f0-1bae-45cc-89ab-0390a1a97dac: 165 chunks; 3.4 s; peak memory 249 MiB.
2026-10-08T19:15:33Z INFO [33/500] 5f24ea59-f5d1-4416-9b43-6c86a126f77b: 38006 chunks; 179.6 s; peak memory 365 MiB.
2026-10-08T19:15:37Z INFO [34/500] 5f24f518-1519-4ab1-828e-9855db56a871: 1764 chunks; 4.2 s; peak memory 365 MiB.
2026-10-08T19:16:13Z INFO [35/500] 5f2581a5-6868-4f1f-87c4-e7d85b08a60a: 6055 chunks; 35.5 s; peak memory 365 MiB.
2026-10-08T19:16:21Z INFO [36/500] 5f258369-9091-438e-93e9-d569b05a6ac8: 1155 chunks; 8.2 s; peak memory 365 MiB.
2026-10-08T19:16:22Z INFO [37/500] 5f258a45-4a15-4cc9-bed6-5a1459a1932c: 46 chunks; 1.1 s; peak memory 365 MiB.
2026-10-08T19:16:30Z INFO [38/500] 5f275862-6be9-43ee-ace6-538e93b501fb: 1156 chunks; 7.5 s; peak memory 365 MiB.
2026-10-08T19:16:33Z INFO [39/500] 5f2764e3-feb0-4dd6-86de-9e6803d5e01a: 106 chunks; 2.9 s; peak memory 365 MiB.
2026-10-08T19:16:35Z INFO [40/500] 5f285e43-0952-459f-ab4a-5eeb1b87cbea: 71 chunks; 2.2 s; peak memory 365 MiB.
2026-10-08T19:16:39Z INFO [41/500] 5f295061-7641-4bcc-b252-571f976c52d2: 115 chunks; 3.7 s; peak memory 365 MiB.
2026-10-08T19:16:40Z INFO [42/500] 5f29b349-4888-44bc-b7b8-8b1e53fc5aac: 112 chunks; 1.9 s; peak memory 365 MiB.
2026-10-08T19:16:43Z INFO [43/500] 5f29da35-c38e-43ec-be7b-e42169fc6c64: 70 chunks; 2.2 s; peak memory 365 MiB.
2026-10-08T19:16:56Z INFO [44/500] 5f2ac088-a37d-4449-bd7f-e3a58cf39e75: 24664 chunks; 13.4 s; peak memory 365 MiB.
2026-10-08T19:16:59Z INFO [45/500] 5f2b0d39-b45e-4396-a5d2-5a981335b929: 64 chunks; 2.7 s; peak memory 365 MiB.
2026-10-08T19:17:01Z INFO [46/500] 5f2b3e0c-6785-4219-abf7-c4009e6afefd: 112 chunks; 2.0 s; peak memory 365 MiB.
2026-10-08T19:19:57Z INFO [47/500] 5f2bbfa7-c474-48f5-be37-c704aa4f29a3: 37814 chunks; 176.2 s; peak memory 365 MiB.
2026-10-08T19:20:18Z INFO [48/500] 5f2bcb92-316e-41c3-ae1f-730feeb3989e: 28998 chunks; 21.0 s; peak memory 365 MiB.
2026-10-08T19:20:20Z INFO [49/500] 5f2c089e-5742-4854-993a-6b3be0afc585: 112 chunks; 1.8 s; peak memory 365 MiB.
2026-10-08T19:20:23Z INFO [50/500] 5f2c4501-6c9b-473e-8e82-af61ecc6ba46: 165 chunks; 3.0 s; peak memory 365 MiB.
2026-10-08T19:20:23Z INFO [50/500] 5f2c4501-6c9b-473e-8e82-af61ecc6ba46: checkpointed 92884 new records.
2026-10-08T19:20:25Z INFO [51/500] 5f2cf4da-0d56-490f-aaf9-8829f00d24d4: 118 chunks; 1.9 s; peak memory 365 MiB.
2026-10-08T19:20:28Z INFO [52/500] 5f2d82b1-085c-47f6-9d6f-d39114f8404d: 163 chunks; 2.9 s; peak memory 365 MiB.
2026-10-08T19:20:29Z INFO [53/500] 5f2ebcf5-c6d7-4725-a1ee-3332f1fb5c31: 46 chunks; 1.2 s; peak memory 365 MiB.
2026-10-08T19:20:31Z INFO [54/500] 5f2ee6fa-1ff0-4c93-9264-c18f72dc8652: 112 chunks; 2.2 s; peak memory 365 MiB.
2026-10-08T19:20:35Z INFO [55/500] 5f2f476e-ba6d-4d08-ae15-3ed1dccf4fd2: 156 chunks; 3.8 s; peak memory 365 MiB.
2026-10-08T19:20:43Z INFO [56/500] 5f2f5a73-18d4-46cd-98e0-27282bceeb5f: 15888 chunks; 8.1 s; peak memory 365 MiB.
2026-10-08T19:20:45Z INFO [57/500] 5f2fe32e-d490-4f2a-bcfc-b4de98ae6382: 63 chunks; 1.5 s; peak memory 365 MiB.
2026-10-08T19:21:01Z INFO [58/500] 5f3034eb-ba12-45a8-b09b-e327c8d89461: 2560 chunks; 16.7 s; peak memory 365 MiB.
2026-10-08T19:21:04Z INFO [59/500] 5f306074-b436-4823-b48b-3ae498275063: 115 chunks; 3.1 s; peak memory 365 MiB.
2026-10-08T19:21:08Z INFO [60/500] 5f308143-8a5a-4252-b1f9-81248f26b3fa: 133 chunks; 4.0 s; peak memory 365 MiB.
2026-10-08T19:21:10Z INFO [61/500] 5f30af08-72b2-42fe-abc9-39957e85a0ca: 48 chunks; 1.5 s; peak memory 365 MiB.
2026-10-08T19:21:11Z INFO [62/500] 5f31d70b-1aed-4a6b-8bf4-8581017ed8c8: 46 chunks; 1.4 s; peak memory 365 MiB.
2026-10-08T19:21:14Z INFO [63/500] 5f31e5bd-501c-46a8-a3ff-01227210d316: 66 chunks; 2.6 s; peak memory 365 MiB.
2026-10-08T19:21:51Z INFO [64/500] 5f320a11-266b-4c17-8a56-210efe89f756: 20152 chunks; 37.2 s; peak memory 365 MiB.
2026-10-08T19:21:53Z INFO [65/500] 5f324e95-b8fb-4a2a-ada6-95fde8a9b3fa: 45 chunks; 1.8 s; peak memory 365 MiB.
2026-10-08T19:21:54Z INFO [66/500] 5f32a52b-5709-4bb0-b077-463a3fdaf4d4: 46 chunks; 1.0 s; peak memory 365 MiB.
2026-10-08T19:21:56Z INFO [67/500] 5f32ad2b-6e90-4d6e-a9e0-c71f6c34a969: 69 chunks; 1.7 s; peak memory 365 MiB.
2026-10-08T19:21:57Z INFO [68/500] 5f32b77b-6ec1-44f9-ba7e-2ff762105a24: 48 chunks; 1.6 s; peak memory 365 MiB.
2026-10-08T19:21:59Z INFO [69/500] 5f32e0a6-e44c-4ede-a500-568554933fec: 112 chunks; 2.1 s; peak memory 365 MiB.
2026-10-08T19:22:01Z INFO [70/500] 5f32ffd2-237e-4ee8-85d4-c89156d55647: 68 chunks; 1.7 s; peak memory 365 MiB.
2026-10-08T19:22:03Z INFO [71/500] 5f332a0b-e1fd-4f52-a024-0ad60a5d18df: 46 chunks; 1.5 s; peak memory 365 MiB.
2026-10-08T19:22:04Z INFO [72/500] 5f33c26b-fb79-424d-94ab-aa96881c1829: 72 chunks; 1.6 s; peak memory 365 MiB.
2026-10-08T19:22:05Z INFO [73/500] 5f352835-c6f4-4931-be83-41d7de804338: 35 chunks; 1.2 s; peak memory 365 MiB.
2026-10-08T19:22:13Z INFO [74/500] 5f35635d-363d-4689-b2a6-964ee066e3fb: 2923 chunks; 7.3 s; peak memory 365 MiB.
2026-10-08T19:22:15Z INFO [75/500] 5f3579a9-2beb-491f-9b06-8e823977b8d3: 77 chunks; 1.9 s; peak memory 365 MiB.
2026-10-08T19:22:17Z INFO [76/500] 5f35a1a6-063e-4603-b302-ce7cdb334937: 49 chunks; 2.1 s; peak memory 365 MiB.
2026-10-08T19:22:19Z INFO [77/500] 5f35b39d-5c8f-411a-8069-f2f01c0980b5: 74 chunks; 2.8 s; peak memory 365 MiB.
2026-10-08T19:25:04Z INFO [78/500] 5f35d277-f42a-44f1-bcae-c55f5b932169: 38410 chunks; 164.8 s; peak memory 367 MiB.
2026-10-08T19:25:12Z INFO [79/500] 5f35e517-be6a-4355-b14b-cf07d8e8be36: 4151 chunks; 7.3 s; peak memory 367 MiB.
2026-10-08T19:25:13Z INFO [80/500] 5f36a14b-b6cb-4e1d-a7dd-af24b519a07c: 48 chunks; 1.6 s; peak memory 367 MiB.
2026-10-08T19:25:14Z INFO [81/500] 5f36bbdd-c8ce-4967-9457-6e99418a2fe5: 57 chunks; 1.3 s; peak memory 367 MiB.
2026-10-08T19:25:16Z INFO [82/500] 5f36f703-2124-4e82-9848-7470b14bfa33: 65 chunks; 1.9 s; peak memory 367 MiB.
2026-10-08T19:25:31Z INFO [83/500] 5f37fec1-33c4-4dbc-b4d3-0beb694bf777: 12817 chunks; 14.3 s; peak memory 367 MiB.
2026-10-08T19:25:32Z INFO [84/500] 5f380063-1c71-44af-ab09-9bf582d8803e: 62 chunks; 1.3 s; peak memory 367 MiB.
2026-10-08T19:25:33Z INFO [85/500] 5f380798-9a8e-4bc1-90c3-68b77c3a9178: 37 chunks; 1.2 s; peak memory 367 MiB.
2026-10-08T19:25:49Z INFO [86/500] 5f3866f5-ccac-4a8b-b248-094aa2f5d888: 14655 chunks; 15.4 s; peak memory 367 MiB.
2026-10-08T19:25:51Z INFO [87/500] 5f3879d3-a87b-4145-bc5b-5982be66a17b: 112 chunks; 2.1 s; peak memory 367 MiB.
2026-10-08T19:25:58Z INFO [88/500] 5f38cd11-23d5-4565-8df2-9ec8b292d8df: 2923 chunks; 7.3 s; peak memory 367 MiB.
2026-10-08T19:26:10Z INFO [89/500] 5f394a95-82bc-41a9-863b-895aebcf6647: 384 chunks; 12.2 s; peak memory 367 MiB.
2026-10-08T19:26:12Z INFO [90/500] 5f39a6e9-4329-43ca-a055-45f60c902218: 48 chunks; 1.4 s; peak memory 367 MiB.
2026-10-08T19:26:13Z INFO [91/500] 5f39efb5-316e-4c5b-896c-a19ad1f9a832: 46 chunks; 1.2 s; peak memory 367 MiB.
2026-10-08T19:26:14Z INFO [92/500] 5f3a4922-b028-4a58-9190-ebc50f1547cf: 48 chunks; 1.6 s; peak memory 367 MiB.
2026-10-08T19:26:16Z INFO [93/500] 5f3a495a-5dd9-4fe8-847e-ebf0d9a46830: 112 chunks; 1.9 s; peak memory 367 MiB.
2026-10-08T19:26:18Z INFO [94/500] 5f3a5688-fd0d-4b9f-a752-0aac3d133418: 112 chunks; 2.0 s; peak memory 367 MiB.
2026-10-08T19:26:19Z INFO [95/500] 5f3abc0f-0887-46cd-9729-2ddb13655f5b: 21 chunks; 1.1 s; peak memory 367 MiB.
2026-10-08T19:26:22Z INFO [96/500] 5f3b1e22-9f4b-420a-a379-ba133a535b0c: 119 chunks; 2.5 s; peak memory 367 MiB.
2026-10-08T19:26:24Z INFO [97/500] 5f3b47a9-61ee-46ab-b066-9c16d03333ae: 70 chunks; 1.8 s; peak memory 367 MiB.
2026-10-08T19:26:26Z INFO [98/500] 5f3c1d23-0db2-4b68-b593-32c612c5dd62: 83 chunks; 2.0 s; peak memory 367 MiB.
2026-10-08T19:26:28Z INFO [99/500] 5f3c80fe-6bae-4bc4-a325-730b34e91496: 66 chunks; 2.1 s; peak memory 367 MiB.
2026-10-08T19:26:29Z INFO [100/500] 5f3cc76e-1f37-433c-9fff-b9bc918e14f7: 46 chunks; 1.2 s; peak memory 367 MiB.
2026-10-08T19:26:29Z INFO [100/500] 5f3cc76e-1f37-433c-9fff-b9bc918e14f7: checkpointed 92934 new records.
2026-10-08T19:26:32Z INFO [101/500] 5f3cd375-230a-4dfe-b0b2-affa72d60aba: 111 chunks; 2.9 s; peak memory 367 MiB.
2026-10-08T19:26:34Z INFO [102/500] 5f3e9461-d47a-4a3d-81af-df48c56890f6: 114 chunks; 1.3 s; peak memory 367 MiB.
2026-10-08T19:26:35Z INFO [103/500] 5f3f9a5a-be00-46ac-aa38-0d1ce62abdf6: 46 chunks; 1.1 s; peak memory 367 MiB.
2026-10-08T19:26:36Z INFO [104/500] 5f3fb669-b1ff-4bf8-94b5-4615924fe8c7: 46 chunks; 1.1 s; peak memory 367 MiB.
2026-10-08T19:26:38Z INFO [105/500] 5f3fe7e6-d98a-4ad3-9112-8a07cdc3cc2a: 69 chunks; 2.3 s; peak memory 367 MiB.
2026-10-08T19:26:40Z INFO [106/500] 5f405924-0688-454e-bf39-9d8491b12531: 112 chunks; 1.8 s; peak memory 367 MiB.
2026-10-08T19:26:44Z INFO [107/500] 5f40b607-cac9-4b38-ba34-7a3e6050c0cf: 85 chunks; 4.4 s; peak memory 367 MiB.
2026-10-08T19:26:46Z INFO [108/500] 5f41670b-89dc-457c-b855-d63839e112a6: 117 chunks; 1.7 s; peak memory 367 MiB.
2026-10-08T19:26:48Z INFO [109/500] 5f419c42-7592-4dec-9385-ab04cbfdf9ab: 117 chunks; 1.7 s; peak memory 367 MiB.
2026-10-08T19:26:49Z INFO [110/500] 5f423855-4ee5-407b-b063-43e0ded77314: 52 chunks; 1.1 s; peak memory 367 MiB.
2026-10-08T19:26:50Z INFO [111/500] 5f4290e5-8084-46a8-bfd6-c8ac9207b2ef: 56 chunks; 1.0 s; peak memory 367 MiB.
2026-10-08T19:26:51Z INFO [112/500] 5f4363ff-c7b6-4058-b155-fcb3f574a8a5: 69 chunks; 1.3 s; peak memory 367 MiB.
2026-10-08T19:27:12Z INFO [113/500] 5f43d965-3a81-46b5-ac07-65b7105df1fb: 363 chunks; 20.6 s; peak memory 367 MiB.
2026-10-08T19:27:24Z INFO [114/500] 5f43e47f-f788-46f2-b06b-439b52b4abf3: 339 chunks; 11.9 s; peak memory 367 MiB.
2026-10-08T19:27:25Z INFO [115/500] 5f443b89-a8a8-4e59-8ff7-5d07a7bae0d2: 48 chunks; 1.6 s; peak memory 367 MiB.
2026-10-08T19:27:40Z INFO [116/500] 5f446419-292f-49ff-b510-c140cc6caa23: 19709 chunks; 14.8 s; peak memory 367 MiB.
2026-10-08T19:27:42Z INFO [117/500] 5f4586a9-1219-4667-aa0b-0ff938afcdc6: 46 chunks; 1.6 s; peak memory 367 MiB.
2026-10-08T19:27:44Z INFO [118/500] 5f4728a9-928c-46ef-8a7c-12ece2390c04: 275 chunks; 2.0 s; peak memory 367 MiB.
2026-10-08T19:27:46Z INFO [119/500] 5f47e7da-bbaa-4833-bb96-5adb3664edf1: 48 chunks; 1.8 s; peak memory 367 MiB.
2026-10-08T19:27:47Z INFO [120/500] 5f480065-77ac-401b-b11e-3a37c982927d: 118 chunks; 1.7 s; peak memory 367 MiB.
2026-10-08T19:27:49Z INFO [121/500] 5f48179c-576a-457b-b5bb-ad4889ba08cc: 117 chunks; 1.6 s; peak memory 367 MiB.
2026-10-08T19:27:50Z INFO [122/500] 5f48b58a-0d87-4d5f-9df6-d56d3cff9801: 116 chunks; 1.6 s; peak memory 367 MiB.
2026-10-08T19:27:53Z INFO [123/500] 5f48dc8e-324b-4b2e-a3ec-9c14aebe7524: 71 chunks; 2.4 s; peak memory 367 MiB.
2026-10-08T19:27:54Z INFO [124/500] 5f49de55-e3cf-4c9b-971c-5e47c9ae2c23: 52 chunks; 1.5 s; peak memory 367 MiB.
2026-10-08T19:27:58Z INFO [125/500] 5f4c537b-61ab-47b7-8f6c-e90a719835c2: 156 chunks; 4.0 s; peak memory 367 MiB.
2026-10-08T19:28:02Z INFO [126/500] 5f4cb49c-e437-406e-829d-0b8afad3e833: 186 chunks; 3.5 s; peak memory 367 MiB.
2026-10-08T19:28:04Z INFO [127/500] 5f4ce1a9-a5fe-4ed6-8cf8-b171039c10be: 138 chunks; 1.6 s; peak memory 367 MiB.
2026-10-08T19:28:13Z INFO [128/500] 5f4cf723-7ae3-4178-b197-fe4ff1a340ce: 13420 chunks; 9.9 s; peak memory 367 MiB.
2026-10-08T19:28:15Z INFO [129/500] 5f4d701b-02be-4c49-b27d-d820470c6b42: 69 chunks; 1.9 s; peak memory 367 MiB.
2026-10-08T19:28:18Z INFO [130/500] 5f4d9a43-a467-4999-b8d5-fe1741507bc2: 117 chunks; 2.1 s; peak memory 367 MiB.
2026-10-08T19:28:20Z INFO [131/500] 5f4e7c39-2711-4d8c-874f-f0551e3620fc: 66 chunks; 2.1 s; peak memory 367 MiB.
2026-10-08T19:28:23Z INFO [132/500] 5f4fed54-d03c-45ed-ad19-5448cbffa46d: 119 chunks; 3.6 s; peak memory 367 MiB.
2026-10-08T19:28:25Z INFO [133/500] 5f5126e3-196b-45c2-8ef9-f36c58a67497: 48 chunks; 1.5 s; peak memory 367 MiB.
2026-10-08T19:35:49Z INFO [134/500] 5f518f65-d329-4d94-8d12-cfcd43d77f2f: 266768 chunks; 444.3 s; peak memory 1102 MiB.
2026-10-08T19:35:56Z INFO [135/500] 5f51df6b-04b9-4850-8080-4daa96871288: 8920 chunks; 6.9 s; peak memory 1102 MiB.
2026-10-08T19:35:58Z INFO [136/500] 5f51ef79-eb44-4736-b77b-b5d8932f3f4f: 117 chunks; 2.0 s; peak memory 1102 MiB.
2026-10-08T19:36:01Z INFO [137/500] 5f51f394-39ba-463f-bb1f-c8baca4d037c: 115 chunks; 3.5 s; peak memory 1102 MiB.
2026-10-08T19:36:05Z INFO [138/500] 5f520ba6-6ee3-4f3c-885e-c90e1d4b40b7: 115 chunks; 3.3 s; peak memory 1102 MiB.
2026-10-08T19:36:42Z INFO [139/500] 5f5360e9-d98b-4226-aae6-aa51c8635a06: 16419 chunks; 37.2 s; peak memory 1102 MiB.
2026-10-08T19:36:44Z INFO [140/500] 5f53dce3-8e0c-4ca5-9760-40077ce221d2: 48 chunks; 1.8 s; peak memory 1102 MiB.
2026-10-08T19:50:57Z INFO [141/500] 5f541551-b241-4a8c-a11d-3118fcf04adc: 1916257 chunks; 853.2 s; peak memory 1312 MiB.
2026-10-08T19:53:56Z INFO [142/500] 5f545e0b-26cd-4178-8a51-12e1ff7f6cad: 37909 chunks; 179.3 s; peak memory 1312 MiB.
2026-10-08T19:53:59Z INFO [143/500] 5f5576b2-a3a2-4d44-a47c-e0ac8cb43f11: 71 chunks; 2.9 s; peak memory 1312 MiB.
2026-10-08T19:54:01Z INFO [144/500] 5f5581c2-a42b-4943-a727-c2a806148ccf: 48 chunks; 1.5 s; peak memory 1312 MiB.
2026-10-08T19:54:03Z INFO [145/500] 5f567b8c-5f98-46aa-b657-e1147bcf240e: 69 chunks; 2.0 s; peak memory 1312 MiB.
2026-10-08T19:54:13Z INFO [146/500] 5f56c25e-4dc0-4eaf-95f5-08e6b7b5dcf1: 6125 chunks; 10.2 s; peak memory 1312 MiB.
2026-10-08T19:54:16Z INFO [147/500] 5f57ca87-a723-4308-8e06-55e0c375a7d5: 937 chunks; 2.7 s; peak memory 1312 MiB.
2026-10-08T19:54:17Z INFO [148/500] 5f58080e-12b8-4619-af7e-dcb73784bbf6: 117 chunks; 1.7 s; peak memory 1312 MiB.
2026-10-08T19:54:19Z INFO [149/500] 5f58267d-9e70-4acf-8944-9117248a7797: 118 chunks; 1.8 s; peak memory 1312 MiB.
2026-10-08T19:54:21Z INFO [150/500] 5f58f34a-8522-44a3-8a16-075bb3468287: 117 chunks; 1.7 s; peak memory 1312 MiB.
2026-10-08T19:54:21Z INFO [150/500] 5f58f34a-8522-44a3-8a16-075bb3468287: checkpointed 92984 new records.
2026-10-08T19:54:22Z INFO [151/500] 5f5a3198-f9c6-4170-adb3-6ec4bcdac4cf: 46 chunks; 1.2 s; peak memory 1312 MiB.
2026-10-08T19:54:45Z INFO [152/500] 5f5cb0f4-5d71-45b4-9fcb-4cf4f0c8522d: 8229 chunks; 22.5 s; peak memory 1312 MiB.
2026-10-08T19:55:04Z INFO [153/500] 5f5d1ffb-1e71-41c6-8db9-2ada08f3ac2d: 331 chunks; 19.3 s; peak memory 1312 MiB.
2026-10-08T19:55:09Z INFO [154/500] 5f5d3183-fb35-4fa9-bcee-43d70f78a716: 8114 chunks; 5.4 s; peak memory 1312 MiB.
2026-10-08T19:55:11Z INFO [155/500] 5f5d7907-700f-4bac-a299-c341d1d85daa: 47 chunks; 1.2 s; peak memory 1312 MiB.
2026-10-08T19:55:22Z INFO [156/500] 5f5da022-292b-4bb2-be8d-b23d350b195c: 13061 chunks; 11.6 s; peak memory 1312 MiB.
2026-10-08T19:55:24Z INFO [157/500] 5f5df3e5-5696-435c-9ffb-bb3aae715b8a: 48 chunks; 1.7 s; peak memory 1312 MiB.
2026-10-08T19:55:27Z INFO [158/500] 5f5e493f-7185-4ad0-be4a-19e1ebfdaa70: 163 chunks; 3.6 s; peak memory 1312 MiB.
2026-10-08T19:55:59Z INFO [159/500] 5f5e7fb8-1a77-4066-bf9e-77e6571521ce: 10493 chunks; 31.7 s; peak memory 1312 MiB.
2026-10-08T19:56:08Z INFO [160/500] 5f5ef344-7ce9-41ed-a418-2d59a9820e14: 1187 chunks; 8.4 s; peak memory 1312 MiB.
2026-10-08T19:56:10Z INFO [161/500] 5f5f6172-928a-4d09-9180-048d76c32777: 110 chunks; 2.2 s; peak memory 1312 MiB.
2026-10-08T19:56:13Z INFO [162/500] 5f60d30e-a7a7-4dfa-a32e-2048c1bb989a: 88 chunks; 3.1 s; peak memory 1312 MiB.
2026-10-08T19:56:15Z INFO [163/500] 5f62451d-8add-4b39-8f03-cca79c0c4d53: 112 chunks; 2.1 s; peak memory 1312 MiB.
2026-10-08T19:57:07Z INFO [164/500] 5f625ab1-f4b7-4108-904a-0ce0346e8a70: 4246 chunks; 51.8 s; peak memory 1312 MiB.
2026-10-08T19:57:15Z INFO [165/500] 5f627d1f-71f4-4ea0-866a-ac7c427d3723: 14311 chunks; 8.2 s; peak memory 1312 MiB.
2026-10-08T19:57:17Z INFO [166/500] 5f628a09-1f0c-4005-8d74-3d497787a699: 69 chunks; 2.3 s; peak memory 1312 MiB.
2026-10-08T19:57:19Z INFO [167/500] 5f630a90-d6dc-48c1-a94f-c8c49a236fe8: 50 chunks; 1.3 s; peak memory 1312 MiB.
2026-10-08T19:57:20Z INFO [168/500] 5f636ee2-3aa3-4fce-a6d1-84bb1c6dc5e3: 46 chunks; 1.3 s; peak memory 1312 MiB.
2026-10-08T19:57:21Z INFO [169/500] 5f63b6f0-11d6-4c4d-bf05-977cfb7cd876: 44 chunks; 1.5 s; peak memory 1312 MiB.
2026-10-08T19:57:23Z INFO [170/500] 5f6417c5-f340-4f06-8493-f7f1368824c6: 117 chunks; 1.7 s; peak memory 1312 MiB.
2026-10-08T19:57:25Z INFO [171/500] 5f64353c-c840-4bdb-97c2-199a5e8fa7a6: 71 chunks; 2.3 s; peak memory 1312 MiB.
2026-10-08T19:57:30Z INFO [172/500] 5f648186-bdc4-4bf4-9914-f67a7b61251c: 92 chunks; 4.6 s; peak memory 1312 MiB.
2026-10-08T19:57:32Z INFO [173/500] 5f64c7af-251d-4159-a0fc-635927e747bd: 65 chunks; 1.7 s; peak memory 1312 MiB.
2026-10-08T19:57:34Z INFO [174/500] 5f65c121-6683-4222-b36a-8f15491f5f59: 62 chunks; 2.1 s; peak memory 1312 MiB.
2026-10-08T19:57:36Z INFO [175/500] 5f65d6d3-a94d-4b89-ad15-e4f92551332e: 112 chunks; 2.2 s; peak memory 1312 MiB.
2026-10-08T19:57:41Z INFO [176/500] 5f6601d3-cc99-474d-9de3-331a7b6a3825: 2580 chunks; 5.1 s; peak memory 1312 MiB.
2026-10-08T19:57:43Z INFO [177/500] 5f66abae-e5a0-447c-b720-7ae1d4f6fec8: 117 chunks; 1.8 s; peak memory 1312 MiB.
2026-10-08T19:57:44Z INFO [178/500] 5f670b63-83ea-425b-933f-38ace74d14cb: 63 chunks; 1.5 s; peak memory 1312 MiB.
2026-10-08T19:57:47Z INFO [179/500] 5f673859-d2e4-44c9-9837-e93c358d4bd9: 110 chunks; 2.3 s; peak memory 1312 MiB.
2026-10-08T19:57:48Z INFO [180/500] 5f676847-7ee3-422e-b1d7-64a5baf08aa4: 57 chunks; 1.2 s; peak memory 1312 MiB.
2026-10-08T19:57:51Z INFO [181/500] 5f68359f-461a-49e1-87e9-86b3fc565b84: 123 chunks; 3.5 s; peak memory 1312 MiB.
2026-10-08T20:03:09Z INFO [182/500] 5f689acc-7112-4fd2-884f-5eb34dd440a8: 86585 chunks; 317.5 s; peak memory 1312 MiB.
2026-10-08T20:03:18Z INFO [183/500] 5f68e6a2-ba31-4e76-881d-c9a6e8adda20: 2919 chunks; 8.8 s; peak memory 1312 MiB.
2026-10-08T20:03:19Z INFO [184/500] 5f6975eb-f27b-499a-8563-4b3b1a0e1d09: 48 chunks; 1.7 s; peak memory 1312 MiB.
2026-10-08T20:03:22Z INFO [185/500] 5f69df49-c282-46ef-b68e-60c44621d0ae: 71 chunks; 2.7 s; peak memory 1312 MiB.
2026-10-08T20:03:24Z INFO [186/500] 5f6b333a-5e51-4285-845d-2a49e3d0e0d2: 48 chunks; 1.6 s; peak memory 1312 MiB.
2026-10-08T20:03:37Z INFO [187/500] 5f6bbdc8-9f7e-4a6d-af59-504bdb23ae32: 391 chunks; 12.9 s; peak memory 1312 MiB.
2026-10-08T20:03:39Z INFO [188/500] 5f6bfb8e-74a8-427a-8e13-edf2be848026: 112 chunks; 1.9 s; peak memory 1312 MiB.
2026-10-08T20:03:43Z INFO [189/500] 5f6cbd12-22e9-4f82-8eea-97a5939c7c25: 236 chunks; 4.7 s; peak memory 1312 MiB.
2026-10-08T20:03:45Z INFO [190/500] 5f6d2d42-a810-4007-a560-a8c3fd27ccee: 99 chunks; 2.0 s; peak memory 1312 MiB.
2026-10-08T20:03:47Z INFO [191/500] 5f6d60fe-0b58-42b9-a67d-f7fdb8f935ae: 48 chunks; 1.5 s; peak memory 1312 MiB.
2026-10-08T20:03:49Z INFO [192/500] 5f6dabd3-15fb-4a21-945f-a3531ab54983: 48 chunks; 1.6 s; peak memory 1312 MiB.
2026-10-08T20:03:50Z INFO [193/500] 5f6dadcc-27e9-4491-a847-d845605c1d53: 117 chunks; 1.6 s; peak memory 1312 MiB.
2026-10-08T20:03:52Z INFO [194/500] 5f6f0bcc-d4ba-4fde-8c19-119979115be2: 117 chunks; 2.0 s; peak memory 1312 MiB.
2026-10-08T20:03:54Z INFO [195/500] 5f6fa03e-7d94-4ebd-864f-d7f8611b2519: 118 chunks; 1.7 s; peak memory 1312 MiB.
2026-10-08T20:03:55Z INFO [196/500] 5f6fa2d0-8a37-4dee-bfd4-bb6fcab65629: 116 chunks; 1.6 s; peak memory 1312 MiB.
2026-10-08T20:03:57Z INFO [197/500] 5f6fdc27-290d-426e-83c8-4b07d3e2dfa8: 77 chunks; 1.6 s; peak memory 1312 MiB.
2026-10-08T20:04:00Z INFO [198/500] 5f6ffcd0-ae04-45d1-98fa-a06f4dc76aeb: 186 chunks; 3.4 s; peak memory 1312 MiB.
2026-10-08T20:04:02Z INFO [199/500] 5f716379-2527-4b7a-895f-7be09b4e5161: 112 chunks; 1.7 s; peak memory 1312 MiB.
2026-10-08T20:04:04Z INFO [200/500] 5f718e11-f419-4ad0-ba64-93caf311c606: 69 chunks; 1.4 s; peak memory 1312 MiB.
2026-10-08T20:04:04Z INFO [200/500] 5f718e11-f419-4ad0-ba64-93caf311c606: checkpointed 93034 new records.
2026-10-08T20:04:05Z INFO [201/500] 5f71964b-af55-4541-bbaf-afa08a1ffd6d: 46 chunks; 1.1 s; peak memory 1312 MiB.
2026-10-08T20:04:07Z INFO [202/500] 5f724014-2aa6-49c7-94bb-b3b309fce7dd: 116 chunks; 1.6 s; peak memory 1312 MiB.
2026-10-08T20:04:10Z INFO [203/500] 5f72b400-2e0c-4b46-b5d0-6c02a87f3447: 92 chunks; 3.0 s; peak memory 1312 MiB.
2026-10-08T20:04:12Z INFO [204/500] 5f72f4ba-997b-4475-ba15-664d8807c958: 118 chunks; 2.0 s; peak memory 1312 MiB.
2026-10-08T20:04:13Z INFO [205/500] 5f736fb5-69c0-454a-8281-e3d141b212aa: 79 chunks; 1.9 s; peak memory 1312 MiB.
2026-10-08T20:04:15Z INFO [206/500] 5f73d7d5-f2f9-4031-8b09-325b2a8cff00: 118 chunks; 1.6 s; peak memory 1312 MiB.
2026-10-08T20:04:18Z INFO [207/500] 5f74384d-7365-4c08-bd35-306746349921: 115 chunks; 3.4 s; peak memory 1312 MiB.
2026-10-08T20:04:20Z INFO [208/500] 5f750b8c-e856-45bb-8f23-1d79840b9026: 110 chunks; 1.9 s; peak memory 1312 MiB.
2026-10-08T20:04:23Z INFO [209/500] 5f759ab5-049c-4722-b9bb-2dc9eac69fef: 49 chunks; 2.4 s; peak memory 1312 MiB.
2026-10-08T20:04:30Z INFO [210/500] 5f763d57-631f-4918-95dc-b00f31c96b1f: 12484 chunks; 7.6 s; peak memory 1312 MiB.
2026-10-08T20:11:03Z INFO [211/500] 5f76e37f-01c5-4041-8c0e-f6bd9609972c: 89641 chunks; 392.8 s; peak memory 1312 MiB.
2026-10-08T20:11:05Z INFO [212/500] 5f774d77-d812-42a8-bce1-77264c24bb5c: 116 chunks; 1.8 s; peak memory 1312 MiB.
2026-10-08T20:11:14Z INFO [213/500] 5f78d814-7b2b-4de7-956f-768d0a99aee4: 282 chunks; 9.5 s; peak memory 1312 MiB.
2026-10-08T20:11:16Z INFO [214/500] 5f7b2544-32f8-4e5b-9da1-39c71df893e3: 116 chunks; 1.7 s; peak memory 1312 MiB.
2026-10-08T20:11:18Z INFO [215/500] 5f7bb1e5-a130-4640-95fa-1b830b90026d: 46 chunks; 1.9 s; peak memory 1312 MiB.
2026-10-08T20:11:24Z INFO [216/500] 5f7c1cb4-2456-443a-9311-663ea6350eb9: 6455 chunks; 5.7 s; peak memory 1312 MiB.
2026-10-08T20:11:29Z INFO [217/500] 5f7d0cba-fbb3-406f-ad9f-b58ceeeed05f: 797 chunks; 5.2 s; peak memory 1312 MiB.
2026-10-08T20:11:30Z INFO [218/500] 5f7d5e8c-ee1c-49bd-a27a-af98a5d1bcd9: 48 chunks; 1.4 s; peak memory 1312 MiB.
2026-10-08T20:11:35Z INFO [219/500] 5f7dda19-2e4d-4637-8512-b3b853f8e059: 101 chunks; 4.3 s; peak memory 1312 MiB.
2026-10-08T20:11:36Z INFO [220/500] 5f7e327c-b0f8-4295-9e59-60865d7500b3: 117 chunks; 1.6 s; peak memory 1312 MiB.
2026-10-08T20:16:41Z INFO [221/500] 5f80d21f-e08e-49bf-91b2-5c916b69545e: 114741 chunks; 305.1 s; peak memory 1312 MiB.
2026-10-08T20:16:43Z INFO [222/500] 5f80f0a4-4535-43f0-8fcb-7c5c3986ea29: 48 chunks; 1.5 s; peak memory 1312 MiB.
2026-10-08T20:16:45Z INFO [223/500] 5f817a10-84d8-4975-97ae-49a1be83f5de: 117 chunks; 1.8 s; peak memory 1312 MiB.
2026-10-08T20:16:46Z INFO [224/500] 5f826bc2-aba8-43cb-9df3-cfedaf5abc3c: 48 chunks; 1.5 s; peak memory 1312 MiB.
2026-10-08T20:16:54Z INFO [225/500] 5f82a496-fee3-49d7-8696-68036e7e7814: 2923 chunks; 7.5 s; peak memory 1312 MiB.
2026-10-08T20:17:03Z INFO [226/500] 5f837e50-838a-4abd-82af-887a4a89cc8b: 5120 chunks; 8.9 s; peak memory 1312 MiB.
2026-10-08T20:17:10Z INFO [227/500] 5f848fb0-a312-4ac6-a916-162127d1e6f1: 11228 chunks; 7.6 s; peak memory 1312 MiB.
2026-10-08T20:17:15Z INFO [228/500] 5f84b216-9ccd-46fd-b6aa-4bdaf3774f35: 156 chunks; 4.2 s; peak memory 1312 MiB.
2026-10-08T20:17:16Z INFO [229/500] 5f84dee6-35ad-40cf-be0d-c626023636c7: 117 chunks; 1.7 s; peak memory 1312 MiB.
2026-10-08T20:17:18Z INFO [230/500] 5f856360-bf85-47fc-98db-6b34ce79ee47: 48 chunks; 1.5 s; peak memory 1312 MiB.
2026-10-08T20:17:31Z INFO [231/500] 5f868568-53a8-4298-8d40-ba85fc9364b9: 20946 chunks; 13.7 s; peak memory 1312 MiB.
2026-10-08T20:17:37Z INFO [232/500] 5f86aabc-24f5-47f7-b91d-5b87a2e7a863: 3417 chunks; 5.1 s; peak memory 1312 MiB.
2026-10-08T20:17:38Z INFO [233/500] 5f8769c9-efe4-4b53-b88f-95eec6107e4a: 117 chunks; 1.8 s; peak memory 1312 MiB.
2026-10-08T20:17:55Z INFO [234/500] 5f878b34-3b70-4e9f-b420-a7a429a0ca5a: 12845 chunks; 16.8 s; peak memory 1312 MiB.
2026-10-08T20:17:56Z INFO [235/500] 5f87b52a-f3a5-450d-8267-4f5cd2485071: 61 chunks; 1.4 s; peak memory 1312 MiB.
2026-10-08T20:17:59Z INFO [236/500] 5f88c7f2-d29f-4bc2-adf7-5378c2e5f642: 71 chunks; 2.6 s; peak memory 1312 MiB.
2026-10-08T20:18:01Z INFO [237/500] 5f896e16-b356-44d7-8dca-3e3a9b1f8a00: 48 chunks; 1.5 s; peak memory 1312 MiB.
2026-10-08T20:18:02Z INFO [238/500] 5f8a4d98-48a5-4635-930c-8796eb2c7f69: 46 chunks; 1.4 s; peak memory 1312 MiB.
2026-10-08T20:18:09Z INFO [239/500] 5f8ad5ee-ae8d-42ea-b9e1-1d43bba64564: 208 chunks; 6.7 s; peak memory 1312 MiB.
2026-10-08T20:18:11Z INFO [240/500] 5f8b0862-aeee-4c69-a6e9-d65d69a14f53: 112 chunks; 2.0 s; peak memory 1312 MiB.
2026-10-08T20:18:12Z INFO [241/500] 5f8b3757-ac35-4ea0-813f-361eea3400a7: 48 chunks; 1.4 s; peak memory 1312 MiB.
2026-10-08T20:18:14Z INFO [242/500] 5f8c00d4-c9f5-4b70-aa17-cdfadfc092fd: 117 chunks; 1.8 s; peak memory 1312 MiB.
2026-10-08T20:18:26Z INFO [243/500] 5f8c7150-43d4-489b-ba9d-1a082b93e23a: 36631 chunks; 12.4 s; peak memory 1312 MiB.
2026-10-08T20:18:28Z INFO [244/500] 5f8c7379-a3da-4211-a450-c3e1ee7dce02: 48 chunks; 1.5 s; peak memory 1312 MiB.
2026-10-08T20:18:29Z INFO [245/500] 5f8ce768-9039-432c-9c3d-f2e9b34683e1: 51 chunks; 1.6 s; peak memory 1312 MiB.
2026-10-08T20:18:33Z INFO [246/500] 5f8d1702-519f-418f-8801-87a60db3b765: 114 chunks; 3.6 s; peak memory 1312 MiB.
2026-10-08T20:18:38Z INFO [247/500] 5f8eb1be-b046-430c-9984-d6c6207f7738: 226 chunks; 4.8 s; peak memory 1312 MiB.
2026-10-08T20:18:39Z INFO [248/500] 5f8f1608-d633-432f-bf09-923aae33348a: 48 chunks; 1.6 s; peak memory 1312 MiB.
2026-10-08T20:18:41Z INFO [249/500] 5f904403-7506-4fcf-bf89-432e8907c099: 48 chunks; 1.4 s; peak memory 1312 MiB.
2026-10-08T20:18:42Z INFO [250/500] 5f905021-eb5c-407a-9926-2c97e3177b00: 48 chunks; 1.4 s; peak memory 1312 MiB.
2026-10-08T20:18:42Z INFO [250/500] 5f905021-eb5c-407a-9926-2c97e3177b00: checkpointed 93084 new records.
2026-10-08T20:18:44Z INFO [251/500] 5f910f0d-f164-479c-b8f0-4f516cd3fce4: 48 chunks; 1.4 s; peak memory 1312 MiB.
2026-10-08T20:18:45Z INFO [252/500] 5f913e5b-edbb-495c-b35b-65f2e259c563: 46 chunks; 1.0 s; peak memory 1312 MiB.
2026-10-08T20:19:04Z INFO [253/500] 5f91bfbd-6390-428f-9653-8a90d1de8a71: 25396 chunks; 19.1 s; peak memory 1312 MiB.
2026-10-08T20:19:06Z INFO [254/500] 5f91f90c-39d9-4929-a1d3-0c321272cf92: 48 chunks; 1.6 s; peak memory 1312 MiB.
2026-10-08T20:19:07Z INFO [255/500] 5f9290ee-9067-4fc3-aa99-5d2dc0e6639c: 116 chunks; 1.8 s; peak memory 1312 MiB.
2026-10-08T20:19:09Z INFO [256/500] 5f931c2a-181e-4ac2-98b9-1e025cfedfb3: 44 chunks; 1.4 s; peak memory 1312 MiB.
2026-10-08T20:19:13Z INFO [257/500] 5f93865b-ada6-4c47-8fcc-1ed24ded47a6: 1648 chunks; 4.2 s; peak memory 1312 MiB.
2026-10-08T20:19:15Z INFO [258/500] 5f9410f1-7c89-4447-a827-978fa314caeb: 67 chunks; 1.7 s; peak memory 1312 MiB.
2026-10-08T20:19:16Z INFO [259/500] 5f944073-1c49-4630-bc21-978145f31494: 48 chunks; 1.3 s; peak memory 1312 MiB.
2026-10-08T20:19:37Z INFO [260/500] 5f94ec25-93a1-4b30-a150-e343ce485780: 8232 chunks; 21.2 s; peak memory 1312 MiB.
2026-10-08T20:19:39Z INFO [261/500] 5f968c44-021d-429e-9767-29dfc3a485fd: 72 chunks; 1.9 s; peak memory 1312 MiB.
2026-10-08T20:19:42Z INFO [262/500] 5f968e9e-7f25-4137-9bd9-d8fa1584e184: 115 chunks; 3.4 s; peak memory 1312 MiB.
2026-10-08T20:19:46Z INFO [263/500] 5f96970b-fd97-427f-b205-a6290a1b1956: 1061 chunks; 3.4 s; peak memory 1312 MiB.
2026-10-08T20:19:49Z INFO [264/500] 5f96f1d4-b74e-4fff-9509-8e99f38a8da9: 71 chunks; 3.3 s; peak memory 1312 MiB.
2026-10-08T20:19:51Z INFO [265/500] 5f977895-91de-4126-96f5-78ff6636539e: 112 chunks; 2.3 s; peak memory 1312 MiB.
2026-10-08T20:19:55Z INFO [266/500] 5f98091f-993f-4fbe-b9f2-5adce9509417: 102 chunks; 3.9 s; peak memory 1312 MiB.
2026-10-08T20:19:57Z INFO [267/500] 5f987c34-2bcc-4098-b61d-d7ba0f12d018: 112 chunks; 1.9 s; peak memory 1312 MiB.
2026-10-08T20:20:06Z INFO [268/500] 5f988e4c-03b5-479e-91f7-afae0009d9e8: 611 chunks; 8.5 s; peak memory 1312 MiB.
2026-10-08T20:20:07Z INFO [269/500] 5f99faf8-05cb-4017-a1d7-448a11841805: 48 chunks; 1.5 s; peak memory 1312 MiB.
2026-10-08T20:20:09Z INFO [270/500] 5f9a1eb1-eb3e-439f-8382-19130fd76185: 116 chunks; 1.7 s; peak memory 1312 MiB.
2026-10-08T20:20:10Z INFO [271/500] 5f9aabb9-0bc3-4080-b23b-52cf0237756d: 46 chunks; 1.4 s; peak memory 1312 MiB.
2026-10-08T20:20:12Z INFO [272/500] 5f9aec17-8b94-4006-ad60-5768bb8938c4: 48 chunks; 1.5 s; peak memory 1312 MiB.
2026-10-08T20:20:33Z INFO [273/500] 5f9b3853-8320-4e9d-a98d-ea3997953a2c: 8229 chunks; 20.9 s; peak memory 1312 MiB.
2026-10-08T20:20:45Z INFO [274/500] 5f9bc186-c771-4b93-a2fd-9a1a3368b06b: 11566 chunks; 12.3 s; peak memory 1312 MiB.
2026-10-08T20:20:47Z INFO [275/500] 5f9d9c7e-6e63-4698-9d18-ee9d873d6a59: 48 chunks; 1.5 s; peak memory 1312 MiB.
2026-10-08T20:21:03Z INFO [276/500] 5f9da5d6-7cf9-4705-98c2-75e1ceb15c29: 1345 chunks; 16.3 s; peak memory 1312 MiB.
2026-10-08T20:21:08Z INFO [277/500] 5f9dd3eb-4c9a-4854-918c-4711ed6639e2: 180 chunks; 4.7 s; peak memory 1312 MiB.
2026-10-08T20:21:10Z INFO [278/500] 5f9e4304-7116-4b37-a0a8-71284bfd168b: 112 chunks; 2.1 s; peak memory 1312 MiB.
2026-10-08T20:21:12Z INFO [279/500] 5f9eaff8-86f9-4705-93db-6d415c1ebf4f: 112 chunks; 2.1 s; peak memory 1312 MiB.
2026-10-08T20:21:14Z INFO [280/500] 5f9f54d1-8098-4e2e-af23-a0487d476e64: 76 chunks; 1.8 s; peak memory 1312 MiB.
2026-10-08T20:21:15Z INFO [281/500] 5f9fb6ea-64ab-461f-bd7e-64af389b18ec: 48 chunks; 1.6 s; peak memory 1312 MiB.
2026-10-08T20:21:17Z INFO [282/500] 5fa0052c-34be-4b90-9336-dbf91e413b25: 48 chunks; 1.5 s; peak memory 1312 MiB.
2026-10-08T20:21:19Z INFO [283/500] 5fa04d1c-9697-40d6-aa30-479af1529143: 64 chunks; 2.1 s; peak memory 1312 MiB.
2026-10-08T20:21:20Z INFO [284/500] 5fa07290-ceb0-4834-9c0e-b061d9afa11c: 48 chunks; 1.4 s; peak memory 1312 MiB.
2026-10-08T20:21:22Z INFO [285/500] 5fa07ba5-ecc1-4c28-990c-d723cf062fc9: 114 chunks; 1.3 s; peak memory 1312 MiB.
2026-10-08T20:21:23Z INFO [286/500] 5fa08dcc-7585-4851-a3dd-7870b9cc166c: 48 chunks; 1.3 s; peak memory 1312 MiB.
2026-10-08T20:21:24Z INFO [287/500] 5fa11f88-9d48-44f9-9746-6aa2bd15eda0: 48 chunks; 1.6 s; peak memory 1312 MiB.
2026-10-08T20:21:28Z INFO [288/500] 5fa1326c-5b7f-4f66-b52f-51c8320f381c: 119 chunks; 3.7 s; peak memory 1312 MiB.
2026-10-08T20:21:36Z INFO [289/500] 5fa1adbb-be0c-46a0-b425-72efc605df04: 7399 chunks; 7.7 s; peak memory 1312 MiB.
2026-10-08T20:21:37Z INFO [290/500] 5fa1ec0f-a1bc-455e-aab4-6990e2f7e372: 56 chunks; 1.2 s; peak memory 1312 MiB.
2026-10-08T20:21:39Z INFO [291/500] 5fa4555f-2431-44a2-870b-1c9ad484921a: 48 chunks; 1.5 s; peak memory 1312 MiB.
2026-10-08T20:21:40Z INFO [292/500] 5fa464db-70a8-45b0-8621-655d1eef18ab: 118 chunks; 1.5 s; peak memory 1312 MiB.
2026-10-08T20:21:54Z INFO [293/500] 5fa4850d-c4f0-44ad-b6a0-9812b69c1b6e: 1740 chunks; 13.4 s; peak memory 1312 MiB.
2026-10-08T20:22:10Z INFO [294/500] 5fa4c118-b0e6-4232-a274-96e0ffd5e85d: 3091 chunks; 16.6 s; peak memory 1312 MiB.
2026-10-08T20:22:14Z INFO [295/500] 5fa66288-dffc-44da-bb97-9935a340bae6: 115 chunks; 3.5 s; peak memory 1312 MiB.
2026-10-08T20:22:16Z INFO [296/500] 5fa66480-e257-4288-aec4-33df5b4a0fef: 110 chunks; 2.1 s; peak memory 1312 MiB.
2026-10-08T20:22:17Z INFO [297/500] 5fa67f7f-3787-4807-a770-051bcb0494d8: 117 chunks; 1.7 s; peak memory 1312 MiB.
2026-10-08T20:22:25Z INFO [298/500] 5fa6b972-b557-4522-813e-65a4e26c4287: 7983 chunks; 7.4 s; peak memory 1312 MiB.
2026-10-08T20:22:26Z INFO [299/500] 5fa7c409-5eda-411f-9cdb-ba2e85ade683: 46 chunks; 1.3 s; peak memory 1312 MiB.
2026-10-08T20:22:28Z INFO [300/500] 5fa81ee7-282f-4f2c-a23a-897d55a1ac68: 117 chunks; 1.7 s; peak memory 1312 MiB.
2026-10-08T20:22:28Z INFO [300/500] 5fa81ee7-282f-4f2c-a23a-897d55a1ac68: checkpointed 93134 new records.
2026-10-08T20:22:29Z INFO [301/500] 5fa88241-c4ba-446f-b8c0-ad53cff900ca: 46 chunks; 1.2 s; peak memory 1312 MiB.
2026-10-08T20:23:04Z INFO [302/500] 5fab6d89-f390-4df4-a4cd-b965ccbf55ed: 8188 chunks; 34.4 s; peak memory 1312 MiB.
2026-10-08T20:23:05Z INFO [303/500] 5fabc12d-5910-4f71-b98e-f638b9da3287: 117 chunks; 1.5 s; peak memory 1312 MiB.
2026-10-08T20:23:07Z INFO [304/500] 5faca917-14a9-40e1-9633-f649f3893972: 117 chunks; 2.0 s; peak memory 1312 MiB.
2026-10-08T20:23:09Z INFO [305/500] 5fad0929-a101-4bd1-8654-60b2885a167a: 118 chunks; 1.8 s; peak memory 1312 MiB.
2026-10-08T20:23:11Z INFO [306/500] 5faf39c1-fb04-4947-bbda-20fc7f6a3603: 41 chunks; 1.3 s; peak memory 1312 MiB.
2026-10-08T20:23:12Z INFO [307/500] 5fb07566-9d8c-49e2-920c-d5fcb9f1d3cd: 52 chunks; 1.9 s; peak memory 1312 MiB.
2026-10-08T20:23:14Z INFO [308/500] 5fb079ab-b6fe-41ca-9b59-0e1d4ab4760d: 50 chunks; 1.3 s; peak memory 1312 MiB.
2026-10-08T20:23:15Z INFO [309/500] 5fb092f4-afca-4c10-a909-bc4beb59a6d1: 48 chunks; 1.5 s; peak memory 1312 MiB.
2026-10-08T20:23:17Z INFO [310/500] 5fb0e6dd-b410-4a81-ae38-a45de0746d78: 41 chunks; 1.5 s; peak memory 1312 MiB.
2026-10-08T20:23:18Z INFO [311/500] 5fb1f0a7-4336-45f0-9fdf-7c7e9ddd1fdb: 59 chunks; 1.8 s; peak memory 1312 MiB.
2026-10-08T20:23:20Z INFO [312/500] 5fb32c1e-6f9d-4a6b-8103-5cb3dc07b013: 66 chunks; 1.9 s; peak memory 1312 MiB.
2026-10-08T20:23:22Z INFO [313/500] 5fb372be-f4cb-4c1c-af9c-88c498a044f5: 52 chunks; 1.8 s; peak memory 1312 MiB.
2026-10-08T20:23:26Z INFO [314/500] 5fb3fa0e-2c2b-4d96-8494-aa0d773d8a97: 156 chunks; 4.3 s; peak memory 1312 MiB.
2026-10-08T20:24:01Z INFO [315/500] 5fb5cd02-7cce-45f4-8dbc-7b9de2f1f95f: 6138 chunks; 34.5 s; peak memory 1312 MiB.
2026-10-08T20:24:20Z INFO [316/500] 5fb5d2e6-2e0e-437a-acc6-693a73aa0c43: 2199 chunks; 19.5 s; peak memory 1312 MiB.
2026-10-08T20:24:22Z INFO [317/500] 5fb60518-2580-4e9d-94a5-08d307f7662a: 117 chunks; 1.9 s; peak memory 1312 MiB.
2026-10-08T20:24:24Z INFO [318/500] 5fb69d21-0e14-4c0f-9e69-6a384f04110c: 110 chunks; 2.1 s; peak memory 1312 MiB.
2026-10-08T20:24:26Z INFO [319/500] 5fb78519-13a6-4e82-8274-51a46cd5c840: 49 chunks; 1.9 s; peak memory 1312 MiB.
2026-10-08T20:24:28Z INFO [320/500] 5fb7c1a0-bcf2-48d7-8db4-9190508314ea: 110 chunks; 2.2 s; peak memory 1312 MiB.
2026-10-08T20:24:42Z INFO [321/500] 5fb84ff6-a20b-4723-99aa-6da53b88e30b: 1122 chunks; 13.5 s; peak memory 1312 MiB.
2026-10-08T20:24:44Z INFO [322/500] 5fb8666d-9356-45ef-815e-ea403e34e116: 117 chunks; 1.8 s; peak memory 1312 MiB.
2026-10-08T20:24:46Z INFO [323/500] 5fb89b4b-1b2a-4815-910e-54566f67f41a: 66 chunks; 2.0 s; peak memory 1312 MiB.
2026-10-08T20:24:48Z INFO [324/500] 5fb92499-d0f2-47fa-aa30-50dfdc6bce40: 116 chunks; 1.7 s; peak memory 1312 MiB.
2026-10-08T20:25:01Z INFO [325/500] 5fba4395-32a8-4fc9-a14c-f5c405d6b4bd: 12231 chunks; 13.8 s; peak memory 1312 MiB.
2026-10-08T20:25:10Z INFO [326/500] 5fba53d6-65b1-48e7-b491-6f7e0343c476: 2923 chunks; 9.1 s; peak memory 1312 MiB.
2026-10-08T20:25:12Z INFO [327/500] 5fba6d15-fb6c-483d-ac2b-f3e6b4503ce7: 48 chunks; 1.4 s; peak memory 1312 MiB.
2026-10-08T20:25:15Z INFO [328/500] 5fba750a-802c-4503-94d3-5e06d0616dca: 168 chunks; 2.9 s; peak memory 1312 MiB.
2026-10-08T20:25:18Z INFO [329/500] 5fbae70a-92e8-4e15-8dd1-6a0c2818f602: 80 chunks; 3.5 s; peak memory 1312 MiB.
2026-10-08T20:25:28Z INFO [330/500] 5fbb8897-0596-4876-bf0e-5ec00893a3c1: 707 chunks; 10.1 s; peak memory 1312 MiB.
2026-10-08T20:25:30Z INFO [331/500] 5fbc3c9c-c52a-442b-a2f6-86cdeb3654ef: 118 chunks; 1.8 s; peak memory 1312 MiB.
2026-10-08T20:26:22Z INFO [332/500] 5fbc5df2-b166-4c38-8b7e-a9c117a83ef7: 2906 chunks; 51.6 s; peak memory 1312 MiB.
2026-10-08T20:26:24Z INFO [333/500] 5fbd01a8-55e0-47bc-84b7-2db5601387f4: 59 chunks; 2.1 s; peak memory 1312 MiB.
2026-10-08T20:26:43Z INFO [334/500] 5fbe353f-f14d-4173-87dd-83a9c3c8f7b0: 8229 chunks; 19.0 s; peak memory 1312 MiB.
2026-10-08T20:26:45Z INFO [335/500] 5fbe4ef0-3a8e-42c0-978a-d9374b6f32b3: 70 chunks; 2.0 s; peak memory 1312 MiB.
2026-10-08T20:26:46Z INFO [336/500] 5fbf2845-258c-47fe-833b-b39a6424b32e: 48 chunks; 1.7 s; peak memory 1312 MiB.
2026-10-08T20:26:48Z INFO [337/500] 5fbf9c9c-1066-4ede-9515-77fc67fd5f7d: 48 chunks; 1.7 s; peak memory 1312 MiB.
2026-10-08T20:26:50Z INFO [338/500] 5fc050c4-c13a-4fea-bc00-0d6de32fd5e2: 66 chunks; 2.1 s; peak memory 1312 MiB.
2026-10-08T20:26:53Z INFO [339/500] 5fc08eef-b562-4a77-88f7-5c981899e950: 116 chunks; 3.1 s; peak memory 1312 MiB.
2026-10-08T20:26:59Z INFO [340/500] 5fc166c5-1090-4dc7-9e40-cd1c34c3c0fd: 2980 chunks; 5.8 s; peak memory 1312 MiB.
2026-10-08T20:27:00Z INFO [341/500] 5fc1d3a5-c05b-4b68-b363-c144039849bf: 45 chunks; 1.1 s; peak memory 1312 MiB.
2026-10-08T20:27:02Z INFO [342/500] 5fc22384-8df9-4442-aaba-bf5eb04589c6: 112 chunks; 1.5 s; peak memory 1312 MiB.
2026-10-08T20:27:03Z INFO [343/500] 5fc23c17-7c85-4a0b-a13c-7f3beb38350a: 46 chunks; 1.1 s; peak memory 1312 MiB.
2026-10-08T20:27:06Z INFO [344/500] 5fc267e3-a3f9-474f-a219-b6479a629682: 66 chunks; 2.9 s; peak memory 1312 MiB.
2026-10-08T20:27:07Z INFO [345/500] 5fc2fd7f-3c8a-40cb-9dc2-63da975aac81: 48 chunks; 1.5 s; peak memory 1312 MiB.
2026-10-08T20:27:42Z INFO [346/500] 5fc430a1-a11e-46ed-96a7-edd1a2891ea1: 6055 chunks; 34.5 s; peak memory 1312 MiB.
2026-10-08T20:27:53Z INFO [347/500] 5fc47ef0-be36-406f-b04f-c7414754ee06: 339 chunks; 10.9 s; peak memory 1312 MiB.
2026-10-08T20:28:03Z INFO [348/500] 5fc482a1-a08b-4a37-8f8a-c2ccc4800461: 15181 chunks; 9.8 s; peak memory 1312 MiB.
2026-10-08T20:28:04Z INFO [349/500] 5fc4bf77-1682-4134-bcef-4d3d6b9aeab9: 116 chunks; 1.7 s; peak memory 1312 MiB.
2026-10-08T20:28:06Z INFO [350/500] 5fc6edc6-62c4-40a2-965c-e0be9e91843c: 48 chunks; 1.4 s; peak memory 1312 MiB.
2026-10-08T20:28:06Z INFO [350/500] 5fc6edc6-62c4-40a2-965c-e0be9e91843c: checkpointed 93184 new records.
2026-10-08T20:28:07Z INFO [351/500] 5fc780e4-b993-46f8-8677-ebbaa8d05a66: 48 chunks; 1.3 s; peak memory 1312 MiB.
2026-10-08T20:28:09Z INFO [352/500] 5fc7c213-d8f8-444c-a361-4bf490e41a4d: 112 chunks; 1.9 s; peak memory 1312 MiB.
2026-10-08T20:28:11Z INFO [353/500] 5fc8d216-c79a-4cdc-9990-e57513a0b02e: 48 chunks; 1.6 s; peak memory 1312 MiB.
2026-10-08T20:28:24Z INFO [354/500] 5fc9097f-61a5-4997-8aea-a4ed70b23f25: 32969 chunks; 13.5 s; peak memory 1312 MiB.
2026-10-08T20:28:31Z INFO [355/500] 5fc931b2-bebf-4bf8-88f3-8096e44adc11: 168 chunks; 6.5 s; peak memory 1312 MiB.
2026-10-08T20:28:37Z INFO [356/500] 5fca6d41-282c-4bd4-9f25-8538db0c24b4: 388 chunks; 6.4 s; peak memory 1312 MiB.
2026-10-08T20:28:39Z INFO [357/500] 5fcae3a2-c082-4cd7-b848-69206376c165: 117 chunks; 1.8 s; peak memory 1312 MiB.
2026-10-08T20:34:23Z INFO [358/500] 5fcbf9d8-e164-4131-8756-e774b7a9e3dc: 75730 chunks; 344.2 s; peak memory 1312 MiB.
2026-10-08T20:34:25Z INFO [359/500] 5fcd0f6f-c722-49de-82c6-b7e867b502b9: 70 chunks; 2.4 s; peak memory 1312 MiB.
2026-10-08T20:34:27Z INFO [360/500] 5fcd196e-5e0b-441e-99c6-0d45f750be66: 109 chunks; 1.8 s; peak memory 1312 MiB.
2026-10-08T20:34:37Z INFO [361/500] 5fcf13b9-18fa-47b6-83f0-a201a551f1ee: 15717 chunks; 9.4 s; peak memory 1312 MiB.
2026-10-08T20:34:39Z INFO [362/500] 5fcf2a3d-30a7-41bb-9875-36ea7b6ef6ad: 115 chunks; 1.9 s; peak memory 1312 MiB.
2026-10-08T20:40:22Z INFO [363/500] 5fd0125a-6ee0-46c4-b9da-81eafa06ebd8: 75643 chunks; 343.0 s; peak memory 1312 MiB.
2026-10-08T20:40:23Z INFO [364/500] 5fd0938a-6796-42ee-b174-c492d8466b2e: 46 chunks; 1.8 s; peak memory 1312 MiB.
2026-10-08T20:40:32Z INFO [365/500] 5fd0fd2d-26d1-4b4a-bc4e-5fba9afd51e0: 2919 chunks; 9.0 s; peak memory 1312 MiB.
2026-10-08T20:40:42Z INFO [366/500] 5fd12318-a07d-4233-b7a0-e3840812fce5: 361 chunks; 9.9 s; peak memory 1312 MiB.
2026-10-08T20:40:44Z INFO [367/500] 5fd1b8fa-ea4b-43c1-bded-85a544e79138: 117 chunks; 1.8 s; peak memory 1312 MiB.
2026-10-08T20:40:46Z INFO [368/500] 5fd3b7c9-1ff9-453b-9b12-fe8c1d1d346e: 110 chunks; 2.2 s; peak memory 1312 MiB.
2026-10-08T20:40:54Z INFO [369/500] 5fd40d48-7559-42b6-8599-29dcd2097fc8: 10849 chunks; 7.5 s; peak memory 1312 MiB.
2026-10-08T20:46:41Z INFO [370/500] 5fd4fbeb-a9e2-4abf-8509-9926132a1eaa: 75751 chunks; 347.1 s; peak memory 1312 MiB.
2026-10-08T20:46:42Z INFO [371/500] 5fd6117c-8171-49f2-9fce-62f6cd2f4abb: 48 chunks; 1.4 s; peak memory 1312 MiB.
2026-10-08T20:46:44Z INFO [372/500] 5fd6fea1-ca8a-4913-9d10-53211a3fde9f: 112 chunks; 2.1 s; peak memory 1312 MiB.
2026-10-08T20:46:55Z INFO [373/500] 5fd781c7-8241-4840-bc5c-aaf568af2ad2: 14751 chunks; 11.0 s; peak memory 1312 MiB.
2026-10-08T20:46:57Z INFO [374/500] 5fd831c6-d4e0-4813-8153-867064e8433c: 117 chunks; 1.7 s; peak memory 1312 MiB.
2026-10-08T20:46:59Z INFO [375/500] 5fd8cf41-ad41-405c-835c-c6d521bce8c7: 79 chunks; 1.8 s; peak memory 1312 MiB.
2026-10-08T20:47:14Z INFO [376/500] 5fd8d72e-7371-4737-80a5-c4a9224e291f: 14241 chunks; 14.7 s; peak memory 1312 MiB.
2026-10-08T20:50:44Z INFO [377/500] 5fd91bb5-668d-4f43-b5c5-8863035355a7: 42730 chunks; 210.1 s; peak memory 1312 MiB.
2026-10-08T20:50:46Z INFO [378/500] 5fdd388c-07ab-4a7b-95b3-4add483a8a04: 110 chunks; 1.9 s; peak memory 1312 MiB.
2026-10-08T20:50:53Z INFO [379/500] 5fdd8b8d-5679-46fd-bc1b-07acab15d48e: 2206 chunks; 7.4 s; peak memory 1312 MiB.
2026-10-08T20:50:55Z INFO [380/500] 5fdde8f6-740a-40f1-b9c1-72038a27deb0: 48 chunks; 1.8 s; peak memory 1312 MiB.
2026-10-08T20:50:56Z INFO [381/500] 5fddff2f-56e0-4d34-b94c-f66715aa4174: 53 chunks; 1.5 s; peak memory 1312 MiB.
2026-10-08T20:50:58Z INFO [382/500] 5fde11b1-eb43-4843-908b-6270f3d04c51: 59 chunks; 1.7 s; peak memory 1312 MiB.
2026-10-08T20:53:58Z INFO [383/500] 5fdfca9a-6d31-4081-9a3b-5bae74239631: 38885 chunks; 180.0 s; peak memory 1312 MiB.
2026-10-08T20:53:59Z INFO [384/500] 5fe17b03-1da9-43d1-94c1-995dc47c12dd: 48 chunks; 1.5 s; peak memory 1312 MiB.
2026-10-08T20:54:02Z INFO [385/500] 5fe1c6d2-e752-4c60-b165-fdaefeb562ea: 69 chunks; 2.6 s; peak memory 1312 MiB.
2026-10-08T20:54:04Z INFO [386/500] 5fe2e993-0536-4c11-8dc4-1e8558258f3f: 112 chunks; 2.0 s; peak memory 1312 MiB.
2026-10-08T20:54:12Z INFO [387/500] 5fe35bf3-dc9c-4f4f-9ca7-3c3c1a9435b4: 1126 chunks; 7.5 s; peak memory 1312 MiB.
2026-10-08T20:54:14Z INFO [388/500] 5fe3852e-77b2-46ec-bd5b-cbd1a8539a53: 117 chunks; 2.0 s; peak memory 1312 MiB.
2026-10-08T20:54:32Z INFO [389/500] 5fe3ab40-42f3-4590-afcc-238d63e3b994: 4639 chunks; 18.3 s; peak memory 1312 MiB.
2026-10-08T20:54:34Z INFO [390/500] 5fe423ee-5d7e-4781-848d-bd9da533fb38: 69 chunks; 2.0 s; peak memory 1312 MiB.
2026-10-08T20:54:37Z INFO [391/500] 5fe52504-ff4e-4586-aeab-73b6a32be2fb: 80 chunks; 3.2 s; peak memory 1312 MiB.
2026-10-08T20:54:39Z INFO [392/500] 5fe814f9-3566-41da-877b-1cc2c28cebff: 52 chunks; 1.5 s; peak memory 1312 MiB.
2026-10-08T20:57:41Z INFO [393/500] 5feb0d1e-cedd-45ab-8605-0c31b7d3af48: 42690 chunks; 182.0 s; peak memory 1312 MiB.
2026-10-08T20:57:42Z INFO [394/500] 5febd3d2-751d-4aca-b05f-12d186a1f2e6: 117 chunks; 1.7 s; peak memory 1312 MiB.
2026-10-08T20:57:44Z INFO [395/500] 5febe9ae-2c36-4fe1-af83-1e709bf1fed3: 48 chunks; 1.5 s; peak memory 1312 MiB.
2026-10-08T20:57:46Z INFO [396/500] 5feddb91-5131-4d04-9a05-bd490c3bc05b: 117 chunks; 2.0 s; peak memory 1312 MiB.
2026-10-08T20:57:47Z INFO [397/500] 5fee0b27-5643-4097-897b-ea17857c3065: 48 chunks; 1.5 s; peak memory 1312 MiB.
2026-10-08T20:57:50Z INFO [398/500] 5fef2a11-d85d-4cae-9ef4-01f859ddacdd: 120 chunks; 2.6 s; peak memory 1312 MiB.
2026-10-08T20:57:52Z INFO [399/500] 5ff0a08e-28bf-4c2c-bceb-cd73f2d6f4d3: 69 chunks; 2.0 s; peak memory 1312 MiB.
2026-10-08T20:57:56Z INFO [400/500] 5ff0fb15-7264-4c96-8c3b-2ead88ebd2fb: 156 chunks; 4.2 s; peak memory 1312 MiB.
2026-10-08T20:57:56Z INFO [400/500] 5ff0fb15-7264-4c96-8c3b-2ead88ebd2fb: checkpointed 93234 new records.
2026-10-08T20:57:59Z INFO [401/500] 5ff2046f-4367-4e87-aee4-c8c487469386: 94 chunks; 2.9 s; peak memory 1312 MiB.
2026-10-08T20:58:05Z INFO [402/500] 5ff22584-9892-439a-a877-8eaa51899583: 3208 chunks; 5.7 s; peak memory 1312 MiB.
2026-10-08T20:58:21Z INFO [403/500] 5ff4487a-115a-4842-a481-1c7166485f8b: 31597 chunks; 16.4 s; peak memory 1312 MiB.
2026-10-08T20:58:23Z INFO [404/500] 5ff473c0-da8c-48e0-b2a4-3c18775acb60: 46 chunks; 1.4 s; peak memory 1312 MiB.
2026-10-08T20:59:28Z INFO [405/500] 5ff4ad49-9831-4557-9ff2-ae67cbaa2a44: 26162 chunks; 64.9 s; peak memory 1312 MiB.
2026-10-08T20:59:32Z INFO [406/500] 5ff4bf48-1441-4cd8-b14b-47dfa5330ddc: 85 chunks; 4.1 s; peak memory 1312 MiB.
2026-10-08T20:59:33Z INFO [407/500] 5ff5a570-5b62-4087-b854-e4463f568f26: 48 chunks; 1.6 s; peak memory 1312 MiB.
2026-10-08T20:59:35Z INFO [408/500] 5ff5d01c-2159-47fb-89cf-13037e7a9291: 49 chunks; 1.2 s; peak memory 1312 MiB.
2026-10-08T20:59:36Z INFO [409/500] 5ff5fc88-b751-4dc7-bddd-a43003fd1ab5: 117 chunks; 1.6 s; peak memory 1312 MiB.
2026-10-08T20:59:39Z INFO [410/500] 5ff67eb5-48ea-469e-9379-06dd3de92842: 937 chunks; 2.7 s; peak memory 1312 MiB.
2026-10-08T21:01:21Z INFO [411/500] 5ff6c8fa-55bf-46c1-99a3-d193d285cce0: 27701 chunks; 102.4 s; peak memory 1312 MiB.
2026-10-08T21:01:29Z INFO [412/500] 5ff71958-6560-4ebf-9ba5-c75967068175: 1252 chunks; 8.1 s; peak memory 1312 MiB.
2026-10-08T21:01:31Z INFO [413/500] 5ff72014-5059-4718-a770-000882f18b3c: 48 chunks; 1.3 s; peak memory 1312 MiB.
2026-10-08T21:01:32Z INFO [414/500] 5ff733f2-aeba-4ab3-a6af-0ce1d9c02f16: 35 chunks; 1.1 s; peak memory 1312 MiB.
2026-10-08T21:01:34Z INFO [415/500] 5ff90cec-d310-4b50-9353-94030ce839ff: 51 chunks; 1.6 s; peak memory 1312 MiB.
2026-10-08T21:04:25Z INFO [416/500] 5ffa37cf-88a0-4db1-9f3b-9642565d28cc: 42061 chunks; 171.3 s; peak memory 1312 MiB.
2026-10-08T21:04:27Z INFO [417/500] 5ffab62c-90ca-4944-a705-8e26595c678d: 48 chunks; 2.3 s; peak memory 1312 MiB.
2026-10-08T21:04:28Z INFO [418/500] 5ffbd58e-4fcf-45ca-81b5-483d3dc6edd7: 41 chunks; 1.3 s; peak memory 1312 MiB.
2026-10-08T21:04:30Z INFO [419/500] 5ffc08bd-5976-4a3e-a8d0-cb906e71c9d0: 45 chunks; 1.2 s; peak memory 1312 MiB.
2026-10-08T21:04:31Z INFO [420/500] 5ffca622-1142-4b90-8f73-5505538c3ce8: 118 chunks; 1.8 s; peak memory 1312 MiB.
2026-10-08T21:04:33Z INFO [421/500] 5ffce886-96ee-44aa-9a14-0b5c369b16a3: 64 chunks; 2.0 s; peak memory 1312 MiB.
2026-10-08T21:04:36Z INFO [422/500] 5ffdddac-1be0-4545-af97-22760fc033bb: 112 chunks; 2.4 s; peak memory 1312 MiB.
2026-10-08T21:04:38Z INFO [423/500] 5ffdf523-a98a-46c3-a12f-f5688293c427: 105 chunks; 2.6 s; peak memory 1312 MiB.
2026-10-08T21:04:41Z INFO [424/500] 5ffe03cf-76d3-4818-8ea5-84deeb736bb7: 66 chunks; 2.1 s; peak memory 1312 MiB.
2026-10-08T21:04:44Z INFO [425/500] 5ffec38b-2b77-45b0-ac01-173deb9882f2: 114 chunks; 3.2 s; peak memory 1312 MiB.
2026-10-08T21:04:46Z INFO [426/500] 5ffee6a6-2922-4593-9525-914a56d2f027: 69 chunks; 2.0 s; peak memory 1312 MiB.
2026-10-08T21:04:50Z INFO [427/500] 5fff30c0-9017-4255-bb43-fb9f15502ecd: 178 chunks; 3.9 s; peak memory 1312 MiB.
2026-10-08T21:04:51Z INFO [428/500] 5fff3f9f-8c05-4fb3-8a41-341d304e9664: 54 chunks; 1.1 s; peak memory 1312 MiB.
2026-10-08T21:05:05Z INFO [429/500] 5fff6077-dc29-45b9-96e8-74cee935c2af: 16478 chunks; 14.7 s; peak memory 1312 MiB.
2026-10-08T21:05:07Z INFO [430/500] 5fffe1e5-f373-4a57-9abc-719af5b20811: 48 chunks; 1.6 s; peak memory 1312 MiB.
2026-10-08T21:05:09Z INFO [431/500] 60013d66-d734-4bd6-8b5d-e15898ae3876: 62 chunks; 1.7 s; peak memory 1312 MiB.
2026-10-08T21:05:10Z INFO [432/500] 60018d18-903d-441e-980b-6217f49c08b3: 59 chunks; 1.7 s; peak memory 1312 MiB.
2026-10-08T21:05:12Z INFO [433/500] 60025af8-f7b1-4fc9-acf9-266725bf0077: 52 chunks; 1.6 s; peak memory 1312 MiB.
2026-10-08T21:05:43Z INFO [434/500] 6002eeb4-0047-4d48-9058-57a3904fc006: 6592 chunks; 31.3 s; peak memory 1312 MiB.
2026-10-08T21:05:46Z INFO [435/500] 6003421e-28e4-4e52-b2b1-cd638a564963: 69 chunks; 2.4 s; peak memory 1312 MiB.
2026-10-08T21:05:48Z INFO [436/500] 60045096-497b-4d16-a81e-09555427d1d9: 112 chunks; 2.2 s; peak memory 1312 MiB.
2026-10-08T21:05:50Z INFO [437/500] 6004b13b-5a44-43c2-bb70-231d086b75f0: 46 chunks; 2.3 s; peak memory 1312 MiB.
2026-10-08T21:05:56Z INFO [438/500] 6004f79c-fa5e-4be5-99f0-b44a3a8bcd59: 2695 chunks; 5.3 s; peak memory 1312 MiB.
2026-10-08T21:06:03Z INFO [439/500] 6005953b-b11c-41b3-98a7-3cac16c931db: 702 chunks; 7.0 s; peak memory 1312 MiB.
2026-10-08T21:06:04Z INFO [440/500] 6005ac4b-6a1b-4e1a-8423-9242a5db0422: 109 chunks; 1.9 s; peak memory 1312 MiB.
2026-10-08T21:06:07Z INFO [441/500] 6005ef32-564c-419d-9769-052a5f7a10f8: 71 chunks; 2.8 s; peak memory 1312 MiB.
2026-10-08T21:06:09Z INFO [442/500] 6006067c-05ef-4558-9881-c581e0363d3a: 71 chunks; 2.1 s; peak memory 1312 MiB.
2026-10-08T21:06:12Z INFO [443/500] 6006339d-db6b-4448-8d92-cd6053cf7ecb: 66 chunks; 2.2 s; peak memory 1312 MiB.
2026-10-08T21:06:13Z INFO [444/500] 6007066d-9d50-4b70-a7a8-b46778605ca5: 69 chunks; 1.6 s; peak memory 1312 MiB.
2026-10-08T21:06:16Z INFO [445/500] 60070e06-e689-47e9-b1f5-6334d042dea4: 149 chunks; 2.4 s; peak memory 1312 MiB.
2026-10-08T21:06:19Z INFO [446/500] 60073479-76a6-4d73-a448-6e7398f5f72f: 114 chunks; 3.6 s; peak memory 1312 MiB.
2026-10-08T21:06:22Z INFO [447/500] 6007c48a-323f-43ab-b0bc-3cfe92d04981: 71 chunks; 2.5 s; peak memory 1312 MiB.
2026-10-08T21:06:24Z INFO [448/500] 6008137e-fa8b-4a0b-a8ed-b3c44cd482dc: 71 chunks; 2.3 s; peak memory 1312 MiB.
2026-10-08T21:06:25Z INFO [449/500] 60086285-f08a-49a3-8cff-c76e22e39e1b: 43 chunks; 1.5 s; peak memory 1312 MiB.
2026-10-08T21:06:27Z INFO [450/500] 60098951-8a7a-47ae-b763-29ca0c03bd55: 66 chunks; 2.0 s; peak memory 1312 MiB.
2026-10-08T21:06:28Z INFO [450/500] 60098951-8a7a-47ae-b763-29ca0c03bd55: checkpointed 93284 new records.
2026-10-08T21:06:33Z INFO [451/500] 6009d008-83d4-4abf-817d-1d7d1f545787: 2085 chunks; 5.4 s; peak memory 1312 MiB.
2026-10-08T21:06:36Z INFO [452/500] 600a41b7-46ec-4e7f-b382-dcee85c0c17b: 119 chunks; 2.7 s; peak memory 1312 MiB.
2026-10-08T21:06:37Z INFO [453/500] 600ada9a-2a07-43c1-923d-5fc345be4edb: 48 chunks; 1.5 s; peak memory 1312 MiB.
2026-10-08T21:06:39Z INFO [454/500] 600b166c-1883-4fa3-b385-6413a9fc66d0: 102 chunks; 1.2 s; peak memory 1312 MiB.
2026-10-08T21:06:42Z INFO [455/500] 600b1d9c-3753-4bad-84e3-cdd23d1fa350: 90 chunks; 3.2 s; peak memory 1312 MiB.
2026-10-08T21:07:00Z INFO [456/500] 600c451d-50a7-40c1-b625-b0d46d234948: 8229 chunks; 17.9 s; peak memory 1312 MiB.
2026-10-08T21:07:01Z INFO [457/500] 600c67db-0e2a-4421-9da8-d9b444be4ab9: 56 chunks; 1.2 s; peak memory 1312 MiB.
2026-10-08T21:07:12Z INFO [458/500] 600cf442-a472-4a6d-872f-6cc1a639c1af: 391 chunks; 11.4 s; peak memory 1312 MiB.
2026-10-08T21:10:18Z INFO [459/500] 600d2113-47b2-4435-90cc-e8e6fb9840e8: 43107 chunks; 186.2 s; peak memory 1312 MiB.
2026-10-08T21:10:22Z INFO [460/500] 600eb892-f6ab-4912-bb96-a1106db99901: 80 chunks; 3.7 s; peak memory 1312 MiB.
2026-10-08T21:10:24Z INFO [461/500] 600fc7bd-5bc9-4782-9809-c59ec6fcd573: 112 chunks; 2.2 s; peak memory 1312 MiB.
2026-10-08T21:10:26Z INFO [462/500] 6010bb3d-d454-4a1b-86c7-c4ca31964f03: 42 chunks; 1.6 s; peak memory 1312 MiB.
2026-10-08T21:10:30Z INFO [463/500] 60116366-fc5a-413e-88b3-cbe03c990cbf: 188 chunks; 3.9 s; peak memory 1312 MiB.
2026-10-08T21:10:44Z INFO [464/500] 6011bed1-5521-453d-b4ed-b12a90c6d5d7: 20583 chunks; 14.2 s; peak memory 1312 MiB.
2026-10-08T21:10:46Z INFO [465/500] 6012e18c-adaf-4189-8a90-df602837f1a8: 48 chunks; 1.5 s; peak memory 1312 MiB.
2026-10-08T21:10:49Z INFO [466/500] 60141b03-7808-4292-87e7-16ef8c806171: 90 chunks; 3.8 s; peak memory 1312 MiB.
2026-10-08T21:10:51Z INFO [467/500] 60142fd1-5bd3-422f-ad6f-09054d5029f2: 117 chunks; 1.5 s; peak memory 1312 MiB.
2026-10-08T21:10:55Z INFO [468/500] 60146096-c7e3-40fe-8140-57ce9bc07b43: 133 chunks; 3.7 s; peak memory 1312 MiB.
2026-10-08T21:11:00Z INFO [469/500] 6014d0fd-3966-4ea9-ba2d-1084d2cdec57: 2083 chunks; 6.0 s; peak memory 1312 MiB.
2026-10-08T21:11:02Z INFO [470/500] 6014d84f-ae98-4adf-ad3c-d8c806f10c75: 116 chunks; 1.7 s; peak memory 1312 MiB.
2026-10-08T21:11:13Z INFO [471/500] 60155390-2125-4c13-b0d5-191607a89fed: 4171 chunks; 10.4 s; peak memory 1312 MiB.
2026-10-08T21:11:14Z INFO [472/500] 6015fc2c-405a-4e61-b8be-a51c38983cd0: 48 chunks; 1.7 s; peak memory 1312 MiB.
2026-10-08T21:34:30Z INFO [473/500] 60165de7-b64f-4c5f-86ec-6d20ed558123: 386476 chunks; 1395.6 s; peak memory 1312 MiB.
2026-10-08T21:34:31Z INFO [474/500] 60165f4c-38f8-48db-8064-de599c6b905b: 46 chunks; 1.1 s; peak memory 1312 MiB.
2026-10-08T21:34:32Z INFO [475/500] 601670dc-67e5-466b-9568-2583727f6f4a: 48 chunks; 1.3 s; peak memory 1312 MiB.
2026-10-08T21:34:34Z INFO [476/500] 6016af40-bf67-4497-991c-fce97a898bd9: 68 chunks; 1.7 s; peak memory 1312 MiB.
2026-10-08T21:34:36Z INFO [477/500] 60170051-cfc4-4244-9603-fa1b9bd706bc: 46 chunks; 2.0 s; peak memory 1312 MiB.
2026-10-08T21:34:38Z INFO [478/500] 60172b65-147c-4012-ab67-5dc352964b95: 69 chunks; 1.8 s; peak memory 1312 MiB.
2026-10-08T21:34:40Z INFO [479/500] 6017e024-9549-4e8c-8e24-08cf4fb7919f: 46 chunks; 2.4 s; peak memory 1312 MiB.
2026-10-08T21:34:55Z INFO [480/500] 6018829a-122a-4e15-b93c-3da1abe09651: 12702 chunks; 15.1 s; peak memory 1312 MiB.
2026-10-08T21:34:56Z INFO [481/500] 601897aa-4f9c-4da6-8db5-9a1ee2b67263: 55 chunks; 1.2 s; peak memory 1312 MiB.
2026-10-08T21:35:03Z INFO [482/500] 601aaf94-36d2-4f7f-a087-4e57cbf52ea8: 8459 chunks; 6.3 s; peak memory 1312 MiB.
2026-10-08T21:35:06Z INFO [483/500] 601b2ea6-37ed-4872-b753-6167e064cfb7: 119 chunks; 2.8 s; peak memory 1312 MiB.
2026-10-08T21:36:46Z INFO [484/500] 601be7aa-320f-4573-9596-e9e3cc0366e5: 32825 chunks; 100.4 s; peak memory 1312 MiB.
2026-10-08T21:36:49Z INFO [485/500] 601d35a5-c4e4-4a19-9778-46f9de57a310: 71 chunks; 2.6 s; peak memory 1312 MiB.
2026-10-08T21:36:50Z INFO [486/500] 601d7143-79be-4e86-aaa3-1c5b3c84f275: 63 chunks; 1.5 s; peak memory 1312 MiB.
2026-10-08T21:36:51Z INFO [487/500] 601e0eda-f6c6-4740-b001-e1aa9df77e5c: 48 chunks; 1.4 s; peak memory 1312 MiB.
2026-10-08T21:36:55Z INFO [488/500] 6020163b-f3a9-449a-a21e-0c215861d5ed: 178 chunks; 3.2 s; peak memory 1312 MiB.
2026-10-08T21:36:56Z INFO [489/500] 602020c9-8dc1-4d36-9c94-5aad283fec7f: 117 chunks; 1.7 s; peak memory 1312 MiB.
2026-10-08T21:36:58Z INFO [490/500] 6020318d-9ec0-47bd-9264-8c4104827b6b: 48 chunks; 1.3 s; peak memory 1312 MiB.
2026-10-08T21:37:00Z INFO [491/500] 6020824b-3ee3-4954-8bfd-59c10dff0b3b: 109 chunks; 1.8 s; peak memory 1312 MiB.
2026-10-08T21:37:02Z INFO [492/500] 60213703-b788-40f5-986c-bb4b355c16f7: 112 chunks; 2.5 s; peak memory 1312 MiB.
2026-10-08T21:37:09Z INFO [493/500] 602278ab-7f8d-4ff0-a4d6-2befb50bdbd4: 3737 chunks; 7.3 s; peak memory 1312 MiB.
2026-10-08T21:37:15Z INFO [494/500] 6022afcd-1876-4649-9f6b-068feac93345: 2979 chunks; 5.9 s; peak memory 1312 MiB.
2026-10-08T21:37:17Z INFO [495/500] 6022f0a5-64c2-4d5d-94da-eb9d7a5f4ab4: 116 chunks; 1.8 s; peak memory 1312 MiB.
2026-10-08T21:37:19Z INFO [496/500] 60243654-3789-4cf7-88cc-dbee2f2015f6: 117 chunks; 1.8 s; peak memory 1312 MiB.
2026-10-08T21:37:21Z INFO [497/500] 60244347-ca66-4f81-b67b-64a44455adb8: 117 chunks; 1.7 s; peak memory 1312 MiB.
2026-10-08T21:37:23Z INFO [498/500] 60263f29-d84d-43d3-b00b-2fad4b27f889: 66 chunks; 1.9 s; peak memory 1312 MiB.
2026-10-08T21:37:25Z INFO [499/500] 602690fa-3a0a-4015-bf54-45831336eca4: 71 chunks; 2.2 s; peak memory 1312 MiB.
2026-10-08T21:37:28Z INFO [500/500] 6026bd9d-c6ed-4a9a-8b4a-6cc159a5e9d2: 80 chunks; 3.5 s; peak memory 1312 MiB.
2026-10-08T21:37:29Z INFO [500/500] 6026bd9d-c6ed-4a9a-8b4a-6cc159a5e9d2: checkpointed 93334 new records.
2026-10-08T21:37:29Z INFO Wrote 93334 records to /tmp/derivatives/valid_nwb_file_to_chunk_stats.jsonl (500 new, 0 failed) in 147.0 min (peak memory 1312 MiB).
