2026-10-03T12:25:54Z INFO Logging to /tmp/logs/update_2026-10-03T12-25-54Z.log.
2026-10-03T12:25:54Z INFO Update valid-nwb-file-to-chunk-stats (base directory /tmp).
2026-10-03T12:25:54Z INFO Processing 500 items (65834 already recorded).
2026-10-03T12:25:55Z INFO [1/500] 2728f70b-f9e4-4c86-bc64-6b938fd125a8: 69 chunks; 1.5 s; peak memory 157 MiB.
2026-10-03T12:25:56Z INFO [2/500] 27296fcb-5e14-48b0-bf4e-1709d6b31b4d: 69 chunks; 0.9 s; peak memory 158 MiB.
2026-10-03T12:27:43Z INFO [3/500] 2729875e-d01f-4e05-b1be-158cad37902f: 40651 chunks; 106.6 s; peak memory 318 MiB.
2026-10-03T12:27:45Z INFO [4/500] 272b156b-bd03-411e-bfc8-5d5d3025fffc: 156 chunks; 1.9 s; peak memory 318 MiB.
2026-10-03T12:27:45Z INFO [5/500] 272b6528-2f9c-47f6-afa6-651fa854de38: 46 chunks; 0.6 s; peak memory 318 MiB.
2026-10-03T12:27:47Z INFO [6/500] 272bb071-7339-4f32-9f2c-9f3ee19e3e29: 123 chunks; 1.5 s; peak memory 318 MiB.
2026-10-03T12:27:51Z INFO [7/500] 272c0f09-4ec3-4779-b1bd-f1b707b9d134: 5172 chunks; 3.9 s; peak memory 318 MiB.
2026-10-03T12:27:52Z INFO [8/500] 272c95af-c198-4967-9606-2751cb40bb49: 48 chunks; 0.8 s; peak memory 318 MiB.
2026-10-03T12:27:52Z INFO [9/500] 272ccc05-92c4-49ba-986b-3d1f77d0151a: 110 chunks; 0.7 s; peak memory 318 MiB.
2026-10-03T12:27:54Z INFO [10/500] 272ce567-befb-40d4-9e0f-7adc52e145c3: 116 chunks; 1.8 s; peak memory 318 MiB.
2026-10-03T12:27:56Z INFO [11/500] 272cebf2-cb01-4be8-a7a2-f85c37edde5c: 115 chunks; 1.7 s; peak memory 318 MiB.
2026-10-03T12:27:57Z INFO [12/500] 272d49c5-323b-45d5-ac11-285114909c4c: 77 chunks; 0.7 s; peak memory 318 MiB.
2026-10-03T12:27:59Z INFO [13/500] 272dcb87-9e70-493a-b2c3-4d4db8189957: 115 chunks; 2.0 s; peak memory 318 MiB.
2026-10-03T12:27:59Z INFO [14/500] 272ea356-f278-49e5-97f5-8bac947f38da: 48 chunks; 0.7 s; peak memory 318 MiB.
2026-10-03T12:28:00Z INFO [15/500] 272ee21d-131e-4a63-850f-132af90dbf05: 66 chunks; 0.8 s; peak memory 318 MiB.
2026-10-03T12:28:04Z INFO [16/500] 272eec3d-e8a2-43b3-b31e-7dab1d8ba51e: 15132 chunks; 3.9 s; peak memory 318 MiB.
2026-10-03T12:28:05Z INFO [17/500] 272f0d49-4981-4fe2-8935-768bb46884b6: 112 chunks; 0.9 s; peak memory 318 MiB.
2026-10-03T12:28:12Z INFO [18/500] 272f3cd0-bf18-4e17-8fe7-32cdad261dfe: 62514 chunks; 6.9 s; peak memory 318 MiB.
2026-10-03T12:28:12Z INFO [19/500] 273312d0-4abf-428c-a456-f02ff748739a: 112 chunks; 0.6 s; peak memory 318 MiB.
2026-10-03T12:28:13Z INFO [20/500] 27335381-9109-4f00-8dfb-279bb078c2ee: 48 chunks; 0.7 s; peak memory 318 MiB.
2026-10-03T12:28:14Z INFO [21/500] 2734ac25-dec9-436f-8eed-144edcf8c04c: 112 chunks; 0.8 s; peak memory 318 MiB.
2026-10-03T12:28:29Z INFO [22/500] 2734ee3b-2b3b-428b-a03c-6e12cc20794e: 1155 chunks; 14.7 s; peak memory 318 MiB.
2026-10-03T12:28:30Z INFO [23/500] 27359f2c-269c-42e1-ab5c-da9cab74f61d: 76 chunks; 1.0 s; peak memory 318 MiB.
2026-10-03T12:28:30Z INFO [24/500] 2735a86c-61cf-45fe-afdc-8ddd4f51d488: 46 chunks; 0.6 s; peak memory 318 MiB.
2026-10-03T12:29:34Z INFO [25/500] 273683e0-cd6b-4549-9cd8-d56d965ea754: 5606 chunks; 64.0 s; peak memory 403 MiB.
2026-10-03T12:29:35Z INFO [26/500] 2736d5a9-52c3-45be-b1f4-6cb0e2eadabe: 48 chunks; 0.7 s; peak memory 403 MiB.
2026-10-03T12:29:36Z INFO [27/500] 27370186-1ff8-4e68-b8ad-f369586a4e5d: 114 chunks; 1.5 s; peak memory 403 MiB.
2026-10-03T12:29:43Z INFO [28/500] 27380997-9b9c-4331-8725-90b4615d3a65: 9860 chunks; 6.6 s; peak memory 403 MiB.
2026-10-03T12:29:44Z INFO [29/500] 2738ae11-039f-4f0c-b2f8-3ba780b5c154: 46 chunks; 0.5 s; peak memory 403 MiB.
2026-10-03T12:29:45Z INFO [30/500] 2738fcf7-2da4-406f-bf4f-efd140d47365: 48 chunks; 1.1 s; peak memory 403 MiB.
2026-10-03T12:29:45Z INFO [31/500] 273993de-fa0d-4752-96c7-6b5e8b01aed4: 49 chunks; 0.9 s; peak memory 403 MiB.
2026-10-03T12:29:57Z INFO [32/500] 273a7751-b72b-4551-910c-f676c741e40d: 10353 chunks; 11.4 s; peak memory 403 MiB.
2026-10-03T12:30:03Z INFO [33/500] 273b097e-4a9b-4d2c-90ef-7d5cfb6838c3: 11250 chunks; 6.2 s; peak memory 403 MiB.
2026-10-03T12:30:04Z INFO [34/500] 273b58b9-76d3-4c43-9a9c-2fde570bde21: 117 chunks; 0.6 s; peak memory 403 MiB.
2026-10-03T12:30:04Z INFO [35/500] 273c5a23-2ce2-4bf0-aab7-1c59e682cc52: 35 chunks; 0.5 s; peak memory 403 MiB.
2026-10-03T12:30:05Z INFO [36/500] 273ceba9-e94c-49c1-bfb3-a08288be9d72: 21 chunks; 0.5 s; peak memory 403 MiB.
2026-10-03T12:30:06Z INFO [37/500] 273d0572-db71-4633-89df-2284994881b4: 118 chunks; 1.8 s; peak memory 403 MiB.
2026-10-03T12:30:07Z INFO [38/500] 273dfd54-583e-4b4c-b0e1-747261f87b8c: 110 chunks; 0.6 s; peak memory 403 MiB.
2026-10-03T12:30:08Z INFO [39/500] 273e3c82-8cff-453e-a1e2-3e71704e11d6: 71 chunks; 1.3 s; peak memory 403 MiB.
2026-10-03T12:30:09Z INFO [40/500] 273e4b10-707f-410d-9eb5-095ec1d0b058: 55 chunks; 0.4 s; peak memory 403 MiB.
2026-10-03T12:30:09Z INFO [41/500] 273e6571-4c2e-4ad8-890d-47fe35d9a693: 48 chunks; 0.6 s; peak memory 403 MiB.
2026-10-03T12:30:11Z INFO [42/500] 273e85f9-954c-4eeb-bbb9-b019c86d36a8: 997 chunks; 1.5 s; peak memory 403 MiB.
2026-10-03T12:30:12Z INFO [43/500] 273e890d-fae8-472f-80d9-e4950d60804b: 117 chunks; 0.7 s; peak memory 403 MiB.
2026-10-03T12:30:21Z INFO [44/500] 273e913d-ed64-4df4-987e-3d9d4394de60: 428 chunks; 9.3 s; peak memory 403 MiB.
2026-10-03T12:30:22Z INFO [45/500] 273edb1c-399e-414c-a11d-06cca1954eaa: 155 chunks; 1.2 s; peak memory 403 MiB.
2026-10-03T12:30:23Z INFO [46/500] 273f54f1-9d4d-49a9-a399-4ea5612ab782: 63 chunks; 0.8 s; peak memory 403 MiB.
2026-10-03T12:30:23Z INFO [47/500] 273f9bfd-3d75-4487-8b0e-e450186019b5: 44 chunks; 0.5 s; peak memory 403 MiB.
2026-10-03T12:30:31Z INFO [48/500] 2741fca2-430f-4b2d-9559-fbf01800b2b4: 26169 chunks; 7.4 s; peak memory 403 MiB.
2026-10-03T12:30:31Z INFO [49/500] 2742fb2e-e660-4576-9d51-1fd5bf4d3218: 52 chunks; 0.8 s; peak memory 403 MiB.
2026-10-03T12:30:32Z INFO [50/500] 2743f57e-738a-40de-ab45-ca5f5a85802e: 112 chunks; 0.7 s; peak memory 403 MiB.
2026-10-03T12:30:32Z INFO [50/500] 2743f57e-738a-40de-ab45-ca5f5a85802e: checkpointed 65884 records.
2026-10-03T12:30:33Z INFO [51/500] 2744625a-5dd5-40ea-a1d3-760e977f9a41: 48 chunks; 0.6 s; peak memory 403 MiB.
2026-10-03T12:30:33Z INFO [52/500] 274467bc-f064-48ea-9658-85eb2e865031: 37 chunks; 0.5 s; peak memory 403 MiB.
2026-10-03T12:30:50Z INFO [53/500] 2744f758-1416-424a-a9e8-b7f5cf69e201: 6125 chunks; 16.4 s; peak memory 403 MiB.
2026-10-03T12:30:50Z INFO [54/500] 27463c0c-52f3-4d40-989b-7f1d850121c5: 48 chunks; 0.7 s; peak memory 403 MiB.
2026-10-03T12:30:51Z INFO [55/500] 27467967-cba5-4754-bb54-1a75740e2cff: 112 chunks; 0.7 s; peak memory 403 MiB.
2026-10-03T12:30:52Z INFO [56/500] 27468882-3013-4e82-9f4a-ce0adb0e7f95: 48 chunks; 0.7 s; peak memory 403 MiB.
2026-10-03T12:30:53Z INFO [57/500] 27472988-3112-4c1c-b29a-5a1bd2809695: 112 chunks; 0.7 s; peak memory 403 MiB.
2026-10-03T12:31:00Z INFO [58/500] 27476baf-0ffc-479f-a5e3-896d445c224c: 39883 chunks; 7.4 s; peak memory 403 MiB.
2026-10-03T12:31:01Z INFO [59/500] 274777d3-7a32-4a47-bfef-a29a5628efb6: 112 chunks; 0.9 s; peak memory 403 MiB.
2026-10-03T12:31:04Z INFO [60/500] 2747f9cb-6a6b-40df-8cb2-9bbdb1633d9e: 2923 chunks; 3.2 s; peak memory 403 MiB.
2026-10-03T12:31:05Z INFO [61/500] 27485da7-670d-4d06-b0db-1410809c3ba9: 46 chunks; 0.9 s; peak memory 403 MiB.
2026-10-03T12:31:06Z INFO [62/500] 2748874a-6083-4709-b88d-3e6884045917: 72 chunks; 0.7 s; peak memory 403 MiB.
2026-10-03T12:31:06Z INFO [63/500] 2748ad2c-721d-457c-a17e-3cc73f8049ea: 117 chunks; 0.8 s; peak memory 403 MiB.
2026-10-03T12:31:07Z INFO [64/500] 2748f40a-5cd9-486d-aca0-1eeef514e61e: 117 chunks; 0.7 s; peak memory 403 MiB.
2026-10-03T12:31:08Z INFO [65/500] 27493543-2ef8-48d8-ba72-7705b10525df: 112 chunks; 0.8 s; peak memory 403 MiB.
2026-10-03T12:31:09Z INFO [66/500] 2749a0a4-0b48-4af1-8f0d-9bbc78e7b263: 153 chunks; 0.8 s; peak memory 403 MiB.
2026-10-03T12:31:13Z INFO [67/500] 2749eca2-8270-4ca2-9d4f-64b90d7f5373: 995 chunks; 4.0 s; peak memory 403 MiB.
2026-10-03T12:31:16Z INFO [68/500] 274a2392-d81f-46c0-933f-4730986bead3: 8858 chunks; 3.1 s; peak memory 403 MiB.
2026-10-03T12:31:17Z INFO [69/500] 274a557d-4962-4cdf-99e4-c4a4cc1368d4: 48 chunks; 0.7 s; peak memory 403 MiB.
2026-10-03T12:31:51Z INFO [70/500] 274b4569-5721-45e3-af17-45b17a8a5a9a: 25653 chunks; 35.0 s; peak memory 403 MiB.
2026-10-03T12:31:52Z INFO [71/500] 274bc987-30e5-4e81-8324-cc607c33a6b4: 52 chunks; 0.5 s; peak memory 403 MiB.
2026-10-03T12:31:53Z INFO [72/500] 274bcc9d-4e5e-4830-b22a-9bc5d7cc7146: 117 chunks; 0.9 s; peak memory 403 MiB.
2026-10-03T12:31:54Z INFO [73/500] 274c8802-ee49-4766-bfb4-cd0f9e8e6889: 48 chunks; 0.7 s; peak memory 403 MiB.
2026-10-03T12:32:02Z INFO [74/500] 274d6eba-b527-4fb3-a1bc-3b73d64ee008: 31008 chunks; 8.8 s; peak memory 403 MiB.
2026-10-03T12:32:03Z INFO [75/500] 274dcd55-c986-4427-a62b-376ef07b15f5: 112 chunks; 0.9 s; peak memory 403 MiB.
2026-10-03T12:32:05Z INFO [76/500] 274e6717-bc40-4d1f-886b-0ec8a404332c: 71 chunks; 1.3 s; peak memory 403 MiB.
2026-10-03T12:32:05Z INFO [77/500] 274efb37-3071-41a1-a82c-ebf9c255734e: 71 chunks; 0.9 s; peak memory 403 MiB.
2026-10-03T12:32:06Z INFO [78/500] 274f610c-d8b2-4b5a-81c5-dda7a85ff80c: 110 chunks; 0.9 s; peak memory 403 MiB.
2026-10-03T12:32:08Z INFO [79/500] 274f65e0-3da8-4fc4-8df4-d351a0de4f66: 1061 chunks; 1.7 s; peak memory 403 MiB.
2026-10-03T12:32:12Z INFO [80/500] 274f82e9-99ae-4953-97a9-73a3e1d1454a: 2923 chunks; 3.6 s; peak memory 403 MiB.
2026-10-03T12:32:13Z INFO [81/500] 2750094c-cc02-4525-a80f-22dda794f6c8: 112 chunks; 1.0 s; peak memory 403 MiB.
2026-10-03T12:32:13Z INFO [82/500] 27501cd4-c781-49f8-81b3-a3640b24a32b: 69 chunks; 0.7 s; peak memory 403 MiB.
2026-10-03T12:32:14Z INFO [83/500] 27501d4d-4664-4986-b9c7-5fdfbb7eb2a2: 54 chunks; 0.6 s; peak memory 403 MiB.
2026-10-03T12:32:15Z INFO [84/500] 275071f9-fbd0-4348-8dd4-b9d37f83af6f: 48 chunks; 0.8 s; peak memory 403 MiB.
2026-10-03T12:32:16Z INFO [85/500] 2751dc4b-1f62-4527-b3cd-ba612a072204: 52 chunks; 0.8 s; peak memory 403 MiB.
2026-10-03T12:32:16Z INFO [86/500] 2752436c-8533-417d-af26-cc990d085605: 46 chunks; 0.5 s; peak memory 403 MiB.
2026-10-03T12:32:17Z INFO [87/500] 2752fed3-d42d-43f9-a4e9-03588ba5c60b: 71 chunks; 1.3 s; peak memory 403 MiB.
2026-10-03T12:32:18Z INFO [88/500] 2753b871-b49a-4acc-9ab2-7bbbc44ccb84: 48 chunks; 0.6 s; peak memory 403 MiB.
2026-10-03T12:32:19Z INFO [89/500] 27546a53-542b-46d2-ada6-e60c21e6da4d: 51 chunks; 0.8 s; peak memory 403 MiB.
2026-10-03T12:32:19Z INFO [90/500] 2754e658-4c8b-454b-bdaa-5ad70a134f28: 33 chunks; 0.4 s; peak memory 403 MiB.
2026-10-03T12:32:20Z INFO [91/500] 275546b3-e8dc-4159-84dd-b7a61e54f112: 48 chunks; 0.7 s; peak memory 403 MiB.
2026-10-03T12:32:20Z INFO [92/500] 275562c5-a0f5-488b-a16b-2b8d9b7254bc: 48 chunks; 0.6 s; peak memory 403 MiB.
2026-10-03T12:32:21Z INFO [93/500] 2755f8eb-f7fa-40d6-a000-f1bd0ab75faa: 112 chunks; 1.0 s; peak memory 403 MiB.
2026-10-03T12:32:22Z INFO [94/500] 2755f946-5ad6-4561-8c22-b7d2979a19ff: 66 chunks; 1.0 s; peak memory 403 MiB.
2026-10-03T12:32:23Z INFO [95/500] 275663db-9504-464e-be81-8fce5ae46dde: 48 chunks; 0.8 s; peak memory 403 MiB.
2026-10-03T12:32:24Z INFO [96/500] 27567c63-5d3d-438a-bf07-ec743fb40a64: 48 chunks; 0.7 s; peak memory 403 MiB.
2026-10-03T12:32:36Z INFO [97/500] 2756e03a-4227-4fbc-86be-7faade24da6d: 5681 chunks; 12.5 s; peak memory 403 MiB.
2026-10-03T12:32:37Z INFO [98/500] 275714e4-fd2f-40bd-83f4-6a95a7a0b33a: 116 chunks; 0.7 s; peak memory 403 MiB.
2026-10-03T12:32:40Z INFO [99/500] 27576cfb-4ac8-487c-ab6f-fcb9983bef3e: 7288 chunks; 2.7 s; peak memory 403 MiB.
2026-10-03T12:32:41Z INFO [100/500] 2757e10a-5f57-488e-b966-2c18f3672f4c: 48 chunks; 0.7 s; peak memory 403 MiB.
2026-10-03T12:32:41Z INFO [100/500] 2757e10a-5f57-488e-b966-2c18f3672f4c: checkpointed 65934 records.
2026-10-03T12:32:42Z INFO [101/500] 2757ed13-3f40-4ace-94b6-1b52f1a24232: 53 chunks; 0.9 s; peak memory 403 MiB.
2026-10-03T12:32:49Z INFO [102/500] 27588408-b597-4135-975b-9d428db00239: 20171 chunks; 7.0 s; peak memory 403 MiB.
2026-10-03T12:32:50Z INFO [103/500] 2758b777-2340-4ffd-8a69-099202282053: 46 chunks; 1.0 s; peak memory 403 MiB.
2026-10-03T12:32:50Z INFO [104/500] 27595c99-b452-4445-a829-4621c297d598: 48 chunks; 0.7 s; peak memory 403 MiB.
2026-10-03T12:32:51Z INFO [105/500] 275a77f5-3ad5-4c6f-9f97-37baa711113d: 48 chunks; 0.8 s; peak memory 403 MiB.
2026-10-03T12:36:08Z INFO [106/500] 275af013-3c6e-4a38-b0c3-680294671ea2: 75647 chunks; 197.2 s; peak memory 480 MiB.
2026-10-03T12:36:09Z INFO [107/500] 275b01e7-1391-4d2a-bfde-2dbcf3e9886c: 46 chunks; 0.7 s; peak memory 480 MiB.
2026-10-03T12:36:23Z INFO [108/500] 275b6bf0-db11-4dc4-9869-26c5c0ed6ab5: 5624 chunks; 14.2 s; peak memory 480 MiB.
2026-10-03T12:36:24Z INFO [109/500] 275c4012-cdd1-416e-a64c-e6aaa343d10c: 69 chunks; 0.7 s; peak memory 480 MiB.
2026-10-03T12:36:25Z INFO [110/500] 275c5911-e627-4de9-9de7-25ce817a64a6: 48 chunks; 0.7 s; peak memory 480 MiB.
2026-10-03T12:36:27Z INFO [111/500] 275c9156-a652-4a01-866c-12d3b58cbcce: 156 chunks; 2.0 s; peak memory 480 MiB.
2026-10-03T12:36:27Z INFO [112/500] 275ca6d0-9fff-488b-9583-6e3339367967: 117 chunks; 0.8 s; peak memory 480 MiB.
2026-10-03T12:36:28Z INFO [113/500] 275cf69d-9729-4d9d-b513-c63a0aee0777: 48 chunks; 0.8 s; peak memory 480 MiB.
2026-10-03T12:36:31Z INFO [114/500] 275e0aae-5c90-4637-afff-3944f319762c: 243 chunks; 2.7 s; peak memory 480 MiB.
2026-10-03T12:36:31Z INFO [115/500] 275e6272-a573-4729-bec3-c7b419856a3e: 46 chunks; 0.6 s; peak memory 480 MiB.
2026-10-03T12:36:32Z INFO [116/500] 275ea8cb-093c-471c-8e8c-2192e8ea71c2: 48 chunks; 0.7 s; peak memory 480 MiB.
2026-10-03T12:36:33Z INFO [117/500] 275eba8a-071d-4407-b061-f3ec371995d3: 48 chunks; 0.6 s; peak memory 480 MiB.
2026-10-03T12:36:36Z INFO [118/500] 275f521d-4863-4e7a-a523-291ecf8f0457: 6841 chunks; 3.1 s; peak memory 480 MiB.
2026-10-03T12:36:36Z INFO [119/500] 275fe2f2-6d0c-4c86-aa42-75a724d5e03f: 58 chunks; 0.5 s; peak memory 480 MiB.
2026-10-03T12:36:38Z INFO [120/500] 27603a55-a5a8-44e5-8b72-f59e3fce66aa: 122 chunks; 1.6 s; peak memory 480 MiB.
2026-10-03T12:36:42Z INFO [121/500] 27604021-7b0b-4cca-9c61-de3fb473bae3: 250 chunks; 3.9 s; peak memory 480 MiB.
2026-10-03T12:36:43Z INFO [122/500] 2760958a-92e6-43ae-8626-68ac4814744c: 46 chunks; 0.6 s; peak memory 480 MiB.
2026-10-03T12:36:43Z INFO [123/500] 2760b3f8-e89f-46af-8243-f584bb27ae3a: 117 chunks; 0.9 s; peak memory 480 MiB.
2026-10-03T12:36:45Z INFO [124/500] 27614a45-83aa-4066-9118-e2d80db4d73c: 119 chunks; 1.5 s; peak memory 480 MiB.
2026-10-03T12:36:46Z INFO [125/500] 2761b29b-b53b-4d61-a24f-b4012183b7d6: 117 chunks; 0.9 s; peak memory 480 MiB.
2026-10-03T12:36:46Z INFO [126/500] 27624ce6-4759-4c64-98f6-f6c6f57761fa: 48 chunks; 0.7 s; peak memory 480 MiB.
2026-10-03T12:36:47Z INFO [127/500] 27628af1-11b9-4169-84c6-a4d93cb7360a: 117 chunks; 0.8 s; peak memory 480 MiB.
2026-10-03T12:36:49Z INFO [128/500] 2763c8e4-fbe5-4f8d-8d7f-d7af782c8771: 205 chunks; 1.8 s; peak memory 480 MiB.
2026-10-03T12:36:50Z INFO [129/500] 2764c177-58df-42b3-8781-964551765d8f: 41 chunks; 0.6 s; peak memory 480 MiB.
2026-10-03T12:36:51Z INFO [130/500] 2765600b-9d6d-41bc-aec1-548d676d6ba8: 108 chunks; 0.9 s; peak memory 480 MiB.
2026-10-03T12:36:52Z INFO [131/500] 2765f2eb-6209-4cc9-a7a3-eec683d22ce1: 112 chunks; 1.0 s; peak memory 480 MiB.
2026-10-03T12:37:25Z INFO [132/500] 2766523f-629b-43b6-8f43-fb0e337cd5aa: 25653 chunks; 33.2 s; peak memory 480 MiB.
2026-10-03T12:37:25Z INFO [133/500] 27666537-eef7-4e7e-bd5c-d05803ea9fc3: 85 chunks; 0.7 s; peak memory 480 MiB.
2026-10-03T12:37:29Z INFO [134/500] 27683831-47f0-46e6-8a48-df2a2807d43a: 208 chunks; 3.3 s; peak memory 480 MiB.
2026-10-03T12:37:30Z INFO [135/500] 276870bd-f057-4d5b-8fe4-b107419e4776: 141 chunks; 1.1 s; peak memory 480 MiB.
2026-10-03T12:37:31Z INFO [136/500] 2768c2b5-7307-42d4-a140-a4a456e63133: 44 chunks; 0.7 s; peak memory 480 MiB.
2026-10-03T12:37:31Z INFO [137/500] 276928c8-d033-42aa-be25-4aa5834d3502: 48 chunks; 0.8 s; peak memory 480 MiB.
2026-10-03T12:37:32Z INFO [138/500] 276975ce-9995-4625-bd86-71c770fbeb3c: 48 chunks; 0.7 s; peak memory 480 MiB.
2026-10-03T12:37:33Z INFO [139/500] 276a57e2-dee9-41c3-8075-e942f37f2823: 41 chunks; 0.6 s; peak memory 480 MiB.
2026-10-03T12:37:34Z INFO [140/500] 276a731a-043c-4caf-8154-9f69a40ddd04: 422 chunks; 1.1 s; peak memory 480 MiB.
2026-10-03T12:37:35Z INFO [141/500] 276ada99-9d02-46e3-866f-78368e4dd402: 94 chunks; 1.4 s; peak memory 480 MiB.
2026-10-03T12:37:40Z INFO [142/500] 276b6e0d-2a77-4111-89b2-2e05e6af959c: 8530 chunks; 5.3 s; peak memory 480 MiB.
2026-10-03T12:37:41Z INFO [143/500] 276b9858-0105-42ab-afa6-13693f2003a0: 48 chunks; 0.8 s; peak memory 480 MiB.
2026-10-03T12:37:42Z INFO [144/500] 276bac96-d6a7-4214-b8be-25aa8d0a0f27: 117 chunks; 0.8 s; peak memory 480 MiB.
2026-10-03T12:37:47Z INFO [145/500] 276c98c7-2ff8-44a4-b9f5-221d50fd97eb: 24908 chunks; 5.2 s; peak memory 480 MiB.
2026-10-03T12:37:48Z INFO [146/500] 276d1f2e-74f0-43b9-88be-97af8c381e87: 48 chunks; 0.7 s; peak memory 480 MiB.
2026-10-03T12:37:49Z INFO [147/500] 276d54d5-fc5e-4583-a665-379517baba4d: 117 chunks; 0.8 s; peak memory 480 MiB.
2026-10-03T12:37:50Z INFO [148/500] 276d94dd-6608-4195-b5e4-d5e8477265c8: 112 chunks; 1.1 s; peak memory 480 MiB.
2026-10-03T12:37:52Z INFO [149/500] 276dc59f-8b5c-4038-a54d-78b67f68fd3a: 7051 chunks; 2.5 s; peak memory 480 MiB.
2026-10-03T12:37:53Z INFO [150/500] 276df5ec-13e4-4b66-ad0b-c6ef6a9596f8: 46 chunks; 0.5 s; peak memory 480 MiB.
2026-10-03T12:37:53Z INFO [150/500] 276df5ec-13e4-4b66-ad0b-c6ef6a9596f8: checkpointed 65984 records.
2026-10-03T12:37:54Z INFO [151/500] 276e757b-5b27-45d1-9103-1d976cc3801d: 71 chunks; 1.3 s; peak memory 480 MiB.
2026-10-03T12:37:56Z INFO [152/500] 276eff21-f1be-4f44-946e-8a2816e19414: 167 chunks; 1.6 s; peak memory 480 MiB.
2026-10-03T12:37:57Z INFO [153/500] 276f0bfb-3909-4d01-9aa0-c5bd1fe05dec: 48 chunks; 0.7 s; peak memory 480 MiB.
2026-10-03T12:37:57Z INFO [154/500] 276f3ad2-4342-4815-b8af-95b96155bb85: 48 chunks; 0.6 s; peak memory 480 MiB.
2026-10-03T12:37:58Z INFO [155/500] 276fa5e8-6b3b-4798-918e-4fd4eebac252: 48 chunks; 0.6 s; peak memory 480 MiB.
2026-10-03T12:37:59Z INFO [156/500] 27715edd-ee35-453c-b32e-452846d007ae: 132 chunks; 1.1 s; peak memory 480 MiB.
2026-10-03T12:38:00Z INFO [157/500] 27717980-b73f-473b-abc4-73536345259d: 48 chunks; 0.7 s; peak memory 480 MiB.
2026-10-03T12:38:00Z INFO [158/500] 2771a63d-172f-4606-8e0c-cc0795c21dfd: 48 chunks; 0.7 s; peak memory 480 MiB.
2026-10-03T12:38:01Z INFO [159/500] 2771beaa-a08e-419c-9ddb-20b8add88068: 48 chunks; 0.7 s; peak memory 480 MiB.
2026-10-03T12:38:02Z INFO [160/500] 27725078-6ef9-4769-80b8-66244ba7e0e4: 118 chunks; 0.9 s; peak memory 480 MiB.
2026-10-03T12:38:03Z INFO [161/500] 2772dfd0-ccab-4aee-9040-0e4c41674e8c: 48 chunks; 0.7 s; peak memory 480 MiB.
2026-10-03T12:38:03Z INFO [162/500] 27731211-698f-4c29-9b70-31423ce2317e: 48 chunks; 0.6 s; peak memory 480 MiB.
2026-10-03T12:38:04Z INFO [163/500] 2773b6c7-b38c-4843-ba27-d81b0eddb087: 36 chunks; 0.6 s; peak memory 480 MiB.
2026-10-03T12:38:04Z INFO [164/500] 27741e82-f912-4d0a-a167-d95749792b19: 48 chunks; 0.6 s; peak memory 480 MiB.
2026-10-03T12:38:05Z INFO [165/500] 27744974-920c-46fb-8326-e9c05f0fc8b3: 46 chunks; 0.4 s; peak memory 480 MiB.
2026-10-03T12:38:05Z INFO [166/500] 2774fc46-7439-4dfe-9e55-0aa13f33e715: 37 chunks; 0.5 s; peak memory 480 MiB.
2026-10-03T12:38:06Z INFO [167/500] 2776508b-89ca-4e15-b3ec-9b9058986b99: 289 chunks; 0.8 s; peak memory 480 MiB.
2026-10-03T12:38:07Z INFO [168/500] 27775686-d4c2-486a-8d78-f094492e3167: 48 chunks; 0.6 s; peak memory 480 MiB.
2026-10-03T12:38:07Z INFO [169/500] 2777fbb3-e608-4483-b3ec-1ab8ca1ef900: 116 chunks; 0.7 s; peak memory 480 MiB.
2026-10-03T12:38:11Z INFO [170/500] 27780321-56b1-4808-ac65-968dcdf78f22: 15172 chunks; 4.0 s; peak memory 480 MiB.
2026-10-03T12:38:12Z INFO [171/500] 2778b29e-a7c5-4ee7-bc3a-6c4bba45e9fb: 48 chunks; 0.8 s; peak memory 480 MiB.
2026-10-03T12:38:15Z INFO [172/500] 2778b7c4-8717-4cda-a364-82c8a6a9ded0: 10436 chunks; 3.3 s; peak memory 480 MiB.
2026-10-03T12:38:22Z INFO [173/500] 2778d2de-24b9-4e55-b25c-df93f6e5ffce: 2166 chunks; 6.7 s; peak memory 480 MiB.
2026-10-03T12:38:23Z INFO [174/500] 2779970d-f814-45c8-89e8-fbc6f9daf40b: 48 chunks; 0.6 s; peak memory 480 MiB.
2026-10-03T12:38:23Z INFO [175/500] 2779b127-1382-4a15-b4ed-31e4a68d0af8: 42 chunks; 0.7 s; peak memory 480 MiB.
2026-10-03T12:38:24Z INFO [176/500] 277a2dbd-be8a-4b49-b0ef-e054a7d961cc: 46 chunks; 0.5 s; peak memory 480 MiB.
2026-10-03T12:38:25Z INFO [177/500] 277a56f4-8e13-4d0a-aa66-430d02685694: 70 chunks; 1.0 s; peak memory 480 MiB.
2026-10-03T12:38:58Z INFO [178/500] 277a7151-aa77-4d21-9a95-632c0bdbdc19: 23346 chunks; 32.9 s; peak memory 480 MiB.
2026-10-03T12:39:01Z INFO [179/500] 277ae2fe-730a-4a9c-95c6-6687cd633fff: 7604 chunks; 2.7 s; peak memory 480 MiB.
2026-10-03T12:39:01Z INFO [180/500] 277affc4-2401-4746-81dd-30c3ffad63c8: 117 chunks; 0.7 s; peak memory 480 MiB.
2026-10-03T12:39:02Z INFO [181/500] 277b3acc-3fd7-49c7-bcc9-dc22fad0aacb: 48 chunks; 0.7 s; peak memory 480 MiB.
2026-10-03T12:39:06Z INFO [182/500] 277b3ba9-c7ae-4b75-bffe-d6bc2cf65ff6: 2372 chunks; 3.8 s; peak memory 480 MiB.
2026-10-03T12:39:07Z INFO [183/500] 277bc936-dbec-4051-8d0a-8aa8425dfc41: 48 chunks; 0.7 s; peak memory 480 MiB.
2026-10-03T12:39:16Z INFO [184/500] 277bf207-2536-4f47-9cf3-434d879ac467: 8266 chunks; 9.2 s; peak memory 480 MiB.
2026-10-03T12:39:17Z INFO [185/500] 277cc526-568b-4d56-8e2e-da65da5fd6b6: 110 chunks; 0.9 s; peak memory 480 MiB.
2026-10-03T12:39:17Z INFO [186/500] 277ddcd9-5280-4465-8b5b-d7900ee38487: 48 chunks; 0.7 s; peak memory 480 MiB.
2026-10-03T12:39:23Z INFO [187/500] 277deb65-36e7-468e-954f-2b8575232842: 11564 chunks; 5.5 s; peak memory 480 MiB.
2026-10-03T12:39:24Z INFO [188/500] 277e16f2-1231-4f22-8761-3e2e57cb6011: 48 chunks; 0.9 s; peak memory 480 MiB.
2026-10-03T12:39:24Z INFO [189/500] 277e1c13-8e44-4c60-8287-d6f82f30cf39: 550 chunks; 0.7 s; peak memory 480 MiB.
2026-10-03T12:39:30Z INFO [190/500] 277e97d6-3152-4b14-996d-2b310d8827bb: 1770 chunks; 5.5 s; peak memory 480 MiB.
2026-10-03T12:39:31Z INFO [191/500] 277edee6-3beb-4f90-aa9b-aa50b6165e0d: 66 chunks; 0.8 s; peak memory 480 MiB.
2026-10-03T12:39:32Z INFO [192/500] 277f52ad-67e1-43d8-82e9-c0a568905f30: 64 chunks; 0.9 s; peak memory 480 MiB.
2026-10-03T12:39:32Z INFO [193/500] 277f76ff-832d-452d-8a03-513417702949: 63 chunks; 0.6 s; peak memory 480 MiB.
2026-10-03T12:39:33Z INFO [194/500] 277fac3b-30fb-4612-ae6b-4a42ab628fb6: 48 chunks; 0.6 s; peak memory 480 MiB.
2026-10-03T12:39:34Z INFO [195/500] 277fc9dd-7b56-4f9e-972e-e22c034f3152: 106 chunks; 1.0 s; peak memory 480 MiB.
2026-10-03T12:39:50Z INFO [196/500] 277fcc02-6ebd-4001-9654-a736474ee4a6: 6039 chunks; 16.1 s; peak memory 480 MiB.
2026-10-03T12:41:26Z INFO [197/500] 278025c3-00bd-445e-83c3-2e99f09eecac: 38151 chunks; 95.7 s; peak memory 480 MiB.
2026-10-03T12:41:42Z INFO [198/500] 278089f2-260c-433e-9b47-9f37cf00f878: 6054 chunks; 16.0 s; peak memory 480 MiB.
2026-10-03T12:41:42Z INFO [199/500] 278200de-ef28-4781-abdd-fdc0ebb5a41b: 117 chunks; 0.9 s; peak memory 480 MiB.
2026-10-03T12:41:47Z INFO [200/500] 27822ea1-6ecc-45d4-87e9-ffa1485746aa: 294 chunks; 4.8 s; peak memory 480 MiB.
2026-10-03T12:41:47Z INFO [200/500] 27822ea1-6ecc-45d4-87e9-ffa1485746aa: checkpointed 66034 records.
2026-10-03T12:41:49Z INFO [201/500] 27849ac3-40cf-4fd5-9bbf-5c1d44878700: 71 chunks; 1.1 s; peak memory 480 MiB.
2026-10-03T12:41:54Z INFO [202/500] 2784ea4d-e024-4a82-b7c4-117d9d70fb0c: 4864 chunks; 5.0 s; peak memory 480 MiB.
2026-10-03T12:41:54Z INFO [203/500] 27850b52-4439-491d-b13a-cf311401a9d5: 48 chunks; 0.7 s; peak memory 480 MiB.
2026-10-03T12:41:55Z INFO [204/500] 2785a6a7-a9dc-4b3d-bb3b-4d429a2196d6: 48 chunks; 0.7 s; peak memory 480 MiB.
2026-10-03T12:41:56Z INFO [205/500] 27870c65-b7c3-4da8-8bf9-0c5946ee8ffc: 52 chunks; 0.7 s; peak memory 480 MiB.
2026-10-03T12:41:57Z INFO [206/500] 27872e69-7497-49a6-b782-151c540037cc: 101 chunks; 1.1 s; peak memory 480 MiB.
2026-10-03T12:42:01Z INFO [207/500] 2788748c-b2da-4d09-b25c-0a2fd0a4f32e: 5798 chunks; 4.3 s; peak memory 480 MiB.
2026-10-03T12:42:02Z INFO [208/500] 27896f5c-7a72-4926-9c07-af899735cd3b: 48 chunks; 0.6 s; peak memory 480 MiB.
2026-10-03T12:42:07Z INFO [209/500] 278ae5bb-e4b7-4763-a615-a29ef48c9244: 300 chunks; 5.4 s; peak memory 480 MiB.
2026-10-03T12:42:08Z INFO [210/500] 278b68e2-2c0a-48f1-9cfd-a911e890a8d0: 48 chunks; 0.7 s; peak memory 480 MiB.
2026-10-03T12:42:09Z INFO [211/500] 278bfa42-647d-438d-8988-5ee8ccce9473: 48 chunks; 0.8 s; peak memory 480 MiB.
2026-10-03T12:42:10Z INFO [212/500] 278c9319-6e65-43db-a4b4-589d416c9df9: 90 chunks; 1.7 s; peak memory 480 MiB.
2026-10-03T12:42:12Z INFO [213/500] 278c9c31-5ac9-48cd-88b4-d840896ca701: 114 chunks; 1.6 s; peak memory 480 MiB.
2026-10-03T12:42:20Z INFO [214/500] 278ccd7a-a447-4b1e-987a-17b77ce46db3: 20922 chunks; 7.9 s; peak memory 480 MiB.
2026-10-03T12:42:21Z INFO [215/500] 278d1d2b-6ea8-4ae1-989e-b80087d89a2b: 112 chunks; 0.9 s; peak memory 480 MiB.
2026-10-03T12:42:23Z INFO [216/500] 278d81ed-872f-40b1-9584-c82cf201904f: 115 chunks; 1.9 s; peak memory 480 MiB.
2026-10-03T12:42:24Z INFO [217/500] 278d8731-e305-4dca-90d9-1b0a97db9a92: 71 chunks; 1.0 s; peak memory 480 MiB.
2026-10-03T12:43:29Z INFO [218/500] 278d8846-5fcf-4ac0-89c8-378dcff6d578: 32825 chunks; 65.7 s; peak memory 480 MiB.
2026-10-03T12:43:30Z INFO [219/500] 278da514-6d55-4b21-8e0d-e49186961907: 50 chunks; 0.6 s; peak memory 480 MiB.
2026-10-03T12:43:31Z INFO [220/500] 278e07c5-79ad-4d54-846d-02d191d36066: 48 chunks; 0.7 s; peak memory 480 MiB.
2026-10-03T12:43:32Z INFO [221/500] 278e18dc-468d-4f75-8c9a-58c55ddb4a1d: 117 chunks; 1.6 s; peak memory 480 MiB.
2026-10-03T12:43:36Z INFO [222/500] 278e48d3-66e4-4ffd-a386-4a3cff862f27: 4477 chunks; 3.2 s; peak memory 480 MiB.
2026-10-03T12:43:36Z INFO [223/500] 278e6f26-d5bd-47a6-a110-10596e2eee3e: 48 chunks; 0.6 s; peak memory 480 MiB.
2026-10-03T12:43:37Z INFO [224/500] 278ff131-0b0f-42fd-8e35-6e1cc09c180d: 43 chunks; 0.7 s; peak memory 480 MiB.
2026-10-03T12:43:37Z INFO [225/500] 27901f86-84a5-4d04-8696-52f1244c491f: 48 chunks; 0.7 s; peak memory 480 MiB.
2026-10-03T12:43:38Z INFO [226/500] 2790591c-67b4-46f1-bb57-4c415a9b668f: 117 chunks; 0.7 s; peak memory 480 MiB.
2026-10-03T12:43:39Z INFO [227/500] 2791b4ab-3545-445b-b8f6-35075051a0b1: 59 chunks; 0.6 s; peak memory 480 MiB.
2026-10-03T12:43:39Z INFO [228/500] 2792bacd-214d-4da6-84c7-5ffcfc4d1088: 48 chunks; 0.7 s; peak memory 480 MiB.
2026-10-03T12:43:42Z INFO [229/500] 2792bb24-b7ef-4929-a219-088d4239fa50: 292 chunks; 2.8 s; peak memory 480 MiB.
2026-10-03T12:43:43Z INFO [230/500] 279397c9-61af-463d-ab3a-1e3884ec5175: 117 chunks; 0.7 s; peak memory 480 MiB.
2026-10-03T12:43:44Z INFO [231/500] 2793a6e1-44e9-401f-a8d8-290921f03e1b: 77 chunks; 0.7 s; peak memory 480 MiB.
2026-10-03T12:43:45Z INFO [232/500] 2793b2b5-1cdb-474f-ad8d-8f3508af43dd: 112 chunks; 0.8 s; peak memory 480 MiB.
2026-10-03T12:43:45Z INFO [233/500] 27942b2f-78a3-4322-909f-3fad53140c89: 59 chunks; 0.7 s; peak memory 480 MiB.
2026-10-03T12:43:46Z INFO [234/500] 2794c96b-bcbf-494e-b8db-734f28b2fcff: 70 chunks; 1.0 s; peak memory 480 MiB.
2026-10-03T12:43:47Z INFO [235/500] 2794fe28-684a-48e9-82a8-402e53a1147f: 117 chunks; 0.7 s; peak memory 480 MiB.
2026-10-03T12:43:50Z INFO [236/500] 27953a0f-4ce0-485d-9953-8e2eb42a343c: 2923 chunks; 2.8 s; peak memory 480 MiB.
2026-10-03T12:43:50Z INFO [237/500] 279704c6-7677-43a9-804f-e188ff34d530: 46 chunks; 0.6 s; peak memory 480 MiB.
2026-10-03T12:43:52Z INFO [238/500] 27971dcc-0477-4934-84b3-9133a6e25289: 68 chunks; 1.3 s; peak memory 480 MiB.
2026-10-03T12:43:55Z INFO [239/500] 279759d7-f902-4a53-b7d0-11267ee81c01: 2688 chunks; 3.0 s; peak memory 480 MiB.
2026-10-03T12:43:56Z INFO [240/500] 2797c532-0a5d-4b13-b5d3-8b230ea1226a: 144 chunks; 1.3 s; peak memory 480 MiB.
2026-10-03T12:43:57Z INFO [241/500] 27987635-3eea-4bf0-be12-af427926bc1f: 48 chunks; 0.6 s; peak memory 480 MiB.
2026-10-03T12:44:02Z INFO [242/500] 2798cfe3-1933-40ac-850f-a91735bfda01: 25080 chunks; 5.6 s; peak memory 480 MiB.
2026-10-03T12:44:03Z INFO [243/500] 27992834-14c5-49bf-9801-04420caca8f7: 118 chunks; 0.8 s; peak memory 480 MiB.
2026-10-03T12:44:03Z INFO [244/500] 279943cd-b437-4c76-9891-e1d06820e1d0: 54 chunks; 0.5 s; peak memory 480 MiB.
2026-10-03T12:44:04Z INFO [245/500] 2799f556-b282-4f64-9151-bdfe739f326b: 48 chunks; 0.6 s; peak memory 480 MiB.
2026-10-03T12:44:07Z INFO [246/500] 279a01b6-4810-43ee-b6f9-e155732c064b: 670 chunks; 3.1 s; peak memory 480 MiB.
2026-10-03T12:44:08Z INFO [247/500] 279a55a4-446c-4ebb-a28f-64ec7a403b0c: 117 chunks; 0.9 s; peak memory 480 MiB.
2026-10-03T12:45:48Z INFO [248/500] 279afdfb-21cc-494c-9e9f-ee4e60fe98df: 40592 chunks; 100.0 s; peak memory 480 MiB.
2026-10-03T12:45:49Z INFO [249/500] 279b1762-dc71-4437-9bc2-e67f98e0c5bc: 112 chunks; 0.8 s; peak memory 480 MiB.
2026-10-03T12:45:50Z INFO [250/500] 279b3dd6-28b9-4656-8567-2dbe0b6f4b6b: 48 chunks; 0.7 s; peak memory 480 MiB.
2026-10-03T12:45:50Z INFO [250/500] 279b3dd6-28b9-4656-8567-2dbe0b6f4b6b: checkpointed 66084 records.
2026-10-03T12:45:51Z INFO [251/500] 279c3385-c841-4d10-a538-d6cf6b467cc0: 48 chunks; 0.7 s; peak memory 480 MiB.
2026-10-03T12:45:52Z INFO [252/500] 279d185a-de58-444b-a88e-79fd14f2a0ee: 1360 chunks; 1.5 s; peak memory 480 MiB.
2026-10-03T12:45:57Z INFO [253/500] 279d6dfc-b96a-45dc-9f27-a82caea4197a: 8682 chunks; 5.2 s; peak memory 480 MiB.
2026-10-03T12:45:58Z INFO [254/500] 279de470-d71c-48d7-bb45-a198e39a6f0a: 48 chunks; 0.7 s; peak memory 480 MiB.
2026-10-03T12:45:59Z INFO [255/500] 279e06f3-54b7-4585-a277-13bce11a0cf3: 48 chunks; 0.9 s; peak memory 480 MiB.
2026-10-03T12:46:07Z INFO [256/500] 279fd047-73e6-4861-b664-6a3b3de4a93d: 16237 chunks; 8.2 s; peak memory 480 MiB.
2026-10-03T12:46:08Z INFO [257/500] 279ff3eb-1ece-4b82-84c7-191e190deb56: 48 chunks; 0.7 s; peak memory 480 MiB.
2026-10-03T12:47:57Z INFO [258/500] 27a02b6a-9493-4bb5-8e41-c6dd6bc47ed6: 43067 chunks; 109.1 s; peak memory 480 MiB.
2026-10-03T12:47:59Z INFO [259/500] 27a0680b-17ab-41b2-b53f-58a0ddd0e53b: 115 chunks; 1.7 s; peak memory 480 MiB.
2026-10-03T12:47:59Z INFO [260/500] 27a152d6-c2cc-4e2a-bccd-d8a7c1e98aea: 117 chunks; 0.9 s; peak memory 480 MiB.
2026-10-03T12:48:00Z INFO [261/500] 27a1aef8-b746-4270-9460-04c19d8d3454: 290 chunks; 1.0 s; peak memory 480 MiB.
2026-10-03T12:48:01Z INFO [262/500] 27a1ff16-7c22-43b4-bfab-1d337b548229: 46 chunks; 0.5 s; peak memory 480 MiB.
2026-10-03T12:48:02Z INFO [263/500] 27a242f3-4832-478a-a1c6-582d50d9ff08: 48 chunks; 0.8 s; peak memory 480 MiB.
2026-10-03T12:48:03Z INFO [264/500] 27a392ca-631c-4c65-b85c-1eb770a13dfc: 152 chunks; 1.0 s; peak memory 480 MiB.
2026-10-03T12:48:04Z INFO [265/500] 27a3e40f-0ee8-465f-9890-ef318c3bd0dd: 48 chunks; 0.8 s; peak memory 480 MiB.
2026-10-03T12:48:04Z INFO [266/500] 27a53683-c4fb-446f-9ba4-52496b1bbe16: 153 chunks; 0.8 s; peak memory 480 MiB.
2026-10-03T12:48:05Z INFO [267/500] 27a5e194-3a97-46ca-ada8-b37f6fbeb89c: 112 chunks; 0.8 s; peak memory 480 MiB.
2026-10-03T12:48:06Z INFO [268/500] 27a6a875-de16-4511-9a50-c1643d58857d: 48 chunks; 0.7 s; peak memory 480 MiB.
2026-10-03T12:48:07Z INFO [269/500] 27a74e32-1931-472d-895f-53cf0d1d6d80: 71 chunks; 1.3 s; peak memory 480 MiB.
2026-10-03T12:48:08Z INFO [270/500] 27a7a687-e34f-46f6-bf56-ef8a9ef2069d: 110 chunks; 0.9 s; peak memory 480 MiB.
2026-10-03T12:48:09Z INFO [271/500] 27a89893-3018-4cea-a5bb-7ecdda6d7a64: 665 chunks; 1.4 s; peak memory 480 MiB.
2026-10-03T12:48:11Z INFO [272/500] 27a8f9af-c6fa-4cb0-af23-339fbc6a9134: 997 chunks; 1.2 s; peak memory 480 MiB.
2026-10-03T12:48:11Z INFO [273/500] 27aa1611-b7a7-402a-bdad-0680e94e194c: 69 chunks; 0.7 s; peak memory 480 MiB.
2026-10-03T12:48:12Z INFO [274/500] 27aa3cb0-e695-450b-be8c-c79bd501ca47: 48 chunks; 0.7 s; peak memory 480 MiB.
2026-10-03T12:48:13Z INFO [275/500] 27aae3ff-caca-455c-b914-a18c2ba0d219: 115 chunks; 1.4 s; peak memory 480 MiB.
2026-10-03T12:48:14Z INFO [276/500] 27abc424-6600-469a-8093-c22ab4d3013c: 49 chunks; 0.7 s; peak memory 480 MiB.
2026-10-03T12:48:15Z INFO [277/500] 27abf7a7-d763-4a3f-acfe-1993cdbed12b: 48 chunks; 0.7 s; peak memory 480 MiB.
2026-10-03T12:48:18Z INFO [278/500] 27ac887c-05c8-46b7-bc0a-f6c1e8f796af: 388 chunks; 3.5 s; peak memory 480 MiB.
2026-10-03T12:48:19Z INFO [279/500] 27ac9ee4-f2fe-4079-b4f4-f7209a314e35: 48 chunks; 0.6 s; peak memory 480 MiB.
2026-10-03T12:48:20Z INFO [280/500] 27adb13d-b157-4567-bc08-52a9bf16a2cd: 48 chunks; 0.8 s; peak memory 480 MiB.
2026-10-03T12:48:21Z INFO [281/500] 27adea4d-f998-4f4b-b08c-ec86d58ac9e6: 112 chunks; 0.9 s; peak memory 480 MiB.
2026-10-03T12:48:21Z INFO [282/500] 27aeba56-b3ab-40ca-a8ed-8d36c496420a: 48 chunks; 0.7 s; peak memory 480 MiB.
2026-10-03T12:48:27Z INFO [283/500] 27b09724-0abe-4f69-a27d-29262ce5e67f: 339 chunks; 5.4 s; peak memory 480 MiB.
2026-10-03T12:48:27Z INFO [284/500] 27b188a2-0f36-47c0-bb9e-db09ef9660f1: 48 chunks; 0.7 s; peak memory 480 MiB.
2026-10-03T12:48:28Z INFO [285/500] 27b2403d-6c8b-40ac-a55a-64952f927218: 48 chunks; 0.6 s; peak memory 480 MiB.
2026-10-03T12:48:28Z INFO [286/500] 27b2fec1-68d4-4f46-ab02-9a981c198344: 50 chunks; 0.5 s; peak memory 480 MiB.
2026-10-03T12:48:30Z INFO [287/500] 27b389d3-0966-46b1-9a5b-9d1dbbd16e9a: 115 chunks; 1.7 s; peak memory 480 MiB.
2026-10-03T12:48:31Z INFO [288/500] 27b424dd-a842-4502-bc16-86810c2601bb: 52 chunks; 0.5 s; peak memory 480 MiB.
2026-10-03T12:48:32Z INFO [289/500] 27b47707-2d52-4179-aad7-af91d3bb0b52: 289 chunks; 1.0 s; peak memory 480 MiB.
2026-10-03T12:48:33Z INFO [290/500] 27b4fbb9-d68e-46fc-9626-7b2455879cb3: 76 chunks; 1.0 s; peak memory 480 MiB.
2026-10-03T12:48:34Z INFO [291/500] 27b550ba-4620-473f-a229-e5940e1ed13e: 62 chunks; 0.9 s; peak memory 480 MiB.
2026-10-03T12:48:35Z INFO [292/500] 27b5bf1d-7bbc-4424-8cf6-130447f17d65: 71 chunks; 1.1 s; peak memory 480 MiB.
2026-10-03T12:48:35Z INFO [293/500] 27b5f5ed-b44e-4066-8cbe-199aa820fb83: 68 chunks; 0.6 s; peak memory 480 MiB.
2026-10-03T12:48:36Z INFO [294/500] 27b6bba3-8806-4f48-a517-d376c6d61292: 112 chunks; 0.9 s; peak memory 480 MiB.
2026-10-03T12:48:37Z INFO [295/500] 27b6d100-c065-4cd9-b675-1e16bdb0f474: 48 chunks; 0.7 s; peak memory 480 MiB.
2026-10-03T12:48:37Z INFO [296/500] 27b7860e-0a94-4359-867a-8a66ad65b4c0: 44 chunks; 0.6 s; peak memory 480 MiB.
2026-10-03T12:48:38Z INFO [297/500] 27b8d2c8-943e-4e52-b693-1335574a3989: 69 chunks; 0.9 s; peak memory 480 MiB.
2026-10-03T12:48:40Z INFO [298/500] 27b92729-1247-4f67-9a8b-28c89b422047: 106 chunks; 1.4 s; peak memory 480 MiB.
2026-10-03T12:48:41Z INFO [299/500] 27b938c9-ced2-43e4-b418-4ccaf2c412f7: 112 chunks; 0.8 s; peak memory 480 MiB.
2026-10-03T12:48:41Z INFO [300/500] 27b98bf9-bff5-48c0-beef-af0d23d19e57: 47 chunks; 0.8 s; peak memory 480 MiB.
2026-10-03T12:48:42Z INFO [300/500] 27b98bf9-bff5-48c0-beef-af0d23d19e57: checkpointed 66134 records.
2026-10-03T12:48:43Z INFO [301/500] 27ba7d60-75dc-4693-8146-c0d47c6decd9: 49 chunks; 1.0 s; peak memory 480 MiB.
2026-10-03T12:48:43Z INFO [302/500] 27bb2be6-05ca-4adc-8694-60106f3e79ae: 46 chunks; 0.5 s; peak memory 480 MiB.
2026-10-03T12:48:45Z INFO [303/500] 27bb50c0-4562-4585-84f4-081c5e629c13: 123 chunks; 1.8 s; peak memory 480 MiB.
2026-10-03T12:48:46Z INFO [304/500] 27bc2763-1b50-4401-b88c-c9003938e019: 49 chunks; 0.7 s; peak memory 480 MiB.
2026-10-03T12:48:46Z INFO [305/500] 27bdf7ac-7239-43c3-a8d6-89b285344b93: 48 chunks; 0.7 s; peak memory 480 MiB.
2026-10-03T12:48:49Z INFO [306/500] 27be2e48-35dc-403e-ad5a-3ec05e337dad: 308 chunks; 3.0 s; peak memory 480 MiB.
2026-10-03T12:48:51Z INFO [307/500] 27c19111-0dc7-499e-a256-775b3ce878a5: 115 chunks; 1.5 s; peak memory 480 MiB.
2026-10-03T12:49:01Z INFO [308/500] 27c23595-63d8-4078-ab0f-e54d74a87e53: 4672 chunks; 9.9 s; peak memory 480 MiB.
2026-10-03T12:49:35Z INFO [309/500] 27c24104-db23-4046-8bea-8085bf36b575: 23861 chunks; 33.8 s; peak memory 480 MiB.
2026-10-03T12:49:35Z INFO [310/500] 27c27567-8115-498e-90b0-2e2b0459d5d3: 48 chunks; 0.7 s; peak memory 480 MiB.
2026-10-03T12:49:36Z INFO [311/500] 27c3b0b2-2f38-4d26-a42e-b1737655d0a5: 116 chunks; 0.7 s; peak memory 480 MiB.
2026-10-03T12:49:36Z INFO [312/500] 27c420bb-dd19-4fa4-8d2f-0277906e4da4: 41 chunks; 0.6 s; peak memory 480 MiB.
2026-10-03T12:49:37Z INFO [313/500] 27c459d2-48e5-4ddc-a5c8-d32c39b9a4f3: 52 chunks; 0.6 s; peak memory 480 MiB.
2026-10-03T12:49:38Z INFO [314/500] 27c47174-67f7-4669-8306-c001ae04ded9: 46 chunks; 0.5 s; peak memory 480 MiB.
2026-10-03T12:49:39Z INFO [315/500] 27c56e3e-9ea7-4049-bc65-d0d4e2ba982c: 71 chunks; 1.2 s; peak memory 480 MiB.
2026-10-03T12:49:40Z INFO [316/500] 27c5f524-f562-4ee8-bb74-230cbdeff61f: 66 chunks; 0.9 s; peak memory 480 MiB.
2026-10-03T12:49:40Z INFO [317/500] 27c627c0-9a77-4fc1-932e-d68a6d695d4b: 48 chunks; 0.6 s; peak memory 480 MiB.
2026-10-03T12:49:41Z INFO [318/500] 27c71f30-3972-40f6-aa6f-72fe81564ade: 112 chunks; 0.7 s; peak memory 480 MiB.
2026-10-03T12:49:42Z INFO [319/500] 27c76fbc-f6a7-43fc-9736-34d9395bb56b: 118 chunks; 1.4 s; peak memory 480 MiB.
2026-10-03T12:49:44Z INFO [320/500] 27c7b331-84c4-478e-8ffa-c01c43a5b037: 186 chunks; 1.5 s; peak memory 480 MiB.
2026-10-03T12:49:44Z INFO [321/500] 27c7cf9d-173e-419f-be0d-612aa92d298c: 48 chunks; 0.6 s; peak memory 480 MiB.
2026-10-03T12:49:46Z INFO [322/500] 27c82e49-d539-4afc-99d7-56f5c5b7adfa: 114 chunks; 1.7 s; peak memory 480 MiB.
2026-10-03T12:49:47Z INFO [323/500] 27c83705-5b37-4fec-8ce8-94dfb4be11a0: 119 chunks; 0.7 s; peak memory 480 MiB.
2026-10-03T12:49:48Z INFO [324/500] 27c870f0-6734-4b6d-8349-d61d8f1c0ef1: 118 chunks; 0.7 s; peak memory 480 MiB.
2026-10-03T12:49:52Z INFO [325/500] 27caeed0-ba71-4cbb-9682-99a6c9cff345: 27987 chunks; 4.4 s; peak memory 480 MiB.
2026-10-03T12:50:01Z INFO [326/500] 27cb3641-80fd-4708-b279-260ab7049a94: 3248 chunks; 8.6 s; peak memory 480 MiB.
2026-10-03T12:50:02Z INFO [327/500] 27cbb4a8-1bce-4296-b29f-2da167ea3050: 115 chunks; 1.7 s; peak memory 480 MiB.
2026-10-03T12:50:03Z INFO [328/500] 27cc1895-31fa-4c5c-8070-1684730e1d37: 48 chunks; 0.8 s; peak memory 480 MiB.
2026-10-03T12:50:04Z INFO [329/500] 27cd687b-8afd-4e48-bc66-3a950fbbb0c1: 66 chunks; 1.0 s; peak memory 480 MiB.
2026-10-03T12:50:05Z INFO [330/500] 27cdaedb-cc0c-4bce-99aa-c131d266a44b: 55 chunks; 0.6 s; peak memory 480 MiB.
2026-10-03T12:50:05Z INFO [331/500] 27ce263c-027b-4711-ab93-30cbfff93e05: 48 chunks; 0.6 s; peak memory 480 MiB.
2026-10-03T12:50:06Z INFO [332/500] 27cef310-34da-440a-ad01-bcc4153e59de: 69 chunks; 0.7 s; peak memory 480 MiB.
2026-10-03T12:50:07Z INFO [333/500] 27cf4787-d6a3-4748-81a3-20e747f594e2: 69 chunks; 0.5 s; peak memory 480 MiB.
2026-10-03T12:50:07Z INFO [334/500] 27d0481b-3ab1-474f-8564-403ba94b5090: 301 chunks; 0.5 s; peak memory 480 MiB.
2026-10-03T12:50:08Z INFO [335/500] 27d0767e-4f03-45d3-8969-39d8ba8e023a: 117 chunks; 1.0 s; peak memory 480 MiB.
2026-10-03T12:50:09Z INFO [336/500] 27d0c521-c311-47d2-ae8b-0e3001d748f2: 48 chunks; 0.6 s; peak memory 480 MiB.
2026-10-03T12:50:09Z INFO [337/500] 27d1c99b-c48b-40ca-b31a-f2ad2f70abf6: 56 chunks; 0.4 s; peak memory 480 MiB.
2026-10-03T12:50:10Z INFO [338/500] 27d20d96-d567-46d7-befe-2cac48161d04: 48 chunks; 0.7 s; peak memory 480 MiB.
2026-10-03T12:50:11Z INFO [339/500] 27d3c489-9a44-469b-aba7-8aa3e3546e1c: 112 chunks; 0.9 s; peak memory 480 MiB.
2026-10-03T12:50:11Z INFO [340/500] 27d3c9ea-d357-48fd-85bc-de4952cdb8a0: 41 chunks; 0.6 s; peak memory 480 MiB.
2026-10-03T12:50:12Z INFO [341/500] 27d4409e-58d8-4ee4-98bc-978a66ea4f23: 48 chunks; 0.8 s; peak memory 480 MiB.
2026-10-03T12:50:20Z INFO [342/500] 27d46b2c-0bf2-4474-bf40-ca05d15b488f: 46650 chunks; 7.7 s; peak memory 480 MiB.
2026-10-03T12:50:20Z INFO [343/500] 27d4cb30-779e-4cf1-a7de-4eb8723e13de: 48 chunks; 0.6 s; peak memory 480 MiB.
2026-10-03T12:50:22Z INFO [344/500] 27d5c406-1140-4709-9949-7807f4de540c: 64 chunks; 1.5 s; peak memory 480 MiB.
2026-10-03T12:50:26Z INFO [345/500] 27d5d5a8-c303-4a71-9bba-3c8a831b2bc3: 368 chunks; 3.8 s; peak memory 480 MiB.
2026-10-03T12:50:26Z INFO [346/500] 27d5e98c-8cbb-4859-ae75-9cacc3b6e307: 112 chunks; 0.6 s; peak memory 480 MiB.
2026-10-03T12:50:27Z INFO [347/500] 27d6d303-d174-4957-a411-388d0bb201b2: 147 chunks; 0.8 s; peak memory 480 MiB.
2026-10-03T12:50:28Z INFO [348/500] 27d739f2-ea5b-4992-8de8-6b2d4c5f3ede: 46 chunks; 0.7 s; peak memory 480 MiB.
2026-10-03T12:50:29Z INFO [349/500] 27d76582-6e8d-4ab8-9c91-4f1b58d346bd: 117 chunks; 0.7 s; peak memory 480 MiB.
2026-10-03T12:50:29Z INFO [350/500] 27d7dfe5-d1e3-450c-b86a-7709d27c1be2: 48 chunks; 0.7 s; peak memory 480 MiB.
2026-10-03T12:50:29Z INFO [350/500] 27d7dfe5-d1e3-450c-b86a-7709d27c1be2: checkpointed 66184 records.
2026-10-03T12:50:30Z INFO [351/500] 27d82acd-b76d-4f25-a9dd-1289be542431: 21 chunks; 0.5 s; peak memory 480 MiB.
2026-10-03T12:50:31Z INFO [352/500] 27d83c6d-462f-446d-9740-5940d410e787: 64 chunks; 0.9 s; peak memory 480 MiB.
2026-10-03T12:50:31Z INFO [353/500] 27d845b2-55ed-40df-aab1-7a430957a509: 46 chunks; 0.4 s; peak memory 480 MiB.
2026-10-03T12:50:32Z INFO [354/500] 27d90244-72e8-4940-92de-e6df46f65266: 64 chunks; 0.7 s; peak memory 480 MiB.
2026-10-03T12:50:36Z INFO [355/500] 27d90704-b817-481d-b4d3-63b608808618: 12220 chunks; 4.1 s; peak memory 480 MiB.
2026-10-03T12:50:38Z INFO [356/500] 27d96e78-ed4a-4e7b-bf4f-157907f12e6d: 7989 chunks; 2.4 s; peak memory 480 MiB.
2026-10-03T12:50:39Z INFO [357/500] 27dae353-63b0-4ac4-9041-dfc58835e96f: 170 chunks; 0.8 s; peak memory 480 MiB.
2026-10-03T12:50:40Z INFO [358/500] 27daeccd-14c0-434e-ad9e-3d3d021dbba9: 50 chunks; 0.5 s; peak memory 480 MiB.
2026-10-03T12:50:41Z INFO [359/500] 27db767f-85f2-4f72-82f7-e8e30a14d6af: 67 chunks; 1.2 s; peak memory 480 MiB.
2026-10-03T12:50:41Z INFO [360/500] 27dbacba-28f7-46f0-a1da-3de6374e8435: 50 chunks; 0.6 s; peak memory 480 MiB.
2026-10-03T12:50:48Z INFO [361/500] 27dca6f4-413d-40f0-bc3f-61177bd04ea9: 11562 chunks; 6.5 s; peak memory 480 MiB.
2026-10-03T12:50:49Z INFO [362/500] 27dd1a68-5a69-49a7-aab6-c9ca7271cdfc: 48 chunks; 0.8 s; peak memory 480 MiB.
2026-10-03T12:50:50Z INFO [363/500] 27dd320e-823b-4825-a106-c3fc3e76c915: 71 chunks; 1.3 s; peak memory 480 MiB.
2026-10-03T12:50:55Z INFO [364/500] 27dd9ef6-2c21-4c1b-bc04-9d119affc7f3: 1242 chunks; 4.9 s; peak memory 480 MiB.
2026-10-03T12:50:55Z INFO [365/500] 27ddeb5f-1aa4-4eb5-96cd-c2da5d798d82: 56 chunks; 0.5 s; peak memory 480 MiB.
2026-10-03T12:50:56Z INFO [366/500] 27de224f-b73c-431f-8e40-7ec81c7140a7: 117 chunks; 0.7 s; peak memory 480 MiB.
2026-10-03T12:50:57Z INFO [367/500] 27ded58f-6c7f-44fe-b363-8b0cc0fa68ee: 112 chunks; 0.7 s; peak memory 480 MiB.
2026-10-03T12:50:58Z INFO [368/500] 27e0208e-6d65-41ef-a331-02727ad2bda3: 124 chunks; 1.1 s; peak memory 480 MiB.
2026-10-03T12:51:03Z INFO [369/500] 27e094ce-77ab-4bb3-b5a6-3811ac91eaf2: 14679 chunks; 4.8 s; peak memory 480 MiB.
2026-10-03T12:51:04Z INFO [370/500] 27e1e7ae-bcc2-4cd1-b8c8-fad7028f53e6: 353 chunks; 1.6 s; peak memory 480 MiB.
2026-10-03T12:51:05Z INFO [371/500] 27e1eaf1-6c73-4775-bc73-9d76f87d1331: 63 chunks; 0.6 s; peak memory 480 MiB.
2026-10-03T12:51:15Z INFO [372/500] 27e205f7-64c2-4552-a75a-899a042a3417: 37430 chunks; 10.1 s; peak memory 480 MiB.
2026-10-03T12:51:16Z INFO [373/500] 27e32067-1320-4d41-bcc8-0367e2096f06: 117 chunks; 0.7 s; peak memory 480 MiB.
2026-10-03T12:51:17Z INFO [374/500] 27e32c5f-2407-4367-b79b-12310d3154b6: 118 chunks; 0.8 s; peak memory 480 MiB.
2026-10-03T12:51:23Z INFO [375/500] 27e3b847-c767-42ca-b961-03ca0bf955eb: 29503 chunks; 6.6 s; peak memory 480 MiB.
2026-10-03T12:51:24Z INFO [376/500] 27e3eef0-c674-48f8-b93d-962ef8e2f94b: 62 chunks; 0.6 s; peak memory 480 MiB.
2026-10-03T12:51:25Z INFO [377/500] 27e432b7-5142-4a90-a55e-d19bf50a2a70: 325 chunks; 1.5 s; peak memory 480 MiB.
2026-10-03T12:51:26Z INFO [378/500] 27e50663-7a52-41ce-bb80-474665fdf55f: 112 chunks; 0.8 s; peak memory 480 MiB.
2026-10-03T12:51:27Z INFO [379/500] 27e52856-e59b-40a3-838e-e83586f65b59: 117 chunks; 0.8 s; peak memory 480 MiB.
2026-10-03T12:51:28Z INFO [380/500] 27e60063-11b9-4ae6-991e-c138ee7ae4cb: 48 chunks; 0.8 s; peak memory 480 MiB.
2026-10-03T12:51:28Z INFO [381/500] 27e61386-6db8-48fe-a684-43e5148eb6bc: 48 chunks; 0.7 s; peak memory 480 MiB.
2026-10-03T12:53:23Z INFO [382/500] 27e72b49-849b-4eb3-8efa-0e7883a4795c: 42690 chunks; 114.8 s; peak memory 480 MiB.
2026-10-03T12:53:24Z INFO [383/500] 27e744c7-f6a5-49db-99fb-1f0340900f3a: 117 chunks; 0.8 s; peak memory 480 MiB.
2026-10-03T12:53:24Z INFO [384/500] 27e82a67-68cd-49a1-848a-26ab1e30f760: 54 chunks; 0.6 s; peak memory 480 MiB.
2026-10-03T12:53:25Z INFO [385/500] 27e83e57-16b2-4d9f-98fc-2703c6d284f5: 42 chunks; 0.7 s; peak memory 480 MiB.
2026-10-03T12:53:26Z INFO [386/500] 27eb1a00-208f-4bdc-9f58-a3a393531787: 117 chunks; 0.8 s; peak memory 480 MiB.
2026-10-03T12:53:27Z INFO [387/500] 27eb2112-7ae6-4dde-8717-f8fedadd3d49: 109 chunks; 0.8 s; peak memory 480 MiB.
2026-10-03T12:53:28Z INFO [388/500] 27ec565b-614e-4bcd-9cf8-705b9e51e396: 117 chunks; 0.9 s; peak memory 480 MiB.
2026-10-03T12:53:28Z INFO [389/500] 27ed66c3-be34-4ee4-b271-26ae1a0ca58c: 117 chunks; 0.7 s; peak memory 480 MiB.
2026-10-03T12:53:32Z INFO [390/500] 27edad2e-87be-4b20-b11a-c02abba61829: 2923 chunks; 3.5 s; peak memory 480 MiB.
2026-10-03T12:53:34Z INFO [391/500] 27ee1499-dba5-4d18-a01a-92274d8025e2: 1580 chunks; 2.2 s; peak memory 480 MiB.
2026-10-03T12:53:35Z INFO [392/500] 27ef4011-99a4-4d28-bfd7-9be92688fe6f: 33 chunks; 0.6 s; peak memory 480 MiB.
2026-10-03T12:53:38Z INFO [393/500] 27ef9dde-abb2-417d-82ec-c4dc586b4ac4: 308 chunks; 3.2 s; peak memory 480 MiB.
2026-10-03T12:53:39Z INFO [394/500] 27f02abb-a340-4d5d-a6a4-000bd66c4fed: 109 chunks; 0.7 s; peak memory 480 MiB.
2026-10-03T12:53:39Z INFO [395/500] 27f06592-ba9f-46dc-873e-f00fc1da9ce8: 51 chunks; 0.5 s; peak memory 480 MiB.
2026-10-03T12:53:40Z INFO [396/500] 27f06c44-9105-479b-ba48-8a1f7567f05a: 48 chunks; 0.8 s; peak memory 480 MiB.
2026-10-03T12:53:40Z INFO [397/500] 27f0dd75-6e49-4a0f-adc8-22868dc0a994: 46 chunks; 0.4 s; peak memory 480 MiB.
2026-10-03T12:53:41Z INFO [398/500] 27f15490-8e67-41f9-af0f-b77cc3ebe832: 117 chunks; 0.7 s; peak memory 480 MiB.
2026-10-03T12:53:46Z INFO [399/500] 27f17ae5-c2a5-4d9c-a07a-f3dde515520b: 28649 chunks; 4.9 s; peak memory 480 MiB.
2026-10-03T12:53:47Z INFO [400/500] 27f1be2a-368f-4c55-a98d-85792a48777d: 46 chunks; 0.7 s; peak memory 480 MiB.
2026-10-03T12:53:47Z INFO [400/500] 27f1be2a-368f-4c55-a98d-85792a48777d: checkpointed 66234 records.
2026-10-03T12:53:48Z INFO [401/500] 27f1e595-fcfd-4e6b-8942-f90eb1258847: 112 chunks; 1.1 s; peak memory 480 MiB.
2026-10-03T12:53:48Z INFO [402/500] 27f25c0f-34b1-44d8-b166-70b79c58236a: 86 chunks; 0.6 s; peak memory 480 MiB.
2026-10-03T12:53:50Z INFO [403/500] 27f38244-7968-4b18-bbb8-497ecb32baf7: 156 chunks; 1.8 s; peak memory 480 MiB.
2026-10-03T12:53:51Z INFO [404/500] 27f3dc23-d131-4df6-bec7-6f2187564064: 112 chunks; 1.0 s; peak memory 480 MiB.
2026-10-03T12:53:52Z INFO [405/500] 27f4a64d-998a-4855-bd1c-34077c61eb2c: 48 chunks; 0.8 s; peak memory 480 MiB.
2026-10-03T12:53:53Z INFO [406/500] 27f4abbd-5797-4210-8a10-bccd29cb5c46: 68 chunks; 0.7 s; peak memory 480 MiB.
2026-10-03T12:53:54Z INFO [407/500] 27f561c7-9322-4edb-81f5-46f4e6539c52: 186 chunks; 1.7 s; peak memory 480 MiB.
2026-10-03T12:53:56Z INFO [408/500] 27f57af8-c192-499f-896f-1cf2ab5a8cc4: 156 chunks; 1.9 s; peak memory 480 MiB.
2026-10-03T12:53:57Z INFO [409/500] 27f667ce-1c31-43bd-9a40-c1a250341607: 116 chunks; 0.6 s; peak memory 480 MiB.
2026-10-03T12:53:58Z INFO [410/500] 27f7a71f-1b70-4f4e-8716-28013d50b0f7: 117 chunks; 0.6 s; peak memory 480 MiB.
2026-10-03T12:54:01Z INFO [411/500] 27f83e98-be42-45d6-8655-6f752e240db3: 4786 chunks; 3.3 s; peak memory 480 MiB.
2026-10-03T12:54:02Z INFO [412/500] 27f8c521-ad4e-40ff-b1b9-1d2653772a2b: 112 chunks; 0.9 s; peak memory 480 MiB.
2026-10-03T12:54:03Z INFO [413/500] 27f8e23c-7167-495c-8a5e-ef1a4616732d: 112 chunks; 0.9 s; peak memory 480 MiB.
2026-10-03T12:54:06Z INFO [414/500] 27f917bc-9e6f-4ca6-956c-41216a7b0c38: 204 chunks; 3.0 s; peak memory 480 MiB.
2026-10-03T12:54:06Z INFO [415/500] 27f98646-abe1-44d3-84c8-4d79bcde7aa3: 48 chunks; 0.7 s; peak memory 480 MiB.
2026-10-03T12:54:10Z INFO [416/500] 27f9c8ca-7f0f-4e8c-8de9-bde2869e3037: 14831 chunks; 3.4 s; peak memory 480 MiB.
2026-10-03T12:54:11Z INFO [417/500] 27fadf51-1903-4524-b7d5-020aa1aa0325: 53 chunks; 0.7 s; peak memory 480 MiB.
2026-10-03T12:54:16Z INFO [418/500] 27fb78d5-297c-43f9-9e83-670ac59d3bf0: 3967 chunks; 5.9 s; peak memory 480 MiB.
2026-10-03T12:54:17Z INFO [419/500] 27fbc3d3-5892-4619-8967-61aafa38c7bb: 77 chunks; 0.7 s; peak memory 480 MiB.
2026-10-03T12:54:18Z INFO [420/500] 27fbca78-caa2-4d16-8522-9cf67e0d7d36: 52 chunks; 0.9 s; peak memory 480 MiB.
2026-10-03T12:54:19Z INFO [421/500] 27fc0d86-a477-40f7-95a4-7b63f6a83a0d: 112 chunks; 0.8 s; peak memory 480 MiB.
2026-10-03T12:54:19Z INFO [422/500] 27fe45a2-be1b-4d84-9a62-0ffb55c2895a: 46 chunks; 0.5 s; peak memory 480 MiB.
2026-10-03T12:54:20Z INFO [423/500] 27fe49ba-6015-44ac-9a77-19d46c77820e: 48 chunks; 0.7 s; peak memory 480 MiB.
2026-10-03T12:54:21Z INFO [424/500] 27ff34a5-0423-4388-83f7-7dbc9c083115: 58 chunks; 0.5 s; peak memory 480 MiB.
2026-10-03T12:54:27Z INFO [425/500] 2800b8c3-9e75-47e6-aef1-0adf5dff13cd: 19147 chunks; 6.6 s; peak memory 480 MiB.
2026-10-03T12:54:28Z INFO [426/500] 2801a344-4fc0-4aa6-90a5-f8ee58b9ae78: 76 chunks; 1.0 s; peak memory 480 MiB.
2026-10-03T12:54:30Z INFO [427/500] 2802135f-108f-4008-a2fd-30dbda73e829: 115 chunks; 1.9 s; peak memory 480 MiB.
2026-10-03T12:54:30Z INFO [428/500] 2802147b-c44c-463f-bcd0-b57243143006: 33 chunks; 0.4 s; peak memory 480 MiB.
2026-10-03T12:54:31Z INFO [429/500] 280282be-35d9-42a3-a157-69816f3000d8: 52 chunks; 1.0 s; peak memory 480 MiB.
2026-10-03T12:54:32Z INFO [430/500] 280286b9-348d-4dee-8d77-0dd41351305a: 66 chunks; 1.0 s; peak memory 480 MiB.
2026-10-03T12:54:33Z INFO [431/500] 28041547-96f2-4703-9426-44af1a192632: 52 chunks; 0.5 s; peak memory 480 MiB.
2026-10-03T12:54:34Z INFO [432/500] 2804705f-8445-48b0-a88f-d9f8e884e134: 48 chunks; 0.7 s; peak memory 480 MiB.
2026-10-03T12:54:35Z INFO [433/500] 2804b37c-f480-4617-aea3-757bd766d1b0: 119 chunks; 1.6 s; peak memory 480 MiB.
2026-10-03T12:57:52Z INFO [434/500] 2804f6c9-411c-4600-af69-8ac867116ecb: 1916257 chunks; 196.2 s; peak memory 1343 MiB.
2026-10-03T12:57:52Z INFO [435/500] 2806887b-9ef8-4206-adf4-f8c76ac09fb9: 84 chunks; 0.6 s; peak memory 1343 MiB.
2026-10-03T12:57:53Z INFO [436/500] 28072664-1032-4a48-845a-e0fc8301b014: 48 chunks; 0.8 s; peak memory 1343 MiB.
2026-10-03T12:58:19Z INFO [437/500] 28078f4d-4a56-4bc3-9a51-e3daf35c37c0: 2906 chunks; 25.9 s; peak memory 1343 MiB.
2026-10-03T12:58:20Z INFO [438/500] 280792cb-ae81-45c7-9b30-89611396b2f5: 119 chunks; 0.7 s; peak memory 1343 MiB.
2026-10-03T12:58:21Z INFO [439/500] 2807f821-e5d3-412b-bcc2-efd609b474ab: 154 chunks; 1.6 s; peak memory 1343 MiB.
2026-10-03T12:58:22Z INFO [440/500] 2808a6e4-f9fb-456a-8ec7-05efbd67acf6: 112 chunks; 0.8 s; peak memory 1343 MiB.
2026-10-03T12:58:23Z INFO [441/500] 2808e06c-b9b0-4067-a374-5da4ca082ae9: 48 chunks; 0.7 s; peak memory 1343 MiB.
2026-10-03T12:58:24Z INFO [442/500] 28091cf8-0d74-4080-89fa-6d0430fb46f3: 71 chunks; 1.2 s; peak memory 1343 MiB.
2026-10-03T12:58:27Z INFO [443/500] 2809b31e-0868-416b-945e-bd3035e2ba3f: 2085 chunks; 3.0 s; peak memory 1343 MiB.
2026-10-03T12:58:28Z INFO [444/500] 2809fdc0-685e-46c6-bcb9-cfde14e042cb: 68 chunks; 0.8 s; peak memory 1343 MiB.
2026-10-03T12:58:28Z INFO [445/500] 280b0f29-ee70-49ba-971a-1a1a814430f6: 100 chunks; 0.7 s; peak memory 1343 MiB.
2026-10-03T12:58:29Z INFO [446/500] 280b37cd-cda6-4048-862d-93ec163ae958: 116 chunks; 0.9 s; peak memory 1343 MiB.
2026-10-03T12:58:30Z INFO [447/500] 280b648c-1e03-4e83-868a-1996168ab69f: 62 chunks; 1.1 s; peak memory 1343 MiB.
2026-10-03T12:58:34Z INFO [448/500] 280cf86b-3a39-4b61-a289-d230d2d7ce50: 14065 chunks; 3.6 s; peak memory 1343 MiB.
2026-10-03T12:58:35Z INFO [449/500] 280d5e25-a6d7-4caa-948d-82ca1c44822e: 118 chunks; 1.0 s; peak memory 1343 MiB.
2026-10-03T12:58:36Z INFO [450/500] 280d8f74-1ef4-4fc2-8013-5029915aa947: 112 chunks; 0.7 s; peak memory 1343 MiB.
2026-10-03T12:58:36Z INFO [450/500] 280d8f74-1ef4-4fc2-8013-5029915aa947: checkpointed 66284 records.
2026-10-03T12:58:37Z INFO [451/500] 280dc469-8bba-42b8-af7b-a64997cd1db9: 48 chunks; 0.8 s; peak memory 1343 MiB.
2026-10-03T12:58:37Z INFO [452/500] 280e58d1-69a1-4e8b-9175-c3aab494f25a: 86 chunks; 0.6 s; peak memory 1343 MiB.
2026-10-03T12:58:41Z INFO [453/500] 280eccf8-aba5-4900-90b0-d1644e98ee23: 15405 chunks; 3.8 s; peak memory 1343 MiB.
2026-10-03T12:58:43Z INFO [454/500] 280f4b1a-0565-40b9-9ac8-d4c40f6e797f: 186 chunks; 1.5 s; peak memory 1343 MiB.
2026-10-03T12:58:44Z INFO [455/500] 280f5efe-5135-4998-9082-8e60455e3bab: 1061 chunks; 1.8 s; peak memory 1343 MiB.
2026-10-03T12:58:45Z INFO [456/500] 2810346a-9b56-4c93-97a0-41e986e815b9: 48 chunks; 0.8 s; peak memory 1343 MiB.
2026-10-03T12:58:46Z INFO [457/500] 2810c20c-a0e0-47e0-afeb-58b1c7833bfe: 112 chunks; 0.9 s; peak memory 1343 MiB.
2026-10-03T12:58:47Z INFO [458/500] 28111444-5550-402a-bfac-2c408aa1bff7: 71 chunks; 1.1 s; peak memory 1343 MiB.
2026-10-03T12:58:48Z INFO [459/500] 2811c57b-0f21-417e-97cd-86660029cfbf: 112 chunks; 0.8 s; peak memory 1343 MiB.
2026-10-03T12:58:49Z INFO [460/500] 2813b461-4371-4caa-a32f-ae44e070e860: 937 chunks; 1.4 s; peak memory 1343 MiB.
2026-10-03T12:58:50Z INFO [461/500] 2813e8bc-426a-4b11-875b-de4662d7ad11: 48 chunks; 0.7 s; peak memory 1343 MiB.
2026-10-03T12:58:51Z INFO [462/500] 2814b0b8-1b6b-4ac9-8a6a-eb3835b93b42: 116 chunks; 0.8 s; peak memory 1343 MiB.
2026-10-03T12:58:52Z INFO [463/500] 28157b6e-e49a-470a-8ec0-0beaa08f3494: 110 chunks; 1.0 s; peak memory 1343 MiB.
2026-10-03T12:58:53Z INFO [464/500] 2815b9bb-2c5e-48a9-9c0f-8a23f769109a: 48 chunks; 0.9 s; peak memory 1343 MiB.
2026-10-03T12:58:54Z INFO [465/500] 2816bd96-2488-451c-bdd0-cf97c4d2a40a: 112 chunks; 1.1 s; peak memory 1343 MiB.
2026-10-03T12:58:55Z INFO [466/500] 2816db31-185e-4cc6-b178-fa300ac61171: 48 chunks; 0.7 s; peak memory 1343 MiB.
2026-10-03T12:59:04Z INFO [467/500] 281714ad-9e64-4ecf-b43e-053f71f14def: 53512 chunks; 9.1 s; peak memory 1343 MiB.
2026-10-03T12:59:04Z INFO [468/500] 2817ef8a-7716-4532-b9b7-06bf09cde191: 46 chunks; 0.4 s; peak memory 1343 MiB.
2026-10-03T12:59:05Z INFO [469/500] 28180605-6467-43af-8029-41753c5e40fd: 116 chunks; 0.8 s; peak memory 1343 MiB.
2026-10-03T12:59:06Z INFO [470/500] 2818d2fa-8f62-4165-ab48-f8a825e5cae2: 103 chunks; 1.0 s; peak memory 1343 MiB.
2026-10-03T12:59:07Z INFO [471/500] 2818dd00-27ae-49b4-a58f-91705ac798b5: 48 chunks; 0.7 s; peak memory 1343 MiB.
2026-10-03T12:59:07Z INFO [472/500] 2818df43-cac9-43f4-9c9a-1bedacb4473f: 48 chunks; 0.7 s; peak memory 1343 MiB.
2026-10-03T12:59:09Z INFO [473/500] 281921a8-0f25-4199-8b5b-5ad3296f1d29: 62 chunks; 1.1 s; peak memory 1343 MiB.
2026-10-03T12:59:09Z INFO [474/500] 28195a1f-7a74-4de9-b203-1e51dc6f5077: 57 chunks; 0.7 s; peak memory 1343 MiB.
2026-10-03T12:59:10Z INFO [475/500] 28196eb8-ddee-4aa7-bf83-389cc0dd11be: 48 chunks; 0.9 s; peak memory 1343 MiB.
2026-10-03T12:59:11Z INFO [476/500] 281a70e3-5d02-4bf7-bc68-a4024a838513: 62 chunks; 1.0 s; peak memory 1343 MiB.
2026-10-03T12:59:12Z INFO [477/500] 281a933c-274b-4e1e-8ca4-afc7043e3e96: 48 chunks; 0.8 s; peak memory 1343 MiB.
2026-10-03T12:59:13Z INFO [478/500] 281b4f32-a3a6-42c3-ad09-923cfd8cdb81: 48 chunks; 0.7 s; peak memory 1343 MiB.
2026-10-03T12:59:14Z INFO [479/500] 281b8464-44f7-4f05-bf4d-d4dcc4af6f3a: 168 chunks; 1.4 s; peak memory 1343 MiB.
2026-10-03T12:59:15Z INFO [480/500] 281bbe7d-cfa1-4d4e-b875-0c0adc66e782: 116 chunks; 0.8 s; peak memory 1343 MiB.
2026-10-03T12:59:15Z INFO [481/500] 281cb3fc-f181-4ed2-9834-4d43089debde: 48 chunks; 0.6 s; peak memory 1343 MiB.
2026-10-03T12:59:17Z INFO [482/500] 281db61b-374e-4452-96d4-a12127765033: 130 chunks; 1.3 s; peak memory 1343 MiB.
2026-10-03T12:59:18Z INFO [483/500] 281e7120-dab5-4a2e-90e6-ae86b14a5b0b: 528 chunks; 1.4 s; peak memory 1343 MiB.
2026-10-03T12:59:19Z INFO [484/500] 281e7b34-9abb-45bc-a60c-7984f3bd51b9: 50 chunks; 0.5 s; peak memory 1343 MiB.
2026-10-03T12:59:22Z INFO [485/500] 281e8a27-9c49-4599-bf04-437a97be36f2: 388 chunks; 3.9 s; peak memory 1343 MiB.
2026-10-03T12:59:25Z INFO [486/500] 281f1ae8-e751-455c-9f22-a415a2268372: 184 chunks; 2.2 s; peak memory 1343 MiB.
2026-10-03T12:59:25Z INFO [487/500] 281f43c5-2d03-41a9-be47-9685efc68837: 110 chunks; 0.8 s; peak memory 1343 MiB.
2026-10-03T12:59:26Z INFO [488/500] 281f80eb-2733-411d-b28a-087d498481cb: 71 chunks; 0.9 s; peak memory 1343 MiB.
2026-10-03T12:59:27Z INFO [489/500] 2820c4d2-b7c7-47ed-82ec-f5c5ffdea1bf: 56 chunks; 0.5 s; peak memory 1343 MiB.
2026-10-03T12:59:28Z INFO [490/500] 28219a79-2bf7-44b0-86b4-7ac7f856f2c1: 71 chunks; 1.1 s; peak memory 1343 MiB.
2026-10-03T12:59:28Z INFO [491/500] 2821e229-3494-4f62-990d-5907aae5a4c3: 46 chunks; 0.4 s; peak memory 1343 MiB.
2026-10-03T12:59:33Z INFO [492/500] 28220875-1d10-40ae-875f-bd39941cd92b: 2836 chunks; 5.2 s; peak memory 1343 MiB.
2026-10-03T12:59:35Z INFO [493/500] 282443ff-7cbb-4df8-aaae-24e9c8b370d1: 133 chunks; 1.4 s; peak memory 1343 MiB.
2026-10-03T12:59:36Z INFO [494/500] 28249180-190b-40b7-86cf-6553ae7d5608: 117 chunks; 0.8 s; peak memory 1343 MiB.
2026-10-03T13:03:07Z INFO [495/500] 2824aca9-5824-4486-93ff-48ade6fdb426: 75730 chunks; 210.9 s; peak memory 1343 MiB.
2026-10-03T13:03:07Z INFO [496/500] 2825317d-024c-402d-a1ad-13af66c80110: 48 chunks; 0.9 s; peak memory 1343 MiB.
2026-10-03T13:03:08Z INFO [497/500] 28257c23-fe25-4423-8b5d-da615752786a: 110 chunks; 1.0 s; peak memory 1343 MiB.
2026-10-03T13:03:09Z INFO [498/500] 28266a94-0ffb-4609-939a-e93a76bc7ad5: 84 chunks; 0.6 s; peak memory 1343 MiB.
2026-10-03T13:03:10Z INFO [499/500] 28268af7-74fd-40ce-8a02-dddb4c2ecd7d: 117 chunks; 0.7 s; peak memory 1343 MiB.
2026-10-03T13:03:11Z INFO [500/500] 28276135-bc5e-491a-8a53-c862836f970c: 112 chunks; 1.0 s; peak memory 1343 MiB.
2026-10-03T13:03:11Z INFO [500/500] 28276135-bc5e-491a-8a53-c862836f970c: checkpointed 66334 records.
2026-10-03T13:03:11Z INFO Wrote 66334 records to /tmp/derivatives/valid_nwb_file_to_chunk_stats.jsonl (500 new, 0 failed) in 37.3 min (peak memory 1343 MiB).
