2026-10-09T23:46:38Z INFO Logging to /tmp/logs/update_2026-10-09T23-46-38Z.log.
2026-10-09T23:46:38Z INFO Update valid-nwb-file-to-chunk-stats (base directory /tmp).
2026-10-09T23:46:39Z INFO Processing 500 items (99834 already recorded).
2026-10-09T23:46:41Z INFO [1/500] 6d9f2ff7-8077-4dd2-9488-490feeb1d83c: 110 chunks; 2.2 s; peak memory 203 MiB.
2026-10-09T23:46:42Z INFO [2/500] 6d9f4725-3272-4118-b841-0fb30e9a7ea2: 118 chunks; 1.6 s; peak memory 203 MiB.
2026-10-09T23:46:44Z INFO [3/500] 6d9fee2e-bc48-48f7-9787-a9e3a898ca5e: 52 chunks; 1.6 s; peak memory 203 MiB.
2026-10-09T23:46:46Z INFO [4/500] 6da071ee-14db-4631-ad4a-8033a3d1de3f: 64 chunks; 2.1 s; peak memory 204 MiB.
2026-10-09T23:46:49Z INFO [5/500] 6da1589f-9b1c-46f8-9f75-4fa253c39794: 997 chunks; 2.8 s; peak memory 205 MiB.
2026-10-09T23:46:57Z INFO [6/500] 6da22511-4a2e-45a1-a932-91ff88d6dd26: 2243 chunks; 8.1 s; peak memory 213 MiB.
2026-10-09T23:46:59Z INFO [7/500] 6da36e22-9444-4008-9ade-572242a59470: 71 chunks; 1.9 s; peak memory 213 MiB.
2026-10-09T23:47:02Z INFO [8/500] 6da38ccd-0b7a-449a-9b9f-82bec4e7b665: 115 chunks; 3.0 s; peak memory 213 MiB.
2026-10-09T23:47:04Z INFO [9/500] 6da3c9a8-b311-495f-8716-fe924349deb4: 275 chunks; 1.8 s; peak memory 213 MiB.
2026-10-09T23:47:05Z INFO [10/500] 6da44fa9-091e-429d-b034-c0bab7becf45: 33 chunks; 1.4 s; peak memory 213 MiB.
2026-10-09T23:47:10Z INFO [11/500] 6da462e2-6d91-468c-84ff-3d1896d71a60: 197 chunks; 4.3 s; peak memory 213 MiB.
2026-10-09T23:47:11Z INFO [12/500] 6da48dcb-84c0-4f97-9f8f-f5a63d18eb5e: 48 chunks; 1.3 s; peak memory 213 MiB.
2026-10-09T23:47:12Z INFO [13/500] 6da48e5b-3ebd-4637-9b36-44da414aaf8a: 117 chunks; 1.5 s; peak memory 213 MiB.
2026-10-09T23:47:14Z INFO [14/500] 6da4fcce-54a5-461d-9bdd-eebe16b8f4f2: 151 chunks; 1.4 s; peak memory 213 MiB.
2026-10-09T23:47:21Z INFO [15/500] 6da5c62d-1366-4563-a994-72709092d236: 11650 chunks; 7.0 s; peak memory 225 MiB.
2026-10-09T23:47:22Z INFO [16/500] 6da95eb7-69a5-4869-85c7-203ee3758288: 48 chunks; 1.3 s; peak memory 225 MiB.
2026-10-09T23:47:24Z INFO [17/500] 6da96506-9157-4136-a26b-4754248305ba: 79 chunks; 1.8 s; peak memory 226 MiB.
2026-10-09T23:47:25Z INFO [18/500] 6da9d047-3824-401b-8d25-e224627cd096: 72 chunks; 1.2 s; peak memory 226 MiB.
2026-10-09T23:47:26Z INFO [19/500] 6daa1719-39e7-4e20-9c78-8a75a32c4c64: 50 chunks; 1.2 s; peak memory 226 MiB.
2026-10-09T23:47:28Z INFO [20/500] 6daae7b4-26c0-4d19-895b-2ec54b07342a: 76 chunks; 1.8 s; peak memory 226 MiB.
2026-10-09T23:47:31Z INFO [21/500] 6dabf373-bfac-4e5d-8a72-30225bd9c5c1: 115 chunks; 3.4 s; peak memory 226 MiB.
2026-10-09T23:47:33Z INFO [22/500] 6dae09d7-0b0e-4ab7-a047-a7baba8ef732: 58 chunks; 1.1 s; peak memory 226 MiB.
2026-10-09T23:47:34Z INFO [23/500] 6dae3b4c-997c-4bed-b1b9-3e9c22d39a7d: 69 chunks; 1.2 s; peak memory 226 MiB.
2026-10-09T23:47:36Z INFO [24/500] 6daf2610-caff-4070-8633-1a76c62332ef: 110 chunks; 1.9 s; peak memory 226 MiB.
2026-10-09T23:47:37Z INFO [25/500] 6daf3952-1c3a-41c8-9114-d3c5010c81ed: 112 chunks; 1.3 s; peak memory 226 MiB.
2026-10-09T23:48:11Z INFO [26/500] 6db0e5c4-a2ec-460f-a491-5ffd53c7a047: 16419 chunks; 33.5 s; peak memory 270 MiB.
2026-10-09T23:48:12Z INFO [27/500] 6db10c90-cf45-40cd-8cea-a63080839134: 117 chunks; 1.6 s; peak memory 270 MiB.
2026-10-09T23:48:24Z INFO [28/500] 6db1de18-8436-493b-8c8b-a5dd92c26e79: 17593 chunks; 11.7 s; peak memory 270 MiB.
2026-10-09T23:48:26Z INFO [29/500] 6db262b8-f932-4a01-b90a-265ef1a4d5d5: 112 chunks; 1.7 s; peak memory 270 MiB.
2026-10-09T23:48:27Z INFO [30/500] 6db3bec5-6bdf-4f36-9194-085a41293227: 48 chunks; 1.3 s; peak memory 270 MiB.
2026-10-09T23:48:29Z INFO [31/500] 6db3d147-b286-4797-99a5-c5673434f5d0: 112 chunks; 1.7 s; peak memory 270 MiB.
2026-10-09T23:48:31Z INFO [32/500] 6db427c8-44e1-48a2-8b67-2ad97ac61dc6: 181 chunks; 2.4 s; peak memory 270 MiB.
2026-10-09T23:48:33Z INFO [33/500] 6db4b7fa-cfba-43b3-a483-ffb98dda7cac: 117 chunks; 1.6 s; peak memory 270 MiB.
2026-10-09T23:48:34Z INFO [34/500] 6db4c10c-89fb-45cb-8b50-479b6145fa0d: 48 chunks; 1.3 s; peak memory 270 MiB.
2026-10-09T23:48:42Z INFO [35/500] 6db63f51-6906-4b40-ba57-99c627ab368d: 4133 chunks; 8.4 s; peak memory 270 MiB.
2026-10-09T23:48:44Z INFO [36/500] 6db6eb29-7ade-4104-98bf-5084a7f577ca: 51 chunks; 1.6 s; peak memory 270 MiB.
2026-10-09T23:48:45Z INFO [37/500] 6db78d31-5ff6-4b72-81d2-1171e816deb0: 55 chunks; 1.0 s; peak memory 270 MiB.
2026-10-09T23:48:48Z INFO [38/500] 6db7ecbd-2d5e-40f9-b32c-fa579acb9be3: 156 chunks; 3.5 s; peak memory 270 MiB.
2026-10-09T23:49:04Z INFO [39/500] 6db84e0e-23bf-49b3-a805-b632afde8b94: 3301 chunks; 15.6 s; peak memory 270 MiB.
2026-10-09T23:49:06Z INFO [40/500] 6db94233-a37a-4756-b2a8-4e8e8f48ca4c: 117 chunks; 1.6 s; peak memory 270 MiB.
2026-10-09T23:49:07Z INFO [41/500] 6db9a959-0298-4d6a-8ac8-3149a967d958: 48 chunks; 1.3 s; peak memory 270 MiB.
2026-10-09T23:49:09Z INFO [42/500] 6dbab340-bf9a-45fd-a903-03bdab1bb4d0: 117 chunks; 1.7 s; peak memory 270 MiB.
2026-10-09T23:49:11Z INFO [43/500] 6dbab511-a76f-4b5c-8b1b-963d6466bdb3: 145 chunks; 2.5 s; peak memory 270 MiB.
2026-10-09T23:49:13Z INFO [44/500] 6dbabb4d-39b3-4256-a730-fc06a9a38b89: 112 chunks; 2.1 s; peak memory 270 MiB.
2026-10-09T23:49:15Z INFO [45/500] 6dbc4b3d-101c-4dca-8c0d-4a5d07830ac2: 117 chunks; 1.7 s; peak memory 270 MiB.
2026-10-09T23:49:16Z INFO [46/500] 6dbcc3ef-b77d-4f3c-919d-77fe4d0341b1: 48 chunks; 1.3 s; peak memory 270 MiB.
2026-10-09T23:49:17Z INFO [47/500] 6dbd0a61-d583-419b-967e-8a4751298618: 48 chunks; 1.2 s; peak memory 270 MiB.
2026-10-09T23:49:26Z INFO [48/500] 6dbd90be-2bcd-4052-abc1-448ae9048501: 19045 chunks; 8.7 s; peak memory 270 MiB.
2026-10-09T23:49:44Z INFO [49/500] 6dbd9231-720e-4759-b1f4-0ad4a8f7d4a3: 4773 chunks; 18.3 s; peak memory 270 MiB.
2026-10-09T23:49:56Z INFO [50/500] 6dbdac8e-2348-4b94-9079-29aaa3d13d9f: 6181 chunks; 11.2 s; peak memory 270 MiB.
2026-10-09T23:49:56Z INFO [50/500] 6dbdac8e-2348-4b94-9079-29aaa3d13d9f: checkpointed 99884 new records.
2026-10-09T23:49:57Z INFO [51/500] 6dbe30b8-443f-43be-939d-1671fd0c6a53: 50 chunks; 1.2 s; peak memory 270 MiB.
2026-10-09T23:49:59Z INFO [52/500] 6dbf0420-480c-4a09-b6d0-2adbb294db25: 66 chunks; 2.1 s; peak memory 270 MiB.
2026-10-09T23:50:09Z INFO [53/500] 6dbfdbad-6113-4f50-82e4-e0559f277457: 1641 chunks; 9.5 s; peak memory 270 MiB.
2026-10-09T23:50:15Z INFO [54/500] 6dc02b6c-acef-4a39-b362-89a4843a1a4e: 193 chunks; 6.7 s; peak memory 270 MiB.
2026-10-09T23:50:17Z INFO [55/500] 6dc09359-b5d8-49ed-9269-e2a439442639: 60 chunks; 1.6 s; peak memory 270 MiB.
2026-10-09T23:50:19Z INFO [56/500] 6dc0bb2c-068f-4753-9119-6c87c2c127bb: 118 chunks; 1.5 s; peak memory 270 MiB.
2026-10-09T23:50:22Z INFO [57/500] 6dc0d98e-6152-4dbf-a378-eedf09be8e68: 153 chunks; 3.7 s; peak memory 270 MiB.
2026-10-09T23:50:24Z INFO [58/500] 6dc0ddbb-06c1-44e7-95fb-0eec72f134aa: 117 chunks; 1.5 s; peak memory 270 MiB.
2026-10-09T23:50:35Z INFO [59/500] 6dc16b0e-9c0d-4aa6-87cf-d719be77a270: 336 chunks; 11.2 s; peak memory 270 MiB.
2026-10-09T23:50:38Z INFO [60/500] 6dc23197-23ae-42b4-8bab-b3aef0710cb7: 119 chunks; 2.6 s; peak memory 270 MiB.
2026-10-09T23:50:40Z INFO [61/500] 6dc2848b-384d-4d43-a138-eec1749de26f: 119 chunks; 2.4 s; peak memory 270 MiB.
2026-10-09T23:50:42Z INFO [62/500] 6dc391dd-bc38-4d2f-ad22-23f078640a2f: 112 chunks; 1.6 s; peak memory 270 MiB.
2026-10-09T23:50:43Z INFO [63/500] 6dc4f003-9478-4d05-af71-52d597fbd285: 46 chunks; 1.1 s; peak memory 270 MiB.
2026-10-09T23:50:44Z INFO [64/500] 6dc5acb4-9e11-48e5-87fc-72e05fe509e1: 48 chunks; 1.3 s; peak memory 270 MiB.
2026-10-09T23:50:52Z INFO [65/500] 6dc618b6-7c88-4a93-bc4a-9144e1fba177: 15084 chunks; 7.8 s; peak memory 270 MiB.
2026-10-09T23:51:20Z INFO [66/500] 6dc6e26a-c109-4d35-81cb-feffa4290371: 6576 chunks; 28.4 s; peak memory 270 MiB.
2026-10-09T23:51:22Z INFO [67/500] 6dc7b77b-8a25-4140-a37b-bcbd08d5dade: 106 chunks; 2.2 s; peak memory 270 MiB.
2026-10-09T23:51:24Z INFO [68/500] 6dc801f7-21a2-4080-a8c7-f8d5c1ee4415: 48 chunks; 1.4 s; peak memory 270 MiB.
2026-10-09T23:51:25Z INFO [69/500] 6dc9296c-7344-4d27-a788-e9e8087a2884: 116 chunks; 1.7 s; peak memory 270 MiB.
2026-10-09T23:51:27Z INFO [70/500] 6dca4162-6818-4fb3-b127-7660ba459100: 117 chunks; 1.5 s; peak memory 270 MiB.
2026-10-09T23:51:56Z INFO [71/500] 6dca626c-0ba4-464b-ac74-afdab0183bb0: 29735 chunks; 29.2 s; peak memory 280 MiB.
2026-10-09T23:52:03Z INFO [72/500] 6dca80f1-36ba-4127-8ad0-e07a927c5ca4: 1091 chunks; 7.2 s; peak memory 280 MiB.
2026-10-09T23:52:05Z INFO [73/500] 6dcc1dbd-2d93-4357-8edd-ace337ee44e0: 63 chunks; 1.3 s; peak memory 280 MiB.
2026-10-09T23:52:06Z INFO [74/500] 6dcc77c4-e7b9-451d-86c3-9f3fb49d02e8: 46 chunks; 1.0 s; peak memory 280 MiB.
2026-10-09T23:52:11Z INFO [75/500] 6dccdcb2-bf41-4ce6-a56e-d745fc64784e: 2085 chunks; 5.1 s; peak memory 280 MiB.
2026-10-09T23:52:13Z INFO [76/500] 6dceffb2-353a-4fc6-9e48-a4c7cf1fe9d6: 112 chunks; 1.9 s; peak memory 280 MiB.
2026-10-09T23:52:14Z INFO [77/500] 6dcf8f36-c7ae-4759-9ce2-b895312e2cab: 84 chunks; 1.6 s; peak memory 280 MiB.
2026-10-09T23:52:16Z INFO [78/500] 6dcfee55-dfd2-4253-892c-fcaba0c8f44d: 48 chunks; 1.4 s; peak memory 280 MiB.
2026-10-09T23:52:17Z INFO [79/500] 6dd00c45-1a99-49ef-9bc4-5323b0ce09bf: 69 chunks; 1.8 s; peak memory 280 MiB.
2026-10-09T23:52:19Z INFO [80/500] 6dd04b99-276d-448a-b8ce-6aee2ffd71bd: 39 chunks; 1.4 s; peak memory 280 MiB.
2026-10-09T23:52:20Z INFO [81/500] 6dd0a6f5-7b90-4979-ac3e-a3698df49c31: 48 chunks; 1.4 s; peak memory 280 MiB.
2026-10-09T23:52:21Z INFO [82/500] 6dd0ae71-00f0-478a-8501-d45f3d3189e0: 47 chunks; 1.2 s; peak memory 280 MiB.
2026-10-09T23:52:22Z INFO [83/500] 6dd1334d-29f2-401c-bc50-dad925a375d1: 21 chunks; 1.0 s; peak memory 280 MiB.
2026-10-09T23:52:23Z INFO [84/500] 6dd1d565-4da5-4055-bca4-ac6370bca0ea: 48 chunks; 1.2 s; peak memory 280 MiB.
2026-10-09T23:52:41Z INFO [85/500] 6dd22bb7-d50b-4a85-809b-2186e77c5863: 31416 chunks; 17.1 s; peak memory 280 MiB.
2026-10-09T23:52:43Z INFO [86/500] 6dd3f95c-8761-4d60-9040-31d202c0f302: 66 chunks; 2.3 s; peak memory 280 MiB.
2026-10-09T23:52:45Z INFO [87/500] 6dd5613f-9347-4a9b-b9bf-e78c87268a9c: 69 chunks; 2.1 s; peak memory 280 MiB.
2026-10-09T23:52:46Z INFO [88/500] 6dd67acf-3448-467f-8d65-a9045d6c687e: 52 chunks; 1.5 s; peak memory 280 MiB.
2026-10-09T23:52:48Z INFO [89/500] 6dd6b514-fde7-40e2-bd38-42e6dad5cb88: 116 chunks; 1.7 s; peak memory 280 MiB.
2026-10-09T23:52:50Z INFO [90/500] 6dd72d91-ff44-4419-ae2f-588f9fd7f15b: 116 chunks; 1.6 s; peak memory 280 MiB.
2026-10-09T23:52:51Z INFO [91/500] 6dd77c98-1661-46ae-8eb5-173ea01334ce: 48 chunks; 1.3 s; peak memory 280 MiB.
2026-10-09T23:52:53Z INFO [92/500] 6dda1654-1d7a-44a1-9bbe-616159f55ef2: 112 chunks; 2.0 s; peak memory 280 MiB.
2026-10-09T23:52:55Z INFO [93/500] 6ddab64a-fbf9-4ae0-9709-21b08a842e18: 92 chunks; 1.5 s; peak memory 280 MiB.
2026-10-09T23:53:01Z INFO [94/500] 6ddbbfea-15b3-46a6-835d-c344e9210cec: 208 chunks; 6.3 s; peak memory 280 MiB.
2026-10-09T23:53:02Z INFO [95/500] 6ddbc816-2cb3-4b25-85db-1087f97740ac: 48 chunks; 1.4 s; peak memory 280 MiB.
2026-10-09T23:53:04Z INFO [96/500] 6ddbf3f5-248d-4790-963c-b85b2406edd4: 48 chunks; 1.4 s; peak memory 280 MiB.
2026-10-09T23:53:07Z INFO [97/500] 6ddc282d-51dd-4817-8cf1-4411f3684965: 90 chunks; 3.2 s; peak memory 280 MiB.
2026-10-09T23:53:08Z INFO [98/500] 6ddd4b02-c9c1-4e59-bd6f-a987f6c9c35c: 112 chunks; 1.5 s; peak memory 280 MiB.
2026-10-09T23:53:10Z INFO [99/500] 6ddd8408-b941-4ce2-9115-8790b0825111: 131 chunks; 2.1 s; peak memory 280 MiB.
2026-10-09T23:53:12Z INFO [100/500] 6dddec29-cc7e-44ae-9d7d-eda719daa3e4: 117 chunks; 1.7 s; peak memory 280 MiB.
2026-10-09T23:53:12Z INFO [100/500] 6dddec29-cc7e-44ae-9d7d-eda719daa3e4: checkpointed 99934 new records.
2026-10-09T23:53:20Z INFO [101/500] 6dde60e7-2a9a-49f0-82a1-686df0cd3756: 288 chunks; 7.5 s; peak memory 280 MiB.
2026-10-09T23:53:30Z INFO [102/500] 6dde8618-6c06-4a00-b65e-e2898c7a6cc3: 391 chunks; 10.5 s; peak memory 280 MiB.
2026-10-09T23:53:32Z INFO [103/500] 6ddf4031-e05f-43c5-9f2b-a77fa970b2c5: 48 chunks; 1.4 s; peak memory 280 MiB.
2026-10-09T23:53:35Z INFO [104/500] 6ddfdbf8-c84e-4573-9733-0363481df408: 156 chunks; 3.7 s; peak memory 280 MiB.
2026-10-09T23:53:37Z INFO [105/500] 6ddfe7f1-5447-4345-a141-225361a5b9c2: 61 chunks; 1.6 s; peak memory 280 MiB.
2026-10-09T23:53:39Z INFO [106/500] 6de0a1e6-a005-4d57-8fd8-d3c4bab11a76: 70 chunks; 1.6 s; peak memory 280 MiB.
2026-10-09T23:53:40Z INFO [107/500] 6de0a9d3-1ad0-42fb-8748-3e571128330d: 58 chunks; 1.1 s; peak memory 280 MiB.
2026-10-09T23:53:41Z INFO [108/500] 6de21b79-3ec4-4efd-a81d-909b34ba0f5f: 55 chunks; 1.2 s; peak memory 280 MiB.
2026-10-09T23:53:56Z INFO [109/500] 6de25a0a-2e44-4e13-98b8-27a0e41881c7: 8797 chunks; 14.6 s; peak memory 280 MiB.
2026-10-09T23:53:57Z INFO [110/500] 6de298a7-bd1e-4c9c-9c8b-c3b406adf5eb: 112 chunks; 1.8 s; peak memory 280 MiB.
2026-10-09T23:53:59Z INFO [111/500] 6de33402-eaf7-4adb-8545-49bafa1534b7: 48 chunks; 1.4 s; peak memory 280 MiB.
2026-10-09T23:54:06Z INFO [112/500] 6de42ed0-c180-4c7b-af1a-3f6dcd97690b: 8711 chunks; 6.8 s; peak memory 280 MiB.
2026-10-09T23:54:07Z INFO [113/500] 6de4881a-4eaf-4d36-9060-d2874c3b9d88: 117 chunks; 1.7 s; peak memory 280 MiB.
2026-10-09T23:54:11Z INFO [114/500] 6de4948e-bcda-4f00-b535-67d1ba4d0dba: 157 chunks; 3.6 s; peak memory 280 MiB.
2026-10-09T23:54:12Z INFO [115/500] 6de4d3cf-8f27-4a92-9ef6-3d7a22fb6834: 117 chunks; 1.6 s; peak memory 280 MiB.
2026-10-09T23:54:16Z INFO [116/500] 6de54a95-93f7-49ea-95c2-6ff7f416646b: 152 chunks; 3.4 s; peak memory 280 MiB.
2026-10-09T23:54:18Z INFO [117/500] 6de55b97-37c7-4c79-b0b4-e4f85e15bfd3: 46 chunks; 1.9 s; peak memory 280 MiB.
2026-10-09T23:54:20Z INFO [118/500] 6de58f92-821e-4661-9654-5a8adc46716a: 119 chunks; 2.6 s; peak memory 280 MiB.
2026-10-09T23:54:24Z INFO [119/500] 6de5a0f1-c905-418a-82e3-a1a9c26c56af: 152 chunks; 3.5 s; peak memory 280 MiB.
2026-10-09T23:54:25Z INFO [120/500] 6de6731d-dd55-4f60-bddb-b7d5db5644d2: 52 chunks; 1.5 s; peak memory 280 MiB.
2026-10-09T23:54:26Z INFO [121/500] 6de6895b-8372-4507-83de-c345b3ebc223: 46 chunks; 1.0 s; peak memory 280 MiB.
2026-10-09T23:54:28Z INFO [122/500] 6de72c1a-bd64-4c79-a036-596186f7e9cb: 118 chunks; 1.6 s; peak memory 280 MiB.
2026-10-09T23:54:36Z INFO [123/500] 6de8b4ff-fa25-433b-87db-c2985696140b: 2923 chunks; 7.8 s; peak memory 280 MiB.
2026-10-09T23:54:37Z INFO [124/500] 6de8e4e1-86b5-4023-b841-fc80c769330a: 301 chunks; 1.6 s; peak memory 280 MiB.
2026-10-09T23:54:39Z INFO [125/500] 6de8e5e3-c37e-4cac-ad96-a322edbdc62a: 117 chunks; 1.5 s; peak memory 280 MiB.
2026-10-09T23:54:40Z INFO [126/500] 6de968ea-ecfd-47db-9f54-5d322fe0c8a7: 48 chunks; 1.3 s; peak memory 280 MiB.
2026-10-09T23:54:41Z INFO [127/500] 6de9b6c2-f15b-41b5-961d-fec23ae6e8ab: 46 chunks; 1.0 s; peak memory 280 MiB.
2026-10-09T23:54:43Z INFO [128/500] 6dea059c-849b-4d2b-86fc-e64aaef157d3: 112 chunks; 1.6 s; peak memory 280 MiB.
2026-10-09T23:54:44Z INFO [129/500] 6dea9927-ac2b-40a9-8a57-c82ca33e3900: 117 chunks; 1.4 s; peak memory 280 MiB.
2026-10-09T23:54:47Z INFO [130/500] 6deb5916-f452-4144-ae1a-3d3f98ca3795: 997 chunks; 2.8 s; peak memory 280 MiB.
2026-10-09T23:54:49Z INFO [131/500] 6debb1fe-574e-42c4-9e33-5260b12ace30: 118 chunks; 2.4 s; peak memory 280 MiB.
2026-10-09T23:54:52Z INFO [132/500] 6dee9b89-50d9-4c7b-9e7b-721d0fa489c2: 112 chunks; 2.3 s; peak memory 280 MiB.
2026-10-09T23:54:53Z INFO [133/500] 6deefb9f-a856-4c7b-9c4a-0b9be7f5fcdb: 52 chunks; 1.1 s; peak memory 280 MiB.
2026-10-09T23:54:56Z INFO [134/500] 6def05ae-fc9f-4802-917f-90ce3df4bebd: 637 chunks; 3.0 s; peak memory 280 MiB.
2026-10-09T23:54:57Z INFO [135/500] 6defa041-b2c1-4165-9f75-249f89203553: 48 chunks; 1.3 s; peak memory 280 MiB.
2026-10-09T23:54:59Z INFO [136/500] 6df024e3-4068-4d8d-b765-a445a776085a: 289 chunks; 2.0 s; peak memory 280 MiB.
2026-10-09T23:55:00Z INFO [137/500] 6df042a2-6210-437f-a6a2-1222908d782d: 114 chunks; 1.3 s; peak memory 280 MiB.
2026-10-09T23:55:02Z INFO [138/500] 6df0cb61-0454-4fe2-8578-da7bca0923af: 117 chunks; 1.6 s; peak memory 280 MiB.
2026-10-09T23:55:03Z INFO [139/500] 6df0fc8f-70d8-470d-a9f1-f3c5e36420f5: 52 chunks; 1.5 s; peak memory 280 MiB.
2026-10-09T23:55:05Z INFO [140/500] 6df1d776-749b-44d5-a05a-b829bb474ea0: 68 chunks; 1.4 s; peak memory 280 MiB.
2026-10-09T23:55:06Z INFO [141/500] 6df22cee-24b3-4d52-b7d1-6ff9658147b4: 48 chunks; 1.3 s; peak memory 280 MiB.
2026-10-09T23:55:07Z INFO [142/500] 6df2bdf3-2ec6-413c-bbb1-f4efaaa70105: 57 chunks; 1.1 s; peak memory 280 MiB.
2026-10-09T23:55:11Z INFO [143/500] 6df31b85-6f80-429a-a68c-f29ca0a494e2: 133 chunks; 3.9 s; peak memory 280 MiB.
2026-10-09T23:55:12Z INFO [144/500] 6df45055-fb4b-47b4-a9e1-e16e45a44305: 48 chunks; 1.2 s; peak memory 280 MiB.
2026-10-09T23:55:31Z INFO [145/500] 6df4a332-df72-4f92-9579-086634f27618: 34803 chunks; 18.8 s; peak memory 280 MiB.
2026-10-09T23:55:37Z INFO [146/500] 6df4e5e9-de71-4e5b-b6e3-86ba50a6c27a: 238 chunks; 6.2 s; peak memory 280 MiB.
2026-10-09T23:55:39Z INFO [147/500] 6df4f671-6fd9-488b-a3ca-7606e4720ea7: 48 chunks; 1.3 s; peak memory 280 MiB.
2026-10-09T23:55:40Z INFO [148/500] 6df55e0b-ac5c-4fc2-a0af-7699508b5734: 46 chunks; 1.0 s; peak memory 280 MiB.
2026-10-09T23:55:42Z INFO [149/500] 6df5d8f9-b99d-43bd-be88-20eb912328d6: 115 chunks; 1.7 s; peak memory 280 MiB.
2026-10-09T23:55:43Z INFO [150/500] 6df6607e-817d-46d1-91c0-0995d266af6d: 48 chunks; 1.3 s; peak memory 280 MiB.
2026-10-09T23:55:43Z INFO [150/500] 6df6607e-817d-46d1-91c0-0995d266af6d: checkpointed 99984 new records.
2026-10-09T23:55:44Z INFO [151/500] 6df67087-6df4-4c1d-b971-56ddc3e7cebc: 46 chunks; 1.2 s; peak memory 280 MiB.
2026-10-09T23:55:47Z INFO [152/500] 6df6bf69-5ada-4cce-ae4f-dbb59aa37aac: 71 chunks; 2.4 s; peak memory 280 MiB.
2026-10-09T23:55:48Z INFO [153/500] 6df7a018-819c-4e60-b8ed-f4e25990f5c9: 53 chunks; 1.1 s; peak memory 280 MiB.
2026-10-09T23:55:49Z INFO [154/500] 6df802e8-0f9d-4fe4-ae14-33fdcf6bf989: 46 chunks; 1.0 s; peak memory 280 MiB.
2026-10-09T23:55:50Z INFO [155/500] 6df80327-dc75-445a-99f2-629c397eed8f: 108 chunks; 1.4 s; peak memory 280 MiB.
2026-10-09T23:55:53Z INFO [156/500] 6df835eb-3b74-4eef-a995-2add722e94ca: 1104 chunks; 2.8 s; peak memory 280 MiB.
2026-10-09T23:55:55Z INFO [157/500] 6df912bc-1307-4031-8074-293bba9c2895: 113 chunks; 1.9 s; peak memory 280 MiB.
2026-10-09T23:55:56Z INFO [158/500] 6df9cbd5-00dd-471b-a363-f5516770832d: 48 chunks; 1.4 s; peak memory 280 MiB.
2026-10-09T23:55:59Z INFO [159/500] 6dfa8808-0832-4051-a105-cbf38eb6ce07: 422 chunks; 2.5 s; peak memory 280 MiB.
2026-10-09T23:56:00Z INFO [160/500] 6dfaa796-04d1-40d8-9ef8-4b689a9bb326: 48 chunks; 1.3 s; peak memory 280 MiB.
2026-10-09T23:56:12Z INFO [161/500] 6dfb0a36-e418-4eb1-b449-276bbb42bb11: 402 chunks; 11.3 s; peak memory 280 MiB.
2026-10-09T23:56:17Z INFO [162/500] 6dfcbaf7-36df-4fc1-b422-753cc8e65157: 7333 chunks; 5.1 s; peak memory 280 MiB.
2026-10-09T23:56:19Z INFO [163/500] 6dfcc558-8f79-40b2-be3a-c378c8fdf038: 149 chunks; 2.4 s; peak memory 280 MiB.
2026-10-09T23:57:12Z INFO [164/500] 6dfcfbf1-873a-494f-8220-171f7a23fad1: 10351 chunks; 52.8 s; peak memory 357 MiB.
2026-10-09T23:57:14Z INFO [165/500] 6dfd1dba-aece-4bb4-9dcc-4f86d09b8317: 59 chunks; 1.6 s; peak memory 357 MiB.
2026-10-09T23:57:15Z INFO [166/500] 6dfd2c09-65b8-4919-9493-2dd793622792: 72 chunks; 1.3 s; peak memory 357 MiB.
2026-10-09T23:57:16Z INFO [167/500] 6dfddfb4-59bc-4d58-b0f0-a5d5707ed7f1: 48 chunks; 1.3 s; peak memory 357 MiB.
2026-10-09T23:57:19Z INFO [168/500] 6dfe264a-81dc-4b51-8b1e-0dac4c3c90da: 118 chunks; 2.7 s; peak memory 357 MiB.
2026-10-09T23:57:21Z INFO [169/500] 6e00ca57-0e7e-4495-b2c7-01ac53c976d9: 112 chunks; 1.8 s; peak memory 357 MiB.
2026-10-09T23:57:22Z INFO [170/500] 6e00e9fc-c677-41da-9f88-62dcffdf3c35: 52 chunks; 1.6 s; peak memory 357 MiB.
2026-10-09T23:57:24Z INFO [171/500] 6e019ffc-ba82-476d-a080-97c6f18b0739: 118 chunks; 1.6 s; peak memory 357 MiB.
2026-10-09T23:57:26Z INFO [172/500] 6e01ceaa-e497-46f4-a4f1-911e37eff09f: 66 chunks; 1.9 s; peak memory 357 MiB.
2026-10-09T23:57:35Z INFO [173/500] 6e026457-71da-4d42-8852-58ad326a270e: 4978 chunks; 9.1 s; peak memory 357 MiB.
2026-10-09T23:57:37Z INFO [174/500] 6e02b3cf-c7e0-45f9-8720-d52e04cd8765: 71 chunks; 2.5 s; peak memory 357 MiB.
2026-10-09T23:57:39Z INFO [175/500] 6e02b508-757e-4152-ad85-07d09533f1d9: 112 chunks; 1.6 s; peak memory 357 MiB.
2026-10-09T23:58:05Z INFO [176/500] 6e02d56e-1816-4420-83ae-8d2a1af4d2c5: 6576 chunks; 26.1 s; peak memory 357 MiB.
2026-10-09T23:58:08Z INFO [177/500] 6e02e4d6-3fc3-4c1f-8d5e-ff48a03ed08f: 1061 chunks; 3.2 s; peak memory 357 MiB.
2026-10-09T23:58:09Z INFO [178/500] 6e0314a4-5394-4464-b761-1a9d65920e6c: 55 chunks; 1.2 s; peak memory 357 MiB.
2026-10-09T23:58:11Z INFO [179/500] 6e038afc-8ec9-4984-8895-072cc2dc6c41: 48 chunks; 1.6 s; peak memory 357 MiB.
2026-10-09T23:58:14Z INFO [180/500] 6e03b23d-71f3-41c2-b43a-c7d24730cfe0: 121 chunks; 2.8 s; peak memory 357 MiB.
2026-10-09T23:58:15Z INFO [181/500] 6e0427f3-eda7-4b6b-a386-2fe1a5ed30c1: 48 chunks; 1.4 s; peak memory 357 MiB.
2026-10-09T23:58:16Z INFO [182/500] 6e044645-9646-43cf-a83d-d947c74ff0a8: 48 chunks; 1.2 s; peak memory 357 MiB.
2026-10-09T23:58:18Z INFO [183/500] 6e047d09-48a6-49a7-b1f5-5a84e3873799: 117 chunks; 1.7 s; peak memory 357 MiB.
2026-10-09T23:58:21Z INFO [184/500] 6e06016c-fbba-42b9-93e3-48bf18000830: 114 chunks; 3.1 s; peak memory 357 MiB.
2026-10-09T23:58:24Z INFO [185/500] 6e06f8ca-be18-4de2-9ab7-c1dc594d7a2b: 126 chunks; 2.8 s; peak memory 357 MiB.
2026-10-09T23:58:26Z INFO [186/500] 6e07e623-be9f-415b-85e7-67336046bf42: 112 chunks; 1.9 s; peak memory 357 MiB.
2026-10-09T23:58:29Z INFO [187/500] 6e07f35a-01a0-4cc2-9abc-2fba9eecf115: 156 chunks; 3.7 s; peak memory 357 MiB.
2026-10-09T23:58:30Z INFO [188/500] 6e0855b4-704a-4518-969a-a9ddc80e1951: 46 chunks; 1.0 s; peak memory 357 MiB.
2026-10-09T23:58:34Z INFO [189/500] 6e09ceae-a882-4e5e-8d60-a72e4fd65f7c: 115 chunks; 3.4 s; peak memory 357 MiB.
2026-10-09T23:58:35Z INFO [190/500] 6e09cf6f-84e6-4ed8-a226-ce157bb232e3: 116 chunks; 1.5 s; peak memory 357 MiB.
2026-10-09T23:58:47Z INFO [191/500] 6e0a5c10-ff4a-4805-b82f-fdb007207111: 19541 chunks; 11.9 s; peak memory 357 MiB.
2026-10-09T23:58:49Z INFO [192/500] 6e0a67de-8258-4314-98e8-998129b5b70f: 48 chunks; 1.3 s; peak memory 357 MiB.
2026-10-09T23:58:50Z INFO [193/500] 6e0ae9c4-2f81-494e-b37a-0b3bedc16a93: 48 chunks; 1.3 s; peak memory 357 MiB.
2026-10-09T23:59:39Z INFO [194/500] 6e0b1e1a-62e9-41ce-a6ee-da54754f598f: 23605 chunks; 49.1 s; peak memory 357 MiB.
2026-10-09T23:59:43Z INFO [195/500] 6e0b93f1-1371-41a2-ba85-cc50b46fe4b1: 101 chunks; 3.6 s; peak memory 357 MiB.
2026-10-09T23:59:44Z INFO [196/500] 6e0b9844-dbf9-4615-aa53-a455d1cba2ed: 48 chunks; 1.4 s; peak memory 357 MiB.
2026-10-09T23:59:46Z INFO [197/500] 6e0c0c9c-ca53-4cb3-86c7-98e734186117: 118 chunks; 1.6 s; peak memory 357 MiB.
2026-10-09T23:59:47Z INFO [198/500] 6e0c9ffe-953e-482e-8200-724c034e3008: 108 chunks; 1.3 s; peak memory 357 MiB.
2026-10-10T00:00:14Z INFO [199/500] 6e0db060-c3ad-42b1-a0d8-53b5a8b80672: 6593 chunks; 26.9 s; peak memory 357 MiB.
2026-10-10T00:00:15Z INFO [200/500] 6e0dc1d1-953f-4404-b8b5-03075262806d: 46 chunks; 1.4 s; peak memory 357 MiB.
2026-10-10T00:00:16Z INFO [200/500] 6e0dc1d1-953f-4404-b8b5-03075262806d: checkpointed 100034 new records.
2026-10-10T00:00:29Z INFO [201/500] 6e0f1032-9c0f-41ff-8f0a-6830c667ae25: 426 chunks; 13.0 s; peak memory 357 MiB.
2026-10-10T00:00:30Z INFO [202/500] 6e10247b-332d-45bb-a0f8-9a2ec66e6380: 117 chunks; 1.6 s; peak memory 357 MiB.
2026-10-10T00:00:32Z INFO [203/500] 6e107218-41be-42f8-b1fc-d6e90212cb1b: 48 chunks; 1.3 s; peak memory 357 MiB.
2026-10-10T00:00:53Z INFO [204/500] 6e10ed34-8dad-4ed9-8fc8-dc76c562d4df: 28339 chunks; 21.6 s; peak memory 357 MiB.
2026-10-10T00:01:10Z INFO [205/500] 6e114319-7503-4b26-a4a5-7532015a8629: 13361 chunks; 17.2 s; peak memory 357 MiB.
2026-10-10T00:01:12Z INFO [206/500] 6e118917-c51c-4ce7-aea3-c61718175d8b: 112 chunks; 2.0 s; peak memory 357 MiB.
2026-10-10T00:01:14Z INFO [207/500] 6e11eed2-540b-44ea-8a5b-ca1f844130a3: 117 chunks; 1.8 s; peak memory 357 MiB.
2026-10-10T00:01:16Z INFO [208/500] 6e124711-4da9-4998-b883-8af369fa2e3d: 117 chunks; 1.8 s; peak memory 357 MiB.
2026-10-10T00:01:18Z INFO [209/500] 6e15410a-3407-4161-a3b5-c6c0ddb78fab: 112 chunks; 1.9 s; peak memory 357 MiB.
2026-10-10T00:01:20Z INFO [210/500] 6e1605b3-def9-4f90-a47e-29c85173f778: 131 chunks; 2.4 s; peak memory 357 MiB.
2026-10-10T00:01:22Z INFO [211/500] 6e160c28-3871-49ac-af4d-3d16a1fa5135: 117 chunks; 1.6 s; peak memory 357 MiB.
2026-10-10T00:01:32Z INFO [212/500] 6e1654cb-4367-4c95-8554-78e43f0fa4d2: 4223 chunks; 10.4 s; peak memory 357 MiB.
2026-10-10T00:01:53Z INFO [213/500] 6e16c82d-94ff-47c4-8e3f-64ca394982c0: 21955 chunks; 21.0 s; peak memory 357 MiB.
2026-10-10T00:01:54Z INFO [214/500] 6e16e60d-26ee-46e1-af34-9ea3a7cd5b17: 46 chunks; 1.0 s; peak memory 357 MiB.
2026-10-10T00:01:56Z INFO [215/500] 6e173dd5-5976-482f-803e-94c64a98cc53: 48 chunks; 1.3 s; peak memory 357 MiB.
2026-10-10T00:02:04Z INFO [216/500] 6e173e8a-6b1b-4961-b58a-9315a62be5a0: 193 chunks; 8.0 s; peak memory 357 MiB.
2026-10-10T00:02:05Z INFO [217/500] 6e193824-e2e7-49ae-a5ff-eb92cc07da94: 99 chunks; 1.9 s; peak memory 357 MiB.
2026-10-10T00:02:07Z INFO [218/500] 6e194ccd-7603-4eb5-b17d-73e8bf99dc3b: 39 chunks; 1.3 s; peak memory 357 MiB.
2026-10-10T00:02:08Z INFO [219/500] 6e194dbc-a52d-4bfa-b89f-2ff1b8d3f900: 48 chunks; 1.3 s; peak memory 357 MiB.
2026-10-10T00:02:11Z INFO [220/500] 6e198508-4bed-46d3-ac57-6f96d09e07b7: 119 chunks; 2.7 s; peak memory 357 MiB.
2026-10-10T00:02:14Z INFO [221/500] 6e1a62d0-7b84-4dd2-9bc7-df205824af0c: 114 chunks; 3.3 s; peak memory 357 MiB.
2026-10-10T00:02:15Z INFO [222/500] 6e1b3c93-123b-43f0-b591-3ead2bfb6cf1: 48 chunks; 1.2 s; peak memory 357 MiB.
2026-10-10T00:02:25Z INFO [223/500] 6e1b7a9c-3e02-49c7-8fcb-66c5cc3914ff: 339 chunks; 10.4 s; peak memory 357 MiB.
2026-10-10T00:02:27Z INFO [224/500] 6e1b98f1-e969-47fe-a633-ad02214bb5a4: 117 chunks; 1.5 s; peak memory 357 MiB.
2026-10-10T00:02:29Z INFO [225/500] 6e1bdc46-7d00-4b4b-a1f1-a2bc2a71f20b: 120 chunks; 2.4 s; peak memory 357 MiB.
2026-10-10T00:02:31Z INFO [226/500] 6e1cee76-dc69-469a-94bf-d187391e57f5: 117 chunks; 1.6 s; peak memory 357 MiB.
2026-10-10T00:02:33Z INFO [227/500] 6e1e0964-f747-4d4c-b9b4-1f851f9b0950: 117 chunks; 1.6 s; peak memory 357 MiB.
2026-10-10T00:02:34Z INFO [228/500] 6e1e5a1e-4141-47ab-ba74-d0e3128befc3: 118 chunks; 1.9 s; peak memory 357 MiB.
2026-10-10T00:02:36Z INFO [229/500] 6e1e9466-9561-447c-a640-a7350d4a90e1: 63 chunks; 1.3 s; peak memory 357 MiB.
2026-10-10T00:02:45Z INFO [230/500] 6e1e9469-6645-46eb-8335-ca0d77cad522: 24036 chunks; 9.4 s; peak memory 357 MiB.
2026-10-10T00:02:47Z INFO [231/500] 6e1e970b-5aeb-490c-be25-9ce1d3dfd47d: 112 chunks; 2.0 s; peak memory 357 MiB.
2026-10-10T00:02:50Z INFO [232/500] 6e1ef096-0b99-4e84-8422-142f7ee4f5d0: 66 chunks; 2.3 s; peak memory 357 MiB.
2026-10-10T00:02:59Z INFO [233/500] 6e1f28bd-d001-4c14-a567-8fd9becbb787: 312 chunks; 9.1 s; peak memory 357 MiB.
2026-10-10T00:03:01Z INFO [234/500] 6e204a79-a44a-4477-b281-999a035aca71: 112 chunks; 1.8 s; peak memory 357 MiB.
2026-10-10T00:03:02Z INFO [235/500] 6e2164c6-d6e2-490f-ada7-8acdb40cca42: 112 chunks; 1.5 s; peak memory 357 MiB.
2026-10-10T00:03:04Z INFO [236/500] 6e22c9b2-ef00-48e8-af48-3fcebab844ae: 66 chunks; 1.9 s; peak memory 357 MiB.
2026-10-10T00:03:06Z INFO [237/500] 6e22cea5-e1b4-4a5d-ac08-0ce892874e6e: 71 chunks; 2.3 s; peak memory 357 MiB.
2026-10-10T00:03:08Z INFO [238/500] 6e239dad-5595-4e90-a9b4-5e77256fb91e: 116 chunks; 1.5 s; peak memory 357 MiB.
2026-10-10T00:03:09Z INFO [239/500] 6e244689-9568-4538-8793-79ecba477463: 51 chunks; 1.8 s; peak memory 357 MiB.
2026-10-10T00:03:11Z INFO [240/500] 6e24a3d5-e3a5-463c-9965-4d660b554a54: 45 chunks; 1.0 s; peak memory 357 MiB.
2026-10-10T00:03:12Z INFO [241/500] 6e254d91-6470-4509-b5e9-4829136474e2: 115 chunks; 1.8 s; peak memory 357 MiB.
2026-10-10T00:03:14Z INFO [242/500] 6e258656-cd2d-457c-9824-69a00685e3ad: 117 chunks; 1.6 s; peak memory 357 MiB.
2026-10-10T00:03:15Z INFO [243/500] 6e26e949-4e38-41ef-b93b-38883ac5a333: 48 chunks; 1.3 s; peak memory 357 MiB.
2026-10-10T00:03:17Z INFO [244/500] 6e2782ec-32d7-4e02-860c-be43b0aa54c8: 50 chunks; 1.3 s; peak memory 357 MiB.
2026-10-10T00:03:18Z INFO [245/500] 6e27ce22-afd5-48e0-885b-b0c2b03e64f0: 63 chunks; 1.4 s; peak memory 357 MiB.
2026-10-10T00:03:28Z INFO [246/500] 6e27e126-c486-47da-87fd-70f39afff679: 11550 chunks; 10.2 s; peak memory 358 MiB.
2026-10-10T00:05:57Z INFO [247/500] 6e27e2ca-e05d-4195-8db6-24e639d17aba: 38253 chunks; 148.8 s; peak memory 388 MiB.
2026-10-10T00:05:58Z INFO [248/500] 6e2847e8-95e5-4691-9297-f10a5153c591: 52 chunks; 1.5 s; peak memory 388 MiB.
2026-10-10T00:06:00Z INFO [249/500] 6e28ca48-9812-49a7-bde7-1bd9e133de5d: 289 chunks; 2.0 s; peak memory 388 MiB.
2026-10-10T00:06:02Z INFO [250/500] 6e295e08-ae44-464d-95b6-dde27db43c81: 48 chunks; 1.2 s; peak memory 388 MiB.
2026-10-10T00:06:02Z INFO [250/500] 6e295e08-ae44-464d-95b6-dde27db43c81: checkpointed 100084 new records.
2026-10-10T00:06:13Z INFO [251/500] 6e2984b4-2a49-4edc-8845-a8174bfe82b3: 336 chunks; 10.6 s; peak memory 388 MiB.
2026-10-10T00:06:24Z INFO [252/500] 6e2a3444-e627-43d1-a521-a60e8e5eca98: 17654 chunks; 11.7 s; peak memory 388 MiB.
2026-10-10T00:06:26Z INFO [253/500] 6e2a9bfd-38d7-4a9e-9b7c-f83c005e8f6f: 48 chunks; 1.4 s; peak memory 388 MiB.
2026-10-10T00:06:27Z INFO [254/500] 6e2b6352-6c19-4eea-9b8b-6377ae19af8a: 42 chunks; 1.8 s; peak memory 388 MiB.
2026-10-10T00:06:29Z INFO [255/500] 6e2b8588-989e-4eff-af7e-5330e5ccdaec: 52 chunks; 1.5 s; peak memory 388 MiB.
2026-10-10T00:06:30Z INFO [256/500] 6e2ba0be-0978-4e3a-a598-a00dbc4ab309: 117 chunks; 1.5 s; peak memory 388 MiB.
2026-10-10T00:06:33Z INFO [257/500] 6e2e1988-ee48-493c-a2e7-fa179113fda5: 997 chunks; 3.0 s; peak memory 388 MiB.
2026-10-10T00:06:35Z INFO [258/500] 6e2e4f83-163a-4821-8eb0-abfe8a8bd914: 48 chunks; 1.3 s; peak memory 388 MiB.
2026-10-10T00:06:36Z INFO [259/500] 6e2e98c2-08a7-47e3-83ca-6e0633f6fc25: 102 chunks; 1.2 s; peak memory 388 MiB.
2026-10-10T00:06:38Z INFO [260/500] 6e2edbc8-d8dd-44c9-8f72-faf139cc3d0e: 117 chunks; 1.6 s; peak memory 388 MiB.
2026-10-10T00:06:39Z INFO [261/500] 6e2eddf5-34a2-4203-ae1b-5bb4b5d5f1d4: 74 chunks; 1.7 s; peak memory 388 MiB.
2026-10-10T00:06:41Z INFO [262/500] 6e2f9fc6-e4d1-499c-b1b4-a646df3428dd: 48 chunks; 1.4 s; peak memory 388 MiB.
2026-10-10T00:06:52Z INFO [263/500] 6e3000d4-a892-46c0-9f51-98ee97a9f050: 19453 chunks; 11.6 s; peak memory 388 MiB.
2026-10-10T00:06:54Z INFO [264/500] 6e309837-eaa5-4b85-917c-f22476f53f04: 48 chunks; 1.4 s; peak memory 388 MiB.
2026-10-10T00:06:55Z INFO [265/500] 6e30a9bb-e287-4311-982d-c39a1277e553: 48 chunks; 1.4 s; peak memory 388 MiB.
2026-10-10T00:06:56Z INFO [266/500] 6e31571a-43f9-4fc9-bf95-81a4e0827018: 64 chunks; 1.3 s; peak memory 388 MiB.
2026-10-10T00:06:58Z INFO [267/500] 6e31a991-5938-4f5f-9d27-dcb2b64184fb: 67 chunks; 1.4 s; peak memory 388 MiB.
2026-10-10T00:06:59Z INFO [268/500] 6e3238b2-fcb4-43ad-ac78-abcdc816dd75: 48 chunks; 1.2 s; peak memory 388 MiB.
2026-10-10T00:07:08Z INFO [269/500] 6e347025-b5f2-444b-832d-6ef6407e3633: 4133 chunks; 8.7 s; peak memory 388 MiB.
2026-10-10T00:07:10Z INFO [270/500] 6e3676ea-f8f4-4f99-85f1-9f3ee4def8d3: 71 chunks; 2.6 s; peak memory 388 MiB.
2026-10-10T00:07:30Z INFO [271/500] 6e3746ec-0572-4d4a-837c-fb57fb126b45: 5264 chunks; 19.8 s; peak memory 388 MiB.
2026-10-10T00:07:32Z INFO [272/500] 6e38f312-9b0b-4b57-a67a-5eb932f41e8a: 112 chunks; 2.1 s; peak memory 388 MiB.
2026-10-10T00:07:34Z INFO [273/500] 6e392abf-4eb1-4fe8-88f4-0abccd7a4f45: 131 chunks; 2.0 s; peak memory 388 MiB.
2026-10-10T00:07:36Z INFO [274/500] 6e393187-f077-44c0-bc62-0156835159d1: 69 chunks; 1.6 s; peak memory 388 MiB.
2026-10-10T00:07:37Z INFO [275/500] 6e3a72c3-1ca4-4620-a612-2ded891d60df: 117 chunks; 1.6 s; peak memory 388 MiB.
2026-10-10T00:07:40Z INFO [276/500] 6e3a8894-7d46-4da1-88da-3c15546d9c7f: 168 chunks; 3.0 s; peak memory 388 MiB.
2026-10-10T00:07:42Z INFO [277/500] 6e3aa6fb-6ed1-4fc5-9256-c610f0f5424b: 112 chunks; 1.8 s; peak memory 388 MiB.
2026-10-10T00:07:44Z INFO [278/500] 6e3b5f04-cf74-4e1b-ad43-b498b110fc42: 48 chunks; 1.4 s; peak memory 388 MiB.
2026-10-10T00:07:45Z INFO [279/500] 6e3cd1fb-cf7e-4d81-90bd-cf16da12e9b8: 48 chunks; 1.3 s; peak memory 388 MiB.
2026-10-10T00:07:46Z INFO [280/500] 6e3d8e91-c88f-4c3a-bbdf-e86ba615c895: 117 chunks; 1.7 s; peak memory 388 MiB.
2026-10-10T00:07:48Z INFO [281/500] 6e3ea8ee-6b62-4c1e-a6da-26daaba606a8: 58 chunks; 1.1 s; peak memory 388 MiB.
2026-10-10T00:07:49Z INFO [282/500] 6e3f30f4-1a91-40dc-b8b4-89fae927f756: 117 chunks; 1.6 s; peak memory 388 MiB.
2026-10-10T00:07:50Z INFO [283/500] 6e3fb83a-9872-4d68-8102-f3ca2530cf36: 48 chunks; 1.2 s; peak memory 388 MiB.
2026-10-10T00:07:52Z INFO [284/500] 6e406b06-2e3b-4b21-a15d-bb1206783567: 112 chunks; 1.6 s; peak memory 388 MiB.
2026-10-10T00:08:02Z INFO [285/500] 6e416dba-547e-406a-b272-548195ebe710: 23666 chunks; 10.4 s; peak memory 388 MiB.
2026-10-10T00:08:04Z INFO [286/500] 6e419b3d-26b0-47e9-a92c-260e6d3a64f2: 48 chunks; 1.4 s; peak memory 388 MiB.
2026-10-10T00:08:05Z INFO [287/500] 6e419d7a-2e80-4963-95c9-8a26cb9dd7ed: 118 chunks; 1.6 s; peak memory 388 MiB.
2026-10-10T00:08:07Z INFO [288/500] 6e41eebd-3ba4-4b54-8ba4-6324c93a766e: 117 chunks; 1.4 s; peak memory 388 MiB.
2026-10-10T00:08:08Z INFO [289/500] 6e4204e1-7c3c-47f7-95c8-a5942d825703: 48 chunks; 1.4 s; peak memory 388 MiB.
2026-10-10T00:08:09Z INFO [290/500] 6e422170-0d54-41c2-bccb-595f9cb5b07f: 48 chunks; 1.3 s; peak memory 388 MiB.
2026-10-10T00:08:17Z INFO [291/500] 6e4244f0-8580-4bdb-8d5a-0018b2872aa5: 2923 chunks; 7.2 s; peak memory 388 MiB.
2026-10-10T00:08:18Z INFO [292/500] 6e426555-839b-4cab-81b8-c5abbc57dbf0: 45 chunks; 1.2 s; peak memory 388 MiB.
2026-10-10T00:08:20Z INFO [293/500] 6e43e306-6041-4ff9-ab9e-c7be6a650dbd: 70 chunks; 2.3 s; peak memory 388 MiB.
2026-10-10T00:08:22Z INFO [294/500] 6e448071-921d-4d9c-9fcd-9823c14fe0e0: 52 chunks; 1.5 s; peak memory 388 MiB.
2026-10-10T00:08:23Z INFO [295/500] 6e44f9fa-99d8-4ff7-9a03-b7cd6aaeb598: 59 chunks; 1.8 s; peak memory 388 MiB.
2026-10-10T00:08:25Z INFO [296/500] 6e450447-bb19-4aaa-8e37-ed5ffc9367c1: 48 chunks; 1.3 s; peak memory 388 MiB.
2026-10-10T00:08:26Z INFO [297/500] 6e456c20-4a94-4672-bb03-d7ad1f2b271f: 46 chunks; 1.1 s; peak memory 388 MiB.
2026-10-10T00:08:27Z INFO [298/500] 6e470092-13ed-4186-a6bb-31260983a539: 46 chunks; 1.2 s; peak memory 388 MiB.
2026-10-10T00:08:39Z INFO [299/500] 6e47f732-90d0-4389-8dd7-523224381300: 601 chunks; 11.6 s; peak memory 388 MiB.
2026-10-10T00:08:42Z INFO [300/500] 6e4924cd-7e9c-4adf-846f-387b3ac2146a: 115 chunks; 3.0 s; peak memory 388 MiB.
2026-10-10T00:08:42Z INFO [300/500] 6e4924cd-7e9c-4adf-846f-387b3ac2146a: checkpointed 100134 new records.
2026-10-10T00:09:20Z INFO [301/500] 6e497ae4-26a7-49ad-b8ec-ddd1750f05b5: 17205 chunks; 37.5 s; peak memory 388 MiB.
2026-10-10T00:09:21Z INFO [302/500] 6e49c0a1-9b7b-46b9-acf7-1556aa709bdd: 41 chunks; 1.3 s; peak memory 388 MiB.
2026-10-10T00:09:22Z INFO [303/500] 6e4ab86b-7074-4d20-aa09-dab43da32c6d: 121 chunks; 1.7 s; peak memory 388 MiB.
2026-10-10T00:09:24Z INFO [304/500] 6e4ad0ce-3ec1-4605-8dee-ac48d6c5e3e7: 48 chunks; 1.3 s; peak memory 388 MiB.
2026-10-10T00:09:27Z INFO [305/500] 6e4ae8ed-00f6-4356-b4ce-f8a7c5471b9f: 118 chunks; 2.7 s; peak memory 388 MiB.
2026-10-10T00:09:28Z INFO [306/500] 6e4af69b-a474-4d36-868f-bea3bfd8a82a: 41 chunks; 1.2 s; peak memory 388 MiB.
2026-10-10T00:09:30Z INFO [307/500] 6e4bcc7d-6ca4-488b-bf0d-3a4cb2e91dfe: 57 chunks; 2.5 s; peak memory 388 MiB.
2026-10-10T00:09:33Z INFO [308/500] 6e4c8c68-edf2-4fdd-a5c6-902f5e5e30d8: 158 chunks; 2.5 s; peak memory 388 MiB.
2026-10-10T00:09:34Z INFO [309/500] 6e4cbadf-9508-4e36-8c56-3b67b5e1457b: 117 chunks; 1.5 s; peak memory 388 MiB.
2026-10-10T00:09:36Z INFO [310/500] 6e4d8621-b826-4221-b181-cb3d1e4ae4ef: 70 chunks; 1.7 s; peak memory 388 MiB.
2026-10-10T00:09:37Z INFO [311/500] 6e4dc338-8963-47e6-a74b-11d110f22a0b: 52 chunks; 1.5 s; peak memory 388 MiB.
2026-10-10T00:09:39Z INFO [312/500] 6e4e3c14-1d11-4e9d-b65d-e19a6a7f0901: 48 chunks; 1.3 s; peak memory 388 MiB.
2026-10-10T00:09:42Z INFO [313/500] 6e4f1911-27b2-4529-bc79-92ab26196f48: 114 chunks; 3.2 s; peak memory 388 MiB.
2026-10-10T00:09:44Z INFO [314/500] 6e4fdcbd-9933-4b17-be2b-b6cd833f584d: 117 chunks; 1.6 s; peak memory 388 MiB.
2026-10-10T00:09:46Z INFO [315/500] 6e511617-d316-4418-8fa4-670aeb26735b: 119 chunks; 2.5 s; peak memory 388 MiB.
2026-10-10T00:09:47Z INFO [316/500] 6e51a07d-7cef-4033-bf84-47d4caacfe2d: 48 chunks; 1.2 s; peak memory 388 MiB.
2026-10-10T00:09:49Z INFO [317/500] 6e520257-a717-4ff8-9fcc-120131fb5cf8: 112 chunks; 2.1 s; peak memory 388 MiB.
2026-10-10T00:09:51Z INFO [318/500] 6e52bf86-e002-46b0-a507-d9ff1f20ec88: 48 chunks; 1.3 s; peak memory 388 MiB.
2026-10-10T00:10:04Z INFO [319/500] 6e52e5e6-aadb-455f-8056-ff196d617d9d: 22102 chunks; 12.8 s; peak memory 388 MiB.
2026-10-10T00:10:05Z INFO [320/500] 6e532953-90d1-403a-bc4f-693bae4584a0: 52 chunks; 1.4 s; peak memory 388 MiB.
2026-10-10T00:10:07Z INFO [321/500] 6e5330ff-17d3-4e87-8343-28ad615d7a61: 66 chunks; 2.0 s; peak memory 388 MiB.
2026-10-10T00:10:10Z INFO [322/500] 6e534e75-367e-46f0-9e2c-328ea1596b12: 115 chunks; 3.0 s; peak memory 388 MiB.
2026-10-10T00:10:12Z INFO [323/500] 6e539fd3-debe-4154-895d-0fdca9faaf76: 117 chunks; 1.6 s; peak memory 388 MiB.
2026-10-10T00:10:13Z INFO [324/500] 6e53b7a7-1b53-402e-9cef-4b2a5c55b70a: 46 chunks; 1.0 s; peak memory 388 MiB.
2026-10-10T00:10:14Z INFO [325/500] 6e543ad7-e5cb-4b43-a1ff-e03b610ec337: 48 chunks; 1.5 s; peak memory 388 MiB.
2026-10-10T00:10:15Z INFO [326/500] 6e556421-10a3-4531-9c30-c6e44d23ae07: 46 chunks; 1.1 s; peak memory 388 MiB.
2026-10-10T00:10:17Z INFO [327/500] 6e558434-fb3e-45d5-82c5-2a5309226e2f: 48 chunks; 1.4 s; peak memory 388 MiB.
2026-10-10T00:10:18Z INFO [328/500] 6e576473-a805-4b63-a523-c254716a4be6: 48 chunks; 1.4 s; peak memory 388 MiB.
2026-10-10T00:10:20Z INFO [329/500] 6e57a628-1ba9-48ff-89a6-731362c10b68: 112 chunks; 2.2 s; peak memory 388 MiB.
2026-10-10T00:10:22Z INFO [330/500] 6e5804c4-1ba0-40a8-9fe0-a8b8afbe6680: 82 chunks; 1.6 s; peak memory 388 MiB.
2026-10-10T00:10:29Z INFO [331/500] 6e5873bc-bfc3-41da-94e6-9968aeec4ceb: 282 chunks; 7.3 s; peak memory 388 MiB.
2026-10-10T00:10:31Z INFO [332/500] 6e58d8fb-1a3e-4335-b079-9a07af662cfb: 62 chunks; 2.0 s; peak memory 388 MiB.
2026-10-10T00:10:32Z INFO [333/500] 6e59ca48-5ba1-4eec-9633-9cfed907e265: 48 chunks; 1.3 s; peak memory 388 MiB.
2026-10-10T00:10:39Z INFO [334/500] 6e5a3b81-1664-4ef8-92cc-8aa350061e32: 612 chunks; 6.5 s; peak memory 388 MiB.
2026-10-10T00:10:41Z INFO [335/500] 6e5a3d4f-1dbd-4ec1-b36a-b4b33847bb2a: 112 chunks; 1.8 s; peak memory 388 MiB.
2026-10-10T00:10:55Z INFO [336/500] 6e5a9f9c-c098-4ac6-8c18-317cd4bed134: 20413 chunks; 14.4 s; peak memory 388 MiB.
2026-10-10T00:10:57Z INFO [337/500] 6e5adfb2-d992-4b8b-a977-761d5b287da1: 68 chunks; 1.6 s; peak memory 388 MiB.
2026-10-10T00:11:05Z INFO [338/500] 6e5ae26b-850d-4edb-88be-9971812494cd: 193 chunks; 8.3 s; peak memory 388 MiB.
2026-10-10T00:11:07Z INFO [339/500] 6e5b802e-ebb9-4a2d-8160-64e60d8909e6: 66 chunks; 1.8 s; peak memory 388 MiB.
2026-10-10T00:11:21Z INFO [340/500] 6e5ef164-0ed2-44f9-8c39-9e28df72cdcc: 8394 chunks; 14.5 s; peak memory 388 MiB.
2026-10-10T00:11:23Z INFO [341/500] 6e5f5fe1-8453-4299-be7e-7697b32af4c5: 48 chunks; 1.3 s; peak memory 388 MiB.
2026-10-10T00:11:24Z INFO [342/500] 6e5fb396-e3c8-490f-a045-269a42625368: 48 chunks; 1.3 s; peak memory 388 MiB.
2026-10-10T00:11:27Z INFO [343/500] 6e601574-05ce-42fa-9ef6-1ed109ff59bb: 125 chunks; 2.9 s; peak memory 388 MiB.
2026-10-10T00:11:28Z INFO [344/500] 6e601af7-8e72-4dc4-9bb8-2c16beb493fa: 48 chunks; 1.3 s; peak memory 388 MiB.
2026-10-10T00:11:30Z INFO [345/500] 6e60a69f-dc76-40e5-bf08-c9e793d1c5df: 48 chunks; 1.3 s; peak memory 388 MiB.
2026-10-10T00:11:30Z INFO [346/500] 6e60a822-a173-4b9d-95a1-7ab9b683ce6f: 46 chunks; 1.0 s; peak memory 388 MiB.
2026-10-10T00:11:38Z INFO [347/500] 6e623146-0a1d-4718-8c87-ed26f7b7905f: 250 chunks; 7.1 s; peak memory 388 MiB.
2026-10-10T00:11:40Z INFO [348/500] 6e627f51-56bd-4679-9c1f-509f3cf00790: 112 chunks; 1.9 s; peak memory 388 MiB.
2026-10-10T00:11:41Z INFO [349/500] 6e634a0b-811b-44be-8857-715b0039af40: 112 chunks; 1.8 s; peak memory 388 MiB.
2026-10-10T00:11:42Z INFO [350/500] 6e639767-1329-48b7-8343-10cc8651704b: 46 chunks; 1.0 s; peak memory 388 MiB.
2026-10-10T00:11:43Z INFO [350/500] 6e639767-1329-48b7-8343-10cc8651704b: checkpointed 100184 new records.
2026-10-10T00:11:44Z INFO [351/500] 6e63b3a3-ad0f-40f5-b54e-b0b80d50e504: 48 chunks; 1.3 s; peak memory 388 MiB.
2026-10-10T00:11:45Z INFO [352/500] 6e66d293-5a87-4b92-8233-ef54f0034fef: 49 chunks; 1.2 s; peak memory 388 MiB.
2026-10-10T00:11:46Z INFO [353/500] 6e672ba7-9207-47d0-84ef-60b48322e54c: 57 chunks; 1.1 s; peak memory 388 MiB.
2026-10-10T00:11:58Z INFO [354/500] 6e6825fe-a41d-4ba0-b000-5afa5ef1ef98: 11594 chunks; 11.5 s; peak memory 388 MiB.
2026-10-10T00:11:59Z INFO [355/500] 6e68ebb7-edb9-485d-a373-e41448bd79c6: 112 chunks; 1.5 s; peak memory 388 MiB.
2026-10-10T00:12:02Z INFO [356/500] 6e69ab9c-c8e0-40c1-bc84-1e5cdbb662a1: 71 chunks; 2.4 s; peak memory 388 MiB.
2026-10-10T00:12:11Z INFO [357/500] 6e6a3081-5c95-457a-a921-5a10612d2a8d: 18392 chunks; 9.5 s; peak memory 388 MiB.
2026-10-10T00:12:12Z INFO [358/500] 6e6a62d4-017b-4efb-9055-bfd5346744fb: 48 chunks; 1.4 s; peak memory 388 MiB.
2026-10-10T00:12:15Z INFO [359/500] 6e6a9933-309a-40a2-ad2b-45858dfa7086: 69 chunks; 2.2 s; peak memory 388 MiB.
2026-10-10T00:12:16Z INFO [360/500] 6e6bfa80-6673-4b8b-9ec7-7180ccf0f1f7: 69 chunks; 1.4 s; peak memory 388 MiB.
2026-10-10T00:12:18Z INFO [361/500] 6e6c73ac-ec95-472e-987b-dbe2d575a80f: 117 chunks; 1.6 s; peak memory 388 MiB.
2026-10-10T00:12:19Z INFO [362/500] 6e6c849b-98f3-46a7-905a-02305e469dfc: 112 chunks; 1.7 s; peak memory 388 MiB.
2026-10-10T00:12:22Z INFO [363/500] 6e6c8c12-52f1-414a-b92e-c1c5becf7556: 115 chunks; 3.1 s; peak memory 388 MiB.
2026-10-10T00:12:25Z INFO [364/500] 6e6c9ece-4c49-4c71-a4da-caac21ae9f1a: 71 chunks; 2.5 s; peak memory 388 MiB.
2026-10-10T00:12:26Z INFO [365/500] 6e6d139b-0ac4-46c1-a722-d7e26d21461a: 117 chunks; 1.4 s; peak memory 388 MiB.
2026-10-10T00:12:42Z INFO [366/500] 6e6eaa16-f435-4a07-873c-b662ed77d6eb: 588 chunks; 16.0 s; peak memory 388 MiB.
2026-10-10T00:12:44Z INFO [367/500] 6e6f2dad-43ed-4adb-9a6b-830bd2cce2df: 101 chunks; 1.2 s; peak memory 388 MiB.
2026-10-10T00:12:47Z INFO [368/500] 6e703269-576b-4931-828b-582654906581: 114 chunks; 3.4 s; peak memory 388 MiB.
2026-10-10T00:12:48Z INFO [369/500] 6e71108c-3807-4388-b9b6-4af9aca17540: 46 chunks; 1.4 s; peak memory 388 MiB.
2026-10-10T00:12:50Z INFO [370/500] 6e7206bf-9623-461d-91b7-3646864e50c1: 48 chunks; 1.4 s; peak memory 388 MiB.
2026-10-10T00:12:52Z INFO [371/500] 6e728e87-1a2a-4eef-a085-9f546255f414: 112 chunks; 2.2 s; peak memory 388 MiB.
2026-10-10T00:12:53Z INFO [372/500] 6e729aff-e02c-41e7-8fe7-41e3434d574a: 54 chunks; 1.1 s; peak memory 388 MiB.
2026-10-10T00:12:55Z INFO [373/500] 6e72af83-1e86-4dcc-bf78-b3ff7cf9f6d1: 111 chunks; 1.9 s; peak memory 388 MiB.
2026-10-10T00:12:56Z INFO [374/500] 6e72d031-e396-4624-b380-4d1bb5a4e16a: 52 chunks; 1.1 s; peak memory 388 MiB.
2026-10-10T00:12:57Z INFO [375/500] 6e7368bf-354e-4c5c-89a7-2a1efd949acf: 48 chunks; 1.3 s; peak memory 388 MiB.
2026-10-10T00:12:59Z INFO [376/500] 6e768e23-c702-4edc-8fc5-39b50d0a859a: 112 chunks; 1.9 s; peak memory 388 MiB.
2026-10-10T00:13:03Z INFO [377/500] 6e76e9a6-4b56-40a8-93cb-6b03600a8576: 477 chunks; 3.2 s; peak memory 388 MiB.
2026-10-10T00:13:06Z INFO [378/500] 6e77c77f-63a1-4d72-8115-c3e29625c844: 650 chunks; 3.9 s; peak memory 388 MiB.
2026-10-10T00:13:10Z INFO [379/500] 6e77d731-9009-47be-9e7b-161a630fe775: 138 chunks; 3.3 s; peak memory 388 MiB.
2026-10-10T00:13:11Z INFO [380/500] 6e784428-5889-4f9c-9bf8-3af0be26b3ba: 117 chunks; 1.5 s; peak memory 388 MiB.
2026-10-10T00:13:13Z INFO [381/500] 6e79d432-b745-47e4-874c-de858dfd3b7d: 48 chunks; 1.3 s; peak memory 388 MiB.
2026-10-10T00:13:24Z INFO [382/500] 6e79f378-5c75-4fc2-81e9-20b274865446: 19733 chunks; 11.2 s; peak memory 388 MiB.
2026-10-10T00:13:27Z INFO [383/500] 6e7a0e7e-fdf8-4f8c-ad21-7e3a9d35f476: 997 chunks; 2.8 s; peak memory 388 MiB.
2026-10-10T00:13:29Z INFO [384/500] 6e7a28c0-75ae-44e7-b20d-4723b0a116b8: 112 chunks; 2.0 s; peak memory 388 MiB.
2026-10-10T00:13:30Z INFO [385/500] 6e7a37e1-1167-4335-b905-ecdb03bfea50: 118 chunks; 1.6 s; peak memory 388 MiB.
2026-10-10T00:13:39Z INFO [386/500] 6e7aa9c8-aafa-466c-b1b6-3c1e2932d941: 337 chunks; 9.0 s; peak memory 388 MiB.
2026-10-10T00:13:40Z INFO [387/500] 6e7b15bb-5e90-464f-a3ac-72b18532e5c1: 48 chunks; 1.3 s; peak memory 388 MiB.
2026-10-10T00:13:42Z INFO [388/500] 6e7bb12c-e9d8-4b6e-ac0b-74ce3423ef15: 46 chunks; 1.5 s; peak memory 388 MiB.
2026-10-10T00:13:43Z INFO [389/500] 6e7bd812-1273-4a99-b4c8-0a3a99642df9: 48 chunks; 1.4 s; peak memory 388 MiB.
2026-10-10T00:13:45Z INFO [390/500] 6e7c5525-8832-4db4-af3f-e0650b788119: 69 chunks; 1.6 s; peak memory 388 MiB.
2026-10-10T00:13:47Z INFO [391/500] 6e7d2097-7890-442d-a57b-3334a79ca075: 66 chunks; 2.5 s; peak memory 388 MiB.
2026-10-10T00:13:50Z INFO [392/500] 6e7d6d20-3b66-4ed7-8643-52fbbd336693: 66 chunks; 2.1 s; peak memory 388 MiB.
2026-10-10T00:13:51Z INFO [393/500] 6e7dda69-3b39-42d3-8c2a-6a7da142f1e7: 48 chunks; 1.4 s; peak memory 388 MiB.
2026-10-10T00:13:55Z INFO [394/500] 6e7dfa64-1fc0-42da-9a3c-5208f83f06bc: 156 chunks; 3.8 s; peak memory 388 MiB.
2026-10-10T00:13:56Z INFO [395/500] 6e7dfd7a-b09a-462b-a742-1c242ae00758: 48 chunks; 1.3 s; peak memory 388 MiB.
2026-10-10T00:14:00Z INFO [396/500] 6e7e4a7c-ab83-4f72-ae30-b5a8d2fa1672: 115 chunks; 3.4 s; peak memory 388 MiB.
2026-10-10T00:14:01Z INFO [397/500] 6e7e8264-1e12-47a8-828f-89a956b2aec6: 50 chunks; 1.5 s; peak memory 388 MiB.
2026-10-10T00:14:14Z INFO [398/500] 6e7eb166-d60c-4642-a976-1c10ac46ec02: 22428 chunks; 12.9 s; peak memory 388 MiB.
2026-10-10T00:14:16Z INFO [399/500] 6e7f1b8a-e109-4780-9aef-2c842f5c7ead: 117 chunks; 1.7 s; peak memory 388 MiB.
2026-10-10T00:14:18Z INFO [400/500] 6e7ff9d2-747a-4b93-ad9f-efb75bbd8411: 592 chunks; 1.9 s; peak memory 388 MiB.
2026-10-10T00:14:18Z INFO [400/500] 6e7ff9d2-747a-4b93-ad9f-efb75bbd8411: checkpointed 100234 new records.
2026-10-10T00:14:30Z INFO [401/500] 6e804c4c-3d1d-412e-9441-a610ec52c7c3: 20583 chunks; 12.5 s; peak memory 388 MiB.
2026-10-10T00:14:32Z INFO [402/500] 6e80b17d-8791-468a-a663-f2d394d7e35a: 114 chunks; 1.5 s; peak memory 388 MiB.
2026-10-10T00:14:34Z INFO [403/500] 6e812fc0-5c28-4ab7-9603-62f2d1d223a7: 112 chunks; 1.8 s; peak memory 388 MiB.
2026-10-10T00:14:35Z INFO [404/500] 6e816197-403d-4886-a1fa-e21a8f0f06a1: 48 chunks; 1.4 s; peak memory 388 MiB.
2026-10-10T00:14:37Z INFO [405/500] 6e81bb34-0e38-4d74-8c80-fb042f09e801: 48 chunks; 1.3 s; peak memory 388 MiB.
2026-10-10T00:14:38Z INFO [406/500] 6e81f946-f196-41dd-9119-9062076dd65b: 48 chunks; 1.4 s; peak memory 388 MiB.
2026-10-10T00:14:54Z INFO [407/500] 6e81faee-2c00-4394-bf52-9a0b05793422: 1327 chunks; 15.9 s; peak memory 388 MiB.
2026-10-10T00:14:55Z INFO [408/500] 6e82876d-acd2-4cd1-ae77-665a8816ddae: 117 chunks; 1.5 s; peak memory 388 MiB.
2026-10-10T00:14:58Z INFO [409/500] 6e834cb1-c0bc-4cf2-9c6f-a362ff4c45d7: 119 chunks; 3.0 s; peak memory 388 MiB.
2026-10-10T00:15:08Z INFO [410/500] 6e838508-da92-4d48-b318-6bf0d2746596: 11253 chunks; 9.6 s; peak memory 388 MiB.
2026-10-10T00:15:12Z INFO [411/500] 6e83c8d9-4c2b-4c70-87e7-57cb810d3a71: 184 chunks; 4.4 s; peak memory 388 MiB.
2026-10-10T00:15:14Z INFO [412/500] 6e8434ad-c86f-48be-8e3b-6242a0883118: 48 chunks; 1.5 s; peak memory 388 MiB.
2026-10-10T00:15:17Z INFO [413/500] 6e8434cf-f96c-4b81-939c-e311c699f4dd: 997 chunks; 3.0 s; peak memory 388 MiB.
2026-10-10T00:15:18Z INFO [414/500] 6e850c19-c237-4b64-a44f-d9814c8d5ed5: 48 chunks; 1.4 s; peak memory 388 MiB.
2026-10-10T00:15:21Z INFO [415/500] 6e854b50-c3ec-422d-b7c8-0bd553187cf5: 66 chunks; 2.2 s; peak memory 388 MiB.
2026-10-10T00:15:22Z INFO [416/500] 6e854bf1-2bbd-431f-9e84-daf2e071885b: 117 chunks; 1.5 s; peak memory 388 MiB.
2026-10-10T00:18:07Z INFO [417/500] 6e8599a5-71ae-4045-b17f-912744660795: 49205 chunks; 165.0 s; peak memory 416 MiB.
2026-10-10T00:18:17Z INFO [418/500] 6e85ac34-c82f-4e2d-9d9e-0c4dfd3fe694: 799 chunks; 10.4 s; peak memory 416 MiB.
2026-10-10T00:18:19Z INFO [419/500] 6e85ec9b-a73b-4498-880e-51aef021ad19: 84 chunks; 1.9 s; peak memory 416 MiB.
2026-10-10T00:18:21Z INFO [420/500] 6e863251-2298-46bb-ad77-7d549555ee90: 48 chunks; 1.4 s; peak memory 416 MiB.
2026-10-10T00:18:22Z INFO [421/500] 6e86e77f-0778-4cae-9578-e2bfbafa14f0: 117 chunks; 1.7 s; peak memory 416 MiB.
2026-10-10T00:18:41Z INFO [422/500] 6e87725a-2da0-4f0c-88b6-1cd7cfc26fb3: 4737 chunks; 18.3 s; peak memory 416 MiB.
2026-10-10T00:18:56Z INFO [423/500] 6e881da9-0f4b-449c-8988-2a1fbdc2ab27: 2199 chunks; 15.3 s; peak memory 416 MiB.
2026-10-10T00:18:57Z INFO [424/500] 6e892372-79e8-47fd-a498-cebb9e512f9b: 52 chunks; 1.5 s; peak memory 416 MiB.
2026-10-10T00:19:07Z INFO [425/500] 6e8942ce-9f44-4924-bfa5-05f705903053: 1959 chunks; 9.6 s; peak memory 416 MiB.
2026-10-10T00:19:08Z INFO [426/500] 6e89598b-23a7-43a1-9894-2972f4bbb0fb: 48 chunks; 1.3 s; peak memory 416 MiB.
2026-10-10T00:19:10Z INFO [427/500] 6e8b36c6-7a14-48b1-b615-11c377697402: 118 chunks; 1.5 s; peak memory 416 MiB.
2026-10-10T00:19:12Z INFO [428/500] 6e8c1971-3a50-4681-82d9-6381c7e86ff1: 76 chunks; 2.0 s; peak memory 416 MiB.
2026-10-10T00:19:25Z INFO [429/500] 6e8c5048-8062-427c-9994-a8052392c9b5: 20582 chunks; 12.7 s; peak memory 416 MiB.
2026-10-10T00:19:26Z INFO [430/500] 6e8c8ce1-f9ec-4f6a-8cd4-7ea153b0e894: 48 chunks; 1.3 s; peak memory 416 MiB.
2026-10-10T00:19:45Z INFO [431/500] 6e8ec65a-5313-49df-a361-30847d81ce0d: 727 chunks; 19.6 s; peak memory 416 MiB.
2026-10-10T00:20:34Z INFO [432/500] 6e8fa659-971a-4281-8577-859b3e792d26: 2906 chunks; 48.4 s; peak memory 416 MiB.
2026-10-10T00:20:36Z INFO [433/500] 6e8febd5-0ed3-4f80-8cd7-e046de15e865: 69 chunks; 2.0 s; peak memory 416 MiB.
2026-10-10T00:20:37Z INFO [434/500] 6e909ebf-f34b-4d12-a750-8b5aeedc17f8: 116 chunks; 1.4 s; peak memory 416 MiB.
2026-10-10T00:20:39Z INFO [435/500] 6e90b156-3db5-411f-800a-e0383036d143: 44 chunks; 1.5 s; peak memory 416 MiB.
2026-10-10T00:20:40Z INFO [436/500] 6e916806-bb5a-4a85-8d0e-13129412583d: 80 chunks; 1.5 s; peak memory 416 MiB.
2026-10-10T00:20:42Z INFO [437/500] 6e91e791-6e37-4f0f-9a34-66ef829f3718: 112 chunks; 1.4 s; peak memory 416 MiB.
2026-10-10T00:20:43Z INFO [438/500] 6e91f4e0-d984-49cc-8ee6-e48d707d293f: 117 chunks; 1.6 s; peak memory 416 MiB.
2026-10-10T00:20:45Z INFO [439/500] 6e93a28a-f422-498b-868c-0678068aa9ea: 118 chunks; 1.6 s; peak memory 416 MiB.
2026-10-10T00:21:11Z INFO [440/500] 6e93bba9-bc66-465c-8e57-ec45083ebc36: 5649 chunks; 25.9 s; peak memory 416 MiB.
2026-10-10T00:21:12Z INFO [441/500] 6e944275-326f-40af-846a-e5b39aef2ec0: 68 chunks; 1.5 s; peak memory 416 MiB.
2026-10-10T00:21:14Z INFO [442/500] 6e9487c7-3e83-4456-b38d-20045314c643: 46 chunks; 1.2 s; peak memory 416 MiB.
2026-10-10T00:21:15Z INFO [443/500] 6e948cb1-1b2b-410d-9207-e910d0038b8d: 48 chunks; 1.3 s; peak memory 416 MiB.
2026-10-10T00:21:16Z INFO [444/500] 6e94a331-401b-4715-85f9-12c8cdeb1eba: 48 chunks; 1.4 s; peak memory 416 MiB.
2026-10-10T00:21:21Z INFO [445/500] 6e94cfa7-99ad-45b1-b1b1-d17c08732019: 1768 chunks; 4.2 s; peak memory 416 MiB.
2026-10-10T00:21:22Z INFO [446/500] 6e950af1-23ed-40f4-b569-15e1a349aa7e: 138 chunks; 1.5 s; peak memory 416 MiB.
2026-10-10T00:21:23Z INFO [447/500] 6e952c47-1df7-4acb-9624-745f0ef3e223: 48 chunks; 1.4 s; peak memory 416 MiB.
2026-10-10T00:21:26Z INFO [448/500] 6e954d26-3c14-4a74-8742-6107960c1860: 140 chunks; 2.9 s; peak memory 416 MiB.
2026-10-10T00:21:28Z INFO [449/500] 6e960e4d-b5c7-49a0-8da0-f90adfb798d3: 69 chunks; 1.8 s; peak memory 416 MiB.
2026-10-10T00:21:30Z INFO [450/500] 6e967a7c-aadd-4d77-82ee-e8cf8fd00019: 48 chunks; 1.4 s; peak memory 416 MiB.
2026-10-10T00:21:30Z INFO [450/500] 6e967a7c-aadd-4d77-82ee-e8cf8fd00019: checkpointed 100284 new records.
2026-10-10T00:21:31Z INFO [451/500] 6e96fc5f-9224-4251-a00b-519d8f17a1f7: 48 chunks; 1.4 s; peak memory 416 MiB.
2026-10-10T00:21:59Z INFO [452/500] 6e982fe3-a2e7-4af8-8bbe-85eeadbf78bc: 6138 chunks; 28.2 s; peak memory 416 MiB.
2026-10-10T00:22:01Z INFO [453/500] 6e9874a0-7d87-410a-9a8f-bfecfee4cf08: 49 chunks; 1.7 s; peak memory 416 MiB.
2026-10-10T00:22:06Z INFO [454/500] 6e9891ac-3b61-4b1a-b811-b0834d37b11e: 159 chunks; 4.8 s; peak memory 416 MiB.
2026-10-10T00:22:07Z INFO [455/500] 6e98fe59-a460-45bb-b298-aa2cffa5bf4b: 48 chunks; 1.3 s; peak memory 416 MiB.
2026-10-10T00:22:10Z INFO [456/500] 6e9a30ce-5a14-4f1c-a66e-b985cedea7c0: 78 chunks; 2.4 s; peak memory 416 MiB.
2026-10-10T00:22:12Z INFO [457/500] 6e9ab1d5-e6f5-4d00-bd80-fa91408cf17e: 66 chunks; 1.9 s; peak memory 416 MiB.
2026-10-10T00:22:12Z INFO [458/500] 6e9acb49-9711-4275-865a-2eabff6d271b: 45 chunks; 1.0 s; peak memory 416 MiB.
2026-10-10T00:22:15Z INFO [459/500] 6e9b3f16-547d-44b2-98d6-9af213ec0ea7: 186 chunks; 3.0 s; peak memory 416 MiB.
2026-10-10T00:22:19Z INFO [460/500] 6e9be01b-31dd-46aa-9c77-56a1856d2315: 115 chunks; 3.5 s; peak memory 416 MiB.
2026-10-10T00:22:25Z INFO [461/500] 6e9be296-8307-4437-b7a4-56dbf73a4e13: 8376 chunks; 5.8 s; peak memory 416 MiB.
2026-10-10T00:22:27Z INFO [462/500] 6e9c9eb9-977e-4040-8dde-0819ae86d5b7: 83 chunks; 2.0 s; peak memory 416 MiB.
2026-10-10T00:22:29Z INFO [463/500] 6e9cc1bb-0d4f-4ad5-9f90-490cbdc1f955: 106 chunks; 2.2 s; peak memory 416 MiB.
2026-10-10T00:22:36Z INFO [464/500] 6e9d851a-102a-41b5-8db0-cc1f6b7dfe3d: 7982 chunks; 6.7 s; peak memory 416 MiB.
2026-10-10T00:22:37Z INFO [465/500] 6e9eab9b-3169-418c-8e17-5e3479888df2: 48 chunks; 1.5 s; peak memory 416 MiB.
2026-10-10T00:22:39Z INFO [466/500] 6e9f409c-f348-41af-b146-837606ccc00f: 66 chunks; 2.2 s; peak memory 416 MiB.
2026-10-10T00:22:46Z INFO [467/500] 6e9f77c9-bdd4-4ef6-ace8-a5138985adcd: 1188 chunks; 7.1 s; peak memory 416 MiB.
2026-10-10T00:22:49Z INFO [468/500] 6e9f7c86-cac6-48c4-821b-fb04fd85edcc: 71 chunks; 2.1 s; peak memory 416 MiB.
2026-10-10T00:22:50Z INFO [469/500] 6ea079d0-99e8-4411-80bf-0f0d4f02ce15: 48 chunks; 1.4 s; peak memory 416 MiB.
2026-10-10T00:25:39Z INFO [470/500] 6ea08c47-f477-494c-9ea8-bdb28438385d: 44511 chunks; 168.6 s; peak memory 416 MiB.
2026-10-10T00:25:40Z INFO [471/500] 6ea11e74-b687-4ffe-92de-7963e70c6e99: 119 chunks; 1.4 s; peak memory 416 MiB.
2026-10-10T00:25:42Z INFO [472/500] 6ea13ba0-fc15-4b19-85c5-b6a128a0d72f: 69 chunks; 1.7 s; peak memory 416 MiB.
2026-10-10T00:25:44Z INFO [473/500] 6ea204b2-8596-43be-af23-cacd048f00f9: 275 chunks; 1.9 s; peak memory 416 MiB.
2026-10-10T00:25:45Z INFO [474/500] 6ea23d4e-eb4b-4b56-9d60-e91c2ba1fde9: 48 chunks; 1.3 s; peak memory 416 MiB.
2026-10-10T00:25:47Z INFO [475/500] 6ea2d93b-937c-41b4-8011-f6d4049009a0: 66 chunks; 2.2 s; peak memory 416 MiB.
2026-10-10T00:25:48Z INFO [476/500] 6ea2f232-26d9-4dfe-b1bb-586d038ebcdb: 48 chunks; 1.4 s; peak memory 416 MiB.
2026-10-10T00:25:56Z INFO [477/500] 6ea3df4a-0f99-4315-b261-2a1154dcd446: 384 chunks; 7.4 s; peak memory 416 MiB.
2026-10-10T00:25:58Z INFO [478/500] 6ea40548-a174-4e73-a432-b8459118885b: 71 chunks; 2.4 s; peak memory 416 MiB.
2026-10-10T00:26:00Z INFO [479/500] 6ea44fb3-8a37-4b96-a3d3-882ce71f0aa0: 62 chunks; 1.8 s; peak memory 416 MiB.
2026-10-10T00:26:01Z INFO [480/500] 6ea51b28-cabf-4732-97a0-2ded71fe92a0: 114 chunks; 1.4 s; peak memory 416 MiB.
2026-10-10T00:26:02Z INFO [481/500] 6ea76d49-13ae-4006-bffb-dd93e414ce97: 41 chunks; 1.2 s; peak memory 416 MiB.
2026-10-10T00:26:04Z INFO [482/500] 6ea8698c-0b17-4817-9dd5-6ee898c6de02: 84 chunks; 1.6 s; peak memory 416 MiB.
2026-10-10T00:26:05Z INFO [483/500] 6ea89b5a-cb5f-4818-9490-17ab9f2c1006: 48 chunks; 1.4 s; peak memory 416 MiB.
2026-10-10T00:26:07Z INFO [484/500] 6ea8ca19-afcd-4042-8ef4-1eeb741d0ef1: 51 chunks; 1.1 s; peak memory 416 MiB.
2026-10-10T00:26:09Z INFO [485/500] 6ea8d452-863c-47bd-be29-0c69dd660671: 76 chunks; 2.3 s; peak memory 416 MiB.
2026-10-10T00:26:10Z INFO [486/500] 6ea94bd2-12d3-4a53-a81b-1a0dab94fa48: 46 chunks; 1.4 s; peak memory 416 MiB.
2026-10-10T00:26:12Z INFO [487/500] 6ea97e7c-2fb3-4617-904d-e5ec001329a2: 52 chunks; 1.5 s; peak memory 416 MiB.
2026-10-10T00:26:13Z INFO [488/500] 6eaa0e21-5a17-431d-a072-9431d2da1bd9: 117 chunks; 1.7 s; peak memory 416 MiB.
2026-10-10T00:26:15Z INFO [489/500] 6eaa4b4b-4a93-4517-8101-937b216ae1f9: 83 chunks; 1.3 s; peak memory 416 MiB.
2026-10-10T00:26:16Z INFO [490/500] 6eaa4de0-4f30-431a-88c5-cd619b42c2ae: 45 chunks; 1.5 s; peak memory 416 MiB.
2026-10-10T00:26:18Z INFO [491/500] 6eaa7017-47ca-4367-ad03-92df880e21db: 66 chunks; 1.9 s; peak memory 416 MiB.
2026-10-10T00:26:19Z INFO [492/500] 6eaab5e6-eb62-402a-b816-49dc35edf81c: 84 chunks; 1.4 s; peak memory 416 MiB.
2026-10-10T00:26:21Z INFO [493/500] 6eaae734-a6b2-4418-8b81-61583de59f1c: 116 chunks; 1.6 s; peak memory 416 MiB.
2026-10-10T00:26:23Z INFO [494/500] 6eab5bb2-5dfa-42ac-a923-6c90a4af0060: 52 chunks; 1.5 s; peak memory 416 MiB.
2026-10-10T00:27:35Z INFO [495/500] 6eab64e5-ab21-4eaf-a2c5-e6db0f066d58: 10106 chunks; 72.8 s; peak memory 416 MiB.
2026-10-10T00:27:39Z INFO [496/500] 6eab6aed-a5bf-4633-a3e4-bf9afa9a00ee: 119 chunks; 3.3 s; peak memory 416 MiB.
2026-10-10T00:27:41Z INFO [497/500] 6eabfeea-722c-4cd0-9a49-a76886a9606a: 117 chunks; 1.9 s; peak memory 416 MiB.
2026-10-10T00:27:42Z INFO [498/500] 6eac3a90-626e-4e05-982f-14501ce214a0: 117 chunks; 1.6 s; peak memory 416 MiB.
2026-10-10T00:27:44Z INFO [499/500] 6eac5ae5-df53-4ad6-9ce7-e0fabbe95163: 118 chunks; 1.7 s; peak memory 416 MiB.
2026-10-10T00:27:46Z INFO [500/500] 6ead22e8-0089-4813-a59a-13c16e131632: 66 chunks; 1.9 s; peak memory 416 MiB.
2026-10-10T00:27:46Z INFO [500/500] 6ead22e8-0089-4813-a59a-13c16e131632: checkpointed 100334 new records.
2026-10-10T00:27:47Z INFO Wrote 100334 records to /tmp/derivatives/valid_nwb_file_to_chunk_stats.jsonl (500 new, 0 failed) in 41.1 min (peak memory 416 MiB).
